--------- beginning of main
04-22 03:41:26.529 I/assembly.assembly.android.mixc-retail-rn84(27752): [assembly.topology] Native topology host already matches desired lifecycle state {"displayCount":1,"displayIndex":0,"deviceId":"ZJ63NQELD9","instanceMode":"SLAVE","enableSlave":false,"running":false,"reason":"not-master-or-single-primary-host"}
04-22 03:41:26.530 I/MMKV    (27752): <MMKV_IO.cpp:609::writeActualSize> [mixc-retail-assembly-rn84::state] increase sequence to 28, crc 1462514929, actualSize 22589
04-22 03:41:26.531 I/MMKV    (27752): <MMKV.cpp:1208::sync> MMKV::sync, SyncFlag = 1
04-22 03:41:26.535 I/assembly.assembly.android.mixc-retail-rn84(27752): [assembly.topology] Native topology host already matches desired lifecycle state {"displayCount":1,"displayIndex":0,"deviceId":"ZJ63NQELD9","instanceMode":"SLAVE","enableSlave":false,"running":false,"reason":"not-master-or-single-primary-host"}
04-22 03:41:26.535 I/assembly.assembly.android.mixc-retail-rn84(27752): [assembly.topology] Native topology host already matches desired lifecycle state {"displayCount":1,"displayIndex":0,"deviceId":"ZJ63NQELD9","instanceMode":"SLAVE","enableSlave":false,"running":false,"reason":"not-master-or-single-primary-host"}
04-22 03:41:27.947 W/BestClock(  683): java.time.DateTimeException: No network time available
04-22 03:41:27.948 W/BestClock(  683): java.time.DateTimeException: No network time available
04-22 03:41:27.948 W/BestClock(  683): java.time.DateTimeException: No network time available
04-22 03:41:27.948 W/BestClock(  683): java.time.DateTimeException: No network time available
04-22 03:41:27.948 W/BestClock(  683): java.time.DateTimeException: No network time available
04-22 03:41:27.949 D/WifiClientModeImpl[9769:wlan0](  683): updateLinkLayerStatsRssiSpeedFrequencyCapabilities rssi=-50 TxLinkspeed=1 freq=2447 RxLinkSpeed=2
04-22 03:41:27.949 D/WifiDataStall(  683): tx tput in kbps: 11000
04-22 03:41:27.949 D/WifiDataStall(  683): rx tput in kbps: 11000
04-22 03:41:27.949 V/WifiConfigManager(  683): Updating scan detail cache freq=2447 BSSID=00:13:10:85:fe:01 RSSI=-50 for "AndroidWifi"NONE
04-22 03:41:27.949 D/WifiThroughputPredictor(  683):  utilization (LLS) 80 isBluetoothConnected: false final utilization: 80
04-22 03:41:27.949 D/WifiThroughputPredictor(  683):  BW: 0 RSSI: -50 Nss: 1 Mode: 1 symDur: 4000 snrDb 30 bitPerTone: 4500 rate: 54 throughput: 11
04-22 03:41:27.949 D/WifiThroughputPredictor(  683):  utilization (LLS) 80 isBluetoothConnected: false final utilization: 80
04-22 03:41:27.949 D/WifiThroughputPredictor(  683):  BW: 0 RSSI: -50 Nss: 1 Mode: 1 symDur: 4000 snrDb 30 bitPerTone: 4500 rate: 54 throughput: 11
04-22 03:41:27.949 D/WifiThroughputPredictor(  683):  utilization (LLS) 80 isBluetoothConnected: false final utilization: 80
04-22 03:41:27.949 D/WifiThroughputPredictor(  683):  BW: 0 RSSI: -50 Nss: 1 Mode: 1 symDur: 4000 snrDb 30 bitPerTone: 4500 rate: 54 throughput: 11
04-22 03:41:27.949 D/WifiThroughputPredictor(  683):  utilization (LLS) 80 isBluetoothConnected: false final utilization: 80
04-22 03:41:27.949 D/WifiThroughputPredictor(  683):  BW: 0 RSSI: -50 Nss: 1 Mode: 1 symDur: 4000 snrDb 30 bitPerTone: 4500 rate: 54 throughput: 11
04-22 03:41:27.950 D/WifiScoreCard(  683): BSSID update SIGNAL_POLL ID: 261501600 SSID: "AndroidWifi", BSSID: 00:13:10:85:fe:01, MAC: 02:15:b4:00:00:00, IP: /10.0.2.17, Security type: 0, Supplicant state: COMPLETED, Wi-Fi standard: legacy, RSSI: -50, Link speed: 1Mbps, Tx Link speed: 1Mbps, Max Supported Tx Link speed: 11Mbps, Rx Link speed: 2Mbps, Max Supported Rx Link speed: 11Mbps, Frequency: 2447MHz, Net ID: 0, Metered hint: false, score: 60, isUsable: true, CarrierMerged: false, SubscriptionId: -1, IsPrimary: 1, Trusted: true, Restricted: false, Ephemeral: false, OEM paid: false, OEM private: false, OSU AP: false, FQDN: <none>, Provider friendly name: <none>, Requesting package name: <none>"AndroidWifi"openMLO Information: , Is TID-To-Link negotiation supported by the AP: false, AP MLD Address: <none>, AP MLO Link Id: <none>, AP MLO Affiliated links: <none>, Vendor Data: <none>
04-22 03:41:27.950 D/WifiScoreCard(  683): txRate: 2 txSpeed: 1
04-22 03:41:27.950 D/WifiScoreCard(  683): network update SIGNAL_POLL "AndroidWifi" ID: 579418950 RSSI -50 txSpeed -1
04-22 03:41:27.950 D/WifiClientModeImpl[9769:wlan0](  683):  ClientModeImpl$L2ConnectedState screen=on 1 0 "AndroidWifi" 00:13:10:85:fe:01 rssi=-50 f=2447 sc=60 link=1 tx=1.3, 0.0, 0.0 rx=1.1 bcn=0 [on:0 tx:0 rx:0 period:3006] from screen [on:0 period:-1315972594] score=60
04-22 03:41:28.277 D/wpa_supplicant(  938): nl80211: Drv Event 64 (NL80211_CMD_NOTIFY_CQM) received for wlan0
04-22 03:41:28.277 D/wpa_supplicant(  938): nl80211: Beacon loss event
04-22 03:41:28.277 D/wpa_supplicant(  938): wlan0: Event BEACON_LOSS (53) received
04-22 03:41:28.277 I/wpa_supplicant(  938): wlan0: CTRL-EVENT-BEACON-LOSS 
04-22 03:41:28.394 D/NetworkMonitor/101( 1052): PROBE_HTTPS https://www.google.com/generate_204 Probe failed with exception javax.net.ssl.SSLHandshakeException: connection closed
04-22 03:41:28.394 D/NetworkMonitor/101( 1052): isCaptivePortal: isSuccessful()=false isPortal()=false RedirectUrl=null isPartialConnectivity()=true Time=11026ms
04-22 03:41:28.395 D/ConnectivityService(  683): [101 WIFI] validation failed
04-22 03:41:30.954 W/BestClock(  683): java.time.DateTimeException: No network time available
04-22 03:41:30.954 W/BestClock(  683): java.time.DateTimeException: No network time available
04-22 03:41:30.954 W/BestClock(  683): java.time.DateTimeException: No network time available
04-22 03:41:30.954 W/BestClock(  683): java.time.DateTimeException: No network time available
04-22 03:41:30.954 W/BestClock(  683): java.time.DateTimeException: No network time available
04-22 03:41:30.955 D/WifiClientModeImpl[9769:wlan0](  683): updateLinkLayerStatsRssiSpeedFrequencyCapabilities rssi=-50 TxLinkspeed=1 freq=2447 RxLinkSpeed=2
04-22 03:41:30.955 D/WifiDataStall(  683): tx tput in kbps: 11000
04-22 03:41:30.955 D/WifiDataStall(  683): rx tput in kbps: 11000
04-22 03:41:30.955 V/WifiConfigManager(  683): Updating scan detail cache freq=2447 BSSID=00:13:10:85:fe:01 RSSI=-50 for "AndroidWifi"NONE
04-22 03:41:30.955 D/WifiThroughputPredictor(  683):  utilization (LLS) 80 isBluetoothConnected: false final utilization: 80
04-22 03:41:30.955 D/WifiThroughputPredictor(  683):  BW: 0 RSSI: -50 Nss: 1 Mode: 1 symDur: 4000 snrDb 30 bitPerTone: 4500 rate: 54 throughput: 11
04-22 03:41:30.955 D/WifiThroughputPredictor(  683):  utilization (LLS) 80 isBluetoothConnected: false final utilization: 80
04-22 03:41:30.955 D/WifiThroughputPredictor(  683):  BW: 0 RSSI: -50 Nss: 1 Mode: 1 symDur: 4000 snrDb 30 bitPerTone: 4500 rate: 54 throughput: 11
04-22 03:41:30.955 D/WifiThroughputPredictor(  683):  utilization (LLS) 80 isBluetoothConnected: false final utilization: 80
04-22 03:41:30.955 D/WifiThroughputPredictor(  683):  BW: 0 RSSI: -50 Nss: 1 Mode: 1 symDur: 4000 snrDb 30 bitPerTone: 4500 rate: 54 throughput: 11
04-22 03:41:30.955 D/WifiThroughputPredictor(  683):  utilization (LLS) 80 isBluetoothConnected: false final utilization: 80
04-22 03:41:30.955 D/WifiThroughputPredictor(  683):  BW: 0 RSSI: -50 Nss: 1 Mode: 1 symDur: 4000 snrDb 30 bitPerTone: 4500 rate: 54 throughput: 11
04-22 03:41:30.956 D/WifiScoreCard(  683): BSSID update SIGNAL_POLL ID: 261501600 SSID: "AndroidWifi", BSSID: 00:13:10:85:fe:01, MAC: 02:15:b4:00:00:00, IP: /10.0.2.17, Security type: 0, Supplicant state: COMPLETED, Wi-Fi standard: legacy, RSSI: -50, Link speed: 1Mbps, Tx Link speed: 1Mbps, Max Supported Tx Link speed: 11Mbps, Rx Link speed: 2Mbps, Max Supported Rx Link speed: 11Mbps, Frequency: 2447MHz, Net ID: 0, Metered hint: false, score: 60, isUsable: true, CarrierMerged: false, SubscriptionId: -1, IsPrimary: 1, Trusted: true, Restricted: false, Ephemeral: false, OEM paid: false, OEM private: false, OSU AP: false, FQDN: <none>, Provider friendly name: <none>, Requesting package name: <none>"AndroidWifi"openMLO Information: , Is TID-To-Link negotiation supported by the AP: false, AP MLD Address: <none>, AP MLO Link Id: <none>, AP MLO Affiliated links: <none>, Vendor Data: <none>
04-22 03:41:30.957 D/WifiScoreCard(  683): txRate: 1 txSpeed: 1
04-22 03:41:30.957 D/WifiScoreCard(  683): network update SIGNAL_POLL "AndroidWifi" ID: 579418950 RSSI -50 txSpeed -1
04-22 03:41:30.957 D/WifiClientModeImpl[9769:wlan0](  683):  ClientModeImpl$L2ConnectedState screen=on 1 0 "AndroidWifi" 00:13:10:85:fe:01 rssi=-50 f=2447 sc=60 link=1 tx=0.7, 0.0, 0.0 rx=0.8 bcn=0 [on:0 tx:0 rx:0 period:3007] from screen [on:0 period:-1315969587] score=60
04-22 03:41:33.142 I/netd    (  459): setProcSysNet(4, 2, wlan0, retrans_time_ms, 750) <0.07ms>
04-22 03:41:33.143 I/netd    (  459): setProcSysNet(4, 2, wlan0, ucast_solicit, 10) <0.03ms>
04-22 03:41:33.143 I/netd    (  459): setProcSysNet(6, 2, wlan0, retrans_time_ms, 750) <0.03ms>
04-22 03:41:33.143 I/netd    (  459): setProcSysNet(6, 2, wlan0, ucast_solicit, 10) <0.01ms>
04-22 03:41:33.248 D/SatelliteController( 1086): iisInCarrierRoamingNbIotNtn: satellite is disabled
04-22 03:41:33.962 W/BestClock(  683): java.time.DateTimeException: No network time available
04-22 03:41:33.962 W/BestClock(  683): java.time.DateTimeException: No network time available
04-22 03:41:33.962 W/BestClock(  683): java.time.DateTimeException: No network time available
04-22 03:41:33.962 W/BestClock(  683): java.time.DateTimeException: No network time available
04-22 03:41:33.962 W/BestClock(  683): java.time.DateTimeException: No network time available
04-22 03:41:33.963 D/WifiClientModeImpl[9769:wlan0](  683): updateLinkLayerStatsRssiSpeedFrequencyCapabilities rssi=-50 TxLinkspeed=1 freq=2447 RxLinkSpeed=2
04-22 03:41:33.963 D/WifiDataStall(  683): tx tput in kbps: 11000
04-22 03:41:33.963 D/WifiDataStall(  683): rx tput in kbps: 11000
04-22 03:41:33.963 V/WifiConfigManager(  683): Updating scan detail cache freq=2447 BSSID=00:13:10:85:fe:01 RSSI=-50 for "AndroidWifi"NONE
04-22 03:41:33.963 D/WifiThroughputPredictor(  683):  utilization (LLS) 80 isBluetoothConnected: false final utilization: 80
04-22 03:41:33.963 D/WifiThroughputPredictor(  683):  BW: 0 RSSI: -50 Nss: 1 Mode: 1 symDur: 4000 snrDb 30 bitPerTone: 4500 rate: 54 throughput: 11
04-22 03:41:33.963 D/WifiThroughputPredictor(  683):  utilization (LLS) 80 isBluetoothConnected: false final utilization: 80
04-22 03:41:33.963 D/WifiThroughputPredictor(  683):  BW: 0 RSSI: -50 Nss: 1 Mode: 1 symDur: 4000 snrDb 30 bitPerTone: 4500 rate: 54 throughput: 11
04-22 03:41:33.963 D/WifiThroughputPredictor(  683):  utilization (LLS) 80 isBluetoothConnected: false final utilization: 80
04-22 03:41:33.963 D/WifiThroughputPredictor(  683):  BW: 0 RSSI: -50 Nss: 1 Mode: 1 symDur: 4000 snrDb 30 bitPerTone: 4500 rate: 54 throughput: 11
04-22 03:41:33.963 D/WifiThroughputPredictor(  683):  utilization (LLS) 80 isBluetoothConnected: false final utilization: 80
04-22 03:41:33.963 D/WifiThroughputPredictor(  683):  BW: 0 RSSI: -50 Nss: 1 Mode: 1 symDur: 4000 snrDb 30 bitPerTone: 4500 rate: 54 throughput: 11
04-22 03:41:33.964 D/WifiScoreCard(  683): BSSID update SIGNAL_POLL ID: 261501600 SSID: "AndroidWifi", BSSID: 00:13:10:85:fe:01, MAC: 02:15:b4:00:00:00, IP: /10.0.2.17, Security type: 0, Supplicant state: COMPLETED, Wi-Fi standard: legacy, RSSI: -50, Link speed: 1Mbps, Tx Link speed: 1Mbps, Max Supported Tx Link speed: 11Mbps, Rx Link speed: 2Mbps, Max Supported Rx Link speed: 11Mbps, Frequency: 2447MHz, Net ID: 0, Metered hint: false, score: 60, isUsable: true, CarrierMerged: false, SubscriptionId: -1, IsPrimary: 1, Trusted: true, Restricted: false, Ephemeral: false, OEM paid: false, OEM private: false, OSU AP: false, FQDN: <none>, Provider friendly name: <none>, Requesting package name: <none>"AndroidWifi"openMLO Information: , Is TID-To-Link negotiation supported by the AP: false, AP MLD Address: <none>, AP MLO Link Id: <none>, AP MLO Affiliated links: <none>, Vendor Data: <none>
04-22 03:41:33.964 D/WifiScoreCard(  683): txRate: 1 txSpeed: 1
04-22 03:41:33.964 D/WifiScoreCard(  683): network update SIGNAL_POLL "AndroidWifi" ID: 579418950 RSSI -50 txSpeed -1
04-22 03:41:33.964 D/WifiClientModeImpl[9769:wlan0](  683):  ClientModeImpl$L2ConnectedState screen=on 1 0 "AndroidWifi" 00:13:10:85:fe:01 rssi=-50 f=2447 sc=60 link=1 tx=0.2, 0.0, 0.0 rx=0.3 bcn=0 [on:0 tx:0 rx:0 period:3007] from screen [on:0 period:-1315966580] score=60
04-22 03:41:36.413 I/resolv  (  459): ResNSendHandler::run: 0 / {101 983141 101 983141 1073 1}
04-22 03:41:36.413 I/resolv  (  459): ResNSendHandler::run: 0 / {101 983141 101 983141 1073 1}
04-22 03:41:36.414 I/resolv  (  459): resolv_cache_lookup: FOUND IN CACHE entry=0xb400007cdced1150
04-22 03:41:36.416 I/resolv  (  459): ResNSendHandler::run: 0 / {101 983141 101 983141 1073 1}
04-22 03:41:36.416 I/resolv  (  459): resolv_cache_lookup: FOUND IN CACHE entry=0xb400007e7ced03f0
04-22 03:41:36.416 I/resolv  (  459): ResNSendHandler::run: 0 / {101 983141 101 983141 1073 1}
04-22 03:41:36.417 I/resolv  (  459): resolv_cache_lookup: FOUND IN CACHE entry=0xb400007d2ced1320
04-22 03:41:36.419 D/NetworkMonitor/101( 1052): PROBE_DNS www.google.com 9ms OK 185.45.5.35,2001::1
04-22 03:41:36.419 I/resolv  (  459): GetAddrInfoHandler::run: {101 983141 101 983141 1073 1}
04-22 03:41:36.420 I/resolv  (  459): res_nmkquery: (QUERY, IN, AAAA)
04-22 03:41:36.420 I/resolv  (  459): resolv_cache_lookup: FOUND IN CACHE entry=0xb400007cdced1150
04-22 03:41:36.420 I/resolv  (  459): doQuery: rcode=0, ancount=1, return value=60
04-22 03:41:36.420 I/resolv  (  459): res_nmkquery: (QUERY, IN, A)
04-22 03:41:36.420 I/resolv  (  459): resolv_cache_lookup: FOUND IN CACHE entry=0xb400007d2ced1320
04-22 03:41:36.420 I/resolv  (  459): doQuery: rcode=0, ancount=1, return value=48
04-22 03:41:36.469 D/wpa_supplicant(  938): nl80211: Drv Event 64 (NL80211_CMD_NOTIFY_CQM) received for wlan0
04-22 03:41:36.469 D/wpa_supplicant(  938): nl80211: Beacon loss event
04-22 03:41:36.469 D/wpa_supplicant(  938): wlan0: Event BEACON_LOSS (53) received
04-22 03:41:36.469 I/wpa_supplicant(  938): wlan0: CTRL-EVENT-BEACON-LOSS 
04-22 03:41:36.900 I/resolv  (  459): res_nsend: used send_dg 117 terrno: 0
04-22 03:41:36.903 D/NetworkMonitor/101( 1052): PROBE_DNS connectivitycheck.gstatic.com 493ms OK 114.250.66.34
04-22 03:41:36.905 I/resolv  (  459): GetAddrInfoHandler::run: {101 983141 101 983141 1073 1}
04-22 03:41:36.905 I/resolv  (  459): res_nmkquery: (QUERY, IN, AAAA)
04-22 03:41:36.905 I/resolv  (  459): resolv_cache_lookup: FOUND IN CACHE entry=0xb400007d0ced9ad0
04-22 03:41:36.906 I/resolv  (  459): doQuery: rcode=0, ancount=0, return value=117
04-22 03:41:36.906 I/resolv  (  459): res_nmkquery: (QUERY, IN, A)
04-22 03:41:36.906 I/resolv  (  459): resolv_cache_lookup: FOUND IN CACHE entry=0xb400007e7ced03f0
04-22 03:41:36.906 I/resolv  (  459): doQuery: rcode=0, ancount=1, return value=63
04-22 03:41:36.972 W/BestClock(  683): java.time.DateTimeException: No network time available
04-22 03:41:36.973 W/BestClock(  683): java.time.DateTimeException: No network time available
04-22 03:41:36.973 W/BestClock(  683): java.time.DateTimeException: No network time available
04-22 03:41:36.973 W/BestClock(  683): java.time.DateTimeException: No network time available
04-22 03:41:36.974 W/BestClock(  683): java.time.DateTimeException: No network time available
04-22 03:41:36.975 D/WifiClientModeImpl[9769:wlan0](  683): updateLinkLayerStatsRssiSpeedFrequencyCapabilities rssi=-50 TxLinkspeed=1 freq=2447 RxLinkSpeed=2
04-22 03:41:36.975 D/WifiDataStall(  683): tx tput in kbps: 11000
04-22 03:41:36.975 D/WifiDataStall(  683): rx tput in kbps: 11000
04-22 03:41:36.975 V/WifiConfigManager(  683): Updating scan detail cache freq=2447 BSSID=00:13:10:85:fe:01 RSSI=-50 for "AndroidWifi"NONE
04-22 03:41:36.975 D/WifiThroughputPredictor(  683):  utilization (LLS) 80 isBluetoothConnected: false final utilization: 80
04-22 03:41:36.975 D/WifiThroughputPredictor(  683):  BW: 0 RSSI: -50 Nss: 1 Mode: 1 symDur: 4000 snrDb 30 bitPerTone: 4500 rate: 54 throughput: 11
04-22 03:41:36.975 D/WifiThroughputPredictor(  683):  utilization (LLS) 80 isBluetoothConnected: false final utilization: 80
04-22 03:41:36.975 D/WifiThroughputPredictor(  683):  BW: 0 RSSI: -50 Nss: 1 Mode: 1 symDur: 4000 snrDb 30 bitPerTone: 4500 rate: 54 throughput: 11
04-22 03:41:36.975 D/WifiThroughputPredictor(  683):  utilization (LLS) 80 isBluetoothConnected: false final utilization: 80
04-22 03:41:36.975 D/WifiThroughputPredictor(  683):  BW: 0 RSSI: -50 Nss: 1 Mode: 1 symDur: 4000 snrDb 30 bitPerTone: 4500 rate: 54 throughput: 11
04-22 03:41:36.975 D/WifiThroughputPredictor(  683):  utilization (LLS) 80 isBluetoothConnected: false final utilization: 80
04-22 03:41:36.975 D/WifiThroughputPredictor(  683):  BW: 0 RSSI: -50 Nss: 1 Mode: 1 symDur: 4000 snrDb 30 bitPerTone: 4500 rate: 54 throughput: 11
04-22 03:41:36.975 D/WifiScoreCard(  683): BSSID update SIGNAL_POLL ID: 261501600 SSID: "AndroidWifi", BSSID: 00:13:10:85:fe:01, MAC: 02:15:b4:00:00:00, IP: /10.0.2.17, Security type: 0, Supplicant state: COMPLETED, Wi-Fi standard: legacy, RSSI: -50, Link speed: 1Mbps, Tx Link speed: 1Mbps, Max Supported Tx Link speed: 11Mbps, Rx Link speed: 2Mbps, Max Supported Rx Link speed: 11Mbps, Frequency: 2447MHz, Net ID: 0, Metered hint: false, score: 60, isUsable: true, CarrierMerged: false, SubscriptionId: -1, IsPrimary: 1, Trusted: true, Restricted: false, Ephemeral: false, OEM paid: false, OEM private: false, OSU AP: false, FQDN: <none>, Provider friendly name: <none>, Requesting package name: <none>"AndroidWifi"openMLO Information: , Is TID-To-Link negotiation supported by the AP: false, AP MLD Address: <none>, AP MLO Link Id: <none>, AP MLO Affiliated links: <none>, Vendor Data: <none>
04-22 03:41:36.975 D/WifiScoreCard(  683): txRate: 2 txSpeed: 1
04-22 03:41:36.975 D/WifiScoreCard(  683): network update SIGNAL_POLL "AndroidWifi" ID: 579418950 RSSI -50 txSpeed -1
04-22 03:41:36.976 D/WifiClientModeImpl[9769:wlan0](  683):  ClientModeImpl$L2ConnectedState screen=on 1 0 "AndroidWifi" 00:13:10:85:fe:01 rssi=-50 f=2447 sc=60 link=1 tx=1.5, 0.0, 0.0 rx=1.1 bcn=0 [on:0 tx:0 rx:0 period:3012] from screen [on:0 period:-1315963568] score=60
04-22 03:41:37.402 D/NetworkMonitor/101( 1052): PROBE_HTTP http://connectivitycheck.gstatic.com/generate_204 time=498ms ret=204 request={Connection=[close], User-Agent=[Mozilla/5.0 (X11; Linux x86_64) AppleWebKit/537.36 (KHTML, like Gecko) Chrome/60.0.3112.32 Safari/537.36]} headers={null=[HTTP/1.1 204 No Content], Connection=[close], Cross-Origin-Resource-Policy=[cross-origin], Date=[Tue, 21 Apr 2026 19:41:36 GMT], X-Android-Received-Millis=[1776800497402], X-Android-Response-Source=[NETWORK 204], X-Android-Selected-Protocol=[http/1.1], X-Android-Sent-Millis=[1776800496908]}
04-22 03:41:39.421 I/resolv  (  459): GetAddrInfoHandler::run: {101 983141 101 983141 1073 1}
04-22 03:41:39.421 I/resolv  (  459): res_nmkquery: (QUERY, IN, AAAA)
04-22 03:41:39.421 I/resolv  (  459): resolv_cache_lookup: FOUND IN CACHE entry=0xb400007cdced1150
04-22 03:41:39.421 I/resolv  (  459): doQuery: rcode=0, ancount=1, return value=60
04-22 03:41:39.421 I/resolv  (  459): res_nmkquery: (QUERY, IN, A)
04-22 03:41:39.421 I/resolv  (  459): resolv_cache_lookup: FOUND IN CACHE entry=0xb400007d2ced1320
04-22 03:41:39.421 I/resolv  (  459): doQuery: rcode=0, ancount=1, return value=48
04-22 03:41:39.908 D/NetworkMonitor/101( 1052): PROBE_FALLBACK http://www.google.com/gen_204 time=489ms ret=204 request={Connection=[close], User-Agent=[Mozilla/5.0 (X11; Linux x86_64) AppleWebKit/537.36 (KHTML, like Gecko) Chrome/60.0.3112.32 Safari/537.36]} headers={null=[HTTP/1.1 204 No Content], Connection=[close], Content-Security-Policy=[object-src 'none';base-uri 'self';script-src 'nonce-3jYJyR41RvQiQ8_AjpXeLA' 'strict-dynamic' 'report-sample' 'unsafe-eval' 'unsafe-inline' https: http:;report-uri https://csp.withgoogle.com/csp/gws/other], Content-Type=[text/html; charset=UTF-8], Date=[Tue, 21 Apr 2026 19:41:39 GMT], Permissions-Policy=[unload=()], Server=[gws], X-Android-Received-Millis=[1776800499908], X-Android-Response-Source=[NETWORK 204], X-Android-Selected-Protocol=[http/1.1], X-Android-Sent-Millis=[1776800499425], X-Frame-Options=[SAMEORIGIN], X-Xss-Protection=[0]}
04-22 03:41:39.980 W/BestClock(  683): java.time.DateTimeException: No network time available
04-22 03:41:39.980 W/BestClock(  683): java.time.DateTimeException: No network time available
04-22 03:41:39.980 W/BestClock(  683): java.time.DateTimeException: No network time available
04-22 03:41:39.980 W/BestClock(  683): java.time.DateTimeException: No network time available
04-22 03:41:39.980 W/BestClock(  683): java.time.DateTimeException: No network time available
04-22 03:41:39.981 D/WifiClientModeImpl[9769:wlan0](  683): updateLinkLayerStatsRssiSpeedFrequencyCapabilities rssi=-50 TxLinkspeed=1 freq=2447 RxLinkSpeed=2
04-22 03:41:39.981 D/WifiDataStall(  683): tx tput in kbps: 11000
04-22 03:41:39.981 D/WifiDataStall(  683): rx tput in kbps: 11000
04-22 03:41:39.981 V/WifiConfigManager(  683): Updating scan detail cache freq=2447 BSSID=00:13:10:85:fe:01 RSSI=-50 for "AndroidWifi"NONE
04-22 03:41:39.981 D/WifiThroughputPredictor(  683):  utilization (LLS) 80 isBluetoothConnected: false final utilization: 80
04-22 03:41:39.981 D/WifiThroughputPredictor(  683):  BW: 0 RSSI: -50 Nss: 1 Mode: 1 symDur: 4000 snrDb 30 bitPerTone: 4500 rate: 54 throughput: 11
04-22 03:41:39.981 D/WifiThroughputPredictor(  683):  utilization (LLS) 80 isBluetoothConnected: false final utilization: 80
04-22 03:41:39.981 D/WifiThroughputPredictor(  683):  BW: 0 RSSI: -50 Nss: 1 Mode: 1 symDur: 4000 snrDb 30 bitPerTone: 4500 rate: 54 throughput: 11
04-22 03:41:39.981 D/WifiThroughputPredictor(  683):  utilization (LLS) 80 isBluetoothConnected: false final utilization: 80
04-22 03:41:39.981 D/WifiThroughputPredictor(  683):  BW: 0 RSSI: -50 Nss: 1 Mode: 1 symDur: 4000 snrDb 30 bitPerTone: 4500 rate: 54 throughput: 11
04-22 03:41:39.981 D/WifiThroughputPredictor(  683):  utilization (LLS) 80 isBluetoothConnected: false final utilization: 80
04-22 03:41:39.981 D/WifiThroughputPredictor(  683):  BW: 0 RSSI: -50 Nss: 1 Mode: 1 symDur: 4000 snrDb 30 bitPerTone: 4500 rate: 54 throughput: 11
04-22 03:41:39.981 D/WifiScoreCard(  683): BSSID update SIGNAL_POLL ID: 261501600 SSID: "AndroidWifi", BSSID: 00:13:10:85:fe:01, MAC: 02:15:b4:00:00:00, IP: /10.0.2.17, Security type: 0, Supplicant state: COMPLETED, Wi-Fi standard: legacy, RSSI: -50, Link speed: 1Mbps, Tx Link speed: 1Mbps, Max Supported Tx Link speed: 11Mbps, Rx Link speed: 2Mbps, Max Supported Rx Link speed: 11Mbps, Frequency: 2447MHz, Net ID: 0, Metered hint: false, score: 60, isUsable: true, CarrierMerged: false, SubscriptionId: -1, IsPrimary: 1, Trusted: true, Restricted: false, Ephemeral: false, OEM paid: false, OEM private: false, OSU AP: false, FQDN: <none>, Provider friendly name: <none>, Requesting package name: <none>"AndroidWifi"openMLO Information: , Is TID-To-Link negotiation supported by the AP: false, AP MLD Address: <none>, AP MLO Link Id: <none>, AP MLO Affiliated links: <none>, Vendor Data: <none>
04-22 03:41:39.981 D/WifiScoreCard(  683): txRate: 3 txSpeed: 1
04-22 03:41:39.982 D/WifiScoreCard(  683): network update SIGNAL_POLL "AndroidWifi" ID: 579418950 RSSI -50 txSpeed -1
04-22 03:41:39.982 D/WifiClientModeImpl[9769:wlan0](  683):  ClientModeImpl$L2ConnectedState screen=on 1 0 "AndroidWifi" 00:13:10:85:fe:01 rssi=-50 f=2447 sc=60 link=1 tx=2.0, 0.0, 0.0 rx=2.1 bcn=0 [on:0 tx:0 rx:0 period:3006] from screen [on:0 period:-1315960562] score=60
04-22 03:41:42.992 W/BestClock(  683): java.time.DateTimeException: No network time available
04-22 03:41:42.993 W/BestClock(  683): java.time.DateTimeException: No network time available
04-22 03:41:42.993 W/BestClock(  683): java.time.DateTimeException: No network time available
04-22 03:41:42.993 W/BestClock(  683): java.time.DateTimeException: No network time available
04-22 03:41:42.993 W/BestClock(  683): java.time.DateTimeException: No network time available
04-22 03:41:42.993 D/WifiClientModeImpl[9769:wlan0](  683): updateLinkLayerStatsRssiSpeedFrequencyCapabilities rssi=-50 TxLinkspeed=1 freq=2447 RxLinkSpeed=2
04-22 03:41:42.993 D/WifiDataStall(  683): tx tput in kbps: 11000
04-22 03:41:42.993 D/WifiDataStall(  683): rx tput in kbps: 11000
04-22 03:41:42.993 V/WifiConfigManager(  683): Updating scan detail cache freq=2447 BSSID=00:13:10:85:fe:01 RSSI=-50 for "AndroidWifi"NONE
04-22 03:41:42.993 D/WifiThroughputPredictor(  683):  utilization (LLS) 80 isBluetoothConnected: false final utilization: 80
04-22 03:41:42.993 D/WifiThroughputPredictor(  683):  BW: 0 RSSI: -50 Nss: 1 Mode: 1 symDur: 4000 snrDb 30 bitPerTone: 4500 rate: 54 throughput: 11
04-22 03:41:42.993 D/WifiThroughputPredictor(  683):  utilization (LLS) 80 isBluetoothConnected: false final utilization: 80
04-22 03:41:42.993 D/WifiThroughputPredictor(  683):  BW: 0 RSSI: -50 Nss: 1 Mode: 1 symDur: 4000 snrDb 30 bitPerTone: 4500 rate: 54 throughput: 11
04-22 03:41:42.993 D/WifiThroughputPredictor(  683):  utilization (LLS) 80 isBluetoothConnected: false final utilization: 80
04-22 03:41:42.993 D/WifiThroughputPredictor(  683):  BW: 0 RSSI: -50 Nss: 1 Mode: 1 symDur: 4000 snrDb 30 bitPerTone: 4500 rate: 54 throughput: 11
04-22 03:41:42.993 D/WifiThroughputPredictor(  683):  utilization (LLS) 80 isBluetoothConnected: false final utilization: 80
04-22 03:41:42.993 D/WifiThroughputPredictor(  683):  BW: 0 RSSI: -50 Nss: 1 Mode: 1 symDur: 4000 snrDb 30 bitPerTone: 4500 rate: 54 throughput: 11
04-22 03:41:42.994 D/WifiScoreCard(  683): BSSID update SIGNAL_POLL ID: 261501600 SSID: "AndroidWifi", BSSID: 00:13:10:85:fe:01, MAC: 02:15:b4:00:00:00, IP: /10.0.2.17, Security type: 0, Supplicant state: COMPLETED, Wi-Fi standard: legacy, RSSI: -50, Link speed: 1Mbps, Tx Link speed: 1Mbps, Max Supported Tx Link speed: 11Mbps, Rx Link speed: 2Mbps, Max Supported Rx Link speed: 11Mbps, Frequency: 2447MHz, Net ID: 0, Metered hint: false, score: 60, isUsable: true, CarrierMerged: false, SubscriptionId: -1, IsPrimary: 1, Trusted: true, Restricted: false, Ephemeral: false, OEM paid: false, OEM private: false, OSU AP: false, FQDN: <none>, Provider friendly name: <none>, Requesting package name: <none>"AndroidWifi"openMLO Information: , Is TID-To-Link negotiation supported by the AP: false, AP MLD Address: <none>, AP MLO Link Id: <none>, AP MLO Affiliated links: <none>, Vendor Data: <none>
04-22 03:41:42.994 D/WifiScoreCard(  683): txRate: 1 txSpeed: 1
04-22 03:41:42.994 D/WifiScoreCard(  683): network update SIGNAL_POLL "AndroidWifi" ID: 579418950 RSSI -50 txSpeed -1
04-22 03:41:42.994 D/WifiClientModeImpl[9769:wlan0](  683):  ClientModeImpl$L2ConnectedState screen=on 1 0 "AndroidWifi" 00:13:10:85:fe:01 rssi=-50 f=2447 sc=60 link=1 tx=0.7, 0.0, 0.0 rx=0.7 bcn=0 [on:0 tx:0 rx:0 period:3012] from screen [on:0 period:-1315957550] score=60
04-22 03:41:43.249 D/SatelliteController( 1086): iisInCarrierRoamingNbIotNtn: satellite is disabled
04-22 03:41:44.407 D/wpa_supplicant(  938): nl80211: Drv Event 64 (NL80211_CMD_NOTIFY_CQM) received for wlan0
04-22 03:41:44.408 D/wpa_supplicant(  938): nl80211: Beacon loss event
04-22 03:41:44.408 D/wpa_supplicant(  938): wlan0: Event BEACON_LOSS (53) received
04-22 03:41:44.408 I/wpa_supplicant(  938): wlan0: CTRL-EVENT-BEACON-LOSS 
04-22 03:41:46.000 W/BestClock(  683): java.time.DateTimeException: No network time available
04-22 03:41:46.001 W/BestClock(  683): java.time.DateTimeException: No network time available
04-22 03:41:46.001 W/BestClock(  683): java.time.DateTimeException: No network time available
04-22 03:41:46.001 W/BestClock(  683): java.time.DateTimeException: No network time available
04-22 03:41:46.001 W/BestClock(  683): java.time.DateTimeException: No network time available
04-22 03:41:46.003 D/WifiClientModeImpl[9769:wlan0](  683): updateLinkLayerStatsRssiSpeedFrequencyCapabilities rssi=-50 TxLinkspeed=1 freq=2447 RxLinkSpeed=2
04-22 03:41:46.003 D/WifiDataStall(  683): tx tput in kbps: 11000
04-22 03:41:46.003 D/WifiDataStall(  683): rx tput in kbps: 11000
04-22 03:41:46.003 V/WifiConfigManager(  683): Updating scan detail cache freq=2447 BSSID=00:13:10:85:fe:01 RSSI=-50 for "AndroidWifi"NONE
04-22 03:41:46.003 D/WifiThroughputPredictor(  683):  utilization (LLS) 80 isBluetoothConnected: false final utilization: 80
04-22 03:41:46.003 D/WifiThroughputPredictor(  683):  BW: 0 RSSI: -50 Nss: 1 Mode: 1 symDur: 4000 snrDb 30 bitPerTone: 4500 rate: 54 throughput: 11
04-22 03:41:46.003 D/WifiThroughputPredictor(  683):  utilization (LLS) 80 isBluetoothConnected: false final utilization: 80
04-22 03:41:46.003 D/WifiThroughputPredictor(  683):  BW: 0 RSSI: -50 Nss: 1 Mode: 1 symDur: 4000 snrDb 30 bitPerTone: 4500 rate: 54 throughput: 11
04-22 03:41:46.003 D/WifiThroughputPredictor(  683):  utilization (LLS) 80 isBluetoothConnected: false final utilization: 80
04-22 03:41:46.003 D/WifiThroughputPredictor(  683):  BW: 0 RSSI: -50 Nss: 1 Mode: 1 symDur: 4000 snrDb 30 bitPerTone: 4500 rate: 54 throughput: 11
04-22 03:41:46.003 D/WifiThroughputPredictor(  683):  utilization (LLS) 80 isBluetoothConnected: false final utilization: 80
04-22 03:41:46.003 D/WifiThroughputPredictor(  683):  BW: 0 RSSI: -50 Nss: 1 Mode: 1 symDur: 4000 snrDb 30 bitPerTone: 4500 rate: 54 throughput: 11
04-22 03:41:46.005 D/WifiScoreCard(  683): BSSID update SIGNAL_POLL ID: 261501600 SSID: "AndroidWifi", BSSID: 00:13:10:85:fe:01, MAC: 02:15:b4:00:00:00, IP: /10.0.2.17, Security type: 0, Supplicant state: COMPLETED, Wi-Fi standard: legacy, RSSI: -50, Link speed: 1Mbps, Tx Link speed: 1Mbps, Max Supported Tx Link speed: 11Mbps, Rx Link speed: 2Mbps, Max Supported Rx Link speed: 11Mbps, Frequency: 2447MHz, Net ID: 0, Metered hint: false, score: 60, isUsable: true, CarrierMerged: false, SubscriptionId: -1, IsPrimary: 1, Trusted: true, Restricted: false, Ephemeral: false, OEM paid: false, OEM private: false, OSU AP: false, FQDN: <none>, Provider friendly name: <none>, Requesting package name: <none>"AndroidWifi"openMLO Information: , Is TID-To-Link negotiation supported by the AP: false, AP MLD Address: <none>, AP MLO Link Id: <none>, AP MLO Affiliated links: <none>, Vendor Data: <none>
04-22 03:41:46.005 D/WifiScoreCard(  683): txRate: 1 txSpeed: 1
04-22 03:41:46.005 D/WifiScoreCard(  683): network update SIGNAL_POLL "AndroidWifi" ID: 579418950 RSSI -50 txSpeed -1
04-22 03:41:46.005 D/WifiClientModeImpl[9769:wlan0](  683):  ClientModeImpl$L2ConnectedState screen=on 1 0 "AndroidWifi" 00:13:10:85:fe:01 rssi=-50 f=2447 sc=60 link=1 tx=0.2, 0.0, 0.0 rx=0.2 bcn=0 [on:0 tx:0 rx:0 period:3011] from screen [on:0 period:-1315954539] score=60
04-22 03:41:46.943 D/NetworkMonitor/101( 1052): PROBE_HTTPS https://www.google.com/generate_204 Probe failed with exception javax.net.ssl.SSLHandshakeException: connection closed
04-22 03:41:46.946 D/NetworkMonitor/101( 1052): isCaptivePortal: isSuccessful()=false isPortal()=false RedirectUrl=null isPartialConnectivity()=true Time=10536ms
04-22 03:41:46.947 D/ConnectivityService(  683): [101 WIFI] validation failed
04-22 03:41:48.493 I/assembly.assembly.android.mixc-retail-rn84(27752): [assembly.topology] Native topology host already matches desired lifecycle state {"displayCount":1,"displayIndex":0,"deviceId":"ZJ63NQELD9","instanceMode":"SLAVE","enableSlave":false,"running":false,"reason":"not-master-or-single-primary-host"}
04-22 03:41:48.494 I/assembly.assembly.android.mixc-retail-rn84(27752): [assembly.topology] Native topology host already matches desired lifecycle state {"displayCount":1,"displayIndex":0,"deviceId":"ZJ63NQELD9","instanceMode":"SLAVE","enableSlave":false,"running":false,"reason":"not-master-or-single-primary-host"}
04-22 03:41:48.494 I/assembly.assembly.android.mixc-retail-rn84(27752): [assembly.topology] Native topology host already matches desired lifecycle state {"displayCount":1,"displayIndex":0,"deviceId":"ZJ63NQELD9","instanceMode":"SLAVE","enableSlave":false,"running":false,"reason":"not-master-or-single-primary-host"}
04-22 03:41:48.494 I/assembly.assembly.android.mixc-retail-rn84(27752): [assembly.topology] Native topology host already matches desired lifecycle state {"displayCount":1,"displayIndex":0,"deviceId":"ZJ63NQELD9","instanceMode":"SLAVE","enableSlave":false,"running":false,"reason":"not-master-or-single-primary-host"}
04-22 03:41:48.497 I/ConnectorManager(27752): call start taskId=cec4299613dc4cb4aa2e93a56602fbfc channel=INTENT/camera action=com.impos2.posadapter.action.CAMERA_SCAN timeout=60000
04-22 03:41:48.499 V/GrammaticalInflectionUtils(  683): AttributionSource: AttributionSource { uid = 10214, packageName = null, attributionTag = null, token = android.os.Binder@d3d534, deviceId = 0, next = null } does not have READ_SYSTEM_GRAMMATICAL_GENDER permission.
--------- beginning of system
04-22 03:41:48.499 W/OptProp (  683): Cannot read opt property android.window.PROPERTY_COMPAT_ALLOW_USER_ASPECT_RATIO_OVERRIDE
04-22 03:41:48.499 W/OptProp (  683): Cannot read opt property android.window.PROPERTY_COMPAT_ALLOW_USER_ASPECT_RATIO_FULLSCREEN_OVERRIDE
04-22 03:41:48.499 W/OptProp (  683): Cannot read opt property android.window.PROPERTY_COMPAT_ALLOW_RESIZEABLE_ACTIVITY_OVERRIDES
04-22 03:41:48.499 W/OptProp (  683): Cannot read opt property android.window.PROPERTY_COMPAT_ALLOW_MIN_ASPECT_RATIO_OVERRIDE
04-22 03:41:48.499 W/OptProp (  683): Cannot read opt property android.window.PROPERTY_COMPAT_ALLOW_ORIENTATION_OVERRIDE
04-22 03:41:48.500 I/ActivityTaskManager(  683): Ignoring manifest-declared fixed orientation SCREEN_ORIENTATION_PORTRAIT of ActivityRecord{68212194 u0 com.impos2.mixcretailassemblyrn84/com.impos2.adapterv2.camera.CameraScanActivity t41} since target sdk 36
04-22 03:41:48.502 I/ActivityTaskManager(  683): START u0 {act=com.impos2.posadapter.action.CAMERA_SCAN flg=0x24000000 xflg=0x4 cmp=com.impos2.mixcretailassemblyrn84/com.impos2.adapterv2.camera.CameraScanActivity (has extras)} with LAUNCH_MULTIPLE from uid 10214 (sr=254862394) (BAL_ALLOW_VISIBLE_WINDOW) result code=0
04-22 03:41:48.502 I/CameraScannerManager(27752): startScan success: requestId=4ab8223c-da5c-4287-a9fc-2aff8974203a, scanMode=QR_CODE_MODE, imageUri=false, imageBase64=true, waitResult=true
04-22 03:41:48.502 V/WindowManagerShell(  957): Transition requested (#164): android.os.BinderProxy@31481b6 TransitionRequestInfo { type = OPEN, triggerTask = TaskInfo{userId=0 taskId=41 effectiveUid=10214 displayId=0 isRunning=true baseIntent=Intent { flg=0x10000000 cmp=com.impos2.mixcretailassemblyrn84/.MainActivity } baseActivity=ComponentInfo{com.impos2.mixcretailassemblyrn84/com.impos2.mixcretailassemblyrn84.MainActivity} topActivity=ComponentInfo{com.impos2.mixcretailassemblyrn84/com.impos2.adapterv2.camera.CameraScanActivity} origActivity=null realActivity=ComponentInfo{com.impos2.mixcretailassemblyrn84/com.impos2.mixcretailassemblyrn84.MainActivity} numActivities=2 lastActiveTime=25966046 supportsMultiWindow=true resizeMode=1 isResizeable=true minWidth=-1 minHeight=-1 defaultMinSize=220 token=WCT{android.window.IWindowContainerToken$Stub$Proxy@804deb7} topActivityType=1 pictureInPictureParams=null shouldDockBigOverlays=false launchIntoPipHostTaskId=-1 lastParentTaskIdBeforePip=-1 displayCutoutSafeInsets=Rect(0, 0 - 0, 0) topActivityInfo=ActivityInfo{e78c624 com.impos2.adapterv2.camera.CameraScanActivity} launchCookies=[] positionInParent=Point(0, 0) parentTaskId=-1 isFocused=true isVisible=true isVisibleRequested=true isTopActivityNoDisplay=false isSleeping=false locusId=null displayAreaFeatureId=1 isTopActivityTransparent=false isActivityStackTransparent=false lastNonFullscreenBounds=Rect(892, 102 - 1668, 1482) capturedLink=null capturedLinkTimestamp=0 requestedVisibleTypes=-9 topActivityRequestOpenInBrowserEducationTimestamp=0 appCompatTaskInfo=AppCompatTaskInfo { topActivityInSizeCompat=false eligibleForLetterboxEducation= false isLetterboxEducationEnabled= true isLetterboxDoubleTapEnabled= false eligibleForUserAspectRatioButton= true topActivityBoundsLetterboxed= false isFromLetterboxDoubleTap= false topActivityLetterboxVerticalPosition= -1 topActivityLetterboxHorizontalPosition= -1 topActivityLetterboxWidth=-1 topActivityLetterboxHeight=-1 topActivityAppBounds=Rect(0, 0 - 2560, 1600) isUserFullscreenOverrideEnabled=false isSystemFullscreenOverrideEnabled=false hasMinAspectRatioOverride=false topActivityLetterboxBounds=null cameraCompatTaskInfo=CameraCompatTaskInfo { freeformCameraCompatMode=inactive}} topActivityMainWindowFrame=null}, pipChange = null, remoteTransition = null, displayChange = null, flags = 0, debugId = 164 }
04-22 03:41:48.502 D/ShellSplitScreen(  957): logExit: no-op, mLoggerSessionId is null
04-22 03:41:48.503 W/unknown:BridgelessReact(27752): ReactHost{0}.onUserLeaveHint(activity)
04-22 03:41:48.503 W/unknown:BridgelessReact(27752): ReactHost{0}.onHostPause(activity)
04-22 03:41:48.503 W/unknown:BridgelessReact(27752): ReactHost{0}.ReactContext.onHostPause()
04-22 03:41:48.504 W/OptProp (  683): Cannot read opt property android.window.PROPERTY_COMPAT_ALLOW_DISPLAY_ORIENTATION_OVERRIDE
04-22 03:41:48.504 D/BackgroundInstallControlService(  683): Package event received: 0
04-22 03:41:48.504 W/OptProp (  683): Cannot read opt property android.window.PROPERTY_COMPAT_ENABLE_FAKE_FOCUS
04-22 03:41:48.505 W/IPCThreadState(  683): Sending oneway calls to frozen process.
04-22 03:41:48.505 W/IPCThreadState(  683): Sending oneway calls to frozen process.
04-22 03:41:48.505 W/IPCThreadState(  683): Sending oneway calls to frozen process.
04-22 03:41:48.505 W/IPCThreadState(  683): Sending oneway calls to frozen process.
04-22 03:41:48.505 W/IPCThreadState(  683): Sending oneway calls to frozen process.
04-22 03:41:48.505 W/IPCThreadState(  683): Sending oneway calls to frozen process.
04-22 03:41:48.505 W/IPCThreadState(  683): Sending oneway calls to frozen process.
04-22 03:41:48.505 W/IPCThreadState(  683): Sending oneway calls to frozen process.
04-22 03:41:48.505 W/IPCThreadState(  683): Sending oneway calls to frozen process.
04-22 03:41:48.505 W/IPCThreadState(  683): Sending oneway calls to frozen process.
04-22 03:41:48.505 W/IPCThreadState(  683): Sending oneway calls to frozen process.
04-22 03:41:48.505 W/IPCThreadState(  683): Sending oneway calls to frozen process.
04-22 03:41:48.505 W/IPCThreadState(  683): Sending oneway calls to frozen process.
04-22 03:41:48.505 W/IPCThreadState(  683): Sending oneway calls to frozen process.
04-22 03:41:48.505 W/IPCThreadState(  683): Sending oneway calls to frozen process.
04-22 03:41:48.505 W/IPCThreadState(  683): Sending oneway calls to frozen process.
04-22 03:41:48.505 W/IPCThreadState(  683): Sending oneway calls to frozen process.
04-22 03:41:48.505 W/IPCThreadState(  683): Sending oneway calls to frozen process.
04-22 03:41:48.506 W/IPCThreadState(  683): Sending oneway calls to frozen process.
04-22 03:41:48.506 W/IPCThreadState(  683): Sending oneway calls to frozen process.
04-22 03:41:48.506 W/IPCThreadState(  683): Sending oneway calls to frozen process.
04-22 03:41:48.506 W/IPCThreadState(  683): Sending oneway calls to frozen process.
04-22 03:41:48.506 W/IPCThreadState(  683): Sending oneway calls to frozen process.
04-22 03:41:48.506 W/IPCThreadState(  683): Sending oneway calls to frozen process.
04-22 03:41:48.506 W/IPCThreadState(  683): Sending oneway calls to frozen process.
04-22 03:41:48.506 W/IPCThreadState(  683): Sending oneway calls to frozen process.
04-22 03:41:48.506 W/IPCThreadState(  683): Sending oneway calls to frozen process.
04-22 03:41:48.506 W/IPCThreadState(  683): Sending oneway calls to frozen process.
04-22 03:41:48.506 W/IPCThreadState(  683): Sending oneway calls to frozen process.
04-22 03:41:48.506 W/IPCThreadState(  683): Sending oneway calls to frozen process.
04-22 03:41:48.506 D/BackgroundInstallControlService(  683): Package event received: 0
04-22 03:41:48.506 W/IPCThreadState(  683): Sending oneway calls to frozen process.
04-22 03:41:48.506 D/BackgroundInstallControlService(  683): Package event received: 0
04-22 03:41:48.506 W/IPCThreadState(  683): Sending oneway calls to frozen process.
04-22 03:41:48.506 W/IPCThreadState(  683): Sending oneway calls to frozen process.
04-22 03:41:48.506 D/BackgroundInstallControlService(  683): Package event received: 0
04-22 03:41:48.506 D/BackgroundInstallControlService(  683): Package event received: 0
04-22 03:41:48.506 W/IPCThreadState(  683): Sending oneway calls to frozen process.
04-22 03:41:48.506 D/BackgroundInstallControlService(  683): Package event received: 0
04-22 03:41:48.506 D/BackgroundInstallControlService(  683): Package event received: 0
04-22 03:41:48.506 W/IPCThreadState(  683): Sending oneway calls to frozen process.
04-22 03:41:48.506 W/IPCThreadState(  683): Sending oneway calls to frozen process.
04-22 03:41:48.506 W/IPCThreadState(  683): Sending oneway calls to frozen process.
04-22 03:41:48.506 W/IPCThreadState(  683): Sending oneway calls to frozen process.
04-22 03:41:48.506 W/IPCThreadState(  683): Sending oneway calls to frozen process.
04-22 03:41:48.506 W/IPCThreadState(  683): Sending oneway calls to frozen process.
04-22 03:41:48.506 W/IPCThreadState(  683): Sending oneway calls to frozen process.
04-22 03:41:48.506 W/IPCThreadState(  683): Sending oneway calls to frozen process.
04-22 03:41:48.506 W/IPCThreadState(  683): Sending oneway calls to frozen process.
04-22 03:41:48.506 W/IPCThreadState(  683): Sending oneway calls to frozen process.
04-22 03:41:48.506 W/IPCThreadState(  683): Sending oneway calls to frozen process.
04-22 03:41:48.506 W/IPCThreadState(  683): Sending oneway calls to frozen process.
04-22 03:41:48.506 W/IPCThreadState(  683): Sending oneway calls to frozen process.
04-22 03:41:48.506 D/BackgroundInstallControlService(  683): Package event received: 0
04-22 03:41:48.506 D/BackgroundInstallControlService(  683): Package event received: 0
04-22 03:41:48.506 D/BackgroundInstallControlService(  683): Package event received: 0
04-22 03:41:48.506 D/BackgroundInstallControlService(  683): Package event received: 0
04-22 03:41:48.506 D/BackgroundInstallControlService(  683): Package event received: 0
04-22 03:41:48.506 D/BackgroundInstallControlService(  683): Package event received: 0
04-22 03:41:48.506 D/BackgroundInstallControlService(  683): Package event received: 0
04-22 03:41:48.506 D/BackgroundInstallControlService(  683): Package event received: 0
04-22 03:41:48.506 D/BackgroundInstallControlService(  683): Package event received: 0
04-22 03:41:48.506 D/BackgroundInstallControlService(  683): Package event received: 0
04-22 03:41:48.506 D/BackgroundInstallControlService(  683): Package event received: 0
04-22 03:41:48.506 D/BackgroundInstallControlService(  683): Package event received: 0
04-22 03:41:48.506 D/BackgroundInstallControlService(  683): Package event received: 0
04-22 03:41:48.506 D/BackgroundInstallControlService(  683): Package event received: 0
04-22 03:41:48.506 I/ailassemblyrn84(27752): AssetManager2(0xb400007aa8c38cd8) locale list changing from [] to [en-US]
04-22 03:41:48.506 I/BpBinder(  515): onLastStrongRef automatically unlinking death recipients: 
04-22 03:41:48.507 I/ailassemblyrn84(27752): AssetManager2(0xb400007aa8c3b578) locale list changing from [] to [en-US]
04-22 03:41:48.508 I/ailassemblyrn84(27752): AssetManager2(0xb400007aa8c3de18) locale list changing from [] to [en-US]
04-22 03:41:48.510 I/CameraScanActivity(27752): scan from imageBase64 started: length=1704
04-22 03:41:48.510 I/CameraScanActivity(27752): analyzePickedImageBase64 start: length=1704
04-22 03:41:48.510 D/AutofillManager(27752): Fill dialog is enabled:false, hints=[]
04-22 03:41:48.511 D/InsetsController(27752): Setting requestedVisibleTypes to -16 (was -9)
04-22 03:41:48.511 W/WindowManager(  683): Failed looking up window session=Session{888b4a 27752:u0a10214} callers=com.android.server.wm.WindowManagerService.windowForClientLocked:6410 com.android.server.wm.Session.updateRequestedVisibleTypes:700 android.view.IWindowSession$Stub.onTransact:1023 
04-22 03:41:48.511 W/HWUI    (27752): Image decoding logging dropped!
04-22 03:41:48.512 I/DynamiteModule(27752): Considering local module com.google.mlkit.dynamite.barcode:10000 and remote module com.google.mlkit.dynamite.barcode:0
04-22 03:41:48.512 I/DynamiteModule(27752): Selected local version of com.google.mlkit.dynamite.barcode
04-22 03:41:48.512 D/TransportRuntime.SQLiteEventStore(27752): Storing event with priority=VERY_LOW, name=FIREBASE_ML_SDK for destination cct
04-22 03:41:48.513 D/CoreBackPreview(  683): Window{4ea6e2e u0 com.impos2.mixcretailassemblyrn84/com.impos2.adapterv2.camera.CameraScanActivity}: Setting back callback OnBackInvokedCallbackInfo{mCallback=android.window.IOnBackInvokedCallback$Stub$Proxy@623d665, mPriority=-1, mIsAnimationCallback=false, mOverrideBehavior=0}
04-22 03:41:48.513 D/TransportRuntime.JobInfoScheduler(27752): Upload for context TransportContext(cct, VERY_LOW, MSRodHRwczovL2ZpcmViYXNlbG9nZ2luZy5nb29nbGVhcGlzLmNvbS92MGNjL2xvZy9iYXRjaD9mb3JtYXQ9anNvbl9wcm90bzNc) is already scheduled. Returning...
04-22 03:41:48.514 I/tflite  (27752): Replacing 43 out of 43 node(s) with delegate (TfLiteXNNPackDelegate) node, yielding 1 partitions for the whole graph.
04-22 03:41:48.515 I/tflite  (27752): Replacing 35 out of 47 node(s) with delegate (TfLiteXNNPackDelegate) node, yielding 23 partitions for the whole graph.
04-22 03:41:48.517 I/native  (27752): I0000 00:00:1776800508.516622   28350 oned_decoder_client.cc:696] barhopper::deep_learning::OnedDecoderClient is created successfully.
04-22 03:41:48.520 D/BackgroundInstallControlService(  683): Package event received: 0
04-22 03:41:48.520 D/BackgroundInstallControlService(  683): Package event received: 0
04-22 03:41:48.520 D/BackgroundInstallControlService(  683): Package event received: 0
04-22 03:41:48.520 D/BackgroundInstallControlService(  683): Package event received: 0
04-22 03:41:48.520 D/BackgroundInstallControlService(  683): Package event received: 0
04-22 03:41:48.525 D/TransportRuntime.SQLiteEventStore(27752): Storing event with priority=DEFAULT, name=FIREBASE_ML_SDK for destination cct
04-22 03:41:48.525 D/TransportRuntime.JobInfoScheduler(27752): Upload for context TransportContext(cct, DEFAULT, MSRodHRwczovL2ZpcmViYXNlbG9nZ2luZy5nb29nbGVhcGlzLmNvbS92MGNjL2xvZy9iYXRjaD9mb3JtYXQ9anNvbl9wcm90bzNc) is already scheduled. Returning...
04-22 03:41:48.527 D/TransportRuntime.SQLiteEventStore(27752): Storing event with priority=VERY_LOW, name=FIREBASE_ML_SDK for destination cct
04-22 03:41:48.528 D/TransportRuntime.JobInfoScheduler(27752): Upload for context TransportContext(cct, VERY_LOW, MSRodHRwczovL2ZpcmViYXNlbG9nZ2luZy5nb29nbGVhcGlzLmNvbS92MGNjL2xvZy9iYXRjaD9mb3JtYXQ9anNvbl9wcm90bzNc) is already scheduled. Returning...
04-22 03:41:48.533 D/TransportRuntime.SQLiteEventStore(27752): Storing event with priority=VERY_LOW, name=FIREBASE_ML_SDK for destination cct
04-22 03:41:48.533 D/TransportRuntime.JobInfoScheduler(27752): Upload for context TransportContext(cct, VERY_LOW, MSRodHRwczovL2ZpcmViYXNlbG9nZ2luZy5nb29nbGVhcGlzLmNvbS92MGNjL2xvZy9iYXRjaD9mb3JtYXQ9anNvbl9wcm90bzNc) is already scheduled. Returning...
04-22 03:41:48.537 D/TransportRuntime.SQLiteEventStore(27752): Storing event with priority=VERY_LOW, name=FIREBASE_ML_SDK for destination cct
04-22 03:41:48.537 D/TransportRuntime.JobInfoScheduler(27752): Upload for context TransportContext(cct, VERY_LOW, MSRodHRwczovL2ZpcmViYXNlbG9nZ2luZy5nb29nbGVhcGlzLmNvbS92MGNjL2xvZy9iYXRjaD9mb3JtYXQ9anNvbl9wcm90bzNc) is already scheduled. Returning...
04-22 03:41:48.552 I/CameraScanActivity(27752): analyzePickedImageBase64 success: format=256, valueLength=102
04-22 03:41:48.552 V/WindowManagerShell(  957): onTransitionReady(transaction=2933462669523)
04-22 03:41:48.553 V/WindowManagerShell(  957): onTransitionReady (#164) android.os.BinderProxy@31481b6: {id=164 t=OPEN f=0x0 trk=0 r=[0@Point(0, 0)] c=[
04-22 03:41:48.553 V/WindowManagerShell(  957):         {m=OPEN f=FILLS_TASK leash=Surface(name=ActivityRecord{68212194 u0 com.impos2.mixcretailassemblyrn84/com.impos2.adapterv2.camera.CameraScanActivity)/@0x9a3858d sb=Rect(0, 0 - 0, 0) eb=Rect(0, 0 - 2560, 1600) epz=Point(2560, 1600) d=-1->0 r=-1->0:-1 bc=ff303030 component=com.impos2.mixcretailassemblyrn84/com.impos2.adapterv2.camera.CameraScanActivity opt={t=FROM_STYLE mUserId=0}},
04-22 03:41:48.553 V/WindowManagerShell(  957):         {m=TO_BACK f=FILLS_TASK leash=Surface(name=ActivityRecord{254862394 u0 com.impos2.mixcretailassemblyrn84/.MainActivity)/@0x55f0342 sb=Rect(0, 0 - 2560, 1600) eb=Rect(0, 0 - 2560, 1600) epz=Point(2560, 1600) d=0 bc=ff303030 component=com.impos2.mixcretailassemblyrn84/.MainActivity opt={t=FROM_STYLE mUserId=0}}
04-22 03:41:48.553 V/WindowManagerShell(  957):     ]}
04-22 03:41:48.553 V/WindowManagerShell(  957): Playing animation for (#164) android.os.BinderProxy@31481b6@0
04-22 03:41:48.553 V/ShellRecents(  957): RecentsTransitionHandler.startAnimation: no controller found
