04-22 03:41:30.480 D/TrafficStats(  784): tagSocket(5) with statsTag=0xffffffff, statsUid=-1
04-22 03:41:30.480 D/NetworkMonitor/100(  784): PROBE_DNS www.google.com 26ms OK 185.45.5.35,2001::1
04-22 03:41:30.481 I/resolv  (  293): GetAddrInfoHandler::run: {100 983140 100 983140 1073 1}
04-22 03:41:30.481 I/resolv  (  293): res_nmkquery: (QUERY, IN, A)
04-22 03:41:30.481 I/resolv  (  293): resolv_cache_lookup: FOUND IN CACHE entry=0xb400007d6da7a5b0
04-22 03:41:30.481 I/resolv  (  293): doQuery: rcode=0, ancount=1, return value=48
04-22 03:41:30.482 I/resolv  (  293): res_nmkquery: (QUERY, IN, AAAA)
04-22 03:41:30.482 D/NetworkMonitor/100(  784): PROBE_DNS connectivitycheck.gstatic.com 26ms OK 114.250.65.34
04-22 03:41:30.482 I/resolv  (  293): resolv_cache_lookup: FOUND IN CACHE entry=0xb400007d7da78790
04-22 03:41:30.482 I/resolv  (  293): doQuery: rcode=0, ancount=1, return value=60
04-22 03:41:30.482 D/TrafficStats(  784): tagSocket(5) with statsTag=0xffffff81, statsUid=-1
04-22 03:41:30.483 I/resolv  (  293): GetAddrInfoHandler::run: {100 983140 100 983140 1073 1}
04-22 03:41:30.483 I/resolv  (  293): res_nmkquery: (QUERY, IN, A)
04-22 03:41:30.483 I/resolv  (  293): resolv_cache_lookup: FOUND IN CACHE entry=0xb400007d8da71d30
04-22 03:41:30.483 I/resolv  (  293): doQuery: rcode=0, ancount=1, return value=63
04-22 03:41:30.483 I/resolv  (  293): res_nmkquery: (QUERY, IN, AAAA)
04-22 03:41:30.483 I/resolv  (  293): resolv_cache_lookup: FOUND IN CACHE entry=0xb400007d9da7ff70
04-22 03:41:30.483 I/resolv  (  293): doQuery: rcode=0, ancount=0, return value=117
04-22 03:41:30.483 D/TrafficStats(  784): tagSocket(61) with statsTag=0xffffff81, statsUid=-1
04-22 03:41:30.614 D/NetworkMonitor/100(  784): PROBE_HTTP http://connectivitycheck.gstatic.com/generate_204 time=130ms ret=204 request={Connection=[close], User-Agent=[Mozilla/5.0 (X11; Linux x86_64) AppleWebKit/537.36 (KHTML, like Gecko) Chrome/60.0.3112.32 Safari/537.36]} headers={null=[HTTP/1.1 204 No Content], Connection=[close], Content-Length=[0], Cross-Origin-Resource-Policy=[cross-origin], Date=[Tue, 21 Apr 2026 19:41:30 GMT], X-Android-Received-Millis=[1776800490613], X-Android-Response-Source=[NETWORK 204], X-Android-Selected-Protocol=[http/1.1], X-Android-Sent-Millis=[1776800490529]}
04-22 03:41:33.456 I/resolv  (  293): GetAddrInfoHandler::run: {100 983140 100 983140 1073 1}
04-22 03:41:33.457 I/resolv  (  293): res_nmkquery: (QUERY, IN, AAAA)
04-22 03:41:33.457 I/resolv  (  293): res_nmkquery: (QUERY, IN, A)
04-22 03:41:33.457 I/resolv  (  293): resolv_cache_lookup: FOUND IN CACHE entry=0xb400007d9da7f430
04-22 03:41:33.457 I/resolv  (  293): doQuery: rcode=0, ancount=4, return value=149
04-22 03:41:33.458 I/resolv  (  293): resolv_cache_lookup: FOUND IN CACHE entry=0xb400007d9da7ddb0
04-22 03:41:33.458 I/resolv  (  293): doQuery: rcode=0, ancount=4, return value=101
04-22 03:41:33.458 D/TrafficStats(  784): tagSocket(61) with statsTag=0xffffff81, statsUid=-1
04-22 03:41:33.531 D/NetworkMonitor/100(  784): PROBE_FALLBACK http://play.googleapis.com/generate_204 time=75ms ret=204 request={Connection=[close], User-Agent=[Mozilla/5.0 (X11; Linux x86_64) AppleWebKit/537.36 (KHTML, like Gecko) Chrome/60.0.3112.32 Safari/537.36]} headers={null=[HTTP/1.1 204 No Content], Connection=[close], Cross-Origin-Resource-Policy=[cross-origin], Date=[Tue, 21 Apr 2026 19:41:33 GMT], X-Android-Received-Millis=[1776800493530], X-Android-Response-Source=[NETWORK 204], X-Android-Selected-Protocol=[http/1.1], X-Android-Sent-Millis=[1776800493461]}
04-22 03:41:40.486 D/TrafficStats(  784): tagSocket(5) with statsTag=0xffffff81, statsUid=-1
04-22 03:41:48.412 E/adbd    (  382): failed to connect to socket 'tcp:8888': Connection refused
04-22 03:41:50.501 D/NetworkMonitor/100(  784): PROBE_HTTPS https://www.google.com/generate_204 Probe failed with exception java.net.SocketTimeoutException: failed to connect to www.google.com/2001::1 (port 443) from /fec0::5054:ff:fe12:3456 (port 40606) after 10000ms
04-22 03:41:50.502 D/NetworkMonitor/100(  784): isCaptivePortal: isSuccessful()=false isPortal()=false RedirectUrl=null isPartialConnectivity()=true Time=20050ms
04-22 03:41:50.503 D/ConnectivityService(  519): [100 CELLULAR] validation failed
04-22 03:42:00.009 I/AiAiEcho( 1598): Predicting[0]: 
04-22 03:42:00.009 I/AiAiEcho( 1598): Ranked targets strategy: SORT, count: 0, ranking metadata: 
04-22 03:42:00.009 I/AiAiEcho( 1598): #postPredictionTargets: Sending updates to UISurface lockscreen with targets# 0
04-22 03:42:00.009 I/AiAiEcho( 1598): #postPredictionTargets: Sending updates to UISurface home with targets# 0
04-22 03:42:00.009 I/AiAiEcho( 1598): #postPredictionTargets: Sending updates to UISurface media_data_manager with targets# 0
04-22 03:42:00.022 D/SsMediaDataProvider(  728): Forwarding Smartspace updates []
04-22 03:42:00.031 D/EGL_emulation(  728): app_time_stats: avg=59991.98ms min=59991.98ms max=59991.98ms count=1
04-22 03:42:05.597 D/TrafficStats( 1251): tagSocket(81) with statsTag=0x1065fff, statsUid=-1
04-22 03:42:05.808 D/TrafficStats( 1251): tagSocket(83) with statsTag=0x1065fff, statsUid=-1
04-22 03:42:05.900 D/TrafficStats( 1251): tagSocket(97) with statsTag=0x1065fff, statsUid=-1
04-22 03:42:06.109 D/TrafficStats( 1251): tagSocket(125) with statsTag=0x1065fff, statsUid=-1
04-22 03:42:10.755 D/TrafficStats(19981): tagSocket(5) with statsTag=0xffffffff, statsUid=-1
04-22 03:42:10.755 D/TrafficStats(19981): tagSocket(70) with statsTag=0xffffffff, statsUid=-1
04-22 03:42:10.760 D/TrafficStats(19981): tagSocket(5) with statsTag=0xffffffff, statsUid=-1
04-22 03:42:10.760 D/TrafficStats(19981): tagSocket(70) with statsTag=0xffffffff, statsUid=-1
04-22 03:42:20.666 D/EGL_emulation(  728): app_time_stats: avg=20634.81ms min=20634.81ms max=20634.81ms count=1
04-22 03:42:22.437 D/TrafficStats( 1251): tagSocket(81) with statsTag=0x20008100, statsUid=-1
04-22 03:42:41.623 D/TrafficStats(19981): tagSocket(5) with statsTag=0xffffffff, statsUid=-1
04-22 03:42:41.628 D/TrafficStats(19981): tagSocket(5) with statsTag=0xffffffff, statsUid=-1
04-22 03:42:41.831 D/TrafficStats(19981): tagSocket(5) with statsTag=0xffffffff, statsUid=-1
04-22 03:42:41.835 D/TrafficStats(19981): tagSocket(5) with statsTag=0xffffffff, statsUid=-1
04-22 03:42:42.035 D/TrafficStats(19981): tagSocket(5) with statsTag=0xffffffff, statsUid=-1
04-22 03:42:42.040 D/TrafficStats(19981): tagSocket(5) with statsTag=0xffffffff, statsUid=-1
04-22 03:42:42.043 I/assembly.assembly.android.mixc-retail-rn84(19981): [assembly.topology] Starting native topology host from assembly lifecycle {"displayCount":1,"displayIndex":0,"deviceId":"6Z2H3BSGEY","instanceMode":"MASTER","enableSlave":true,"reason":"master-primary-enable-slave"}
04-22 03:42:42.045 D/CompatibilityChangeReporter(  519): Compat change id reported: 168419799; UID 10175; state: DISABLED
04-22 03:42:42.045 D/CompatibilityChangeReporter(  519): Compat change id reported: 273564678; UID 10175; state: DISABLED
04-22 03:42:42.047 D/CompatibilityChangeReporter(  519): Compat change id reported: 197654537; UID 10175; state: ENABLED
04-22 03:42:42.050 D/TrafficStats(19981): tagSocket(70) with statsTag=0xffffffff, statsUid=-1
04-22 03:42:42.051 I/assembly.assembly.android.mixc-retail-rn84(19981): [assembly.topology] Create assembly topology socket binding {"displayIndex":0,"role":"master","localNodeId":"master:6Z2H3BSGEY","wsUrl":"ws://127.0.0.1:8888/mockMasterServer/ws","httpBaseUrl":"http://127.0.0.1:8888/mockMasterServer","resolvedServerBaseUrl":"http://127.0.0.1:8888/mockMasterServer","resolvedPathTemplate":"/ws"}
04-22 03:42:42.052 I/ReactNativeJS(19981): '[assembly.android.mixc-retail-rn84.websocket] connect', { url: 'ws://127.0.0.1:8888/mockMasterServer/ws',
04-22 03:42:42.052 I/ReactNativeJS(19981):   protocol: 'ws',
04-22 03:42:42.052 I/ReactNativeJS(19981):   host: '127.0.0.1:8888',
04-22 03:42:42.052 I/ReactNativeJS(19981):   pathname: '/mockMasterServer/ws' }
04-22 03:42:42.052 I/assembly.assembly.android.mixc-retail-rn84.transport.ws.SocketRuntime(19981): [transport.ws] Socket connect started: assembly.android.mixc-retail-rn84.topology {"profileName":"assembly.android.mixc-retail-rn84.topology","serverName":"dual-topology-host-v3","addressName":"dynamic-topology-host"}
04-22 03:42:42.055 I/WebViewFactory(19981): Loading com.google.android.webview version 109.0.5414.123 (code 541412334)
04-22 03:42:42.057 W/ziparchive(19981): Unable to open '/data/app/~~2XlbTKbdSL4ytKc6vI96fw==/com.google.android.trichromelibrary_541412334-XVCZJKNYM7pdXgwa6ezTsQ==/TrichromeLibrary.dm': No such file or directory
04-22 03:42:42.057 W/ziparchive(19981): Unable to open '/data/app/~~2XlbTKbdSL4ytKc6vI96fw==/com.google.android.trichromelibrary_541412334-XVCZJKNYM7pdXgwa6ezTsQ==/TrichromeLibrary.dm': No such file or directory
04-22 03:42:42.057 W/ailassemblyrn84(19981): Entry not found
04-22 03:42:42.057 D/nativeloader(19981): Configuring classloader-namespace for other apk /data/app/~~2XlbTKbdSL4ytKc6vI96fw==/com.google.android.trichromelibrary_541412334-XVCZJKNYM7pdXgwa6ezTsQ==/TrichromeLibrary.apk. target_sdk_version=33, uses_libraries=ALL, library_path=/data/app/~~Q0ddWPLbjoO_UEypAkbhRg==/com.google.android.webview-PdQqPxJT8P1ba_nJ4hr2mw==/lib/arm64:/data/app/~~Q0ddWPLbjoO_UEypAkbhRg==/com.google.android.webview-PdQqPxJT8P1ba_nJ4hr2mw==/WebViewGoogle.apk!/lib/arm64-v8a:/data/app/~~2XlbTKbdSL4ytKc6vI96fw==/com.google.android.trichromelibrary_541412334-XVCZJKNYM7pdXgwa6ezTsQ==/TrichromeLibrary.apk!/lib/arm64-v8a, permitted_path=/data:/mnt/expand
04-22 03:42:42.058 D/nativeloader(19981): Configuring classloader-namespace for other apk /data/app/~~Q0ddWPLbjoO_UEypAkbhRg==/com.google.android.webview-PdQqPxJT8P1ba_nJ4hr2mw==/WebViewGoogle.apk. target_sdk_version=33, uses_libraries=, library_path=/data/app/~~Q0ddWPLbjoO_UEypAkbhRg==/com.google.android.webview-PdQqPxJT8P1ba_nJ4hr2mw==/lib/arm64:/data/app/~~Q0ddWPLbjoO_UEypAkbhRg==/com.google.android.webview-PdQqPxJT8P1ba_nJ4hr2mw==/WebViewGoogle.apk!/lib/arm64-v8a:/data/app/~~2XlbTKbdSL4ytKc6vI96fw==/com.google.android.trichromelibrary_541412334-XVCZJKNYM7pdXgwa6ezTsQ==/TrichromeLibrary.apk!/lib/arm64-v8a, permitted_path=/data:/mnt/expand
04-22 03:42:42.063 I/cr_WVCFactoryProvider(19981): Loaded version=109.0.5414.123 minSdkVersion=29 isBundle=false multiprocess=true packageId=2
04-22 03:42:42.066 I/cr_VariationsUtils(19981): Failed reading seed file "/data/user/0/com.impos2.mixcretailassemblyrn84/app_webview/variations_seed_new"
04-22 03:42:42.066 I/cr_VariationsUtils(19981): Failed reading seed file "/data/user/0/com.impos2.mixcretailassemblyrn84/app_webview/variations_seed"
04-22 03:42:42.066 I/cr_VariationsUtils(19981): Requesting new seed from IVariationsSeedServer
04-22 03:42:42.067 D/CompatibilityChangeReporter(  519): Compat change id reported: 135634846; UID 10141; state: DISABLED
04-22 03:42:42.067 D/CompatibilityChangeReporter(  519): Compat change id reported: 177438394; UID 10141; state: DISABLED
04-22 03:42:42.067 D/CompatibilityChangeReporter(  519): Compat change id reported: 135772972; UID 10141; state: DISABLED
04-22 03:42:42.067 D/CompatibilityChangeReporter(  519): Compat change id reported: 135754954; UID 10141; state: ENABLED
04-22 03:42:42.067 D/CompatibilityChangeReporter(  519): Compat change id reported: 143937733; UID 10141; state: ENABLED
04-22 03:42:42.069 I/cr_LibraryLoader(19981): Successfully loaded native library
04-22 03:42:42.069 I/cr_CachingUmaRecorder(19981): Flushed 9 samples from 9 histograms.
04-22 03:42:42.069 D/Zygote  (  294): Forked child process 20246
04-22 03:42:42.070 I/ActivityManager(  519): Start proc 20246:com.google.android.webview:webview_service/u0a141 for service {com.google.android.webview/org.chromium.android_webview.services.VariationsSeedServer}
04-22 03:42:42.073 I/webview_service(20246): Using CollectorTypeCC GC.
04-22 03:42:42.077 I/adbd    (  382): jdwp connection from 20246
04-22 03:42:42.083 D/CompatibilityChangeReporter(  519): Compat change id reported: 181136395; UID 10175; state: DISABLED
04-22 03:42:42.083 D/CompatibilityChangeReporter(  519): Compat change id reported: 174042936; UID 10175; state: DISABLED
04-22 03:42:42.085 D/CompatibilityChangeReporter(20246): Compat change id reported: 171979766; UID 10141; state: ENABLED
04-22 03:42:42.086 D/TrafficStats(19981): tagSocket(137) with statsTag=0xffffffff, statsUid=-1
04-22 03:42:42.087 D/TrafficStats(19981): tagSocket(138) with statsTag=0xffffffff, statsUid=-1
04-22 03:42:42.088 W/ziparchive(20246): Unable to open '/data/app/~~2XlbTKbdSL4ytKc6vI96fw==/com.google.android.trichromelibrary_541412334-XVCZJKNYM7pdXgwa6ezTsQ==/TrichromeLibrary.dm': No such file or directory
04-22 03:42:42.088 W/ziparchive(20246): Unable to open '/data/app/~~2XlbTKbdSL4ytKc6vI96fw==/com.google.android.trichromelibrary_541412334-XVCZJKNYM7pdXgwa6ezTsQ==/TrichromeLibrary.dm': No such file or directory
04-22 03:42:42.088 W/webview_service(20246): Entry not found
04-22 03:42:42.088 D/nativeloader(20246): Configuring classloader-namespace for other apk /data/app/~~2XlbTKbdSL4ytKc6vI96fw==/com.google.android.trichromelibrary_541412334-XVCZJKNYM7pdXgwa6ezTsQ==/TrichromeLibrary.apk. target_sdk_version=33, uses_libraries=ALL, library_path=/data/app/~~Q0ddWPLbjoO_UEypAkbhRg==/com.google.android.webview-PdQqPxJT8P1ba_nJ4hr2mw==/lib/arm64:/data/app/~~Q0ddWPLbjoO_UEypAkbhRg==/com.google.android.webview-PdQqPxJT8P1ba_nJ4hr2mw==/WebViewGoogle.apk!/lib/arm64-v8a:/data/app/~~2XlbTKbdSL4ytKc6vI96fw==/com.google.android.trichromelibrary_541412334-XVCZJKNYM7pdXgwa6ezTsQ==/TrichromeLibrary.apk!/lib/arm64-v8a, permitted_path=/data:/mnt/expand:/data/user/0/com.google.android.webview
04-22 03:42:42.089 D/nativeloader(20246): Configuring classloader-namespace for other apk /data/app/~~Q0ddWPLbjoO_UEypAkbhRg==/com.google.android.webview-PdQqPxJT8P1ba_nJ4hr2mw==/WebViewGoogle.apk. target_sdk_version=33, uses_libraries=, library_path=/data/app/~~Q0ddWPLbjoO_UEypAkbhRg==/com.google.android.webview-PdQqPxJT8P1ba_nJ4hr2mw==/lib/arm64:/data/app/~~Q0ddWPLbjoO_UEypAkbhRg==/com.google.android.webview-PdQqPxJT8P1ba_nJ4hr2mw==/WebViewGoogle.apk!/lib/arm64-v8a:/data/app/~~2XlbTKbdSL4ytKc6vI96fw==/com.google.android.trichromelibrary_541412334-XVCZJKNYM7pdXgwa6ezTsQ==/TrichromeLibrary.apk!/lib/arm64-v8a, permitted_path=/data:/mnt/expand:/data/user/0/com.google.android.webview
04-22 03:42:42.089 I/assembly.assembly.android.mixc-retail-rn84(19981): [assembly.topology] Native topology host already matches desired lifecycle state {"displayCount":1,"displayIndex":0,"deviceId":"6Z2H3BSGEY","instanceMode":"MASTER","enableSlave":true,"running":true,"reason":"master-primary-enable-slave"}
04-22 03:42:42.089 I/assembly.assembly.android.mixc-retail-rn84(19981): [assembly.topology] Native topology host already matches desired lifecycle state {"displayCount":1,"displayIndex":0,"deviceId":"6Z2H3BSGEY","instanceMode":"MASTER","enableSlave":true,"running":true,"reason":"master-primary-enable-slave"}
04-22 03:42:42.089 I/assembly.assembly.android.mixc-retail-rn84(19981): [assembly.topology] Native topology host already matches desired lifecycle state {"displayCount":1,"displayIndex":0,"deviceId":"6Z2H3BSGEY","instanceMode":"MASTER","enableSlave":true,"running":true,"reason":"master-primary-enable-slave"}
04-22 03:42:42.089 I/assembly.assembly.android.mixc-retail-rn84(19981): [assembly.topology] Native topology host already matches desired lifecycle state {"displayCount":1,"displayIndex":0,"deviceId":"6Z2H3BSGEY","instanceMode":"MASTER","enableSlave":true,"running":true,"reason":"master-primary-enable-slave"}
04-22 03:42:42.090 I/assembly.assembly.android.mixc-retail-rn84(19981): [assembly.topology] Native topology host already matches desired lifecycle state {"displayCount":1,"displayIndex":0,"deviceId":"6Z2H3BSGEY","instanceMode":"MASTER","enableSlave":true,"running":true,"reason":"master-primary-enable-slave"}
04-22 03:42:42.091 I/assembly.assembly.android.mixc-retail-rn84(19981): [assembly.topology] Native topology host already matches desired lifecycle state {"displayCount":1,"displayIndex":0,"deviceId":"6Z2H3BSGEY","instanceMode":"MASTER","enableSlave":true,"running":true,"reason":"master-primary-enable-slave"}
04-22 03:42:42.092 I/assembly.assembly.android.mixc-retail-rn84(19981): [assembly.topology] Native topology host already matches desired lifecycle state {"displayCount":1,"displayIndex":0,"deviceId":"6Z2H3BSGEY","instanceMode":"MASTER","enableSlave":true,"running":true,"reason":"master-primary-enable-slave"}
04-22 03:42:42.092 I/assembly.assembly.android.mixc-retail-rn84(19981): [assembly.topology] Native topology host already matches desired lifecycle state {"displayCount":1,"displayIndex":0,"deviceId":"6Z2H3BSGEY","instanceMode":"MASTER","enableSlave":true,"running":true,"reason":"master-primary-enable-slave"}
04-22 03:42:42.105 V/GraphicsEnvironment(20246): ANGLE Developer option for 'com.google.android.webview' set to: 'default'
04-22 03:42:42.105 V/GraphicsEnvironment(20246): ANGLE GameManagerService for com.google.android.webview: false
04-22 03:42:42.105 V/GraphicsEnvironment(20246): Neither updatable production driver nor prerelease driver is supported.
04-22 03:42:42.107 I/LoadedApk(20246): No resource references to update in package com.google.android.trichromelibrary
04-22 03:42:42.107 D/NetworkSecurityConfig(20246): No Network Security Config specified, using platform default
04-22 03:42:42.107 D/NetworkSecurityConfig(20246): No Network Security Config specified, using platform default
04-22 03:42:42.108 I/cr_WebViewApkApp(20246): Launched version=109.0.5414.123 minSdkVersion=29 isBundle=false processName=com.google.android.webview:webview_service
04-22 03:42:42.116 I/cr_VariationsUtils(20246): Seed download job already scheduled
04-22 03:42:42.120 D/TrafficStats(19981): tagSocket(135) with statsTag=0xffffffff, statsUid=-1
04-22 03:42:42.122 D/TrafficStats(19981): tagSocket(135) with statsTag=0xffffffff, statsUid=-1
04-22 03:42:54.572 D/TrafficStats(  784): tagSocket(5) with statsTag=0xffffff81, statsUid=-1
04-22 03:42:54.572 D/TrafficStats(  784): tagSocket(61) with statsTag=0xffffff81, statsUid=-1
04-22 03:42:54.574 D/TrafficStats(  784): tagSocket(5) with statsTag=0xffffff81, statsUid=-1
04-22 03:42:54.574 D/TrafficStats(  784): tagSocket(68) with statsTag=0xffffff81, statsUid=-1
04-22 03:42:54.577 I/resolv  (  293): ResNSendHandler::run: 0 / {100 983140 100 983140 1073 1}
04-22 03:42:54.578 I/resolv  (  293): ResNSendHandler::run: 0 / {100 983140 100 983140 1073 1}
04-22 03:42:54.579 I/resolv  (  293): ResNSendHandler::run: 0 / {100 983140 100 983140 1073 1}
04-22 03:42:54.579 I/resolv  (  293): resolv_cache_lookup: FOUND IN CACHE entry=0xb400007d6da7a5b0
04-22 03:42:54.579 I/resolv  (  293): ResNSendHandler::run: 0 / {100 983140 100 983140 1073 1}
04-22 03:42:54.579 I/resolv  (  293): resolv_cache_lookup: FOUND IN CACHE entry=0xb400007d8da71d30
04-22 03:42:54.595 I/resolv  (  293): res_nsend: used send_dg 117 terrno: 0
04-22 03:42:54.596 D/TrafficStats(  784): tagSocket(61) with statsTag=0xffffffff, statsUid=-1
04-22 03:42:54.596 I/resolv  (  293): res_nsend: used send_dg 60 terrno: 0
04-22 03:42:54.598 D/TrafficStats(  784): tagSocket(5) with statsTag=0xffffffff, statsUid=-1
04-22 03:42:54.598 D/NetworkMonitor/100(  784): PROBE_DNS connectivitycheck.gstatic.com 26ms OK 114.250.65.34
04-22 03:42:54.599 D/TrafficStats(  784): tagSocket(5) with statsTag=0xffffffff, statsUid=-1
04-22 03:42:54.599 I/resolv  (  293): GetAddrInfoHandler::run: {100 983140 100 983140 1073 1}
04-22 03:42:54.599 I/resolv  (  293): res_nmkquery: (QUERY, IN, A)
04-22 03:42:54.599 I/resolv  (  293): resolv_cache_lookup: FOUND IN CACHE entry=0xb400007d8da71d30
04-22 03:42:54.599 I/resolv  (  293): doQuery: rcode=0, ancount=1, return value=63
04-22 03:42:54.599 I/resolv  (  293): res_nmkquery: (QUERY, IN, AAAA)
04-22 03:42:54.599 I/resolv  (  293): resolv_cache_lookup: FOUND IN CACHE entry=0xb400007d9da7ff70
04-22 03:42:54.599 I/resolv  (  293): doQuery: rcode=0, ancount=0, return value=117
04-22 03:42:54.599 D/TrafficStats(  784): tagSocket(68) with statsTag=0xffffff81, statsUid=-1
04-22 03:42:54.600 D/NetworkMonitor/100(  784): PROBE_DNS www.google.com 28ms OK 185.45.5.35,2001::1
04-22 03:42:54.600 I/resolv  (  293): GetAddrInfoHandler::run: {100 983140 100 983140 1073 1}
04-22 03:42:54.601 I/resolv  (  293): res_nmkquery: (QUERY, IN, AAAA)
04-22 03:42:54.601 I/resolv  (  293): resolv_cache_lookup: FOUND IN CACHE entry=0xb400007d7da78790
04-22 03:42:54.601 I/resolv  (  293): doQuery: rcode=0, ancount=1, return value=60
04-22 03:42:54.601 I/resolv  (  293): res_nmkquery: (QUERY, IN, A)
04-22 03:42:54.601 I/resolv  (  293): resolv_cache_lookup: FOUND IN CACHE entry=0xb400007d6da7a5b0
04-22 03:42:54.601 I/resolv  (  293): doQuery: rcode=0, ancount=1, return value=48
04-22 03:42:54.601 D/TrafficStats(  784): tagSocket(5) with statsTag=0xffffff81, statsUid=-1
04-22 03:42:54.723 D/NetworkMonitor/100(  784): PROBE_HTTP http://connectivitycheck.gstatic.com/generate_204 time=125ms ret=204 request={Connection=[close], User-Agent=[Mozilla/5.0 (X11; Linux x86_64) AppleWebKit/537.36 (KHTML, like Gecko) Chrome/60.0.3112.32 Safari/537.36]} headers={null=[HTTP/1.1 204 No Content], Connection=[close], Content-Length=[0], Cross-Origin-Resource-Policy=[cross-origin], Date=[Tue, 21 Apr 2026 19:42:54 GMT], X-Android-Received-Millis=[1776800574722], X-Android-Response-Source=[NETWORK 204], X-Android-Selected-Protocol=[http/1.1], X-Android-Sent-Millis=[1776800574640]}
04-22 03:42:57.578 I/resolv  (  293): GetAddrInfoHandler::run: {100 983140 100 983140 1073 1}
04-22 03:42:57.578 I/resolv  (  293): res_nmkquery: (QUERY, IN, A)
04-22 03:42:57.578 I/resolv  (  293): resolv_cache_lookup: FOUND IN CACHE entry=0xb400007d6da7a5b0
04-22 03:42:57.578 I/resolv  (  293): doQuery: rcode=0, ancount=1, return value=48
04-22 03:42:57.579 I/resolv  (  293): res_nmkquery: (QUERY, IN, AAAA)
04-22 03:42:57.580 I/resolv  (  293): resolv_cache_lookup: FOUND IN CACHE entry=0xb400007d7da78790
04-22 03:42:57.580 I/resolv  (  293): doQuery: rcode=0, ancount=1, return value=60
04-22 03:42:57.582 D/TrafficStats(  784): tagSocket(61) with statsTag=0xffffff81, statsUid=-1
04-22 03:42:57.694 D/NetworkMonitor/100(  784): PROBE_FALLBACK http://www.google.com/gen_204 time=118ms ret=204 request={Connection=[close], User-Agent=[Mozilla/5.0 (X11; Linux x86_64) AppleWebKit/537.36 (KHTML, like Gecko) Chrome/60.0.3112.32 Safari/537.36]} headers={null=[HTTP/1.1 204 No Content], Connection=[close], Content-Security-Policy=[object-src 'none';base-uri 'self';script-src 'nonce-zjLVXWyykiVgcrNWzx2OHA' 'strict-dynamic' 'report-sample' 'unsafe-eval' 'unsafe-inline' https: http:;report-uri https://csp.withgoogle.com/csp/gws/other], Content-Type=[text/html; charset=UTF-8], Date=[Tue, 21 Apr 2026 19:42:57 GMT], Permissions-Policy=[unload=()], Server=[gws], X-Android-Received-Millis=[1776800577694], X-Android-Response-Source=[NETWORK 204], X-Android-Selected-Protocol=[http/1.1], X-Android-Sent-Millis=[1776800577584], X-Frame-Options=[SAMEORIGIN], X-Xss-Protection=[0]}
04-22 03:43:00.004 I/AiAiEcho( 1598): Predicting[0]: 
04-22 03:43:00.004 I/AiAiEcho( 1598): Ranked targets strategy: SORT, count: 0, ranking metadata: 
04-22 03:43:00.004 I/AiAiEcho( 1598): #postPredictionTargets: Sending updates to UISurface lockscreen with targets# 0
04-22 03:43:00.005 I/AiAiEcho( 1598): #postPredictionTargets: Sending updates to UISurface home with targets# 0
04-22 03:43:00.005 I/AiAiEcho( 1598): #postPredictionTargets: Sending updates to UISurface media_data_manager with targets# 0
04-22 03:43:00.026 D/SsMediaDataProvider(  728): Forwarding Smartspace updates []
04-22 03:43:00.037 D/EGL_emulation(  728): app_time_stats: avg=39371.02ms min=39371.02ms max=39371.02ms count=1
04-22 03:43:04.604 D/TrafficStats(  784): tagSocket(5) with statsTag=0xffffff81, statsUid=-1
04-22 03:43:05.782 I/logd    (  158): logdr: UID=2000 GID=2000 PID=20299 n tail=0 logMask=99 pid=0 start=0ns deadline=0ns
04-22 03:43:05.793 D/TrafficStats(19981): tagSocket(135) with statsTag=0xffffffff, statsUid=-1
04-22 03:43:05.798 D/TrafficStats(19981): tagSocket(139) with statsTag=0xffffffff, statsUid=-1
