--------- beginning of main
04-22 03:49:52.768 I/assembly.assembly.android.mixc-retail-rn84(27752): [assembly.topology] Native topology host already matches desired lifecycle state {"displayCount":1,"displayIndex":0,"deviceId":"ZJ63NQELD9","instanceMode":"SLAVE","enableSlave":false,"running":false,"reason":"not-master-or-single-primary-host"}
04-22 03:49:52.769 I/assembly.assembly.android.mixc-retail-rn84(27752): [assembly.topology] Native topology host already matches desired lifecycle state {"displayCount":1,"displayIndex":0,"deviceId":"ZJ63NQELD9","instanceMode":"SLAVE","enableSlave":false,"running":false,"reason":"not-master-or-single-primary-host"}
04-22 03:49:52.787 I/assembly.assembly.android.mixc-retail-rn84(27752): [assembly.topology] Native topology host already matches desired lifecycle state {"displayCount":1,"displayIndex":0,"deviceId":"ZJ63NQELD9","instanceMode":"SLAVE","enableSlave":false,"running":false,"reason":"not-master-or-single-primary-host"}
04-22 03:49:52.787 I/assembly.assembly.android.mixc-retail-rn84(27752): [assembly.topology] Native topology host already matches desired lifecycle state {"displayCount":1,"displayIndex":0,"deviceId":"ZJ63NQELD9","instanceMode":"SLAVE","enableSlave":false,"running":false,"reason":"not-master-or-single-primary-host"}
04-22 03:49:52.788 I/assembly.assembly.android.mixc-retail-rn84(27752): [assembly.topology] Native topology host already matches desired lifecycle state {"displayCount":1,"displayIndex":0,"deviceId":"ZJ63NQELD9","instanceMode":"SLAVE","enableSlave":false,"running":false,"reason":"not-master-or-single-primary-host"}
04-22 03:49:52.789 I/assembly.assembly.android.mixc-retail-rn84(27752): [assembly.topology] Native topology host already matches desired lifecycle state {"displayCount":1,"displayIndex":0,"deviceId":"ZJ63NQELD9","instanceMode":"SLAVE","enableSlave":false,"running":false,"reason":"not-master-or-single-primary-host"}
04-22 03:49:52.791 I/ConnectorManager(27752): call start taskId=950dc9a592024e39ab5a715bb3f035c3 channel=INTENT/camera action=com.impos2.posadapter.action.CAMERA_SCAN timeout=60000
04-22 03:49:52.792 V/GrammaticalInflectionUtils(  683): AttributionSource: AttributionSource { uid = 10214, packageName = null, attributionTag = null, token = android.os.Binder@d3d534, deviceId = 0, next = null } does not have READ_SYSTEM_GRAMMATICAL_GENDER permission.
--------- beginning of system
04-22 03:49:52.792 W/OptProp (  683): Cannot read opt property android.window.PROPERTY_COMPAT_ALLOW_USER_ASPECT_RATIO_OVERRIDE
04-22 03:49:52.792 W/OptProp (  683): Cannot read opt property android.window.PROPERTY_COMPAT_ALLOW_USER_ASPECT_RATIO_FULLSCREEN_OVERRIDE
04-22 03:49:52.792 W/OptProp (  683): Cannot read opt property android.window.PROPERTY_COMPAT_ALLOW_RESIZEABLE_ACTIVITY_OVERRIDES
04-22 03:49:52.792 W/OptProp (  683): Cannot read opt property android.window.PROPERTY_COMPAT_ALLOW_MIN_ASPECT_RATIO_OVERRIDE
04-22 03:49:52.792 W/OptProp (  683): Cannot read opt property android.window.PROPERTY_COMPAT_ALLOW_ORIENTATION_OVERRIDE
04-22 03:49:52.793 I/ActivityTaskManager(  683): Ignoring manifest-declared fixed orientation SCREEN_ORIENTATION_PORTRAIT of ActivityRecord{175178139 u0 com.impos2.mixcretailassemblyrn84/com.impos2.adapterv2.camera.CameraScanActivity t41} since target sdk 36
04-22 03:49:52.794 I/ActivityTaskManager(  683): START u0 {act=com.impos2.posadapter.action.CAMERA_SCAN flg=0x24000000 xflg=0x4 cmp=com.impos2.mixcretailassemblyrn84/com.impos2.adapterv2.camera.CameraScanActivity (has extras)} with LAUNCH_MULTIPLE from uid 10214 (sr=254862394) (BAL_ALLOW_VISIBLE_WINDOW) result code=0
04-22 03:49:52.794 W/unknown:BridgelessReact(27752): ReactHost{0}.onUserLeaveHint(activity)
04-22 03:49:52.794 W/unknown:BridgelessReact(27752): ReactHost{0}.onHostPause(activity)
04-22 03:49:52.794 W/unknown:BridgelessReact(27752): ReactHost{0}.ReactContext.onHostPause()
04-22 03:49:52.794 I/CameraScannerManager(27752): startScan success: requestId=01d2a047-5dd1-484f-acb7-5624dbc8b017, scanMode=QR_CODE_MODE, imageUri=false, imageBase64=true, waitResult=true
04-22 03:49:52.795 D/BackgroundInstallControlService(  683): Package event received: 0
04-22 03:49:52.795 V/WindowManagerShell(  957): Transition requested (#166): android.os.BinderProxy@6130c59 TransitionRequestInfo { type = OPEN, triggerTask = TaskInfo{userId=0 taskId=41 effectiveUid=10214 displayId=0 isRunning=true baseIntent=Intent { flg=0x10000000 cmp=com.impos2.mixcretailassemblyrn84/.MainActivity } baseActivity=ComponentInfo{com.impos2.mixcretailassemblyrn84/com.impos2.mixcretailassemblyrn84.MainActivity} topActivity=ComponentInfo{com.impos2.mixcretailassemblyrn84/com.impos2.adapterv2.camera.CameraScanActivity} origActivity=null realActivity=ComponentInfo{com.impos2.mixcretailassemblyrn84/com.impos2.mixcretailassemblyrn84.MainActivity} numActivities=2 lastActiveTime=26450337 supportsMultiWindow=true resizeMode=1 isResizeable=true minWidth=-1 minHeight=-1 defaultMinSize=220 token=WCT{android.window.IWindowContainerToken$Stub$Proxy@9b5901e} topActivityType=1 pictureInPictureParams=null shouldDockBigOverlays=false launchIntoPipHostTaskId=-1 lastParentTaskIdBeforePip=-1 displayCutoutSafeInsets=Rect(0, 0 - 0, 0) topActivityInfo=ActivityInfo{96bb0ff com.impos2.adapterv2.camera.CameraScanActivity} launchCookies=[] positionInParent=Point(0, 0) parentTaskId=-1 isFocused=true isVisible=true isVisibleRequested=true isTopActivityNoDisplay=false isSleeping=false locusId=null displayAreaFeatureId=1 isTopActivityTransparent=false isActivityStackTransparent=false lastNonFullscreenBounds=Rect(892, 102 - 1668, 1482) capturedLink=null capturedLinkTimestamp=0 requestedVisibleTypes=-9 topActivityRequestOpenInBrowserEducationTimestamp=0 appCompatTaskInfo=AppCompatTaskInfo { topActivityInSizeCompat=false eligibleForLetterboxEducation= false isLetterboxEducationEnabled= true isLetterboxDoubleTapEnabled= false eligibleForUserAspectRatioButton= true topActivityBoundsLetterboxed= false isFromLetterboxDoubleTap= false topActivityLetterboxVerticalPosition= -1 topActivityLetterboxHorizontalPosition= -1 topActivityLetterboxWidth=-1 topActivityLetterboxHeight=-1 topActivityAppBounds=Rect(0, 0 - 2560, 1600) isUserFullscreenOverrideEnabled=false isSystemFullscreenOverrideEnabled=false hasMinAspectRatioOverride=false topActivityLetterboxBounds=null cameraCompatTaskInfo=CameraCompatTaskInfo { freeformCameraCompatMode=inactive}} topActivityMainWindowFrame=null}, pipChange = null, remoteTransition = null, displayChange = null, flags = 0, debugId = 166 }
04-22 03:49:52.795 D/ShellSplitScreen(  957): logExit: no-op, mLoggerSessionId is null
04-22 03:49:52.795 W/OptProp (  683): Cannot read opt property android.window.PROPERTY_COMPAT_ALLOW_DISPLAY_ORIENTATION_OVERRIDE
04-22 03:49:52.796 W/OptProp (  683): Cannot read opt property android.window.PROPERTY_COMPAT_ENABLE_FAKE_FOCUS
04-22 03:49:52.798 D/BackgroundInstallControlService(  683): Package event received: 0
04-22 03:49:52.799 D/BackgroundInstallControlService(  683): Package event received: 0
04-22 03:49:52.799 I/ailassemblyrn84(27752): AssetManager2(0xb400007aa8c2f9f8) locale list changing from [] to [en-US]
04-22 03:49:52.799 W/IPCThreadState(  683): Sending oneway calls to frozen process.
04-22 03:49:52.799 W/IPCThreadState(  683): Sending oneway calls to frozen process.
04-22 03:49:52.799 W/IPCThreadState(  683): Sending oneway calls to frozen process.
04-22 03:49:52.799 W/IPCThreadState(  683): Sending oneway calls to frozen process.
04-22 03:49:52.799 W/IPCThreadState(  683): Sending oneway calls to frozen process.
04-22 03:49:52.799 W/IPCThreadState(  683): Sending oneway calls to frozen process.
04-22 03:49:52.799 W/IPCThreadState(  683): Sending oneway calls to frozen process.
04-22 03:49:52.799 W/IPCThreadState(  683): Sending oneway calls to frozen process.
04-22 03:49:52.799 W/IPCThreadState(  683): Sending oneway calls to frozen process.
04-22 03:49:52.799 W/IPCThreadState(  683): Sending oneway calls to frozen process.
04-22 03:49:52.799 W/IPCThreadState(  683): Sending oneway calls to frozen process.
04-22 03:49:52.800 W/IPCThreadState(  683): Sending oneway calls to frozen process.
04-22 03:49:52.800 W/IPCThreadState(  683): Sending oneway calls to frozen process.
04-22 03:49:52.800 W/IPCThreadState(  683): Sending oneway calls to frozen process.
04-22 03:49:52.800 W/IPCThreadState(  683): Sending oneway calls to frozen process.
04-22 03:49:52.800 W/IPCThreadState(  683): Sending oneway calls to frozen process.
04-22 03:49:52.800 W/IPCThreadState(  683): Sending oneway calls to frozen process.
04-22 03:49:52.800 W/IPCThreadState(  683): Sending oneway calls to frozen process.
04-22 03:49:52.800 W/IPCThreadState(  683): Sending oneway calls to frozen process.
04-22 03:49:52.800 W/IPCThreadState(  683): Sending oneway calls to frozen process.
04-22 03:49:52.800 W/IPCThreadState(  683): Sending oneway calls to frozen process.
04-22 03:49:52.800 W/IPCThreadState(  683): Sending oneway calls to frozen process.
04-22 03:49:52.800 W/IPCThreadState(  683): Sending oneway calls to frozen process.
04-22 03:49:52.800 W/IPCThreadState(  683): Sending oneway calls to frozen process.
04-22 03:49:52.800 W/IPCThreadState(  683): Sending oneway calls to frozen process.
04-22 03:49:52.800 W/IPCThreadState(  683): Sending oneway calls to frozen process.
04-22 03:49:52.800 W/IPCThreadState(  683): Sending oneway calls to frozen process.
04-22 03:49:52.800 W/IPCThreadState(  683): Sending oneway calls to frozen process.
04-22 03:49:52.800 W/IPCThreadState(  683): Sending oneway calls to frozen process.
04-22 03:49:52.800 W/IPCThreadState(  683): Sending oneway calls to frozen process.
04-22 03:49:52.800 W/IPCThreadState(  683): Sending oneway calls to frozen process.
04-22 03:49:52.800 W/IPCThreadState(  683): Sending oneway calls to frozen process.
04-22 03:49:52.800 W/IPCThreadState(  683): Sending oneway calls to frozen process.
04-22 03:49:52.800 W/IPCThreadState(  683): Sending oneway calls to frozen process.
04-22 03:49:52.800 W/IPCThreadState(  683): Sending oneway calls to frozen process.
04-22 03:49:52.800 W/IPCThreadState(  683): Sending oneway calls to frozen process.
04-22 03:49:52.800 W/IPCThreadState(  683): Sending oneway calls to frozen process.
04-22 03:49:52.800 W/IPCThreadState(  683): Sending oneway calls to frozen process.
04-22 03:49:52.800 W/IPCThreadState(  683): Sending oneway calls to frozen process.
04-22 03:49:52.800 W/IPCThreadState(  683): Sending oneway calls to frozen process.
04-22 03:49:52.800 W/IPCThreadState(  683): Sending oneway calls to frozen process.
04-22 03:49:52.800 W/IPCThreadState(  683): Sending oneway calls to frozen process.
04-22 03:49:52.800 W/IPCThreadState(  683): Sending oneway calls to frozen process.
04-22 03:49:52.800 W/IPCThreadState(  683): Sending oneway calls to frozen process.
04-22 03:49:52.800 W/IPCThreadState(  683): Sending oneway calls to frozen process.
04-22 03:49:52.800 W/IPCThreadState(  683): Sending oneway calls to frozen process.
04-22 03:49:52.800 W/IPCThreadState(  683): Sending oneway calls to frozen process.
04-22 03:49:52.804 I/CameraScanActivity(27752): scan from imageBase64 started: length=5876
04-22 03:49:52.804 I/CameraScanActivity(27752): analyzePickedImageBase64 start: length=5876
04-22 03:49:52.806 D/AutofillManager(27752): Fill dialog is enabled:false, hints=[]
04-22 03:49:52.807 I/BpBinder(  515): onLastStrongRef automatically unlinking death recipients: 
04-22 03:49:52.809 W/HWUI    (27752): Image decoding logging dropped!
04-22 03:49:52.809 I/DynamiteModule(27752): Considering local module com.google.mlkit.dynamite.barcode:10000 and remote module com.google.mlkit.dynamite.barcode:0
04-22 03:49:52.809 I/DynamiteModule(27752): Selected local version of com.google.mlkit.dynamite.barcode
04-22 03:49:52.811 I/tflite  (27752): Replacing 43 out of 43 node(s) with delegate (TfLiteXNNPackDelegate) node, yielding 1 partitions for the whole graph.
04-22 03:49:52.812 I/tflite  (27752): Replacing 35 out of 47 node(s) with delegate (TfLiteXNNPackDelegate) node, yielding 23 partitions for the whole graph.
04-22 03:49:52.812 I/native  (27752): I0000 00:00:1776800992.812660   28702 oned_decoder_client.cc:696] barhopper::deep_learning::OnedDecoderClient is created successfully.
04-22 03:49:52.812 D/TransportRuntime.SQLiteEventStore(27752): Storing event with priority=VERY_LOW, name=FIREBASE_ML_SDK for destination cct
04-22 03:49:52.813 D/TransportRuntime.JobInfoScheduler(27752): Upload for context TransportContext(cct, VERY_LOW, MSRodHRwczovL2ZpcmViYXNlbG9nZ2luZy5nb29nbGVhcGlzLmNvbS92MGNjL2xvZy9iYXRjaD9mb3JtYXQ9anNvbl9wcm90bzNc) is already scheduled. Returning...
04-22 03:49:52.814 D/InsetsController(27752): Setting requestedVisibleTypes to -16 (was -9)
04-22 03:49:52.816 D/CoreBackPreview(  683): Window{b541c77 u0 com.impos2.mixcretailassemblyrn84/com.impos2.adapterv2.camera.CameraScanActivity}: Setting back callback OnBackInvokedCallbackInfo{mCallback=android.window.IOnBackInvokedCallback$Stub$Proxy@3c9594d, mPriority=-1, mIsAnimationCallback=false, mOverrideBehavior=0}
04-22 03:49:52.822 D/TransportRuntime.SQLiteEventStore(27752): Storing event with priority=DEFAULT, name=FIREBASE_ML_SDK for destination cct
04-22 03:49:52.822 D/TransportRuntime.JobInfoScheduler(27752): Upload for context TransportContext(cct, DEFAULT, MSRodHRwczovL2ZpcmViYXNlbG9nZ2luZy5nb29nbGVhcGlzLmNvbS92MGNjL2xvZy9iYXRjaD9mb3JtYXQ9anNvbl9wcm90bzNc) is already scheduled. Returning...
04-22 03:49:52.826 D/TransportRuntime.SQLiteEventStore(27752): Storing event with priority=VERY_LOW, name=FIREBASE_ML_SDK for destination cct
04-22 03:49:52.828 D/TransportRuntime.JobInfoScheduler(27752): Upload for context TransportContext(cct, VERY_LOW, MSRodHRwczovL2ZpcmViYXNlbG9nZ2luZy5nb29nbGVhcGlzLmNvbS92MGNjL2xvZy9iYXRjaD9mb3JtYXQ9anNvbl9wcm90bzNc) is already scheduled. Returning...
04-22 03:49:52.839 D/TransportRuntime.SQLiteEventStore(27752): Storing event with priority=VERY_LOW, name=FIREBASE_ML_SDK for destination cct
04-22 03:49:52.839 D/TransportRuntime.JobInfoScheduler(27752): Upload for context TransportContext(cct, VERY_LOW, MSRodHRwczovL2ZpcmViYXNlbG9nZ2luZy5nb29nbGVhcGlzLmNvbS92MGNjL2xvZy9iYXRjaD9mb3JtYXQ9anNvbl9wcm90bzNc) is already scheduled. Returning...
04-22 03:49:52.846 I/CameraScanActivity(27752): analyzePickedImageBase64 success: format=256, valueLength=102
04-22 03:49:52.847 I/ActivityTaskManager(  683): Displayed com.impos2.mixcretailassemblyrn84/com.impos2.adapterv2.camera.CameraScanActivity for user 0: +54ms
04-22 03:49:52.847 V/WindowManagerShell(  957): onTransitionReady(transaction=2933462669550)
04-22 03:49:52.847 V/WindowManagerShell(  957): onTransitionReady (#166) android.os.BinderProxy@6130c59: {id=166 t=OPEN f=0x0 trk=0 r=[0@Point(0, 0)] c=[
04-22 03:49:52.847 V/WindowManagerShell(  957):         {m=OPEN f=FILLS_TASK leash=Surface(name=ActivityRecord{175178139 u0 com.impos2.mixcretailassemblyrn84/com.impos2.adapterv2.camera.CameraScanActivity)/@0x7023ecc sb=Rect(0, 0 - 0, 0) eb=Rect(0, 0 - 2560, 1600) epz=Point(2560, 1600) d=-1->0 r=-1->0:-1 bc=ff303030 component=com.impos2.mixcretailassemblyrn84/com.impos2.adapterv2.camera.CameraScanActivity opt={t=FROM_STYLE mUserId=0}},
04-22 03:49:52.847 V/WindowManagerShell(  957):         {m=TO_BACK f=FILLS_TASK leash=Surface(name=ActivityRecord{254862394 u0 com.impos2.mixcretailassemblyrn84/.MainActivity)/@0x8df1515 sb=Rect(0, 0 - 2560, 1600) eb=Rect(0, 0 - 2560, 1600) epz=Point(2560, 1600) d=0 bc=ff303030 component=com.impos2.mixcretailassemblyrn84/.MainActivity opt={t=FROM_STYLE mUserId=0}}
04-22 03:49:52.847 V/WindowManagerShell(  957):     ]}
04-22 03:49:52.847 V/WindowManagerShell(  957): Playing animation for (#166) android.os.BinderProxy@6130c59@0
04-22 03:49:52.848 V/ShellRecents(  957): RecentsTransitionHandler.startAnimation: no controller found
04-22 03:49:52.848 V/WindowManagerShell(  957): Transition doesn't have explicit remote, search filters for match for {id=166 t=OPEN f=0x0 trk=0 r=[0@Point(0, 0)] c=[{m=OPEN f=FILLS_TASK leash=Surface(name=ActivityRecord{175178139 u0 com.impos2.mixcretailassemblyrn84/com.impos2.adapterv2.camera.CameraScanActivity)/@0x7023ecc sb=Rect(0, 0 - 0, 0) eb=Rect(0, 0 - 2560, 1600) epz=Point(2560, 1600) d=-1->0 r=-1->0:-1 bc=ff303030 component=com.impos2.mixcretailassemblyrn84/com.impos2.adapterv2.camera.CameraScanActivity opt={t=FROM_STYLE mUserId=0}},{m=TO_BACK f=FILLS_TASK leash=Surface(name=ActivityRecord{254862394 u0 com.impos2.mixcretailassemblyrn84/.MainActivity)/@0x8df1515 sb=Rect(0, 0 - 2560, 1600) eb=Rect(0, 0 - 2560, 1600) epz=Point(2560, 1600) d=0 bc=ff303030 component=com.impos2.mixcretailassemblyrn84/.MainActivity opt={t=FROM_STYLE mUserId=0}}]}
04-22 03:49:52.848 V/WindowManagerShell(  957):  Checking filter Pair{{types=[] flags=0x0] notFlags=0x0 checks=[{atype=undefined independent=true modes=[CLOSE,TO_BACK] flags=IN_TASK_WITH_EMBEDDED_ACTIVITY mustBeTask=false order=ANY topActivity=null launchCookie=null taskFragmentToken=android.os.BinderProxy@c0a78a1 windowingMode=undefined}]} RemoteTransition { remoteTransition = android.window.IRemoteTransition$Stub$Proxy@ebc9ac6, appThread = android.app.IApplicationThread$Stub$Proxy@89a6a87, debugName = overlayBackTransition }}
04-22 03:49:52.848 V/WindowManagerShell(  957):  Checking filter Pair{{types=[] flags=0x0] notFlags=0x0 checks=[{atype=dream independent=true modes=[OPEN,TO_FRONT] flags=NONE mustBeTask=false order=ANY topActivity=null launchCookie=null windowingMode=undefined},{atype=home independent=true modes=[CLOSE,TO_BACK] flags=NONE mustBeTask=false order=ANY topActivity=null launchCookie=null windowingMode=undefined}]} RemoteTransition { remoteTransition = android.window.IRemoteTransition$Stub$Proxy@19eadb4, appThread = android.app.IApplicationThread$Stub$Proxy@6b4fddd, debugName = LauncherToDream }}
04-22 03:49:52.848 V/WindowManagerShell(  957):  Checking filter Pair{{types=[] flags=0x0] notFlags=0x100 checks=[{atype=home independent=true modes=[OPEN,TO_FRONT] flags=NONE mustBeTask=false order=TOP topActivity=ComponentInfo{com.google.android.apps.nexuslauncher/com.google.android.apps.nexuslauncher.NexusLauncherActivity} launchCookie=null windowingMode=undefined},{atype=standard independent=true modes=[CLOSE,TO_BACK] flags=NONE mustBeTask=false order=ANY topActivity=null launchCookie=null windowingMode=undefined},{NOT atype=undefined independent=true modes=[] flags=NONE mustBeTask=true order=ANY topActivity=null launchCookie=null customAnim=true windowingMode=undefined}]} RemoteTransition { remoteTransition = android.window.IRemoteTransition$Stub$Proxy@6579d52, appThread = android.app.IApplicationThread$Stub$Proxy@4a92823, debugName = QuickstepLaunchHome }}
04-22 03:49:52.848 V/WindowManagerShell(  957):  Delegate animation for (#166) to null
04-22 03:49:52.848 V/WindowManagerShell(  957): start default transition animation, info = {id=166 t=OPEN f=0x0 trk=0 r=[0@Point(0, 0)] c=[{m=OPEN f=FILLS_TASK leash=Surface(name=ActivityRecord{175178139 u0 com.impos2.mixcretailassemblyrn84/com.impos2.adapterv2.camera.CameraScanActivity)/@0x7023ecc sb=Rect(0, 0 - 0, 0) eb=Rect(0, 0 - 2560, 1600) epz=Point(2560, 1600) d=-1->0 r=-1->0:-1 bc=ff303030 component=com.impos2.mixcretailassemblyrn84/com.impos2.adapterv2.camera.CameraScanActivity opt={t=FROM_STYLE mUserId=0}},{m=TO_BACK f=FILLS_TASK leash=Surface(name=ActivityRecord{254862394 u0 com.impos2.mixcretailassemblyrn84/.MainActivity)/@0x8df1515 sb=Rect(0, 0 - 2560, 1600) eb=Rect(0, 0 - 2560, 1600) epz=Point(2560, 1600) d=0 bc=ff303030 component=com.impos2.mixcretailassemblyrn84/.MainActivity opt={t=FROM_STYLE mUserId=0}}]}
04-22 03:49:52.848 D/TransportRuntime.SQLiteEventStore(27752): Storing event with priority=VERY_LOW, name=FIREBASE_ML_SDK for destination cct
04-22 03:49:52.848 V/WindowManagerShell(  957): loadAnimation: anim=android.view.animation.AnimationSet@1f584f6 animAttr=0x5 type=OPEN isEntrance=false
04-22 03:49:52.848 V/WindowManagerShell(  957): loadAnimation: anim=android.view.animation.AnimationSet@35dd1cd animAttr=0x4 type=OPEN isEntrance=true
04-22 03:49:52.849 V/WindowManagerShell(  957):  animated by com.android.wm.shell.transition.DefaultTransitionHandler@419789b
04-22 03:49:52.851 D/TransportRuntime.JobInfoScheduler(27752): Upload for context TransportContext(cct, VERY_LOW, MSRodHRwczovL2ZpcmViYXNlbG9nZ2luZy5nb29nbGVhcGlzLmNvbS92MGNjL2xvZy9iYXRjaD9mb3JtYXQ9anNvbl9wcm90bzNc) is already scheduled. Returning...
04-22 03:49:52.851 V/WindowManager(  683): Sent Transition (#166) createdAt=04-22 03:49:52.792 via request=TransitionRequestInfo { type = OPEN, triggerTask = TaskInfo{userId=0 taskId=41 effectiveUid=10214 displayId=0 isRunning=true baseIntent=Intent { flg=0x10000000 cmp=com.impos2.mixcretailassemblyrn84/.MainActivity } baseActivity=ComponentInfo{com.impos2.mixcretailassemblyrn84/com.impos2.mixcretailassemblyrn84.MainActivity} topActivity=ComponentInfo{com.impos2.mixcretailassemblyrn84/com.impos2.adapterv2.camera.CameraScanActivity} origActivity=null realActivity=ComponentInfo{com.impos2.mixcretailassemblyrn84/com.impos2.mixcretailassemblyrn84.MainActivity} numActivities=2 lastActiveTime=26450337 supportsMultiWindow=true resizeMode=1 isResizeable=true minWidth=-1 minHeight=-1 defaultMinSize=220 token=WCT{RemoteToken{de508d Task{c3708eb #41 type=standard A=10214:com.impos2.mixcretailassemblyrn84}}} topActivityType=1 pictureInPictureParams=null shouldDockBigOverlays=false launchIntoPipHostTaskId=-1 lastParentTaskIdBeforePip=-1 displayCutoutSafeInsets=Rect(0, 0 - 0, 0) topActivityInfo=ActivityInfo{9556505 com.impos2.adapterv2.camera.CameraScanActivity} launchCookies=[] positionInParent=Point(0, 0) parentTaskId=-1 isFocused=true isVisible=true isVisibleRequested=true isTopActivityNoDisplay=false isSleeping=false locusId=null displayAreaFeatureId=1 isTopActivityTransparent=false isActivityStackTransparent=false lastNonFullscreenBounds=Rect(892, 102 - 1668, 1482) capturedLink=null capturedLinkTimestamp=0 requestedVisibleTypes=-9 topActivityRequestOpenInBrowserEducationTimestamp=0 appCompatTaskInfo=AppCompatTaskInfo { topActivityInSizeCompat=false eligibleForLetterboxEducation= false isLetterboxEducationEnabled= true isLetterboxDoubleTapEnabled= false eligibleForUserAspectRatioButton= true topActivityBoundsLetterboxed= false isFromLetterboxDoubleTap= false topActivityLetterboxVerticalPosition= -1 topActivityLetterboxHorizontalPosition= -1 topActivityLetterboxWidth=-1 topActivityLetterboxHeight=-1 topActivityAppBounds=Rect(0, 0 - 2560, 1600) isUserFullscreenOverrideEnabled=false isSystemFullscreenOverrideEnabled=false hasMinAspectRatioOverride=false topActivityLetterboxBounds=null cameraCompatTaskInfo=CameraCompatTaskInfo { freeformCameraCompatMode=inactive}} topActivityMainWindowFrame=null}, pipChange = null, remoteTransition = null, displayChange = null, flags = 0, debugId = 166 }
04-22 03:49:52.852 V/WindowManagerShell(  957): Transition requested (#167): android.os.BinderProxy@66cfa82 TransitionRequestInfo { type = CLOSE, triggerTask = null, pipChange = null, remoteTransition = null, displayChange = null, flags = 0, debugId = 167 }
04-22 03:49:52.852 V/WindowManager(  683):     startWCT=WindowContainerTransaction { changes= {} hops= [] errorCallbackToken=null taskFragmentOrganizer=null }
04-22 03:49:52.852 V/WindowManager(  683):     info={id=166 t=OPEN f=0x0 trk=0 r=[0@Point(0, 0)] c=[
04-22 03:49:52.852 V/WindowManager(  683):         {m=OPEN f=FILLS_TASK leash=Surface(name=ActivityRecord{175178139 u0 com.impos2.mixcretailassemblyrn84/com.impos2.adapterv2.camera.CameraScanActivity)/@0xe2f864e sb=Rect(0, 0 - 0, 0) eb=Rect(0, 0 - 2560, 1600) epz=Point(2560, 1600) d=-1->0 r=-1->0:-1 bc=ff303030 component=com.impos2.mixcretailassemblyrn84/com.impos2.adapterv2.camera.CameraScanActivity opt={t=FROM_STYLE mUserId=0}},
04-22 03:49:52.852 V/WindowManager(  683):         {m=TO_BACK f=FILLS_TASK leash=Surface(name=ActivityRecord{254862394 u0 com.impos2.mixcretailassemblyrn84/.MainActivity)/@0x277f9e3 sb=Rect(0, 0 - 2560, 1600) eb=Rect(0, 0 - 2560, 1600) epz=Point(2560, 1600) d=0 bc=ff303030 component=com.impos2.mixcretailassemblyrn84/.MainActivity opt={t=FROM_STYLE mUserId=0}}
04-22 03:49:52.852 V/WindowManager(  683):     ]}
04-22 03:49:52.853 I/ConnectorManager(27752): call end taskId=950dc9a592024e39ab5a715bb3f035c3 success=true code=0 duration=62
04-22 03:49:52.855 D/BackgroundInstallControlService(  683): Package event received: 0
04-22 03:49:52.857 V/WindowManagerShell(  957): onTransitionReady(transaction=2933462669553)
04-22 03:49:52.857 V/WindowManagerShell(  957): onTransitionReady (#167) android.os.BinderProxy@66cfa82: {id=167 t=CLOSE f=0x0 trk=0 r=[0@Point(0, 0)] c=[
04-22 03:49:52.857 V/WindowManagerShell(  957):         {m=CLOSE f=FILLS_TASK|IS_OCCLUDED leash=Surface(name=ActivityRecord{175178139 u0 com.impos2.mixcretailassemblyrn84/com.impos2.adapterv2.camera.CameraScanActivity)/@0x3467593 sb=Rect(0, 0 - 2560, 1600) eb=Rect(0, 0 - 2560, 1600) epz=Point(2560, 1600) d=0 bc=ff303030 component=com.impos2.mixcretailassemblyrn84/com.impos2.adapterv2.camera.CameraScanActivity opt={t=FROM_STYLE mUserId=0}},
04-22 03:49:52.857 V/WindowManagerShell(  957):         {m=TO_FRONT f=FILLS_TASK leash=Surface(name=ActivityRecord{254862394 u0 com.impos2.mixcretailassemblyrn84/.MainActivity)/@0xf8509d0 sb=Rect(0, 0 - 2560, 1600) eb=Rect(0, 0 - 2560, 1600) epz=Point(2560, 1600) d=0 bc=ff303030 component=com.impos2.mixcretailassemblyrn84/.MainActivity opt={t=FROM_STYLE mUserId=0}}
04-22 03:49:52.857 V/WindowManagerShell(  957):     ]}
04-22 03:49:52.857 V/WindowManagerShell(  957): Transition (#167) android.os.BinderProxy@66cfa82@0 ready while (#166) android.os.BinderProxy@6130c59@0 is still animating. Notify the animating transition in case they can be merged
04-22 03:49:52.857 W/unknown:BridgelessReact(27752): ReactHost{0}.onHostResume(activity)
04-22 03:49:52.857 W/unknown:BridgelessReact(27752): ReactHost{0}.ReactContext.onHostResume()
04-22 03:49:52.858 V/WindowManager(  683): Sent Transition (#167) createdAt=04-22 03:49:52.852 via request=TransitionRequestInfo { type = CLOSE, triggerTask = null, pipChange = null, remoteTransition = null, displayChange = null, flags = 0, debugId = 167 }
04-22 03:49:52.858 V/WindowManager(  683):     startWCT=WindowContainerTransaction { changes= {} hops= [] errorCallbackToken=null taskFragmentOrganizer=null }
04-22 03:49:52.858 V/WindowManager(  683):     info={id=167 t=CLOSE f=0x0 trk=0 r=[0@Point(0, 0)] c=[
04-22 03:49:52.858 V/WindowManager(  683):         {m=CLOSE f=FILLS_TASK|IS_OCCLUDED leash=Surface(name=ActivityRecord{175178139 u0 com.impos2.mixcretailassemblyrn84/com.impos2.adapterv2.camera.CameraScanActivity)/@0xe2f864e sb=Rect(0, 0 - 2560, 1600) eb=Rect(0, 0 - 2560, 1600) epz=Point(2560, 1600) d=0 bc=ff303030 component=com.impos2.mixcretailassemblyrn84/com.impos2.adapterv2.camera.CameraScanActivity opt={t=FROM_STYLE mUserId=0}},
04-22 03:49:52.858 V/WindowManager(  683):         {m=TO_FRONT f=FILLS_TASK leash=Surface(name=ActivityRecord{254862394 u0 com.impos2.mixcretailassemblyrn84/.MainActivity)/@0x277f9e3 sb=Rect(0, 0 - 2560, 1600) eb=Rect(0, 0 - 2560, 1600) epz=Point(2560, 1600) d=0 bc=ff303030 component=com.impos2.mixcretailassemblyrn84/.MainActivity opt={t=FROM_STYLE mUserId=0}}
04-22 03:49:52.858 V/WindowManager(  683):     ]}
04-22 03:49:52.858 V/WindowManagerShell(  957): Transition animation finished (aborted=false), notifying core (#166) android.os.BinderProxy@6130c59@0
04-22 03:49:52.858 V/WindowManager(  683): Finish Transition (#166): created at 04-22 03:49:52.792 collect-started=0.016ms request-sent=1.848ms started=6.111ms ready=6.106ms sent=55.031ms commit=10.536ms finished=66.276ms
04-22 03:49:52.858 D/BackgroundInstallControlService(  683): Package event received: 0
04-22 03:49:52.858 D/BackgroundInstallControlService(  683): Package event received: 0
04-22 03:49:52.859 D/TransportRuntime.SQLiteEventStore(27752): Storing event with priority=VERY_LOW, name=FIREBASE_ML_SDK for destination cct
04-22 03:49:52.859 V/WindowManagerShell(  957): Playing animation for (#167) android.os.BinderProxy@66cfa82@0
04-22 03:49:52.859 V/ShellRecents(  957): RecentsTransitionHandler.startAnimation: no controller found
04-22 03:49:52.859 V/WindowManagerShell(  957): Transition doesn't have explicit remote, search filters for match for {id=167 t=CLOSE f=0x0 trk=0 r=[0@Point(0, 0)] c=[{m=CLOSE f=FILLS_TASK|IS_OCCLUDED leash=Surface(name=ActivityRecord{175178139 u0 com.impos2.mixcretailassemblyrn84/com.impos2.adapterv2.camera.CameraScanActivity)/@0x3467593 sb=Rect(0, 0 - 2560, 1600) eb=Rect(0, 0 - 2560, 1600) epz=Point(2560, 1600) d=0 bc=ff303030 component=com.impos2.mixcretailassemblyrn84/com.impos2.adapterv2.camera.CameraScanActivity opt={t=FROM_STYLE mUserId=0}},{m=TO_FRONT f=FILLS_TASK leash=Surface(name=ActivityRecord{254862394 u0 com.impos2.mixcretailassemblyrn84/.MainActivity)/@0xf8509d0 sb=Rect(0, 0 - 2560, 1600) eb=Rect(0, 0 - 2560, 1600) epz=Point(2560, 1600) d=0 bc=ff303030 component=com.impos2.mixcretailassemblyrn84/.MainActivity opt={t=FROM_STYLE mUserId=0}}]}
04-22 03:49:52.860 V/WindowManagerShell(  957):  Checking filter Pair{{types=[] flags=0x0] notFlags=0x0 checks=[{atype=undefined independent=true modes=[CLOSE,TO_BACK] flags=IN_TASK_WITH_EMBEDDED_ACTIVITY mustBeTask=false order=ANY topActivity=null launchCookie=null taskFragmentToken=android.os.BinderProxy@c0a78a1 windowingMode=undefined}]} RemoteTransition { remoteTransition = android.window.IRemoteTransition$Stub$Proxy@ebc9ac6, appThread = android.app.IApplicationThread$Stub$Proxy@89a6a87, debugName = overlayBackTransition }}
04-22 03:49:52.860 V/WindowManagerShell(  957):  Checking filter Pair{{types=[] flags=0x0] notFlags=0x0 checks=[{atype=dream independent=true modes=[OPEN,TO_FRONT] flags=NONE mustBeTask=false order=ANY topActivity=null launchCookie=null windowingMode=undefined},{atype=home independent=true modes=[CLOSE,TO_BACK] flags=NONE mustBeTask=false order=ANY topActivity=null launchCookie=null windowingMode=undefined}]} RemoteTransition { remoteTransition = android.window.IRemoteTransition$Stub$Proxy@19eadb4, appThread = android.app.IApplicationThread$Stub$Proxy@6b4fddd, debugName = LauncherToDream }}
04-22 03:49:52.860 V/WindowManagerShell(  957):  Checking filter Pair{{types=[] flags=0x0] notFlags=0x100 checks=[{atype=home independent=true modes=[OPEN,TO_FRONT] flags=NONE mustBeTask=false order=TOP topActivity=ComponentInfo{com.google.android.apps.nexuslauncher/com.google.android.apps.nexuslauncher.NexusLauncherActivity} launchCookie=null windowingMode=undefined},{atype=standard independent=true modes=[CLOSE,TO_BACK] flags=NONE mustBeTask=false order=ANY topActivity=null launchCookie=null windowingMode=undefined},{NOT atype=undefined independent=true modes=[] flags=NONE mustBeTask=true order=ANY topActivity=null launchCookie=null customAnim=true windowingMode=undefined}]} RemoteTransition { remoteTransition = android.window.IRemoteTransition$Stub$Proxy@6579d52, appThread = android.app.IApplicationThread$Stub$Proxy@4a92823, debugName = QuickstepLaunchHome }}
04-22 03:49:52.860 V/WindowManagerShell(  957):  Delegate animation for (#167) to null
04-22 03:49:52.860 V/WindowManagerShell(  957): start default transition animation, info = {id=167 t=CLOSE f=0x0 trk=0 r=[0@Point(0, 0)] c=[{m=CLOSE f=FILLS_TASK|IS_OCCLUDED leash=Surface(name=ActivityRecord{175178139 u0 com.impos2.mixcretailassemblyrn84/com.impos2.adapterv2.camera.CameraScanActivity)/@0x3467593 sb=Rect(0, 0 - 2560, 1600) eb=Rect(0, 0 - 2560, 1600) epz=Point(2560, 1600) d=0 bc=ff303030 component=com.impos2.mixcretailassemblyrn84/com.impos2.adapterv2.camera.CameraScanActivity opt={t=FROM_STYLE mUserId=0}},{m=TO_FRONT f=FILLS_TASK leash=Surface(name=ActivityRecord{254862394 u0 com.impos2.mixcretailassemblyrn84/.MainActivity)/@0xf8509d0 sb=Rect(0, 0 - 2560, 1600) eb=Rect(0, 0 - 2560, 1600) epz=Point(2560, 1600) d=0 bc=ff303030 component=com.impos2.mixcretailassemblyrn84/.MainActivity opt={t=FROM_STYLE mUserId=0}}]}
04-22 03:49:52.860 V/WindowManagerShell(  957): loadAnimation: anim=android.view.animation.AnimationSet@6f06d85 animAttr=0x6 type=CLOSE isEntrance=true
04-22 03:49:52.860 V/WindowManagerShell(  957): loadAnimation: anim=android.view.animation.AnimationSet@96042e8 animAttr=0x7 type=CLOSE isEntrance=false
04-22 03:49:52.861 V/WindowManagerShell(  957):  animated by com.android.wm.shell.transition.DefaultTransitionHandler@419789b
04-22 03:49:52.862 I/assembly.assembly.android.mixc-retail-rn84(27752): [assembly.topology] Native topology host already matches desired lifecycle state {"displayCount":1,"displayIndex":0,"deviceId":"ZJ63NQELD9","instanceMode":"SLAVE","enableSlave":false,"running":false,"reason":"not-master-or-single-primary-host"}
04-22 03:49:52.864 I/ReactNativeJS(27752): '[assembly.android.mixc-retail-rn84.websocket] connect', { url: 'ws://10.0.2.15:8888/mockMasterServer/ws',
04-22 03:49:52.864 I/ReactNativeJS(27752):   protocol: 'ws',
04-22 03:49:52.864 I/ReactNativeJS(27752):   host: '10.0.2.15:8888',
04-22 03:49:52.864 I/ReactNativeJS(27752):   pathname: '/mockMasterServer/ws' }
04-22 03:49:52.864 D/TransportRuntime.JobInfoScheduler(27752): Upload for context TransportContext(cct, VERY_LOW, MSRodHRwczovL2ZpcmViYXNlbG9nZ2luZy5nb29nbGVhcGlzLmNvbS92MGNjL2xvZy9iYXRjaD9mb3JtYXQ9anNvbl9wcm90bzNc) is already scheduled. Returning...
04-22 03:49:52.864 I/assembly.assembly.android.mixc-retail-rn84(27752): [assembly.topology] Native topology host already matches desired lifecycle state {"displayCount":1,"displayIndex":0,"deviceId":"ZJ63NQELD9","instanceMode":"SLAVE","enableSlave":false,"running":false,"reason":"not-master-or-single-primary-host"}
04-22 03:49:52.864 I/assembly.assembly.android.mixc-retail-rn84(27752): [assembly.topology] Native topology host already matches desired lifecycle state {"displayCount":1,"displayIndex":0,"deviceId":"ZJ63NQELD9","instanceMode":"SLAVE","enableSlave":false,"running":false,"reason":"not-master-or-single-primary-host"}
04-22 03:49:52.864 I/assembly.assembly.android.mixc-retail-rn84(27752): [assembly.topology] Native topology host already matches desired lifecycle state {"displayCount":1,"displayIndex":0,"deviceId":"ZJ63NQELD9","instanceMode":"SLAVE","enableSlave":false,"running":false,"reason":"not-master-or-single-primary-host"}
04-22 03:49:52.864 I/MMKV    (27752): <MMKV_IO.cpp:609::writeActualSize> [mixc-retail-assembly-rn84::state] increase sequence to 29, crc 216761736, actualSize 22696
04-22 03:49:52.864 I/MMKV    (27752): <MMKV.cpp:1208::sync> MMKV::sync, SyncFlag = 1
04-22 03:49:52.866 I/assembly.assembly.android.mixc-retail-rn84(27752): [assembly.topology] Native topology host already matches desired lifecycle state {"displayCount":1,"displayIndex":0,"deviceId":"ZJ63NQELD9","instanceMode":"SLAVE","enableSlave":false,"running":false,"reason":"not-master-or-single-primary-host"}
04-22 03:49:52.866 I/assembly.assembly.android.mixc-retail-rn84(27752): [assembly.topology] Create assembly topology socket binding {"displayIndex":0,"role":"slave","localNodeId":"master:ZJ63NQELD9","masterNodeId":"master:6Z2H3BSGEY","wsUrl":"ws://10.0.2.15:8888/mockMasterServer/ws","httpBaseUrl":"http://10.0.2.15:8888/mockMasterServer","resolvedServerBaseUrl":"http://10.0.2.15:8888/mockMasterServer","resolvedPathTemplate":"/ws"}
04-22 03:49:52.866 I/assembly.assembly.android.mixc-retail-rn84.transport.ws.SocketRuntime(27752): [transport.ws] Socket connect started: assembly.android.mixc-retail-rn84.topology {"profileName":"assembly.android.mixc-retail-rn84.topology","serverName":"dual-topology-host-v3","addressName":"dynamic-topology-host"}
04-22 03:49:52.867 I/assembly.assembly.android.mixc-retail-rn84(27752): [assembly.topology] Native topology host already matches desired lifecycle state {"displayCount":1,"displayIndex":0,"deviceId":"ZJ63NQELD9","instanceMode":"SLAVE","enableSlave":false,"running":false,"reason":"not-master-or-single-primary-host"}
04-22 03:49:52.868 I/assembly.assembly.android.mixc-retail-rn84(27752): [assembly.topology] Native topology host already matches desired lifecycle state {"displayCount":1,"displayIndex":0,"deviceId":"ZJ63NQELD9","instanceMode":"SLAVE","enableSlave":false,"running":false,"reason":"not-master-or-single-primary-host"}
04-22 03:49:52.868 I/assembly.assembly.android.mixc-retail-rn84(27752): [assembly.topology] Native topology host already matches desired lifecycle state {"displayCount":1,"displayIndex":0,"deviceId":"ZJ63NQELD9","instanceMode":"SLAVE","enableSlave":false,"running":false,"reason":"not-master-or-single-primary-host"}
04-22 03:49:52.868 I/assembly.assembly.android.mixc-retail-rn84(27752): [assembly.topology] Native topology host already matches desired lifecycle state {"displayCount":1,"displayIndex":0,"deviceId":"ZJ63NQELD9","instanceMode":"SLAVE","enableSlave":false,"running":false,"reason":"not-master-or-single-primary-host"}
04-22 03:49:52.869 I/assembly.assembly.android.mixc-retail-rn84(27752): [assembly.topology] Native topology host already matches desired lifecycle state {"displayCount":1,"displayIndex":0,"deviceId":"ZJ63NQELD9","instanceMode":"SLAVE","enableSlave":false,"running":false,"reason":"not-master-or-single-primary-host"}
04-22 03:49:52.870 I/assembly.assembly.android.mixc-retail-rn84(27752): [assembly.topology] Native topology host already matches desired lifecycle state {"displayCount":1,"displayIndex":0,"deviceId":"ZJ63NQELD9","instanceMode":"SLAVE","enableSlave":false,"running":false,"reason":"not-master-or-single-primary-host"}
04-22 03:49:52.877 I/ImeTracker(  683): com.impos2.mixcretailassemblyrn84:856b8a87: onRequestHide at ORIGIN_SERVER reason HIDE_SAME_WINDOW_FOCUSED_WITHOUT_EDITOR fromUser false
04-22 03:49:52.877 D/InsetsController(27752): hide(ime(), fromIme=false)
04-22 03:49:52.877 I/ImeTracker(27752): com.impos2.mixcretailassemblyrn84:856b8a87: onCancelled at PHASE_CLIENT_ALREADY_HIDDEN
04-22 03:49:52.878 I/GoogleInputMethodService( 1576): GoogleInputMethodService.onFinishInput():2043 
04-22 03:49:52.878 I/Module  ( 1576): DeviceLockedStatusModuleProvider$Module.updateDeviceLockedStatus():100 repeatCheckTimes = 0, locked = false
04-22 03:49:52.879 I/GoogleInputMethodService( 1576): GoogleInputMethodService.onStartInput():1293 onStartInput(EditorInfo{EditorInfo{packageName=com.impos2.mixcretailassemblyrn84, inputType=0, inputTypeString=NULL, enableLearning=false, autoCorrection=false, autoComplete=false, imeOptions=0, privateImeOptions=null, actionName=UNSPECIFIED, actionLabel=null, initialSelStart=-1, initialSelEnd=-1, initialCapsMode=0, label=null, fieldId=0, fieldName=null, extras=null, hintText=null, hintLocales=[]}}, false)
04-22 03:49:52.879 I/Module  ( 1576): DeviceLockedStatusModuleProvider$Module.updateDeviceLockedStatus():100 repeatCheckTimes = 1, locked = false
04-22 03:49:52.879 I/EmojiCompatManager( 1576): EmojiCompatManager.getEmojiCompatIfLoaded():343 EmojiCompat.init() was never called.
04-22 03:49:52.879 I/EmojiCompatManager( 1576): java.lang.IllegalStateException: EmojiCompat is not initialized. Please call EmojiCompat.init() first
04-22 03:49:52.879 I/EmojiCompatManager( 1576): 	at asx.p(PG:6)
04-22 03:49:52.879 I/EmojiCompatManager( 1576): 	at axb.b(PG:13)
04-22 03:49:52.879 I/EmojiCompatManager( 1576): 	at jnr.b(PG:2)
04-22 03:49:52.879 I/EmojiCompatManager( 1576): 	at jnr.c(PG:4)
04-22 03:49:52.879 I/EmojiCompatManager( 1576): 	at jnr.f(PG:3)
04-22 03:49:52.879 I/EmojiCompatManager( 1576): 	at jnx.c(PG:3)
04-22 03:49:52.879 I/EmojiCompatManager( 1576): 	at kif.cz(PG:47)
04-22 03:49:52.879 I/EmojiCompatManager( 1576): 	at lhl.run(PG:1025)
04-22 03:49:52.879 I/EmojiCompatManager( 1576): 	at jaf.execute(PG:12)
04-22 03:49:52.879 I/EmojiCompatManager( 1576): 	at nco.v(PG:13)
04-22 03:49:52.879 I/EmojiCompatManager( 1576): 	at lhn.m(PG:96)
04-22 03:49:52.879 I/EmojiCompatManager( 1576): 	at lhn.k(PG:25)
04-22 03:49:52.879 I/EmojiCompatManager( 1576): 	at kgn.onStartInput(PG:250)
04-22 03:49:52.879 I/EmojiCompatManager( 1576): 	at android.inputmethodservice.InputMethodService.doStartInput(InputMethodService.java:3521)
04-22 03:49:52.879 I/EmojiCompatManager( 1576): 	at android.inputmethodservice.InputMethodService$InputMethodImpl.startInput(InputMethodService.java:879)
04-22 03:49:52.879 I/EmojiCompatManager( 1576): 	at android.inputmethodservice.InputMethodService$InputMethodImpl.dispatchStartInput(InputMethodService.java:908)
04-22 03:49:52.879 I/EmojiCompatManager( 1576): 	at android.inputmethodservice.IInputMethodWrapper.executeMessage(IInputMethodWrapper.java:201)
04-22 03:49:52.879 I/EmojiCompatManager( 1576): 	at com.android.internal.os.HandlerCaller$MyHandler.handleMessage(HandlerCaller.java:44)
04-22 03:49:52.879 I/EmojiCompatManager( 1576): 	at android.os.Handler.dispatchMessage(Handler.java:110)
04-22 03:49:52.879 I/EmojiCompatManager( 1576): 	at android.os.Looper.loopOnce(Looper.java:248)
04-22 03:49:52.879 I/EmojiCompatManager( 1576): 	at android.os.Looper.loop(Looper.java:338)
04-22 03:49:52.879 I/EmojiCompatManager( 1576): 	at android.app.ActivityThread.main(ActivityThread.java:9067)
04-22 03:49:52.879 I/EmojiCompatManager( 1576): 	at java.lang.reflect.Method.invoke(Native Method)
04-22 03:49:52.879 I/EmojiCompatManager( 1576): 	at com.android.internal.os.RuntimeInit$MethodAndArgsCaller.run(RuntimeInit.java:593)
04-22 03:49:52.879 I/EmojiCompatManager( 1576): 	at com.android.internal.os.ZygoteInit.main(ZygoteInit.java:932)
04-22 03:49:52.879 W/PackageConfigPersister(  683): App-specific configuration not found for packageName: com.impos2.mixcretailassemblyrn84 and userId: 0
04-22 03:49:52.892 I/resolv  (  459): res_nsend: used send_dg 149 terrno: 0
04-22 03:49:52.893 I/resolv  (  459): doQuery: rcode=0, ancount=4, return value=149
04-22 03:49:53.110 I/netd    (  459): setProcSysNet(4, 2, wlan0, retrans_time_ms, 750) <0.04ms>
04-22 03:49:53.110 I/netd    (  459): setProcSysNet(4, 2, wlan0, ucast_solicit, 10) <0.02ms>
04-22 03:49:53.110 I/netd    (  459): setProcSysNet(6, 2, wlan0, retrans_time_ms, 750) <0.02ms>
04-22 03:49:53.111 I/netd    (  459): setProcSysNet(6, 2, wlan0, ucast_solicit, 10) <0.01ms>
04-22 03:49:53.224 W/BestClock(  683): java.time.DateTimeException: No network time available
04-22 03:49:53.224 W/BestClock(  683): java.time.DateTimeException: No network time available
04-22 03:49:53.224 W/BestClock(  683): java.time.DateTimeException: No network time available
04-22 03:49:53.224 W/BestClock(  683): java.time.DateTimeException: No network time available
04-22 03:49:53.224 W/BestClock(  683): java.time.DateTimeException: No network time available
04-22 03:49:53.224 D/WifiClientModeImpl[9769:wlan0](  683): updateLinkLayerStatsRssiSpeedFrequencyCapabilities rssi=-50 TxLinkspeed=1 freq=2447 RxLinkSpeed=2
04-22 03:49:53.224 D/WifiDataStall(  683): tx tput in kbps: 11000
04-22 03:49:53.224 D/WifiDataStall(  683): rx tput in kbps: 11000
04-22 03:49:53.225 V/WifiConfigManager(  683): Updating scan detail cache freq=2447 BSSID=00:13:10:85:fe:01 RSSI=-50 for "AndroidWifi"NONE
04-22 03:49:53.225 D/WifiThroughputPredictor(  683):  utilization (LLS) 80 isBluetoothConnected: false final utilization: 80
04-22 03:49:53.225 D/WifiThroughputPredictor(  683):  BW: 0 RSSI: -50 Nss: 1 Mode: 1 symDur: 4000 snrDb 30 bitPerTone: 4500 rate: 54 throughput: 11
04-22 03:49:53.225 D/WifiThroughputPredictor(  683):  utilization (LLS) 80 isBluetoothConnected: false final utilization: 80
04-22 03:49:53.225 D/WifiThroughputPredictor(  683):  BW: 0 RSSI: -50 Nss: 1 Mode: 1 symDur: 4000 snrDb 30 bitPerTone: 4500 rate: 54 throughput: 11
04-22 03:49:53.227 D/WifiThroughputPredictor(  683):  utilization (LLS) 80 isBluetoothConnected: false final utilization: 80
04-22 03:49:53.227 D/WifiThroughputPredictor(  683):  BW: 0 RSSI: -50 Nss: 1 Mode: 1 symDur: 4000 snrDb 30 bitPerTone: 4500 rate: 54 throughput: 11
04-22 03:49:53.227 D/WifiThroughputPredictor(  683):  utilization (LLS) 80 isBluetoothConnected: false final utilization: 80
04-22 03:49:53.227 D/WifiThroughputPredictor(  683):  BW: 0 RSSI: -50 Nss: 1 Mode: 1 symDur: 4000 snrDb 30 bitPerTone: 4500 rate: 54 throughput: 11
04-22 03:49:53.227 D/WifiScoreCard(  683): BSSID update SIGNAL_POLL ID: 261501600 SSID: "AndroidWifi", BSSID: 00:13:10:85:fe:01, MAC: 02:15:b4:00:00:00, IP: /10.0.2.17, Security type: 0, Supplicant state: COMPLETED, Wi-Fi standard: legacy, RSSI: -50, Link speed: 1Mbps, Tx Link speed: 1Mbps, Max Supported Tx Link speed: 11Mbps, Rx Link speed: 2Mbps, Max Supported Rx Link speed: 11Mbps, Frequency: 2447MHz, Net ID: 0, Metered hint: false, score: 60, isUsable: true, CarrierMerged: false, SubscriptionId: -1, IsPrimary: 1, Trusted: true, Restricted: false, Ephemeral: false, OEM paid: false, OEM private: false, OSU AP: false, FQDN: <none>, Provider friendly name: <none>, Requesting package name: <none>"AndroidWifi"openMLO Information: , Is TID-To-Link negotiation supported by the AP: false, AP MLD Address: <none>, AP MLO Link Id: <none>, AP MLO Affiliated links: <none>, Vendor Data: <none>
04-22 03:49:53.227 D/WifiScoreCard(  683): txRate: 3 txSpeed: 1
04-22 03:49:53.227 D/WifiScoreCard(  683): network update SIGNAL_POLL "AndroidWifi" ID: 579418950 RSSI -50 txSpeed -1
04-22 03:49:53.227 D/WifiClientModeImpl[9769:wlan0](  683):  ClientModeImpl$L2ConnectedState screen=on 1 0 "AndroidWifi" 00:13:10:85:fe:01 rssi=-50 f=2447 sc=60 link=1 tx=2.0, 0.0, 0.0 rx=1.7 bcn=0 [on:0 tx:0 rx:0 period:3004] from screen [on:0 period:-1315467317] score=60
04-22 03:49:53.324 V/WindowManagerShell(  957): Transition animation finished (aborted=false), notifying core (#167) android.os.BinderProxy@66cfa82@0
04-22 03:49:53.325 V/WindowManager(  683): Finish Transition (#167): created at 04-22 03:49:52.852 collect-started=0.007ms request-sent=0.014ms started=1.363ms ready=4.252ms sent=4.967ms commit=18.554ms finished=473.092ms
04-22 03:49:53.325 D/VRI[CameraScanActivity](27752): visibilityChanged oldVisibility=true newVisibility=false
04-22 03:49:53.326 V/WindowManagerShell(  957): Track 0 became idle
04-22 03:49:53.326 V/WindowManagerShell(  957): All active transition animations finished
04-22 03:49:53.343 W/WindowOnBackDispatcher(27752): sendCancelIfRunning: isInProgress=false callback=android.app.Activity$$ExternalSyntheticLambda0@bddb61f
04-22 03:49:53.344 D/CoreBackPreview(  683): Window{b541c77 u0 com.impos2.mixcretailassemblyrn84/com.impos2.adapterv2.camera.CameraScanActivity}: Setting back callback null
04-22 03:49:53.345 D/ViewRootImpl(27752): Skipping stats log for color mode
04-22 03:49:53.346 D/BackgroundInstallControlService(  683): Package event received: 0
04-22 03:49:53.392 D/NetworkMonitor/101( 1052): PROBE_FALLBACK http://play.googleapis.com/generate_204 time=997ms ret=204 request={Connection=[close], User-Agent=[Mozilla/5.0 (X11; Linux x86_64) AppleWebKit/537.36 (KHTML, like Gecko) Chrome/60.0.3112.32 Safari/537.36]} headers={null=[HTTP/1.1 204 No Content], Connection=[close], Cross-Origin-Resource-Policy=[cross-origin], Date=[Tue, 21 Apr 2026 19:49:52 GMT], X-Android-Received-Millis=[1776800993392], X-Android-Response-Source=[NETWORK 204], X-Android-Selected-Protocol=[http/1.1], X-Android-Sent-Millis=[1776800992895]}
04-22 03:49:53.516 D/SatelliteController( 1086): iisInCarrierRoamingNbIotNtn: satellite is disabled
04-22 03:49:56.232 W/BestClock(  683): java.time.DateTimeException: No network time available
04-22 03:49:56.232 W/BestClock(  683): java.time.DateTimeException: No network time available
04-22 03:49:56.232 W/BestClock(  683): java.time.DateTimeException: No network time available
04-22 03:49:56.232 W/BestClock(  683): java.time.DateTimeException: No network time available
04-22 03:49:56.232 W/BestClock(  683): java.time.DateTimeException: No network time available
04-22 03:49:56.232 D/WifiClientModeImpl[9769:wlan0](  683): updateLinkLayerStatsRssiSpeedFrequencyCapabilities rssi=-50 TxLinkspeed=1 freq=2447 RxLinkSpeed=2
04-22 03:49:56.232 D/WifiDataStall(  683): tx tput in kbps: 11000
04-22 03:49:56.232 D/WifiDataStall(  683): rx tput in kbps: 11000
04-22 03:49:56.232 V/WifiConfigManager(  683): Updating scan detail cache freq=2447 BSSID=00:13:10:85:fe:01 RSSI=-50 for "AndroidWifi"NONE
04-22 03:49:56.232 D/WifiThroughputPredictor(  683):  utilization (LLS) 80 isBluetoothConnected: false final utilization: 80
04-22 03:49:56.232 D/WifiThroughputPredictor(  683):  BW: 0 RSSI: -50 Nss: 1 Mode: 1 symDur: 4000 snrDb 30 bitPerTone: 4500 rate: 54 throughput: 11
04-22 03:49:56.232 D/WifiThroughputPredictor(  683):  utilization (LLS) 80 isBluetoothConnected: false final utilization: 80
04-22 03:49:56.232 D/WifiThroughputPredictor(  683):  BW: 0 RSSI: -50 Nss: 1 Mode: 1 symDur: 4000 snrDb 30 bitPerTone: 4500 rate: 54 throughput: 11
04-22 03:49:56.232 D/WifiThroughputPredictor(  683):  utilization (LLS) 80 isBluetoothConnected: false final utilization: 80
04-22 03:49:56.232 D/WifiThroughputPredictor(  683):  BW: 0 RSSI: -50 Nss: 1 Mode: 1 symDur: 4000 snrDb 30 bitPerTone: 4500 rate: 54 throughput: 11
04-22 03:49:56.232 D/WifiThroughputPredictor(  683):  utilization (LLS) 80 isBluetoothConnected: false final utilization: 80
04-22 03:49:56.232 D/WifiThroughputPredictor(  683):  BW: 0 RSSI: -50 Nss: 1 Mode: 1 symDur: 4000 snrDb 30 bitPerTone: 4500 rate: 54 throughput: 11
