--------- beginning of main
04-22 03:54:31.779 I/assembly.assembly.android.mixc-retail-rn84(27752): [assembly.topology] Native topology host already matches desired lifecycle state {"displayCount":1,"displayIndex":0,"deviceId":"ZJ63NQELD9","instanceMode":"SLAVE","enableSlave":false,"running":false,"reason":"not-master-or-single-primary-host"}
04-22 03:54:31.779 I/assembly.assembly.android.mixc-retail-rn84(27752): [assembly.topology] Native topology host already matches desired lifecycle state {"displayCount":1,"displayIndex":0,"deviceId":"ZJ63NQELD9","instanceMode":"SLAVE","enableSlave":false,"running":false,"reason":"not-master-or-single-primary-host"}
04-22 03:54:31.791 I/assembly.assembly.android.mixc-retail-rn84(27752): [assembly.topology] Native topology host already matches desired lifecycle state {"displayCount":1,"displayIndex":0,"deviceId":"ZJ63NQELD9","instanceMode":"SLAVE","enableSlave":false,"running":false,"reason":"not-master-or-single-primary-host"}
04-22 03:54:31.792 I/assembly.assembly.android.mixc-retail-rn84(27752): [assembly.topology] Native topology host already matches desired lifecycle state {"displayCount":1,"displayIndex":0,"deviceId":"ZJ63NQELD9","instanceMode":"SLAVE","enableSlave":false,"running":false,"reason":"not-master-or-single-primary-host"}
04-22 03:54:31.792 I/assembly.assembly.android.mixc-retail-rn84(27752): [assembly.topology] Native topology host already matches desired lifecycle state {"displayCount":1,"displayIndex":0,"deviceId":"ZJ63NQELD9","instanceMode":"SLAVE","enableSlave":false,"running":false,"reason":"not-master-or-single-primary-host"}
04-22 03:54:31.792 I/assembly.assembly.android.mixc-retail-rn84(27752): [assembly.topology] Native topology host already matches desired lifecycle state {"displayCount":1,"displayIndex":0,"deviceId":"ZJ63NQELD9","instanceMode":"SLAVE","enableSlave":false,"running":false,"reason":"not-master-or-single-primary-host"}
04-22 03:54:31.795 I/ConnectorManager(27752): call start taskId=76a4565b7fec4d5db954217d5485745e channel=INTENT/camera action=com.impos2.posadapter.action.CAMERA_SCAN timeout=60000
04-22 03:54:31.796 V/GrammaticalInflectionUtils(  683): AttributionSource: AttributionSource { uid = 10214, packageName = null, attributionTag = null, token = android.os.Binder@d3d534, deviceId = 0, next = null } does not have READ_SYSTEM_GRAMMATICAL_GENDER permission.
--------- beginning of system
04-22 03:54:31.796 W/OptProp (  683): Cannot read opt property android.window.PROPERTY_COMPAT_ALLOW_USER_ASPECT_RATIO_OVERRIDE
04-22 03:54:31.796 W/OptProp (  683): Cannot read opt property android.window.PROPERTY_COMPAT_ALLOW_USER_ASPECT_RATIO_FULLSCREEN_OVERRIDE
04-22 03:54:31.796 W/OptProp (  683): Cannot read opt property android.window.PROPERTY_COMPAT_ALLOW_RESIZEABLE_ACTIVITY_OVERRIDES
04-22 03:54:31.796 W/OptProp (  683): Cannot read opt property android.window.PROPERTY_COMPAT_ALLOW_MIN_ASPECT_RATIO_OVERRIDE
04-22 03:54:31.797 W/OptProp (  683): Cannot read opt property android.window.PROPERTY_COMPAT_ALLOW_ORIENTATION_OVERRIDE
04-22 03:54:31.797 I/ActivityTaskManager(  683): Ignoring manifest-declared fixed orientation SCREEN_ORIENTATION_PORTRAIT of ActivityRecord{71393899 u0 com.impos2.mixcretailassemblyrn84/com.impos2.adapterv2.camera.CameraScanActivity t41} since target sdk 36
04-22 03:54:31.799 I/ActivityTaskManager(  683): START u0 {act=com.impos2.posadapter.action.CAMERA_SCAN flg=0x24000000 xflg=0x4 cmp=com.impos2.mixcretailassemblyrn84/com.impos2.adapterv2.camera.CameraScanActivity (has extras)} with LAUNCH_MULTIPLE from uid 10214 (sr=254862394) (BAL_ALLOW_VISIBLE_WINDOW) result code=0
04-22 03:54:31.800 I/CameraScannerManager(27752): startScan success: requestId=d6a0fb56-7233-42d5-b54c-07854c3cf492, scanMode=QR_CODE_MODE, imageUri=false, imageBase64=true, waitResult=true
04-22 03:54:31.800 W/unknown:BridgelessReact(27752): ReactHost{0}.onUserLeaveHint(activity)
04-22 03:54:31.800 V/WindowManagerShell(  957): Transition requested (#168): android.os.BinderProxy@9b51479 TransitionRequestInfo { type = OPEN, triggerTask = TaskInfo{userId=0 taskId=41 effectiveUid=10214 displayId=0 isRunning=true baseIntent=Intent { flg=0x10000000 cmp=com.impos2.mixcretailassemblyrn84/.MainActivity } baseActivity=ComponentInfo{com.impos2.mixcretailassemblyrn84/com.impos2.mixcretailassemblyrn84.MainActivity} topActivity=ComponentInfo{com.impos2.mixcretailassemblyrn84/com.impos2.adapterv2.camera.CameraScanActivity} origActivity=null realActivity=ComponentInfo{com.impos2.mixcretailassemblyrn84/com.impos2.mixcretailassemblyrn84.MainActivity} numActivities=2 lastActiveTime=26729341 supportsMultiWindow=true resizeMode=1 isResizeable=true minWidth=-1 minHeight=-1 defaultMinSize=220 token=WCT{android.window.IWindowContainerToken$Stub$Proxy@cecc5be} topActivityType=1 pictureInPictureParams=null shouldDockBigOverlays=false launchIntoPipHostTaskId=-1 lastParentTaskIdBeforePip=-1 displayCutoutSafeInsets=Rect(0, 0 - 0, 0) topActivityInfo=ActivityInfo{404461f com.impos2.adapterv2.camera.CameraScanActivity} launchCookies=[] positionInParent=Point(0, 0) parentTaskId=-1 isFocused=true isVisible=true isVisibleRequested=true isTopActivityNoDisplay=false isSleeping=false locusId=null displayAreaFeatureId=1 isTopActivityTransparent=false isActivityStackTransparent=false lastNonFullscreenBounds=Rect(892, 102 - 1668, 1482) capturedLink=null capturedLinkTimestamp=0 requestedVisibleTypes=-9 topActivityRequestOpenInBrowserEducationTimestamp=0 appCompatTaskInfo=AppCompatTaskInfo { topActivityInSizeCompat=false eligibleForLetterboxEducation= false isLetterboxEducationEnabled= true isLetterboxDoubleTapEnabled= false eligibleForUserAspectRatioButton= true topActivityBoundsLetterboxed= false isFromLetterboxDoubleTap= false topActivityLetterboxVerticalPosition= -1 topActivityLetterboxHorizontalPosition= -1 topActivityLetterboxWidth=-1 topActivityLetterboxHeight=-1 topActivityAppBounds=Rect(0, 0 - 2560, 1600) isUserFullscreenOverrideEnabled=false isSystemFullscreenOverrideEnabled=false hasMinAspectRatioOverride=false topActivityLetterboxBounds=null cameraCompatTaskInfo=CameraCompatTaskInfo { freeformCameraCompatMode=inactive}} topActivityMainWindowFrame=null}, pipChange = null, remoteTransition = null, displayChange = null, flags = 0, debugId = 168 }
04-22 03:54:31.800 D/ShellSplitScreen(  957): logExit: no-op, mLoggerSessionId is null
04-22 03:54:31.801 W/unknown:BridgelessReact(27752): ReactHost{0}.onHostPause(activity)
04-22 03:54:31.801 W/unknown:BridgelessReact(27752): ReactHost{0}.ReactContext.onHostPause()
04-22 03:54:31.801 W/OptProp (  683): Cannot read opt property android.window.PROPERTY_COMPAT_ALLOW_DISPLAY_ORIENTATION_OVERRIDE
04-22 03:54:31.802 W/OptProp (  683): Cannot read opt property android.window.PROPERTY_COMPAT_ENABLE_FAKE_FOCUS
04-22 03:54:31.802 D/BackgroundInstallControlService(  683): Package event received: 0
04-22 03:54:31.803 D/BackgroundInstallControlService(  683): Package event received: 0
04-22 03:54:31.803 W/IPCThreadState(  683): Sending oneway calls to frozen process.
04-22 03:54:31.803 W/IPCThreadState(  683): Sending oneway calls to frozen process.
04-22 03:54:31.803 W/IPCThreadState(  683): Sending oneway calls to frozen process.
04-22 03:54:31.803 W/IPCThreadState(  683): Sending oneway calls to frozen process.
04-22 03:54:31.803 W/IPCThreadState(  683): Sending oneway calls to frozen process.
04-22 03:54:31.803 W/IPCThreadState(  683): Sending oneway calls to frozen process.
04-22 03:54:31.803 W/IPCThreadState(  683): Sending oneway calls to frozen process.
04-22 03:54:31.803 W/IPCThreadState(  683): Sending oneway calls to frozen process.
04-22 03:54:31.803 W/IPCThreadState(  683): Sending oneway calls to frozen process.
04-22 03:54:31.803 W/IPCThreadState(  683): Sending oneway calls to frozen process.
04-22 03:54:31.803 W/IPCThreadState(  683): Sending oneway calls to frozen process.
04-22 03:54:31.803 W/IPCThreadState(  683): Sending oneway calls to frozen process.
04-22 03:54:31.803 W/IPCThreadState(  683): Sending oneway calls to frozen process.
04-22 03:54:31.803 W/IPCThreadState(  683): Sending oneway calls to frozen process.
04-22 03:54:31.803 W/IPCThreadState(  683): Sending oneway calls to frozen process.
04-22 03:54:31.803 W/IPCThreadState(  683): Sending oneway calls to frozen process.
04-22 03:54:31.803 W/IPCThreadState(  683): Sending oneway calls to frozen process.
04-22 03:54:31.803 W/IPCThreadState(  683): Sending oneway calls to frozen process.
04-22 03:54:31.803 W/IPCThreadState(  683): Sending oneway calls to frozen process.
04-22 03:54:31.803 W/IPCThreadState(  683): Sending oneway calls to frozen process.
04-22 03:54:31.803 W/IPCThreadState(  683): Sending oneway calls to frozen process.
04-22 03:54:31.803 W/IPCThreadState(  683): Sending oneway calls to frozen process.
04-22 03:54:31.803 W/IPCThreadState(  683): Sending oneway calls to frozen process.
04-22 03:54:31.803 W/IPCThreadState(  683): Sending oneway calls to frozen process.
04-22 03:54:31.803 W/IPCThreadState(  683): Sending oneway calls to frozen process.
04-22 03:54:31.803 W/IPCThreadState(  683): Sending oneway calls to frozen process.
04-22 03:54:31.803 W/IPCThreadState(  683): Sending oneway calls to frozen process.
04-22 03:54:31.803 I/ailassemblyrn84(27752): AssetManager2(0xb400007aa8c39c78) locale list changing from [] to [en-US]
04-22 03:54:31.803 W/IPCThreadState(  683): Sending oneway calls to frozen process.
04-22 03:54:31.803 W/IPCThreadState(  683): Sending oneway calls to frozen process.
04-22 03:54:31.803 W/IPCThreadState(  683): Sending oneway calls to frozen process.
04-22 03:54:31.803 W/IPCThreadState(  683): Sending oneway calls to frozen process.
04-22 03:54:31.803 W/IPCThreadState(  683): Sending oneway calls to frozen process.
04-22 03:54:31.803 W/IPCThreadState(  683): Sending oneway calls to frozen process.
04-22 03:54:31.803 W/IPCThreadState(  683): Sending oneway calls to frozen process.
04-22 03:54:31.803 W/IPCThreadState(  683): Sending oneway calls to frozen process.
04-22 03:54:31.803 W/IPCThreadState(  683): Sending oneway calls to frozen process.
04-22 03:54:31.803 W/IPCThreadState(  683): Sending oneway calls to frozen process.
04-22 03:54:31.804 W/IPCThreadState(  683): Sending oneway calls to frozen process.
04-22 03:54:31.804 W/IPCThreadState(  683): Sending oneway calls to frozen process.
04-22 03:54:31.804 W/IPCThreadState(  683): Sending oneway calls to frozen process.
04-22 03:54:31.804 W/IPCThreadState(  683): Sending oneway calls to frozen process.
04-22 03:54:31.804 W/IPCThreadState(  683): Sending oneway calls to frozen process.
04-22 03:54:31.804 W/IPCThreadState(  683): Sending oneway calls to frozen process.
04-22 03:54:31.804 W/IPCThreadState(  683): Sending oneway calls to frozen process.
04-22 03:54:31.804 W/IPCThreadState(  683): Sending oneway calls to frozen process.
04-22 03:54:31.804 W/IPCThreadState(  683): Sending oneway calls to frozen process.
04-22 03:54:31.804 W/IPCThreadState(  683): Sending oneway calls to frozen process.
04-22 03:54:31.804 I/ailassemblyrn84(27752): AssetManager2(0xb400007aa8c2a278) locale list changing from [] to [en-US]
04-22 03:54:31.805 D/BackgroundInstallControlService(  683): Package event received: 0
04-22 03:54:31.805 D/BackgroundInstallControlService(  683): Package event received: 0
04-22 03:54:31.805 D/BackgroundInstallControlService(  683): Package event received: 0
04-22 03:54:31.805 D/BackgroundInstallControlService(  683): Package event received: 0
04-22 03:54:31.805 D/BackgroundInstallControlService(  683): Package event received: 0
04-22 03:54:31.805 D/BackgroundInstallControlService(  683): Package event received: 0
04-22 03:54:31.805 D/BackgroundInstallControlService(  683): Package event received: 0
04-22 03:54:31.805 D/BackgroundInstallControlService(  683): Package event received: 0
04-22 03:54:31.805 D/BackgroundInstallControlService(  683): Package event received: 0
04-22 03:54:31.805 D/BackgroundInstallControlService(  683): Package event received: 0
04-22 03:54:31.805 D/BackgroundInstallControlService(  683): Package event received: 0
04-22 03:54:31.805 D/BackgroundInstallControlService(  683): Package event received: 0
04-22 03:54:31.805 D/BackgroundInstallControlService(  683): Package event received: 0
04-22 03:54:31.805 D/BackgroundInstallControlService(  683): Package event received: 0
04-22 03:54:31.805 D/BackgroundInstallControlService(  683): Package event received: 0
04-22 03:54:31.805 D/BackgroundInstallControlService(  683): Package event received: 0
04-22 03:54:31.805 D/BackgroundInstallControlService(  683): Package event received: 0
04-22 03:54:31.805 D/BackgroundInstallControlService(  683): Package event received: 0
04-22 03:54:31.805 D/BackgroundInstallControlService(  683): Package event received: 0
04-22 03:54:31.805 D/BackgroundInstallControlService(  683): Package event received: 0
04-22 03:54:31.805 D/BackgroundInstallControlService(  683): Package event received: 0
04-22 03:54:31.805 D/BackgroundInstallControlService(  683): Package event received: 0
04-22 03:54:31.805 D/BackgroundInstallControlService(  683): Package event received: 0
04-22 03:54:31.805 D/BackgroundInstallControlService(  683): Package event received: 0
04-22 03:54:31.806 I/ailassemblyrn84(27752): AssetManager2(0xb400007aa8c3c838) locale list changing from [] to [en-US]
04-22 03:54:31.807 I/BpBinder(  515): onLastStrongRef automatically unlinking death recipients: 
04-22 03:54:31.808 I/CameraScanActivity(27752): scan from imageBase64 started: length=5932
04-22 03:54:31.808 I/CameraScanActivity(27752): analyzePickedImageBase64 start: length=5932
04-22 03:54:31.810 W/HWUI    (27752): Image decoding logging dropped!
04-22 03:54:31.811 D/AutofillManager(27752): Fill dialog is enabled:false, hints=[]
04-22 03:54:31.812 D/TransportRuntime.SQLiteEventStore(27752): Storing event with priority=VERY_LOW, name=FIREBASE_ML_SDK for destination cct
04-22 03:54:31.812 D/InsetsController(27752): Setting requestedVisibleTypes to -16 (was -9)
04-22 03:54:31.813 I/DynamiteModule(27752): Considering local module com.google.mlkit.dynamite.barcode:10000 and remote module com.google.mlkit.dynamite.barcode:0
04-22 03:54:31.813 I/DynamiteModule(27752): Selected local version of com.google.mlkit.dynamite.barcode
04-22 03:54:31.813 D/TransportRuntime.JobInfoScheduler(27752): Upload for context TransportContext(cct, VERY_LOW, MSRodHRwczovL2ZpcmViYXNlbG9nZ2luZy5nb29nbGVhcGlzLmNvbS92MGNjL2xvZy9iYXRjaD9mb3JtYXQ9anNvbl9wcm90bzNc) is already scheduled. Returning...
04-22 03:54:31.814 D/CoreBackPreview(  683): Window{711ba47 u0 com.impos2.mixcretailassemblyrn84/com.impos2.adapterv2.camera.CameraScanActivity}: Setting back callback OnBackInvokedCallbackInfo{mCallback=android.window.IOnBackInvokedCallback$Stub$Proxy@31e339d, mPriority=-1, mIsAnimationCallback=false, mOverrideBehavior=0}
04-22 03:54:31.815 I/tflite  (27752): Replacing 43 out of 43 node(s) with delegate (TfLiteXNNPackDelegate) node, yielding 1 partitions for the whole graph.
04-22 03:54:31.815 I/tflite  (27752): Replacing 35 out of 47 node(s) with delegate (TfLiteXNNPackDelegate) node, yielding 23 partitions for the whole graph.
04-22 03:54:31.816 I/native  (27752): I0000 00:00:1776801271.816127   28974 oned_decoder_client.cc:696] barhopper::deep_learning::OnedDecoderClient is created successfully.
04-22 03:54:31.822 D/TransportRuntime.SQLiteEventStore(27752): Storing event with priority=DEFAULT, name=FIREBASE_ML_SDK for destination cct
04-22 03:54:31.822 D/TransportRuntime.JobInfoScheduler(27752): Upload for context TransportContext(cct, DEFAULT, MSRodHRwczovL2ZpcmViYXNlbG9nZ2luZy5nb29nbGVhcGlzLmNvbS92MGNjL2xvZy9iYXRjaD9mb3JtYXQ9anNvbl9wcm90bzNc) is already scheduled. Returning...
04-22 03:54:31.827 D/TransportRuntime.SQLiteEventStore(27752): Storing event with priority=VERY_LOW, name=FIREBASE_ML_SDK for destination cct
04-22 03:54:31.828 D/TransportRuntime.JobInfoScheduler(27752): Upload for context TransportContext(cct, VERY_LOW, MSRodHRwczovL2ZpcmViYXNlbG9nZ2luZy5nb29nbGVhcGlzLmNvbS92MGNjL2xvZy9iYXRjaD9mb3JtYXQ9anNvbl9wcm90bzNc) is already scheduled. Returning...
04-22 03:54:31.834 D/TransportRuntime.SQLiteEventStore(27752): Storing event with priority=VERY_LOW, name=FIREBASE_ML_SDK for destination cct
04-22 03:54:31.835 D/TransportRuntime.JobInfoScheduler(27752): Upload for context TransportContext(cct, VERY_LOW, MSRodHRwczovL2ZpcmViYXNlbG9nZ2luZy5nb29nbGVhcGlzLmNvbS92MGNjL2xvZy9iYXRjaD9mb3JtYXQ9anNvbl9wcm90bzNc) is already scheduled. Returning...
04-22 03:54:31.839 D/TransportRuntime.SQLiteEventStore(27752): Storing event with priority=VERY_LOW, name=FIREBASE_ML_SDK for destination cct
04-22 03:54:31.839 D/TransportRuntime.JobInfoScheduler(27752): Upload for context TransportContext(cct, VERY_LOW, MSRodHRwczovL2ZpcmViYXNlbG9nZ2luZy5nb29nbGVhcGlzLmNvbS92MGNjL2xvZy9iYXRjaD9mb3JtYXQ9anNvbl9wcm90bzNc) is already scheduled. Returning...
04-22 03:54:31.843 I/CameraScanActivity(27752): analyzePickedImageBase64 success: format=256, valueLength=103
04-22 03:54:31.843 I/ActivityTaskManager(  683): Displayed com.impos2.mixcretailassemblyrn84/com.impos2.adapterv2.camera.CameraScanActivity for user 0: +46ms
04-22 03:54:31.843 V/WindowManagerShell(  957): onTransitionReady(transaction=2933462669576)
04-22 03:54:31.843 V/WindowManagerShell(  957): onTransitionReady (#168) android.os.BinderProxy@9b51479: {id=168 t=OPEN f=0x0 trk=0 r=[0@Point(0, 0)] c=[
04-22 03:54:31.843 V/WindowManagerShell(  957):         {m=OPEN f=FILLS_TASK leash=Surface(name=ActivityRecord{71393899 u0 com.impos2.mixcretailassemblyrn84/com.impos2.adapterv2.camera.CameraScanActivity)/@0xe297d6c sb=Rect(0, 0 - 0, 0) eb=Rect(0, 0 - 2560, 1600) epz=Point(2560, 1600) d=-1->0 r=-1->0:-1 bc=ff303030 component=com.impos2.mixcretailassemblyrn84/com.impos2.adapterv2.camera.CameraScanActivity opt={t=FROM_STYLE mUserId=0}},
04-22 03:54:31.843 V/WindowManagerShell(  957):         {m=TO_BACK f=FILLS_TASK leash=Surface(name=ActivityRecord{254862394 u0 com.impos2.mixcretailassemblyrn84/.MainActivity)/@0x9697f35 sb=Rect(0, 0 - 2560, 1600) eb=Rect(0, 0 - 2560, 1600) epz=Point(2560, 1600) d=0 bc=ff303030 component=com.impos2.mixcretailassemblyrn84/.MainActivity opt={t=FROM_STYLE mUserId=0}}
04-22 03:54:31.843 V/WindowManagerShell(  957):     ]}
04-22 03:54:31.843 V/WindowManagerShell(  957): Playing animation for (#168) android.os.BinderProxy@9b51479@0
04-22 03:54:31.843 V/ShellRecents(  957): RecentsTransitionHandler.startAnimation: no controller found
04-22 03:54:31.843 V/WindowManagerShell(  957): Transition doesn't have explicit remote, search filters for match for {id=168 t=OPEN f=0x0 trk=0 r=[0@Point(0, 0)] c=[{m=OPEN f=FILLS_TASK leash=Surface(name=ActivityRecord{71393899 u0 com.impos2.mixcretailassemblyrn84/com.impos2.adapterv2.camera.CameraScanActivity)/@0xe297d6c sb=Rect(0, 0 - 0, 0) eb=Rect(0, 0 - 2560, 1600) epz=Point(2560, 1600) d=-1->0 r=-1->0:-1 bc=ff303030 component=com.impos2.mixcretailassemblyrn84/com.impos2.adapterv2.camera.CameraScanActivity opt={t=FROM_STYLE mUserId=0}},{m=TO_BACK f=FILLS_TASK leash=Surface(name=ActivityRecord{254862394 u0 com.impos2.mixcretailassemblyrn84/.MainActivity)/@0x9697f35 sb=Rect(0, 0 - 2560, 1600) eb=Rect(0, 0 - 2560, 1600) epz=Point(2560, 1600) d=0 bc=ff303030 component=com.impos2.mixcretailassemblyrn84/.MainActivity opt={t=FROM_STYLE mUserId=0}}]}
04-22 03:54:31.843 V/WindowManagerShell(  957):  Checking filter Pair{{types=[] flags=0x0] notFlags=0x0 checks=[{atype=undefined independent=true modes=[CLOSE,TO_BACK] flags=IN_TASK_WITH_EMBEDDED_ACTIVITY mustBeTask=false order=ANY topActivity=null launchCookie=null taskFragmentToken=android.os.BinderProxy@c0a78a1 windowingMode=undefined}]} RemoteTransition { remoteTransition = android.window.IRemoteTransition$Stub$Proxy@ebc9ac6, appThread = android.app.IApplicationThread$Stub$Proxy@89a6a87, debugName = overlayBackTransition }}
04-22 03:54:31.843 V/WindowManagerShell(  957):  Checking filter Pair{{types=[] flags=0x0] notFlags=0x0 checks=[{atype=dream independent=true modes=[OPEN,TO_FRONT] flags=NONE mustBeTask=false order=ANY topActivity=null launchCookie=null windowingMode=undefined},{atype=home independent=true modes=[CLOSE,TO_BACK] flags=NONE mustBeTask=false order=ANY topActivity=null launchCookie=null windowingMode=undefined}]} RemoteTransition { remoteTransition = android.window.IRemoteTransition$Stub$Proxy@19eadb4, appThread = android.app.IApplicationThread$Stub$Proxy@6b4fddd, debugName = LauncherToDream }}
04-22 03:54:31.843 V/WindowManagerShell(  957):  Checking filter Pair{{types=[] flags=0x0] notFlags=0x100 checks=[{atype=home independent=true modes=[OPEN,TO_FRONT] flags=NONE mustBeTask=false order=TOP topActivity=ComponentInfo{com.google.android.apps.nexuslauncher/com.google.android.apps.nexuslauncher.NexusLauncherActivity} launchCookie=null windowingMode=undefined},{atype=standard independent=true modes=[CLOSE,TO_BACK] flags=NONE mustBeTask=false order=ANY topActivity=null launchCookie=null windowingMode=undefined},{NOT atype=undefined independent=true modes=[] flags=NONE mustBeTask=true order=ANY topActivity=null launchCookie=null customAnim=true windowingMode=undefined}]} RemoteTransition { remoteTransition = android.window.IRemoteTransition$Stub$Proxy@6579d52, appThread = android.app.IApplicationThread$Stub$Proxy@4a92823, debugName = QuickstepLaunchHome }}
04-22 03:54:31.843 V/WindowManagerShell(  957):  Delegate animation for (#168) to null
04-22 03:54:31.843 V/WindowManagerShell(  957): start default transition animation, info = {id=168 t=OPEN f=0x0 trk=0 r=[0@Point(0, 0)] c=[{m=OPEN f=FILLS_TASK leash=Surface(name=ActivityRecord{71393899 u0 com.impos2.mixcretailassemblyrn84/com.impos2.adapterv2.camera.CameraScanActivity)/@0xe297d6c sb=Rect(0, 0 - 0, 0) eb=Rect(0, 0 - 2560, 1600) epz=Point(2560, 1600) d=-1->0 r=-1->0:-1 bc=ff303030 component=com.impos2.mixcretailassemblyrn84/com.impos2.adapterv2.camera.CameraScanActivity opt={t=FROM_STYLE mUserId=0}},{m=TO_BACK f=FILLS_TASK leash=Surface(name=ActivityRecord{254862394 u0 com.impos2.mixcretailassemblyrn84/.MainActivity)/@0x9697f35 sb=Rect(0, 0 - 2560, 1600) eb=Rect(0, 0 - 2560, 1600) epz=Point(2560, 1600) d=0 bc=ff303030 component=com.impos2.mixcretailassemblyrn84/.MainActivity opt={t=FROM_STYLE mUserId=0}}]}
04-22 03:54:31.844 V/WindowManagerShell(  957): loadAnimation: anim=android.view.animation.AnimationSet@dbfd9b1 animAttr=0x5 type=OPEN isEntrance=false
04-22 03:54:31.844 V/WindowManagerShell(  957): loadAnimation: anim=android.view.animation.AnimationSet@5475fed animAttr=0x4 type=OPEN isEntrance=true
04-22 03:54:31.844 V/WindowManagerShell(  957):  animated by com.android.wm.shell.transition.DefaultTransitionHandler@419789b
04-22 03:54:31.849 V/WindowManager(  683): Sent Transition (#168) createdAt=04-22 03:54:31.796 via request=TransitionRequestInfo { type = OPEN, triggerTask = TaskInfo{userId=0 taskId=41 effectiveUid=10214 displayId=0 isRunning=true baseIntent=Intent { flg=0x10000000 cmp=com.impos2.mixcretailassemblyrn84/.MainActivity } baseActivity=ComponentInfo{com.impos2.mixcretailassemblyrn84/com.impos2.mixcretailassemblyrn84.MainActivity} topActivity=ComponentInfo{com.impos2.mixcretailassemblyrn84/com.impos2.adapterv2.camera.CameraScanActivity} origActivity=null realActivity=ComponentInfo{com.impos2.mixcretailassemblyrn84/com.impos2.mixcretailassemblyrn84.MainActivity} numActivities=2 lastActiveTime=26729341 supportsMultiWindow=true resizeMode=1 isResizeable=true minWidth=-1 minHeight=-1 defaultMinSize=220 token=WCT{RemoteToken{de508d Task{c3708eb #41 type=standard A=10214:com.impos2.mixcretailassemblyrn84}}} topActivityType=1 pictureInPictureParams=null shouldDockBigOverlays=false launchIntoPipHostTaskId=-1 lastParentTaskIdBeforePip=-1 displayCutoutSafeInsets=Rect(0, 0 - 0, 0) topActivityInfo=ActivityInfo{4813955 com.impos2.adapterv2.camera.CameraScanActivity} launchCookies=[] positionInParent=Point(0, 0) parentTaskId=-1 isFocused=true isVisible=true isVisibleRequested=true isTopActivityNoDisplay=false isSleeping=false locusId=null displayAreaFeatureId=1 isTopActivityTransparent=false isActivityStackTransparent=false lastNonFullscreenBounds=Rect(892, 102 - 1668, 1482) capturedLink=null capturedLinkTimestamp=0 requestedVisibleTypes=-9 topActivityRequestOpenInBrowserEducationTimestamp=0 appCompatTaskInfo=AppCompatTaskInfo { topActivityInSizeCompat=false eligibleForLetterboxEducation= false isLetterboxEducationEnabled= true isLetterboxDoubleTapEnabled= false eligibleForUserAspectRatioButton= true topActivityBoundsLetterboxed= false isFromLetterboxDoubleTap= false topActivityLetterboxVerticalPosition= -1 topActivityLetterboxHorizontalPosition= -1 topActivityLetterboxWidth=-1 topActivityLetterboxHeight=-1 topActivityAppBounds=Rect(0, 0 - 2560, 1600) isUserFullscreenOverrideEnabled=false isSystemFullscreenOverrideEnabled=false hasMinAspectRatioOverride=false topActivityLetterboxBounds=null cameraCompatTaskInfo=CameraCompatTaskInfo { freeformCameraCompatMode=inactive}} topActivityMainWindowFrame=null}, pipChange = null, remoteTransition = null, displayChange = null, flags = 0, debugId = 168 }
04-22 03:54:31.849 V/WindowManager(  683):     startWCT=WindowContainerTransaction { changes= {} hops= [] errorCallbackToken=null taskFragmentOrganizer=null }
04-22 03:54:31.849 V/WindowManager(  683):     info={id=168 t=OPEN f=0x0 trk=0 r=[0@Point(0, 0)] c=[
04-22 03:54:31.849 V/WindowManager(  683):         {m=OPEN f=FILLS_TASK leash=Surface(name=ActivityRecord{71393899 u0 com.impos2.mixcretailassemblyrn84/com.impos2.adapterv2.camera.CameraScanActivity)/@0xf1e0b5e sb=Rect(0, 0 - 0, 0) eb=Rect(0, 0 - 2560, 1600) epz=Point(2560, 1600) d=-1->0 r=-1->0:-1 bc=ff303030 component=com.impos2.mixcretailassemblyrn84/com.impos2.adapterv2.camera.CameraScanActivity opt={t=FROM_STYLE mUserId=0}},
04-22 03:54:31.849 V/WindowManager(  683):         {m=TO_BACK f=FILLS_TASK leash=Surface(name=ActivityRecord{254862394 u0 com.impos2.mixcretailassemblyrn84/.MainActivity)/@0x277f9e3 sb=Rect(0, 0 - 2560, 1600) eb=Rect(0, 0 - 2560, 1600) epz=Point(2560, 1600) d=0 bc=ff303030 component=com.impos2.mixcretailassemblyrn84/.MainActivity opt={t=FROM_STYLE mUserId=0}}
04-22 03:54:31.849 V/WindowManager(  683):     ]}
04-22 03:54:31.849 V/WindowManagerShell(  957): Transition requested (#169): android.os.BinderProxy@cec3e22 TransitionRequestInfo { type = CLOSE, triggerTask = null, pipChange = null, remoteTransition = null, displayChange = null, flags = 0, debugId = 169 }
04-22 03:54:31.850 I/ConnectorManager(27752): call end taskId=76a4565b7fec4d5db954217d5485745e success=true code=0 duration=55
04-22 03:54:31.851 D/BackgroundInstallControlService(  683): Package event received: 0
04-22 03:54:31.852 D/TransportRuntime.SQLiteEventStore(27752): Storing event with priority=VERY_LOW, name=FIREBASE_ML_SDK for destination cct
04-22 03:54:31.853 D/BackgroundInstallControlService(  683): Package event received: 0
04-22 03:54:31.853 D/BackgroundInstallControlService(  683): Package event received: 0
04-22 03:54:31.853 D/TransportRuntime.JobInfoScheduler(27752): Upload for context TransportContext(cct, VERY_LOW, MSRodHRwczovL2ZpcmViYXNlbG9nZ2luZy5nb29nbGVhcGlzLmNvbS92MGNjL2xvZy9iYXRjaD9mb3JtYXQ9anNvbl9wcm90bzNc) is already scheduled. Returning...
04-22 03:54:31.853 V/WindowManager(  683): Sent Transition (#169) createdAt=04-22 03:54:31.849 via request=TransitionRequestInfo { type = CLOSE, triggerTask = null, pipChange = null, remoteTransition = null, displayChange = null, flags = 0, debugId = 169 }
04-22 03:54:31.853 V/WindowManager(  683):     startWCT=WindowContainerTransaction { changes= {} hops= [] errorCallbackToken=null taskFragmentOrganizer=null }
04-22 03:54:31.853 V/WindowManager(  683):     info={id=169 t=CLOSE f=0x0 trk=0 r=[0@Point(0, 0)] c=[
04-22 03:54:31.853 V/WindowManager(  683):         {m=CLOSE f=FILLS_TASK|IS_OCCLUDED leash=Surface(name=ActivityRecord{71393899 u0 com.impos2.mixcretailassemblyrn84/com.impos2.adapterv2.camera.CameraScanActivity)/@0xf1e0b5e sb=Rect(0, 0 - 2560, 1600) eb=Rect(0, 0 - 2560, 1600) epz=Point(2560, 1600) d=0 bc=ff303030 component=com.impos2.mixcretailassemblyrn84/com.impos2.adapterv2.camera.CameraScanActivity opt={t=FROM_STYLE mUserId=0}},
04-22 03:54:31.853 V/WindowManager(  683):         {m=TO_FRONT f=FILLS_TASK leash=Surface(name=ActivityRecord{254862394 u0 com.impos2.mixcretailassemblyrn84/.MainActivity)/@0x277f9e3 sb=Rect(0, 0 - 2560, 1600) eb=Rect(0, 0 - 2560, 1600) epz=Point(2560, 1600) d=0 bc=ff303030 component=com.impos2.mixcretailassemblyrn84/.MainActivity opt={t=FROM_STYLE mUserId=0}}
04-22 03:54:31.853 V/WindowManager(  683):     ]}
04-22 03:54:31.853 V/WindowManagerShell(  957): onTransitionReady(transaction=2933462669579)
04-22 03:54:31.853 V/WindowManagerShell(  957): onTransitionReady (#169) android.os.BinderProxy@cec3e22: {id=169 t=CLOSE f=0x0 trk=0 r=[0@Point(0, 0)] c=[
04-22 03:54:31.853 V/WindowManagerShell(  957):         {m=CLOSE f=FILLS_TASK|IS_OCCLUDED leash=Surface(name=ActivityRecord{71393899 u0 com.impos2.mixcretailassemblyrn84/com.impos2.adapterv2.camera.CameraScanActivity)/@0xbd100b3 sb=Rect(0, 0 - 2560, 1600) eb=Rect(0, 0 - 2560, 1600) epz=Point(2560, 1600) d=0 bc=ff303030 component=com.impos2.mixcretailassemblyrn84/com.impos2.adapterv2.camera.CameraScanActivity opt={t=FROM_STYLE mUserId=0}},
04-22 03:54:31.853 V/WindowManagerShell(  957):         {m=TO_FRONT f=FILLS_TASK leash=Surface(name=ActivityRecord{254862394 u0 com.impos2.mixcretailassemblyrn84/.MainActivity)/@0x3a60670 sb=Rect(0, 0 - 2560, 1600) eb=Rect(0, 0 - 2560, 1600) epz=Point(2560, 1600) d=0 bc=ff303030 component=com.impos2.mixcretailassemblyrn84/.MainActivity opt={t=FROM_STYLE mUserId=0}}
04-22 03:54:31.853 V/WindowManagerShell(  957):     ]}
04-22 03:54:31.853 V/WindowManagerShell(  957): Transition (#169) android.os.BinderProxy@cec3e22@0 ready while (#168) android.os.BinderProxy@9b51479@0 is still animating. Notify the animating transition in case they can be merged
04-22 03:54:31.853 W/unknown:BridgelessReact(27752): ReactHost{0}.onHostResume(activity)
04-22 03:54:31.854 W/unknown:BridgelessReact(27752): ReactHost{0}.ReactContext.onHostResume()
04-22 03:54:31.854 V/WindowManagerShell(  957): Transition animation finished (aborted=false), notifying core (#168) android.os.BinderProxy@9b51479@0
04-22 03:54:31.856 V/WindowManager(  683): Finish Transition (#168): created at 04-22 03:54:31.796 collect-started=0.029ms request-sent=2.946ms started=3.933ms ready=5.945ms sent=46.373ms finished=59.251ms
04-22 03:54:31.857 V/WindowManagerShell(  957): Playing animation for (#169) android.os.BinderProxy@cec3e22@0
04-22 03:54:31.857 V/ShellRecents(  957): RecentsTransitionHandler.startAnimation: no controller found
04-22 03:54:31.857 V/WindowManagerShell(  957): Transition doesn't have explicit remote, search filters for match for {id=169 t=CLOSE f=0x0 trk=0 r=[0@Point(0, 0)] c=[{m=CLOSE f=FILLS_TASK|IS_OCCLUDED leash=Surface(name=ActivityRecord{71393899 u0 com.impos2.mixcretailassemblyrn84/com.impos2.adapterv2.camera.CameraScanActivity)/@0xbd100b3 sb=Rect(0, 0 - 2560, 1600) eb=Rect(0, 0 - 2560, 1600) epz=Point(2560, 1600) d=0 bc=ff303030 component=com.impos2.mixcretailassemblyrn84/com.impos2.adapterv2.camera.CameraScanActivity opt={t=FROM_STYLE mUserId=0}},{m=TO_FRONT f=FILLS_TASK leash=Surface(name=ActivityRecord{254862394 u0 com.impos2.mixcretailassemblyrn84/.MainActivity)/@0x3a60670 sb=Rect(0, 0 - 2560, 1600) eb=Rect(0, 0 - 2560, 1600) epz=Point(2560, 1600) d=0 bc=ff303030 component=com.impos2.mixcretailassemblyrn84/.MainActivity opt={t=FROM_STYLE mUserId=0}}]}
04-22 03:54:31.857 V/WindowManagerShell(  957):  Checking filter Pair{{types=[] flags=0x0] notFlags=0x0 checks=[{atype=undefined independent=true modes=[CLOSE,TO_BACK] flags=IN_TASK_WITH_EMBEDDED_ACTIVITY mustBeTask=false order=ANY topActivity=null launchCookie=null taskFragmentToken=android.os.BinderProxy@c0a78a1 windowingMode=undefined}]} RemoteTransition { remoteTransition = android.window.IRemoteTransition$Stub$Proxy@ebc9ac6, appThread = android.app.IApplicationThread$Stub$Proxy@89a6a87, debugName = overlayBackTransition }}
04-22 03:54:31.857 V/WindowManagerShell(  957):  Checking filter Pair{{types=[] flags=0x0] notFlags=0x0 checks=[{atype=dream independent=true modes=[OPEN,TO_FRONT] flags=NONE mustBeTask=false order=ANY topActivity=null launchCookie=null windowingMode=undefined},{atype=home independent=true modes=[CLOSE,TO_BACK] flags=NONE mustBeTask=false order=ANY topActivity=null launchCookie=null windowingMode=undefined}]} RemoteTransition { remoteTransition = android.window.IRemoteTransition$Stub$Proxy@19eadb4, appThread = android.app.IApplicationThread$Stub$Proxy@6b4fddd, debugName = LauncherToDream }}
04-22 03:54:31.857 V/WindowManagerShell(  957):  Checking filter Pair{{types=[] flags=0x0] notFlags=0x100 checks=[{atype=home independent=true modes=[OPEN,TO_FRONT] flags=NONE mustBeTask=false order=TOP topActivity=ComponentInfo{com.google.android.apps.nexuslauncher/com.google.android.apps.nexuslauncher.NexusLauncherActivity} launchCookie=null windowingMode=undefined},{atype=standard independent=true modes=[CLOSE,TO_BACK] flags=NONE mustBeTask=false order=ANY topActivity=null launchCookie=null windowingMode=undefined},{NOT atype=undefined independent=true modes=[] flags=NONE mustBeTask=true order=ANY topActivity=null launchCookie=null customAnim=true windowingMode=undefined}]} RemoteTransition { remoteTransition = android.window.IRemoteTransition$Stub$Proxy@6579d52, appThread = android.app.IApplicationThread$Stub$Proxy@4a92823, debugName = QuickstepLaunchHome }}
04-22 03:54:31.857 V/WindowManagerShell(  957):  Delegate animation for (#169) to null
04-22 03:54:31.857 V/WindowManagerShell(  957): start default transition animation, info = {id=169 t=CLOSE f=0x0 trk=0 r=[0@Point(0, 0)] c=[{m=CLOSE f=FILLS_TASK|IS_OCCLUDED leash=Surface(name=ActivityRecord{71393899 u0 com.impos2.mixcretailassemblyrn84/com.impos2.adapterv2.camera.CameraScanActivity)/@0xbd100b3 sb=Rect(0, 0 - 2560, 1600) eb=Rect(0, 0 - 2560, 1600) epz=Point(2560, 1600) d=0 bc=ff303030 component=com.impos2.mixcretailassemblyrn84/com.impos2.adapterv2.camera.CameraScanActivity opt={t=FROM_STYLE mUserId=0}},{m=TO_FRONT f=FILLS_TASK leash=Surface(name=ActivityRecord{254862394 u0 com.impos2.mixcretailassemblyrn84/.MainActivity)/@0x3a60670 sb=Rect(0, 0 - 2560, 1600) eb=Rect(0, 0 - 2560, 1600) epz=Point(2560, 1600) d=0 bc=ff303030 component=com.impos2.mixcretailassemblyrn84/.MainActivity opt={t=FROM_STYLE mUserId=0}}]}
04-22 03:54:31.857 V/WindowManagerShell(  957): loadAnimation: anim=android.view.animation.AnimationSet@a799fa5 animAttr=0x6 type=CLOSE isEntrance=true
04-22 03:54:31.857 V/WindowManagerShell(  957): loadAnimation: anim=android.view.animation.AnimationSet@a31d32b animAttr=0x7 type=CLOSE isEntrance=false
04-22 03:54:31.857 I/assembly.assembly.android.mixc-retail-rn84(27752): [assembly.topology] Native topology host already matches desired lifecycle state {"displayCount":1,"displayIndex":0,"deviceId":"ZJ63NQELD9","instanceMode":"SLAVE","enableSlave":false,"running":false,"reason":"not-master-or-single-primary-host"}
04-22 03:54:31.859 V/WindowManagerShell(  957):  animated by com.android.wm.shell.transition.DefaultTransitionHandler@419789b
04-22 03:54:31.861 I/assembly.assembly.android.mixc-retail-rn84(27752): [assembly.topology] Native topology host already matches desired lifecycle state {"displayCount":1,"displayIndex":0,"deviceId":"ZJ63NQELD9","instanceMode":"SLAVE","enableSlave":false,"running":false,"reason":"not-master-or-single-primary-host"}
04-22 03:54:31.861 I/assembly.assembly.android.mixc-retail-rn84(27752): [assembly.topology] Native topology host already matches desired lifecycle state {"displayCount":1,"displayIndex":0,"deviceId":"ZJ63NQELD9","instanceMode":"SLAVE","enableSlave":false,"running":false,"reason":"not-master-or-single-primary-host"}
04-22 03:54:31.862 I/ImeTracker(  683): com.impos2.mixcretailassemblyrn84:e61ccb78: onRequestHide at ORIGIN_SERVER reason HIDE_UNSPECIFIED_WINDOW fromUser false
04-22 03:54:31.863 I/assembly.assembly.android.mixc-retail-rn84(27752): [assembly.topology] Native topology host already matches desired lifecycle state {"displayCount":1,"displayIndex":0,"deviceId":"ZJ63NQELD9","instanceMode":"SLAVE","enableSlave":false,"running":false,"reason":"not-master-or-single-primary-host"}
04-22 03:54:31.863 D/InsetsController(27752): hide(ime(), fromIme=false)
04-22 03:54:31.863 I/ImeTracker(27752): com.impos2.mixcretailassemblyrn84:e61ccb78: onCancelled at PHASE_CLIENT_ALREADY_HIDDEN
04-22 03:54:31.866 I/ReactNativeJS(27752): '[assembly.android.mixc-retail-rn84.websocket] connect', { url: 'ws://127.0.0.1:18889/mockMasterServer/ws',
04-22 03:54:31.866 I/ReactNativeJS(27752):   protocol: 'ws',
04-22 03:54:31.866 I/ReactNativeJS(27752):   host: '127.0.0.1:18889',
04-22 03:54:31.866 I/ReactNativeJS(27752):   pathname: '/mockMasterServer/ws' }
04-22 03:54:31.866 I/GoogleInputMethodService( 1576): GoogleInputMethodService.onFinishInput():2043 
04-22 03:54:31.867 I/ImeTracker(  683): system_server:2772ca0b: onRequestHide at ORIGIN_SERVER reason IME_REQUESTED_CHANGED_LISTENER fromUser false
04-22 03:54:31.867 I/Module  ( 1576): DeviceLockedStatusModuleProvider$Module.updateDeviceLockedStatus():100 repeatCheckTimes = 0, locked = false
04-22 03:54:31.867 I/assembly.assembly.android.mixc-retail-rn84(27752): [assembly.topology] Native topology host already matches desired lifecycle state {"displayCount":1,"displayIndex":0,"deviceId":"ZJ63NQELD9","instanceMode":"SLAVE","enableSlave":false,"running":false,"reason":"not-master-or-single-primary-host"}
04-22 03:54:31.868 I/assembly.assembly.android.mixc-retail-rn84(27752): [assembly.topology] Create assembly topology socket binding {"displayIndex":0,"role":"slave","localNodeId":"master:ZJ63NQELD9","masterNodeId":"master:6Z2H3BSGEY","wsUrl":"ws://127.0.0.1:18889/mockMasterServer/ws","httpBaseUrl":"http://127.0.0.1:18889/mockMasterServer","resolvedServerBaseUrl":"http://127.0.0.1:18889/mockMasterServer","resolvedPathTemplate":"/ws"}
04-22 03:54:31.868 I/assembly.assembly.android.mixc-retail-rn84.transport.ws.SocketRuntime(27752): [transport.ws] Socket connect started: assembly.android.mixc-retail-rn84.topology {"profileName":"assembly.android.mixc-retail-rn84.topology","serverName":"dual-topology-host-v3","addressName":"dynamic-topology-host"}
04-22 03:54:31.868 I/GoogleInputMethodService( 1576): GoogleInputMethodService.onStartInput():1293 onStartInput(EditorInfo{EditorInfo{packageName=com.impos2.mixcretailassemblyrn84, inputType=0, inputTypeString=NULL, enableLearning=false, autoCorrection=false, autoComplete=false, imeOptions=0, privateImeOptions=null, actionName=UNSPECIFIED, actionLabel=null, initialSelStart=-1, initialSelEnd=-1, initialCapsMode=0, label=null, fieldId=0, fieldName=null, extras=null, hintText=null, hintLocales=[]}}, false)
04-22 03:54:31.868 I/Module  ( 1576): DeviceLockedStatusModuleProvider$Module.updateDeviceLockedStatus():100 repeatCheckTimes = 1, locked = false
04-22 03:54:31.869 I/EmojiCompatManager( 1576): EmojiCompatManager.getEmojiCompatIfLoaded():343 EmojiCompat.init() was never called.
04-22 03:54:31.869 I/EmojiCompatManager( 1576): java.lang.IllegalStateException: EmojiCompat is not initialized. Please call EmojiCompat.init() first
04-22 03:54:31.869 I/EmojiCompatManager( 1576): 	at asx.p(PG:6)
04-22 03:54:31.869 I/EmojiCompatManager( 1576): 	at axb.b(PG:13)
04-22 03:54:31.869 I/EmojiCompatManager( 1576): 	at jnr.b(PG:2)
04-22 03:54:31.869 I/EmojiCompatManager( 1576): 	at jnr.c(PG:4)
04-22 03:54:31.869 I/EmojiCompatManager( 1576): 	at jnr.f(PG:3)
04-22 03:54:31.869 I/EmojiCompatManager( 1576): 	at jnx.c(PG:3)
04-22 03:54:31.869 I/EmojiCompatManager( 1576): 	at kif.cz(PG:47)
04-22 03:54:31.869 I/EmojiCompatManager( 1576): 	at lhl.run(PG:1025)
04-22 03:54:31.869 I/EmojiCompatManager( 1576): 	at jaf.execute(PG:12)
04-22 03:54:31.869 I/EmojiCompatManager( 1576): 	at nco.v(PG:13)
04-22 03:54:31.869 I/EmojiCompatManager( 1576): 	at lhn.m(PG:96)
04-22 03:54:31.869 I/EmojiCompatManager( 1576): 	at lhn.k(PG:25)
04-22 03:54:31.869 I/EmojiCompatManager( 1576): 	at kgn.onStartInput(PG:250)
04-22 03:54:31.869 I/EmojiCompatManager( 1576): 	at android.inputmethodservice.InputMethodService.doStartInput(InputMethodService.java:3521)
04-22 03:54:31.869 I/EmojiCompatManager( 1576): 	at android.inputmethodservice.InputMethodService$InputMethodImpl.startInput(InputMethodService.java:879)
04-22 03:54:31.869 I/EmojiCompatManager( 1576): 	at android.inputmethodservice.InputMethodService$InputMethodImpl.dispatchStartInput(InputMethodService.java:908)
04-22 03:54:31.869 I/EmojiCompatManager( 1576): 	at android.inputmethodservice.IInputMethodWrapper.executeMessage(IInputMethodWrapper.java:201)
04-22 03:54:31.869 I/EmojiCompatManager( 1576): 	at com.android.internal.os.HandlerCaller$MyHandler.handleMessage(HandlerCaller.java:44)
04-22 03:54:31.869 I/EmojiCompatManager( 1576): 	at android.os.Handler.dispatchMessage(Handler.java:110)
04-22 03:54:31.869 I/EmojiCompatManager( 1576): 	at android.os.Looper.loopOnce(Looper.java:248)
04-22 03:54:31.869 I/EmojiCompatManager( 1576): 	at android.os.Looper.loop(Looper.java:338)
04-22 03:54:31.869 I/EmojiCompatManager( 1576): 	at android.app.ActivityThread.main(ActivityThread.java:9067)
04-22 03:54:31.869 I/EmojiCompatManager( 1576): 	at java.lang.reflect.Method.invoke(Native Method)
04-22 03:54:31.869 I/EmojiCompatManager( 1576): 	at com.android.internal.os.RuntimeInit$MethodAndArgsCaller.run(RuntimeInit.java:593)
04-22 03:54:31.869 I/EmojiCompatManager( 1576): 	at com.android.internal.os.ZygoteInit.main(ZygoteInit.java:932)
04-22 03:54:31.869 W/PackageConfigPersister(  683): App-specific configuration not found for packageName: com.impos2.mixcretailassemblyrn84 and userId: 0
04-22 03:54:31.869 I/ImeTracker(  683): system_server:2772ca0b: onCancelled at PHASE_SERVER_SHOULD_HIDE
04-22 03:54:31.874 I/assembly.assembly.android.mixc-retail-rn84(27752): [assembly.topology] Native topology host already matches desired lifecycle state {"displayCount":1,"displayIndex":0,"deviceId":"ZJ63NQELD9","instanceMode":"SLAVE","enableSlave":false,"running":false,"reason":"not-master-or-single-primary-host"}
04-22 03:54:31.874 I/assembly.assembly.android.mixc-retail-rn84(27752): [assembly.topology] Native topology host already matches desired lifecycle state {"displayCount":1,"displayIndex":0,"deviceId":"ZJ63NQELD9","instanceMode":"SLAVE","enableSlave":false,"running":false,"reason":"not-master-or-single-primary-host"}
04-22 03:54:31.874 I/assembly.assembly.android.mixc-retail-rn84(27752): [assembly.topology] Native topology host already matches desired lifecycle state {"displayCount":1,"displayIndex":0,"deviceId":"ZJ63NQELD9","instanceMode":"SLAVE","enableSlave":false,"running":false,"reason":"not-master-or-single-primary-host"}
04-22 03:54:31.874 I/assembly.assembly.android.mixc-retail-rn84(27752): [assembly.topology] Native topology host already matches desired lifecycle state {"displayCount":1,"displayIndex":0,"deviceId":"ZJ63NQELD9","instanceMode":"SLAVE","enableSlave":false,"running":false,"reason":"not-master-or-single-primary-host"}
04-22 03:54:31.874 I/assembly.assembly.android.mixc-retail-rn84(27752): [assembly.topology] Native topology host already matches desired lifecycle state {"displayCount":1,"displayIndex":0,"deviceId":"ZJ63NQELD9","instanceMode":"SLAVE","enableSlave":false,"running":false,"reason":"not-master-or-single-primary-host"}
04-22 03:54:31.874 I/assembly.assembly.android.mixc-retail-rn84(27752): [assembly.topology] Native topology host already matches desired lifecycle state {"displayCount":1,"displayIndex":0,"deviceId":"ZJ63NQELD9","instanceMode":"SLAVE","enableSlave":false,"running":false,"reason":"not-master-or-single-primary-host"}
04-22 03:54:31.882 I/ImeTracker(  683): com.impos2.mixcretailassemblyrn84:96990d4e: onRequestHide at ORIGIN_SERVER reason HIDE_UNSPECIFIED_WINDOW fromUser false
04-22 03:54:31.882 D/InsetsController(27752): hide(ime(), fromIme=false)
04-22 03:54:31.882 I/ImeTracker(27752): com.impos2.mixcretailassemblyrn84:96990d4e: onCancelled at PHASE_CLIENT_ALREADY_HIDDEN
04-22 03:54:31.883 I/GoogleInputMethodService( 1576): GoogleInputMethodService.onFinishInput():2043 
04-22 03:54:31.883 I/ImeTracker(  683): system_server:bad505cd: onRequestHide at ORIGIN_SERVER reason IME_REQUESTED_CHANGED_LISTENER fromUser false
04-22 03:54:31.884 I/Module  ( 1576): DeviceLockedStatusModuleProvider$Module.updateDeviceLockedStatus():100 repeatCheckTimes = 0, locked = false
04-22 03:54:31.884 I/GoogleInputMethodService( 1576): GoogleInputMethodService.onStartInput():1293 onStartInput(EditorInfo{EditorInfo{packageName=com.impos2.mixcretailassemblyrn84, inputType=0, inputTypeString=NULL, enableLearning=false, autoCorrection=false, autoComplete=false, imeOptions=0, privateImeOptions=null, actionName=UNSPECIFIED, actionLabel=null, initialSelStart=-1, initialSelEnd=-1, initialCapsMode=0, label=null, fieldId=0, fieldName=null, extras=null, hintText=null, hintLocales=[]}}, false)
04-22 03:54:31.884 I/ImeTracker(  683): system_server:bad505cd: onCancelled at PHASE_SERVER_SHOULD_HIDE
04-22 03:54:31.884 I/assembly.assembly.android.mixc-retail-rn84(27752): [assembly.topology] Native topology host already matches desired lifecycle state {"displayCount":1,"displayIndex":0,"deviceId":"ZJ63NQELD9","instanceMode":"SLAVE","enableSlave":false,"running":false,"reason":"not-master-or-single-primary-host"}
04-22 03:54:31.884 I/Module  ( 1576): DeviceLockedStatusModuleProvider$Module.updateDeviceLockedStatus():100 repeatCheckTimes = 1, locked = false
04-22 03:54:31.884 I/EmojiCompatManager( 1576): EmojiCompatManager.getEmojiCompatIfLoaded():343 EmojiCompat.init() was never called.
04-22 03:54:31.884 I/EmojiCompatManager( 1576): java.lang.IllegalStateException: EmojiCompat is not initialized. Please call EmojiCompat.init() first
04-22 03:54:31.884 I/EmojiCompatManager( 1576): 	at asx.p(PG:6)
04-22 03:54:31.884 I/EmojiCompatManager( 1576): 	at axb.b(PG:13)
04-22 03:54:31.884 I/EmojiCompatManager( 1576): 	at jnr.b(PG:2)
04-22 03:54:31.884 I/EmojiCompatManager( 1576): 	at jnr.c(PG:4)
04-22 03:54:31.884 I/EmojiCompatManager( 1576): 	at jnr.f(PG:3)
04-22 03:54:31.884 I/EmojiCompatManager( 1576): 	at jnx.c(PG:3)
04-22 03:54:31.884 I/EmojiCompatManager( 1576): 	at kif.cz(PG:47)
04-22 03:54:31.884 I/EmojiCompatManager( 1576): 	at lhl.run(PG:1025)
04-22 03:54:31.884 I/EmojiCompatManager( 1576): 	at jaf.execute(PG:12)
04-22 03:54:31.884 I/EmojiCompatManager( 1576): 	at nco.v(PG:13)
04-22 03:54:31.884 I/EmojiCompatManager( 1576): 	at lhn.m(PG:96)
04-22 03:54:31.884 I/EmojiCompatManager( 1576): 	at lhn.k(PG:25)
04-22 03:54:31.884 I/EmojiCompatManager( 1576): 	at kgn.onStartInput(PG:250)
04-22 03:54:31.884 I/EmojiCompatManager( 1576): 	at android.inputmethodservice.InputMethodService.doStartInput(InputMethodService.java:3521)
04-22 03:54:31.884 I/EmojiCompatManager( 1576): 	at android.inputmethodservice.InputMethodService$InputMethodImpl.startInput(InputMethodService.java:879)
04-22 03:54:31.884 I/EmojiCompatManager( 1576): 	at android.inputmethodservice.InputMethodService$InputMethodImpl.dispatchStartInput(InputMethodService.java:908)
04-22 03:54:31.884 I/EmojiCompatManager( 1576): 	at android.inputmethodservice.IInputMethodWrapper.executeMessage(IInputMethodWrapper.java:201)
04-22 03:54:31.884 I/EmojiCompatManager( 1576): 	at com.android.internal.os.HandlerCaller$MyHandler.handleMessage(HandlerCaller.java:44)
04-22 03:54:31.884 I/EmojiCompatManager( 1576): 	at android.os.Handler.dispatchMessage(Handler.java:110)
04-22 03:54:31.884 I/EmojiCompatManager( 1576): 	at android.os.Looper.loopOnce(Looper.java:248)
04-22 03:54:31.884 I/EmojiCompatManager( 1576): 	at android.os.Looper.loop(Looper.java:338)
04-22 03:54:31.884 I/EmojiCompatManager( 1576): 	at android.app.ActivityThread.main(ActivityThread.java:9067)
04-22 03:54:31.884 I/EmojiCompatManager( 1576): 	at java.lang.reflect.Method.invoke(Native Method)
04-22 03:54:31.884 I/EmojiCompatManager( 1576): 	at com.android.internal.os.RuntimeInit$MethodAndArgsCaller.run(RuntimeInit.java:593)
04-22 03:54:31.884 I/EmojiCompatManager( 1576): 	at com.android.internal.os.ZygoteInit.main(ZygoteInit.java:932)
04-22 03:54:31.885 W/PackageConfigPersister(  683): App-specific configuration not found for packageName: com.impos2.mixcretailassemblyrn84 and userId: 0
04-22 03:54:31.889 W/putmethod.latin( 1576): Reducing the number of considered missed Gc histogram windows from 774 to 100
04-22 03:54:31.891 I/assembly.assembly.android.mixc-retail-rn84(27752): [assembly.topology] Native topology host already matches desired lifecycle state {"displayCount":1,"displayIndex":0,"deviceId":"ZJ63NQELD9","instanceMode":"SLAVE","enableSlave":false,"running":false,"reason":"not-master-or-single-primary-host"}
04-22 03:54:31.891 I/assembly.assembly.android.mixc-retail-rn84(27752): [assembly.topology] Native topology host already matches desired lifecycle state {"displayCount":1,"displayIndex":0,"deviceId":"ZJ63NQELD9","instanceMode":"SLAVE","enableSlave":false,"running":false,"reason":"not-master-or-single-primary-host"}
04-22 03:54:31.891 I/assembly.assembly.android.mixc-retail-rn84(27752): [assembly.topology] Native topology host already matches desired lifecycle state {"displayCount":1,"displayIndex":0,"deviceId":"ZJ63NQELD9","instanceMode":"SLAVE","enableSlave":false,"running":false,"reason":"not-master-or-single-primary-host"}
