04-22 00:49:11.544 I/ReactNativeJS(15237): '[tcp-bootstrap-state-written]', '{"nodeId":"master:6Z2H3BSGEY","runtimeId":"run_mo8uzb5s_g8w5lfxkqdgk6wfg","displayIndex":0,"requestId":"req_mo8uzb7b_ycikr61mx412bpke","commandId":"cmd_mo8uzb7c_k8ai8j6iegmffumu","nextDeviceFingerprint":"6Z2H3BSGEY","nextDeviceInfo":{"id":"6Z2H3BSGEY","model":"Mixc Retail Android RN84"},"previousIdentity":{"terminalId":"terminal_sf6oi79tmy5r","deviceFingerprint":"6Z2H3BSGEY","deviceInfo":{"id":"6Z2H3BSGEY","model":"Mixc Retail Android RN84"},"activationStatus":"ACTIVATED","activatedAt":1776789574754}}'
04-22 00:49:11.545 I/ReactNativeJS(15237): '[assembly.android.mixc-retail-rn84.websocket] connect', { url: 'ws://192.168.0.172:5810/api/v1/tdp/ws/connect?sandboxId=sandbox-kernel-base-test&terminalId=terminal_sf6oi79tmy5r&token=token_grulm3h6my5r',
04-22 00:49:11.545 I/ReactNativeJS(15237):   protocol: 'ws',
04-22 00:49:11.545 I/ReactNativeJS(15237):   host: '192.168.0.172:5810',
04-22 00:49:11.545 I/ReactNativeJS(15237):   pathname: '/api/v1/tdp/ws/connect' }
04-22 00:49:11.545 I/assembly.assembly.android.mixc-retail-rn84.transport.ws.SocketRuntime(15237): [transport.ws] Socket connect started: kernel.base.tdp-sync-runtime-v2.socket {"profileName":"kernel.base.tdp-sync-runtime-v2.socket","serverName":"mock-terminal-platform","addressName":"lan"}
04-22 00:49:11.548 I/WebViewFactory(15237): Loading com.google.android.webview version 109.0.5414.123 (code 541412334)
04-22 00:49:11.549 W/ziparchive(15237): Unable to open '/data/app/~~2XlbTKbdSL4ytKc6vI96fw==/com.google.android.trichromelibrary_541412334-XVCZJKNYM7pdXgwa6ezTsQ==/TrichromeLibrary.dm': No such file or directory
04-22 00:49:11.550 W/ziparchive(15237): Unable to open '/data/app/~~2XlbTKbdSL4ytKc6vI96fw==/com.google.android.trichromelibrary_541412334-XVCZJKNYM7pdXgwa6ezTsQ==/TrichromeLibrary.dm': No such file or directory
04-22 00:49:11.550 W/ailassemblyrn84(15237): Entry not found
04-22 00:49:11.550 D/nativeloader(15237): Configuring classloader-namespace for other apk /data/app/~~2XlbTKbdSL4ytKc6vI96fw==/com.google.android.trichromelibrary_541412334-XVCZJKNYM7pdXgwa6ezTsQ==/TrichromeLibrary.apk. target_sdk_version=33, uses_libraries=ALL, library_path=/data/app/~~Q0ddWPLbjoO_UEypAkbhRg==/com.google.android.webview-PdQqPxJT8P1ba_nJ4hr2mw==/lib/arm64:/data/app/~~Q0ddWPLbjoO_UEypAkbhRg==/com.google.android.webview-PdQqPxJT8P1ba_nJ4hr2mw==/WebViewGoogle.apk!/lib/arm64-v8a:/data/app/~~2XlbTKbdSL4ytKc6vI96fw==/com.google.android.trichromelibrary_541412334-XVCZJKNYM7pdXgwa6ezTsQ==/TrichromeLibrary.apk!/lib/arm64-v8a, permitted_path=/data:/mnt/expand
04-22 00:49:11.551 D/nativeloader(15237): Configuring classloader-namespace for other apk /data/app/~~Q0ddWPLbjoO_UEypAkbhRg==/com.google.android.webview-PdQqPxJT8P1ba_nJ4hr2mw==/WebViewGoogle.apk. target_sdk_version=33, uses_libraries=, library_path=/data/app/~~Q0ddWPLbjoO_UEypAkbhRg==/com.google.android.webview-PdQqPxJT8P1ba_nJ4hr2mw==/lib/arm64:/data/app/~~Q0ddWPLbjoO_UEypAkbhRg==/com.google.android.webview-PdQqPxJT8P1ba_nJ4hr2mw==/WebViewGoogle.apk!/lib/arm64-v8a:/data/app/~~2XlbTKbdSL4ytKc6vI96fw==/com.google.android.trichromelibrary_541412334-XVCZJKNYM7pdXgwa6ezTsQ==/TrichromeLibrary.apk!/lib/arm64-v8a, permitted_path=/data:/mnt/expand
04-22 00:49:11.555 D/ControlsListingControllerImpl(  728): Subscribing callback, service count: 0
04-22 00:49:11.556 D/ControlsListingControllerImpl(  728): Unsubscribing callback
04-22 00:49:11.559 I/cr_WVCFactoryProvider(15237): Loaded version=109.0.5414.123 minSdkVersion=29 isBundle=false multiprocess=true packageId=2
04-22 00:49:11.562 I/cr_VariationsUtils(15237): Failed reading seed file "/data/user/0/com.impos2.mixcretailassemblyrn84/app_webview/variations_seed_new"
04-22 00:49:11.562 I/cr_VariationsUtils(15237): Failed reading seed file "/data/user/0/com.impos2.mixcretailassemblyrn84/app_webview/variations_seed"
04-22 00:49:11.564 I/cr_LibraryLoader(15237): Successfully loaded native library
04-22 00:49:11.564 I/cr_CachingUmaRecorder(15237): Flushed 9 samples from 9 histograms.
04-22 00:49:11.568 D/TrafficStats(15237): tagSocket(118) with statsTag=0xffffffff, statsUid=-1
04-22 00:49:11.571 I/MMKV    (15237): <MMKV_IO.cpp:609::writeActualSize> [mixc-retail-assembly-rn84::state] increase sequence to 79, crc 3527937000, actualSize 31415
04-22 00:49:11.571 I/MMKV    (15237): <MMKV.cpp:1208::sync> MMKV::sync, SyncFlag = 1
04-22 00:49:11.574 D/EGL_emulation(  728): app_time_stats: avg=11537.60ms min=11537.60ms max=11537.60ms count=1
04-22 00:49:11.574 I/MMKV    (15237): <MMKV_IO.cpp:609::writeActualSize> [mixc-retail-assembly-rn84::state] increase sequence to 80, crc 3040813863, actualSize 31415
04-22 00:49:11.574 I/MMKV    (15237): <MMKV.cpp:1208::sync> MMKV::sync, SyncFlag = 1
04-22 00:49:11.577 I/MMKV    (15237): <MMKV_IO.cpp:609::writeActualSize> [mixc-retail-assembly-rn84::state] increase sequence to 81, crc 3075391709, actualSize 31415
04-22 00:49:11.577 I/MMKV    (15237): <MMKV.cpp:1208::sync> MMKV::sync, SyncFlag = 1
04-22 00:49:11.580 I/MMKV    (15237): <MMKV_IO.cpp:609::writeActualSize> [mixc-retail-assembly-rn84::state] increase sequence to 82, crc 452937503, actualSize 31415
04-22 00:49:11.580 I/MMKV    (15237): <MMKV.cpp:1208::sync> MMKV::sync, SyncFlag = 1
04-22 00:49:11.583 I/MMKV    (15237): <MMKV_IO.cpp:609::writeActualSize> [mixc-retail-assembly-rn84::state] increase sequence to 83, crc 1716240707, actualSize 31415
04-22 00:49:11.583 I/MMKV    (15237): <MMKV.cpp:1208::sync> MMKV::sync, SyncFlag = 1
04-22 00:49:11.587 I/MMKV    (15237): <MMKV_IO.cpp:609::writeActualSize> [mixc-retail-assembly-rn84::state] increase sequence to 84, crc 2025830580, actualSize 31415
04-22 00:49:11.591 I/MMKV    (15237): <MMKV.cpp:1208::sync> MMKV::sync, SyncFlag = 1
04-22 00:49:11.596 I/MMKV    (15237): <MMKV_IO.cpp:609::writeActualSize> [mixc-retail-assembly-rn84::state] increase sequence to 85, crc 4195268351, actualSize 31415
04-22 00:49:11.596 I/MMKV    (15237): <MMKV.cpp:1208::sync> MMKV::sync, SyncFlag = 1
04-22 00:49:11.599 I/MMKV    (15237): <MMKV_IO.cpp:609::writeActualSize> [mixc-retail-assembly-rn84::state] increase sequence to 86, crc 1382016604, actualSize 31415
04-22 00:49:11.599 I/MMKV    (15237): <MMKV.cpp:1208::sync> MMKV::sync, SyncFlag = 1
04-22 00:49:11.602 I/MMKV    (15237): <MMKV_IO.cpp:609::writeActualSize> [mixc-retail-assembly-rn84::state] increase sequence to 87, crc 473694239, actualSize 31415
04-22 00:49:11.602 I/MMKV    (15237): <MMKV.cpp:1208::sync> MMKV::sync, SyncFlag = 1
04-22 00:49:11.607 I/MMKV    (15237): <MMKV_IO.cpp:609::writeActualSize> [mixc-retail-assembly-rn84::state] increase sequence to 88, crc 2551118806, actualSize 31415
04-22 00:49:11.607 I/MMKV    (15237): <MMKV.cpp:1208::sync> MMKV::sync, SyncFlag = 1
04-22 00:49:11.609 I/MMKV    (15237): <MMKV_IO.cpp:609::writeActualSize> [mixc-retail-assembly-rn84::secure-state] increase sequence to 6, crc 377020488, actualSize 259
04-22 00:49:11.609 I/MMKV    (15237): <MMKV.cpp:1208::sync> MMKV::sync, SyncFlag = 1
04-22 00:49:11.611 I/MMKV    (15237): <MMKV_IO.cpp:609::writeActualSize> [mixc-retail-assembly-rn84::state] increase sequence to 89, crc 3850117228, actualSize 31415
04-22 00:49:11.611 I/MMKV    (15237): <MMKV.cpp:1208::sync> MMKV::sync, SyncFlag = 1
04-22 00:49:11.615 I/MMKV    (15237): <MMKV_IO.cpp:609::writeActualSize> [mixc-retail-assembly-rn84::state] increase sequence to 90, crc 3854913961, actualSize 31415
04-22 00:49:11.615 I/MMKV    (15237): <MMKV.cpp:1208::sync> MMKV::sync, SyncFlag = 1
04-22 00:49:11.618 I/MMKV    (15237): <MMKV_IO.cpp:609::writeActualSize> [mixc-retail-assembly-rn84::state] increase sequence to 91, crc 2042663712, actualSize 31415
04-22 00:49:11.618 I/MMKV    (15237): <MMKV.cpp:1208::sync> MMKV::sync, SyncFlag = 1
04-22 00:49:11.623 I/MMKV    (15237): <MMKV_IO.cpp:609::writeActualSize> [mixc-retail-assembly-rn84::state] increase sequence to 92, crc 848973318, actualSize 31415
04-22 00:49:11.623 I/MMKV    (15237): <MMKV.cpp:1208::sync> MMKV::sync, SyncFlag = 1
04-22 00:49:11.627 I/MMKV    (15237): <MMKV_IO.cpp:609::writeActualSize> [mixc-retail-assembly-rn84::state] increase sequence to 93, crc 3040813863, actualSize 31415
04-22 00:49:11.627 I/MMKV    (15237): <MMKV.cpp:1208::sync> MMKV::sync, SyncFlag = 1
04-22 00:49:11.630 I/MMKV    (15237): <MMKV_IO.cpp:609::writeActualSize> [mixc-retail-assembly-rn84::state] increase sequence to 94, crc 3075391709, actualSize 31415
04-22 00:49:11.630 I/MMKV    (15237): <MMKV.cpp:1208::sync> MMKV::sync, SyncFlag = 1
04-22 00:49:11.633 I/MMKV    (15237): <MMKV_IO.cpp:609::writeActualSize> [mixc-retail-assembly-rn84::state] increase sequence to 95, crc 452937503, actualSize 31415
04-22 00:49:11.633 I/MMKV    (15237): <MMKV.cpp:1208::sync> MMKV::sync, SyncFlag = 1
04-22 00:49:11.638 I/MMKV    (15237): <MMKV_IO.cpp:609::writeActualSize> [mixc-retail-assembly-rn84::state] increase sequence to 96, crc 1716240707, actualSize 31415
04-22 00:49:11.638 I/MMKV    (15237): <MMKV.cpp:1208::sync> MMKV::sync, SyncFlag = 1
04-22 00:49:11.643 I/MMKV    (15237): <MMKV_IO.cpp:609::writeActualSize> [mixc-retail-assembly-rn84::state] increase sequence to 97, crc 2025830580, actualSize 31415
04-22 00:49:11.643 I/MMKV    (15237): <MMKV.cpp:1208::sync> MMKV::sync, SyncFlag = 1
04-22 00:49:11.647 I/MMKV    (15237): <MMKV_IO.cpp:609::writeActualSize> [mixc-retail-assembly-rn84::state] increase sequence to 98, crc 4195268351, actualSize 31415
04-22 00:49:11.647 I/MMKV    (15237): <MMKV.cpp:1208::sync> MMKV::sync, SyncFlag = 1
04-22 00:49:11.651 I/MMKV    (15237): <MMKV_IO.cpp:609::writeActualSize> [mixc-retail-assembly-rn84::state] increase sequence to 99, crc 1382016604, actualSize 31415
04-22 00:49:11.651 I/MMKV    (15237): <MMKV.cpp:1208::sync> MMKV::sync, SyncFlag = 1
04-22 00:49:11.656 I/MMKV    (15237): <MMKV_IO.cpp:609::writeActualSize> [mixc-retail-assembly-rn84::state] increase sequence to 100, crc 473694239, actualSize 31415
04-22 00:49:11.656 I/MMKV    (15237): <MMKV.cpp:1208::sync> MMKV::sync, SyncFlag = 1
04-22 00:49:11.660 I/MMKV    (15237): <MMKV_IO.cpp:609::writeActualSize> [mixc-retail-assembly-rn84::state] increase sequence to 101, crc 2551118806, actualSize 31415
04-22 00:49:11.660 I/MMKV    (15237): <MMKV.cpp:1208::sync> MMKV::sync, SyncFlag = 1
04-22 00:49:11.663 I/MMKV    (15237): <MMKV_IO.cpp:609::writeActualSize> [mixc-retail-assembly-rn84::state] increase sequence to 102, crc 3850117228, actualSize 31415
04-22 00:49:11.663 I/MMKV    (15237): <MMKV.cpp:1208::sync> MMKV::sync, SyncFlag = 1
04-22 00:49:11.666 I/MMKV    (15237): <MMKV_IO.cpp:609::writeActualSize> [mixc-retail-assembly-rn84::secure-state] increase sequence to 7, crc 377020488, actualSize 259
04-22 00:49:11.666 I/MMKV    (15237): <MMKV.cpp:1208::sync> MMKV::sync, SyncFlag = 1
04-22 00:49:11.669 I/MMKV    (15237): <MMKV_IO.cpp:609::writeActualSize> [mixc-retail-assembly-rn84::state] increase sequence to 103, crc 3854913961, actualSize 31415
04-22 00:49:11.669 I/MMKV    (15237): <MMKV.cpp:1208::sync> MMKV::sync, SyncFlag = 1
04-22 00:49:11.674 I/MMKV    (15237): <MMKV_IO.cpp:609::writeActualSize> [mixc-retail-assembly-rn84::state] increase sequence to 104, crc 2042663712, actualSize 31415
04-22 00:49:11.674 I/MMKV    (15237): <MMKV.cpp:1208::sync> MMKV::sync, SyncFlag = 1
04-22 00:49:11.679 I/MMKV    (15237): <MMKV_IO.cpp:609::writeActualSize> [mixc-retail-assembly-rn84::state] increase sequence to 105, crc 848973318, actualSize 31415
04-22 00:49:11.679 I/MMKV    (15237): <MMKV.cpp:1208::sync> MMKV::sync, SyncFlag = 1
04-22 00:49:11.683 I/MMKV    (15237): <MMKV_IO.cpp:609::writeActualSize> [mixc-retail-assembly-rn84::state] increase sequence to 106, crc 3040813863, actualSize 31415
04-22 00:49:11.683 I/MMKV    (15237): <MMKV.cpp:1208::sync> MMKV::sync, SyncFlag = 1
04-22 00:49:11.688 I/MMKV    (15237): <MMKV_IO.cpp:609::writeActualSize> [mixc-retail-assembly-rn84::state] increase sequence to 107, crc 3075391709, actualSize 31415
04-22 00:49:11.688 I/MMKV    (15237): <MMKV.cpp:1208::sync> MMKV::sync, SyncFlag = 1
04-22 00:49:11.693 I/MMKV    (15237): <MMKV_IO.cpp:609::writeActualSize> [mixc-retail-assembly-rn84::state] increase sequence to 108, crc 452937503, actualSize 31415
04-22 00:49:11.693 I/MMKV    (15237): <MMKV.cpp:1208::sync> MMKV::sync, SyncFlag = 1
04-22 00:49:11.697 I/MMKV    (15237): <MMKV_IO.cpp:609::writeActualSize> [mixc-retail-assembly-rn84::state] increase sequence to 109, crc 1716240707, actualSize 31415
04-22 00:49:11.697 I/MMKV    (15237): <MMKV.cpp:1208::sync> MMKV::sync, SyncFlag = 1
04-22 00:49:11.701 I/MMKV    (15237): <MMKV_IO.cpp:609::writeActualSize> [mixc-retail-assembly-rn84::state] increase sequence to 110, crc 2025830580, actualSize 31415
04-22 00:49:11.701 I/MMKV    (15237): <MMKV.cpp:1208::sync> MMKV::sync, SyncFlag = 1
04-22 00:49:11.704 W/TransactionTracing(  335): Could not find layer id -1
04-22 00:49:11.704 W/TransactionTracing(  335): Could not find layer id -1
04-22 00:49:11.707 I/MMKV    (15237): <MMKV_IO.cpp:609::writeActualSize> [mixc-retail-assembly-rn84::state] increase sequence to 111, crc 4195268351, actualSize 31415
04-22 00:49:11.707 I/MMKV    (15237): <MMKV.cpp:1208::sync> MMKV::sync, SyncFlag = 1
04-22 00:49:11.711 I/MMKV    (15237): <MMKV_IO.cpp:609::writeActualSize> [mixc-retail-assembly-rn84::state] increase sequence to 112, crc 1382016604, actualSize 31415
04-22 00:49:11.711 I/MMKV    (15237): <MMKV.cpp:1208::sync> MMKV::sync, SyncFlag = 1
04-22 00:49:11.716 I/MMKV    (15237): <MMKV_IO.cpp:609::writeActualSize> [mixc-retail-assembly-rn84::state] increase sequence to 113, crc 473694239, actualSize 31415
04-22 00:49:11.716 I/MMKV    (15237): <MMKV.cpp:1208::sync> MMKV::sync, SyncFlag = 1
04-22 00:49:11.720 I/MMKV    (15237): <MMKV_IO.cpp:609::writeActualSize> [mixc-retail-assembly-rn84::state] increase sequence to 114, crc 2551118806, actualSize 31415
04-22 00:49:11.720 I/MMKV    (15237): <MMKV.cpp:1208::sync> MMKV::sync, SyncFlag = 1
04-22 00:49:11.726 I/MMKV    (15237): <MMKV_IO.cpp:609::writeActualSize> [mixc-retail-assembly-rn84::state] increase sequence to 115, crc 3850117228, actualSize 31415
04-22 00:49:11.726 I/MMKV    (15237): <MMKV.cpp:1208::sync> MMKV::sync, SyncFlag = 1
04-22 00:49:11.730 I/MMKV    (15237): <MMKV_IO.cpp:609::writeActualSize> [mixc-retail-assembly-rn84::state] increase sequence to 116, crc 3854913961, actualSize 31415
04-22 00:49:11.730 I/MMKV    (15237): <MMKV.cpp:1208::sync> MMKV::sync, SyncFlag = 1
04-22 00:49:11.733 I/MMKV    (15237): <MMKV_IO.cpp:609::writeActualSize> [mixc-retail-assembly-rn84::secure-state] increase sequence to 8, crc 377020488, actualSize 259
04-22 00:49:11.733 I/MMKV    (15237): <MMKV.cpp:1208::sync> MMKV::sync, SyncFlag = 1
04-22 00:49:11.736 I/MMKV    (15237): <MMKV_IO.cpp:609::writeActualSize> [mixc-retail-assembly-rn84::state] increase sequence to 117, crc 2042663712, actualSize 31415
04-22 00:49:11.736 I/MMKV    (15237): <MMKV.cpp:1208::sync> MMKV::sync, SyncFlag = 1
04-22 00:49:11.742 I/MMKV    (15237): <MMKV_IO.cpp:609::writeActualSize> [mixc-retail-assembly-rn84::state] increase sequence to 118, crc 848973318, actualSize 31415
04-22 00:49:11.742 I/MMKV    (15237): <MMKV.cpp:1208::sync> MMKV::sync, SyncFlag = 1
04-22 00:49:11.747 I/MMKV    (15237): <MMKV_IO.cpp:609::writeActualSize> [mixc-retail-assembly-rn84::state] increase sequence to 119, crc 3040813863, actualSize 31415
04-22 00:49:11.747 I/MMKV    (15237): <MMKV.cpp:1208::sync> MMKV::sync, SyncFlag = 1
04-22 00:49:11.752 I/MMKV    (15237): <MMKV_IO.cpp:609::writeActualSize> [mixc-retail-assembly-rn84::state] increase sequence to 120, crc 3075391709, actualSize 31415
04-22 00:49:11.752 I/MMKV    (15237): <MMKV.cpp:1208::sync> MMKV::sync, SyncFlag = 1
04-22 00:49:11.759 I/MMKV    (15237): <MMKV_IO.cpp:609::writeActualSize> [mixc-retail-assembly-rn84::state] increase sequence to 121, crc 452937503, actualSize 31415
04-22 00:49:11.759 I/MMKV    (15237): <MMKV.cpp:1208::sync> MMKV::sync, SyncFlag = 1
04-22 00:49:11.763 I/MMKV    (15237): <MMKV_IO.cpp:609::writeActualSize> [mixc-retail-assembly-rn84::state] increase sequence to 122, crc 1716240707, actualSize 31415
04-22 00:49:11.763 I/MMKV    (15237): <MMKV.cpp:1208::sync> MMKV::sync, SyncFlag = 1
04-22 00:49:11.774 D/CoreBackPreview(  519): Window{f9264f1 u0 Splash Screen com.impos2.mixcretailassemblyrn84 EXITING}: Setting back callback null
04-22 00:49:11.775 W/InputManager-JNI(  519): Input channel object 'f9264f1 Splash Screen com.impos2.mixcretailassemblyrn84 (client)' was disposed without first being removed with the input manager!
04-22 00:49:11.784 W/ActivityTaskManager(  519): Activity top resumed state loss timeout for ActivityRecord{21873df u0 com.impos2.mixcretailassemblyrn84/.MainActivity} t41 f} isExiting}
04-22 00:49:11.805 W/TransactionTracing(  335): Could not find layer id -1
04-22 00:49:11.822 W/WindowManager(  519): Exception thrown during dispatchAppVisibility Window{2f703f2 u0 com.impos2.mixcretailassemblyrn84/com.impos2.mixcretailassemblyrn84.MainActivity EXITING}
04-22 00:49:11.822 W/WindowManager(  519): android.os.DeadObjectException
04-22 00:49:11.822 W/WindowManager(  519): 	at android.os.BinderProxy.transactNative(Native Method)
04-22 00:49:11.822 W/WindowManager(  519): 	at android.os.BinderProxy.transact(BinderProxy.java:584)
04-22 00:49:11.822 W/WindowManager(  519): 	at android.view.IWindow$Stub$Proxy.dispatchAppVisibility(IWindow.java:536)
04-22 00:49:11.822 W/WindowManager(  519): 	at com.android.server.wm.WindowState.sendAppVisibilityToClients(WindowState.java:3478)
04-22 00:49:11.822 W/WindowManager(  519): 	at com.android.server.wm.WindowContainer.sendAppVisibilityToClients(WindowContainer.java:1234)
04-22 00:49:11.822 W/WindowManager(  519): 	at com.android.server.wm.WindowToken.setClientVisible(WindowToken.java:392)
04-22 00:49:11.822 W/WindowManager(  519): 	at com.android.server.wm.ActivityRecord.setClientVisible(ActivityRecord.java:6825)
04-22 00:49:11.822 W/WindowManager(  519): 	at com.android.server.wm.ActivityRecord.onAnimationFinished(ActivityRecord.java:7647)
04-22 00:49:11.822 W/WindowManager(  519): 	at com.android.server.wm.WindowContainer$$ExternalSyntheticLambda4.onAnimationFinished(Unknown Source:2)
04-22 00:49:11.822 W/WindowManager(  519): 	at com.android.server.wm.SurfaceAnimator.lambda$getFinishedCallback$0(SurfaceAnimator.java:133)
04-22 00:49:11.822 W/WindowManager(  519): 	at com.android.server.wm.SurfaceAnimator.$r8$lambda$lRxTVOJy8fX752UbrFno9INW9hE(Unknown Source:0)
04-22 00:49:11.822 W/WindowManager(  519): 	at com.android.server.wm.SurfaceAnimator$$ExternalSyntheticLambda1.run(Unknown Source:8)
04-22 00:49:11.822 W/WindowManager(  519): 	at com.android.server.wm.SurfaceAnimator.lambda$getFinishedCallback$1(SurfaceAnimator.java:143)
04-22 00:49:11.822 W/WindowManager(  519): 	at com.android.server.wm.SurfaceAnimator.$r8$lambda$4PiCdaEsT4mA6LQVhqpeM5EoU9c(Unknown Source:0)
04-22 00:49:11.822 W/WindowManager(  519): 	at com.android.server.wm.SurfaceAnimator$$ExternalSyntheticLambda0.onAnimationFinished(Unknown Source:4)
04-22 00:49:11.822 W/WindowManager(  519): 	at com.android.server.wm.LocalAnimationAdapter.lambda$startAnimation$0(LocalAnimationAdapter.java:67)
04-22 00:49:11.822 W/WindowManager(  519): 	at com.android.server.wm.LocalAnimationAdapter.$r8$lambda$gPDCFw0mQLltlXqA3mL6IUKCwLs(Unknown Source:0)
04-22 00:49:11.822 W/WindowManager(  519): 	at com.android.server.wm.LocalAnimationAdapter$$ExternalSyntheticLambda0.run(Unknown Source:6)
04-22 00:49:11.822 W/WindowManager(  519): 	at android.os.Handler.handleCallback(Handler.java:942)
04-22 00:49:11.822 W/WindowManager(  519): 	at android.os.Handler.dispatchMessage(Handler.java:99)
04-22 00:49:11.822 W/WindowManager(  519): 	at android.os.Looper.loopOnce(Looper.java:201)
04-22 00:49:11.822 W/WindowManager(  519): 	at android.os.Looper.loop(Looper.java:288)
04-22 00:49:11.822 W/WindowManager(  519): 	at android.os.HandlerThread.run(HandlerThread.java:67)
04-22 00:49:11.822 W/WindowManager(  519): 	at com.android.server.ServiceThread.run(ServiceThread.java:44)
04-22 00:49:11.822 I/Process (  519): Sending signal. PID: 15095 SIG: 9
04-22 00:49:11.823 W/ActivityManager(  519): setHasOverlayUi called on unknown pid: 15095
04-22 00:49:11.837 E/BpTransactionCompletedListener(  335): Failed to transact (-32)
04-22 00:49:11.925 D/BtGatt.ScanManager(  790): uid 10116 isForeground true scanMode -1
04-22 00:49:11.926 I/FontLog ( 1251): Received query Noto Color Emoji Compat, URI content://com.google.android.gms.fonts [CONTEXT service_id=132 ]
04-22 00:49:11.927 I/FontLog ( 1251): Query [emojicompat-emoji-font] resolved to {Noto Color Emoji Compat, wdth 100.0, wght 400, ital 0.0, bestEffort false} [CONTEXT service_id=132 ]
04-22 00:49:11.928 I/FontLog ( 1251): Fetch {Noto Color Emoji Compat, wdth 100.0, wght 400, ital 0.0, bestEffort false} end status Status{statusCode=SUCCESS, resolution=null} [CONTEXT service_id=132 ]
04-22 00:49:11.929 I/FontLog ( 1251): Pulling font file for id = 95, cache size = 5 [CONTEXT service_id=132 ]
04-22 00:49:11.932 I/FontLog ( 1251): Pulling font file for id = 95, cache size = 5 [CONTEXT service_id=132 ]
04-22 00:49:11.955 W/TransactionTracing(  335): Could not find layer handle 0xb400006eb98b5710
04-22 00:49:11.955 W/TransactionTracing(  335): Could not find layer handle 0xb400006eb98b4390
04-22 00:49:11.955 W/TransactionTracing(  335): Could not find layer handle 0xb400006eb98b6df0
04-22 00:49:11.955 W/TransactionTracing(  335): Could not find layer handle 0xb400006eb98b6df0
04-22 00:49:11.955 W/TransactionTracing(  335): Could not find layer handle 0xb400006eb98b4390
04-22 00:49:11.976 W/TransactionTracing(  335): Could not find layer handle 0xb400006eb98b6190
04-22 00:49:13.181 E/android.hardware.power.stats@1.0-service-mock(  317): Failed to getEnergyData
04-22 00:49:16.624 D/ProfileInstaller(15237): Skipping profile installation for com.impos2.mixcretailassemblyrn84
04-22 00:49:17.940 D/BtGatt.ScanManager(  790): uid 10116 isForeground true scanMode -1
04-22 00:49:19.398 I/PhenotypeProcessReaper( 1251): Memory state is: 125
04-22 00:49:21.570 I/ReactNativeJS(15237): '[assembly.android.mixc-retail-rn84.websocket] connect', { url: 'ws://127.0.0.1:5810/api/v1/tdp/ws/connect?sandboxId=sandbox-kernel-base-test&terminalId=terminal_sf6oi79tmy5r&token=token_grulm3h6my5r',
04-22 00:49:21.570 I/ReactNativeJS(15237):   protocol: 'ws',
04-22 00:49:21.570 I/ReactNativeJS(15237):   host: '127.0.0.1:5810',
04-22 00:49:21.570 I/ReactNativeJS(15237):   pathname: '/api/v1/tdp/ws/connect' }
04-22 00:49:21.570 I/assembly.assembly.android.mixc-retail-rn84.transport.ws.SocketRuntime(15237): [transport.ws] Socket connect started: kernel.base.tdp-sync-runtime-v2.socket {"profileName":"kernel.base.tdp-sync-runtime-v2.socket","serverName":"mock-terminal-platform","addressName":"local"}
04-22 00:49:21.572 D/TrafficStats(15237): tagSocket(118) with statsTag=0xffffffff, statsUid=-1
04-22 00:49:21.575 I/assembly.kernel.base.runtime-shell-v2.application.KernelRuntimeAppV2(15237): [runtime.load] kernel runtime app v2 started {"runtimeName":"assembly.android.mixc-retail-rn84","moduleDescriptors":[{"moduleName":"assembly.android.mixc-retail-rn84","packageVersion":"1.0.0","dependencies":[],"stateSliceNames":[],"commandNames":[],"actorKeys":["assembly.android.mixc-retail-rn84.AssemblyRuntimeInitializeActor"],"errorKeys":[],"parameterKeys":[],"hasInstall":true,"hasPreSetup":true},{"moduleName":"kernel.base.topology-runtime-v3","packageVersion":"0.0.1","dependencies":[],"stateSliceNames":["kernel.base.topology-runtime-v3.config","kernel.base.topology-runtime-v3.context","kernel.base.topology-runtime-v3.connection","kernel.base.topology-runtime-v3.peer","kernel.base.topology-runtime-v3.sync","kernel.base.topology-runtime-v3.request-mirror","kernel.base.topology-runtime-v3.demo.master","kernel.base.topology-runtime-v3.demo.slave"],"commandNames":["kernel.base.topology-runtime-v3.set-instance-mode","kernel.base.topology-runtime-v3.set-display-mode","kernel.base.topology-runtime-v3.set-enable-slave","kernel.base.topology-runtime-v3.set-master-locator","kernel.base.topology-runtime-v3.clear-master-locator","kernel.base.topology-runtime-v3.refresh-topology-context","kernel.base.topology-runtime-v3.start-topology-connection","kernel.base.topology-runtime-v3.stop-topology-connection","kernel.base.topology-runtime-v3.restart-topology-connection","kernel.base.topology-runtime-v3.upsert-demo-master-entry","kernel.base.topology-runtime-v3.remove-demo-master-entry","kernel.base.topology-runtime-v3.reset-demo-master-state","kernel.base.topology-runtime-v3.upsert-demo-slave-entry","kernel.base.topology-runtime-v3.remove-demo-slave-entry","kernel.base.topology-runtime-v3.reset-demo-slave-state"],"actorKeys":["kernel.base.topology-runtime-v3.TopologyContextActor","kernel.base.topology-runtime-v3.TopologyConnectionActor","kernel.base.topology-runtime-v3.TopologyDemoSyncActor"],"errorKeys":["kernel.base.topology-runtime-v3.display_context_required","kernel.base.topology-runtime-v3.orchestrator_required","kernel.base.topology-runtime-v3.socket_binding_required","kernel.base.topology-runtime-v3.hello_runtime_required","kernel.base.topology-runtime-v3.action_not_allowed"],"parameterKeys":["kernel.base.topology-runtime-v3.reconnect-interval-ms"],"hasInstall":true,"hasPreSetup":true},{"moduleName":"kernel.base.tcp-control-runtime-v2","packageVersion":"0.0.1","dependencies":[],"stateSliceNames":["kernel.base.tcp-control-runtime-v2.identity","kernel.base.tcp-control-runtime-v2.credential","kernel.base.tcp-control-runtime-v2.binding","kernel.base.tcp-control-runtime-v2.sandbox","kernel.base.tcp-control-runtime-v2.runtime"],"commandNames":["kernel.base.tcp-control-runtime-v2.bootstrap-tcp-control","kernel.base.tcp-control-runtime-v2.bootstrap-tcp-control-succeeded","kernel.base.tcp-control-runtime-v2.activate-terminal","kernel.base.tcp-control-runtime-v2.activate-terminal-succeeded","kernel.base.tcp-control-runtime-v2.refresh-credential","kernel.base.tcp-control-runtime-v2.credential-refreshed","kernel.base.tcp-control-runtime-v2.deactivate-terminal","kernel.base.tcp-control-runtime-v2.deactivate-terminal-succeeded","kernel.base.tcp-control-runtime-v2.report-task-result","kernel.base.tcp-control-runtime-v2.task-result-reported","kernel.base.tcp-control-runtime-v2.reset-tcp-control"],"actorKeys":["kernel.base.tcp-control-runtime-v2.TcpBootstrapActor","kernel.base.tcp-control-runtime-v2.TcpActivationActor","kernel.base.tcp-control-runtime-v2.TcpCredentialActor","kernel.base.tcp-control-runtime-v2.TcpDeactivationActor","kernel.base.tcp-control-runtime-v2.TcpTaskReportActor","kernel.base.tcp-control-runtime-v2.TcpStateMutationActor"],"errorKeys":["kernel.base.tcp-control-runtime-v2.activation_code_invalid","kernel.base.tcp-control-runtime-v2.activation_failed","kernel.base.tcp-control-runtime-v2.credential_missing","kernel.base.tcp-control-runtime-v2.credential_expired","kernel.base.tcp-control-runtime-v2.refresh_failed","kernel.base.tcp
04-22 00:49:21.577 I/MMKV    (15237): <MemoryFile.cpp:103::open> open fd[120], flag 0x7, /data/data/com.impos2.mixcretailassemblyrn84/files/mmkv/specialCharacter/c34670a355176d0b412ad7c68e58044e
04-22 00:49:21.577 I/MMKV    (15237): <MemoryFile.cpp:250::mmapOrCleanup> mmap to address [0x7688e9a000], oldPtr [0x0], [/data/data/com.impos2.mixcretailassemblyrn84/files/mmkv/specialCharacter/c34670a355176d0b412ad7c68e58044e]
04-22 00:49:21.577 I/MMKV    (15237): <MemoryFile.cpp:109::close> closing fd[120], /data/data/com.impos2.mixcretailassemblyrn84/files/mmkv/specialCharacter/c34670a355176d0b412ad7c68e58044e
04-22 00:49:21.577 I/MMKV    (15237): <MemoryFile.cpp:103::open> open fd[120], flag 0x7, /data/data/com.impos2.mixcretailassemblyrn84/files/mmkv/specialCharacter/c34670a355176d0b412ad7c68e58044e.crc
04-22 00:49:21.577 I/MMKV    (15237): <MemoryFile.cpp:250::mmapOrCleanup> mmap to address [0x7688e99000], oldPtr [0x0], [/data/data/com.impos2.mixcretailassemblyrn84/files/mmkv/specialCharacter/c34670a355176d0b412ad7c68e58044e.crc]
04-22 00:49:21.577 I/MMKV    (15237): <MemoryFile.cpp:103::open> open fd[121], flag 0x7, /data/data/com.impos2.mixcretailassemblyrn84/files/mmkv/specialCharacter/c34670a355176d0b412ad7c68e58044e
04-22 00:49:21.577 I/MMKV    (15237): <MemoryFile.cpp:109::close> closing fd[121], /data/data/com.impos2.mixcretailassemblyrn84/files/mmkv/specialCharacter/c34670a355176d0b412ad7c68e58044e
04-22 00:49:21.577 I/MMKV    (15237): <MMKV_IO.cpp:287::loadMetaInfoAndCheck> meta file [mixc-retail-assembly-rn84::version-report-outbox] has flag [0]
04-22 00:49:21.577 I/MMKV    (15237): <MMKV_IO.cpp:94::loadFromFile> loading [mixc-retail-assembly-rn84::version-report-outbox] with 463 actual size, file size 4096, InterProcess 0, meta info version:4
04-22 00:49:21.577 I/MMKV    (15237): <MMKV_IO.cpp:99::loadFromFile> loading [mixc-retail-assembly-rn84::version-report-outbox] with crc 2465233104 sequence 1 version 4
04-22 00:49:21.577 I/MMKV    (15237): <MMKV_IO.cpp:145::loadFromFile> loaded [mixc-retail-assembly-rn84::version-report-outbox] with 1 key-values
04-22 00:49:21.579 I/assembly.android.mixc-retail-rn84.boot(15237): {"stage":"runtime.start:done","displayIndex":0,"displayCount":1}
04-22 00:49:21.579 D/TrafficStats(15237): tagSocket(121) with statsTag=0xffffffff, statsUid=-1
04-22 00:49:21.580 I/assembly.assembly.android.mixc-retail-rn84(15237): [assembly.topology] Starting native topology host from assembly lifecycle {"displayCount":1,"displayIndex":0,"deviceId":"6Z2H3BSGEY","instanceMode":"MASTER","enableSlave":true,"reason":"master-primary-enable-slave"}
04-22 00:49:21.580 I/ActivityManager(  519): PendingStartActivityUids startActivity to updateOomAdj delay:9797ms, uid:10175
04-22 00:49:21.584 D/TrafficStats(15237): tagSocket(125) with statsTag=0xffffffff, statsUid=-1
04-22 00:49:21.592 I/ReactNativeJS(15237): '[assembly.android.mixc-retail-rn84.websocket] connect', { url: 'ws://127.0.0.1:8888/mockMasterServer/ws',
04-22 00:49:21.592 I/ReactNativeJS(15237):   protocol: 'ws',
04-22 00:49:21.592 I/ReactNativeJS(15237):   host: '127.0.0.1:8888',
04-22 00:49:21.592 I/ReactNativeJS(15237):   pathname: '/mockMasterServer/ws' }
04-22 00:49:21.594 I/MMKV    (15237): <MMKV_IO.cpp:609::writeActualSize> [mixc-retail-assembly-rn84::state] increase sequence to 123, crc 1247500851, actualSize 30451
04-22 00:49:21.594 I/MMKV    (15237): <MMKV.cpp:1208::sync> MMKV::sync, SyncFlag = 1
04-22 00:49:21.596 I/assembly.android.mixc-retail-rn84.boot(15237): {"stage":"automation.host:start","displayIndex":0,"displayCount":1,"target":"primary","host":"127.0.0.1","port":18584,"generation":"automation-host-2-15618273600904"}
04-22 00:49:21.596 I/assembly.assembly.android.mixc-retail-rn84(15237): [assembly.topology] Create assembly topology socket binding {"displayIndex":0,"role":"master","localNodeId":"master:6Z2H3BSGEY","wsUrl":"ws://127.0.0.1:8888/mockMasterServer/ws","httpBaseUrl":"http://127.0.0.1:8888/mockMasterServer","resolvedServerBaseUrl":"http://127.0.0.1:8888/mockMasterServer","resolvedPathTemplate":"/ws"}
04-22 00:49:21.597 I/assembly.assembly.android.mixc-retail-rn84.transport.ws.SocketRuntime(15237): [transport.ws] Socket connect started: assembly.android.mixc-retail-rn84.topology {"profileName":"assembly.android.mixc-retail-rn84.topology","serverName":"dual-topology-host-v3","addressName":"dynamic-topology-host"}
04-22 00:49:21.599 I/assembly.android.mixc-retail-rn84.boot(15237): {"stage":"app-load-complete:start","displayIndex":0}
04-22 00:49:21.599 D/TrafficStats(15237): tagSocket(105) with statsTag=0xffffffff, statsUid=-1
04-22 00:49:21.599 I/StartupAudit(15237): app_load_complete displayIndex=0 pid=15237 time=2026-04-22 00:49:21.599
04-22 00:49:21.599 D/TrafficStats(15237): tagSocket(126) with statsTag=0xffffffff, statsUid=-1
04-22 00:49:21.600 I/StartupAudit(15237): hot_update_health_check_cancelled reason=load-complete pid=15237 time=2026-04-22 00:49:21.599
04-22 00:49:21.600 I/StartupAudit(15237): secondary_launch_scheduled pid=15237 time=2026-04-22 00:49:21.600
04-22 00:49:21.602 I/assembly.assembly.android.mixc-retail-rn84(15237): [assembly.topology] Native topology host already matches desired lifecycle state {"displayCount":1,"displayIndex":0,"deviceId":"6Z2H3BSGEY","instanceMode":"MASTER","enableSlave":true,"running":true,"reason":"master-primary-enable-slave"}
04-22 00:49:21.603 I/assembly.assembly.android.mixc-retail-rn84(15237): [assembly.topology] Native topology host already matches desired lifecycle state {"displayCount":1,"displayIndex":0,"deviceId":"6Z2H3BSGEY","instanceMode":"MASTER","enableSlave":true,"running":true,"reason":"master-primary-enable-slave"}
04-22 00:49:21.603 I/assembly.assembly.android.mixc-retail-rn84(15237): [assembly.topology] Native topology host already matches desired lifecycle state {"displayCount":1,"displayIndex":0,"deviceId":"6Z2H3BSGEY","instanceMode":"MASTER","enableSlave":true,"running":true,"reason":"master-primary-enable-slave"}
04-22 00:49:21.603 I/assembly.assembly.android.mixc-retail-rn84(15237): [assembly.topology] Native topology host already matches desired lifecycle state {"displayCount":1,"displayIndex":0,"deviceId":"6Z2H3BSGEY","instanceMode":"MASTER","enableSlave":true,"running":true,"reason":"master-primary-enable-slave"}
04-22 00:49:21.604 D/TrafficStats(15237): tagSocket(108) with statsTag=0xffffffff, statsUid=-1
04-22 00:49:21.618 I/assembly.assembly.android.mixc-retail-rn84(15237): [assembly.topology] Native topology host already matches desired lifecycle state {"displayCount":1,"displayIndex":0,"deviceId":"6Z2H3BSGEY","instanceMode":"MASTER","enableSlave":true,"running":true,"reason":"master-primary-enable-slave"}
04-22 00:49:21.618 I/assembly.assembly.android.mixc-retail-rn84(15237): [assembly.topology] Native topology host already matches desired lifecycle state {"displayCount":1,"displayIndex":0,"deviceId":"6Z2H3BSGEY","instanceMode":"MASTER","enableSlave":true,"running":true,"reason":"master-primary-enable-slave"}
04-22 00:49:21.619 I/assembly.assembly.android.mixc-retail-rn84(15237): [assembly.topology] Native topology host already matches desired lifecycle state {"displayCount":1,"displayIndex":0,"deviceId":"6Z2H3BSGEY","instanceMode":"MASTER","enableSlave":true,"running":true,"reason":"master-primary-enable-slave"}
04-22 00:49:21.622 I/assembly.assembly.android.mixc-retail-rn84(15237): [assembly.topology] Native topology host already matches desired lifecycle state {"displayCount":1,"displayIndex":0,"deviceId":"6Z2H3BSGEY","instanceMode":"MASTER","enableSlave":true,"running":true,"reason":"master-primary-enable-slave"}
04-22 00:49:21.623 I/assembly.assembly.android.mixc-retail-rn84(15237): [assembly.topology] Native topology host already matches desired lifecycle state {"displayCount":1,"displayIndex":0,"deviceId":"6Z2H3BSGEY","instanceMode":"MASTER","enableSlave":true,"running":true,"reason":"master-primary-enable-slave"}
04-22 00:49:21.624 I/assembly.assembly.android.mixc-retail-rn84(15237): [assembly.topology] Native topology host already matches desired lifecycle state {"displayCount":1,"displayIndex":0,"deviceId":"6Z2H3BSGEY","instanceMode":"MASTER","enableSlave":true,"running":true,"reason":"master-primary-enable-slave"}
04-22 00:49:21.625 I/assembly.assembly.android.mixc-retail-rn84(15237): [assembly.topology] Native topology host already matches desired lifecycle state {"displayCount":1,"displayIndex":0,"deviceId":"6Z2H3BSGEY","instanceMode":"MASTER","enableSlave":true,"running":true,"reason":"master-primary-enable-slave"}
04-22 00:49:21.625 I/assembly.assembly.android.mixc-retail-rn84(15237): [assembly.topology] Native topology host already matches desired lifecycle state {"displayCount":1,"displayIndex":0,"deviceId":"6Z2H3BSGEY","instanceMode":"MASTER","enableSlave":true,"running":true,"reason":"master-primary-enable-slave"}
04-22 00:49:21.626 D/EGL_emulation(15237): app_time_stats: avg=2028.31ms min=10.51ms max=9855.03ms count=5
04-22 00:49:21.628 I/assembly.android.mixc-retail-rn84.boot(15237): {"stage":"app-load-complete:done","displayIndex":0}
04-22 00:49:21.628 I/assembly.assembly.android.mixc-retail-rn84(15237): [assembly.topology] Native topology host already matches desired lifecycle state {"displayCount":1,"displayIndex":0,"deviceId":"6Z2H3BSGEY","instanceMode":"MASTER","enableSlave":true,"running":true,"reason":"master-primary-enable-slave"}
04-22 00:49:21.630 I/MMKV    (15237): <MMKV_IO.cpp:609::writeActualSize> [mixc-retail-assembly-rn84::state] increase sequence to 124, crc 4250104869, actualSize 30451
04-22 00:49:21.630 I/MMKV    (15237): <MMKV.cpp:1208::sync> MMKV::sync, SyncFlag = 1
04-22 00:49:21.632 I/MMKV    (15237): <MMKV_IO.cpp:609::writeActualSize> [mixc-retail-assembly-rn84::state] increase sequence to 125, crc 4029954589, actualSize 30451
04-22 00:49:21.632 I/MMKV    (15237): <MMKV.cpp:1208::sync> MMKV::sync, SyncFlag = 1
04-22 00:49:21.634 I/MMKV    (15237): <MMKV_IO.cpp:609::writeActualSize> [mixc-retail-assembly-rn84::state] increase sequence to 126, crc 1546882754, actualSize 30451
04-22 00:49:21.634 I/MMKV    (15237): <MMKV.cpp:1208::sync> MMKV::sync, SyncFlag = 1
04-22 00:49:21.723 D/TrafficStats(15237): tagSocket(124) with statsTag=0xffffffff, statsUid=-1
04-22 00:49:21.727 D/TrafficStats(15237): tagSocket(124) with statsTag=0xffffffff, statsUid=-1
04-22 00:49:21.883 D/TrafficStats(15237): tagSocket(124) with statsTag=0xffffffff, statsUid=-1
04-22 00:49:21.886 D/TrafficStats(15237): tagSocket(124) with statsTag=0xffffffff, statsUid=-1
