04-22 00:42:39.483 I/assembly.assembly.android.mixc-retail-rn84(15095): [runtime.load] install ui.base.runtime-react {"moduleName":"ui.base.runtime-react"}
04-22 00:42:39.483 I/assembly.assembly.android.mixc-retail-rn84(15095): [runtime.load] install ui.base.input-runtime {"moduleName":"ui.base.input-runtime"}
04-22 00:42:39.484 I/ReactNativeJS(15095): '[tcp-bootstrap-state-written]', '{"nodeId":"master:6Z2H3BSGEY","runtimeId":"run_mo8uqwnr_fer1ggh0k1p0ptrf","displayIndex":0,"requestId":"req_mo8uqwor_23172ei8dtlaj61i","commandId":"cmd_mo8uqwor_4v1ttvvz3gfju1kq","nextDeviceFingerprint":"6Z2H3BSGEY","nextDeviceInfo":{"id":"6Z2H3BSGEY","model":"Mixc Retail Android RN84"},"previousIdentity":{"terminalId":"terminal_sf6oi79tmy5r","deviceFingerprint":"6Z2H3BSGEY","deviceInfo":{"id":"6Z2H3BSGEY","model":"Mixc Retail Android RN84"},"activationStatus":"ACTIVATED","activatedAt":1776789574754}}'
04-22 00:42:39.484 I/assembly.assembly.android.mixc-retail-rn84(15095): [runtime.load] install ui.base.admin-console {"moduleName":"ui.base.admin-console"}
04-22 00:42:39.484 I/ReactNativeJS(15095): '[assembly.android.mixc-retail-rn84.websocket] connect', { url: 'ws://192.168.0.172:5810/api/v1/tdp/ws/connect?sandboxId=sandbox-kernel-base-test&terminalId=terminal_sf6oi79tmy5r&token=token_grulm3h6my5r',
04-22 00:42:39.484 I/ReactNativeJS(15095):   protocol: 'ws',
04-22 00:42:39.484 I/ReactNativeJS(15095):   host: '192.168.0.172:5810',
04-22 00:42:39.484 I/ReactNativeJS(15095):   pathname: '/api/v1/tdp/ws/connect' }
04-22 00:42:39.484 I/assembly.assembly.android.mixc-retail-rn84(15095): [runtime.load] install ui.base.terminal-console {"moduleName":"ui.base.terminal-console"}
04-22 00:42:39.485 I/assembly.assembly.android.mixc-retail-rn84(15095): [runtime.load] install ui.integration.retail-shell {"moduleName":"ui.integration.retail-shell"}
04-22 00:42:39.485 I/assembly.assembly.android.mixc-retail-rn84.transport.ws.SocketRuntime(15095): [transport.ws] Socket connect started: kernel.base.tdp-sync-runtime-v2.socket {"profileName":"kernel.base.tdp-sync-runtime-v2.socket","serverName":"mock-terminal-platform","addressName":"lan"}
04-22 00:42:39.487 D/b/260135164( 1043): updateIconAlphaForHome - setIconsAlpha(0), isTaskbarPresent: true
04-22 00:42:39.493 I/WebViewFactory(15095): Loading com.google.android.webview version 109.0.5414.123 (code 541412334)
04-22 00:42:39.494 W/ziparchive(15095): Unable to open '/data/app/~~2XlbTKbdSL4ytKc6vI96fw==/com.google.android.trichromelibrary_541412334-XVCZJKNYM7pdXgwa6ezTsQ==/TrichromeLibrary.dm': No such file or directory
04-22 00:42:39.494 W/ziparchive(15095): Unable to open '/data/app/~~2XlbTKbdSL4ytKc6vI96fw==/com.google.android.trichromelibrary_541412334-XVCZJKNYM7pdXgwa6ezTsQ==/TrichromeLibrary.dm': No such file or directory
04-22 00:42:39.494 W/ailassemblyrn84(15095): Entry not found
04-22 00:42:39.494 D/nativeloader(15095): Configuring classloader-namespace for other apk /data/app/~~2XlbTKbdSL4ytKc6vI96fw==/com.google.android.trichromelibrary_541412334-XVCZJKNYM7pdXgwa6ezTsQ==/TrichromeLibrary.apk. target_sdk_version=33, uses_libraries=ALL, library_path=/data/app/~~Q0ddWPLbjoO_UEypAkbhRg==/com.google.android.webview-PdQqPxJT8P1ba_nJ4hr2mw==/lib/arm64:/data/app/~~Q0ddWPLbjoO_UEypAkbhRg==/com.google.android.webview-PdQqPxJT8P1ba_nJ4hr2mw==/WebViewGoogle.apk!/lib/arm64-v8a:/data/app/~~2XlbTKbdSL4ytKc6vI96fw==/com.google.android.trichromelibrary_541412334-XVCZJKNYM7pdXgwa6ezTsQ==/TrichromeLibrary.apk!/lib/arm64-v8a, permitted_path=/data:/mnt/expand
04-22 00:42:39.495 D/nativeloader(15095): Configuring classloader-namespace for other apk /data/app/~~Q0ddWPLbjoO_UEypAkbhRg==/com.google.android.webview-PdQqPxJT8P1ba_nJ4hr2mw==/WebViewGoogle.apk. target_sdk_version=33, uses_libraries=, library_path=/data/app/~~Q0ddWPLbjoO_UEypAkbhRg==/com.google.android.webview-PdQqPxJT8P1ba_nJ4hr2mw==/lib/arm64:/data/app/~~Q0ddWPLbjoO_UEypAkbhRg==/com.google.android.webview-PdQqPxJT8P1ba_nJ4hr2mw==/WebViewGoogle.apk!/lib/arm64-v8a:/data/app/~~2XlbTKbdSL4ytKc6vI96fw==/com.google.android.trichromelibrary_541412334-XVCZJKNYM7pdXgwa6ezTsQ==/TrichromeLibrary.apk!/lib/arm64-v8a, permitted_path=/data:/mnt/expand
04-22 00:42:39.502 I/cr_WVCFactoryProvider(15095): Loaded version=109.0.5414.123 minSdkVersion=29 isBundle=false multiprocess=true packageId=2
04-22 00:42:39.503 D/b/260135164( 1043): updateIconAlphaForHome - setIconsAlpha(0), isTaskbarPresent: true
04-22 00:42:39.511 I/cr_VariationsUtils(15095): Failed reading seed file "/data/user/0/com.impos2.mixcretailassemblyrn84/app_webview/variations_seed_new"
04-22 00:42:39.511 I/cr_VariationsUtils(15095): Failed reading seed file "/data/user/0/com.impos2.mixcretailassemblyrn84/app_webview/variations_seed"
04-22 00:42:39.513 I/cr_LibraryLoader(15095): Successfully loaded native library
04-22 00:42:39.513 I/cr_CachingUmaRecorder(15095): Flushed 9 samples from 9 histograms.
04-22 00:42:39.517 D/TrafficStats(15095): tagSocket(113) with statsTag=0xffffffff, statsUid=-1
04-22 00:42:39.520 I/MMKV    (15095): <MMKV_IO.cpp:609::writeActualSize> [mixc-retail-assembly-rn84::state] increase sequence to 41, crc 122819286, actualSize 24425
04-22 00:42:39.520 I/MMKV    (15095): <MMKV.cpp:1208::sync> MMKV::sync, SyncFlag = 1
04-22 00:42:39.520 D/b/260135164( 1043): updateIconAlphaForHome - setIconsAlpha(0), isTaskbarPresent: true
04-22 00:42:39.525 I/MMKV    (15095): <MMKV_IO.cpp:609::writeActualSize> [mixc-retail-assembly-rn84::state] increase sequence to 42, crc 2524707832, actualSize 24425
04-22 00:42:39.525 I/MMKV    (15095): <MMKV.cpp:1208::sync> MMKV::sync, SyncFlag = 1
04-22 00:42:39.530 I/MMKV    (15095): <MMKV_IO.cpp:609::writeActualSize> [mixc-retail-assembly-rn84::state] increase sequence to 43, crc 3374767476, actualSize 24425
04-22 00:42:39.530 I/MMKV    (15095): <MMKV.cpp:1208::sync> MMKV::sync, SyncFlag = 1
04-22 00:42:39.535 I/MMKV    (15095): <MMKV_IO.cpp:609::writeActualSize> [mixc-retail-assembly-rn84::state] increase sequence to 44, crc 4074611069, actualSize 24425
04-22 00:42:39.535 I/MMKV    (15095): <MMKV.cpp:1208::sync> MMKV::sync, SyncFlag = 1
04-22 00:42:39.537 D/b/260135164( 1043): updateIconAlphaForHome - setIconsAlpha(0), isTaskbarPresent: true
04-22 00:42:39.545 I/MMKV    (15095): <MMKV_IO.cpp:609::writeActualSize> [mixc-retail-assembly-rn84::state] increase sequence to 45, crc 2524707832, actualSize 24425
04-22 00:42:39.545 I/MMKV    (15095): <MMKV.cpp:1208::sync> MMKV::sync, SyncFlag = 1
04-22 00:42:39.549 I/MMKV    (15095): <MMKV_IO.cpp:609::writeActualSize> [mixc-retail-assembly-rn84::state] increase sequence to 46, crc 3374767476, actualSize 24425
04-22 00:42:39.549 I/MMKV    (15095): <MMKV.cpp:1208::sync> MMKV::sync, SyncFlag = 1
04-22 00:42:39.551 I/MMKV    (15095): <MMKV_IO.cpp:609::writeActualSize> [mixc-retail-assembly-rn84::secure-state] increase sequence to 2, crc 1435078982, actualSize 259
04-22 00:42:39.551 I/MMKV    (15095): <MMKV.cpp:1208::sync> MMKV::sync, SyncFlag = 1
04-22 00:42:39.554 D/b/260135164( 1043): updateIconAlphaForHome - setIconsAlpha(0), isTaskbarPresent: true
04-22 00:42:39.554 W/TransactionTracing(  335): Could not find layer id -1
04-22 00:42:39.554 W/TransactionTracing(  335): Could not find layer id -1
04-22 00:42:39.554 W/TransactionTracing(  335): Could not find layer id -1
04-22 00:42:39.554 W/TransactionTracing(  335): Could not find layer id -1
04-22 00:42:39.554 W/TransactionTracing(  335): Could not find layer id -1
04-22 00:42:39.554 W/TransactionTracing(  335): Could not find layer id -1
04-22 00:42:39.554 W/TransactionTracing(  335): Could not find layer id -1
04-22 00:42:39.558 I/MMKV    (15095): <MMKV_IO.cpp:609::writeActualSize> [mixc-retail-assembly-rn84::state] increase sequence to 47, crc 4074611069, actualSize 24425
04-22 00:42:39.558 I/MMKV    (15095): <MMKV.cpp:1208::sync> MMKV::sync, SyncFlag = 1
04-22 00:42:39.563 I/MMKV    (15095): <MMKV_IO.cpp:609::writeActualSize> [mixc-retail-assembly-rn84::state] increase sequence to 48, crc 2524707832, actualSize 24425
04-22 00:42:39.563 I/MMKV    (15095): <MMKV.cpp:1208::sync> MMKV::sync, SyncFlag = 1
04-22 00:42:39.569 I/MMKV    (15095): <MMKV_IO.cpp:609::writeActualSize> [mixc-retail-assembly-rn84::state] increase sequence to 49, crc 3374767476, actualSize 24425
04-22 00:42:39.569 I/MMKV    (15095): <MMKV.cpp:1208::sync> MMKV::sync, SyncFlag = 1
04-22 00:42:39.570 W/TransactionTracing(  335): Could not find layer id -1
04-22 00:42:39.570 W/TransactionTracing(  335): Could not find layer id -1
04-22 00:42:39.570 W/TransactionTracing(  335): Could not find layer id -1
04-22 00:42:39.570 D/b/260135164( 1043): updateIconAlphaForHome - setIconsAlpha(0), isTaskbarPresent: true
04-22 00:42:39.577 I/MMKV    (15095): <MMKV_IO.cpp:609::writeActualSize> [mixc-retail-assembly-rn84::state] increase sequence to 50, crc 4074611069, actualSize 24425
04-22 00:42:39.577 I/MMKV    (15095): <MMKV.cpp:1208::sync> MMKV::sync, SyncFlag = 1
04-22 00:42:39.581 I/MMKV    (15095): <MMKV_IO.cpp:609::writeActualSize> [mixc-retail-assembly-rn84::state] increase sequence to 51, crc 2524707832, actualSize 24425
04-22 00:42:39.581 I/MMKV    (15095): <MMKV.cpp:1208::sync> MMKV::sync, SyncFlag = 1
04-22 00:42:39.586 I/MMKV    (15095): <MMKV_IO.cpp:609::writeActualSize> [mixc-retail-assembly-rn84::state] increase sequence to 52, crc 3374767476, actualSize 24425
04-22 00:42:39.586 I/MMKV    (15095): <MMKV.cpp:1208::sync> MMKV::sync, SyncFlag = 1
04-22 00:42:39.587 D/b/260135164( 1043): updateIconAlphaForHome - setIconsAlpha(0), isTaskbarPresent: true
04-22 00:42:39.594 I/MMKV    (15095): <MMKV_IO.cpp:609::writeActualSize> [mixc-retail-assembly-rn84::state] increase sequence to 53, crc 4074611069, actualSize 24425
04-22 00:42:39.594 I/MMKV    (15095): <MMKV.cpp:1208::sync> MMKV::sync, SyncFlag = 1
04-22 00:42:39.599 I/MMKV    (15095): <MMKV_IO.cpp:609::writeActualSize> [mixc-retail-assembly-rn84::state] increase sequence to 54, crc 2524707832, actualSize 24425
04-22 00:42:39.599 I/MMKV    (15095): <MMKV.cpp:1208::sync> MMKV::sync, SyncFlag = 1
04-22 00:42:39.604 W/TransactionTracing(  335): Could not find layer id -1
04-22 00:42:39.604 W/TransactionTracing(  335): Could not find layer id -1
04-22 00:42:39.604 W/TransactionTracing(  335): Could not find layer id -1
04-22 00:42:39.604 W/TransactionTracing(  335): Could not find layer id -1
04-22 00:42:39.604 W/TransactionTracing(  335): Could not find layer id -1
04-22 00:42:39.604 W/TransactionTracing(  335): Could not find layer id -1
04-22 00:42:39.604 D/b/260135164( 1043): updateIconAlphaForHome - setIconsAlpha(0), isTaskbarPresent: true
04-22 00:42:39.607 I/MMKV    (15095): <MMKV_IO.cpp:609::writeActualSize> [mixc-retail-assembly-rn84::state] increase sequence to 55, crc 3374767476, actualSize 24425
04-22 00:42:39.607 I/MMKV    (15095): <MMKV.cpp:1208::sync> MMKV::sync, SyncFlag = 1
04-22 00:42:39.610 I/MMKV    (15095): <MMKV_IO.cpp:609::writeActualSize> [mixc-retail-assembly-rn84::secure-state] increase sequence to 3, crc 1435078982, actualSize 259
04-22 00:42:39.610 I/MMKV    (15095): <MMKV.cpp:1208::sync> MMKV::sync, SyncFlag = 1
04-22 00:42:39.615 I/MMKV    (15095): <MMKV_IO.cpp:609::writeActualSize> [mixc-retail-assembly-rn84::state] increase sequence to 56, crc 4074611069, actualSize 24425
04-22 00:42:39.615 I/MMKV    (15095): <MMKV.cpp:1208::sync> MMKV::sync, SyncFlag = 1
04-22 00:42:39.620 D/b/260135164( 1043): updateIconAlphaForHome - setIconsAlpha(0), isTaskbarPresent: true
04-22 00:42:39.622 I/MMKV    (15095): <MMKV_IO.cpp:609::writeActualSize> [mixc-retail-assembly-rn84::state] increase sequence to 57, crc 2524707832, actualSize 24425
04-22 00:42:39.622 I/MMKV    (15095): <MMKV.cpp:1208::sync> MMKV::sync, SyncFlag = 1
04-22 00:42:39.628 I/MMKV    (15095): <MMKV_IO.cpp:609::writeActualSize> [mixc-retail-assembly-rn84::state] increase sequence to 58, crc 3374767476, actualSize 24425
04-22 00:42:39.629 I/MMKV    (15095): <MMKV.cpp:1208::sync> MMKV::sync, SyncFlag = 1
04-22 00:42:39.635 I/MMKV    (15095): <MMKV_IO.cpp:609::writeActualSize> [mixc-retail-assembly-rn84::state] increase sequence to 59, crc 4074611069, actualSize 24425
04-22 00:42:39.635 I/MMKV    (15095): <MMKV.cpp:1208::sync> MMKV::sync, SyncFlag = 1
04-22 00:42:39.637 D/b/260135164( 1043): updateIconAlphaForHome - setIconsAlpha(0), isTaskbarPresent: true
04-22 00:42:39.643 I/MMKV    (15095): <MMKV_IO.cpp:609::writeActualSize> [mixc-retail-assembly-rn84::state] increase sequence to 60, crc 2524707832, actualSize 24425
04-22 00:42:39.643 I/MMKV    (15095): <MMKV.cpp:1208::sync> MMKV::sync, SyncFlag = 1
04-22 00:42:39.650 I/MMKV    (15095): <MMKV_IO.cpp:609::writeActualSize> [mixc-retail-assembly-rn84::state] increase sequence to 61, crc 3374767476, actualSize 24425
04-22 00:42:39.650 I/MMKV    (15095): <MMKV.cpp:1208::sync> MMKV::sync, SyncFlag = 1
04-22 00:42:39.653 D/b/260135164( 1043): updateIconAlphaForHome - setIconsAlpha(0), isTaskbarPresent: true
04-22 00:42:39.657 I/MMKV    (15095): <MMKV_IO.cpp:609::writeActualSize> [mixc-retail-assembly-rn84::state] increase sequence to 62, crc 4074611069, actualSize 24425
04-22 00:42:39.657 I/MMKV    (15095): <MMKV.cpp:1208::sync> MMKV::sync, SyncFlag = 1
04-22 00:42:39.662 I/MMKV    (15095): <MMKV_IO.cpp:609::writeActualSize> [mixc-retail-assembly-rn84::state] increase sequence to 63, crc 2524707832, actualSize 24425
04-22 00:42:39.662 I/MMKV    (15095): <MMKV.cpp:1208::sync> MMKV::sync, SyncFlag = 1
04-22 00:42:39.668 I/MMKV    (15095): <MMKV_IO.cpp:609::writeActualSize> [mixc-retail-assembly-rn84::state] increase sequence to 64, crc 3374767476, actualSize 24425
04-22 00:42:39.668 I/MMKV    (15095): <MMKV.cpp:1208::sync> MMKV::sync, SyncFlag = 1
04-22 00:42:39.670 D/b/260135164( 1043): updateIconAlphaForHome - setIconsAlpha(0), isTaskbarPresent: true
04-22 00:42:39.673 I/MMKV    (15095): <MMKV_IO.cpp:609::writeActualSize> [mixc-retail-assembly-rn84::secure-state] increase sequence to 4, crc 1435078982, actualSize 259
04-22 00:42:39.673 I/MMKV    (15095): <MMKV.cpp:1208::sync> MMKV::sync, SyncFlag = 1
04-22 00:42:39.679 I/MMKV    (15095): <MMKV_IO.cpp:609::writeActualSize> [mixc-retail-assembly-rn84::state] increase sequence to 65, crc 4074611069, actualSize 24425
04-22 00:42:39.679 I/MMKV    (15095): <MMKV.cpp:1208::sync> MMKV::sync, SyncFlag = 1
04-22 00:42:39.684 I/MMKV    (15095): <MMKV_IO.cpp:609::writeActualSize> [mixc-retail-assembly-rn84::state] increase sequence to 66, crc 2524707832, actualSize 24425
04-22 00:42:39.684 I/MMKV    (15095): <MMKV.cpp:1208::sync> MMKV::sync, SyncFlag = 1
04-22 00:42:39.687 D/b/260135164( 1043): updateIconAlphaForHome - setIconsAlpha(0), isTaskbarPresent: true
04-22 00:42:39.691 I/MMKV    (15095): <MMKV_IO.cpp:609::writeActualSize> [mixc-retail-assembly-rn84::state] increase sequence to 67, crc 3374767476, actualSize 24425
04-22 00:42:39.691 I/MMKV    (15095): <MMKV.cpp:1208::sync> MMKV::sync, SyncFlag = 1
04-22 00:42:39.699 I/MMKV    (15095): <MMKV_IO.cpp:609::writeActualSize> [mixc-retail-assembly-rn84::state] increase sequence to 68, crc 4074611069, actualSize 24425
04-22 00:42:39.699 I/MMKV    (15095): <MMKV.cpp:1208::sync> MMKV::sync, SyncFlag = 1
04-22 00:42:39.703 D/b/260135164( 1043): updateIconAlphaForHome - setIconsAlpha(0), isTaskbarPresent: true
04-22 00:42:39.723 D/b/260135164( 1043): updateIconAlphaForHome - setIconsAlpha(0), isTaskbarPresent: true
04-22 00:42:39.738 D/b/260135164( 1043): updateIconAlphaForHome - setIconsAlpha(0), isTaskbarPresent: true
04-22 00:42:39.754 D/b/260135164( 1043): updateIconAlphaForHome - setIconsAlpha(0), isTaskbarPresent: true
04-22 00:42:39.770 D/b/260135164( 1043): updateIconAlphaForHome - setIconsAlpha(0), isTaskbarPresent: true
04-22 00:42:39.788 D/b/260135164( 1043): updateIconAlphaForHome - setIconsAlpha(0), isTaskbarPresent: true
04-22 00:42:39.807 D/b/260135164( 1043): updateIconAlphaForHome - setIconsAlpha(0), isTaskbarPresent: true
04-22 00:42:39.810 D/CoreBackPreview(  519): Window{b48d88a u0 Splash Screen com.impos2.mixcretailassemblyrn84 EXITING}: Setting back callback null
04-22 00:42:39.810 W/InputManager-JNI(  519): Input channel object 'b48d88a Splash Screen com.impos2.mixcretailassemblyrn84 (client)' was disposed without first being removed with the input manager!
04-22 00:42:39.823 D/b/260135164( 1043): updateIconAlphaForHome - setIconsAlpha(0), isTaskbarPresent: true
04-22 00:42:39.823 W/TransactionTracing(  335): Could not find layer handle 0xb400006eb98b74b0
04-22 00:42:39.823 W/TransactionTracing(  335): Could not find layer handle 0xb400006eb98b74b0
04-22 00:42:39.837 D/b/260135164( 1043): updateIconAlphaForHome - setIconsAlpha(0), isTaskbarPresent: true
04-22 00:42:39.854 D/b/260135164( 1043): updateIconAlphaForHome - setIconsAlpha(0), isTaskbarPresent: true
04-22 00:42:39.872 D/b/260135164( 1043): updateIconAlphaForHome - setIconsAlpha(0), isTaskbarPresent: true
04-22 00:42:39.878 I/FontLog ( 1251): Received query Noto Color Emoji Compat, URI content://com.google.android.gms.fonts [CONTEXT service_id=132 ]
04-22 00:42:39.878 D/BtGatt.ScanManager(  790): uid 10116 isForeground true scanMode -1
04-22 00:42:39.879 I/FontLog ( 1251): Query [emojicompat-emoji-font] resolved to {Noto Color Emoji Compat, wdth 100.0, wght 400, ital 0.0, bestEffort false} [CONTEXT service_id=132 ]
04-22 00:42:39.880 I/FontLog ( 1251): Fetch {Noto Color Emoji Compat, wdth 100.0, wght 400, ital 0.0, bestEffort false} end status Status{statusCode=SUCCESS, resolution=null} [CONTEXT service_id=132 ]
04-22 00:42:39.881 E/OpenGLRenderer( 1043): Unable to match the desired swap behavior.
04-22 00:42:39.881 I/FontLog ( 1251): Pulling font file for id = 94, cache size = 5 [CONTEXT service_id=132 ]
04-22 00:42:39.883 I/FontLog ( 1251): Pulling font file for id = 94, cache size = 5 [CONTEXT service_id=132 ]
04-22 00:42:39.887 D/b/260135164( 1043): updateIconAlphaForHome - setIconsAlpha(0), isTaskbarPresent: true
04-22 00:42:39.907 D/b/260135164( 1043): updateIconAlphaForHome - setIconsAlpha(0), isTaskbarPresent: true
04-22 00:42:39.940 W/TransactionTracing(  335): Could not find layer id -1
04-22 00:42:39.992 W/TransactionTracing(  335): Could not find layer handle 0xb400006eb98b4150
04-22 00:42:39.992 W/TransactionTracing(  335): Could not find layer handle 0xb400006eb98b6130
04-22 00:42:39.992 W/TransactionTracing(  335): Could not find layer handle 0xb400006eb98b4510
04-22 00:42:39.992 W/TransactionTracing(  335): Could not find layer handle 0xb400006eb98b4510
04-22 00:42:39.992 W/TransactionTracing(  335): Could not find layer handle 0xb400006eb98b6130
04-22 00:42:41.311 W/A       ( 1921): #getSuggestions failed
04-22 00:42:41.311 W/A       ( 1921): com.google.common.w.a.dy: Timed out: com.google.common.w.a.h@63975d0[status=PENDING, setFuture=[com.google.common.w.a.h@73cb9c9[status=PENDING, setFuture=[com.google.common.w.a.h@fec88ce[status=PENDING, info=[inputFuture=[com.google.common.w.a.h@6b933ef[status=PENDING, info=[inputFuture=[kotlinx.coroutines.d.b@4881efc[status=PENDING, delegate=[com.google.common.w.a.ds@a4e2985[status=PENDING]]]], function=[propagating=[com.google.android.apps.search.googleapp.search.suggest.sources.a.an@5cc63da]]]]], function=[propagating=[com.google.android.apps.search.googleapp.search.suggest.sources.a.bl@30f200b]]]]]]]]
04-22 00:42:41.312 E/OneSearchSuggestProvider( 1043): Unable to get suggestions from AGA
04-22 00:42:41.312 E/OneSearchSuggestProvider( 1043): io.grpc.StatusRuntimeException: UNKNOWN
04-22 00:42:41.312 E/OneSearchSuggestProvider( 1043): 	at k2.c.o(Unknown Source:72)
04-22 00:42:41.312 E/OneSearchSuggestProvider( 1043): 	at io.grpc.internal.l.b(Unknown Source:32)
04-22 00:42:41.312 E/OneSearchSuggestProvider( 1043): 	at io.grpc.internal.l.a(Unknown Source:14)
04-22 00:42:41.312 E/OneSearchSuggestProvider( 1043): 	at io.grpc.internal.x.run(Unknown Source:6)
04-22 00:42:41.312 E/OneSearchSuggestProvider( 1043): 	at io.grpc.internal.H1.run(Unknown Source:16)
04-22 00:42:41.312 E/OneSearchSuggestProvider( 1043): 	at java.util.concurrent.ThreadPoolExecutor.runWorker(ThreadPoolExecutor.java:1137)
04-22 00:42:41.312 E/OneSearchSuggestProvider( 1043): 	at java.util.concurrent.ThreadPoolExecutor$Worker.run(ThreadPoolExecutor.java:637)
04-22 00:42:41.312 E/OneSearchSuggestProvider( 1043): 	at java.lang.Thread.run(Thread.java:1012)
04-22 00:42:41.313 I/s.nexuslauncher( 1043): oneway function results for code 2 on binder at 0xb4000073f59d1110 will be dropped but finished with status UNKNOWN_TRANSACTION
04-22 00:42:45.086 D/ProfileInstaller(15095): Skipping profile installation for com.impos2.mixcretailassemblyrn84
04-22 00:42:49.305 D/CompatibilityChangeReporter(  519): Compat change id reported: 181136395; UID 10175; state: DISABLED
04-22 00:42:49.305 D/CompatibilityChangeReporter(  519): Compat change id reported: 174042936; UID 10175; state: DISABLED
04-22 00:42:49.307 D/BtGatt.ScanManager(  790): uid 10116 isForeground true scanMode -1
04-22 00:42:49.525 I/ReactNativeJS(15095): '[assembly.android.mixc-retail-rn84.websocket] connect', { url: 'ws://127.0.0.1:5810/api/v1/tdp/ws/connect?sandboxId=sandbox-kernel-base-test&terminalId=terminal_sf6oi79tmy5r&token=token_grulm3h6my5r',
04-22 00:42:49.525 I/ReactNativeJS(15095):   protocol: 'ws',
04-22 00:42:49.525 I/ReactNativeJS(15095):   host: '127.0.0.1:5810',
04-22 00:42:49.525 I/ReactNativeJS(15095):   pathname: '/api/v1/tdp/ws/connect' }
04-22 00:42:49.525 I/assembly.assembly.android.mixc-retail-rn84.transport.ws.SocketRuntime(15095): [transport.ws] Socket connect started: kernel.base.tdp-sync-runtime-v2.socket {"profileName":"kernel.base.tdp-sync-runtime-v2.socket","serverName":"mock-terminal-platform","addressName":"local"}
04-22 00:42:49.527 D/TrafficStats(15095): tagSocket(5) with statsTag=0xffffffff, statsUid=-1
04-22 00:42:49.530 I/assembly.kernel.base.runtime-shell-v2.application.KernelRuntimeAppV2(15095): [runtime.load] kernel runtime app v2 started {"runtimeName":"assembly.android.mixc-retail-rn84","moduleDescriptors":[{"moduleName":"assembly.android.mixc-retail-rn84","packageVersion":"1.0.0","dependencies":[],"stateSliceNames":[],"commandNames":[],"actorKeys":["assembly.android.mixc-retail-rn84.AssemblyRuntimeInitializeActor"],"errorKeys":[],"parameterKeys":[],"hasInstall":true,"hasPreSetup":true},{"moduleName":"kernel.base.topology-runtime-v3","packageVersion":"0.0.1","dependencies":[],"stateSliceNames":["kernel.base.topology-runtime-v3.config","kernel.base.topology-runtime-v3.context","kernel.base.topology-runtime-v3.connection","kernel.base.topology-runtime-v3.peer","kernel.base.topology-runtime-v3.sync","kernel.base.topology-runtime-v3.request-mirror","kernel.base.topology-runtime-v3.demo.master","kernel.base.topology-runtime-v3.demo.slave"],"commandNames":["kernel.base.topology-runtime-v3.set-instance-mode","kernel.base.topology-runtime-v3.set-display-mode","kernel.base.topology-runtime-v3.set-enable-slave","kernel.base.topology-runtime-v3.set-master-locator","kernel.base.topology-runtime-v3.clear-master-locator","kernel.base.topology-runtime-v3.refresh-topology-context","kernel.base.topology-runtime-v3.start-topology-connection","kernel.base.topology-runtime-v3.stop-topology-connection","kernel.base.topology-runtime-v3.restart-topology-connection","kernel.base.topology-runtime-v3.upsert-demo-master-entry","kernel.base.topology-runtime-v3.remove-demo-master-entry","kernel.base.topology-runtime-v3.reset-demo-master-state","kernel.base.topology-runtime-v3.upsert-demo-slave-entry","kernel.base.topology-runtime-v3.remove-demo-slave-entry","kernel.base.topology-runtime-v3.reset-demo-slave-state"],"actorKeys":["kernel.base.topology-runtime-v3.TopologyContextActor","kernel.base.topology-runtime-v3.TopologyConnectionActor","kernel.base.topology-runtime-v3.TopologyDemoSyncActor"],"errorKeys":["kernel.base.topology-runtime-v3.display_context_required","kernel.base.topology-runtime-v3.orchestrator_required","kernel.base.topology-runtime-v3.socket_binding_required","kernel.base.topology-runtime-v3.hello_runtime_required","kernel.base.topology-runtime-v3.action_not_allowed"],"parameterKeys":["kernel.base.topology-runtime-v3.reconnect-interval-ms"],"hasInstall":true,"hasPreSetup":true},{"moduleName":"kernel.base.tcp-control-runtime-v2","packageVersion":"0.0.1","dependencies":[],"stateSliceNames":["kernel.base.tcp-control-runtime-v2.identity","kernel.base.tcp-control-runtime-v2.credential","kernel.base.tcp-control-runtime-v2.binding","kernel.base.tcp-control-runtime-v2.sandbox","kernel.base.tcp-control-runtime-v2.runtime"],"commandNames":["kernel.base.tcp-control-runtime-v2.bootstrap-tcp-control","kernel.base.tcp-control-runtime-v2.bootstrap-tcp-control-succeeded","kernel.base.tcp-control-runtime-v2.activate-terminal","kernel.base.tcp-control-runtime-v2.activate-terminal-succeeded","kernel.base.tcp-control-runtime-v2.refresh-credential","kernel.base.tcp-control-runtime-v2.credential-refreshed","kernel.base.tcp-control-runtime-v2.deactivate-terminal","kernel.base.tcp-control-runtime-v2.deactivate-terminal-succeeded","kernel.base.tcp-control-runtime-v2.report-task-result","kernel.base.tcp-control-runtime-v2.task-result-reported","kernel.base.tcp-control-runtime-v2.reset-tcp-control"],"actorKeys":["kernel.base.tcp-control-runtime-v2.TcpBootstrapActor","kernel.base.tcp-control-runtime-v2.TcpActivationActor","kernel.base.tcp-control-runtime-v2.TcpCredentialActor","kernel.base.tcp-control-runtime-v2.TcpDeactivationActor","kernel.base.tcp-control-runtime-v2.TcpTaskReportActor","kernel.base.tcp-control-runtime-v2.TcpStateMutationActor"],"errorKeys":["kernel.base.tcp-control-runtime-v2.activation_code_invalid","kernel.base.tcp-control-runtime-v2.activation_failed","kernel.base.tcp-control-runtime-v2.credential_missing","kernel.base.tcp-control-runtime-v2.credential_expired","kernel.base.tcp-control-runtime-v2.refresh_failed","kernel.base.tcp
04-22 00:42:49.531 I/MMKV    (15095): <MemoryFile.cpp:103::open> open fd[70], flag 0x7, /data/data/com.impos2.mixcretailassemblyrn84/files/mmkv/specialCharacter/c34670a355176d0b412ad7c68e58044e
04-22 00:42:49.531 I/MMKV    (15095): <MemoryFile.cpp:250::mmapOrCleanup> mmap to address [0x7688ed7000], oldPtr [0x0], [/data/data/com.impos2.mixcretailassemblyrn84/files/mmkv/specialCharacter/c34670a355176d0b412ad7c68e58044e]
04-22 00:42:49.531 I/MMKV    (15095): <MemoryFile.cpp:109::close> closing fd[70], /data/data/com.impos2.mixcretailassemblyrn84/files/mmkv/specialCharacter/c34670a355176d0b412ad7c68e58044e
04-22 00:42:49.531 I/MMKV    (15095): <MemoryFile.cpp:103::open> open fd[70], flag 0x7, /data/data/com.impos2.mixcretailassemblyrn84/files/mmkv/specialCharacter/c34670a355176d0b412ad7c68e58044e.crc
04-22 00:42:49.531 I/MMKV    (15095): <MemoryFile.cpp:250::mmapOrCleanup> mmap to address [0x7688e9a000], oldPtr [0x0], [/data/data/com.impos2.mixcretailassemblyrn84/files/mmkv/specialCharacter/c34670a355176d0b412ad7c68e58044e.crc]
04-22 00:42:49.531 I/MMKV    (15095): <MemoryFile.cpp:103::open> open fd[102], flag 0x7, /data/data/com.impos2.mixcretailassemblyrn84/files/mmkv/specialCharacter/c34670a355176d0b412ad7c68e58044e
04-22 00:42:49.531 I/MMKV    (15095): <MemoryFile.cpp:109::close> closing fd[102], /data/data/com.impos2.mixcretailassemblyrn84/files/mmkv/specialCharacter/c34670a355176d0b412ad7c68e58044e
04-22 00:42:49.531 I/MMKV    (15095): <MMKV_IO.cpp:287::loadMetaInfoAndCheck> meta file [mixc-retail-assembly-rn84::version-report-outbox] has flag [0]
04-22 00:42:49.531 I/MMKV    (15095): <MMKV_IO.cpp:94::loadFromFile> loading [mixc-retail-assembly-rn84::version-report-outbox] with 463 actual size, file size 4096, InterProcess 0, meta info version:4
04-22 00:42:49.531 I/MMKV    (15095): <MMKV_IO.cpp:99::loadFromFile> loading [mixc-retail-assembly-rn84::version-report-outbox] with crc 1472504220 sequence 1 version 4
04-22 00:42:49.531 I/MMKV    (15095): <MMKV_IO.cpp:145::loadFromFile> loaded [mixc-retail-assembly-rn84::version-report-outbox] with 1 key-values
04-22 00:42:49.531 I/assembly.android.mixc-retail-rn84.boot(15095): {"stage":"runtime.start:done","displayIndex":0,"displayCount":1}
04-22 00:42:49.531 D/TrafficStats(15095): tagSocket(102) with statsTag=0xffffffff, statsUid=-1
04-22 00:42:49.531 I/assembly.assembly.android.mixc-retail-rn84(15095): [assembly.topology] Starting native topology host from assembly lifecycle {"displayCount":1,"displayIndex":0,"deviceId":"6Z2H3BSGEY","instanceMode":"MASTER","enableSlave":true,"reason":"master-primary-enable-slave"}
04-22 00:42:49.532 D/CompatibilityChangeReporter(  519): Compat change id reported: 168419799; UID 10175; state: DISABLED
04-22 00:42:49.532 D/CompatibilityChangeReporter(  519): Compat change id reported: 273564678; UID 10175; state: DISABLED
04-22 00:42:49.534 D/CompatibilityChangeReporter(  519): Compat change id reported: 197654537; UID 10175; state: ENABLED
04-22 00:42:49.536 D/TrafficStats(15095): tagSocket(115) with statsTag=0xffffffff, statsUid=-1
04-22 00:42:49.537 I/assembly.android.mixc-retail-rn84.boot(15095): {"stage":"automation.host:start","displayIndex":0,"displayCount":1,"target":"primary","host":"127.0.0.1","port":18584,"generation":"automation-host-2-15226225974676"}
04-22 00:42:49.540 I/assembly.assembly.android.mixc-retail-rn84(15095): [assembly.topology] Create assembly topology socket binding {"displayIndex":0,"role":"master","localNodeId":"master:6Z2H3BSGEY","wsUrl":"ws://127.0.0.1:8888/mockMasterServer/ws","httpBaseUrl":"http://127.0.0.1:8888/mockMasterServer","resolvedServerBaseUrl":"http://127.0.0.1:8888/mockMasterServer","resolvedPathTemplate":"/ws"}
04-22 00:42:49.540 I/ReactNativeJS(15095): '[assembly.android.mixc-retail-rn84.websocket] connect', { url: 'ws://127.0.0.1:8888/mockMasterServer/ws',
04-22 00:42:49.540 I/ReactNativeJS(15095):   protocol: 'ws',
04-22 00:42:49.540 I/ReactNativeJS(15095):   host: '127.0.0.1:8888',
04-22 00:42:49.540 I/ReactNativeJS(15095):   pathname: '/mockMasterServer/ws' }
04-22 00:42:49.540 I/assembly.assembly.android.mixc-retail-rn84.transport.ws.SocketRuntime(15095): [transport.ws] Socket connect started: assembly.android.mixc-retail-rn84.topology {"profileName":"assembly.android.mixc-retail-rn84.topology","serverName":"dual-topology-host-v3","addressName":"dynamic-topology-host"}
04-22 00:42:49.541 I/assembly.android.mixc-retail-rn84.boot(15095): {"stage":"app-load-complete:start","displayIndex":0}
04-22 00:42:49.541 I/StartupAudit(15095): app_load_complete displayIndex=0 pid=15095 time=2026-04-22 00:42:49.541
04-22 00:42:49.541 I/StartupAudit(15095): secondary_launch_scheduled pid=15095 time=2026-04-22 00:42:49.541
04-22 00:42:49.542 D/TrafficStats(15095): tagSocket(121) with statsTag=0xffffffff, statsUid=-1
04-22 00:42:49.543 D/TrafficStats(15095): tagSocket(122) with statsTag=0xffffffff, statsUid=-1
04-22 00:42:49.543 D/TrafficStats(15095): tagSocket(123) with statsTag=0xffffffff, statsUid=-1
04-22 00:42:49.544 I/assembly.android.mixc-retail-rn84.boot(15095): {"stage":"app-load-complete:done","displayIndex":0}
04-22 00:42:49.545 I/assembly.assembly.android.mixc-retail-rn84(15095): [assembly.topology] Native topology host already matches desired lifecycle state {"displayCount":1,"displayIndex":0,"deviceId":"6Z2H3BSGEY","instanceMode":"MASTER","enableSlave":true,"running":true,"reason":"master-primary-enable-slave"}
04-22 00:42:49.545 I/assembly.assembly.android.mixc-retail-rn84(15095): [assembly.topology] Native topology host already matches desired lifecycle state {"displayCount":1,"displayIndex":0,"deviceId":"6Z2H3BSGEY","instanceMode":"MASTER","enableSlave":true,"running":true,"reason":"master-primary-enable-slave"}
04-22 00:42:49.545 I/assembly.assembly.android.mixc-retail-rn84(15095): [assembly.topology] Native topology host already matches desired lifecycle state {"displayCount":1,"displayIndex":0,"deviceId":"6Z2H3BSGEY","instanceMode":"MASTER","enableSlave":true,"running":true,"reason":"master-primary-enable-slave"}
04-22 00:42:49.545 I/assembly.assembly.android.mixc-retail-rn84(15095): [assembly.topology] Native topology host already matches desired lifecycle state {"displayCount":1,"displayIndex":0,"deviceId":"6Z2H3BSGEY","instanceMode":"MASTER","enableSlave":true,"running":true,"reason":"master-primary-enable-slave"}
04-22 00:42:49.547 I/assembly.assembly.android.mixc-retail-rn84(15095): [assembly.topology] Native topology host already matches desired lifecycle state {"displayCount":1,"displayIndex":0,"deviceId":"6Z2H3BSGEY","instanceMode":"MASTER","enableSlave":true,"running":true,"reason":"master-primary-enable-slave"}
04-22 00:42:49.547 I/assembly.assembly.android.mixc-retail-rn84(15095): [assembly.topology] Native topology host already matches desired lifecycle state {"displayCount":1,"displayIndex":0,"deviceId":"6Z2H3BSGEY","instanceMode":"MASTER","enableSlave":true,"running":true,"reason":"master-primary-enable-slave"}
04-22 00:42:49.547 I/assembly.assembly.android.mixc-retail-rn84(15095): [assembly.topology] Native topology host already matches desired lifecycle state {"displayCount":1,"displayIndex":0,"deviceId":"6Z2H3BSGEY","instanceMode":"MASTER","enableSlave":true,"running":true,"reason":"master-primary-enable-slave"}
04-22 00:42:49.569 D/EGL_emulation(15095): app_time_stats: avg=3377.06ms min=36.79ms max=9828.04ms count=3
04-22 00:42:49.576 I/assembly.assembly.android.mixc-retail-rn84(15095): [assembly.topology] Native topology host already matches desired lifecycle state {"displayCount":1,"displayIndex":0,"deviceId":"6Z2H3BSGEY","instanceMode":"MASTER","enableSlave":true,"running":true,"reason":"master-primary-enable-slave"}
04-22 00:42:49.577 I/MMKV    (15095): <MMKV_IO.cpp:609::writeActualSize> [mixc-retail-assembly-rn84::state] increase sequence to 69, crc 3285027030, actualSize 24425
04-22 00:42:49.577 I/MMKV    (15095): <MMKV.cpp:1208::sync> MMKV::sync, SyncFlag = 1
04-22 00:42:49.577 I/assembly.assembly.android.mixc-retail-rn84(15095): [assembly.topology] Native topology host already matches desired lifecycle state {"displayCount":1,"displayIndex":0,"deviceId":"6Z2H3BSGEY","instanceMode":"MASTER","enableSlave":true,"running":true,"reason":"master-primary-enable-slave"}
04-22 00:42:49.578 I/assembly.assembly.android.mixc-retail-rn84(15095): [assembly.topology] Native topology host already matches desired lifecycle state {"displayCount":1,"displayIndex":0,"deviceId":"6Z2H3BSGEY","instanceMode":"MASTER","enableSlave":true,"running":true,"reason":"master-primary-enable-slave"}
04-22 00:42:49.578 I/assembly.assembly.android.mixc-retail-rn84(15095): [assembly.topology] Native topology host already matches desired lifecycle state {"displayCount":1,"displayIndex":0,"deviceId":"6Z2H3BSGEY","instanceMode":"MASTER","enableSlave":true,"running":true,"reason":"master-primary-enable-slave"}
04-22 00:42:51.098 D/EGL_emulation(15095): app_time_stats: avg=1528.81ms min=1528.81ms max=1528.81ms count=1
04-22 00:42:54.909 D/EGL_emulation(  728): app_time_stats: avg=1108.37ms min=8.17ms max=15300.08ms count=14
04-22 00:42:59.255 D/TrafficStats(15095): tagSocket(95) with statsTag=0xffffffff, statsUid=-1
04-22 00:42:59.262 I/assembly.assembly.android.mixc-retail-rn84(15095): [assembly.topology] Native topology host already matches desired lifecycle state {"displayCount":1,"displayIndex":0,"deviceId":"6Z2H3BSGEY","instanceMode":"MASTER","enableSlave":true,"running":true,"reason":"master-primary-enable-slave"}
04-22 00:42:59.263 I/assembly.assembly.android.mixc-retail-rn84(15095): [assembly.topology] Native topology host already matches desired lifecycle state {"displayCount":1,"displayIndex":0,"deviceId":"6Z2H3BSGEY","instanceMode":"MASTER","enableSlave":true,"running":true,"reason":"master-primary-enable-slave"}
04-22 00:42:59.263 I/assembly.assembly.android.mixc-retail-rn84(15095): [assembly.topology] Native topology host already matches desired lifecycle state {"displayCount":1,"displayIndex":0,"deviceId":"6Z2H3BSGEY","instanceMode":"MASTER","enableSlave":true,"running":true,"reason":"master-primary-enable-slave"}
04-22 00:42:59.268 I/ReactNativeJS(15095): '[runtime-state-sync-apply]', '{"direction":"slave-to-master","incomingSliceNames":["kernel.base.topology-runtime-v3.demo.slave","kernel.base.ui-runtime-v2.screen.branch","kernel.base.ui-runtime-v2.overlay.branch","kernel.base.ui-runtime-v2.ui-variable.branch"],"appliedSliceNames":["kernel.base.topology-runtime-v3.demo.slave","kernel.base.ui-runtime-v2.screen.branch","kernel.base.ui-runtime-v2.overlay.branch","kernel.base.ui-runtime-v2.ui-variable.branch"],"skippedSliceReasons":[]}'
04-22 00:42:59.269 I/assembly.assembly.android.mixc-retail-rn84(15095): [assembly.topology] Native topology host already matches desired lifecycle state {"displayCount":1,"displayIndex":0,"deviceId":"6Z2H3BSGEY","instanceMode":"MASTER","enableSlave":true,"running":true,"reason":"master-primary-enable-slave"}
04-22 00:42:59.269 I/assembly.assembly.android.mixc-retail-rn84(15095): [assembly.topology] Native topology host already matches desired lifecycle state {"displayCount":1,"displayIndex":0,"deviceId":"6Z2H3BSGEY","instanceMode":"MASTER","enableSlave":true,"running":true,"reason":"master-primary-enable-slave"}
04-22 00:43:00.007 I/AiAiEcho( 1598): Predicting[0]: 
04-22 00:43:00.008 I/AiAiEcho( 1598): Ranked targets strategy: SORT, count: 0, ranking metadata: 
04-22 00:43:00.008 I/AiAiEcho( 1598): #postPredictionTargets: Sending updates to UISurface lockscreen with targets# 0
04-22 00:43:00.009 I/AiAiEcho( 1598): #postPredictionTargets: Sending updates to UISurface home with targets# 0
04-22 00:43:00.009 I/AiAiEcho( 1598): #postPredictionTargets: Sending updates to UISurface media_data_manager with targets# 0
04-22 00:43:00.023 D/SsMediaDataProvider(  728): Forwarding Smartspace updates []
04-22 00:43:00.035 D/EGL_emulation(  728): app_time_stats: avg=5125.63ms min=5125.63ms max=5125.63ms count=1
04-22 00:43:10.944 D/TrafficStats(15095): tagSocket(105) with statsTag=0xffffffff, statsUid=-1
04-22 00:43:13.176 E/android.hardware.power.stats@1.0-service-mock(  317): Failed to getEnergyData
04-22 00:43:23.817 D/TrafficStats( 1251): tagSocket(77) with statsTag=0x20008100, statsUid=-1
04-22 00:43:34.478 D/TrafficStats(15095): tagSocket(105) with statsTag=0xffffffff, statsUid=-1
04-22 00:43:34.480 D/TrafficStats(15095): tagSocket(106) with statsTag=0xffffffff, statsUid=-1
04-22 00:43:34.482 D/TrafficStats(15095): tagSocket(141) with statsTag=0xffffffff, statsUid=-1
04-22 00:43:34.485 D/TrafficStats(15095): tagSocket(105) with statsTag=0xffffffff, statsUid=-1
04-22 00:43:34.498 D/TrafficStats(15095): tagSocket(105) with statsTag=0xffffffff, statsUid=-1
04-22 00:43:34.503 D/TrafficStats(15095): tagSocket(105) with statsTag=0xffffffff, statsUid=-1
