04-22 00:42:55.412 D/WifiThroughputPredictor(  683):  BW: 0 RSSI: -50 Nss: 1 Mode: 1 symDur: 4000 snrDb 30 bitPerTone: 4500 rate: 54 throughput: 11
04-22 00:42:55.412 D/WifiThroughputPredictor(  683):  utilization (LLS) 80 isBluetoothConnected: false final utilization: 80
04-22 00:42:55.412 D/WifiThroughputPredictor(  683):  BW: 0 RSSI: -50 Nss: 1 Mode: 1 symDur: 4000 snrDb 30 bitPerTone: 4500 rate: 54 throughput: 11
04-22 00:42:55.413 D/WifiScoreCard(  683): BSSID update SIGNAL_POLL ID: 261501600 SSID: "AndroidWifi", BSSID: 00:13:10:85:fe:01, MAC: 02:15:b4:00:00:00, IP: /10.0.2.17, Security type: 0, Supplicant state: COMPLETED, Wi-Fi standard: legacy, RSSI: -50, Link speed: 1Mbps, Tx Link speed: 1Mbps, Max Supported Tx Link speed: 11Mbps, Rx Link speed: 2Mbps, Max Supported Rx Link speed: 11Mbps, Frequency: 2447MHz, Net ID: 0, Metered hint: false, score: 60, isUsable: true, CarrierMerged: false, SubscriptionId: -1, IsPrimary: 1, Trusted: true, Restricted: false, Ephemeral: false, OEM paid: false, OEM private: false, OSU AP: false, FQDN: <none>, Provider friendly name: <none>, Requesting package name: <none>"AndroidWifi"openMLO Information: , Is TID-To-Link negotiation supported by the AP: false, AP MLD Address: <none>, AP MLO Link Id: <none>, AP MLO Affiliated links: <none>, Vendor Data: <none>
04-22 00:42:55.413 D/WifiScoreCard(  683): txRate: 2 txSpeed: 1
04-22 00:42:55.413 D/WifiScoreCard(  683): network update SIGNAL_POLL "AndroidWifi" ID: 579418950 RSSI -50 txSpeed -1
04-22 00:42:55.413 D/WifiClientModeImpl[9769:wlan0](  683):  ClientModeImpl$L2ConnectedState screen=on 1 0 "AndroidWifi" 00:13:10:85:fe:01 rssi=-50 f=2447 sc=60 link=1 tx=1.9, 0.0, 0.0 rx=1.9 bcn=0 [on:0 tx:0 rx:0 period:3008] from screen [on:0 period:-1326685131] score=60
04-22 00:42:55.444 D/wpa_supplicant(  938): nl80211: Drv Event 64 (NL80211_CMD_NOTIFY_CQM) received for wlan0
04-22 00:42:55.445 D/wpa_supplicant(  938): nl80211: Beacon loss event
04-22 00:42:55.445 D/wpa_supplicant(  938): wlan0: Event BEACON_LOSS (53) received
04-22 00:42:55.445 I/wpa_supplicant(  938): wlan0: CTRL-EVENT-BEACON-LOSS 
04-22 00:42:57.598 D/SatelliteController( 1086): iisInCarrierRoamingNbIotNtn: satellite is disabled
04-22 00:42:58.418 W/BestClock(  683): java.time.DateTimeException: No network time available
04-22 00:42:58.418 W/BestClock(  683): java.time.DateTimeException: No network time available
04-22 00:42:58.418 W/BestClock(  683): java.time.DateTimeException: No network time available
04-22 00:42:58.418 W/BestClock(  683): java.time.DateTimeException: No network time available
04-22 00:42:58.418 W/BestClock(  683): java.time.DateTimeException: No network time available
04-22 00:42:58.419 D/WifiClientModeImpl[9769:wlan0](  683): updateLinkLayerStatsRssiSpeedFrequencyCapabilities rssi=-50 TxLinkspeed=1 freq=2447 RxLinkSpeed=2
04-22 00:42:58.419 D/WifiDataStall(  683): tx tput in kbps: 11000
04-22 00:42:58.419 D/WifiDataStall(  683): rx tput in kbps: 11000
04-22 00:42:58.419 V/WifiConfigManager(  683): Updating scan detail cache freq=2447 BSSID=00:13:10:85:fe:01 RSSI=-50 for "AndroidWifi"NONE
04-22 00:42:58.419 D/WifiThroughputPredictor(  683):  utilization (LLS) 80 isBluetoothConnected: false final utilization: 80
04-22 00:42:58.419 D/WifiThroughputPredictor(  683):  BW: 0 RSSI: -50 Nss: 1 Mode: 1 symDur: 4000 snrDb 30 bitPerTone: 4500 rate: 54 throughput: 11
04-22 00:42:58.419 D/WifiThroughputPredictor(  683):  utilization (LLS) 80 isBluetoothConnected: false final utilization: 80
04-22 00:42:58.419 D/WifiThroughputPredictor(  683):  BW: 0 RSSI: -50 Nss: 1 Mode: 1 symDur: 4000 snrDb 30 bitPerTone: 4500 rate: 54 throughput: 11
04-22 00:42:58.420 D/WifiThroughputPredictor(  683):  utilization (LLS) 80 isBluetoothConnected: false final utilization: 80
04-22 00:42:58.420 D/WifiThroughputPredictor(  683):  BW: 0 RSSI: -50 Nss: 1 Mode: 1 symDur: 4000 snrDb 30 bitPerTone: 4500 rate: 54 throughput: 11
04-22 00:42:58.420 D/WifiThroughputPredictor(  683):  utilization (LLS) 80 isBluetoothConnected: false final utilization: 80
04-22 00:42:58.420 D/WifiThroughputPredictor(  683):  BW: 0 RSSI: -50 Nss: 1 Mode: 1 symDur: 4000 snrDb 30 bitPerTone: 4500 rate: 54 throughput: 11
04-22 00:42:58.421 D/WifiScoreCard(  683): BSSID update SIGNAL_POLL ID: 261501600 SSID: "AndroidWifi", BSSID: 00:13:10:85:fe:01, MAC: 02:15:b4:00:00:00, IP: /10.0.2.17, Security type: 0, Supplicant state: COMPLETED, Wi-Fi standard: legacy, RSSI: -50, Link speed: 1Mbps, Tx Link speed: 1Mbps, Max Supported Tx Link speed: 11Mbps, Rx Link speed: 2Mbps, Max Supported Rx Link speed: 11Mbps, Frequency: 2447MHz, Net ID: 0, Metered hint: false, score: 60, isUsable: true, CarrierMerged: false, SubscriptionId: -1, IsPrimary: 1, Trusted: true, Restricted: false, Ephemeral: false, OEM paid: false, OEM private: false, OSU AP: false, FQDN: <none>, Provider friendly name: <none>, Requesting package name: <none>"AndroidWifi"openMLO Information: , Is TID-To-Link negotiation supported by the AP: false, AP MLD Address: <none>, AP MLO Link Id: <none>, AP MLO Affiliated links: <none>, Vendor Data: <none>
04-22 00:42:58.421 D/WifiScoreCard(  683): txRate: 1 txSpeed: 1
04-22 00:42:58.421 D/WifiScoreCard(  683): network update SIGNAL_POLL "AndroidWifi" ID: 579418950 RSSI -50 txSpeed -1
04-22 00:42:58.422 D/WifiClientModeImpl[9769:wlan0](  683):  ClientModeImpl$L2ConnectedState screen=on 1 0 "AndroidWifi" 00:13:10:85:fe:01 rssi=-50 f=2447 sc=60 link=1 tx=0.7, 0.0, 0.0 rx=0.7 bcn=0 [on:0 tx:0 rx:0 period:3009] from screen [on:0 period:-1326682122] score=60
04-22 00:42:59.409 I/assembly.assembly.android.mixc-retail-rn84(16193): [assembly.topology] Create assembly topology socket binding {"displayIndex":0,"role":"slave","localNodeId":"master:ZJ63NQELD9","masterNodeId":"master:6Z2H3BSGEY","wsUrl":"ws://127.0.0.1:18889/mockMasterServer/ws","httpBaseUrl":"http://127.0.0.1:18889/mockMasterServer","resolvedServerBaseUrl":"http://127.0.0.1:18889/mockMasterServer","resolvedPathTemplate":"/ws"}
04-22 00:42:59.412 I/assembly.assembly.android.mixc-retail-rn84.transport.ws.SocketRuntime(16193): [transport.ws] Socket connect started: assembly.android.mixc-retail-rn84.topology {"profileName":"assembly.android.mixc-retail-rn84.topology","serverName":"dual-topology-host-v3","addressName":"dynamic-topology-host"}
04-22 00:42:59.412 I/ReactNativeJS(16193): '[assembly.android.mixc-retail-rn84.websocket] connect', { url: 'ws://127.0.0.1:18889/mockMasterServer/ws',
04-22 00:42:59.412 I/ReactNativeJS(16193):   protocol: 'ws',
04-22 00:42:59.412 I/ReactNativeJS(16193):   host: '127.0.0.1:18889',
04-22 00:42:59.412 I/ReactNativeJS(16193):   pathname: '/mockMasterServer/ws' }
04-22 00:42:59.420 I/assembly.assembly.android.mixc-retail-rn84(16193): [assembly.topology] Native topology host already matches desired lifecycle state {"displayCount":1,"displayIndex":0,"deviceId":"ZJ63NQELD9","instanceMode":"SLAVE","enableSlave":false,"running":false,"reason":"not-master-or-single-primary-host"}
04-22 00:42:59.420 I/assembly.assembly.android.mixc-retail-rn84(16193): [assembly.topology] Native topology host already matches desired lifecycle state {"displayCount":1,"displayIndex":0,"deviceId":"ZJ63NQELD9","instanceMode":"SLAVE","enableSlave":false,"running":false,"reason":"not-master-or-single-primary-host"}
04-22 00:42:59.430 I/assembly.assembly.android.mixc-retail-rn84(16193): [assembly.topology] Native topology host already matches desired lifecycle state {"displayCount":1,"displayIndex":0,"deviceId":"ZJ63NQELD9","instanceMode":"SLAVE","enableSlave":false,"running":false,"reason":"not-master-or-single-primary-host"}
04-22 00:42:59.436 I/assembly.assembly.android.mixc-retail-rn84(16193): [assembly.topology] Native topology host already matches desired lifecycle state {"displayCount":1,"displayIndex":0,"deviceId":"ZJ63NQELD9","instanceMode":"SLAVE","enableSlave":false,"running":false,"reason":"not-master-or-single-primary-host"}
04-22 00:42:59.436 I/assembly.assembly.android.mixc-retail-rn84(16193): [assembly.topology] Native topology host already matches desired lifecycle state {"displayCount":1,"displayIndex":0,"deviceId":"ZJ63NQELD9","instanceMode":"SLAVE","enableSlave":false,"running":false,"reason":"not-master-or-single-primary-host"}
04-22 00:42:59.436 I/assembly.assembly.android.mixc-retail-rn84(16193): [assembly.topology] Native topology host already matches desired lifecycle state {"displayCount":1,"displayIndex":0,"deviceId":"ZJ63NQELD9","instanceMode":"SLAVE","enableSlave":false,"running":false,"reason":"not-master-or-single-primary-host"}
04-22 00:42:59.444 I/ReactNativeJS(16193): '[runtime-state-sync-apply]', '{"direction":"master-to-slave","incomingSliceNames":["kernel.base.topology-runtime-v3.demo.master","kernel.base.tcp-control-runtime-v2.identity","kernel.base.tcp-control-runtime-v2.credential","kernel.base.tcp-control-runtime-v2.binding","kernel.base.tcp-control-runtime-v2.sandbox","kernel.base.tdp-sync-runtime-v2.hot-update","kernel.base.ui-runtime-v2.screen.main","kernel.base.ui-runtime-v2.overlay.main","kernel.base.ui-runtime-v2.ui-variable.main"],"appliedSliceNames":["kernel.base.topology-runtime-v3.demo.master","kernel.base.tcp-control-runtime-v2.identity","kernel.base.tcp-control-runtime-v2.credential","kernel.base.tcp-control-runtime-v2.binding","kernel.base.tcp-control-runtime-v2.sandbox","kernel.base.tdp-sync-runtime-v2.hot-update","kernel.base.ui-runtime-v2.screen.main","kernel.base.ui-runtime-v2.overlay.main","kernel.base.ui-runtime-v2.ui-variable.main"],"skippedSliceReasons":[]}'
04-22 00:42:59.449 I/assembly.assembly.android.mixc-retail-rn84(16193): [assembly.topology] Native topology host already matches desired lifecycle state {"displayCount":1,"displayIndex":0,"deviceId":"ZJ63NQELD9","instanceMode":"SLAVE","enableSlave":false,"running":false,"reason":"not-master-or-single-primary-host"}
04-22 00:42:59.451 I/MMKV    (16193): <MMKV_IO.cpp:609::writeActualSize> [mixc-retail-assembly-rn84::state] increase sequence to 58, crc 453469257, actualSize 24158
04-22 00:42:59.451 I/MMKV    (16193): <MMKV.cpp:1208::sync> MMKV::sync, SyncFlag = 1
04-22 00:42:59.453 I/assembly.assembly.android.mixc-retail-rn84(16193): [assembly.topology] Native topology host already matches desired lifecycle state {"displayCount":1,"displayIndex":0,"deviceId":"ZJ63NQELD9","instanceMode":"SLAVE","enableSlave":false,"running":false,"reason":"not-master-or-single-primary-host"}
04-22 00:43:01.112 D/NetworkMonitor/101( 1052): PROBE_HTTPS https://www.google.com/generate_204 Probe failed with exception javax.net.ssl.SSLHandshakeException: connection closed
04-22 00:43:01.114 D/NetworkMonitor/101( 1052): isCaptivePortal: isSuccessful()=false isPortal()=false RedirectUrl=null isPartialConnectivity()=true Time=10525ms
04-22 00:43:01.114 D/ConnectivityService(  683): [101 WIFI] validation failed
04-22 00:43:01.425 W/BestClock(  683): java.time.DateTimeException: No network time available
04-22 00:43:01.425 W/BestClock(  683): java.time.DateTimeException: No network time available
04-22 00:43:01.425 W/BestClock(  683): java.time.DateTimeException: No network time available
04-22 00:43:01.425 W/BestClock(  683): java.time.DateTimeException: No network time available
04-22 00:43:01.425 W/BestClock(  683): java.time.DateTimeException: No network time available
04-22 00:43:01.429 D/WifiClientModeImpl[9769:wlan0](  683): updateLinkLayerStatsRssiSpeedFrequencyCapabilities rssi=-50 TxLinkspeed=2 freq=2447 RxLinkSpeed=2
04-22 00:43:01.430 D/WifiDataStall(  683): tx tput in kbps: 11000
04-22 00:43:01.430 D/WifiDataStall(  683): rx tput in kbps: 11000
04-22 00:43:01.430 V/WifiConfigManager(  683): Updating scan detail cache freq=2447 BSSID=00:13:10:85:fe:01 RSSI=-50 for "AndroidWifi"NONE
04-22 00:43:01.430 D/WifiThroughputPredictor(  683):  utilization (LLS) 80 isBluetoothConnected: false final utilization: 80
04-22 00:43:01.431 D/WifiThroughputPredictor(  683):  BW: 0 RSSI: -50 Nss: 1 Mode: 1 symDur: 4000 snrDb 30 bitPerTone: 4500 rate: 54 throughput: 11
04-22 00:43:01.431 D/WifiThroughputPredictor(  683):  utilization (LLS) 80 isBluetoothConnected: false final utilization: 80
04-22 00:43:01.431 D/WifiThroughputPredictor(  683):  BW: 0 RSSI: -50 Nss: 1 Mode: 1 symDur: 4000 snrDb 30 bitPerTone: 4500 rate: 54 throughput: 11
04-22 00:43:01.431 D/WifiThroughputPredictor(  683):  utilization (LLS) 80 isBluetoothConnected: false final utilization: 80
04-22 00:43:01.431 D/WifiThroughputPredictor(  683):  BW: 0 RSSI: -50 Nss: 1 Mode: 1 symDur: 4000 snrDb 30 bitPerTone: 4500 rate: 54 throughput: 11
04-22 00:43:01.431 D/WifiThroughputPredictor(  683):  utilization (LLS) 80 isBluetoothConnected: false final utilization: 80
04-22 00:43:01.431 D/WifiThroughputPredictor(  683):  BW: 0 RSSI: -50 Nss: 1 Mode: 1 symDur: 4000 snrDb 30 bitPerTone: 4500 rate: 54 throughput: 11
04-22 00:43:01.433 D/WifiScoreCard(  683): BSSID update SIGNAL_POLL ID: 261501600 SSID: "AndroidWifi", BSSID: 00:13:10:85:fe:01, MAC: 02:15:b4:00:00:00, IP: /10.0.2.17, Security type: 0, Supplicant state: COMPLETED, Wi-Fi standard: legacy, RSSI: -50, Link speed: 2Mbps, Tx Link speed: 2Mbps, Max Supported Tx Link speed: 11Mbps, Rx Link speed: 2Mbps, Max Supported Rx Link speed: 11Mbps, Frequency: 2447MHz, Net ID: 0, Metered hint: false, score: 60, isUsable: true, CarrierMerged: false, SubscriptionId: -1, IsPrimary: 1, Trusted: true, Restricted: false, Ephemeral: false, OEM paid: false, OEM private: false, OSU AP: false, FQDN: <none>, Provider friendly name: <none>, Requesting package name: <none>"AndroidWifi"openMLO Information: , Is TID-To-Link negotiation supported by the AP: false, AP MLD Address: <none>, AP MLO Link Id: <none>, AP MLO Affiliated links: <none>, Vendor Data: <none>
04-22 00:43:01.433 D/WifiScoreCard(  683): txRate: 2 txSpeed: 2
04-22 00:43:01.433 D/WifiScoreCard(  683): network update SIGNAL_POLL "AndroidWifi" ID: 579418950 RSSI -50 txSpeed -1
04-22 00:43:01.433 D/WifiClientModeImpl[9769:wlan0](  683):  ClientModeImpl$L2ConnectedState screen=on 1 0 "AndroidWifi" 00:13:10:85:fe:01 rssi=-50 f=2447 sc=60 link=2 tx=1.5, 0.0, 0.0 rx=1.5 bcn=0 [on:0 tx:0 rx:0 period:3011] from screen [on:0 period:-1326679111] score=60
04-22 00:43:03.123 I/resolv  (  459): ResNSendHandler::run: 0 / {101 983141 101 983141 1073 1}
04-22 00:43:03.123 I/resolv  (  459): ResNSendHandler::run: 0 / {101 983141 101 983141 1073 1}
04-22 00:43:03.123 I/resolv  (  459): resolv_cache_lookup: FOUND IN CACHE entry=0xb400007d0cedb390
04-22 00:43:03.124 I/resolv  (  459): resolv_cache_lookup: FOUND IN CACHE entry=0xb400007cdced0e50
04-22 00:43:03.126 I/resolv  (  459): ResNSendHandler::run: 0 / {101 983141 101 983141 1073 1}
04-22 00:43:03.126 I/resolv  (  459): ResNSendHandler::run: 0 / {101 983141 101 983141 1073 1}
04-22 00:43:03.126 I/resolv  (  459): resolv_cache_lookup: FOUND IN CACHE entry=0xb400007e7cecf350
04-22 00:43:03.126 I/resolv  (  459): resolv_cache_lookup: FOUND IN CACHE entry=0xb400007d2ced1320
04-22 00:43:03.127 D/NetworkMonitor/101( 1052): PROBE_DNS connectivitycheck.gstatic.com 8ms OK 114.250.65.34
04-22 00:43:03.128 I/resolv  (  459): GetAddrInfoHandler::run: {101 983141 101 983141 1073 1}
04-22 00:43:03.128 I/resolv  (  459): res_nmkquery: (QUERY, IN, AAAA)
04-22 00:43:03.128 I/resolv  (  459): resolv_cache_lookup: FOUND IN CACHE entry=0xb400007d0cedb390
04-22 00:43:03.128 I/resolv  (  459): doQuery: rcode=0, ancount=0, return value=117
04-22 00:43:03.128 I/resolv  (  459): res_nmkquery: (QUERY, IN, A)
04-22 00:43:03.128 I/resolv  (  459): resolv_cache_lookup: FOUND IN CACHE entry=0xb400007e7cecf350
04-22 00:43:03.128 I/resolv  (  459): doQuery: rcode=0, ancount=1, return value=63
04-22 00:43:03.129 D/NetworkMonitor/101( 1052): PROBE_DNS www.google.com 10ms OK 31.13.92.37,2001::1
04-22 00:43:03.130 I/resolv  (  459): GetAddrInfoHandler::run: {101 983141 101 983141 1073 1}
04-22 00:43:03.130 I/resolv  (  459): res_nmkquery: (QUERY, IN, AAAA)
04-22 00:43:03.130 I/resolv  (  459): resolv_cache_lookup: FOUND IN CACHE entry=0xb400007cdced0e50
04-22 00:43:03.130 I/resolv  (  459): doQuery: rcode=0, ancount=1, return value=60
04-22 00:43:03.130 I/resolv  (  459): res_nmkquery: (QUERY, IN, A)
04-22 00:43:03.130 I/resolv  (  459): resolv_cache_lookup: FOUND IN CACHE entry=0xb400007d2ced1320
04-22 00:43:03.130 I/resolv  (  459): doQuery: rcode=0, ancount=1, return value=48
04-22 00:43:03.382 D/wpa_supplicant(  938): nl80211: Drv Event 64 (NL80211_CMD_NOTIFY_CQM) received for wlan0
04-22 00:43:03.382 D/wpa_supplicant(  938): nl80211: Beacon loss event
04-22 00:43:03.382 D/wpa_supplicant(  938): wlan0: Event BEACON_LOSS (53) received
04-22 00:43:03.382 I/wpa_supplicant(  938): wlan0: CTRL-EVENT-BEACON-LOSS 
04-22 00:43:03.615 D/NetworkMonitor/101( 1052): PROBE_HTTP http://connectivitycheck.gstatic.com/generate_204 time=486ms ret=204 request={Connection=[close], User-Agent=[Mozilla/5.0 (X11; Linux x86_64) AppleWebKit/537.36 (KHTML, like Gecko) Chrome/60.0.3112.32 Safari/537.36]} headers={null=[HTTP/1.1 204 No Content], Connection=[close], Cross-Origin-Resource-Policy=[cross-origin], Date=[Tue, 21 Apr 2026 16:43:03 GMT], X-Android-Received-Millis=[1776789783614], X-Android-Response-Source=[NETWORK 204], X-Android-Selected-Protocol=[http/1.1], X-Android-Sent-Millis=[1776789783132]}
04-22 00:43:04.438 W/BestClock(  683): java.time.DateTimeException: No network time available
04-22 00:43:04.438 W/BestClock(  683): java.time.DateTimeException: No network time available
04-22 00:43:04.438 W/BestClock(  683): java.time.DateTimeException: No network time available
04-22 00:43:04.438 W/BestClock(  683): java.time.DateTimeException: No network time available
04-22 00:43:04.438 W/BestClock(  683): java.time.DateTimeException: No network time available
04-22 00:43:04.439 D/WifiClientModeImpl[9769:wlan0](  683): updateLinkLayerStatsRssiSpeedFrequencyCapabilities rssi=-50 TxLinkspeed=1 freq=2447 RxLinkSpeed=2
04-22 00:43:04.439 D/WifiDataStall(  683): tx tput in kbps: 11000
04-22 00:43:04.439 D/WifiDataStall(  683): rx tput in kbps: 11000
04-22 00:43:04.439 V/WifiConfigManager(  683): Updating scan detail cache freq=2447 BSSID=00:13:10:85:fe:01 RSSI=-50 for "AndroidWifi"NONE
04-22 00:43:04.439 D/WifiThroughputPredictor(  683):  utilization (LLS) 80 isBluetoothConnected: false final utilization: 80
04-22 00:43:04.439 D/WifiThroughputPredictor(  683):  BW: 0 RSSI: -50 Nss: 1 Mode: 1 symDur: 4000 snrDb 30 bitPerTone: 4500 rate: 54 throughput: 11
04-22 00:43:04.439 D/WifiThroughputPredictor(  683):  utilization (LLS) 80 isBluetoothConnected: false final utilization: 80
04-22 00:43:04.439 D/WifiThroughputPredictor(  683):  BW: 0 RSSI: -50 Nss: 1 Mode: 1 symDur: 4000 snrDb 30 bitPerTone: 4500 rate: 54 throughput: 11
04-22 00:43:04.439 D/WifiThroughputPredictor(  683):  utilization (LLS) 80 isBluetoothConnected: false final utilization: 80
04-22 00:43:04.439 D/WifiThroughputPredictor(  683):  BW: 0 RSSI: -50 Nss: 1 Mode: 1 symDur: 4000 snrDb 30 bitPerTone: 4500 rate: 54 throughput: 11
04-22 00:43:04.439 D/WifiThroughputPredictor(  683):  utilization (LLS) 80 isBluetoothConnected: false final utilization: 80
04-22 00:43:04.439 D/WifiThroughputPredictor(  683):  BW: 0 RSSI: -50 Nss: 1 Mode: 1 symDur: 4000 snrDb 30 bitPerTone: 4500 rate: 54 throughput: 11
04-22 00:43:04.439 D/WifiScoreCard(  683): BSSID update SIGNAL_POLL ID: 261501600 SSID: "AndroidWifi", BSSID: 00:13:10:85:fe:01, MAC: 02:15:b4:00:00:00, IP: /10.0.2.17, Security type: 0, Supplicant state: COMPLETED, Wi-Fi standard: legacy, RSSI: -50, Link speed: 1Mbps, Tx Link speed: 1Mbps, Max Supported Tx Link speed: 11Mbps, Rx Link speed: 2Mbps, Max Supported Rx Link speed: 11Mbps, Frequency: 2447MHz, Net ID: 0, Metered hint: false, score: 60, isUsable: true, CarrierMerged: false, SubscriptionId: -1, IsPrimary: 1, Trusted: true, Restricted: false, Ephemeral: false, OEM paid: false, OEM private: false, OSU AP: false, FQDN: <none>, Provider friendly name: <none>, Requesting package name: <none>"AndroidWifi"openMLO Information: , Is TID-To-Link negotiation supported by the AP: false, AP MLD Address: <none>, AP MLO Link Id: <none>, AP MLO Affiliated links: <none>, Vendor Data: <none>
04-22 00:43:04.439 D/WifiScoreCard(  683): txRate: 3 txSpeed: 1
04-22 00:43:04.439 D/WifiScoreCard(  683): network update SIGNAL_POLL "AndroidWifi" ID: 579418950 RSSI -50 txSpeed -1
04-22 00:43:04.440 D/WifiClientModeImpl[9769:wlan0](  683):  ClientModeImpl$L2ConnectedState screen=on 1 0 "AndroidWifi" 00:13:10:85:fe:01 rssi=-50 f=2447 sc=60 link=1 tx=2.4, 0.0, 0.0 rx=2.0 bcn=0 [on:0 tx:0 rx:0 period:3006] from screen [on:0 period:-1326676105] score=60
04-22 00:43:06.123 I/resolv  (  459): GetAddrInfoHandler::run: {101 983141 101 983141 1073 1}
04-22 00:43:06.123 I/resolv  (  459): res_nmkquery: (QUERY, IN, AAAA)
04-22 00:43:06.123 I/resolv  (  459): resolv_cache_lookup: FOUND IN CACHE entry=0xb400007cdced0e50
04-22 00:43:06.123 I/resolv  (  459): doQuery: rcode=0, ancount=1, return value=60
04-22 00:43:06.124 I/resolv  (  459): res_nmkquery: (QUERY, IN, A)
04-22 00:43:06.125 I/resolv  (  459): resolv_cache_lookup: FOUND IN CACHE entry=0xb400007d2ced1320
04-22 00:43:06.125 I/resolv  (  459): doQuery: rcode=0, ancount=1, return value=48
04-22 00:43:06.619 D/NetworkMonitor/101( 1052): PROBE_FALLBACK http://www.google.com/gen_204 time=497ms ret=204 request={Connection=[close], User-Agent=[Mozilla/5.0 (X11; Linux x86_64) AppleWebKit/537.36 (KHTML, like Gecko) Chrome/60.0.3112.32 Safari/537.36]} headers={null=[HTTP/1.1 204 No Content], Connection=[close], Content-Security-Policy=[object-src 'none';base-uri 'self';script-src 'nonce-b1QPf4GyP3OS0PmP8ai-AA' 'strict-dynamic' 'report-sample' 'unsafe-eval' 'unsafe-inline' https: http:;report-uri https://csp.withgoogle.com/csp/gws/other], Content-Type=[text/html; charset=UTF-8], Date=[Tue, 21 Apr 2026 16:43:06 GMT], Permissions-Policy=[unload=()], Server=[gws], X-Android-Received-Millis=[1776789786619], X-Android-Response-Source=[NETWORK 204], X-Android-Selected-Protocol=[http/1.1], X-Android-Sent-Millis=[1776789786128], X-Frame-Options=[SAMEORIGIN], X-Xss-Protection=[0]}
04-22 00:43:07.443 W/BestClock(  683): java.time.DateTimeException: No network time available
04-22 00:43:07.443 W/BestClock(  683): java.time.DateTimeException: No network time available
04-22 00:43:07.443 W/BestClock(  683): java.time.DateTimeException: No network time available
04-22 00:43:07.443 W/BestClock(  683): java.time.DateTimeException: No network time available
04-22 00:43:07.443 W/BestClock(  683): java.time.DateTimeException: No network time available
04-22 00:43:07.443 D/WifiClientModeImpl[9769:wlan0](  683): updateLinkLayerStatsRssiSpeedFrequencyCapabilities rssi=-50 TxLinkspeed=1 freq=2447 RxLinkSpeed=2
04-22 00:43:07.444 D/WifiDataStall(  683): tx tput in kbps: 11000
04-22 00:43:07.444 D/WifiDataStall(  683): rx tput in kbps: 11000
04-22 00:43:07.444 V/WifiConfigManager(  683): Updating scan detail cache freq=2447 BSSID=00:13:10:85:fe:01 RSSI=-50 for "AndroidWifi"NONE
04-22 00:43:07.444 D/WifiThroughputPredictor(  683):  utilization (LLS) 80 isBluetoothConnected: false final utilization: 80
04-22 00:43:07.444 D/WifiThroughputPredictor(  683):  BW: 0 RSSI: -50 Nss: 1 Mode: 1 symDur: 4000 snrDb 30 bitPerTone: 4500 rate: 54 throughput: 11
04-22 00:43:07.444 D/WifiThroughputPredictor(  683):  utilization (LLS) 80 isBluetoothConnected: false final utilization: 80
04-22 00:43:07.444 D/WifiThroughputPredictor(  683):  BW: 0 RSSI: -50 Nss: 1 Mode: 1 symDur: 4000 snrDb 30 bitPerTone: 4500 rate: 54 throughput: 11
04-22 00:43:07.445 D/WifiThroughputPredictor(  683):  utilization (LLS) 80 isBluetoothConnected: false final utilization: 80
04-22 00:43:07.445 D/WifiThroughputPredictor(  683):  BW: 0 RSSI: -50 Nss: 1 Mode: 1 symDur: 4000 snrDb 30 bitPerTone: 4500 rate: 54 throughput: 11
04-22 00:43:07.445 D/WifiThroughputPredictor(  683):  utilization (LLS) 80 isBluetoothConnected: false final utilization: 80
04-22 00:43:07.445 D/WifiThroughputPredictor(  683):  BW: 0 RSSI: -50 Nss: 1 Mode: 1 symDur: 4000 snrDb 30 bitPerTone: 4500 rate: 54 throughput: 11
04-22 00:43:07.445 D/WifiScoreCard(  683): BSSID update SIGNAL_POLL ID: 261501600 SSID: "AndroidWifi", BSSID: 00:13:10:85:fe:01, MAC: 02:15:b4:00:00:00, IP: /10.0.2.17, Security type: 0, Supplicant state: COMPLETED, Wi-Fi standard: legacy, RSSI: -50, Link speed: 1Mbps, Tx Link speed: 1Mbps, Max Supported Tx Link speed: 11Mbps, Rx Link speed: 2Mbps, Max Supported Rx Link speed: 11Mbps, Frequency: 2447MHz, Net ID: 0, Metered hint: false, score: 60, isUsable: true, CarrierMerged: false, SubscriptionId: -1, IsPrimary: 1, Trusted: true, Restricted: false, Ephemeral: false, OEM paid: false, OEM private: false, OSU AP: false, FQDN: <none>, Provider friendly name: <none>, Requesting package name: <none>"AndroidWifi"openMLO Information: , Is TID-To-Link negotiation supported by the AP: false, AP MLD Address: <none>, AP MLO Link Id: <none>, AP MLO Affiliated links: <none>, Vendor Data: <none>
04-22 00:43:07.445 D/WifiScoreCard(  683): txRate: 3 txSpeed: 1
04-22 00:43:07.445 D/WifiScoreCard(  683): network update SIGNAL_POLL "AndroidWifi" ID: 579418950 RSSI -50 txSpeed -1
04-22 00:43:07.445 D/WifiClientModeImpl[9769:wlan0](  683):  ClientModeImpl$L2ConnectedState screen=on 1 0 "AndroidWifi" 00:13:10:85:fe:01 rssi=-50 f=2447 sc=60 link=1 tx=2.1, 0.0, 0.0 rx=1.7 bcn=0 [on:0 tx:0 rx:0 period:3005] from screen [on:0 period:-1326673099] score=60
04-22 00:43:07.605 D/SatelliteController( 1086): iisInCarrierRoamingNbIotNtn: satellite is disabled
04-22 00:43:10.452 W/BestClock(  683): java.time.DateTimeException: No network time available
04-22 00:43:10.452 W/BestClock(  683): java.time.DateTimeException: No network time available
04-22 00:43:10.453 W/BestClock(  683): java.time.DateTimeException: No network time available
04-22 00:43:10.453 W/BestClock(  683): java.time.DateTimeException: No network time available
04-22 00:43:10.453 W/BestClock(  683): java.time.DateTimeException: No network time available
04-22 00:43:10.454 D/WifiClientModeImpl[9769:wlan0](  683): updateLinkLayerStatsRssiSpeedFrequencyCapabilities rssi=-50 TxLinkspeed=1 freq=2447 RxLinkSpeed=2
04-22 00:43:10.454 D/WifiDataStall(  683): tx tput in kbps: 11000
04-22 00:43:10.454 D/WifiDataStall(  683): rx tput in kbps: 11000
04-22 00:43:10.454 V/WifiConfigManager(  683): Updating scan detail cache freq=2447 BSSID=00:13:10:85:fe:01 RSSI=-50 for "AndroidWifi"NONE
04-22 00:43:10.454 D/WifiThroughputPredictor(  683):  utilization (LLS) 80 isBluetoothConnected: false final utilization: 80
04-22 00:43:10.454 D/WifiThroughputPredictor(  683):  BW: 0 RSSI: -50 Nss: 1 Mode: 1 symDur: 4000 snrDb 30 bitPerTone: 4500 rate: 54 throughput: 11
04-22 00:43:10.454 D/WifiThroughputPredictor(  683):  utilization (LLS) 80 isBluetoothConnected: false final utilization: 80
04-22 00:43:10.454 D/WifiThroughputPredictor(  683):  BW: 0 RSSI: -50 Nss: 1 Mode: 1 symDur: 4000 snrDb 30 bitPerTone: 4500 rate: 54 throughput: 11
04-22 00:43:10.455 D/WifiThroughputPredictor(  683):  utilization (LLS) 80 isBluetoothConnected: false final utilization: 80
04-22 00:43:10.455 D/WifiThroughputPredictor(  683):  BW: 0 RSSI: -50 Nss: 1 Mode: 1 symDur: 4000 snrDb 30 bitPerTone: 4500 rate: 54 throughput: 11
04-22 00:43:10.455 D/WifiThroughputPredictor(  683):  utilization (LLS) 80 isBluetoothConnected: false final utilization: 80
04-22 00:43:10.455 D/WifiThroughputPredictor(  683):  BW: 0 RSSI: -50 Nss: 1 Mode: 1 symDur: 4000 snrDb 30 bitPerTone: 4500 rate: 54 throughput: 11
04-22 00:43:10.457 D/WifiScoreCard(  683): BSSID update SIGNAL_POLL ID: 261501600 SSID: "AndroidWifi", BSSID: 00:13:10:85:fe:01, MAC: 02:15:b4:00:00:00, IP: /10.0.2.17, Security type: 0, Supplicant state: COMPLETED, Wi-Fi standard: legacy, RSSI: -50, Link speed: 1Mbps, Tx Link speed: 1Mbps, Max Supported Tx Link speed: 11Mbps, Rx Link speed: 2Mbps, Max Supported Rx Link speed: 11Mbps, Frequency: 2447MHz, Net ID: 0, Metered hint: false, score: 60, isUsable: true, CarrierMerged: false, SubscriptionId: -1, IsPrimary: 1, Trusted: true, Restricted: false, Ephemeral: false, OEM paid: false, OEM private: false, OSU AP: false, FQDN: <none>, Provider friendly name: <none>, Requesting package name: <none>"AndroidWifi"openMLO Information: , Is TID-To-Link negotiation supported by the AP: false, AP MLD Address: <none>, AP MLO Link Id: <none>, AP MLO Affiliated links: <none>, Vendor Data: <none>
04-22 00:43:10.457 D/WifiScoreCard(  683): txRate: 1 txSpeed: 1
04-22 00:43:10.457 D/WifiScoreCard(  683): network update SIGNAL_POLL "AndroidWifi" ID: 579418950 RSSI -50 txSpeed -1
04-22 00:43:10.457 D/WifiClientModeImpl[9769:wlan0](  683):  ClientModeImpl$L2ConnectedState screen=on 1 0 "AndroidWifi" 00:13:10:85:fe:01 rssi=-50 f=2447 sc=60 link=1 tx=0.7, 0.0, 0.0 rx=0.6 bcn=0 [on:0 tx:0 rx:0 period:3012] from screen [on:0 period:-1326670087] score=60
04-22 00:43:11.316 D/wpa_supplicant(  938): nl80211: Drv Event 64 (NL80211_CMD_NOTIFY_CQM) received for wlan0
04-22 00:43:11.317 D/wpa_supplicant(  938): nl80211: Beacon loss event
04-22 00:43:11.317 D/wpa_supplicant(  938): wlan0: Event BEACON_LOSS (53) received
04-22 00:43:11.317 I/wpa_supplicant(  938): wlan0: CTRL-EVENT-BEACON-LOSS 
04-22 00:43:13.461 W/BestClock(  683): java.time.DateTimeException: No network time available
04-22 00:43:13.461 W/BestClock(  683): java.time.DateTimeException: No network time available
04-22 00:43:13.461 W/BestClock(  683): java.time.DateTimeException: No network time available
04-22 00:43:13.461 W/BestClock(  683): java.time.DateTimeException: No network time available
04-22 00:43:13.461 W/BestClock(  683): java.time.DateTimeException: No network time available
04-22 00:43:13.462 D/WifiClientModeImpl[9769:wlan0](  683): updateLinkLayerStatsRssiSpeedFrequencyCapabilities rssi=-50 TxLinkspeed=1 freq=2447 RxLinkSpeed=2
04-22 00:43:13.462 D/WifiDataStall(  683): tx tput in kbps: 11000
04-22 00:43:13.462 D/WifiDataStall(  683): rx tput in kbps: 11000
04-22 00:43:13.462 V/WifiConfigManager(  683): Updating scan detail cache freq=2447 BSSID=00:13:10:85:fe:01 RSSI=-50 for "AndroidWifi"NONE
04-22 00:43:13.462 D/WifiThroughputPredictor(  683):  utilization (LLS) 80 isBluetoothConnected: false final utilization: 80
04-22 00:43:13.462 D/WifiThroughputPredictor(  683):  BW: 0 RSSI: -50 Nss: 1 Mode: 1 symDur: 4000 snrDb 30 bitPerTone: 4500 rate: 54 throughput: 11
04-22 00:43:13.462 D/WifiThroughputPredictor(  683):  utilization (LLS) 80 isBluetoothConnected: false final utilization: 80
04-22 00:43:13.462 D/WifiThroughputPredictor(  683):  BW: 0 RSSI: -50 Nss: 1 Mode: 1 symDur: 4000 snrDb 30 bitPerTone: 4500 rate: 54 throughput: 11
04-22 00:43:13.462 D/WifiThroughputPredictor(  683):  utilization (LLS) 80 isBluetoothConnected: false final utilization: 80
04-22 00:43:13.462 D/WifiThroughputPredictor(  683):  BW: 0 RSSI: -50 Nss: 1 Mode: 1 symDur: 4000 snrDb 30 bitPerTone: 4500 rate: 54 throughput: 11
04-22 00:43:13.462 D/WifiThroughputPredictor(  683):  utilization (LLS) 80 isBluetoothConnected: false final utilization: 80
04-22 00:43:13.462 D/WifiThroughputPredictor(  683):  BW: 0 RSSI: -50 Nss: 1 Mode: 1 symDur: 4000 snrDb 30 bitPerTone: 4500 rate: 54 throughput: 11
04-22 00:43:13.463 D/WifiScoreCard(  683): BSSID update SIGNAL_POLL ID: 261501600 SSID: "AndroidWifi", BSSID: 00:13:10:85:fe:01, MAC: 02:15:b4:00:00:00, IP: /10.0.2.17, Security type: 0, Supplicant state: COMPLETED, Wi-Fi standard: legacy, RSSI: -50, Link speed: 1Mbps, Tx Link speed: 1Mbps, Max Supported Tx Link speed: 11Mbps, Rx Link speed: 2Mbps, Max Supported Rx Link speed: 11Mbps, Frequency: 2447MHz, Net ID: 0, Metered hint: false, score: 60, isUsable: true, CarrierMerged: false, SubscriptionId: -1, IsPrimary: 1, Trusted: true, Restricted: false, Ephemeral: false, OEM paid: false, OEM private: false, OSU AP: false, FQDN: <none>, Provider friendly name: <none>, Requesting package name: <none>"AndroidWifi"openMLO Information: , Is TID-To-Link negotiation supported by the AP: false, AP MLD Address: <none>, AP MLO Link Id: <none>, AP MLO Affiliated links: <none>, Vendor Data: <none>
04-22 00:43:13.463 D/WifiScoreCard(  683): txRate: 2 txSpeed: 1
04-22 00:43:13.463 D/WifiScoreCard(  683): network update SIGNAL_POLL "AndroidWifi" ID: 579418950 RSSI -50 txSpeed -1
04-22 00:43:13.463 D/WifiClientModeImpl[9769:wlan0](  683):  ClientModeImpl$L2ConnectedState screen=on 1 0 "AndroidWifi" 00:13:10:85:fe:01 rssi=-50 f=2447 sc=60 link=1 tx=1.3, 0.0, 0.0 rx=1.0 bcn=0 [on:0 tx:0 rx:0 period:3006] from screen [on:0 period:-1326667081] score=60
04-22 00:43:13.647 D/NetworkMonitor/101( 1052): PROBE_HTTPS https://www.google.com/generate_204 Probe failed with exception javax.net.ssl.SSLHandshakeException: connection closed
04-22 00:43:13.649 D/NetworkMonitor/101( 1052): isCaptivePortal: isSuccessful()=false isPortal()=false RedirectUrl=null isPartialConnectivity()=true Time=10530ms
04-22 00:43:13.650 D/ConnectivityService(  683): [101 WIFI] validation failed
04-22 00:43:16.466 W/BestClock(  683): java.time.DateTimeException: No network time available
04-22 00:43:16.466 W/BestClock(  683): java.time.DateTimeException: No network time available
04-22 00:43:16.466 W/BestClock(  683): java.time.DateTimeException: No network time available
04-22 00:43:16.466 W/BestClock(  683): java.time.DateTimeException: No network time available
04-22 00:43:16.466 W/BestClock(  683): java.time.DateTimeException: No network time available
04-22 00:43:16.467 D/WifiClientModeImpl[9769:wlan0](  683): updateLinkLayerStatsRssiSpeedFrequencyCapabilities rssi=-50 TxLinkspeed=1 freq=2447 RxLinkSpeed=2
04-22 00:43:16.468 D/WifiDataStall(  683): tx tput in kbps: 11000
04-22 00:43:16.468 D/WifiDataStall(  683): rx tput in kbps: 11000
04-22 00:43:16.468 V/WifiConfigManager(  683): Updating scan detail cache freq=2447 BSSID=00:13:10:85:fe:01 RSSI=-50 for "AndroidWifi"NONE
04-22 00:43:16.468 D/WifiThroughputPredictor(  683):  utilization (LLS) 80 isBluetoothConnected: false final utilization: 80
04-22 00:43:16.468 D/WifiThroughputPredictor(  683):  BW: 0 RSSI: -50 Nss: 1 Mode: 1 symDur: 4000 snrDb 30 bitPerTone: 4500 rate: 54 throughput: 11
04-22 00:43:16.468 D/WifiThroughputPredictor(  683):  utilization (LLS) 80 isBluetoothConnected: false final utilization: 80
04-22 00:43:16.468 D/WifiThroughputPredictor(  683):  BW: 0 RSSI: -50 Nss: 1 Mode: 1 symDur: 4000 snrDb 30 bitPerTone: 4500 rate: 54 throughput: 11
04-22 00:43:16.470 D/WifiThroughputPredictor(  683):  utilization (LLS) 80 isBluetoothConnected: false final utilization: 80
04-22 00:43:16.470 D/WifiThroughputPredictor(  683):  BW: 0 RSSI: -50 Nss: 1 Mode: 1 symDur: 4000 snrDb 30 bitPerTone: 4500 rate: 54 throughput: 11
04-22 00:43:16.470 D/WifiThroughputPredictor(  683):  utilization (LLS) 80 isBluetoothConnected: false final utilization: 80
04-22 00:43:16.470 D/WifiThroughputPredictor(  683):  BW: 0 RSSI: -50 Nss: 1 Mode: 1 symDur: 4000 snrDb 30 bitPerTone: 4500 rate: 54 throughput: 11
04-22 00:43:16.471 D/WifiScoreCard(  683): BSSID update SIGNAL_POLL ID: 261501600 SSID: "AndroidWifi", BSSID: 00:13:10:85:fe:01, MAC: 02:15:b4:00:00:00, IP: /10.0.2.17, Security type: 0, Supplicant state: COMPLETED, Wi-Fi standard: legacy, RSSI: -50, Link speed: 1Mbps, Tx Link speed: 1Mbps, Max Supported Tx Link speed: 11Mbps, Rx Link speed: 2Mbps, Max Supported Rx Link speed: 11Mbps, Frequency: 2447MHz, Net ID: 0, Metered hint: false, score: 60, isUsable: true, CarrierMerged: false, SubscriptionId: -1, IsPrimary: 1, Trusted: true, Restricted: false, Ephemeral: false, OEM paid: false, OEM private: false, OSU AP: false, FQDN: <none>, Provider friendly name: <none>, Requesting package name: <none>"AndroidWifi"openMLO Information: , Is TID-To-Link negotiation supported by the AP: false, AP MLD Address: <none>, AP MLO Link Id: <none>, AP MLO Affiliated links: <none>, Vendor Data: <none>
04-22 00:43:16.471 D/WifiScoreCard(  683): txRate: 1 txSpeed: 1
04-22 00:43:16.471 D/WifiScoreCard(  683): network update SIGNAL_POLL "AndroidWifi" ID: 579418950 RSSI -50 txSpeed -1
04-22 00:43:16.471 D/WifiClientModeImpl[9769:wlan0](  683):  ClientModeImpl$L2ConnectedState screen=on 1 0 "AndroidWifi" 00:13:10:85:fe:01 rssi=-50 f=2447 sc=60 link=1 tx=0.7, 0.0, 0.0 rx=0.8 bcn=0 [on:0 tx:0 rx:0 period:3008] from screen [on:0 period:-1326664073] score=60
04-22 00:43:17.608 D/SatelliteController( 1086): iisInCarrierRoamingNbIotNtn: satellite is disabled
04-22 00:43:17.662 I/resolv  (  459): ResNSendHandler::run: 0 / {101 983141 101 983141 1073 1}
04-22 00:43:17.662 I/resolv  (  459): resolv_cache_lookup: FOUND IN CACHE entry=0xb400007cdced0e50
04-22 00:43:17.663 I/resolv  (  459): ResNSendHandler::run: 0 / {101 983141 101 983141 1073 1}
04-22 00:43:17.663 I/resolv  (  459): resolv_cache_lookup: FOUND IN CACHE entry=0xb400007d0cedb390
04-22 00:43:17.665 I/resolv  (  459): ResNSendHandler::run: 0 / {101 983141 101 983141 1073 1}
04-22 00:43:17.665 I/resolv  (  459): ResNSendHandler::run: 0 / {101 983141 101 983141 1073 1}
04-22 00:43:17.665 I/resolv  (  459): resolv_cache_lookup: FOUND IN CACHE entry=0xb400007d2ced1320
04-22 00:43:17.666 I/resolv  (  459): resolv_cache_lookup: FOUND IN CACHE entry=0xb400007e7cecf350
04-22 00:43:17.669 D/NetworkMonitor/101( 1052): PROBE_DNS www.google.com 11ms OK 31.13.92.37,2001::1
04-22 00:43:17.670 I/resolv  (  459): GetAddrInfoHandler::run: {101 983141 101 983141 1073 1}
04-22 00:43:17.670 D/NetworkMonitor/101( 1052): PROBE_DNS connectivitycheck.gstatic.com 12ms OK 114.250.65.34
04-22 00:43:17.670 I/resolv  (  459): res_nmkquery: (QUERY, IN, AAAA)
04-22 00:43:17.670 I/resolv  (  459): resolv_cache_lookup: FOUND IN CACHE entry=0xb400007cdced0e50
04-22 00:43:17.670 I/resolv  (  459): doQuery: rcode=0, ancount=1, return value=60
04-22 00:43:17.671 I/resolv  (  459): res_nmkquery: (QUERY, IN, A)
04-22 00:43:17.671 I/resolv  (  459): resolv_cache_lookup: FOUND IN CACHE entry=0xb400007d2ced1320
04-22 00:43:17.671 I/resolv  (  459): doQuery: rcode=0, ancount=1, return value=48
04-22 00:43:17.671 I/resolv  (  459): GetAddrInfoHandler::run: {101 983141 101 983141 1073 1}
04-22 00:43:17.671 I/resolv  (  459): res_nmkquery: (QUERY, IN, AAAA)
04-22 00:43:17.672 I/resolv  (  459): resolv_cache_lookup: FOUND IN CACHE entry=0xb400007d0cedb390
04-22 00:43:17.672 I/resolv  (  459): doQuery: rcode=0, ancount=0, return value=117
04-22 00:43:17.672 I/resolv  (  459): res_nmkquery: (QUERY, IN, A)
04-22 00:43:17.672 I/resolv  (  459): resolv_cache_lookup: FOUND IN CACHE entry=0xb400007e7cecf350
04-22 00:43:17.672 I/resolv  (  459): doQuery: rcode=0, ancount=1, return value=63
04-22 00:43:17.857 I/bdee    ( 1652): (REDACTED) getHotwordActive::active query: %s, watch: %s, devices connected: %s
04-22 00:43:18.157 D/NetworkMonitor/101( 1052): PROBE_HTTP http://connectivitycheck.gstatic.com/generate_204 time=485ms ret=204 request={Connection=[close], User-Agent=[Mozilla/5.0 (X11; Linux x86_64) AppleWebKit/537.36 (KHTML, like Gecko) Chrome/60.0.3112.32 Safari/537.36]} headers={null=[HTTP/1.1 204 No Content], Connection=[close], Cross-Origin-Resource-Policy=[cross-origin], Date=[Tue, 21 Apr 2026 16:43:17 GMT], X-Android-Received-Millis=[1776789798156], X-Android-Response-Source=[NETWORK 204], X-Android-Selected-Protocol=[http/1.1], X-Android-Sent-Millis=[1776789797676]}
04-22 00:43:19.258 D/wpa_supplicant(  938): nl80211: Drv Event 64 (NL80211_CMD_NOTIFY_CQM) received for wlan0
04-22 00:43:19.258 D/wpa_supplicant(  938): nl80211: Beacon loss event
04-22 00:43:19.258 D/wpa_supplicant(  938): wlan0: Event BEACON_LOSS (53) received
04-22 00:43:19.258 I/wpa_supplicant(  938): wlan0: CTRL-EVENT-BEACON-LOSS 
04-22 00:43:19.475 W/BestClock(  683): java.time.DateTimeException: No network time available
04-22 00:43:19.475 W/BestClock(  683): java.time.DateTimeException: No network time available
04-22 00:43:19.475 W/BestClock(  683): java.time.DateTimeException: No network time available
04-22 00:43:19.475 W/BestClock(  683): java.time.DateTimeException: No network time available
04-22 00:43:19.475 W/BestClock(  683): java.time.DateTimeException: No network time available
04-22 00:43:19.483 D/WifiClientModeImpl[9769:wlan0](  683): updateLinkLayerStatsRssiSpeedFrequencyCapabilities rssi=-50 TxLinkspeed=1 freq=2447 RxLinkSpeed=2
04-22 00:43:19.483 D/WifiDataStall(  683): tx tput in kbps: 11000
04-22 00:43:19.483 D/WifiDataStall(  683): rx tput in kbps: 11000
04-22 00:43:19.483 V/WifiConfigManager(  683): Updating scan detail cache freq=2447 BSSID=00:13:10:85:fe:01 RSSI=-50 for "AndroidWifi"NONE
04-22 00:43:19.484 D/WifiThroughputPredictor(  683):  utilization (LLS) 80 isBluetoothConnected: false final utilization: 80
04-22 00:43:19.484 D/WifiThroughputPredictor(  683):  BW: 0 RSSI: -50 Nss: 1 Mode: 1 symDur: 4000 snrDb 30 bitPerTone: 4500 rate: 54 throughput: 11
04-22 00:43:19.484 D/WifiThroughputPredictor(  683):  utilization (LLS) 80 isBluetoothConnected: false final utilization: 80
04-22 00:43:19.484 D/WifiThroughputPredictor(  683):  BW: 0 RSSI: -50 Nss: 1 Mode: 1 symDur: 4000 snrDb 30 bitPerTone: 4500 rate: 54 throughput: 11
04-22 00:43:19.484 D/WifiThroughputPredictor(  683):  utilization (LLS) 80 isBluetoothConnected: false final utilization: 80
04-22 00:43:19.484 D/WifiThroughputPredictor(  683):  BW: 0 RSSI: -50 Nss: 1 Mode: 1 symDur: 4000 snrDb 30 bitPerTone: 4500 rate: 54 throughput: 11
04-22 00:43:19.484 D/WifiThroughputPredictor(  683):  utilization (LLS) 80 isBluetoothConnected: false final utilization: 80
04-22 00:43:19.484 D/WifiThroughputPredictor(  683):  BW: 0 RSSI: -50 Nss: 1 Mode: 1 symDur: 4000 snrDb 30 bitPerTone: 4500 rate: 54 throughput: 11
04-22 00:43:19.485 D/WifiScoreCard(  683): BSSID update SIGNAL_POLL ID: 261501600 SSID: "AndroidWifi", BSSID: 00:13:10:85:fe:01, MAC: 02:15:b4:00:00:00, IP: /10.0.2.17, Security type: 0, Supplicant state: COMPLETED, Wi-Fi standard: legacy, RSSI: -50, Link speed: 1Mbps, Tx Link speed: 1Mbps, Max Supported Tx Link speed: 11Mbps, Rx Link speed: 2Mbps, Max Supported Rx Link speed: 11Mbps, Frequency: 2447MHz, Net ID: 0, Metered hint: false, score: 60, isUsable: true, CarrierMerged: false, SubscriptionId: -1, IsPrimary: 1, Trusted: true, Restricted: false, Ephemeral: false, OEM paid: false, OEM private: false, OSU AP: false, FQDN: <none>, Provider friendly name: <none>, Requesting package name: <none>"AndroidWifi"openMLO Information: , Is TID-To-Link negotiation supported by the AP: false, AP MLD Address: <none>, AP MLO Link Id: <none>, AP MLO Affiliated links: <none>, Vendor Data: <none>
04-22 00:43:19.485 D/WifiScoreCard(  683): txRate: 2 txSpeed: 1
04-22 00:43:19.485 D/WifiScoreCard(  683): network update SIGNAL_POLL "AndroidWifi" ID: 579418950 RSSI -50 txSpeed -1
04-22 00:43:19.485 D/WifiClientModeImpl[9769:wlan0](  683):  ClientModeImpl$L2ConnectedState screen=on 1 0 "AndroidWifi" 00:13:10:85:fe:01 rssi=-50 f=2447 sc=60 link=1 tx=1.9, 0.0, 0.0 rx=1.7 bcn=0 [on:0 tx:0 rx:0 period:3014] from screen [on:0 period:-1326661059] score=60
04-22 00:43:20.661 I/resolv  (  459): GetAddrInfoHandler::run: {101 983141 101 983141 1073 1}
04-22 00:43:20.662 I/resolv  (  459): res_nmkquery: (QUERY, IN, A)
04-22 00:43:20.662 I/resolv  (  459): resolv_cache_lookup: FOUND IN CACHE entry=0xb400007d0ced7b50
04-22 00:43:20.662 I/resolv  (  459): res_nmkquery: (QUERY, IN, AAAA)
04-22 00:43:20.663 I/resolv  (  459): doQuery: rcode=0, ancount=4, return value=101
04-22 00:43:20.663 I/resolv  (  459): resolv_cache_lookup: FOUND IN CACHE entry=0xb400007d0ced8690
04-22 00:43:20.663 I/resolv  (  459): doQuery: rcode=0, ancount=4, return value=149
04-22 00:43:21.159 D/NetworkMonitor/101( 1052): PROBE_FALLBACK http://play.googleapis.com/generate_204 time=498ms ret=204 request={Connection=[close], User-Agent=[Mozilla/5.0 (X11; Linux x86_64) AppleWebKit/537.36 (KHTML, like Gecko) Chrome/60.0.3112.32 Safari/537.36]} headers={null=[HTTP/1.1 204 No Content], Connection=[close], Cross-Origin-Resource-Policy=[cross-origin], Date=[Tue, 21 Apr 2026 16:43:20 GMT], X-Android-Received-Millis=[1776789801158], X-Android-Response-Source=[NETWORK 204], X-Android-Selected-Protocol=[http/1.1], X-Android-Sent-Millis=[1776789800670]}
04-22 00:43:22.492 W/BestClock(  683): java.time.DateTimeException: No network time available
04-22 00:43:22.493 W/BestClock(  683): java.time.DateTimeException: No network time available
04-22 00:43:22.493 W/BestClock(  683): java.time.DateTimeException: No network time available
04-22 00:43:22.493 W/BestClock(  683): java.time.DateTimeException: No network time available
04-22 00:43:22.493 W/BestClock(  683): java.time.DateTimeException: No network time available
04-22 00:43:22.494 D/WifiClientModeImpl[9769:wlan0](  683): updateLinkLayerStatsRssiSpeedFrequencyCapabilities rssi=-50 TxLinkspeed=1 freq=2447 RxLinkSpeed=2
04-22 00:43:22.494 D/WifiDataStall(  683): tx tput in kbps: 11000
04-22 00:43:22.494 D/WifiDataStall(  683): rx tput in kbps: 11000
04-22 00:43:22.494 V/WifiConfigManager(  683): Updating scan detail cache freq=2447 BSSID=00:13:10:85:fe:01 RSSI=-50 for "AndroidWifi"NONE
04-22 00:43:22.494 D/WifiThroughputPredictor(  683):  utilization (LLS) 80 isBluetoothConnected: false final utilization: 80
04-22 00:43:22.494 D/WifiThroughputPredictor(  683):  BW: 0 RSSI: -50 Nss: 1 Mode: 1 symDur: 4000 snrDb 30 bitPerTone: 4500 rate: 54 throughput: 11
04-22 00:43:22.494 D/WifiThroughputPredictor(  683):  utilization (LLS) 80 isBluetoothConnected: false final utilization: 80
04-22 00:43:22.494 D/WifiThroughputPredictor(  683):  BW: 0 RSSI: -50 Nss: 1 Mode: 1 symDur: 4000 snrDb 30 bitPerTone: 4500 rate: 54 throughput: 11
04-22 00:43:22.494 D/WifiThroughputPredictor(  683):  utilization (LLS) 80 isBluetoothConnected: false final utilization: 80
04-22 00:43:22.494 D/WifiThroughputPredictor(  683):  BW: 0 RSSI: -50 Nss: 1 Mode: 1 symDur: 4000 snrDb 30 bitPerTone: 4500 rate: 54 throughput: 11
04-22 00:43:22.494 D/WifiThroughputPredictor(  683):  utilization (LLS) 80 isBluetoothConnected: false final utilization: 80
04-22 00:43:22.494 D/WifiThroughputPredictor(  683):  BW: 0 RSSI: -50 Nss: 1 Mode: 1 symDur: 4000 snrDb 30 bitPerTone: 4500 rate: 54 throughput: 11
04-22 00:43:22.494 D/WifiScoreCard(  683): BSSID update SIGNAL_POLL ID: 261501600 SSID: "AndroidWifi", BSSID: 00:13:10:85:fe:01, MAC: 02:15:b4:00:00:00, IP: /10.0.2.17, Security type: 0, Supplicant state: COMPLETED, Wi-Fi standard: legacy, RSSI: -50, Link speed: 1Mbps, Tx Link speed: 1Mbps, Max Supported Tx Link speed: 11Mbps, Rx Link speed: 2Mbps, Max Supported Rx Link speed: 11Mbps, Frequency: 2447MHz, Net ID: 0, Metered hint: false, score: 60, isUsable: true, CarrierMerged: false, SubscriptionId: -1, IsPrimary: 1, Trusted: true, Restricted: false, Ephemeral: false, OEM paid: false, OEM private: false, OSU AP: false, FQDN: <none>, Provider friendly name: <none>, Requesting package name: <none>"AndroidWifi"openMLO Information: , Is TID-To-Link negotiation supported by the AP: false, AP MLD Address: <none>, AP MLO Link Id: <none>, AP MLO Affiliated links: <none>, Vendor Data: <none>
04-22 00:43:22.494 D/WifiScoreCard(  683): txRate: 2 txSpeed: 1
04-22 00:43:22.494 D/WifiScoreCard(  683): network update SIGNAL_POLL "AndroidWifi" ID: 579418950 RSSI -50 txSpeed -1
04-22 00:43:22.494 D/WifiClientModeImpl[9769:wlan0](  683):  ClientModeImpl$L2ConnectedState screen=on 1 0 "AndroidWifi" 00:13:10:85:fe:01 rssi=-50 f=2447 sc=60 link=1 tx=1.7, 0.0, 0.0 rx=1.6 bcn=0 [on:0 tx:0 rx:0 period:3009] from screen [on:0 period:-1326658050] score=60
04-22 00:43:24.214 D/wpa_supplicant(  938): WNM: Send keep-alive to AP 00:13:10:85:fe:01
04-22 00:43:25.499 W/BestClock(  683): java.time.DateTimeException: No network time available
04-22 00:43:25.500 W/BestClock(  683): java.time.DateTimeException: No network time available
04-22 00:43:25.500 W/BestClock(  683): java.time.DateTimeException: No network time available
04-22 00:43:25.500 W/BestClock(  683): java.time.DateTimeException: No network time available
04-22 00:43:25.500 W/BestClock(  683): java.time.DateTimeException: No network time available
04-22 00:43:25.501 D/WifiClientModeImpl[9769:wlan0](  683): updateLinkLayerStatsRssiSpeedFrequencyCapabilities rssi=-50 TxLinkspeed=2 freq=2447 RxLinkSpeed=2
04-22 00:43:25.501 D/WifiDataStall(  683): tx tput in kbps: 11000
04-22 00:43:25.501 D/WifiDataStall(  683): rx tput in kbps: 11000
04-22 00:43:25.501 V/WifiConfigManager(  683): Updating scan detail cache freq=2447 BSSID=00:13:10:85:fe:01 RSSI=-50 for "AndroidWifi"NONE
04-22 00:43:25.501 D/WifiThroughputPredictor(  683):  utilization (LLS) 80 isBluetoothConnected: false final utilization: 80
04-22 00:43:25.501 D/WifiThroughputPredictor(  683):  BW: 0 RSSI: -50 Nss: 1 Mode: 1 symDur: 4000 snrDb 30 bitPerTone: 4500 rate: 54 throughput: 11
04-22 00:43:25.501 D/WifiThroughputPredictor(  683):  utilization (LLS) 80 isBluetoothConnected: false final utilization: 80
04-22 00:43:25.501 D/WifiThroughputPredictor(  683):  BW: 0 RSSI: -50 Nss: 1 Mode: 1 symDur: 4000 snrDb 30 bitPerTone: 4500 rate: 54 throughput: 11
04-22 00:43:25.502 D/WifiThroughputPredictor(  683):  utilization (LLS) 80 isBluetoothConnected: false final utilization: 80
04-22 00:43:25.502 D/WifiThroughputPredictor(  683):  BW: 0 RSSI: -50 Nss: 1 Mode: 1 symDur: 4000 snrDb 30 bitPerTone: 4500 rate: 54 throughput: 11
04-22 00:43:25.502 D/WifiThroughputPredictor(  683):  utilization (LLS) 80 isBluetoothConnected: false final utilization: 80
04-22 00:43:25.502 D/WifiThroughputPredictor(  683):  BW: 0 RSSI: -50 Nss: 1 Mode: 1 symDur: 4000 snrDb 30 bitPerTone: 4500 rate: 54 throughput: 11
