--------- beginning of system
04-22 02:32:24.047   519   549 I DropBoxManagerService: add tag=system_server_wtf isTagEnabled=true flags=0x2
04-22 02:32:24.049   519   549 I DropBoxManagerService: add tag=system_server_wtf isTagEnabled=true flags=0x2
--------- beginning of main
04-22 02:32:24.049  4339  4339 D BoundBrokerSvc: onUnbind: Intent { act=com.google.android.gms.common.BIND_SHARED_PREFS pkg=com.google.android.gms }
04-22 02:32:24.054  4339  4433 I Icing   : IndexChimeraService.getServiceInterface callingPackage=com.google.android.gms componentName=AppsCorpus serviceId=36
04-22 02:32:24.054 18182 18182 D nativeloader: Configuring classloader-namespace for other apk /system/framework/org.apache.http.legacy.jar. target_sdk_version=33, uses_libraries=ALL, library_path=/product/app/Drive/lib/arm64:/product/app/Drive/Drive.apk!/lib/arm64-v8a, permitted_path=/data:/mnt/expand:/data/user/0/com.google.android.apps.docs
04-22 02:32:24.054 18182 18182 D nativeloader: Configuring classloader-namespace for other apk /system_ext/framework/androidx.window.extensions.jar. target_sdk_version=33, uses_libraries=ALL, library_path=/product/app/Drive/lib/arm64:/product/app/Drive/Drive.apk!/lib/arm64-v8a, permitted_path=/data:/mnt/expand:/data/user/0/com.google.android.apps.docs
04-22 02:32:24.054 18182 18182 D nativeloader: Configuring classloader-namespace for other apk /system_ext/framework/androidx.window.sidecar.jar. target_sdk_version=33, uses_libraries=ALL, library_path=/product/app/Drive/lib/arm64:/product/app/Drive/Drive.apk!/lib/arm64-v8a, permitted_path=/data:/mnt/expand:/data/user/0/com.google.android.apps.docs
04-22 02:32:24.055 18182 18182 D nativeloader: Configuring vendor-classloader-namespace for unbundled product apk /product/app/Drive/Drive.apk. target_sdk_version=33, uses_libraries=, library_path=/product/app/Drive/lib/arm64:/product/app/Drive/Drive.apk!/lib/arm64-v8a:/product/lib64:/system/product/lib64, permitted_path=/data:/mnt/expand:/data/user/0/com.google.android.apps.docs:/product/lib64:/system/product/lib64
04-22 02:32:24.057  4339  4339 D BoundBrokerSvc: onBind: Intent { act=com.google.android.gms.feedback.internal.IFeedbackService dat=chimera-action:/... cmp=com.google.android.gms/.chimera.GmsBoundBrokerService }
04-22 02:32:24.057  4339  4339 D BoundBrokerSvc: Loading bound service for intent: Intent { act=com.google.android.gms.feedback.internal.IFeedbackService dat=chimera-action:/... cmp=com.google.android.gms/.chimera.GmsBoundBrokerService }
04-22 02:32:24.058 17706 17724 W .apps.wellbeing: Reducing the number of considered missed Gc histogram windows from 116 to 100
04-22 02:32:24.060   519   529 I system_server: Background concurrent copying GC freed 302995(14MB) AllocSpace objects, 34(952KB) LOS objects, 49% free, 22MB/45MB, paused 118us,56us total 116.496ms
04-22 02:32:24.072  1251  1251 D BoundBrokerSvc: onBind: Intent { act=com.google.android.gms.icing.LIGHTWEIGHT_INDEX_SERVICE dat=chimera-action:/... cmp=com.google.android.gms/.chimera.PersistentApiService }
04-22 02:32:24.072  1251  1251 D BoundBrokerSvc: Loading bound service for intent: Intent { act=com.google.android.gms.icing.LIGHTWEIGHT_INDEX_SERVICE dat=chimera-action:/... cmp=com.google.android.gms/.chimera.PersistentApiService }
04-22 02:32:24.076  4339  4415 I Icing   : Usage reports ok 1, Failed Usage reports 0, indexed 0, rejected 0
04-22 02:32:24.079  4339  4433 I Icing   : IndexChimeraService.getServiceInterface callingPackage=com.google.android.gms componentName=null serviceId=30
04-22 02:32:24.081 18182 18182 V GraphicsEnvironment: ANGLE Developer option for 'com.google.android.apps.docs' set to: 'default'
04-22 02:32:24.081 18182 18182 V GraphicsEnvironment: ANGLE GameManagerService for com.google.android.apps.docs: false
04-22 02:32:24.081 18182 18182 V GraphicsEnvironment: Neither updatable production driver nor prerelease driver is supported.
04-22 02:32:24.083 18182 18182 D NetworkSecurityConfig: Using Network Security Config from resource network_security_config debugBuild: false
04-22 02:32:24.085 18182 18182 D NetworkSecurityConfig: Using Network Security Config from resource network_security_config debugBuild: false
04-22 02:32:24.103   519  4251 D CompatibilityChangeReporter: Compat change id reported: 161145287; UID 10127; state: DISABLED
04-22 02:32:24.106  4339  4415 I Icing   : Usage reports ok 0, Failed Usage reports 0, indexed 0, rejected 0
04-22 02:32:24.114 18182 18232 W droid.apps.docs: Accessing hidden field Ljava/util/Collections$SynchronizedCollection;->mutex:Ljava/lang/Object; (max-target-o, reflection, denied)
04-22 02:32:24.115 18182 18232 W droid.apps.docs: Accessing hidden method Ljava/util/Collections$SynchronizedSet;-><init>(Ljava/util/Set;Ljava/lang/Object;)V (max-target-o, reflection, denied)
04-22 02:32:24.115 18182 18232 W droid.apps.docs: Accessing hidden method Ljava/util/Collections$SynchronizedCollection;-><init>(Ljava/util/Collection;Ljava/lang/Object;)V (max-target-o, reflection, denied)
04-22 02:32:24.117  4339  4415 I Icing   : Indexing com.google.android.gms-apps from com.google.android.gms
04-22 02:32:24.122  4339  4415 I Icing   : Indexing done com.google.android.gms-apps
04-22 02:32:24.125  1251  1251 D BoundBrokerSvc: onBind: Intent { act=com.google.android.gms.phenotype.service.START pkg=com.google.android.gms }
04-22 02:32:24.125  1251  1251 D BoundBrokerSvc: Loading bound service for intent: Intent { act=com.google.android.gms.phenotype.service.START pkg=com.google.android.gms }
04-22 02:32:24.130   519   571 E VerityUtils: Failed to measure fs-verity, errno 1: /data/app/~~hzLbRLv2vTaD3d7Lag0NwA==/com.impos2.mixcretailassemblyrn84-tYKXoYg2R0BcJzRjXwgEYA==/base.apk
04-22 02:32:24.135 18182 18231 D CompatibilityChangeReporter: Compat change id reported: 183155436; UID 10127; state: ENABLED
04-22 02:32:24.181 18182 18231 W dju     : Prepopulate model with accounts from the Android system
04-22 02:32:24.181 18182 18240 W NativeCrashHandlerImpl: unable to load native_crash_handler_jni
04-22 02:32:24.181 18182 18240 W NativeCrashHandlerImpl: java.lang.UnsatisfiedLinkError: dlopen failed: library "libnative_crash_handler_jni.so" not found
04-22 02:32:24.181 18182 18240 W NativeCrashHandlerImpl: 	at java.lang.Runtime.loadLibrary0(Runtime.java:1077)
04-22 02:32:24.181 18182 18240 W NativeCrashHandlerImpl: 	at java.lang.Runtime.loadLibrary0(Runtime.java:998)
04-22 02:32:24.181 18182 18240 W NativeCrashHandlerImpl: 	at java.lang.System.loadLibrary(System.java:1661)
04-22 02:32:24.181 18182 18240 W NativeCrashHandlerImpl: 	at com.google.android.libraries.performance.primes.metrics.crash.NativeCrashHandlerImpl.b(PG:2)
04-22 02:32:24.181 18182 18240 W NativeCrashHandlerImpl: 	at lht.run(Unknown Source:4)
04-22 02:32:24.181 18182 18240 W NativeCrashHandlerImpl: 	at java.lang.Thread.run(Thread.java:1012)
04-22 02:32:24.181 18182 18244 W dju     : fetchAndroidAccounts as system app.
04-22 02:32:24.183 18182 18244 W dju     : fetchAndroidAccounts completed.
04-22 02:32:24.185   519  1699 D PackageManager: Instant App installer not found with android.intent.action.INSTALL_INSTANT_APP_PACKAGE
04-22 02:32:24.185   519  1699 D PackageManager: Clear ephemeral installer activity
04-22 02:32:24.189 18182 18231 W FieldDefinition: Ignoring isIndexed constraint as field also has uniqueness constraint (on just this field, and therefore SQLite will have to create an index on that. For field: dtt$a@350217a [CONTEXT ratelimit_period="1 MINUTES" ]
04-22 02:32:24.207 18182 18244 E CelloDelayUploadFixer: Cleanup delay upload complete [CONTEXT ratelimit_period="1 MINUTES" ]
04-22 02:32:24.216  1251  3728 I FontLog : Received query Noto Color Emoji Compat, URI content://com.google.android.gms.fonts [CONTEXT service_id=132 ]
04-22 02:32:24.216  1251  3728 I FontLog : Query [Noto Color Emoji Compat] resolved to {Noto Color Emoji Compat, wdth 100.0, wght 400, ital 0.0, bestEffort false} [CONTEXT service_id=132 ]
04-22 02:32:24.217  1251  3728 I FontLog : Fetch {Noto Color Emoji Compat, wdth 100.0, wght 400, ital 0.0, bestEffort false} end status Status{statusCode=SUCCESS, resolution=null} [CONTEXT service_id=132 ]
04-22 02:32:24.218  1251  3728 I FontLog : Pulling font file for id = 110, cache size = 6 [CONTEXT service_id=132 ]
04-22 02:32:24.220  1251  2496 I FontLog : Pulling font file for id = 110, cache size = 6 [CONTEXT service_id=132 ]
04-22 02:32:24.225 17498 18170 I ProvidersCache: Provider returned no roots. Possibly naughty: com.google.android.apps.docs.storage
04-22 02:32:24.235  1251  2334 W VerdictProvider: response is invalid [3] [CONTEXT service_id=257 ]
04-22 02:32:24.246   293 18265 I resolv  : GetAddrInfoHandler::run: {100 786532 100 983140 10116 0}
04-22 02:32:24.247   293 18266 I resolv  : res_nmkquery: (QUERY, IN, AAAA)
04-22 02:32:24.248   293 18267 I resolv  : res_nmkquery: (QUERY, IN, A)
04-22 02:32:24.261   293 18266 I resolv  : res_tls_send: TLS query result: 0
04-22 02:32:24.261   293 18267 I resolv  : res_tls_send: TLS query result: 0
04-22 02:32:24.261   293 18267 I resolv  : doQuery: rcode=0, ancount=8, return value=175
04-22 02:32:24.261   293 18266 I resolv  : doQuery: rcode=0, ancount=4, return value=159
04-22 02:32:24.262 12431 12474 D TrafficStats: tagSocket(5) with statsTag=0x1803, statsUid=10116
04-22 02:32:24.498 12431 12474 D TrafficStats: tagSocket(58) with statsTag=0x1803, statsUid=10116
04-22 02:32:24.564 12431 12474 D TrafficStats: tagSocket(81) with statsTag=0x1803, statsUid=10116
04-22 02:32:24.812 12431 12474 D TrafficStats: tagSocket(100) with statsTag=0x1803, statsUid=10116
04-22 02:32:25.006  1043  1728 D EGL_emulation: app_time_stats: avg=148.62ms min=9.95ms max=841.59ms count=11
04-22 02:32:25.188   519   600 D CompatibilityChangeReporter: Compat change id reported: 218533173; UID 10127; state: ENABLED
04-22 02:32:25.190 17530 17566 I PermissionControllerServiceImpl: Updating user sensitive for uid 10127
04-22 02:32:25.191   519   610 I RoleService: Granting default roles...
04-22 02:32:25.191   790   790 V MediaPlayerList: mPackageChangedBroadcastReceiver: action: android.intent.action.PACKAGE_CHANGED
04-22 02:32:25.192   790   790 D MediaPlayerList: Name of package changed: com.google.android.apps.docs
04-22 02:32:25.192   519   548 E system_server: No package ID 7f found for ID 0x7f080292.
04-22 02:32:25.192   519   548 E system_server: No package ID 7f found for ID 0x7f130588.
04-22 02:32:25.192   519   548 E system_server: No package ID 7f found for ID 0x7f130588.
04-22 02:32:25.192   519   519 I Telecom : DefaultDialerCache: Refreshing default dialer for user 0: now com.google.android.dialer: DDC.oR@AXU
04-22 02:32:25.193   519   548 E system_server: No package ID 7f found for ID 0x7f08028e.
04-22 02:32:25.193   519   548 E system_server: No package ID 7f found for ID 0x7f130586.
04-22 02:32:25.193   519   548 E system_server: No package ID 7f found for ID 0x7f130586.
04-22 02:32:25.193   519   548 E system_server: No package ID 7f found for ID 0x7f080290.
04-22 02:32:25.193   519   548 E system_server: No package ID 7f found for ID 0x7f130587.
04-22 02:32:25.193   519   548 E system_server: No package ID 7f found for ID 0x7f130587.
04-22 02:32:25.193   519   548 W ShortcutService: Invalid tag 'capability' found at depth 2
04-22 02:32:25.193   519   548 E ShortcutService: Ignoring excessive intent tag.
04-22 02:32:25.193   519   548 W ShortcutService: Invalid tag 'parameter' found at depth 4
04-22 02:32:25.193   519   548 W ShortcutService: Invalid tag 'capability' found at depth 2
04-22 02:32:25.193   519   548 W ShortcutService: Invalid tag 'slice' found at depth 3
04-22 02:32:25.193   519   548 W ShortcutService: Invalid tag 'url-template' found at depth 4
04-22 02:32:25.193   519   620 I InputReader: Reconfiguring input devices, changes=KEYBOARD_LAYOUTS | 
04-22 02:32:25.194   728   728 D ControlsListingControllerImpl: ServiceConfig reloaded, count: 0
04-22 02:32:25.198 12822 12852 I Bugle   : BroadcastReceiverAsyncWorkTracker: Acknowledging broadcast of atsi@d01cc97
04-22 02:32:25.201   519   548 D AppWidgetServiceImpl: Provider info from ComponentInfo{com.google.android.apps.docs/com.google.android.apps.docs.drive.widget.suggestion.SuggestionAppWidgetProvider} won't be persisted.
04-22 02:32:25.201   519   548 D AppWidgetServiceImpl: Provider info from ComponentInfo{com.google.android.apps.docs/com.google.android.apps.docs.drive.widget.CakemixAppWidgetProvider} won't be persisted.
04-22 02:32:25.203   886   886 D CarrierSvcBindHelper: onPackageModified: com.google.android.apps.docs
04-22 02:32:25.203   886   886 D CarrierSvcBindHelper: No carrier app for: 0
04-22 02:32:25.203  1251 18186 I Fitness : OnPackageChangedOperation got intent: Intent { act=android.intent.action.PACKAGE_CHANGED dat=package: flg=0x45000010 pkg=com.google.android.gms cmp=com.google.android.gms/.chimera.PersistentIntentOperationService (has extras) } [CONTEXT service_id=17 ]
04-22 02:32:25.205   519   598 D CompatibilityChangeReporter: Compat change id reported: 161252188; UID 10127; state: DISABLED
04-22 02:32:25.211 17498 18274 I ProvidersCache: Provider returned no roots. Possibly naughty: com.google.android.apps.docs.storage
04-22 02:32:25.211   886   886 D ImsResolver: maybeAddedImsService, packageName: com.google.android.apps.docs
04-22 02:32:25.216  4339  4416 I Icing   : Indexing com.google.android.gms-apps from com.google.android.gms
04-22 02:32:25.220  1251 18187 I Fitness : FitCleanupIntentOperation received Intent android.intent.action.PACKAGE_CHANGED [CONTEXT service_id=17 ]
04-22 02:32:25.222 17530 18278 W Role    : Default holder doesn't have required signing certificate: com.google.android.apps.work.clouddpc:23962F4B43B9857638EA66F4D419518EAE282491ACDA4B94707BD59003C45E58
04-22 02:32:25.223  1251  1339 W ChimeraUtils: Module com.google.android.gms.nearby_en missing resource null(0)
04-22 02:32:25.224  1251  1251 D BoundBrokerSvc: onBind: Intent { act=com.google.android.gms.scheduler.ACTION_PROXY_SCHEDULE dat=chimera-action:/... cmp=com.google.android.gms/.chimera.PersistentApiService }
04-22 02:32:25.224  1251  1251 D BoundBrokerSvc: Loading bound service for intent: Intent { act=com.google.android.gms.scheduler.ACTION_PROXY_SCHEDULE dat=chimera-action:/... cmp=com.google.android.gms/.chimera.PersistentApiService }
04-22 02:32:25.225  1251  1339 W ChimeraUtils: Module com.google.android.gms.nearby_en missing resource null(0)
04-22 02:32:25.229  4339  4416 I Icing   : Indexing done com.google.android.gms-apps
04-22 02:32:25.253 17530 17559 W ssioncontroller: Reducing the number of considered missed Gc histogram windows from 114 to 100
04-22 02:32:25.471  1921  2210 W A       : #getSuggestions failed
04-22 02:32:25.471  1921  2210 W A       : com.google.common.w.a.dy: Timed out: com.google.common.w.a.h@c661f8[status=PENDING, setFuture=[com.google.common.w.a.h@42176d1[status=PENDING, setFuture=[com.google.common.w.a.h@b197536[status=PENDING, info=[inputFuture=[com.google.common.w.a.h@9518c37[status=PENDING, info=[inputFuture=[kotlinx.coroutines.d.b@9fba5a4[status=PENDING, delegate=[com.google.common.w.a.ds@d75af0d[status=PENDING]]]], function=[propagating=[com.google.android.apps.search.googleapp.search.suggest.sources.a.an@77faec2]]]]], function=[propagating=[com.google.android.apps.search.googleapp.search.suggest.sources.a.bl@4a8b4d3]]]]]]]]
04-22 02:32:25.472  1043 18121 E OneSearchSuggestProvider: Unable to get suggestions from AGA
04-22 02:32:25.472  1043 18121 E OneSearchSuggestProvider: io.grpc.StatusRuntimeException: UNKNOWN
04-22 02:32:25.472  1043 18121 E OneSearchSuggestProvider: 	at k2.c.o(Unknown Source:72)
04-22 02:32:25.472  1043 18121 E OneSearchSuggestProvider: 	at io.grpc.internal.l.b(Unknown Source:32)
04-22 02:32:25.472  1043 18121 E OneSearchSuggestProvider: 	at io.grpc.internal.l.a(Unknown Source:14)
04-22 02:32:25.472  1043 18121 E OneSearchSuggestProvider: 	at io.grpc.internal.x.run(Unknown Source:6)
04-22 02:32:25.472  1043 18121 E OneSearchSuggestProvider: 	at io.grpc.internal.H1.run(Unknown Source:16)
04-22 02:32:25.472  1043 18121 E OneSearchSuggestProvider: 	at java.util.concurrent.ThreadPoolExecutor.runWorker(ThreadPoolExecutor.java:1137)
04-22 02:32:25.472  1043 18121 E OneSearchSuggestProvider: 	at java.util.concurrent.ThreadPoolExecutor$Worker.run(ThreadPoolExecutor.java:637)
04-22 02:32:25.472  1043 18121 E OneSearchSuggestProvider: 	at java.lang.Thread.run(Thread.java:1012)
04-22 02:32:26.024  1043  1728 D EGL_emulation: app_time_stats: avg=509.00ms min=250.75ms max=767.26ms count=2
04-22 02:32:26.050   519   549 W BroadcastQueue: Background execution not allowed: receiving Intent { act=android.intent.action.DROPBOX_ENTRY_ADDED flg=0x10 (has extras) } to com.google.android.gms/.stats.service.DropBoxEntryAddedReceiver
04-22 02:32:26.050   519   549 W BroadcastQueue: Background execution not allowed: receiving Intent { act=android.intent.action.DROPBOX_ENTRY_ADDED flg=0x10 (has extras) } to com.google.android.gms/.chimera.GmsIntentOperationService$PersistentTrustedReceiver
04-22 02:32:27.181 18182 18241 W DynamiteModule: Local module descriptor class for com.google.android.gms.providerinstaller.dynamite not found.
04-22 02:32:27.182  1251  2427 W ProviderHelper: Unknown dynamite feature providerinstaller.dynamite
04-22 02:32:27.183 18182 18241 W ProviderInstaller: Failed to load providerinstaller module: No acceptable module com.google.android.gms.providerinstaller.dynamite found. Local version is 0 and remote version is 0.
04-22 02:32:27.186 18182 18241 D nativeloader: Configuring classloader-namespace for other apk /system/framework/com.android.media.remotedisplay.jar. target_sdk_version=33, uses_libraries=ALL, library_path=/product/priv-app/PrebuiltGmsCore/lib/arm64:/product/priv-app/PrebuiltGmsCore/PrebuiltGmsCore.apk!/lib/arm64-v8a, permitted_path=/data:/mnt/expand:/data/user/0/com.google.android.gms
04-22 02:32:27.187 18182 18241 D nativeloader: Configuring classloader-namespace for other apk /system/framework/com.android.location.provider.jar. target_sdk_version=33, uses_libraries=ALL, library_path=/product/priv-app/PrebuiltGmsCore/lib/arm64:/product/priv-app/PrebuiltGmsCore/PrebuiltGmsCore.apk!/lib/arm64-v8a, permitted_path=/data:/mnt/expand:/data/user/0/com.google.android.gms
04-22 02:32:27.188 18182 18241 D nativeloader: Configuring vendor-classloader-namespace for unbundled product apk /product/priv-app/PrebuiltGmsCore/PrebuiltGmsCore.apk. target_sdk_version=33, uses_libraries=, library_path=/product/priv-app/PrebuiltGmsCore/lib/arm64:/product/priv-app/PrebuiltGmsCore/PrebuiltGmsCore.apk!/lib/arm64-v8a:/product/lib64:/system/product/lib64, permitted_path=/data:/mnt/expand:/data/user/0/com.google.android.gms:/product/lib64:/system/product/lib64
04-22 02:32:27.193 18182 18241 V NativeCrypto: Registering com/google/android/gms/org/conscrypt/NativeCrypto's 295 native methods...
04-22 02:32:27.197 18182 18241 I ProviderInstaller: Installed default security provider GmsCore_OpenSSL
04-22 02:32:28.024  1043  1728 D EGL_emulation: app_time_stats: avg=999.84ms min=983.06ms max=1016.61ms count=2
04-22 02:32:30.033  1043  1728 D EGL_emulation: app_time_stats: avg=1004.29ms min=983.11ms max=1025.47ms count=2
04-22 02:32:32.027  1043  1728 D EGL_emulation: app_time_stats: avg=997.14ms min=973.08ms max=1021.20ms count=2
04-22 02:32:33.031  1043  1728 D EGL_emulation: app_time_stats: avg=1004.07ms min=1004.07ms max=1004.07ms count=1
04-22 02:32:33.863   171 18104 I keystore2: keystore2::watchdog: Watchdog thread idle -> terminating. Have a great day.
04-22 02:32:34.230 17498 17498 I ProvidersCache: Updating roots due to change on user 0at content://com.google.android.apps.docs.storage/root
04-22 02:32:34.240 17498 18291 I ProvidersCache: Provider returned no roots. Possibly naughty: com.google.android.apps.docs.storage
04-22 02:32:35.029  1043  1728 D EGL_emulation: app_time_stats: avg=998.65ms min=992.88ms max=1004.42ms count=2
04-22 02:32:36.029  1043  1728 D EGL_emulation: app_time_stats: avg=1000.46ms min=1000.46ms max=1000.46ms count=1
04-22 02:32:38.031  1043  1728 D EGL_emulation: app_time_stats: avg=1000.38ms min=997.65ms max=1003.11ms count=2
04-22 02:32:38.542  4339  4339 D BoundBrokerSvc: onUnbind: Intent { act=com.google.android.gms.checkin.START pkg=com.google.android.gms }
04-22 02:32:39.086  4339  4339 D BoundBrokerSvc: onUnbind: Intent { act=com.google.android.gms.feedback.internal.IFeedbackService dat=chimera-action:/... cmp=com.google.android.gms/.chimera.GmsBoundBrokerService }
04-22 02:32:39.106  1251  1251 D BoundBrokerSvc: onUnbind: Intent { act=com.google.android.gms.icing.LIGHTWEIGHT_INDEX_SERVICE dat=chimera-action:/... cmp=com.google.android.gms/.chimera.PersistentApiService }
04-22 02:32:40.027  1043  1728 D EGL_emulation: app_time_stats: avg=997.81ms min=976.45ms max=1019.17ms count=2
04-22 02:32:40.232  1251  1251 D BoundBrokerSvc: onUnbind: Intent { act=com.google.android.gms.scheduler.ACTION_PROXY_SCHEDULE dat=chimera-action:/... cmp=com.google.android.gms/.chimera.PersistentApiService }
04-22 02:32:41.031  1043  1728 D EGL_emulation: app_time_stats: avg=1003.99ms min=1003.99ms max=1003.99ms count=1
04-22 02:32:43.030  1043  1728 D EGL_emulation: app_time_stats: avg=999.44ms min=997.33ms max=1001.54ms count=2
04-22 02:32:44.031  1043  1728 D EGL_emulation: app_time_stats: avg=1001.27ms min=1001.27ms max=1001.27ms count=1
04-22 02:32:46.027  1043  1728 D EGL_emulation: app_time_stats: avg=998.20ms min=978.53ms max=1017.87ms count=2
04-22 02:32:46.220  1251  1251 D BoundBrokerSvc: onUnbind: Intent { act=com.google.android.gms.phenotype.service.START pkg=com.google.android.gms }
04-22 02:32:46.416   519  2290 I ActivityTaskManager: START u0 {flg=0x10000000 cmp=com.impos2.mixcretailassemblyrn84/.MainActivity} from uid 2000
04-22 02:32:46.418   519  2290 D CompatibilityChangeReporter: Compat change id reported: 184838306; UID 10175; state: DISABLED
04-22 02:32:46.418   519  2290 D CompatibilityChangeReporter: Compat change id reported: 185004937; UID 10175; state: DISABLED
04-22 02:32:46.419   519  2290 D CompatibilityChangeReporter: Compat change id reported: 205907456; UID 10175; state: ENABLED
04-22 02:32:46.423   728   946 D SplashScreenView: Build android.window.SplashScreenView{81c024c V.E...... ......ID 0,0-0,0}
04-22 02:32:46.423   728   946 D SplashScreenView: Icon: view: android.widget.ImageView{f685295 V.ED..... ......I. 0,0-0,0 #10204dd android:id/splashscreen_icon_view} drawable: com.android.wm.shell.startingsurface.SplashscreenIconDrawableFactory$ImmobileIconDrawable@cd2bfaa size: 384
04-22 02:32:46.423   728   946 D SplashScreenView: Branding: view: android.view.View{39d979b G.ED..... ......I. 0,0-0,0 #10204dc android:id/splashscreen_branding_view} drawable: null size w: 0 h: 0
04-22 02:32:46.423   728   955 W Parcel  : Expecting binder but got null!
04-22 02:32:46.423   519   541 D CompatibilityChangeReporter: Compat change id reported: 135634846; UID 10175; state: DISABLED
04-22 02:32:46.423   519   541 D CompatibilityChangeReporter: Compat change id reported: 177438394; UID 10175; state: DISABLED
04-22 02:32:46.423   519   541 D CompatibilityChangeReporter: Compat change id reported: 135772972; UID 10175; state: DISABLED
04-22 02:32:46.423   519   541 D CompatibilityChangeReporter: Compat change id reported: 135754954; UID 10175; state: ENABLED
04-22 02:32:46.425   519   550 D CompatibilityChangeReporter: Compat change id reported: 143937733; UID 10175; state: ENABLED
04-22 02:32:46.426   519  3779 D CoreBackPreview: Window{6f1b550 u0 Splash Screen com.impos2.mixcretailassemblyrn84}: Setting back callback OnBackInvokedCallbackInfo{mCallback=android.window.IOnBackInvokedCallback$Stub$Proxy@920196f, mPriority=0}
04-22 02:32:46.426  1043  1043 D MainContentCaptureSession: Flushing 1 event(s) for act:com.google.android.apps.nexuslauncher/.NexusLauncherActivity [state=2 (ACTIVE), disabled=false], reason=FULL
04-22 02:32:46.427   294   294 D Zygote  : Forked child process 18298
04-22 02:32:46.428   519   550 I ActivityManager: Start proc 18298:com.impos2.mixcretailassemblyrn84/u0a175 for next-top-activity {com.impos2.mixcretailassemblyrn84/com.impos2.mixcretailassemblyrn84.MainActivity}
04-22 02:32:46.432   519  4252 W Binder  : Caught a RuntimeException from the binder stub implementation.
04-22 02:32:46.432   519  4252 W Binder  : java.lang.ArrayIndexOutOfBoundsException: Array index out of range: 0
04-22 02:32:46.432   519  4252 W Binder  : 	at android.util.ArraySet.valueAt(ArraySet.java:422)
04-22 02:32:46.432   519  4252 W Binder  : 	at com.android.server.contentcapture.ContentCapturePerUserService$ContentCaptureServiceRemoteCallback.updateContentCaptureOptions(ContentCapturePerUserService.java:733)
04-22 02:32:46.432   519  4252 W Binder  : 	at com.android.server.contentcapture.ContentCapturePerUserService$ContentCaptureServiceRemoteCallback.setContentCaptureWhitelist(ContentCapturePerUserService.java:646)
04-22 02:32:46.432   519  4252 W Binder  : 	at android.service.contentcapture.IContentCaptureServiceCallback$Stub.onTransact(IContentCaptureServiceCallback.java:115)
04-22 02:32:46.432   519  4252 W Binder  : 	at android.os.Binder.execTransactInternal(Binder.java:1285)
04-22 02:32:46.432   519  4252 W Binder  : 	at android.os.Binder.execTransact(Binder.java:1244)
04-22 02:32:46.432 18298 18298 I ailassemblyrn84: Using CollectorTypeCC GC.
04-22 02:32:46.439   382   431 I adbd    : jdwp connection from 18298
04-22 02:32:46.442   728   955 E OpenGLRenderer: Unable to match the desired swap behavior.
04-22 02:32:46.443   382   382 E adbd    : failed to connect to socket 'tcp:18584': Connection refused
04-22 02:32:46.444 18298 18298 D CompatibilityChangeReporter: Compat change id reported: 171979766; UID 10175; state: ENABLED
04-22 02:32:46.448  1921  1921 I BgTaskExecutorImpl: (REDACTED) Starting %s background task %s.
04-22 02:32:46.450  1921 18141 I NetworkRecognitionRnr: Using pair HTTP connection
04-22 02:32:46.451 18298 18298 D nativeloader: Configuring classloader-namespace for other apk /data/app/~~hzLbRLv2vTaD3d7Lag0NwA==/com.impos2.mixcretailassemblyrn84-tYKXoYg2R0BcJzRjXwgEYA==/base.apk. target_sdk_version=36, uses_libraries=, library_path=/data/app/~~hzLbRLv2vTaD3d7Lag0NwA==/com.impos2.mixcretailassemblyrn84-tYKXoYg2R0BcJzRjXwgEYA==/lib/arm64:/data/app/~~hzLbRLv2vTaD3d7Lag0NwA==/com.impos2.mixcretailassemblyrn84-tYKXoYg2R0BcJzRjXwgEYA==/base.apk!/lib/arm64-v8a, permitted_path=/data:/mnt/expand:/data/user/0/com.impos2.mixcretailassemblyrn84
04-22 02:32:46.451  1921 18139 I A       : [Upload] Connected
04-22 02:32:46.454  1043  1043 D b/260135164: updateIconAlphaForHome - setIconsAlpha(0), isTaskbarPresent: true
04-22 02:32:46.459  1043  1728 D EGL_emulation: app_time_stats: avg=1433.16ms min=1.39ms max=22296.82ms count=16
04-22 02:32:46.459  1921 18139 I NetworkRecognitionRnr: Using pair HTTP connection
04-22 02:32:46.459  1921  1921 E A       : onError
04-22 02:32:46.459  1921  1921 E A       : com.google.android.apps.gsa.shared.speech.a.m: errorCode: 65561, engine: 2
04-22 02:32:46.459  1921  1921 E A       : 	at com.google.android.apps.gsa.staticplugins.da.a.f.a(PG:3)
04-22 02:32:46.459  1921  1921 E A       : 	at com.google.android.apps.gsa.s3.o.gO(PG:1)
04-22 02:32:46.459  1921  1921 E A       : 	at com.google.cc.g.a.f.e(PG:2)
04-22 02:32:46.459  1921  1921 E A       : 	at com.google.android.apps.gsa.speech.k.a.g.d(PG:22)
04-22 02:32:46.459  1921  1921 E A       : 	at com.google.android.apps.gsa.speech.k.a.g.jB(PG:6)
04-22 02:32:46.459  1921  1921 E A       : 	at com.google.android.apps.gsa.s3.p.c(PG:14)
04-22 02:32:46.459  1921  1921 E A       : 	at com.google.android.apps.gsa.s3.q.run(PG:1)
04-22 02:32:46.459  1921  1921 E A       : 	at java.util.concurrent.Executors$RunnableAdapter.call(Executors.java:463)
04-22 02:32:46.459  1921  1921 E A       : 	at java.util.concurrent.FutureTask.run(FutureTask.java:264)
04-22 02:32:46.459  1921  1921 E A       : 	at com.google.android.apps.gsa.shared.util.c.a.e.run(PG:2)
04-22 02:32:46.459  1921  1921 E A       : 	at com.google.android.apps.gsa.shared.util.c.a.bi.run(PG:1)
04-22 02:32:46.459  1921  1921 E A       : 	at com.google.android.apps.gsa.shared.util.c.a.bi.run(PG:1)
04-22 02:32:46.459  1921  1921 E A       : 	at java.util.concurrent.ThreadPoolExecutor.runWorker(ThreadPoolExecutor.java:1137)
04-22 02:32:46.459  1921  1921 E A       : 	at java.util.concurrent.ThreadPoolExecutor$Worker.run(ThreadPoolExecutor.java:637)
04-22 02:32:46.459  1921  1921 E A       : 	at java.lang.Thread.run(Thread.java:1012)
04-22 02:32:46.459  1921  1921 E A       : 	at com.google.android.apps.gsa.shared.util.c.a.l.run(PG:5)
04-22 02:32:46.459  1921  1921 E A       : Caused by: com.google.android.apps.gsa.shared.speech.a.o: errorCode: 65586, engine: 2
04-22 02:32:46.459  1921  1921 E A       : 	... 15 more
04-22 02:32:46.459  1921  1921 E A       : Caused by: com.google.android.apps.gsa.shared.speech.a.k: errorCode: 401, engine: 2
04-22 02:32:46.459  1921  1921 E A       : 	at com.google.android.apps.gsa.assistant.shared.n.h.a(PG:5)
04-22 02:32:46.459  1921  1921 E A       : 	at com.google.android.apps.gsa.s3.producers.j.hh(PG:2)
04-22 02:32:46.459  1921  1921 E A       : 	at com.google.android.apps.gsa.speech.k.a.g.d(PG:16)
04-22 02:32:46.459  1921  1921 E A       : 	... 12 more
04-22 02:32:46.462  1921 18123 I A       : [Upload] Connected
04-22 02:32:46.462  1921  2222 W A       : (REDACTED) Failed to get connectivityLock in %d ms
04-22 02:32:46.462  1921  1921 W A       : Failed to sync device settings.
04-22 02:32:46.462  1921  1921 I A       : Retrying to sync device settings.
04-22 02:32:46.463  1921  2222 W CronetNetworkRqstWrppr: Upload request without a content type.
04-22 02:32:46.465   519  4252 W JobScheduler: Job didn't exist in JobStore: d0d3c47 #u0a120/-353 com.google.android.googlequicksearchbox/com.google.android.apps.gsa.tasks.BackgroundTasksJobService
04-22 02:32:46.470  1043  1043 D b/260135164: updateIconAlphaForHome - setIconsAlpha(0), isTaskbarPresent: true
04-22 02:32:46.487  1043  1043 D b/260135164: updateIconAlphaForHome - setIconsAlpha(0), isTaskbarPresent: true
04-22 02:32:46.490 18298 18298 V GraphicsEnvironment: ANGLE Developer option for 'com.impos2.mixcretailassemblyrn84' set to: 'default'
04-22 02:32:46.491 18298 18298 V GraphicsEnvironment: ANGLE GameManagerService for com.impos2.mixcretailassemblyrn84: false
04-22 02:32:46.491 18298 18298 V GraphicsEnvironment: Neither updatable production driver nor prerelease driver is supported.
04-22 02:32:46.492 18298 18298 D NetworkSecurityConfig: Using Network Security Config from resource network_security_config debugBuild: false
04-22 02:32:46.492 18298 18298 D NetworkSecurityConfig: Using Network Security Config from resource network_security_config debugBuild: false
04-22 02:32:46.498 18298 18298 W SoLoader: Initializing SoLoader: 0
04-22 02:32:46.498 18298 18298 W SoLoader: Recording new base apk path: /data/app/~~hzLbRLv2vTaD3d7Lag0NwA==/com.impos2.mixcretailassemblyrn84-tYKXoYg2R0BcJzRjXwgEYA==/base.apk
04-22 02:32:46.498 18298 18298 W SoLoader: Previously recorded 0 base apk paths.
04-22 02:32:46.498 18298 18298 I SoLoader: Preparing SO source: DirectorySoSource[root = /vendor/lib64 flags = 2]
04-22 02:32:46.498 18298 18298 I SoLoader: Preparing SO source: DirectorySoSource[root = /system/lib64 flags = 2]
04-22 02:32:46.498 18298 18298 I SoLoader: Preparing SO source: DirectApkSoSource[root = [/data/app/~~hzLbRLv2vTaD3d7Lag0NwA==/com.impos2.mixcretailassemblyrn84-tYKXoYg2R0BcJzRjXwgEYA==/base.apk!/lib/arm64-v8a]]
04-22 02:32:46.499 18298 18298 I SoLoader: Preparing SO source: ApplicationSoSource[DirectorySoSource[root = /data/app/~~hzLbRLv2vTaD3d7Lag0NwA==/com.impos2.mixcretailassemblyrn84-tYKXoYg2R0BcJzRjXwgEYA==/lib/arm64 flags = 0]]
04-22 02:32:46.499 18298 18298 I SoLoader: init finish: 4 SO sources prepared
04-22 02:32:46.499 18298 18298 W SoLoader: SoLoader initialized: 8
04-22 02:32:46.503  1043  1043 D b/260135164: updateIconAlphaForHome - setIconsAlpha(0), isTaskbarPresent: true
04-22 02:32:46.505 18298 18298 D jni_lib_merge: Entering merged library JNI_OnLoad.
04-22 02:32:46.505 18298 18298 D jni_lib_merge: Preparing 12 pre-merged libs (including stub)
04-22 02:32:46.505 18298 18298 D jni_lib_merge: Preparing to register libfabricjni_so.  onload_func: 0x735a098a50
04-22 02:32:46.505 18298 18298 D jni_lib_merge: Preparing to register libreact_devsupportjni_so.  onload_func: 0x735a15c36c
04-22 02:32:46.505 18298 18298 D jni_lib_merge: Preparing to register libreact_featureflagsjni_so.  onload_func: 0x735a176ba8
04-22 02:32:46.505 18298 18298 D jni_lib_merge: Preparing to register libreact_newarchdefaults_so.  onload_func: 0x735a1b4d74
04-22 02:32:46.505 18298 18298 D jni_lib_merge: Preparing to register libreactnativeblob_so.  onload_func: 0x735a255a4c
04-22 02:32:46.505 18298 18298 D jni_lib_merge: Preparing to register libreactnativejni_so.  onload_func: 0x735a26a9e4
04-22 02:32:46.505 18298 18298 D jni_lib_merge: Preparing to register libreactnativejni_common_so.  onload_func: 0x735a26dbe0
04-22 02:32:46.505 18298 18298 D jni_lib_merge: Preparing to register librninstance_so.  onload_func: 0x735a28a778
04-22 02:32:46.505 18298 18298 D jni_lib_merge: Preparing to register libturbomodulejsijni_so.  onload_func: 0x735a3340e0
04-22 02:32:46.505 18298 18298 D jni_lib_merge: Preparing to register libuimanagerjni_so.  onload_func: 0x735a33ab00
04-22 02:32:46.505 18298 18298 D jni_lib_merge: Preparing to register libyoga_so.  onload_func: 0x735a3420c4
04-22 02:32:46.505 18298 18298 D jni_lib_merge: About to register 11 actual methods.
04-22 02:32:46.507 18298 18298 D jni_lib_merge: Entering merged library JNI_OnLoad.
04-22 02:32:46.507 18298 18298 D jni_lib_merge: Preparing 12 pre-merged libs (including stub)
04-22 02:32:46.507 18298 18298 D jni_lib_merge: Preparing to register libfabricjni_so.  onload_func: 0x735a098a50
04-22 02:32:46.507 18298 18298 D jni_lib_merge: Preparing to register libreact_devsupportjni_so.  onload_func: 0x735a15c36c
04-22 02:32:46.507 18298 18298 D jni_lib_merge: Preparing to register libreact_featureflagsjni_so.  onload_func: 0x735a176ba8
04-22 02:32:46.507 18298 18298 D jni_lib_merge: Preparing to register libreact_newarchdefaults_so.  onload_func: 0x735a1b4d74
04-22 02:32:46.507 18298 18298 D jni_lib_merge: Preparing to register libreactnativeblob_so.  onload_func: 0x735a255a4c
04-22 02:32:46.507 18298 18298 D jni_lib_merge: Preparing to register libreactnativejni_so.  onload_func: 0x735a26a9e4
04-22 02:32:46.507 18298 18298 D jni_lib_merge: Preparing to register libreactnativejni_common_so.  onload_func: 0x735a26dbe0
04-22 02:32:46.507 18298 18298 D jni_lib_merge: Preparing to register librninstance_so.  onload_func: 0x735a28a778
04-22 02:32:46.507 18298 18298 D jni_lib_merge: Preparing to register libturbomodulejsijni_so.  onload_func: 0x735a3340e0
04-22 02:32:46.507 18298 18298 D jni_lib_merge: Preparing to register libuimanagerjni_so.  onload_func: 0x735a33ab00
04-22 02:32:46.507 18298 18298 D jni_lib_merge: Preparing to register libyoga_so.  onload_func: 0x735a3420c4
04-22 02:32:46.507 18298 18298 D jni_lib_merge: About to register 11 actual methods.
04-22 02:32:46.512 18298 18298 D AppCompatDelegate: Checking for metadata for AppLocalesMetadataHolderService : Service not found
04-22 02:32:46.514 18298 18321 D libEGL  : loaded /vendor/lib64/egl/libEGL_emulation.so
04-22 02:32:46.515 18298 18321 D libEGL  : loaded /vendor/lib64/egl/libGLESv1_CM_emulation.so
04-22 02:32:46.516 18298 18321 D libEGL  : loaded /vendor/lib64/egl/libGLESv2_emulation.so
04-22 02:32:46.520  1043  1043 D b/260135164: updateIconAlphaForHome - setIconsAlpha(0), isTaskbarPresent: true
04-22 02:32:46.524 18298 18298 I StartupAudit: activity_created activity=MainActivity displayIndex=0 pid=18298 time=2026-04-22 02:32:46.523
04-22 02:32:46.534 18298 18298 D jni_lib_merge: Entering merged library JNI_OnLoad.
04-22 02:32:46.534 18298 18298 D jni_lib_merge: Preparing 4 pre-merged libs (including stub)
04-22 02:32:46.534 18298 18298 D jni_lib_merge: Preparing to register libhermes_executor_so.  onload_func: 0x7359ca5728
04-22 02:32:46.534 18298 18298 D jni_lib_merge: Preparing to register libhermesinstancejni_so.  onload_func: 0x7359cacd44
04-22 02:32:46.534 18298 18298 D jni_lib_merge: Preparing to register libjsijniprofiler_so.  onload_func: 0x7359cad530
04-22 02:32:46.534 18298 18298 D jni_lib_merge: About to register 3 actual methods.
04-22 02:32:46.536 18298 18298 I HotUpdateBundleResolver: no_active_marker isPrimaryProcess=true pid=18298
04-22 02:32:46.536 18298 18298 I MainApplication: getJSBundleFile process=com.impos2.mixcretailassemblyrn84 isPrimaryProcess=true resolvedBundle=null fallbackBundle=null selectedBundle=null
04-22 02:32:46.536  1043  1043 D b/260135164: updateIconAlphaForHome - setIconsAlpha(0), isTaskbarPresent: true
04-22 02:32:46.544 18298 18298 W unknown:BridgelessReact: ReactHost{0}.startSurface(surfaceId = 0): Schedule
04-22 02:32:46.544 18298 18298 W unknown:BridgelessReact: ReactHost{0}.attachSurface(surfaceId = 0)
04-22 02:32:46.544 18298 18327 W unknown:BridgelessReact: ReactHost{0}.getOrCreateReactInstanceTask()
04-22 02:32:46.545 18298 18327 W unknown:BridgelessReact: ReactHost{0}.getOrCreateReactInstanceTask(): Start
04-22 02:32:46.545 18298 18327 W unknown:BridgelessReact: ReactHost{0}.getJSBundleLoader()
04-22 02:32:46.545 18298 18327 W unknown:BridgelessReact: ReactHost{0}.getOrCreateReactInstanceTask(): Creating BridgelessReactContext
04-22 02:32:46.545 18298 18327 W unknown:BridgelessReact: ReactHost{0}.getOrCreateReactInstanceTask(): Creating ReactInstance
04-22 02:32:46.547   519  2290 D CompatibilityChangeReporter: Compat change id reported: 161145287; UID 10175; state: DISABLED
04-22 02:32:46.551 18298 18298 W unknown:BridgelessReact: ReactHost{0}.onHostResume(activity)
04-22 02:32:46.551 18298 18298 W unknown:BridgelessReact: ReactHost{0}.ReactContext.onHostResume()
04-22 02:32:46.553 18298 18298 D CompatibilityChangeReporter: Compat change id reported: 237531167; UID 10175; state: DISABLED
04-22 02:32:46.554  1043  1043 D b/260135164: updateIconAlphaForHome - setIconsAlpha(0), isTaskbarPresent: true
04-22 02:32:46.559 18298 18319 W Parcel  : Expecting binder but got null!
04-22 02:32:46.563   519  2290 D CoreBackPreview: Window{de5e886 u0 com.impos2.mixcretailassemblyrn84/com.impos2.mixcretailassemblyrn84.MainActivity}: Setting back callback OnBackInvokedCallbackInfo{mCallback=android.window.IOnBackInvokedCallback$Stub$Proxy@5d51174, mPriority=0}
04-22 02:32:46.567 18298 18327 W unknown:BridgelessReact: ReactHost{0}.getOrCreateReactInstanceTask(): Loading JS Bundle
04-22 02:32:46.567 18298 18327 W unknown:BridgelessReact: ReactHost{0}.getOrCreateReactInstanceTask(): DevSupportManager.onNewReactContextCreated()
04-22 02:32:46.567 18298 18327 W unknown:BridgelessReact: ReactHost{0}.startSurface(surfaceId = 0): Execute
04-22 02:32:46.571  1043  1043 D b/260135164: updateIconAlphaForHome - setIconsAlpha(0), isTaskbarPresent: true
04-22 02:32:46.572 18298 18328 I ReactNativeJS: Running "MixcRetailAssemblyRN84"
04-22 02:32:46.573 18298 18328 W unknown:ViewManagerPropertyUpdater: Could not find generated setter for class com.horcrux.svg.RenderableViewManager$DefsViewManager
04-22 02:32:46.574 18298 18328 W unknown:ViewManagerPropertyUpdater: Could not find generated setter for class com.horcrux.svg.VirtualViewManager$c
04-22 02:32:46.574 18298 18328 W unknown:ViewManagerPropertyUpdater: Could not find generated setter for class com.horcrux.svg.RenderableViewManager$FeMergeManager
04-22 02:32:46.576 18298 18328 W unknown:ViewManagerPropertyUpdater: Could not find generated setter for class com.facebook.react.views.safeareaview.ReactSafeAreaViewManager
04-22 02:32:46.576 18298 18328 W unknown:ViewManagerPropertyUpdater: Could not find generated setter for class com.facebook.react.uimanager.V
04-22 02:32:46.576   728   955 D EGL_emulation: app_time_stats: avg=46539.60ms min=46539.60ms max=46539.60ms count=1
04-22 02:32:46.577 18298 18328 W unknown:ViewManagerPropertyUpdater: Could not find generated setter for class com.horcrux.svg.RenderableViewManager$LinearGradientManager
04-22 02:32:46.578 18298 18328 W unknown:ViewManagerPropertyUpdater: Could not find generated setter for class com.horcrux.svg.RenderableViewManager$FeGaussianBlurManager
04-22 02:32:46.579 18298 18328 W unknown:ViewManagerPropertyUpdater: Could not find generated setter for class com.facebook.react.views.progressbar.ReactProgressBarViewManager
04-22 02:32:46.582 18298 18328 W unknown:ViewManagerPropertyUpdater: Could not find generated setter for class com.facebook.react.views.progressbar.b
04-22 02:32:46.583 18298 18319 D HostConnection: HostComposition ext ANDROID_EMU_CHECKSUM_HELPER_v1 ANDROID_EMU_native_sync_v2 ANDROID_EMU_native_sync_v3 ANDROID_EMU_native_sync_v4 ANDROID_EMU_dma_v1 ANDROID_EMU_direct_mem ANDROID_EMU_host_composition_v1 ANDROID_EMU_host_composition_v2 ANDROID_EMU_vulkan ANDROID_EMU_deferred_vulkan_commands ANDROID_EMU_vulkan_null_optional_strings ANDROID_EMU_vulkan_create_resources_with_requirements ANDROID_EMU_YUV_Cache ANDROID_EMU_vulkan_ignored_handles ANDROID_EMU_has_shared_slots_host_memory_allocator ANDROID_EMU_vulkan_free_memory_sync ANDROID_EMU_vulkan_shader_float16_int8 ANDROID_EMU_vulkan_async_queue_submit ANDROID_EMU_vulkan_queue_submit_with_commands ANDROID_EMU_sync_buffer_data ANDROID_EMU_vulkan_async_qsri ANDROID_EMU_read_color_buffer_dma ANDROID_EMU_hwc_multi_configs ANDROID_EMU_hwc_color_transform GL_OES_EGL_image_external_essl3 GL_OES_vertex_array_object ANDROID_EMU_host_side_tracing ANDROID_EMU_gles_max_version_3_0 
04-22 02:32:46.585 18298 18328 W unknown:ViewManagerPropertyUpdater: Could not find generated setter for class com.facebook.react.views.scroll.ReactHorizontalScrollViewManager
04-22 02:32:46.587   335   435 W TransactionTracing: Could not find layer handle 0xb400006eb98b6130
04-22 02:32:46.587   335   435 W TransactionTracing: Could not find layer handle 0xb400006eb98b3c10
04-22 02:32:46.588 18298 18328 W unknown:ViewManagerPropertyUpdater: Could not find generated setter for class com.facebook.react.views.text.ReactTextViewManager
04-22 02:32:46.589  1043  1043 D b/260135164: updateIconAlphaForHome - setIconsAlpha(0), isTaskbarPresent: true
04-22 02:32:46.590 18298 18328 W unknown:ViewManagerPropertyUpdater: Could not find generated setter for class com.facebook.react.views.text.j
04-22 02:32:46.592 18298 18328 W unknown:ViewManagerPropertyUpdater: Could not find generated setter for class com.horcrux.svg.RenderableViewManager$FeColorMatrixManager
04-22 02:32:46.592 18298 18328 W unknown:ViewManagerPropertyUpdater: Could not find generated setter for class com.facebook.react.views.scroll.ReactHorizontalScrollContainerViewManager
04-22 02:32:46.594 18298 18328 W unknown:ViewManagerPropertyUpdater: Could not find generated setter for class com.horcrux.svg.RenderableViewManager$ClipPathViewManager
04-22 02:32:46.595 18298 18328 W unknown:ViewManagerPropertyUpdater: Could not find generated setter for class com.horcrux.svg.RenderableViewManager$SymbolManager
04-22 02:32:46.596 18298 18319 W OpenGLRenderer: Failed to choose config with EGL_SWAP_BEHAVIOR_PRESERVED, retrying without...
04-22 02:32:46.596 18298 18319 W OpenGLRenderer: Failed to initialize 101010-2 format, error = EGL_SUCCESS
04-22 02:32:46.597 18298 18319 D EGL_emulation: eglCreateContext: 0xb400007465968d90: maj 3 min 0 rcv 3
04-22 02:32:46.598 18298 18328 W unknown:ViewManagerPropertyUpdater: Could not find generated setter for class com.horcrux.svg.RenderableViewManager$PatternManager
04-22 02:32:46.598 18298 18319 D EGL_emulation: eglMakeCurrent: 0xb400007465968d90: ver 3 0 (tinfo 0x7682667080) (first time)
04-22 02:32:46.599 18298 18328 W unknown:ViewManagerPropertyUpdater: Could not find generated setter for class com.horcrux.svg.RenderableViewManager$FeBlendManager
04-22 02:32:46.600 18298 18328 W unknown:ViewManagerPropertyUpdater: Could not find generated setter for class com.facebook.react.views.view.ReactViewManager
04-22 02:32:46.602 18298 18328 W unknown:ViewManagerPropertyUpdater: Could not find generated setter for class com.horcrux.svg.SvgViewManager
04-22 02:32:46.603  1043  1043 D b/260135164: updateIconAlphaForHome - setIconsAlpha(0), isTaskbarPresent: true
04-22 02:32:46.606 18298 18328 W unknown:ViewManagerPropertyUpdater: Could not find generated setter for class com.facebook.react.views.switchview.ReactSwitchManager
04-22 02:32:46.607 18298 18328 W unknown:ViewManagerPropertyUpdater: Could not find generated setter for class com.facebook.react.views.switchview.d
04-22 02:32:46.609 18298 18328 W unknown:ViewManagerPropertyUpdater: Could not find generated setter for class com.horcrux.svg.RenderableViewManager$UseViewManager
04-22 02:32:46.610   149   149 I hwservicemanager: getTransport: Cannot find entry android.hardware.graphics.mapper@4.0::IMapper/default in either framework or device VINTF manifest.
04-22 02:32:46.610 18298 18319 I Gralloc4: mapper 4.x is not supported
04-22 02:32:46.610 18298 18328 W unknown:ViewManagerPropertyUpdater: Could not find generated setter for class com.horcrux.svg.RenderableViewManager$CircleViewManager
04-22 02:32:46.612 18298 18328 W unknown:ViewManagerPropertyUpdater: Could not find generated setter for class com.horcrux.svg.RenderableViewManager$TSpanViewManager
04-22 02:32:46.612   149   149 I hwservicemanager: getTransport: Cannot find entry android.hardware.graphics.allocator@4.0::IAllocator/default in either framework or device VINTF manifest.
04-22 02:32:46.613   148   148 I servicemanager: Could not find android.hardware.graphics.allocator.IAllocator/default in the VINTF manifest.
04-22 02:32:46.613 18298 18319 W Gralloc4: allocator 4.x is not supported
04-22 02:32:46.614 18298 18328 W unknown:ViewManagerPropertyUpdater: Could not find generated setter for class com.horcrux.svg.RenderableViewManager$FilterManager
04-22 02:32:46.616 18298 18328 W unknown:ViewManagerPropertyUpdater: Could not find generated setter for class com.horcrux.svg.RenderableViewManager$MarkerManager
04-22 02:32:46.617 18298 18319 D HostConnection: HostComposition ext ANDROID_EMU_CHECKSUM_HELPER_v1 ANDROID_EMU_native_sync_v2 ANDROID_EMU_native_sync_v3 ANDROID_EMU_native_sync_v4 ANDROID_EMU_dma_v1 ANDROID_EMU_direct_mem ANDROID_EMU_host_composition_v1 ANDROID_EMU_host_composition_v2 ANDROID_EMU_vulkan ANDROID_EMU_deferred_vulkan_commands ANDROID_EMU_vulkan_null_optional_strings ANDROID_EMU_vulkan_create_resources_with_requirements ANDROID_EMU_YUV_Cache ANDROID_EMU_vulkan_ignored_handles ANDROID_EMU_has_shared_slots_host_memory_allocator ANDROID_EMU_vulkan_free_memory_sync ANDROID_EMU_vulkan_shader_float16_int8 ANDROID_EMU_vulkan_async_queue_submit ANDROID_EMU_vulkan_queue_submit_with_commands ANDROID_EMU_sync_buffer_data ANDROID_EMU_vulkan_async_qsri ANDROID_EMU_read_color_buffer_dma ANDROID_EMU_hwc_multi_configs ANDROID_EMU_hwc_color_transform GL_OES_EGL_image_external_essl3 GL_OES_vertex_array_object ANDROID_EMU_host_side_tracing ANDROID_EMU_gles_max_version_3_0 
04-22 02:32:46.617 18298 18328 W unknown:ViewManagerPropertyUpdater: Could not find generated setter for class com.facebook.react.views.modal.ReactModalHostManager
04-22 02:32:46.618 18298 18319 E OpenGLRenderer: Unable to match the desired swap behavior.
04-22 02:32:46.619 18298 18328 W unknown:ViewManagerPropertyUpdater: Could not find generated setter for class com.horcrux.svg.RenderableViewManager$ForeignObjectManager
04-22 02:32:46.620  1043  1043 D b/260135164: updateIconAlphaForHome - setIconsAlpha(0), isTaskbarPresent: true
04-22 02:32:46.622 18298 18328 W unknown:ViewManagerPropertyUpdater: Could not find generated setter for class com.horcrux.svg.RenderableViewManager$EllipseViewManager
04-22 02:32:46.624 18298 18328 W unknown:ViewManagerPropertyUpdater: Could not find generated setter for class com.horcrux.svg.RenderableViewManager$LineViewManager
04-22 02:32:46.626 18298 18328 W unknown:ViewManagerPropertyUpdater: Could not find generated setter for class com.facebook.react.views.text.frescosupport.FrescoBasedReactTextInlineImageViewManager
04-22 02:32:46.626 18298 18328 W unknown:ViewManagerPropertyUpdater: Could not find generated setter for class com.facebook.react.views.text.frescosupport.a
04-22 02:32:46.627 18298 18328 W unknown:ViewManagerPropertyUpdater: Could not find generated setter for class com.horcrux.svg.RenderableViewManager$FeFloodManager
04-22 02:32:46.628 18298 18328 W unknown:ViewManagerPropertyUpdater: Could not find generated setter for class com.horcrux.svg.RenderableViewManager$GroupViewManager
04-22 02:32:46.629 18298 18328 W unknown:ViewManagerPropertyUpdater: Could not find generated setter for class com.horcrux.svg.RenderableViewManager$TextViewManager
04-22 02:32:46.630 18298 18328 W unknown:ViewManagerPropertyUpdater: Could not find generated setter for class com.horcrux.svg.RenderableViewManager$ImageViewManager
04-22 02:32:46.633 18298 18328 W unknown:ViewManagerPropertyUpdater: Could not find generated setter for class com.horcrux.svg.RenderableViewManager$FeCompositeManager
04-22 02:32:46.634 18298 18298 D CompatibilityChangeReporter: Compat change id reported: 210923482; UID 10175; state: ENABLED
04-22 02:32:46.635   519   538 I ActivityTaskManager: Displayed com.impos2.mixcretailassemblyrn84/.MainActivity: +218ms
04-22 02:32:46.635 18298 18328 W unknown:ViewManagerPropertyUpdater: Could not find generated setter for class com.facebook.react.views.image.ReactImageManager
04-22 02:32:46.637  1043  1043 D b/260135164: updateIconAlphaForHome - setIconsAlpha(0), isTaskbarPresent: true
04-22 02:32:46.639 18298 18298 W unknown:BridgelessReact: ReactHost{0}.ReactContext.onHostResume()
