04-22 02:32:46.783 18298 18329 I assembly.android.mixc-retail-rn84.boot: {"stage":"runtime.start:done","displayIndex":0,"displayCount":1}
04-22 02:32:46.783 18298 18329 D TrafficStats: tagSocket(111) with statsTag=0xffffffff, statsUid=-1
04-22 02:32:46.784 18298 18329 I assembly.assembly.android.mixc-retail-rn84: [assembly.topology] Native topology host already matches desired lifecycle state {"displayCount":1,"displayIndex":0,"deviceId":"6Z2H3BSGEY","instanceMode":"MASTER","enableSlave":false,"running":false,"reason":"not-master-or-single-primary-host"}
04-22 02:32:46.786 18298 18329 I assembly.android.mixc-retail-rn84.boot: {"stage":"automation.host:start","displayIndex":0,"displayCount":1,"target":"primary","host":"127.0.0.1","port":18584,"generation":"automation-host-2-21823477618030"}
04-22 02:32:46.787  1043  1043 D b/260135164: updateIconAlphaForHome - setIconsAlpha(0), isTaskbarPresent: true
04-22 02:32:46.788   335   435 W TransactionTracing: Could not find layer handle 0xb400006eb98b1b70
04-22 02:32:46.788   335   435 W TransactionTracing: Could not find layer handle 0xb400006eb98b7750
04-22 02:32:46.791 18298 18329 I MMKV    : <MMKV_IO.cpp:609::writeActualSize> [mixc-retail-assembly-rn84::state] increase sequence to 6, crc 1990258757, actualSize 22020
04-22 02:32:46.791 18298 18329 I MMKV    : <MMKV.cpp:1208::sync> MMKV::sync, SyncFlag = 1
04-22 02:32:46.803  1043  1043 D b/260135164: updateIconAlphaForHome - setIconsAlpha(0), isTaskbarPresent: true
04-22 02:32:46.805 18298 18329 I MMKV    : <MMKV_IO.cpp:609::writeActualSize> [mixc-retail-assembly-rn84::state] increase sequence to 7, crc 240828068, actualSize 22020
04-22 02:32:46.805 18298 18329 I MMKV    : <MMKV.cpp:1208::sync> MMKV::sync, SyncFlag = 1
04-22 02:32:46.807 18298 18329 I assembly.android.mixc-retail-rn84.boot: {"stage":"app-load-complete:start","displayIndex":0}
04-22 02:32:46.808 18298 18329 I StartupAudit: app_load_complete displayIndex=0 pid=18298 time=2026-04-22 02:32:46.808
04-22 02:32:46.808 18298 18329 I StartupAudit: secondary_launch_scheduled pid=18298 time=2026-04-22 02:32:46.808
04-22 02:32:46.812 18298 18329 I MMKV    : <MMKV_IO.cpp:609::writeActualSize> [mixc-retail-assembly-rn84::state] increase sequence to 8, crc 930843195, actualSize 22020
04-22 02:32:46.812 18298 18329 I MMKV    : <MMKV.cpp:1208::sync> MMKV::sync, SyncFlag = 1
04-22 02:32:46.816 18298 18329 I MMKV    : <MMKV_IO.cpp:609::writeActualSize> [mixc-retail-assembly-rn84::state] increase sequence to 9, crc 298565477, actualSize 22020
04-22 02:32:46.816 18298 18329 I MMKV    : <MMKV.cpp:1208::sync> MMKV::sync, SyncFlag = 1
04-22 02:32:46.818 18298 18329 I assembly.android.mixc-retail-rn84.boot: {"stage":"app-load-complete:done","displayIndex":0}
04-22 02:32:46.820  1043  1043 D b/260135164: updateIconAlphaForHome - setIconsAlpha(0), isTaskbarPresent: true
04-22 02:32:46.820 18298 18329 I MMKV    : <MMKV_IO.cpp:609::writeActualSize> [mixc-retail-assembly-rn84::state] increase sequence to 10, crc 3097152669, actualSize 22020
04-22 02:32:46.820 18298 18329 I MMKV    : <MMKV.cpp:1208::sync> MMKV::sync, SyncFlag = 1
04-22 02:32:46.832 18298 18329 I MMKV    : <MMKV_IO.cpp:609::writeActualSize> [mixc-retail-assembly-rn84::state] increase sequence to 11, crc 945486823, actualSize 22020
04-22 02:32:46.832 18298 18329 I MMKV    : <MMKV.cpp:1208::sync> MMKV::sync, SyncFlag = 1
04-22 02:32:46.837  1043  1043 D b/260135164: updateIconAlphaForHome - setIconsAlpha(0), isTaskbarPresent: true
04-22 02:32:46.841 18298 18329 I MMKV    : <MMKV_IO.cpp:609::writeActualSize> [mixc-retail-assembly-rn84::state] increase sequence to 12, crc 1376336276, actualSize 22020
04-22 02:32:46.841 18298 18329 I MMKV    : <MMKV.cpp:1208::sync> MMKV::sync, SyncFlag = 1
04-22 02:32:46.847 18298 18329 I MMKV    : <MMKV_IO.cpp:609::writeActualSize> [mixc-retail-assembly-rn84::state] increase sequence to 13, crc 4198121128, actualSize 22020
04-22 02:32:46.847 18298 18329 I MMKV    : <MMKV.cpp:1208::sync> MMKV::sync, SyncFlag = 1
04-22 02:32:46.852 18298 18329 I MMKV    : <MMKV_IO.cpp:609::writeActualSize> [mixc-retail-assembly-rn84::state] increase sequence to 14, crc 3222348628, actualSize 22020
04-22 02:32:46.852 18298 18329 I MMKV    : <MMKV.cpp:1208::sync> MMKV::sync, SyncFlag = 1
04-22 02:32:46.854   335   435 W TransactionTracing: Could not find layer id -1
04-22 02:32:46.854   335   435 W TransactionTracing: Could not find layer id -1
04-22 02:32:46.854  1043  1043 D b/260135164: updateIconAlphaForHome - setIconsAlpha(0), isTaskbarPresent: true
04-22 02:32:46.860 18298 18329 I MMKV    : <MMKV_IO.cpp:609::writeActualSize> [mixc-retail-assembly-rn84::state] increase sequence to 15, crc 616343683, actualSize 22020
04-22 02:32:46.860 18298 18329 I MMKV    : <MMKV.cpp:1208::sync> MMKV::sync, SyncFlag = 1
04-22 02:32:46.866 18298 18329 I MMKV    : <MMKV_IO.cpp:609::writeActualSize> [mixc-retail-assembly-rn84::state] increase sequence to 16, crc 3148829847, actualSize 22020
04-22 02:32:46.866 18298 18329 I MMKV    : <MMKV.cpp:1208::sync> MMKV::sync, SyncFlag = 1
04-22 02:32:46.870  1043  1043 D b/260135164: updateIconAlphaForHome - setIconsAlpha(0), isTaskbarPresent: true
04-22 02:32:46.872 18298 18329 I MMKV    : <MMKV_IO.cpp:609::writeActualSize> [mixc-retail-assembly-rn84::state] increase sequence to 17, crc 2946767566, actualSize 22020
04-22 02:32:46.872 18298 18329 I MMKV    : <MMKV.cpp:1208::sync> MMKV::sync, SyncFlag = 1
04-22 02:32:46.878 18298 18329 I MMKV    : <MMKV_IO.cpp:609::writeActualSize> [mixc-retail-assembly-rn84::state] increase sequence to 18, crc 1069815331, actualSize 22020
04-22 02:32:46.878 18298 18329 I MMKV    : <MMKV.cpp:1208::sync> MMKV::sync, SyncFlag = 1
04-22 02:32:46.883 18298 18329 I MMKV    : <MMKV_IO.cpp:609::writeActualSize> [mixc-retail-assembly-rn84::state] increase sequence to 19, crc 103582302, actualSize 22020
04-22 02:32:46.883 18298 18329 I MMKV    : <MMKV.cpp:1208::sync> MMKV::sync, SyncFlag = 1
04-22 02:32:46.887  1043  1043 D b/260135164: updateIconAlphaForHome - setIconsAlpha(0), isTaskbarPresent: true
04-22 02:32:46.892 18298 18329 I MMKV    : <MMKV_IO.cpp:609::writeActualSize> [mixc-retail-assembly-rn84::state] increase sequence to 20, crc 4036419449, actualSize 22020
04-22 02:32:46.892 18298 18329 I MMKV    : <MMKV.cpp:1208::sync> MMKV::sync, SyncFlag = 1
04-22 02:32:46.898 18298 18329 I MMKV    : <MMKV_IO.cpp:609::writeActualSize> [mixc-retail-assembly-rn84::state] increase sequence to 21, crc 3249362462, actualSize 22020
04-22 02:32:46.898 18298 18329 I MMKV    : <MMKV.cpp:1208::sync> MMKV::sync, SyncFlag = 1
04-22 02:32:46.903  1043  1043 D b/260135164: updateIconAlphaForHome - setIconsAlpha(0), isTaskbarPresent: true
04-22 02:32:46.904 18298 18329 I MMKV    : <MMKV_IO.cpp:609::writeActualSize> [mixc-retail-assembly-rn84::state] increase sequence to 22, crc 1476399001, actualSize 22020
04-22 02:32:46.904 18298 18329 I MMKV    : <MMKV.cpp:1208::sync> MMKV::sync, SyncFlag = 1
04-22 02:32:46.911 18298 18329 I MMKV    : <MMKV_IO.cpp:609::writeActualSize> [mixc-retail-assembly-rn84::state] increase sequence to 23, crc 3620351401, actualSize 22020
04-22 02:32:46.911 18298 18329 I MMKV    : <MMKV.cpp:1208::sync> MMKV::sync, SyncFlag = 1
04-22 02:32:46.919 18298 18329 I MMKV    : <MMKV_IO.cpp:609::writeActualSize> [mixc-retail-assembly-rn84::state] increase sequence to 24, crc 1164317405, actualSize 22020
04-22 02:32:46.919 18298 18329 I MMKV    : <MMKV.cpp:1208::sync> MMKV::sync, SyncFlag = 1
04-22 02:32:46.921  1043  1043 D b/260135164: updateIconAlphaForHome - setIconsAlpha(0), isTaskbarPresent: true
04-22 02:32:46.928 18298 18329 I MMKV    : <MMKV_IO.cpp:609::writeActualSize> [mixc-retail-assembly-rn84::state] increase sequence to 25, crc 338458554, actualSize 22020
04-22 02:32:46.928 18298 18329 I MMKV    : <MMKV.cpp:1208::sync> MMKV::sync, SyncFlag = 1
04-22 02:32:46.934 18298 18329 I MMKV    : <MMKV_IO.cpp:609::writeActualSize> [mixc-retail-assembly-rn84::state] increase sequence to 26, crc 114010255, actualSize 22020
04-22 02:32:46.934 18298 18329 I MMKV    : <MMKV.cpp:1208::sync> MMKV::sync, SyncFlag = 1
04-22 02:32:46.936  1043  1043 D b/260135164: updateIconAlphaForHome - setIconsAlpha(0), isTaskbarPresent: true
04-22 02:32:46.938   335   435 W TransactionTracing: Could not find layer id -1
04-22 02:32:46.938   335   435 W TransactionTracing: Could not find layer id -1
04-22 02:32:46.943 18298 18329 I MMKV    : <MMKV_IO.cpp:609::writeActualSize> [mixc-retail-assembly-rn84::state] increase sequence to 27, crc 2299612461, actualSize 22020
04-22 02:32:46.943 18298 18329 I MMKV    : <MMKV.cpp:1208::sync> MMKV::sync, SyncFlag = 1
04-22 02:32:46.954  1043  1043 D b/260135164: updateIconAlphaForHome - setIconsAlpha(0), isTaskbarPresent: true
04-22 02:32:46.970  1043  1043 D b/260135164: updateIconAlphaForHome - setIconsAlpha(0), isTaskbarPresent: true
04-22 02:32:46.987  1043  1043 D b/260135164: updateIconAlphaForHome - setIconsAlpha(0), isTaskbarPresent: true
04-22 02:32:46.990   519  3779 D CoreBackPreview: Window{6f1b550 u0 Splash Screen com.impos2.mixcretailassemblyrn84 EXITING}: Setting back callback null
04-22 02:32:46.990   519  4605 W InputManager-JNI: Input channel object '6f1b550 Splash Screen com.impos2.mixcretailassemblyrn84 (client)' was disposed without first being removed with the input manager!
04-22 02:32:47.003  1043  1043 D b/260135164: updateIconAlphaForHome - setIconsAlpha(0), isTaskbarPresent: true
04-22 02:32:47.021  1043  1043 D b/260135164: updateIconAlphaForHome - setIconsAlpha(0), isTaskbarPresent: true
04-22 02:32:47.037  1043  1043 D b/260135164: updateIconAlphaForHome - setIconsAlpha(0), isTaskbarPresent: true
04-22 02:32:47.040  1043  1728 E OpenGLRenderer: Unable to match the desired swap behavior.
04-22 02:32:47.055   790  1086 D BtGatt.ScanManager: uid 10116 isForeground true scanMode -1
04-22 02:32:47.056  1251  1643 I FontLog : Received query Noto Color Emoji Compat, URI content://com.google.android.gms.fonts [CONTEXT service_id=132 ]
04-22 02:32:47.056  1251  1643 I FontLog : Query [emojicompat-emoji-font] resolved to {Noto Color Emoji Compat, wdth 100.0, wght 400, ital 0.0, bestEffort false} [CONTEXT service_id=132 ]
04-22 02:32:47.057  1251  1643 I FontLog : Fetch {Noto Color Emoji Compat, wdth 100.0, wght 400, ital 0.0, bestEffort false} end status Status{statusCode=SUCCESS, resolution=null} [CONTEXT service_id=132 ]
04-22 02:32:47.058  1251  1643 I FontLog : Pulling font file for id = 111, cache size = 7 [CONTEXT service_id=132 ]
04-22 02:32:47.060  1251  1643 I FontLog : Pulling font file for id = 111, cache size = 7 [CONTEXT service_id=132 ]
04-22 02:32:47.170   335   435 W TransactionTracing: Could not find layer handle 0xb400006eb98b4bd0
04-22 02:32:47.171   335   435 W TransactionTracing: Could not find layer handle 0xb400006eb98b1b10
04-22 02:32:47.171   335   435 W TransactionTracing: Could not find layer handle 0xb400006eb98b48d0
04-22 02:32:47.171   335   435 W TransactionTracing: Could not find layer handle 0xb400006eb98b48d0
04-22 02:32:47.171   335   435 W TransactionTracing: Could not find layer handle 0xb400006eb98b1b10
04-22 02:32:48.355 18298 18319 D EGL_emulation: app_time_stats: avg=246.40ms min=35.68ms max=1431.81ms count=7
04-22 02:32:51.799  1921  1960 W earchbox:search: Reducing the number of considered missed Gc histogram windows from 835 to 100
04-22 02:32:51.803  1921  2214 V ClearcutMetricXmitter: Transmission is done.
04-22 02:32:51.803  1921  2214 V ClearcutMetricXmitter: Transmission is done.
04-22 02:32:52.122 18298 18358 D ProfileInstaller: Installing profile for com.impos2.mixcretailassemblyrn84
04-22 02:32:53.088   790  1086 D BtGatt.ScanManager: uid 10116 isForeground true scanMode -1
04-22 02:33:00.008  1598  1881 I AiAiEcho: Predicting[0]: 
04-22 02:33:00.008  1598  1881 I AiAiEcho: Ranked targets strategy: SORT, count: 0, ranking metadata: 
04-22 02:33:00.010  1598  1881 I AiAiEcho: #postPredictionTargets: Sending updates to UISurface lockscreen with targets# 0
04-22 02:33:00.011  1598  1881 I AiAiEcho: #postPredictionTargets: Sending updates to UISurface home with targets# 0
04-22 02:33:00.011  1598  1881 I AiAiEcho: #postPredictionTargets: Sending updates to UISurface media_data_manager with targets# 0
04-22 02:33:00.024   728   728 D SsMediaDataProvider: Forwarding Smartspace updates []
04-22 02:33:00.075   728   955 D EGL_emulation: app_time_stats: avg=895.03ms min=3.65ms max=13234.95ms count=15
04-22 02:33:05.561   293 18361 I resolv  : GetAddrInfoHandler::run: {100 786532 100 983140 10116 0}
04-22 02:33:05.562   293 18364 I resolv  : res_nmkquery: (QUERY, IN, A)
04-22 02:33:05.562   293 18363 I resolv  : res_nmkquery: (QUERY, IN, AAAA)
04-22 02:33:05.563  1251 18360 D TrafficStats: tagSocket(150) with statsTag=0x20008100, statsUid=-1
04-22 02:33:05.613   293 18363 I resolv  : res_tls_send: TLS query result: 0
04-22 02:33:05.613   293 18363 I resolv  : doQuery: rcode=0, ancount=4, return value=163
04-22 02:33:05.614   293 18364 I resolv  : res_tls_send: TLS query result: 0
04-22 02:33:05.614   293 18364 I resolv  : doQuery: rcode=0, ancount=4, return value=115
04-22 02:33:11.597   519  1702 D CompatibilityChangeReporter: Compat change id reported: 161252188; UID 10175; state: DISABLED
04-22 02:33:11.597   519  1702 I ActivityTaskManager: START u0 {flg=0x10000000 cmp=com.impos2.mixcretailassemblyrn84/.MainActivity} from uid 2000
04-22 02:33:11.597   519  1702 D CompatibilityChangeReporter: Compat change id reported: 265464455; UID 10175; state: DISABLED
04-22 02:33:11.597   519  1702 D CompatibilityChangeReporter: Compat change id reported: 265452344; UID 10175; state: DISABLED
04-22 02:33:11.597   519  1702 D CompatibilityChangeReporter: Compat change id reported: 266124927; UID 10175; state: DISABLED
04-22 02:33:11.597   519  1702 D CompatibilityChangeReporter: Compat change id reported: 265451093; UID 10175; state: DISABLED
04-22 02:33:11.597   519  1702 D CompatibilityChangeReporter: Compat change id reported: 265456536; UID 10175; state: DISABLED
04-22 02:33:11.597   519  1702 D CompatibilityChangeReporter: Compat change id reported: 255940284; UID 10175; state: DISABLED
04-22 02:33:11.597   519  1702 D CompatibilityChangeReporter: Compat change id reported: 236283604; UID 10175; state: DISABLED
04-22 02:33:11.597   519  1702 D CompatibilityChangeReporter: Compat change id reported: 263959004; UID 10175; state: DISABLED
04-22 02:33:11.597   519  1702 D CompatibilityChangeReporter: Compat change id reported: 264304459; UID 10175; state: DISABLED
04-22 02:33:11.597   519  1702 D CompatibilityChangeReporter: Compat change id reported: 264301586; UID 10175; state: DISABLED
04-22 02:33:11.597   519  1702 D CompatibilityChangeReporter: Compat change id reported: 254631730; UID 10175; state: DISABLED
04-22 02:33:11.597   519  1702 D CompatibilityChangeReporter: Compat change id reported: 273509367; UID 10175; state: DISABLED
04-22 02:33:11.597   519  1702 D CompatibilityChangeReporter: Compat change id reported: 263259275; UID 10175; state: DISABLED
04-22 02:33:11.597   519  1702 D CompatibilityChangeReporter: Compat change id reported: 194480991; UID 10175; state: ENABLED
04-22 02:33:11.597   519  1702 D CompatibilityChangeReporter: Compat change id reported: 174042980; UID 10175; state: DISABLED
04-22 02:33:11.597   519  1702 D CompatibilityChangeReporter: Compat change id reported: 197654537; UID 10175; state: ENABLED
04-22 02:33:11.598   519  1702 D CompatibilityChangeReporter: Compat change id reported: 181136395; UID 10175; state: DISABLED
04-22 02:33:11.598   519  1702 D CompatibilityChangeReporter: Compat change id reported: 174042936; UID 10175; state: DISABLED
04-22 02:33:11.598 18298 18298 W unknown:BridgelessReact: ReactHost{0}.onHostPause(activity)
04-22 02:33:11.598 18298 18298 W unknown:BridgelessReact: ReactHost{0}.ReactContext.onHostPause()
04-22 02:33:11.598 18298 18298 W unknown:BridgelessReact: ReactHost{0}.onHostResume(activity)
04-22 02:33:11.598 18298 18298 W unknown:BridgelessReact: ReactHost{0}.ReactContext.onHostResume()
04-22 02:33:11.614 18298 18353 D TrafficStats: tagSocket(5) with statsTag=0xffffffff, statsUid=-1
--------- beginning of kernel
04-22 02:33:11.638   158   158 I logd    : logdr: UID=2000 GID=2000 PID=18373 n tail=0 logMask=99 pid=0 start=0ns deadline=0ns
04-22 02:33:13.253   317   317 E android.hardware.power.stats@1.0-service-mock: Failed to getEnergyData
04-22 02:33:18.520   728   955 D EGL_emulation: app_time_stats: avg=18444.88ms min=18444.88ms max=18444.88ms count=1
04-22 02:33:23.300   519  4852 W BatteryExternalStatsWorker: error reading Bluetooth stats: 11
04-22 02:33:23.303   519  1702 D TelephonyManager: requestModemActivityInfo: Sending result to app: ModemActivityInfo{ mTimestamp=21859996 mSleepTimeMs=0 mIdleTimeMs=21859891 mActivityStatsTechSpecificInfo=[{mRat=UNKNOWN,mFrequencyRange=UNKNOWN,mTxTimeMs[]=[0, 0, 0, 0, 0],mRxTimeMs=0}]}
04-22 02:33:23.315   293   752 I netd    : tetherGetStats() -> {[]} <1.27ms>
04-22 02:33:24.236  1251 18223 W IsDeviceCompliantOp: failed to get future: allow [CONTEXT service_id=257 ]
04-22 02:33:24.236  1251 18223 W IsDeviceCompliantOp: java.util.concurrent.TimeoutException: Waited 60 seconds (plus 1222071 nanoseconds delay) for dlny@53b8e8b[status=PENDING, info=[inputFuture=[dlnx@a4c3b68[status=PENDING, setFuture=[dlnx@6ff2b81[status=PENDING, setFuture=[dlny@ad0426[status=PENDING, info=[inputFuture=[dlny@c528867[status=PENDING, info=[inputFuture=[dlnx@b5da614[status=PENDING, info=[inputFuture=[dlne@6f1febd[status=PENDING, info=[inputFuture=[dlny@3d53cb2[status=PENDING, info=[inputFuture=[aplc@df54403], function=[apmt@e10d4e]]]], exceptionType=[class enms], fallback=[apmu@9790f80]]]], function=[aplq@844c9b9]]]], function=[apms@8d671fe]]]], function=[aplo@ec4b05a]]]]]]]], function=[apml@27e1d5f]]]
04-22 02:33:24.236  1251 18223 W IsDeviceCompliantOp: 	at dlnv.get(:com.google.android.gms@231818044@23.18.18 (190400-535401451):30)
04-22 02:33:24.236  1251 18223 W IsDeviceCompliantOp: 	at apmo.b(:com.google.android.gms@231818044@23.18.18 (190400-535401451):1)
04-22 02:33:24.236  1251 18223 W IsDeviceCompliantOp: 	at apmo.f(:com.google.android.gms@231818044@23.18.18 (190400-535401451):17)
04-22 02:33:24.236  1251 18223 W IsDeviceCompliantOp: 	at avsy.eo(:com.google.android.gms@231818044@23.18.18 (190400-535401451):1)
04-22 02:33:24.236  1251 18223 W IsDeviceCompliantOp: 	at avtf.run(:com.google.android.gms@231818044@23.18.18 (190400-535401451):14)
04-22 02:33:24.236  1251 18223 W IsDeviceCompliantOp: 	at dfhf.run(:com.google.android.gms@231818044@23.18.18 (190400-535401451):2)
04-22 02:33:24.236  1251 18223 W IsDeviceCompliantOp: 	at aced.c(:com.google.android.gms@231818044@23.18.18 (190400-535401451):6)
04-22 02:33:24.236  1251 18223 W IsDeviceCompliantOp: 	at aced.run(:com.google.android.gms@231818044@23.18.18 (190400-535401451):7)
04-22 02:33:24.236  1251 18223 W IsDeviceCompliantOp: 	at java.util.concurrent.ThreadPoolExecutor.runWorker(ThreadPoolExecutor.java:1137)
04-22 02:33:24.236  1251 18223 W IsDeviceCompliantOp: 	at java.util.concurrent.ThreadPoolExecutor$Worker.run(ThreadPoolExecutor.java:637)
04-22 02:33:24.236  1251 18223 W IsDeviceCompliantOp: 	at acjn.run(:com.google.android.gms@231818044@23.18.18 (190400-535401451):0)
04-22 02:33:24.236  1251 18223 W IsDeviceCompliantOp: 	at java.lang.Thread.run(Thread.java:1012)
04-22 02:33:24.236  1251  2334 W DroidguardProvider: droidguard took a lot of time : 60001 millis [CONTEXT service_id=257 ]
04-22 02:33:24.238  1251  2334 E enyj    : *~*~*~ Previous channel {0} was not shutdown properly!!! ~*~*~*
04-22 02:33:24.238  1251  2334 E enyj    :     Make sure to call shutdown()/shutdownNow() and wait until awaitTermination() returns true.
04-22 02:33:24.238  1251  2334 E enyj    : java.lang.RuntimeException: ManagedChannel allocation site
04-22 02:33:24.238  1251  2334 E enyj    : 	at enyi.<init>(:com.google.android.gms@231818044@23.18.18 (190400-535401451):3)
04-22 02:33:24.238  1251  2334 E enyj    : 	at enyj.<init>(:com.google.android.gms@231818044@23.18.18 (190400-535401451):2)
04-22 02:33:24.238  1251  2334 E enyj    : 	at enyh.a(:com.google.android.gms@231818044@23.18.18 (190400-535401451):21)
04-22 02:33:24.238  1251  2334 E enyj    : 	at enqe.a(:com.google.android.gms@231818044@23.18.18 (190400-535401451):0)
04-22 02:33:24.238  1251  2334 E enyj    : 	at abxw.H(:com.google.android.gms@231818044@23.18.18 (190400-535401451):22)
04-22 02:33:24.238  1251  2334 E enyj    : 	at abxw.f(:com.google.android.gms@231818044@23.18.18 (190400-535401451):2)
04-22 02:33:24.238  1251  2334 E enyj    : 	at apld.a(:com.google.android.gms@231818044@23.18.18 (190400-535401451):74)
04-22 02:33:24.238  1251  2334 E enyj    : 	at abxe.call(:com.google.android.gms@231818044@23.18.18 (190400-535401451):2)
04-22 02:33:24.238  1251  2334 E enyj    : 	at java.util.concurrent.FutureTask.run(FutureTask.java:264)
04-22 02:33:24.238  1251  2334 E enyj    : 	at aced.c(:com.google.android.gms@231818044@23.18.18 (190400-535401451):6)
04-22 02:33:24.238  1251  2334 E enyj    : 	at aced.run(:com.google.android.gms@231818044@23.18.18 (190400-535401451):8)
04-22 02:33:24.238  1251  2334 E enyj    : 	at java.util.concurrent.ThreadPoolExecutor.runWorker(ThreadPoolExecutor.java:1137)
04-22 02:33:24.238  1251  2334 E enyj    : 	at java.util.concurrent.ThreadPoolExecutor$Worker.run(ThreadPoolExecutor.java:637)
04-22 02:33:24.238  1251  2334 E enyj    : 	at acjn.run(:com.google.android.gms@231818044@23.18.18 (190400-535401451):0)
04-22 02:33:24.238  1251  2334 E enyj    : 	at java.lang.Thread.run(Thread.java:1012)
04-22 02:33:24.239 18182 18220 W err     : Error changing state for com.google.android.apps.docs.sync.syncadapter.DocsSyncAdapterService
04-22 02:33:24.239 18182 18220 W err     : java.lang.IllegalArgumentException: Component class com.google.android.apps.docs.sync.syncadapter.DocsSyncAdapterService does not exist in com.google.android.apps.docs
04-22 02:33:24.239 18182 18220 W err     : 	at android.os.Parcel.createExceptionOrNull(Parcel.java:3015)
04-22 02:33:24.239 18182 18220 W err     : 	at android.os.Parcel.createException(Parcel.java:2995)
04-22 02:33:24.239 18182 18220 W err     : 	at android.os.Parcel.readException(Parcel.java:2978)
04-22 02:33:24.239 18182 18220 W err     : 	at android.os.Parcel.readException(Parcel.java:2920)
04-22 02:33:24.239 18182 18220 W err     : 	at android.content.pm.IPackageManager$Stub$Proxy.setComponentEnabledSetting(IPackageManager.java:5881)
04-22 02:33:24.239 18182 18220 W err     : 	at android.app.ApplicationPackageManager.setComponentEnabledSetting(ApplicationPackageManager.java:3050)
04-22 02:33:24.239 18182 18220 W err     : 	at err.a(PG:4)
04-22 02:33:24.239 18182 18220 W err     : 	at ixx.d(PG:6)
04-22 02:33:24.239 18182 18220 W err     : 	at ixz.run(PG:93)
04-22 02:33:24.239 18182 18220 W err     : 	at nsr.execute(PG:1)
04-22 02:33:24.239 18182 18220 W err     : 	at iyd.a(PG:11)
04-22 02:33:24.239 18182 18220 W err     : 	at pgh.b(PG:5)
04-22 02:33:24.239 18182 18220 W err     : 	at iyn.h(PG:3)
04-22 02:33:24.239 18182 18220 W err     : 	at isa.d(PG:1)
04-22 02:33:24.239 18182 18220 W err     : 	at ixz.run(PG:93)
04-22 02:33:24.239 18182 18220 W err     : 	at nsr.execute(PG:1)
04-22 02:33:24.239 18182 18220 W err     : 	at iyd.a(PG:11)
04-22 02:33:24.239 18182 18220 W err     : 	at pgh.b(PG:5)
04-22 02:33:24.239 18182 18220 W err     : 	at kam.b(PG:2)
04-22 02:33:24.239 18182 18220 W err     : 	at ntf.run(PG:6)
04-22 02:33:24.239 18182 18220 W err     : 	at nsr.execute(PG:1)
04-22 02:33:24.239 18182 18220 W err     : 	at nsd.n(PG:1)
04-22 02:33:24.239 18182 18220 W err     : 	at nsd.j(PG:12)
04-22 02:33:24.239 18182 18220 W err     : 	at nsd.c(PG:2)
04-22 02:33:24.239 18182 18220 W err     : 	at nsg$b.g(PG:1)
04-22 02:33:24.239 18182 18220 W err     : 	at nsg.run(PG:12)
04-22 02:33:24.239 18182 18220 W err     : 	at nsr.execute(PG:1)
04-22 02:33:24.239 18182 18220 W err     : 	at nsd.n(PG:1)
04-22 02:33:24.239 18182 18220 W err     : 	at nsd.j(PG:12)
04-22 02:33:24.239 18182 18220 W err     : 	at nsd.dJ(PG:5)
04-22 02:33:24.239 18182 18220 W err     : 	at nsg$a.g(PG:2)
04-22 02:33:24.239 18182 18220 W err     : 	at nsg.run(PG:12)
04-22 02:33:24.239 18182 18220 W err     : 	at nsr.execute(PG:1)
04-22 02:33:24.239 18182 18220 W err     : 	at nsd.n(PG:1)
04-22 02:33:24.239 18182 18220 W err     : 	at nsd.j(PG:12)
04-22 02:33:24.239 18182 18220 W err     : 	at nsd.c(PG:2)
04-22 02:33:24.239 18182 18220 W err     : 	at nsc.run(PG:12)
04-22 02:33:24.239 18182 18220 W err     : 	at nsr.execute(PG:1)
04-22 02:33:24.239 18182 18220 W err     : 	at nsd.n(PG:1)
04-22 02:33:24.239 18182 18220 W err     : 	at nsd.j(PG:12)
04-22 02:33:24.239 18182 18220 W err     : 	at nsd.c(PG:2)
04-22 02:33:24.239 18182 18220 W err     : 	at nsg$b.g(PG:1)
04-22 02:33:24.239 18182 18220 W err     : 	at nsg.run(PG:12)
04-22 02:33:24.239 18182 18220 W err     : 	at nsr.execute(PG:1)
04-22 02:33:24.239 18182 18220 W err     : 	at nsd.n(PG:1)
04-22 02:33:24.239 18182 18220 W err     : 	at nsd.j(PG:12)
04-22 02:33:24.239 18182 18220 W err     : 	at nsd.c(PG:2)
04-22 02:33:24.239 18182 18220 W err     : 	at kao.c(PG:1)
04-22 02:33:24.239 18182 18220 W err     : 	at khr.a(PG:9)
04-22 02:33:24.239 18182 18220 W err     : 	at ixz.run(PG:100)
04-22 02:33:24.239 18182 18220 W err     : 	at nsr.execute(PG:1)
04-22 02:33:24.239 18182 18220 W err     : 	at iyd.a(PG:7)
04-22 02:33:24.239 18182 18220 W err     : 	at pgh.b(PG:5)
04-22 02:33:24.239 18182 18220 W err     : 	at iyn.h(PG:3)
04-22 02:33:24.239 18182 18220 W err     : 	at isl.a(PG:1)
04-22 02:33:24.239 18182 18220 W err     : 	at irx.dispatchTransaction(PG:4)
04-22 02:33:24.239 18182 18220 W err     : 	at dhm.onTransact(PG:2)
04-22 02:33:24.239 18182 18220 W err     : 	at android.os.Binder.execTransactInternal(Binder.java:1285)
04-22 02:33:24.239 18182 18220 W err     : 	at android.os.Binder.execTransact(Binder.java:1244)
04-22 02:33:24.239 18182 18220 W err     : Caused by: android.os.RemoteException: Remote stack trace:
04-22 02:33:24.239 18182 18220 W err     : 	at com.android.server.pm.PackageManagerService.setEnabledSettings(PackageManagerService.java:3792)
04-22 02:33:24.239 18182 18220 W err     : 	at com.android.server.pm.PackageManagerService.-$$Nest$msetEnabledSettings(Unknown Source:0)
04-22 02:33:24.239 18182 18220 W err     : 	at com.android.server.pm.PackageManagerService$IPackageManagerImpl.setComponentEnabledSetting(PackageManagerService.java:5603)
04-22 02:33:24.239 18182 18220 W err     : 	at android.content.pm.IPackageManager$Stub.onTransact(IPackageManager.java:2931)
04-22 02:33:24.239 18182 18220 W err     : 	at com.android.server.pm.PackageManagerService$IPackageManagerImpl.onTransact(PackageManagerService.java:5980)
04-22 02:33:24.239 18182 18220 W err     : 
04-22 02:33:24.239 18182 18220 W err     : Error changing state for com.google.android.apps.docs.sync.syncadapter.DocsSyncAdapterService
04-22 02:33:24.239 18182 18220 W err     : java.lang.IllegalArgumentException: Component class com.google.android.apps.docs.sync.syncadapter.DocsSyncAdapterService does not exist in com.google.android.apps.docs
04-22 02:33:24.239 18182 18220 W err     : 	at android.os.Parcel.createExceptionOrNull(Parcel.java:3015)
04-22 02:33:24.239 18182 18220 W err     : 	at android.os.Parcel.createException(Parcel.java:2995)
04-22 02:33:24.239 18182 18220 W err     : 	at android.os.Parcel.readException(Parcel.java:2978)
04-22 02:33:24.239 18182 18220 W err     : 	at android.os.Parcel.readException(Parcel.java:2920)
04-22 02:33:24.239 18182 18220 W err     : 	at android.content.pm.IPackageManager$Stub$Proxy.setComponentEnabledSetting(IPackageManager.java:5881)
04-22 02:33:24.239 18182 18220 W err     : 	at android.app.ApplicationPackageManager.setComponentEnabledSetting(ApplicationPackageManager.java:3050)
04-22 02:33:24.239 18182 18220 W err     : 	at err.a(PG:4)
04-22 02:33:24.239 18182 18220 W err     : 	at ixx.d(PG:6)
04-22 02:33:24.239 18182 18220 W err     : 	at ixz.run(PG:93)
04-22 02:33:24.239 18182 18220 W err     : 	at nsr.execute(PG:1)
04-22 02:33:24.239 18182 18220 W err     : 	at iyd.a(PG:11)
04-22 02:33:24.239 18182 18220 W err     : 	at pgh.b(PG:5)
04-22 02:33:24.239 18182 18220 W err     : 	at iyn.h(PG:3)
04-22 02:33:24.239 18182 18220 W err     : 	at isa.d(PG:1)
04-22 02:33:24.239 18182 18220 W err     : 	at ixz.run(PG:93)
04-22 02:33:24.239 18182 18220 W err     : 	at nsr.execute(PG:1)
04-22 02:33:24.239 18182 18220 W err     : 	at iyd.a(PG:11)
04-22 02:33:24.239 18182 18220 W err     : 	at pgh.b(PG:5)
04-22 02:33:24.239 18182 18220 W err     : 	at kam.b(PG:2)
04-22 02:33:24.239 18182 18220 W err     : 	at ntf.run(PG:6)
04-22 02:33:24.239 18182 18220 W err     : 	at nsr.execute(PG:1)
04-22 02:33:24.239 18182 18220 W err     : 	at nsd.n(PG:1)
04-22 02:33:24.239 18182 18220 W err     : 	at nsd.j(PG:12)
04-22 02:33:24.239 18182 18220 W err     : 	at nsd.c(PG:2)
04-22 02:33:24.239 18182 18220 W err     : 	at nsg$b.g(PG:1)
04-22 02:33:24.239 18182 18220 W err     : 	at nsg.run(PG:12)
04-22 02:33:24.239 18182 18220 W err     : 	at nsr.execute(PG:1)
04-22 02:33:24.239 18182 18220 W err     : 	at nsd.n(PG:1)
04-22 02:33:24.239 18182 18220 W err     : 	at nsd.j(PG:12)
04-22 02:33:24.239 18182 18220 W err     : 	at nsd.dJ(PG:5)
04-22 02:33:24.239 18182 18220 W err     : 	at nsg$a.g(PG:2)
04-22 02:33:24.239 18182 18220 W err     : 	at nsg.run(PG:12)
04-22 02:33:24.239 18182 18220 W err     : 	at nsr.execute(PG:1)
04-22 02:33:24.239 18182 18220 W err     : 	at nsd.n(PG:1)
04-22 02:33:24.239 18182 18220 W err     : 	at nsd.j(PG:12)
04-22 02:33:24.239 18182 18220 W err     : 	at nsd.c(PG:2)
04-22 02:33:24.239 18182 18220 W err     : 	at nsc.run(PG:12)
04-22 02:33:24.239 18182 18220 W err     : 	at nsr.execute(PG:1)
04-22 02:33:24.239 18182 18220 W err     : 	at nsd.n(PG:1)
04-22 02:33:24.239 18182 18220 W err     : 	at nsd.j(PG:12)
04-22 02:33:24.239 18182 18220 W err     : 	at nsd.c(PG:2)
04-22 02:33:24.239 18182 18220 W err     : 	at nsg$b.g(PG:1)
04-22 02:33:24.239 18182 18220 W err     : 	at nsg.run(PG:12)
04-22 02:33:24.239 18182 18220 W err     : 	at nsr.execute(PG:1)
04-22 02:33:24.239 18182 18220 W err     : 	at nsd.n(PG:1)
04-22 02:33:24.239 18182 18220 W err     : 	at nsd.j(PG:12)
04-22 02:33:24.239 18182 18220 W err     : 	at nsd.c(PG:2)
04-22 02:33:24.239 18182 18220 W err     : 	at kao.c(PG:1)
04-22 02:33:24.239 18182 18220 W err     : 	at khr.a(PG:9)
04-22 02:33:24.239 18182 18220 W err     : 	at ixz.run(PG:100)
04-22 02:33:24.239 18182 18220 W err     : 	at nsr.execute(PG:1)
04-22 02:33:24.239 18182 18220 W err     : 	at iyd.a(PG:7)
04-22 02:33:24.239 18182 18220 W err     : 	at pgh.b(PG:5)
04-22 02:33:24.239 18182 18220 W err     : 	at iyn.h(PG:3)
04-22 02:33:24.239 18182 18220 W err     : 	at isl.a(PG:1)
04-22 02:33:24.239 18182 18220 W err     : 	at irx.dispatchTransaction(PG:4)
04-22 02:33:24.239 18182 18220 W err     : 	at dhm.onTransact(PG:2)
04-22 02:33:24.239 18182 18220 W err     : 	at android.os.Binder.execTransactInternal(Binder.java:1285)
04-22 02:33:24.239 18182 18220 W err     : 	at android.os.Binder.execTransact(Binder.java:1244)
04-22 02:33:24.239 18182 18220 W err     : Caused by: android.os.RemoteException: Remote stack trace:
04-22 02:33:24.239 18182 18220 W err     : 	at com.android.server.pm.PackageManagerService.setEnabledSettings(PackageManagerService.java:3792)
04-22 02:33:24.239 18182 18220 W err     : 	at com.android.server.pm.PackageManagerService.-$$Nest$msetEnabledSettings(Unknown Source:0)
04-22 02:33:24.239 18182 18220 W err     : 	at com.android.server.pm.PackageManagerService$IPackageManagerImpl.setComponentEnabledSetting(PackageManagerService.java:5603)
04-22 02:33:24.239 18182 18220 W err     : 	at android.content.pm.IPackageManager$Stub.onTransact(IPackageManager.java:2931)
04-22 02:33:24.239 18182 18220 W err     : 	at com.android.server.pm.PackageManagerService$IPackageManagerImpl.onTransact(PackageManagerService.java:5980)
04-22 02:33:24.239 18182 18220 W err     : 
04-22 02:33:24.240   293 18378 I resolv  : GetAddrInfoHandler::run: {100 786532 100 983140 10116 0}
04-22 02:33:24.240   293 18380 I resolv  : res_nmkquery: (QUERY, IN, A)
04-22 02:33:24.241 18182 18220 W err     : Error changing state for com.google.android.apps.docs.drive.directsharing.ChooserTargetService
04-22 02:33:24.241 18182 18220 W err     : java.lang.IllegalArgumentException: Component class com.google.android.apps.docs.drive.directsharing.ChooserTargetService does not exist in com.google.android.apps.docs
04-22 02:33:24.241 18182 18220 W err     : 	at android.os.Parcel.createExceptionOrNull(Parcel.java:3015)
04-22 02:33:24.241 18182 18220 W err     : 	at android.os.Parcel.createException(Parcel.java:2995)
04-22 02:33:24.241 18182 18220 W err     : 	at android.os.Parcel.readException(Parcel.java:2978)
04-22 02:33:24.241 18182 18220 W err     : 	at android.os.Parcel.readException(Parcel.java:2920)
04-22 02:33:24.241 18182 18220 W err     : 	at android.content.pm.IPackageManager$Stub$Proxy.setComponentEnabledSetting(IPackageManager.java:5881)
04-22 02:33:24.241 18182 18220 W err     : 	at android.app.ApplicationPackageManager.setComponentEnabledSetting(ApplicationPackageManager.java:3050)
04-22 02:33:24.241 18182 18220 W err     : 	at err.a(PG:4)
04-22 02:33:24.241 18182 18220 W err     : 	at ixx.d(PG:6)
04-22 02:33:24.241 18182 18220 W err     : 	at ixz.run(PG:93)
04-22 02:33:24.241 18182 18220 W err     : 	at nsr.execute(PG:1)
04-22 02:33:24.241 18182 18220 W err     : 	at iyd.a(PG:11)
04-22 02:33:24.241 18182 18220 W err     : 	at pgh.b(PG:5)
04-22 02:33:24.241 18182 18220 W err     : 	at iyn.h(PG:3)
04-22 02:33:24.241 18182 18220 W err     : 	at isa.d(PG:1)
04-22 02:33:24.241 18182 18220 W err     : 	at ixz.run(PG:93)
04-22 02:33:24.241 18182 18220 W err     : 	at nsr.execute(PG:1)
04-22 02:33:24.241 18182 18220 W err     : 	at iyd.a(PG:11)
04-22 02:33:24.241 18182 18220 W err     : 	at pgh.b(PG:5)
04-22 02:33:24.241 18182 18220 W err     : 	at kam.b(PG:2)
04-22 02:33:24.241 18182 18220 W err     : 	at ntf.run(PG:6)
04-22 02:33:24.241 18182 18220 W err     : 	at nsr.execute(PG:1)
04-22 02:33:24.241 18182 18220 W err     : 	at nsd.n(PG:1)
04-22 02:33:24.241 18182 18220 W err     : 	at nsd.j(PG:12)
04-22 02:33:24.241 18182 18220 W err     : 	at nsd.c(PG:2)
04-22 02:33:24.241 18182 18220 W err     : 	at nsg$b.g(PG:1)
04-22 02:33:24.241 18182 18220 W err     : 	at nsg.run(PG:12)
04-22 02:33:24.241 18182 18220 W err     : 	at nsr.execute(PG:1)
04-22 02:33:24.241 18182 18220 W err     : 	at nsd.n(PG:1)
04-22 02:33:24.241 18182 18220 W err     : 	at nsd.j(PG:12)
04-22 02:33:24.241 18182 18220 W err     : 	at nsd.dJ(PG:5)
04-22 02:33:24.241 18182 18220 W err     : 	at nsg$a.g(PG:2)
04-22 02:33:24.241 18182 18220 W err     : 	at nsg.run(PG:12)
04-22 02:33:24.241 18182 18220 W err     : 	at nsr.execute(PG:1)
04-22 02:33:24.241 18182 18220 W err     : 	at nsd.n(PG:1)
04-22 02:33:24.241 18182 18220 W err     : 	at nsd.j(PG:12)
04-22 02:33:24.241 18182 18220 W err     : 	at nsd.c(PG:2)
04-22 02:33:24.241 18182 18220 W err     : 	at nsc.run(PG:12)
04-22 02:33:24.241 18182 18220 W err     : 	at nsr.execute(PG:1)
04-22 02:33:24.241 18182 18220 W err     : 	at nsd.n(PG:1)
04-22 02:33:24.241 18182 18220 W err     : 	at nsd.j(PG:12)
04-22 02:33:24.241 18182 18220 W err     : 	at nsd.c(PG:2)
04-22 02:33:24.241 18182 18220 W err     : 	at nsg$b.g(PG:1)
04-22 02:33:24.241 18182 18220 W err     : 	at nsg.run(PG:12)
04-22 02:33:24.241 18182 18220 W err     : 	at nsr.execute(PG:1)
04-22 02:33:24.241 18182 18220 W err     : 	at nsd.n(PG:1)
04-22 02:33:24.241 18182 18220 W err     : 	at nsd.j(PG:12)
04-22 02:33:24.241 18182 18220 W err     : 	at nsd.c(PG:2)
04-22 02:33:24.241 18182 18220 W err     : 	at kao.c(PG:1)
04-22 02:33:24.241 18182 18220 W err     : 	at khr.a(PG:9)
04-22 02:33:24.241 18182 18220 W err     : 	at ixz.run(PG:100)
04-22 02:33:24.241 18182 18220 W err     : 	at nsr.execute(PG:1)
04-22 02:33:24.241 18182 18220 W err     : 	at iyd.a(PG:7)
04-22 02:33:24.241 18182 18220 W err     : 	at pgh.b(PG:5)
04-22 02:33:24.241 18182 18220 W err     : 	at iyn.h(PG:3)
04-22 02:33:24.241 18182 18220 W err     : 	at isl.a(PG:1)
04-22 02:33:24.241 18182 18220 W err     : 	at irx.dispatchTransaction(PG:4)
04-22 02:33:24.241 18182 18220 W err     : 	at dhm.onTransact(PG:2)
04-22 02:33:24.241 18182 18220 W err     : 	at android.os.Binder.execTransactInternal(Binder.java:1285)
04-22 02:33:24.241 18182 18220 W err     : 	at android.os.Binder.execTransact(Binder.java:1244)
04-22 02:33:24.241 18182 18220 W err     : Error changing state for com.google.android.apps.docs.drive.directsharing.ChooserTargetService
04-22 02:33:24.241 18182 18220 W err     : java.lang.IllegalArgumentException: Component class com.google.android.apps.docs.drive.directsharing.ChooserTargetService does not exist in com.google.android.apps.docs
04-22 02:33:24.241 18182 18220 W err     : 	at android.os.Parcel.createExceptionOrNull(Parcel.java:3015)
04-22 02:33:24.241 18182 18220 W err     : 	at android.os.Parcel.createException(Parcel.java:2995)
04-22 02:33:24.241 18182 18220 W err     : 	at android.os.Parcel.readException(Parcel.java:2978)
04-22 02:33:24.241 18182 18220 W err     : 	at android.os.Parcel.readException(Parcel.java:2920)
04-22 02:33:24.241 18182 18220 W err     : 	at android.content.pm.IPackageManager$Stub$Proxy.setComponentEnabledSetting(IPackageManager.java:5881)
04-22 02:33:24.241 18182 18220 W err     : 	at android.app.ApplicationPackageManager.setComponentEnabledSetting(ApplicationPackageManager.java:3050)
04-22 02:33:24.241 18182 18220 W err     : 	at err.a(PG:4)
04-22 02:33:24.241 18182 18220 W err     : 	at ixx.d(PG:6)
04-22 02:33:24.241 18182 18220 W err     : 	at ixz.run(PG:93)
04-22 02:33:24.241 18182 18220 W err     : 	at nsr.execute(PG:1)
04-22 02:33:24.241 18182 18220 W err     : 	at iyd.a(PG:11)
04-22 02:33:24.241 18182 18220 W err     : 	at pgh.b(PG:5)
04-22 02:33:24.241 18182 18220 W err     : 	at iyn.h(PG:3)
04-22 02:33:24.241 18182 18220 W err     : 	at isa.d(PG:1)
04-22 02:33:24.241 18182 18220 W err     : 	at ixz.run(PG:93)
04-22 02:33:24.241 18182 18220 W err     : 	at nsr.execute(PG:1)
04-22 02:33:24.241 18182 18220 W err     : 	at iyd.a(PG:11)
04-22 02:33:24.241 18182 18220 W err     : 	at pgh.b(PG:5)
04-22 02:33:24.241 18182 18220 W err     : 	at kam.b(PG:2)
04-22 02:33:24.241 18182 18220 W err     : 	at ntf.run(PG:6)
04-22 02:33:24.241 18182 18220 W err     : 	at nsr.execute(PG:1)
04-22 02:33:24.241 18182 18220 W err     : 	at nsd.n(PG:1)
04-22 02:33:24.241 18182 18220 W err     : 	at nsd.j(PG:12)
04-22 02:33:24.241 18182 18220 W err     : 	at nsd.c(PG:2)
04-22 02:33:24.241 18182 18220 W err     : 	at nsg$b.g(PG:1)
04-22 02:33:24.241 18182 18220 W err     : 	at nsg.run(PG:12)
04-22 02:33:24.241 18182 18220 W err     : 	at nsr.execute(PG:1)
04-22 02:33:24.241 18182 18220 W err     : 	at nsd.n(PG:1)
04-22 02:33:24.241 18182 18220 W err     : 	at nsd.j(PG:12)
04-22 02:33:24.241 18182 18220 W err     : 	at nsd.dJ(PG:5)
04-22 02:33:24.241 18182 18220 W err     : 	at nsg$a.g(PG:2)
04-22 02:33:24.241 18182 18220 W err     : 	at nsg.run(PG:12)
04-22 02:33:24.241 18182 18220 W err     : 	at nsr.execute(PG:1)
04-22 02:33:24.241 18182 18220 W err     : 	at nsd.n(PG:1)
04-22 02:33:24.241 18182 18220 W err     : 	at nsd.j(PG:12)
04-22 02:33:24.241 18182 18220 W err     : 	at nsd.c(PG:2)
04-22 02:33:24.241 18182 18220 W err     : 	at nsc.run(PG:12)
04-22 02:33:24.241 18182 18220 W err     : 	at nsr.execute(PG:1)
04-22 02:33:24.241 18182 18220 W err     : 	at nsd.n(PG:1)
04-22 02:33:24.241 18182 18220 W err     : 	at nsd.j(PG:12)
04-22 02:33:24.241 18182 18220 W err     : 	at nsd.c(PG:2)
04-22 02:33:24.241 18182 18220 W err     : 	at nsg$b.g(PG:1)
04-22 02:33:24.241 18182 18220 W err     : 	at nsg.run(PG:12)
04-22 02:33:24.241 18182 18220 W err     : 	at nsr.execute(PG:1)
04-22 02:33:24.241 18182 18220 W err     : 	at nsd.n(PG:1)
04-22 02:33:24.241 18182 18220 W err     : 	at nsd.j(PG:12)
04-22 02:33:24.241 18182 18220 W err     : 	at nsd.c(PG:2)
04-22 02:33:24.241 18182 18220 W err     : 	at kao.c(PG:1)
04-22 02:33:24.241 18182 18220 W err     : 	at khr.a(PG:9)
04-22 02:33:24.241 18182 18220 W err     : 	at ixz.run(PG:100)
04-22 02:33:24.241 18182 18220 W err     : 	at nsr.execute(PG:1)
04-22 02:33:24.241 18182 18220 W err     : 	at iyd.a(PG:7)
04-22 02:33:24.241 18182 18220 W err     : 	at pgh.b(PG:5)
04-22 02:33:24.241 18182 18220 W err     : 	at iyn.h(PG:3)
04-22 02:33:24.241 18182 18220 W err     : 	at isl.a(PG:1)
04-22 02:33:24.241 18182 18220 W err     : 	at irx.dispatchTransaction(PG:4)
04-22 02:33:24.241 18182 18220 W err     : 	at dhm.onTransact(PG:2)
04-22 02:33:24.241 18182 18220 W err     : 	at android.os.Binder.execTransactInternal(Binder.java:1285)
04-22 02:33:24.241 18182 18220 W err     : 	at android.os.Binder.execTransact(Binder.java:1244)
04-22 02:33:24.241   519  4256 D PackageManager: Instant App installer not found with android.intent.action.INSTALL_INSTANT_APP_PACKAGE
04-22 02:33:24.242   519  4256 D PackageManager: Clear ephemeral installer activity
04-22 02:33:24.242   293 18379 I resolv  : res_nmkquery: (QUERY, IN, AAAA)
04-22 02:33:24.243   293 18379 I resolv  : resolv_cache_lookup: FOUND IN CACHE entry=0xb400007dbda70f10
04-22 02:33:24.243   293 18379 I resolv  : doQuery: rcode=0, ancount=4, return value=163
04-22 02:33:24.244 18182 18220 W err     : Error changing state for com.google.android.apps.docs.editors.shared.documentcreation.WidgetDocumentCreatorActivity
04-22 02:33:24.244 18182 18220 W err     : java.lang.IllegalArgumentException: Component class com.google.android.apps.docs.editors.shared.documentcreation.WidgetDocumentCreatorActivity does not exist in com.google.android.apps.docs
04-22 02:33:24.244 18182 18220 W err     : 	at android.os.Parcel.createExceptionOrNull(Parcel.java:3015)
04-22 02:33:24.244 18182 18220 W err     : 	at android.os.Parcel.createException(Parcel.java:2995)
04-22 02:33:24.244 18182 18220 W err     : 	at android.os.Parcel.readException(Parcel.java:2978)
04-22 02:33:24.244 18182 18220 W err     : 	at android.os.Parcel.readException(Parcel.java:2920)
04-22 02:33:24.244 18182 18220 W err     : 	at android.content.pm.IPackageManager$Stub$Proxy.setComponentEnabledSetting(IPackageManager.java:5881)
04-22 02:33:24.244 18182 18220 W err     : 	at android.app.ApplicationPackageManager.setComponentEnabledSetting(ApplicationPackageManager.java:3050)
04-22 02:33:24.244 18182 18220 W err     : 	at err.a(PG:4)
04-22 02:33:24.244 18182 18220 W err     : 	at ixx.d(PG:6)
04-22 02:33:24.244 18182 18220 W err     : 	at ixz.run(PG:93)
04-22 02:33:24.244 18182 18220 W err     : 	at nsr.execute(PG:1)
04-22 02:33:24.244 18182 18220 W err     : 	at iyd.a(PG:11)
04-22 02:33:24.244 18182 18220 W err     : 	at pgh.b(PG:5)
04-22 02:33:24.244 18182 18220 W err     : 	at iyn.h(PG:3)
04-22 02:33:24.244 18182 18220 W err     : 	at isa.d(PG:1)
04-22 02:33:24.244 18182 18220 W err     : 	at ixz.run(PG:93)
04-22 02:33:24.244 18182 18220 W err     : 	at nsr.execute(PG:1)
04-22 02:33:24.244 18182 18220 W err     : 	at iyd.a(PG:11)
04-22 02:33:24.244 18182 18220 W err     : 	at pgh.b(PG:5)
04-22 02:33:24.244 18182 18220 W err     : 	at kam.b(PG:2)
04-22 02:33:24.244 18182 18220 W err     : 	at ntf.run(PG:6)
04-22 02:33:24.244 18182 18220 W err     : 	at nsr.execute(PG:1)
04-22 02:33:24.244 18182 18220 W err     : 	at nsd.n(PG:1)
04-22 02:33:24.244 18182 18220 W err     : 	at nsd.j(PG:12)
04-22 02:33:24.244 18182 18220 W err     : 	at nsd.c(PG:2)
04-22 02:33:24.244 18182 18220 W err     : 	at nsg$b.g(PG:1)
04-22 02:33:24.244 18182 18220 W err     : 	at nsg.run(PG:12)
04-22 02:33:24.244 18182 18220 W err     : 	at nsr.execute(PG:1)
04-22 02:33:24.244 18182 18220 W err     : 	at nsd.n(PG:1)
04-22 02:33:24.244 18182 18220 W err     : 	at nsd.j(PG:12)
04-22 02:33:24.244 18182 18220 W err     : 	at nsd.dJ(PG:5)
04-22 02:33:24.244 18182 18220 W err     : 	at nsg$a.g(PG:2)
04-22 02:33:24.244 18182 18220 W err     : 	at nsg.run(PG:12)
04-22 02:33:24.244 18182 18220 W err     : 	at nsr.execute(PG:1)
04-22 02:33:24.244 18182 18220 W err     : 	at nsd.n(PG:1)
04-22 02:33:24.244 18182 18220 W err     : 	at nsd.j(PG:12)
04-22 02:33:24.244 18182 18220 W err     : 	at nsd.c(PG:2)
04-22 02:33:24.244 18182 18220 W err     : 	at nsc.run(PG:12)
04-22 02:33:24.244 18182 18220 W err     : 	at nsr.execute(PG:1)
04-22 02:33:24.244 18182 18220 W err     : 	at nsd.n(PG:1)
04-22 02:33:24.244 18182 18220 W err     : 	at nsd.j(PG:12)
04-22 02:33:24.244 18182 18220 W err     : 	at nsd.c(PG:2)
04-22 02:33:24.244 18182 18220 W err     : 	at nsg$b.g(PG:1)
04-22 02:33:24.244 18182 18220 W err     : 	at nsg.run(PG:12)
04-22 02:33:24.244 18182 18220 W err     : 	at nsr.execute(PG:1)
04-22 02:33:24.244 18182 18220 W err     : 	at nsd.n(PG:1)
04-22 02:33:24.244 18182 18220 W err     : 	at nsd.j(PG:12)
04-22 02:33:24.244 18182 18220 W err     : 	at nsd.c(PG:2)
04-22 02:33:24.244 18182 18220 W err     : 	at kao.c(PG:1)
04-22 02:33:24.244 18182 18220 W err     : 	at khr.a(PG:9)
04-22 02:33:24.244 18182 18220 W err     : 	at ixz.run(PG:100)
04-22 02:33:24.244 18182 18220 W err     : 	at nsr.execute(PG:1)
04-22 02:33:24.244 18182 18220 W err     : 	at iyd.a(PG:7)
04-22 02:33:24.244 18182 18220 W err     : 	at pgh.b(PG:5)
04-22 02:33:24.244 18182 18220 W err     : 	at iyn.h(PG:3)
04-22 02:33:24.244 18182 18220 W err     : 	at isl.a(PG:1)
04-22 02:33:24.244 18182 18220 W err     : 	at irx.dispatchTransaction(PG:4)
04-22 02:33:24.244 18182 18220 W err     : 	at dhm.onTransact(PG:2)
04-22 02:33:24.244 18182 18220 W err     : 	at android.os.Binder.execTransactInternal(Binder.java:1285)
04-22 02:33:24.244 18182 18220 W err     : 	at android.os.Binder.execTransact(Binder.java:1244)
04-22 02:33:24.244 18182 18220 W err     : Error changing state for com.google.android.apps.docs.editors.shared.documentcreation.WidgetDocumentCreatorActivity
04-22 02:33:24.244 18182 18220 W err     : java.lang.IllegalArgumentException: Component class com.google.android.apps.docs.editors.shared.documentcreation.WidgetDocumentCreatorActivity does not exist in com.google.android.apps.docs
04-22 02:33:24.244 18182 18220 W err     : 	at android.os.Parcel.createExceptionOrNull(Parcel.java:3015)
04-22 02:33:24.244 18182 18220 W err     : 	at android.os.Parcel.createException(Parcel.java:2995)
04-22 02:33:24.244 18182 18220 W err     : 	at android.os.Parcel.readException(Parcel.java:2978)
04-22 02:33:24.244 18182 18220 W err     : 	at android.os.Parcel.readException(Parcel.java:2920)
04-22 02:33:24.244 18182 18220 W err     : 	at android.content.pm.IPackageManager$Stub$Proxy.setComponentEnabledSetting(IPackageManager.java:5881)
04-22 02:33:24.244 18182 18220 W err     : 	at android.app.ApplicationPackageManager.setComponentEnabledSetting(ApplicationPackageManager.java:3050)
04-22 02:33:24.244 18182 18220 W err     : 	at err.a(PG:4)
04-22 02:33:24.244 18182 18220 W err     : 	at ixx.d(PG:6)
04-22 02:33:24.244 18182 18220 W err     : 	at ixz.run(PG:93)
04-22 02:33:24.244 18182 18220 W err     : 	at nsr.execute(PG:1)
04-22 02:33:24.244 18182 18220 W err     : 	at iyd.a(PG:11)
04-22 02:33:24.244 18182 18220 W err     : 	at pgh.b(PG:5)
04-22 02:33:24.244 18182 18220 W err     : 	at iyn.h(PG:3)
04-22 02:33:24.244 18182 18220 W err     : 	at isa.d(PG:1)
04-22 02:33:24.244 18182 18220 W err     : 	at ixz.run(PG:93)
04-22 02:33:24.244 18182 18220 W err     : 	at nsr.execute(PG:1)
04-22 02:33:24.244 18182 18220 W err     : 	at iyd.a(PG:11)
04-22 02:33:24.244 18182 18220 W err     : 	at pgh.b(PG:5)
04-22 02:33:24.244 18182 18220 W err     : 	at kam.b(PG:2)
04-22 02:33:24.244 18182 18220 W err     : 	at ntf.run(PG:6)
04-22 02:33:24.244 18182 18220 W err     : 	at nsr.execute(PG:1)
04-22 02:33:24.244 18182 18220 W err     : 	at nsd.n(PG:1)
04-22 02:33:24.244 18182 18220 W err     : 	at nsd.j(PG:12)
04-22 02:33:24.244 18182 18220 W err     : 	at nsd.c(PG:2)
04-22 02:33:24.244 18182 18220 W err     : 	at nsg$b.g(PG:1)
04-22 02:33:24.244 18182 18220 W err     : 	at nsg.run(PG:12)
04-22 02:33:24.244 18182 18220 W err     : 	at nsr.execute(PG:1)
04-22 02:33:24.244 18182 18220 W err     : 	at nsd.n(PG:1)
04-22 02:33:24.244 18182 18220 W err     : 	at nsd.j(PG:12)
04-22 02:33:24.244 18182 18220 W err     : 	at nsd.dJ(PG:5)
04-22 02:33:24.244 18182 18220 W err     : 	at nsg$a.g(PG:2)
04-22 02:33:24.244 18182 18220 W err     : 	at nsg.run(PG:12)
04-22 02:33:24.244 18182 18220 W err     : 	at nsr.execute(PG:1)
04-22 02:33:24.244 18182 18220 W err     : 	at nsd.n(PG:1)
04-22 02:33:24.244 18182 18220 W err     : 	at nsd.j(PG:12)
04-22 02:33:24.244 18182 18220 W err     : 	at nsd.c(PG:2)
04-22 02:33:24.244 18182 18220 W err     : 	at nsc.run(PG:12)
04-22 02:33:24.244 18182 18220 W err     : 	at nsr.execute(PG:1)
04-22 02:33:24.244 18182 18220 W err     : 	at nsd.n(PG:1)
04-22 02:33:24.244 18182 18220 W err     : 	at nsd.j(PG:12)
04-22 02:33:24.244 18182 18220 W err     : 	at nsd.c(PG:2)
04-22 02:33:24.244 18182 18220 W err     : 	at nsg$b.g(PG:1)
04-22 02:33:24.244 18182 18220 W err     : 	at nsg.run(PG:12)
04-22 02:33:24.244 18182 18220 W err     : 	at nsr.execute(PG:1)
04-22 02:33:24.244 18182 18220 W err     : 	at nsd.n(PG:1)
04-22 02:33:24.244 18182 18220 W err     : 	at nsd.j(PG:12)
04-22 02:33:24.244 18182 18220 W err     : 	at nsd.c(PG:2)
04-22 02:33:24.244 18182 18220 W err     : 	at kao.c(PG:1)
04-22 02:33:24.244 18182 18220 W err     : 	at khr.a(PG:9)
04-22 02:33:24.244 18182 18220 W err     : 	at ixz.run(PG:100)
04-22 02:33:24.244 18182 18220 W err     : 	at nsr.execute(PG:1)
04-22 02:33:24.244 18182 18220 W err     : 	at iyd.a(PG:7)
04-22 02:33:24.244 18182 18220 W err     : 	at pgh.b(PG:5)
04-22 02:33:24.244 18182 18220 W err     : 	at iyn.h(PG:3)
