04-22 02:33:24.246 18182 18220 W err     : 	at ixz.run(PG:93)
04-22 02:33:24.246 18182 18220 W err     : 	at nsr.execute(PG:1)
04-22 02:33:24.246 18182 18220 W err     : 	at iyd.a(PG:11)
04-22 02:33:24.246 18182 18220 W err     : 	at pgh.b(PG:5)
04-22 02:33:24.246 18182 18220 W err     : 	at iyn.h(PG:3)
04-22 02:33:24.246 18182 18220 W err     : 	at isa.d(PG:1)
04-22 02:33:24.246 18182 18220 W err     : 	at ixz.run(PG:93)
04-22 02:33:24.246 18182 18220 W err     : 	at nsr.execute(PG:1)
04-22 02:33:24.246 18182 18220 W err     : 	at iyd.a(PG:11)
04-22 02:33:24.246 18182 18220 W err     : 	at pgh.b(PG:5)
04-22 02:33:24.246 18182 18220 W err     : 	at kam.b(PG:2)
04-22 02:33:24.246 18182 18220 W err     : 	at ntf.run(PG:6)
04-22 02:33:24.246 18182 18220 W err     : 	at nsr.execute(PG:1)
04-22 02:33:24.246 18182 18220 W err     : 	at nsd.n(PG:1)
04-22 02:33:24.246 18182 18220 W err     : 	at nsd.j(PG:12)
04-22 02:33:24.246 18182 18220 W err     : 	at nsd.c(PG:2)
04-22 02:33:24.246 18182 18220 W err     : 	at nsg$b.g(PG:1)
04-22 02:33:24.246 18182 18220 W err     : 	at nsg.run(PG:12)
04-22 02:33:24.246 18182 18220 W err     : 	at nsr.execute(PG:1)
04-22 02:33:24.246 18182 18220 W err     : 	at nsd.n(PG:1)
04-22 02:33:24.246 18182 18220 W err     : 	at nsd.j(PG:12)
04-22 02:33:24.246 18182 18220 W err     : 	at nsd.dJ(PG:5)
04-22 02:33:24.246 18182 18220 W err     : 	at nsg$a.g(PG:2)
04-22 02:33:24.246 18182 18220 W err     : 	at nsg.run(PG:12)
04-22 02:33:24.246 18182 18220 W err     : 	at nsr.execute(PG:1)
04-22 02:33:24.246 18182 18220 W err     : 	at nsd.n(PG:1)
04-22 02:33:24.246 18182 18220 W err     : 	at nsd.j(PG:12)
04-22 02:33:24.246 18182 18220 W err     : 	at nsd.c(PG:2)
04-22 02:33:24.246 18182 18220 W err     : 	at nsc.run(PG:12)
04-22 02:33:24.246 18182 18220 W err     : 	at nsr.execute(PG:1)
04-22 02:33:24.246 18182 18220 W err     : 	at nsd.n(PG:1)
04-22 02:33:24.246 18182 18220 W err     : 	at nsd.j(PG:12)
04-22 02:33:24.246 18182 18220 W err     : 	at nsd.c(PG:2)
04-22 02:33:24.246 18182 18220 W err     : 	at nsg$b.g(PG:1)
04-22 02:33:24.246 18182 18220 W err     : 	at nsg.run(PG:12)
04-22 02:33:24.246 18182 18220 W err     : 	at nsr.execute(PG:1)
04-22 02:33:24.246 18182 18220 W err     : 	at nsd.n(PG:1)
04-22 02:33:24.246 18182 18220 W err     : 	at nsd.j(PG:12)
04-22 02:33:24.246 18182 18220 W err     : 	at nsd.c(PG:2)
04-22 02:33:24.246 18182 18220 W err     : 	at kao.c(PG:1)
04-22 02:33:24.246 18182 18220 W err     : 	at khr.a(PG:9)
04-22 02:33:24.246 18182 18220 W err     : 	at ixz.run(PG:100)
04-22 02:33:24.246 18182 18220 W err     : 	at nsr.execute(PG:1)
04-22 02:33:24.246 18182 18220 W err     : 	at iyd.a(PG:7)
04-22 02:33:24.246 18182 18220 W err     : 	at pgh.b(PG:5)
04-22 02:33:24.246 18182 18220 W err     : 	at iyn.h(PG:3)
04-22 02:33:24.246 18182 18220 W err     : 	at isl.a(PG:1)
04-22 02:33:24.246 18182 18220 W err     : 	at irx.dispatchTransaction(PG:4)
04-22 02:33:24.246 18182 18220 W err     : 	at dhm.onTransact(PG:2)
04-22 02:33:24.246 18182 18220 W err     : 	at android.os.Binder.execTransactInternal(Binder.java:1285)
04-22 02:33:24.246 18182 18220 W err     : 	at android.os.Binder.execTransact(Binder.java:1244)
04-22 02:33:24.248 18182 18220 W err     : Error changing state for com.google.android.apps.docs.editors.shared.inserttool.clipboard.InsertToolImageContentProvider
04-22 02:33:24.248 18182 18220 W err     : java.lang.IllegalArgumentException: Component class com.google.android.apps.docs.editors.shared.inserttool.clipboard.InsertToolImageContentProvider does not exist in com.google.android.apps.docs
04-22 02:33:24.248 18182 18220 W err     : 	at android.os.Parcel.createExceptionOrNull(Parcel.java:3015)
04-22 02:33:24.248 18182 18220 W err     : 	at android.os.Parcel.createException(Parcel.java:2995)
04-22 02:33:24.248 18182 18220 W err     : 	at android.os.Parcel.readException(Parcel.java:2978)
04-22 02:33:24.248 18182 18220 W err     : 	at android.os.Parcel.readException(Parcel.java:2920)
04-22 02:33:24.248 18182 18220 W err     : 	at android.content.pm.IPackageManager$Stub$Proxy.setComponentEnabledSetting(IPackageManager.java:5881)
04-22 02:33:24.248 18182 18220 W err     : 	at android.app.ApplicationPackageManager.setComponentEnabledSetting(ApplicationPackageManager.java:3050)
04-22 02:33:24.248 18182 18220 W err     : 	at err.a(PG:4)
04-22 02:33:24.248 18182 18220 W err     : 	at ixx.d(PG:6)
04-22 02:33:24.248 18182 18220 W err     : 	at ixz.run(PG:93)
04-22 02:33:24.248 18182 18220 W err     : 	at nsr.execute(PG:1)
04-22 02:33:24.248 18182 18220 W err     : 	at iyd.a(PG:11)
04-22 02:33:24.248 18182 18220 W err     : 	at pgh.b(PG:5)
04-22 02:33:24.248 18182 18220 W err     : 	at iyn.h(PG:3)
04-22 02:33:24.248 18182 18220 W err     : 	at isa.d(PG:1)
04-22 02:33:24.248 18182 18220 W err     : 	at ixz.run(PG:93)
04-22 02:33:24.248 18182 18220 W err     : 	at nsr.execute(PG:1)
04-22 02:33:24.248 18182 18220 W err     : 	at iyd.a(PG:11)
04-22 02:33:24.248 18182 18220 W err     : 	at pgh.b(PG:5)
04-22 02:33:24.248 18182 18220 W err     : 	at kam.b(PG:2)
04-22 02:33:24.248 18182 18220 W err     : 	at ntf.run(PG:6)
04-22 02:33:24.248 18182 18220 W err     : 	at nsr.execute(PG:1)
04-22 02:33:24.248 18182 18220 W err     : 	at nsd.n(PG:1)
04-22 02:33:24.248 18182 18220 W err     : 	at nsd.j(PG:12)
04-22 02:33:24.248 18182 18220 W err     : 	at nsd.c(PG:2)
04-22 02:33:24.248 18182 18220 W err     : 	at nsg$b.g(PG:1)
04-22 02:33:24.248 18182 18220 W err     : 	at nsg.run(PG:12)
04-22 02:33:24.248 18182 18220 W err     : 	at nsr.execute(PG:1)
04-22 02:33:24.248 18182 18220 W err     : 	at nsd.n(PG:1)
04-22 02:33:24.248 18182 18220 W err     : 	at nsd.j(PG:12)
04-22 02:33:24.248 18182 18220 W err     : 	at nsd.dJ(PG:5)
04-22 02:33:24.248 18182 18220 W err     : 	at nsg$a.g(PG:2)
04-22 02:33:24.248 18182 18220 W err     : 	at nsg.run(PG:12)
04-22 02:33:24.248 18182 18220 W err     : 	at nsr.execute(PG:1)
04-22 02:33:24.248 18182 18220 W err     : 	at nsd.n(PG:1)
04-22 02:33:24.248 18182 18220 W err     : 	at nsd.j(PG:12)
04-22 02:33:24.248 18182 18220 W err     : 	at nsd.c(PG:2)
04-22 02:33:24.248 18182 18220 W err     : 	at nsc.run(PG:12)
04-22 02:33:24.248 18182 18220 W err     : 	at nsr.execute(PG:1)
04-22 02:33:24.248 18182 18220 W err     : 	at nsd.n(PG:1)
04-22 02:33:24.248 18182 18220 W err     : 	at nsd.j(PG:12)
04-22 02:33:24.248 18182 18220 W err     : 	at nsd.c(PG:2)
04-22 02:33:24.248 18182 18220 W err     : 	at nsg$b.g(PG:1)
04-22 02:33:24.248 18182 18220 W err     : 	at nsg.run(PG:12)
04-22 02:33:24.248 18182 18220 W err     : 	at nsr.execute(PG:1)
04-22 02:33:24.248 18182 18220 W err     : 	at nsd.n(PG:1)
04-22 02:33:24.248 18182 18220 W err     : 	at nsd.j(PG:12)
04-22 02:33:24.248 18182 18220 W err     : 	at nsd.c(PG:2)
04-22 02:33:24.248 18182 18220 W err     : 	at kao.c(PG:1)
04-22 02:33:24.248 18182 18220 W err     : 	at khr.a(PG:9)
04-22 02:33:24.248 18182 18220 W err     : 	at ixz.run(PG:100)
04-22 02:33:24.248 18182 18220 W err     : 	at nsr.execute(PG:1)
04-22 02:33:24.248 18182 18220 W err     : 	at iyd.a(PG:7)
04-22 02:33:24.248 18182 18220 W err     : 	at pgh.b(PG:5)
04-22 02:33:24.248 18182 18220 W err     : 	at iyn.h(PG:3)
04-22 02:33:24.248 18182 18220 W err     : 	at isl.a(PG:1)
04-22 02:33:24.248 18182 18220 W err     : 	at irx.dispatchTransaction(PG:4)
04-22 02:33:24.248 18182 18220 W err     : 	at dhm.onTransact(PG:2)
04-22 02:33:24.248 18182 18220 W err     : 	at android.os.Binder.execTransactInternal(Binder.java:1285)
04-22 02:33:24.248 18182 18220 W err     : 	at android.os.Binder.execTransact(Binder.java:1244)
04-22 02:33:24.248 18182 18220 W err     : Error changing state for com.google.android.apps.docs.editors.shared.inserttool.clipboard.InsertToolImageContentProvider
04-22 02:33:24.248 18182 18220 W err     : java.lang.IllegalArgumentException: Component class com.google.android.apps.docs.editors.shared.inserttool.clipboard.InsertToolImageContentProvider does not exist in com.google.android.apps.docs
04-22 02:33:24.248 18182 18220 W err     : 	at android.os.Parcel.createExceptionOrNull(Parcel.java:3015)
04-22 02:33:24.248 18182 18220 W err     : 	at android.os.Parcel.createException(Parcel.java:2995)
04-22 02:33:24.248 18182 18220 W err     : 	at android.os.Parcel.readException(Parcel.java:2978)
04-22 02:33:24.248 18182 18220 W err     : 	at android.os.Parcel.readException(Parcel.java:2920)
04-22 02:33:24.248 18182 18220 W err     : 	at android.content.pm.IPackageManager$Stub$Proxy.setComponentEnabledSetting(IPackageManager.java:5881)
04-22 02:33:24.248 18182 18220 W err     : 	at android.app.ApplicationPackageManager.setComponentEnabledSetting(ApplicationPackageManager.java:3050)
04-22 02:33:24.248 18182 18220 W err     : 	at err.a(PG:4)
04-22 02:33:24.248 18182 18220 W err     : 	at ixx.d(PG:6)
04-22 02:33:24.248 18182 18220 W err     : 	at ixz.run(PG:93)
04-22 02:33:24.248 18182 18220 W err     : 	at nsr.execute(PG:1)
04-22 02:33:24.248 18182 18220 W err     : 	at iyd.a(PG:11)
04-22 02:33:24.248 18182 18220 W err     : 	at pgh.b(PG:5)
04-22 02:33:24.248 18182 18220 W err     : 	at iyn.h(PG:3)
04-22 02:33:24.248 18182 18220 W err     : 	at isa.d(PG:1)
04-22 02:33:24.248 18182 18220 W err     : 	at ixz.run(PG:93)
04-22 02:33:24.248 18182 18220 W err     : 	at nsr.execute(PG:1)
04-22 02:33:24.248 18182 18220 W err     : 	at iyd.a(PG:11)
04-22 02:33:24.248 18182 18220 W err     : 	at pgh.b(PG:5)
04-22 02:33:24.248 18182 18220 W err     : 	at kam.b(PG:2)
04-22 02:33:24.248 18182 18220 W err     : 	at ntf.run(PG:6)
04-22 02:33:24.248 18182 18220 W err     : 	at nsr.execute(PG:1)
04-22 02:33:24.248 18182 18220 W err     : 	at nsd.n(PG:1)
04-22 02:33:24.248 18182 18220 W err     : 	at nsd.j(PG:12)
04-22 02:33:24.248 18182 18220 W err     : 	at nsd.c(PG:2)
04-22 02:33:24.248 18182 18220 W err     : 	at nsg$b.g(PG:1)
04-22 02:33:24.248 18182 18220 W err     : 	at nsg.run(PG:12)
04-22 02:33:24.248 18182 18220 W err     : 	at nsr.execute(PG:1)
04-22 02:33:24.248 18182 18220 W err     : 	at nsd.n(PG:1)
04-22 02:33:24.248 18182 18220 W err     : 	at nsd.j(PG:12)
04-22 02:33:24.248 18182 18220 W err     : 	at nsd.dJ(PG:5)
04-22 02:33:24.248 18182 18220 W err     : 	at nsg$a.g(PG:2)
04-22 02:33:24.248 18182 18220 W err     : 	at nsg.run(PG:12)
04-22 02:33:24.248 18182 18220 W err     : 	at nsr.execute(PG:1)
04-22 02:33:24.248 18182 18220 W err     : 	at nsd.n(PG:1)
04-22 02:33:24.248 18182 18220 W err     : 	at nsd.j(PG:12)
04-22 02:33:24.248 18182 18220 W err     : 	at nsd.c(PG:2)
04-22 02:33:24.248 18182 18220 W err     : 	at nsc.run(PG:12)
04-22 02:33:24.248 18182 18220 W err     : 	at nsr.execute(PG:1)
04-22 02:33:24.248 18182 18220 W err     : 	at nsd.n(PG:1)
04-22 02:33:24.248 18182 18220 W err     : 	at nsd.j(PG:12)
04-22 02:33:24.248 18182 18220 W err     : 	at nsd.c(PG:2)
04-22 02:33:24.248 18182 18220 W err     : 	at nsg$b.g(PG:1)
04-22 02:33:24.248 18182 18220 W err     : 	at nsg.run(PG:12)
04-22 02:33:24.248 18182 18220 W err     : 	at nsr.execute(PG:1)
04-22 02:33:24.248 18182 18220 W err     : 	at nsd.n(PG:1)
04-22 02:33:24.248 18182 18220 W err     : 	at nsd.j(PG:12)
04-22 02:33:24.248 18182 18220 W err     : 	at nsd.c(PG:2)
04-22 02:33:24.248 18182 18220 W err     : 	at kao.c(PG:1)
04-22 02:33:24.248 18182 18220 W err     : 	at khr.a(PG:9)
04-22 02:33:24.248 18182 18220 W err     : 	at ixz.run(PG:100)
04-22 02:33:24.248 18182 18220 W err     : 	at nsr.execute(PG:1)
04-22 02:33:24.248 18182 18220 W err     : 	at iyd.a(PG:7)
04-22 02:33:24.248 18182 18220 W err     : 	at pgh.b(PG:5)
04-22 02:33:24.248 18182 18220 W err     : 	at iyn.h(PG:3)
04-22 02:33:24.248 18182 18220 W err     : 	at isl.a(PG:1)
04-22 02:33:24.248 18182 18220 W err     : 	at irx.dispatchTransaction(PG:4)
04-22 02:33:24.248 18182 18220 W err     : 	at dhm.onTransact(PG:2)
04-22 02:33:24.248 18182 18220 W err     : 	at android.os.Binder.execTransactInternal(Binder.java:1285)
04-22 02:33:24.248 18182 18220 W err     : 	at android.os.Binder.execTransact(Binder.java:1244)
04-22 02:33:24.248 18182 18220 W err     : Error changing state for com.google.android.apps.docs.editors.kix.conversion.KixOnlineImportActivity
04-22 02:33:24.248 18182 18220 W err     : java.lang.IllegalArgumentException: Component class com.google.android.apps.docs.editors.kix.conversion.KixOnlineImportActivity does not exist in com.google.android.apps.docs
04-22 02:33:24.248 18182 18220 W err     : 	at android.os.Parcel.createExceptionOrNull(Parcel.java:3015)
04-22 02:33:24.248 18182 18220 W err     : 	at android.os.Parcel.createException(Parcel.java:2995)
04-22 02:33:24.248 18182 18220 W err     : 	at android.os.Parcel.readException(Parcel.java:2978)
04-22 02:33:24.248 18182 18220 W err     : 	at android.os.Parcel.readException(Parcel.java:2920)
04-22 02:33:24.248 18182 18220 W err     : 	at android.content.pm.IPackageManager$Stub$Proxy.setComponentEnabledSetting(IPackageManager.java:5881)
04-22 02:33:24.248 18182 18220 W err     : 	at android.app.ApplicationPackageManager.setComponentEnabledSetting(ApplicationPackageManager.java:3050)
04-22 02:33:24.248 18182 18220 W err     : 	at err.a(PG:4)
04-22 02:33:24.248 18182 18220 W err     : 	at ixx.d(PG:6)
04-22 02:33:24.248 18182 18220 W err     : 	at ixz.run(PG:93)
04-22 02:33:24.248 18182 18220 W err     : 	at nsr.execute(PG:1)
04-22 02:33:24.248 18182 18220 W err     : 	at iyd.a(PG:11)
04-22 02:33:24.248 18182 18220 W err     : 	at pgh.b(PG:5)
04-22 02:33:24.248 18182 18220 W err     : 	at iyn.h(PG:3)
04-22 02:33:24.248 18182 18220 W err     : 	at isa.d(PG:1)
04-22 02:33:24.248 18182 18220 W err     : 	at ixz.run(PG:93)
04-22 02:33:24.248 18182 18220 W err     : 	at nsr.execute(PG:1)
04-22 02:33:24.248 18182 18220 W err     : 	at iyd.a(PG:11)
04-22 02:33:24.248 18182 18220 W err     : 	at pgh.b(PG:5)
04-22 02:33:24.248 18182 18220 W err     : 	at kam.b(PG:2)
04-22 02:33:24.248 18182 18220 W err     : 	at ntf.run(PG:6)
04-22 02:33:24.248 18182 18220 W err     : 	at nsr.execute(PG:1)
04-22 02:33:24.248 18182 18220 W err     : 	at nsd.n(PG:1)
04-22 02:33:24.248 18182 18220 W err     : 	at nsd.j(PG:12)
04-22 02:33:24.248 18182 18220 W err     : 	at nsd.c(PG:2)
04-22 02:33:24.248 18182 18220 W err     : 	at nsg$b.g(PG:1)
04-22 02:33:24.248 18182 18220 W err     : 	at nsg.run(PG:12)
04-22 02:33:24.248 18182 18220 W err     : 	at nsr.execute(PG:1)
04-22 02:33:24.248 18182 18220 W err     : 	at nsd.n(PG:1)
04-22 02:33:24.248 18182 18220 W err     : 	at nsd.j(PG:12)
04-22 02:33:24.248 18182 18220 W err     : 	at nsd.dJ(PG:5)
04-22 02:33:24.248 18182 18220 W err     : 	at nsg$a.g(PG:2)
04-22 02:33:24.248 18182 18220 W err     : 	at nsg.run(PG:12)
04-22 02:33:24.248 18182 18220 W err     : 	at nsr.execute(PG:1)
04-22 02:33:24.248 18182 18220 W err     : 	at nsd.n(PG:1)
04-22 02:33:24.248 18182 18220 W err     : 	at nsd.j(PG:12)
04-22 02:33:24.248 18182 18220 W err     : 	at nsd.c(PG:2)
04-22 02:33:24.248 18182 18220 W err     : 	at nsc.run(PG:12)
04-22 02:33:24.248 18182 18220 W err     : 	at nsr.execute(PG:1)
04-22 02:33:24.248 18182 18220 W err     : 	at nsd.n(PG:1)
04-22 02:33:24.248 18182 18220 W err     : 	at nsd.j(PG:12)
04-22 02:33:24.248 18182 18220 W err     : 	at nsd.c(PG:2)
04-22 02:33:24.248 18182 18220 W err     : 	at nsg$b.g(PG:1)
04-22 02:33:24.248 18182 18220 W err     : 	at nsg.run(PG:12)
04-22 02:33:24.248 18182 18220 W err     : 	at nsr.execute(PG:1)
04-22 02:33:24.248 18182 18220 W err     : 	at nsd.n(PG:1)
04-22 02:33:24.248 18182 18220 W err     : 	at nsd.j(PG:12)
04-22 02:33:24.248 18182 18220 W err     : 	at nsd.c(PG:2)
04-22 02:33:24.248 18182 18220 W err     : 	at kao.c(PG:1)
04-22 02:33:24.248 18182 18220 W err     : 	at khr.a(PG:9)
04-22 02:33:24.248 18182 18220 W err     : 	at ixz.run(PG:100)
04-22 02:33:24.248 18182 18220 W err     : 	at nsr.execute(PG:1)
04-22 02:33:24.248 18182 18220 W err     : 	at iyd.a(PG:7)
04-22 02:33:24.248 18182 18220 W err     : 	at pgh.b(PG:5)
04-22 02:33:24.248 18182 18220 W err     : 	at iyn.h(PG:3)
04-22 02:33:24.248 18182 18220 W err     : 	at isl.a(PG:1)
04-22 02:33:24.248 18182 18220 W err     : 	at irx.dispatchTransaction(PG:4)
04-22 02:33:24.248 18182 18220 W err     : 	at dhm.onTransact(PG:2)
04-22 02:33:24.248 18182 18220 W err     : 	at android.os.Binder.execTransactInternal(Binder.java:1285)
04-22 02:33:24.248 18182 18220 W err     : 	at android.os.Binder.execTransact(Binder.java:1244)
04-22 02:33:24.248 18182 18220 W err     : Error changing state for com.google.android.apps.docs.editors.kix.conversion.KixOnlineImportActivity
04-22 02:33:24.248 18182 18220 W err     : java.lang.IllegalArgumentException: Component class com.google.android.apps.docs.editors.kix.conversion.KixOnlineImportActivity does not exist in com.google.android.apps.docs
04-22 02:33:24.248 18182 18220 W err     : 	at android.os.Parcel.createExceptionOrNull(Parcel.java:3015)
04-22 02:33:24.248 18182 18220 W err     : 	at android.os.Parcel.createException(Parcel.java:2995)
04-22 02:33:24.248 18182 18220 W err     : 	at android.os.Parcel.readException(Parcel.java:2978)
04-22 02:33:24.248 18182 18220 W err     : 	at android.os.Parcel.readException(Parcel.java:2920)
04-22 02:33:24.248 18182 18220 W err     : 	at android.content.pm.IPackageManager$Stub$Proxy.setComponentEnabledSetting(IPackageManager.java:5881)
04-22 02:33:24.248 18182 18220 W err     : 	at android.app.ApplicationPackageManager.setComponentEnabledSetting(ApplicationPackageManager.java:3050)
04-22 02:33:24.248 18182 18220 W err     : 	at err.a(PG:4)
04-22 02:33:24.248 18182 18220 W err     : 	at ixx.d(PG:6)
04-22 02:33:24.248 18182 18220 W err     : 	at ixz.run(PG:93)
04-22 02:33:24.248 18182 18220 W err     : 	at nsr.execute(PG:1)
04-22 02:33:24.248 18182 18220 W err     : 	at iyd.a(PG:11)
04-22 02:33:24.248 18182 18220 W err     : 	at pgh.b(PG:5)
04-22 02:33:24.248 18182 18220 W err     : 	at iyn.h(PG:3)
04-22 02:33:24.248 18182 18220 W err     : 	at isa.d(PG:1)
04-22 02:33:24.248 18182 18220 W err     : 	at ixz.run(PG:93)
04-22 02:33:24.248 18182 18220 W err     : 	at nsr.execute(PG:1)
04-22 02:33:24.248 18182 18220 W err     : 	at iyd.a(PG:11)
04-22 02:33:24.248 18182 18220 W err     : 	at pgh.b(PG:5)
04-22 02:33:24.248 18182 18220 W err     : 	at kam.b(PG:2)
04-22 02:33:24.248 18182 18220 W err     : 	at ntf.run(PG:6)
04-22 02:33:24.248 18182 18220 W err     : 	at nsr.execute(PG:1)
04-22 02:33:24.248 18182 18220 W err     : 	at nsd.n(PG:1)
04-22 02:33:24.248 18182 18220 W err     : 	at nsd.j(PG:12)
04-22 02:33:24.248 18182 18220 W err     : 	at nsd.c(PG:2)
04-22 02:33:24.248 18182 18220 W err     : 	at nsg$b.g(PG:1)
04-22 02:33:24.248 18182 18220 W err     : 	at nsg.run(PG:12)
04-22 02:33:24.248 18182 18220 W err     : 	at nsr.execute(PG:1)
04-22 02:33:24.248 18182 18220 W err     : 	at nsd.n(PG:1)
04-22 02:33:24.248 18182 18220 W err     : 	at nsd.j(PG:12)
04-22 02:33:24.248 18182 18220 W err     : 	at nsd.dJ(PG:5)
04-22 02:33:24.248 18182 18220 W err     : 	at nsg$a.g(PG:2)
04-22 02:33:24.248 18182 18220 W err     : 	at nsg.run(PG:12)
04-22 02:33:24.248 18182 18220 W err     : 	at nsr.execute(PG:1)
04-22 02:33:24.248 18182 18220 W err     : 	at nsd.n(PG:1)
04-22 02:33:24.248 18182 18220 W err     : 	at nsd.j(PG:12)
04-22 02:33:24.248 18182 18220 W err     : 	at nsd.c(PG:2)
04-22 02:33:24.248 18182 18220 W err     : 	at nsc.run(PG:12)
04-22 02:33:24.248 18182 18220 W err     : 	at nsr.execute(PG:1)
04-22 02:33:24.248 18182 18220 W err     : 	at nsd.n(PG:1)
04-22 02:33:24.248 18182 18220 W err     : 	at nsd.j(PG:12)
04-22 02:33:24.248 18182 18220 W err     : 	at nsd.c(PG:2)
04-22 02:33:24.248 18182 18220 W err     : 	at nsg$b.g(PG:1)
04-22 02:33:24.248 18182 18220 W err     : 	at nsg.run(PG:12)
04-22 02:33:24.248 18182 18220 W err     : 	at nsr.execute(PG:1)
04-22 02:33:24.248 18182 18220 W err     : 	at nsd.n(PG:1)
04-22 02:33:24.248 18182 18220 W err     : 	at nsd.j(PG:12)
04-22 02:33:24.248 18182 18220 W err     : 	at nsd.c(PG:2)
04-22 02:33:24.248 18182 18220 W err     : 	at kao.c(PG:1)
04-22 02:33:24.248 18182 18220 W err     : 	at khr.a(PG:9)
04-22 02:33:24.248 18182 18220 W err     : 	at ixz.run(PG:100)
04-22 02:33:24.248 18182 18220 W err     : 	at nsr.execute(PG:1)
04-22 02:33:24.248 18182 18220 W err     : 	at iyd.a(PG:7)
04-22 02:33:24.248 18182 18220 W err     : 	at pgh.b(PG:5)
04-22 02:33:24.248 18182 18220 W err     : 	at iyn.h(PG:3)
04-22 02:33:24.248 18182 18220 W err     : 	at isl.a(PG:1)
04-22 02:33:24.248 18182 18220 W err     : 	at irx.dispatchTransaction(PG:4)
04-22 02:33:24.248 18182 18220 W err     : 	at dhm.onTransact(PG:2)
04-22 02:33:24.248 18182 18220 W err     : 	at android.os.Binder.execTransactInternal(Binder.java:1285)
04-22 02:33:24.248 18182 18220 W err     : 	at android.os.Binder.execTransact(Binder.java:1244)
04-22 02:33:24.248 18182 18220 W err     : Error changing state for com.google.android.apps.docs.editors.ritz.conversion.RitzOnlineImportActivity
04-22 02:33:24.248 18182 18220 W err     : java.lang.IllegalArgumentException: Component class com.google.android.apps.docs.editors.ritz.conversion.RitzOnlineImportActivity does not exist in com.google.android.apps.docs
04-22 02:33:24.248 18182 18220 W err     : 	at android.os.Parcel.createExceptionOrNull(Parcel.java:3015)
04-22 02:33:24.248 18182 18220 W err     : 	at android.os.Parcel.createException(Parcel.java:2995)
04-22 02:33:24.248 18182 18220 W err     : 	at android.os.Parcel.readException(Parcel.java:2978)
04-22 02:33:24.248 18182 18220 W err     : 	at android.os.Parcel.readException(Parcel.java:2920)
04-22 02:33:24.248 18182 18220 W err     : 	at android.content.pm.IPackageManager$Stub$Proxy.setComponentEnabledSetting(IPackageManager.java:5881)
04-22 02:33:24.248 18182 18220 W err     : 	at android.app.ApplicationPackageManager.setComponentEnabledSetting(ApplicationPackageManager.java:3050)
04-22 02:33:24.248 18182 18220 W err     : 	at err.a(PG:4)
04-22 02:33:24.248 18182 18220 W err     : 	at ixx.d(PG:6)
04-22 02:33:24.248 18182 18220 W err     : 	at ixz.run(PG:93)
04-22 02:33:24.248 18182 18220 W err     : 	at nsr.execute(PG:1)
04-22 02:33:24.248 18182 18220 W err     : 	at iyd.a(PG:11)
04-22 02:33:24.248 18182 18220 W err     : 	at pgh.b(PG:5)
04-22 02:33:24.248 18182 18220 W err     : 	at iyn.h(PG:3)
04-22 02:33:24.248 18182 18220 W err     : 	at isa.d(PG:1)
04-22 02:33:24.248 18182 18220 W err     : 	at ixz.run(PG:93)
04-22 02:33:24.248 18182 18220 W err     : 	at nsr.execute(PG:1)
04-22 02:33:24.248 18182 18220 W err     : 	at iyd.a(PG:11)
04-22 02:33:24.248 18182 18220 W err     : 	at pgh.b(PG:5)
04-22 02:33:24.248 18182 18220 W err     : 	at kam.b(PG:2)
04-22 02:33:24.248 18182 18220 W err     : 	at ntf.run(PG:6)
04-22 02:33:24.248 18182 18220 W err     : 	at nsr.execute(PG:1)
04-22 02:33:24.248 18182 18220 W err     : 	at nsd.n(PG:1)
04-22 02:33:24.248 18182 18220 W err     : 	at nsd.j(PG:12)
04-22 02:33:24.248 18182 18220 W err     : 	at nsd.c(PG:2)
04-22 02:33:24.248 18182 18220 W err     : 	at nsg$b.g(PG:1)
04-22 02:33:24.248 18182 18220 W err     : 	at nsg.run(PG:12)
04-22 02:33:24.248 18182 18220 W err     : 	at nsr.execute(PG:1)
04-22 02:33:24.248 18182 18220 W err     : 	at nsd.n(PG:1)
04-22 02:33:24.248 18182 18220 W err     : 	at nsd.j(PG:12)
04-22 02:33:24.248 18182 18220 W err     : 	at nsd.dJ(PG:5)
04-22 02:33:24.248 18182 18220 W err     : 	at nsg$a.g(PG:2)
04-22 02:33:24.248 18182 18220 W err     : 	at nsg.run(PG:12)
04-22 02:33:24.248 18182 18220 W err     : 	at nsr.execute(PG:1)
04-22 02:33:24.248 18182 18220 W err     : 	at nsd.n(PG:1)
04-22 02:33:24.248 18182 18220 W err     : 	at nsd.j(PG:12)
04-22 02:33:24.248 18182 18220 W err     : 	at nsd.c(PG:2)
04-22 02:33:24.248 18182 18220 W err     : 	at nsc.run(PG:12)
04-22 02:33:24.248 18182 18220 W err     : 	at nsr.execute(PG:1)
04-22 02:33:24.248 18182 18220 W err     : 	at nsd.n(PG:1)
04-22 02:33:24.248 18182 18220 W err     : 	at nsd.j(PG:12)
04-22 02:33:24.248 18182 18220 W err     : 	at nsd.c(PG:2)
04-22 02:33:24.248 18182 18220 W err     : 	at nsg$b.g(PG:1)
04-22 02:33:24.248 18182 18220 W err     : 	at nsg.run(PG:12)
04-22 02:33:24.248 18182 18220 W err     : 	at nsr.execute(PG:1)
04-22 02:33:24.248 18182 18220 W err     : 	at nsd.n(PG:1)
04-22 02:33:24.248 18182 18220 W err     : 	at nsd.j(PG:12)
04-22 02:33:24.248 18182 18220 W err     : 	at nsd.c(PG:2)
04-22 02:33:24.248 18182 18220 W err     : 	at kao.c(PG:1)
04-22 02:33:24.248 18182 18220 W err     : 	at khr.a(PG:9)
04-22 02:33:24.248 18182 18220 W err     : 	at ixz.run(PG:100)
04-22 02:33:24.248 18182 18220 W err     : 	at nsr.execute(PG:1)
04-22 02:33:24.248 18182 18220 W err     : 	at iyd.a(PG:7)
04-22 02:33:24.248 18182 18220 W err     : 	at pgh.b(PG:5)
04-22 02:33:24.248 18182 18220 W err     : 	at iyn.h(PG:3)
04-22 02:33:24.248 18182 18220 W err     : 	at isl.a(PG:1)
04-22 02:33:24.248 18182 18220 W err     : 	at irx.dispatchTransaction(PG:4)
04-22 02:33:24.248 18182 18220 W err     : 	at dhm.onTransact(PG:2)
04-22 02:33:24.248 18182 18220 W err     : 	at android.os.Binder.execTransactInternal(Binder.java:1285)
04-22 02:33:24.248 18182 18220 W err     : 	at android.os.Binder.execTransact(Binder.java:1244)
04-22 02:33:24.248 18182 18220 W err     : Error changing state for com.google.android.apps.docs.editors.ritz.conversion.RitzOnlineImportActivity
04-22 02:33:24.248 18182 18220 W err     : java.lang.IllegalArgumentException: Component class com.google.android.apps.docs.editors.ritz.conversion.RitzOnlineImportActivity does not exist in com.google.android.apps.docs
04-22 02:33:24.248 18182 18220 W err     : 	at android.os.Parcel.createExceptionOrNull(Parcel.java:3015)
04-22 02:33:24.248 18182 18220 W err     : 	at android.os.Parcel.createException(Parcel.java:2995)
04-22 02:33:24.248 18182 18220 W err     : 	at android.os.Parcel.readException(Parcel.java:2978)
04-22 02:33:24.248 18182 18220 W err     : 	at android.os.Parcel.readException(Parcel.java:2920)
04-22 02:33:24.248 18182 18220 W err     : 	at android.content.pm.IPackageManager$Stub$Proxy.setComponentEnabledSetting(IPackageManager.java:5881)
04-22 02:33:24.248 18182 18220 W err     : 	at android.app.ApplicationPackageManager.setComponentEnabledSetting(ApplicationPackageManager.java:3050)
04-22 02:33:24.248 18182 18220 W err     : 	at err.a(PG:4)
04-22 02:33:24.248 18182 18220 W err     : 	at ixx.d(PG:6)
04-22 02:33:24.248 18182 18220 W err     : 	at ixz.run(PG:93)
04-22 02:33:24.248 18182 18220 W err     : 	at nsr.execute(PG:1)
04-22 02:33:24.248 18182 18220 W err     : 	at iyd.a(PG:11)
04-22 02:33:24.248 18182 18220 W err     : 	at pgh.b(PG:5)
04-22 02:33:24.248 18182 18220 W err     : 	at iyn.h(PG:3)
04-22 02:33:24.248 18182 18220 W err     : 	at isa.d(PG:1)
04-22 02:33:24.248 18182 18220 W err     : 	at ixz.run(PG:93)
04-22 02:33:24.248 18182 18220 W err     : 	at nsr.execute(PG:1)
04-22 02:33:24.248 18182 18220 W err     : 	at iyd.a(PG:11)
04-22 02:33:24.248 18182 18220 W err     : 	at pgh.b(PG:5)
04-22 02:33:24.248 18182 18220 W err     : 	at kam.b(PG:2)
04-22 02:33:24.248 18182 18220 W err     : 	at ntf.run(PG:6)
04-22 02:33:24.248 18182 18220 W err     : 	at nsr.execute(PG:1)
04-22 02:33:24.248 18182 18220 W err     : 	at nsd.n(PG:1)
04-22 02:33:24.248 18182 18220 W err     : 	at nsd.j(PG:12)
04-22 02:33:24.248 18182 18220 W err     : 	at nsd.c(PG:2)
04-22 02:33:24.248 18182 18220 W err     : 	at nsg$b.g(PG:1)
04-22 02:33:24.248 18182 18220 W err     : 	at nsg.run(PG:12)
04-22 02:33:24.248 18182 18220 W err     : 	at nsr.execute(PG:1)
04-22 02:33:24.248 18182 18220 W err     : 	at nsd.n(PG:1)
04-22 02:33:24.248 18182 18220 W err     : 	at nsd.j(PG:12)
04-22 02:33:24.248 18182 18220 W err     : 	at nsd.dJ(PG:5)
04-22 02:33:24.248 18182 18220 W err     : 	at nsg$a.g(PG:2)
04-22 02:33:24.248 18182 18220 W err     : 	at nsg.run(PG:12)
04-22 02:33:24.248 18182 18220 W err     : 	at nsr.execute(PG:1)
04-22 02:33:24.248 18182 18220 W err     : 	at nsd.n(PG:1)
04-22 02:33:24.248 18182 18220 W err     : 	at nsd.j(PG:12)
04-22 02:33:24.248 18182 18220 W err     : 	at nsd.c(PG:2)
04-22 02:33:24.248 18182 18220 W err     : 	at nsc.run(PG:12)
04-22 02:33:24.248 18182 18220 W err     : 	at nsr.execute(PG:1)
04-22 02:33:24.248 18182 18220 W err     : 	at nsd.n(PG:1)
04-22 02:33:24.248 18182 18220 W err     : 	at nsd.j(PG:12)
04-22 02:33:24.248 18182 18220 W err     : 	at nsd.c(PG:2)
04-22 02:33:24.248 18182 18220 W err     : 	at nsg$b.g(PG:1)
04-22 02:33:24.248 18182 18220 W err     : 	at nsg.run(PG:12)
04-22 02:33:24.248 18182 18220 W err     : 	at nsr.execute(PG:1)
04-22 02:33:24.248 18182 18220 W err     : 	at nsd.n(PG:1)
04-22 02:33:24.248 18182 18220 W err     : 	at nsd.j(PG:12)
04-22 02:33:24.248 18182 18220 W err     : 	at nsd.c(PG:2)
04-22 02:33:24.248 18182 18220 W err     : 	at kao.c(PG:1)
04-22 02:33:24.248 18182 18220 W err     : 	at khr.a(PG:9)
04-22 02:33:24.248 18182 18220 W err     : 	at ixz.run(PG:100)
04-22 02:33:24.248 18182 18220 W err     : 	at nsr.execute(PG:1)
04-22 02:33:24.248 18182 18220 W err     : 	at iyd.a(PG:7)
04-22 02:33:24.248 18182 18220 W err     : 	at pgh.b(PG:5)
04-22 02:33:24.248 18182 18220 W err     : 	at iyn.h(PG:3)
04-22 02:33:24.248 18182 18220 W err     : 	at isl.a(PG:1)
04-22 02:33:24.248 18182 18220 W err     : 	at irx.dispatchTransaction(PG:4)
04-22 02:33:24.248 18182 18220 W err     : 	at dhm.onTransact(PG:2)
04-22 02:33:24.248 18182 18220 W err     : 	at android.os.Binder.execTransactInternal(Binder.java:1285)
04-22 02:33:24.248 18182 18220 W err     : 	at android.os.Binder.execTransact(Binder.java:1244)
04-22 02:33:24.248 18182 18220 W err     : Error changing state for com.google.android.apps.docs.editors.punch.conversion.PunchOnlineImportActivity
04-22 02:33:24.248 18182 18220 W err     : java.lang.IllegalArgumentException: Component class com.google.android.apps.docs.editors.punch.conversion.PunchOnlineImportActivity does not exist in com.google.android.apps.docs
04-22 02:33:24.248 18182 18220 W err     : 	at android.os.Parcel.createExceptionOrNull(Parcel.java:3015)
04-22 02:33:24.248 18182 18220 W err     : 	at android.os.Parcel.createException(Parcel.java:2995)
04-22 02:33:24.248 18182 18220 W err     : 	at android.os.Parcel.readException(Parcel.java:2978)
04-22 02:33:24.248 18182 18220 W err     : 	at android.os.Parcel.readException(Parcel.java:2920)
04-22 02:33:24.248 18182 18220 W err     : 	at android.content.pm.IPackageManager$Stub$Proxy.setComponentEnabledSetting(IPackageManager.java:5881)
04-22 02:33:24.248 18182 18220 W err     : 	at android.app.ApplicationPackageManager.setComponentEnabledSetting(ApplicationPackageManager.java:3050)
04-22 02:33:24.248 18182 18220 W err     : 	at err.a(PG:4)
04-22 02:33:24.248 18182 18220 W err     : 	at ixx.d(PG:6)
04-22 02:33:24.248 18182 18220 W err     : 	at ixz.run(PG:93)
04-22 02:33:24.248 18182 18220 W err     : 	at nsr.execute(PG:1)
04-22 02:33:24.248 18182 18220 W err     : 	at iyd.a(PG:11)
04-22 02:33:24.248 18182 18220 W err     : 	at pgh.b(PG:5)
04-22 02:33:24.248 18182 18220 W err     : 	at iyn.h(PG:3)
04-22 02:33:24.248 18182 18220 W err     : 	at isa.d(PG:1)
04-22 02:33:24.248 18182 18220 W err     : 	at ixz.run(PG:93)
04-22 02:33:24.248 18182 18220 W err     : 	at nsr.execute(PG:1)
04-22 02:33:24.248 18182 18220 W err     : 	at iyd.a(PG:11)
04-22 02:33:24.248 18182 18220 W err     : 	at pgh.b(PG:5)
04-22 02:33:24.248 18182 18220 W err     : 	at kam.b(PG:2)
04-22 02:33:24.248 18182 18220 W err     : 	at ntf.run(PG:6)
04-22 02:33:24.248 18182 18220 W err     : 	at nsr.execute(PG:1)
04-22 02:33:24.248 18182 18220 W err     : 	at nsd.n(PG:1)
04-22 02:33:24.248 18182 18220 W err     : 	at nsd.j(PG:12)
04-22 02:33:24.248 18182 18220 W err     : 	at nsd.c(PG:2)
04-22 02:33:24.248 18182 18220 W err     : 	at nsg$b.g(PG:1)
04-22 02:33:24.248 18182 18220 W err     : 	at nsg.run(PG:12)
04-22 02:33:24.248 18182 18220 W err     : 	at nsr.execute(PG:1)
04-22 02:33:24.248 18182 18220 W err     : 	at nsd.n(PG:1)
04-22 02:33:24.248 18182 18220 W err     : 	at nsd.j(PG:12)
04-22 02:33:24.248 18182 18220 W err     : 	at nsd.dJ(PG:5)
04-22 02:33:24.248 18182 18220 W err     : 	at nsg$a.g(PG:2)
04-22 02:33:24.248 18182 18220 W err     : 	at nsg.run(PG:12)
04-22 02:33:24.248 18182 18220 W err     : 	at nsr.execute(PG:1)
04-22 02:33:24.248 18182 18220 W err     : 	at nsd.n(PG:1)
04-22 02:33:24.248 18182 18220 W err     : 	at nsd.j(PG:12)
04-22 02:33:24.248 18182 18220 W err     : 	at nsd.c(PG:2)
04-22 02:33:24.248 18182 18220 W err     : 	at nsc.run(PG:12)
04-22 02:33:24.248 18182 18220 W err     : 	at nsr.execute(PG:1)
04-22 02:33:24.248 18182 18220 W err     : 	at nsd.n(PG:1)
04-22 02:33:24.248 18182 18220 W err     : 	at nsd.j(PG:12)
04-22 02:33:24.248 18182 18220 W err     : 	at nsd.c(PG:2)
04-22 02:33:24.248 18182 18220 W err     : 	at nsg$b.g(PG:1)
04-22 02:33:24.248 18182 18220 W err     : 	at nsg.run(PG:12)
04-22 02:33:24.248 18182 18220 W err     : 	at nsr.execute(PG:1)
04-22 02:33:24.248 18182 18220 W err     : 	at nsd.n(PG:1)
04-22 02:33:24.248 18182 18220 W err     : 	at nsd.j(PG:12)
04-22 02:33:24.248 18182 18220 W err     : 	at nsd.c(PG:2)
04-22 02:33:24.248 18182 18220 W err     : 	at kao.c(PG:1)
04-22 02:33:24.248 18182 18220 W err     : 	at khr.a(PG:9)
04-22 02:33:24.248 18182 18220 W err     : 	at ixz.run(PG:100)
04-22 02:33:24.248 18182 18220 W err     : 	at nsr.execute(PG:1)
04-22 02:33:24.248 18182 18220 W err     : 	at iyd.a(PG:7)
04-22 02:33:24.248 18182 18220 W err     : 	at pgh.b(PG:5)
04-22 02:33:24.248 18182 18220 W err     : 	at iyn.h(PG:3)
04-22 02:33:24.248 18182 18220 W err     : 	at isl.a(PG:1)
04-22 02:33:24.248 18182 18220 W err     : 	at irx.dispatchTransaction(PG:4)
04-22 02:33:24.248 18182 18220 W err     : 	at dhm.onTransact(PG:2)
04-22 02:33:24.248 18182 18220 W err     : 	at android.os.Binder.execTransactInternal(Binder.java:1285)
04-22 02:33:24.248 18182 18220 W err     : 	at android.os.Binder.execTransact(Binder.java:1244)
04-22 02:33:24.248 18182 18220 W err     : Error changing state for com.google.android.apps.docs.editors.punch.conversion.PunchOnlineImportActivity
04-22 02:33:24.248 18182 18220 W err     : java.lang.IllegalArgumentException: Component class com.google.android.apps.docs.editors.punch.conversion.PunchOnlineImportActivity does not exist in com.google.android.apps.docs
04-22 02:33:24.248 18182 18220 W err     : 	at android.os.Parcel.createExceptionOrNull(Parcel.java:3015)
04-22 02:33:24.248 18182 18220 W err     : 	at android.os.Parcel.createException(Parcel.java:2995)
04-22 02:33:24.248 18182 18220 W err     : 	at android.os.Parcel.readException(Parcel.java:2978)
04-22 02:33:24.248 18182 18220 W err     : 	at android.os.Parcel.readException(Parcel.java:2920)
04-22 02:33:24.248 18182 18220 W err     : 	at android.content.pm.IPackageManager$Stub$Proxy.setComponentEnabledSetting(IPackageManager.java:5881)
04-22 02:33:24.248 18182 18220 W err     : 	at android.app.ApplicationPackageManager.setComponentEnabledSetting(ApplicationPackageManager.java:3050)
04-22 02:33:24.248 18182 18220 W err     : 	at err.a(PG:4)
04-22 02:33:24.248 18182 18220 W err     : 	at ixx.d(PG:6)
04-22 02:33:24.248 18182 18220 W err     : 	at ixz.run(PG:93)
04-22 02:33:24.248 18182 18220 W err     : 	at nsr.execute(PG:1)
04-22 02:33:24.248 18182 18220 W err     : 	at iyd.a(PG:11)
04-22 02:33:24.248 18182 18220 W err     : 	at pgh.b(PG:5)
04-22 02:33:24.248 18182 18220 W err     : 	at iyn.h(PG:3)
04-22 02:33:24.248 18182 18220 W err     : 	at isa.d(PG:1)
04-22 02:33:24.248 18182 18220 W err     : 	at ixz.run(PG:93)
04-22 02:33:24.248 18182 18220 W err     : 	at nsr.execute(PG:1)
04-22 02:33:24.248 18182 18220 W err     : 	at iyd.a(PG:11)
04-22 02:33:24.248 18182 18220 W err     : 	at pgh.b(PG:5)
04-22 02:33:24.248 18182 18220 W err     : 	at kam.b(PG:2)
04-22 02:33:24.248 18182 18220 W err     : 	at ntf.run(PG:6)
04-22 02:33:24.248 18182 18220 W err     : 	at nsr.execute(PG:1)
04-22 02:33:24.248 18182 18220 W err     : 	at nsd.n(PG:1)
04-22 02:33:24.248 18182 18220 W err     : 	at nsd.j(PG:12)
04-22 02:33:24.248 18182 18220 W err     : 	at nsd.c(PG:2)
04-22 02:33:24.248 18182 18220 W err     : 	at nsg$b.g(PG:1)
04-22 02:33:24.248 18182 18220 W err     : 	at nsg.run(PG:12)
04-22 02:33:24.248 18182 18220 W err     : 	at nsr.execute(PG:1)
04-22 02:33:24.248 18182 18220 W err     : 	at nsd.n(PG:1)
04-22 02:33:24.248 18182 18220 W err     : 	at nsd.j(PG:12)
04-22 02:33:24.248 18182 18220 W err     : 	at nsd.dJ(PG:5)
04-22 02:33:24.248 18182 18220 W err     : 	at nsg$a.g(PG:2)
04-22 02:33:24.248 18182 18220 W err     : 	at nsg.run(PG:12)
04-22 02:33:24.248 18182 18220 W err     : 	at nsr.execute(PG:1)
04-22 02:33:24.248 18182 18220 W err     : 	at nsd.n(PG:1)
04-22 02:33:24.248 18182 18220 W err     : 	at nsd.j(PG:12)
04-22 02:33:24.248 18182 18220 W err     : 	at nsd.c(PG:2)
04-22 02:33:24.248 18182 18220 W err     : 	at nsc.run(PG:12)
04-22 02:33:24.248 18182 18220 W err     : 	at nsr.execute(PG:1)
04-22 02:33:24.248 18182 18220 W err     : 	at nsd.n(PG:1)
04-22 02:33:24.248 18182 18220 W err     : 	at nsd.j(PG:12)
04-22 02:33:24.248 18182 18220 W err     : 	at nsd.c(PG:2)
04-22 02:33:24.248 18182 18220 W err     : 	at nsg$b.g(PG:1)
04-22 02:33:24.248 18182 18220 W err     : 	at nsg.run(PG:12)
04-22 02:33:24.248 18182 18220 W err     : 	at nsr.execute(PG:1)
04-22 02:33:24.248 18182 18220 W err     : 	at nsd.n(PG:1)
04-22 02:33:24.248 18182 18220 W err     : 	at nsd.j(PG:12)
04-22 02:33:24.248 18182 18220 W err     : 	at nsd.c(PG:2)
04-22 02:33:24.248 18182 18220 W err     : 	at kao.c(PG:1)
04-22 02:33:24.248 18182 18220 W err     : 	at khr.a(PG:9)
04-22 02:33:24.248 18182 18220 W err     : 	at ixz.run(PG:100)
04-22 02:33:24.248 18182 18220 W err     : 	at nsr.execute(PG:1)
04-22 02:33:24.248 18182 18220 W err     : 	at iyd.a(PG:7)
04-22 02:33:24.248 18182 18220 W err     : 	at pgh.b(PG:5)
04-22 02:33:24.248 18182 18220 W err     : 	at iyn.h(PG:3)
04-22 02:33:24.248 18182 18220 W err     : 	at isl.a(PG:1)
04-22 02:33:24.248 18182 18220 W err     : 	at irx.dispatchTransaction(PG:4)
04-22 02:33:24.248 18182 18220 W err     : 	at dhm.onTransact(PG:2)
04-22 02:33:24.248 18182 18220 W err     : 	at android.os.Binder.execTransactInternal(Binder.java:1285)
04-22 02:33:24.248 18182 18220 W err     : 	at android.os.Binder.execTransact(Binder.java:1244)
04-22 02:33:24.297   293 18380 I resolv  : res_tls_send: TLS query result: 0
04-22 02:33:24.298   293 18380 I resolv  : doQuery: rcode=0, ancount=4, return value=115
04-22 02:33:24.300  1251 18223 D TrafficStats: tagSocket(120) with statsTag=0x20008100, statsUid=-1
04-22 02:33:24.886   886   886 D TelephonyManager: requestModemActivityInfo: Sending result to app: ModemActivityInfo{ mTimestamp=21861580 mSleepTimeMs=0 mIdleTimeMs=21861474 mActivityStatsTechSpecificInfo=[{mRat=UNKNOWN,mFrequencyRange=UNKNOWN,mTxTimeMs[]=[0, 0, 0, 0, 0],mRxTimeMs=0}]}
04-22 02:33:25.248   519   548 E system_server: No package ID 7f found for ID 0x7f080292.
04-22 02:33:25.248   519   548 E system_server: No package ID 7f found for ID 0x7f130588.
04-22 02:33:25.248   519   548 E system_server: No package ID 7f found for ID 0x7f130588.
04-22 02:33:25.248   519   548 E system_server: No package ID 7f found for ID 0x7f08028e.
04-22 02:33:25.248   519   548 E system_server: No package ID 7f found for ID 0x7f130586.
04-22 02:33:25.248   519   548 E system_server: No package ID 7f found for ID 0x7f130586.
04-22 02:33:25.248   519   548 E system_server: No package ID 7f found for ID 0x7f080290.
04-22 02:33:25.248   519   548 E system_server: No package ID 7f found for ID 0x7f130587.
04-22 02:33:25.248   519   548 E system_server: No package ID 7f found for ID 0x7f130587.
04-22 02:33:25.248   519   548 W ShortcutService: Invalid tag 'capability' found at depth 2
04-22 02:33:25.248   519   548 E ShortcutService: Ignoring excessive intent tag.
04-22 02:33:25.248   519   548 W ShortcutService: Invalid tag 'parameter' found at depth 4
04-22 02:33:25.248   519   548 W ShortcutService: Invalid tag 'capability' found at depth 2
04-22 02:33:25.248   519   548 W ShortcutService: Invalid tag 'slice' found at depth 3
04-22 02:33:25.248   519   548 W ShortcutService: Invalid tag 'url-template' found at depth 4
04-22 02:33:25.252   519   610 I RoleService: Granting default roles...
04-22 02:33:25.253   519   620 I InputReader: Reconfiguring input devices, changes=KEYBOARD_LAYOUTS | 
04-22 02:33:25.255   790   790 V MediaPlayerList: mPackageChangedBroadcastReceiver: action: android.intent.action.PACKAGE_CHANGED
04-22 02:33:25.255   728   728 D ControlsListingControllerImpl: ServiceConfig reloaded, count: 0
04-22 02:33:25.255   790   790 D MediaPlayerList: Name of package changed: com.google.android.apps.docs
04-22 02:33:25.257   886   886 D CarrierSvcBindHelper: onPackageModified: com.google.android.apps.docs
04-22 02:33:25.257   886   886 D CarrierSvcBindHelper: No carrier app for: 0
04-22 02:33:25.258 12822 12852 I Bugle   : BroadcastReceiverAsyncWorkTracker: Acknowledging broadcast of atsi@d01cc97
04-22 02:33:25.258   886   886 D ImsResolver: maybeAddedImsService, packageName: com.google.android.apps.docs
04-22 02:33:25.261   519   548 D AppWidgetServiceImpl: Provider info from ComponentInfo{com.google.android.apps.docs/com.google.android.apps.docs.drive.widget.suggestion.SuggestionAppWidgetProvider} won't be persisted.
04-22 02:33:25.261   519   548 D AppWidgetServiceImpl: Provider info from ComponentInfo{com.google.android.apps.docs/com.google.android.apps.docs.drive.widget.CakemixAppWidgetProvider} won't be persisted.
04-22 02:33:25.263   519   519 I Telecom : DefaultDialerCache: Refreshing default dialer for user 0: now com.google.android.dialer: DDC.oR@AXY
04-22 02:33:25.265 17530 17566 I PermissionControllerServiceImpl: Updating user sensitive for uid 10127
04-22 02:33:25.265  1921  1921 I BgTaskExecutorImpl: (REDACTED) Starting %s background task %s.
04-22 02:33:25.266 17498 18386 I ProvidersCache: Provider returned no roots. Possibly naughty: com.google.android.apps.docs.storage
04-22 02:33:25.269  1251 18390 I Fitness : OnPackageChangedOperation got intent: Intent { act=android.intent.action.PACKAGE_CHANGED dat=package: flg=0x45000010 pkg=com.google.android.gms cmp=com.google.android.gms/.chimera.PersistentIntentOperationService (has extras) } [CONTEXT service_id=17 ]
04-22 02:33:25.269  1921 18142 I NetworkRecognitionRnr: Using pair HTTP connection
04-22 02:33:25.269 17530 18389 W Role    : Default holder doesn't have required signing certificate: com.google.android.apps.work.clouddpc:23962F4B43B9857638EA66F4D419518EAE282491ACDA4B94707BD59003C45E58
04-22 02:33:25.270  1921 18122 I A       : [Upload] Connected
04-22 02:33:25.273  1251 18391 I Fitness : FitCleanupIntentOperation received Intent android.intent.action.PACKAGE_CHANGED [CONTEXT service_id=17 ]
04-22 02:33:25.276  1921  2171 W CronetNetworkRqstWrppr: Upload request without a content type.
04-22 02:33:25.276   293 18396 I resolv  : GetAddrInfoHandler::run: {100 262244 100 983140 10120 0}
04-22 02:33:25.277  1921 18122 I NetworkRecognitionRnr: Using pair HTTP connection
04-22 02:33:25.277   293 18398 I resolv  : res_nmkquery: (QUERY, IN, AAAA)
04-22 02:33:25.277  1921  1921 E A       : onError
04-22 02:33:25.277  1921  1921 E A       : com.google.android.apps.gsa.shared.speech.a.m: errorCode: 65561, engine: 2
04-22 02:33:25.277  1921  1921 E A       : 	at com.google.android.apps.gsa.staticplugins.da.a.f.a(PG:3)
04-22 02:33:25.277  1921  1921 E A       : 	at com.google.android.apps.gsa.s3.o.gO(PG:1)
04-22 02:33:25.277  1921  1921 E A       : 	at com.google.cc.g.a.f.e(PG:2)
04-22 02:33:25.277  1921  1921 E A       : 	at com.google.android.apps.gsa.speech.k.a.g.d(PG:22)
04-22 02:33:25.277  1921  1921 E A       : 	at com.google.android.apps.gsa.speech.k.a.g.jB(PG:6)
04-22 02:33:25.277  1921  1921 E A       : 	at com.google.android.apps.gsa.s3.p.c(PG:14)
04-22 02:33:25.277  1921  1921 E A       : 	at com.google.android.apps.gsa.s3.q.run(PG:1)
04-22 02:33:25.277  1921  1921 E A       : 	at java.util.concurrent.Executors$RunnableAdapter.call(Executors.java:463)
04-22 02:33:25.277  1921  1921 E A       : 	at java.util.concurrent.FutureTask.run(FutureTask.java:264)
04-22 02:33:25.277  1921  1921 E A       : 	at com.google.android.apps.gsa.shared.util.c.a.e.run(PG:2)
04-22 02:33:25.277  1921  1921 E A       : 	at com.google.android.apps.gsa.shared.util.c.a.bi.run(PG:1)
04-22 02:33:25.277  1921  1921 E A       : 	at com.google.android.apps.gsa.shared.util.c.a.bi.run(PG:1)
04-22 02:33:25.277  1921  1921 E A       : 	at java.util.concurrent.ThreadPoolExecutor.runWorker(ThreadPoolExecutor.java:1137)
04-22 02:33:25.277  1921  1921 E A       : 	at java.util.concurrent.ThreadPoolExecutor$Worker.run(ThreadPoolExecutor.java:637)
04-22 02:33:25.277  1921  1921 E A       : 	at java.lang.Thread.run(Thread.java:1012)
04-22 02:33:25.277  1921  1921 E A       : 	at com.google.android.apps.gsa.shared.util.c.a.l.run(PG:5)
04-22 02:33:25.277  1921  1921 E A       : Caused by: com.google.android.apps.gsa.shared.speech.a.o: errorCode: 65586, engine: 2
04-22 02:33:25.277  1921  1921 E A       : 	... 15 more
04-22 02:33:25.277  1921  1921 E A       : Caused by: com.google.android.apps.gsa.shared.speech.a.k: errorCode: 401, engine: 2
04-22 02:33:25.277  1921  1921 E A       : 	at com.google.android.apps.gsa.assistant.shared.n.h.a(PG:5)
04-22 02:33:25.277  1921  1921 E A       : 	at com.google.android.apps.gsa.s3.producers.j.hh(PG:2)
04-22 02:33:25.277  1921  1921 E A       : 	at com.google.android.apps.gsa.speech.k.a.g.d(PG:16)
04-22 02:33:25.277  1921  1921 E A       : 	... 12 more
04-22 02:33:25.278  1921 18397 I A       : [Upload] Connected
04-22 02:33:25.278  1921  1921 W A       : Failed to sync device settings.
04-22 02:33:25.278  1921  1921 I A       : Retrying to sync device settings.
04-22 02:33:25.279   293 18399 I resolv  : res_nmkquery: (QUERY, IN, A)
04-22 02:33:25.287   519   864 W JobScheduler: Job didn't exist in JobStore: a703c5f #u0a120/-353 com.google.android.googlequicksearchbox/com.google.android.apps.gsa.tasks.BackgroundTasksJobService
04-22 02:33:25.288  1251  1341 W ChimeraUtils: Module com.google.android.gms.nearby_en missing resource null(0)
04-22 02:33:25.290  1251  1341 W ChimeraUtils: Module com.google.android.gms.nearby_en missing resource null(0)
04-22 02:33:25.293  1251  1251 D BoundBrokerSvc: onBind: Intent { act=com.google.android.gms.scheduler.ACTION_PROXY_SCHEDULE dat=chimera-action:/... cmp=com.google.android.gms/.chimera.PersistentApiService }
04-22 02:33:25.293  1251  1251 D BoundBrokerSvc: Loading bound service for intent: Intent { act=com.google.android.gms.scheduler.ACTION_PROXY_SCHEDULE dat=chimera-action:/... cmp=com.google.android.gms/.chimera.PersistentApiService }
04-22 02:33:25.298  4339  4428 I Icing   : IndexChimeraService.getServiceInterface callingPackage=com.google.android.gms componentName=AppsCorpus serviceId=36
04-22 02:33:25.298   293 18399 I resolv  : res_tls_send: TLS query result: 0
04-22 02:33:25.298   293 18398 I resolv  : res_tls_send: TLS query result: 0
04-22 02:33:25.298   293 18399 I resolv  : doQuery: rcode=0, ancount=1, return value=59
04-22 02:33:25.298   293 18398 I resolv  : doQuery: rcode=0, ancount=1, return value=71
04-22 02:33:25.301  4339  4339 D BoundBrokerSvc: onBind: Intent { act=com.google.android.gms.feedback.internal.IFeedbackService dat=chimera-action:/... cmp=com.google.android.gms/.chimera.GmsBoundBrokerService }
04-22 02:33:25.301  4339  4339 D BoundBrokerSvc: Loading bound service for intent: Intent { act=com.google.android.gms.feedback.internal.IFeedbackService dat=chimera-action:/... cmp=com.google.android.gms/.chimera.GmsBoundBrokerService }
04-22 02:33:25.307  1251  1251 D BoundBrokerSvc: onBind: Intent { act=com.google.android.gms.icing.LIGHTWEIGHT_INDEX_SERVICE dat=chimera-action:/... cmp=com.google.android.gms/.chimera.PersistentApiService }
04-22 02:33:25.307  1251  1251 D BoundBrokerSvc: Loading bound service for intent: Intent { act=com.google.android.gms.icing.LIGHTWEIGHT_INDEX_SERVICE dat=chimera-action:/... cmp=com.google.android.gms/.chimera.PersistentApiService }
04-22 02:33:25.312  4339  4415 I Icing   : Usage reports ok 1, Failed Usage reports 0, indexed 0, rejected 0
04-22 02:33:25.314  4339  4433 I Icing   : IndexChimeraService.getServiceInterface callingPackage=com.google.android.gms componentName=null serviceId=30
04-22 02:33:25.319  4339  4415 I Icing   : Usage reports ok 0, Failed Usage reports 0, indexed 0, rejected 0
04-22 02:33:25.320  4339  4415 I Icing   : Indexing com.google.android.gms-apps from com.google.android.gms
04-22 02:33:25.322  4339  4415 I Icing   : Indexing done com.google.android.gms-apps
04-22 02:33:38.880  1921  2210 W A       : v2 eligibility check failed
04-22 02:33:38.880  1921  2210 W A       : com.google.android.libraries.search.r.a.b: com.google.frameworks.client.data.android.ac: Http networking stack error
04-22 02:33:38.880  1921  2210 W A       : 	at com.google.android.libraries.search.r.a.f.apply(PG:3)
04-22 02:33:38.880  1921  2210 W A       : 	at com.google.apps.tiktok.tracing.ew.apply(PG:3)
04-22 02:33:38.880  1921  2210 W A       : 	at com.google.common.w.a.a.e(PG:2)
04-22 02:33:38.880  1921  2210 W A       : 	at com.google.common.w.a.c.run(PG:11)
04-22 02:33:38.880  1921  2210 W A       : 	at com.google.android.libraries.i.z.run(PG:1)
04-22 02:33:38.880  1921  2210 W A       : 	at java.util.concurrent.ThreadPoolExecutor.runWorker(ThreadPoolExecutor.java:1137)
04-22 02:33:38.880  1921  2210 W A       : 	at java.util.concurrent.ThreadPoolExecutor$Worker.run(ThreadPoolExecutor.java:637)
04-22 02:33:38.880  1921  2210 W A       : 	at com.google.android.libraries.i.h.run(PG:2)
04-22 02:33:38.880  1921  2210 W A       : 	at java.lang.Thread.run(Thread.java:1012)
04-22 02:33:38.880  1921  2210 W A       : 	at com.google.android.libraries.i.ai.run(PG:5)
