04-22 02:33:11.842   683   734 W IPCThreadState: Sending oneway calls to frozen process.
04-22 02:33:11.842   683   734 W IPCThreadState: Sending oneway calls to frozen process.
04-22 02:33:11.842   683   734 W IPCThreadState: Sending oneway calls to frozen process.
04-22 02:33:11.842   683   734 W IPCThreadState: Sending oneway calls to frozen process.
04-22 02:33:11.842   683   734 W IPCThreadState: Sending oneway calls to frozen process.
04-22 02:33:11.842   683   734 W IPCThreadState: Sending oneway calls to frozen process.
04-22 02:33:11.842   683   734 W IPCThreadState: Sending oneway calls to frozen process.
04-22 02:33:11.842   683   734 W IPCThreadState: Sending oneway calls to frozen process.
04-22 02:33:11.842   683   734 W IPCThreadState: Sending oneway calls to frozen process.
04-22 02:33:11.842   683   734 W IPCThreadState: Sending oneway calls to frozen process.
04-22 02:33:11.843   683   734 W IPCThreadState: Sending oneway calls to frozen process.
04-22 02:33:11.843   683   734 W IPCThreadState: Sending oneway calls to frozen process.
04-22 02:33:11.843   683   734 W IPCThreadState: Sending oneway calls to frozen process.
04-22 02:33:11.843   683   734 W IPCThreadState: Sending oneway calls to frozen process.
04-22 02:33:11.843   683   734 W IPCThreadState: Sending oneway calls to frozen process.
04-22 02:33:11.843   683   734 W IPCThreadState: Sending oneway calls to frozen process.
04-22 02:33:11.843   683   734 W IPCThreadState: Sending oneway calls to frozen process.
04-22 02:33:11.843   683   734 W IPCThreadState: Sending oneway calls to frozen process.
04-22 02:33:11.843   683   734 W IPCThreadState: Sending oneway calls to frozen process.
04-22 02:33:11.843   683   734 W IPCThreadState: Sending oneway calls to frozen process.
04-22 02:33:11.843   683   734 W IPCThreadState: Sending oneway calls to frozen process.
04-22 02:33:11.843   683   734 W IPCThreadState: Sending oneway calls to frozen process.
04-22 02:33:11.843   683   734 W IPCThreadState: Sending oneway calls to frozen process.
04-22 02:33:11.843   683   734 W IPCThreadState: Sending oneway calls to frozen process.
04-22 02:33:11.843   683   734 W IPCThreadState: Sending oneway calls to frozen process.
04-22 02:33:11.843   683   734 W IPCThreadState: Sending oneway calls to frozen process.
04-22 02:33:11.843   683   734 W IPCThreadState: Sending oneway calls to frozen process.
04-22 02:33:11.843   683   734 W IPCThreadState: Sending oneway calls to frozen process.
04-22 02:33:11.843   683   734 W IPCThreadState: Sending oneway calls to frozen process.
04-22 02:33:11.843   683   734 W IPCThreadState: Sending oneway calls to frozen process.
04-22 02:33:11.843   683   734 W IPCThreadState: Sending oneway calls to frozen process.
04-22 02:33:11.843   683   734 W IPCThreadState: Sending oneway calls to frozen process.
04-22 02:33:12.277   938   938 D wpa_supplicant: nl80211: Drv Event 64 (NL80211_CMD_NOTIFY_CQM) received for wlan0
04-22 02:33:12.277   938   938 D wpa_supplicant: nl80211: Beacon loss event
04-22 02:33:12.277   938   938 D wpa_supplicant: wlan0: Event BEACON_LOSS (53) received
04-22 02:33:12.277   938   938 I wpa_supplicant: wlan0: CTRL-EVENT-BEACON-LOSS 
04-22 02:33:13.927   683   858 W BestClock: java.time.DateTimeException: No network time available
04-22 02:33:13.927   683   858 W BestClock: java.time.DateTimeException: No network time available
04-22 02:33:13.927   683   858 W BestClock: java.time.DateTimeException: No network time available
04-22 02:33:13.927   683   858 W BestClock: java.time.DateTimeException: No network time available
04-22 02:33:13.927   683   858 W BestClock: java.time.DateTimeException: No network time available
04-22 02:33:13.929   683   858 D WifiClientModeImpl[9769:wlan0]: updateLinkLayerStatsRssiSpeedFrequencyCapabilities rssi=-50 TxLinkspeed=1 freq=2447 RxLinkSpeed=2
04-22 02:33:13.929   683   858 D WifiDataStall: tx tput in kbps: 11000
04-22 02:33:13.929   683   858 D WifiDataStall: rx tput in kbps: 11000
04-22 02:33:13.929   683   858 V WifiConfigManager: Updating scan detail cache freq=2447 BSSID=00:13:10:85:fe:01 RSSI=-50 for "AndroidWifi"NONE
04-22 02:33:13.929   683   858 D WifiThroughputPredictor:  utilization (LLS) 80 isBluetoothConnected: false final utilization: 80
04-22 02:33:13.929   683   858 D WifiThroughputPredictor:  BW: 0 RSSI: -50 Nss: 1 Mode: 1 symDur: 4000 snrDb 30 bitPerTone: 4500 rate: 54 throughput: 11
04-22 02:33:13.930   683   858 D WifiThroughputPredictor:  utilization (LLS) 80 isBluetoothConnected: false final utilization: 80
04-22 02:33:13.930   683   858 D WifiThroughputPredictor:  BW: 0 RSSI: -50 Nss: 1 Mode: 1 symDur: 4000 snrDb 30 bitPerTone: 4500 rate: 54 throughput: 11
04-22 02:33:13.930   683   858 D WifiThroughputPredictor:  utilization (LLS) 80 isBluetoothConnected: false final utilization: 80
04-22 02:33:13.930   683   858 D WifiThroughputPredictor:  BW: 0 RSSI: -50 Nss: 1 Mode: 1 symDur: 4000 snrDb 30 bitPerTone: 4500 rate: 54 throughput: 11
04-22 02:33:13.930   683   858 D WifiThroughputPredictor:  utilization (LLS) 80 isBluetoothConnected: false final utilization: 80
04-22 02:33:13.930   683   858 D WifiThroughputPredictor:  BW: 0 RSSI: -50 Nss: 1 Mode: 1 symDur: 4000 snrDb 30 bitPerTone: 4500 rate: 54 throughput: 11
04-22 02:33:13.930   683   858 D WifiScoreCard: BSSID update SIGNAL_POLL ID: 261501600 SSID: "AndroidWifi", BSSID: 00:13:10:85:fe:01, MAC: 02:15:b4:00:00:00, IP: /10.0.2.17, Security type: 0, Supplicant state: COMPLETED, Wi-Fi standard: legacy, RSSI: -50, Link speed: 1Mbps, Tx Link speed: 1Mbps, Max Supported Tx Link speed: 11Mbps, Rx Link speed: 2Mbps, Max Supported Rx Link speed: 11Mbps, Frequency: 2447MHz, Net ID: 0, Metered hint: false, score: 60, isUsable: true, CarrierMerged: false, SubscriptionId: -1, IsPrimary: 1, Trusted: true, Restricted: false, Ephemeral: false, OEM paid: false, OEM private: false, OSU AP: false, FQDN: <none>, Provider friendly name: <none>, Requesting package name: <none>"AndroidWifi"openMLO Information: , Is TID-To-Link negotiation supported by the AP: false, AP MLD Address: <none>, AP MLO Link Id: <none>, AP MLO Affiliated links: <none>, Vendor Data: <none>
04-22 02:33:13.930   683   858 D WifiScoreCard: txRate: 1 txSpeed: 1
04-22 02:33:13.930   683   858 D WifiScoreCard: network update SIGNAL_POLL "AndroidWifi" ID: 579418950 RSSI -50 txSpeed -1
04-22 02:33:13.930   683   858 D WifiClientModeImpl[9769:wlan0]:  ClientModeImpl$L2ConnectedState screen=on 1 0 "AndroidWifi" 00:13:10:85:fe:01 rssi=-50 f=2447 sc=60 link=1 tx=0.0, 0.0, 0.0 rx=0.0 bcn=0 [on:0 tx:0 rx:0 period:3008] from screen [on:0 period:-1320066614] score=60
04-22 02:33:16.934   683   858 W BestClock: java.time.DateTimeException: No network time available
04-22 02:33:16.934   683   858 W BestClock: java.time.DateTimeException: No network time available
04-22 02:33:16.934   683   858 W BestClock: java.time.DateTimeException: No network time available
04-22 02:33:16.934   683   858 W BestClock: java.time.DateTimeException: No network time available
04-22 02:33:16.934   683   858 W BestClock: java.time.DateTimeException: No network time available
04-22 02:33:16.935   683   858 D WifiClientModeImpl[9769:wlan0]: updateLinkLayerStatsRssiSpeedFrequencyCapabilities rssi=-50 TxLinkspeed=1 freq=2447 RxLinkSpeed=2
04-22 02:33:16.935   683   858 D WifiDataStall: tx tput in kbps: 11000
04-22 02:33:16.935   683   858 D WifiDataStall: rx tput in kbps: 11000
04-22 02:33:16.935   683   858 V WifiConfigManager: Updating scan detail cache freq=2447 BSSID=00:13:10:85:fe:01 RSSI=-50 for "AndroidWifi"NONE
04-22 02:33:16.935   683   858 D WifiThroughputPredictor:  utilization (LLS) 80 isBluetoothConnected: false final utilization: 80
04-22 02:33:16.935   683   858 D WifiThroughputPredictor:  BW: 0 RSSI: -50 Nss: 1 Mode: 1 symDur: 4000 snrDb 30 bitPerTone: 4500 rate: 54 throughput: 11
04-22 02:33:16.935   683   858 D WifiThroughputPredictor:  utilization (LLS) 80 isBluetoothConnected: false final utilization: 80
04-22 02:33:16.935   683   858 D WifiThroughputPredictor:  BW: 0 RSSI: -50 Nss: 1 Mode: 1 symDur: 4000 snrDb 30 bitPerTone: 4500 rate: 54 throughput: 11
04-22 02:33:16.935   683   858 D WifiThroughputPredictor:  utilization (LLS) 80 isBluetoothConnected: false final utilization: 80
04-22 02:33:16.935   683   858 D WifiThroughputPredictor:  BW: 0 RSSI: -50 Nss: 1 Mode: 1 symDur: 4000 snrDb 30 bitPerTone: 4500 rate: 54 throughput: 11
04-22 02:33:16.935   683   858 D WifiThroughputPredictor:  utilization (LLS) 80 isBluetoothConnected: false final utilization: 80
04-22 02:33:16.935   683   858 D WifiThroughputPredictor:  BW: 0 RSSI: -50 Nss: 1 Mode: 1 symDur: 4000 snrDb 30 bitPerTone: 4500 rate: 54 throughput: 11
04-22 02:33:16.935   683   858 D WifiScoreCard: BSSID update SIGNAL_POLL ID: 261501600 SSID: "AndroidWifi", BSSID: 00:13:10:85:fe:01, MAC: 02:15:b4:00:00:00, IP: /10.0.2.17, Security type: 0, Supplicant state: COMPLETED, Wi-Fi standard: legacy, RSSI: -50, Link speed: 1Mbps, Tx Link speed: 1Mbps, Max Supported Tx Link speed: 11Mbps, Rx Link speed: 2Mbps, Max Supported Rx Link speed: 11Mbps, Frequency: 2447MHz, Net ID: 0, Metered hint: false, score: 60, isUsable: true, CarrierMerged: false, SubscriptionId: -1, IsPrimary: 1, Trusted: true, Restricted: false, Ephemeral: false, OEM paid: false, OEM private: false, OSU AP: false, FQDN: <none>, Provider friendly name: <none>, Requesting package name: <none>"AndroidWifi"openMLO Information: , Is TID-To-Link negotiation supported by the AP: false, AP MLD Address: <none>, AP MLO Link Id: <none>, AP MLO Affiliated links: <none>, Vendor Data: <none>
04-22 02:33:16.935   683   858 D WifiScoreCard: txRate: 1 txSpeed: 1
04-22 02:33:16.935   683   858 D WifiScoreCard: network update SIGNAL_POLL "AndroidWifi" ID: 579418950 RSSI -50 txSpeed -1
04-22 02:33:16.936   683   858 D WifiClientModeImpl[9769:wlan0]:  ClientModeImpl$L2ConnectedState screen=on 1 0 "AndroidWifi" 00:13:10:85:fe:01 rssi=-50 f=2447 sc=60 link=1 tx=0.0, 0.0, 0.0 rx=0.0 bcn=0 [on:0 tx:0 rx:0 period:3005] from screen [on:0 period:-1320063609] score=60
04-22 02:33:17.853  1652  2063 I bdee    : (REDACTED) getHotwordActive::active query: %s, watch: %s, devices connected: %s
04-22 02:33:19.263   459 24662 I resolv  : ResNSendHandler::run: 0 / {101 983141 101 983141 1073 1}
04-22 02:33:19.264   459 24663 I resolv  : ResNSendHandler::run: 0 / {101 983141 101 983141 1073 1}
04-22 02:33:19.266   459 24664 I resolv  : ResNSendHandler::run: 0 / {101 983141 101 983141 1073 1}
04-22 02:33:19.266   459 24664 I resolv  : resolv_cache_lookup: FOUND IN CACHE entry=0xb400007e7ced35d0
04-22 02:33:19.266   459 24665 I resolv  : ResNSendHandler::run: 0 / {101 983141 101 983141 1073 1}
04-22 02:33:19.267   683   750 I WifiService: isFeatureSupported uid=1000 returns [WIFI_FEATURE_INFRA, WIFI_FEATURE_P2P, WIFI_FEATURE_MOBILE_HOTSPOT, WIFI_FEATURE_WPA3_SAE, WIFI_FEATURE_WPA3_SUITE_B, WIFI_FEATURE_OWE, WIFI_FEATURE_DPP, WIFI_FEATURE_AP_RAND_MAC, WIFI_FEATURE_MBO, WIFI_FEATURE_FILS_SHA256, WIFI_FEATURE_FILS_SHA384, WIFI_FEATURE_SAE_PK, WIFI_FEATURE_DPP_ENROLLEE_RESPONDER, WIFI_FEATURE_PASSPOINT_TERMS_AND_CONDITIONS, WIFI_FEATURE_WFD_R2, WIFI_FEATURE_DECORATED_IDENTITY, WIFI_FEATURE_TRUST_ON_FIRST_USE, WIFI_FEATURE_SET_TLS_MINIMUM_VERSION, WIFI_FEATURE_TLS_V1_3, WIFI_FEATURE_WEP, WIFI_FEATURE_WPA_PERSONAL]
04-22 02:33:19.286   459 24663 I resolv  : res_nsend: used send_dg 60 terrno: 0
04-22 02:33:19.286   459 24665 I resolv  : res_nsend: used send_dg 48 terrno: 0
04-22 02:33:19.286   459 24662 I resolv  : res_nsend: used send_dg 117 terrno: 0
04-22 02:33:19.289  1052 24660 D NetworkMonitor/101: PROBE_DNS www.google.com 29ms OK 185.45.5.35,2001::1
04-22 02:33:19.290   459 24666 I resolv  : GetAddrInfoHandler::run: {101 983141 101 983141 1073 1}
04-22 02:33:19.291   459 24667 I resolv  : res_nmkquery: (QUERY, IN, AAAA)
04-22 02:33:19.291   459 24667 I resolv  : resolv_cache_lookup: FOUND IN CACHE entry=0xb400007cdced0e50
04-22 02:33:19.291   459 24667 I resolv  : doQuery: rcode=0, ancount=1, return value=60
04-22 02:33:19.291   459 24668 I resolv  : res_nmkquery: (QUERY, IN, A)
04-22 02:33:19.291   459 24668 I resolv  : resolv_cache_lookup: FOUND IN CACHE entry=0xb400007d2ced1320
04-22 02:33:19.291   459 24668 I resolv  : doQuery: rcode=0, ancount=1, return value=48
04-22 02:33:19.291  1052 24661 D NetworkMonitor/101: PROBE_DNS connectivitycheck.gstatic.com 31ms OK 114.250.65.34
04-22 02:33:19.293   459 24669 I resolv  : GetAddrInfoHandler::run: {101 983141 101 983141 1073 1}
04-22 02:33:19.293   459 24671 I resolv  : res_nmkquery: (QUERY, IN, A)
04-22 02:33:19.294   459 24671 I resolv  : resolv_cache_lookup: FOUND IN CACHE entry=0xb400007e7ced35d0
04-22 02:33:19.295   459 24671 I resolv  : doQuery: rcode=0, ancount=1, return value=63
04-22 02:33:19.295   459 24670 I resolv  : res_nmkquery: (QUERY, IN, AAAA)
04-22 02:33:19.295   459 24670 I resolv  : resolv_cache_lookup: FOUND IN CACHE entry=0xb400007d0cedaf10
04-22 02:33:19.295   459 24670 I resolv  : doQuery: rcode=0, ancount=0, return value=117
04-22 02:33:19.789  1052 24661 D NetworkMonitor/101: PROBE_HTTP http://connectivitycheck.gstatic.com/generate_204 time=496ms ret=204 request={Connection=[close], User-Agent=[Mozilla/5.0 (X11; Linux x86_64) AppleWebKit/537.36 (KHTML, like Gecko) Chrome/60.0.3112.32 Safari/537.36]} headers={null=[HTTP/1.1 204 No Content], Connection=[close], Cross-Origin-Resource-Policy=[cross-origin], Date=[Tue, 21 Apr 2026 18:33:19 GMT], X-Android-Received-Millis=[1776796399788], X-Android-Response-Source=[NETWORK 204], X-Android-Selected-Protocol=[http/1.1], X-Android-Sent-Millis=[1776796399298]}
04-22 02:33:19.942   683   858 W BestClock: java.time.DateTimeException: No network time available
04-22 02:33:19.942   683   858 W BestClock: java.time.DateTimeException: No network time available
04-22 02:33:19.942   683   858 W BestClock: java.time.DateTimeException: No network time available
04-22 02:33:19.942   683   858 W BestClock: java.time.DateTimeException: No network time available
04-22 02:33:19.942   683   858 W BestClock: java.time.DateTimeException: No network time available
04-22 02:33:19.943   683   858 D WifiClientModeImpl[9769:wlan0]: updateLinkLayerStatsRssiSpeedFrequencyCapabilities rssi=-50 TxLinkspeed=1 freq=2447 RxLinkSpeed=2
04-22 02:33:19.943   683   858 D WifiDataStall: tx tput in kbps: 11000
04-22 02:33:19.943   683   858 D WifiDataStall: rx tput in kbps: 11000
04-22 02:33:19.943   683   858 V WifiConfigManager: Updating scan detail cache freq=2447 BSSID=00:13:10:85:fe:01 RSSI=-50 for "AndroidWifi"NONE
04-22 02:33:19.943   683   858 D WifiThroughputPredictor:  utilization (LLS) 80 isBluetoothConnected: false final utilization: 80
04-22 02:33:19.943   683   858 D WifiThroughputPredictor:  BW: 0 RSSI: -50 Nss: 1 Mode: 1 symDur: 4000 snrDb 30 bitPerTone: 4500 rate: 54 throughput: 11
04-22 02:33:19.943   683   858 D WifiThroughputPredictor:  utilization (LLS) 80 isBluetoothConnected: false final utilization: 80
04-22 02:33:19.943   683   858 D WifiThroughputPredictor:  BW: 0 RSSI: -50 Nss: 1 Mode: 1 symDur: 4000 snrDb 30 bitPerTone: 4500 rate: 54 throughput: 11
04-22 02:33:19.943   683   858 D WifiThroughputPredictor:  utilization (LLS) 80 isBluetoothConnected: false final utilization: 80
04-22 02:33:19.943   683   858 D WifiThroughputPredictor:  BW: 0 RSSI: -50 Nss: 1 Mode: 1 symDur: 4000 snrDb 30 bitPerTone: 4500 rate: 54 throughput: 11
04-22 02:33:19.943   683   858 D WifiThroughputPredictor:  utilization (LLS) 80 isBluetoothConnected: false final utilization: 80
04-22 02:33:19.943   683   858 D WifiThroughputPredictor:  BW: 0 RSSI: -50 Nss: 1 Mode: 1 symDur: 4000 snrDb 30 bitPerTone: 4500 rate: 54 throughput: 11
04-22 02:33:19.944   683   858 D WifiScoreCard: BSSID update SIGNAL_POLL ID: 261501600 SSID: "AndroidWifi", BSSID: 00:13:10:85:fe:01, MAC: 02:15:b4:00:00:00, IP: /10.0.2.17, Security type: 0, Supplicant state: COMPLETED, Wi-Fi standard: legacy, RSSI: -50, Link speed: 1Mbps, Tx Link speed: 1Mbps, Max Supported Tx Link speed: 11Mbps, Rx Link speed: 2Mbps, Max Supported Rx Link speed: 11Mbps, Frequency: 2447MHz, Net ID: 0, Metered hint: false, score: 60, isUsable: true, CarrierMerged: false, SubscriptionId: -1, IsPrimary: 1, Trusted: true, Restricted: false, Ephemeral: false, OEM paid: false, OEM private: false, OSU AP: false, FQDN: <none>, Provider friendly name: <none>, Requesting package name: <none>"AndroidWifi"openMLO Information: , Is TID-To-Link negotiation supported by the AP: false, AP MLD Address: <none>, AP MLO Link Id: <none>, AP MLO Affiliated links: <none>, Vendor Data: <none>
04-22 02:33:19.944   683   858 D WifiScoreCard: txRate: 3 txSpeed: 1
04-22 02:33:19.944   683   858 D WifiScoreCard: network update SIGNAL_POLL "AndroidWifi" ID: 579418950 RSSI -50 txSpeed -1
04-22 02:33:19.944   683   858 D WifiClientModeImpl[9769:wlan0]:  ClientModeImpl$L2ConnectedState screen=on 1 0 "AndroidWifi" 00:13:10:85:fe:01 rssi=-50 f=2447 sc=60 link=1 tx=2.3, 0.0, 0.0 rx=2.1 bcn=0 [on:0 tx:0 rx:0 period:3008] from screen [on:0 period:-1320060600] score=60
04-22 02:33:20.469   938   938 D wpa_supplicant: nl80211: Drv Event 64 (NL80211_CMD_NOTIFY_CQM) received for wlan0
04-22 02:33:20.469   938   938 D wpa_supplicant: nl80211: Beacon loss event
04-22 02:33:20.469   938   938 D wpa_supplicant: wlan0: Event BEACON_LOSS (53) received
04-22 02:33:20.469   938   938 I wpa_supplicant: wlan0: CTRL-EVENT-BEACON-LOSS 
04-22 02:33:21.151  1086  1298 D SatelliteController: iisInCarrierRoamingNbIotNtn: satellite is disabled
04-22 02:33:22.262   459 24672 I resolv  : GetAddrInfoHandler::run: {101 983141 101 983141 1073 1}
04-22 02:33:22.263   459 24673 I resolv  : res_nmkquery: (QUERY, IN, AAAA)
04-22 02:33:22.263   459 24673 I resolv  : resolv_cache_lookup: FOUND IN CACHE entry=0xb400007cdced0e50
04-22 02:33:22.263   459 24673 I resolv  : doQuery: rcode=0, ancount=1, return value=60
04-22 02:33:22.263   459 24674 I resolv  : res_nmkquery: (QUERY, IN, A)
04-22 02:33:22.263   459 24674 I resolv  : resolv_cache_lookup: FOUND IN CACHE entry=0xb400007d2ced1320
04-22 02:33:22.263   459 24674 I resolv  : doQuery: rcode=0, ancount=1, return value=48
04-22 02:33:22.530  1052 24659 D NetworkMonitor/101: PROBE_FALLBACK http://www.google.com/gen_204 time=269ms ret=204 request={Connection=[close], User-Agent=[Mozilla/5.0 (X11; Linux x86_64) AppleWebKit/537.36 (KHTML, like Gecko) Chrome/60.0.3112.32 Safari/537.36]} headers={null=[HTTP/1.1 204 No Content], Connection=[close], Content-Security-Policy=[object-src 'none';base-uri 'self';script-src 'nonce-q2xAfnPXKpmthsLL64y3KQ' 'strict-dynamic' 'report-sample' 'unsafe-eval' 'unsafe-inline' https: http:;report-uri https://csp.withgoogle.com/csp/gws/other], Content-Type=[text/html; charset=UTF-8], Date=[Tue, 21 Apr 2026 18:33:22 GMT], Permissions-Policy=[unload=()], Server=[gws], X-Android-Received-Millis=[1776796402530], X-Android-Response-Source=[NETWORK 204], X-Android-Selected-Protocol=[http/1.1], X-Android-Sent-Millis=[1776796402267], X-Frame-Options=[SAMEORIGIN], X-Xss-Protection=[0]}
04-22 02:33:22.948   683   858 W BestClock: java.time.DateTimeException: No network time available
04-22 02:33:22.948   683   858 W BestClock: java.time.DateTimeException: No network time available
04-22 02:33:22.948   683   858 W BestClock: java.time.DateTimeException: No network time available
04-22 02:33:22.948   683   858 W BestClock: java.time.DateTimeException: No network time available
04-22 02:33:22.948   683   858 W BestClock: java.time.DateTimeException: No network time available
04-22 02:33:22.949   683   858 D WifiClientModeImpl[9769:wlan0]: updateLinkLayerStatsRssiSpeedFrequencyCapabilities rssi=-50 TxLinkspeed=1 freq=2447 RxLinkSpeed=2
04-22 02:33:22.949   683   858 D WifiDataStall: tx tput in kbps: 11000
04-22 02:33:22.949   683   858 D WifiDataStall: rx tput in kbps: 11000
04-22 02:33:22.949   683   858 V WifiConfigManager: Updating scan detail cache freq=2447 BSSID=00:13:10:85:fe:01 RSSI=-50 for "AndroidWifi"NONE
04-22 02:33:22.949   683   858 D WifiThroughputPredictor:  utilization (LLS) 80 isBluetoothConnected: false final utilization: 80
04-22 02:33:22.949   683   858 D WifiThroughputPredictor:  BW: 0 RSSI: -50 Nss: 1 Mode: 1 symDur: 4000 snrDb 30 bitPerTone: 4500 rate: 54 throughput: 11
04-22 02:33:22.949   683   858 D WifiThroughputPredictor:  utilization (LLS) 80 isBluetoothConnected: false final utilization: 80
04-22 02:33:22.949   683   858 D WifiThroughputPredictor:  BW: 0 RSSI: -50 Nss: 1 Mode: 1 symDur: 4000 snrDb 30 bitPerTone: 4500 rate: 54 throughput: 11
04-22 02:33:22.949   683   858 D WifiThroughputPredictor:  utilization (LLS) 80 isBluetoothConnected: false final utilization: 80
04-22 02:33:22.950   683   858 D WifiThroughputPredictor:  BW: 0 RSSI: -50 Nss: 1 Mode: 1 symDur: 4000 snrDb 30 bitPerTone: 4500 rate: 54 throughput: 11
04-22 02:33:22.950   683   858 D WifiThroughputPredictor:  utilization (LLS) 80 isBluetoothConnected: false final utilization: 80
04-22 02:33:22.950   683   858 D WifiThroughputPredictor:  BW: 0 RSSI: -50 Nss: 1 Mode: 1 symDur: 4000 snrDb 30 bitPerTone: 4500 rate: 54 throughput: 11
04-22 02:33:22.950   683   858 D WifiScoreCard: BSSID update SIGNAL_POLL ID: 261501600 SSID: "AndroidWifi", BSSID: 00:13:10:85:fe:01, MAC: 02:15:b4:00:00:00, IP: /10.0.2.17, Security type: 0, Supplicant state: COMPLETED, Wi-Fi standard: legacy, RSSI: -50, Link speed: 1Mbps, Tx Link speed: 1Mbps, Max Supported Tx Link speed: 11Mbps, Rx Link speed: 2Mbps, Max Supported Rx Link speed: 11Mbps, Frequency: 2447MHz, Net ID: 0, Metered hint: false, score: 60, isUsable: true, CarrierMerged: false, SubscriptionId: -1, IsPrimary: 1, Trusted: true, Restricted: false, Ephemeral: false, OEM paid: false, OEM private: false, OSU AP: false, FQDN: <none>, Provider friendly name: <none>, Requesting package name: <none>"AndroidWifi"openMLO Information: , Is TID-To-Link negotiation supported by the AP: false, AP MLD Address: <none>, AP MLO Link Id: <none>, AP MLO Affiliated links: <none>, Vendor Data: <none>
04-22 02:33:22.950   683   858 D WifiScoreCard: txRate: 3 txSpeed: 1
04-22 02:33:22.950   683   858 D WifiScoreCard: network update SIGNAL_POLL "AndroidWifi" ID: 579418950 RSSI -50 txSpeed -1
04-22 02:33:22.950   683   858 D WifiClientModeImpl[9769:wlan0]:  ClientModeImpl$L2ConnectedState screen=on 1 0 "AndroidWifi" 00:13:10:85:fe:01 rssi=-50 f=2447 sc=60 link=1 tx=2.1, 0.0, 0.0 rx=1.8 bcn=0 [on:0 tx:0 rx:0 period:3006] from screen [on:0 period:-1320057594] score=60
04-22 02:33:25.954   683   858 W BestClock: java.time.DateTimeException: No network time available
04-22 02:33:25.954   683   858 W BestClock: java.time.DateTimeException: No network time available
04-22 02:33:25.954   683   858 W BestClock: java.time.DateTimeException: No network time available
04-22 02:33:25.954   683   858 W BestClock: java.time.DateTimeException: No network time available
04-22 02:33:25.954   683   858 W BestClock: java.time.DateTimeException: No network time available
04-22 02:33:25.955   683   858 D WifiClientModeImpl[9769:wlan0]: updateLinkLayerStatsRssiSpeedFrequencyCapabilities rssi=-50 TxLinkspeed=1 freq=2447 RxLinkSpeed=2
04-22 02:33:25.955   683   858 D WifiDataStall: tx tput in kbps: 11000
04-22 02:33:25.955   683   858 D WifiDataStall: rx tput in kbps: 11000
04-22 02:33:25.955   683   858 V WifiConfigManager: Updating scan detail cache freq=2447 BSSID=00:13:10:85:fe:01 RSSI=-50 for "AndroidWifi"NONE
04-22 02:33:25.955   683   858 D WifiThroughputPredictor:  utilization (LLS) 80 isBluetoothConnected: false final utilization: 80
04-22 02:33:25.955   683   858 D WifiThroughputPredictor:  BW: 0 RSSI: -50 Nss: 1 Mode: 1 symDur: 4000 snrDb 30 bitPerTone: 4500 rate: 54 throughput: 11
04-22 02:33:25.955   683   858 D WifiThroughputPredictor:  utilization (LLS) 80 isBluetoothConnected: false final utilization: 80
04-22 02:33:25.955   683   858 D WifiThroughputPredictor:  BW: 0 RSSI: -50 Nss: 1 Mode: 1 symDur: 4000 snrDb 30 bitPerTone: 4500 rate: 54 throughput: 11
04-22 02:33:25.955   683   858 D WifiThroughputPredictor:  utilization (LLS) 80 isBluetoothConnected: false final utilization: 80
04-22 02:33:25.955   683   858 D WifiThroughputPredictor:  BW: 0 RSSI: -50 Nss: 1 Mode: 1 symDur: 4000 snrDb 30 bitPerTone: 4500 rate: 54 throughput: 11
04-22 02:33:25.955   683   858 D WifiThroughputPredictor:  utilization (LLS) 80 isBluetoothConnected: false final utilization: 80
04-22 02:33:25.955   683   858 D WifiThroughputPredictor:  BW: 0 RSSI: -50 Nss: 1 Mode: 1 symDur: 4000 snrDb 30 bitPerTone: 4500 rate: 54 throughput: 11
04-22 02:33:25.956   683   858 D WifiScoreCard: BSSID update SIGNAL_POLL ID: 261501600 SSID: "AndroidWifi", BSSID: 00:13:10:85:fe:01, MAC: 02:15:b4:00:00:00, IP: /10.0.2.17, Security type: 0, Supplicant state: COMPLETED, Wi-Fi standard: legacy, RSSI: -50, Link speed: 1Mbps, Tx Link speed: 1Mbps, Max Supported Tx Link speed: 11Mbps, Rx Link speed: 2Mbps, Max Supported Rx Link speed: 11Mbps, Frequency: 2447MHz, Net ID: 0, Metered hint: false, score: 60, isUsable: true, CarrierMerged: false, SubscriptionId: -1, IsPrimary: 1, Trusted: true, Restricted: false, Ephemeral: false, OEM paid: false, OEM private: false, OSU AP: false, FQDN: <none>, Provider friendly name: <none>, Requesting package name: <none>"AndroidWifi"openMLO Information: , Is TID-To-Link negotiation supported by the AP: false, AP MLD Address: <none>, AP MLO Link Id: <none>, AP MLO Affiliated links: <none>, Vendor Data: <none>
04-22 02:33:25.956   683   858 D WifiScoreCard: txRate: 1 txSpeed: 1
04-22 02:33:25.956   683   858 D WifiScoreCard: network update SIGNAL_POLL "AndroidWifi" ID: 579418950 RSSI -50 txSpeed -1
04-22 02:33:25.956   683   858 D WifiClientModeImpl[9769:wlan0]:  ClientModeImpl$L2ConnectedState screen=on 1 0 "AndroidWifi" 00:13:10:85:fe:01 rssi=-50 f=2447 sc=60 link=1 tx=0.7, 0.0, 0.0 rx=0.6 bcn=0 [on:0 tx:0 rx:0 period:3006] from screen [on:0 period:-1320054588] score=60
04-22 02:33:28.406   938   938 D wpa_supplicant: nl80211: Drv Event 64 (NL80211_CMD_NOTIFY_CQM) received for wlan0
04-22 02:33:28.406   938   938 D wpa_supplicant: nl80211: Beacon loss event
04-22 02:33:28.406   938   938 D wpa_supplicant: wlan0: Event BEACON_LOSS (53) received
04-22 02:33:28.406   938   938 I wpa_supplicant: wlan0: CTRL-EVENT-BEACON-LOSS 
04-22 02:33:28.958   683   858 W BestClock: java.time.DateTimeException: No network time available
04-22 02:33:28.958   683   858 W BestClock: java.time.DateTimeException: No network time available
04-22 02:33:28.958   683   858 W BestClock: java.time.DateTimeException: No network time available
04-22 02:33:28.958   683   858 W BestClock: java.time.DateTimeException: No network time available
04-22 02:33:28.958   683   858 W BestClock: java.time.DateTimeException: No network time available
04-22 02:33:28.961   683   858 D WifiClientModeImpl[9769:wlan0]: updateLinkLayerStatsRssiSpeedFrequencyCapabilities rssi=-50 TxLinkspeed=1 freq=2447 RxLinkSpeed=2
04-22 02:33:28.961   683   858 D WifiDataStall: tx tput in kbps: 11000
04-22 02:33:28.961   683   858 D WifiDataStall: rx tput in kbps: 11000
04-22 02:33:28.961   683   858 V WifiConfigManager: Updating scan detail cache freq=2447 BSSID=00:13:10:85:fe:01 RSSI=-50 for "AndroidWifi"NONE
04-22 02:33:28.961   683   858 D WifiThroughputPredictor:  utilization (LLS) 80 isBluetoothConnected: false final utilization: 80
04-22 02:33:28.961   683   858 D WifiThroughputPredictor:  BW: 0 RSSI: -50 Nss: 1 Mode: 1 symDur: 4000 snrDb 30 bitPerTone: 4500 rate: 54 throughput: 11
04-22 02:33:28.961   683   858 D WifiThroughputPredictor:  utilization (LLS) 80 isBluetoothConnected: false final utilization: 80
04-22 02:33:28.961   683   858 D WifiThroughputPredictor:  BW: 0 RSSI: -50 Nss: 1 Mode: 1 symDur: 4000 snrDb 30 bitPerTone: 4500 rate: 54 throughput: 11
04-22 02:33:28.962   683   858 D WifiThroughputPredictor:  utilization (LLS) 80 isBluetoothConnected: false final utilization: 80
04-22 02:33:28.962   683   858 D WifiThroughputPredictor:  BW: 0 RSSI: -50 Nss: 1 Mode: 1 symDur: 4000 snrDb 30 bitPerTone: 4500 rate: 54 throughput: 11
04-22 02:33:28.962   683   858 D WifiThroughputPredictor:  utilization (LLS) 80 isBluetoothConnected: false final utilization: 80
04-22 02:33:28.962   683   858 D WifiThroughputPredictor:  BW: 0 RSSI: -50 Nss: 1 Mode: 1 symDur: 4000 snrDb 30 bitPerTone: 4500 rate: 54 throughput: 11
04-22 02:33:28.962   683   858 D WifiScoreCard: BSSID update SIGNAL_POLL ID: 261501600 SSID: "AndroidWifi", BSSID: 00:13:10:85:fe:01, MAC: 02:15:b4:00:00:00, IP: /10.0.2.17, Security type: 0, Supplicant state: COMPLETED, Wi-Fi standard: legacy, RSSI: -50, Link speed: 1Mbps, Tx Link speed: 1Mbps, Max Supported Tx Link speed: 11Mbps, Rx Link speed: 2Mbps, Max Supported Rx Link speed: 11Mbps, Frequency: 2447MHz, Net ID: 0, Metered hint: false, score: 60, isUsable: true, CarrierMerged: false, SubscriptionId: -1, IsPrimary: 1, Trusted: true, Restricted: false, Ephemeral: false, OEM paid: false, OEM private: false, OSU AP: false, FQDN: <none>, Provider friendly name: <none>, Requesting package name: <none>"AndroidWifi"openMLO Information: , Is TID-To-Link negotiation supported by the AP: false, AP MLD Address: <none>, AP MLO Link Id: <none>, AP MLO Affiliated links: <none>, Vendor Data: <none>
04-22 02:33:28.962   683   858 D WifiScoreCard: txRate: 1 txSpeed: 1
04-22 02:33:28.962   683   858 D WifiScoreCard: network update SIGNAL_POLL "AndroidWifi" ID: 579418950 RSSI -50 txSpeed -1
04-22 02:33:28.962   683   858 D WifiClientModeImpl[9769:wlan0]:  ClientModeImpl$L2ConnectedState screen=on 1 0 "AndroidWifi" 00:13:10:85:fe:01 rssi=-50 f=2447 sc=60 link=1 tx=0.2, 0.0, 0.0 rx=0.2 bcn=0 [on:0 tx:0 rx:0 period:3005] from screen [on:0 period:-1320051582] score=60
04-22 02:33:29.815  1052 24660 D NetworkMonitor/101: PROBE_HTTPS https://www.google.com/generate_204 Probe failed with exception javax.net.ssl.SSLHandshakeException: connection closed
04-22 02:33:29.816  1052 24659 D NetworkMonitor/101: isCaptivePortal: isSuccessful()=false isPortal()=false RedirectUrl=null isPartialConnectivity()=true Time=10557ms
04-22 02:33:29.816   683   864 D ConnectivityService: [101 WIFI] validation failed
04-22 02:33:31.158  1086  1298 D SatelliteController: iisInCarrierRoamingNbIotNtn: satellite is disabled
04-22 02:33:31.966   683   858 W BestClock: java.time.DateTimeException: No network time available
04-22 02:33:31.968   683   858 W BestClock: java.time.DateTimeException: No network time available
04-22 02:33:31.968   683   858 W BestClock: java.time.DateTimeException: No network time available
04-22 02:33:31.969   683   858 W BestClock: java.time.DateTimeException: No network time available
04-22 02:33:31.969   683   858 W BestClock: java.time.DateTimeException: No network time available
04-22 02:33:31.970   683   858 D WifiClientModeImpl[9769:wlan0]: updateLinkLayerStatsRssiSpeedFrequencyCapabilities rssi=-50 TxLinkspeed=2 freq=2447 RxLinkSpeed=2
04-22 02:33:31.971   683   858 D WifiDataStall: tx tput in kbps: 11000
04-22 02:33:31.971   683   858 D WifiDataStall: rx tput in kbps: 11000
04-22 02:33:31.971   683   858 V WifiConfigManager: Updating scan detail cache freq=2447 BSSID=00:13:10:85:fe:01 RSSI=-50 for "AndroidWifi"NONE
04-22 02:33:31.971   683   858 D WifiThroughputPredictor:  utilization (LLS) 80 isBluetoothConnected: false final utilization: 80
04-22 02:33:31.971   683   858 D WifiThroughputPredictor:  BW: 0 RSSI: -50 Nss: 1 Mode: 1 symDur: 4000 snrDb 30 bitPerTone: 4500 rate: 54 throughput: 11
04-22 02:33:31.971   683   858 D WifiThroughputPredictor:  utilization (LLS) 80 isBluetoothConnected: false final utilization: 80
04-22 02:33:31.971   683   858 D WifiThroughputPredictor:  BW: 0 RSSI: -50 Nss: 1 Mode: 1 symDur: 4000 snrDb 30 bitPerTone: 4500 rate: 54 throughput: 11
04-22 02:33:31.971   683   858 D WifiThroughputPredictor:  utilization (LLS) 80 isBluetoothConnected: false final utilization: 80
04-22 02:33:31.971   683   858 D WifiThroughputPredictor:  BW: 0 RSSI: -50 Nss: 1 Mode: 1 symDur: 4000 snrDb 30 bitPerTone: 4500 rate: 54 throughput: 11
04-22 02:33:31.971   683   858 D WifiThroughputPredictor:  utilization (LLS) 80 isBluetoothConnected: false final utilization: 80
04-22 02:33:31.971   683   858 D WifiThroughputPredictor:  BW: 0 RSSI: -50 Nss: 1 Mode: 1 symDur: 4000 snrDb 30 bitPerTone: 4500 rate: 54 throughput: 11
04-22 02:33:31.971   683   858 D WifiScoreCard: BSSID update SIGNAL_POLL ID: 261501600 SSID: "AndroidWifi", BSSID: 00:13:10:85:fe:01, MAC: 02:15:b4:00:00:00, IP: /10.0.2.17, Security type: 0, Supplicant state: COMPLETED, Wi-Fi standard: legacy, RSSI: -50, Link speed: 2Mbps, Tx Link speed: 2Mbps, Max Supported Tx Link speed: 11Mbps, Rx Link speed: 2Mbps, Max Supported Rx Link speed: 11Mbps, Frequency: 2447MHz, Net ID: 0, Metered hint: false, score: 60, isUsable: true, CarrierMerged: false, SubscriptionId: -1, IsPrimary: 1, Trusted: true, Restricted: false, Ephemeral: false, OEM paid: false, OEM private: false, OSU AP: false, FQDN: <none>, Provider friendly name: <none>, Requesting package name: <none>"AndroidWifi"openMLO Information: , Is TID-To-Link negotiation supported by the AP: false, AP MLD Address: <none>, AP MLO Link Id: <none>, AP MLO Affiliated links: <none>, Vendor Data: <none>
04-22 02:33:31.971   683   858 D WifiScoreCard: txRate: 2 txSpeed: 2
04-22 02:33:31.971   683   858 D WifiScoreCard: network update SIGNAL_POLL "AndroidWifi" ID: 579418950 RSSI -50 txSpeed -1
04-22 02:33:31.971   683   858 D WifiClientModeImpl[9769:wlan0]:  ClientModeImpl$L2ConnectedState screen=on 1 0 "AndroidWifi" 00:13:10:85:fe:01 rssi=-50 f=2447 sc=60 link=2 tx=1.3, 0.0, 0.0 rx=1.3 bcn=0 [on:0 tx:0 rx:0 period:3009] from screen [on:0 period:-1320048573] score=60
04-22 02:33:34.550   459   535 I netd    : setProcSysNet(4, 2, wlan0, retrans_time_ms, 750) <0.11ms>
04-22 02:33:34.551   459   535 I netd    : setProcSysNet(4, 2, wlan0, ucast_solicit, 10) <0.03ms>
04-22 02:33:34.551   459   535 I netd    : setProcSysNet(6, 2, wlan0, retrans_time_ms, 750) <0.05ms>
04-22 02:33:34.551   459   539 I netd    : setProcSysNet(6, 2, wlan0, ucast_solicit, 10) <0.02ms>
04-22 02:33:34.981   683   858 W BestClock: java.time.DateTimeException: No network time available
04-22 02:33:34.981   683   858 W BestClock: java.time.DateTimeException: No network time available
04-22 02:33:34.981   683   858 W BestClock: java.time.DateTimeException: No network time available
04-22 02:33:34.981   683   858 W BestClock: java.time.DateTimeException: No network time available
04-22 02:33:34.981   683   858 W BestClock: java.time.DateTimeException: No network time available
04-22 02:33:34.982   683   858 D WifiClientModeImpl[9769:wlan0]: updateLinkLayerStatsRssiSpeedFrequencyCapabilities rssi=-50 TxLinkspeed=2 freq=2447 RxLinkSpeed=2
04-22 02:33:34.982   683   858 D WifiDataStall: tx tput in kbps: 11000
04-22 02:33:34.982   683   858 D WifiDataStall: rx tput in kbps: 11000
04-22 02:33:34.982   683   858 V WifiConfigManager: Updating scan detail cache freq=2447 BSSID=00:13:10:85:fe:01 RSSI=-50 for "AndroidWifi"NONE
04-22 02:33:34.982   683   858 D WifiThroughputPredictor:  utilization (LLS) 80 isBluetoothConnected: false final utilization: 80
04-22 02:33:34.982   683   858 D WifiThroughputPredictor:  BW: 0 RSSI: -50 Nss: 1 Mode: 1 symDur: 4000 snrDb 30 bitPerTone: 4500 rate: 54 throughput: 11
04-22 02:33:34.982   683   858 D WifiThroughputPredictor:  utilization (LLS) 80 isBluetoothConnected: false final utilization: 80
04-22 02:33:34.982   683   858 D WifiThroughputPredictor:  BW: 0 RSSI: -50 Nss: 1 Mode: 1 symDur: 4000 snrDb 30 bitPerTone: 4500 rate: 54 throughput: 11
04-22 02:33:34.982   683   858 D WifiThroughputPredictor:  utilization (LLS) 80 isBluetoothConnected: false final utilization: 80
04-22 02:33:34.982   683   858 D WifiThroughputPredictor:  BW: 0 RSSI: -50 Nss: 1 Mode: 1 symDur: 4000 snrDb 30 bitPerTone: 4500 rate: 54 throughput: 11
04-22 02:33:34.982   683   858 D WifiThroughputPredictor:  utilization (LLS) 80 isBluetoothConnected: false final utilization: 80
04-22 02:33:34.982   683   858 D WifiThroughputPredictor:  BW: 0 RSSI: -50 Nss: 1 Mode: 1 symDur: 4000 snrDb 30 bitPerTone: 4500 rate: 54 throughput: 11
04-22 02:33:34.983   683   858 D WifiScoreCard: BSSID update SIGNAL_POLL ID: 261501600 SSID: "AndroidWifi", BSSID: 00:13:10:85:fe:01, MAC: 02:15:b4:00:00:00, IP: /10.0.2.17, Security type: 0, Supplicant state: COMPLETED, Wi-Fi standard: legacy, RSSI: -50, Link speed: 2Mbps, Tx Link speed: 2Mbps, Max Supported Tx Link speed: 11Mbps, Rx Link speed: 2Mbps, Max Supported Rx Link speed: 11Mbps, Frequency: 2447MHz, Net ID: 0, Metered hint: false, score: 60, isUsable: true, CarrierMerged: false, SubscriptionId: -1, IsPrimary: 1, Trusted: true, Restricted: false, Ephemeral: false, OEM paid: false, OEM private: false, OSU AP: false, FQDN: <none>, Provider friendly name: <none>, Requesting package name: <none>"AndroidWifi"openMLO Information: , Is TID-To-Link negotiation supported by the AP: false, AP MLD Address: <none>, AP MLO Link Id: <none>, AP MLO Affiliated links: <none>, Vendor Data: <none>
04-22 02:33:34.983   683   858 D WifiScoreCard: txRate: 1 txSpeed: 2
04-22 02:33:34.983   683   858 D WifiScoreCard: network update SIGNAL_POLL "AndroidWifi" ID: 579418950 RSSI -50 txSpeed -1
04-22 02:33:34.983   683   858 D WifiClientModeImpl[9769:wlan0]:  ClientModeImpl$L2ConnectedState screen=on 1 0 "AndroidWifi" 00:13:10:85:fe:01 rssi=-50 f=2447 sc=60 link=2 tx=0.5, 0.0, 0.0 rx=0.4 bcn=0 [on:0 tx:0 rx:0 period:3012] from screen [on:0 period:-1320045561] score=60
04-22 02:33:36.343   938   938 D wpa_supplicant: nl80211: Drv Event 64 (NL80211_CMD_NOTIFY_CQM) received for wlan0
04-22 02:33:36.343   938   938 D wpa_supplicant: nl80211: Beacon loss event
04-22 02:33:36.343   938   938 D wpa_supplicant: wlan0: Event BEACON_LOSS (53) received
04-22 02:33:36.343   938   938 I wpa_supplicant: wlan0: CTRL-EVENT-BEACON-LOSS 
04-22 02:33:37.991   683   858 W BestClock: java.time.DateTimeException: No network time available
04-22 02:33:37.991   683   858 W BestClock: java.time.DateTimeException: No network time available
04-22 02:33:37.992   683   858 W BestClock: java.time.DateTimeException: No network time available
04-22 02:33:37.992   683   858 W BestClock: java.time.DateTimeException: No network time available
04-22 02:33:37.992   683   858 W BestClock: java.time.DateTimeException: No network time available
04-22 02:33:37.993   683   858 D WifiClientModeImpl[9769:wlan0]: updateLinkLayerStatsRssiSpeedFrequencyCapabilities rssi=-50 TxLinkspeed=1 freq=2447 RxLinkSpeed=2
04-22 02:33:37.993   683   858 D WifiDataStall: tx tput in kbps: 11000
04-22 02:33:37.993   683   858 D WifiDataStall: rx tput in kbps: 11000
04-22 02:33:37.993   683   858 V WifiConfigManager: Updating scan detail cache freq=2447 BSSID=00:13:10:85:fe:01 RSSI=-50 for "AndroidWifi"NONE
04-22 02:33:37.993   683   858 D WifiThroughputPredictor:  utilization (LLS) 80 isBluetoothConnected: false final utilization: 80
04-22 02:33:37.993   683   858 D WifiThroughputPredictor:  BW: 0 RSSI: -50 Nss: 1 Mode: 1 symDur: 4000 snrDb 30 bitPerTone: 4500 rate: 54 throughput: 11
04-22 02:33:37.993   683   858 D WifiThroughputPredictor:  utilization (LLS) 80 isBluetoothConnected: false final utilization: 80
04-22 02:33:37.993   683   858 D WifiThroughputPredictor:  BW: 0 RSSI: -50 Nss: 1 Mode: 1 symDur: 4000 snrDb 30 bitPerTone: 4500 rate: 54 throughput: 11
04-22 02:33:37.994   683   858 D WifiThroughputPredictor:  utilization (LLS) 80 isBluetoothConnected: false final utilization: 80
04-22 02:33:37.994   683   858 D WifiThroughputPredictor:  BW: 0 RSSI: -50 Nss: 1 Mode: 1 symDur: 4000 snrDb 30 bitPerTone: 4500 rate: 54 throughput: 11
04-22 02:33:37.994   683   858 D WifiThroughputPredictor:  utilization (LLS) 80 isBluetoothConnected: false final utilization: 80
04-22 02:33:37.994   683   858 D WifiThroughputPredictor:  BW: 0 RSSI: -50 Nss: 1 Mode: 1 symDur: 4000 snrDb 30 bitPerTone: 4500 rate: 54 throughput: 11
04-22 02:33:37.994   683   858 D WifiScoreCard: BSSID update SIGNAL_POLL ID: 261501600 SSID: "AndroidWifi", BSSID: 00:13:10:85:fe:01, MAC: 02:15:b4:00:00:00, IP: /10.0.2.17, Security type: 0, Supplicant state: COMPLETED, Wi-Fi standard: legacy, RSSI: -50, Link speed: 1Mbps, Tx Link speed: 1Mbps, Max Supported Tx Link speed: 11Mbps, Rx Link speed: 2Mbps, Max Supported Rx Link speed: 11Mbps, Frequency: 2447MHz, Net ID: 0, Metered hint: false, score: 60, isUsable: true, CarrierMerged: false, SubscriptionId: -1, IsPrimary: 1, Trusted: true, Restricted: false, Ephemeral: false, OEM paid: false, OEM private: false, OSU AP: false, FQDN: <none>, Provider friendly name: <none>, Requesting package name: <none>"AndroidWifi"openMLO Information: , Is TID-To-Link negotiation supported by the AP: false, AP MLD Address: <none>, AP MLO Link Id: <none>, AP MLO Affiliated links: <none>, Vendor Data: <none>
04-22 02:33:37.994   683   858 D WifiScoreCard: txRate: 1 txSpeed: 1
04-22 02:33:37.994   683   858 D WifiScoreCard: network update SIGNAL_POLL "AndroidWifi" ID: 579418950 RSSI -50 txSpeed -1
04-22 02:33:37.994   683   858 D WifiClientModeImpl[9769:wlan0]:  ClientModeImpl$L2ConnectedState screen=on 1 0 "AndroidWifi" 00:13:10:85:fe:01 rssi=-50 f=2447 sc=60 link=1 tx=0.1, 0.0, 0.0 rx=0.1 bcn=0 [on:0 tx:0 rx:0 period:3011] from screen [on:0 period:-1320042550] score=60
04-22 02:33:41.000   683   858 W BestClock: java.time.DateTimeException: No network time available
04-22 02:33:41.000   683   858 W BestClock: java.time.DateTimeException: No network time available
04-22 02:33:41.000   683   858 W BestClock: java.time.DateTimeException: No network time available
04-22 02:33:41.000   683   858 W BestClock: java.time.DateTimeException: No network time available
04-22 02:33:41.000   683   858 W BestClock: java.time.DateTimeException: No network time available
04-22 02:33:41.003   683   858 D WifiClientModeImpl[9769:wlan0]: updateLinkLayerStatsRssiSpeedFrequencyCapabilities rssi=-50 TxLinkspeed=1 freq=2447 RxLinkSpeed=2
04-22 02:33:41.003   683   858 D WifiDataStall: tx tput in kbps: 11000
04-22 02:33:41.003   683   858 D WifiDataStall: rx tput in kbps: 11000
04-22 02:33:41.003   683   858 V WifiConfigManager: Updating scan detail cache freq=2447 BSSID=00:13:10:85:fe:01 RSSI=-50 for "AndroidWifi"NONE
04-22 02:33:41.003   683   858 D WifiThroughputPredictor:  utilization (LLS) 80 isBluetoothConnected: false final utilization: 80
04-22 02:33:41.003   683   858 D WifiThroughputPredictor:  BW: 0 RSSI: -50 Nss: 1 Mode: 1 symDur: 4000 snrDb 30 bitPerTone: 4500 rate: 54 throughput: 11
04-22 02:33:41.003   683   858 D WifiThroughputPredictor:  utilization (LLS) 80 isBluetoothConnected: false final utilization: 80
04-22 02:33:41.003   683   858 D WifiThroughputPredictor:  BW: 0 RSSI: -50 Nss: 1 Mode: 1 symDur: 4000 snrDb 30 bitPerTone: 4500 rate: 54 throughput: 11
04-22 02:33:41.003   683   858 D WifiThroughputPredictor:  utilization (LLS) 80 isBluetoothConnected: false final utilization: 80
04-22 02:33:41.004   683   858 D WifiThroughputPredictor:  BW: 0 RSSI: -50 Nss: 1 Mode: 1 symDur: 4000 snrDb 30 bitPerTone: 4500 rate: 54 throughput: 11
04-22 02:33:41.004   683   858 D WifiThroughputPredictor:  utilization (LLS) 80 isBluetoothConnected: false final utilization: 80
04-22 02:33:41.004   683   858 D WifiThroughputPredictor:  BW: 0 RSSI: -50 Nss: 1 Mode: 1 symDur: 4000 snrDb 30 bitPerTone: 4500 rate: 54 throughput: 11
04-22 02:33:41.004   683   858 D WifiScoreCard: BSSID update SIGNAL_POLL ID: 261501600 SSID: "AndroidWifi", BSSID: 00:13:10:85:fe:01, MAC: 02:15:b4:00:00:00, IP: /10.0.2.17, Security type: 0, Supplicant state: COMPLETED, Wi-Fi standard: legacy, RSSI: -50, Link speed: 1Mbps, Tx Link speed: 1Mbps, Max Supported Tx Link speed: 11Mbps, Rx Link speed: 2Mbps, Max Supported Rx Link speed: 11Mbps, Frequency: 2447MHz, Net ID: 0, Metered hint: false, score: 60, isUsable: true, CarrierMerged: false, SubscriptionId: -1, IsPrimary: 1, Trusted: true, Restricted: false, Ephemeral: false, OEM paid: false, OEM private: false, OSU AP: false, FQDN: <none>, Provider friendly name: <none>, Requesting package name: <none>"AndroidWifi"openMLO Information: , Is TID-To-Link negotiation supported by the AP: false, AP MLD Address: <none>, AP MLO Link Id: <none>, AP MLO Affiliated links: <none>, Vendor Data: <none>
04-22 02:33:41.005   683   858 D WifiScoreCard: txRate: 1 txSpeed: 1
04-22 02:33:41.005   683   858 D WifiScoreCard: network update SIGNAL_POLL "AndroidWifi" ID: 579418950 RSSI -50 txSpeed -1
04-22 02:33:41.005   683   858 D WifiClientModeImpl[9769:wlan0]:  ClientModeImpl$L2ConnectedState screen=on 1 0 "AndroidWifi" 00:13:10:85:fe:01 rssi=-50 f=2447 sc=60 link=1 tx=0.0, 0.0, 0.0 rx=0.0 bcn=0 [on:0 tx:0 rx:0 period:3010] from screen [on:0 period:-1320039539] score=60
04-22 02:33:41.164  1086  1298 D SatelliteController: iisInCarrierRoamingNbIotNtn: satellite is disabled
04-22 02:33:41.827  1052  1189 D ApfFilter: (wlan0): Adding RA fe80::2 -> ff02::1 1800s fec0::/64 86400s/14400s 
04-22 02:33:41.831   683   858 D WifiVendorHal: installPacketFilter filter length 1844
04-22 02:33:41.832   683   858 D WifiClientModeImpl[9769:wlan0]:  ClientModeImpl$ConnectableState screen=on len=1844
04-22 02:33:44.008   683   858 W BestClock: java.time.DateTimeException: No network time available
04-22 02:33:44.009   683   858 W BestClock: java.time.DateTimeException: No network time available
04-22 02:33:44.009   683   858 W BestClock: java.time.DateTimeException: No network time available
04-22 02:33:44.009   683   858 W BestClock: java.time.DateTimeException: No network time available
04-22 02:33:44.009   683   858 W BestClock: java.time.DateTimeException: No network time available
04-22 02:33:44.009   683   858 D WifiClientModeImpl[9769:wlan0]: updateLinkLayerStatsRssiSpeedFrequencyCapabilities rssi=-50 TxLinkspeed=1 freq=2447 RxLinkSpeed=2
04-22 02:33:44.009   683   858 D WifiDataStall: tx tput in kbps: 11000
04-22 02:33:44.009   683   858 D WifiDataStall: rx tput in kbps: 11000
04-22 02:33:44.009   683   858 V WifiConfigManager: Updating scan detail cache freq=2447 BSSID=00:13:10:85:fe:01 RSSI=-50 for "AndroidWifi"NONE
04-22 02:33:44.009   683   858 D WifiThroughputPredictor:  utilization (LLS) 80 isBluetoothConnected: false final utilization: 80
04-22 02:33:44.009   683   858 D WifiThroughputPredictor:  BW: 0 RSSI: -50 Nss: 1 Mode: 1 symDur: 4000 snrDb 30 bitPerTone: 4500 rate: 54 throughput: 11
04-22 02:33:44.009   683   858 D WifiThroughputPredictor:  utilization (LLS) 80 isBluetoothConnected: false final utilization: 80
04-22 02:33:44.009   683   858 D WifiThroughputPredictor:  BW: 0 RSSI: -50 Nss: 1 Mode: 1 symDur: 4000 snrDb 30 bitPerTone: 4500 rate: 54 throughput: 11
04-22 02:33:44.009   683   858 D WifiThroughputPredictor:  utilization (LLS) 80 isBluetoothConnected: false final utilization: 80
04-22 02:33:44.009   683   858 D WifiThroughputPredictor:  BW: 0 RSSI: -50 Nss: 1 Mode: 1 symDur: 4000 snrDb 30 bitPerTone: 4500 rate: 54 throughput: 11
04-22 02:33:44.009   683   858 D WifiThroughputPredictor:  utilization (LLS) 80 isBluetoothConnected: false final utilization: 80
04-22 02:33:44.009   683   858 D WifiThroughputPredictor:  BW: 0 RSSI: -50 Nss: 1 Mode: 1 symDur: 4000 snrDb 30 bitPerTone: 4500 rate: 54 throughput: 11
04-22 02:33:44.010   683   858 D WifiScoreCard: BSSID update SIGNAL_POLL ID: 261501600 SSID: "AndroidWifi", BSSID: 00:13:10:85:fe:01, MAC: 02:15:b4:00:00:00, IP: /10.0.2.17, Security type: 0, Supplicant state: COMPLETED, Wi-Fi standard: legacy, RSSI: -50, Link speed: 1Mbps, Tx Link speed: 1Mbps, Max Supported Tx Link speed: 11Mbps, Rx Link speed: 2Mbps, Max Supported Rx Link speed: 11Mbps, Frequency: 2447MHz, Net ID: 0, Metered hint: false, score: 60, isUsable: true, CarrierMerged: false, SubscriptionId: -1, IsPrimary: 1, Trusted: true, Restricted: false, Ephemeral: false, OEM paid: false, OEM private: false, OSU AP: false, FQDN: <none>, Provider friendly name: <none>, Requesting package name: <none>"AndroidWifi"openMLO Information: , Is TID-To-Link negotiation supported by the AP: false, AP MLD Address: <none>, AP MLO Link Id: <none>, AP MLO Affiliated links: <none>, Vendor Data: <none>
04-22 02:33:44.010   683   858 D WifiScoreCard: txRate: 1 txSpeed: 1
04-22 02:33:44.010   683   858 D WifiScoreCard: network update SIGNAL_POLL "AndroidWifi" ID: 579418950 RSSI -50 txSpeed -1
04-22 02:33:44.010   683   858 D WifiClientModeImpl[9769:wlan0]:  ClientModeImpl$L2ConnectedState screen=on 1 0 "AndroidWifi" 00:13:10:85:fe:01 rssi=-50 f=2447 sc=60 link=1 tx=0.0, 0.0, 0.0 rx=0.2 bcn=0 [on:0 tx:0 rx:0 period:3005] from screen [on:0 period:-1320036534] score=60
04-22 02:33:44.277   938   938 D wpa_supplicant: nl80211: Drv Event 64 (NL80211_CMD_NOTIFY_CQM) received for wlan0
04-22 02:33:44.278   938   938 D wpa_supplicant: nl80211: Beacon loss event
04-22 02:33:44.278   938   938 D wpa_supplicant: wlan0: Event BEACON_LOSS (53) received
04-22 02:33:44.278   938   938 I wpa_supplicant: wlan0: CTRL-EVENT-BEACON-LOSS 
04-22 02:33:46.659   683   750 I WifiService: isFeatureSupported uid=1000 returns [WIFI_FEATURE_INFRA, WIFI_FEATURE_P2P, WIFI_FEATURE_MOBILE_HOTSPOT, WIFI_FEATURE_WPA3_SAE, WIFI_FEATURE_WPA3_SUITE_B, WIFI_FEATURE_OWE, WIFI_FEATURE_DPP, WIFI_FEATURE_AP_RAND_MAC, WIFI_FEATURE_MBO, WIFI_FEATURE_FILS_SHA256, WIFI_FEATURE_FILS_SHA384, WIFI_FEATURE_SAE_PK, WIFI_FEATURE_DPP_ENROLLEE_RESPONDER, WIFI_FEATURE_PASSPOINT_TERMS_AND_CONDITIONS, WIFI_FEATURE_WFD_R2, WIFI_FEATURE_DECORATED_IDENTITY, WIFI_FEATURE_TRUST_ON_FIRST_USE, WIFI_FEATURE_SET_TLS_MINIMUM_VERSION, WIFI_FEATURE_TLS_V1_3, WIFI_FEATURE_WEP, WIFI_FEATURE_WPA_PERSONAL]
04-22 02:33:47.015   683   858 W BestClock: java.time.DateTimeException: No network time available
04-22 02:33:47.015   683   858 W BestClock: java.time.DateTimeException: No network time available
