04-22 02:32:43.844   683   858 V WifiConfigManager: Updating scan detail cache freq=2447 BSSID=00:13:10:85:fe:01 RSSI=-50 for "AndroidWifi"NONE
04-22 02:32:43.844   683   858 D WifiThroughputPredictor:  utilization (LLS) 80 isBluetoothConnected: false final utilization: 80
04-22 02:32:43.844   683   858 D WifiThroughputPredictor:  BW: 0 RSSI: -50 Nss: 1 Mode: 1 symDur: 4000 snrDb 30 bitPerTone: 4500 rate: 54 throughput: 11
04-22 02:32:43.844   683   858 D WifiThroughputPredictor:  utilization (LLS) 80 isBluetoothConnected: false final utilization: 80
04-22 02:32:43.844   683   858 D WifiThroughputPredictor:  BW: 0 RSSI: -50 Nss: 1 Mode: 1 symDur: 4000 snrDb 30 bitPerTone: 4500 rate: 54 throughput: 11
04-22 02:32:43.845   683   858 D WifiThroughputPredictor:  utilization (LLS) 80 isBluetoothConnected: false final utilization: 80
04-22 02:32:43.845   683   858 D WifiThroughputPredictor:  BW: 0 RSSI: -50 Nss: 1 Mode: 1 symDur: 4000 snrDb 30 bitPerTone: 4500 rate: 54 throughput: 11
04-22 02:32:43.845   683   858 D WifiThroughputPredictor:  utilization (LLS) 80 isBluetoothConnected: false final utilization: 80
04-22 02:32:43.845   683   858 D WifiThroughputPredictor:  BW: 0 RSSI: -50 Nss: 1 Mode: 1 symDur: 4000 snrDb 30 bitPerTone: 4500 rate: 54 throughput: 11
04-22 02:32:43.846   683   858 D WifiScoreCard: BSSID update SIGNAL_POLL ID: 261501600 SSID: "AndroidWifi", BSSID: 00:13:10:85:fe:01, MAC: 02:15:b4:00:00:00, IP: /10.0.2.17, Security type: 0, Supplicant state: COMPLETED, Wi-Fi standard: legacy, RSSI: -50, Link speed: 1Mbps, Tx Link speed: 1Mbps, Max Supported Tx Link speed: 11Mbps, Rx Link speed: 2Mbps, Max Supported Rx Link speed: 11Mbps, Frequency: 2447MHz, Net ID: 0, Metered hint: false, score: 60, isUsable: true, CarrierMerged: false, SubscriptionId: -1, IsPrimary: 1, Trusted: true, Restricted: false, Ephemeral: false, OEM paid: false, OEM private: false, OSU AP: false, FQDN: <none>, Provider friendly name: <none>, Requesting package name: <none>"AndroidWifi"openMLO Information: , Is TID-To-Link negotiation supported by the AP: false, AP MLD Address: <none>, AP MLO Link Id: <none>, AP MLO Affiliated links: <none>, Vendor Data: <none>
04-22 02:32:43.846   683   858 D WifiScoreCard: txRate: 1 txSpeed: 1
04-22 02:32:43.846   683   858 D WifiScoreCard: network update SIGNAL_POLL "AndroidWifi" ID: 579418950 RSSI -50 txSpeed -1
04-22 02:32:43.846   683   858 D WifiClientModeImpl[9769:wlan0]:  ClientModeImpl$L2ConnectedState screen=on 1 0 "AndroidWifi" 00:13:10:85:fe:01 rssi=-50 f=2447 sc=60 link=1 tx=0.6, 0.0, 0.0 rx=0.5 bcn=0 [on:0 tx:0 rx:0 period:3015] from screen [on:0 period:-1320096698] score=60
04-22 02:32:45.774   683   809 D ActivityManager: freezing 1396 com.google.android.permissioncontroller
04-22 02:32:45.779   683   864 D InetDiagMessage: Destroyed 0 sockets, proto=IPPROTO_TCP, family=AF_INET, states=14
04-22 02:32:45.781   683   864 D InetDiagMessage: Destroyed 0 sockets, proto=IPPROTO_TCP, family=AF_INET6, states=14
04-22 02:32:45.781   683   864 D InetDiagMessage: Destroyed live tcp sockets for uids={10196} in 3ms
04-22 02:32:46.644   683  1760 W ActivityTaskManager: callingPackage for (uid=2000, pid=24596) has no WPC
04-22 02:32:46.646   683  1760 I system_server: AssetManager2(0xb400007aa8c8aa38) locale list changing from [] to [en-US]
04-22 02:32:46.646   683  1760 V GrammaticalInflectionUtils: AttributionSource: AttributionSource { uid = 10214, packageName = null, attributionTag = null, token = android.os.Binder@d3d534, deviceId = 0, next = null } does not have READ_SYSTEM_GRAMMATICAL_GENDER permission.
04-22 02:32:46.646   683  1760 W OptProp : Cannot read opt property android.window.PROPERTY_COMPAT_ALLOW_USER_ASPECT_RATIO_OVERRIDE
04-22 02:32:46.647   683  1760 W OptProp : Cannot read opt property android.window.PROPERTY_COMPAT_ALLOW_USER_ASPECT_RATIO_FULLSCREEN_OVERRIDE
04-22 02:32:46.647   683  1760 W OptProp : Cannot read opt property android.window.PROPERTY_COMPAT_ALLOW_RESIZEABLE_ACTIVITY_OVERRIDES
04-22 02:32:46.647   683  1760 W OptProp : Cannot read opt property android.window.PROPERTY_COMPAT_ALLOW_MIN_ASPECT_RATIO_OVERRIDE
04-22 02:32:46.649   683  1760 W OptProp : Cannot read opt property android.window.PROPERTY_COMPAT_ALLOW_ORIENTATION_OVERRIDE
04-22 02:32:46.650   683  1760 I ActivityTaskManager: START u0 {flg=0x10000000 xflg=0x5 cmp=com.impos2.mixcretailassemblyrn84/.MainActivity} with LAUNCH_SINGLE_TASK from uid 2000 (BAL_ALLOW_PERMISSION) result code=0
04-22 02:32:46.651   957  1163 I ndroid.systemui: AssetManager2(0xb400007aa8c6e838) locale list changing from [] to [en-US]
04-22 02:32:46.651   957  1041 V WindowManagerShell: Transition requested (#136): android.os.BinderProxy@ca99d4c TransitionRequestInfo { type = OPEN, triggerTask = TaskInfo{userId=0 taskId=36 effectiveUid=10214 displayId=0 isRunning=true baseIntent=Intent { flg=0x10000000 cmp=com.impos2.mixcretailassemblyrn84/.MainActivity } baseActivity=ComponentInfo{com.impos2.mixcretailassemblyrn84/com.impos2.mixcretailassemblyrn84.MainActivity} topActivity=ComponentInfo{com.impos2.mixcretailassemblyrn84/com.impos2.mixcretailassemblyrn84.MainActivity} origActivity=null realActivity=ComponentInfo{com.impos2.mixcretailassemblyrn84/com.impos2.mixcretailassemblyrn84.MainActivity} numActivities=1 lastActiveTime=21824194 supportsMultiWindow=true resizeMode=1 isResizeable=true minWidth=-1 minHeight=-1 defaultMinSize=220 token=WCT{android.window.IWindowContainerToken$Stub$Proxy@6ed5195} topActivityType=1 pictureInPictureParams=null shouldDockBigOverlays=false launchIntoPipHostTaskId=-1 lastParentTaskIdBeforePip=-1 displayCutoutSafeInsets=Rect(0, 0 - 0, 0) topActivityInfo=ActivityInfo{2552aa com.impos2.mixcretailassemblyrn84.MainActivity} launchCookies=[] positionInParent=Point(0, 0) parentTaskId=-1 isFocused=false isVisible=false isVisibleRequested=false isTopActivityNoDisplay=false isSleeping=false locusId=null displayAreaFeatureId=1 isTopActivityTransparent=false isActivityStackTransparent=false lastNonFullscreenBounds=Rect(892, 102 - 1668, 1482) capturedLink=null capturedLinkTimestamp=0 requestedVisibleTypes=-9 topActivityRequestOpenInBrowserEducationTimestamp=0 appCompatTaskInfo=AppCompatTaskInfo { topActivityInSizeCompat=false eligibleForLetterboxEducation= false isLetterboxEducationEnabled= true isLetterboxDoubleTapEnabled= false eligibleForUserAspectRatioButton= true topActivityBoundsLetterboxed= false isFromLetterboxDoubleTap= false topActivityLetterboxVerticalPosition= -1 topActivityLetterboxHorizontalPosition= -1 topActivityLetterboxWidth=-1 topActivityLetterboxHeight=-1 topActivityAppBounds=Rect(0, 0 - 2560, 1600) isUserFullscreenOverrideEnabled=false isSystemFullscreenOverrideEnabled=false hasMinAspectRatioOverride=false topActivityLetterboxBounds=null cameraCompatTaskInfo=CameraCompatTaskInfo { freeformCameraCompatMode=inactive}} topActivityMainWindowFrame=null}, pipChange = null, remoteTransition = null, displayChange = null, flags = 0, debugId = 136 }
04-22 02:32:46.651   957  1041 D ShellSplitScreen: logExit: no-op, mLoggerSessionId is null
04-22 02:32:46.651   683   734 V GrammaticalInflectionUtils: AttributionSource: AttributionSource { uid = 10214, packageName = null, attributionTag = null, token = android.os.Binder@d3d534, deviceId = 0, next = null } does not have READ_SYSTEM_GRAMMATICAL_GENDER permission.
04-22 02:32:46.651  1096  1096 W SplitSelectStateCtor: Missing session instanceIds
04-22 02:32:46.651  1096  1096 D StatsLog: LAUNCHER_SPLIT_SELECTION_EXIT_INTERRUPTED
04-22 02:32:46.652   683  1760 D CompatChangeReporter: Compat change id reported: 377864165; UID 10214; state: ENABLED
04-22 02:32:46.653   683   912 D BackgroundInstallControlService: Package event received: 0
04-22 02:32:46.653   683   734 W IPCThreadState: Sending oneway calls to frozen process.
04-22 02:32:46.654   683   734 W IPCThreadState: Sending oneway calls to frozen process.
04-22 02:32:46.654   683   734 W IPCThreadState: Sending oneway calls to frozen process.
04-22 02:32:46.654   683   734 W IPCThreadState: Sending oneway calls to frozen process.
04-22 02:32:46.654   683   734 W IPCThreadState: Sending oneway calls to frozen process.
04-22 02:32:46.654   683   734 W IPCThreadState: Sending oneway calls to frozen process.
04-22 02:32:46.654   683   734 W IPCThreadState: Sending oneway calls to frozen process.
04-22 02:32:46.654   683   734 W IPCThreadState: Sending oneway calls to frozen process.
04-22 02:32:46.654   683   734 W IPCThreadState: Sending oneway calls to frozen process.
04-22 02:32:46.654   683   734 W IPCThreadState: Sending oneway calls to frozen process.
04-22 02:32:46.654   683   734 W IPCThreadState: Sending oneway calls to frozen process.
04-22 02:32:46.654   683   734 W IPCThreadState: Sending oneway calls to frozen process.
04-22 02:32:46.654   683   734 W IPCThreadState: Sending oneway calls to frozen process.
04-22 02:32:46.654   683   734 W IPCThreadState: Sending oneway calls to frozen process.
04-22 02:32:46.654   683   734 W IPCThreadState: Sending oneway calls to frozen process.
04-22 02:32:46.654   683   734 W IPCThreadState: Sending oneway calls to frozen process.
04-22 02:32:46.654   683   734 W IPCThreadState: Sending oneway calls to frozen process.
04-22 02:32:46.654   683   734 W IPCThreadState: Sending oneway calls to frozen process.
04-22 02:32:46.654   683   734 W IPCThreadState: Sending oneway calls to frozen process.
04-22 02:32:46.654   683   734 W IPCThreadState: Sending oneway calls to frozen process.
04-22 02:32:46.654   683   734 W IPCThreadState: Sending oneway calls to frozen process.
04-22 02:32:46.654   683   734 W IPCThreadState: Sending oneway calls to frozen process.
04-22 02:32:46.654   683   734 W IPCThreadState: Sending oneway calls to frozen process.
04-22 02:32:46.654   683   734 W IPCThreadState: Sending oneway calls to frozen process.
04-22 02:32:46.654   683   734 W IPCThreadState: Sending oneway calls to frozen process.
04-22 02:32:46.654   683   734 W IPCThreadState: Sending oneway calls to frozen process.
04-22 02:32:46.654   683   734 W IPCThreadState: Sending oneway calls to frozen process.
04-22 02:32:46.654   683   734 W IPCThreadState: Sending oneway calls to frozen process.
04-22 02:32:46.654   683   734 W IPCThreadState: Sending oneway calls to frozen process.
04-22 02:32:46.654   683   734 W IPCThreadState: Sending oneway calls to frozen process.
04-22 02:32:46.654   683   734 W IPCThreadState: Sending oneway calls to frozen process.
04-22 02:32:46.654   683   734 W IPCThreadState: Sending oneway calls to frozen process.
04-22 02:32:46.654   683   734 W IPCThreadState: Sending oneway calls to frozen process.
04-22 02:32:46.654   683   734 W IPCThreadState: Sending oneway calls to frozen process.
04-22 02:32:46.654   683   734 W IPCThreadState: Sending oneway calls to frozen process.
04-22 02:32:46.654   683   734 W IPCThreadState: Sending oneway calls to frozen process.
04-22 02:32:46.654   683   734 W IPCThreadState: Sending oneway calls to frozen process.
04-22 02:32:46.654   683   734 W IPCThreadState: Sending oneway calls to frozen process.
04-22 02:32:46.654   683   734 W IPCThreadState: Sending oneway calls to frozen process.
04-22 02:32:46.654   683   734 W IPCThreadState: Sending oneway calls to frozen process.
04-22 02:32:46.654   683   734 W IPCThreadState: Sending oneway calls to frozen process.
04-22 02:32:46.655   957  1041 D WindowManagerShell: setLauncherKeepClearAreaHeight: visible=false, height=202
04-22 02:32:46.657   515   515 I BpBinder: onLastStrongRef automatically unlinking death recipients: 
04-22 02:32:46.657   957  1164 D SplashScreenView: Build android.window.SplashScreenView{71e7211 V.E...... ......ID 0,0-0,0}
04-22 02:32:46.657   957  1164 D SplashScreenView: Icon: view: android.widget.ImageView{8ddef76 V.ED..... ......I. 0,0-0,0 #1020542 android:id/splashscreen_icon_view} drawable: com.android.wm.shell.startingsurface.SplashscreenIconDrawableFactory$ImmobileIconDrawable@b91977 size: 384
04-22 02:32:46.657   957  1164 D SplashScreenView: Branding: view: android.view.View{d9c49e4 G.ED..... ......I. 0,0-0,0 #1020541 android:id/splashscreen_branding_view} drawable: null size w: 0 h: 0
04-22 02:32:46.656   683   891 I AppWidgetServiceImpl: Received broadcast: android.intent.action.PACKAGE_UNSTOPPED on user 0
04-22 02:32:46.657   683   891 I AppWidgetServiceImpl: Updating package stopped masked state for uid 10214 package com.impos2.mixcretailassemblyrn84 isStopped false
04-22 02:32:46.660   683  1000 W OptProp : Cannot read opt property android.window.PROPERTY_COMPAT_ALLOW_DISPLAY_ORIENTATION_OVERRIDE
04-22 02:32:46.661   462   462 D Zygote  : Forked child process 24600
04-22 02:32:46.664   683   741 I ActivityManager: Start proc 24600:com.impos2.mixcretailassemblyrn84/u0a214 for next-top-activity {com.impos2.mixcretailassemblyrn84/com.impos2.mixcretailassemblyrn84.MainActivity}
04-22 02:32:46.664   683   741 I ActivityManager: ProcessObserver broadcast disabled
04-22 02:32:46.669 24599 24599 W dumpsys : Thread Pool max thread count is 0. Cannot cache binder as linkToDeath cannot be implemented. serviceName: package
04-22 02:32:46.672 24453 24455 I artd    : GetBestInfo: odex next to the dex file (/data/app/~~ZczlrLpwuCpr-K8bIiqmtQ==/com.impos2.mixcretailassemblyrn84-0atRnCHJ_6UMavce4U6wyA==/oat/arm64/base.odex) is kOatUpToDate with filter 'verify' executable 'false'
04-22 02:32:46.672   527   527 E adbd    : failed to connect to socket 'tcp:18584': Connection refused
04-22 02:32:46.672   459   535 I netd    : tetherGetStats() -> {[]} <0.26ms>
04-22 02:32:46.679 24600 24600 I ailassemblyrn84: Using CollectorTypeCMC GC.
04-22 02:32:46.681 24600 24600 E ailassemblyrn84: Not starting debugger since process cannot load the jdwp agent.
04-22 02:32:46.683 24600 24600 D nativeloader: Load libframework-connectivity-tiramisu-jni.so using APEX ns com_android_tethering for caller /apex/com.android.tethering/javalib/framework-connectivity-t.jar: ok
04-22 02:32:46.685   683   912 D BackgroundInstallControlService: Package event received: 0
04-22 02:32:46.689   683   731 V WindowManager: Sent Transition (#136) createdAt=04-22 02:32:46.647 via request=TransitionRequestInfo { type = OPEN, triggerTask = TaskInfo{userId=0 taskId=36 effectiveUid=10214 displayId=0 isRunning=true baseIntent=Intent { flg=0x10000000 cmp=com.impos2.mixcretailassemblyrn84/.MainActivity } baseActivity=ComponentInfo{com.impos2.mixcretailassemblyrn84/com.impos2.mixcretailassemblyrn84.MainActivity} topActivity=ComponentInfo{com.impos2.mixcretailassemblyrn84/com.impos2.mixcretailassemblyrn84.MainActivity} origActivity=null realActivity=ComponentInfo{com.impos2.mixcretailassemblyrn84/com.impos2.mixcretailassemblyrn84.MainActivity} numActivities=1 lastActiveTime=21824194 supportsMultiWindow=true resizeMode=1 isResizeable=true minWidth=-1 minHeight=-1 defaultMinSize=220 token=WCT{RemoteToken{d452745 Task{557ba2e #36 type=standard A=10214:com.impos2.mixcretailassemblyrn84}}} topActivityType=1 pictureInPictureParams=null shouldDockBigOverlays=false launchIntoPipHostTaskId=-1 lastParentTaskIdBeforePip=-1 displayCutoutSafeInsets=Rect(0, 0 - 0, 0) topActivityInfo=ActivityInfo{cc6ee9a com.impos2.mixcretailassemblyrn84.MainActivity} launchCookies=[] positionInParent=Point(0, 0) parentTaskId=-1 isFocused=false isVisible=false isVisibleRequested=false isTopActivityNoDisplay=false isSleeping=false locusId=null displayAreaFeatureId=1 isTopActivityTransparent=false isActivityStackTransparent=false lastNonFullscreenBounds=Rect(892, 102 - 1668, 1482) capturedLink=null capturedLinkTimestamp=0 requestedVisibleTypes=-9 topActivityRequestOpenInBrowserEducationTimestamp=0 appCompatTaskInfo=AppCompatTaskInfo { topActivityInSizeCompat=false eligibleForLetterboxEducation= false isLetterboxEducationEnabled= true isLetterboxDoubleTapEnabled= false eligibleForUserAspectRatioButton= true topActivityBoundsLetterboxed= false isFromLetterboxDoubleTap= false topActivityLetterboxVerticalPosition= -1 topActivityLetterboxHorizontalPosition= -1 topActivityLetterboxWidth=-1 topActivityLetterboxHeight=-1 topActivityAppBounds=Rect(0, 0 - 2560, 1600) isUserFullscreenOverrideEnabled=false isSystemFullscreenOverrideEnabled=false hasMinAspectRatioOverride=false topActivityLetterboxBounds=null cameraCompatTaskInfo=CameraCompatTaskInfo { freeformCameraCompatMode=inactive}} topActivityMainWindowFrame=null}, pipChange = null, remoteTransition = null, displayChange = null, flags = 0, debugId = 136 }
04-22 02:32:46.689   683   731 V WindowManager:     startWCT=WindowContainerTransaction { changes= {} hops= [] errorCallbackToken=null taskFragmentOrganizer=null }
04-22 02:32:46.689   683   731 V WindowManager:     info={id=136 t=OPEN f=0x0 trk=0 r=[0@Point(0, 0)] c=[
04-22 02:32:46.689   683   731 V WindowManager:         {WCT{RemoteToken{d452745 Task{557ba2e #36 type=standard A=10214:com.impos2.mixcretailassemblyrn84}}} m=OPEN f=NONE leash=Surface(name=Task=36)/@0x64ed53 sb=Rect(0, 0 - 2560, 1600) eb=Rect(0, 0 - 2560, 1600) epz=Point(2560, 1600) d=0 taskParent=-1},
04-22 02:32:46.689   683   731 V WindowManager:         {WCT{RemoteToken{d207d2d Task{be313b9 #1 type=home}}} m=TO_BACK f=SHOW_WALLPAPER leash=Surface(name=Task=1)/@0x1052c0a sb=Rect(0, 0 - 2560, 1600) eb=Rect(0, 0 - 2560, 1600) epz=Point(2560, 1600) d=0 taskParent=-1},
04-22 02:32:46.689   683   731 V WindowManager:         {m=TO_BACK f=IS_WALLPAPER leash=Surface(name=WallpaperWindowToken{d943a30 showWhenLocked=false})/@0x2293475 sb=Rect(0, 0 - 2560, 1600) eb=Rect(0, 0 - 2560, 1600) epz=Point(2560, 1600) d=0}
04-22 02:32:46.689   683   731 V WindowManager:     ]}
04-22 02:32:46.689   957  1252 V WindowManagerShell: onTransitionReady(transaction=2933462668891)
04-22 02:32:46.690   957  1041 V WindowManagerShell: onTransitionReady (#136) android.os.BinderProxy@ca99d4c: {id=136 t=OPEN f=0x0 trk=0 r=[0@Point(0, 0)] c=[
04-22 02:32:46.690   957  1041 V WindowManagerShell:         {m=OPEN f=NONE leash=Surface(name=Task=36)/@0xadda968 sb=Rect(0, 0 - 2560, 1600) eb=Rect(0, 0 - 2560, 1600) epz=Point(2560, 1600) d=0 taskParent=-1},
04-22 02:32:46.690   957  1041 V WindowManagerShell:         {m=TO_BACK f=SHOW_WALLPAPER leash=Surface(name=Task=1)/@0x86f0181 sb=Rect(0, 0 - 2560, 1600) eb=Rect(0, 0 - 2560, 1600) epz=Point(2560, 1600) d=0 taskParent=-1},
04-22 02:32:46.690   957  1041 V WindowManagerShell:         {m=TO_BACK f=IS_WALLPAPER leash=Surface(name=WallpaperWindowToken{d943a30 showWhenLocked=false})/@0x47f2226 sb=Rect(0, 0 - 2560, 1600) eb=Rect(0, 0 - 2560, 1600) epz=Point(2560, 1600) d=0}
04-22 02:32:46.690   957  1041 V WindowManagerShell:     ]}
04-22 02:32:46.690   957  1041 V WindowManagerShell: Playing animation for (#136) android.os.BinderProxy@ca99d4c@0
04-22 02:32:46.690   957  1041 V ShellRecents: RecentsTransitionHandler.startAnimation: no controller found
04-22 02:32:46.690   957  1041 V WindowManagerShell: Transition doesn't have explicit remote, search filters for match for {id=136 t=OPEN f=0x0 trk=0 r=[0@Point(0, 0)] c=[{m=OPEN f=NONE leash=Surface(name=Task=36)/@0xadda968 sb=Rect(0, 0 - 2560, 1600) eb=Rect(0, 0 - 2560, 1600) epz=Point(2560, 1600) d=0 taskParent=-1},{m=TO_BACK f=SHOW_WALLPAPER leash=Surface(name=Task=1)/@0x86f0181 sb=Rect(0, 0 - 2560, 1600) eb=Rect(0, 0 - 2560, 1600) epz=Point(2560, 1600) d=0 taskParent=-1},{m=TO_BACK f=IS_WALLPAPER leash=Surface(name=WallpaperWindowToken{d943a30 showWhenLocked=false})/@0x47f2226 sb=Rect(0, 0 - 2560, 1600) eb=Rect(0, 0 - 2560, 1600) epz=Point(2560, 1600) d=0}]}
04-22 02:32:46.690   957  1041 V WindowManagerShell:  Checking filter Pair{{types=[] flags=0x0] notFlags=0x0 checks=[{atype=undefined independent=true modes=[CLOSE,TO_BACK] flags=IN_TASK_WITH_EMBEDDED_ACTIVITY mustBeTask=false order=ANY topActivity=null launchCookie=null taskFragmentToken=android.os.BinderProxy@c0a78a1 windowingMode=undefined}]} RemoteTransition { remoteTransition = android.window.IRemoteTransition$Stub$Proxy@ebc9ac6, appThread = android.app.IApplicationThread$Stub$Proxy@89a6a87, debugName = overlayBackTransition }}
04-22 02:32:46.690   957  1041 V WindowManagerShell:  Checking filter Pair{{types=[] flags=0x0] notFlags=0x0 checks=[{atype=dream independent=true modes=[OPEN,TO_FRONT] flags=NONE mustBeTask=false order=ANY topActivity=null launchCookie=null windowingMode=undefined},{atype=home independent=true modes=[CLOSE,TO_BACK] flags=NONE mustBeTask=false order=ANY topActivity=null launchCookie=null windowingMode=undefined}]} RemoteTransition { remoteTransition = android.window.IRemoteTransition$Stub$Proxy@19eadb4, appThread = android.app.IApplicationThread$Stub$Proxy@6b4fddd, debugName = LauncherToDream }}
04-22 02:32:46.690   957  1041 V WindowManagerShell:  Checking filter Pair{{types=[] flags=0x0] notFlags=0x100 checks=[{atype=home independent=true modes=[OPEN,TO_FRONT] flags=NONE mustBeTask=false order=TOP topActivity=ComponentInfo{com.google.android.apps.nexuslauncher/com.google.android.apps.nexuslauncher.NexusLauncherActivity} launchCookie=null windowingMode=undefined},{atype=standard independent=true modes=[CLOSE,TO_BACK] flags=NONE mustBeTask=false order=ANY topActivity=null launchCookie=null windowingMode=undefined},{NOT atype=undefined independent=true modes=[] flags=NONE mustBeTask=true order=ANY topActivity=null launchCookie=null customAnim=true windowingMode=undefined}]} RemoteTransition { remoteTransition = android.window.IRemoteTransition$Stub$Proxy@6579d52, appThread = android.app.IApplicationThread$Stub$Proxy@4a92823, debugName = QuickstepLaunchHome }}
04-22 02:32:46.690   957  1041 V WindowManagerShell:  Delegate animation for (#136) to null
04-22 02:32:46.690   957  1041 V WindowManagerShell: start default transition animation, info = {id=136 t=OPEN f=0x0 trk=0 r=[0@Point(0, 0)] c=[{m=OPEN f=NONE leash=Surface(name=Task=36)/@0xadda968 sb=Rect(0, 0 - 2560, 1600) eb=Rect(0, 0 - 2560, 1600) epz=Point(2560, 1600) d=0 taskParent=-1},{m=TO_BACK f=SHOW_WALLPAPER leash=Surface(name=Task=1)/@0x86f0181 sb=Rect(0, 0 - 2560, 1600) eb=Rect(0, 0 - 2560, 1600) epz=Point(2560, 1600) d=0 taskParent=-1},{m=TO_BACK f=IS_WALLPAPER leash=Surface(name=WallpaperWindowToken{d943a30 showWhenLocked=false})/@0x47f2226 sb=Rect(0, 0 - 2560, 1600) eb=Rect(0, 0 - 2560, 1600) epz=Point(2560, 1600) d=0}]}
04-22 02:32:46.690   957  1041 V WindowManagerShell: loadAnimation: anim=android.view.animation.AnimationSet@e8934bd animAttr=0x13 type=OPEN isEntrance=false
04-22 02:32:46.691   957  1041 V WindowManagerShell: loadAnimation: anim=android.view.animation.AnimationSet@10a3d80 animAttr=0x12 type=OPEN isEntrance=true
04-22 02:32:46.692   957  1041 V WindowManagerShell:  animated by com.android.wm.shell.transition.DefaultTransitionHandler@419789b
04-22 02:32:46.696 24600 24600 D nativeloader: Configuring clns-9 for other apk /data/app/~~ZczlrLpwuCpr-K8bIiqmtQ==/com.impos2.mixcretailassemblyrn84-0atRnCHJ_6UMavce4U6wyA==/base.apk. target_sdk_version=36, uses_libraries=, library_path=/data/app/~~ZczlrLpwuCpr-K8bIiqmtQ==/com.impos2.mixcretailassemblyrn84-0atRnCHJ_6UMavce4U6wyA==/lib/arm64:/data/app/~~ZczlrLpwuCpr-K8bIiqmtQ==/com.impos2.mixcretailassemblyrn84-0atRnCHJ_6UMavce4U6wyA==/base.apk!/lib/arm64-v8a, permitted_path=/data:/mnt/expand:/data/user/0/com.impos2.mixcretailassemblyrn84
04-22 02:32:46.698 24600 24600 I ailassemblyrn84: AssetManager2(0xb400007aa8c1a238) locale list changing from [] to [en-US]
04-22 02:32:46.699 24600 24600 V GraphicsEnvironment: Currently set values for:
04-22 02:32:46.699 24600 24600 V GraphicsEnvironment:   angle_gl_driver_selection_pkgs=[]
04-22 02:32:46.699 24600 24600 V GraphicsEnvironment:   angle_gl_driver_selection_values=[]
04-22 02:32:46.699 24600 24600 V GraphicsEnvironment: com.impos2.mixcretailassemblyrn84 is not listed in per-application setting
04-22 02:32:46.700 24600 24600 V GraphicsEnvironment: ANGLE allowlist from config: com.dreamgames.royalmatch com.dts.freefiremax com.dxx.firenow com.gramgames.mergedragons com.ludo.king com.mojang.minecraftpe com.my.defense com.nintendo.zaka com.os.airforce com.playrix.fishdomdd.gplay io.teslatech.callbreak jp.konami.prospia net.peakgames.toonblast
04-22 02:32:46.700 24600 24600 V GraphicsEnvironment: com.impos2.mixcretailassemblyrn84 is not listed in ANGLE allowlist or settings, returning default
04-22 02:32:46.700 24600 24600 V GraphicsEnvironment: Neither updatable production driver nor prerelease driver is supported.
04-22 02:32:46.703 24600 24600 W SoLoader: Initializing SoLoader: 0
04-22 02:32:46.704 24600 24600 W SoLoader: Recording new base apk path: /data/app/~~ZczlrLpwuCpr-K8bIiqmtQ==/com.impos2.mixcretailassemblyrn84-0atRnCHJ_6UMavce4U6wyA==/base.apk
04-22 02:32:46.704 24600 24600 W SoLoader: Previously recorded 0 base apk paths.
04-22 02:32:46.705 24600 24600 I SoLoader: Preparing SO source: DirectorySoSource[root = /vendor/lib64 flags = 2]
04-22 02:32:46.705 24600 24600 I SoLoader: Preparing SO source: DirectorySoSource[root = /system/lib64 flags = 2]
04-22 02:32:46.705 24600 24600 I SoLoader: Preparing SO source: DirectApkSoSource[root = [/data/app/~~ZczlrLpwuCpr-K8bIiqmtQ==/com.impos2.mixcretailassemblyrn84-0atRnCHJ_6UMavce4U6wyA==/base.apk!/lib/arm64-v8a]]
04-22 02:32:46.706 24600 24600 I SoLoader: Preparing SO source: ApplicationSoSource[DirectorySoSource[root = /data/app/~~ZczlrLpwuCpr-K8bIiqmtQ==/com.impos2.mixcretailassemblyrn84-0atRnCHJ_6UMavce4U6wyA==/lib/arm64 flags = 0]]
04-22 02:32:46.706 24600 24600 I SoLoader: init finish: 4 SO sources prepared
04-22 02:32:46.706 24600 24600 W SoLoader: SoLoader initialized: 8
04-22 02:32:46.710 24600 24600 D nativeloader: Load /data/app/~~ZczlrLpwuCpr-K8bIiqmtQ==/com.impos2.mixcretailassemblyrn84-0atRnCHJ_6UMavce4U6wyA==/base.apk!/lib/arm64-v8a/libc++_shared.so using class loader ns clns-9 (caller=/data/app/~~ZczlrLpwuCpr-K8bIiqmtQ==/com.impos2.mixcretailassemblyrn84-0atRnCHJ_6UMavce4U6wyA==/base.apk): ok
04-22 02:32:46.711 24600 24600 D nativeloader: Load /data/app/~~ZczlrLpwuCpr-K8bIiqmtQ==/com.impos2.mixcretailassemblyrn84-0atRnCHJ_6UMavce4U6wyA==/base.apk!/lib/arm64-v8a/libjsi.so using class loader ns clns-9 (caller=/data/app/~~ZczlrLpwuCpr-K8bIiqmtQ==/com.impos2.mixcretailassemblyrn84-0atRnCHJ_6UMavce4U6wyA==/base.apk): ok
04-22 02:32:46.712 24600 24600 D nativeloader: Load /data/app/~~ZczlrLpwuCpr-K8bIiqmtQ==/com.impos2.mixcretailassemblyrn84-0atRnCHJ_6UMavce4U6wyA==/base.apk!/lib/arm64-v8a/libfbjni.so using class loader ns clns-9 (caller=/data/app/~~ZczlrLpwuCpr-K8bIiqmtQ==/com.impos2.mixcretailassemblyrn84-0atRnCHJ_6UMavce4U6wyA==/base.apk): ok
04-22 02:32:46.714 24600 24600 D nativeloader: Load /data/app/~~ZczlrLpwuCpr-K8bIiqmtQ==/com.impos2.mixcretailassemblyrn84-0atRnCHJ_6UMavce4U6wyA==/base.apk!/lib/arm64-v8a/libreactnative.so using class loader ns clns-9 (caller=/data/app/~~ZczlrLpwuCpr-K8bIiqmtQ==/com.impos2.mixcretailassemblyrn84-0atRnCHJ_6UMavce4U6wyA==/base.apk): ok
04-22 02:32:46.714 24600 24600 D jni_lib_merge: Entering merged library JNI_OnLoad.
04-22 02:32:46.714 24600 24600 D jni_lib_merge: Preparing 12 pre-merged libs (including stub)
04-22 02:32:46.714 24600 24600 D jni_lib_merge: Preparing to register libfabricjni_so.  onload_func: 0x786da2ea50
04-22 02:32:46.714 24600 24600 D jni_lib_merge: Preparing to register libreact_devsupportjni_so.  onload_func: 0x786daf236c
04-22 02:32:46.714 24600 24600 D jni_lib_merge: Preparing to register libreact_featureflagsjni_so.  onload_func: 0x786db0cba8
04-22 02:32:46.714 24600 24600 D jni_lib_merge: Preparing to register libreact_newarchdefaults_so.  onload_func: 0x786db4ad74
04-22 02:32:46.714 24600 24600 D jni_lib_merge: Preparing to register libreactnativeblob_so.  onload_func: 0x786dbeba4c
04-22 02:32:46.714 24600 24600 D jni_lib_merge: Preparing to register libreactnativejni_so.  onload_func: 0x786dc009e4
04-22 02:32:46.714 24600 24600 D jni_lib_merge: Preparing to register libreactnativejni_common_so.  onload_func: 0x786dc03be0
04-22 02:32:46.714 24600 24600 D jni_lib_merge: Preparing to register librninstance_so.  onload_func: 0x786dc20778
04-22 02:32:46.714 24600 24600 D jni_lib_merge: Preparing to register libturbomodulejsijni_so.  onload_func: 0x786dcca0e0
04-22 02:32:46.714 24600 24600 D jni_lib_merge: Preparing to register libuimanagerjni_so.  onload_func: 0x786dcd0b00
04-22 02:32:46.714 24600 24600 D jni_lib_merge: Preparing to register libyoga_so.  onload_func: 0x786dcd80c4
04-22 02:32:46.714 24600 24600 D jni_lib_merge: About to register 11 actual methods.
04-22 02:32:46.718 24600 24600 D nativeloader: Load /data/app/~~ZczlrLpwuCpr-K8bIiqmtQ==/com.impos2.mixcretailassemblyrn84-0atRnCHJ_6UMavce4U6wyA==/base.apk!/lib/arm64-v8a/libreact_codegen_rnsvg.so using class loader ns clns-9 (caller=/data/app/~~ZczlrLpwuCpr-K8bIiqmtQ==/com.impos2.mixcretailassemblyrn84-0atRnCHJ_6UMavce4U6wyA==/base.apk): ok
04-22 02:32:46.718 24600 24600 D jni_lib_merge: Entering merged library JNI_OnLoad.
04-22 02:32:46.718 24600 24600 D jni_lib_merge: Preparing 12 pre-merged libs (including stub)
04-22 02:32:46.718 24600 24600 D jni_lib_merge: Preparing to register libfabricjni_so.  onload_func: 0x786da2ea50
04-22 02:32:46.718 24600 24600 D jni_lib_merge: Preparing to register libreact_devsupportjni_so.  onload_func: 0x786daf236c
04-22 02:32:46.718 24600 24600 D jni_lib_merge: Preparing to register libreact_featureflagsjni_so.  onload_func: 0x786db0cba8
04-22 02:32:46.718 24600 24600 D jni_lib_merge: Preparing to register libreact_newarchdefaults_so.  onload_func: 0x786db4ad74
04-22 02:32:46.718 24600 24600 D jni_lib_merge: Preparing to register libreactnativeblob_so.  onload_func: 0x786dbeba4c
04-22 02:32:46.718 24600 24600 D jni_lib_merge: Preparing to register libreactnativejni_so.  onload_func: 0x786dc009e4
04-22 02:32:46.718 24600 24600 D jni_lib_merge: Preparing to register libreactnativejni_common_so.  onload_func: 0x786dc03be0
04-22 02:32:46.718 24600 24600 D jni_lib_merge: Preparing to register librninstance_so.  onload_func: 0x786dc20778
04-22 02:32:46.718 24600 24600 D jni_lib_merge: Preparing to register libturbomodulejsijni_so.  onload_func: 0x786dcca0e0
04-22 02:32:46.718 24600 24600 D jni_lib_merge: Preparing to register libuimanagerjni_so.  onload_func: 0x786dcd0b00
04-22 02:32:46.718 24600 24600 D jni_lib_merge: Preparing to register libyoga_so.  onload_func: 0x786dcd80c4
04-22 02:32:46.718 24600 24600 D jni_lib_merge: About to register 11 actual methods.
04-22 02:32:46.719 24600 24600 D nativeloader: Load /data/app/~~ZczlrLpwuCpr-K8bIiqmtQ==/com.impos2.mixcretailassemblyrn84-0atRnCHJ_6UMavce4U6wyA==/base.apk!/lib/arm64-v8a/libappmodules.so using class loader ns clns-9 (caller=/data/app/~~ZczlrLpwuCpr-K8bIiqmtQ==/com.impos2.mixcretailassemblyrn84-0atRnCHJ_6UMavce4U6wyA==/base.apk): ok
04-22 02:32:46.723   683  1827 W OptProp : Cannot read opt property android.window.PROPERTY_COMPAT_ENABLE_FAKE_FOCUS
04-22 02:32:46.725   683   912 D BackgroundInstallControlService: Package event received: 0
04-22 02:32:46.725   683   912 D BackgroundInstallControlService: Package event received: 0
04-22 02:32:46.726 24600 24617 I DisplayManager: Choreographer implicitly registered for the refresh rate.
04-22 02:32:46.729  1096  1096 I s.nexuslauncher: AssetManager2(0xb400007aa8c80df8) locale list changing from [] to [en-US]
04-22 02:32:46.730 24600 24600 I ailassemblyrn84: AssetManager2(0xb400007aa8c1d118) locale list changing from [] to [en-US]
04-22 02:32:46.733 24600 24600 D AppCompatDelegate: Checking for metadata for AppLocalesMetadataHolderService : Service not found
04-22 02:32:46.733 24600 24600 I ailassemblyrn84: AssetManager2(0xb400007aa8c1bb38) locale list changing from [] to [en-US]
04-22 02:32:46.736 24600 24600 E ashmem  : Pinning is deprecated since Android Q. Please use trim or other methods.
04-22 02:32:46.743 24600 24600 D CompatChangeReporter: Compat change id reported: 377864165; UID 10214; state: ENABLED
04-22 02:32:46.745 24600 24600 D DesktopModeFlags: Toggle override initialized to: OVERRIDE_UNSET
04-22 02:32:46.747 24600 24600 I StartupAudit: activity_created activity=MainActivity displayIndex=0 pid=24600 time=2026-04-22 02:32:46.747
04-22 02:32:46.757   683  1000 D FileUtils: Rounded bytes from 3120066560 to 4000000000
04-22 02:32:46.766 24600 24600 D nativeloader: Load /data/app/~~ZczlrLpwuCpr-K8bIiqmtQ==/com.impos2.mixcretailassemblyrn84-0atRnCHJ_6UMavce4U6wyA==/base.apk!/lib/arm64-v8a/libhermesvm.so using class loader ns clns-9 (caller=/data/app/~~ZczlrLpwuCpr-K8bIiqmtQ==/com.impos2.mixcretailassemblyrn84-0atRnCHJ_6UMavce4U6wyA==/base.apk): ok
04-22 02:32:46.768 24600 24600 D nativeloader: Load /data/app/~~ZczlrLpwuCpr-K8bIiqmtQ==/com.impos2.mixcretailassemblyrn84-0atRnCHJ_6UMavce4U6wyA==/base.apk!/lib/arm64-v8a/libhermestooling.so using class loader ns clns-9 (caller=/data/app/~~ZczlrLpwuCpr-K8bIiqmtQ==/com.impos2.mixcretailassemblyrn84-0atRnCHJ_6UMavce4U6wyA==/base.apk): ok
04-22 02:32:46.769 24600 24600 D jni_lib_merge: Entering merged library JNI_OnLoad.
04-22 02:32:46.769 24600 24600 D jni_lib_merge: Preparing 4 pre-merged libs (including stub)
04-22 02:32:46.769 24600 24600 D jni_lib_merge: Preparing to register libhermes_executor_so.  onload_func: 0x78cbda9728
04-22 02:32:46.769 24600 24600 D jni_lib_merge: Preparing to register libhermesinstancejni_so.  onload_func: 0x78cbdb0d44
04-22 02:32:46.769 24600 24600 D jni_lib_merge: Preparing to register libjsijniprofiler_so.  onload_func: 0x78cbdb1530
04-22 02:32:46.769 24600 24600 D jni_lib_merge: About to register 3 actual methods.
04-22 02:32:46.769 24600 24600 I HotUpdateBundleResolver: no_active_marker isPrimaryProcess=true pid=24600
04-22 02:32:46.769 24600 24600 I MainApplication: getJSBundleFile process=com.impos2.mixcretailassemblyrn84 isPrimaryProcess=true resolvedBundle=null fallbackBundle=null selectedBundle=null
04-22 02:32:46.772 24600 24600 W unknown:BridgelessReact: ReactHost{0}.startSurface(surfaceId = 0): Schedule
04-22 02:32:46.772 24600 24600 W unknown:BridgelessReact: ReactHost{0}.attachSurface(surfaceId = 0)
04-22 02:32:46.773 24600 24622 W unknown:BridgelessReact: ReactHost{0}.getOrCreateReactInstanceTask()
04-22 02:32:46.773 24600 24622 W unknown:BridgelessReact: ReactHost{0}.getOrCreateReactInstanceTask(): Start
04-22 02:32:46.773 24600 24622 W unknown:BridgelessReact: ReactHost{0}.getJSBundleLoader()
04-22 02:32:46.773 24600 24622 W unknown:BridgelessReact: ReactHost{0}.getOrCreateReactInstanceTask(): Creating BridgelessReactContext
04-22 02:32:46.774 24600 24622 W unknown:BridgelessReact: ReactHost{0}.getOrCreateReactInstanceTask(): Creating ReactInstance
04-22 02:32:46.781 24600 24617 I EGL_emulation: Opening libGLESv1_CM_emulation.so
04-22 02:32:46.781 24600 24617 I EGL_emulation: Opening libGLESv2_emulation.so
04-22 02:32:46.782 24600 24600 W unknown:BridgelessReact: ReactHost{0}.onHostResume(activity)
04-22 02:32:46.782 24600 24600 W unknown:BridgelessReact: ReactHost{0}.ReactContext.onHostResume()
04-22 02:32:46.785 24600 24600 W HWUI    : Unknown dataspace 0
04-22 02:32:46.787 24600 24617 W HWUI    : Failed to choose config with EGL_SWAP_BEHAVIOR_PRESERVED, retrying without...
04-22 02:32:46.787 24600 24617 W HWUI    : Failed to initialize 101010-2 format, error = EGL_SUCCESS
04-22 02:32:46.789   224   224 I servicemanager: Caller(pid=24600,uid=10214,sid=u:r:untrusted_app:s0:c214,c256,c512,c768) Found android.hardware.graphics.allocator.IAllocator/default in device VINTF manifest.
04-22 02:32:46.789   224   224 I servicemanager: Caller(pid=24600,uid=10214,sid=u:r:untrusted_app:s0:c214,c256,c512,c768) Found android.hardware.graphics.allocator.IAllocator/default in device VINTF manifest.
04-22 02:32:46.790   224   224 I servicemanager: Caller(pid=24600,uid=10214,sid=u:r:untrusted_app:s0:c214,c256,c512,c768) Found mapper/ranchu in device VINTF manifest.
04-22 02:32:46.805 24600 24622 W unknown:BridgelessReact: ReactHost{0}.getOrCreateReactInstanceTask(): Loading JS Bundle
04-22 02:32:46.805 24600 24622 W unknown:BridgelessReact: ReactHost{0}.getOrCreateReactInstanceTask(): DevSupportManager.onNewReactContextCreated()
04-22 02:32:46.806 24600 24622 W unknown:BridgelessReact: ReactHost{0}.startSurface(surfaceId = 0): Execute
04-22 02:32:46.812 24600 24623 I ReactNativeJS: Running "MixcRetailAssemblyRN84"
04-22 02:32:46.813   683  1827 D CoreBackPreview: Window{61f2916 u0 com.impos2.mixcretailassemblyrn84/com.impos2.mixcretailassemblyrn84.MainActivity}: Setting back callback OnBackInvokedCallbackInfo{mCallback=android.window.IOnBackInvokedCallback$Stub$Proxy@1472c84, mPriority=-1, mIsAnimationCallback=false, mOverrideBehavior=0}
04-22 02:32:46.813   683  1827 D CoreBackPreview: Window{61f2916 u0 com.impos2.mixcretailassemblyrn84/com.impos2.mixcretailassemblyrn84.MainActivity}: Setting back callback OnBackInvokedCallbackInfo{mCallback=android.window.IOnBackInvokedCallback$Stub$Proxy@cf65c6d, mPriority=0, mIsAnimationCallback=true, mOverrideBehavior=0}
04-22 02:32:46.818 24600 24623 W unknown:ViewManagerPropertyUpdater: Could not find generated setter for class com.horcrux.svg.RenderableViewManager$DefsViewManager
04-22 02:32:46.821 24600 24623 W unknown:ViewManagerPropertyUpdater: Could not find generated setter for class com.horcrux.svg.VirtualViewManager$c
04-22 02:32:46.823 24600 24623 W unknown:ViewManagerPropertyUpdater: Could not find generated setter for class com.horcrux.svg.RenderableViewManager$FeMergeManager
04-22 02:32:46.824 24600 24623 W unknown:ViewManagerPropertyUpdater: Could not find generated setter for class com.facebook.react.views.safeareaview.ReactSafeAreaViewManager
04-22 02:32:46.824 24600 24623 W unknown:ViewManagerPropertyUpdater: Could not find generated setter for class com.facebook.react.uimanager.V
04-22 02:32:46.825 24600 24623 W unknown:ViewManagerPropertyUpdater: Could not find generated setter for class com.horcrux.svg.RenderableViewManager$LinearGradientManager
04-22 02:32:46.829 24600 24623 W unknown:ViewManagerPropertyUpdater: Could not find generated setter for class com.horcrux.svg.RenderableViewManager$FeGaussianBlurManager
04-22 02:32:46.830 24600 24623 W unknown:ViewManagerPropertyUpdater: Could not find generated setter for class com.facebook.react.views.progressbar.ReactProgressBarViewManager
04-22 02:32:46.830 24600 24623 W unknown:ViewManagerPropertyUpdater: Could not find generated setter for class com.facebook.react.views.progressbar.b
04-22 02:32:46.832 24600 24623 W unknown:ViewManagerPropertyUpdater: Could not find generated setter for class com.facebook.react.views.scroll.ReactHorizontalScrollViewManager
04-22 02:32:46.833 24600 24623 W unknown:ViewManagerPropertyUpdater: Could not find generated setter for class com.facebook.react.views.text.ReactTextViewManager
04-22 02:32:46.834 24600 24623 W unknown:ViewManagerPropertyUpdater: Could not find generated setter for class com.facebook.react.views.text.j
04-22 02:32:46.834 24600 24623 W unknown:ViewManagerPropertyUpdater: Could not find generated setter for class com.horcrux.svg.RenderableViewManager$FeColorMatrixManager
04-22 02:32:46.835 24600 24623 W unknown:ViewManagerPropertyUpdater: Could not find generated setter for class com.facebook.react.views.scroll.ReactHorizontalScrollContainerViewManager
04-22 02:32:46.838 24600 24623 W unknown:ViewManagerPropertyUpdater: Could not find generated setter for class com.horcrux.svg.RenderableViewManager$ClipPathViewManager
04-22 02:32:46.839 24600 24623 W unknown:ViewManagerPropertyUpdater: Could not find generated setter for class com.horcrux.svg.RenderableViewManager$SymbolManager
04-22 02:32:46.845 24600 24600 W unknown:BridgelessReact: ReactHost{0}.ReactContext.onHostResume()
04-22 02:32:46.845 24600 24600 W unknown:BridgelessReact: ReactHost{0}.getOrCreateReactInstanceTask(): Executing ReactInstanceEventListeners
04-22 02:32:46.845 24600 24600 W unknown:ViewManagerPropertyUpdater: Could not find generated setter for class com.facebook.react.uimanager.RootViewManager
04-22 02:32:46.847   683   858 W BestClock: java.time.DateTimeException: No network time available
04-22 02:32:46.847   683   858 W BestClock: java.time.DateTimeException: No network time available
04-22 02:32:46.847   683   858 W BestClock: java.time.DateTimeException: No network time available
04-22 02:32:46.847   683   858 W BestClock: java.time.DateTimeException: No network time available
04-22 02:32:46.847   683   858 W BestClock: java.time.DateTimeException: No network time available
04-22 02:32:46.848 24600 24623 W unknown:ViewManagerPropertyUpdater: Could not find generated setter for class com.horcrux.svg.RenderableViewManager$PatternManager
04-22 02:32:46.849   683   858 D WifiClientModeImpl[9769:wlan0]: updateLinkLayerStatsRssiSpeedFrequencyCapabilities rssi=-50 TxLinkspeed=1 freq=2447 RxLinkSpeed=2
04-22 02:32:46.849   683   858 D WifiDataStall: tx tput in kbps: 11000
04-22 02:32:46.849   683   858 D WifiDataStall: rx tput in kbps: 11000
04-22 02:32:46.849   683   858 V WifiConfigManager: Updating scan detail cache freq=2447 BSSID=00:13:10:85:fe:01 RSSI=-50 for "AndroidWifi"NONE
04-22 02:32:46.849   683   858 D WifiThroughputPredictor:  utilization (LLS) 80 isBluetoothConnected: false final utilization: 80
04-22 02:32:46.849   683   858 D WifiThroughputPredictor:  BW: 0 RSSI: -50 Nss: 1 Mode: 1 symDur: 4000 snrDb 30 bitPerTone: 4500 rate: 54 throughput: 11
04-22 02:32:46.849   683   858 D WifiThroughputPredictor:  utilization (LLS) 80 isBluetoothConnected: false final utilization: 80
04-22 02:32:46.849   683   858 D WifiThroughputPredictor:  BW: 0 RSSI: -50 Nss: 1 Mode: 1 symDur: 4000 snrDb 30 bitPerTone: 4500 rate: 54 throughput: 11
04-22 02:32:46.849   683   858 D WifiThroughputPredictor:  utilization (LLS) 80 isBluetoothConnected: false final utilization: 80
04-22 02:32:46.849   683   858 D WifiThroughputPredictor:  BW: 0 RSSI: -50 Nss: 1 Mode: 1 symDur: 4000 snrDb 30 bitPerTone: 4500 rate: 54 throughput: 11
04-22 02:32:46.849   683   858 D WifiThroughputPredictor:  utilization (LLS) 80 isBluetoothConnected: false final utilization: 80
04-22 02:32:46.849   683   858 D WifiThroughputPredictor:  BW: 0 RSSI: -50 Nss: 1 Mode: 1 symDur: 4000 snrDb 30 bitPerTone: 4500 rate: 54 throughput: 11
04-22 02:32:46.850   683   858 D WifiScoreCard: BSSID update SIGNAL_POLL ID: 261501600 SSID: "AndroidWifi", BSSID: 00:13:10:85:fe:01, MAC: 02:15:b4:00:00:00, IP: /10.0.2.17, Security type: 0, Supplicant state: COMPLETED, Wi-Fi standard: legacy, RSSI: -50, Link speed: 1Mbps, Tx Link speed: 1Mbps, Max Supported Tx Link speed: 11Mbps, Rx Link speed: 2Mbps, Max Supported Rx Link speed: 11Mbps, Frequency: 2447MHz, Net ID: 0, Metered hint: false, score: 60, isUsable: true, CarrierMerged: false, SubscriptionId: -1, IsPrimary: 1, Trusted: true, Restricted: false, Ephemeral: false, OEM paid: false, OEM private: false, OSU AP: false, FQDN: <none>, Provider friendly name: <none>, Requesting package name: <none>"AndroidWifi"openMLO Information: , Is TID-To-Link negotiation supported by the AP: false, AP MLD Address: <none>, AP MLO Link Id: <none>, AP MLO Affiliated links: <none>, Vendor Data: <none>
04-22 02:32:46.850   683   858 D WifiScoreCard: txRate: 2 txSpeed: 1
04-22 02:32:46.850   683   858 D WifiScoreCard: network update SIGNAL_POLL "AndroidWifi" ID: 579418950 RSSI -50 txSpeed -1
04-22 02:32:46.850   683   858 D WifiClientModeImpl[9769:wlan0]:  ClientModeImpl$L2ConnectedState screen=on 1 0 "AndroidWifi" 00:13:10:85:fe:01 rssi=-50 f=2447 sc=60 link=1 tx=1.2, 0.0, 0.0 rx=1.0 bcn=0 [on:0 tx:0 rx:0 period:3004] from screen [on:0 period:-1320093694] score=60
04-22 02:32:46.850 24600 24600 D InsetsController: Setting requestedVisibleTypes to -12 (was -9)
04-22 02:32:46.853 24600 24623 W unknown:ViewManagerPropertyUpdater: Could not find generated setter for class com.horcrux.svg.RenderableViewManager$FeBlendManager
04-22 02:32:46.860   683   731 I ActivityTaskManager: Displayed com.impos2.mixcretailassemblyrn84/.MainActivity for user 0: +205ms
04-22 02:32:46.861   683   829 I ImeTracker: com.impos2.mixcretailassemblyrn84:d173085d: onRequestHide at ORIGIN_SERVER reason HIDE_UNSPECIFIED_WINDOW fromUser false
04-22 02:32:46.865   515   565 I BpBinder: onLastStrongRef automatically unlinking death recipients: 
04-22 02:32:46.865 24600 24600 D InsetsController: hide(ime(), fromIme=false)
04-22 02:32:46.865 24600 24600 I ImeTracker: com.impos2.mixcretailassemblyrn84:d173085d: onCancelled at PHASE_CLIENT_ALREADY_HIDDEN
04-22 02:32:46.867  1576  1576 I GoogleInputMethodService: GoogleInputMethodService.onFinishInput():2043 
04-22 02:32:46.868   683  1760 I ImeTracker: system_server:a7104219: onRequestHide at ORIGIN_SERVER reason IME_REQUESTED_CHANGED_LISTENER fromUser false
04-22 02:32:46.868  1576  1576 I Module  : DeviceLockedStatusModuleProvider$Module.updateDeviceLockedStatus():100 repeatCheckTimes = 0, locked = false
04-22 02:32:46.868  1576  1576 I GoogleInputMethodService: GoogleInputMethodService.onStartInput():1293 onStartInput(EditorInfo{EditorInfo{packageName=com.impos2.mixcretailassemblyrn84, inputType=0, inputTypeString=NULL, enableLearning=false, autoCorrection=false, autoComplete=false, imeOptions=0, privateImeOptions=null, actionName=UNSPECIFIED, actionLabel=null, initialSelStart=-1, initialSelEnd=-1, initialCapsMode=0, label=null, fieldId=0, fieldName=null, extras=null, hintText=null, hintLocales=[]}}, false)
04-22 02:32:46.869  1576  1576 I Module  : DeviceLockedStatusModuleProvider$Module.updateDeviceLockedStatus():100 repeatCheckTimes = 1, locked = false
04-22 02:32:46.869  1576  1576 I EmojiCompatManager: EmojiCompatManager.getEmojiCompatIfLoaded():343 EmojiCompat.init() was never called.
04-22 02:32:46.869  1576  1576 I EmojiCompatManager: java.lang.IllegalStateException: EmojiCompat is not initialized. Please call EmojiCompat.init() first
04-22 02:32:46.869  1576  1576 I EmojiCompatManager: 	at asx.p(PG:6)
04-22 02:32:46.869  1576  1576 I EmojiCompatManager: 	at axb.b(PG:13)
04-22 02:32:46.869  1576  1576 I EmojiCompatManager: 	at jnr.b(PG:2)
04-22 02:32:46.869  1576  1576 I EmojiCompatManager: 	at jnr.c(PG:4)
04-22 02:32:46.869  1576  1576 I EmojiCompatManager: 	at jnr.f(PG:3)
04-22 02:32:46.869  1576  1576 I EmojiCompatManager: 	at jnx.c(PG:3)
04-22 02:32:46.869  1576  1576 I EmojiCompatManager: 	at kif.cz(PG:47)
04-22 02:32:46.869  1576  1576 I EmojiCompatManager: 	at lhl.run(PG:1025)
04-22 02:32:46.869  1576  1576 I EmojiCompatManager: 	at jaf.execute(PG:12)
04-22 02:32:46.869  1576  1576 I EmojiCompatManager: 	at nco.v(PG:13)
04-22 02:32:46.869  1576  1576 I EmojiCompatManager: 	at lhn.m(PG:96)
04-22 02:32:46.869  1576  1576 I EmojiCompatManager: 	at lhn.k(PG:25)
04-22 02:32:46.869  1576  1576 I EmojiCompatManager: 	at kgn.onStartInput(PG:250)
04-22 02:32:46.869  1576  1576 I EmojiCompatManager: 	at android.inputmethodservice.InputMethodService.doStartInput(InputMethodService.java:3521)
04-22 02:32:46.869  1576  1576 I EmojiCompatManager: 	at android.inputmethodservice.InputMethodService$InputMethodImpl.startInput(InputMethodService.java:879)
04-22 02:32:46.869  1576  1576 I EmojiCompatManager: 	at android.inputmethodservice.InputMethodService$InputMethodImpl.dispatchStartInput(InputMethodService.java:908)
04-22 02:32:46.869  1576  1576 I EmojiCompatManager: 	at android.inputmethodservice.IInputMethodWrapper.executeMessage(IInputMethodWrapper.java:201)
04-22 02:32:46.869  1576  1576 I EmojiCompatManager: 	at com.android.internal.os.HandlerCaller$MyHandler.handleMessage(HandlerCaller.java:44)
04-22 02:32:46.869  1576  1576 I EmojiCompatManager: 	at android.os.Handler.dispatchMessage(Handler.java:110)
04-22 02:32:46.869  1576  1576 I EmojiCompatManager: 	at android.os.Looper.loopOnce(Looper.java:248)
04-22 02:32:46.869  1576  1576 I EmojiCompatManager: 	at android.os.Looper.loop(Looper.java:338)
04-22 02:32:46.869  1576  1576 I EmojiCompatManager: 	at android.app.ActivityThread.main(ActivityThread.java:9067)
04-22 02:32:46.869  1576  1576 I EmojiCompatManager: 	at java.lang.reflect.Method.invoke(Native Method)
04-22 02:32:46.869  1576  1576 I EmojiCompatManager: 	at com.android.internal.os.RuntimeInit$MethodAndArgsCaller.run(RuntimeInit.java:593)
04-22 02:32:46.869  1576  1576 I EmojiCompatManager: 	at com.android.internal.os.ZygoteInit.main(ZygoteInit.java:932)
04-22 02:32:46.870   683  1760 W PackageConfigPersister: App-specific configuration not found for packageName: com.impos2.mixcretailassemblyrn84 and userId: 0
04-22 02:32:46.872   683   734 I ImeTracker: system_server:a7104219: onCancelled at PHASE_SERVER_SHOULD_HIDE
04-22 02:32:46.875 24600 24623 W unknown:ViewManagerPropertyUpdater: Could not find generated setter for class com.facebook.react.views.view.ReactViewManager
04-22 02:32:46.877 24600 24623 W unknown:ViewManagerPropertyUpdater: Could not find generated setter for class com.horcrux.svg.SvgViewManager
04-22 02:32:46.878 24600 24623 W unknown:ViewManagerPropertyUpdater: Could not find generated setter for class com.facebook.react.views.switchview.ReactSwitchManager
04-22 02:32:46.879 24600 24623 W unknown:ViewManagerPropertyUpdater: Could not find generated setter for class com.facebook.react.views.switchview.d
04-22 02:32:46.879 24600 24623 W unknown:ViewManagerPropertyUpdater: Could not find generated setter for class com.horcrux.svg.RenderableViewManager$UseViewManager
04-22 02:32:46.881 24600 24623 W unknown:ViewManagerPropertyUpdater: Could not find generated setter for class com.horcrux.svg.RenderableViewManager$CircleViewManager
04-22 02:32:46.884 24600 24623 W unknown:ViewManagerPropertyUpdater: Could not find generated setter for class com.horcrux.svg.RenderableViewManager$TSpanViewManager
04-22 02:32:46.886 24600 24623 W unknown:ViewManagerPropertyUpdater: Could not find generated setter for class com.horcrux.svg.RenderableViewManager$FilterManager
04-22 02:32:46.889 24600 24623 W unknown:ViewManagerPropertyUpdater: Could not find generated setter for class com.horcrux.svg.RenderableViewManager$MarkerManager
