04-22 02:32:25.715   683  1000 W AppOpService: Ignored setUidMode call for runtime permission app op: uid = 1001, code = READ_CELL_BROADCASTS, mode = allow, callingUid = 1001, oldMode = allow
04-22 02:32:25.715   683  1760 W ParceledListSlice: Element #28 is 20724 bytes.
04-22 02:32:25.717   683  1760 W ParceledListSlice: Element #29 is 20812 bytes.
04-22 02:32:25.717   683  1760 W ParceledListSlice: Element #30 is 20748 bytes.
04-22 02:32:25.717   683   833 I system_server: AssetManager2(0xb400007aa8cac6d8) locale list changing from [] to [en-US]
04-22 02:32:25.718  1086  1286 D ImsResolver: maybeAddedImsService, packageName: com.google.android.apps.docs
04-22 02:32:25.718   683   833 V AccessibilityManagerService: onUserStateChangedLocked for userId: 0, forceUpdate: false
04-22 02:32:25.720   683   833 W MagnificationConnectionManager: requestConnection duplicated request: connect=false, mConnectionState=DISCONNECTED
04-22 02:32:25.720  1096  1142 I s.nexuslauncher: AssetManager2(0xb400007aa8c74c38) locale list changing from [] to [en-US]
04-22 02:32:25.721   683   683 W IPCThreadState: Sending oneway calls to frozen process.
04-22 02:32:25.722   683   683 W IPCThreadState: Sending oneway calls to frozen process.
04-22 02:32:25.722   683   683 W IPCThreadState: Sending oneway calls to frozen process.
04-22 02:32:25.722   683   683 W IPCThreadState: Sending oneway calls to frozen process.
04-22 02:32:25.722   683   683 W IPCThreadState: Sending oneway calls to frozen process.
04-22 02:32:25.723  1086  1286 V ImsResolver: searchForImsServices: package=com.google.android.apps.docs, users=[UserHandle{0}]
04-22 02:32:25.723  1096  1142 W HWUI    : Image decoding logging dropped!
04-22 02:32:25.723  1086  1286 V ImsResolver: searchForImsServices: package=com.google.android.apps.docs, users=[UserHandle{0}]
04-22 02:32:25.724  1086  1086 D SatelliteController: packageStateChanged: package:com.google.android.apps.docs DefaultSmsPackageName:com.google.android.apps.messaging
04-22 02:32:25.724  1086  1086 V SatelliteController: Neither SMS or SatelliteGateway package
04-22 02:32:25.725  1086  1086 E SmsApplication: com.google.android.apps.messaging lost android:read_cell_broadcasts:  (fixing)
04-22 02:32:25.725   683  1760 W AppOpService: Ignored setUidMode call for runtime permission app op: uid = 10146, code = READ_CELL_BROADCASTS, mode = allow, callingUid = 1001, oldMode = allow
04-22 02:32:25.725   683  1760 W AppOpService: Ignored setUidMode call for runtime permission app op: uid = 1001, code = READ_SMS, mode = allow, callingUid = 1001, oldMode = allow
04-22 02:32:25.725   683  1760 W AppOpService: Ignored setUidMode call for runtime permission app op: uid = 1001, code = RECEIVE_SMS, mode = allow, callingUid = 1001, oldMode = allow
04-22 02:32:25.725   683  1760 W AppOpService: Ignored setUidMode call for runtime permission app op: uid = 1001, code = RECEIVE_WAP_PUSH, mode = allow, callingUid = 1001, oldMode = allow
04-22 02:32:25.725   683  1760 W AppOpService: Ignored setUidMode call for runtime permission app op: uid = 1001, code = SEND_SMS, mode = allow, callingUid = 1001, oldMode = allow
04-22 02:32:25.725   683  1760 W AppOpService: Ignored setUidMode call for runtime permission app op: uid = 1001, code = READ_CELL_BROADCASTS, mode = allow, callingUid = 1001, oldMode = allow
04-22 02:32:25.725  1086  1086 D SatelliteAccessController: Current default SMS app:ComponentInfo{com.google.android.apps.messaging/com.google.android.apps.messaging.shared.receiver.SmsDeliverReceiver}
04-22 02:32:25.725  1086  1086 D SatelliteController: getSelectedSatelliteSubId: subId=-1
04-22 02:32:25.725  1086  1086 D SatelliteAccessController: supportedMsgApps:com.google.android.apps.messaging
04-22 02:32:25.726  1096  1142 W HWUI    : Image decoding logging dropped!
04-22 02:32:25.726   683   739 W IPCThreadState: Sending oneway calls to frozen process.
04-22 02:32:25.727  1638 24543 I AiAiEcho: AppIndexer Package:[com.google.android.apps.docs] UserProfile:[0] Enabled:[true].
04-22 02:32:25.727  1638 24543 I AiAiEcho: AppFetcherImplV2 updateApps package:[com.google.android.apps.docs], userId:[0], reason:[package is updated.].
04-22 02:32:25.737  1096  1142 I s.nexuslauncher: AssetManager2(0xb400007aa8c8b9d8) locale list changing from [] to [en-US]
04-22 02:32:25.739  1096  1142 W HWUI    : Image decoding logging dropped!
04-22 02:32:25.739  1096  1142 W HWUI    : Image decoding logging dropped!
04-22 02:32:25.740  1096  1142 W HWUI    : Image decoding logging dropped!
04-22 02:32:25.744  1096  1142 W HWUI    : Image decoding logging dropped!
04-22 02:32:25.747  1096  1142 I s.nexuslauncher: AssetManager2(0xb400007aa8c35ad8) locale list changing from [] to [en-US]
04-22 02:32:25.748  1096  1142 W HWUI    : Image decoding logging dropped!
04-22 02:32:25.750  1096  1142 W HWUI    : Image decoding logging dropped!
04-22 02:32:25.754  1096  1142 D AlphabeticIndexCompat: computeSectionName: cs: Settings sectionName: S
04-22 02:32:25.754  1096  1142 D AlphabeticIndexCompat: computeSectionName: cs: Photos sectionName: P
04-22 02:32:25.754  1096  1142 D AlphabeticIndexCompat: computeSectionName: cs: Battery sectionName: B
04-22 02:32:25.755  1096  1142 D AlphabeticIndexCompat: computeSectionName: cs: Chrome sectionName: C
04-22 02:32:25.755  1096  1142 D AlphabeticIndexCompat: computeSectionName: cs: Gmail sectionName: G
04-22 02:32:25.755  1096  1142 D AlphabeticIndexCompat: computeSectionName: cs: Drive sectionName: D
04-22 02:32:25.755  1096  1142 D AlphabeticIndexCompat: computeSectionName: cs: Clock sectionName: C
04-22 02:32:25.755  1096  1142 D AlphabeticIndexCompat: computeSectionName: cs: Contacts sectionName: C
04-22 02:32:25.755  1096  1142 D AlphabeticIndexCompat: computeSectionName: cs: Calendar sectionName: C
04-22 02:32:25.755  1096  1142 D AlphabeticIndexCompat: computeSectionName: cs: Maps sectionName: M
04-22 02:32:25.755  1096  1142 D AlphabeticIndexCompat: computeSectionName: cs: YouTube Music sectionName: Y
04-22 02:32:25.756  1096  1142 D AlphabeticIndexCompat: computeSectionName: cs: YouTube sectionName: Y
04-22 02:32:25.756  1096  1142 D AlphabeticIndexCompat: computeSectionName: cs: Google sectionName: G
04-22 02:32:25.756  1096  1142 D AlphabeticIndexCompat: computeSectionName: cs: Digital Wellbeing sectionName: D
04-22 02:32:25.756  1096  1142 D AlphabeticIndexCompat: computeSectionName: cs: Conversations sectionName: C
04-22 02:32:25.756  1096  1142 D PackageUpdatedTask: Package updated: mOp=UPDATE packages=[com.google.android.apps.docs], user=UserHandle{0}
04-22 02:32:25.761  1096  1142 W HWUI    : Image decoding logging dropped!
04-22 02:32:25.768  1096  1142 W HWUI    : Image decoding logging dropped!
04-22 02:32:25.768  1096  1142 D AlphabeticIndexCompat: computeSectionName: cs: Drive sectionName: D
04-22 02:32:25.769  1096  1096 D AllAppsStore: setApps: apps.length=19
04-22 02:32:25.769  1096  1096 D AllAppsStore: notifyUpdate: notifying listeners
04-22 02:32:25.769  1096  1096 D ActivityAllAppsContainerView: onAppsUpdated; number of apps: 19
04-22 02:32:25.769  1096  1096 D ActivityAllAppsContainerView: rebindAdapters: force: false
04-22 02:32:25.769  1096  1096 D ActivityAllAppsContainerView: rebindAdapters: Not needed.
04-22 02:32:25.769  1096  1096 D StatsLog: LAUNCHER_ALLAPPS_COUNT
04-22 02:32:25.769  1096  1096 D AlphabeticalAppsList: Clearing FastScrollerSections.
04-22 02:32:25.769  1096  1096 D AlphabeticalAppsList: Adding apps with sections. HasPrivateApps: false
04-22 02:32:25.769  1096  1096 D AlphabeticalAppsList: addAppsWithSections: adding sectionName: C with appInfoTitle: Calendar
04-22 02:32:25.769  1096  1096 D AlphabeticalAppsList: addAppsWithSections: adding sectionName: D with appInfoTitle: Drive
04-22 02:32:25.769  1096  1096 D AlphabeticalAppsList: addAppsWithSections: adding sectionName: F with appInfoTitle: Files
04-22 02:32:25.769  1096  1096 D AlphabeticalAppsList: addAppsWithSections: adding sectionName: G with appInfoTitle: Gmail
04-22 02:32:25.769  1096  1096 D AlphabeticalAppsList: addAppsWithSections: adding sectionName: M with appInfoTitle: Maps
04-22 02:32:25.769  1096  1096 D AlphabeticalAppsList: addAppsWithSections: adding sectionName: P with appInfoTitle: Phone
04-22 02:32:25.769  1096  1096 D AlphabeticalAppsList: addAppsWithSections: adding sectionName: S with appInfoTitle: Safety
04-22 02:32:25.769  1096  1096 D AlphabeticalAppsList: addAppsWithSections: adding sectionName: T with appInfoTitle: TMoble
04-22 02:32:25.769  1096  1096 D AlphabeticalAppsList: addAppsWithSections: adding sectionName: Y with appInfoTitle: YouTube
04-22 02:32:25.769  1096  1096 D AlphabeticalAppsList: Adding FastScrollSection duplicate to scroll to the bottom.
04-22 02:32:25.769  1096  1096 D AlphabeticalAppsList: Clearing FastScrollerSections.
04-22 02:32:25.769  1096  1096 D AlphabeticalAppsList: Adding apps with sections. HasPrivateApps: false
04-22 02:32:25.769  1096  1096 D AlphabeticalAppsList: addAppsWithSections: adding sectionName: C with appInfoTitle: Calendar
04-22 02:32:25.769  1096  1096 D AlphabeticalAppsList: addAppsWithSections: adding sectionName: D with appInfoTitle: Drive
04-22 02:32:25.769  1096  1096 D AlphabeticalAppsList: addAppsWithSections: adding sectionName: F with appInfoTitle: Files
04-22 02:32:25.769  1096  1096 D AlphabeticalAppsList: addAppsWithSections: adding sectionName: G with appInfoTitle: Gmail
04-22 02:32:25.769  1096  1096 D AlphabeticalAppsList: addAppsWithSections: adding sectionName: M with appInfoTitle: Maps
04-22 02:32:25.769  1096  1096 D AlphabeticalAppsList: addAppsWithSections: adding sectionName: P with appInfoTitle: Phone
04-22 02:32:25.769  1096  1096 D AlphabeticalAppsList: addAppsWithSections: adding sectionName: S with appInfoTitle: Safety
04-22 02:32:25.769  1096  1096 D AlphabeticalAppsList: addAppsWithSections: adding sectionName: T with appInfoTitle: TMoble
04-22 02:32:25.769  1096  1096 D AlphabeticalAppsList: addAppsWithSections: adding sectionName: Y with appInfoTitle: YouTube
04-22 02:32:25.769  1096  1096 D AlphabeticalAppsList: Adding FastScrollSection duplicate to scroll to the bottom.
04-22 02:32:25.777  1096  1096 D b/387844520: getOutlineOffsetX: measured width = 132, mNormalizedIconSize = 121, last updated width = 132
04-22 02:32:25.777  1096  1096 D b/387844520: getOutlineOffsetX: measured width = 132, mNormalizedIconSize = 121, last updated width = 132
04-22 02:32:25.780   683   858 W BestClock: java.time.DateTimeException: No network time available
04-22 02:32:25.780   683   858 W BestClock: java.time.DateTimeException: No network time available
04-22 02:32:25.780   683   858 W BestClock: java.time.DateTimeException: No network time available
04-22 02:32:25.780   683   858 W BestClock: java.time.DateTimeException: No network time available
04-22 02:32:25.780   683   858 W BestClock: java.time.DateTimeException: No network time available
04-22 02:32:25.781   683   858 D WifiClientModeImpl[9769:wlan0]: updateLinkLayerStatsRssiSpeedFrequencyCapabilities rssi=-50 TxLinkspeed=2 freq=2447 RxLinkSpeed=2
04-22 02:32:25.781   683   858 D WifiDataStall: tx tput in kbps: 11000
04-22 02:32:25.781   683   858 D WifiDataStall: rx tput in kbps: 11000
04-22 02:32:25.781   683   858 V WifiConfigManager: Updating scan detail cache freq=2447 BSSID=00:13:10:85:fe:01 RSSI=-50 for "AndroidWifi"NONE
04-22 02:32:25.781   683   858 D WifiThroughputPredictor:  utilization (LLS) 80 isBluetoothConnected: false final utilization: 80
04-22 02:32:25.781   683   858 D WifiThroughputPredictor:  BW: 0 RSSI: -50 Nss: 1 Mode: 1 symDur: 4000 snrDb 30 bitPerTone: 4500 rate: 54 throughput: 11
04-22 02:32:25.781   683   858 D WifiThroughputPredictor:  utilization (LLS) 80 isBluetoothConnected: false final utilization: 80
04-22 02:32:25.781   683   858 D WifiThroughputPredictor:  BW: 0 RSSI: -50 Nss: 1 Mode: 1 symDur: 4000 snrDb 30 bitPerTone: 4500 rate: 54 throughput: 11
04-22 02:32:25.782   683   858 D WifiThroughputPredictor:  utilization (LLS) 80 isBluetoothConnected: false final utilization: 80
04-22 02:32:25.782   683   858 D WifiThroughputPredictor:  BW: 0 RSSI: -50 Nss: 1 Mode: 1 symDur: 4000 snrDb 30 bitPerTone: 4500 rate: 54 throughput: 11
04-22 02:32:25.782   683   858 D WifiThroughputPredictor:  utilization (LLS) 80 isBluetoothConnected: false final utilization: 80
04-22 02:32:25.782   683   858 D WifiThroughputPredictor:  BW: 0 RSSI: -50 Nss: 1 Mode: 1 symDur: 4000 snrDb 30 bitPerTone: 4500 rate: 54 throughput: 11
04-22 02:32:25.782   683   858 D WifiScoreCard: BSSID update SIGNAL_POLL ID: 261501600 SSID: "AndroidWifi", BSSID: 00:13:10:85:fe:01, MAC: 02:15:b4:00:00:00, IP: /10.0.2.17, Security type: 0, Supplicant state: COMPLETED, Wi-Fi standard: legacy, RSSI: -50, Link speed: 2Mbps, Tx Link speed: 2Mbps, Max Supported Tx Link speed: 11Mbps, Rx Link speed: 2Mbps, Max Supported Rx Link speed: 11Mbps, Frequency: 2447MHz, Net ID: 0, Metered hint: false, score: 60, isUsable: true, CarrierMerged: false, SubscriptionId: -1, IsPrimary: 1, Trusted: true, Restricted: false, Ephemeral: false, OEM paid: false, OEM private: false, OSU AP: false, FQDN: <none>, Provider friendly name: <none>, Requesting package name: <none>"AndroidWifi"openMLO Information: , Is TID-To-Link negotiation supported by the AP: false, AP MLD Address: <none>, AP MLO Link Id: <none>, AP MLO Affiliated links: <none>, Vendor Data: <none>
04-22 02:32:25.782   683   858 D WifiScoreCard: txRate: 4 txSpeed: 2
04-22 02:32:25.782   683   858 D WifiScoreCard: network update SIGNAL_POLL "AndroidWifi" ID: 579418950 RSSI -50 txSpeed 2
04-22 02:32:25.782   683   858 D WifiClientModeImpl[9769:wlan0]:  ClientModeImpl$L2ConnectedState screen=on 1 0 "AndroidWifi" 00:13:10:85:fe:01 rssi=-50 f=2447 sc=60 link=2 tx=3.8, 0.0, 0.0 rx=3.0 bcn=0 [on:0 tx:0 rx:0 period:3002] from screen [on:0 period:-1320114762] score=60
04-22 02:32:26.062   683  1760 E AppOps  : attributionTag VCN not declared in manifest of android
04-22 02:32:26.624  1591 23464 I Icing   : Indexing com.google.android.gms-apps from com.google.android.gms
04-22 02:32:26.627  1591 23464 I gle.android.gms: AssetManager2(0xb400007aa8c2ddd8) locale list changing from [] to [en-US]
04-22 02:32:26.630  1591 23464 I Icing   : Indexing com.google.android.gms-internal.3p:MobileApplication from com.google.android.gms
04-22 02:32:26.632  1591 23464 I Icing   : Indexing done com.google.android.gms-apps
04-22 02:32:26.632  1591 23464 I Icing   : Indexing done com.google.android.gms-internal.3p:MobileApplication
04-22 02:32:27.709 24474 24505 W DynamiteModule: Local module descriptor class for com.google.android.gms.providerinstaller.dynamite not found.
04-22 02:32:27.711  1283  1295 W ProviderHelper: Unknown dynamite feature providerinstaller.dynamite
04-22 02:32:27.711 24474 24505 W ProviderInstaller: Failed to load providerinstaller module: No acceptable module com.google.android.gms.providerinstaller.dynamite found. Local version is 0 and remote version is 0.
04-22 02:32:27.712 24474 24505 I droid.apps.docs: AssetManager2(0xb400007aa8c1d438) locale list changing from [] to [en-US]
04-22 02:32:27.712 24474 24505 D ApplicationLoaders: Returning zygote-cached class loader: /system/framework/org.apache.http.legacy.jar
04-22 02:32:27.712 24474 24505 D ApplicationLoaders: Returning zygote-cached class loader: /system/framework/com.android.media.remotedisplay.jar
04-22 02:32:27.712 24474 24505 D ApplicationLoaders: Returning zygote-cached class loader: /system/framework/com.android.location.provider.jar
04-22 02:32:27.712 24474 24505 D ApplicationLoaders: Returning zygote-cached class loader: /system_ext/framework/androidx.window.extensions.jar
04-22 02:32:27.712 24474 24505 D ApplicationLoaders: Returning zygote-cached class loader: /system_ext/framework/androidx.window.sidecar.jar
04-22 02:32:27.714 24474 24505 D nativeloader: Configuring product-clns-10 for unbundled product apk /product/priv-app/PrebuiltGmsCore/PrebuiltGmsCore.apk. target_sdk_version=36, uses_libraries=, library_path=/product/priv-app/PrebuiltGmsCore/lib/arm64:/product/priv-app/PrebuiltGmsCore/PrebuiltGmsCore.apk!/lib/arm64-v8a:/product/lib64:/system/product/lib64, permitted_path=/data:/mnt/expand:/data/user/0/com.google.android.gms:/product/lib64:/system/product/lib64
04-22 02:32:27.720 24474 24577 I fker    : Unable to retrieve flag snapshot for com.google.android.gms.providerinstaller#com.google.android.apps.docs, using defaults.
04-22 02:32:27.721 24474 24576 E GoogleApiManager: Failed to get service from broker. 
04-22 02:32:27.721 24474 24576 E GoogleApiManager: java.lang.SecurityException: Unknown calling package name 'com.google.android.gms'.
04-22 02:32:27.721 24474 24576 E GoogleApiManager: 	at android.os.Parcel.createExceptionOrNull(Parcel.java:3340)
04-22 02:32:27.721 24474 24576 E GoogleApiManager: 	at android.os.Parcel.createException(Parcel.java:3324)
04-22 02:32:27.721 24474 24576 E GoogleApiManager: 	at android.os.Parcel.readException(Parcel.java:3307)
04-22 02:32:27.721 24474 24576 E GoogleApiManager: 	at android.os.Parcel.readException(Parcel.java:3249)
04-22 02:32:27.721 24474 24576 E GoogleApiManager: 	at aywe.a(:com.google.android.gms@252635035@25.26.35 (260400-783060121):36)
04-22 02:32:27.721 24474 24576 E GoogleApiManager: 	at ayul.z(:com.google.android.gms@252635035@25.26.35 (260400-783060121):143)
04-22 02:32:27.721 24474 24576 E GoogleApiManager: 	at aybk.run(:com.google.android.gms@252635035@25.26.35 (260400-783060121):42)
04-22 02:32:27.721 24474 24576 E GoogleApiManager: 	at android.os.Handler.handleCallback(Handler.java:995)
04-22 02:32:27.721 24474 24576 E GoogleApiManager: 	at android.os.Handler.dispatchMessage(Handler.java:103)
04-22 02:32:27.721 24474 24576 E GoogleApiManager: 	at cirp.mw(:com.google.android.gms@252635035@25.26.35 (260400-783060121):1)
04-22 02:32:27.721 24474 24576 E GoogleApiManager: 	at cirp.dispatchMessage(:com.google.android.gms@252635035@25.26.35 (260400-783060121):5)
04-22 02:32:27.721 24474 24576 E GoogleApiManager: 	at android.os.Looper.loopOnce(Looper.java:248)
04-22 02:32:27.721 24474 24576 E GoogleApiManager: 	at android.os.Looper.loop(Looper.java:338)
04-22 02:32:27.721 24474 24576 E GoogleApiManager: 	at android.os.HandlerThread.run(HandlerThread.java:85)
04-22 02:32:27.722 24474 24575 W FlagRegistrar: Failed to register com.google.android.gms.providerinstaller#com.google.android.apps.docs
04-22 02:32:27.722 24474 24575 W FlagRegistrar: fkfd: 17: 17: API: Phenotype.API is not available on this device. Connection failed with: ConnectionResult{statusCode=DEVELOPER_ERROR, resolution=null, message=null}
04-22 02:32:27.722 24474 24575 W FlagRegistrar: 	at fkff.a(:com.google.android.gms@252635035@25.26.35 (260400-783060121):13)
04-22 02:32:27.722 24474 24575 W FlagRegistrar: 	at ggal.d(:com.google.android.gms@252635035@25.26.35 (260400-783060121):3)
04-22 02:32:27.722 24474 24575 W FlagRegistrar: 	at ggan.run(:com.google.android.gms@252635035@25.26.35 (260400-783060121):130)
04-22 02:32:27.722 24474 24575 W FlagRegistrar: 	at ggcu.execute(:com.google.android.gms@252635035@25.26.35 (260400-783060121):1)
04-22 02:32:27.722 24474 24575 W FlagRegistrar: 	at ggav.f(:com.google.android.gms@252635035@25.26.35 (260400-783060121):1)
04-22 02:32:27.722 24474 24575 W FlagRegistrar: 	at ggav.m(:com.google.android.gms@252635035@25.26.35 (260400-783060121):99)
04-22 02:32:27.722 24474 24575 W FlagRegistrar: 	at ggav.r(:com.google.android.gms@252635035@25.26.35 (260400-783060121):17)
04-22 02:32:27.722 24474 24575 W FlagRegistrar: 	at fcoc.hJ(:com.google.android.gms@252635035@25.26.35 (260400-783060121):35)
04-22 02:32:27.722 24474 24575 W FlagRegistrar: 	at eqsr.run(:com.google.android.gms@252635035@25.26.35 (260400-783060121):12)
04-22 02:32:27.722 24474 24575 W FlagRegistrar: 	at ggcu.execute(:com.google.android.gms@252635035@25.26.35 (260400-783060121):1)
04-22 02:32:27.722 24474 24575 W FlagRegistrar: 	at eqss.b(:com.google.android.gms@252635035@25.26.35 (260400-783060121):18)
04-22 02:32:27.722 24474 24575 W FlagRegistrar: 	at eqth.b(:com.google.android.gms@252635035@25.26.35 (260400-783060121):36)
04-22 02:32:27.722 24474 24575 W FlagRegistrar: 	at eqtj.d(:com.google.android.gms@252635035@25.26.35 (260400-783060121):25)
04-22 02:32:27.722 24474 24575 W FlagRegistrar: 	at axyt.c(:com.google.android.gms@252635035@25.26.35 (260400-783060121):9)
04-22 02:32:27.722 24474 24575 W FlagRegistrar: 	at aybi.q(:com.google.android.gms@252635035@25.26.35 (260400-783060121):48)
04-22 02:32:27.722 24474 24575 W FlagRegistrar: 	at aybi.d(:com.google.android.gms@252635035@25.26.35 (260400-783060121):10)
04-22 02:32:27.722 24474 24575 W FlagRegistrar: 	at aybi.g(:com.google.android.gms@252635035@25.26.35 (260400-783060121):185)
04-22 02:32:27.722 24474 24575 W FlagRegistrar: 	at aybi.onConnectionFailed(:com.google.android.gms@252635035@25.26.35 (260400-783060121):2)
04-22 02:32:27.722 24474 24575 W FlagRegistrar: 	at aybk.run(:com.google.android.gms@252635035@25.26.35 (260400-783060121):70)
04-22 02:32:27.722 24474 24575 W FlagRegistrar: 	at android.os.Handler.handleCallback(Handler.java:995)
04-22 02:32:27.722 24474 24575 W FlagRegistrar: 	at android.os.Handler.dispatchMessage(Handler.java:103)
04-22 02:32:27.722 24474 24575 W FlagRegistrar: 	at cirp.mw(:com.google.android.gms@252635035@25.26.35 (260400-783060121):1)
04-22 02:32:27.722 24474 24575 W FlagRegistrar: 	at cirp.dispatchMessage(:com.google.android.gms@252635035@25.26.35 (260400-783060121):5)
04-22 02:32:27.722 24474 24575 W FlagRegistrar: 	at android.os.Looper.loopOnce(Looper.java:248)
04-22 02:32:27.722 24474 24575 W FlagRegistrar: 	at android.os.Looper.loop(Looper.java:338)
04-22 02:32:27.722 24474 24575 W FlagRegistrar: 	at android.os.HandlerThread.run(HandlerThread.java:85)
04-22 02:32:27.722 24474 24575 W FlagRegistrar: Caused by: axxh: 17: API: Phenotype.API is not available on this device. Connection failed with: ConnectionResult{statusCode=DEVELOPER_ERROR, resolution=null, message=null}
04-22 02:32:27.722 24474 24575 W FlagRegistrar: 	at aytx.a(:com.google.android.gms@252635035@25.26.35 (260400-783060121):15)
04-22 02:32:27.722 24474 24575 W FlagRegistrar: 	at axyw.a(:com.google.android.gms@252635035@25.26.35 (260400-783060121):1)
04-22 02:32:27.722 24474 24575 W FlagRegistrar: 	at axyt.c(:com.google.android.gms@252635035@25.26.35 (260400-783060121):5)
04-22 02:32:27.722 24474 24575 W FlagRegistrar: 	... 12 more
04-22 02:32:27.723 24474 24505 D nativeloader: Load /product/priv-app/PrebuiltGmsCore/PrebuiltGmsCore.apk!/lib/arm64-v8a/libconscrypt_gmscore_jni.so using class loader ns product-clns-10 (caller=/product/priv-app/PrebuiltGmsCore/PrebuiltGmsCore.apk): ok
04-22 02:32:27.723 24474 24505 V NativeCrypto: Registering com/google/android/gms/org/conscrypt/NativeCrypto's 315 native methods...
04-22 02:32:27.727 24474 24505 I ProviderInstaller: Installed default security provider GmsCore_OpenSSL
04-22 02:32:28.388   683  1715 E TaskPersister: File error accessing recents directory (directory doesn't exist?).
04-22 02:32:28.787   683   858 W BestClock: java.time.DateTimeException: No network time available
04-22 02:32:28.787   683   858 W BestClock: java.time.DateTimeException: No network time available
04-22 02:32:28.787   683   858 W BestClock: java.time.DateTimeException: No network time available
04-22 02:32:28.787   683   858 W BestClock: java.time.DateTimeException: No network time available
04-22 02:32:28.787   683   858 W BestClock: java.time.DateTimeException: No network time available
04-22 02:32:28.790   683   858 D WifiClientModeImpl[9769:wlan0]: updateLinkLayerStatsRssiSpeedFrequencyCapabilities rssi=-50 TxLinkspeed=1 freq=2447 RxLinkSpeed=2
04-22 02:32:28.791   683   858 D WifiDataStall: tx tput in kbps: 11000
04-22 02:32:28.791   683   858 D WifiDataStall: rx tput in kbps: 11000
04-22 02:32:28.791   683   858 V WifiConfigManager: Updating scan detail cache freq=2447 BSSID=00:13:10:85:fe:01 RSSI=-50 for "AndroidWifi"NONE
04-22 02:32:28.791   683   858 D WifiThroughputPredictor:  utilization (LLS) 80 isBluetoothConnected: false final utilization: 80
04-22 02:32:28.791   683   858 D WifiThroughputPredictor:  BW: 0 RSSI: -50 Nss: 1 Mode: 1 symDur: 4000 snrDb 30 bitPerTone: 4500 rate: 54 throughput: 11
04-22 02:32:28.791   683   858 D WifiThroughputPredictor:  utilization (LLS) 80 isBluetoothConnected: false final utilization: 80
04-22 02:32:28.791   683   858 D WifiThroughputPredictor:  BW: 0 RSSI: -50 Nss: 1 Mode: 1 symDur: 4000 snrDb 30 bitPerTone: 4500 rate: 54 throughput: 11
04-22 02:32:28.791   683   858 D WifiThroughputPredictor:  utilization (LLS) 80 isBluetoothConnected: false final utilization: 80
04-22 02:32:28.791   683   858 D WifiThroughputPredictor:  BW: 0 RSSI: -50 Nss: 1 Mode: 1 symDur: 4000 snrDb 30 bitPerTone: 4500 rate: 54 throughput: 11
04-22 02:32:28.791   683   858 D WifiThroughputPredictor:  utilization (LLS) 80 isBluetoothConnected: false final utilization: 80
04-22 02:32:28.791   683   858 D WifiThroughputPredictor:  BW: 0 RSSI: -50 Nss: 1 Mode: 1 symDur: 4000 snrDb 30 bitPerTone: 4500 rate: 54 throughput: 11
04-22 02:32:28.792   683   858 D WifiScoreCard: BSSID update SIGNAL_POLL ID: 261501600 SSID: "AndroidWifi", BSSID: 00:13:10:85:fe:01, MAC: 02:15:b4:00:00:00, IP: /10.0.2.17, Security type: 0, Supplicant state: COMPLETED, Wi-Fi standard: legacy, RSSI: -50, Link speed: 1Mbps, Tx Link speed: 1Mbps, Max Supported Tx Link speed: 11Mbps, Rx Link speed: 2Mbps, Max Supported Rx Link speed: 11Mbps, Frequency: 2447MHz, Net ID: 0, Metered hint: false, score: 60, isUsable: true, CarrierMerged: false, SubscriptionId: -1, IsPrimary: 1, Trusted: true, Restricted: false, Ephemeral: false, OEM paid: false, OEM private: false, OSU AP: false, FQDN: <none>, Provider friendly name: <none>, Requesting package name: <none>"AndroidWifi"openMLO Information: , Is TID-To-Link negotiation supported by the AP: false, AP MLD Address: <none>, AP MLO Link Id: <none>, AP MLO Affiliated links: <none>, Vendor Data: <none>
04-22 02:32:28.792   683   858 D WifiScoreCard: txRate: 2 txSpeed: 1
04-22 02:32:28.792   683   858 D WifiScoreCard: network update SIGNAL_POLL "AndroidWifi" ID: 579418950 RSSI -50 txSpeed -1
04-22 02:32:28.793   683   858 D WifiClientModeImpl[9769:wlan0]:  ClientModeImpl$L2ConnectedState screen=on 1 0 "AndroidWifi" 00:13:10:85:fe:01 rssi=-50 f=2447 sc=60 link=1 tx=1.8, 0.0, 0.0 rx=1.1 bcn=0 [on:0 tx:0 rx:0 period:3011] from screen [on:0 period:-1320111751] score=60
04-22 02:32:29.539   683   864 D InetDiagMessage: Destroyed 0 sockets, proto=IPPROTO_TCP, family=AF_INET, states=14
04-22 02:32:29.540   683   864 D InetDiagMessage: Destroyed 0 sockets, proto=IPPROTO_TCP, family=AF_INET6, states=14
04-22 02:32:29.540   683   864 D InetDiagMessage: Destroyed live tcp sockets for uids={10153} in 2ms
04-22 02:32:29.541   683   864 D InetDiagMessage: Destroyed 0 sockets, proto=IPPROTO_TCP, family=AF_INET, states=14
04-22 02:32:29.541   683   864 D InetDiagMessage: Destroyed 0 sockets, proto=IPPROTO_TCP, family=AF_INET6, states=14
04-22 02:32:29.541   683   864 D InetDiagMessage: Destroyed live tcp sockets for uids={20153} in 1ms
04-22 02:32:31.125  1086  1298 D SatelliteController: iisInCarrierRoamingNbIotNtn: satellite is disabled
04-22 02:32:31.230   459   535 I netd    : tetherGetStats() -> {[]} <0.75ms>
04-22 02:32:31.797   683   858 W BestClock: java.time.DateTimeException: No network time available
04-22 02:32:31.797   683   858 W BestClock: java.time.DateTimeException: No network time available
04-22 02:32:31.797   683   858 W BestClock: java.time.DateTimeException: No network time available
04-22 02:32:31.797   683   858 W BestClock: java.time.DateTimeException: No network time available
04-22 02:32:31.797   683   858 W BestClock: java.time.DateTimeException: No network time available
04-22 02:32:31.798   683   858 D WifiClientModeImpl[9769:wlan0]: updateLinkLayerStatsRssiSpeedFrequencyCapabilities rssi=-50 TxLinkspeed=1 freq=2447 RxLinkSpeed=2
04-22 02:32:31.798   683   858 D WifiDataStall: tx tput in kbps: 11000
04-22 02:32:31.798   683   858 D WifiDataStall: rx tput in kbps: 11000
04-22 02:32:31.798   683   858 V WifiConfigManager: Updating scan detail cache freq=2447 BSSID=00:13:10:85:fe:01 RSSI=-50 for "AndroidWifi"NONE
04-22 02:32:31.798   683   858 D WifiThroughputPredictor:  utilization (LLS) 80 isBluetoothConnected: false final utilization: 80
04-22 02:32:31.798   683   858 D WifiThroughputPredictor:  BW: 0 RSSI: -50 Nss: 1 Mode: 1 symDur: 4000 snrDb 30 bitPerTone: 4500 rate: 54 throughput: 11
04-22 02:32:31.798   683   858 D WifiThroughputPredictor:  utilization (LLS) 80 isBluetoothConnected: false final utilization: 80
04-22 02:32:31.798   683   858 D WifiThroughputPredictor:  BW: 0 RSSI: -50 Nss: 1 Mode: 1 symDur: 4000 snrDb 30 bitPerTone: 4500 rate: 54 throughput: 11
04-22 02:32:31.799   683   858 D WifiThroughputPredictor:  utilization (LLS) 80 isBluetoothConnected: false final utilization: 80
04-22 02:32:31.799   683   858 D WifiThroughputPredictor:  BW: 0 RSSI: -50 Nss: 1 Mode: 1 symDur: 4000 snrDb 30 bitPerTone: 4500 rate: 54 throughput: 11
04-22 02:32:31.799   683   858 D WifiThroughputPredictor:  utilization (LLS) 80 isBluetoothConnected: false final utilization: 80
04-22 02:32:31.799   683   858 D WifiThroughputPredictor:  BW: 0 RSSI: -50 Nss: 1 Mode: 1 symDur: 4000 snrDb 30 bitPerTone: 4500 rate: 54 throughput: 11
04-22 02:32:31.799   683   858 D WifiScoreCard: BSSID update SIGNAL_POLL ID: 261501600 SSID: "AndroidWifi", BSSID: 00:13:10:85:fe:01, MAC: 02:15:b4:00:00:00, IP: /10.0.2.17, Security type: 0, Supplicant state: COMPLETED, Wi-Fi standard: legacy, RSSI: -50, Link speed: 1Mbps, Tx Link speed: 1Mbps, Max Supported Tx Link speed: 11Mbps, Rx Link speed: 2Mbps, Max Supported Rx Link speed: 11Mbps, Frequency: 2447MHz, Net ID: 0, Metered hint: false, score: 60, isUsable: true, CarrierMerged: false, SubscriptionId: -1, IsPrimary: 1, Trusted: true, Restricted: false, Ephemeral: false, OEM paid: false, OEM private: false, OSU AP: false, FQDN: <none>, Provider friendly name: <none>, Requesting package name: <none>"AndroidWifi"openMLO Information: , Is TID-To-Link negotiation supported by the AP: false, AP MLD Address: <none>, AP MLO Link Id: <none>, AP MLO Affiliated links: <none>, Vendor Data: <none>
04-22 02:32:31.799   683   858 D WifiScoreCard: txRate: 1 txSpeed: 1
04-22 02:32:31.799   683   858 D WifiScoreCard: network update SIGNAL_POLL "AndroidWifi" ID: 579418950 RSSI -50 txSpeed -1
04-22 02:32:31.799   683   858 D WifiClientModeImpl[9769:wlan0]:  ClientModeImpl$L2ConnectedState screen=on 1 0 "AndroidWifi" 00:13:10:85:fe:01 rssi=-50 f=2447 sc=60 link=1 tx=0.6, 0.0, 0.0 rx=0.4 bcn=0 [on:0 tx:0 rx:0 period:3006] from screen [on:0 period:-1320108745] score=60
04-22 02:32:32.341   938   938 D wpa_supplicant: nl80211: Drv Event 64 (NL80211_CMD_NOTIFY_CQM) received for wlan0
04-22 02:32:32.341   938   938 D wpa_supplicant: nl80211: Beacon loss event
04-22 02:32:32.341   938   938 D wpa_supplicant: wlan0: Event BEACON_LOSS (53) received
04-22 02:32:32.341   938   938 I wpa_supplicant: wlan0: CTRL-EVENT-BEACON-LOSS 
04-22 02:32:34.464   683   809 D ActivityManager: freezing 8919 com.google.android.documentsui
04-22 02:32:34.467   683   864 D InetDiagMessage: Destroyed 0 sockets, proto=IPPROTO_TCP, family=AF_INET, states=14
04-22 02:32:34.468   683   864 D InetDiagMessage: Destroyed 0 sockets, proto=IPPROTO_TCP, family=AF_INET6, states=14
04-22 02:32:34.469   683   864 D InetDiagMessage: Destroyed live tcp sockets for uids={10100} in 1ms
04-22 02:32:34.532   683   809 D ActivityManager: freezing 3020 com.android.chrome
04-22 02:32:34.534   683   864 D InetDiagMessage: Destroyed 0 sockets, proto=IPPROTO_TCP, family=AF_INET, states=14
04-22 02:32:34.535   683   864 D InetDiagMessage: Destroyed 0 sockets, proto=IPPROTO_TCP, family=AF_INET6, states=14
04-22 02:32:34.535   683   864 D InetDiagMessage: Destroyed live tcp sockets for uids={10153} in 2ms
04-22 02:32:34.723   683   809 D ActivityManager: freezing 24474 com.google.android.apps.docs
04-22 02:32:34.726   683   864 D InetDiagMessage: Destroyed 0 sockets, proto=IPPROTO_TCP, family=AF_INET, states=14
04-22 02:32:34.727   683   864 D InetDiagMessage: Destroyed 0 sockets, proto=IPPROTO_TCP, family=AF_INET6, states=14
04-22 02:32:34.727   683   864 D InetDiagMessage: Destroyed live tcp sockets for uids={10157} in 1ms
04-22 02:32:34.756   683   739 W IPCThreadState: Sending oneway calls to frozen process.
04-22 02:32:34.801   683   858 W BestClock: java.time.DateTimeException: No network time available
04-22 02:32:34.801   683   858 W BestClock: java.time.DateTimeException: No network time available
04-22 02:32:34.801   683   858 W BestClock: java.time.DateTimeException: No network time available
04-22 02:32:34.801   683   858 W BestClock: java.time.DateTimeException: No network time available
04-22 02:32:34.801   683   858 W BestClock: java.time.DateTimeException: No network time available
04-22 02:32:34.801   683   858 D WifiClientModeImpl[9769:wlan0]: updateLinkLayerStatsRssiSpeedFrequencyCapabilities rssi=-50 TxLinkspeed=1 freq=2447 RxLinkSpeed=2
04-22 02:32:34.801   683   858 D WifiDataStall: tx tput in kbps: 11000
04-22 02:32:34.801   683   858 D WifiDataStall: rx tput in kbps: 11000
04-22 02:32:34.801   683   858 V WifiConfigManager: Updating scan detail cache freq=2447 BSSID=00:13:10:85:fe:01 RSSI=-50 for "AndroidWifi"NONE
04-22 02:32:34.801   683   858 D WifiThroughputPredictor:  utilization (LLS) 80 isBluetoothConnected: false final utilization: 80
04-22 02:32:34.801   683   858 D WifiThroughputPredictor:  BW: 0 RSSI: -50 Nss: 1 Mode: 1 symDur: 4000 snrDb 30 bitPerTone: 4500 rate: 54 throughput: 11
04-22 02:32:34.801   683   858 D WifiThroughputPredictor:  utilization (LLS) 80 isBluetoothConnected: false final utilization: 80
04-22 02:32:34.801   683   858 D WifiThroughputPredictor:  BW: 0 RSSI: -50 Nss: 1 Mode: 1 symDur: 4000 snrDb 30 bitPerTone: 4500 rate: 54 throughput: 11
04-22 02:32:34.801   683   858 D WifiThroughputPredictor:  utilization (LLS) 80 isBluetoothConnected: false final utilization: 80
04-22 02:32:34.801   683   858 D WifiThroughputPredictor:  BW: 0 RSSI: -50 Nss: 1 Mode: 1 symDur: 4000 snrDb 30 bitPerTone: 4500 rate: 54 throughput: 11
04-22 02:32:34.801   683   858 D WifiThroughputPredictor:  utilization (LLS) 80 isBluetoothConnected: false final utilization: 80
04-22 02:32:34.801   683   858 D WifiThroughputPredictor:  BW: 0 RSSI: -50 Nss: 1 Mode: 1 symDur: 4000 snrDb 30 bitPerTone: 4500 rate: 54 throughput: 11
04-22 02:32:34.801   683   858 D WifiScoreCard: BSSID update SIGNAL_POLL ID: 261501600 SSID: "AndroidWifi", BSSID: 00:13:10:85:fe:01, MAC: 02:15:b4:00:00:00, IP: /10.0.2.17, Security type: 0, Supplicant state: COMPLETED, Wi-Fi standard: legacy, RSSI: -50, Link speed: 1Mbps, Tx Link speed: 1Mbps, Max Supported Tx Link speed: 11Mbps, Rx Link speed: 2Mbps, Max Supported Rx Link speed: 11Mbps, Frequency: 2447MHz, Net ID: 0, Metered hint: false, score: 60, isUsable: true, CarrierMerged: false, SubscriptionId: -1, IsPrimary: 1, Trusted: true, Restricted: false, Ephemeral: false, OEM paid: false, OEM private: false, OSU AP: false, FQDN: <none>, Provider friendly name: <none>, Requesting package name: <none>"AndroidWifi"openMLO Information: , Is TID-To-Link negotiation supported by the AP: false, AP MLD Address: <none>, AP MLO Link Id: <none>, AP MLO Affiliated links: <none>, Vendor Data: <none>
04-22 02:32:34.801   683   858 D WifiScoreCard: txRate: 1 txSpeed: 1
04-22 02:32:34.801   683   858 D WifiScoreCard: network update SIGNAL_POLL "AndroidWifi" ID: 579418950 RSSI -50 txSpeed -1
04-22 02:32:34.802   683   858 D WifiClientModeImpl[9769:wlan0]:  ClientModeImpl$L2ConnectedState screen=on 1 0 "AndroidWifi" 00:13:10:85:fe:01 rssi=-50 f=2447 sc=60 link=1 tx=0.2, 0.0, 0.0 rx=0.1 bcn=0 [on:0 tx:0 rx:0 period:3003] from screen [on:0 period:-1320105742] score=60
04-22 02:32:34.919   252 24458 I keystore2: system/security/keystore2/watchdog/src/lib.rs:377 - Watchdog thread idle -> terminating. Have a great day.
04-22 02:32:35.583   683   809 D ActivityManager: freezing 1793 com.google.android.googlequicksearchbox:search
04-22 02:32:35.750   459   535 I netd    : tetherGetStats() -> {[]} <0.55ms>
04-22 02:32:36.720   459 24582 I resolv  : ResNSendHandler::run: 0 / {101 983141 101 983141 1073 1}
04-22 02:32:36.720   459 24581 I resolv  : ResNSendHandler::run: 0 / {101 983141 101 983141 1073 1}
04-22 02:32:36.720   459 24581 I resolv  : resolv_cache_lookup: FOUND IN CACHE entry=0xb400007cdced0e50
04-22 02:32:36.721   459 24582 I resolv  : resolv_cache_lookup: FOUND IN CACHE entry=0xb400007d0cedaf10
04-22 02:32:36.722   459 24583 I resolv  : ResNSendHandler::run: 0 / {101 983141 101 983141 1073 1}
04-22 02:32:36.722   459 24583 I resolv  : resolv_cache_lookup: FOUND IN CACHE entry=0xb400007e7ced35d0
04-22 02:32:36.722   459 24584 I resolv  : ResNSendHandler::run: 0 / {101 983141 101 983141 1073 1}
04-22 02:32:36.722   459 24584 I resolv  : resolv_cache_lookup: FOUND IN CACHE entry=0xb400007d2ced1320
04-22 02:32:36.725  1052 24580 D NetworkMonitor/101: PROBE_DNS connectivitycheck.gstatic.com 11ms OK 114.250.65.34
04-22 02:32:36.726  1052 24579 D NetworkMonitor/101: PROBE_DNS www.google.com 12ms OK 157.240.7.20,2001::1
04-22 02:32:36.726   459 24585 I resolv  : GetAddrInfoHandler::run: {101 983141 101 983141 1073 1}
04-22 02:32:36.727   459 24586 I resolv  : res_nmkquery: (QUERY, IN, AAAA)
04-22 02:32:36.727   459 24586 I resolv  : resolv_cache_lookup: FOUND IN CACHE entry=0xb400007d0cedaf10
04-22 02:32:36.727   459 24586 I resolv  : doQuery: rcode=0, ancount=0, return value=117
04-22 02:32:36.727   459 24587 I resolv  : res_nmkquery: (QUERY, IN, A)
04-22 02:32:36.727   459 24587 I resolv  : resolv_cache_lookup: FOUND IN CACHE entry=0xb400007e7ced35d0
04-22 02:32:36.727   459 24587 I resolv  : doQuery: rcode=0, ancount=1, return value=63
04-22 02:32:36.729   459 24588 I resolv  : GetAddrInfoHandler::run: {101 983141 101 983141 1073 1}
04-22 02:32:36.729   459 24589 I resolv  : res_nmkquery: (QUERY, IN, AAAA)
04-22 02:32:36.729   459 24589 I resolv  : resolv_cache_lookup: FOUND IN CACHE entry=0xb400007cdced0e50
04-22 02:32:36.729   459 24589 I resolv  : doQuery: rcode=0, ancount=1, return value=60
04-22 02:32:36.730   459 24590 I resolv  : res_nmkquery: (QUERY, IN, A)
04-22 02:32:36.730   459 24590 I resolv  : resolv_cache_lookup: FOUND IN CACHE entry=0xb400007d2ced1320
04-22 02:32:36.730   459 24590 I resolv  : doQuery: rcode=0, ancount=1, return value=48
04-22 02:32:37.218  1052 24580 D NetworkMonitor/101: PROBE_HTTP http://connectivitycheck.gstatic.com/generate_204 time=491ms ret=204 request={Connection=[close], User-Agent=[Mozilla/5.0 (X11; Linux x86_64) AppleWebKit/537.36 (KHTML, like Gecko) Chrome/60.0.3112.32 Safari/537.36]} headers={null=[HTTP/1.1 204 No Content], Connection=[close], Cross-Origin-Resource-Policy=[cross-origin], Date=[Tue, 21 Apr 2026 18:32:36 GMT], X-Android-Received-Millis=[1776796357217], X-Android-Response-Source=[NETWORK 204], X-Android-Selected-Protocol=[http/1.1], X-Android-Sent-Millis=[1776796356730]}
04-22 02:32:37.813   683   858 W BestClock: java.time.DateTimeException: No network time available
04-22 02:32:37.813   683   858 W BestClock: java.time.DateTimeException: No network time available
04-22 02:32:37.813   683   858 W BestClock: java.time.DateTimeException: No network time available
04-22 02:32:37.814   683   858 W BestClock: java.time.DateTimeException: No network time available
04-22 02:32:37.814   683   858 W BestClock: java.time.DateTimeException: No network time available
04-22 02:32:37.815   683   858 D WifiClientModeImpl[9769:wlan0]: updateLinkLayerStatsRssiSpeedFrequencyCapabilities rssi=-50 TxLinkspeed=1 freq=2447 RxLinkSpeed=2
04-22 02:32:37.815   683   858 D WifiDataStall: tx tput in kbps: 11000
04-22 02:32:37.815   683   858 D WifiDataStall: rx tput in kbps: 11000
04-22 02:32:37.815   683   858 V WifiConfigManager: Updating scan detail cache freq=2447 BSSID=00:13:10:85:fe:01 RSSI=-50 for "AndroidWifi"NONE
04-22 02:32:37.815   683   858 D WifiThroughputPredictor:  utilization (LLS) 80 isBluetoothConnected: false final utilization: 80
04-22 02:32:37.815   683   858 D WifiThroughputPredictor:  BW: 0 RSSI: -50 Nss: 1 Mode: 1 symDur: 4000 snrDb 30 bitPerTone: 4500 rate: 54 throughput: 11
04-22 02:32:37.815   683   858 D WifiThroughputPredictor:  utilization (LLS) 80 isBluetoothConnected: false final utilization: 80
04-22 02:32:37.815   683   858 D WifiThroughputPredictor:  BW: 0 RSSI: -50 Nss: 1 Mode: 1 symDur: 4000 snrDb 30 bitPerTone: 4500 rate: 54 throughput: 11
04-22 02:32:37.815   683   858 D WifiThroughputPredictor:  utilization (LLS) 80 isBluetoothConnected: false final utilization: 80
04-22 02:32:37.815   683   858 D WifiThroughputPredictor:  BW: 0 RSSI: -50 Nss: 1 Mode: 1 symDur: 4000 snrDb 30 bitPerTone: 4500 rate: 54 throughput: 11
04-22 02:32:37.815   683   858 D WifiThroughputPredictor:  utilization (LLS) 80 isBluetoothConnected: false final utilization: 80
04-22 02:32:37.815   683   858 D WifiThroughputPredictor:  BW: 0 RSSI: -50 Nss: 1 Mode: 1 symDur: 4000 snrDb 30 bitPerTone: 4500 rate: 54 throughput: 11
04-22 02:32:37.817   683   858 D WifiScoreCard: BSSID update SIGNAL_POLL ID: 261501600 SSID: "AndroidWifi", BSSID: 00:13:10:85:fe:01, MAC: 02:15:b4:00:00:00, IP: /10.0.2.17, Security type: 0, Supplicant state: COMPLETED, Wi-Fi standard: legacy, RSSI: -50, Link speed: 1Mbps, Tx Link speed: 1Mbps, Max Supported Tx Link speed: 11Mbps, Rx Link speed: 2Mbps, Max Supported Rx Link speed: 11Mbps, Frequency: 2447MHz, Net ID: 0, Metered hint: false, score: 60, isUsable: true, CarrierMerged: false, SubscriptionId: -1, IsPrimary: 1, Trusted: true, Restricted: false, Ephemeral: false, OEM paid: false, OEM private: false, OSU AP: false, FQDN: <none>, Provider friendly name: <none>, Requesting package name: <none>"AndroidWifi"openMLO Information: , Is TID-To-Link negotiation supported by the AP: false, AP MLD Address: <none>, AP MLO Link Id: <none>, AP MLO Affiliated links: <none>, Vendor Data: <none>
04-22 02:32:37.817   683   858 D WifiScoreCard: txRate: 2 txSpeed: 1
04-22 02:32:37.817   683   858 D WifiScoreCard: network update SIGNAL_POLL "AndroidWifi" ID: 579418950 RSSI -50 txSpeed -1
04-22 02:32:37.818   683   858 D WifiClientModeImpl[9769:wlan0]:  ClientModeImpl$L2ConnectedState screen=on 1 0 "AndroidWifi" 00:13:10:85:fe:01 rssi=-50 f=2447 sc=60 link=1 tx=1.7, 0.0, 0.0 rx=1.5 bcn=0 [on:0 tx:0 rx:0 period:3016] from screen [on:0 period:-1320102726] score=60
04-22 02:32:39.624  1591  1591 D BoundBrokerSvc: onUnbind: Intent { act=com.google.android.gms.backup.GMS_MODULE_RESTORE dat=chimera-action:/... xflg=0x4 cmp=com.google.android.gms/.chimera.GmsInternalBoundBrokerService }
04-22 02:32:39.715   459 24591 I resolv  : GetAddrInfoHandler::run: {101 983141 101 983141 1073 1}
04-22 02:32:39.717   459 24592 I resolv  : res_nmkquery: (QUERY, IN, AAAA)
04-22 02:32:39.717   459 24592 I resolv  : resolv_cache_lookup: FOUND IN CACHE entry=0xb400007cdced0e50
04-22 02:32:39.717   459 24592 I resolv  : doQuery: rcode=0, ancount=1, return value=60
04-22 02:32:39.717   459 24593 I resolv  : res_nmkquery: (QUERY, IN, A)
04-22 02:32:39.717   459 24593 I resolv  : resolv_cache_lookup: FOUND IN CACHE entry=0xb400007d2ced1320
04-22 02:32:39.717   459 24593 I resolv  : doQuery: rcode=0, ancount=1, return value=48
04-22 02:32:40.223  1052 24578 D NetworkMonitor/101: PROBE_FALLBACK http://www.google.com/gen_204 time=509ms ret=204 request={Connection=[close], User-Agent=[Mozilla/5.0 (X11; Linux x86_64) AppleWebKit/537.36 (KHTML, like Gecko) Chrome/60.0.3112.32 Safari/537.36]} headers={null=[HTTP/1.1 204 No Content], Connection=[close], Content-Security-Policy=[object-src 'none';base-uri 'self';script-src 'nonce-ectYeid-P3hG5xpssuGM9g' 'strict-dynamic' 'report-sample' 'unsafe-eval' 'unsafe-inline' https: http:;report-uri https://csp.withgoogle.com/csp/gws/other], Content-Type=[text/html; charset=UTF-8], Date=[Tue, 21 Apr 2026 18:32:39 GMT], Permissions-Policy=[unload=()], Server=[gws], X-Android-Received-Millis=[1776796360223], X-Android-Response-Source=[NETWORK 204], X-Android-Selected-Protocol=[http/1.1], X-Android-Sent-Millis=[1776796359726], X-Frame-Options=[SAMEORIGIN], X-Xss-Protection=[0]}
04-22 02:32:40.280   938   938 D wpa_supplicant: nl80211: Drv Event 64 (NL80211_CMD_NOTIFY_CQM) received for wlan0
04-22 02:32:40.280   938   938 D wpa_supplicant: nl80211: Beacon loss event
04-22 02:32:40.280   938   938 D wpa_supplicant: wlan0: Event BEACON_LOSS (53) received
04-22 02:32:40.280   938   938 I wpa_supplicant: wlan0: CTRL-EVENT-BEACON-LOSS 
04-22 02:32:40.650  1591  1591 D BoundBrokerSvc: onUnbind: Intent { act=com.google.android.gms.feedback.internal.IFeedbackService dat=chimera-action:/... xflg=0x4 cmp=com.google.android.gms/.chimera.GmsBoundBrokerService }
04-22 02:32:40.828   683   858 W BestClock: java.time.DateTimeException: No network time available
04-22 02:32:40.828   683   858 W BestClock: java.time.DateTimeException: No network time available
04-22 02:32:40.828   683   858 W BestClock: java.time.DateTimeException: No network time available
04-22 02:32:40.828   683   858 W BestClock: java.time.DateTimeException: No network time available
04-22 02:32:40.828   683   858 W BestClock: java.time.DateTimeException: No network time available
04-22 02:32:40.829   683   858 D WifiClientModeImpl[9769:wlan0]: updateLinkLayerStatsRssiSpeedFrequencyCapabilities rssi=-50 TxLinkspeed=1 freq=2447 RxLinkSpeed=2
04-22 02:32:40.830   683   858 D WifiDataStall: tx tput in kbps: 11000
04-22 02:32:40.830   683   858 D WifiDataStall: rx tput in kbps: 11000
04-22 02:32:40.830   683   858 V WifiConfigManager: Updating scan detail cache freq=2447 BSSID=00:13:10:85:fe:01 RSSI=-50 for "AndroidWifi"NONE
04-22 02:32:40.830   683   858 D WifiThroughputPredictor:  utilization (LLS) 80 isBluetoothConnected: false final utilization: 80
04-22 02:32:40.830   683   858 D WifiThroughputPredictor:  BW: 0 RSSI: -50 Nss: 1 Mode: 1 symDur: 4000 snrDb 30 bitPerTone: 4500 rate: 54 throughput: 11
04-22 02:32:40.830   683   858 D WifiThroughputPredictor:  utilization (LLS) 80 isBluetoothConnected: false final utilization: 80
04-22 02:32:40.830   683   858 D WifiThroughputPredictor:  BW: 0 RSSI: -50 Nss: 1 Mode: 1 symDur: 4000 snrDb 30 bitPerTone: 4500 rate: 54 throughput: 11
04-22 02:32:40.830   683   858 D WifiThroughputPredictor:  utilization (LLS) 80 isBluetoothConnected: false final utilization: 80
04-22 02:32:40.830   683   858 D WifiThroughputPredictor:  BW: 0 RSSI: -50 Nss: 1 Mode: 1 symDur: 4000 snrDb 30 bitPerTone: 4500 rate: 54 throughput: 11
04-22 02:32:40.830   683   858 D WifiThroughputPredictor:  utilization (LLS) 80 isBluetoothConnected: false final utilization: 80
04-22 02:32:40.830   683   858 D WifiThroughputPredictor:  BW: 0 RSSI: -50 Nss: 1 Mode: 1 symDur: 4000 snrDb 30 bitPerTone: 4500 rate: 54 throughput: 11
04-22 02:32:40.831   683   858 D WifiScoreCard: BSSID update SIGNAL_POLL ID: 261501600 SSID: "AndroidWifi", BSSID: 00:13:10:85:fe:01, MAC: 02:15:b4:00:00:00, IP: /10.0.2.17, Security type: 0, Supplicant state: COMPLETED, Wi-Fi standard: legacy, RSSI: -50, Link speed: 1Mbps, Tx Link speed: 1Mbps, Max Supported Tx Link speed: 11Mbps, Rx Link speed: 2Mbps, Max Supported Rx Link speed: 11Mbps, Frequency: 2447MHz, Net ID: 0, Metered hint: false, score: 60, isUsable: true, CarrierMerged: false, SubscriptionId: -1, IsPrimary: 1, Trusted: true, Restricted: false, Ephemeral: false, OEM paid: false, OEM private: false, OSU AP: false, FQDN: <none>, Provider friendly name: <none>, Requesting package name: <none>"AndroidWifi"openMLO Information: , Is TID-To-Link negotiation supported by the AP: false, AP MLD Address: <none>, AP MLO Link Id: <none>, AP MLO Affiliated links: <none>, Vendor Data: <none>
04-22 02:32:40.831   683   858 D WifiScoreCard: txRate: 2 txSpeed: 1
04-22 02:32:40.831   683   858 D WifiScoreCard: network update SIGNAL_POLL "AndroidWifi" ID: 579418950 RSSI -50 txSpeed -1
04-22 02:32:40.831   683   858 D WifiClientModeImpl[9769:wlan0]:  ClientModeImpl$L2ConnectedState screen=on 1 0 "AndroidWifi" 00:13:10:85:fe:01 rssi=-50 f=2447 sc=60 link=1 tx=1.7, 0.0, 0.0 rx=1.6 bcn=0 [on:0 tx:0 rx:0 period:3013] from screen [on:0 period:-1320099713] score=60
04-22 02:32:41.127  1086  1298 D SatelliteController: iisInCarrierRoamingNbIotNtn: satellite is disabled
04-22 02:32:43.305   683   750 I WifiService: isFeatureSupported uid=1000 returns [WIFI_FEATURE_INFRA, WIFI_FEATURE_P2P, WIFI_FEATURE_MOBILE_HOTSPOT, WIFI_FEATURE_WPA3_SAE, WIFI_FEATURE_WPA3_SUITE_B, WIFI_FEATURE_OWE, WIFI_FEATURE_DPP, WIFI_FEATURE_AP_RAND_MAC, WIFI_FEATURE_MBO, WIFI_FEATURE_FILS_SHA256, WIFI_FEATURE_FILS_SHA384, WIFI_FEATURE_SAE_PK, WIFI_FEATURE_DPP_ENROLLEE_RESPONDER, WIFI_FEATURE_PASSPOINT_TERMS_AND_CONDITIONS, WIFI_FEATURE_WFD_R2, WIFI_FEATURE_DECORATED_IDENTITY, WIFI_FEATURE_TRUST_ON_FIRST_USE, WIFI_FEATURE_SET_TLS_MINIMUM_VERSION, WIFI_FEATURE_TLS_V1_3, WIFI_FEATURE_WEP, WIFI_FEATURE_WPA_PERSONAL]
04-22 02:32:43.841   683   858 W BestClock: java.time.DateTimeException: No network time available
04-22 02:32:43.841   683   858 W BestClock: java.time.DateTimeException: No network time available
04-22 02:32:43.842   683   858 W BestClock: java.time.DateTimeException: No network time available
04-22 02:32:43.842   683   858 W BestClock: java.time.DateTimeException: No network time available
04-22 02:32:43.842   683   858 W BestClock: java.time.DateTimeException: No network time available
04-22 02:32:43.843   683   858 D WifiClientModeImpl[9769:wlan0]: updateLinkLayerStatsRssiSpeedFrequencyCapabilities rssi=-50 TxLinkspeed=1 freq=2447 RxLinkSpeed=2
04-22 02:32:43.844   683   858 D WifiDataStall: tx tput in kbps: 11000
04-22 02:32:43.844   683   858 D WifiDataStall: rx tput in kbps: 11000
