04-22 02:33:47.015   683   858 W BestClock: java.time.DateTimeException: No network time available
04-22 02:33:47.015   683   858 W BestClock: java.time.DateTimeException: No network time available
04-22 02:33:47.015   683   858 W BestClock: java.time.DateTimeException: No network time available
04-22 02:33:47.015   683   858 D WifiClientModeImpl[9769:wlan0]: updateLinkLayerStatsRssiSpeedFrequencyCapabilities rssi=-50 TxLinkspeed=1 freq=2447 RxLinkSpeed=2
04-22 02:33:47.015   683   858 D WifiDataStall: tx tput in kbps: 11000
04-22 02:33:47.015   683   858 D WifiDataStall: rx tput in kbps: 11000
04-22 02:33:47.015   683   858 V WifiConfigManager: Updating scan detail cache freq=2447 BSSID=00:13:10:85:fe:01 RSSI=-50 for "AndroidWifi"NONE
04-22 02:33:47.016   683   858 D WifiThroughputPredictor:  utilization (LLS) 80 isBluetoothConnected: false final utilization: 80
04-22 02:33:47.016   683   858 D WifiThroughputPredictor:  BW: 0 RSSI: -50 Nss: 1 Mode: 1 symDur: 4000 snrDb 30 bitPerTone: 4500 rate: 54 throughput: 11
04-22 02:33:47.016   683   858 D WifiThroughputPredictor:  utilization (LLS) 80 isBluetoothConnected: false final utilization: 80
04-22 02:33:47.016   683   858 D WifiThroughputPredictor:  BW: 0 RSSI: -50 Nss: 1 Mode: 1 symDur: 4000 snrDb 30 bitPerTone: 4500 rate: 54 throughput: 11
04-22 02:33:47.016   683   858 D WifiThroughputPredictor:  utilization (LLS) 80 isBluetoothConnected: false final utilization: 80
04-22 02:33:47.016   683   858 D WifiThroughputPredictor:  BW: 0 RSSI: -50 Nss: 1 Mode: 1 symDur: 4000 snrDb 30 bitPerTone: 4500 rate: 54 throughput: 11
04-22 02:33:47.016   683   858 D WifiThroughputPredictor:  utilization (LLS) 80 isBluetoothConnected: false final utilization: 80
04-22 02:33:47.016   683   858 D WifiThroughputPredictor:  BW: 0 RSSI: -50 Nss: 1 Mode: 1 symDur: 4000 snrDb 30 bitPerTone: 4500 rate: 54 throughput: 11
04-22 02:33:47.016   683   858 D WifiScoreCard: BSSID update SIGNAL_POLL ID: 261501600 SSID: "AndroidWifi", BSSID: 00:13:10:85:fe:01, MAC: 02:15:b4:00:00:00, IP: /10.0.2.17, Security type: 0, Supplicant state: COMPLETED, Wi-Fi standard: legacy, RSSI: -50, Link speed: 1Mbps, Tx Link speed: 1Mbps, Max Supported Tx Link speed: 11Mbps, Rx Link speed: 2Mbps, Max Supported Rx Link speed: 11Mbps, Frequency: 2447MHz, Net ID: 0, Metered hint: false, score: 60, isUsable: true, CarrierMerged: false, SubscriptionId: -1, IsPrimary: 1, Trusted: true, Restricted: false, Ephemeral: false, OEM paid: false, OEM private: false, OSU AP: false, FQDN: <none>, Provider friendly name: <none>, Requesting package name: <none>"AndroidWifi"openMLO Information: , Is TID-To-Link negotiation supported by the AP: false, AP MLD Address: <none>, AP MLO Link Id: <none>, AP MLO Affiliated links: <none>, Vendor Data: <none>
04-22 02:33:47.016   683   858 D WifiScoreCard: txRate: 1 txSpeed: 1
04-22 02:33:47.016   683   858 D WifiScoreCard: network update SIGNAL_POLL "AndroidWifi" ID: 579418950 RSSI -50 txSpeed -1
04-22 02:33:47.017   683   858 D WifiClientModeImpl[9769:wlan0]:  ClientModeImpl$L2ConnectedState screen=on 1 0 "AndroidWifi" 00:13:10:85:fe:01 rssi=-50 f=2447 sc=60 link=1 tx=0.0, 0.0, 0.0 rx=0.0 bcn=0 [on:0 tx:0 rx:0 period:3006] from screen [on:0 period:-1320033528] score=60
04-22 02:33:50.020   683   858 W BestClock: java.time.DateTimeException: No network time available
04-22 02:33:50.020   683   858 W BestClock: java.time.DateTimeException: No network time available
04-22 02:33:50.020   683   858 W BestClock: java.time.DateTimeException: No network time available
04-22 02:33:50.020   683   858 W BestClock: java.time.DateTimeException: No network time available
04-22 02:33:50.020   683   858 W BestClock: java.time.DateTimeException: No network time available
04-22 02:33:50.021   683   858 D WifiClientModeImpl[9769:wlan0]: updateLinkLayerStatsRssiSpeedFrequencyCapabilities rssi=-50 TxLinkspeed=1 freq=2447 RxLinkSpeed=2
04-22 02:33:50.021   683   858 D WifiDataStall: tx tput in kbps: 11000
04-22 02:33:50.021   683   858 D WifiDataStall: rx tput in kbps: 11000
04-22 02:33:50.021   683   858 V WifiConfigManager: Updating scan detail cache freq=2447 BSSID=00:13:10:85:fe:01 RSSI=-50 for "AndroidWifi"NONE
04-22 02:33:50.021   683   858 D WifiThroughputPredictor:  utilization (LLS) 80 isBluetoothConnected: false final utilization: 80
04-22 02:33:50.021   683   858 D WifiThroughputPredictor:  BW: 0 RSSI: -50 Nss: 1 Mode: 1 symDur: 4000 snrDb 30 bitPerTone: 4500 rate: 54 throughput: 11
04-22 02:33:50.021   683   858 D WifiThroughputPredictor:  utilization (LLS) 80 isBluetoothConnected: false final utilization: 80
04-22 02:33:50.021   683   858 D WifiThroughputPredictor:  BW: 0 RSSI: -50 Nss: 1 Mode: 1 symDur: 4000 snrDb 30 bitPerTone: 4500 rate: 54 throughput: 11
04-22 02:33:50.021   683   858 D WifiThroughputPredictor:  utilization (LLS) 80 isBluetoothConnected: false final utilization: 80
04-22 02:33:50.021   683   858 D WifiThroughputPredictor:  BW: 0 RSSI: -50 Nss: 1 Mode: 1 symDur: 4000 snrDb 30 bitPerTone: 4500 rate: 54 throughput: 11
04-22 02:33:50.021   683   858 D WifiThroughputPredictor:  utilization (LLS) 80 isBluetoothConnected: false final utilization: 80
04-22 02:33:50.021   683   858 D WifiThroughputPredictor:  BW: 0 RSSI: -50 Nss: 1 Mode: 1 symDur: 4000 snrDb 30 bitPerTone: 4500 rate: 54 throughput: 11
04-22 02:33:50.022   683   858 D WifiScoreCard: BSSID update SIGNAL_POLL ID: 261501600 SSID: "AndroidWifi", BSSID: 00:13:10:85:fe:01, MAC: 02:15:b4:00:00:00, IP: /10.0.2.17, Security type: 0, Supplicant state: COMPLETED, Wi-Fi standard: legacy, RSSI: -50, Link speed: 1Mbps, Tx Link speed: 1Mbps, Max Supported Tx Link speed: 11Mbps, Rx Link speed: 2Mbps, Max Supported Rx Link speed: 11Mbps, Frequency: 2447MHz, Net ID: 0, Metered hint: false, score: 60, isUsable: true, CarrierMerged: false, SubscriptionId: -1, IsPrimary: 1, Trusted: true, Restricted: false, Ephemeral: false, OEM paid: false, OEM private: false, OSU AP: false, FQDN: <none>, Provider friendly name: <none>, Requesting package name: <none>"AndroidWifi"openMLO Information: , Is TID-To-Link negotiation supported by the AP: false, AP MLD Address: <none>, AP MLO Link Id: <none>, AP MLO Affiliated links: <none>, Vendor Data: <none>
04-22 02:33:50.022   683   858 D WifiScoreCard: txRate: 1 txSpeed: 1
04-22 02:33:50.022   683   858 D WifiScoreCard: network update SIGNAL_POLL "AndroidWifi" ID: 579418950 RSSI -50 txSpeed -1
04-22 02:33:50.022   683   858 D WifiClientModeImpl[9769:wlan0]:  ClientModeImpl$L2ConnectedState screen=on 1 0 "AndroidWifi" 00:13:10:85:fe:01 rssi=-50 f=2447 sc=60 link=1 tx=0.0, 0.0, 0.0 rx=0.0 bcn=0 [on:0 tx:0 rx:0 period:3005] from screen [on:0 period:-1320030522] score=60
04-22 02:33:51.169  1086  1298 D SatelliteController: iisInCarrierRoamingNbIotNtn: satellite is disabled
04-22 02:33:52.470   938   938 D wpa_supplicant: nl80211: Drv Event 64 (NL80211_CMD_NOTIFY_CQM) received for wlan0
04-22 02:33:52.470   938   938 D wpa_supplicant: nl80211: Beacon loss event
04-22 02:33:52.470   938   938 D wpa_supplicant: wlan0: Event BEACON_LOSS (53) received
04-22 02:33:52.470   938   938 I wpa_supplicant: wlan0: CTRL-EVENT-BEACON-LOSS 
04-22 02:33:53.024   683   858 W BestClock: java.time.DateTimeException: No network time available
04-22 02:33:53.025   683   858 W BestClock: java.time.DateTimeException: No network time available
04-22 02:33:53.025   683   858 W BestClock: java.time.DateTimeException: No network time available
04-22 02:33:53.025   683   858 W BestClock: java.time.DateTimeException: No network time available
04-22 02:33:53.025   683   858 W BestClock: java.time.DateTimeException: No network time available
04-22 02:33:53.026   683   858 D WifiClientModeImpl[9769:wlan0]: updateLinkLayerStatsRssiSpeedFrequencyCapabilities rssi=-50 TxLinkspeed=1 freq=2447 RxLinkSpeed=2
04-22 02:33:53.026   683   858 D WifiDataStall: tx tput in kbps: 11000
04-22 02:33:53.026   683   858 D WifiDataStall: rx tput in kbps: 11000
04-22 02:33:53.026   683   858 V WifiConfigManager: Updating scan detail cache freq=2447 BSSID=00:13:10:85:fe:01 RSSI=-50 for "AndroidWifi"NONE
04-22 02:33:53.026   683   858 D WifiThroughputPredictor:  utilization (LLS) 80 isBluetoothConnected: false final utilization: 80
04-22 02:33:53.026   683   858 D WifiThroughputPredictor:  BW: 0 RSSI: -50 Nss: 1 Mode: 1 symDur: 4000 snrDb 30 bitPerTone: 4500 rate: 54 throughput: 11
04-22 02:33:53.026   683   858 D WifiThroughputPredictor:  utilization (LLS) 80 isBluetoothConnected: false final utilization: 80
04-22 02:33:53.026   683   858 D WifiThroughputPredictor:  BW: 0 RSSI: -50 Nss: 1 Mode: 1 symDur: 4000 snrDb 30 bitPerTone: 4500 rate: 54 throughput: 11
04-22 02:33:53.026   683   858 D WifiThroughputPredictor:  utilization (LLS) 80 isBluetoothConnected: false final utilization: 80
04-22 02:33:53.026   683   858 D WifiThroughputPredictor:  BW: 0 RSSI: -50 Nss: 1 Mode: 1 symDur: 4000 snrDb 30 bitPerTone: 4500 rate: 54 throughput: 11
04-22 02:33:53.026   683   858 D WifiThroughputPredictor:  utilization (LLS) 80 isBluetoothConnected: false final utilization: 80
04-22 02:33:53.026   683   858 D WifiThroughputPredictor:  BW: 0 RSSI: -50 Nss: 1 Mode: 1 symDur: 4000 snrDb 30 bitPerTone: 4500 rate: 54 throughput: 11
04-22 02:33:53.026   683   858 D WifiScoreCard: BSSID update SIGNAL_POLL ID: 261501600 SSID: "AndroidWifi", BSSID: 00:13:10:85:fe:01, MAC: 02:15:b4:00:00:00, IP: /10.0.2.17, Security type: 0, Supplicant state: COMPLETED, Wi-Fi standard: legacy, RSSI: -50, Link speed: 1Mbps, Tx Link speed: 1Mbps, Max Supported Tx Link speed: 11Mbps, Rx Link speed: 2Mbps, Max Supported Rx Link speed: 11Mbps, Frequency: 2447MHz, Net ID: 0, Metered hint: false, score: 60, isUsable: true, CarrierMerged: false, SubscriptionId: -1, IsPrimary: 1, Trusted: true, Restricted: false, Ephemeral: false, OEM paid: false, OEM private: false, OSU AP: false, FQDN: <none>, Provider friendly name: <none>, Requesting package name: <none>"AndroidWifi"openMLO Information: , Is TID-To-Link negotiation supported by the AP: false, AP MLD Address: <none>, AP MLO Link Id: <none>, AP MLO Affiliated links: <none>, Vendor Data: <none>
04-22 02:33:53.026   683   858 D WifiScoreCard: txRate: 1 txSpeed: 1
04-22 02:33:53.026   683   858 D WifiScoreCard: network update SIGNAL_POLL "AndroidWifi" ID: 579418950 RSSI -50 txSpeed -1
04-22 02:33:53.027   683   858 D WifiClientModeImpl[9769:wlan0]:  ClientModeImpl$L2ConnectedState screen=on 1 0 "AndroidWifi" 00:13:10:85:fe:01 rssi=-50 f=2447 sc=60 link=1 tx=0.0, 0.0, 0.0 rx=0.0 bcn=0 [on:0 tx:0 rx:0 period:3005] from screen [on:0 period:-1320027517] score=60
04-22 02:33:56.032   683   858 W BestClock: java.time.DateTimeException: No network time available
04-22 02:33:56.032   683   858 W BestClock: java.time.DateTimeException: No network time available
04-22 02:33:56.032   683   858 W BestClock: java.time.DateTimeException: No network time available
04-22 02:33:56.032   683   858 W BestClock: java.time.DateTimeException: No network time available
04-22 02:33:56.033   683   858 W BestClock: java.time.DateTimeException: No network time available
04-22 02:33:56.033   683   858 D WifiClientModeImpl[9769:wlan0]: updateLinkLayerStatsRssiSpeedFrequencyCapabilities rssi=-50 TxLinkspeed=1 freq=2447 RxLinkSpeed=2
04-22 02:33:56.033   683   858 D WifiDataStall: tx tput in kbps: 11000
04-22 02:33:56.033   683   858 D WifiDataStall: rx tput in kbps: 11000
04-22 02:33:56.033   683   858 V WifiConfigManager: Updating scan detail cache freq=2447 BSSID=00:13:10:85:fe:01 RSSI=-50 for "AndroidWifi"NONE
04-22 02:33:56.034   683   858 D WifiThroughputPredictor:  utilization (LLS) 80 isBluetoothConnected: false final utilization: 80
04-22 02:33:56.034   683   858 D WifiThroughputPredictor:  BW: 0 RSSI: -50 Nss: 1 Mode: 1 symDur: 4000 snrDb 30 bitPerTone: 4500 rate: 54 throughput: 11
04-22 02:33:56.034   683   858 D WifiThroughputPredictor:  utilization (LLS) 80 isBluetoothConnected: false final utilization: 80
04-22 02:33:56.034   683   858 D WifiThroughputPredictor:  BW: 0 RSSI: -50 Nss: 1 Mode: 1 symDur: 4000 snrDb 30 bitPerTone: 4500 rate: 54 throughput: 11
04-22 02:33:56.034   683   858 D WifiThroughputPredictor:  utilization (LLS) 80 isBluetoothConnected: false final utilization: 80
04-22 02:33:56.034   683   858 D WifiThroughputPredictor:  BW: 0 RSSI: -50 Nss: 1 Mode: 1 symDur: 4000 snrDb 30 bitPerTone: 4500 rate: 54 throughput: 11
04-22 02:33:56.034   683   858 D WifiThroughputPredictor:  utilization (LLS) 80 isBluetoothConnected: false final utilization: 80
04-22 02:33:56.034   683   858 D WifiThroughputPredictor:  BW: 0 RSSI: -50 Nss: 1 Mode: 1 symDur: 4000 snrDb 30 bitPerTone: 4500 rate: 54 throughput: 11
04-22 02:33:56.035   683   858 D WifiScoreCard: BSSID update SIGNAL_POLL ID: 261501600 SSID: "AndroidWifi", BSSID: 00:13:10:85:fe:01, MAC: 02:15:b4:00:00:00, IP: /10.0.2.17, Security type: 0, Supplicant state: COMPLETED, Wi-Fi standard: legacy, RSSI: -50, Link speed: 1Mbps, Tx Link speed: 1Mbps, Max Supported Tx Link speed: 11Mbps, Rx Link speed: 2Mbps, Max Supported Rx Link speed: 11Mbps, Frequency: 2447MHz, Net ID: 0, Metered hint: false, score: 60, isUsable: true, CarrierMerged: false, SubscriptionId: -1, IsPrimary: 1, Trusted: true, Restricted: false, Ephemeral: false, OEM paid: false, OEM private: false, OSU AP: false, FQDN: <none>, Provider friendly name: <none>, Requesting package name: <none>"AndroidWifi"openMLO Information: , Is TID-To-Link negotiation supported by the AP: false, AP MLD Address: <none>, AP MLO Link Id: <none>, AP MLO Affiliated links: <none>, Vendor Data: <none>
04-22 02:33:56.035   683   858 D WifiScoreCard: txRate: 1 txSpeed: 1
04-22 02:33:56.035   683   858 D WifiScoreCard: network update SIGNAL_POLL "AndroidWifi" ID: 579418950 RSSI -50 txSpeed -1
04-22 02:33:56.035   683   858 D WifiClientModeImpl[9769:wlan0]:  ClientModeImpl$L2ConnectedState screen=on 1 0 "AndroidWifi" 00:13:10:85:fe:01 rssi=-50 f=2447 sc=60 link=1 tx=0.0, 0.0, 0.0 rx=0.0 bcn=0 [on:0 tx:0 rx:0 period:3008] from screen [on:0 period:-1320024509] score=60
04-22 02:33:57.079   683   750 I WifiService: isFeatureSupported uid=1000 returns [WIFI_FEATURE_INFRA, WIFI_FEATURE_P2P, WIFI_FEATURE_MOBILE_HOTSPOT, WIFI_FEATURE_WPA3_SAE, WIFI_FEATURE_WPA3_SUITE_B, WIFI_FEATURE_OWE, WIFI_FEATURE_DPP, WIFI_FEATURE_AP_RAND_MAC, WIFI_FEATURE_MBO, WIFI_FEATURE_FILS_SHA256, WIFI_FEATURE_FILS_SHA384, WIFI_FEATURE_SAE_PK, WIFI_FEATURE_DPP_ENROLLEE_RESPONDER, WIFI_FEATURE_PASSPOINT_TERMS_AND_CONDITIONS, WIFI_FEATURE_WFD_R2, WIFI_FEATURE_DECORATED_IDENTITY, WIFI_FEATURE_TRUST_ON_FIRST_USE, WIFI_FEATURE_SET_TLS_MINIMUM_VERSION, WIFI_FEATURE_TLS_V1_3, WIFI_FEATURE_WEP, WIFI_FEATURE_WPA_PERSONAL]
04-22 02:33:59.037   683   858 W BestClock: java.time.DateTimeException: No network time available
04-22 02:33:59.038   683   858 W BestClock: java.time.DateTimeException: No network time available
04-22 02:33:59.038   683   858 W BestClock: java.time.DateTimeException: No network time available
04-22 02:33:59.038   683   858 W BestClock: java.time.DateTimeException: No network time available
04-22 02:33:59.038   683   858 W BestClock: java.time.DateTimeException: No network time available
04-22 02:33:59.039   683   858 D WifiClientModeImpl[9769:wlan0]: updateLinkLayerStatsRssiSpeedFrequencyCapabilities rssi=-50 TxLinkspeed=1 freq=2447 RxLinkSpeed=2
04-22 02:33:59.039   683   858 D WifiDataStall: tx tput in kbps: 11000
04-22 02:33:59.039   683   858 D WifiDataStall: rx tput in kbps: 11000
04-22 02:33:59.039   683   858 V WifiConfigManager: Updating scan detail cache freq=2447 BSSID=00:13:10:85:fe:01 RSSI=-50 for "AndroidWifi"NONE
04-22 02:33:59.039   683   858 D WifiThroughputPredictor:  utilization (LLS) 80 isBluetoothConnected: false final utilization: 80
04-22 02:33:59.039   683   858 D WifiThroughputPredictor:  BW: 0 RSSI: -50 Nss: 1 Mode: 1 symDur: 4000 snrDb 30 bitPerTone: 4500 rate: 54 throughput: 11
04-22 02:33:59.039   683   858 D WifiThroughputPredictor:  utilization (LLS) 80 isBluetoothConnected: false final utilization: 80
04-22 02:33:59.039   683   858 D WifiThroughputPredictor:  BW: 0 RSSI: -50 Nss: 1 Mode: 1 symDur: 4000 snrDb 30 bitPerTone: 4500 rate: 54 throughput: 11
04-22 02:33:59.040   683   858 D WifiThroughputPredictor:  utilization (LLS) 80 isBluetoothConnected: false final utilization: 80
04-22 02:33:59.040   683   858 D WifiThroughputPredictor:  BW: 0 RSSI: -50 Nss: 1 Mode: 1 symDur: 4000 snrDb 30 bitPerTone: 4500 rate: 54 throughput: 11
04-22 02:33:59.040   683   858 D WifiThroughputPredictor:  utilization (LLS) 80 isBluetoothConnected: false final utilization: 80
04-22 02:33:59.040   683   858 D WifiThroughputPredictor:  BW: 0 RSSI: -50 Nss: 1 Mode: 1 symDur: 4000 snrDb 30 bitPerTone: 4500 rate: 54 throughput: 11
04-22 02:33:59.041   683   858 D WifiScoreCard: BSSID update SIGNAL_POLL ID: 261501600 SSID: "AndroidWifi", BSSID: 00:13:10:85:fe:01, MAC: 02:15:b4:00:00:00, IP: /10.0.2.17, Security type: 0, Supplicant state: COMPLETED, Wi-Fi standard: legacy, RSSI: -50, Link speed: 1Mbps, Tx Link speed: 1Mbps, Max Supported Tx Link speed: 11Mbps, Rx Link speed: 2Mbps, Max Supported Rx Link speed: 11Mbps, Frequency: 2447MHz, Net ID: 0, Metered hint: false, score: 60, isUsable: true, CarrierMerged: false, SubscriptionId: -1, IsPrimary: 1, Trusted: true, Restricted: false, Ephemeral: false, OEM paid: false, OEM private: false, OSU AP: false, FQDN: <none>, Provider friendly name: <none>, Requesting package name: <none>"AndroidWifi"openMLO Information: , Is TID-To-Link negotiation supported by the AP: false, AP MLD Address: <none>, AP MLO Link Id: <none>, AP MLO Affiliated links: <none>, Vendor Data: <none>
04-22 02:33:59.041   683   858 D WifiScoreCard: txRate: 1 txSpeed: 1
04-22 02:33:59.041   683   858 D WifiScoreCard: network update SIGNAL_POLL "AndroidWifi" ID: 579418950 RSSI -50 txSpeed -1
04-22 02:33:59.041   683   858 D WifiClientModeImpl[9769:wlan0]:  ClientModeImpl$L2ConnectedState screen=on 1 0 "AndroidWifi" 00:13:10:85:fe:01 rssi=-50 f=2447 sc=60 link=1 tx=0.0, 0.0, 0.0 rx=0.0 bcn=0 [on:0 tx:0 rx:0 period:3006] from screen [on:0 period:-1320021503] score=60
04-22 02:34:00.410   938   938 D wpa_supplicant: nl80211: Drv Event 64 (NL80211_CMD_NOTIFY_CQM) received for wlan0
04-22 02:34:00.410   938   938 D wpa_supplicant: nl80211: Beacon loss event
04-22 02:34:00.410   938   938 D wpa_supplicant: wlan0: Event BEACON_LOSS (53) received
04-22 02:34:00.410   938   938 I wpa_supplicant: wlan0: CTRL-EVENT-BEACON-LOSS 
04-22 02:34:01.174  1086  1298 D SatelliteController: iisInCarrierRoamingNbIotNtn: satellite is disabled
04-22 02:34:02.043   683   858 W BestClock: java.time.DateTimeException: No network time available
04-22 02:34:02.043   683   858 W BestClock: java.time.DateTimeException: No network time available
04-22 02:34:02.043   683   858 W BestClock: java.time.DateTimeException: No network time available
04-22 02:34:02.043   683   858 W BestClock: java.time.DateTimeException: No network time available
04-22 02:34:02.043   683   858 W BestClock: java.time.DateTimeException: No network time available
04-22 02:34:02.044   683   858 D WifiClientModeImpl[9769:wlan0]: updateLinkLayerStatsRssiSpeedFrequencyCapabilities rssi=-50 TxLinkspeed=1 freq=2447 RxLinkSpeed=2
04-22 02:34:02.045   683   858 D WifiDataStall: tx tput in kbps: 11000
04-22 02:34:02.045   683   858 D WifiDataStall: rx tput in kbps: 11000
04-22 02:34:02.045   683   858 V WifiConfigManager: Updating scan detail cache freq=2447 BSSID=00:13:10:85:fe:01 RSSI=-50 for "AndroidWifi"NONE
04-22 02:34:02.045   683   858 D WifiThroughputPredictor:  utilization (LLS) 80 isBluetoothConnected: false final utilization: 80
04-22 02:34:02.045   683   858 D WifiThroughputPredictor:  BW: 0 RSSI: -50 Nss: 1 Mode: 1 symDur: 4000 snrDb 30 bitPerTone: 4500 rate: 54 throughput: 11
04-22 02:34:02.045   683   858 D WifiThroughputPredictor:  utilization (LLS) 80 isBluetoothConnected: false final utilization: 80
04-22 02:34:02.045   683   858 D WifiThroughputPredictor:  BW: 0 RSSI: -50 Nss: 1 Mode: 1 symDur: 4000 snrDb 30 bitPerTone: 4500 rate: 54 throughput: 11
04-22 02:34:02.045   683   858 D WifiThroughputPredictor:  utilization (LLS) 80 isBluetoothConnected: false final utilization: 80
04-22 02:34:02.045   683   858 D WifiThroughputPredictor:  BW: 0 RSSI: -50 Nss: 1 Mode: 1 symDur: 4000 snrDb 30 bitPerTone: 4500 rate: 54 throughput: 11
04-22 02:34:02.045   683   858 D WifiThroughputPredictor:  utilization (LLS) 80 isBluetoothConnected: false final utilization: 80
04-22 02:34:02.045   683   858 D WifiThroughputPredictor:  BW: 0 RSSI: -50 Nss: 1 Mode: 1 symDur: 4000 snrDb 30 bitPerTone: 4500 rate: 54 throughput: 11
04-22 02:34:02.046   683   858 D WifiScoreCard: BSSID update SIGNAL_POLL ID: 261501600 SSID: "AndroidWifi", BSSID: 00:13:10:85:fe:01, MAC: 02:15:b4:00:00:00, IP: /10.0.2.17, Security type: 0, Supplicant state: COMPLETED, Wi-Fi standard: legacy, RSSI: -50, Link speed: 1Mbps, Tx Link speed: 1Mbps, Max Supported Tx Link speed: 11Mbps, Rx Link speed: 2Mbps, Max Supported Rx Link speed: 11Mbps, Frequency: 2447MHz, Net ID: 0, Metered hint: false, score: 60, isUsable: true, CarrierMerged: false, SubscriptionId: -1, IsPrimary: 1, Trusted: true, Restricted: false, Ephemeral: false, OEM paid: false, OEM private: false, OSU AP: false, FQDN: <none>, Provider friendly name: <none>, Requesting package name: <none>"AndroidWifi"openMLO Information: , Is TID-To-Link negotiation supported by the AP: false, AP MLD Address: <none>, AP MLO Link Id: <none>, AP MLO Affiliated links: <none>, Vendor Data: <none>
04-22 02:34:02.046   683   858 D WifiScoreCard: txRate: 1 txSpeed: 1
04-22 02:34:02.046   683   858 D WifiScoreCard: network update SIGNAL_POLL "AndroidWifi" ID: 579418950 RSSI -50 txSpeed -1
04-22 02:34:02.046   683   858 D WifiClientModeImpl[9769:wlan0]:  ClientModeImpl$L2ConnectedState screen=on 1 0 "AndroidWifi" 00:13:10:85:fe:01 rssi=-50 f=2447 sc=60 link=1 tx=0.0, 0.0, 0.0 rx=0.0 bcn=0 [on:0 tx:0 rx:0 period:3005] from screen [on:0 period:-1320018498] score=60
04-22 02:34:05.051   683   858 W BestClock: java.time.DateTimeException: No network time available
04-22 02:34:05.051   683   858 W BestClock: java.time.DateTimeException: No network time available
04-22 02:34:05.051   683   858 W BestClock: java.time.DateTimeException: No network time available
04-22 02:34:05.052   683   858 W BestClock: java.time.DateTimeException: No network time available
04-22 02:34:05.052   683   858 W BestClock: java.time.DateTimeException: No network time available
04-22 02:34:05.053   683   858 D WifiClientModeImpl[9769:wlan0]: updateLinkLayerStatsRssiSpeedFrequencyCapabilities rssi=-50 TxLinkspeed=1 freq=2447 RxLinkSpeed=2
04-22 02:34:05.054   683   858 D WifiDataStall: tx tput in kbps: 11000
04-22 02:34:05.054   683   858 D WifiDataStall: rx tput in kbps: 11000
04-22 02:34:05.054   683   858 V WifiConfigManager: Updating scan detail cache freq=2447 BSSID=00:13:10:85:fe:01 RSSI=-50 for "AndroidWifi"NONE
04-22 02:34:05.054   683   858 D WifiThroughputPredictor:  utilization (LLS) 80 isBluetoothConnected: false final utilization: 80
04-22 02:34:05.054   683   858 D WifiThroughputPredictor:  BW: 0 RSSI: -50 Nss: 1 Mode: 1 symDur: 4000 snrDb 30 bitPerTone: 4500 rate: 54 throughput: 11
04-22 02:34:05.054   683   858 D WifiThroughputPredictor:  utilization (LLS) 80 isBluetoothConnected: false final utilization: 80
04-22 02:34:05.054   683   858 D WifiThroughputPredictor:  BW: 0 RSSI: -50 Nss: 1 Mode: 1 symDur: 4000 snrDb 30 bitPerTone: 4500 rate: 54 throughput: 11
04-22 02:34:05.055   683   858 D WifiThroughputPredictor:  utilization (LLS) 80 isBluetoothConnected: false final utilization: 80
04-22 02:34:05.055   683   858 D WifiThroughputPredictor:  BW: 0 RSSI: -50 Nss: 1 Mode: 1 symDur: 4000 snrDb 30 bitPerTone: 4500 rate: 54 throughput: 11
04-22 02:34:05.055   683   858 D WifiThroughputPredictor:  utilization (LLS) 80 isBluetoothConnected: false final utilization: 80
04-22 02:34:05.055   683   858 D WifiThroughputPredictor:  BW: 0 RSSI: -50 Nss: 1 Mode: 1 symDur: 4000 snrDb 30 bitPerTone: 4500 rate: 54 throughput: 11
04-22 02:34:05.055   683   858 D WifiScoreCard: BSSID update SIGNAL_POLL ID: 261501600 SSID: "AndroidWifi", BSSID: 00:13:10:85:fe:01, MAC: 02:15:b4:00:00:00, IP: /10.0.2.17, Security type: 0, Supplicant state: COMPLETED, Wi-Fi standard: legacy, RSSI: -50, Link speed: 1Mbps, Tx Link speed: 1Mbps, Max Supported Tx Link speed: 11Mbps, Rx Link speed: 2Mbps, Max Supported Rx Link speed: 11Mbps, Frequency: 2447MHz, Net ID: 0, Metered hint: false, score: 60, isUsable: true, CarrierMerged: false, SubscriptionId: -1, IsPrimary: 1, Trusted: true, Restricted: false, Ephemeral: false, OEM paid: false, OEM private: false, OSU AP: false, FQDN: <none>, Provider friendly name: <none>, Requesting package name: <none>"AndroidWifi"openMLO Information: , Is TID-To-Link negotiation supported by the AP: false, AP MLD Address: <none>, AP MLO Link Id: <none>, AP MLO Affiliated links: <none>, Vendor Data: <none>
04-22 02:34:05.055   683   858 D WifiScoreCard: txRate: 1 txSpeed: 1
04-22 02:34:05.055   683   858 D WifiScoreCard: network update SIGNAL_POLL "AndroidWifi" ID: 579418950 RSSI -50 txSpeed -1
04-22 02:34:05.055   683   858 D WifiClientModeImpl[9769:wlan0]:  ClientModeImpl$L2ConnectedState screen=on 1 0 "AndroidWifi" 00:13:10:85:fe:01 rssi=-50 f=2447 sc=60 link=1 tx=0.0, 0.0, 0.0 rx=0.0 bcn=0 [on:0 tx:0 rx:0 period:3009] from screen [on:0 period:-1320015489] score=60
04-22 02:34:05.164   683   750 I WifiService: isFeatureSupported uid=1000 returns [WIFI_FEATURE_INFRA, WIFI_FEATURE_P2P, WIFI_FEATURE_MOBILE_HOTSPOT, WIFI_FEATURE_WPA3_SAE, WIFI_FEATURE_WPA3_SUITE_B, WIFI_FEATURE_OWE, WIFI_FEATURE_DPP, WIFI_FEATURE_AP_RAND_MAC, WIFI_FEATURE_MBO, WIFI_FEATURE_FILS_SHA256, WIFI_FEATURE_FILS_SHA384, WIFI_FEATURE_SAE_PK, WIFI_FEATURE_DPP_ENROLLEE_RESPONDER, WIFI_FEATURE_PASSPOINT_TERMS_AND_CONDITIONS, WIFI_FEATURE_WFD_R2, WIFI_FEATURE_DECORATED_IDENTITY, WIFI_FEATURE_TRUST_ON_FIRST_USE, WIFI_FEATURE_SET_TLS_MINIMUM_VERSION, WIFI_FEATURE_TLS_V1_3, WIFI_FEATURE_WEP, WIFI_FEATURE_WPA_PERSONAL]
04-22 02:34:05.165  1283 24533 W WakeLock: GCM_HB_ALARM release without a matched acquire!
04-22 02:34:05.165  1283 24533 W WakeLock: GCM_HB_ALARM counter does not exist
04-22 02:34:05.167  1283 24533 I AlarmManager: setExactAndAllowWhileIdle [name: GCM_CONN_ALARM type: 2 triggerAtMillis: 21913710]
04-22 02:34:05.167  1283 24533 W WakeLock: GCM_CONN_ALARM release without a matched acquire!
04-22 02:34:05.167  1283 24533 W WakeLock: GCM_CONN_ALARM counter does not exist
04-22 02:34:08.059   683   858 W BestClock: java.time.DateTimeException: No network time available
04-22 02:34:08.059   683   858 W BestClock: java.time.DateTimeException: No network time available
04-22 02:34:08.059   683   858 W BestClock: java.time.DateTimeException: No network time available
04-22 02:34:08.059   683   858 W BestClock: java.time.DateTimeException: No network time available
04-22 02:34:08.059   683   858 W BestClock: java.time.DateTimeException: No network time available
04-22 02:34:08.059   683   858 D WifiClientModeImpl[9769:wlan0]: updateLinkLayerStatsRssiSpeedFrequencyCapabilities rssi=-50 TxLinkspeed=1 freq=2447 RxLinkSpeed=2
04-22 02:34:08.059   683   858 D WifiDataStall: tx tput in kbps: 11000
04-22 02:34:08.060   683   858 D WifiDataStall: rx tput in kbps: 11000
04-22 02:34:08.060   683   858 V WifiConfigManager: Updating scan detail cache freq=2447 BSSID=00:13:10:85:fe:01 RSSI=-50 for "AndroidWifi"NONE
04-22 02:34:08.060   683   858 D WifiThroughputPredictor:  utilization (LLS) 80 isBluetoothConnected: false final utilization: 80
04-22 02:34:08.060   683   858 D WifiThroughputPredictor:  BW: 0 RSSI: -50 Nss: 1 Mode: 1 symDur: 4000 snrDb 30 bitPerTone: 4500 rate: 54 throughput: 11
04-22 02:34:08.060   683   858 D WifiThroughputPredictor:  utilization (LLS) 80 isBluetoothConnected: false final utilization: 80
04-22 02:34:08.060   683   858 D WifiThroughputPredictor:  BW: 0 RSSI: -50 Nss: 1 Mode: 1 symDur: 4000 snrDb 30 bitPerTone: 4500 rate: 54 throughput: 11
04-22 02:34:08.060   683   858 D WifiThroughputPredictor:  utilization (LLS) 80 isBluetoothConnected: false final utilization: 80
04-22 02:34:08.060   683   858 D WifiThroughputPredictor:  BW: 0 RSSI: -50 Nss: 1 Mode: 1 symDur: 4000 snrDb 30 bitPerTone: 4500 rate: 54 throughput: 11
04-22 02:34:08.060   683   858 D WifiThroughputPredictor:  utilization (LLS) 80 isBluetoothConnected: false final utilization: 80
04-22 02:34:08.060   683   858 D WifiThroughputPredictor:  BW: 0 RSSI: -50 Nss: 1 Mode: 1 symDur: 4000 snrDb 30 bitPerTone: 4500 rate: 54 throughput: 11
04-22 02:34:08.060   683   858 D WifiScoreCard: BSSID update SIGNAL_POLL ID: 261501600 SSID: "AndroidWifi", BSSID: 00:13:10:85:fe:01, MAC: 02:15:b4:00:00:00, IP: /10.0.2.17, Security type: 0, Supplicant state: COMPLETED, Wi-Fi standard: legacy, RSSI: -50, Link speed: 1Mbps, Tx Link speed: 1Mbps, Max Supported Tx Link speed: 11Mbps, Rx Link speed: 2Mbps, Max Supported Rx Link speed: 11Mbps, Frequency: 2447MHz, Net ID: 0, Metered hint: false, score: 60, isUsable: true, CarrierMerged: false, SubscriptionId: -1, IsPrimary: 1, Trusted: true, Restricted: false, Ephemeral: false, OEM paid: false, OEM private: false, OSU AP: false, FQDN: <none>, Provider friendly name: <none>, Requesting package name: <none>"AndroidWifi"openMLO Information: , Is TID-To-Link negotiation supported by the AP: false, AP MLD Address: <none>, AP MLO Link Id: <none>, AP MLO Affiliated links: <none>, Vendor Data: <none>
04-22 02:34:08.060   683   858 D WifiScoreCard: txRate: 1 txSpeed: 1
04-22 02:34:08.060   683   858 D WifiScoreCard: network update SIGNAL_POLL "AndroidWifi" ID: 579418950 RSSI -50 txSpeed -1
04-22 02:34:08.061   683   858 D WifiClientModeImpl[9769:wlan0]:  ClientModeImpl$L2ConnectedState screen=on 1 0 "AndroidWifi" 00:13:10:85:fe:01 rssi=-50 f=2447 sc=60 link=1 tx=0.4, 0.0, 0.0 rx=0.6 bcn=0 [on:0 tx:0 rx:0 period:3005] from screen [on:0 period:-1320012484] score=60
04-22 02:34:08.341   938   938 D wpa_supplicant: nl80211: Drv Event 64 (NL80211_CMD_NOTIFY_CQM) received for wlan0
04-22 02:34:08.341   938   938 D wpa_supplicant: nl80211: Beacon loss event
04-22 02:34:08.341   938   938 D wpa_supplicant: wlan0: Event BEACON_LOSS (53) received
04-22 02:34:08.341   938   938 I wpa_supplicant: wlan0: CTRL-EVENT-BEACON-LOSS 
04-22 02:34:08.443   683   801 D ActivityManager: sync unfroze 1793 com.google.android.googlequicksearchbox:search for 6
04-22 02:34:08.444   683   801 W BestClock: java.time.DateTimeException: No network time available
04-22 02:34:08.445   683   801 W BestClock: java.time.DateTimeException: No network time available
04-22 02:34:08.445   683   801 W BestClock: java.time.DateTimeException: No network time available
04-22 02:34:08.445   683   801 W BestClock: java.time.DateTimeException: No network time available
04-22 02:34:08.445   683   801 W BestClock: java.time.DateTimeException: No network time available
04-22 02:34:08.448   683  1826 W ProcessStats: Tracking association SourceState{2169f06 system/1000 ImpBg #5652} whose proc state 6 is better than process ProcessState{5739416 com.google.android.googlequicksearchbox:search/10147 pkg=com.google.android.googlequicksearchbox} proc state 15 (5 skipped)
04-22 02:34:08.449  1793  1793 I axea    : (REDACTED) Starting %s background task %s.
04-22 02:34:08.452  1793  2302 W aefw    : Account id is not cached
04-22 02:34:08.453   683  1826 I WifiService: getWifiEnabledState uid=10147 state=3
04-22 02:34:08.453  1793 24676 I avxj    : Using pair HTTP connection
04-22 02:34:08.454  1793 24454 I acup    : [Upload] Connected
04-22 02:34:08.455  1793  1793 E rya     : onError
04-22 02:34:08.455  1793  1793 E rya     : ahif: errorCode: 65561, engine: 2
04-22 02:34:08.455  1793  1793 E rya     : 	at avxl.a(PG:23)
04-22 02:34:08.455  1793  1793 E rya     : 	at acul.hp(PG:13)
04-22 02:34:08.455  1793  1793 E rya     : 	at gifa.e(PG:9)
04-22 02:34:08.455  1793  1793 E rya     : 	at aino.d(PG:156)
04-22 02:34:08.455  1793  1793 E rya     : 	at aino.iJ(PG:26)
04-22 02:34:08.455  1793  1793 E rya     : 	at acum.c(PG:104)
04-22 02:34:08.455  1793  1793 E rya     : 	at acun.run(PG:1)
04-22 02:34:08.455  1793  1793 E rya     : 	at java.util.concurrent.Executors$RunnableAdapter.call(Executors.java:524)
04-22 02:34:08.455  1793  1793 E rya     : 	at java.util.concurrent.FutureTask.run(FutureTask.java:317)
04-22 02:34:08.455  1793  1793 E rya     : 	at ahte.run(PG:37)
04-22 02:34:08.455  1793  1793 E rya     : 	at ahuc.run(PG:3)
04-22 02:34:08.455  1793  1793 E rya     : 	at ahuc.run(PG:3)
04-22 02:34:08.455  1793  1793 E rya     : 	at java.util.concurrent.ThreadPoolExecutor.runWorker(ThreadPoolExecutor.java:1156)
04-22 02:34:08.455  1793  1793 E rya     : 	at java.util.concurrent.ThreadPoolExecutor$Worker.run(ThreadPoolExecutor.java:651)
04-22 02:34:08.455  1793  1793 E rya     : 	at java.lang.Thread.run(Thread.java:1119)
04-22 02:34:08.455  1793  1793 E rya     : 	at ahst.run(PG:44)
04-22 02:34:08.455  1793  1793 E rya     : Caused by: ahih: errorCode: 65586, engine: 2
04-22 02:34:08.455  1793  1793 E rya     : 	at acul.hp(PG:6)
04-22 02:34:08.455  1793  1793 E rya     : 	... 14 more
04-22 02:34:08.455  1793  1793 E rya     : Caused by: ahid: errorCode: 401, engine: 2
04-22 02:34:08.455  1793  1793 E rya     : 	at rxx.b(PG:30)
04-22 02:34:08.455  1793  1793 E rya     : 	at acvi.hx(PG:11)
04-22 02:34:08.455  1793  1793 E rya     : 	at aino.d(PG:131)
04-22 02:34:08.455  1793  1793 E rya     : 	... 12 more
04-22 02:34:08.455  1793 24454 I avxj    : Using pair HTTP connection
04-22 02:34:08.455  1793  2279 W dsxv    : (REDACTED) Failed to get connectivityLock in %d ms
04-22 02:34:08.456  1793  2279 W dsvo    : Upload request without a content type.
04-22 02:34:08.458  1793 24364 I acup    : [Upload] Connected
04-22 02:34:08.458  1793  1793 W rln     : Failed to sync device settings.
04-22 02:34:08.458  1793  1793 I rln     : Retrying to sync device settings.
04-22 02:34:08.460  1793  1793 W JobInfo : Job 'com.google.android.googlequicksearchbox/com.google.android.apps.gsa.tasks.BackgroundTasksJobService#-353' has a deadline with functional constraints and an extremely short time window of 0 ms (delay=120000, deadline=120000). The functional constraints are not likely to be satisfied when the job runs.
04-22 02:34:08.460   683  1826 W JobInfo : Job 'com.google.android.googlequicksearchbox/com.google.android.apps.gsa.tasks.BackgroundTasksJobService#-353' has a deadline with functional constraints and an extremely short time window of 0 ms (delay=120000, deadline=120000). The functional constraints are not likely to be satisfied when the job runs.
04-22 02:34:08.460   683  1826 W JobInfo : Job 'com.google.android.googlequicksearchbox/com.google.android.apps.gsa.tasks.BackgroundTasksJobService#-353' has a deadline with functional constraints and an extremely short time window of 0 ms (delay=120000, deadline=120000). The functional constraints are not likely to be satisfied when the job runs.
04-22 02:34:08.460   683  1000 I WifiService: getWifiEnabledState uid=10147 state=3
04-22 02:34:08.461   683  1000 W BestClock: java.time.DateTimeException: No network time available
04-22 02:34:08.461   683  1000 W BestClock: java.time.DateTimeException: No network time available
04-22 02:34:08.461   683  1000 W BestClock: java.time.DateTimeException: No network time available
04-22 02:34:08.461   683  1000 W BestClock: java.time.DateTimeException: No network time available
04-22 02:34:08.461   683  1000 W JobScheduler: Job didn't exist in JobStore: 10d9ffa #u0a147/-353 com.google.android.googlequicksearchbox/com.google.android.apps.gsa.tasks.BackgroundTasksJobService
04-22 02:34:09.164  1793 24372 E chromium: [0422/023409.164909:ERROR:ssl_client_socket_impl.cc(877)] handshake failed; returned -1, SSL error code 1, net_error -100
04-22 02:34:09.665  1793 24372 E chromium: [0422/023409.665189:ERROR:ssl_client_socket_impl.cc(877)] handshake failed; returned -1, SSL error code 1, net_error -100
04-22 02:34:11.065   683   858 W BestClock: java.time.DateTimeException: No network time available
04-22 02:34:11.065   683   858 W BestClock: java.time.DateTimeException: No network time available
04-22 02:34:11.065   683   858 W BestClock: java.time.DateTimeException: No network time available
04-22 02:34:11.065   683   858 W BestClock: java.time.DateTimeException: No network time available
04-22 02:34:11.066   683   858 W BestClock: java.time.DateTimeException: No network time available
04-22 02:34:11.066   683   858 D WifiClientModeImpl[9769:wlan0]: updateLinkLayerStatsRssiSpeedFrequencyCapabilities rssi=-50 TxLinkspeed=1 freq=2447 RxLinkSpeed=2
04-22 02:34:11.066   683   858 D WifiDataStall: tx tput in kbps: 11000
04-22 02:34:11.066   683   858 D WifiDataStall: rx tput in kbps: 11000
04-22 02:34:11.066   683   858 V WifiConfigManager: Updating scan detail cache freq=2447 BSSID=00:13:10:85:fe:01 RSSI=-50 for "AndroidWifi"NONE
04-22 02:34:11.066   683   858 D WifiThroughputPredictor:  utilization (LLS) 80 isBluetoothConnected: false final utilization: 80
04-22 02:34:11.066   683   858 D WifiThroughputPredictor:  BW: 0 RSSI: -50 Nss: 1 Mode: 1 symDur: 4000 snrDb 30 bitPerTone: 4500 rate: 54 throughput: 11
04-22 02:34:11.066   683   858 D WifiThroughputPredictor:  utilization (LLS) 80 isBluetoothConnected: false final utilization: 80
04-22 02:34:11.066   683   858 D WifiThroughputPredictor:  BW: 0 RSSI: -50 Nss: 1 Mode: 1 symDur: 4000 snrDb 30 bitPerTone: 4500 rate: 54 throughput: 11
04-22 02:34:11.067   683   858 D WifiThroughputPredictor:  utilization (LLS) 80 isBluetoothConnected: false final utilization: 80
04-22 02:34:11.067   683   858 D WifiThroughputPredictor:  BW: 0 RSSI: -50 Nss: 1 Mode: 1 symDur: 4000 snrDb 30 bitPerTone: 4500 rate: 54 throughput: 11
04-22 02:34:11.067   683   858 D WifiThroughputPredictor:  utilization (LLS) 80 isBluetoothConnected: false final utilization: 80
04-22 02:34:11.067   683   858 D WifiThroughputPredictor:  BW: 0 RSSI: -50 Nss: 1 Mode: 1 symDur: 4000 snrDb 30 bitPerTone: 4500 rate: 54 throughput: 11
04-22 02:34:11.067   683   858 D WifiScoreCard: BSSID update SIGNAL_POLL ID: 261501600 SSID: "AndroidWifi", BSSID: 00:13:10:85:fe:01, MAC: 02:15:b4:00:00:00, IP: /10.0.2.17, Security type: 0, Supplicant state: COMPLETED, Wi-Fi standard: legacy, RSSI: -50, Link speed: 1Mbps, Tx Link speed: 1Mbps, Max Supported Tx Link speed: 11Mbps, Rx Link speed: 2Mbps, Max Supported Rx Link speed: 11Mbps, Frequency: 2447MHz, Net ID: 0, Metered hint: false, score: 60, isUsable: true, CarrierMerged: false, SubscriptionId: -1, IsPrimary: 1, Trusted: true, Restricted: false, Ephemeral: false, OEM paid: false, OEM private: false, OSU AP: false, FQDN: <none>, Provider friendly name: <none>, Requesting package name: <none>"AndroidWifi"openMLO Information: , Is TID-To-Link negotiation supported by the AP: false, AP MLD Address: <none>, AP MLO Link Id: <none>, AP MLO Affiliated links: <none>, Vendor Data: <none>
04-22 02:34:11.067   683   858 D WifiScoreCard: txRate: 4 txSpeed: 1
04-22 02:34:11.067   683   858 D WifiScoreCard: network update SIGNAL_POLL "AndroidWifi" ID: 579418950 RSSI -50 txSpeed 1
04-22 02:34:11.067   683   858 D WifiClientModeImpl[9769:wlan0]:  ClientModeImpl$L2ConnectedState screen=on 1 0 "AndroidWifi" 00:13:10:85:fe:01 rssi=-50 f=2447 sc=60 link=1 tx=3.7, 0.0, 0.0 rx=2.7 bcn=0 [on:0 tx:0 rx:0 period:3006] from screen [on:0 period:-1320009477] score=60
04-22 02:34:11.174  1086  1298 D SatelliteController: iisInCarrierRoamingNbIotNtn: satellite is disabled
04-22 02:34:13.718   459   535 I netd    : setProcSysNet(4, 2, wlan0, retrans_time_ms, 750) <0.06ms>
04-22 02:34:13.719   459   535 I netd    : setProcSysNet(4, 2, wlan0, ucast_solicit, 10) <0.03ms>
04-22 02:34:13.720   459   535 I netd    : setProcSysNet(6, 2, wlan0, retrans_time_ms, 750) <0.04ms>
04-22 02:34:13.720   459   535 I netd    : setProcSysNet(6, 2, wlan0, ucast_solicit, 10) <0.02ms>
04-22 02:34:14.072   683   858 W BestClock: java.time.DateTimeException: No network time available
04-22 02:34:14.072   683   858 W BestClock: java.time.DateTimeException: No network time available
04-22 02:34:14.072   683   858 W BestClock: java.time.DateTimeException: No network time available
04-22 02:34:14.072   683   858 W BestClock: java.time.DateTimeException: No network time available
04-22 02:34:14.072   683   858 W BestClock: java.time.DateTimeException: No network time available
04-22 02:34:14.073   683   858 D WifiClientModeImpl[9769:wlan0]: updateLinkLayerStatsRssiSpeedFrequencyCapabilities rssi=-50 TxLinkspeed=1 freq=2447 RxLinkSpeed=2
04-22 02:34:14.073   683   858 D WifiDataStall: tx tput in kbps: 11000
04-22 02:34:14.073   683   858 D WifiDataStall: rx tput in kbps: 11000
04-22 02:34:14.073   683   858 V WifiConfigManager: Updating scan detail cache freq=2447 BSSID=00:13:10:85:fe:01 RSSI=-50 for "AndroidWifi"NONE
04-22 02:34:14.073   683   858 D WifiThroughputPredictor:  utilization (LLS) 80 isBluetoothConnected: false final utilization: 80
04-22 02:34:14.074   683   858 D WifiThroughputPredictor:  BW: 0 RSSI: -50 Nss: 1 Mode: 1 symDur: 4000 snrDb 30 bitPerTone: 4500 rate: 54 throughput: 11
04-22 02:34:14.074   683   858 D WifiThroughputPredictor:  utilization (LLS) 80 isBluetoothConnected: false final utilization: 80
04-22 02:34:14.074   683   858 D WifiThroughputPredictor:  BW: 0 RSSI: -50 Nss: 1 Mode: 1 symDur: 4000 snrDb 30 bitPerTone: 4500 rate: 54 throughput: 11
04-22 02:34:14.074   683   858 D WifiThroughputPredictor:  utilization (LLS) 80 isBluetoothConnected: false final utilization: 80
04-22 02:34:14.074   683   858 D WifiThroughputPredictor:  BW: 0 RSSI: -50 Nss: 1 Mode: 1 symDur: 4000 snrDb 30 bitPerTone: 4500 rate: 54 throughput: 11
04-22 02:34:14.074   683   858 D WifiThroughputPredictor:  utilization (LLS) 80 isBluetoothConnected: false final utilization: 80
04-22 02:34:14.074   683   858 D WifiThroughputPredictor:  BW: 0 RSSI: -50 Nss: 1 Mode: 1 symDur: 4000 snrDb 30 bitPerTone: 4500 rate: 54 throughput: 11
04-22 02:34:14.074   683   858 D WifiScoreCard: BSSID update SIGNAL_POLL ID: 261501600 SSID: "AndroidWifi", BSSID: 00:13:10:85:fe:01, MAC: 02:15:b4:00:00:00, IP: /10.0.2.17, Security type: 0, Supplicant state: COMPLETED, Wi-Fi standard: legacy, RSSI: -50, Link speed: 1Mbps, Tx Link speed: 1Mbps, Max Supported Tx Link speed: 11Mbps, Rx Link speed: 2Mbps, Max Supported Rx Link speed: 11Mbps, Frequency: 2447MHz, Net ID: 0, Metered hint: false, score: 60, isUsable: true, CarrierMerged: false, SubscriptionId: -1, IsPrimary: 1, Trusted: true, Restricted: false, Ephemeral: false, OEM paid: false, OEM private: false, OSU AP: false, FQDN: <none>, Provider friendly name: <none>, Requesting package name: <none>"AndroidWifi"openMLO Information: , Is TID-To-Link negotiation supported by the AP: false, AP MLD Address: <none>, AP MLO Link Id: <none>, AP MLO Affiliated links: <none>, Vendor Data: <none>
04-22 02:34:14.074   683   858 D WifiScoreCard: txRate: 2 txSpeed: 1
04-22 02:34:14.074   683   858 D WifiScoreCard: network update SIGNAL_POLL "AndroidWifi" ID: 579418950 RSSI -50 txSpeed -1
04-22 02:34:14.074   683   858 D WifiClientModeImpl[9769:wlan0]:  ClientModeImpl$L2ConnectedState screen=on 1 0 "AndroidWifi" 00:13:10:85:fe:01 rssi=-50 f=2447 sc=60 link=1 tx=1.5, 0.0, 0.0 rx=1.0 bcn=0 [on:0 tx:0 rx:0 period:3007] from screen [on:0 period:-1320006470] score=60
04-22 02:34:16.171   459 24678 I resolv  : GetAddrInfoHandler::run: {101 983141 101 983141 10144 0}
04-22 02:34:16.171   459 24679 I resolv  : res_nmkquery: (QUERY, IN, AAAA)
04-22 02:34:16.172   459 24680 I resolv  : res_nmkquery: (QUERY, IN, A)
04-22 02:34:16.276   938   938 D wpa_supplicant: nl80211: Drv Event 64 (NL80211_CMD_NOTIFY_CQM) received for wlan0
04-22 02:34:16.276   938   938 D wpa_supplicant: nl80211: Beacon loss event
04-22 02:34:16.276   938   938 D wpa_supplicant: wlan0: Event BEACON_LOSS (53) received
04-22 02:34:16.276   938   938 I wpa_supplicant: wlan0: CTRL-EVENT-BEACON-LOSS 
04-22 02:34:16.675   459 24679 I resolv  : res_nsend: used send_dg 101 terrno: 0
04-22 02:34:16.675   459 24680 I resolv  : res_nsend: used send_dg 89 terrno: 0
04-22 02:34:16.675   459 24680 I resolv  : doQuery: rcode=0, ancount=2, return value=89
04-22 02:34:16.675   459 24679 I resolv  : doQuery: rcode=0, ancount=2, return value=101
04-22 02:34:16.677  1283 16506 I TrafficStats: tagSocketFd(-1, 1031, -1) failed with errno-9
04-22 02:34:17.078   683   858 W BestClock: java.time.DateTimeException: No network time available
04-22 02:34:17.079   683   858 W BestClock: java.time.DateTimeException: No network time available
04-22 02:34:17.079   683   858 W BestClock: java.time.DateTimeException: No network time available
04-22 02:34:17.079   683   858 W BestClock: java.time.DateTimeException: No network time available
04-22 02:34:17.079   683   858 W BestClock: java.time.DateTimeException: No network time available
04-22 02:34:17.081   683   858 D WifiClientModeImpl[9769:wlan0]: updateLinkLayerStatsRssiSpeedFrequencyCapabilities rssi=-50 TxLinkspeed=1 freq=2447 RxLinkSpeed=2
04-22 02:34:17.081   683   858 D WifiDataStall: tx tput in kbps: 11000
04-22 02:34:17.081   683   858 D WifiDataStall: rx tput in kbps: 11000
04-22 02:34:17.081   683   858 V WifiConfigManager: Updating scan detail cache freq=2447 BSSID=00:13:10:85:fe:01 RSSI=-50 for "AndroidWifi"NONE
04-22 02:34:17.081   683   858 D WifiThroughputPredictor:  utilization (LLS) 80 isBluetoothConnected: false final utilization: 80
04-22 02:34:17.081   683   858 D WifiThroughputPredictor:  BW: 0 RSSI: -50 Nss: 1 Mode: 1 symDur: 4000 snrDb 30 bitPerTone: 4500 rate: 54 throughput: 11
04-22 02:34:17.081   683   858 D WifiThroughputPredictor:  utilization (LLS) 80 isBluetoothConnected: false final utilization: 80
04-22 02:34:17.081   683   858 D WifiThroughputPredictor:  BW: 0 RSSI: -50 Nss: 1 Mode: 1 symDur: 4000 snrDb 30 bitPerTone: 4500 rate: 54 throughput: 11
04-22 02:34:17.081   683   858 D WifiThroughputPredictor:  utilization (LLS) 80 isBluetoothConnected: false final utilization: 80
04-22 02:34:17.081   683   858 D WifiThroughputPredictor:  BW: 0 RSSI: -50 Nss: 1 Mode: 1 symDur: 4000 snrDb 30 bitPerTone: 4500 rate: 54 throughput: 11
04-22 02:34:17.081   683   858 D WifiThroughputPredictor:  utilization (LLS) 80 isBluetoothConnected: false final utilization: 80
04-22 02:34:17.081   683   858 D WifiThroughputPredictor:  BW: 0 RSSI: -50 Nss: 1 Mode: 1 symDur: 4000 snrDb 30 bitPerTone: 4500 rate: 54 throughput: 11
04-22 02:34:17.082   683   858 D WifiScoreCard: BSSID update SIGNAL_POLL ID: 261501600 SSID: "AndroidWifi", BSSID: 00:13:10:85:fe:01, MAC: 02:15:b4:00:00:00, IP: /10.0.2.17, Security type: 0, Supplicant state: COMPLETED, Wi-Fi standard: legacy, RSSI: -50, Link speed: 1Mbps, Tx Link speed: 1Mbps, Max Supported Tx Link speed: 11Mbps, Rx Link speed: 2Mbps, Max Supported Rx Link speed: 11Mbps, Frequency: 2447MHz, Net ID: 0, Metered hint: false, score: 60, isUsable: true, CarrierMerged: false, SubscriptionId: -1, IsPrimary: 1, Trusted: true, Restricted: false, Ephemeral: false, OEM paid: false, OEM private: false, OSU AP: false, FQDN: <none>, Provider friendly name: <none>, Requesting package name: <none>"AndroidWifi"openMLO Information: , Is TID-To-Link negotiation supported by the AP: false, AP MLD Address: <none>, AP MLO Link Id: <none>, AP MLO Affiliated links: <none>, Vendor Data: <none>
04-22 02:34:17.082   683   858 D WifiScoreCard: txRate: 2 txSpeed: 1
04-22 02:34:17.082   683   858 D WifiScoreCard: network update SIGNAL_POLL "AndroidWifi" ID: 579418950 RSSI -50 txSpeed -1
04-22 02:34:17.082   683   858 D WifiClientModeImpl[9769:wlan0]:  ClientModeImpl$L2ConnectedState screen=on 1 0 "AndroidWifi" 00:13:10:85:fe:01 rssi=-50 f=2447 sc=60 link=1 tx=1.6, 0.0, 0.0 rx=1.2 bcn=0 [on:0 tx:0 rx:0 period:3008] from screen [on:0 period:-1320003462] score=60
04-22 02:34:17.182  1283 24533 E GmsTaskScheduler: sendWakeUpEvent called on SchedulerClientBroadcastStrategy
04-22 02:34:17.182  1283 24533 I AlarmManager: setExactAndAllowWhileIdle [name: GCM_HB_ALARM type: 2 triggerAtMillis: 22444726]
04-22 02:34:17.388  1283 24533 I AlarmManager: setExactAndAllowWhileIdle [name: GCM_HB_ALARM type: 2 triggerAtMillis: 22444932]
04-22 02:34:17.390  1283 24533 W WakeLock: GCM_CONN_ALARM release without a matched acquire!
04-22 02:34:17.390   683   864 D ConnectivityService: reportNetworkConnectivity(101, true) by 10144
04-22 02:34:17.391  1052  2583 D NetworkMonitor/101: Forcing reevaluation for UID 10144. Dns signal count: 0
04-22 02:34:17.391   683   864 D ConnectivityService: reportNetworkConnectivity(101, true) by 10144
04-22 02:34:17.392  1283 24533 I AlarmManager: setExactAndAllowWhileIdle [name: GCM_HB_ALARM type: 2 triggerAtMillis: 22444936]
04-22 02:34:17.392  1283 24533 E GmsTaskScheduler: sendWakeUpEvent called on SchedulerClientBroadcastStrategy
04-22 02:34:17.393   459 24684 I resolv  : ResNSendHandler::run: 0 / {101 983141 101 983141 1073 1}
04-22 02:34:17.395   459 24686 I resolv  : ResNSendHandler::run: 0 / {101 983141 101 983141 1073 1}
04-22 02:34:17.395   459 24685 I resolv  : ResNSendHandler::run: 0 / {101 983141 101 983141 1073 1}
04-22 02:34:17.395   459 24686 I resolv  : resolv_cache_lookup: FOUND IN CACHE entry=0xb400007cdced0e50
04-22 02:34:17.395   459 24685 I resolv  : resolv_cache_lookup: FOUND IN CACHE entry=0xb400007e7ced35d0
04-22 02:34:17.398   459 24687 I resolv  : ResNSendHandler::run: 0 / {101 983141 101 983141 1073 1}
04-22 02:34:17.398   459 24687 I resolv  : resolv_cache_lookup: FOUND IN CACHE entry=0xb400007d2ced1320
04-22 02:34:17.400  1052 24682 D NetworkMonitor/101: PROBE_DNS www.google.com 8ms OK 185.45.5.35,2001::1
04-22 02:34:17.401   459 24688 I resolv  : GetAddrInfoHandler::run: {101 983141 101 983141 1073 1}
04-22 02:34:17.401   459 24689 I resolv  : res_nmkquery: (QUERY, IN, AAAA)
