04-22 02:40:57.024   683   858 D WifiClientModeImpl[9769:wlan0]:  ClientModeImpl$L2ConnectedState screen=on 1 0 "AndroidWifi" 00:13:10:85:fe:01 rssi=-50 f=2447 sc=60 link=1 tx=1.5, 0.0, 0.0 rx=1.5 bcn=0 [on:0 tx:0 rx:0 period:3007] from screen [on:0 period:-1319603520] score=60
04-22 02:40:59.266   459 25016 I resolv  : GetAddrInfoHandler::run: {100 983140 100 983140 1073 1}
04-22 02:40:59.267   459 25017 I resolv  : res_nmkquery: (QUERY, IN, AAAA)
04-22 02:40:59.267   459 25018 I resolv  : res_nmkquery: (QUERY, IN, A)
04-22 02:40:59.287   459 25018 I resolv  : res_nsend: used send_dg 101 terrno: 0
04-22 02:40:59.287   459 25018 I resolv  : doQuery: rcode=0, ancount=4, return value=101
04-22 02:40:59.289   459 25017 I resolv  : res_nsend: used send_dg 149 terrno: 0
04-22 02:40:59.289   459 25017 I resolv  : doQuery: rcode=0, ancount=4, return value=149
04-22 02:40:59.360  1052 25002 D NetworkMonitor/100: PROBE_FALLBACK http://play.googleapis.com/generate_204 time=96ms ret=204 request={Connection=[close], User-Agent=[Mozilla/5.0 (X11; Linux x86_64) AppleWebKit/537.36 (KHTML, like Gecko) Chrome/60.0.3112.32 Safari/537.36]} headers={null=[HTTP/1.1 204 No Content], Connection=[close], Cross-Origin-Resource-Policy=[cross-origin], Date=[Tue, 21 Apr 2026 18:40:59 GMT], X-Android-Received-Millis=[1776796859360], X-Android-Response-Source=[NETWORK 204], X-Android-Selected-Protocol=[http/1.1], X-Android-Sent-Millis=[1776796859292]}
04-22 02:41:00.029   683   858 W BestClock: java.time.DateTimeException: No network time available
04-22 02:41:00.029   683   858 W BestClock: java.time.DateTimeException: No network time available
04-22 02:41:00.029   683   858 W BestClock: java.time.DateTimeException: No network time available
04-22 02:41:00.029   683   858 W BestClock: java.time.DateTimeException: No network time available
04-22 02:41:00.029   683   858 W BestClock: java.time.DateTimeException: No network time available
04-22 02:41:00.030   683   858 D WifiClientModeImpl[9769:wlan0]: updateLinkLayerStatsRssiSpeedFrequencyCapabilities rssi=-50 TxLinkspeed=1 freq=2447 RxLinkSpeed=2
04-22 02:41:00.030   683   858 D WifiDataStall: tx tput in kbps: 11000
04-22 02:41:00.030   683   858 D WifiDataStall: rx tput in kbps: 11000
04-22 02:41:00.030   683   858 V WifiConfigManager: Updating scan detail cache freq=2447 BSSID=00:13:10:85:fe:01 RSSI=-50 for "AndroidWifi"NONE
04-22 02:41:00.030   683   858 D WifiThroughputPredictor:  utilization (LLS) 80 isBluetoothConnected: false final utilization: 80
04-22 02:41:00.030   683   858 D WifiThroughputPredictor:  BW: 0 RSSI: -50 Nss: 1 Mode: 1 symDur: 4000 snrDb 30 bitPerTone: 4500 rate: 54 throughput: 11
04-22 02:41:00.030   683   858 D WifiThroughputPredictor:  utilization (LLS) 80 isBluetoothConnected: false final utilization: 80
04-22 02:41:00.030   683   858 D WifiThroughputPredictor:  BW: 0 RSSI: -50 Nss: 1 Mode: 1 symDur: 4000 snrDb 30 bitPerTone: 4500 rate: 54 throughput: 11
04-22 02:41:00.030   683   858 D WifiThroughputPredictor:  utilization (LLS) 80 isBluetoothConnected: false final utilization: 80
04-22 02:41:00.030   683   858 D WifiThroughputPredictor:  BW: 0 RSSI: -50 Nss: 1 Mode: 1 symDur: 4000 snrDb 30 bitPerTone: 4500 rate: 54 throughput: 11
04-22 02:41:00.030   683   858 D WifiThroughputPredictor:  utilization (LLS) 80 isBluetoothConnected: false final utilization: 80
04-22 02:41:00.030   683   858 D WifiThroughputPredictor:  BW: 0 RSSI: -50 Nss: 1 Mode: 1 symDur: 4000 snrDb 30 bitPerTone: 4500 rate: 54 throughput: 11
04-22 02:41:00.030   683   858 D WifiScoreCard: BSSID update SIGNAL_POLL ID: 261501600 SSID: "AndroidWifi", BSSID: 00:13:10:85:fe:01, MAC: 02:15:b4:00:00:00, IP: /10.0.2.17, Security type: 0, Supplicant state: COMPLETED, Wi-Fi standard: legacy, RSSI: -50, Link speed: 1Mbps, Tx Link speed: 1Mbps, Max Supported Tx Link speed: 11Mbps, Rx Link speed: 2Mbps, Max Supported Rx Link speed: 11Mbps, Frequency: 2447MHz, Net ID: 0, Metered hint: false, score: 60, isUsable: true, CarrierMerged: false, SubscriptionId: -1, IsPrimary: 1, Trusted: true, Restricted: false, Ephemeral: false, OEM paid: false, OEM private: false, OSU AP: false, FQDN: <none>, Provider friendly name: <none>, Requesting package name: <none>"AndroidWifi"openMLO Information: , Is TID-To-Link negotiation supported by the AP: false, AP MLD Address: <none>, AP MLO Link Id: <none>, AP MLO Affiliated links: <none>, Vendor Data: <none>
04-22 02:41:00.030   683   858 D WifiScoreCard: txRate: 1 txSpeed: 1
04-22 02:41:00.030   683   858 D WifiScoreCard: network update SIGNAL_POLL "AndroidWifi" ID: 579418950 RSSI -50 txSpeed -1
04-22 02:41:00.030   683   858 D WifiClientModeImpl[9769:wlan0]:  ClientModeImpl$L2ConnectedState screen=on 1 0 "AndroidWifi" 00:13:10:85:fe:01 rssi=-50 f=2447 sc=60 link=1 tx=0.5, 0.0, 0.0 rx=0.5 bcn=0 [on:0 tx:0 rx:0 period:3006] from screen [on:0 period:-1319600514] score=60
04-22 02:41:00.531   459 25022 I resolv  : ResNSendHandler::run: 0 / {101 983141 101 983141 1073 1}
04-22 02:41:00.531   459 25023 I resolv  : ResNSendHandler::run: 0 / {101 983141 101 983141 1073 1}
04-22 02:41:00.533   459 25024 I resolv  : ResNSendHandler::run: 0 / {101 983141 101 983141 1073 1}
04-22 02:41:00.534   459 25025 I resolv  : ResNSendHandler::run: 0 / {101 983141 101 983141 1073 1}
04-22 02:41:00.534   459 25025 I resolv  : resolv_cache_lookup: FOUND IN CACHE entry=0xb400007d2ced1320
04-22 02:41:01.023   459 25024 I resolv  : res_nsend: used send_dg 63 terrno: 0
04-22 02:41:01.023   459 25023 I resolv  : res_nsend: used send_dg 60 terrno: 0
04-22 02:41:01.024   459 25022 I resolv  : res_nsend: used send_dg 117 terrno: 0
04-22 02:41:01.028  1052 25020 D NetworkMonitor/101: PROBE_DNS www.google.com 502ms OK 174.132.167.252,2001::1
04-22 02:41:01.030   459 25026 I resolv  : GetAddrInfoHandler::run: {101 983141 101 983141 1073 1}
04-22 02:41:01.030   459 25027 I resolv  : res_nmkquery: (QUERY, IN, AAAA)
04-22 02:41:01.030   459 25027 I resolv  : resolv_cache_lookup: FOUND IN CACHE entry=0xb400007cdced1150
04-22 02:41:01.030   459 25027 I resolv  : doQuery: rcode=0, ancount=1, return value=60
04-22 02:41:01.030   459 25028 I resolv  : res_nmkquery: (QUERY, IN, A)
04-22 02:41:01.030   459 25028 I resolv  : resolv_cache_lookup: FOUND IN CACHE entry=0xb400007d2ced1320
04-22 02:41:01.030   459 25028 I resolv  : doQuery: rcode=0, ancount=1, return value=48
04-22 02:41:01.031  1052 25021 D NetworkMonitor/101: PROBE_DNS connectivitycheck.gstatic.com 505ms OK 114.250.66.34
04-22 02:41:01.032   459 25029 I resolv  : GetAddrInfoHandler::run: {101 983141 101 983141 1073 1}
04-22 02:41:01.032   459 25030 I resolv  : res_nmkquery: (QUERY, IN, AAAA)
04-22 02:41:01.032   459 25030 I resolv  : resolv_cache_lookup: FOUND IN CACHE entry=0xb400007d0cedcc50
04-22 02:41:01.032   459 25030 I resolv  : doQuery: rcode=0, ancount=0, return value=117
04-22 02:41:01.033   459 25031 I resolv  : res_nmkquery: (QUERY, IN, A)
04-22 02:41:01.033   459 25031 I resolv  : resolv_cache_lookup: FOUND IN CACHE entry=0xb400007e7ced35d0
04-22 02:41:01.033   459 25031 I resolv  : doQuery: rcode=0, ancount=1, return value=63
04-22 02:41:01.380  1086  1298 D SatelliteController: iisInCarrierRoamingNbIotNtn: satellite is disabled
04-22 02:41:01.523  1052 25021 D NetworkMonitor/101: PROBE_HTTP http://connectivitycheck.gstatic.com/generate_204 time=491ms ret=204 request={Connection=[close], User-Agent=[Mozilla/5.0 (X11; Linux x86_64) AppleWebKit/537.36 (KHTML, like Gecko) Chrome/60.0.3112.32 Safari/537.36]} headers={null=[HTTP/1.1 204 No Content], Connection=[close], Cross-Origin-Resource-Policy=[cross-origin], Date=[Tue, 21 Apr 2026 18:41:01 GMT], X-Android-Received-Millis=[1776796861522], X-Android-Response-Source=[NETWORK 204], X-Android-Selected-Protocol=[http/1.1], X-Android-Sent-Millis=[1776796861035]}
04-22 02:41:03.035   683   858 W BestClock: java.time.DateTimeException: No network time available
04-22 02:41:03.035   683   858 W BestClock: java.time.DateTimeException: No network time available
04-22 02:41:03.035   683   858 W BestClock: java.time.DateTimeException: No network time available
04-22 02:41:03.035   683   858 W BestClock: java.time.DateTimeException: No network time available
04-22 02:41:03.035   683   858 W BestClock: java.time.DateTimeException: No network time available
04-22 02:41:03.036   683   858 D WifiClientModeImpl[9769:wlan0]: updateLinkLayerStatsRssiSpeedFrequencyCapabilities rssi=-50 TxLinkspeed=1 freq=2447 RxLinkSpeed=2
04-22 02:41:03.036   683   858 D WifiDataStall: tx tput in kbps: 11000
04-22 02:41:03.036   683   858 D WifiDataStall: rx tput in kbps: 11000
04-22 02:41:03.036   683   858 V WifiConfigManager: Updating scan detail cache freq=2447 BSSID=00:13:10:85:fe:01 RSSI=-50 for "AndroidWifi"NONE
04-22 02:41:03.036   683   858 D WifiThroughputPredictor:  utilization (LLS) 80 isBluetoothConnected: false final utilization: 80
04-22 02:41:03.036   683   858 D WifiThroughputPredictor:  BW: 0 RSSI: -50 Nss: 1 Mode: 1 symDur: 4000 snrDb 30 bitPerTone: 4500 rate: 54 throughput: 11
04-22 02:41:03.036   683   858 D WifiThroughputPredictor:  utilization (LLS) 80 isBluetoothConnected: false final utilization: 80
04-22 02:41:03.036   683   858 D WifiThroughputPredictor:  BW: 0 RSSI: -50 Nss: 1 Mode: 1 symDur: 4000 snrDb 30 bitPerTone: 4500 rate: 54 throughput: 11
04-22 02:41:03.036   683   858 D WifiThroughputPredictor:  utilization (LLS) 80 isBluetoothConnected: false final utilization: 80
04-22 02:41:03.036   683   858 D WifiThroughputPredictor:  BW: 0 RSSI: -50 Nss: 1 Mode: 1 symDur: 4000 snrDb 30 bitPerTone: 4500 rate: 54 throughput: 11
04-22 02:41:03.036   683   858 D WifiThroughputPredictor:  utilization (LLS) 80 isBluetoothConnected: false final utilization: 80
04-22 02:41:03.036   683   858 D WifiThroughputPredictor:  BW: 0 RSSI: -50 Nss: 1 Mode: 1 symDur: 4000 snrDb 30 bitPerTone: 4500 rate: 54 throughput: 11
04-22 02:41:03.037   683   858 D WifiScoreCard: BSSID update SIGNAL_POLL ID: 261501600 SSID: "AndroidWifi", BSSID: 00:13:10:85:fe:01, MAC: 02:15:b4:00:00:00, IP: /10.0.2.17, Security type: 0, Supplicant state: COMPLETED, Wi-Fi standard: legacy, RSSI: -50, Link speed: 1Mbps, Tx Link speed: 1Mbps, Max Supported Tx Link speed: 11Mbps, Rx Link speed: 2Mbps, Max Supported Rx Link speed: 11Mbps, Frequency: 2447MHz, Net ID: 0, Metered hint: false, score: 60, isUsable: true, CarrierMerged: false, SubscriptionId: -1, IsPrimary: 1, Trusted: true, Restricted: false, Ephemeral: false, OEM paid: false, OEM private: false, OSU AP: false, FQDN: <none>, Provider friendly name: <none>, Requesting package name: <none>"AndroidWifi"openMLO Information: , Is TID-To-Link negotiation supported by the AP: false, AP MLD Address: <none>, AP MLO Link Id: <none>, AP MLO Affiliated links: <none>, Vendor Data: <none>
04-22 02:41:03.037   683   858 D WifiScoreCard: txRate: 3 txSpeed: 1
04-22 02:41:03.037   683   858 D WifiScoreCard: network update SIGNAL_POLL "AndroidWifi" ID: 579418950 RSSI -50 txSpeed -1
04-22 02:41:03.037   683   858 D WifiClientModeImpl[9769:wlan0]:  ClientModeImpl$L2ConnectedState screen=on 1 0 "AndroidWifi" 00:13:10:85:fe:01 rssi=-50 f=2447 sc=60 link=1 tx=2.5, 0.0, 0.0 rx=2.3 bcn=0 [on:0 tx:0 rx:0 period:3007] from screen [on:0 period:-1319597507] score=60
04-22 02:41:03.528   459 25032 I resolv  : GetAddrInfoHandler::run: {101 983141 101 983141 1073 1}
04-22 02:41:03.529   459 25033 I resolv  : res_nmkquery: (QUERY, IN, AAAA)
04-22 02:41:03.529   459 25034 I resolv  : res_nmkquery: (QUERY, IN, A)
04-22 02:41:03.529   459 25033 I resolv  : resolv_cache_lookup: FOUND IN CACHE entry=0xb400007cdced1150
04-22 02:41:03.529   459 25033 I resolv  : doQuery: rcode=0, ancount=1, return value=60
04-22 02:41:03.529   459 25034 I resolv  : resolv_cache_lookup: FOUND IN CACHE entry=0xb400007d2ced1320
04-22 02:41:03.529   459 25034 I resolv  : doQuery: rcode=0, ancount=1, return value=48
04-22 02:41:04.026  1052 25019 D NetworkMonitor/101: PROBE_FALLBACK http://www.google.com/gen_204 time=498ms ret=204 request={Connection=[close], User-Agent=[Mozilla/5.0 (X11; Linux x86_64) AppleWebKit/537.36 (KHTML, like Gecko) Chrome/60.0.3112.32 Safari/537.36]} headers={null=[HTTP/1.1 204 No Content], Connection=[close], Content-Security-Policy=[object-src 'none';base-uri 'self';script-src 'nonce-KVTi3aSG-lKDAmKXESGYAg' 'strict-dynamic' 'report-sample' 'unsafe-eval' 'unsafe-inline' https: http:;report-uri https://csp.withgoogle.com/csp/gws/other], Content-Type=[text/html; charset=UTF-8], Date=[Tue, 21 Apr 2026 18:41:03 GMT], Permissions-Policy=[unload=()], Server=[gws], X-Android-Received-Millis=[1776796864025], X-Android-Response-Source=[NETWORK 204], X-Android-Selected-Protocol=[http/1.1], X-Android-Sent-Millis=[1776796863534], X-Frame-Options=[SAMEORIGIN], X-Xss-Protection=[0]}
04-22 02:41:04.342   938   938 D wpa_supplicant: nl80211: Drv Event 64 (NL80211_CMD_NOTIFY_CQM) received for wlan0
04-22 02:41:04.342   938   938 D wpa_supplicant: nl80211: Beacon loss event
04-22 02:41:04.342   938   938 D wpa_supplicant: wlan0: Event BEACON_LOSS (53) received
04-22 02:41:04.342   938   938 I wpa_supplicant: wlan0: CTRL-EVENT-BEACON-LOSS 
04-22 02:41:05.622   459   535 I netd    : setProcSysNet(4, 2, wlan0, retrans_time_ms, 750) <0.05ms>
04-22 02:41:05.623   459   535 I netd    : setProcSysNet(4, 2, wlan0, ucast_solicit, 10) <0.03ms>
04-22 02:41:05.623   459   535 I netd    : setProcSysNet(6, 2, wlan0, retrans_time_ms, 750) <0.03ms>
04-22 02:41:05.623   459   539 I netd    : setProcSysNet(6, 2, wlan0, ucast_solicit, 10) <0.02ms>
04-22 02:41:06.041   683   858 W BestClock: java.time.DateTimeException: No network time available
04-22 02:41:06.041   683   858 W BestClock: java.time.DateTimeException: No network time available
04-22 02:41:06.041   683   858 W BestClock: java.time.DateTimeException: No network time available
04-22 02:41:06.041   683   858 W BestClock: java.time.DateTimeException: No network time available
04-22 02:41:06.041   683   858 W BestClock: java.time.DateTimeException: No network time available
04-22 02:41:06.042   683   858 D WifiClientModeImpl[9769:wlan0]: updateLinkLayerStatsRssiSpeedFrequencyCapabilities rssi=-50 TxLinkspeed=1 freq=2447 RxLinkSpeed=2
04-22 02:41:06.042   683   858 D WifiDataStall: tx tput in kbps: 11000
04-22 02:41:06.043   683   858 D WifiDataStall: rx tput in kbps: 11000
04-22 02:41:06.043   683   858 V WifiConfigManager: Updating scan detail cache freq=2447 BSSID=00:13:10:85:fe:01 RSSI=-50 for "AndroidWifi"NONE
04-22 02:41:06.043   683   858 D WifiThroughputPredictor:  utilization (LLS) 80 isBluetoothConnected: false final utilization: 80
04-22 02:41:06.043   683   858 D WifiThroughputPredictor:  BW: 0 RSSI: -50 Nss: 1 Mode: 1 symDur: 4000 snrDb 30 bitPerTone: 4500 rate: 54 throughput: 11
04-22 02:41:06.043   683   858 D WifiThroughputPredictor:  utilization (LLS) 80 isBluetoothConnected: false final utilization: 80
04-22 02:41:06.043   683   858 D WifiThroughputPredictor:  BW: 0 RSSI: -50 Nss: 1 Mode: 1 symDur: 4000 snrDb 30 bitPerTone: 4500 rate: 54 throughput: 11
04-22 02:41:06.043   683   858 D WifiThroughputPredictor:  utilization (LLS) 80 isBluetoothConnected: false final utilization: 80
04-22 02:41:06.043   683   858 D WifiThroughputPredictor:  BW: 0 RSSI: -50 Nss: 1 Mode: 1 symDur: 4000 snrDb 30 bitPerTone: 4500 rate: 54 throughput: 11
04-22 02:41:06.043   683   858 D WifiThroughputPredictor:  utilization (LLS) 80 isBluetoothConnected: false final utilization: 80
04-22 02:41:06.043   683   858 D WifiThroughputPredictor:  BW: 0 RSSI: -50 Nss: 1 Mode: 1 symDur: 4000 snrDb 30 bitPerTone: 4500 rate: 54 throughput: 11
04-22 02:41:06.045   683   858 D WifiScoreCard: BSSID update SIGNAL_POLL ID: 261501600 SSID: "AndroidWifi", BSSID: 00:13:10:85:fe:01, MAC: 02:15:b4:00:00:00, IP: /10.0.2.17, Security type: 0, Supplicant state: COMPLETED, Wi-Fi standard: legacy, RSSI: -50, Link speed: 1Mbps, Tx Link speed: 1Mbps, Max Supported Tx Link speed: 11Mbps, Rx Link speed: 2Mbps, Max Supported Rx Link speed: 11Mbps, Frequency: 2447MHz, Net ID: 0, Metered hint: false, score: 60, isUsable: true, CarrierMerged: false, SubscriptionId: -1, IsPrimary: 1, Trusted: true, Restricted: false, Ephemeral: false, OEM paid: false, OEM private: false, OSU AP: false, FQDN: <none>, Provider friendly name: <none>, Requesting package name: <none>"AndroidWifi"openMLO Information: , Is TID-To-Link negotiation supported by the AP: false, AP MLD Address: <none>, AP MLO Link Id: <none>, AP MLO Affiliated links: <none>, Vendor Data: <none>
04-22 02:41:06.045   683   858 D WifiScoreCard: txRate: 2 txSpeed: 1
04-22 02:41:06.045   683   858 D WifiScoreCard: network update SIGNAL_POLL "AndroidWifi" ID: 579418950 RSSI -50 txSpeed -1
04-22 02:41:06.045   683   858 D WifiClientModeImpl[9769:wlan0]:  ClientModeImpl$L2ConnectedState screen=on 1 0 "AndroidWifi" 00:13:10:85:fe:01 rssi=-50 f=2447 sc=60 link=1 tx=1.9, 0.0, 0.0 rx=1.9 bcn=0 [on:0 tx:0 rx:0 period:3008] from screen [on:0 period:-1319594499] score=60
04-22 02:41:06.296  1052 25004 D NetworkMonitor/100: PROBE_HTTP http://connectivitycheck.gstatic.com/generate_204 Probe failed with exception java.net.SocketTimeoutException: failed to connect to connectivitycheck.gstatic.com/114.250.66.34 (port 80) from /10.0.2.15 (port 57244) after 10000ms
04-22 02:41:09.048   683   858 W BestClock: java.time.DateTimeException: No network time available
04-22 02:41:09.048   683   858 W BestClock: java.time.DateTimeException: No network time available
04-22 02:41:09.048   683   858 W BestClock: java.time.DateTimeException: No network time available
04-22 02:41:09.048   683   858 W BestClock: java.time.DateTimeException: No network time available
04-22 02:41:09.048   683   858 W BestClock: java.time.DateTimeException: No network time available
04-22 02:41:09.048   683   858 D WifiClientModeImpl[9769:wlan0]: updateLinkLayerStatsRssiSpeedFrequencyCapabilities rssi=-50 TxLinkspeed=1 freq=2447 RxLinkSpeed=2
04-22 02:41:09.049   683   858 D WifiDataStall: tx tput in kbps: 11000
04-22 02:41:09.049   683   858 D WifiDataStall: rx tput in kbps: 11000
04-22 02:41:09.049   683   858 V WifiConfigManager: Updating scan detail cache freq=2447 BSSID=00:13:10:85:fe:01 RSSI=-50 for "AndroidWifi"NONE
04-22 02:41:09.049   683   858 D WifiThroughputPredictor:  utilization (LLS) 80 isBluetoothConnected: false final utilization: 80
04-22 02:41:09.049   683   858 D WifiThroughputPredictor:  BW: 0 RSSI: -50 Nss: 1 Mode: 1 symDur: 4000 snrDb 30 bitPerTone: 4500 rate: 54 throughput: 11
04-22 02:41:09.049   683   858 D WifiThroughputPredictor:  utilization (LLS) 80 isBluetoothConnected: false final utilization: 80
04-22 02:41:09.049   683   858 D WifiThroughputPredictor:  BW: 0 RSSI: -50 Nss: 1 Mode: 1 symDur: 4000 snrDb 30 bitPerTone: 4500 rate: 54 throughput: 11
04-22 02:41:09.049   683   858 D WifiThroughputPredictor:  utilization (LLS) 80 isBluetoothConnected: false final utilization: 80
04-22 02:41:09.049   683   858 D WifiThroughputPredictor:  BW: 0 RSSI: -50 Nss: 1 Mode: 1 symDur: 4000 snrDb 30 bitPerTone: 4500 rate: 54 throughput: 11
04-22 02:41:09.049   683   858 D WifiThroughputPredictor:  utilization (LLS) 80 isBluetoothConnected: false final utilization: 80
04-22 02:41:09.049   683   858 D WifiThroughputPredictor:  BW: 0 RSSI: -50 Nss: 1 Mode: 1 symDur: 4000 snrDb 30 bitPerTone: 4500 rate: 54 throughput: 11
04-22 02:41:09.050   683   858 D WifiScoreCard: BSSID update SIGNAL_POLL ID: 261501600 SSID: "AndroidWifi", BSSID: 00:13:10:85:fe:01, MAC: 02:15:b4:00:00:00, IP: /10.0.2.17, Security type: 0, Supplicant state: COMPLETED, Wi-Fi standard: legacy, RSSI: -50, Link speed: 1Mbps, Tx Link speed: 1Mbps, Max Supported Tx Link speed: 11Mbps, Rx Link speed: 2Mbps, Max Supported Rx Link speed: 11Mbps, Frequency: 2447MHz, Net ID: 0, Metered hint: false, score: 60, isUsable: true, CarrierMerged: false, SubscriptionId: -1, IsPrimary: 1, Trusted: true, Restricted: false, Ephemeral: false, OEM paid: false, OEM private: false, OSU AP: false, FQDN: <none>, Provider friendly name: <none>, Requesting package name: <none>"AndroidWifi"openMLO Information: , Is TID-To-Link negotiation supported by the AP: false, AP MLD Address: <none>, AP MLO Link Id: <none>, AP MLO Affiliated links: <none>, Vendor Data: <none>
04-22 02:41:09.050   683   858 D WifiScoreCard: txRate: 1 txSpeed: 1
04-22 02:41:09.050   683   858 D WifiScoreCard: network update SIGNAL_POLL "AndroidWifi" ID: 579418950 RSSI -50 txSpeed -1
04-22 02:41:09.050   683   858 D WifiClientModeImpl[9769:wlan0]:  ClientModeImpl$L2ConnectedState screen=on 1 0 "AndroidWifi" 00:13:10:85:fe:01 rssi=-50 f=2447 sc=60 link=1 tx=0.7, 0.0, 0.0 rx=0.6 bcn=0 [on:0 tx:0 rx:0 period:3005] from screen [on:0 period:-1319591494] score=60
04-22 02:41:11.387  1086  1298 D SatelliteController: iisInCarrierRoamingNbIotNtn: satellite is disabled
04-22 02:41:11.549  1052 25020 D NetworkMonitor/101: PROBE_HTTPS https://www.google.com/generate_204 Probe failed with exception javax.net.ssl.SSLHandshakeException: connection closed
04-22 02:41:11.551  1052 25019 D NetworkMonitor/101: isCaptivePortal: isSuccessful()=false isPortal()=false RedirectUrl=null isPartialConnectivity()=true Time=11026ms
04-22 02:41:11.553   683   864 D ConnectivityService: [101 WIFI] validation failed
04-22 02:41:12.051   683   858 W BestClock: java.time.DateTimeException: No network time available
04-22 02:41:12.051   683   858 W BestClock: java.time.DateTimeException: No network time available
04-22 02:41:12.051   683   858 W BestClock: java.time.DateTimeException: No network time available
04-22 02:41:12.051   683   858 W BestClock: java.time.DateTimeException: No network time available
04-22 02:41:12.051   683   858 W BestClock: java.time.DateTimeException: No network time available
04-22 02:41:12.052   683   858 D WifiClientModeImpl[9769:wlan0]: updateLinkLayerStatsRssiSpeedFrequencyCapabilities rssi=-50 TxLinkspeed=2 freq=2447 RxLinkSpeed=2
04-22 02:41:12.052   683   858 D WifiDataStall: tx tput in kbps: 11000
04-22 02:41:12.052   683   858 D WifiDataStall: rx tput in kbps: 11000
04-22 02:41:12.052   683   858 V WifiConfigManager: Updating scan detail cache freq=2447 BSSID=00:13:10:85:fe:01 RSSI=-50 for "AndroidWifi"NONE
04-22 02:41:12.052   683   858 D WifiThroughputPredictor:  utilization (LLS) 80 isBluetoothConnected: false final utilization: 80
04-22 02:41:12.052   683   858 D WifiThroughputPredictor:  BW: 0 RSSI: -50 Nss: 1 Mode: 1 symDur: 4000 snrDb 30 bitPerTone: 4500 rate: 54 throughput: 11
04-22 02:41:12.052   683   858 D WifiThroughputPredictor:  utilization (LLS) 80 isBluetoothConnected: false final utilization: 80
04-22 02:41:12.052   683   858 D WifiThroughputPredictor:  BW: 0 RSSI: -50 Nss: 1 Mode: 1 symDur: 4000 snrDb 30 bitPerTone: 4500 rate: 54 throughput: 11
04-22 02:41:12.053   683   858 D WifiThroughputPredictor:  utilization (LLS) 80 isBluetoothConnected: false final utilization: 80
04-22 02:41:12.053   683   858 D WifiThroughputPredictor:  BW: 0 RSSI: -50 Nss: 1 Mode: 1 symDur: 4000 snrDb 30 bitPerTone: 4500 rate: 54 throughput: 11
04-22 02:41:12.053   683   858 D WifiThroughputPredictor:  utilization (LLS) 80 isBluetoothConnected: false final utilization: 80
04-22 02:41:12.053   683   858 D WifiThroughputPredictor:  BW: 0 RSSI: -50 Nss: 1 Mode: 1 symDur: 4000 snrDb 30 bitPerTone: 4500 rate: 54 throughput: 11
04-22 02:41:12.053   683   858 D WifiScoreCard: BSSID update SIGNAL_POLL ID: 261501600 SSID: "AndroidWifi", BSSID: 00:13:10:85:fe:01, MAC: 02:15:b4:00:00:00, IP: /10.0.2.17, Security type: 0, Supplicant state: COMPLETED, Wi-Fi standard: legacy, RSSI: -50, Link speed: 2Mbps, Tx Link speed: 2Mbps, Max Supported Tx Link speed: 11Mbps, Rx Link speed: 2Mbps, Max Supported Rx Link speed: 11Mbps, Frequency: 2447MHz, Net ID: 0, Metered hint: false, score: 60, isUsable: true, CarrierMerged: false, SubscriptionId: -1, IsPrimary: 1, Trusted: true, Restricted: false, Ephemeral: false, OEM paid: false, OEM private: false, OSU AP: false, FQDN: <none>, Provider friendly name: <none>, Requesting package name: <none>"AndroidWifi"openMLO Information: , Is TID-To-Link negotiation supported by the AP: false, AP MLD Address: <none>, AP MLO Link Id: <none>, AP MLO Affiliated links: <none>, Vendor Data: <none>
04-22 02:41:12.053   683   858 D WifiScoreCard: txRate: 2 txSpeed: 2
04-22 02:41:12.053   683   858 D WifiScoreCard: network update SIGNAL_POLL "AndroidWifi" ID: 579418950 RSSI -50 txSpeed -1
04-22 02:41:12.053   683   858 D WifiClientModeImpl[9769:wlan0]:  ClientModeImpl$L2ConnectedState screen=on 1 0 "AndroidWifi" 00:13:10:85:fe:01 rssi=-50 f=2447 sc=60 link=2 tx=1.5, 0.0, 0.0 rx=1.5 bcn=0 [on:0 tx:0 rx:0 period:3003] from screen [on:0 period:-1319588491] score=60
04-22 02:41:12.277   938   938 D wpa_supplicant: nl80211: Drv Event 64 (NL80211_CMD_NOTIFY_CQM) received for wlan0
04-22 02:41:12.277   938   938 D wpa_supplicant: nl80211: Beacon loss event
04-22 02:41:12.277   938   938 D wpa_supplicant: wlan0: Event BEACON_LOSS (53) received
04-22 02:41:12.277   938   938 I wpa_supplicant: wlan0: CTRL-EVENT-BEACON-LOSS 
04-22 02:41:15.059   683   858 W BestClock: java.time.DateTimeException: No network time available
04-22 02:41:15.059   683   858 W BestClock: java.time.DateTimeException: No network time available
04-22 02:41:15.059   683   858 W BestClock: java.time.DateTimeException: No network time available
04-22 02:41:15.060   683   858 W BestClock: java.time.DateTimeException: No network time available
04-22 02:41:15.060   683   858 W BestClock: java.time.DateTimeException: No network time available
04-22 02:41:15.061   683   858 D WifiClientModeImpl[9769:wlan0]: updateLinkLayerStatsRssiSpeedFrequencyCapabilities rssi=-50 TxLinkspeed=1 freq=2447 RxLinkSpeed=2
04-22 02:41:15.061   683   858 D WifiDataStall: tx tput in kbps: 11000
04-22 02:41:15.061   683   858 D WifiDataStall: rx tput in kbps: 11000
04-22 02:41:15.061   683   858 V WifiConfigManager: Updating scan detail cache freq=2447 BSSID=00:13:10:85:fe:01 RSSI=-50 for "AndroidWifi"NONE
04-22 02:41:15.061   683   858 D WifiThroughputPredictor:  utilization (LLS) 80 isBluetoothConnected: false final utilization: 80
04-22 02:41:15.061   683   858 D WifiThroughputPredictor:  BW: 0 RSSI: -50 Nss: 1 Mode: 1 symDur: 4000 snrDb 30 bitPerTone: 4500 rate: 54 throughput: 11
04-22 02:41:15.061   683   858 D WifiThroughputPredictor:  utilization (LLS) 80 isBluetoothConnected: false final utilization: 80
04-22 02:41:15.061   683   858 D WifiThroughputPredictor:  BW: 0 RSSI: -50 Nss: 1 Mode: 1 symDur: 4000 snrDb 30 bitPerTone: 4500 rate: 54 throughput: 11
04-22 02:41:15.062   683   858 D WifiThroughputPredictor:  utilization (LLS) 80 isBluetoothConnected: false final utilization: 80
04-22 02:41:15.062   683   858 D WifiThroughputPredictor:  BW: 0 RSSI: -50 Nss: 1 Mode: 1 symDur: 4000 snrDb 30 bitPerTone: 4500 rate: 54 throughput: 11
04-22 02:41:15.062   683   858 D WifiThroughputPredictor:  utilization (LLS) 80 isBluetoothConnected: false final utilization: 80
04-22 02:41:15.062   683   858 D WifiThroughputPredictor:  BW: 0 RSSI: -50 Nss: 1 Mode: 1 symDur: 4000 snrDb 30 bitPerTone: 4500 rate: 54 throughput: 11
04-22 02:41:15.062   683   858 D WifiScoreCard: BSSID update SIGNAL_POLL ID: 261501600 SSID: "AndroidWifi", BSSID: 00:13:10:85:fe:01, MAC: 02:15:b4:00:00:00, IP: /10.0.2.17, Security type: 0, Supplicant state: COMPLETED, Wi-Fi standard: legacy, RSSI: -50, Link speed: 1Mbps, Tx Link speed: 1Mbps, Max Supported Tx Link speed: 11Mbps, Rx Link speed: 2Mbps, Max Supported Rx Link speed: 11Mbps, Frequency: 2447MHz, Net ID: 0, Metered hint: false, score: 60, isUsable: true, CarrierMerged: false, SubscriptionId: -1, IsPrimary: 1, Trusted: true, Restricted: false, Ephemeral: false, OEM paid: false, OEM private: false, OSU AP: false, FQDN: <none>, Provider friendly name: <none>, Requesting package name: <none>"AndroidWifi"openMLO Information: , Is TID-To-Link negotiation supported by the AP: false, AP MLD Address: <none>, AP MLO Link Id: <none>, AP MLO Affiliated links: <none>, Vendor Data: <none>
04-22 02:41:15.062   683   858 D WifiScoreCard: txRate: 1 txSpeed: 1
04-22 02:41:15.062   683   858 D WifiScoreCard: network update SIGNAL_POLL "AndroidWifi" ID: 579418950 RSSI -50 txSpeed -1
04-22 02:41:15.063   683   858 D WifiClientModeImpl[9769:wlan0]:  ClientModeImpl$L2ConnectedState screen=on 1 0 "AndroidWifi" 00:13:10:85:fe:01 rssi=-50 f=2447 sc=60 link=1 tx=0.5, 0.0, 0.0 rx=0.5 bcn=0 [on:0 tx:0 rx:0 period:3010] from screen [on:0 period:-1319585481] score=60
04-22 02:41:16.306  1052 25003 D NetworkMonitor/100: PROBE_HTTPS https://www.google.com/generate_204 Probe failed with exception java.net.SocketTimeoutException: failed to connect to www.google.com/2001::1 (port 443) from /fec0::5054:ff:fe12:3456 (port 52768) after 10000ms
04-22 02:41:16.308  1052 25002 D NetworkMonitor/100: isCaptivePortal: isSuccessful()=false isPortal()=false RedirectUrl=null isPartialConnectivity()=false Time=20046ms
04-22 02:41:16.310   683   864 D ConnectivityService: [100 CELLULAR] validation failed
04-22 02:41:16.310   683   864 I ConnectivityService: Update capabilities for net 100 : -PARTIAL_CONNECTIVITY
04-22 02:41:16.311   683   864 W IPCThreadState: Sending oneway calls to frozen process.
04-22 02:41:16.311   683   864 W IPCThreadState: Sending oneway calls to frozen process.
04-22 02:41:16.311   683   864 W IPCThreadState: Sending oneway calls to frozen process.
04-22 02:41:16.311   683   864 W IPCThreadState: Sending oneway calls to frozen process.
04-22 02:41:16.311   683   864 W IPCThreadState: Sending oneway calls to frozen process.
04-22 02:41:16.312   683   856 W BestClock: java.time.DateTimeException: No network time available
04-22 02:41:16.312   683   856 W BestClock: java.time.DateTimeException: No network time available
04-22 02:41:17.859  1652  2093 I bdee    : (REDACTED) getHotwordActive::active query: %s, watch: %s, devices connected: %s
04-22 02:41:18.067   683   858 W BestClock: java.time.DateTimeException: No network time available
04-22 02:41:18.067   683   858 W BestClock: java.time.DateTimeException: No network time available
04-22 02:41:18.067   683   858 W BestClock: java.time.DateTimeException: No network time available
04-22 02:41:18.067   683   858 W BestClock: java.time.DateTimeException: No network time available
04-22 02:41:18.067   683   858 W BestClock: java.time.DateTimeException: No network time available
04-22 02:41:18.068   683   858 D WifiClientModeImpl[9769:wlan0]: updateLinkLayerStatsRssiSpeedFrequencyCapabilities rssi=-50 TxLinkspeed=1 freq=2447 RxLinkSpeed=2
04-22 02:41:18.068   683   858 D WifiDataStall: tx tput in kbps: 11000
04-22 02:41:18.068   683   858 D WifiDataStall: rx tput in kbps: 11000
04-22 02:41:18.068   683   858 V WifiConfigManager: Updating scan detail cache freq=2447 BSSID=00:13:10:85:fe:01 RSSI=-50 for "AndroidWifi"NONE
04-22 02:41:18.068   683   858 D WifiThroughputPredictor:  utilization (LLS) 80 isBluetoothConnected: false final utilization: 80
04-22 02:41:18.068   683   858 D WifiThroughputPredictor:  BW: 0 RSSI: -50 Nss: 1 Mode: 1 symDur: 4000 snrDb 30 bitPerTone: 4500 rate: 54 throughput: 11
04-22 02:41:18.068   683   858 D WifiThroughputPredictor:  utilization (LLS) 80 isBluetoothConnected: false final utilization: 80
04-22 02:41:18.068   683   858 D WifiThroughputPredictor:  BW: 0 RSSI: -50 Nss: 1 Mode: 1 symDur: 4000 snrDb 30 bitPerTone: 4500 rate: 54 throughput: 11
04-22 02:41:18.069   683   858 D WifiThroughputPredictor:  utilization (LLS) 80 isBluetoothConnected: false final utilization: 80
04-22 02:41:18.069   683   858 D WifiThroughputPredictor:  BW: 0 RSSI: -50 Nss: 1 Mode: 1 symDur: 4000 snrDb 30 bitPerTone: 4500 rate: 54 throughput: 11
04-22 02:41:18.069   683   858 D WifiThroughputPredictor:  utilization (LLS) 80 isBluetoothConnected: false final utilization: 80
04-22 02:41:18.069   683   858 D WifiThroughputPredictor:  BW: 0 RSSI: -50 Nss: 1 Mode: 1 symDur: 4000 snrDb 30 bitPerTone: 4500 rate: 54 throughput: 11
04-22 02:41:18.071   683   858 D WifiScoreCard: BSSID update SIGNAL_POLL ID: 261501600 SSID: "AndroidWifi", BSSID: 00:13:10:85:fe:01, MAC: 02:15:b4:00:00:00, IP: /10.0.2.17, Security type: 0, Supplicant state: COMPLETED, Wi-Fi standard: legacy, RSSI: -50, Link speed: 1Mbps, Tx Link speed: 1Mbps, Max Supported Tx Link speed: 11Mbps, Rx Link speed: 2Mbps, Max Supported Rx Link speed: 11Mbps, Frequency: 2447MHz, Net ID: 0, Metered hint: false, score: 60, isUsable: true, CarrierMerged: false, SubscriptionId: -1, IsPrimary: 1, Trusted: true, Restricted: false, Ephemeral: false, OEM paid: false, OEM private: false, OSU AP: false, FQDN: <none>, Provider friendly name: <none>, Requesting package name: <none>"AndroidWifi"openMLO Information: , Is TID-To-Link negotiation supported by the AP: false, AP MLD Address: <none>, AP MLO Link Id: <none>, AP MLO Affiliated links: <none>, Vendor Data: <none>
04-22 02:41:18.071   683   858 D WifiScoreCard: txRate: 1 txSpeed: 1
04-22 02:41:18.071   683   858 D WifiScoreCard: network update SIGNAL_POLL "AndroidWifi" ID: 579418950 RSSI -50 txSpeed -1
04-22 02:41:18.071   683   858 D WifiClientModeImpl[9769:wlan0]:  ClientModeImpl$L2ConnectedState screen=on 1 0 "AndroidWifi" 00:13:10:85:fe:01 rssi=-50 f=2447 sc=60 link=1 tx=0.2, 0.0, 0.0 rx=0.2 bcn=0 [on:0 tx:0 rx:0 period:3008] from screen [on:0 period:-1319582473] score=60
04-22 02:41:19.567   459 25038 I resolv  : ResNSendHandler::run: 0 / {101 983141 101 983141 1073 1}
04-22 02:41:19.567   459 25039 I resolv  : ResNSendHandler::run: 0 / {101 983141 101 983141 1073 1}
04-22 02:41:19.568   459 25039 I resolv  : resolv_cache_lookup: FOUND IN CACHE entry=0xb400007cdced1150
04-22 02:41:19.570   459 25040 I resolv  : ResNSendHandler::run: 0 / {101 983141 101 983141 1073 1}
04-22 02:41:19.570   459 25041 I resolv  : ResNSendHandler::run: 0 / {101 983141 101 983141 1073 1}
04-22 02:41:19.570   459 25041 I resolv  : resolv_cache_lookup: FOUND IN CACHE entry=0xb400007e7ced35d0
04-22 02:41:20.054   459 25038 I resolv  : res_nsend: used send_dg 117 terrno: 0
04-22 02:41:20.054   459 25040 I resolv  : res_nsend: used send_dg 48 terrno: 0
04-22 02:41:20.061  1052 25036 D NetworkMonitor/101: PROBE_DNS www.google.com 497ms OK 174.132.167.252,2001::1
04-22 02:41:20.063  1052 25037 D NetworkMonitor/101: PROBE_DNS connectivitycheck.gstatic.com 499ms OK 114.250.66.34
04-22 02:41:20.063   459 25042 I resolv  : GetAddrInfoHandler::run: {101 983141 101 983141 1073 1}
04-22 02:41:20.064   459 25043 I resolv  : res_nmkquery: (QUERY, IN, AAAA)
04-22 02:41:20.064   459 25043 I resolv  : resolv_cache_lookup: FOUND IN CACHE entry=0xb400007cdced1150
04-22 02:41:20.064   459 25043 I resolv  : doQuery: rcode=0, ancount=1, return value=60
04-22 02:41:20.064   459 25044 I resolv  : res_nmkquery: (QUERY, IN, A)
04-22 02:41:20.064   459 25044 I resolv  : resolv_cache_lookup: FOUND IN CACHE entry=0xb400007d2ced1320
04-22 02:41:20.064   459 25044 I resolv  : doQuery: rcode=0, ancount=1, return value=48
04-22 02:41:20.064   459 25045 I resolv  : GetAddrInfoHandler::run: {101 983141 101 983141 1073 1}
04-22 02:41:20.065   459 25046 I resolv  : res_nmkquery: (QUERY, IN, AAAA)
04-22 02:41:20.065   459 25046 I resolv  : resolv_cache_lookup: FOUND IN CACHE entry=0xb400007d0cedcc50
04-22 02:41:20.065   459 25046 I resolv  : doQuery: rcode=0, ancount=0, return value=117
04-22 02:41:20.065   459 25047 I resolv  : res_nmkquery: (QUERY, IN, A)
04-22 02:41:20.065   459 25047 I resolv  : resolv_cache_lookup: FOUND IN CACHE entry=0xb400007e7ced35d0
04-22 02:41:20.065   459 25047 I resolv  : doQuery: rcode=0, ancount=1, return value=63
04-22 02:41:20.472   938   938 D wpa_supplicant: nl80211: Drv Event 64 (NL80211_CMD_NOTIFY_CQM) received for wlan0
04-22 02:41:20.472   938   938 D wpa_supplicant: nl80211: Beacon loss event
04-22 02:41:20.472   938   938 D wpa_supplicant: wlan0: Event BEACON_LOSS (53) received
04-22 02:41:20.472   938   938 I wpa_supplicant: wlan0: CTRL-EVENT-BEACON-LOSS 
04-22 02:41:20.555  1052 25037 D NetworkMonitor/101: PROBE_HTTP http://connectivitycheck.gstatic.com/generate_204 time=491ms ret=204 request={Connection=[close], User-Agent=[Mozilla/5.0 (X11; Linux x86_64) AppleWebKit/537.36 (KHTML, like Gecko) Chrome/60.0.3112.32 Safari/537.36]} headers={null=[HTTP/1.1 204 No Content], Connection=[close], Cross-Origin-Resource-Policy=[cross-origin], Date=[Tue, 21 Apr 2026 18:41:20 GMT], X-Android-Received-Millis=[1776796880555], X-Android-Response-Source=[NETWORK 204], X-Android-Selected-Protocol=[http/1.1], X-Android-Sent-Millis=[1776796880069]}
04-22 02:41:21.075   683   858 W BestClock: java.time.DateTimeException: No network time available
04-22 02:41:21.075   683   858 W BestClock: java.time.DateTimeException: No network time available
04-22 02:41:21.075   683   858 W BestClock: java.time.DateTimeException: No network time available
04-22 02:41:21.076   683   858 W BestClock: java.time.DateTimeException: No network time available
04-22 02:41:21.076   683   858 W BestClock: java.time.DateTimeException: No network time available
04-22 02:41:21.077   683   858 D WifiClientModeImpl[9769:wlan0]: updateLinkLayerStatsRssiSpeedFrequencyCapabilities rssi=-50 TxLinkspeed=1 freq=2447 RxLinkSpeed=2
04-22 02:41:21.077   683   858 D WifiDataStall: tx tput in kbps: 11000
04-22 02:41:21.077   683   858 D WifiDataStall: rx tput in kbps: 11000
04-22 02:41:21.077   683   858 V WifiConfigManager: Updating scan detail cache freq=2447 BSSID=00:13:10:85:fe:01 RSSI=-50 for "AndroidWifi"NONE
04-22 02:41:21.077   683   858 D WifiThroughputPredictor:  utilization (LLS) 80 isBluetoothConnected: false final utilization: 80
04-22 02:41:21.078   683   858 D WifiThroughputPredictor:  BW: 0 RSSI: -50 Nss: 1 Mode: 1 symDur: 4000 snrDb 30 bitPerTone: 4500 rate: 54 throughput: 11
04-22 02:41:21.078   683   858 D WifiThroughputPredictor:  utilization (LLS) 80 isBluetoothConnected: false final utilization: 80
04-22 02:41:21.078   683   858 D WifiThroughputPredictor:  BW: 0 RSSI: -50 Nss: 1 Mode: 1 symDur: 4000 snrDb 30 bitPerTone: 4500 rate: 54 throughput: 11
04-22 02:41:21.078   683   858 D WifiThroughputPredictor:  utilization (LLS) 80 isBluetoothConnected: false final utilization: 80
04-22 02:41:21.078   683   858 D WifiThroughputPredictor:  BW: 0 RSSI: -50 Nss: 1 Mode: 1 symDur: 4000 snrDb 30 bitPerTone: 4500 rate: 54 throughput: 11
04-22 02:41:21.078   683   858 D WifiThroughputPredictor:  utilization (LLS) 80 isBluetoothConnected: false final utilization: 80
04-22 02:41:21.078   683   858 D WifiThroughputPredictor:  BW: 0 RSSI: -50 Nss: 1 Mode: 1 symDur: 4000 snrDb 30 bitPerTone: 4500 rate: 54 throughput: 11
04-22 02:41:21.082   683   858 D WifiScoreCard: BSSID update SIGNAL_POLL ID: 261501600 SSID: "AndroidWifi", BSSID: 00:13:10:85:fe:01, MAC: 02:15:b4:00:00:00, IP: /10.0.2.17, Security type: 0, Supplicant state: COMPLETED, Wi-Fi standard: legacy, RSSI: -50, Link speed: 1Mbps, Tx Link speed: 1Mbps, Max Supported Tx Link speed: 11Mbps, Rx Link speed: 2Mbps, Max Supported Rx Link speed: 11Mbps, Frequency: 2447MHz, Net ID: 0, Metered hint: false, score: 60, isUsable: true, CarrierMerged: false, SubscriptionId: -1, IsPrimary: 1, Trusted: true, Restricted: false, Ephemeral: false, OEM paid: false, OEM private: false, OSU AP: false, FQDN: <none>, Provider friendly name: <none>, Requesting package name: <none>"AndroidWifi"openMLO Information: , Is TID-To-Link negotiation supported by the AP: false, AP MLD Address: <none>, AP MLO Link Id: <none>, AP MLO Affiliated links: <none>, Vendor Data: <none>
04-22 02:41:21.082   683   858 D WifiScoreCard: txRate: 3 txSpeed: 1
04-22 02:41:21.082   683   858 D WifiScoreCard: network update SIGNAL_POLL "AndroidWifi" ID: 579418950 RSSI -50 txSpeed -1
04-22 02:41:21.082   683   858 D WifiClientModeImpl[9769:wlan0]:  ClientModeImpl$L2ConnectedState screen=on 1 0 "AndroidWifi" 00:13:10:85:fe:01 rssi=-50 f=2447 sc=60 link=1 tx=2.1, 0.0, 0.0 rx=1.9 bcn=0 [on:0 tx:0 rx:0 period:3011] from screen [on:0 period:-1319579462] score=60
04-22 02:41:21.394  1086  1298 D SatelliteController: iisInCarrierRoamingNbIotNtn: satellite is disabled
04-22 02:41:22.566   459 25048 I resolv  : GetAddrInfoHandler::run: {101 983141 101 983141 1073 1}
04-22 02:41:22.566   459 25049 I resolv  : res_nmkquery: (QUERY, IN, AAAA)
04-22 02:41:22.566   459 25049 I resolv  : resolv_cache_lookup: FOUND IN CACHE entry=0xb400007cdced1150
04-22 02:41:22.566   459 25049 I resolv  : doQuery: rcode=0, ancount=1, return value=60
04-22 02:41:22.569   459 25050 I resolv  : res_nmkquery: (QUERY, IN, A)
04-22 02:41:22.569   459 25050 I resolv  : resolv_cache_lookup: FOUND IN CACHE entry=0xb400007d2ced1320
04-22 02:41:22.569   459 25050 I resolv  : doQuery: rcode=0, ancount=1, return value=48
04-22 02:41:23.063  1052 25035 D NetworkMonitor/101: PROBE_FALLBACK http://www.google.com/gen_204 time=499ms ret=204 request={Connection=[close], User-Agent=[Mozilla/5.0 (X11; Linux x86_64) AppleWebKit/537.36 (KHTML, like Gecko) Chrome/60.0.3112.32 Safari/537.36]} headers={null=[HTTP/1.1 204 No Content], Connection=[close], Content-Security-Policy=[object-src 'none';base-uri 'self';script-src 'nonce-YGCAOTWYWYNydLd7MS-RGA' 'strict-dynamic' 'report-sample' 'unsafe-eval' 'unsafe-inline' https: http:;report-uri https://csp.withgoogle.com/csp/gws/other], Content-Type=[text/html; charset=UTF-8], Date=[Tue, 21 Apr 2026 18:41:22 GMT], Permissions-Policy=[unload=()], Server=[gws], X-Android-Received-Millis=[1776796883063], X-Android-Response-Source=[NETWORK 204], X-Android-Selected-Protocol=[http/1.1], X-Android-Sent-Millis=[1776796882575], X-Frame-Options=[SAMEORIGIN], X-Xss-Protection=[0]}
04-22 02:41:24.086   683   858 W BestClock: java.time.DateTimeException: No network time available
04-22 02:41:24.086   683   858 W BestClock: java.time.DateTimeException: No network time available
04-22 02:41:24.086   683   858 W BestClock: java.time.DateTimeException: No network time available
04-22 02:41:24.086   683   858 W BestClock: java.time.DateTimeException: No network time available
04-22 02:41:24.086   683   858 W BestClock: java.time.DateTimeException: No network time available
04-22 02:41:24.088   683   858 D WifiClientModeImpl[9769:wlan0]: updateLinkLayerStatsRssiSpeedFrequencyCapabilities rssi=-50 TxLinkspeed=1 freq=2447 RxLinkSpeed=2
04-22 02:41:24.089   683   858 D WifiDataStall: tx tput in kbps: 11000
04-22 02:41:24.089   683   858 D WifiDataStall: rx tput in kbps: 11000
04-22 02:41:24.089   683   858 V WifiConfigManager: Updating scan detail cache freq=2447 BSSID=00:13:10:85:fe:01 RSSI=-50 for "AndroidWifi"NONE
04-22 02:41:24.089   683   858 D WifiThroughputPredictor:  utilization (LLS) 80 isBluetoothConnected: false final utilization: 80
04-22 02:41:24.089   683   858 D WifiThroughputPredictor:  BW: 0 RSSI: -50 Nss: 1 Mode: 1 symDur: 4000 snrDb 30 bitPerTone: 4500 rate: 54 throughput: 11
04-22 02:41:24.089   683   858 D WifiThroughputPredictor:  utilization (LLS) 80 isBluetoothConnected: false final utilization: 80
04-22 02:41:24.089   683   858 D WifiThroughputPredictor:  BW: 0 RSSI: -50 Nss: 1 Mode: 1 symDur: 4000 snrDb 30 bitPerTone: 4500 rate: 54 throughput: 11
04-22 02:41:24.090   683   858 D WifiThroughputPredictor:  utilization (LLS) 80 isBluetoothConnected: false final utilization: 80
04-22 02:41:24.090   683   858 D WifiThroughputPredictor:  BW: 0 RSSI: -50 Nss: 1 Mode: 1 symDur: 4000 snrDb 30 bitPerTone: 4500 rate: 54 throughput: 11
04-22 02:41:24.090   683   858 D WifiThroughputPredictor:  utilization (LLS) 80 isBluetoothConnected: false final utilization: 80
04-22 02:41:24.090   683   858 D WifiThroughputPredictor:  BW: 0 RSSI: -50 Nss: 1 Mode: 1 symDur: 4000 snrDb 30 bitPerTone: 4500 rate: 54 throughput: 11
04-22 02:41:24.090   683   858 D WifiScoreCard: BSSID update SIGNAL_POLL ID: 261501600 SSID: "AndroidWifi", BSSID: 00:13:10:85:fe:01, MAC: 02:15:b4:00:00:00, IP: /10.0.2.17, Security type: 0, Supplicant state: COMPLETED, Wi-Fi standard: legacy, RSSI: -50, Link speed: 1Mbps, Tx Link speed: 1Mbps, Max Supported Tx Link speed: 11Mbps, Rx Link speed: 2Mbps, Max Supported Rx Link speed: 11Mbps, Frequency: 2447MHz, Net ID: 0, Metered hint: false, score: 60, isUsable: true, CarrierMerged: false, SubscriptionId: -1, IsPrimary: 1, Trusted: true, Restricted: false, Ephemeral: false, OEM paid: false, OEM private: false, OSU AP: false, FQDN: <none>, Provider friendly name: <none>, Requesting package name: <none>"AndroidWifi"openMLO Information: , Is TID-To-Link negotiation supported by the AP: false, AP MLD Address: <none>, AP MLO Link Id: <none>, AP MLO Affiliated links: <none>, Vendor Data: <none>
04-22 02:41:24.091   683   858 D WifiScoreCard: txRate: 2 txSpeed: 1
04-22 02:41:24.091   683   858 D WifiScoreCard: network update SIGNAL_POLL "AndroidWifi" ID: 579418950 RSSI -50 txSpeed -1
04-22 02:41:24.091   683   858 D WifiClientModeImpl[9769:wlan0]:  ClientModeImpl$L2ConnectedState screen=on 1 0 "AndroidWifi" 00:13:10:85:fe:01 rssi=-50 f=2447 sc=60 link=1 tx=1.8, 0.0, 0.0 rx=1.7 bcn=0 [on:0 tx:0 rx:0 period:3009] from screen [on:0 period:-1319576453] score=60
04-22 02:41:24.563   235   235 I logd    : logdr: UID=2000 GID=2000 PID=25051 n tail=0 logMask=99 pid=0 start=0ns deadline=0ns
