04-22 01:25:36.493 20922 20989 I assembly.assembly.android.mixc-retail-rn84: [runtime.load] install kernel.base.ui-runtime-v2 {"moduleName":"kernel.base.ui-runtime-v2","stateSlices":["kernel.base.ui-runtime-v2.screen.main","kernel.base.ui-runtime-v2.screen.branch","kernel.base.ui-runtime-v2.overlay.main","kernel.base.ui-runtime-v2.overlay.branch","kernel.base.ui-runtime-v2.ui-variable.main","kernel.base.ui-runtime-v2.ui-variable.branch"],"commandNames":["kernel.base.ui-runtime-v2.register-screen-definitions","kernel.base.ui-runtime-v2.show-screen","kernel.base.ui-runtime-v2.replace-screen","kernel.base.ui-runtime-v2.reset-screen","kernel.base.ui-runtime-v2.open-overlay","kernel.base.ui-runtime-v2.close-overlay","kernel.base.ui-runtime-v2.clear-overlays","kernel.base.ui-runtime-v2.set-ui-variables","kernel.base.ui-runtime-v2.clear-ui-variables"]}
04-22 01:25:36.493 20922 20989 I MMKV    : <MMKV_IO.cpp:609::writeActualSize> [mixc-retail-assembly-rn84::state] increase sequence to 1, crc 1331902005, actualSize 4
04-22 01:25:36.493 20922 20989 I MMKV    : <MMKV_IO.cpp:530::expandAndWriteBack> extending [mixc-retail-assembly-rn84::state] file size from 4096 to 8192, incoming size:130, future usage:2752
04-22 01:25:36.493 20922 20989 I MMKV    : <MemoryFile.cpp:103::open> open fd[127], flag 0x7, /data/data/com.impos2.mixcretailassemblyrn84/files/mmkv/specialCharacter/cac4ff37f0f9b0189974948d3d3aa0fe
04-22 01:25:36.493 20922 20989 I MMKV    : <MemoryFile.cpp:250::mmapOrCleanup> mmap to address [0x7bc1fff000], oldPtr [0x7bc4a02000], [/data/data/com.impos2.mixcretailassemblyrn84/files/mmkv/specialCharacter/cac4ff37f0f9b0189974948d3d3aa0fe]
04-22 01:25:36.493 20922 20989 I MMKV    : <MemoryFile.cpp:109::close> closing fd[127], /data/data/com.impos2.mixcretailassemblyrn84/files/mmkv/specialCharacter/cac4ff37f0f9b0189974948d3d3aa0fe
04-22 01:25:36.493 20922 20989 I MMKV    : <MMKV_IO.cpp:609::writeActualSize> [mixc-retail-assembly-rn84::state] increase sequence to 2, crc 3203466632, actualSize 3988
04-22 01:25:36.493 20922 20989 I MMKV    : <MMKV.cpp:1208::sync> MMKV::sync, SyncFlag = 1
04-22 01:25:36.497 20922 20989 I assembly.assembly.android.mixc-retail-rn84: [runtime.load] install ui.base.runtime-react {"moduleName":"ui.base.runtime-react"}
04-22 01:25:36.497 20922 20989 I assembly.assembly.android.mixc-retail-rn84: [runtime.load] install ui.base.input-runtime {"moduleName":"ui.base.input-runtime"}
04-22 01:25:36.497 20922 20989 I assembly.assembly.android.mixc-retail-rn84: [runtime.load] install ui.base.admin-console {"moduleName":"ui.base.admin-console"}
04-22 01:25:36.497 20922 20989 I assembly.assembly.android.mixc-retail-rn84: [runtime.load] install ui.base.terminal-console {"moduleName":"ui.base.terminal-console"}
04-22 01:25:36.497 20922 20989 I assembly.assembly.android.mixc-retail-rn84: [runtime.load] install ui.integration.retail-shell {"moduleName":"ui.integration.retail-shell"}
04-22 01:25:36.497 20922 20989 I assembly.kernel.base.runtime-shell-v2.application.KernelRuntimeAppV2: [runtime.load] kernel runtime app v2 started {"runtimeName":"assembly.android.mixc-retail-rn84","moduleDescriptors":[{"moduleName":"assembly.android.mixc-retail-rn84","packageVersion":"1.0.0","dependencies":[],"stateSliceNames":[],"commandNames":[],"actorKeys":["assembly.android.mixc-retail-rn84.AssemblyRuntimeInitializeActor"],"errorKeys":[],"parameterKeys":[],"hasInstall":true,"hasPreSetup":true},{"moduleName":"kernel.base.topology-runtime-v3","packageVersion":"0.0.1","dependencies":[],"stateSliceNames":["kernel.base.topology-runtime-v3.config","kernel.base.topology-runtime-v3.context","kernel.base.topology-runtime-v3.connection","kernel.base.topology-runtime-v3.peer","kernel.base.topology-runtime-v3.sync","kernel.base.topology-runtime-v3.request-mirror","kernel.base.topology-runtime-v3.demo.master","kernel.base.topology-runtime-v3.demo.slave"],"commandNames":["kernel.base.topology-runtime-v3.set-instance-mode","kernel.base.topology-runtime-v3.set-display-mode","kernel.base.topology-runtime-v3.set-enable-slave","kernel.base.topology-runtime-v3.set-master-locator","kernel.base.topology-runtime-v3.clear-master-locator","kernel.base.topology-runtime-v3.refresh-topology-context","kernel.base.topology-runtime-v3.start-topology-connection","kernel.base.topology-runtime-v3.stop-topology-connection","kernel.base.topology-runtime-v3.restart-topology-connection","kernel.base.topology-runtime-v3.upsert-demo-master-entry","kernel.base.topology-runtime-v3.remove-demo-master-entry","kernel.base.topology-runtime-v3.reset-demo-master-state","kernel.base.topology-runtime-v3.upsert-demo-slave-entry","kernel.base.topology-runtime-v3.remove-demo-slave-entry","kernel.base.topology-runtime-v3.reset-demo-slave-state"],"actorKeys":["kernel.base.topology-runtime-v3.TopologyContextActor","kernel.base.topology-runtime-v3.TopologyConnectionActor","kernel.base.topology-runtime-v3.TopologyDemoSyncActor"],"errorKeys":["kernel.base.topology-runtime-v3.display_context_required","kernel.base.topology-runtime-v3.orchestrator_required","kernel.base.topology-runtime-v3.socket_binding_required","kernel.base.topology-runtime-v3.hello_runtime_required","kernel.base.topology-runtime-v3.action_not_allowed"],"parameterKeys":["kernel.base.topology-runtime-v3.reconnect-interval-ms"],"hasInstall":true,"hasPreSetup":true},{"moduleName":"kernel.base.tcp-control-runtime-v2","packageVersion":"0.0.1","dependencies":[],"stateSliceNames":["kernel.base.tcp-control-runtime-v2.identity","kernel.base.tcp-control-runtime-v2.credential","kernel.base.tcp-control-runtime-v2.binding","kernel.base.tcp-control-runtime-v2.sandbox","kernel.base.tcp-control-runtime-v2.runtime"],"commandNames":["kernel.base.tcp-control-runtime-v2.bootstrap-tcp-control","kernel.base.tcp-control-runtime-v2.bootstrap-tcp-control-succeeded","kernel.base.tcp-control-runtime-v2.activate-terminal","kernel.base.tcp-control-runtime-v2.activate-terminal-succeeded","kernel.base.tcp-control-runtime-v2.refresh-credential","kernel.base.tcp-control-runtime-v2.credential-refreshed","kernel.base.tcp-control-runtime-v2.deactivate-terminal","kernel.base.tcp-control-runtime-v2.deactivate-terminal-succeeded","kernel.base.tcp-control-runtime-v2.report-task-result","kernel.base.tcp-control-runtime-v2.task-result-reported","kernel.base.tcp-control-runtime-v2.reset-tcp-control"],"actorKeys":["kernel.base.tcp-control-runtime-v2.TcpBootstrapActor","kernel.base.tcp-control-runtime-v2.TcpActivationActor","kernel.base.tcp-control-runtime-v2.TcpCredentialActor","kernel.base.tcp-control-runtime-v2.TcpDeactivationActor","kernel.base.tcp-control-runtime-v2.TcpTaskReportActor","kernel.base.tcp-control-runtime-v2.TcpStateMutationActor"],"errorKeys":["kernel.base.tcp-control-runtime-v2.activation_code_invalid","kernel.base.tcp-control-runtime-v2.activation_failed","kernel.base.tcp-control-runtime-v2.credential_missing","kernel.base.tcp-control-runtime-v2.credential_expired","kernel.base.tcp-control-runtime-v2.refresh_failed","kernel.base.tcp
04-22 01:25:36.498 20922 20989 I MMKV    : <MMKV_IO.cpp:530::expandAndWriteBack> extending [mixc-retail-assembly-rn84::state] file size from 8192 to 16384, incoming size:318, future usage:4172
04-22 01:25:36.498 20922 20989 I MMKV    : <MemoryFile.cpp:103::open> open fd[127], flag 0x7, /data/data/com.impos2.mixcretailassemblyrn84/files/mmkv/specialCharacter/cac4ff37f0f9b0189974948d3d3aa0fe
04-22 01:25:36.498 20922 20989 I MMKV    : <MemoryFile.cpp:250::mmapOrCleanup> mmap to address [0x7bc1fbc000], oldPtr [0x7bc1fff000], [/data/data/com.impos2.mixcretailassemblyrn84/files/mmkv/specialCharacter/cac4ff37f0f9b0189974948d3d3aa0fe]
04-22 01:25:36.498 20922 20989 I MMKV    : <MemoryFile.cpp:109::close> closing fd[127], /data/data/com.impos2.mixcretailassemblyrn84/files/mmkv/specialCharacter/cac4ff37f0f9b0189974948d3d3aa0fe
04-22 01:25:36.498 20922 20989 I MMKV    : <MMKV_IO.cpp:609::writeActualSize> [mixc-retail-assembly-rn84::state] increase sequence to 3, crc 638428435, actualSize 7996
04-22 01:25:36.498 20922 20989 I MMKV    : <MMKV.cpp:1208::sync> MMKV::sync, SyncFlag = 1
04-22 01:25:36.501 20922 20989 I MMKV    : <MMKV_IO.cpp:530::expandAndWriteBack> extending [mixc-retail-assembly-rn84::state] file size from 16384 to 32768, incoming size:297, future usage:8154
04-22 01:25:36.501 20922 20989 I MMKV    : <MemoryFile.cpp:103::open> open fd[127], flag 0x7, /data/data/com.impos2.mixcretailassemblyrn84/files/mmkv/specialCharacter/cac4ff37f0f9b0189974948d3d3aa0fe
04-22 01:25:36.501 20922 20989 I MMKV    : <MemoryFile.cpp:250::mmapOrCleanup> mmap to address [0x7bbd5d7000], oldPtr [0x7bc1fbc000], [/data/data/com.impos2.mixcretailassemblyrn84/files/mmkv/specialCharacter/cac4ff37f0f9b0189974948d3d3aa0fe]
04-22 01:25:36.501 20922 20989 I MMKV    : <MemoryFile.cpp:109::close> closing fd[127], /data/data/com.impos2.mixcretailassemblyrn84/files/mmkv/specialCharacter/cac4ff37f0f9b0189974948d3d3aa0fe
04-22 01:25:36.501 20922 20989 I MMKV    : <MMKV_IO.cpp:609::writeActualSize> [mixc-retail-assembly-rn84::state] increase sequence to 4, crc 2265338044, actualSize 16300
04-22 01:25:36.501 20922 20989 I MMKV    : <MMKV.cpp:1208::sync> MMKV::sync, SyncFlag = 1
04-22 01:25:36.503 20922 20989 I MMKV    : <MMKV_IO.cpp:530::expandAndWriteBack> extending [mixc-retail-assembly-rn84::state] file size from 32768 to 65536, incoming size:338, future usage:10880
04-22 01:25:36.503 20922 20989 I MMKV    : <MemoryFile.cpp:103::open> open fd[127], flag 0x7, /data/data/com.impos2.mixcretailassemblyrn84/files/mmkv/specialCharacter/cac4ff37f0f9b0189974948d3d3aa0fe
04-22 01:25:36.503 20922 20989 I MMKV    : <MemoryFile.cpp:250::mmapOrCleanup> mmap to address [0x7bb58a4000], oldPtr [0x7bbd5d7000], [/data/data/com.impos2.mixcretailassemblyrn84/files/mmkv/specialCharacter/cac4ff37f0f9b0189974948d3d3aa0fe]
04-22 01:25:36.503 20922 20989 I MMKV    : <MemoryFile.cpp:109::close> closing fd[127], /data/data/com.impos2.mixcretailassemblyrn84/files/mmkv/specialCharacter/cac4ff37f0f9b0189974948d3d3aa0fe
04-22 01:25:36.503 20922 20989 I MMKV    : <MMKV_IO.cpp:609::writeActualSize> [mixc-retail-assembly-rn84::state] increase sequence to 5, crc 246862548, actualSize 21709
04-22 01:25:36.503 20922 20989 I MMKV    : <MMKV.cpp:1208::sync> MMKV::sync, SyncFlag = 1
04-22 01:25:36.505 20922 20989 I assembly.android.mixc-retail-rn84.boot: {"stage":"runtime.start:done","displayIndex":0,"displayCount":1}
04-22 01:25:36.505 20922 20989 I assembly.assembly.android.mixc-retail-rn84: [assembly.topology] Native topology host already matches desired lifecycle state {"displayCount":1,"displayIndex":0,"deviceId":"ZJ63NQELD9","instanceMode":"MASTER","enableSlave":false,"running":false,"reason":"not-master-or-single-primary-host"}
04-22 01:25:36.509 20922 20989 I assembly.android.mixc-retail-rn84.boot: {"stage":"automation.host:start","displayIndex":0,"displayCount":1,"target":"primary","host":"127.0.0.1","port":18584,"generation":"automation-host-2-17794049491359"}
04-22 01:25:36.517 20922 20989 I MMKV    : <MMKV_IO.cpp:609::writeActualSize> [mixc-retail-assembly-rn84::state] increase sequence to 6, crc 3122401677, actualSize 21721
04-22 01:25:36.517 20922 20989 I MMKV    : <MMKV.cpp:1208::sync> MMKV::sync, SyncFlag = 1
04-22 01:25:36.519 20922 20989 I assembly.android.mixc-retail-rn84.boot: {"stage":"app-load-complete:start","displayIndex":0}
04-22 01:25:36.519 20922 20989 I StartupAudit: app_load_complete displayIndex=0 pid=20922 time=2026-04-22 01:25:36.519
04-22 01:25:36.519 20922 20989 I StartupAudit: secondary_launch_scheduled pid=20922 time=2026-04-22 01:25:36.519
04-22 01:25:36.522 20922 20989 I MMKV    : <MMKV_IO.cpp:609::writeActualSize> [mixc-retail-assembly-rn84::state] increase sequence to 7, crc 2505621423, actualSize 21721
04-22 01:25:36.522 20922 20989 I MMKV    : <MMKV.cpp:1208::sync> MMKV::sync, SyncFlag = 1
04-22 01:25:36.530 20922 20989 I MMKV    : <MMKV_IO.cpp:609::writeActualSize> [mixc-retail-assembly-rn84::state] increase sequence to 8, crc 3506537414, actualSize 21721
04-22 01:25:36.530 20922 20989 I MMKV    : <MMKV.cpp:1208::sync> MMKV::sync, SyncFlag = 1
04-22 01:25:36.531 20922 20989 I assembly.android.mixc-retail-rn84.boot: {"stage":"app-load-complete:done","displayIndex":0}
04-22 01:25:36.533 20922 20989 I MMKV    : <MMKV_IO.cpp:609::writeActualSize> [mixc-retail-assembly-rn84::state] increase sequence to 9, crc 3864608021, actualSize 21721
04-22 01:25:36.533 20922 20989 I MMKV    : <MMKV.cpp:1208::sync> MMKV::sync, SyncFlag = 1
04-22 01:25:36.537 20922 20989 I MMKV    : <MMKV_IO.cpp:609::writeActualSize> [mixc-retail-assembly-rn84::state] increase sequence to 10, crc 2181422203, actualSize 21721
04-22 01:25:36.537 20922 20989 I MMKV    : <MMKV.cpp:1208::sync> MMKV::sync, SyncFlag = 1
04-22 01:25:36.543 20922 20989 I MMKV    : <MMKV_IO.cpp:609::writeActualSize> [mixc-retail-assembly-rn84::state] increase sequence to 11, crc 1683659854, actualSize 21721
04-22 01:25:36.543 20922 20989 I MMKV    : <MMKV.cpp:1208::sync> MMKV::sync, SyncFlag = 1
04-22 01:25:36.548 20922 20989 I MMKV    : <MMKV_IO.cpp:609::writeActualSize> [mixc-retail-assembly-rn84::state] increase sequence to 12, crc 1123302048, actualSize 21721
04-22 01:25:36.548 20922 20989 I MMKV    : <MMKV.cpp:1208::sync> MMKV::sync, SyncFlag = 1
04-22 01:25:36.552 20922 20989 I MMKV    : <MMKV_IO.cpp:609::writeActualSize> [mixc-retail-assembly-rn84::state] increase sequence to 13, crc 2113808647, actualSize 21721
04-22 01:25:36.552 20922 20989 I MMKV    : <MMKV.cpp:1208::sync> MMKV::sync, SyncFlag = 1
04-22 01:25:36.558   957  1041 V WindowManagerShell: Transition animation finished (aborted=false), notifying core (#113) android.os.BinderProxy@947509e@0
04-22 01:25:36.560 20922 20989 I MMKV    : <MMKV_IO.cpp:609::writeActualSize> [mixc-retail-assembly-rn84::state] increase sequence to 14, crc 180159668, actualSize 21721
04-22 01:25:36.560 20922 20989 I MMKV    : <MMKV.cpp:1208::sync> MMKV::sync, SyncFlag = 1
04-22 01:25:36.563  1096  1096 D VRI[NexusLauncherActivity]: visibilityChanged oldVisibility=true newVisibility=false
04-22 01:25:36.563   683   731 V WindowManager: Finish Transition (#113): created at 04-22 01:25:36.218 collect-started=0.01ms request-sent=6.105ms started=7.315ms ready=33.88ms sent=34.435ms commit=21.495ms finished=344.331ms
04-22 01:25:36.564   957  1041 V WindowManagerShell: Track 0 became idle
04-22 01:25:36.564   957  1041 V WindowManagerShell: All active transition animations finished
04-22 01:25:36.568 20922 20989 I MMKV    : <MMKV_IO.cpp:609::writeActualSize> [mixc-retail-assembly-rn84::state] increase sequence to 15, crc 1225816883, actualSize 21721
04-22 01:25:36.568 20922 20989 I MMKV    : <MMKV.cpp:1208::sync> MMKV::sync, SyncFlag = 1
04-22 01:25:36.573 20922 20989 I MMKV    : <MMKV_IO.cpp:609::writeActualSize> [mixc-retail-assembly-rn84::state] increase sequence to 16, crc 2398489643, actualSize 21721
04-22 01:25:36.573 20922 20989 I MMKV    : <MMKV.cpp:1208::sync> MMKV::sync, SyncFlag = 1
04-22 01:25:36.577  1096  1096 D NexusLauncherModelDelegate: notifySmartspaceEvent: SmartspaceTargetEvent{mSmartspaceTarget=null, mSmartspaceActionId='null', mEventType=7}
04-22 01:25:36.581  1096  1114 W System  : A resource failed to call release. 
04-22 01:25:36.581  1096  1114 W System  : A resource failed to call release. 
04-22 01:25:36.581  1096  1114 W System  : A resource failed to call release. 
04-22 01:25:36.581 20922 20989 I MMKV    : <MMKV_IO.cpp:609::writeActualSize> [mixc-retail-assembly-rn84::state] increase sequence to 17, crc 3940735298, actualSize 21721
04-22 01:25:36.581 20922 20989 I MMKV    : <MMKV.cpp:1208::sync> MMKV::sync, SyncFlag = 1
04-22 01:25:36.587 20922 20989 I MMKV    : <MMKV_IO.cpp:609::writeActualSize> [mixc-retail-assembly-rn84::state] increase sequence to 18, crc 1190680530, actualSize 21721
04-22 01:25:36.587 20922 20989 I MMKV    : <MMKV.cpp:1208::sync> MMKV::sync, SyncFlag = 1
04-22 01:25:36.592  1096  1096 D BaseDepthController: setSurface:
04-22 01:25:36.592  1096  1096 D BaseDepthController: 	mWaitingOnSurfaceValidity: false
04-22 01:25:36.592  1096  1096 D BaseDepthController: 	mBaseSurface: null
04-22 01:25:36.592  1096  1096 D BaseDepthController: mSurface is null and mCurrentBlur is: 0
04-22 01:25:36.592  1096  1096 D StateManager: goToState - fromState: Normal, toState: Normal, partial trace:
04-22 01:25:36.592  1096  1096 D StateManager: 	at com.android.launcher3.statemanager.StateManager.moveToRestState(go/retraceme 43e00d9cd0eb17b3d9dd30fc1741b1c71445c4c0f7c8c9b81300265c86c5b873:4)
04-22 01:25:36.592  1096  1096 D StateManager: 	at com.android.launcher3.statemanager.StateManager.moveToRestState(go/retraceme 43e00d9cd0eb17b3d9dd30fc1741b1c71445c4c0f7c8c9b81300265c86c5b873:1)
04-22 01:25:36.592  1096  1096 D StateManager: 	at com.android.launcher3.statemanager.StatefulActivity.onStop(go/retraceme 43e00d9cd0eb17b3d9dd30fc1741b1c71445c4c0f7c8c9b81300265c86c5b873:34)
04-22 01:25:36.592  1096  1096 D StatsLog: LAUNCHER_ONSTOP
04-22 01:25:36.592  1096  1096 D StatsLog: LAUNCHER_GOOGLE_SEARCH_RESTORE_LIST_SIZE_AFTER_ACTIVITY_RESTART
04-22 01:25:36.592   683  1755 I AppWidgetServiceImpl: setAppWidgetHidden() 0
04-22 01:25:36.595   683   912 D BackgroundInstallControlService: Package event received: 0
04-22 01:25:36.596 20922 20989 I MMKV    : <MMKV_IO.cpp:609::writeActualSize> [mixc-retail-assembly-rn84::state] increase sequence to 19, crc 2944268416, actualSize 21721
04-22 01:25:36.596 20922 20989 I MMKV    : <MMKV.cpp:1208::sync> MMKV::sync, SyncFlag = 1
04-22 01:25:36.602 20922 20989 I MMKV    : <MMKV_IO.cpp:609::writeActualSize> [mixc-retail-assembly-rn84::state] increase sequence to 20, crc 2924517203, actualSize 21721
04-22 01:25:36.602 20922 20989 I MMKV    : <MMKV.cpp:1208::sync> MMKV::sync, SyncFlag = 1
04-22 01:25:36.606 20922 20989 I MMKV    : <MMKV_IO.cpp:609::writeActualSize> [mixc-retail-assembly-rn84::state] increase sequence to 21, crc 1584131508, actualSize 21721
04-22 01:25:36.606 20922 20989 I MMKV    : <MMKV.cpp:1208::sync> MMKV::sync, SyncFlag = 1
04-22 01:25:36.614 20922 20989 I MMKV    : <MMKV_IO.cpp:609::writeActualSize> [mixc-retail-assembly-rn84::state] increase sequence to 22, crc 39125540, actualSize 21721
04-22 01:25:36.614 20922 20989 I MMKV    : <MMKV.cpp:1208::sync> MMKV::sync, SyncFlag = 1
04-22 01:25:36.620 20922 20989 I MMKV    : <MMKV_IO.cpp:609::writeActualSize> [mixc-retail-assembly-rn84::state] increase sequence to 23, crc 4098851351, actualSize 21721
04-22 01:25:36.620 20922 20989 I MMKV    : <MMKV.cpp:1208::sync> MMKV::sync, SyncFlag = 1
04-22 01:25:36.627 20922 20989 I MMKV    : <MMKV_IO.cpp:609::writeActualSize> [mixc-retail-assembly-rn84::state] increase sequence to 24, crc 816536545, actualSize 21721
04-22 01:25:36.627 20922 20989 I MMKV    : <MMKV.cpp:1208::sync> MMKV::sync, SyncFlag = 1
04-22 01:25:36.633 20922 20989 I MMKV    : <MMKV_IO.cpp:609::writeActualSize> [mixc-retail-assembly-rn84::state] increase sequence to 25, crc 3853933593, actualSize 21721
04-22 01:25:36.633 20922 20989 I MMKV    : <MMKV.cpp:1208::sync> MMKV::sync, SyncFlag = 1
04-22 01:25:36.639 20922 20989 I MMKV    : <MMKV_IO.cpp:609::writeActualSize> [mixc-retail-assembly-rn84::state] increase sequence to 26, crc 1113712198, actualSize 21721
04-22 01:25:36.639 20922 20989 I MMKV    : <MMKV.cpp:1208::sync> MMKV::sync, SyncFlag = 1
04-22 01:25:36.646 20922 20989 I MMKV    : <MMKV_IO.cpp:609::writeActualSize> [mixc-retail-assembly-rn84::state] increase sequence to 27, crc 1331851842, actualSize 21721
04-22 01:25:36.646 20922 20989 I MMKV    : <MMKV.cpp:1208::sync> MMKV::sync, SyncFlag = 1
04-22 01:25:36.753  1096  1096 W FrameTracker: Missed App frame:UNKNOWN: 3, 6535405, 33644283, CUJ=J<TASKBAR_COLLAPSE::Home to App>
04-22 01:25:36.753  1096  1096 W FrameTracker: Missed SF frame:UNKNOWN: 3, 6535405, 33644283, CUJ=J<TASKBAR_COLLAPSE::Home to App>
04-22 01:25:36.753  1096  1096 W FrameTracker: Missed SF frame:JANK_COMPOSER, 6535434, 20812117, CUJ=J<TASKBAR_COLLAPSE::Home to App>
04-22 01:25:36.753  1096  1096 W FrameTracker: Missed SF frame:JANK_COMPOSER, 6535463, 17355826, CUJ=J<TASKBAR_COLLAPSE::Home to App>
04-22 01:25:36.753  1096  1096 W FrameTracker: Missed SF frame:JANK_COMPOSER, 6535485, 26683994, CUJ=J<TASKBAR_COLLAPSE::Home to App>
04-22 01:25:36.753  1096  1096 W FrameTracker: Missed SF frame:JANK_COMPOSER, 6535528, 10020244, CUJ=J<TASKBAR_COLLAPSE::Home to App>
04-22 01:25:36.753  1096  1096 W FrameTracker: Missed SF frame:JANK_COMPOSER, 6535550, 24297495, CUJ=J<TASKBAR_COLLAPSE::Home to App>
04-22 01:25:36.753  1096  1096 W FrameTracker: Missed SF frame:JANK_COMPOSER, 6535579, 24338746, CUJ=J<TASKBAR_COLLAPSE::Home to App>
04-22 01:25:36.753  1096  1096 W FrameTracker: Missed SF frame:JANK_COMPOSER, 6535601, 20497913, CUJ=J<TASKBAR_COLLAPSE::Home to App>
04-22 01:25:36.753  1096  1096 W FrameTracker: Missed SF frame:JANK_COMPOSER, 6535644, 21713205, CUJ=J<TASKBAR_COLLAPSE::Home to App>
04-22 01:25:36.753  1096  1096 W FrameTracker: Missed SF frame:JANK_COMPOSER, 6535673, 20319289, CUJ=J<TASKBAR_COLLAPSE::Home to App>
04-22 01:25:36.753  1096  1096 W FrameTracker: Missed SF frame:JANK_COMPOSER, 6535716, 20634248, CUJ=J<TASKBAR_COLLAPSE::Home to App>
04-22 01:25:36.753  1096  1096 W FrameTracker: Missed SF frame:JANK_COMPOSER, 6535759, 21502541, CUJ=J<TASKBAR_COLLAPSE::Home to App>
04-22 01:25:36.753  1096  1096 W FrameTracker: Missed SF frame:JANK_COMPOSER, 6535802, 20698750, CUJ=J<TASKBAR_COLLAPSE::Home to App>
04-22 01:25:36.753  1096  1096 W FrameTracker: Missed SF frame:JANK_COMPOSER, 6535852, 20451500, CUJ=J<TASKBAR_COLLAPSE::Home to App>
04-22 01:25:36.753  1096  1096 W FrameTracker: Missed SF frame:JANK_COMPOSER, 6535888, 19930876, CUJ=J<TASKBAR_COLLAPSE::Home to App>
04-22 01:25:36.753  1096  1096 W FrameTracker: Missed SF frame:JANK_COMPOSER, 6535924, 20847418, CUJ=J<TASKBAR_COLLAPSE::Home to App>
04-22 01:25:36.753  1096  1096 W FrameTracker: Missed SF frame:JANK_COMPOSER, 6535960, 21575002, CUJ=J<TASKBAR_COLLAPSE::Home to App>
04-22 01:25:36.753  1096  1096 W FrameTracker: Missed SF frame:JANK_COMPOSER, 6535996, 27449420, CUJ=J<TASKBAR_COLLAPSE::Home to App>
04-22 01:25:36.753  1096  1096 W FrameTracker: Missed SF frame:JANK_COMPOSER, 6536039, 21941920, CUJ=J<TASKBAR_COLLAPSE::Home to App>
04-22 01:25:36.753  1096  1096 W FrameTracker: Missed SF frame:JANK_COMPOSER, 6536068, 20482088, CUJ=J<TASKBAR_COLLAPSE::Home to App>
04-22 01:25:36.753  1096  1096 W FrameTracker: Missed SF frame:JANK_COMPOSER, 6536104, 21070255, CUJ=J<TASKBAR_COLLAPSE::Home to App>
04-22 01:25:36.753  1096  1096 W FrameTracker: Missed SF frame:JANK_COMPOSER, 6536147, 20441464, CUJ=J<TASKBAR_COLLAPSE::Home to App>
04-22 01:25:36.753  1096  1096 W FrameTracker: Missed SF frame:JANK_COMPOSER, 6536176, 19734215, CUJ=J<TASKBAR_COLLAPSE::Home to App>
04-22 01:25:36.753  1096  1096 W FrameTracker: Missed SF frame:JANK_COMPOSER, 6536205, 19964549, CUJ=J<TASKBAR_COLLAPSE::Home to App>
04-22 01:25:36.753  1096  1096 W FrameTracker: Missed SF frame:JANK_COMPOSER, 6536234, 20337466, CUJ=J<TASKBAR_COLLAPSE::Home to App>
04-22 01:25:36.753  1096  1096 W FrameTracker: Missed SF frame:JANK_COMPOSER, 6536263, 34995300, CUJ=J<TASKBAR_COLLAPSE::Home to App>
04-22 01:25:36.753  1096  1133 V PerfettoTrigger: Not triggering com.android.telemetry.interaction-jank-monitor-61 - not enough time since last trigger
04-22 01:25:36.777   582  5370 W IPCThreadState: Sending oneway calls to frozen process.
04-22 01:25:36.792 20922 20996 W InteractionJankMonitor: Initializing without READ_DEVICE_CONFIG permission. enabled=true, interval=1, missedFrameThreshold=3, frameTimeThreshold=64, package=com.impos2.mixcretailassemblyrn84
04-22 01:25:36.886  1283  2168 I FontLog : Received query Noto Color Emoji Compat, URI content://com.google.android.gms.fonts [CONTEXT service_id=132 ]
04-22 01:25:36.886  1283  2168 I FontLog : Query [emojicompat-emoji-font] resolved to {Noto Color Emoji Compat, wdth 100.0, wght 400, ital 0.0, bestEffort false}, isVf false} [CONTEXT service_id=132 ]
04-22 01:25:36.886  1283  2168 I FontLog : Fetch {Noto Color Emoji Compat, wdth 100.0, wght 400, ital 0.0, bestEffort false}, isVf false} end status Status{statusCode=SUCCESS, resolution=null} [CONTEXT service_id=132 ]
04-22 01:25:36.888  1283  2168 I FontLog : Pulling font file for id = 32, cache size = 4 [CONTEXT service_id=132 ]
04-22 01:25:36.891  1283  2168 I FontLog : Pulling font file for id = 32, cache size = 4 [CONTEXT service_id=132 ]
04-22 01:25:36.979   459 21015 I resolv  : ResNSendHandler::run: 0 / {101 983141 101 983141 1073 1}
04-22 01:25:36.979   459 21016 I resolv  : ResNSendHandler::run: 0 / {101 983141 101 983141 1073 1}
04-22 01:25:36.982   459 21017 I resolv  : ResNSendHandler::run: 0 / {101 983141 101 983141 1073 1}
04-22 01:25:36.982   459 21018 I resolv  : ResNSendHandler::run: 0 / {101 983141 101 983141 1073 1}
04-22 01:25:36.982   459 21017 I resolv  : resolv_cache_lookup: FOUND IN CACHE entry=0xb400007d2ced1320
04-22 01:25:36.982   459 21018 I resolv  : resolv_cache_lookup: FOUND IN CACHE entry=0xb400007e7cecea90
04-22 01:25:37.298   683   739 W IPCThreadState: Sending oneway calls to frozen process.
04-22 01:25:37.298  1096  1142 D PackageUpdatedTask: Package updated: mOp=UPDATE packages=[com.google.android.apps.docs], user=UserHandle{0}
04-22 01:25:37.299  1086  1086 D CarrierSvcBindHelper: onPackageModified: com.google.android.apps.docs
04-22 01:25:37.299  1086  1086 D CarrierSvcBindHelper: No carrier app for: 0
04-22 01:25:37.300  1638 21019 I AiAiEcho: AppIndexer Package:[com.google.android.apps.docs] UserProfile:[0] Enabled:[true].
04-22 01:25:37.300  1638 21019 I AiAiEcho: AppFetcherImplV2 updateApps package:[com.google.android.apps.docs], userId:[0], reason:[package is updated.].
04-22 01:25:37.300   683   833 I system_server: AssetManager2(0xb400007aa8cdae98) locale list changing from [] to [en-US]
04-22 01:25:37.301  1086  1298 I SatelliteAppTracker: onPackageModified : com.google.android.apps.docs
04-22 01:25:37.301   957   957 D ControlsListingControllerImpl: ServiceConfig reloaded, count: 0
04-22 01:25:37.302  1086  1086 E SmsApplication: com.google.android.apps.messaging lost android:read_cell_broadcasts:  (fixing)
04-22 01:25:37.302   683  1149 W AppOpService: Ignored setUidMode call for runtime permission app op: uid = 10146, code = READ_CELL_BROADCASTS, mode = allow, callingUid = 1001, oldMode = allow
04-22 01:25:37.302   683   891 I AppWidgetServiceImpl: Received broadcast: android.intent.action.PACKAGE_CHANGED on user 0
04-22 01:25:37.303   683   891 D AppWidgetServiceImpl: Trying to notify widget providers changed
04-22 01:25:37.304   683   911 D ShortcutService: received package broadcast intent: Intent { act=android.intent.action.PACKAGE_CHANGED dat=package: flg=0x45000010 (has extras) }
04-22 01:25:37.304   683   911 D ShortcutService: changing package: com.google.android.apps.docs userId=0
04-22 01:25:37.305   683   833 I system_server: AssetManager2(0xb400007aa8ce7698) locale list changing from [] to [en-US]
04-22 01:25:37.305   683   911 I system_server: AssetManager2(0xb400007aa8ceabb8) locale list changing from [] to [en-US]
04-22 01:25:37.306   683   911 E system_server: No package ID 7f found for resource ID 0x7f0803b2.
04-22 01:25:37.306   683   911 E system_server: No package ID 7f found for resource ID 0x7f150798.
04-22 01:25:37.306   683   833 I system_server: AssetManager2(0xb400007aa8cec7d8) locale list changing from [] to [en-US]
04-22 01:25:37.306   683   911 E system_server: No package ID 7f found for resource ID 0x7f150798.
04-22 01:25:37.307   683   911 E system_server: No package ID 7f found for resource ID 0x7f0803ae.
04-22 01:25:37.308   683   911 E system_server: No package ID 7f found for resource ID 0x7f150796.
04-22 01:25:37.308   683   911 E system_server: No package ID 7f found for resource ID 0x7f150796.
04-22 01:25:37.308   683   911 E system_server: No package ID 7f found for resource ID 0x7f0803b0.
04-22 01:25:37.308   683   911 E system_server: No package ID 7f found for resource ID 0x7f150797.
04-22 01:25:37.308   683   911 E system_server: No package ID 7f found for resource ID 0x7f150797.
04-22 01:25:37.308   683   911 W ShortcutService: Invalid tag 'capability' found at depth 2
04-22 01:25:37.308   683   911 E ShortcutService: Ignoring excessive intent tag.
04-22 01:25:37.308   683   911 W ShortcutService: Invalid tag 'parameter' found at depth 4
04-22 01:25:37.308   683   911 W ShortcutService: Invalid tag 'capability' found at depth 2
04-22 01:25:37.308   683   911 W ShortcutService: Invalid tag 'slice' found at depth 3
04-22 01:25:37.308   683   911 W ShortcutService: Invalid tag 'url-template' found at depth 4
04-22 01:25:37.308   683   912 D BackgroundInstallControlService: Package event received: 0
04-22 01:25:37.309   683   912 D BackgroundInstallControlService: Package event received: 0
04-22 01:25:37.309   683   734 I system_server: AssetManager2(0xb400007aa8ceaed8) locale list changing from [] to [en-US]
04-22 01:25:37.310   683  6693 W AppOpService: Ignored setUidMode call for runtime permission app op: uid = 1001, code = READ_SMS, mode = allow, callingUid = 1001, oldMode = allow
04-22 01:25:37.310   683   739 I system_server: AssetManager2(0xb400007aa8cdfcb8) locale list changing from [] to [en-US]
04-22 01:25:37.310   683  1755 W AppOpService: Ignored setUidMode call for runtime permission app op: uid = 1001, code = RECEIVE_SMS, mode = allow, callingUid = 1001, oldMode = allow
04-22 01:25:37.310  1396  1407 I PermissionControllerServiceImpl: Updating user sensitive for uid 10157
04-22 01:25:37.310   683  1149 W AppOpService: Ignored setUidMode call for runtime permission app op: uid = 1001, code = RECEIVE_WAP_PUSH, mode = allow, callingUid = 1001, oldMode = allow
04-22 01:25:37.311   683   833 I system_server: AssetManager2(0xb400007aa8ce8c78) locale list changing from [] to [en-US]
04-22 01:25:37.311   683  1149 W AppOpService: Ignored setUidMode call for runtime permission app op: uid = 1001, code = SEND_SMS, mode = allow, callingUid = 1001, oldMode = allow
04-22 01:25:37.311  1096  1142 I s.nexuslauncher: AssetManager2(0xb400007aa8c212b8) locale list changing from [] to [en-US]
04-22 01:25:37.311   683   833 V AccessibilityManagerService: onUserStateChangedLocked for userId: 0, forceUpdate: false
04-22 01:25:37.311   683  1755 W AppOpService: Ignored setUidMode call for runtime permission app op: uid = 1001, code = READ_CELL_BROADCASTS, mode = allow, callingUid = 1001, oldMode = allow
04-22 01:25:37.311   683   739 I system_server: AssetManager2(0xb400007aa8ce95d8) locale list changing from [] to [en-US]
04-22 01:25:37.313  1096  1142 W HWUI    : Image decoding logging dropped!
04-22 01:25:37.313   683   833 W MagnificationConnectionManager: requestConnection duplicated request: connect=false, mConnectionState=DISCONNECTED
04-22 01:25:37.313   683   683 W IPCThreadState: Sending oneway calls to frozen process.
04-22 01:25:37.313   683   683 W IPCThreadState: Sending oneway calls to frozen process.
04-22 01:25:37.313   683   683 W IPCThreadState: Sending oneway calls to frozen process.
04-22 01:25:37.313   683   683 W IPCThreadState: Sending oneway calls to frozen process.
04-22 01:25:37.313   683   683 W IPCThreadState: Sending oneway calls to frozen process.
04-22 01:25:37.313   683   683 W IPCThreadState: Sending oneway calls to frozen process.
04-22 01:25:37.314   683   683 W IPCThreadState: Sending oneway calls to frozen process.
04-22 01:25:37.314  1086  1286 D ImsResolver: maybeAddedImsService, packageName: com.google.android.apps.docs
04-22 01:25:37.314  1086  1286 V ImsResolver: searchForImsServices: package=com.google.android.apps.docs, users=[UserHandle{0}]
04-22 01:25:37.315  1086  1286 V ImsResolver: searchForImsServices: package=com.google.android.apps.docs, users=[UserHandle{0}]
04-22 01:25:37.316  1086  1086 D SatelliteController: packageStateChanged: package:com.google.android.apps.docs DefaultSmsPackageName:com.google.android.apps.messaging
04-22 01:25:37.316  1086  1086 V SatelliteController: Neither SMS or SatelliteGateway package
04-22 01:25:37.318  1086  1086 E SmsApplication: com.google.android.apps.messaging lost android:read_cell_broadcasts:  (fixing)
04-22 01:25:37.319   683  1874 W AppOpService: Ignored setUidMode call for runtime permission app op: uid = 10146, code = READ_CELL_BROADCASTS, mode = allow, callingUid = 1001, oldMode = allow
04-22 01:25:37.319   683  1874 W AppOpService: Ignored setUidMode call for runtime permission app op: uid = 1001, code = READ_SMS, mode = allow, callingUid = 1001, oldMode = allow
04-22 01:25:37.320   683  1874 W AppOpService: Ignored setUidMode call for runtime permission app op: uid = 1001, code = RECEIVE_SMS, mode = allow, callingUid = 1001, oldMode = allow
04-22 01:25:37.320   683  1149 W AppOpService: Ignored setUidMode call for runtime permission app op: uid = 1001, code = RECEIVE_WAP_PUSH, mode = allow, callingUid = 1001, oldMode = allow
04-22 01:25:37.320   683  1149 W AppOpService: Ignored setUidMode call for runtime permission app op: uid = 1001, code = SEND_SMS, mode = allow, callingUid = 1001, oldMode = allow
04-22 01:25:37.320   683  1149 W AppOpService: Ignored setUidMode call for runtime permission app op: uid = 1001, code = READ_CELL_BROADCASTS, mode = allow, callingUid = 1001, oldMode = allow
04-22 01:25:37.321  1086  1086 D SatelliteAccessController: Current default SMS app:ComponentInfo{com.google.android.apps.messaging/com.google.android.apps.messaging.shared.receiver.SmsDeliverReceiver}
04-22 01:25:37.321  1086  1086 D SatelliteController: getSelectedSatelliteSubId: subId=-1
04-22 01:25:37.321  1086  1086 D SatelliteAccessController: supportedMsgApps:com.google.android.apps.messaging
04-22 01:25:37.329   459   537 I netd    : tetherGetStats() -> {[]} <0.32ms>
04-22 01:25:37.330  1096  1896 W HWUI    : Failed to choose config with EGL_SWAP_BEHAVIOR_PRESERVED, retrying without...
04-22 01:25:37.330  1096  1896 W HWUI    : Failed to initialize 101010-2 format, error = EGL_SUCCESS
04-22 01:25:37.332  1096  1142 W HWUI    : Image decoding logging dropped!
04-22 01:25:37.332  1096  1142 D AlphabeticIndexCompat: computeSectionName: cs: Drive sectionName: D
04-22 01:25:37.334  1096  1096 D AllAppsStore: setApps: apps.length=19
04-22 01:25:37.334  1096  1096 D AllAppsStore: notifyUpdate: notifying listeners
04-22 01:25:37.334  1096  1096 D ActivityAllAppsContainerView: onAppsUpdated; number of apps: 19
04-22 01:25:37.334  1096  1096 D ActivityAllAppsContainerView: rebindAdapters: force: false
04-22 01:25:37.334  1096  1096 D ActivityAllAppsContainerView: rebindAdapters: Not needed.
04-22 01:25:37.334  1096  1096 D StatsLog: LAUNCHER_ALLAPPS_COUNT
04-22 01:25:37.334  1096  1096 D AlphabeticalAppsList: Clearing FastScrollerSections.
04-22 01:25:37.335  1096  1096 D AlphabeticalAppsList: Adding apps with sections. HasPrivateApps: false
04-22 01:25:37.335  1096  1096 D AlphabeticalAppsList: addAppsWithSections: adding sectionName: C with appInfoTitle: Calendar
04-22 01:25:37.335  1096  1096 D AlphabeticalAppsList: addAppsWithSections: adding sectionName: D with appInfoTitle: Drive
04-22 01:25:37.335  1096  1096 D AlphabeticalAppsList: addAppsWithSections: adding sectionName: F with appInfoTitle: Files
04-22 01:25:37.335  1096  1096 D AlphabeticalAppsList: addAppsWithSections: adding sectionName: G with appInfoTitle: Gmail
04-22 01:25:37.335  1096  1096 D AlphabeticalAppsList: addAppsWithSections: adding sectionName: M with appInfoTitle: Maps
04-22 01:25:37.335  1096  1096 D AlphabeticalAppsList: addAppsWithSections: adding sectionName: P with appInfoTitle: Phone
04-22 01:25:37.335  1096  1096 D AlphabeticalAppsList: addAppsWithSections: adding sectionName: S with appInfoTitle: Safety
04-22 01:25:37.335  1096  1096 D AlphabeticalAppsList: addAppsWithSections: adding sectionName: T with appInfoTitle: TMoble
04-22 01:25:37.335  1096  1096 D AlphabeticalAppsList: addAppsWithSections: adding sectionName: Y with appInfoTitle: YouTube
04-22 01:25:37.335  1096  1096 D AlphabeticalAppsList: Adding FastScrollSection duplicate to scroll to the bottom.
04-22 01:25:37.336  1096  1096 D AlphabeticalAppsList: Clearing FastScrollerSections.
04-22 01:25:37.336  1096  1096 D AlphabeticalAppsList: Adding apps with sections. HasPrivateApps: false
04-22 01:25:37.336  1096  1096 D AlphabeticalAppsList: addAppsWithSections: adding sectionName: C with appInfoTitle: Calendar
04-22 01:25:37.336  1096  1096 D AlphabeticalAppsList: addAppsWithSections: adding sectionName: D with appInfoTitle: Drive
04-22 01:25:37.336  1096  1096 D AlphabeticalAppsList: addAppsWithSections: adding sectionName: F with appInfoTitle: Files
04-22 01:25:37.336  1096  1096 D AlphabeticalAppsList: addAppsWithSections: adding sectionName: G with appInfoTitle: Gmail
04-22 01:25:37.336  1096  1096 D AlphabeticalAppsList: addAppsWithSections: adding sectionName: M with appInfoTitle: Maps
04-22 01:25:37.336  1096  1096 D AlphabeticalAppsList: addAppsWithSections: adding sectionName: P with appInfoTitle: Phone
04-22 01:25:37.336  1096  1096 D AlphabeticalAppsList: addAppsWithSections: adding sectionName: S with appInfoTitle: Safety
04-22 01:25:37.336  1096  1096 D AlphabeticalAppsList: addAppsWithSections: adding sectionName: T with appInfoTitle: TMoble
04-22 01:25:37.336  1096  1096 D AlphabeticalAppsList: addAppsWithSections: adding sectionName: Y with appInfoTitle: YouTube
04-22 01:25:37.336  1096  1096 D AlphabeticalAppsList: Adding FastScrollSection duplicate to scroll to the bottom.
04-22 01:25:37.341   683  1149 I AppWidgetServiceImpl: getInstalledProvidersForProfiles() 0
04-22 01:25:37.343   683  1149 W ParceledListSlice: Element #26 is 20848 bytes.
04-22 01:25:37.343   683  1149 W ParceledListSlice: Element #27 is 20884 bytes.
04-22 01:25:37.343   683  1149 W ParceledListSlice: Element #28 is 20724 bytes.
04-22 01:25:37.343   683  1149 W ParceledListSlice: Element #29 is 20812 bytes.
04-22 01:25:37.343   683  1149 W ParceledListSlice: Element #30 is 20748 bytes.
04-22 01:25:37.343  1096  1096 D b/387844520: getOutlineOffsetX: measured width = 132, mNormalizedIconSize = 121, last updated width = 132
04-22 01:25:37.343  1096  1096 D b/387844520: getOutlineOffsetX: measured width = 132, mNormalizedIconSize = 121, last updated width = 132
04-22 01:25:37.345  1096  1142 W HWUI    : Image decoding logging dropped!
04-22 01:25:37.346  1096  1142 W HWUI    : Image decoding logging dropped!
04-22 01:25:37.348  1096  1142 I s.nexuslauncher: AssetManager2(0xb400007aa8c936d8) locale list changing from [] to [en-US]
04-22 01:25:37.348  1096  1142 W HWUI    : Image decoding logging dropped!
04-22 01:25:37.348  1096  1142 W HWUI    : Image decoding logging dropped!
04-22 01:25:37.349  1096  1142 W HWUI    : Image decoding logging dropped!
04-22 01:25:37.350  1096  1142 W HWUI    : Image decoding logging dropped!
04-22 01:25:37.352  1096  1142 I s.nexuslauncher: AssetManager2(0xb400007aa8c87838) locale list changing from [] to [en-US]
04-22 01:25:37.353  1096  1142 W HWUI    : Image decoding logging dropped!
04-22 01:25:37.355  1096  1142 W HWUI    : Image decoding logging dropped!
04-22 01:25:37.358  1096  1142 W HWUI    : Image decoding logging dropped!
04-22 01:25:37.364  1096  1142 D AlphabeticIndexCompat: computeSectionName: cs: Settings sectionName: S
04-22 01:25:37.364  1096  1142 D AlphabeticIndexCompat: computeSectionName: cs: Photos sectionName: P
04-22 01:25:37.364  1096  1142 D AlphabeticIndexCompat: computeSectionName: cs: Battery sectionName: B
04-22 01:25:37.365  1096  1142 D AlphabeticIndexCompat: computeSectionName: cs: Chrome sectionName: C
04-22 01:25:37.365  1096  1142 D AlphabeticIndexCompat: computeSectionName: cs: Gmail sectionName: G
04-22 01:25:37.365  1096  1142 D AlphabeticIndexCompat: computeSectionName: cs: Drive sectionName: D
04-22 01:25:37.365  1096  1142 D AlphabeticIndexCompat: computeSectionName: cs: Clock sectionName: C
04-22 01:25:37.365  1096  1142 D AlphabeticIndexCompat: computeSectionName: cs: Contacts sectionName: C
04-22 01:25:37.365  1096  1142 D AlphabeticIndexCompat: computeSectionName: cs: Calendar sectionName: C
04-22 01:25:37.365  1096  1142 D AlphabeticIndexCompat: computeSectionName: cs: Maps sectionName: M
04-22 01:25:37.365  1096  1142 D AlphabeticIndexCompat: computeSectionName: cs: YouTube Music sectionName: Y
04-22 01:25:37.366  1096  1142 D AlphabeticIndexCompat: computeSectionName: cs: YouTube sectionName: Y
04-22 01:25:37.366  1096  1142 D AlphabeticIndexCompat: computeSectionName: cs: Google sectionName: G
04-22 01:25:37.366  1096  1142 D AlphabeticIndexCompat: computeSectionName: cs: Digital Wellbeing sectionName: D
04-22 01:25:37.366  1096  1142 D AlphabeticIndexCompat: computeSectionName: cs: Conversations sectionName: C
04-22 01:25:37.474   459 21015 I resolv  : res_nsend: used send_dg 117 terrno: 0
04-22 01:25:37.474   459 21016 I resolv  : res_nsend: used send_dg 60 terrno: 0
04-22 01:25:37.476  1052 21013 D NetworkMonitor/101: PROBE_DNS www.google.com 499ms OK 69.171.235.22,2001::1
04-22 01:25:37.476  1052 21014 D NetworkMonitor/101: PROBE_DNS connectivitycheck.gstatic.com 499ms OK 114.250.65.34
04-22 01:25:37.477   459 21022 I resolv  : GetAddrInfoHandler::run: {101 983141 101 983141 1073 1}
04-22 01:25:37.477   459 21023 I resolv  : GetAddrInfoHandler::run: {101 983141 101 983141 1073 1}
04-22 01:25:37.477   459 21024 I resolv  : res_nmkquery: (QUERY, IN, AAAA)
04-22 01:25:37.477   459 21024 I resolv  : resolv_cache_lookup: FOUND IN CACHE entry=0xb400007cdced0e50
04-22 01:25:37.477   459 21024 I resolv  : doQuery: rcode=0, ancount=1, return value=60
04-22 01:25:37.477   459 21025 I resolv  : res_nmkquery: (QUERY, IN, AAAA)
04-22 01:25:37.477   459 21025 I resolv  : resolv_cache_lookup: FOUND IN CACHE entry=0xb400007d0cedbed0
04-22 01:25:37.477   459 21025 I resolv  : doQuery: rcode=0, ancount=0, return value=117
04-22 01:25:37.477   459 21027 I resolv  : res_nmkquery: (QUERY, IN, A)
04-22 01:25:37.477   459 21027 I resolv  : resolv_cache_lookup: FOUND IN CACHE entry=0xb400007e7cecea90
04-22 01:25:37.477   459 21027 I resolv  : doQuery: rcode=0, ancount=1, return value=63
04-22 01:25:37.478   459 21026 I resolv  : res_nmkquery: (QUERY, IN, A)
04-22 01:25:37.478   459 21026 I resolv  : resolv_cache_lookup: FOUND IN CACHE entry=0xb400007d2ced1320
04-22 01:25:37.478   459 21026 I resolv  : doQuery: rcode=0, ancount=1, return value=48
04-22 01:25:37.974  1052 21014 D NetworkMonitor/101: PROBE_HTTP http://connectivitycheck.gstatic.com/generate_204 time=498ms ret=204 request={Connection=[close], User-Agent=[Mozilla/5.0 (X11; Linux x86_64) AppleWebKit/537.36 (KHTML, like Gecko) Chrome/60.0.3112.32 Safari/537.36]} headers={null=[HTTP/1.1 204 No Content], Connection=[close], Cross-Origin-Resource-Policy=[cross-origin], Date=[Tue, 21 Apr 2026 17:25:37 GMT], X-Android-Received-Millis=[1776792337974], X-Android-Response-Source=[NETWORK 204], X-Android-Selected-Protocol=[http/1.1], X-Android-Sent-Millis=[1776792337481]}
04-22 01:25:38.656   683   858 W BestClock: java.time.DateTimeException: No network time available
04-22 01:25:38.657   683   858 W BestClock: java.time.DateTimeException: No network time available
04-22 01:25:38.657   683   858 W BestClock: java.time.DateTimeException: No network time available
04-22 01:25:38.657   683   858 W BestClock: java.time.DateTimeException: No network time available
04-22 01:25:38.657   683   858 W BestClock: java.time.DateTimeException: No network time available
04-22 01:25:38.658   683   858 D WifiClientModeImpl[9769:wlan0]: updateLinkLayerStatsRssiSpeedFrequencyCapabilities rssi=-50 TxLinkspeed=1 freq=2447 RxLinkSpeed=2
04-22 01:25:38.658   683   858 D WifiDataStall: tx tput in kbps: 11000
04-22 01:25:38.658   683   858 D WifiDataStall: rx tput in kbps: 11000
04-22 01:25:38.658   683   858 V WifiConfigManager: Updating scan detail cache freq=2447 BSSID=00:13:10:85:fe:01 RSSI=-50 for "AndroidWifi"NONE
04-22 01:25:38.658   683   858 D WifiThroughputPredictor:  utilization (LLS) 80 isBluetoothConnected: false final utilization: 80
04-22 01:25:38.658   683   858 D WifiThroughputPredictor:  BW: 0 RSSI: -50 Nss: 1 Mode: 1 symDur: 4000 snrDb 30 bitPerTone: 4500 rate: 54 throughput: 11
04-22 01:25:38.658   683   858 D WifiThroughputPredictor:  utilization (LLS) 80 isBluetoothConnected: false final utilization: 80
04-22 01:25:38.658   683   858 D WifiThroughputPredictor:  BW: 0 RSSI: -50 Nss: 1 Mode: 1 symDur: 4000 snrDb 30 bitPerTone: 4500 rate: 54 throughput: 11
04-22 01:25:38.659   683   858 D WifiThroughputPredictor:  utilization (LLS) 80 isBluetoothConnected: false final utilization: 80
04-22 01:25:38.659   683   858 D WifiThroughputPredictor:  BW: 0 RSSI: -50 Nss: 1 Mode: 1 symDur: 4000 snrDb 30 bitPerTone: 4500 rate: 54 throughput: 11
04-22 01:25:38.659   683   858 D WifiThroughputPredictor:  utilization (LLS) 80 isBluetoothConnected: false final utilization: 80
04-22 01:25:38.659   683   858 D WifiThroughputPredictor:  BW: 0 RSSI: -50 Nss: 1 Mode: 1 symDur: 4000 snrDb 30 bitPerTone: 4500 rate: 54 throughput: 11
04-22 01:25:38.659   683   858 D WifiScoreCard: BSSID update SIGNAL_POLL ID: 261501600 SSID: "AndroidWifi", BSSID: 00:13:10:85:fe:01, MAC: 02:15:b4:00:00:00, IP: /10.0.2.17, Security type: 0, Supplicant state: COMPLETED, Wi-Fi standard: legacy, RSSI: -50, Link speed: 1Mbps, Tx Link speed: 1Mbps, Max Supported Tx Link speed: 11Mbps, Rx Link speed: 2Mbps, Max Supported Rx Link speed: 11Mbps, Frequency: 2447MHz, Net ID: 0, Metered hint: false, score: 60, isUsable: true, CarrierMerged: false, SubscriptionId: -1, IsPrimary: 1, Trusted: true, Restricted: false, Ephemeral: false, OEM paid: false, OEM private: false, OSU AP: false, FQDN: <none>, Provider friendly name: <none>, Requesting package name: <none>"AndroidWifi"openMLO Information: , Is TID-To-Link negotiation supported by the AP: false, AP MLD Address: <none>, AP MLO Link Id: <none>, AP MLO Affiliated links: <none>, Vendor Data: <none>
04-22 01:25:38.659   683   858 D WifiScoreCard: txRate: 3 txSpeed: 1
04-22 01:25:38.659   683   858 D WifiScoreCard: network update SIGNAL_POLL "AndroidWifi" ID: 579418950 RSSI -50 txSpeed -1
04-22 01:25:38.659   683   858 D WifiClientModeImpl[9769:wlan0]:  ClientModeImpl$L2ConnectedState screen=on 1 0 "AndroidWifi" 00:13:10:85:fe:01 rssi=-50 f=2447 sc=60 link=1 tx=2.3, 0.0, 0.0 rx=2.1 bcn=0 [on:0 tx:0 rx:0 period:3006] from screen [on:0 period:-1324121885] score=60
04-22 01:25:38.948  1086  1298 D SatelliteController: iisInCarrierRoamingNbIotNtn: satellite is disabled
04-22 01:25:39.232   683  1715 E TaskPersister: File error accessing recents directory (directory doesn't exist?).
04-22 01:25:39.317 20905 20948 W DynamiteModule: Local module descriptor class for com.google.android.gms.providerinstaller.dynamite not found.
04-22 01:25:39.318  1283  2168 W ProviderHelper: Unknown dynamite feature providerinstaller.dynamite
04-22 01:25:39.318 20905 20948 W ProviderInstaller: Failed to load providerinstaller module: No acceptable module com.google.android.gms.providerinstaller.dynamite found. Local version is 0 and remote version is 0.
04-22 01:25:39.321 20905 20948 I droid.apps.docs: AssetManager2(0xb400007aa8c23e78) locale list changing from [] to [en-US]
04-22 01:25:39.321 20905 20948 D ApplicationLoaders: Returning zygote-cached class loader: /system/framework/org.apache.http.legacy.jar
04-22 01:25:39.321 20905 20948 D ApplicationLoaders: Returning zygote-cached class loader: /system/framework/com.android.media.remotedisplay.jar
04-22 01:25:39.321 20905 20948 D ApplicationLoaders: Returning zygote-cached class loader: /system/framework/com.android.location.provider.jar
04-22 01:25:39.321 20905 20948 D ApplicationLoaders: Returning zygote-cached class loader: /system_ext/framework/androidx.window.extensions.jar
04-22 01:25:39.321 20905 20948 D ApplicationLoaders: Returning zygote-cached class loader: /system_ext/framework/androidx.window.sidecar.jar
04-22 01:25:39.323 20905 20948 D nativeloader: Configuring product-clns-10 for unbundled product apk /product/priv-app/PrebuiltGmsCore/PrebuiltGmsCore.apk. target_sdk_version=36, uses_libraries=, library_path=/product/priv-app/PrebuiltGmsCore/lib/arm64:/product/priv-app/PrebuiltGmsCore/PrebuiltGmsCore.apk!/lib/arm64-v8a:/product/lib64:/system/product/lib64, permitted_path=/data:/mnt/expand:/data/user/0/com.google.android.gms:/product/lib64:/system/product/lib64
04-22 01:25:39.330 20905 21030 E GoogleApiManager: Failed to get service from broker. 
04-22 01:25:39.330 20905 21030 E GoogleApiManager: java.lang.SecurityException: Unknown calling package name 'com.google.android.gms'.
04-22 01:25:39.330 20905 21030 E GoogleApiManager: 	at android.os.Parcel.createExceptionOrNull(Parcel.java:3340)
04-22 01:25:39.330 20905 21030 E GoogleApiManager: 	at android.os.Parcel.createException(Parcel.java:3324)
04-22 01:25:39.330 20905 21030 E GoogleApiManager: 	at android.os.Parcel.readException(Parcel.java:3307)
04-22 01:25:39.330 20905 21030 E GoogleApiManager: 	at android.os.Parcel.readException(Parcel.java:3249)
04-22 01:25:39.330 20905 21030 E GoogleApiManager: 	at aywe.a(:com.google.android.gms@252635035@25.26.35 (260400-783060121):36)
04-22 01:25:39.330 20905 21030 E GoogleApiManager: 	at ayul.z(:com.google.android.gms@252635035@25.26.35 (260400-783060121):143)
04-22 01:25:39.330 20905 21030 E GoogleApiManager: 	at aybk.run(:com.google.android.gms@252635035@25.26.35 (260400-783060121):42)
04-22 01:25:39.330 20905 21030 E GoogleApiManager: 	at android.os.Handler.handleCallback(Handler.java:995)
04-22 01:25:39.330 20905 21030 E GoogleApiManager: 	at android.os.Handler.dispatchMessage(Handler.java:103)
04-22 01:25:39.330 20905 21030 E GoogleApiManager: 	at cirp.mw(:com.google.android.gms@252635035@25.26.35 (260400-783060121):1)
