--------- beginning of system
04-22 01:25:35.589   519  1105 I ActivityManager: Force stopping com.impos2.mixcretailassemblyrn84 appid=10175 user=0: from pid 16540
04-22 01:25:35.590   519  1105 I ActivityManager: Killing 16453:com.impos2.mixcretailassemblyrn84/u0a175 (adj 0): stop com.impos2.mixcretailassemblyrn84 due to from pid 16540
04-22 01:25:35.590   519  1105 W ActivityTaskManager: Force removing ActivityRecord{48f3a85 u0 com.impos2.mixcretailassemblyrn84/.MainActivity} t45 f}}: app died, no saved state
--------- beginning of main
04-22 01:25:35.591   519  1105 W InputManager-JNI: Input channel object 'd13732e com.impos2.mixcretailassemblyrn84/com.impos2.mixcretailassemblyrn84.MainActivity (client)' was disposed without first being removed with the input manager!
04-22 01:25:35.595   886   886 D CarrierSvcBindHelper: onHandleForceStop: [com.impos2.mixcretailassemblyrn84]
04-22 01:25:35.595   519   551 I libprocessgroup: Successfully killed process cgroup uid 10175 pid 16453 in 5ms
04-22 01:25:35.596   519  4251 V ActivityManager: Got obituary of 16453:com.impos2.mixcretailassemblyrn84
04-22 01:25:35.596  1043  1043 D MainContentCaptureSession: Flushing 1 event(s) for act:com.google.android.apps.nexuslauncher/.NexusLauncherActivity [state=2 (ACTIVE), disabled=false], reason=FULL
04-22 01:25:35.596   294   294 I Zygote  : Process 16453 exited due to signal 9 (Killed)
04-22 01:25:35.597   519   541 W ActivityManager: setHasOverlayUi called on unknown pid: 16453
--------- beginning of kernel
04-22 01:25:35.599 10221 10221 I binder  : undelivered transaction 1762188, process died.
04-22 01:25:35.598   519  1630 W AppSearchIcing: icing-search-engine.cc:217: Error: 5, Message: Document (com.google.android.googlequicksearchbox$OneSearchZeroStateGoogleSuggestions/default, zp) not found.
04-22 01:25:35.598  1598  1881 I AiAiEcho: Predicting[0]: 
04-22 01:25:35.598  1598  1881 I AiAiEcho: Ranked targets strategy: SORT, count: 0, ranking metadata: 
04-22 01:25:35.598  1598  1881 I AiAiEcho: #postPredictionTargets: Sending updates to UISurface lockscreen with targets# 0
04-22 01:25:35.598  1043  1923 D OneSearchSuggestProvider: Created the binder channel successfully for end point service =com.google.android.apps.search.googleapp.search.suggest.plugins.onesearch.server.OneSearchSuggestService , mChannel=Q0{delegate=L0{logId=69, target=directaddress:///AndroidComponentAddress%5BIntent%20%7B%20act=grpc.io.action.BIND%20cmp=com.google.android.googlequicksearchbox/com.google.android.apps.search.googleapp.search.suggest.plugins.onesearch.server.OneSearchSuggestService%20%7D%5D}} , mOneSearchConnection=y1.J@373683e
04-22 01:25:35.598   790  1086 D BtGatt.ScanManager: uid 10116 isForeground true scanMode -1
04-22 01:25:35.598   886   886 D CarrierSvcBindHelper: No carrier app for: 0
04-22 01:25:35.598  1598  1881 I AiAiEcho: #postPredictionTargets: Sending updates to UISurface home with targets# 0
04-22 01:25:35.598  1598  1881 I AiAiEcho: #postPredictionTargets: Sending updates to UISurface media_data_manager with targets# 0
04-22 01:25:35.598   728   728 D SsMediaDataProvider: Forwarding Smartspace updates []
04-22 01:25:35.603   335   335 E ClientCache: failed to get buffer, invalid process token
04-22 01:25:35.604   335   335 E BpTransactionCompletedListener: Failed to transact (-32)
04-22 01:25:35.604   519   541 V WindowManager: Unknown focus tokens, dropping reportFocusChanged
04-22 01:25:35.604   335   435 W TransactionTracing: Could not find layer handle 0xb400006eb98b4e10
04-22 01:25:35.604   335   435 W TransactionTracing: Could not find layer handle 0xb400006eb98b6df0
04-22 01:25:35.604   335   435 W TransactionTracing: Could not find layer handle 0xb400006eb98b5e30
04-22 01:25:35.604   335   435 W TransactionTracing: Could not find layer handle 0xb400006eb98b37f0
04-22 01:25:35.604   335   435 W TransactionTracing: Could not find layer handle 0xb400006eb98b5110
04-22 01:25:35.604   335   435 W TransactionTracing: Could not find layer handle 0xb400006eb98b4e10
04-22 01:25:35.604   335   435 W TransactionTracing: Could not find layer handle 0xb400006eb98b5e30
04-22 01:25:35.604   335   435 W TransactionTracing: Could not find layer handle 0xb400006eb98b4e10
04-22 01:25:35.604   335   435 W TransactionTracing: Could not find layer handle 0xb400006eb98b37f0
04-22 01:25:35.609  1043  1728 E OpenGLRenderer: Unable to match the desired swap behavior.
04-22 01:25:35.609  1921  1921 I A       : (REDACTED) onApplyWindowInsets: systemWindowInsets=%s
04-22 01:25:35.609  1921  1921 I A       : (REDACTED) onApplyWindowInsets: systemWindowInsets=%s
04-22 01:25:35.611  1921  2245 E OpenGLRenderer: Unable to match the desired swap behavior.
04-22 01:25:35.622   335   435 W TransactionTracing: Could not find layer handle 0xb400006eb98b2170
04-22 01:25:35.623   335   435 W TransactionTracing: Could not find layer handle 0xb400006eb98b30d0
04-22 01:25:35.623   335   435 W TransactionTracing: Could not find layer id -1
04-22 01:25:35.624  1043  1043 D b/260135164: updateIconAlphaForHome - setIconsAlpha(0), isTaskbarPresent: true
04-22 01:25:35.627  1043  1728 E OpenGLRenderer: Unable to match the desired swap behavior.
04-22 01:25:35.629  1921  1921 I A       : (REDACTED) Created gRPC endpoint for service %s
04-22 01:25:35.630   519  1105 I ActivityManager: Force stopping com.impos2.mixcretailassemblyrn84 appid=10175 user=0: clear data
04-22 01:25:35.632   519   549 I ActivityManager: Force stopping com.impos2.mixcretailassemblyrn84 appid=10175 user=-1: clearApplicationUserData
04-22 01:25:35.636   886   886 D CarrierSvcBindHelper: onHandleForceStop: [com.impos2.mixcretailassemblyrn84]
04-22 01:25:35.636   886   886 D CarrierSvcBindHelper: No carrier app for: 0
04-22 01:25:35.637  1921  1921 I A       : (REDACTED) onApplyWindowInsets: systemWindowInsets=%s
04-22 01:25:35.637  1921  1921 I A       : (REDACTED) onApplyWindowInsets: systemWindowInsets=%s
04-22 01:25:35.638  1043  1043 D b/260135164: updateIconAlphaForHome - setIconsAlpha(0), isTaskbarPresent: true
04-22 01:25:35.638   519   549 D ActivityManager: sync unfroze 15842 com.android.chrome
04-22 01:25:35.640   790   790 V MediaPlayerList: mPackageChangedBroadcastReceiver: action: android.intent.action.PACKAGE_DATA_CLEARED
04-22 01:25:35.643   519   549 D CompatibilityChangeReporter: Compat change id reported: 168419799; UID 10138; state: DISABLED
04-22 01:25:35.643   519   549 D CompatibilityChangeReporter: Compat change id reported: 273564678; UID 10138; state: DISABLED
04-22 01:25:35.644   519  1105 D CompatibilityChangeReporter: Compat change id reported: 168419799; UID 10075; state: DISABLED
04-22 01:25:35.644   519  1105 D CompatibilityChangeReporter: Compat change id reported: 273564678; UID 10075; state: DISABLED
04-22 01:25:35.646   519  1105 D CompatibilityChangeReporter: Compat change id reported: 177438394; UID 10127; state: DISABLED
04-22 01:25:35.646   519  1105 D CompatibilityChangeReporter: Compat change id reported: 135772972; UID 10127; state: DISABLED
04-22 01:25:35.646   519  1105 D CompatibilityChangeReporter: Compat change id reported: 135754954; UID 10127; state: ENABLED
04-22 01:25:35.646   519   550 D CompatibilityChangeReporter: Compat change id reported: 143937733; UID 10127; state: ENABLED
04-22 01:25:35.647  1523  1523 I GoogleInputMethodService: GoogleInputMethodService.onFinishInput():3227 
04-22 01:25:35.648  1523  1523 I GoogleInputMethodService: GoogleInputMethodService.updateDeviceLockedStatus():2087 repeatCheckTimes = 0, unlocked = true
04-22 01:25:35.648  1523  1523 I GoogleInputMethodService: GoogleInputMethodService.onStartInput():1877 onStartInput(EditorInfo{inputType=0x0(NULL) imeOptions=0x0 privateImeOptions=null actionName=UNSPECIFIED actionLabel=null actionId=0 initialSelStart=-1 initialSelEnd=-1 initialCapsMode=0x0 hintText=null label=null packageName=com.google.android.apps.nexuslauncher fieldId=-1 fieldName=null extras=null}, false)
04-22 01:25:35.648  1523  1523 I GoogleInputMethodService: GoogleInputMethodService.shouldHideHeaderOnInitialState():4008 ShouldHideHeaderOnInitialState = false
04-22 01:25:35.648   294   294 D Zygote  : Forked child process 16564
04-22 01:25:35.648   519   550 I ActivityManager: Start proc 16564:com.google.android.apps.docs/u0a127 for content provider {com.google.android.apps.docs/com.google.android.apps.docs.storagebackend.StorageBackendContentProvider}
04-22 01:25:35.649  1523  1523 I GoogleInputMethodService: GoogleInputMethodService.updateDeviceLockedStatus():2087 repeatCheckTimes = 2, unlocked = true
04-22 01:25:35.653   335   435 W TransactionTracing: Could not find layer handle 0xb400006eb98b4630
04-22 01:25:35.657 16564 16564 I droid.apps.docs: Using CollectorTypeCC GC.
04-22 01:25:35.657  1043  1043 D b/260135164: updateIconAlphaForHome - setIconsAlpha(0), isTaskbarPresent: true
04-22 01:25:35.660  4339  4397 I Icing   : doRemovePackageData com.impos2.mixcretailassemblyrn84
04-22 01:25:35.662   382   431 I adbd    : jdwp connection from 16564
04-22 01:25:35.664   293 16592 I resolv  : GetAddrInfoHandler::run: {100 262244 100 983140 10120 0}
04-22 01:25:35.664   293 16595 I resolv  : res_nmkquery: (QUERY, IN, AAAA)
04-22 01:25:35.664   519  2291 D CompatibilityChangeReporter: Compat change id reported: 161252188; UID 10175; state: DISABLED
04-22 01:25:35.664   519  2291 I ActivityTaskManager: START u0 {flg=0x10000000 cmp=com.impos2.mixcretailassemblyrn84/.MainActivity} from uid 2000
04-22 01:25:35.665   519  2291 D CompatibilityChangeReporter: Compat change id reported: 265464455; UID 10175; state: DISABLED
04-22 01:25:35.665   519  2291 D CompatibilityChangeReporter: Compat change id reported: 265452344; UID 10175; state: DISABLED
04-22 01:25:35.665   519  2291 D CompatibilityChangeReporter: Compat change id reported: 266124927; UID 10175; state: DISABLED
04-22 01:25:35.665   519  2291 D CompatibilityChangeReporter: Compat change id reported: 265451093; UID 10175; state: DISABLED
04-22 01:25:35.665   519  2291 D CompatibilityChangeReporter: Compat change id reported: 265456536; UID 10175; state: DISABLED
04-22 01:25:35.665   519  2291 D CompatibilityChangeReporter: Compat change id reported: 255940284; UID 10175; state: DISABLED
04-22 01:25:35.665   519  2291 D CompatibilityChangeReporter: Compat change id reported: 236283604; UID 10175; state: DISABLED
04-22 01:25:35.665   519  2291 D CompatibilityChangeReporter: Compat change id reported: 263959004; UID 10175; state: DISABLED
04-22 01:25:35.665   519  2291 D CompatibilityChangeReporter: Compat change id reported: 264304459; UID 10175; state: DISABLED
04-22 01:25:35.665   519  2291 D CompatibilityChangeReporter: Compat change id reported: 264301586; UID 10175; state: DISABLED
04-22 01:25:35.665   519  2291 D CompatibilityChangeReporter: Compat change id reported: 254631730; UID 10175; state: DISABLED
04-22 01:25:35.665   519  2291 D CompatibilityChangeReporter: Compat change id reported: 273509367; UID 10175; state: DISABLED
04-22 01:25:35.665   519  2291 D CompatibilityChangeReporter: Compat change id reported: 263259275; UID 10175; state: DISABLED
04-22 01:25:35.665   519  2291 D CompatibilityChangeReporter: Compat change id reported: 194480991; UID 10175; state: ENABLED
04-22 01:25:35.665   519  2291 D CompatibilityChangeReporter: Compat change id reported: 174042980; UID 10175; state: DISABLED
04-22 01:25:35.666   519  2291 D CompatibilityChangeReporter: Compat change id reported: 184838306; UID 10175; state: DISABLED
04-22 01:25:35.666   519  2291 D CompatibilityChangeReporter: Compat change id reported: 185004937; UID 10175; state: DISABLED
04-22 01:25:35.666   519  2291 D CompatibilityChangeReporter: Compat change id reported: 181136395; UID 10175; state: DISABLED
04-22 01:25:35.666   519  2291 D CompatibilityChangeReporter: Compat change id reported: 174042936; UID 10175; state: DISABLED
04-22 01:25:35.667   519  2291 D CompatibilityChangeReporter: Compat change id reported: 197654537; UID 10175; state: ENABLED
04-22 01:25:35.667   519  2291 D CompatibilityChangeReporter: Compat change id reported: 205907456; UID 10175; state: ENABLED
04-22 01:25:35.668 15908 15908 D PersistedStoragePackageUninstalledReceiver: Received android.intent.action.PACKAGE_DATA_CLEARED for com.impos2.mixcretailassemblyrn84 for u0
04-22 01:25:35.670  1043  1043 D b/260135164: updateIconAlphaForHome - setIconsAlpha(0), isTaskbarPresent: true
04-22 01:25:35.671   293 16596 I resolv  : res_nmkquery: (QUERY, IN, A)
04-22 01:25:35.674   728   946 D SplashScreenView: Build android.window.SplashScreenView{29817ad V.E...... ......ID 0,0-0,0}
04-22 01:25:35.674   728   946 D SplashScreenView: Icon: view: android.widget.ImageView{ec6fae2 V.ED..... ......I. 0,0-0,0 #10204dd android:id/splashscreen_icon_view} drawable: com.android.wm.shell.startingsurface.SplashscreenIconDrawableFactory$ImmobileIconDrawable@7f5de73 size: 384
04-22 01:25:35.674   728   946 D SplashScreenView: Branding: view: android.view.View{d68f130 G.ED..... ......I. 0,0-0,0 #10204dc android:id/splashscreen_branding_view} drawable: null size w: 0 h: 0
04-22 01:25:35.674   519   598 D CompatibilityChangeReporter: Compat change id reported: 168419799; UID 10127; state: DISABLED
04-22 01:25:35.674   519   598 D CompatibilityChangeReporter: Compat change id reported: 273564678; UID 10127; state: DISABLED
04-22 01:25:35.674   728   955 W Parcel  : Expecting binder but got null!
04-22 01:25:35.675   519   519 E JobScheduler.Quota: <0>com.google.android.apps.docs has 0 EJ quota without running anything
04-22 01:25:35.675   519   519 E JobScheduler.Quota: <0>com.google.android.apps.docs has 0 EJ quota without running anything
04-22 01:25:35.675   519   541 D CompatibilityChangeReporter: Compat change id reported: 135634846; UID 10175; state: DISABLED
04-22 01:25:35.675   519   541 D CompatibilityChangeReporter: Compat change id reported: 177438394; UID 10175; state: DISABLED
04-22 01:25:35.675   519   541 D CompatibilityChangeReporter: Compat change id reported: 135772972; UID 10175; state: DISABLED
04-22 01:25:35.675   519   541 D CompatibilityChangeReporter: Compat change id reported: 135754954; UID 10175; state: ENABLED
04-22 01:25:35.675   519   550 D CompatibilityChangeReporter: Compat change id reported: 143937733; UID 10175; state: ENABLED
04-22 01:25:35.677 16564 16564 D CompatibilityChangeReporter: Compat change id reported: 171979766; UID 10127; state: ENABLED
04-22 01:25:35.677   519  1105 D CompatibilityChangeReporter: Compat change id reported: 168419799; UID 10175; state: DISABLED
04-22 01:25:35.677   519  1105 D CompatibilityChangeReporter: Compat change id reported: 273564678; UID 10175; state: DISABLED
04-22 01:25:35.678   294   294 D Zygote  : Forked child process 16600
04-22 01:25:35.678   519   550 I ActivityManager: Start proc 16600:com.impos2.mixcretailassemblyrn84/u0a175 for next-top-activity {com.impos2.mixcretailassemblyrn84/com.impos2.mixcretailassemblyrn84.MainActivity}
04-22 01:25:35.679   519   549 I DropBoxManagerService: add tag=system_server_wtf isTagEnabled=true flags=0x2
04-22 01:25:35.680   519  4253 D CoreBackPreview: Window{fe348ae u0 Splash Screen com.impos2.mixcretailassemblyrn84}: Setting back callback OnBackInvokedCallbackInfo{mCallback=android.window.IOnBackInvokedCallback$Stub$Proxy@2b1d86b, mPriority=0}
04-22 01:25:35.680 16564 16564 D nativeloader: Configuring classloader-namespace for other apk /system/framework/org.apache.http.legacy.jar. target_sdk_version=33, uses_libraries=ALL, library_path=/product/app/Drive/lib/arm64:/product/app/Drive/Drive.apk!/lib/arm64-v8a, permitted_path=/data:/mnt/expand:/data/user/0/com.google.android.apps.docs
04-22 01:25:35.681 16564 16564 D nativeloader: Configuring classloader-namespace for other apk /system_ext/framework/androidx.window.extensions.jar. target_sdk_version=33, uses_libraries=ALL, library_path=/product/app/Drive/lib/arm64:/product/app/Drive/Drive.apk!/lib/arm64-v8a, permitted_path=/data:/mnt/expand:/data/user/0/com.google.android.apps.docs
04-22 01:25:35.681 16564 16564 D nativeloader: Configuring classloader-namespace for other apk /system_ext/framework/androidx.window.sidecar.jar. target_sdk_version=33, uses_libraries=ALL, library_path=/product/app/Drive/lib/arm64:/product/app/Drive/Drive.apk!/lib/arm64-v8a, permitted_path=/data:/mnt/expand:/data/user/0/com.google.android.apps.docs
04-22 01:25:35.681   519   549 I DropBoxManagerService: add tag=system_server_wtf isTagEnabled=true flags=0x2
04-22 01:25:35.682 16564 16564 D nativeloader: Configuring vendor-classloader-namespace for unbundled product apk /product/app/Drive/Drive.apk. target_sdk_version=33, uses_libraries=, library_path=/product/app/Drive/lib/arm64:/product/app/Drive/Drive.apk!/lib/arm64-v8a:/product/lib64:/system/product/lib64, permitted_path=/data:/mnt/expand:/data/user/0/com.google.android.apps.docs:/product/lib64:/system/product/lib64
04-22 01:25:35.682  1043  1043 D MainContentCaptureSession: Flushing 1 event(s) for act:com.google.android.apps.nexuslauncher/.NexusLauncherActivity [state=2 (ACTIVE), disabled=false], reason=FULL
04-22 01:25:35.684  1601  2289 I MediaProvider: Begin Intent { act=android.intent.action.PACKAGE_DATA_CLEARED dat=package: flg=0x1000010 cmp=com.google.android.providers.media.module/com.android.providers.media.MediaService (has extras) }
04-22 01:25:35.684  1601  2289 D MediaProvider: Deleted 0 Android/media items belonging to com.impos2.mixcretailassemblyrn84 on /data/user/0/com.google.android.providers.media.module/databases/external.db
04-22 01:25:35.684  1601  2289 D MediaGrants: Removed 0 media_grants for com.impos2.mixcretailassemblyrn84. Reason: Package orphaned
04-22 01:25:35.685  1251 16573 I Fitness : FitCleanupIntentOperation received Intent android.intent.action.PACKAGE_DATA_CLEARED [CONTEXT service_id=17 ]
04-22 01:25:35.685  1601  2289 I MediaProvider: End Intent { act=android.intent.action.PACKAGE_DATA_CLEARED dat=package: flg=0x1000010 cmp=com.google.android.providers.media.module/com.android.providers.media.MediaService (has extras) }
04-22 01:25:35.687   335   435 W TransactionTracing: Could not find layer id -1
04-22 01:25:35.687   335   435 W TransactionTracing: Could not find layer id -1
04-22 01:25:35.691   728   955 E OpenGLRenderer: Unable to match the desired swap behavior.
04-22 01:25:35.691 16600 16600 I ailassemblyrn84: Using CollectorTypeCC GC.
04-22 01:25:35.696   382   431 I adbd    : jdwp connection from 16600
04-22 01:25:35.702 16600 16600 D CompatibilityChangeReporter: Compat change id reported: 171979766; UID 10175; state: ENABLED
04-22 01:25:35.703  1043  1043 D b/260135164: updateIconAlphaForHome - setIconsAlpha(0), isTaskbarPresent: true
04-22 01:25:35.708 16600 16600 D nativeloader: Configuring classloader-namespace for other apk /data/app/~~fFLv795ov8gkPJQy1i85fA==/com.impos2.mixcretailassemblyrn84-nol-hz3eDGfhAebd2Dbzkg==/base.apk. target_sdk_version=36, uses_libraries=, library_path=/data/app/~~fFLv795ov8gkPJQy1i85fA==/com.impos2.mixcretailassemblyrn84-nol-hz3eDGfhAebd2Dbzkg==/lib/arm64:/data/app/~~fFLv795ov8gkPJQy1i85fA==/com.impos2.mixcretailassemblyrn84-nol-hz3eDGfhAebd2Dbzkg==/base.apk!/lib/arm64-v8a, permitted_path=/data:/mnt/expand:/data/user/0/com.impos2.mixcretailassemblyrn84
04-22 01:25:35.710   293 16596 I resolv  : res_tls_send: TLS query result: 0
04-22 01:25:35.710   293 16596 I resolv  : doQuery: rcode=0, ancount=1, return value=59
04-22 01:25:35.710   293 16595 I resolv  : res_tls_send: TLS query result: 0
04-22 01:25:35.710   293 16595 I resolv  : doQuery: rcode=0, ancount=1, return value=71
04-22 01:25:35.713  1921  2210 I A       : (REDACTED) GMSCore Auth returned %d accounts.
04-22 01:25:35.713 16564 16564 V GraphicsEnvironment: ANGLE Developer option for 'com.google.android.apps.docs' set to: 'default'
04-22 01:25:35.713  1921  2210 I A       : (REDACTED) GoogleOwnersProvider returned %d accounts.
04-22 01:25:35.713 16564 16564 V GraphicsEnvironment: ANGLE GameManagerService for com.google.android.apps.docs: false
04-22 01:25:35.713 16564 16564 V GraphicsEnvironment: Neither updatable production driver nor prerelease driver is supported.
04-22 01:25:35.714 16564 16564 D NetworkSecurityConfig: Using Network Security Config from resource network_security_config debugBuild: false
04-22 01:25:35.714 16564 16564 D NetworkSecurityConfig: Using Network Security Config from resource network_security_config debugBuild: false
04-22 01:25:35.717 16600 16600 V GraphicsEnvironment: ANGLE Developer option for 'com.impos2.mixcretailassemblyrn84' set to: 'default'
04-22 01:25:35.717 16600 16600 V GraphicsEnvironment: ANGLE GameManagerService for com.impos2.mixcretailassemblyrn84: false
04-22 01:25:35.718 16600 16600 V GraphicsEnvironment: Neither updatable production driver nor prerelease driver is supported.
04-22 01:25:35.719 16600 16600 D NetworkSecurityConfig: Using Network Security Config from resource network_security_config debugBuild: false
04-22 01:25:35.719 16600 16600 D NetworkSecurityConfig: Using Network Security Config from resource network_security_config debugBuild: false
04-22 01:25:35.720  1043  1043 D b/260135164: updateIconAlphaForHome - setIconsAlpha(0), isTaskbarPresent: true
04-22 01:25:35.721   335   435 W TransactionTracing: Could not find layer handle 0xb400006eb98b59b0
04-22 01:25:35.723   519  4251 D CompatibilityChangeReporter: Compat change id reported: 161145287; UID 10127; state: DISABLED
04-22 01:25:35.725 16600 16600 W SoLoader: Initializing SoLoader: 0
04-22 01:25:35.725 16600 16600 W SoLoader: Recording new base apk path: /data/app/~~fFLv795ov8gkPJQy1i85fA==/com.impos2.mixcretailassemblyrn84-nol-hz3eDGfhAebd2Dbzkg==/base.apk
04-22 01:25:35.725 16600 16600 W SoLoader: Previously recorded 0 base apk paths.
04-22 01:25:35.726 16600 16600 I SoLoader: Preparing SO source: DirectorySoSource[root = /vendor/lib64 flags = 2]
04-22 01:25:35.726 16600 16600 I SoLoader: Preparing SO source: DirectorySoSource[root = /system/lib64 flags = 2]
04-22 01:25:35.726 16600 16600 I SoLoader: Preparing SO source: DirectApkSoSource[root = [/data/app/~~fFLv795ov8gkPJQy1i85fA==/com.impos2.mixcretailassemblyrn84-nol-hz3eDGfhAebd2Dbzkg==/base.apk!/lib/arm64-v8a]]
04-22 01:25:35.727 16600 16600 I SoLoader: Preparing SO source: ApplicationSoSource[DirectorySoSource[root = /data/app/~~fFLv795ov8gkPJQy1i85fA==/com.impos2.mixcretailassemblyrn84-nol-hz3eDGfhAebd2Dbzkg==/lib/arm64 flags = 0]]
04-22 01:25:35.727 16600 16600 I SoLoader: init finish: 4 SO sources prepared
04-22 01:25:35.727 16600 16600 W SoLoader: SoLoader initialized: 8
04-22 01:25:35.728 16564 16625 W droid.apps.docs: Accessing hidden field Ljava/util/Collections$SynchronizedCollection;->mutex:Ljava/lang/Object; (max-target-o, reflection, denied)
04-22 01:25:35.728 16564 16625 W droid.apps.docs: Accessing hidden method Ljava/util/Collections$SynchronizedSet;-><init>(Ljava/util/Set;Ljava/lang/Object;)V (max-target-o, reflection, denied)
04-22 01:25:35.728 16564 16625 W droid.apps.docs: Accessing hidden method Ljava/util/Collections$SynchronizedCollection;-><init>(Ljava/util/Collection;Ljava/lang/Object;)V (max-target-o, reflection, denied)
04-22 01:25:35.730  1251  1251 D BoundBrokerSvc: onBind: Intent { act=com.google.android.gms.phenotype.service.START pkg=com.google.android.gms }
04-22 01:25:35.730  1251  1251 D BoundBrokerSvc: Loading bound service for intent: Intent { act=com.google.android.gms.phenotype.service.START pkg=com.google.android.gms }
04-22 01:25:35.733 16600 16600 D jni_lib_merge: Entering merged library JNI_OnLoad.
04-22 01:25:35.733 16600 16600 D jni_lib_merge: Preparing 12 pre-merged libs (including stub)
04-22 01:25:35.733 16600 16600 D jni_lib_merge: Preparing to register libfabricjni_so.  onload_func: 0x735b04ea50
04-22 01:25:35.733 16600 16600 D jni_lib_merge: Preparing to register libreact_devsupportjni_so.  onload_func: 0x735b11236c
04-22 01:25:35.733 16600 16600 D jni_lib_merge: Preparing to register libreact_featureflagsjni_so.  onload_func: 0x735b12cba8
04-22 01:25:35.733 16600 16600 D jni_lib_merge: Preparing to register libreact_newarchdefaults_so.  onload_func: 0x735b16ad74
04-22 01:25:35.733 16600 16600 D jni_lib_merge: Preparing to register libreactnativeblob_so.  onload_func: 0x735b20ba4c
04-22 01:25:35.733 16600 16600 D jni_lib_merge: Preparing to register libreactnativejni_so.  onload_func: 0x735b2209e4
04-22 01:25:35.733 16600 16600 D jni_lib_merge: Preparing to register libreactnativejni_common_so.  onload_func: 0x735b223be0
04-22 01:25:35.733 16600 16600 D jni_lib_merge: Preparing to register librninstance_so.  onload_func: 0x735b240778
04-22 01:25:35.733 16600 16600 D jni_lib_merge: Preparing to register libturbomodulejsijni_so.  onload_func: 0x735b2ea0e0
04-22 01:25:35.733 16600 16600 D jni_lib_merge: Preparing to register libuimanagerjni_so.  onload_func: 0x735b2f0b00
04-22 01:25:35.733 16600 16600 D jni_lib_merge: Preparing to register libyoga_so.  onload_func: 0x735b2f80c4
04-22 01:25:35.733 16600 16600 D jni_lib_merge: About to register 11 actual methods.
04-22 01:25:35.734 16564 16624 D CompatibilityChangeReporter: Compat change id reported: 183155436; UID 10127; state: ENABLED
04-22 01:25:35.736 16600 16600 D jni_lib_merge: Entering merged library JNI_OnLoad.
04-22 01:25:35.736 16600 16600 D jni_lib_merge: Preparing 12 pre-merged libs (including stub)
04-22 01:25:35.736 16600 16600 D jni_lib_merge: Preparing to register libfabricjni_so.  onload_func: 0x735b04ea50
04-22 01:25:35.736 16600 16600 D jni_lib_merge: Preparing to register libreact_devsupportjni_so.  onload_func: 0x735b11236c
04-22 01:25:35.736 16600 16600 D jni_lib_merge: Preparing to register libreact_featureflagsjni_so.  onload_func: 0x735b12cba8
04-22 01:25:35.736 16600 16600 D jni_lib_merge: Preparing to register libreact_newarchdefaults_so.  onload_func: 0x735b16ad74
04-22 01:25:35.736 16600 16600 D jni_lib_merge: Preparing to register libreactnativeblob_so.  onload_func: 0x735b20ba4c
04-22 01:25:35.736 16600 16600 D jni_lib_merge: Preparing to register libreactnativejni_so.  onload_func: 0x735b2209e4
04-22 01:25:35.736 16600 16600 D jni_lib_merge: Preparing to register libreactnativejni_common_so.  onload_func: 0x735b223be0
04-22 01:25:35.736 16600 16600 D jni_lib_merge: Preparing to register librninstance_so.  onload_func: 0x735b240778
04-22 01:25:35.736 16600 16600 D jni_lib_merge: Preparing to register libturbomodulejsijni_so.  onload_func: 0x735b2ea0e0
04-22 01:25:35.736 16600 16600 D jni_lib_merge: Preparing to register libuimanagerjni_so.  onload_func: 0x735b2f0b00
04-22 01:25:35.736 16600 16600 D jni_lib_merge: Preparing to register libyoga_so.  onload_func: 0x735b2f80c4
04-22 01:25:35.736 16600 16600 D jni_lib_merge: About to register 11 actual methods.
04-22 01:25:35.737  1043  1043 D b/260135164: updateIconAlphaForHome - setIconsAlpha(0), isTaskbarPresent: true
04-22 01:25:35.743 16600 16600 D AppCompatDelegate: Checking for metadata for AppLocalesMetadataHolderService : Service not found
04-22 01:25:35.744 16600 16631 D libEGL  : loaded /vendor/lib64/egl/libEGL_emulation.so
04-22 01:25:35.744 16600 16631 D libEGL  : loaded /vendor/lib64/egl/libGLESv1_CM_emulation.so
04-22 01:25:35.745 16600 16631 D libEGL  : loaded /vendor/lib64/egl/libGLESv2_emulation.so
04-22 01:25:35.748 16564 16638 W NativeCrashHandlerImpl: unable to load native_crash_handler_jni
04-22 01:25:35.748 16564 16638 W NativeCrashHandlerImpl: java.lang.UnsatisfiedLinkError: dlopen failed: library "libnative_crash_handler_jni.so" not found
04-22 01:25:35.748 16564 16638 W NativeCrashHandlerImpl: 	at java.lang.Runtime.loadLibrary0(Runtime.java:1077)
04-22 01:25:35.748 16564 16638 W NativeCrashHandlerImpl: 	at java.lang.Runtime.loadLibrary0(Runtime.java:998)
04-22 01:25:35.748 16564 16638 W NativeCrashHandlerImpl: 	at java.lang.System.loadLibrary(System.java:1661)
04-22 01:25:35.748 16564 16638 W NativeCrashHandlerImpl: 	at com.google.android.libraries.performance.primes.metrics.crash.NativeCrashHandlerImpl.b(PG:2)
04-22 01:25:35.748 16564 16638 W NativeCrashHandlerImpl: 	at lht.run(Unknown Source:4)
04-22 01:25:35.748 16564 16638 W NativeCrashHandlerImpl: 	at java.lang.Thread.run(Thread.java:1012)
04-22 01:25:35.748 16564 16644 W dju     : fetchAndroidAccounts as system app.
04-22 01:25:35.749 16600 16600 I StartupAudit: activity_created activity=MainActivity displayIndex=0 pid=16600 time=2026-04-22 01:25:35.749
04-22 01:25:35.750 16564 16644 W dju     : fetchAndroidAccounts completed.
04-22 01:25:35.752 16564 16643 W dju     : Prepopulate model with accounts from the Android system
04-22 01:25:35.752   519  1105 D PackageManager: Instant App installer not found with android.intent.action.INSTALL_INSTANT_APP_PACKAGE
04-22 01:25:35.752   519  1105 D PackageManager: Clear ephemeral installer activity
04-22 01:25:35.753  1043  1043 D b/260135164: updateIconAlphaForHome - setIconsAlpha(0), isTaskbarPresent: true
04-22 01:25:35.756 16564 16648 W FieldDefinition: Ignoring isIndexed constraint as field also has uniqueness constraint (on just this field, and therefore SQLite will have to create an index on that. For field: dtt$a@a966a11 [CONTEXT ratelimit_period="1 MINUTES" ]
04-22 01:25:35.759 16600 16600 D jni_lib_merge: Entering merged library JNI_OnLoad.
04-22 01:25:35.759 16600 16600 D jni_lib_merge: Preparing 4 pre-merged libs (including stub)
04-22 01:25:35.759 16600 16600 D jni_lib_merge: Preparing to register libhermes_executor_so.  onload_func: 0x735919d728
04-22 01:25:35.759 16600 16600 D jni_lib_merge: Preparing to register libhermesinstancejni_so.  onload_func: 0x73591a4d44
04-22 01:25:35.759 16600 16600 D jni_lib_merge: Preparing to register libjsijniprofiler_so.  onload_func: 0x73591a5530
04-22 01:25:35.759 16600 16600 D jni_lib_merge: About to register 3 actual methods.
04-22 01:25:35.759 16600 16600 I HotUpdateBundleResolver: no_active_marker isPrimaryProcess=true pid=16600
04-22 01:25:35.759 16600 16600 I MainApplication: getJSBundleFile process=com.impos2.mixcretailassemblyrn84 isPrimaryProcess=true resolvedBundle=null fallbackBundle=null selectedBundle=null
04-22 01:25:35.763 16600 16600 W unknown:BridgelessReact: ReactHost{0}.startSurface(surfaceId = 0): Schedule
04-22 01:25:35.763 16600 16600 W unknown:BridgelessReact: ReactHost{0}.attachSurface(surfaceId = 0)
04-22 01:25:35.764 16600 16661 W unknown:BridgelessReact: ReactHost{0}.getOrCreateReactInstanceTask()
04-22 01:25:35.764 16600 16661 W unknown:BridgelessReact: ReactHost{0}.getOrCreateReactInstanceTask(): Start
04-22 01:25:35.764 16600 16661 W unknown:BridgelessReact: ReactHost{0}.getJSBundleLoader()
04-22 01:25:35.764 16600 16661 W unknown:BridgelessReact: ReactHost{0}.getOrCreateReactInstanceTask(): Creating BridgelessReactContext
04-22 01:25:35.764 16600 16661 W unknown:BridgelessReact: ReactHost{0}.getOrCreateReactInstanceTask(): Creating ReactInstance
04-22 01:25:35.766   519  4251 D CompatibilityChangeReporter: Compat change id reported: 161145287; UID 10175; state: DISABLED
04-22 01:25:35.767 16600 16600 W unknown:BridgelessReact: ReactHost{0}.onHostResume(activity)
04-22 01:25:35.767 16600 16600 W unknown:BridgelessReact: ReactHost{0}.ReactContext.onHostResume()
04-22 01:25:35.769 16600 16600 D CompatibilityChangeReporter: Compat change id reported: 237531167; UID 10175; state: DISABLED
04-22 01:25:35.771  1043  1043 D b/260135164: updateIconAlphaForHome - setIconsAlpha(0), isTaskbarPresent: true
04-22 01:25:35.777 16600 16629 W Parcel  : Expecting binder but got null!
04-22 01:25:35.778 16564 16642 E CelloDelayUploadFixer: Cleanup delay upload complete [CONTEXT ratelimit_period="1 MINUTES" ]
04-22 01:25:35.778   519   716 D CoreBackPreview: Window{e034a90 u0 com.impos2.mixcretailassemblyrn84/com.impos2.mixcretailassemblyrn84.MainActivity}: Setting back callback OnBackInvokedCallbackInfo{mCallback=android.window.IOnBackInvokedCallback$Stub$Proxy@2699faf, mPriority=0}
04-22 01:25:35.779 16564 16642 E CelloDelayUploadFixer: Cleanup delay upload complete [CONTEXT ratelimit_period="1 MINUTES" ]
04-22 01:25:35.781 16600 16629 D HostConnection: HostComposition ext ANDROID_EMU_CHECKSUM_HELPER_v1 ANDROID_EMU_native_sync_v2 ANDROID_EMU_native_sync_v3 ANDROID_EMU_native_sync_v4 ANDROID_EMU_dma_v1 ANDROID_EMU_direct_mem ANDROID_EMU_host_composition_v1 ANDROID_EMU_host_composition_v2 ANDROID_EMU_vulkan ANDROID_EMU_deferred_vulkan_commands ANDROID_EMU_vulkan_null_optional_strings ANDROID_EMU_vulkan_create_resources_with_requirements ANDROID_EMU_YUV_Cache ANDROID_EMU_vulkan_ignored_handles ANDROID_EMU_has_shared_slots_host_memory_allocator ANDROID_EMU_vulkan_free_memory_sync ANDROID_EMU_vulkan_shader_float16_int8 ANDROID_EMU_vulkan_async_queue_submit ANDROID_EMU_vulkan_queue_submit_with_commands ANDROID_EMU_sync_buffer_data ANDROID_EMU_vulkan_async_qsri ANDROID_EMU_read_color_buffer_dma ANDROID_EMU_hwc_multi_configs ANDROID_EMU_hwc_color_transform GL_OES_EGL_image_external_essl3 GL_OES_vertex_array_object ANDROID_EMU_host_side_tracing ANDROID_EMU_gles_max_version_3_0 
04-22 01:25:35.782  1251  1265 I FontLog : Received query Noto Color Emoji Compat, URI content://com.google.android.gms.fonts [CONTEXT service_id=132 ]
04-22 01:25:35.782  1251  1265 I FontLog : Query [Noto Color Emoji Compat] resolved to {Noto Color Emoji Compat, wdth 100.0, wght 400, ital 0.0, bestEffort false} [CONTEXT service_id=132 ]
04-22 01:25:35.782 16600 16629 W OpenGLRenderer: Failed to choose config with EGL_SWAP_BEHAVIOR_PRESERVED, retrying without...
04-22 01:25:35.782 16600 16629 W OpenGLRenderer: Failed to initialize 101010-2 format, error = EGL_SUCCESS
04-22 01:25:35.783  1251  1265 I FontLog : Fetch {Noto Color Emoji Compat, wdth 100.0, wght 400, ital 0.0, bestEffort false} end status Status{statusCode=SUCCESS, resolution=null} [CONTEXT service_id=132 ]
04-22 01:25:35.783 16600 16629 D EGL_emulation: eglCreateContext: 0xb400007465968e50: maj 3 min 0 rcv 3
04-22 01:25:35.783 16600 16629 D EGL_emulation: eglMakeCurrent: 0xb400007465968e50: ver 3 0 (tinfo 0x7682666080) (first time)
04-22 01:25:35.784  1251  1265 I FontLog : Pulling font file for id = 103, cache size = 4 [CONTEXT service_id=132 ]
04-22 01:25:35.786  1251  1265 I FontLog : Pulling font file for id = 103, cache size = 4 [CONTEXT service_id=132 ]
04-22 01:25:35.788  1043  1043 D b/260135164: updateIconAlphaForHome - setIconsAlpha(0), isTaskbarPresent: true
04-22 01:25:35.790   728   955 D EGL_emulation: app_time_stats: avg=35755.03ms min=35755.03ms max=35755.03ms count=1
04-22 01:25:35.793   149   149 I hwservicemanager: getTransport: Cannot find entry android.hardware.graphics.mapper@4.0::IMapper/default in either framework or device VINTF manifest.
04-22 01:25:35.793 16600 16629 I Gralloc4: mapper 4.x is not supported
04-22 01:25:35.795 16600 16661 W unknown:BridgelessReact: ReactHost{0}.getOrCreateReactInstanceTask(): Loading JS Bundle
04-22 01:25:35.795   149   149 I hwservicemanager: getTransport: Cannot find entry android.hardware.graphics.allocator@4.0::IAllocator/default in either framework or device VINTF manifest.
04-22 01:25:35.796   148   148 I servicemanager: Could not find android.hardware.graphics.allocator.IAllocator/default in the VINTF manifest.
04-22 01:25:35.796 16600 16629 W Gralloc4: allocator 4.x is not supported
04-22 01:25:35.796 15873 16558 I ProvidersCache: Provider returned no roots. Possibly naughty: com.google.android.apps.docs.storage
04-22 01:25:35.796 15873 16555 W oid.documentsui: Long monitor contention with owner pool-14-thread-6 (16560) at void com.android.documentsui.roots.ProvidersCache$MultiProviderUpdateTask.handleDocumentsProvider(android.content.pm.ProviderInfo, com.android.documentsui.base.UserId)(ProvidersCache.java:646) waiters=4 in void com.android.documentsui.roots.ProvidersCache$MultiProviderUpdateTask.handleDocumentsProvider(android.content.pm.ProviderInfo, com.android.documentsui.base.UserId) for 155ms
04-22 01:25:35.797 16600 16661 W unknown:BridgelessReact: ReactHost{0}.getOrCreateReactInstanceTask(): DevSupportManager.onNewReactContextCreated()
04-22 01:25:35.798 16600 16661 W unknown:BridgelessReact: ReactHost{0}.startSurface(surfaceId = 0): Execute
04-22 01:25:35.800 16600 16662 I ReactNativeJS: Running "MixcRetailAssemblyRN84"
04-22 01:25:35.802 16600 16662 W unknown:ViewManagerPropertyUpdater: Could not find generated setter for class com.horcrux.svg.RenderableViewManager$DefsViewManager
04-22 01:25:35.803 16600 16662 W unknown:ViewManagerPropertyUpdater: Could not find generated setter for class com.horcrux.svg.VirtualViewManager$c
04-22 01:25:35.804 16600 16662 W unknown:ViewManagerPropertyUpdater: Could not find generated setter for class com.horcrux.svg.RenderableViewManager$FeMergeManager
04-22 01:25:35.804   335   435 W TransactionTracing: Could not find layer handle 0xb400006eb98b58f0
04-22 01:25:35.804   335   435 W TransactionTracing: Could not find layer handle 0xb400006eb98b6190
04-22 01:25:35.804   335   435 W TransactionTracing: Could not find layer handle 0xb400006eb98b58f0
04-22 01:25:35.804   335   435 W TransactionTracing: Could not find layer handle 0xb400006eb98b6190
04-22 01:25:35.804  1043  1043 D b/260135164: updateIconAlphaForHome - setIconsAlpha(0), isTaskbarPresent: true
04-22 01:25:35.805 16600 16662 W unknown:ViewManagerPropertyUpdater: Could not find generated setter for class com.facebook.react.views.safeareaview.ReactSafeAreaViewManager
04-22 01:25:35.805 16600 16662 W unknown:ViewManagerPropertyUpdater: Could not find generated setter for class com.facebook.react.uimanager.V
04-22 01:25:35.806 16600 16662 W unknown:ViewManagerPropertyUpdater: Could not find generated setter for class com.horcrux.svg.RenderableViewManager$LinearGradientManager
04-22 01:25:35.806 16600 16662 W unknown:ViewManagerPropertyUpdater: Could not find generated setter for class com.horcrux.svg.RenderableViewManager$FeGaussianBlurManager
04-22 01:25:35.806 16600 16662 W unknown:ViewManagerPropertyUpdater: Could not find generated setter for class com.facebook.react.views.progressbar.ReactProgressBarViewManager
04-22 01:25:35.807 16600 16662 W unknown:ViewManagerPropertyUpdater: Could not find generated setter for class com.facebook.react.views.progressbar.b
04-22 01:25:35.807 16600 16662 W unknown:ViewManagerPropertyUpdater: Could not find generated setter for class com.facebook.react.views.scroll.ReactHorizontalScrollViewManager
04-22 01:25:35.811 16600 16629 D HostConnection: HostComposition ext ANDROID_EMU_CHECKSUM_HELPER_v1 ANDROID_EMU_native_sync_v2 ANDROID_EMU_native_sync_v3 ANDROID_EMU_native_sync_v4 ANDROID_EMU_dma_v1 ANDROID_EMU_direct_mem ANDROID_EMU_host_composition_v1 ANDROID_EMU_host_composition_v2 ANDROID_EMU_vulkan ANDROID_EMU_deferred_vulkan_commands ANDROID_EMU_vulkan_null_optional_strings ANDROID_EMU_vulkan_create_resources_with_requirements ANDROID_EMU_YUV_Cache ANDROID_EMU_vulkan_ignored_handles ANDROID_EMU_has_shared_slots_host_memory_allocator ANDROID_EMU_vulkan_free_memory_sync ANDROID_EMU_vulkan_shader_float16_int8 ANDROID_EMU_vulkan_async_queue_submit ANDROID_EMU_vulkan_queue_submit_with_commands ANDROID_EMU_sync_buffer_data ANDROID_EMU_vulkan_async_qsri ANDROID_EMU_read_color_buffer_dma ANDROID_EMU_hwc_multi_configs ANDROID_EMU_hwc_color_transform GL_OES_EGL_image_external_essl3 GL_OES_vertex_array_object ANDROID_EMU_host_side_tracing ANDROID_EMU_gles_max_version_3_0 
04-22 01:25:35.811 16600 16629 E OpenGLRenderer: Unable to match the desired swap behavior.
04-22 01:25:35.813 16600 16662 W unknown:ViewManagerPropertyUpdater: Could not find generated setter for class com.facebook.react.views.text.ReactTextViewManager
04-22 01:25:35.818 16600 16662 W unknown:ViewManagerPropertyUpdater: Could not find generated setter for class com.facebook.react.views.text.j
04-22 01:25:35.819  4339  4339 D BoundBrokerSvc: onBind: Intent { act=com.google.android.gms.feedback.internal.IFeedbackService dat=chimera-action:/... cmp=com.google.android.gms/.chimera.GmsBoundBrokerService }
04-22 01:25:35.819  4339  4339 D BoundBrokerSvc: Loading bound service for intent: Intent { act=com.google.android.gms.feedback.internal.IFeedbackService dat=chimera-action:/... cmp=com.google.android.gms/.chimera.GmsBoundBrokerService }
04-22 01:25:35.819 16600 16662 W unknown:ViewManagerPropertyUpdater: Could not find generated setter for class com.horcrux.svg.RenderableViewManager$FeColorMatrixManager
04-22 01:25:35.820  1043  1043 D b/260135164: updateIconAlphaForHome - setIconsAlpha(0), isTaskbarPresent: true
04-22 01:25:35.821 16600 16662 W unknown:ViewManagerPropertyUpdater: Could not find generated setter for class com.facebook.react.views.scroll.ReactHorizontalScrollContainerViewManager
04-22 01:25:35.823 16600 16662 W unknown:ViewManagerPropertyUpdater: Could not find generated setter for class com.horcrux.svg.RenderableViewManager$ClipPathViewManager
04-22 01:25:35.825 16600 16662 W unknown:ViewManagerPropertyUpdater: Could not find generated setter for class com.horcrux.svg.RenderableViewManager$SymbolManager
04-22 01:25:35.826  1251  2334 W VerdictProvider: response is invalid [3] [CONTEXT service_id=257 ]
04-22 01:25:35.828 16600 16662 W unknown:ViewManagerPropertyUpdater: Could not find generated setter for class com.horcrux.svg.RenderableViewManager$PatternManager
04-22 01:25:35.829 16600 16662 W unknown:ViewManagerPropertyUpdater: Could not find generated setter for class com.horcrux.svg.RenderableViewManager$FeBlendManager
04-22 01:25:35.832 16625 16625 I binder  : 16564:16625 transaction failed 29202/0, size 496-16 line 3779
04-22 01:25:35.833  1105  1105 I binder  : 519:1105 transaction failed 29202/0, size 0-0 line 3779
04-22 01:25:35.829   293 16679 I resolv  : GetAddrInfoHandler::run: {100 786532 100 983140 10116 0}
04-22 01:25:35.829 16564 16625 E JavaBinder: !!! FAILED BINDER TRANSACTION !!!  (parcel size = 496)
04-22 01:25:35.829 16564 16625 I ActivityThread: Removing dead content provider:android.content.ContentProviderProxy@2c06b50
04-22 01:25:35.830   519  1105 I ActivityManager: Process com.google.process.gservices (pid 11885) early provider death
04-22 01:25:35.830   519  1105 I ActivityManager: Process com.google.process.gservices (pid 11885) has died: cch+55 CEM 
04-22 01:25:35.831 16600 16662 W unknown:ViewManagerPropertyUpdater: Could not find generated setter for class com.facebook.react.views.view.ReactViewManager
04-22 01:25:35.831 16600 16662 W unknown:ViewManagerPropertyUpdater: Could not find generated setter for class com.horcrux.svg.SvgViewManager
04-22 01:25:35.832   293 16680 I resolv  : res_nmkquery: (QUERY, IN, AAAA)
04-22 01:25:35.833   519  1105 W ActivityManager: ProcessRecord{38b0689 0:com.google.process.gservices/u0a116} is attached to a previous process 11885
04-22 01:25:35.833   519  1105 D CompatibilityChangeReporter: Compat change id reported: 135634846; UID 10116; state: DISABLED
04-22 01:25:35.833   519  1105 D CompatibilityChangeReporter: Compat change id reported: 177438394; UID 10116; state: DISABLED
04-22 01:25:35.833   519  1105 D CompatibilityChangeReporter: Compat change id reported: 135772972; UID 10116; state: DISABLED
04-22 01:25:35.833   519  1105 D CompatibilityChangeReporter: Compat change id reported: 135754954; UID 10116; state: ENABLED
04-22 01:25:35.833 16600 16662 W unknown:ViewManagerPropertyUpdater: Could not find generated setter for class com.facebook.react.views.switchview.ReactSwitchManager
04-22 01:25:35.833   519   598 V ActivityManager: Got obituary of 11885:com.google.process.gservices
04-22 01:25:35.833   519   550 D CompatibilityChangeReporter: Compat change id reported: 143937733; UID 10116; state: ENABLED
04-22 01:25:35.834 16600 16662 W unknown:ViewManagerPropertyUpdater: Could not find generated setter for class com.facebook.react.views.switchview.d
04-22 01:25:35.834   293 16681 I resolv  : res_nmkquery: (QUERY, IN, A)
04-22 01:25:35.834 16600 16662 W unknown:ViewManagerPropertyUpdater: Could not find generated setter for class com.horcrux.svg.RenderableViewManager$UseViewManager
04-22 01:25:35.834 16600 16662 W unknown:ViewManagerPropertyUpdater: Could not find generated setter for class com.horcrux.svg.RenderableViewManager$CircleViewManager
04-22 01:25:35.835 16600 16662 W unknown:ViewManagerPropertyUpdater: Could not find generated setter for class com.horcrux.svg.RenderableViewManager$TSpanViewManager
04-22 01:25:35.835   519   551 I libprocessgroup: Successfully killed process cgroup uid 10116 pid 11885 in 5ms
04-22 01:25:35.835 16600 16662 W unknown:ViewManagerPropertyUpdater: Could not find generated setter for class com.horcrux.svg.RenderableViewManager$FilterManager
04-22 01:25:35.836 16600 16662 W unknown:ViewManagerPropertyUpdater: Could not find generated setter for class com.horcrux.svg.RenderableViewManager$MarkerManager
04-22 01:25:35.836   294   294 D Zygote  : Forked child process 16683
04-22 01:25:35.836   519   550 I ActivityManager: Start proc 16683:com.google.process.gservices/u0a116 for content provider {com.google.android.gsf/com.google.android.gsf.gservices.GservicesProvider}
04-22 01:25:35.836 16600 16662 W unknown:ViewManagerPropertyUpdater: Could not find generated setter for class com.facebook.react.views.modal.ReactModalHostManager
04-22 01:25:35.837 16600 16662 W unknown:ViewManagerPropertyUpdater: Could not find generated setter for class com.horcrux.svg.RenderableViewManager$ForeignObjectManager
04-22 01:25:35.838 16600 16662 W unknown:ViewManagerPropertyUpdater: Could not find generated setter for class com.horcrux.svg.RenderableViewManager$EllipseViewManager
04-22 01:25:35.838 16600 16662 W unknown:ViewManagerPropertyUpdater: Could not find generated setter for class com.horcrux.svg.RenderableViewManager$LineViewManager
04-22 01:25:35.839 16600 16662 W unknown:ViewManagerPropertyUpdater: Could not find generated setter for class com.facebook.react.views.text.frescosupport.FrescoBasedReactTextInlineImageViewManager
04-22 01:25:35.839 16600 16662 W unknown:ViewManagerPropertyUpdater: Could not find generated setter for class com.facebook.react.views.text.frescosupport.a
04-22 01:25:35.839 16600 16662 W unknown:ViewManagerPropertyUpdater: Could not find generated setter for class com.horcrux.svg.RenderableViewManager$FeFloodManager
04-22 01:25:35.839 16600 16662 W unknown:ViewManagerPropertyUpdater: Could not find generated setter for class com.horcrux.svg.RenderableViewManager$GroupViewManager
04-22 01:25:35.840 16600 16662 W unknown:ViewManagerPropertyUpdater: Could not find generated setter for class com.horcrux.svg.RenderableViewManager$TextViewManager
04-22 01:25:35.840 16600 16662 W unknown:ViewManagerPropertyUpdater: Could not find generated setter for class com.horcrux.svg.RenderableViewManager$ImageViewManager
04-22 01:25:35.840 16600 16662 W unknown:ViewManagerPropertyUpdater: Could not find generated setter for class com.horcrux.svg.RenderableViewManager$FeCompositeManager
04-22 01:25:35.840 16600 16600 D CompatibilityChangeReporter: Compat change id reported: 210923482; UID 10175; state: ENABLED
04-22 01:25:35.841 16683 16683 I ocess.gservices: Using CollectorTypeCC GC.
04-22 01:25:35.841  1043  1043 D b/260135164: updateIconAlphaForHome - setIconsAlpha(0), isTaskbarPresent: true
04-22 01:25:35.841 16600 16662 W unknown:ViewManagerPropertyUpdater: Could not find generated setter for class com.facebook.react.views.image.ReactImageManager
04-22 01:25:35.841   519   538 I ActivityTaskManager: Displayed com.impos2.mixcretailassemblyrn84/.MainActivity: +176ms
04-22 01:25:35.842   294   294 I Zygote  : Process 11885 exited due to signal 9 (Killed)
04-22 01:25:35.842 16600 16662 W unknown:ViewManagerPropertyUpdater: Could not find generated setter for class com.horcrux.svg.RenderableViewManager$RadialGradientManager
04-22 01:25:35.844   293 16680 I resolv  : res_tls_send: TLS query result: 0
04-22 01:25:35.844   293 16680 I resolv  : doQuery: rcode=0, ancount=4, return value=159
04-22 01:25:35.845 16600 16600 W unknown:BridgelessReact: ReactHost{0}.ReactContext.onHostResume()
04-22 01:25:35.845 16600 16600 W unknown:BridgelessReact: ReactHost{0}.getOrCreateReactInstanceTask(): Executing ReactInstanceEventListeners
04-22 01:25:35.845   382   431 I adbd    : jdwp connection from 16683
04-22 01:25:35.846 16600 16662 W unknown:ViewManagerPropertyUpdater: Could not find generated setter for class com.horcrux.svg.RenderableViewManager$MaskManager
04-22 01:25:35.846   293 16681 I resolv  : res_tls_send: TLS query result: 0
04-22 01:25:35.846   293 16681 I resolv  : doQuery: rcode=0, ancount=8, return value=175
04-22 01:25:35.846 16600 16662 W unknown:ViewManagerPropertyUpdater: Could not find generated setter for class com.facebook.react.views.unimplementedview.ReactUnimplementedViewManager
04-22 01:25:35.847 16600 16662 W unknown:ViewManagerPropertyUpdater: Could not find generated setter for class com.horcrux.svg.RenderableViewManager$RectViewManager
04-22 01:25:35.847 12431 12474 D TrafficStats: tagSocket(5) with statsTag=0x1803, statsUid=10116
04-22 01:25:35.847 16600 16662 W unknown:ViewManagerPropertyUpdater: Could not find generated setter for class com.horcrux.svg.RenderableViewManager$TextPathViewManager
04-22 01:25:35.848 16600 16662 W unknown:ViewManagerPropertyUpdater: Could not find generated setter for class com.facebook.react.views.scroll.ReactScrollViewManager
04-22 01:25:35.849 16600 16662 W unknown:ViewManagerPropertyUpdater: Could not find generated setter for class com.horcrux.svg.RenderableViewManager$FeOffsetManager
04-22 01:25:35.849 16600 16662 W unknown:ViewManagerPropertyUpdater: Could not find generated setter for class com.horcrux.svg.RenderableViewManager$PathViewManager
04-22 01:25:35.850 16600 16662 W unknown:ViewManagerPropertyUpdater: Could not find generated setter for class com.facebook.react.views.drawer.ReactDrawerLayoutManager
