--------- beginning of system
04-22 01:25:36.145   683  9615 I ActivityManager: Force stopping com.impos2.mixcretailassemblyrn84 appid=10214 user=0: from pid 20883
--------- beginning of main
04-22 01:25:36.145   683  9615 W IPCThreadState: Sending oneway calls to frozen process.
04-22 01:25:36.145   683  9615 W IPCThreadState: Sending oneway calls to frozen process.
04-22 01:25:36.145   683  9615 W IPCThreadState: Sending oneway calls to frozen process.
04-22 01:25:36.145   683  9615 W IPCThreadState: Sending oneway calls to frozen process.
04-22 01:25:36.145   683  9615 W IPCThreadState: Sending oneway calls to frozen process.
04-22 01:25:36.145   683  9615 W IPCThreadState: Sending oneway calls to frozen process.
04-22 01:25:36.145   683  9615 W IPCThreadState: Sending oneway calls to frozen process.
04-22 01:25:36.145   683  9615 W IPCThreadState: Sending oneway calls to frozen process.
04-22 01:25:36.145   683  9615 W IPCThreadState: Sending oneway calls to frozen process.
04-22 01:25:36.145   683  9615 W IPCThreadState: Sending oneway calls to frozen process.
04-22 01:25:36.145   683  9615 W IPCThreadState: Sending oneway calls to frozen process.
04-22 01:25:36.145   683  9615 W IPCThreadState: Sending oneway calls to frozen process.
04-22 01:25:36.145   683  9615 W IPCThreadState: Sending oneway calls to frozen process.
04-22 01:25:36.145   683  9615 W IPCThreadState: Sending oneway calls to frozen process.
04-22 01:25:36.146   683  9615 W IPCThreadState: Sending oneway calls to frozen process.
04-22 01:25:36.146   683  9615 W IPCThreadState: Sending oneway calls to frozen process.
04-22 01:25:36.146   683  9615 W IPCThreadState: Sending oneway calls to frozen process.
04-22 01:25:36.146   683  9615 W IPCThreadState: Sending oneway calls to frozen process.
04-22 01:25:36.146   683  9615 W IPCThreadState: Sending oneway calls to frozen process.
04-22 01:25:36.146   683  9615 W IPCThreadState: Sending oneway calls to frozen process.
04-22 01:25:36.146   683  9615 W IPCThreadState: Sending oneway calls to frozen process.
04-22 01:25:36.146   683  9615 W IPCThreadState: Sending oneway calls to frozen process.
04-22 01:25:36.146   683  9615 W IPCThreadState: Sending oneway calls to frozen process.
04-22 01:25:36.146   683  9615 W IPCThreadState: Sending oneway calls to frozen process.
04-22 01:25:36.146   683  9615 W IPCThreadState: Sending oneway calls to frozen process.
04-22 01:25:36.146   683  9615 W IPCThreadState: Sending oneway calls to frozen process.
04-22 01:25:36.146   683  9615 W IPCThreadState: Sending oneway calls to frozen process.
04-22 01:25:36.146   683  9615 W IPCThreadState: Sending oneway calls to frozen process.
04-22 01:25:36.146   683  9615 W IPCThreadState: Sending oneway calls to frozen process.
04-22 01:25:36.146   683  9615 W IPCThreadState: Sending oneway calls to frozen process.
04-22 01:25:36.146   683  9615 W IPCThreadState: Sending oneway calls to frozen process.
04-22 01:25:36.146   683  9615 W IPCThreadState: Sending oneway calls to frozen process.
04-22 01:25:36.146   683  9615 W IPCThreadState: Sending oneway calls to frozen process.
04-22 01:25:36.146   683  9615 W IPCThreadState: Sending oneway calls to frozen process.
04-22 01:25:36.146   683  9615 W IPCThreadState: Sending oneway calls to frozen process.
04-22 01:25:36.146   683  9615 W IPCThreadState: Sending oneway calls to frozen process.
04-22 01:25:36.146   683  9615 W IPCThreadState: Sending oneway calls to frozen process.
04-22 01:25:36.146   683  9615 W IPCThreadState: Sending oneway calls to frozen process.
04-22 01:25:36.146   683  9615 W IPCThreadState: Sending oneway calls to frozen process.
04-22 01:25:36.146   683  9615 W IPCThreadState: Sending oneway calls to frozen process.
04-22 01:25:36.146   683  9615 W IPCThreadState: Sending oneway calls to frozen process.
04-22 01:25:36.146   683  9615 W IPCThreadState: Sending oneway calls to frozen process.
04-22 01:25:36.146   683  9615 W IPCThreadState: Sending oneway calls to frozen process.
04-22 01:25:36.146   683  9615 W IPCThreadState: Sending oneway calls to frozen process.
04-22 01:25:36.146   683  9615 W IPCThreadState: Sending oneway calls to frozen process.
04-22 01:25:36.146   683  9615 W IPCThreadState: Sending oneway calls to frozen process.
04-22 01:25:36.155   683   891 I AppWidgetServiceImpl: Received broadcast: android.intent.action.PACKAGE_RESTARTED on user 0
04-22 01:25:36.156  1086  1086 D CarrierSvcBindHelper: onHandleForceStop: [com.impos2.mixcretailassemblyrn84]
04-22 01:25:36.155   683   891 I AppWidgetServiceImpl: Updating package stopped masked state for uid 10214 package com.impos2.mixcretailassemblyrn84 isStopped true
04-22 01:25:36.157   683   830 I system_server: AssetManager2(0xb400007aa8cea898) locale list changing from [] to [en-US]
04-22 01:25:36.158   683   830 I system_server: AssetManager2(0xb400007aa8c820b8) locale list changing from [] to [en-US]
04-22 01:25:36.160  1086  1086 D CarrierSvcBindHelper: No carrier app for: 0
04-22 01:25:36.181   683  1759 I ActivityManager: Force stopping com.impos2.mixcretailassemblyrn84 appid=10214 user=0: clear data
04-22 01:25:36.182   683  1715 E TaskPersister: File error accessing recents directory (directory doesn't exist?).
04-22 01:25:36.183   683   767 E AppOps  : package pm not found, can't check for attributionTag null
04-22 01:25:36.183   683   767 E AppOps  : Bad call made by uid 1000. Package "pm" does not belong to uid 1000.
04-22 01:25:36.183   683   767 E AppOps  : Cannot noteOperation: non-application UID 1000
04-22 01:25:36.183   683   767 I ActivityManager: Force stopping com.impos2.mixcretailassemblyrn84 appid=10214 user=-1: clearApplicationUserData
04-22 01:25:36.187   252  3606 I keystore2: system/security/keystore2/src/maintenance.rs:607 - clearNamespace(r#APP, nspace=10214)
04-22 01:25:36.192   683   740 D ActivityManager: sync unfroze 8919 com.google.android.documentsui for 3
04-22 01:25:36.192  8919  8919 D ActivityThread: Package [com.impos2.mixcretailassemblyrn84] reported as REPLACED, but missing application info. Assuming REMOVED.
04-22 01:25:36.193  8919  8919 D ActivityThread: Package [com.impos2.mixcretailassemblyrn84] reported as REPLACED, but missing application info. Assuming REMOVED.
04-22 01:25:36.197   683   891 I AppWidgetServiceImpl: Received broadcast: android.intent.action.PACKAGE_DATA_CLEARED on user 0
04-22 01:25:36.198   683   891 I AppWidgetServiceImpl: Received broadcast: android.intent.action.PACKAGE_RESTARTED on user 0
04-22 01:25:36.198   683   891 I AppWidgetServiceImpl: Updating package stopped masked state for uid 10214 package com.impos2.mixcretailassemblyrn84 isStopped true
04-22 01:25:36.199   683   911 D ShortcutService: received package broadcast intent: Intent { act=android.intent.action.PACKAGE_DATA_CLEARED dat=package: flg=0x5000010 (has extras) }
04-22 01:25:36.199   683   911 D ShortcutService: clearing data for package: com.impos2.mixcretailassemblyrn84 userId=0
04-22 01:25:36.200  1086  1086 D CarrierSvcBindHelper: onHandleForceStop: [com.impos2.mixcretailassemblyrn84]
04-22 01:25:36.200  1086  1086 D CarrierSvcBindHelper: No carrier app for: 0
04-22 01:25:36.201   683   740 D ActivityManager: sync unfroze 3020 com.android.chrome for 3
04-22 01:25:36.201   683   740 D ActivityManager: sync unfroze 1396 com.google.android.permissioncontroller for 3
04-22 01:25:36.202  3020  3020 D ActivityThread: Package [com.impos2.mixcretailassemblyrn84] reported as REPLACED, but missing application info. Assuming REMOVED.
04-22 01:25:36.203  3020  3020 D ActivityThread: Package [com.impos2.mixcretailassemblyrn84] reported as REPLACED, but missing application info. Assuming REMOVED.
04-22 01:25:36.206   683  1874 D ActivityManager: sync unfroze 1591 com.google.android.gms for 6
04-22 01:25:36.210   683   857 I system_server: AssetManager2(0xb400007aa8ce0c58) locale list changing from [] to [en-US]
04-22 01:25:36.211   683   912 D BackgroundInstallControlService: Package event received: 0
04-22 01:25:36.212   683  1755 V GrammaticalInflectionUtils: AttributionSource: AttributionSource { uid = 10157, packageName = null, attributionTag = null, token = android.os.Binder@d3d534, deviceId = 0, next = null } does not have READ_SYSTEM_GRAMMATICAL_GENDER permission.
04-22 01:25:36.212   683  1755 D CompatChangeReporter: Compat change id reported: 151861875; UID 10157; state: ENABLED
04-22 01:25:36.215   683  1874 W ActivityTaskManager: callingPackage for (uid=2000, pid=20899) has no WPC
04-22 01:25:36.215   683  1759 W JobInfo : Job 'com.google.android.providers.media.module/com.android.providers.media.MediaService#-300' has a deadline with no functional constraints. The deadline won't improve job execution latency. Consider removing the deadline.
04-22 01:25:36.216   683  1874 I system_server: AssetManager2(0xb400007aa8ce2eb8) locale list changing from [] to [en-US]
04-22 01:25:36.217   683  1874 V GrammaticalInflectionUtils: AttributionSource: AttributionSource { uid = 10214, packageName = null, attributionTag = null, token = android.os.Binder@d3d534, deviceId = 0, next = null } does not have READ_SYSTEM_GRAMMATICAL_GENDER permission.
04-22 01:25:36.217   683  1874 W OptProp : Cannot read opt property android.window.PROPERTY_COMPAT_ALLOW_USER_ASPECT_RATIO_OVERRIDE
04-22 01:25:36.217   683  1874 W OptProp : Cannot read opt property android.window.PROPERTY_COMPAT_ALLOW_USER_ASPECT_RATIO_FULLSCREEN_OVERRIDE
04-22 01:25:36.217   683  1874 W OptProp : Cannot read opt property android.window.PROPERTY_COMPAT_ALLOW_RESIZEABLE_ACTIVITY_OVERRIDES
04-22 01:25:36.218   462   462 D Zygote  : Forked child process 20905
04-22 01:25:36.218   683  1874 W OptProp : Cannot read opt property android.window.PROPERTY_COMPAT_ALLOW_MIN_ASPECT_RATIO_OVERRIDE
04-22 01:25:36.219   683   741 I ActivityManager: Start proc 20905:com.google.android.apps.docs/u0a157 for content provider {com.google.android.apps.docs/com.google.android.apps.docs.common.storagebackend.StorageBackendContentProvider}
04-22 01:25:36.221   683  1874 W OptProp : Cannot read opt property android.window.PROPERTY_COMPAT_ALLOW_ORIENTATION_OVERRIDE
04-22 01:25:36.221  1283 20902 I Fitness : FitCleanupIntentOperation received Intent android.intent.action.PACKAGE_DATA_CLEARED [CONTEXT service_id=17 ]
04-22 01:25:36.224   957  1163 I ndroid.systemui: AssetManager2(0xb400007aa8c6e838) locale list changing from [] to [en-US]
04-22 01:25:36.224   683  1874 I ActivityTaskManager: START u0 {flg=0x10000000 xflg=0x5 cmp=com.impos2.mixcretailassemblyrn84/.MainActivity} with LAUNCH_SINGLE_TASK from uid 2000 (BAL_ALLOW_PERMISSION) result code=0
04-22 01:25:36.224   957  1041 V WindowManagerShell: Transition requested (#113): android.os.BinderProxy@947509e TransitionRequestInfo { type = OPEN, triggerTask = TaskInfo{userId=0 taskId=34 effectiveUid=10214 displayId=0 isRunning=true baseIntent=Intent { flg=0x10000000 cmp=com.impos2.mixcretailassemblyrn84/.MainActivity } baseActivity=ComponentInfo{com.impos2.mixcretailassemblyrn84/com.impos2.mixcretailassemblyrn84.MainActivity} topActivity=ComponentInfo{com.impos2.mixcretailassemblyrn84/com.impos2.mixcretailassemblyrn84.MainActivity} origActivity=null realActivity=ComponentInfo{com.impos2.mixcretailassemblyrn84/com.impos2.mixcretailassemblyrn84.MainActivity} numActivities=1 lastActiveTime=17793768 supportsMultiWindow=true resizeMode=1 isResizeable=true minWidth=-1 minHeight=-1 defaultMinSize=220 token=WCT{android.window.IWindowContainerToken$Stub$Proxy@621a77f} topActivityType=1 pictureInPictureParams=null shouldDockBigOverlays=false launchIntoPipHostTaskId=-1 lastParentTaskIdBeforePip=-1 displayCutoutSafeInsets=Rect(0, 0 - 0, 0) topActivityInfo=ActivityInfo{897334c com.impos2.mixcretailassemblyrn84.MainActivity} launchCookies=[] positionInParent=Point(0, 0) parentTaskId=-1 isFocused=false isVisible=false isVisibleRequested=false isTopActivityNoDisplay=false isSleeping=false locusId=null displayAreaFeatureId=1 isTopActivityTransparent=false isActivityStackTransparent=false lastNonFullscreenBounds=Rect(892, 102 - 1668, 1482) capturedLink=null capturedLinkTimestamp=0 requestedVisibleTypes=-9 topActivityRequestOpenInBrowserEducationTimestamp=0 appCompatTaskInfo=AppCompatTaskInfo { topActivityInSizeCompat=false eligibleForLetterboxEducation= false isLetterboxEducationEnabled= true isLetterboxDoubleTapEnabled= false eligibleForUserAspectRatioButton= true topActivityBoundsLetterboxed= false isFromLetterboxDoubleTap= false topActivityLetterboxVerticalPosition= -1 topActivityLetterboxHorizontalPosition= -1 topActivityLetterboxWidth=-1 topActivityLetterboxHeight=-1 topActivityAppBounds=Rect(0, 0 - 2560, 1600) isUserFullscreenOverrideEnabled=false isSystemFullscreenOverrideEnabled=false hasMinAspectRatioOverride=false topActivityLetterboxBounds=null cameraCompatTaskInfo=CameraCompatTaskInfo { freeformCameraCompatMode=inactive}} topActivityMainWindowFrame=null}, pipChange = null, remoteTransition = null, displayChange = null, flags = 0, debugId = 113 }
04-22 01:25:36.225   957  1041 D ShellSplitScreen: logExit: no-op, mLoggerSessionId is null
04-22 01:25:36.226   683  9615 D CompatChangeReporter: Compat change id reported: 377864165; UID 10214; state: ENABLED
04-22 01:25:36.226   683   741 I ActivityManager: ProcessObserver broadcast disabled
04-22 01:25:36.227   957  1164 D SplashScreenView: Build android.window.SplashScreenView{6aa3838 V.E...... ......ID 0,0-0,0}
04-22 01:25:36.227   957  1164 D SplashScreenView: Icon: view: android.widget.ImageView{6eb3011 V.ED..... ......I. 0,0-0,0 #1020542 android:id/splashscreen_icon_view} drawable: com.android.wm.shell.startingsurface.SplashscreenIconDrawableFactory$ImmobileIconDrawable@8eed576 size: 384
04-22 01:25:36.227   957  1164 D SplashScreenView: Branding: view: android.view.View{1ff0777 G.ED..... ......I. 0,0-0,0 #1020541 android:id/splashscreen_branding_view} drawable: null size w: 0 h: 0
04-22 01:25:36.227   683  9615 D SafetySourceDataValidat: No cert check requested for package com.google.android.permissioncontroller
04-22 01:25:36.230   459   537 I netd    : tetherGetStats() -> {[]} <0.14ms>
04-22 01:25:36.231   582  5370 W IPCThreadState: Sending oneway calls to frozen process.
04-22 01:25:36.231 20905 20905 I droid.apps.docs: Using CollectorTypeCMC GC.
04-22 01:25:36.231  1096  1096 W SplitSelectStateCtor: Missing session instanceIds
04-22 01:25:36.231  1096  1096 D StatsLog: LAUNCHER_SPLIT_SELECTION_EXIT_INTERRUPTED
04-22 01:25:36.232   957  1041 D WindowManagerShell: setLauncherKeepClearAreaHeight: visible=false, height=202
04-22 01:25:36.233  1591 20906 I Blockstore: [PackageIntentOperation] Checking IS_RESTORE extra. [CONTEXT service_id=258 ]
04-22 01:25:36.233 20905 20905 E droid.apps.docs: Not starting debugger since process cannot load the jdwp agent.
04-22 01:25:36.234 20905 20905 D nativeloader: Load libframework-connectivity-tiramisu-jni.so using APEX ns com_android_tethering for caller /apex/com.android.tethering/javalib/framework-connectivity-t.jar: ok
04-22 01:25:36.235   683   734 V GrammaticalInflectionUtils: AttributionSource: AttributionSource { uid = 10214, packageName = null, attributionTag = null, token = android.os.Binder@d3d534, deviceId = 0, next = null } does not have READ_SYSTEM_GRAMMATICAL_GENDER permission.
04-22 01:25:36.239   462   462 D Zygote  : Forked child process 20922
04-22 01:25:36.240   515   515 I BpBinder: onLastStrongRef automatically unlinking death recipients: 
04-22 01:25:36.242   683  1759 W OptProp : Cannot read opt property android.window.PROPERTY_COMPAT_ALLOW_DISPLAY_ORIENTATION_OVERRIDE
04-22 01:25:36.245 20922 20922 I ailassemblyrn84: Using CollectorTypeCMC GC.
04-22 01:25:36.246 20922 20922 E ailassemblyrn84: Not starting debugger since process cannot load the jdwp agent.
04-22 01:25:36.247 20922 20922 D nativeloader: Load libframework-connectivity-tiramisu-jni.so using APEX ns com_android_tethering for caller /apex/com.android.tethering/javalib/framework-connectivity-t.jar: ok
04-22 01:25:36.251   683   891 I AppWidgetServiceImpl: Received broadcast: android.intent.action.PACKAGE_UNSTOPPED on user 0
04-22 01:25:36.251   683   891 I AppWidgetServiceImpl: Updating package stopped masked state for uid 10214 package com.impos2.mixcretailassemblyrn84 isStopped false
04-22 01:25:36.253   683   731 V WindowManager: Sent Transition (#113) createdAt=04-22 01:25:36.218 via request=TransitionRequestInfo { type = OPEN, triggerTask = TaskInfo{userId=0 taskId=34 effectiveUid=10214 displayId=0 isRunning=true baseIntent=Intent { flg=0x10000000 cmp=com.impos2.mixcretailassemblyrn84/.MainActivity } baseActivity=ComponentInfo{com.impos2.mixcretailassemblyrn84/com.impos2.mixcretailassemblyrn84.MainActivity} topActivity=ComponentInfo{com.impos2.mixcretailassemblyrn84/com.impos2.mixcretailassemblyrn84.MainActivity} origActivity=null realActivity=ComponentInfo{com.impos2.mixcretailassemblyrn84/com.impos2.mixcretailassemblyrn84.MainActivity} numActivities=1 lastActiveTime=17793768 supportsMultiWindow=true resizeMode=1 isResizeable=true minWidth=-1 minHeight=-1 defaultMinSize=220 token=WCT{RemoteToken{ccea655 Task{21e1d0a #34 type=standard A=10214:com.impos2.mixcretailassemblyrn84}}} topActivityType=1 pictureInPictureParams=null shouldDockBigOverlays=false launchIntoPipHostTaskId=-1 lastParentTaskIdBeforePip=-1 displayCutoutSafeInsets=Rect(0, 0 - 0, 0) topActivityInfo=ActivityInfo{568e86a com.impos2.mixcretailassemblyrn84.MainActivity} launchCookies=[] positionInParent=Point(0, 0) parentTaskId=-1 isFocused=false isVisible=false isVisibleRequested=false isTopActivityNoDisplay=false isSleeping=false locusId=null displayAreaFeatureId=1 isTopActivityTransparent=false isActivityStackTransparent=false lastNonFullscreenBounds=Rect(892, 102 - 1668, 1482) capturedLink=null capturedLinkTimestamp=0 requestedVisibleTypes=-9 topActivityRequestOpenInBrowserEducationTimestamp=0 appCompatTaskInfo=AppCompatTaskInfo { topActivityInSizeCompat=false eligibleForLetterboxEducation= false isLetterboxEducationEnabled= true isLetterboxDoubleTapEnabled= false eligibleForUserAspectRatioButton= true topActivityBoundsLetterboxed= false isFromLetterboxDoubleTap= false topActivityLetterboxVerticalPosition= -1 topActivityLetterboxHorizontalPosition= -1 topActivityLetterboxWidth=-1 topActivityLetterboxHeight=-1 topActivityAppBounds=Rect(0, 0 - 2560, 1600) isUserFullscreenOverrideEnabled=false isSystemFullscreenOverrideEnabled=false hasMinAspectRatioOverride=false topActivityLetterboxBounds=null cameraCompatTaskInfo=CameraCompatTaskInfo { freeformCameraCompatMode=inactive}} topActivityMainWindowFrame=null}, pipChange = null, remoteTransition = null, displayChange = null, flags = 0, debugId = 113 }
04-22 01:25:36.253   683   731 V WindowManager:     startWCT=WindowContainerTransaction { changes= {} hops= [] errorCallbackToken=null taskFragmentOrganizer=null }
04-22 01:25:36.253   683   731 V WindowManager:     info={id=113 t=OPEN f=0x0 trk=0 r=[0@Point(0, 0)] c=[
04-22 01:25:36.253   683   731 V WindowManager:         {WCT{RemoteToken{ccea655 Task{21e1d0a #34 type=standard A=10214:com.impos2.mixcretailassemblyrn84}}} m=OPEN f=NONE leash=Surface(name=Task=34)/@0x9100999 sb=Rect(0, 0 - 2560, 1600) eb=Rect(0, 0 - 2560, 1600) epz=Point(2560, 1600) d=0 taskParent=-1},
04-22 01:25:36.253   683   731 V WindowManager:         {WCT{RemoteToken{d207d2d Task{be313b9 #1 type=home}}} m=TO_BACK f=SHOW_WALLPAPER leash=Surface(name=Task=1)/@0x1052c0a sb=Rect(0, 0 - 2560, 1600) eb=Rect(0, 0 - 2560, 1600) epz=Point(2560, 1600) d=0 taskParent=-1},
04-22 01:25:36.253   683   731 V WindowManager:         {m=TO_BACK f=IS_WALLPAPER leash=Surface(name=WallpaperWindowToken{d943a30 showWhenLocked=false})/@0x2293475 sb=Rect(0, 0 - 2560, 1600) eb=Rect(0, 0 - 2560, 1600) epz=Point(2560, 1600) d=0}
04-22 01:25:36.253   683   731 V WindowManager:     ]}
04-22 01:25:36.255   957  1517 V WindowManagerShell: onTransitionReady(transaction=2933462668057)
04-22 01:25:36.256  1626  2010 I MediaProvider: Begin Intent { act=android.intent.action.PACKAGE_DATA_CLEARED dat=package: flg=0x5000010 cmp=com.google.android.providers.media.module/com.android.providers.media.MediaService (has extras) }
04-22 01:25:36.260 20905 20905 D ApplicationLoaders: Returning zygote-cached class loader: /system/framework/org.apache.http.legacy.jar
04-22 01:25:36.260 20905 20905 D ApplicationLoaders: Returning zygote-cached class loader: /system_ext/framework/androidx.window.extensions.jar
04-22 01:25:36.260 20905 20905 D ApplicationLoaders: Returning zygote-cached class loader: /system_ext/framework/androidx.window.sidecar.jar
04-22 01:25:36.260   683   741 I ActivityManager: Start proc 20922:com.impos2.mixcretailassemblyrn84/u0a214 for next-top-activity {com.impos2.mixcretailassemblyrn84/com.impos2.mixcretailassemblyrn84.MainActivity}
04-22 01:25:36.260   683   741 I ActivityManager: ProcessObserver broadcast disabled
04-22 01:25:36.261   683   912 D BackgroundInstallControlService: Package event received: 0
04-22 01:25:36.262   957  1041 V WindowManagerShell: onTransitionReady (#113) android.os.BinderProxy@947509e: {id=113 t=OPEN f=0x0 trk=0 r=[0@Point(0, 0)] c=[
04-22 01:25:36.262   957  1041 V WindowManagerShell:         {m=OPEN f=NONE leash=Surface(name=Task=34)/@0x198828b sb=Rect(0, 0 - 2560, 1600) eb=Rect(0, 0 - 2560, 1600) epz=Point(2560, 1600) d=0 taskParent=-1},
04-22 01:25:36.262   957  1041 V WindowManagerShell:         {m=TO_BACK f=SHOW_WALLPAPER leash=Surface(name=Task=1)/@0x8381f68 sb=Rect(0, 0 - 2560, 1600) eb=Rect(0, 0 - 2560, 1600) epz=Point(2560, 1600) d=0 taskParent=-1},
04-22 01:25:36.262   957  1041 V WindowManagerShell:         {m=TO_BACK f=IS_WALLPAPER leash=Surface(name=WallpaperWindowToken{d943a30 showWhenLocked=false})/@0xbe73f81 sb=Rect(0, 0 - 2560, 1600) eb=Rect(0, 0 - 2560, 1600) epz=Point(2560, 1600) d=0}
04-22 01:25:36.262   957  1041 V WindowManagerShell:     ]}
04-22 01:25:36.262   957  1041 V WindowManagerShell: Playing animation for (#113) android.os.BinderProxy@947509e@0
04-22 01:25:36.262   957  1041 V ShellRecents: RecentsTransitionHandler.startAnimation: no controller found
04-22 01:25:36.262   957  1041 V WindowManagerShell: Transition doesn't have explicit remote, search filters for match for {id=113 t=OPEN f=0x0 trk=0 r=[0@Point(0, 0)] c=[{m=OPEN f=NONE leash=Surface(name=Task=34)/@0x198828b sb=Rect(0, 0 - 2560, 1600) eb=Rect(0, 0 - 2560, 1600) epz=Point(2560, 1600) d=0 taskParent=-1},{m=TO_BACK f=SHOW_WALLPAPER leash=Surface(name=Task=1)/@0x8381f68 sb=Rect(0, 0 - 2560, 1600) eb=Rect(0, 0 - 2560, 1600) epz=Point(2560, 1600) d=0 taskParent=-1},{m=TO_BACK f=IS_WALLPAPER leash=Surface(name=WallpaperWindowToken{d943a30 showWhenLocked=false})/@0xbe73f81 sb=Rect(0, 0 - 2560, 1600) eb=Rect(0, 0 - 2560, 1600) epz=Point(2560, 1600) d=0}]}
04-22 01:25:36.262   957  1041 V WindowManagerShell:  Checking filter Pair{{types=[] flags=0x0] notFlags=0x0 checks=[{atype=undefined independent=true modes=[CLOSE,TO_BACK] flags=IN_TASK_WITH_EMBEDDED_ACTIVITY mustBeTask=false order=ANY topActivity=null launchCookie=null taskFragmentToken=android.os.BinderProxy@c0a78a1 windowingMode=undefined}]} RemoteTransition { remoteTransition = android.window.IRemoteTransition$Stub$Proxy@ebc9ac6, appThread = android.app.IApplicationThread$Stub$Proxy@89a6a87, debugName = overlayBackTransition }}
04-22 01:25:36.262   957  1041 V WindowManagerShell:  Checking filter Pair{{types=[] flags=0x0] notFlags=0x0 checks=[{atype=dream independent=true modes=[OPEN,TO_FRONT] flags=NONE mustBeTask=false order=ANY topActivity=null launchCookie=null windowingMode=undefined},{atype=home independent=true modes=[CLOSE,TO_BACK] flags=NONE mustBeTask=false order=ANY topActivity=null launchCookie=null windowingMode=undefined}]} RemoteTransition { remoteTransition = android.window.IRemoteTransition$Stub$Proxy@19eadb4, appThread = android.app.IApplicationThread$Stub$Proxy@6b4fddd, debugName = LauncherToDream }}
04-22 01:25:36.262   957  1041 V WindowManagerShell:  Checking filter Pair{{types=[] flags=0x0] notFlags=0x100 checks=[{atype=home independent=true modes=[OPEN,TO_FRONT] flags=NONE mustBeTask=false order=TOP topActivity=ComponentInfo{com.google.android.apps.nexuslauncher/com.google.android.apps.nexuslauncher.NexusLauncherActivity} launchCookie=null windowingMode=undefined},{atype=standard independent=true modes=[CLOSE,TO_BACK] flags=NONE mustBeTask=false order=ANY topActivity=null launchCookie=null windowingMode=undefined},{NOT atype=undefined independent=true modes=[] flags=NONE mustBeTask=true order=ANY topActivity=null launchCookie=null customAnim=true windowingMode=undefined}]} RemoteTransition { remoteTransition = android.window.IRemoteTransition$Stub$Proxy@6579d52, appThread = android.app.IApplicationThread$Stub$Proxy@4a92823, debugName = QuickstepLaunchHome }}
04-22 01:25:36.262   957  1041 V WindowManagerShell:  Delegate animation for (#113) to null
04-22 01:25:36.262   957  1041 V WindowManagerShell: start default transition animation, info = {id=113 t=OPEN f=0x0 trk=0 r=[0@Point(0, 0)] c=[{m=OPEN f=NONE leash=Surface(name=Task=34)/@0x198828b sb=Rect(0, 0 - 2560, 1600) eb=Rect(0, 0 - 2560, 1600) epz=Point(2560, 1600) d=0 taskParent=-1},{m=TO_BACK f=SHOW_WALLPAPER leash=Surface(name=Task=1)/@0x8381f68 sb=Rect(0, 0 - 2560, 1600) eb=Rect(0, 0 - 2560, 1600) epz=Point(2560, 1600) d=0 taskParent=-1},{m=TO_BACK f=IS_WALLPAPER leash=Surface(name=WallpaperWindowToken{d943a30 showWhenLocked=false})/@0xbe73f81 sb=Rect(0, 0 - 2560, 1600) eb=Rect(0, 0 - 2560, 1600) epz=Point(2560, 1600) d=0}]}
04-22 01:25:36.262   957  1041 V WindowManagerShell: loadAnimation: anim=android.view.animation.AnimationSet@623ca14 animAttr=0x13 type=OPEN isEntrance=false
04-22 01:25:36.262   957  1041 V WindowManagerShell: loadAnimation: anim=android.view.animation.AnimationSet@27cb803 animAttr=0x12 type=OPEN isEntrance=true
04-22 01:25:36.264   683   912 D BackgroundInstallControlService: Package event received: 0
04-22 01:25:36.265  1591  1591 D BoundBrokerSvc: onBind: Intent { act=com.google.android.gms.backup.GMS_MODULE_RESTORE dat=chimera-action:/... xflg=0x4 cmp=com.google.android.gms/.chimera.GmsInternalBoundBrokerService }
04-22 01:25:36.265  1591  1591 D BoundBrokerSvc: Loading bound service for intent: Intent { act=com.google.android.gms.backup.GMS_MODULE_RESTORE dat=chimera-action:/... xflg=0x4 cmp=com.google.android.gms/.chimera.GmsInternalBoundBrokerService }
04-22 01:25:36.265 20905 20905 D nativeloader: InitLlndkLibrariesProduct: libEGL.so:libGLESv1_CM.so:libGLESv2.so:libGLESv3.so:libRS.so:libandroid_net.so:libapexsupport.so:libavf.so:libbinder_ndk.so:libc.so:libcgrouprc.so:libclang_rt.asan-aarch64-android.so:libclang_rt.hwasan-aarch64-android.so:libcom.android.tethering.connectivity_native.so:libdl.so:libft2.so:liblog.so:libm.so:libmediandk.so:libnativewindow.so:libneuralnetworks.so:libselinux.so:libsync.so:libvendorsupport.so:libvndksupport.so:libvulkan.so
04-22 01:25:36.265 20905 20905 D nativeloader: Configuring product-clns-9 for unbundled product apk /product/app/Drive/Drive.apk. target_sdk_version=35, uses_libraries=, library_path=/product/app/Drive/lib/arm64:/product/app/Drive/Drive.apk!/lib/arm64-v8a:/product/lib64:/system/product/lib64, permitted_path=/data:/mnt/expand:/data/user/0/com.google.android.apps.docs:/product/lib64:/system/product/lib64
04-22 01:25:36.266  1591 20167 I Icing   : doRemovePackageData com.impos2.mixcretailassemblyrn84
04-22 01:25:36.266 20905 20905 D nativeloader: InitVndkspLibrariesProduct: VNDK is deprecated with product
04-22 01:25:36.266 20905 20905 D CompatChangeReporter: Compat change id reported: 202956589; UID 10157; state: ENABLED
04-22 01:25:36.267 20905 20905 I droid.apps.docs: AssetManager2(0xb400007aa8c1a238) locale list changing from [] to [en-US]
04-22 01:25:36.269 20905 20905 V GraphicsEnvironment: Currently set values for:
04-22 01:25:36.269 20905 20905 V GraphicsEnvironment:   angle_gl_driver_selection_pkgs=[]
04-22 01:25:36.269 20905 20905 V GraphicsEnvironment:   angle_gl_driver_selection_values=[]
04-22 01:25:36.269 20905 20905 V GraphicsEnvironment: com.google.android.apps.docs is not listed in per-application setting
04-22 01:25:36.269 20905 20905 V GraphicsEnvironment: ANGLE allowlist from config: com.dreamgames.royalmatch com.dts.freefiremax com.dxx.firenow com.gramgames.mergedragons com.ludo.king com.mojang.minecraftpe com.my.defense com.nintendo.zaka com.os.airforce com.playrix.fishdomdd.gplay io.teslatech.callbreak jp.konami.prospia net.peakgames.toonblast
04-22 01:25:36.269 20905 20905 V GraphicsEnvironment: com.google.android.apps.docs is not listed in ANGLE allowlist or settings, returning default
04-22 01:25:36.269 20905 20905 V GraphicsEnvironment: Neither updatable production driver nor prerelease driver is supported.
04-22 01:25:36.272  1626  2010 D MediaProvider: Deleted 0 Android/media items belonging to com.impos2.mixcretailassemblyrn84 on /data/user/0/com.google.android.providers.media.module/databases/external.db
04-22 01:25:36.272  1626  2010 I FuseDaemon: Successfully deleted rows in leveldb for owner_id:  and ownerPackageIdentifier: com.impos2.mixcretailassemblyrn84::0
04-22 01:25:36.273   957  1041 V WindowManagerShell:  animated by com.android.wm.shell.transition.DefaultTransitionHandler@419789b
04-22 01:25:36.273  1626  2010 D MediaGrants: Removed 0 media_grants for 0 user for [com.impos2.mixcretailassemblyrn84, com.impos2.mixcretailassemblyrn84]. Reason: Package orphaned
04-22 01:25:36.273  1626  2010 I MediaProvider: End Intent { act=android.intent.action.PACKAGE_DATA_CLEARED dat=package: flg=0x5000010 cmp=com.google.android.providers.media.module/com.android.providers.media.MediaService (has extras) }
04-22 01:25:36.278  1396  1396 D PersistedStoragePackageUninstalledReceiver: Received android.intent.action.PACKAGE_DATA_CLEARED for com.impos2.mixcretailassemblyrn84 for u0
04-22 01:25:36.286 20922 20922 D nativeloader: Configuring clns-9 for other apk /data/app/~~adpBZNME1nQLrJPd8kjG5g==/com.impos2.mixcretailassemblyrn84-MQAHSo5DMwp3QYE1rBrvEQ==/base.apk. target_sdk_version=36, uses_libraries=, library_path=/data/app/~~adpBZNME1nQLrJPd8kjG5g==/com.impos2.mixcretailassemblyrn84-MQAHSo5DMwp3QYE1rBrvEQ==/lib/arm64:/data/app/~~adpBZNME1nQLrJPd8kjG5g==/com.impos2.mixcretailassemblyrn84-MQAHSo5DMwp3QYE1rBrvEQ==/base.apk!/lib/arm64-v8a, permitted_path=/data:/mnt/expand:/data/user/0/com.impos2.mixcretailassemblyrn84
04-22 01:25:36.292 20905 20947 D nativeloader: Load /product/app/Drive/Drive.apk!/lib/arm64-v8a/libnative_crash_handler_jni.so using class loader ns product-clns-9 (caller=/product/app/Drive/Drive.apk!classes2.dex): ok
04-22 01:25:36.294   683   929 D PackageManager: Instant App installer not found with android.intent.action.INSTALL_INSTANT_APP_PACKAGE
04-22 01:25:36.294   683   929 D PackageManager: Clear ephemeral installer activity
04-22 01:25:36.296 20922 20922 I ailassemblyrn84: AssetManager2(0xb400007aa8c1a238) locale list changing from [] to [en-US]
04-22 01:25:36.300 20905 20957 W CacheStorage: cache doesn't exist
04-22 01:25:36.300   683   912 D BackgroundInstallControlService: Package event received: 0
04-22 01:25:36.301 20905 20958 E DocsApplication: from onCreate Completable for sending summary about blocked SyncRequests
04-22 01:25:36.301 20905 20958 E DocsApplication: java.lang.IllegalStateException
04-22 01:25:36.301 20905 20958 E DocsApplication: 	at gcl.i(PG:64)
04-22 01:25:36.301 20905 20958 E DocsApplication: 	at fpw.lambda$onCreate$2(PG:281)
04-22 01:25:36.301 20905 20958 E DocsApplication: 	at fpw.$r8$lambda$M-tqsz8QJK2QrqieVTlg-c3Lhbo(PG:1)
04-22 01:25:36.301 20905 20958 E DocsApplication: 	at fpv.run(PG:717)
04-22 01:25:36.301 20905 20958 E DocsApplication: 	at wql.d(PG:13)
04-22 01:25:36.301 20905 20958 E DocsApplication: 	at wnv.e(PG:3)
04-22 01:25:36.301 20905 20958 E DocsApplication: 	at wqt$a.run(PG:3)
04-22 01:25:36.301 20905 20958 E DocsApplication: 	at wog$a.run(PG:10)
04-22 01:25:36.301 20905 20958 E DocsApplication: 	at wuv.run(PG:14)
04-22 01:25:36.301 20905 20958 E DocsApplication: 	at wuv.call(PG:1)
04-22 01:25:36.301 20905 20958 E DocsApplication: 	at java.util.concurrent.FutureTask.run(FutureTask.java:317)
04-22 01:25:36.301 20905 20958 E DocsApplication: 	at java.util.concurrent.ScheduledThreadPoolExecutor$ScheduledFutureTask.run(ScheduledThreadPoolExecutor.java:348)
04-22 01:25:36.301 20905 20958 E DocsApplication: 	at java.util.concurrent.ThreadPoolExecutor.runWorker(ThreadPoolExecutor.java:1156)
04-22 01:25:36.301 20905 20958 E DocsApplication: 	at java.util.concurrent.ThreadPoolExecutor$Worker.run(ThreadPoolExecutor.java:651)
04-22 01:25:36.301 20905 20958 E DocsApplication: 	at java.lang.Thread.run(Thread.java:1119)
04-22 01:25:36.303 20922 20922 V GraphicsEnvironment: Currently set values for:
04-22 01:25:36.303 20922 20922 V GraphicsEnvironment:   angle_gl_driver_selection_pkgs=[]
04-22 01:25:36.303 20922 20922 V GraphicsEnvironment:   angle_gl_driver_selection_values=[]
04-22 01:25:36.303 20922 20922 V GraphicsEnvironment: com.impos2.mixcretailassemblyrn84 is not listed in per-application setting
04-22 01:25:36.303 20922 20922 V GraphicsEnvironment: ANGLE allowlist from config: com.dreamgames.royalmatch com.dts.freefiremax com.dxx.firenow com.gramgames.mergedragons com.ludo.king com.mojang.minecraftpe com.my.defense com.nintendo.zaka com.os.airforce com.playrix.fishdomdd.gplay io.teslatech.callbreak jp.konami.prospia net.peakgames.toonblast
04-22 01:25:36.303 20922 20922 V GraphicsEnvironment: com.impos2.mixcretailassemblyrn84 is not listed in ANGLE allowlist or settings, returning default
04-22 01:25:36.303 20922 20922 V GraphicsEnvironment: Neither updatable production driver nor prerelease driver is supported.
04-22 01:25:36.303   683  9615 I AppWidgetServiceImpl: getAppWidgetIds() 0
04-22 01:25:36.305   683  9615 I AppWidgetServiceImpl: getInstalledProvidersForProfiles() 0
04-22 01:25:36.306   683  9615 I AppWidgetServiceImpl: notifyProviderInheritance() 0
04-22 01:25:36.307   683  9615 I WifiService: getVerboseLoggingLevel uid=10157
04-22 01:25:36.307 20905 20905 D CompatChangeReporter: Compat change id reported: 279646685; UID 10157; state: ENABLED
04-22 01:25:36.313   683 14033 D ConnectivityService: requestNetwork for uid/pid:10157/20905 activeRequest: null callbackRequest: 158 [NetworkRequest [ REQUEST id=159, [ Capabilities: INTERNET&NOT_RESTRICTED&TRUSTED&NOT_VCN_MANAGED&NOT_BANDWIDTH_CONSTRAINED Uid: 10157 RequestorUid: 10157 RequestorPkg: com.google.android.apps.docs UnderlyingNetworks: Null] ]] callback flags: 0 order: 2147483647 isUidTracked: false declaredMethods: AVAIL|LOST|UNAVAIL|NC
04-22 01:25:36.314  1283  1825 I FontLog : Received query Noto Color Emoji Compat, URI content://com.google.android.gms.fonts [CONTEXT service_id=132 ]
04-22 01:25:36.314   683  9615 D FileUtils: Rounded bytes from 3120066560 to 4000000000
04-22 01:25:36.314  1283  1825 I FontLog : Query [Noto Color Emoji Compat] resolved to {Noto Color Emoji Compat, wdth 100.0, wght 400, ital 0.0, bestEffort false}, isVf false} [CONTEXT service_id=132 ]
04-22 01:25:36.315  1283  1825 I FontLog : Fetch {Noto Color Emoji Compat, wdth 100.0, wght 400, ital 0.0, bestEffort false}, isVf false} end status Status{statusCode=SUCCESS, resolution=null} [CONTEXT service_id=132 ]
04-22 01:25:36.315 20922 20922 W SoLoader: Initializing SoLoader: 0
04-22 01:25:36.315 20922 20922 W SoLoader: Recording new base apk path: /data/app/~~adpBZNME1nQLrJPd8kjG5g==/com.impos2.mixcretailassemblyrn84-MQAHSo5DMwp3QYE1rBrvEQ==/base.apk
04-22 01:25:36.315 20922 20922 W SoLoader: Previously recorded 0 base apk paths.
04-22 01:25:36.316  1283  2206 I FontLog : Pulling font file for id = 31, cache size = 4 [CONTEXT service_id=132 ]
04-22 01:25:36.317 20922 20922 I SoLoader: Preparing SO source: DirectorySoSource[root = /vendor/lib64 flags = 2]
04-22 01:25:36.317 20922 20922 I SoLoader: Preparing SO source: DirectorySoSource[root = /system/lib64 flags = 2]
04-22 01:25:36.317 20922 20922 I SoLoader: Preparing SO source: DirectApkSoSource[root = [/data/app/~~adpBZNME1nQLrJPd8kjG5g==/com.impos2.mixcretailassemblyrn84-MQAHSo5DMwp3QYE1rBrvEQ==/base.apk!/lib/arm64-v8a]]
04-22 01:25:36.317  1283  2206 I FontLog : Pulling font file for id = 31, cache size = 4 [CONTEXT service_id=132 ]
04-22 01:25:36.317 20922 20922 I SoLoader: Preparing SO source: ApplicationSoSource[DirectorySoSource[root = /data/app/~~adpBZNME1nQLrJPd8kjG5g==/com.impos2.mixcretailassemblyrn84-MQAHSo5DMwp3QYE1rBrvEQ==/lib/arm64 flags = 0]]
04-22 01:25:36.318 20922 20922 I SoLoader: init finish: 4 SO sources prepared
04-22 01:25:36.318 20922 20922 W SoLoader: SoLoader initialized: 8
04-22 01:25:36.318 20905 20968 E ashmem  : Pinning is deprecated since Android Q. Please use trim or other methods.
04-22 01:25:36.319 20922 20922 D nativeloader: Load /data/app/~~adpBZNME1nQLrJPd8kjG5g==/com.impos2.mixcretailassemblyrn84-MQAHSo5DMwp3QYE1rBrvEQ==/base.apk!/lib/arm64-v8a/libc++_shared.so using class loader ns clns-9 (caller=/data/app/~~adpBZNME1nQLrJPd8kjG5g==/com.impos2.mixcretailassemblyrn84-MQAHSo5DMwp3QYE1rBrvEQ==/base.apk): ok
04-22 01:25:36.319 20922 20922 D nativeloader: Load /data/app/~~adpBZNME1nQLrJPd8kjG5g==/com.impos2.mixcretailassemblyrn84-MQAHSo5DMwp3QYE1rBrvEQ==/base.apk!/lib/arm64-v8a/libjsi.so using class loader ns clns-9 (caller=/data/app/~~adpBZNME1nQLrJPd8kjG5g==/com.impos2.mixcretailassemblyrn84-MQAHSo5DMwp3QYE1rBrvEQ==/base.apk): ok
04-22 01:25:36.321   683   864 D ConnectivityService: NetReassign [159 : null → 101] [c 1] [a 0] [i 0]
04-22 01:25:36.323 20922 20922 D nativeloader: Load /data/app/~~adpBZNME1nQLrJPd8kjG5g==/com.impos2.mixcretailassemblyrn84-MQAHSo5DMwp3QYE1rBrvEQ==/base.apk!/lib/arm64-v8a/libfbjni.so using class loader ns clns-9 (caller=/data/app/~~adpBZNME1nQLrJPd8kjG5g==/com.impos2.mixcretailassemblyrn84-MQAHSo5DMwp3QYE1rBrvEQ==/base.apk): ok
04-22 01:25:36.325   683   858 D WifiNetworkFactory: got request NetworkRequest [ REQUEST id=159, [ Capabilities: INTERNET&NOT_RESTRICTED&TRUSTED&NOT_VCN_MANAGED&NOT_BANDWIDTH_CONSTRAINED Uid: 10157 RequestorUid: 10157 RequestorPkg: com.google.android.apps.docs UnderlyingNetworks: Null] ]
04-22 01:25:36.327 20922 20922 D nativeloader: Load /data/app/~~adpBZNME1nQLrJPd8kjG5g==/com.impos2.mixcretailassemblyrn84-MQAHSo5DMwp3QYE1rBrvEQ==/base.apk!/lib/arm64-v8a/libreactnative.so using class loader ns clns-9 (caller=/data/app/~~adpBZNME1nQLrJPd8kjG5g==/com.impos2.mixcretailassemblyrn84-MQAHSo5DMwp3QYE1rBrvEQ==/base.apk): ok
04-22 01:25:36.328 20922 20922 D jni_lib_merge: Entering merged library JNI_OnLoad.
04-22 01:25:36.328 20922 20922 D jni_lib_merge: Preparing 12 pre-merged libs (including stub)
04-22 01:25:36.328 20922 20922 D jni_lib_merge: Preparing to register libfabricjni_so.  onload_func: 0x786dd60a50
04-22 01:25:36.329 20922 20922 D jni_lib_merge: Preparing to register libreact_devsupportjni_so.  onload_func: 0x786de2436c
04-22 01:25:36.329 20922 20922 D jni_lib_merge: Preparing to register libreact_featureflagsjni_so.  onload_func: 0x786de3eba8
04-22 01:25:36.329 20922 20922 D jni_lib_merge: Preparing to register libreact_newarchdefaults_so.  onload_func: 0x786de7cd74
04-22 01:25:36.329 20922 20922 D jni_lib_merge: Preparing to register libreactnativeblob_so.  onload_func: 0x786df1da4c
04-22 01:25:36.329 20922 20922 D jni_lib_merge: Preparing to register libreactnativejni_so.  onload_func: 0x786df329e4
04-22 01:25:36.329 20922 20922 D jni_lib_merge: Preparing to register libreactnativejni_common_so.  onload_func: 0x786df35be0
04-22 01:25:36.329 20922 20922 D jni_lib_merge: Preparing to register librninstance_so.  onload_func: 0x786df52778
04-22 01:25:36.329 20922 20922 D jni_lib_merge: Preparing to register libturbomodulejsijni_so.  onload_func: 0x786dffc0e0
04-22 01:25:36.329 20922 20922 D jni_lib_merge: Preparing to register libuimanagerjni_so.  onload_func: 0x786e002b00
04-22 01:25:36.329 20922 20922 D jni_lib_merge: Preparing to register libyoga_so.  onload_func: 0x786e00a0c4
04-22 01:25:36.329 20922 20922 D jni_lib_merge: About to register 11 actual methods.
04-22 01:25:36.331 20905 20905 D CompatChangeReporter: Compat change id reported: 270674727; UID 10157; state: ENABLED
04-22 01:25:36.332 20922 20922 D nativeloader: Load /data/app/~~adpBZNME1nQLrJPd8kjG5g==/com.impos2.mixcretailassemblyrn84-MQAHSo5DMwp3QYE1rBrvEQ==/base.apk!/lib/arm64-v8a/libreact_codegen_rnsvg.so using class loader ns clns-9 (caller=/data/app/~~adpBZNME1nQLrJPd8kjG5g==/com.impos2.mixcretailassemblyrn84-MQAHSo5DMwp3QYE1rBrvEQ==/base.apk): ok
04-22 01:25:36.332 20922 20922 D jni_lib_merge: Entering merged library JNI_OnLoad.
04-22 01:25:36.332 20922 20922 D jni_lib_merge: Preparing 12 pre-merged libs (including stub)
04-22 01:25:36.332 20922 20922 D jni_lib_merge: Preparing to register libfabricjni_so.  onload_func: 0x786dd60a50
04-22 01:25:36.332 20922 20922 D jni_lib_merge: Preparing to register libreact_devsupportjni_so.  onload_func: 0x786de2436c
04-22 01:25:36.332 20922 20922 D jni_lib_merge: Preparing to register libreact_featureflagsjni_so.  onload_func: 0x786de3eba8
04-22 01:25:36.332 20922 20922 D jni_lib_merge: Preparing to register libreact_newarchdefaults_so.  onload_func: 0x786de7cd74
04-22 01:25:36.332 20922 20922 D jni_lib_merge: Preparing to register libreactnativeblob_so.  onload_func: 0x786df1da4c
04-22 01:25:36.332 20922 20922 D jni_lib_merge: Preparing to register libreactnativejni_so.  onload_func: 0x786df329e4
04-22 01:25:36.332 20922 20922 D jni_lib_merge: Preparing to register libreactnativejni_common_so.  onload_func: 0x786df35be0
04-22 01:25:36.332 20922 20922 D jni_lib_merge: Preparing to register librninstance_so.  onload_func: 0x786df52778
04-22 01:25:36.332 20922 20922 D jni_lib_merge: Preparing to register libturbomodulejsijni_so.  onload_func: 0x786dffc0e0
04-22 01:25:36.332 20922 20922 D jni_lib_merge: Preparing to register libuimanagerjni_so.  onload_func: 0x786e002b00
04-22 01:25:36.332 20922 20922 D jni_lib_merge: Preparing to register libyoga_so.  onload_func: 0x786e00a0c4
04-22 01:25:36.332 20922 20922 D jni_lib_merge: About to register 11 actual methods.
04-22 01:25:36.333 20922 20922 D nativeloader: Load /data/app/~~adpBZNME1nQLrJPd8kjG5g==/com.impos2.mixcretailassemblyrn84-MQAHSo5DMwp3QYE1rBrvEQ==/base.apk!/lib/arm64-v8a/libappmodules.so using class loader ns clns-9 (caller=/data/app/~~adpBZNME1nQLrJPd8kjG5g==/com.impos2.mixcretailassemblyrn84-MQAHSo5DMwp3QYE1rBrvEQ==/base.apk): ok
04-22 01:25:36.335   683   858 V WifiNetworkFactory: Accepted network request NetworkRequest [ REQUEST id=159, [ Capabilities: INTERNET&NOT_RESTRICTED&TRUSTED&NOT_VCN_MANAGED&NOT_BANDWIDTH_CONSTRAINED Uid: 10157 RequestorUid: 10157 RequestorPkg: com.google.android.apps.docs UnderlyingNetworks: Null] ]
04-22 01:25:36.335   683   858 D UntrustedWifiNetworkFactory: got request NetworkRequest [ REQUEST id=159, [ Capabilities: INTERNET&NOT_RESTRICTED&TRUSTED&NOT_VCN_MANAGED&NOT_BANDWIDTH_CONSTRAINED Uid: 10157 RequestorUid: 10157 RequestorPkg: com.google.android.apps.docs UnderlyingNetworks: Null] ]
04-22 01:25:36.335   683   858 D OemPaidWifiNetworkFactory: got request NetworkRequest [ REQUEST id=159, [ Capabilities: INTERNET&NOT_RESTRICTED&TRUSTED&NOT_VCN_MANAGED&NOT_BANDWIDTH_CONSTRAINED Uid: 10157 RequestorUid: 10157 RequestorPkg: com.google.android.apps.docs UnderlyingNetworks: Null] ]
04-22 01:25:36.335   683   858 D MultiInternetWifiNetworkFactory: got request NetworkRequest [ REQUEST id=159, [ Capabilities: INTERNET&NOT_RESTRICTED&TRUSTED&NOT_VCN_MANAGED&NOT_BANDWIDTH_CONSTRAINED Uid: 10157 RequestorUid: 10157 RequestorPkg: com.google.android.apps.docs UnderlyingNetworks: Null] ]
04-22 01:25:36.335   683  1149 W OptProp : Cannot read opt property android.window.PROPERTY_COMPAT_ENABLE_FAKE_FOCUS
04-22 01:25:36.335   683  9615 D FileUtils: Rounded bytes from 3120066560 to 4000000000
04-22 01:25:36.337 20922 20977 I DisplayManager: Choreographer implicitly registered for the refresh rate.
04-22 01:25:36.338  8919  8935 I ProvidersCache: Provider returned no roots. Possibly naughty: com.google.android.apps.docs.storage
04-22 01:25:36.338 20922 20922 I ailassemblyrn84: AssetManager2(0xb400007aa8c1d118) locale list changing from [] to [en-US]
04-22 01:25:36.339 20922 20922 D AppCompatDelegate: Checking for metadata for AppLocalesMetadataHolderService : Service not found
04-22 01:25:36.339 20922 20922 I ailassemblyrn84: AssetManager2(0xb400007aa8c1bb38) locale list changing from [] to [en-US]
04-22 01:25:36.339  8919  8940 W oid.documentsui: Long monitor contention with owner pool-3-thread-2 (8936) at void com.android.documentsui.roots.ProvidersCache$MultiProviderUpdateTask.handleDocumentsProvider(android.content.pm.ProviderInfo, com.android.documentsui.base.UserId)(ProvidersCache.java:648) waiters=3 in void com.android.documentsui.roots.ProvidersCache$MultiProviderUpdateTask.handleDocumentsProvider(android.content.pm.ProviderInfo, com.android.documentsui.base.UserId) for 143ms
04-22 01:25:36.340   683   912 D BackgroundInstallControlService: Package event received: 0
04-22 01:25:36.343   683   912 D BackgroundInstallControlService: Package event received: 0
04-22 01:25:36.343   683   912 D BackgroundInstallControlService: Package event received: 0
04-22 01:25:36.343 20922 20922 E ashmem  : Pinning is deprecated since Android Q. Please use trim or other methods.
04-22 01:25:36.347 20922 20922 D CompatChangeReporter: Compat change id reported: 377864165; UID 10214; state: ENABLED
04-22 01:25:36.347 20922 20922 D DesktopModeFlags: Toggle override initialized to: OVERRIDE_UNSET
04-22 01:25:36.348 20922 20922 I StartupAudit: activity_created activity=MainActivity displayIndex=0 pid=20922 time=2026-04-22 01:25:36.348
04-22 01:25:36.354   683  6693 D FileUtils: Rounded bytes from 3120066560 to 4000000000
04-22 01:25:36.359 20922 20922 D nativeloader: Load /data/app/~~adpBZNME1nQLrJPd8kjG5g==/com.impos2.mixcretailassemblyrn84-MQAHSo5DMwp3QYE1rBrvEQ==/base.apk!/lib/arm64-v8a/libhermesvm.so using class loader ns clns-9 (caller=/data/app/~~adpBZNME1nQLrJPd8kjG5g==/com.impos2.mixcretailassemblyrn84-MQAHSo5DMwp3QYE1rBrvEQ==/base.apk): ok
04-22 01:25:36.359 20922 20922 D nativeloader: Load /data/app/~~adpBZNME1nQLrJPd8kjG5g==/com.impos2.mixcretailassemblyrn84-MQAHSo5DMwp3QYE1rBrvEQ==/base.apk!/lib/arm64-v8a/libhermestooling.so using class loader ns clns-9 (caller=/data/app/~~adpBZNME1nQLrJPd8kjG5g==/com.impos2.mixcretailassemblyrn84-MQAHSo5DMwp3QYE1rBrvEQ==/base.apk): ok
04-22 01:25:36.359 20922 20922 D jni_lib_merge: Entering merged library JNI_OnLoad.
04-22 01:25:36.359 20922 20922 D jni_lib_merge: Preparing 4 pre-merged libs (including stub)
04-22 01:25:36.359 20922 20922 D jni_lib_merge: Preparing to register libhermes_executor_so.  onload_func: 0x787729e728
04-22 01:25:36.359 20922 20922 D jni_lib_merge: Preparing to register libhermesinstancejni_so.  onload_func: 0x78772a5d44
04-22 01:25:36.359 20922 20922 D jni_lib_merge: Preparing to register libjsijniprofiler_so.  onload_func: 0x78772a6530
04-22 01:25:36.359 20922 20922 D jni_lib_merge: About to register 3 actual methods.
04-22 01:25:36.360  1283  1898 I .gms.persistent: AssetManager2(0xb400007aa8c1f058) locale list changing from [] to [en-US]
04-22 01:25:36.364   683  1827 D PackageManager: Instant App installer not found with android.intent.action.INSTALL_INSTANT_APP_PACKAGE
04-22 01:25:36.364   683  1827 D PackageManager: Clear ephemeral installer activity
04-22 01:25:36.364 20922 20922 I HotUpdateBundleResolver: no_active_marker isPrimaryProcess=true pid=20922
04-22 01:25:36.364 20922 20922 I MainApplication: getJSBundleFile process=com.impos2.mixcretailassemblyrn84 isPrimaryProcess=true resolvedBundle=null fallbackBundle=null selectedBundle=null
04-22 01:25:36.367 20922 20922 W unknown:BridgelessReact: ReactHost{0}.startSurface(surfaceId = 0): Schedule
04-22 01:25:36.367 20922 20922 W unknown:BridgelessReact: ReactHost{0}.attachSurface(surfaceId = 0)
04-22 01:25:36.368 20922 20977 I EGL_emulation: Opening libGLESv1_CM_emulation.so
04-22 01:25:36.369 20922 20977 I EGL_emulation: Opening libGLESv2_emulation.so
04-22 01:25:36.369 20922 20987 W unknown:BridgelessReact: ReactHost{0}.getOrCreateReactInstanceTask()
04-22 01:25:36.369 20922 20987 W unknown:BridgelessReact: ReactHost{0}.getOrCreateReactInstanceTask(): Start
04-22 01:25:36.370 20922 20987 W unknown:BridgelessReact: ReactHost{0}.getJSBundleLoader()
04-22 01:25:36.370 20922 20987 W unknown:BridgelessReact: ReactHost{0}.getOrCreateReactInstanceTask(): Creating BridgelessReactContext
04-22 01:25:36.370 20922 20987 W unknown:BridgelessReact: ReactHost{0}.getOrCreateReactInstanceTask(): Creating ReactInstance
04-22 01:25:36.374 20922 20977 W HWUI    : Failed to choose config with EGL_SWAP_BEHAVIOR_PRESERVED, retrying without...
04-22 01:25:36.374 20922 20977 W HWUI    : Failed to initialize 101010-2 format, error = EGL_SUCCESS
04-22 01:25:36.381 20922 20922 W unknown:BridgelessReact: ReactHost{0}.onHostResume(activity)
04-22 01:25:36.381 20922 20922 W unknown:BridgelessReact: ReactHost{0}.ReactContext.onHostResume()
04-22 01:25:36.383 20922 20922 W HWUI    : Unknown dataspace 0
--------- beginning of kernel
04-22 01:25:36.387   224   224 I servicemanager: Caller(pid=20922,uid=10214,sid=u:r:untrusted_app:s0:c214,c256,c512,c768) Found android.hardware.graphics.allocator.IAllocator/default in device VINTF manifest.
04-22 01:25:36.389   224   224 I servicemanager: Caller(pid=20922,uid=10214,sid=u:r:untrusted_app:s0:c214,c256,c512,c768) Found android.hardware.graphics.allocator.IAllocator/default in device VINTF manifest.
04-22 01:25:36.389   224   224 I servicemanager: Caller(pid=20922,uid=10214,sid=u:r:untrusted_app:s0:c214,c256,c512,c768) Found mapper/ranchu in device VINTF manifest.
04-22 01:25:36.388 20922 20987 W unknown:BridgelessReact: ReactHost{0}.getOrCreateReactInstanceTask(): Loading JS Bundle
