04-22 01:25:35.924 16600 16665 I assembly.android.mixc-retail-rn84.boot: {"stage":"automation.host:start","displayIndex":0,"displayCount":1,"target":"primary","host":"127.0.0.1","port":18584,"generation":"automation-host-2-17792615297483"}
04-22 01:25:35.925 16600 16665 I MMKV    : <MMKV_IO.cpp:609::writeActualSize> [mixc-retail-assembly-rn84::state] increase sequence to 6, crc 1767242110, actualSize 21721
04-22 01:25:35.925 16600 16665 I MMKV    : <MMKV.cpp:1208::sync> MMKV::sync, SyncFlag = 1
04-22 01:25:35.935 16600 16665 I MMKV    : <MMKV_IO.cpp:609::writeActualSize> [mixc-retail-assembly-rn84::state] increase sequence to 7, crc 2007380960, actualSize 21721
04-22 01:25:35.935 16600 16665 I MMKV    : <MMKV.cpp:1208::sync> MMKV::sync, SyncFlag = 1
04-22 01:25:35.937 16600 16665 I assembly.android.mixc-retail-rn84.boot: {"stage":"app-load-complete:start","displayIndex":0}
04-22 01:25:35.938  1043  1043 D b/260135164: updateIconAlphaForHome - setIconsAlpha(0), isTaskbarPresent: true
04-22 01:25:35.938 16600 16665 I StartupAudit: app_load_complete displayIndex=0 pid=16600 time=2026-04-22 01:25:35.938
04-22 01:25:35.938 16600 16665 I StartupAudit: secondary_launch_scheduled pid=16600 time=2026-04-22 01:25:35.938
04-22 01:25:35.941 16600 16665 I MMKV    : <MMKV_IO.cpp:609::writeActualSize> [mixc-retail-assembly-rn84::state] increase sequence to 8, crc 4197071265, actualSize 21721
04-22 01:25:35.941 16600 16665 I MMKV    : <MMKV.cpp:1208::sync> MMKV::sync, SyncFlag = 1
04-22 01:25:35.947 16600 16665 I MMKV    : <MMKV_IO.cpp:609::writeActualSize> [mixc-retail-assembly-rn84::state] increase sequence to 9, crc 2083874958, actualSize 21721
04-22 01:25:35.947 16600 16665 I MMKV    : <MMKV.cpp:1208::sync> MMKV::sync, SyncFlag = 1
04-22 01:25:35.951 16600 16665 I assembly.android.mixc-retail-rn84.boot: {"stage":"app-load-complete:done","displayIndex":0}
04-22 01:25:35.953  1043  1043 D b/260135164: updateIconAlphaForHome - setIconsAlpha(0), isTaskbarPresent: true
04-22 01:25:35.964 16600 16665 I MMKV    : <MMKV_IO.cpp:609::writeActualSize> [mixc-retail-assembly-rn84::state] increase sequence to 10, crc 876245040, actualSize 21721
04-22 01:25:35.964 16600 16665 I MMKV    : <MMKV.cpp:1208::sync> MMKV::sync, SyncFlag = 1
04-22 01:25:35.972  1043  1043 D b/260135164: updateIconAlphaForHome - setIconsAlpha(0), isTaskbarPresent: true
04-22 01:25:35.975 16600 16665 I MMKV    : <MMKV_IO.cpp:609::writeActualSize> [mixc-retail-assembly-rn84::state] increase sequence to 11, crc 644755033, actualSize 21721
04-22 01:25:35.975 16600 16665 I MMKV    : <MMKV.cpp:1208::sync> MMKV::sync, SyncFlag = 1
04-22 01:25:35.990  1043  1043 D b/260135164: updateIconAlphaForHome - setIconsAlpha(0), isTaskbarPresent: true
04-22 01:25:35.993   790  1086 D BtGatt.ScanManager: uid 10116 isForeground true scanMode -1
04-22 01:25:35.995 16600 16665 I MMKV    : <MMKV_IO.cpp:609::writeActualSize> [mixc-retail-assembly-rn84::state] increase sequence to 12, crc 4289051462, actualSize 21721
04-22 01:25:35.995 16600 16665 I MMKV    : <MMKV.cpp:1208::sync> MMKV::sync, SyncFlag = 1
04-22 01:25:36.004  1043  1043 D b/260135164: updateIconAlphaForHome - setIconsAlpha(0), isTaskbarPresent: true
04-22 01:25:36.006   335   435 W TransactionTracing: Could not find layer handle 0xb400006eb98b2170
04-22 01:25:36.006   335   435 W TransactionTracing: Could not find layer handle 0xb400006eb98b77b0
04-22 01:25:36.007 16600 16665 I MMKV    : <MMKV_IO.cpp:609::writeActualSize> [mixc-retail-assembly-rn84::state] increase sequence to 13, crc 1006924543, actualSize 21721
04-22 01:25:36.007 16600 16665 I MMKV    : <MMKV.cpp:1208::sync> MMKV::sync, SyncFlag = 1
04-22 01:25:36.018  1043  1923 D OneSearchSuggestProvider: Shut down the binder channel
04-22 01:25:36.022  1043  1043 D b/260135164: updateIconAlphaForHome - setIconsAlpha(0), isTaskbarPresent: true
04-22 01:25:36.029 16600 16665 I MMKV    : <MMKV_IO.cpp:609::writeActualSize> [mixc-retail-assembly-rn84::state] increase sequence to 14, crc 1545718912, actualSize 21721
04-22 01:25:36.029 16600 16665 I MMKV    : <MMKV.cpp:1208::sync> MMKV::sync, SyncFlag = 1
04-22 01:25:36.036 16600 16665 I MMKV    : <MMKV_IO.cpp:609::writeActualSize> [mixc-retail-assembly-rn84::state] increase sequence to 15, crc 889704473, actualSize 21721
04-22 01:25:36.036 16600 16665 I MMKV    : <MMKV.cpp:1208::sync> MMKV::sync, SyncFlag = 1
04-22 01:25:36.038   335   435 W TransactionTracing: Could not find layer handle 0xb400006eb98b3850
04-22 01:25:36.038   335   435 W TransactionTracing: Could not find layer handle 0xb400006eb98b3070
04-22 01:25:36.039  1043  1043 D b/260135164: updateIconAlphaForHome - setIconsAlpha(0), isTaskbarPresent: true
04-22 01:25:36.043 16600 16665 I MMKV    : <MMKV_IO.cpp:609::writeActualSize> [mixc-retail-assembly-rn84::state] increase sequence to 16, crc 3902872297, actualSize 21721
04-22 01:25:36.043 16600 16665 I MMKV    : <MMKV.cpp:1208::sync> MMKV::sync, SyncFlag = 1
04-22 01:25:36.049 16600 16665 I MMKV    : <MMKV_IO.cpp:609::writeActualSize> [mixc-retail-assembly-rn84::state] increase sequence to 17, crc 1210298226, actualSize 21721
04-22 01:25:36.049 16600 16665 I MMKV    : <MMKV.cpp:1208::sync> MMKV::sync, SyncFlag = 1
04-22 01:25:36.054  1043  1043 D b/260135164: updateIconAlphaForHome - setIconsAlpha(0), isTaskbarPresent: true
04-22 01:25:36.054 16600 16665 I MMKV    : <MMKV_IO.cpp:609::writeActualSize> [mixc-retail-assembly-rn84::state] increase sequence to 18, crc 3469548443, actualSize 21721
04-22 01:25:36.054 16600 16665 I MMKV    : <MMKV.cpp:1208::sync> MMKV::sync, SyncFlag = 1
04-22 01:25:36.061 16600 16665 I MMKV    : <MMKV_IO.cpp:609::writeActualSize> [mixc-retail-assembly-rn84::state] increase sequence to 19, crc 3983104580, actualSize 21721
04-22 01:25:36.061 16600 16665 I MMKV    : <MMKV.cpp:1208::sync> MMKV::sync, SyncFlag = 1
04-22 01:25:36.066 16600 16665 I MMKV    : <MMKV_IO.cpp:609::writeActualSize> [mixc-retail-assembly-rn84::state] increase sequence to 20, crc 3788199144, actualSize 21721
04-22 01:25:36.067 16600 16665 I MMKV    : <MMKV.cpp:1208::sync> MMKV::sync, SyncFlag = 1
04-22 01:25:36.070  1043  1043 D b/260135164: updateIconAlphaForHome - setIconsAlpha(0), isTaskbarPresent: true
04-22 01:25:36.074 16600 16665 I MMKV    : <MMKV_IO.cpp:609::writeActualSize> [mixc-retail-assembly-rn84::state] increase sequence to 21, crc 1043412341, actualSize 21721
04-22 01:25:36.074 16600 16665 I MMKV    : <MMKV.cpp:1208::sync> MMKV::sync, SyncFlag = 1
04-22 01:25:36.081 16600 16665 I MMKV    : <MMKV_IO.cpp:609::writeActualSize> [mixc-retail-assembly-rn84::state] increase sequence to 22, crc 1545283256, actualSize 21721
04-22 01:25:36.081 16600 16665 I MMKV    : <MMKV.cpp:1208::sync> MMKV::sync, SyncFlag = 1
04-22 01:25:36.082 12431 12474 D TrafficStats: tagSocket(58) with statsTag=0x1803, statsUid=10116
04-22 01:25:36.087  1043  1043 D b/260135164: updateIconAlphaForHome - setIconsAlpha(0), isTaskbarPresent: true
04-22 01:25:36.087 16600 16665 I MMKV    : <MMKV_IO.cpp:609::writeActualSize> [mixc-retail-assembly-rn84::state] increase sequence to 23, crc 3031079425, actualSize 21721
04-22 01:25:36.087 16600 16665 I MMKV    : <MMKV.cpp:1208::sync> MMKV::sync, SyncFlag = 1
04-22 01:25:36.095 16600 16665 I MMKV    : <MMKV_IO.cpp:609::writeActualSize> [mixc-retail-assembly-rn84::state] increase sequence to 24, crc 2642158793, actualSize 21721
04-22 01:25:36.095 16600 16665 I MMKV    : <MMKV.cpp:1208::sync> MMKV::sync, SyncFlag = 1
04-22 01:25:36.101 16600 16665 I MMKV    : <MMKV_IO.cpp:609::writeActualSize> [mixc-retail-assembly-rn84::state] increase sequence to 25, crc 3838144606, actualSize 21721
04-22 01:25:36.101 16600 16665 I MMKV    : <MMKV.cpp:1208::sync> MMKV::sync, SyncFlag = 1
04-22 01:25:36.103  1043  1043 D b/260135164: updateIconAlphaForHome - setIconsAlpha(0), isTaskbarPresent: true
04-22 01:25:36.109 16600 16665 I MMKV    : <MMKV_IO.cpp:609::writeActualSize> [mixc-retail-assembly-rn84::state] increase sequence to 26, crc 924092636, actualSize 21721
04-22 01:25:36.109 16600 16665 I MMKV    : <MMKV.cpp:1208::sync> MMKV::sync, SyncFlag = 1
04-22 01:25:36.115 16600 16665 I MMKV    : <MMKV_IO.cpp:609::writeActualSize> [mixc-retail-assembly-rn84::state] increase sequence to 27, crc 2366574160, actualSize 21721
04-22 01:25:36.115 16600 16665 I MMKV    : <MMKV.cpp:1208::sync> MMKV::sync, SyncFlag = 1
04-22 01:25:36.121  1043  1043 D b/260135164: updateIconAlphaForHome - setIconsAlpha(0), isTaskbarPresent: true
04-22 01:25:36.138  1043  1043 D b/260135164: updateIconAlphaForHome - setIconsAlpha(0), isTaskbarPresent: true
04-22 01:25:36.150 12431 12474 D TrafficStats: tagSocket(81) with statsTag=0x1803, statsUid=10116
04-22 01:25:36.154  1043  1043 D b/260135164: updateIconAlphaForHome - setIconsAlpha(0), isTaskbarPresent: true
04-22 01:25:36.171  1043  1043 D b/260135164: updateIconAlphaForHome - setIconsAlpha(0), isTaskbarPresent: true
04-22 01:25:36.188  1043  1043 D b/260135164: updateIconAlphaForHome - setIconsAlpha(0), isTaskbarPresent: true
04-22 01:25:36.204  1043  1043 D b/260135164: updateIconAlphaForHome - setIconsAlpha(0), isTaskbarPresent: true
04-22 01:25:36.209   519  2291 D CoreBackPreview: Window{fe348ae u0 Splash Screen com.impos2.mixcretailassemblyrn84 EXITING}: Setting back callback null
04-22 01:25:36.209   519  1105 W InputManager-JNI: Input channel object 'fe348ae Splash Screen com.impos2.mixcretailassemblyrn84 (client)' was disposed without first being removed with the input manager!
04-22 01:25:36.221  1043  1043 D b/260135164: updateIconAlphaForHome - setIconsAlpha(0), isTaskbarPresent: true
04-22 01:25:36.237  1043  1043 D b/260135164: updateIconAlphaForHome - setIconsAlpha(0), isTaskbarPresent: true
04-22 01:25:36.255  1043  1043 D b/260135164: updateIconAlphaForHome - setIconsAlpha(0), isTaskbarPresent: true
04-22 01:25:36.270   790  1086 D BtGatt.ScanManager: uid 10116 isForeground true scanMode -1
04-22 01:25:36.272  1043  1043 D b/260135164: updateIconAlphaForHome - setIconsAlpha(0), isTaskbarPresent: true
04-22 01:25:36.272  1251  1643 I FontLog : Received query Noto Color Emoji Compat, URI content://com.google.android.gms.fonts [CONTEXT service_id=132 ]
04-22 01:25:36.272  1251  1643 I FontLog : Query [emojicompat-emoji-font] resolved to {Noto Color Emoji Compat, wdth 100.0, wght 400, ital 0.0, bestEffort false} [CONTEXT service_id=132 ]
04-22 01:25:36.273  1251  1643 I FontLog : Fetch {Noto Color Emoji Compat, wdth 100.0, wght 400, ital 0.0, bestEffort false} end status Status{statusCode=SUCCESS, resolution=null} [CONTEXT service_id=132 ]
04-22 01:25:36.275  1251  1643 I FontLog : Pulling font file for id = 104, cache size = 4 [CONTEXT service_id=132 ]
04-22 01:25:36.278  1251  1643 I FontLog : Pulling font file for id = 104, cache size = 4 [CONTEXT service_id=132 ]
04-22 01:25:36.287  1043  1043 D b/260135164: updateIconAlphaForHome - setIconsAlpha(0), isTaskbarPresent: true
04-22 01:25:36.300  1043  1728 E OpenGLRenderer: Unable to match the desired swap behavior.
04-22 01:25:36.386 12431 12474 D TrafficStats: tagSocket(100) with statsTag=0x1803, statsUid=10116
04-22 01:25:36.387   335   435 W TransactionTracing: Could not find layer handle 0xb400006eb98b5230
04-22 01:25:36.387   335   435 W TransactionTracing: Could not find layer handle 0xb400006eb98b63d0
04-22 01:25:36.387   335   435 W TransactionTracing: Could not find layer handle 0xb400006eb98b62b0
04-22 01:25:36.387   335   435 W TransactionTracing: Could not find layer handle 0xb400006eb98b62b0
04-22 01:25:36.387   335   435 W TransactionTracing: Could not find layer handle 0xb400006eb98b63d0
04-22 01:25:36.754   519   600 D CompatibilityChangeReporter: Compat change id reported: 218533173; UID 10127; state: ENABLED
04-22 01:25:36.755   519   548 E system_server: No package ID 7f found for ID 0x7f080292.
04-22 01:25:36.755   519   548 E system_server: No package ID 7f found for ID 0x7f130588.
04-22 01:25:36.755   519   548 E system_server: No package ID 7f found for ID 0x7f130588.
04-22 01:25:36.755   519   548 E system_server: No package ID 7f found for ID 0x7f08028e.
04-22 01:25:36.755   519   548 E system_server: No package ID 7f found for ID 0x7f130586.
04-22 01:25:36.755   519   548 E system_server: No package ID 7f found for ID 0x7f130586.
04-22 01:25:36.755   519   548 E system_server: No package ID 7f found for ID 0x7f080290.
04-22 01:25:36.755   519   548 E system_server: No package ID 7f found for ID 0x7f130587.
04-22 01:25:36.755   519   548 E system_server: No package ID 7f found for ID 0x7f130587.
04-22 01:25:36.755   519   548 W ShortcutService: Invalid tag 'capability' found at depth 2
04-22 01:25:36.755   519   548 E ShortcutService: Ignoring excessive intent tag.
04-22 01:25:36.755   519   548 W ShortcutService: Invalid tag 'parameter' found at depth 4
04-22 01:25:36.755   519   548 W ShortcutService: Invalid tag 'capability' found at depth 2
04-22 01:25:36.755   519   548 W ShortcutService: Invalid tag 'slice' found at depth 3
04-22 01:25:36.755   519   548 W ShortcutService: Invalid tag 'url-template' found at depth 4
04-22 01:25:36.755   519   610 I RoleService: Granting default roles...
04-22 01:25:36.757   519   519 I Telecom : DefaultDialerCache: Refreshing default dialer for user 0: now com.google.android.dialer: DDC.oR@AWc
04-22 01:25:36.757   519   549 D ActivityManager: sync unfroze 12822 com.google.android.apps.messaging
04-22 01:25:36.757   728   728 D ControlsListingControllerImpl: ServiceConfig reloaded, count: 0
04-22 01:25:36.759   790   790 V MediaPlayerList: mPackageChangedBroadcastReceiver: action: android.intent.action.PACKAGE_CHANGED
04-22 01:25:36.759   790   790 D MediaPlayerList: Name of package changed: com.google.android.apps.docs
04-22 01:25:36.760   519   620 I InputReader: Reconfiguring input devices, changes=KEYBOARD_LAYOUTS | 
04-22 01:25:36.760 15908 15944 I PermissionControllerServiceImpl: Updating user sensitive for uid 10127
04-22 01:25:36.761   519   548 D AppWidgetServiceImpl: Provider info from ComponentInfo{com.google.android.apps.docs/com.google.android.apps.docs.drive.widget.suggestion.SuggestionAppWidgetProvider} won't be persisted.
04-22 01:25:36.761   519   548 D AppWidgetServiceImpl: Provider info from ComponentInfo{com.google.android.apps.docs/com.google.android.apps.docs.drive.widget.CakemixAppWidgetProvider} won't be persisted.
04-22 01:25:36.763   886   886 D CarrierSvcBindHelper: onPackageModified: com.google.android.apps.docs
04-22 01:25:36.763   886   886 D CarrierSvcBindHelper: No carrier app for: 0
04-22 01:25:36.764   886   886 D ImsResolver: maybeAddedImsService, packageName: com.google.android.apps.docs
04-22 01:25:36.765 12822 12852 I Bugle   : BroadcastReceiverAsyncWorkTracker: Acknowledging broadcast of atsi@d01cc97
04-22 01:25:36.765 15873 16738 I ProvidersCache: Provider returned no roots. Possibly naughty: com.google.android.apps.docs.storage
04-22 01:25:36.768 15908 16742 W Role    : Default holder doesn't have required signing certificate: com.google.android.apps.work.clouddpc:23962F4B43B9857638EA66F4D419518EAE282491ACDA4B94707BD59003C45E58
04-22 01:25:36.768   519   598 D CompatibilityChangeReporter: Compat change id reported: 161252188; UID 10127; state: DISABLED
04-22 01:25:36.771  1251  1339 W ChimeraUtils: Module com.google.android.gms.nearby_en missing resource null(0)
04-22 01:25:36.771  1251 16574 I Fitness : OnPackageChangedOperation got intent: Intent { act=android.intent.action.PACKAGE_CHANGED dat=package: flg=0x45000010 pkg=com.google.android.gms cmp=com.google.android.gms/.chimera.PersistentIntentOperationService (has extras) } [CONTEXT service_id=17 ]
04-22 01:25:36.772  1251  1339 W ChimeraUtils: Module com.google.android.gms.nearby_en missing resource null(0)
04-22 01:25:36.773   519   874 D CompatibilityChangeReporter: Compat change id reported: 161145287; UID 10116; state: DISABLED
04-22 01:25:36.774  1251 16571 I Fitness : FitCleanupIntentOperation received Intent android.intent.action.PACKAGE_CHANGED [CONTEXT service_id=17 ]
04-22 01:25:36.775  1251  1251 D BoundBrokerSvc: onBind: Intent { act=com.google.android.gms.scheduler.ACTION_PROXY_SCHEDULE dat=chimera-action:/... cmp=com.google.android.gms/.chimera.PersistentApiService }
04-22 01:25:36.775  1251  1251 D BoundBrokerSvc: Loading bound service for intent: Intent { act=com.google.android.gms.scheduler.ACTION_PROXY_SCHEDULE dat=chimera-action:/... cmp=com.google.android.gms/.chimera.PersistentApiService }
04-22 01:25:36.784  4339  4433 I Icing   : IndexChimeraService.getServiceInterface callingPackage=com.google.android.gms componentName=AppsCorpus serviceId=36
04-22 01:25:36.790  1251  1251 D BoundBrokerSvc: onBind: Intent { act=com.google.android.gms.icing.LIGHTWEIGHT_INDEX_SERVICE dat=chimera-action:/... cmp=com.google.android.gms/.chimera.PersistentApiService }
04-22 01:25:36.790  1251  1251 D BoundBrokerSvc: Loading bound service for intent: Intent { act=com.google.android.gms.icing.LIGHTWEIGHT_INDEX_SERVICE dat=chimera-action:/... cmp=com.google.android.gms/.chimera.PersistentApiService }
04-22 01:25:36.800  4339  4428 I Icing   : IndexChimeraService.getServiceInterface callingPackage=com.google.android.gms componentName=null serviceId=30
04-22 01:25:36.801   519  4253 D CompatibilityChangeReporter: Compat change id reported: 161252188; UID 10175; state: DISABLED
04-22 01:25:36.802  4339  4416 I Icing   : Usage reports ok 1, Failed Usage reports 0, indexed 0, rejected 0
04-22 01:25:36.806  4339  4416 I Icing   : Usage reports ok 0, Failed Usage reports 0, indexed 0, rejected 0
04-22 01:25:36.806  4339  4416 I Icing   : Indexing com.google.android.gms-apps from com.google.android.gms
04-22 01:25:36.811  4339  4416 I Icing   : Indexing done com.google.android.gms-apps
04-22 01:25:36.876  1251 16731 D TrafficStats: tagSocket(91) with statsTag=0x20008100, statsUid=-1
04-22 01:25:37.474 16600 16629 D EGL_emulation: app_time_stats: avg=326.77ms min=5.86ms max=1331.99ms count=5
04-22 01:25:37.651  1921  2210 W A       : #getSuggestions failed
04-22 01:25:37.651  1921  2210 W A       : com.google.common.w.a.dy: Timed out: com.google.common.w.a.h@881345c[status=PENDING, setFuture=[com.google.common.w.a.h@81f8365[status=PENDING, setFuture=[com.google.common.w.a.h@491e83a[status=PENDING, info=[inputFuture=[com.google.common.w.a.h@dbdbceb[status=PENDING, info=[inputFuture=[kotlinx.coroutines.d.b@21b3a48[status=PENDING, delegate=[com.google.common.w.a.ds@d09f0e1[status=PENDING]]]], function=[propagating=[com.google.android.apps.search.googleapp.search.suggest.sources.a.an@3a64e06]]]]], function=[propagating=[com.google.android.apps.search.googleapp.search.suggest.sources.a.bl@8393cc7]]]]]]]]
04-22 01:25:37.652  1043 16563 E OneSearchSuggestProvider: Unable to get suggestions from AGA
04-22 01:25:37.652  1043 16563 E OneSearchSuggestProvider: io.grpc.StatusRuntimeException: UNKNOWN
04-22 01:25:37.652  1043 16563 E OneSearchSuggestProvider: 	at k2.c.o(Unknown Source:72)
04-22 01:25:37.652  1043 16563 E OneSearchSuggestProvider: 	at io.grpc.internal.l.b(Unknown Source:32)
04-22 01:25:37.652  1043 16563 E OneSearchSuggestProvider: 	at io.grpc.internal.l.a(Unknown Source:14)
04-22 01:25:37.652  1043 16563 E OneSearchSuggestProvider: 	at io.grpc.internal.x.run(Unknown Source:6)
04-22 01:25:37.652  1043 16563 E OneSearchSuggestProvider: 	at io.grpc.internal.H1.run(Unknown Source:16)
04-22 01:25:37.652  1043 16563 E OneSearchSuggestProvider: 	at java.util.concurrent.ThreadPoolExecutor.runWorker(ThreadPoolExecutor.java:1137)
04-22 01:25:37.652  1043 16563 E OneSearchSuggestProvider: 	at java.util.concurrent.ThreadPoolExecutor$Worker.run(ThreadPoolExecutor.java:637)
04-22 01:25:37.652  1043 16563 E OneSearchSuggestProvider: 	at java.lang.Thread.run(Thread.java:1012)
04-22 01:25:37.652  1043  1067 I s.nexuslauncher: oneway function results for code 2 on binder at 0xb4000073f59d8220 will be dropped but finished with status UNKNOWN_TRANSACTION
04-22 01:25:37.684   519   549 W BroadcastQueue: Background execution not allowed: receiving Intent { act=android.intent.action.DROPBOX_ENTRY_ADDED flg=0x10 (has extras) } to com.google.android.gms/.stats.service.DropBoxEntryAddedReceiver
04-22 01:25:37.684   519   549 W BroadcastQueue: Background execution not allowed: receiving Intent { act=android.intent.action.DROPBOX_ENTRY_ADDED flg=0x10 (has extras) } to com.google.android.gms/.chimera.GmsIntentOperationService$PersistentTrustedReceiver
04-22 01:25:38.769 16564 16639 W DynamiteModule: Local module descriptor class for com.google.android.gms.providerinstaller.dynamite not found.
04-22 01:25:38.772  1251  2496 W ProviderHelper: Unknown dynamite feature providerinstaller.dynamite
04-22 01:25:38.773 16564 16639 W ProviderInstaller: Failed to load providerinstaller module: No acceptable module com.google.android.gms.providerinstaller.dynamite found. Local version is 0 and remote version is 0.
04-22 01:25:38.778 16564 16639 D nativeloader: Configuring classloader-namespace for other apk /system/framework/com.android.media.remotedisplay.jar. target_sdk_version=33, uses_libraries=ALL, library_path=/product/priv-app/PrebuiltGmsCore/lib/arm64:/product/priv-app/PrebuiltGmsCore/PrebuiltGmsCore.apk!/lib/arm64-v8a, permitted_path=/data:/mnt/expand:/data/user/0/com.google.android.gms
04-22 01:25:38.779 16564 16639 D nativeloader: Configuring classloader-namespace for other apk /system/framework/com.android.location.provider.jar. target_sdk_version=33, uses_libraries=ALL, library_path=/product/priv-app/PrebuiltGmsCore/lib/arm64:/product/priv-app/PrebuiltGmsCore/PrebuiltGmsCore.apk!/lib/arm64-v8a, permitted_path=/data:/mnt/expand:/data/user/0/com.google.android.gms
04-22 01:25:38.782 16564 16639 D nativeloader: Configuring vendor-classloader-namespace for unbundled product apk /product/priv-app/PrebuiltGmsCore/PrebuiltGmsCore.apk. target_sdk_version=33, uses_libraries=, library_path=/product/priv-app/PrebuiltGmsCore/lib/arm64:/product/priv-app/PrebuiltGmsCore/PrebuiltGmsCore.apk!/lib/arm64-v8a:/product/lib64:/system/product/lib64, permitted_path=/data:/mnt/expand:/data/user/0/com.google.android.gms:/product/lib64:/system/product/lib64
04-22 01:25:38.790 16564 16639 V NativeCrypto: Registering com/google/android/gms/org/conscrypt/NativeCrypto's 295 native methods...
04-22 01:25:38.796 16564 16639 I ProviderInstaller: Installed default security provider GmsCore_OpenSSL
04-22 01:25:41.291 16600 16753 D ProfileInstaller: Installing profile for com.impos2.mixcretailassemblyrn84
04-22 01:25:42.288   790  1086 D BtGatt.ScanManager: uid 10116 isForeground true scanMode -1
04-22 01:25:44.308   158   158 I logd    : logdr: UID=2000 GID=2000 PID=16756 n tail=0 logMask=99 pid=0 start=0ns deadline=0ns
