--------- beginning of system
04-19 22:05:57.194 I/ActivityManager(  590): Force stopping com.impos2.mixcretailassemblyrn84 appid=10212 user=0: from pid 7764
--------- beginning of main
04-19 22:05:57.196 W/IPCThreadState(  590): Sending oneway calls to frozen process.
04-19 22:05:57.196 I/ActivityManager(  590): Killing 3734:com.impos2.mixcretailassemblyrn84:secondary/u0a212 (adj 101): stop com.impos2.mixcretailassemblyrn84 due to from pid 7764
04-19 22:05:57.201 W/ActivityTaskManager(  590): Force removing ActivityRecord{ece4851 u0 com.impos2.mixcretailassemblyrn84/.SecondaryActivity t816 f}}: app died, no saved state
04-19 22:05:57.202 V/WindowManagerShell(  836): Transition requested (#456): android.os.BinderProxy@4afb169 TransitionRequestInfo { type = CLOSE, triggerTask = TaskInfo{userId=0 taskId=816 displayId=2 isRunning=false baseIntent=Intent { flg=0x18000000 cmp=com.impos2.mixcretailassemblyrn84/.SecondaryActivity } baseActivity=null topActivity=null origActivity=null realActivity=ComponentInfo{com.impos2.mixcretailassemblyrn84/com.impos2.mixcretailassemblyrn84.SecondaryActivity} numActivities=0 lastActiveTime=248357450 supportsMultiWindow=true resizeMode=1 isResizeable=true minWidth=-1 minHeight=-1 defaultMinSize=220 token=WCT{android.window.IWindowContainerToken$Stub$Proxy@712b7ee} topActivityType=1 pictureInPictureParams=null shouldDockBigOverlays=false launchIntoPipHostTaskId=-1 lastParentTaskIdBeforePip=-1 displayCutoutSafeInsets=null topActivityInfo=null launchCookies=[] positionInParent=Point(0, 0) parentTaskId=-1 isFocused=true isVisible=true isVisibleRequested=true isSleeping=false locusId=null displayAreaFeatureId=1 isTopActivityTransparent=false appCompatTaskInfo=AppCompatTaskInfo { topActivityInSizeCompat=false topActivityEligibleForLetterboxEducation= falseisLetterboxEducationEnabled= false isLetterboxDoubleTapEnabled= false topActivityEligibleForUserAspectRatioButton= false topActivityBoundsLetterboxed= false isFromLetterboxDoubleTap= false topActivityLetterboxVerticalPosition= -1 topActivityLetterboxHorizontalPosition= -1 topActivityLetterboxWidth=-1 topActivityLetterboxHeight=-1 isUserFullscreenOverrideEnabled=false isSystemFullscreenOverrideEnabled=false cameraCompatTaskInfo=CameraCompatTaskInfo { cameraCompatControlState=hidden freeformCameraCompatMode=inactive}}}, pipTask = null, remoteTransition = null, displayChange = null, flags = 0, debugId = 456 }
04-19 22:05:57.203 D/DisplayManagerService(  590): Drop pending events for gone uid 10212
04-19 22:05:57.204 I/ActivityManager(  590): Killing 3625:com.impos2.mixcretailassemblyrn84/u0a212 (adj 0): stop com.impos2.mixcretailassemblyrn84 due to from pid 7764
04-19 22:05:57.206 W/ForegroundServiceTypeLoggerModule(  590): FGS stop call for: 10212 has no types!
04-19 22:05:57.206 W/ActivityTaskManager(  590): Force removing ActivityRecord{4d2310b u0 com.impos2.mixcretailassemblyrn84/.MainActivity t815 f}}: app died, no saved state
04-19 22:05:57.212 W/ProcessStats(  590): Tracking association SourceState{e668274 com.google.android.googlequicksearchbox:search/10144 Service #16558} whose proc state 8 is better than process ProcessState{cc910ab com.google.android.webview:sandboxed_process0:org.chromium.content.app.SandboxedProcessService0:0/10144 pkg=com.google.android.googlequicksearchbox} proc state 15 (0 skipped)
04-19 22:05:57.213 D/InetDiagMessage(  590): Destroyed 0 sockets, proto=IPPROTO_TCP, family=AF_INET, states=14
04-19 22:05:57.216 I/AppsFilter(  590): interaction: PackageSetting{7cc5e74 com.impos2.adapter.dev/10230} -> PackageSetting{ef85fd com.impos2.mixcretailassemblyrn84/10212} BLOCKED
04-19 22:05:57.216 I/AppsFilter(  590): interaction: PackageSetting{4e89c12 com.impos2.mixcretailrn84v2/10231} -> PackageSetting{ef85fd com.impos2.mixcretailassemblyrn84/10212} BLOCKED
04-19 22:05:57.216 I/AppsFilter(  590): interaction: PackageSetting{e841fe3 com.impos2.mixcretailrn84/10234} -> PackageSetting{ef85fd com.impos2.mixcretailassemblyrn84/10212} BLOCKED
04-19 22:05:57.216 I/AppsFilter(  590): interaction: PackageSetting{c8aede0 com.impos2.posadapter/10229} -> PackageSetting{ef85fd com.impos2.mixcretailassemblyrn84/10212} BLOCKED
04-19 22:05:57.217 I/AppWidgetServiceImpl(  590): Received broadcast: android.intent.action.PACKAGE_RESTARTED on user 0
04-19 22:05:57.221 I/AppWidgetServiceImpl(  590): Updating package stopped masked state for uid 10212 package com.impos2.mixcretailassemblyrn84 isStopped true
04-19 22:05:57.221 D/InetDiagMessage(  590): Destroyed 0 sockets, proto=IPPROTO_TCP, family=AF_INET6, states=14
04-19 22:05:57.221 D/InetDiagMessage(  590): Destroyed live tcp sockets for uids={10212} in 8ms
04-19 22:05:57.222 D/InetDiagMessage(  590): Destroyed 0 sockets, proto=IPPROTO_TCP, family=AF_INET, states=14
04-19 22:05:57.222 D/InetDiagMessage(  590): Destroyed 0 sockets, proto=IPPROTO_TCP, family=AF_INET6, states=14
04-19 22:05:57.222 D/InetDiagMessage(  590): Destroyed live tcp sockets for uids={20212} in 0ms
04-19 22:05:57.225 I/netd    (  388): tetherGetStats() -> {[]} <0.55ms>
04-19 22:05:57.226 I/BpBinder(  439): onLastStrongRef automatically unlinking death recipients: 
04-19 22:05:57.238 E/WindowManager(  590): Update wallpaper offsets before the system is ready. Aborting
04-19 22:05:57.239 I/AppWidgetServiceImpl(  590): startListening() 0
04-19 22:05:57.240 I/TopTaskTracker( 1099): onTaskMovedToFront: (moved taskInfo to front) taskId=670, baseIntent=Intent { act=android.intent.action.MAIN cat=[android.intent.category.HOME] flg=0x10000100 cmp=com.google.android.apps.nexuslauncher/.NexusLauncherActivity }
04-19 22:05:57.241 D/NexusLauncherModelDelegate( 1099): notifySmartspaceEvent: SmartspaceTargetEvent{mSmartspaceTarget=null, mSmartspaceActionId='null', mEventType=6}
04-19 22:05:57.249 D/WindowManagerShell(  836): setLauncherKeepClearAreaHeight: visible=true, height=223
04-19 22:05:57.253 W/ActivityTaskManager(  590): callingPackage for (uid=2000, pid=7772) has no WPC
04-19 22:05:57.254 W/OptProp (  590): Cannot read opt property android.window.PROPERTY_COMPAT_ALLOW_USER_ASPECT_RATIO_OVERRIDE
04-19 22:05:57.254 W/OptProp (  590): Cannot read opt property android.window.PROPERTY_COMPAT_ALLOW_USER_ASPECT_RATIO_FULLSCREEN_OVERRIDE
04-19 22:05:57.254 W/OptProp (  590): Cannot read opt property android.window.PROPERTY_COMPAT_ALLOW_ORIENTATION_OVERRIDE
04-19 22:05:57.254 V/GrammaticalInflectionUtils(  590): AttributionSource: AttributionSource { uid = 10212, packageName = null, attributionTag = null, token = android.os.Binder@bdb3573, deviceId = 0, next = null } does not have READ_SYSTEM_GRAMMATICAL_GENDER permission.
04-19 22:05:57.254 W/OptProp (  590): Cannot read opt property android.window.PROPERTY_COMPAT_ALLOW_RESIZEABLE_ACTIVITY_OVERRIDES
04-19 22:05:57.254 W/OptProp (  590): Cannot read opt property android.window.PROPERTY_COMPAT_ALLOW_MIN_ASPECT_RATIO_OVERRIDE
04-19 22:05:57.255 D/BaseDepthController( 1099): setSurface:
04-19 22:05:57.255 D/BaseDepthController( 1099): 	mWaitingOnSurfaceValidity: false
04-19 22:05:57.255 D/BaseDepthController( 1099): 	mSurface: Surface(name=com.google.android.apps.nexuslauncher/com.google.android.apps.nexuslauncher.NexusLauncherActivity)/@0xad0fc95
04-19 22:05:57.257 I/ActivityTaskManager(  590): Add Task{1f26be8 #815 type=standard A=10212:com.impos2.mixcretailassemblyrn84} to hidden list because adding Task{f8e6884 #817 type=standard A=10212:com.impos2.mixcretailassemblyrn84}
04-19 22:05:57.258 I/ActivityTaskManager(  590): START u0 {flg=0x10000000 cmp=com.impos2.mixcretailassemblyrn84/.MainActivity} with LAUNCH_SINGLE_TASK from uid 2000 (BAL_ALLOW_PERMISSION) result code=0
04-19 22:05:57.258 W/ActivityTaskManager(  590): callingPackage for (uid=2000, pid=7773) has no WPC
04-19 22:05:57.259 W/OptProp (  590): Cannot read opt property android.window.PROPERTY_COMPAT_ALLOW_USER_ASPECT_RATIO_OVERRIDE
04-19 22:05:57.259 W/OptProp (  590): Cannot read opt property android.window.PROPERTY_COMPAT_ALLOW_USER_ASPECT_RATIO_FULLSCREEN_OVERRIDE
04-19 22:05:57.259 W/OptProp (  590): Cannot read opt property android.window.PROPERTY_COMPAT_ALLOW_ORIENTATION_OVERRIDE
04-19 22:05:57.259 V/GrammaticalInflectionUtils(  590): AttributionSource: AttributionSource { uid = 10212, packageName = null, attributionTag = null, token = android.os.Binder@bdb3573, deviceId = 0, next = null } does not have READ_SYSTEM_GRAMMATICAL_GENDER permission.
04-19 22:05:57.259 W/OptProp (  590): Cannot read opt property android.window.PROPERTY_COMPAT_ALLOW_RESIZEABLE_ACTIVITY_OVERRIDES
04-19 22:05:57.259 W/OptProp (  590): Cannot read opt property android.window.PROPERTY_COMPAT_ALLOW_MIN_ASPECT_RATIO_OVERRIDE
04-19 22:05:57.260 D/SplashScreenView(  836): Build android.window.SplashScreenView{da24d20 V.E...... ......ID 0,0-0,0}
04-19 22:05:57.260 D/SplashScreenView(  836): Icon: view: android.widget.ImageView{85ac6d9 V.ED..... ......I. 0,0-0,0 #1020504 android:id/splashscreen_icon_view} drawable: com.android.wm.shell.startingsurface.SplashscreenIconDrawableFactory$ImmobileIconDrawable@c12f89e size: 424
04-19 22:05:57.260 D/SplashScreenView(  836): Branding: view: android.view.View{4082f7f G.ED..... ......I. 0,0-0,0 #1020503 android:id/splashscreen_branding_view} drawable: null size w: 0 h: 0
04-19 22:05:57.261 I/ActivityTaskManager(  590): START u0 {flg=0x10000000 cmp=com.impos2.mixcretailassemblyrn84/.MainActivity} with LAUNCH_SINGLE_TASK from uid 2000 (BAL_ALLOW_PERMISSION) result code=3
04-19 22:05:57.263 W/ActivityTaskManager(  590): Unable to send transaction to client proc com.impos2.mixcretailassemblyrn84: no app thread
04-19 22:05:57.267 W/ActivityManager(  590): ProcessRecord{5bce12b 0:com.impos2.mixcretailassemblyrn84/u0a212} is attached to a previous process 3625
04-19 22:05:57.267 V/GrammaticalInflectionUtils(  590): AttributionSource: AttributionSource { uid = 10212, packageName = null, attributionTag = null, token = android.os.Binder@bdb3573, deviceId = 0, next = null } does not have READ_SYSTEM_GRAMMATICAL_GENDER permission.
04-19 22:05:57.268 D/StatsLog( 1099): LAUNCHER_ONRESUME
04-19 22:05:57.270 W/AppSearchIcing(  590): icing-search-engine.cc:321: Error: 5, Message: Document (com.google.android.googlequicksearchbox$OneSearchZeroStateGoogleSuggestions/default, zp) not found.
04-19 22:05:57.270 D/WindowManagerShell(  836): setLauncherKeepClearAreaHeight: visible=false, height=223
04-19 22:05:57.270 I/AiAiEcho( 1389): Predicting[0]:  [CONTEXT sampling_count=5 ]
04-19 22:05:57.270 I/AiAiEcho( 1389): EchoTargets: 
04-19 22:05:57.270 I/AiAiEcho( 1389): Filtered by AiAi flag check: 
04-19 22:05:57.270 I/AiAiEcho( 1389): [CONTEXT ratelimit_period="10 SECONDS" ]
04-19 22:05:57.270 I/AiAiEcho( 1389): Ranked targets strategy: SORT, count: 0, ranking metadata:  [CONTEXT ratelimit_period="10 SECONDS" ]
04-19 22:05:57.270 I/AiAiEcho( 1389): #remoteViewsTwiddler: feature disabled.
04-19 22:05:57.270 I/AiAiEcho( 1389): #postPredictionTargets: Sending updates to UISurface home with targets# 0 (types=[])
04-19 22:05:57.270 W/SplitSelectStateCtor( 1099): Missing session instanceIds
04-19 22:05:57.270 D/StatsLog( 1099): LAUNCHER_SPLIT_SELECTION_EXIT_INTERRUPTED
04-19 22:05:57.271 D/QuickstepModelDelegate( 1099): notifyAppTargetEvent action=1 launchLocation=workspace/0/[-1,-1]/[1,1]
04-19 22:05:57.271 I/AppsFilter(  590): interaction: PackageSetting{7cc5e74 com.impos2.adapter.dev/10230} -> PackageSetting{5cbc6dd com.impos2.mixcretailassemblyrn84/10212} BLOCKED
04-19 22:05:57.271 I/AppsFilter(  590): interaction: PackageSetting{4e89c12 com.impos2.mixcretailrn84v2/10231} -> PackageSetting{5cbc6dd com.impos2.mixcretailassemblyrn84/10212} BLOCKED
04-19 22:05:57.271 I/AppsFilter(  590): interaction: PackageSetting{e841fe3 com.impos2.mixcretailrn84/10234} -> PackageSetting{5cbc6dd com.impos2.mixcretailassemblyrn84/10212} BLOCKED
04-19 22:05:57.271 I/AppsFilter(  590): interaction: PackageSetting{c8aede0 com.impos2.posadapter/10229} -> PackageSetting{5cbc6dd com.impos2.mixcretailassemblyrn84/10212} BLOCKED
04-19 22:05:57.272 D/WindowManagerShell(  836): onActivityRestartAttempt: ComponentInfo{com.impos2.mixcretailassemblyrn84/com.impos2.mixcretailassemblyrn84.MainActivity}
04-19 22:05:57.272 I/TopTaskTracker( 1099): onTaskMovedToFront: (moved taskInfo to front) taskId=817, baseIntent=Intent { flg=0x10000000 cmp=com.impos2.mixcretailassemblyrn84/.MainActivity }
04-19 22:05:57.272 I/TopTaskTracker( 1099): onTaskMovedToFront: (removing task list overflow) taskId=817, baseIntent=Intent { flg=0x10000000 cmp=com.impos2.mixcretailassemblyrn84/.MainActivity }
04-19 22:05:57.272 D/SsBaseTemplateCard( 1099): No text view can be set up
04-19 22:05:57.272 D/SsBaseTemplateCard( 1099): Passed-in item info is null
04-19 22:05:57.272 D/SsBaseTemplateCard( 1099): Passed-in item info is null
04-19 22:05:57.272 D/SsBaseTemplateCard( 1099): Passed-in item info is null
04-19 22:05:57.272 I/SsBaseTemplateCard( 1099): Secondary card pane is null
04-19 22:05:57.273 D/OneSearchSuggestProvider( 1099): AppSearch 0-state cache not available, fallback to AGA
04-19 22:05:57.273 D/OneSearchSuggestProvider( 1099): java.util.concurrent.CompletionException: java.util.NoSuchElementException: No value present
04-19 22:05:57.273 D/OneSearchSuggestProvider( 1099): 	at java.util.concurrent.CompletableFuture.encodeThrowable(CompletableFuture.java:308)
04-19 22:05:57.273 D/OneSearchSuggestProvider( 1099): 	at java.util.concurrent.CompletableFuture.completeThrowable(CompletableFuture.java:323)
04-19 22:05:57.273 D/OneSearchSuggestProvider( 1099): 	at java.util.concurrent.CompletableFuture$UniAccept.tryFire(CompletableFuture.java:684)
04-19 22:05:57.273 D/OneSearchSuggestProvider( 1099): 	at java.util.concurrent.CompletableFuture.postComplete(CompletableFuture.java:486)
04-19 22:05:57.273 D/OneSearchSuggestProvider( 1099): 	at java.util.concurrent.CompletableFuture.completeExceptionally(CompletableFuture.java:2138)
04-19 22:05:57.273 D/OneSearchSuggestProvider( 1099): 	at com.google.android.apps.nexuslauncher.allapps.E0.onResult(go/retraceme 6422cbaa18704413bfb3e93ebb8478614d3644845132061bc54b1fae066de31d:67)
04-19 22:05:57.273 D/OneSearchSuggestProvider( 1099): 	at android.app.appsearch.SearchSessionUtil$1.lambda$onResult$0(go/retraceme 64eee9e9f568ff45978879ad2ff83146f2618ee8a88278736fbdf5fae931976e:144)
04-19 22:05:57.273 D/OneSearchSuggestProvider( 1099): 	at android.app.appsearch.SearchSessionUtil$1.$r8$lambda$CEk3q8sDAQVhU3rQwVueB8FAj_M(go/retraceme 64eee9e9f568ff45978879ad2ff83146f2618ee8a88278736fbdf5fae931976e:1)
04-19 22:05:57.273 D/OneSearchSuggestProvider( 1099): 	at android.app.appsearch.SearchSessionUtil$1$$ExternalSyntheticLambda0.run(go/retraceme 64eee9e9f568ff45978879ad2ff83146f2618ee8a88278736fbdf5fae931976e:22)
04-19 22:05:57.273 D/OneSearchSuggestProvider( 1099): 	at android.os.Handler.handleCallback(Handler.java:959)
04-19 22:05:57.273 D/OneSearchSuggestProvider( 1099): 	at android.os.Handler.dispatchMessage(Handler.java:100)
04-19 22:05:57.273 D/OneSearchSuggestProvider( 1099): 	at android.os.Looper.loopOnce(Looper.java:232)
04-19 22:05:57.273 D/OneSearchSuggestProvider( 1099): 	at android.os.Looper.loop(Looper.java:317)
04-19 22:05:57.273 D/OneSearchSuggestProvider( 1099): 	at android.os.HandlerThread.run(HandlerThread.java:85)
04-19 22:05:57.273 D/OneSearchSuggestProvider( 1099): Caused by: java.util.NoSuchElementException: No value present
04-19 22:05:57.273 D/OneSearchSuggestProvider( 1099): 	at java.util.Optional.get(Optional.java:143)
04-19 22:05:57.273 D/OneSearchSuggestProvider( 1099): 	at com.google.android.apps.nexuslauncher.allapps.E0.onResult(go/retraceme 6422cbaa18704413bfb3e93ebb8478614d3644845132061bc54b1fae066de31d:28)
04-19 22:05:57.273 D/OneSearchSuggestProvider( 1099): 	... 8 more
04-19 22:05:57.275 I/AppWidgetServiceImpl(  590): Received broadcast: android.intent.action.PACKAGE_UNSTOPPED on user 0
04-19 22:05:57.275 I/AppWidgetServiceImpl(  590): Updating package stopped masked state for uid 10212 package com.impos2.mixcretailassemblyrn84 isStopped false
04-19 22:05:57.277 D/OneSearchSuggestProvider( 1099): Created the binder channel successfully for end point service =com.google.android.apps.search.googleapp.search.suggest.plugins.onesearch.server.OneSearchSuggestService , mChannel=i1{delegate=f{logId=307, target=directaddress:///AndroidComponentAddress%5BIntent%20%7B%20act=grpc.io.action.BIND%20cmp=com.google.android.googlequicksearchbox/com.google.android.apps.search.googleapp.search.suggest.plugins.onesearch.server.OneSearchSuggestService%20%7D%5D}} , mOneSearchConnection=m2.Z@bac1df5
04-19 22:05:57.277 D/CoreBackPreview(  590): Window{e9db825 u0 Splash Screen com.impos2.mixcretailassemblyrn84}: Setting back callback OnBackInvokedCallbackInfo{mCallback=android.window.IOnBackInvokedCallback$Stub$Proxy@b0e20, mPriority=0, mIsAnimationCallback=false}
04-19 22:05:57.280 W/OptProp (  590): Cannot read opt property android.window.PROPERTY_COMPAT_ALLOW_DISPLAY_ORIENTATION_OVERRIDE
04-19 22:05:57.285 I/BpBinder(  439): onLastStrongRef automatically unlinking death recipients: 
04-19 22:05:57.285 D/ActivityManager(  590): sync unfroze 21035 com.google.android.googlequicksearchbox:search for 6
04-19 22:05:57.288 D/ActivityManager(  590): sync unfroze 21183 com.google.android.webview:sandboxed_process0:org.chromium.content.app.SandboxedProcessService0:0 for 6
04-19 22:05:57.294 D/FileUtils(  590): Rounded bytes from 3120193536 to 4000000000
04-19 22:05:57.294 W/ActivityTaskManager(  590): Unable to send transaction to client proc com.impos2.mixcretailassemblyrn84: no app thread
04-19 22:05:57.301 I/A       (21035): (REDACTED) Created gRPC endpoint for service %s
04-19 22:05:57.326 V/ClearcutMetricXmitter(21035): Transmission is done.
04-19 22:05:57.330 I/WindowManager(  590): WIN DEATH: Window{76bf54 u0 com.impos2.mixcretailassemblyrn84/com.impos2.mixcretailassemblyrn84.SecondaryActivity}
04-19 22:05:57.330 V/ActivityManager(  590): Got obituary of 3734:com.impos2.mixcretailassemblyrn84:secondary
04-19 22:05:57.331 W/InputManager-JNI(  590): Input channel object '76bf54 com.impos2.mixcretailassemblyrn84/com.impos2.mixcretailassemblyrn84.SecondaryActivity (client)' was disposed without first being removed with the input manager!
04-19 22:05:57.331 I/adbd    (  443): Remote process closed the socket (on MSG_PEEK)
04-19 22:05:57.332 W/ActivityManager(  590): setHasOverlayUi called on unknown pid: 3734
--------- beginning of kernel
04-19 22:05:57.332 I/binder  (31800): undelivered transaction 40025889, process died.
04-19 22:05:57.332 I/libprocessgroup(  590): Removed cgroup /sys/fs/cgroup/uid_10212/pid_3734
04-19 22:05:57.334 I/Zygote  (  389): Process 3734 exited due to signal 9 (Killed)
04-19 22:05:57.347 V/ActivityManager(  590): Got obituary of 3625:com.impos2.mixcretailassemblyrn84
04-19 22:05:57.348 I/WindowManager(  590): WIN DEATH: Window{84129a9 u0 com.impos2.mixcretailassemblyrn84/com.impos2.mixcretailassemblyrn84.MainActivity}
04-19 22:05:57.348 I/ImeTracker(  590): com.impos2.mixcretailassemblyrn84:1ca04695: onRequestHide at ORIGIN_SERVER reason HIDE_REMOVE_CLIENT fromUser false
04-19 22:05:57.348 I/ImeTracker(  590): com.impos2.mixcretailassemblyrn84:1ca04695: onCancelled at PHASE_SERVER_SHOULD_HIDE
04-19 22:05:57.349 W/ActivityManager(  590): Slow operation: 81ms so far, now at startProcess: asking zygote to start proc
04-19 22:05:57.349 W/InputManager-JNI(  590): Input channel object '84129a9 com.impos2.mixcretailassemblyrn84/com.impos2.mixcretailassemblyrn84.MainActivity (client)' was disposed without first being removed with the input manager!
04-19 22:05:57.350 W/ActivityManager(  590): setHasOverlayUi called on unknown pid: 3625
04-19 22:05:57.351 I/libprocessgroup(  590): Removed cgroup /sys/fs/cgroup/uid_10212/pid_3625
04-19 22:05:57.351 I/adbd    (  443): Remote process closed the socket (on MSG_PEEK)
04-19 22:05:57.357 D/Zygote  (  389): Forked child process 7785
04-19 22:05:57.357 I/Zygote  (  389): Process 3625 exited due to signal 9 (Killed)
04-19 22:05:57.357 W/ActivityManager(  590): Slow operation: 89ms so far, now at startProcess: returned from zygote!
04-19 22:05:57.358 W/ActivityManager(  590): Slow operation: 90ms so far, now at startProcess: done updating battery stats
04-19 22:05:57.358 W/ActivityManager(  590): Slow operation: 90ms so far, now at startProcess: building log message
04-19 22:05:57.358 I/ActivityManager(  590): Start proc 7785:com.impos2.mixcretailassemblyrn84/u0a212 for next-top-activity {com.impos2.mixcretailassemblyrn84/com.impos2.mixcretailassemblyrn84.MainActivity}
04-19 22:05:57.358 W/ActivityManager(  590): Slow operation: 91ms so far, now at startProcess: starting to update pids map
04-19 22:05:57.358 W/ActivityManager(  590): Slow operation: 91ms so far, now at startProcess: done updating pids map
04-19 22:05:57.364 I/resolv  (  388): GetAddrInfoHandler::run: {0 262144 0 983040 10144 0}
04-19 22:05:57.365 I/resolv  (  388): GetAddrInfoHandler::run: {0 262144 0 983040 10144 0}
04-19 22:05:57.367 W/A       (21035): CompleteServer request has failed and can't show offline suggestions.
04-19 22:05:57.367 W/A       (21035): com.google.frameworks.client.data.android.ac: Http networking stack error
04-19 22:05:57.367 W/A       (21035): 	at com.google.frameworks.client.data.android.x.run(PG:36)
04-19 22:05:57.367 W/A       (21035): 	at com.google.android.libraries.k.x.run(PG:3)
04-19 22:05:57.367 W/A       (21035): 	at com.google.common.n.c.c.run(PG:50)
04-19 22:05:57.367 W/A       (21035): 	at com.google.android.libraries.k.e.run(PG:8)
04-19 22:05:57.367 W/A       (21035): 	at java.lang.Thread.run(Thread.java:1012)
04-19 22:05:57.367 W/A       (21035): 	at com.google.android.libraries.k.d.b.run(PG:74)
04-19 22:05:57.367 W/A       (21035): Caused by: org.chromium.net.impl.ct: Exception in CronetUrlRequest: net::ERR_INTERNET_DISCONNECTED, ErrorCode=2, InternalErrorCode=-106, Retryable=false
04-19 22:05:57.367 W/A       (21035): 	at org.chromium.net.impl.CronetUrlRequest.onError(PG:80)
04-19 22:05:57.367 W/A       (21035): #getSuggestions failed
04-19 22:05:57.367 W/A       (21035): com.google.frameworks.client.data.android.ac: Http networking stack error
04-19 22:05:57.367 W/A       (21035): 	at com.google.frameworks.client.data.android.x.run(PG:36)
04-19 22:05:57.367 W/A       (21035): 	at com.google.android.libraries.k.x.run(PG:3)
04-19 22:05:57.367 W/A       (21035): 	at com.google.common.n.c.c.run(PG:50)
04-19 22:05:57.367 W/A       (21035): 	at com.google.android.libraries.k.e.run(PG:8)
04-19 22:05:57.367 W/A       (21035): 	at java.lang.Thread.run(Thread.java:1012)
04-19 22:05:57.367 W/A       (21035): 	at com.google.android.libraries.k.d.b.run(PG:74)
04-19 22:05:57.367 W/A       (21035): Caused by: org.chromium.net.impl.ct: Exception in CronetUrlRequest: net::ERR_INTERNET_DISCONNECTED, ErrorCode=2, InternalErrorCode=-106, Retryable=false
04-19 22:05:57.367 W/A       (21035): 	at org.chromium.net.impl.CronetUrlRequest.onError(PG:80)
04-19 22:05:57.368 E/OneSearchSuggestProvider( 1099): Unable to get suggestions from AGA
04-19 22:05:57.368 E/OneSearchSuggestProvider( 1099): io.grpc.StatusRuntimeException: UNKNOWN
04-19 22:05:57.368 E/OneSearchSuggestProvider( 1099): 	at l3.e.a(go/retraceme 6422cbaa18704413bfb3e93ebb8478614d3644845132061bc54b1fae066de31d:77)
04-19 22:05:57.368 E/OneSearchSuggestProvider( 1099): 	at j3.l.b(go/retraceme 6422cbaa18704413bfb3e93ebb8478614d3644845132061bc54b1fae066de31d:43)
04-19 22:05:57.368 E/OneSearchSuggestProvider( 1099): 	at j3.l.a(go/retraceme 6422cbaa18704413bfb3e93ebb8478614d3644845132061bc54b1fae066de31d:27)
04-19 22:05:57.368 E/OneSearchSuggestProvider( 1099): 	at j3.z.run(go/retraceme 6422cbaa18704413bfb3e93ebb8478614d3644845132061bc54b1fae066de31d:7)
04-19 22:05:57.368 E/OneSearchSuggestProvider( 1099): 	at j3.m2.run(go/retraceme 6422cbaa18704413bfb3e93ebb8478614d3644845132061bc54b1fae066de31d:19)
04-19 22:05:57.368 E/OneSearchSuggestProvider( 1099): 	at java.util.concurrent.ThreadPoolExecutor.runWorker(ThreadPoolExecutor.java:1145)
04-19 22:05:57.368 E/OneSearchSuggestProvider( 1099): 	at java.util.concurrent.ThreadPoolExecutor$Worker.run(ThreadPoolExecutor.java:644)
04-19 22:05:57.368 E/OneSearchSuggestProvider( 1099): 	at java.lang.Thread.run(Thread.java:1012)
04-19 22:05:57.370 D/SearchTargetUtil( 1099): query= size=0
04-19 22:05:57.375 I/ailassemblyrn84( 7785): Late-enabling -Xcheck:jni
04-19 22:05:57.383 W/.gms.persistent(  937): Reducing the number of considered missed Gc histogram windows from 999 to 100
04-19 22:05:57.395 I/ailassemblyrn84( 7785): Using CollectorTypeCMC GC.
04-19 22:05:57.397 I/adbd    (  443): jdwp connection from 7785
04-19 22:05:57.402 D/nativeloader( 7785): Load libframework-connectivity-tiramisu-jni.so using APEX ns com_android_tethering for caller /apex/com.android.tethering/javalib/framework-connectivity-t.jar: ok
04-19 22:05:57.423 W/ziparchive( 7785): Unable to open '/data/app/~~Jzd6CKdY6QuA5M2wtNZn0g==/com.impos2.mixcretailassemblyrn84-DDTspqnykTMnwph9QhEkAg==/base.dm': No such file or directory
04-19 22:05:57.423 W/ziparchive( 7785): Unable to open '/data/app/~~Jzd6CKdY6QuA5M2wtNZn0g==/com.impos2.mixcretailassemblyrn84-DDTspqnykTMnwph9QhEkAg==/base.dm': No such file or directory
04-19 22:05:57.561 D/nativeloader( 7785): Configuring clns-7 for other apk /data/app/~~Jzd6CKdY6QuA5M2wtNZn0g==/com.impos2.mixcretailassemblyrn84-DDTspqnykTMnwph9QhEkAg==/base.apk. target_sdk_version=36, uses_libraries=, library_path=/data/app/~~Jzd6CKdY6QuA5M2wtNZn0g==/com.impos2.mixcretailassemblyrn84-DDTspqnykTMnwph9QhEkAg==/lib/arm64:/data/app/~~Jzd6CKdY6QuA5M2wtNZn0g==/com.impos2.mixcretailassemblyrn84-DDTspqnykTMnwph9QhEkAg==/base.apk!/lib/arm64-v8a, permitted_path=/data:/mnt/expand:/data/user/0/com.impos2.mixcretailassemblyrn84
04-19 22:05:57.570 V/GraphicsEnvironment( 7785): Currently set values for:
04-19 22:05:57.570 V/GraphicsEnvironment( 7785):   angle_gl_driver_selection_pkgs=[]
04-19 22:05:57.570 V/GraphicsEnvironment( 7785):   angle_gl_driver_selection_values=[]
04-19 22:05:57.570 V/GraphicsEnvironment( 7785): Global.Settings values are invalid: number of packages: 0, number of values: 0
04-19 22:05:57.570 V/GraphicsEnvironment( 7785): Neither updatable production driver nor prerelease driver is supported.
04-19 22:05:57.593 W/SoLoader( 7785): Initializing SoLoader: 0
04-19 22:05:57.594 W/SoLoader( 7785): Recording new base apk path: /data/app/~~Jzd6CKdY6QuA5M2wtNZn0g==/com.impos2.mixcretailassemblyrn84-DDTspqnykTMnwph9QhEkAg==/base.apk
04-19 22:05:57.594 W/SoLoader( 7785): Previously recorded 0 base apk paths.
04-19 22:05:57.595 I/SoLoader( 7785): Preparing SO source: DirectorySoSource[root = /vendor/lib64 flags = 2]
04-19 22:05:57.595 I/SoLoader( 7785): Preparing SO source: DirectorySoSource[root = /system/lib64 flags = 2]
04-19 22:05:57.595 I/SoLoader( 7785): Preparing SO source: DirectApkSoSource[root = [/data/app/~~Jzd6CKdY6QuA5M2wtNZn0g==/com.impos2.mixcretailassemblyrn84-DDTspqnykTMnwph9QhEkAg==/base.apk!/lib/arm64-v8a]]
04-19 22:05:57.627 I/SoLoader( 7785): Preparing SO source: ApplicationSoSource[DirectorySoSource[root = /data/app/~~Jzd6CKdY6QuA5M2wtNZn0g==/com.impos2.mixcretailassemblyrn84-DDTspqnykTMnwph9QhEkAg==/lib/arm64 flags = 0]]
04-19 22:05:57.627 I/SoLoader( 7785): init finish: 4 SO sources prepared
04-19 22:05:57.627 W/SoLoader( 7785): SoLoader initialized: 8
04-19 22:05:57.651 D/nativeloader( 7785): Load /data/app/~~Jzd6CKdY6QuA5M2wtNZn0g==/com.impos2.mixcretailassemblyrn84-DDTspqnykTMnwph9QhEkAg==/base.apk!/lib/arm64-v8a/libc++_shared.so using ns clns-7 from class loader (caller=/data/app/~~Jzd6CKdY6QuA5M2wtNZn0g==/com.impos2.mixcretailassemblyrn84-DDTspqnykTMnwph9QhEkAg==/base.apk): ok
04-19 22:05:57.654 D/nativeloader( 7785): Load /data/app/~~Jzd6CKdY6QuA5M2wtNZn0g==/com.impos2.mixcretailassemblyrn84-DDTspqnykTMnwph9QhEkAg==/base.apk!/lib/arm64-v8a/libjsi.so using ns clns-7 from class loader (caller=/data/app/~~Jzd6CKdY6QuA5M2wtNZn0g==/com.impos2.mixcretailassemblyrn84-DDTspqnykTMnwph9QhEkAg==/base.apk): ok
04-19 22:05:57.657 D/nativeloader( 7785): Load /data/app/~~Jzd6CKdY6QuA5M2wtNZn0g==/com.impos2.mixcretailassemblyrn84-DDTspqnykTMnwph9QhEkAg==/base.apk!/lib/arm64-v8a/libfbjni.so using ns clns-7 from class loader (caller=/data/app/~~Jzd6CKdY6QuA5M2wtNZn0g==/com.impos2.mixcretailassemblyrn84-DDTspqnykTMnwph9QhEkAg==/base.apk): ok
04-19 22:05:57.661 D/nativeloader( 7785): Load /data/app/~~Jzd6CKdY6QuA5M2wtNZn0g==/com.impos2.mixcretailassemblyrn84-DDTspqnykTMnwph9QhEkAg==/base.apk!/lib/arm64-v8a/libreactnative.so using ns clns-7 from class loader (caller=/data/app/~~Jzd6CKdY6QuA5M2wtNZn0g==/com.impos2.mixcretailassemblyrn84-DDTspqnykTMnwph9QhEkAg==/base.apk): ok
04-19 22:05:57.661 D/jni_lib_merge( 7785): Entering merged library JNI_OnLoad.
04-19 22:05:57.661 D/jni_lib_merge( 7785): Preparing 12 pre-merged libs (including stub)
04-19 22:05:57.661 D/jni_lib_merge( 7785): Preparing to register libfabricjni_so.  onload_func: 0x73a53c42ec
04-19 22:05:57.661 D/jni_lib_merge( 7785): Preparing to register libreact_devsupportjni_so.  onload_func: 0x73a55ea0f8
04-19 22:05:57.661 D/jni_lib_merge( 7785): Preparing to register libreact_featureflagsjni_so.  onload_func: 0x73a55fcbe4
04-19 22:05:57.661 D/jni_lib_merge( 7785): Preparing to register libreact_newarchdefaults_so.  onload_func: 0x73a569bfc8
04-19 22:05:57.661 D/jni_lib_merge( 7785): Preparing to register libreactnativeblob_so.  onload_func: 0x73a58b0668
04-19 22:05:57.661 D/jni_lib_merge( 7785): Preparing to register libreactnativejni_so.  onload_func: 0x73a58eecdc
04-19 22:05:57.661 D/jni_lib_merge( 7785): Preparing to register libreactnativejni_common_so.  onload_func: 0x73a58f4a08
04-19 22:05:57.661 D/jni_lib_merge( 7785): Preparing to register librninstance_so.  onload_func: 0x73a59412cc
04-19 22:05:57.661 D/jni_lib_merge( 7785): Preparing to register libturbomodulejsijni_so.  onload_func: 0x73a5a9eb34
04-19 22:05:57.661 D/jni_lib_merge( 7785): Preparing to register libuimanagerjni_so.  onload_func: 0x73a5ab6454
04-19 22:05:57.661 D/jni_lib_merge( 7785): Preparing to register libyoga_so.  onload_func: 0x73a5ac5ed8
04-19 22:05:57.661 D/jni_lib_merge( 7785): About to register 11 actual methods.
04-19 22:05:57.668 D/nativeloader( 7785): Load /data/app/~~Jzd6CKdY6QuA5M2wtNZn0g==/com.impos2.mixcretailassemblyrn84-DDTspqnykTMnwph9QhEkAg==/base.apk!/lib/arm64-v8a/libreact_codegen_rnsvg.so using ns clns-7 from class loader (caller=/data/app/~~Jzd6CKdY6QuA5M2wtNZn0g==/com.impos2.mixcretailassemblyrn84-DDTspqnykTMnwph9QhEkAg==/base.apk): ok
04-19 22:05:57.668 D/jni_lib_merge( 7785): Entering merged library JNI_OnLoad.
04-19 22:05:57.668 D/jni_lib_merge( 7785): Preparing 12 pre-merged libs (including stub)
04-19 22:05:57.668 D/jni_lib_merge( 7785): Preparing to register libfabricjni_so.  onload_func: 0x73a53c42ec
04-19 22:05:57.668 D/jni_lib_merge( 7785): Preparing to register libreact_devsupportjni_so.  onload_func: 0x73a55ea0f8
04-19 22:05:57.668 D/jni_lib_merge( 7785): Preparing to register libreact_featureflagsjni_so.  onload_func: 0x73a55fcbe4
04-19 22:05:57.668 D/jni_lib_merge( 7785): Preparing to register libreact_newarchdefaults_so.  onload_func: 0x73a569bfc8
04-19 22:05:57.668 D/jni_lib_merge( 7785): Preparing to register libreactnativeblob_so.  onload_func: 0x73a58b0668
04-19 22:05:57.668 D/jni_lib_merge( 7785): Preparing to register libreactnativejni_so.  onload_func: 0x73a58eecdc
04-19 22:05:57.668 D/jni_lib_merge( 7785): Preparing to register libreactnativejni_common_so.  onload_func: 0x73a58f4a08
04-19 22:05:57.668 D/jni_lib_merge( 7785): Preparing to register librninstance_so.  onload_func: 0x73a59412cc
04-19 22:05:57.668 D/jni_lib_merge( 7785): Preparing to register libturbomodulejsijni_so.  onload_func: 0x73a5a9eb34
04-19 22:05:57.668 D/jni_lib_merge( 7785): Preparing to register libuimanagerjni_so.  onload_func: 0x73a5ab6454
04-19 22:05:57.668 D/jni_lib_merge( 7785): Preparing to register libyoga_so.  onload_func: 0x73a5ac5ed8
04-19 22:05:57.668 D/jni_lib_merge( 7785): About to register 11 actual methods.
04-19 22:05:57.670 D/nativeloader( 7785): Load /data/app/~~Jzd6CKdY6QuA5M2wtNZn0g==/com.impos2.mixcretailassemblyrn84-DDTspqnykTMnwph9QhEkAg==/base.apk!/lib/arm64-v8a/libappmodules.so using ns clns-7 from class loader (caller=/data/app/~~Jzd6CKdY6QuA5M2wtNZn0g==/com.impos2.mixcretailassemblyrn84-DDTspqnykTMnwph9QhEkAg==/base.apk): ok
04-19 22:05:57.671 W/OptProp (  590): Cannot read opt property android.window.PROPERTY_COMPAT_ENABLE_FAKE_FOCUS
04-19 22:05:57.677 V/WindowManagerShell(  836): onTransitionReady(transaction=2534030739712)
04-19 22:05:57.678 V/WindowManagerShell(  836): onTransitionReady (#456) android.os.BinderProxy@4afb169: {id=456 t=CLOSE f=0x0 trk=0 r=[0@Point(0, 0),2@Point(0, 0)] c=[{WCT{android.window.IWindowContainerToken$Stub$Proxy@9d1f66f} m=OPEN f=MOVE_TO_TOP leash=Surface(name=Task=817)/@0x19387e4 sb=Rect(0, 0 - 2560, 1600) eb=Rect(0, 0 - 2560, 1600) d=0 taskParent=-1},{WCT{android.window.IWindowContainerToken$Stub$Proxy@55ef7c} m=CLOSE f=NONE leash=Surface(name=Task=815)/@0xd90844d sb=Rect(0, 0 - 2560, 1600) eb=Rect(0, 0 - 2560, 1600) d=0 taskParent=-1},{WCT{android.window.IWindowContainerToken$Stub$Proxy@976f005} m=CLOSE f=NONE leash=Surface(name=Task=816)/@0xf65fb02 sb=Rect(0, 0 - 2560, 1600) eb=Rect(0, 0 - 2560, 1600) d=2 taskParent=-1},{WCT{android.window.IWindowContainerToken$Stub$Proxy@da3e85a} m=TO_FRONT f=SHOW_WALLPAPER leash=Surface(name=Task=671)/@0x672ac13 sb=Rect(0, 0 - 2560, 1600) eb=Rect(0, 0 - 2560, 1600) d=2 taskParent=-1},{null m=TO_FRONT f=IS_WALLPAPER leash=Surface(name=WallpaperWindowToken{c5135e7 token=android.os.Binder@aebf7a6})/@0x8f33e50 sb=Rect(0, 0 - 2560, 1600) eb=Rect(0, 0 - 2560, 1600) d=2}]}
04-19 22:05:57.679 V/WindowManagerShell(  836): Playing animation for (#456) android.os.BinderProxy@4afb169@0
04-19 22:05:57.679 V/WindowManagerShell(  836):  try handler com.android.wm.shell.transition.DefaultMixedHandler@a4b4bb1
04-19 22:05:57.679 V/WindowManagerShell(  836):  try handler com.android.wm.shell.keyguard.KeyguardTransitionHandler@f055896
04-19 22:05:57.679 V/WindowManagerShell(  836):  try handler com.android.wm.shell.pip.PipTransition@489c17
04-19 22:05:57.679 V/WindowManagerShell(  836):  try handler com.android.wm.shell.activityembedding.ActivityEmbeddingController@f43a804
04-19 22:05:57.679 V/WindowManagerShell(  836):  try handler com.android.wm.shell.splitscreen.StageCoordinator@417f1ed
04-19 22:05:57.679 V/WindowManagerShell(  836):  try handler com.android.wm.shell.desktopmode.DesktopTasksController@4366822
04-19 22:05:57.679 V/WindowManagerShell(  836):  try handler com.android.wm.shell.recents.RecentsTransitionHandler@b30e2b3
04-19 22:05:57.679 V/ShellRecents(  836): RecentsTransitionHandler.startAnimation: no controller found
04-19 22:05:57.679 V/WindowManagerShell(  836):  try handler com.android.wm.shell.transition.RemoteTransitionHandler@2554070
04-19 22:05:57.679 V/WindowManagerShell(  836): Transition doesn't have explicit remote, search filters for match for {id=456 t=CLOSE f=0x0 trk=0 r=[0@Point(0, 0),2@Point(0, 0)] c=[{WCT{android.window.IWindowContainerToken$Stub$Proxy@9d1f66f} m=OPEN f=MOVE_TO_TOP leash=Surface(name=Task=817)/@0x19387e4 sb=Rect(0, 0 - 2560, 1600) eb=Rect(0, 0 - 2560, 1600) d=0 taskParent=-1},{WCT{android.window.IWindowContainerToken$Stub$Proxy@55ef7c} m=CLOSE f=NONE leash=Surface(name=Task=815)/@0xd90844d sb=Rect(0, 0 - 2560, 1600) eb=Rect(0, 0 - 2560, 1600) d=0 taskParent=-1},{WCT{android.window.IWindowContainerToken$Stub$Proxy@976f005} m=CLOSE f=NONE leash=Surface(name=Task=816)/@0xf65fb02 sb=Rect(0, 0 - 2560, 1600) eb=Rect(0, 0 - 2560, 1600) d=2 taskParent=-1},{WCT{android.window.IWindowContainerToken$Stub$Proxy@da3e85a} m=TO_FRONT f=SHOW_WALLPAPER leash=Surface(name=Task=671)/@0x672ac13 sb=Rect(0, 0 - 2560, 1600) eb=Rect(0, 0 - 2560, 1600) d=2 taskParent=-1},{null m=TO_FRONT f=IS_WALLPAPER leash=Surface(name=WallpaperWindowToken{c5135e7 token=android.os.Binder@aebf7a6})/@0x8f33e50 sb=Rect(0, 0 - 2560, 1600) eb=Rect(0, 0 - 2560, 1600) d=2}]}
04-19 22:05:57.680 V/WindowManagerShell(  836):  Checking filter Pair{{types=[] flags=0x0] notFlags=0x0 checks=[{atype=undefined independent=true modes=[OPEN,TO_FRONT] flags=IN_TASK_WITH_EMBEDDED_ACTIVITY mustBeTask=false order=ANY topActivity=ComponentInfo{com.google.android.apps.nexuslauncher/com.google.android.apps.nexuslauncher.NexusLauncherActivity} launchCookie=null},{atype=undefined independent=true modes=[CLOSE,TO_BACK] flags=IN_TASK_WITH_EMBEDDED_ACTIVITY mustBeTask=false order=ANY topActivity=null launchCookie=null}]} RemoteTransition { remoteTransition = android.window.IRemoteTransition$Stub$Proxy@e8ebfe9, appThread = android.app.IApplicationThread$Stub$Proxy@876e46e, debugName = OverlaySwipeBack }}
04-19 22:05:57.680 V/WindowManagerShell(  836):  Checking filter Pair{{types=[] flags=0x0] notFlags=0x0 checks=[{atype=dream independent=true modes=[OPEN,TO_FRONT] flags=NONE mustBeTask=false order=ANY topActivity=null launchCookie=null},{atype=home independent=true modes=[CLOSE,TO_BACK] flags=NONE mustBeTask=false order=ANY topActivity=null launchCookie=null}]} RemoteTransition { remoteTransition = android.window.IRemoteTransition$Stub$Proxy@f4cf70f, appThread = android.app.IApplicationThread$Stub$Proxy@ba5f39c, debugName = LauncherToDream }}
04-19 22:05:57.680 V/WindowManagerShell(  836):  Checking filter Pair{{types=[] flags=0x0] notFlags=0x100 checks=[{atype=home independent=true modes=[OPEN,TO_FRONT] flags=NONE mustBeTask=false order=TOP topActivity=ComponentInfo{com.google.android.apps.nexuslauncher/com.google.android.apps.nexuslauncher.NexusLauncherActivity} launchCookie=null},{atype=standard independent=true modes=[CLOSE,TO_BACK] flags=NONE mustBeTask=false order=ANY topActivity=null launchCookie=null}]} RemoteTransition { remoteTransition = android.window.IRemoteTransition$Stub$Proxy@c8a71a5, appThread = android.app.IApplicationThread$Stub$Proxy@30d97a, debugName = QuickstepLaunchHome }}
04-19 22:05:57.680 V/WindowManagerShell(  836):  Delegate animation for (#456) to null
04-19 22:05:57.680 V/WindowManagerShell(  836):  try handler com.android.wm.shell.transition.DefaultTransitionHandler@56bf52b
04-19 22:05:57.680 V/WindowManagerShell(  836): start default transition animation, info = {id=456 t=CLOSE f=0x0 trk=0 r=[0@Point(0, 0),2@Point(0, 0)] c=[{WCT{android.window.IWindowContainerToken$Stub$Proxy@9d1f66f} m=OPEN f=MOVE_TO_TOP leash=Surface(name=Task=817)/@0x19387e4 sb=Rect(0, 0 - 2560, 1600) eb=Rect(0, 0 - 2560, 1600) d=0 taskParent=-1},{WCT{android.window.IWindowContainerToken$Stub$Proxy@55ef7c} m=CLOSE f=NONE leash=Surface(name=Task=815)/@0xd90844d sb=Rect(0, 0 - 2560, 1600) eb=Rect(0, 0 - 2560, 1600) d=0 taskParent=-1},{WCT{android.window.IWindowContainerToken$Stub$Proxy@976f005} m=CLOSE f=NONE leash=Surface(name=Task=816)/@0xf65fb02 sb=Rect(0, 0 - 2560, 1600) eb=Rect(0, 0 - 2560, 1600) d=2 taskParent=-1},{WCT{android.window.IWindowContainerToken$Stub$Proxy@da3e85a} m=TO_FRONT f=SHOW_WALLPAPER leash=Surface(name=Task=671)/@0x672ac13 sb=Rect(0, 0 - 2560, 1600) eb=Rect(0, 0 - 2560, 1600) d=2 taskParent=-1},{null m=TO_FRONT f=IS_WALLPAPER leash=Surface(name=WallpaperWindowToken{c5135e7 token=android.os.Binder@aebf7a6})/@0x8f33e50 sb=Rect(0, 0 - 2560, 1600) eb=Rect(0, 0 - 2560, 1600) d=2}]}
04-19 22:05:57.680 V/WindowManagerShell(  836): loadAnimation: anim=android.view.animation.AnimationSet@5dab214 animAttr=0x10 type=CLOSE isEntrance=true
04-19 22:05:57.680 V/WindowManagerShell(  836): loadAnimation: anim=android.view.animation.AnimationSet@92ec003 animAttr=0x11 type=CLOSE isEntrance=false
04-19 22:05:57.680 V/WindowManagerShell(  836): loadAnimation: anim=android.view.animation.AnimationSet@cbadb80 animAttr=0x11 type=CLOSE isEntrance=false
04-19 22:05:57.680 V/WindowManagerShell(  836): loadAnimation: anim=android.view.animation.AnimationSet@f70a5b9 animAttr=0x10 type=CLOSE isEntrance=true
04-19 22:05:57.681 V/WindowManagerShell(  836):  animated by com.android.wm.shell.transition.DefaultTransitionHandler@56bf52b
04-19 22:05:57.687 V/WindowManager(  590): Sent Transition (#456) createdAt=04-19 22:05:57.201 via request=TransitionRequestInfo { type = CLOSE, triggerTask = TaskInfo{userId=0 taskId=816 displayId=2 isRunning=false baseIntent=Intent { flg=0x18000000 cmp=com.impos2.mixcretailassemblyrn84/.SecondaryActivity } baseActivity=null topActivity=null origActivity=null realActivity=ComponentInfo{com.impos2.mixcretailassemblyrn84/com.impos2.mixcretailassemblyrn84.SecondaryActivity} numActivities=0 lastActiveTime=248357450 supportsMultiWindow=true resizeMode=1 isResizeable=true minWidth=-1 minHeight=-1 defaultMinSize=220 token=WCT{RemoteToken{3a8e8af Task{783a8b6 #816 type=standard A=10212:com.impos2.mixcretailassemblyrn84}}} topActivityType=1 pictureInPictureParams=null shouldDockBigOverlays=false launchIntoPipHostTaskId=-1 lastParentTaskIdBeforePip=-1 displayCutoutSafeInsets=null topActivityInfo=null launchCookies=[] positionInParent=Point(0, 0) parentTaskId=-1 isFocused=true isVisible=true isVisibleRequested=true isSleeping=false locusId=null displayAreaFeatureId=1 isTopActivityTransparent=false appCompatTaskInfo=AppCompatTaskInfo { topActivityInSizeCompat=false topActivityEligibleForLetterboxEducation= falseisLetterboxEducationEnabled= false isLetterboxDoubleTapEnabled= false topActivityEligibleForUserAspectRatioButton= false topActivityBoundsLetterboxed= false isFromLetterboxDoubleTap= false topActivityLetterboxVerticalPosition= -1 topActivityLetterboxHorizontalPosition= -1 topActivityLetterboxWidth=-1 topActivityLetterboxHeight=-1 isUserFullscreenOverrideEnabled=false isSystemFullscreenOverrideEnabled=false cameraCompatTaskInfo=CameraCompatTaskInfo { cameraCompatControlState=hidden freeformCameraCompatMode=inactive}}}, pipTask = null, remoteTransition = null, displayChange = null, flags = 0, debugId = 456 }
04-19 22:05:57.687 V/WindowManager(  590):     startWCT=WindowContainerTransaction { changes = {} hops = [] errorCallbackToken=null taskFragmentOrganizer=null }
04-19 22:05:57.687 V/WindowManager(  590):     info={id=456 t=CLOSE f=0x0 trk=0 r=[0@Point(0, 0),2@Point(0, 0)] c=[
04-19 22:05:57.687 V/WindowManager(  590):         {WCT{RemoteToken{981c80 Task{f8e6884 #817 type=standard A=10212:com.impos2.mixcretailassemblyrn84}}} m=OPEN f=MOVE_TO_TOP leash=Surface(name=Task=817)/@0x619f7bd sb=Rect(0, 0 - 2560, 1600) eb=Rect(0, 0 - 2560, 1600) d=0 taskParent=-1},
04-19 22:05:57.687 V/WindowManager(  590):         {WCT{RemoteToken{d1d6c8a Task{1f26be8 #815 type=standard A=10212:com.impos2.mixcretailassemblyrn84}}} m=CLOSE f=NONE leash=Surface(name=Task=815)/@0xc86ec2c sb=Rect(0, 0 - 2560, 1600) eb=Rect(0, 0 - 2560, 1600) d=0 taskParent=-1},
04-19 22:05:57.687 V/WindowManager(  590):         {WCT{RemoteToken{3a8e8af Task{783a8b6 #816 type=standard A=10212:com.impos2.mixcretailassemblyrn84}}} m=CLOSE f=NONE leash=Surface(name=Task=816)/@0x3a0b089 sb=Rect(0, 0 - 2560, 1600) eb=Rect(0, 0 - 2560, 1600) d=2 taskParent=-1},
04-19 22:05:57.687 V/WindowManager(  590):         {WCT{RemoteToken{473bc8f Task{c2f742b #671 type=home}}} m=TO_FRONT f=SHOW_WALLPAPER leash=Surface(name=Task=671)/@0x5554f84 sb=Rect(0, 0 - 2560, 1600) eb=Rect(0, 0 - 2560, 1600) d=2 taskParent=-1},
04-19 22:05:57.687 V/WindowManager(  590):         {null m=TO_FRONT f=IS_WALLPAPER leash=Surface(name=WallpaperWindowToken{c5135e7 token=android.os.Binder@aebf7a6})/@0x479d416 sb=Rect(0, 0 - 2560, 1600) eb=Rect(0, 0 - 2560, 1600) d=2}
04-19 22:05:57.687 V/WindowManager(  590):     ]}
04-19 22:05:57.689 W/ActivityTaskManager(  590): Unable to send transaction to client proc com.impos2.mixcretailassemblyrn84: no app thread
04-19 22:05:57.690 W/UserManagerService(  590): Requested status bar icon for non-badged user 0
04-19 22:05:57.701 D/EGL_emulation(  836): app_time_stats: avg=57670.65ms min=57670.65ms max=57670.65ms count=1
04-19 22:05:57.707 D/AppCompatDelegate( 7785): Checking for metadata for AppLocalesMetadataHolderService : Service not found
04-19 22:05:57.712 W/s.nexuslauncher( 1099): Reducing the number of considered missed Gc histogram windows from 274 to 100
04-19 22:05:57.716 W/s.nexuslauncher( 1099): ApkAssets: Deleting an ApkAssets object '<empty> and /product/priv-app/Velvet/Velvet.apk' with 1 weak references
04-19 22:05:57.731 I/StartupAudit( 7785): activity_created activity=MainActivity displayIndex=0 pid=7785 time=2026-04-19 22:05:57.729
04-19 22:05:57.773 D/FileUtils(  590): Rounded bytes from 3120193536 to 4000000000
04-19 22:05:57.801 D/nativeloader( 7785): Load /data/app/~~Jzd6CKdY6QuA5M2wtNZn0g==/com.impos2.mixcretailassemblyrn84-DDTspqnykTMnwph9QhEkAg==/base.apk!/lib/arm64-v8a/libhermesvm.so using ns clns-7 from class loader (caller=/data/app/~~Jzd6CKdY6QuA5M2wtNZn0g==/com.impos2.mixcretailassemblyrn84-DDTspqnykTMnwph9QhEkAg==/base.apk): ok
04-19 22:05:57.802 D/nativeloader( 7785): Load /data/app/~~Jzd6CKdY6QuA5M2wtNZn0g==/com.impos2.mixcretailassemblyrn84-DDTspqnykTMnwph9QhEkAg==/base.apk!/lib/arm64-v8a/libhermestooling.so using ns clns-7 from class loader (caller=/data/app/~~Jzd6CKdY6QuA5M2wtNZn0g==/com.impos2.mixcretailassemblyrn84-DDTspqnykTMnwph9QhEkAg==/base.apk): ok
04-19 22:05:57.802 D/jni_lib_merge( 7785): Entering merged library JNI_OnLoad.
04-19 22:05:57.802 D/jni_lib_merge( 7785): Preparing 4 pre-merged libs (including stub)
04-19 22:05:57.802 D/jni_lib_merge( 7785): Preparing to register libhermes_executor_so.  onload_func: 0x73a890002c
04-19 22:05:57.802 D/jni_lib_merge( 7785): Preparing to register libhermesinstancejni_so.  onload_func: 0x73a892e1f8
04-19 22:05:57.802 D/jni_lib_merge( 7785): Preparing to register libjsijniprofiler_so.  onload_func: 0x73a893023c
04-19 22:05:57.802 D/jni_lib_merge( 7785): About to register 3 actual methods.
04-19 22:05:57.813 D/EGL_emulation( 1099): app_time_stats: avg=21812.55ms min=1.25ms max=588767.94ms count=27
04-19 22:05:57.881 I/resolv  (  388): GetAddrInfoHandler::run: {0 0 0 983040 10212 0}
04-19 22:05:57.883 D/TrafficStats( 7785): tagSocket(100) with statsTag=0xffffffff, statsUid=-1
04-19 22:05:57.898 W/unknown:BridgelessReact( 7785): ReactHost{0}.startSurface(surfaceId = 0): Schedule
04-19 22:05:57.898 W/unknown:BridgelessReact( 7785): ReactHost{0}.attachSurface(surfaceId = 0)
04-19 22:05:57.899 W/unknown:BridgelessReact( 7785): ReactHost{0}.getOrCreateReactInstanceTask()
04-19 22:05:57.900 W/unknown:BridgelessReact( 7785): ReactHost{0}.getOrCreateReactInstanceTask(): Start
04-19 22:05:57.900 W/unknown:BridgelessReact( 7785): ReactHost{0}.getJSBundleLoader()
04-19 22:05:57.900 W/unknown:BridgelessReact( 7785): ReactHost{0}.isMetroRunning()
04-19 22:05:57.902 D/TrafficStats( 7785): tagSocket(102) with statsTag=0xffffffff, statsUid=-1
04-19 22:05:57.905 W/ailassemblyrn84( 7785): Accessing hidden method Landroid/view/ViewGroup;->makeOptionalFitsSystemWindows()V (unsupported, reflection, allowed)
04-19 22:05:57.908 W/unknown:BridgelessReact( 7785): ReactHost{0}.isMetroRunning(): Async result = true
04-19 22:05:57.914 W/unknown:BridgelessReact( 7785): ReactHost{0}.loadJSBundleFromMetro()
04-19 22:05:57.918 W/unknown:BridgelessReact( 7785): ReactHost{0}.raiseSoftException(onNewIntent(intent = "Intent { flg=0x10000000 cmp=com.impos2.mixcretailassemblyrn84/.MainActivity }")): Tried to access onNewIntent while context is not ready
04-19 22:05:57.918 E/unknown:ReactHost( 7785): Unhandled SoftException
04-19 22:05:57.918 E/unknown:ReactHost( 7785): com.facebook.react.bridge.ReactNoCrashSoftException: raiseSoftException(onNewIntent(intent = "Intent { flg=0x10000000 cmp=com.impos2.mixcretailassemblyrn84/.MainActivity }")): Tried to access onNewIntent while context is not ready
04-19 22:05:57.918 E/unknown:ReactHost( 7785): 	at com.facebook.react.runtime.ReactHostImpl.raiseSoftException(ReactHostImpl.kt:865)
04-19 22:05:57.918 E/unknown:ReactHost( 7785): 	at com.facebook.react.runtime.ReactHostImpl.raiseSoftException$default(ReactHostImpl.kt:856)
04-19 22:05:57.918 E/unknown:ReactHost( 7785): 	at com.facebook.react.runtime.ReactHostImpl.onNewIntent(ReactHostImpl.kt:656)
04-19 22:05:57.918 E/unknown:ReactHost( 7785): 	at com.facebook.react.ReactDelegate.onNewIntent(ReactDelegate.kt:193)
04-19 22:05:57.918 E/unknown:ReactHost( 7785): 	at com.facebook.react.ReactActivityDelegate.onNewIntent(ReactActivityDelegate.java:233)
04-19 22:05:57.918 E/unknown:ReactHost( 7785): 	at com.facebook.react.ReactActivity.onNewIntent(ReactActivity.java:134)
04-19 22:05:57.918 E/unknown:ReactHost( 7785): 	at android.app.Activity.onNewIntent(Activity.java:2418)
04-19 22:05:57.918 E/unknown:ReactHost( 7785): 	at android.app.Activity.performNewIntent(Activity.java:9029)
04-19 22:05:57.918 E/unknown:ReactHost( 7785): 	at android.app.Instrumentation.callActivityOnNewIntent(Instrumentation.java:1646)
04-19 22:05:57.918 E/unknown:ReactHost( 7785): 	at android.app.Instrumentation.internalCallActivityOnNewIntent(Instrumentation.java:1667)
04-19 22:05:57.918 E/unknown:ReactHost( 7785): 	at android.app.Instrumentation.callActivityOnNewIntent(Instrumentation.java:1655)
04-19 22:05:57.918 E/unknown:ReactHost( 7785): 	at android.app.ActivityThread.deliverNewIntents(ActivityThread.java:4280)
04-19 22:05:57.918 E/unknown:ReactHost( 7785): 	at android.app.ActivityThread.performResumeActivity(ActivityThread.java:5292)
04-19 22:05:57.918 E/unknown:ReactHost( 7785): 	at android.app.ActivityThread.handleResumeActivity(ActivityThread.java:5342)
04-19 22:05:57.918 E/unknown:ReactHost( 7785): 	at android.app.servertransaction.ResumeActivityItem.execute(ResumeActivityItem.java:57)
04-19 22:05:57.918 E/unknown:ReactHost( 7785): 	at android.app.servertransaction.ActivityTransactionItem.execute(ActivityTransactionItem.java:60)
04-19 22:05:57.918 E/unknown:ReactHost( 7785): 	at android.app.servertransaction.TransactionExecutor.executeLifecycleItem(TransactionExecutor.java:225)
