04-19 22:05:57.918 E/unknown:ReactHost( 7785): 	at android.app.servertransaction.TransactionExecutor.executeTransactionItems(TransactionExecutor.java:107)
04-19 22:05:57.918 E/unknown:ReactHost( 7785): 	at android.app.servertransaction.TransactionExecutor.execute(TransactionExecutor.java:81)
04-19 22:05:57.918 E/unknown:ReactHost( 7785): 	at android.app.ActivityThread$H.handleMessage(ActivityThread.java:2636)
04-19 22:05:57.918 E/unknown:ReactHost( 7785): 	at android.os.Handler.dispatchMessage(Handler.java:107)
04-19 22:05:57.918 E/unknown:ReactHost( 7785): 	at android.os.Looper.loopOnce(Looper.java:232)
04-19 22:05:57.918 E/unknown:ReactHost( 7785): 	at android.os.Looper.loop(Looper.java:317)
04-19 22:05:57.918 E/unknown:ReactHost( 7785): 	at android.app.ActivityThread.main(ActivityThread.java:8705)
04-19 22:05:57.918 E/unknown:ReactHost( 7785): 	at java.lang.reflect.Method.invoke(Native Method)
04-19 22:05:57.918 E/unknown:ReactHost( 7785): 	at com.android.internal.os.RuntimeInit$MethodAndArgsCaller.run(RuntimeInit.java:580)
04-19 22:05:57.918 E/unknown:ReactHost( 7785): 	at com.android.internal.os.ZygoteInit.main(ZygoteInit.java:886)
04-19 22:05:57.919 W/unknown:BridgelessReact( 7785): ReactHost{0}.onHostResume(activity)
04-19 22:05:57.919 W/unknown:ReactNative( 7785): Packager connection already open, nooping.
04-19 22:05:57.922 W/HWUI    ( 7785): Unknown dataspace 0
04-19 22:05:57.928 W/WindowManager(  590): Failed looking up window session=Session{330fbed 836:u0a10186} callers=com.android.server.wm.WindowManagerService.removeClientToken:2058 com.android.server.wm.Session.remove:274 android.view.IWindowSession$Stub.onTransact:685 
04-19 22:05:57.930 W/WindowManager(  590): Failed looking up window session=Session{330fbed 836:u0a10186} callers=com.android.server.wm.WindowManagerService.removeClientToken:2058 com.android.server.wm.Session.remove:274 android.view.IWindowSession$Stub.onTransact:685 
04-19 22:05:57.930 V/WindowManagerShell(  836): Transition animation finished (aborted=false), notifying core (#456) android.os.BinderProxy@4afb169@0
04-19 22:05:57.931 V/WindowManager(  590): Finish Transition (#456): created at 04-19 22:05:57.201 collect-started=0.02ms request-sent=0.088ms started=12.187ms ready=470.668ms sent=473.489ms finished=729.476ms
04-19 22:05:57.931 E/IPCThreadState(  590): Binder transaction failure. id: 40027677, BR_*: 29189, error: -22 (Invalid argument)
04-19 22:05:57.931 W/ActivityManager(  590): pid 590 system sent binder code 7 with flags 1 to frozen apps and got error -32
04-19 22:05:57.932 W/WindowManager(  590): Exception thrown during dispatchAppVisibility Window{84129a9 u0 com.impos2.mixcretailassemblyrn84/com.impos2.mixcretailassemblyrn84.MainActivity EXITING}
04-19 22:05:57.932 W/WindowManager(  590): android.os.DeadObjectException
04-19 22:05:57.932 W/WindowManager(  590): 	at android.os.BinderProxy.transactNative(Native Method)
04-19 22:05:57.932 W/WindowManager(  590): 	at android.os.BinderProxy.transact(BinderProxy.java:586)
04-19 22:05:57.932 W/WindowManager(  590): 	at android.view.IWindow$Stub$Proxy.dispatchAppVisibility(IWindow.java:553)
04-19 22:05:57.932 W/WindowManager(  590): 	at com.android.server.wm.WindowState.sendAppVisibilityToClients(WindowState.java:3253)
04-19 22:05:57.932 W/WindowManager(  590): 	at com.android.server.wm.WindowContainer.sendAppVisibilityToClients(WindowContainer.java:1289)
04-19 22:05:57.932 W/WindowManager(  590): 	at com.android.server.wm.WindowToken.setClientVisible(WindowToken.java:403)
04-19 22:05:57.932 W/WindowManager(  590): 	at com.android.server.wm.ActivityRecord.setClientVisible(ActivityRecord.java:7166)
04-19 22:05:57.932 W/WindowManager(  590): 	at com.android.server.wm.ActivityRecord.postApplyAnimation(ActivityRecord.java:5881)
04-19 22:05:57.932 W/WindowManager(  590): 	at com.android.server.wm.ActivityRecord.commitVisibility(ActivityRecord.java:5823)
04-19 22:05:57.932 W/WindowManager(  590): 	at com.android.server.wm.Transition.finishTransition(Transition.java:1286)
04-19 22:05:57.932 W/WindowManager(  590): 	at com.android.server.wm.TransitionController.finishTransition(TransitionController.java:937)
04-19 22:05:57.932 W/WindowManager(  590): 	at com.android.server.wm.WindowOrganizerController.finishTransition(WindowOrganizerController.java:494)
04-19 22:05:57.932 W/WindowManager(  590): 	at android.window.IWindowOrganizerController$Stub.onTransact(IWindowOrganizerController.java:289)
04-19 22:05:57.932 W/WindowManager(  590): 	at com.android.server.wm.WindowOrganizerController.onTransact(WindowOrganizerController.java:204)
04-19 22:05:57.932 W/WindowManager(  590): 	at android.os.Binder.execTransactInternal(Binder.java:1505)
04-19 22:05:57.932 W/WindowManager(  590): 	at android.os.Binder.execTransact(Binder.java:1444)
04-19 22:05:57.932 W/Process (  590): Unable to open /proc/3625/status
04-19 22:05:57.932 I/binder  (  963): 963:590 cannot find target node
04-19 22:05:57.932 I/binder  (  963): 590:963 transaction async to 0:0 failed 40027677/29189/-22, size 64-0 line 3265
04-19 22:05:57.934 I/binder  (  963): 963:590 cannot find target node
04-19 22:05:57.934 I/binder  (  963): 590:963 transaction async to 0:0 failed 40027683/29189/-22, size 64-0 line 3265
04-19 22:05:57.932 E/IPCThreadState(  590): Binder transaction failure. id: 40027683, BR_*: 29189, error: -22 (Invalid argument)
04-19 22:05:57.932 W/ActivityManager(  590): pid 590 system sent binder code 7 with flags 1 to frozen apps and got error -32
04-19 22:05:57.932 D/ActivityManager(  590): Too many transaction errors, throttling freezer binder callback.
04-19 22:05:57.932 W/WindowManager(  590): Exception thrown during dispatchAppVisibility Window{76bf54 u0 com.impos2.mixcretailassemblyrn84/com.impos2.mixcretailassemblyrn84.SecondaryActivity EXITING}
04-19 22:05:57.932 W/WindowManager(  590): android.os.DeadObjectException
04-19 22:05:57.932 W/WindowManager(  590): 	at android.os.BinderProxy.transactNative(Native Method)
04-19 22:05:57.932 W/WindowManager(  590): 	at android.os.BinderProxy.transact(BinderProxy.java:586)
04-19 22:05:57.932 W/WindowManager(  590): 	at android.view.IWindow$Stub$Proxy.dispatchAppVisibility(IWindow.java:553)
04-19 22:05:57.932 W/WindowManager(  590): 	at com.android.server.wm.WindowState.sendAppVisibilityToClients(WindowState.java:3253)
04-19 22:05:57.932 W/WindowManager(  590): 	at com.android.server.wm.WindowContainer.sendAppVisibilityToClients(WindowContainer.java:1289)
04-19 22:05:57.932 W/WindowManager(  590): 	at com.android.server.wm.WindowToken.setClientVisible(WindowToken.java:403)
04-19 22:05:57.932 W/WindowManager(  590): 	at com.android.server.wm.ActivityRecord.setClientVisible(ActivityRecord.java:7166)
04-19 22:05:57.932 W/WindowManager(  590): 	at com.android.server.wm.ActivityRecord.postApplyAnimation(ActivityRecord.java:5881)
04-19 22:05:57.932 W/WindowManager(  590): 	at com.android.server.wm.ActivityRecord.commitVisibility(ActivityRecord.java:5823)
04-19 22:05:57.932 W/WindowManager(  590): 	at com.android.server.wm.Transition.finishTransition(Transition.java:1286)
04-19 22:05:57.932 W/WindowManager(  590): 	at com.android.server.wm.TransitionController.finishTransition(TransitionController.java:937)
04-19 22:05:57.932 W/WindowManager(  590): 	at com.android.server.wm.WindowOrganizerController.finishTransition(WindowOrganizerController.java:494)
04-19 22:05:57.932 W/WindowManager(  590): 	at android.window.IWindowOrganizerController$Stub.onTransact(IWindowOrganizerController.java:289)
04-19 22:05:57.932 W/WindowManager(  590): 	at com.android.server.wm.WindowOrganizerController.onTransact(WindowOrganizerController.java:204)
04-19 22:05:57.932 W/WindowManager(  590): 	at android.os.Binder.execTransactInternal(Binder.java:1505)
04-19 22:05:57.932 W/WindowManager(  590): 	at android.os.Binder.execTransact(Binder.java:1444)
04-19 22:05:57.932 W/Process (  590): Unable to open /proc/3734/status
04-19 22:05:57.940 I/TopTaskTracker( 1099): onTaskRemoved: taskId=815
04-19 22:05:57.940 V/WindowManagerShell(  836): Track 0 became idle
04-19 22:05:57.940 V/WindowManagerShell(  836): All active transition animations finished
04-19 22:05:57.940 I/TopTaskTracker( 1099): onTaskRemoved: taskId=815
04-19 22:05:57.940 W/UserManagerService(  590): Requested status bar icon for non-badged user 0
04-19 22:05:57.940 I/TopTaskTracker( 1099): onTaskRemoved: taskId=816
04-19 22:05:57.940 I/TopTaskTracker( 1099): onTaskRemoved: taskId=816
04-19 22:05:57.941 V/ShellDesktopMode(  836): Task Vanished: #815 closed=true
04-19 22:05:57.941 W/UserManagerService(  590): Requested status bar icon for non-badged user 0
04-19 22:05:57.941 V/ShellDesktopMode(  836): Task Vanished: #816 closed=true
04-19 22:05:57.941 W/UserManagerService(  590): Requested status bar icon for non-badged user 0
04-19 22:05:57.942 W/UserManagerService(  590): Requested status bar icon for non-badged user 0
04-19 22:05:57.942 W/UserManagerService(  590): Requested status bar icon for non-badged user 0
04-19 22:05:57.956 W/WindowManager(  590): Failed looking up window session=null callers=com.android.server.wm.WindowManagerService.addWindow:1575 com.android.server.wm.Session.addToDisplayAsUser:257 android.view.IWindowSession$Stub.onTransact:640 
04-19 22:05:57.956 W/WindowManager(  590): Attempted to add window with token that is not a window: null.  Aborting.
04-19 22:05:57.957 E/unknown:ReactNative( 7785): Unable to display loading message because react activity isn't active, message: Loading from localhost:8081…
04-19 22:05:57.963 W/WindowManager(  590): Failed looking up window session=null callers=com.android.server.wm.WindowManagerService.addWindow:1575 com.android.server.wm.Session.addToDisplayAsUser:257 android.view.IWindowSession$Stub.onTransact:640 
04-19 22:05:57.963 W/WindowManager(  590): Attempted to add window with token that is not a window: null.  Aborting.
04-19 22:05:57.964 E/unknown:ReactNative( 7785): Unable to display loading message because react activity isn't active, message: Reloading...
04-19 22:05:57.968 D/CoreBackPreview(  590): Window{42ba5b0 u0 com.impos2.mixcretailassemblyrn84/com.impos2.mixcretailassemblyrn84.MainActivity}: Setting back callback OnBackInvokedCallbackInfo{mCallback=android.window.IOnBackInvokedCallback$Stub$Proxy@e239c5e, mPriority=0, mIsAnimationCallback=false}
04-19 22:05:57.975 I/EGL_emulation( 7785): Opening libGLESv1_CM_emulation.so
04-19 22:05:57.975 I/EGL_emulation( 7785): Opening libGLESv2_emulation.so
04-19 22:05:57.976 E/BpTransactionCompletedListener(  439): Failed to transact (-32)
04-19 22:05:57.977 E/BpTransactionCompletedListener(  439): Failed to transact (-32)
04-19 22:05:57.982 W/HWUI    ( 7785): Failed to choose config with EGL_SWAP_BEHAVIOR_PRESERVED, retrying without...
04-19 22:05:57.983 W/HWUI    ( 7785): Failed to initialize 101010-2 format, error = EGL_SUCCESS
04-19 22:05:57.990 I/hwservicemanager(  162): getTransport: Cannot find entry android.hardware.graphics.mapper@4.0::IMapper/default in either framework or device VINTF manifest.
04-19 22:05:57.990 I/Gralloc4( 7785): mapper 4.x is not supported
04-19 22:05:57.991 I/servicemanager(  157): Caller(pid=7785,uid=10212,sid=u:r:untrusted_app:s0:c212,c256,c512,c768) Could not find android.hardware.graphics.allocator.IAllocator/default in the VINTF manifest. No alternative instances declared in VINTF.
04-19 22:05:58.016 W/ziparchive(  590): Unable to open '/data/app/~~Jzd6CKdY6QuA5M2wtNZn0g==/com.impos2.mixcretailassemblyrn84-DDTspqnykTMnwph9QhEkAg==/base.dm': No such file or directory
04-19 22:05:58.016 I/ActivityTaskManager(  590): Displayed com.impos2.mixcretailassemblyrn84/.MainActivity for user 0: +762ms
04-19 22:05:58.020 I/BpBinder(  439): onLastStrongRef automatically unlinking death recipients: 
04-19 22:05:58.030 D/BaseDepthController( 1099): setSurface:
04-19 22:05:58.030 D/BaseDepthController( 1099): 	mWaitingOnSurfaceValidity: false
04-19 22:05:58.030 D/BaseDepthController( 1099): 	mSurface: null
04-19 22:05:58.030 D/BaseDepthController( 1099): mSurface is null and mCurrentBlur is: 0
04-19 22:05:58.031 D/StateManager( 1099): goToState - fromState: Normal, toState: Normal, partial trace:
04-19 22:05:58.031 D/StateManager( 1099): 	at com.android.launcher3.statemanager.StateManager.moveToRestState(go/retraceme 6422cbaa18704413bfb3e93ebb8478614d3644845132061bc54b1fae066de31d:4)
04-19 22:05:58.031 D/StateManager( 1099): 	at com.android.launcher3.statemanager.StateManager.moveToRestState(go/retraceme 6422cbaa18704413bfb3e93ebb8478614d3644845132061bc54b1fae066de31d:1)
04-19 22:05:58.031 D/StateManager( 1099): 	at com.android.launcher3.statemanager.StatefulActivity.onStop(go/retraceme 6422cbaa18704413bfb3e93ebb8478614d3644845132061bc54b1fae066de31d:34)
04-19 22:05:58.031 D/StatsLog( 1099): LAUNCHER_ONSTOP
04-19 22:05:58.031 I/AppWidgetServiceImpl(  590): setAppWidgetHidden() 0
04-19 22:05:58.031 D/OneSearchSuggestProvider( 1099): Shut down the binder channel
04-19 22:05:58.031 D/StatsLog( 1099): LAUNCHER_GOOGLE_SEARCH_RESTORE_LIST_SIZE_AFTER_ACTIVITY_RESTART
04-19 22:05:58.032 D/NexusLauncherModelDelegate( 1099): notifySmartspaceEvent: SmartspaceTargetEvent{mSmartspaceTarget=null, mSmartspaceActionId='null', mEventType=7}
04-19 22:05:58.032 I/IPCThreadState( 1099): oneway function results for code 2 on binder at 0xb4000075db355c10 will be dropped but finished with status UNKNOWN_TRANSACTION
04-19 22:05:58.043 D/NexusLauncherModelDelegate( 1099): notifySmartspaceEvent: SmartspaceTargetEvent{mSmartspaceTarget=null, mSmartspaceActionId='null', mEventType=7}
04-19 22:05:58.050 W/unknown:BridgelessReact( 7785): ReactHost{0}.raiseSoftException(onWindowFocusChange(hasFocus = "true")): Tried to access onWindowFocusChange while context is not ready
04-19 22:05:58.051 E/unknown:ReactHost( 7785): Unhandled SoftException
04-19 22:05:58.051 E/unknown:ReactHost( 7785): com.facebook.react.bridge.ReactNoCrashSoftException: raiseSoftException(onWindowFocusChange(hasFocus = "true")): Tried to access onWindowFocusChange while context is not ready
04-19 22:05:58.051 E/unknown:ReactHost( 7785): 	at com.facebook.react.runtime.ReactHostImpl.raiseSoftException(ReactHostImpl.kt:865)
04-19 22:05:58.051 E/unknown:ReactHost( 7785): 	at com.facebook.react.runtime.ReactHostImpl.raiseSoftException$default(ReactHostImpl.kt:856)
04-19 22:05:58.051 E/unknown:ReactHost( 7785): 	at com.facebook.react.runtime.ReactHostImpl.onWindowFocusChange(ReactHostImpl.kt:629)
04-19 22:05:58.051 E/unknown:ReactHost( 7785): 	at com.facebook.react.ReactDelegate.onWindowFocusChanged(ReactDelegate.kt:229)
04-19 22:05:58.051 E/unknown:ReactHost( 7785): 	at com.facebook.react.ReactActivityDelegate.onWindowFocusChanged(ReactActivityDelegate.java:237)
04-19 22:05:58.051 E/unknown:ReactHost( 7785): 	at com.facebook.react.ReactActivity.onWindowFocusChanged(ReactActivity.java:161)
04-19 22:05:58.051 E/unknown:ReactHost( 7785): 	at com.impos2.mixcretailassemblyrn84.MainActivity.onWindowFocusChanged(MainActivity.kt:145)
04-19 22:05:58.051 E/unknown:ReactHost( 7785): 	at androidx.appcompat.view.WindowCallbackWrapper.onWindowFocusChanged(WindowCallbackWrapper.java:124)
04-19 22:05:58.051 E/unknown:ReactHost( 7785): 	at com.android.internal.policy.DecorView.onWindowFocusChanged(DecorView.java:1772)
04-19 22:05:58.051 E/unknown:ReactHost( 7785): 	at android.view.View.dispatchWindowFocusChanged(View.java:16743)
04-19 22:05:58.051 E/unknown:ReactHost( 7785): 	at android.view.ViewGroup.dispatchWindowFocusChanged(ViewGroup.java:1505)
04-19 22:05:58.051 E/unknown:ReactHost( 7785): 	at android.view.ViewRootImpl.dispatchFocusEvent(ViewRootImpl.java:4697)
04-19 22:05:58.051 E/unknown:ReactHost( 7785): 	at android.view.ViewRootImpl.handleWindowFocusChanged(ViewRootImpl.java:4601)
04-19 22:05:58.051 E/unknown:ReactHost( 7785): 	at android.view.ViewRootImpl.-$$Nest$mhandleWindowFocusChanged(Unknown Source:0)
04-19 22:05:58.051 E/unknown:ReactHost( 7785): 	at android.view.ViewRootImpl$ViewRootHandler.handleMessageImpl(ViewRootImpl.java:6773)
04-19 22:05:58.051 E/unknown:ReactHost( 7785): 	at android.view.ViewRootImpl$ViewRootHandler.handleMessage(ViewRootImpl.java:6683)
04-19 22:05:58.051 E/unknown:ReactHost( 7785): 	at android.os.Handler.dispatchMessage(Handler.java:107)
04-19 22:05:58.051 E/unknown:ReactHost( 7785): 	at android.os.Looper.loopOnce(Looper.java:232)
04-19 22:05:58.051 E/unknown:ReactHost( 7785): 	at android.os.Looper.loop(Looper.java:317)
04-19 22:05:58.051 E/unknown:ReactHost( 7785): 	at android.app.ActivityThread.main(ActivityThread.java:8705)
04-19 22:05:58.051 E/unknown:ReactHost( 7785): 	at java.lang.reflect.Method.invoke(Native Method)
04-19 22:05:58.051 E/unknown:ReactHost( 7785): 	at com.android.internal.os.RuntimeInit$MethodAndArgsCaller.run(RuntimeInit.java:580)
04-19 22:05:58.051 E/unknown:ReactHost( 7785): 	at com.android.internal.os.ZygoteInit.main(ZygoteInit.java:886)
04-19 22:05:58.052 I/ImeTracker(  590): com.impos2.mixcretailassemblyrn84:ad61b125: onRequestHide at ORIGIN_SERVER reason HIDE_UNSPECIFIED_WINDOW fromUser false
04-19 22:05:58.052 I/ImeTracker(  590): com.impos2.mixcretailassemblyrn84:ad61b125: onCancelled at PHASE_SERVER_SHOULD_HIDE
04-19 22:05:58.055 I/GoogleInputMethodService(20885): GoogleInputMethodService.onFinishInput():3157 
04-19 22:05:58.055 I/GoogleInputMethodService(20885): GoogleInputMethodService.updateDeviceLockedStatus():2248 repeatCheckTimes = 0, locked = false
04-19 22:05:58.055 I/GoogleInputMethodService(20885): GoogleInputMethodService.onStartInput():1986 onStartInput(EditorInfo{EditorInfo{packageName=com.impos2.mixcretailassemblyrn84, inputType=0, inputTypeString=NULL, enableLearning=false, autoCorrection=false, autoComplete=false, imeOptions=0, privateImeOptions=null, actionName=UNSPECIFIED, actionLabel=null, initialSelStart=-1, initialSelEnd=-1, initialCapsMode=0, label=null, fieldId=0, fieldName=null, extras=null, hintText=null, hintLocales=[]}}, false)
04-19 22:05:58.056 I/GoogleInputMethodService(20885): GoogleInputMethodService.updateDeviceLockedStatus():2248 repeatCheckTimes = 1, locked = false
04-19 22:05:58.056 I/AndroidIME(20885): InputBundleManager.loadActiveInputBundleId():450 loadActiveInputBundleId: und-Latn-x-password, password
04-19 22:05:58.056 W/PackageConfigPersister(  590): App-specific configuration not found for packageName: com.impos2.mixcretailassemblyrn84 and userId: 0
04-19 22:05:58.118 I/ailassemblyrn84( 7785): Compiler allocated 4206KB to compile void android.widget.TextView.<init>(android.content.Context, android.util.AttributeSet, int, int)
04-19 22:05:58.153 I/ailassemblyrn84( 7785): Compiler allocated 5250KB to compile void android.view.ViewRootImpl.performTraversals()
04-19 22:05:58.381 W/InteractionJankMonitor( 7785): Initializing without READ_DEVICE_CONFIG permission. enabled=true, interval=1, missedFrameThreshold=3, frameTimeThreshold=64, package=com.impos2.mixcretailassemblyrn84
04-19 22:05:58.383 W/WindowOnBackDispatcher(  836): sendCancelIfRunning: isInProgress=false callback=android.view.ViewRootImpl$$ExternalSyntheticLambda11@97a449b
04-19 22:05:58.383 D/CoreBackPreview(  590): Window{e9db825 u0 Splash Screen com.impos2.mixcretailassemblyrn84 EXITING}: Setting back callback null
04-19 22:05:58.383 W/InputManager-JNI(  590): Input channel object 'e9db825 Splash Screen com.impos2.mixcretailassemblyrn84 (client)' was disposed without first being removed with the input manager!
04-19 22:05:58.412 I/netd    (  388): tetherGetStats() -> {[]} <0.40ms>
04-19 22:05:58.428 I/FontLog (  937): Received query Noto Color Emoji Compat, URI content://com.google.android.gms.fonts [CONTEXT service_id=132 ]
04-19 22:05:58.429 I/FontLog (  937): Query [emojicompat-emoji-font] resolved to {Noto Color Emoji Compat, wdth 100.0, wght 400, ital 0.0, bestEffort false} [CONTEXT service_id=132 ]
04-19 22:05:58.430 I/FontLog (  937): Fetch {Noto Color Emoji Compat, wdth 100.0, wght 400, ital 0.0, bestEffort false} end status Status{statusCode=SUCCESS, resolution=null} [CONTEXT service_id=132 ]
04-19 22:05:58.433 I/FontLog (  937): Pulling font file for id = 10, cache size = 4 [CONTEXT service_id=132 ]
04-19 22:05:58.433 W/FrameTracker(  836): Missed SF frame:PREDICTION_ERROR, 158475640, 7156680, CUJ=J<SPLASHSCREEN_EXIT_ANIM>
04-19 22:05:58.433 W/FrameTracker(  836): Missed SF frame:PREDICTION_ERROR, 158475821, 2890809, CUJ=J<SPLASHSCREEN_EXIT_ANIM>
04-19 22:05:58.434 W/FrameTracker(  836): Missing HWUI jank callback for vsyncId: 158475865, CUJ=J<SPLASHSCREEN_EXIT_ANIM>
04-19 22:05:58.434 W/FrameTracker(  836): Missed SF frame:PREDICTION_ERROR, 158475909, 5122895, CUJ=J<SPLASHSCREEN_EXIT_ANIM>
04-19 22:05:58.434 W/FrameTracker(  836): Missed SF frame:PREDICTION_ERROR, 158475953, 4403063, CUJ=J<SPLASHSCREEN_EXIT_ANIM>
04-19 22:05:58.434 W/FrameTracker(  836): Missed SF frame:PREDICTION_ERROR, 158475997, 5828897, CUJ=J<SPLASHSCREEN_EXIT_ANIM>
04-19 22:05:58.434 W/FrameTracker(  836): Missing HWUI jank callback for vsyncId: 158476122, CUJ=J<SPLASHSCREEN_EXIT_ANIM>
04-19 22:05:58.434 V/PerfettoTrigger(  836): Triggering /system/bin/trigger_perfetto com.android.telemetry.interaction-jank-monitor-39
04-19 22:05:58.437 I/FontLog (  937): Pulling font file for id = 10, cache size = 4 [CONTEXT service_id=132 ]
04-19 22:05:58.705 D/EGL_emulation(  836): app_time_stats: avg=53.29ms min=5.92ms max=722.70ms count=18
04-19 22:05:58.836 D/EGL_emulation( 1099): app_time_stats: avg=799.49ms min=32.11ms max=1566.88ms count=2
04-19 22:05:59.257 W/ActivityTaskManager(  590): callingPackage for (uid=2000, pid=7833) has no WPC
04-19 22:05:59.257 W/OptProp (  590): Cannot read opt property android.window.PROPERTY_COMPAT_ALLOW_USER_ASPECT_RATIO_OVERRIDE
04-19 22:05:59.257 W/OptProp (  590): Cannot read opt property android.window.PROPERTY_COMPAT_ALLOW_USER_ASPECT_RATIO_FULLSCREEN_OVERRIDE
04-19 22:05:59.257 W/OptProp (  590): Cannot read opt property android.window.PROPERTY_COMPAT_ALLOW_ORIENTATION_OVERRIDE
04-19 22:05:59.258 V/GrammaticalInflectionUtils(  590): AttributionSource: AttributionSource { uid = 10212, packageName = null, attributionTag = null, token = android.os.Binder@bdb3573, deviceId = 0, next = null } does not have READ_SYSTEM_GRAMMATICAL_GENDER permission.
04-19 22:05:59.258 W/OptProp (  590): Cannot read opt property android.window.PROPERTY_COMPAT_ALLOW_RESIZEABLE_ACTIVITY_OVERRIDES
04-19 22:05:59.258 W/OptProp (  590): Cannot read opt property android.window.PROPERTY_COMPAT_ALLOW_MIN_ASPECT_RATIO_OVERRIDE
04-19 22:05:59.259 D/KeyguardService(  836): setOccluded(false)
04-19 22:05:59.259 D/KeyguardViewMediator(  836): setOccluded(false)
04-19 22:05:59.259 I/ActivityTaskManager(  590): START u0 {flg=0x10000000 cmp=com.impos2.mixcretailassemblyrn84/.MainActivity} with LAUNCH_SINGLE_TASK from uid 2000 (BAL_ALLOW_PERMISSION) result code=3
04-19 22:05:59.259 D/KeyguardViewMediator(  836): handleSetOccluded(false)
04-19 22:05:59.259 D/WindowManagerShell(  836): onActivityRestartAttempt: ComponentInfo{com.impos2.mixcretailassemblyrn84/com.impos2.mixcretailassemblyrn84.MainActivity}
04-19 22:05:59.259 D/KeyguardViewMediator(  836): KeyguardViewMediator queue processing message: SET_OCCLUDED
04-19 22:05:59.260 W/unknown:BridgelessReact( 7785): ReactHost{0}.onHostPause(activity)
04-19 22:05:59.262 W/unknown:BridgelessReact( 7785): ReactHost{0}.raiseSoftException(onNewIntent(intent = "Intent { flg=0x10000000 cmp=com.impos2.mixcretailassemblyrn84/.MainActivity }")): Tried to access onNewIntent while context is not ready
04-19 22:05:59.262 E/unknown:ReactHost( 7785): Unhandled SoftException
04-19 22:05:59.262 E/unknown:ReactHost( 7785): com.facebook.react.bridge.ReactNoCrashSoftException: raiseSoftException(onNewIntent(intent = "Intent { flg=0x10000000 cmp=com.impos2.mixcretailassemblyrn84/.MainActivity }")): Tried to access onNewIntent while context is not ready
04-19 22:05:59.262 E/unknown:ReactHost( 7785): 	at com.facebook.react.runtime.ReactHostImpl.raiseSoftException(ReactHostImpl.kt:865)
04-19 22:05:59.262 E/unknown:ReactHost( 7785): 	at com.facebook.react.runtime.ReactHostImpl.raiseSoftException$default(ReactHostImpl.kt:856)
04-19 22:05:59.262 E/unknown:ReactHost( 7785): 	at com.facebook.react.runtime.ReactHostImpl.onNewIntent(ReactHostImpl.kt:656)
04-19 22:05:59.262 E/unknown:ReactHost( 7785): 	at com.facebook.react.ReactDelegate.onNewIntent(ReactDelegate.kt:193)
04-19 22:05:59.262 E/unknown:ReactHost( 7785): 	at com.facebook.react.ReactActivityDelegate.onNewIntent(ReactActivityDelegate.java:233)
04-19 22:05:59.262 E/unknown:ReactHost( 7785): 	at com.facebook.react.ReactActivity.onNewIntent(ReactActivity.java:134)
04-19 22:05:59.262 E/unknown:ReactHost( 7785): 	at android.app.Activity.onNewIntent(Activity.java:2418)
04-19 22:05:59.262 E/unknown:ReactHost( 7785): 	at android.app.Activity.performNewIntent(Activity.java:9029)
04-19 22:05:59.262 E/unknown:ReactHost( 7785): 	at android.app.Instrumentation.callActivityOnNewIntent(Instrumentation.java:1646)
04-19 22:05:59.262 E/unknown:ReactHost( 7785): 	at android.app.Instrumentation.internalCallActivityOnNewIntent(Instrumentation.java:1667)
04-19 22:05:59.262 E/unknown:ReactHost( 7785): 	at android.app.Instrumentation.callActivityOnNewIntent(Instrumentation.java:1655)
04-19 22:05:59.262 E/unknown:ReactHost( 7785): 	at android.app.ActivityThread.deliverNewIntents(ActivityThread.java:4280)
04-19 22:05:59.262 E/unknown:ReactHost( 7785): 	at android.app.ActivityThread.handleNewIntent(ActivityThread.java:4290)
04-19 22:05:59.262 E/unknown:ReactHost( 7785): 	at android.app.servertransaction.NewIntentItem.execute(NewIntentItem.java:58)
04-19 22:05:59.262 E/unknown:ReactHost( 7785): 	at android.app.servertransaction.ActivityTransactionItem.execute(ActivityTransactionItem.java:60)
04-19 22:05:59.262 E/unknown:ReactHost( 7785): 	at android.app.servertransaction.TransactionExecutor.executeNonLifecycleItem(TransactionExecutor.java:174)
04-19 22:05:59.262 E/unknown:ReactHost( 7785): 	at android.app.servertransaction.TransactionExecutor.executeTransactionItems(TransactionExecutor.java:109)
04-19 22:05:59.262 E/unknown:ReactHost( 7785): 	at android.app.servertransaction.TransactionExecutor.execute(TransactionExecutor.java:81)
04-19 22:05:59.262 E/unknown:ReactHost( 7785): 	at android.app.ActivityThread$H.handleMessage(ActivityThread.java:2636)
04-19 22:05:59.262 E/unknown:ReactHost( 7785): 	at android.os.Handler.dispatchMessage(Handler.java:107)
04-19 22:05:59.262 E/unknown:ReactHost( 7785): 	at android.os.Looper.loopOnce(Looper.java:232)
04-19 22:05:59.262 E/unknown:ReactHost( 7785): 	at android.os.Looper.loop(Looper.java:317)
04-19 22:05:59.262 E/unknown:ReactHost( 7785): 	at android.app.ActivityThread.main(ActivityThread.java:8705)
04-19 22:05:59.262 E/unknown:ReactHost( 7785): 	at java.lang.reflect.Method.invoke(Native Method)
04-19 22:05:59.262 E/unknown:ReactHost( 7785): 	at com.android.internal.os.RuntimeInit$MethodAndArgsCaller.run(RuntimeInit.java:580)
04-19 22:05:59.262 E/unknown:ReactHost( 7785): 	at com.android.internal.os.ZygoteInit.main(ZygoteInit.java:886)
04-19 22:05:59.265 W/unknown:BridgelessReact( 7785): ReactHost{0}.onHostResume(activity)
04-19 22:05:59.270 D/TrafficStats( 7785): tagSocket(101) with statsTag=0xffffffff, statsUid=-1
04-19 22:05:59.299 D/CoreBackPreview(  590): Window{bf6bed u0 PopupWindow:beb9f11}: Setting back callback OnBackInvokedCallbackInfo{mCallback=android.window.IOnBackInvokedCallback$Stub$Proxy@f45ecb3, mPriority=0, mIsAnimationCallback=false}
04-19 22:05:59.748 W/healthd (  397): battery l=47 v=5000 t=25.0 h=2 st=4 c=900000 fc=3000000 cc=10 chg=a
04-19 22:06:00.008 I/AiAiEcho( 1389): Predicting[0]:  [CONTEXT sampling_count=5 ]
04-19 22:06:00.009 I/AiAiEcho( 1389): EchoTargets: 
04-19 22:06:00.009 I/AiAiEcho( 1389): Filtered by AiAi flag check: 
04-19 22:06:00.009 I/AiAiEcho( 1389): [CONTEXT ratelimit_period="10 SECONDS" ]
04-19 22:06:00.009 I/AiAiEcho( 1389): Ranked targets strategy: SORT, count: 0, ranking metadata:  [CONTEXT ratelimit_period="10 SECONDS" ]
04-19 22:06:00.010 I/AiAiEcho( 1389): #remoteViewsTwiddler: feature disabled.
04-19 22:06:00.010 I/AiAiEcho( 1389): Predicting[0]:  [CONTEXT sampling_count=5 ]
04-19 22:06:00.010 I/AiAiEcho( 1389): EchoTargets: 
04-19 22:06:00.010 I/AiAiEcho( 1389): Filtered by AiAi flag check: 
04-19 22:06:00.010 I/AiAiEcho( 1389): [CONTEXT ratelimit_period="10 SECONDS" ]
04-19 22:06:00.010 I/AiAiEcho( 1389): Ranked targets strategy: SORT, count: 0, ranking metadata:  [CONTEXT ratelimit_period="10 SECONDS" ]
04-19 22:06:00.011 I/AiAiEcho( 1389): #remoteViewsTwiddler: feature disabled.
04-19 22:06:00.011 I/AiAiEcho( 1389): #postPredictionTargets: Sending updates to UISurface lockscreen with targets# 0 (types=[])
04-19 22:06:00.011 I/AiAiEcho( 1389): #postPredictionTargets: Sending updates to UISurface home with targets# 0 (types=[])
04-19 22:06:00.014 W/PageIndicator(  836): Total number of pages invalid: 0. Assuming 1 page.
04-19 22:06:00.015 D/SsBaseTemplateCard( 1099): No text view can be set up
04-19 22:06:00.015 D/SsBaseTemplateCard( 1099): Passed-in item info is null
04-19 22:06:00.015 D/SsBaseTemplateCard( 1099): Passed-in item info is null
04-19 22:06:00.015 D/SsBaseTemplateCard( 1099): Passed-in item info is null
04-19 22:06:00.015 I/SsBaseTemplateCard( 1099): Secondary card pane is null
04-19 22:06:00.017 D/EGL_emulation(  836): app_time_stats: avg=649.32ms min=12.30ms max=1286.34ms count=2
04-19 22:06:00.444 D/EGL_emulation( 7785): app_time_stats: avg=30.06ms min=5.65ms max=245.68ms count=37
04-19 22:06:01.461 D/EGL_emulation( 7785): app_time_stats: avg=28.04ms min=7.43ms max=323.21ms count=36
04-19 22:06:01.777 E/TaskPersister(  590): File error accessing recents directory (directory doesn't exist?).
04-19 22:06:02.098 W/unknown:BridgelessReact( 7785): ReactHost{0}.loadJSBundleFromMetro(): Creating BundleLoader
04-19 22:06:02.098 W/WindowOnBackDispatcher( 7785): sendCancelIfRunning: isInProgress=false callback=android.view.ViewRootImpl$$ExternalSyntheticLambda11@e3d4602
04-19 22:06:02.099 D/CoreBackPreview(  590): Window{bf6bed u0 PopupWindow:beb9f11}: Setting back callback null
04-19 22:06:02.100 W/unknown:BridgelessReact( 7785): ReactHost{0}.getOrCreateReactInstanceTask(): Creating BridgelessReactContext
04-19 22:06:02.101 W/InputManager-JNI(  590): Input channel object 'bf6bed PopupWindow:beb9f11 (client)' was disposed without first being removed with the input manager!
04-19 22:06:02.102 W/unknown:BridgelessReact( 7785): ReactHost{0}.getOrCreateReactInstanceTask(): Creating ReactInstance
04-19 22:06:02.116 I/resolv  (  388): GetAddrInfoHandler::run: {0 0 0 983040 10212 0}
04-19 22:06:02.119 D/TrafficStats( 7785): tagSocket(136) with statsTag=0xffffffff, statsUid=-1
04-19 22:06:02.139 W/unknown:BridgelessReact( 7785): ReactHost{0}.getOrCreateReactInstanceTask(): Loading JS Bundle
04-19 22:06:02.139 W/unknown:BridgelessReact( 7785): ReactHost{0}.getOrCreateReactInstanceTask(): DevSupportManager.onNewReactContextCreated()
04-19 22:06:02.141 W/unknown:ReactNative( 7785): Packager connection already open, nooping.
04-19 22:06:02.141 W/unknown:BridgelessReact( 7785): ReactHost{0}.ReactContext.onHostResume()
04-19 22:06:02.141 W/unknown:BridgelessReact( 7785): ReactHost{0}.startSurface(surfaceId = 0): Execute
04-19 22:06:02.142 W/unknown:BridgelessReact( 7785): ReactHost{0}.getOrCreateReactInstanceTask(): Executing ReactInstanceEventListeners
04-19 22:06:02.278 I/WebViewFactory( 7785): Loading com.google.android.webview version 124.0.6367.219 (code 636771932)
04-19 22:06:02.282 V/ResourcesManager( 7785): The following library key has been added: ResourcesKey{ mHash=c8c12262 mResDir=null mSplitDirs=[] mOverlayDirs=[/product/overlay/NavigationBarModeGestural/NavigationBarModeGesturalOverlay.apk,/data/resource-cache/com.android.systemui-neutral-vw0M.frro,/data/resource-cache/com.android.systemui-accent-rQ5e.frro,/data/resource-cache/com.android.systemui-dynamic-RCbR.frro] mLibDirs=[/data/app/~~j4BrjP0JsvTGmjdLkkfrgg==/com.google.android.webview-lp5hhYzxsBeFuV03zuxwaw==/WebViewGoogle.apk,/data/app/~~JXob4Tig8lkoK6grnIoRDQ==/com.google.android.trichromelibrary_636771932-v7-OhOMBuMGJ9HOdFxznSA==/TrichromeLibrary.apk,/system_ext/framework/androidx.window.extensions.jar] mDisplayId=0 mOverrideConfig=v35 mCompatInfo={320dpi always-compat} mLoaders=[]}
04-19 22:06:02.283 W/ziparchive( 7785): Unable to open '/data/app/~~JXob4Tig8lkoK6grnIoRDQ==/com.google.android.trichromelibrary_636771932-v7-OhOMBuMGJ9HOdFxznSA==/TrichromeLibrary.dm': No such file or directory
04-19 22:06:02.283 W/ziparchive( 7785): Unable to open '/data/app/~~JXob4Tig8lkoK6grnIoRDQ==/com.google.android.trichromelibrary_636771932-v7-OhOMBuMGJ9HOdFxznSA==/TrichromeLibrary.dm': No such file or directory
04-19 22:06:02.284 W/ailassemblyrn84( 7785): Entry not found
04-19 22:06:02.286 D/nativeloader( 7785): Configuring clns-8 for other apk /data/app/~~JXob4Tig8lkoK6grnIoRDQ==/com.google.android.trichromelibrary_636771932-v7-OhOMBuMGJ9HOdFxznSA==/TrichromeLibrary.apk. target_sdk_version=34, uses_libraries=ALL, library_path=/data/app/~~j4BrjP0JsvTGmjdLkkfrgg==/com.google.android.webview-lp5hhYzxsBeFuV03zuxwaw==/lib/arm64:/data/app/~~j4BrjP0JsvTGmjdLkkfrgg==/com.google.android.webview-lp5hhYzxsBeFuV03zuxwaw==/WebViewGoogle.apk!/lib/arm64-v8a:/data/app/~~JXob4Tig8lkoK6grnIoRDQ==/com.google.android.trichromelibrary_636771932-v7-OhOMBuMGJ9HOdFxznSA==/TrichromeLibrary.apk!/lib/arm64-v8a, permitted_path=/data:/mnt/expand
04-19 22:06:02.286 D/ApplicationLoaders( 7785): Returning zygote-cached class loader: /system_ext/framework/androidx.window.extensions.jar
04-19 22:06:02.288 D/nativeloader( 7785): Configuring clns-9 for other apk /data/app/~~j4BrjP0JsvTGmjdLkkfrgg==/com.google.android.webview-lp5hhYzxsBeFuV03zuxwaw==/WebViewGoogle.apk. target_sdk_version=34, uses_libraries=, library_path=/data/app/~~j4BrjP0JsvTGmjdLkkfrgg==/com.google.android.webview-lp5hhYzxsBeFuV03zuxwaw==/lib/arm64:/data/app/~~j4BrjP0JsvTGmjdLkkfrgg==/com.google.android.webview-lp5hhYzxsBeFuV03zuxwaw==/WebViewGoogle.apk!/lib/arm64-v8a:/data/app/~~JXob4Tig8lkoK6grnIoRDQ==/com.google.android.trichromelibrary_636771932-v7-OhOMBuMGJ9HOdFxznSA==/TrichromeLibrary.apk!/lib/arm64-v8a, permitted_path=/data:/mnt/expand
04-19 22:06:02.288 I/AppsFilter(  590): interaction: PackageSetting{5cbc6dd com.impos2.mixcretailassemblyrn84/10212} -> PackageSetting{2c3e051 com.android.cts.priv.ctsshim/10197} BLOCKED
04-19 22:06:02.288 I/AppsFilter(  590): interaction: PackageSetting{5cbc6dd com.impos2.mixcretailassemblyrn84/10212} -> PackageSetting{b6560b6 com.google.android.youtube/10169} BLOCKED
04-19 22:06:02.288 I/AppsFilter(  590): interaction: PackageSetting{5cbc6dd com.impos2.mixcretailassemblyrn84/10212} -> PackageSetting{65d1b7 com.android.internal.display.cutout.emulation.corner/10003} BLOCKED
04-19 22:06:02.288 I/AppsFilter(  590): interaction: PackageSetting{5cbc6dd com.impos2.mixcretailassemblyrn84/10212} -> PackageSetting{bca3d24 com.google.android.apps.mediashell/10124} BLOCKED
04-19 22:06:02.288 I/AppsFilter(  590): interaction: PackageSetting{5cbc6dd com.impos2.mixcretailassemblyrn84/10212} -> PackageSetting{c8aede0 com.impos2.posadapter/10229} BLOCKED
04-19 22:06:02.288 I/AppsFilter(  590): interaction: PackageSetting{5cbc6dd com.impos2.mixcretailassemblyrn84/10212} -> PackageSetting{195308d com.android.internal.display.cutout.emulation.double/10004} BLOCKED
04-19 22:06:02.288 I/AppsFilter(  590): interaction: PackageSetting{5cbc6dd com.impos2.mixcretailassemblyrn84/10212} -> PackageSetting{b5ed242 com.google.android.carrierlocation/10119} BLOCKED
04-19 22:06:02.288 I/AppsFilter(  590): interaction: PackageSetting{5cbc6dd com.impos2.mixcretailassemblyrn84/10212} -> PackageSetting{c7bd253 com.google.android.googlequicksearchbox/10144} BLOCKED
04-19 22:06:02.288 I/AppsFilter(  590): interaction: PackageSetting{5cbc6dd com.impos2.mixcretailassemblyrn84/10212} -> PackageSetting{a000790 com.android.settings.overlay.tangorpro/10044} BLOCKED
04-19 22:06:02.288 I/AppsFilter(  590): interaction: PackageSetting{5cbc6dd com.impos2.mixcretailassemblyrn84/10212} -> PackageSetting{db14889 com.google.android.onetimeinitializer/10126} BLOCKED
04-19 22:06:02.288 I/AppsFilter(  590): interaction: PackageSetting{5cbc6dd com.impos2.mixcretailassemblyrn84/10212} -> PackageSetting{b8bd08e com.google.android.ext.shared/10109} BLOCKED
04-19 22:06:02.288 I/AppsFilter(  590): interaction: PackageSetting{5cbc6dd com.impos2.mixcretailassemblyrn84/10212} -> PackageSetting{fe740af com.android.virtualmachine.res/10195} BLOCKED
04-19 22:06:02.288 I/AppsFilter(  590): interaction: PackageSetting{5cbc6dd com.impos2.mixcretailassemblyrn84/10212} -> PackageSetting{1860cbc com.android.managedprovisioning.auto_generated_rro_product__/10034} BLOCKED
04-19 22:06:02.288 I/AppsFilter(  590): interaction: PackageSetting{5cbc6dd com.impos2.mixcretailassemblyrn84/10212} -> PackageSetting{35ce445 com.google.android.apps.nest.castauth/10121} BLOCKED
04-19 22:06:02.288 I/AppsFilter(  590): interaction: PackageSetting{5cbc6dd com.impos2.mixcretailassemblyrn84/10212} -> PackageSetting{e78679a com.google.android.server.deviceconfig.resources/10191} BLOCKED
04-19 22:06:02.288 I/AppsFilter(  590): interaction: PackageSetting{5cbc6dd com.impos2.mixcretailassemblyrn84/10212} -> PackageSetting{3f138cb com.android.systemui.emulation.pixel_3_xl/10048} BLOCKED
04-19 22:06:02.288 I/AppsFilter(  590): interaction: PackageSetting{5cbc6dd com.impos2.mixcretailassemblyrn84/10212} -> PackageSetting{50538a8 com.android.systemui.emulation.pixel_4_xl/10051} BLOCKED
04-19 22:06:02.288 I/AppsFilter(  590): interaction: PackageSetting{5cbc6dd com.impos2.mixcretailassemblyrn84/10212} -> PackageSetting{46c7fc1 com.android.systemui.emulation.pixel_fold/10064} BLOCKED
04-19 22:06:02.288 I/AppsFilter(  590): interaction: PackageSetting{5cbc6dd com.impos2.mixcretailassemblyrn84/10212} -> PackageSetting{1656366 com.android.providers.telephony.auto_generated_characteristics_rro/10067} BLOCKED
04-19 22:06:02.288 I/AppsFilter(  590): interaction: PackageSetting{5cbc6dd com.impos2.mixcretailassemblyrn84/10212} -> PackageSetting{35896a7 com.android.htmlviewer/10114} BLOCKED
04-19 22:06:02.288 I/AppsFilter(  590): interaction: PackageSetting{5cbc6dd com.impos2.mixcretailassemblyrn84/10212} -> PackageSetting{6c93754 com.google.android.health.connect.backuprestore/10211} BLOCKED
04-19 22:06:02.288 I/AppsFilter(  590): interaction: PackageSetting{5cbc6dd com.impos2.mixcretailassemblyrn84/10212} -> PackageSetting{18056fd com.android.systemui.auto_generated_rro_product__/10065} BLOCKED
04-19 22:06:02.288 I/AppsFilter(  590): interaction: PackageSetting{5cbc6dd com.impos2.mixcretailassemblyrn84/10212} -> PackageSetting{2d44ff2 com.google.android.soundpicker/10166} BLOCKED
04-19 22:06:02.288 I/AppsFilter(  590): interaction: PackageSetting{5cbc6dd com.impos2.mixcretailassemblyrn84/10212} -> PackageSetting{bedf643 com.google.android.marvin.talkbackoverlay/10079} BLOCKED
04-19 22:06:02.288 I/AppsFilter(  590): interaction: PackageSetting{5cbc6dd com.impos2.mixcretailassemblyrn84/10212} -> PackageSetting{2c74c0 com.google.android.configupdater/10122} BLOCKED
04-19 22:06:02.288 I/AppsFilter(  590): interaction: PackageSetting{5cbc6dd com.impos2.mixcretailassemblyrn84/10212} -> PackageSetting{b0065f9 com.android.internal.emulation.pixel_3a_xl/10036} BLOCKED
04-19 22:06:02.288 I/AppsFilter(  590): interaction: PackageSetting{5cbc6dd com.impos2.mixcretailassemblyrn84/10212} -> PackageSetting{5d3793e com.android.internal.emulation.pixel_6_pro/10018} BLOCKED
04-19 22:06:02.288 I/AppsFilter(  590): interaction: PackageSetting{5cbc6dd com.impos2.mixcretailassemblyrn84/10212} -> PackageSetting{defb39f com.android.internal.emulation.pixel_7_pro/10021} BLOCKED
04-19 22:06:02.288 I/AppsFilter(  590): interaction: PackageSetting{5cbc6dd com.impos2.mixcretailassemblyrn84/10212} -> PackageSetting{3c41cec com.android.internal.emulation.pixel_8_pro/10024} BLOCKED
04-19 22:06:02.288 I/AppsFilter(  590): interaction: PackageSetting{5cbc6dd com.impos2.mixcretailassemblyrn84/10212} -> PackageSetting{5d868b5 com.android.internal.emulation.pixel_3a/10013} BLOCKED
04-19 22:06:02.288 I/AppsFilter(  590): interaction: PackageSetting{5cbc6dd com.impos2.mixcretailassemblyrn84/10212} -> PackageSetting{e09eb4a com.android.internal.emulation.pixel_4a/10017} BLOCKED
04-19 22:06:02.288 I/AppsFilter(  590): interaction: PackageSetting{5cbc6dd com.impos2.mixcretailassemblyrn84/10212} -> PackageSetting{525eabb com.android.internal.emulation.pixel_6a/10019} BLOCKED
04-19 22:06:02.288 I/AppsFilter(  590): interaction: PackageSetting{5cbc6dd com.impos2.mixcretailassemblyrn84/10212} -> PackageSetting{64c1bd8 com.android.internal.emulation.pixel_7a/10022} BLOCKED
04-19 22:06:02.288 I/AppsFilter(  590): interaction: PackageSetting{5cbc6dd com.impos2.mixcretailassemblyrn84/10212} -> PackageSetting{ff3db31 com.android.internal.emulation.pixel_8a/10025} BLOCKED
04-19 22:06:02.288 I/AppsFilter(  590): interaction: PackageSetting{5cbc6dd com.impos2.mixcretailassemblyrn84/10212} -> PackageSetting{837216 com.google.android.overlay.googlewebview/10032} BLOCKED
04-19 22:06:02.288 I/AppsFilter(  590): interaction: PackageSetting{5cbc6dd com.impos2.mixcretailassemblyrn84/10212} -> PackageSetting{7be7797 com.google.android.hotspot2.osulogin/10202} BLOCKED
04-19 22:06:02.288 I/AppsFilter(  590): interaction: PackageSetting{5cbc6dd com.impos2.mixcretailassemblyrn84/10212} -> PackageSetting{a531d84 com.android.simappdialog/10115} BLOCKED
04-19 22:06:02.288 I/AppsFilter(  590): interaction: PackageSetting{5cbc6dd com.impos2.mixcretailassemblyrn84/10212} -> PackageSetting{79f96d com.android.internal.display.cutout.emulation.hole/10006} BLOCKED
04-19 22:06:02.288 I/AppsFilter(  590): interaction: PackageSetting{5cbc6dd com.impos2.mixcretailassemblyrn84/10212} -> PackageSetting{53c99a2 com.android.internal.display.cutout.emulation.tall/10007} BLOCKED
04-19 22:06:02.288 I/AppsFilter(  590): interaction: PackageSetting{5cbc6dd com.impos2.mixcretailassemblyrn84/10212} -> PackageSetting{6e8f633 com.android.internal.systemui.navbar.threebutton/10037} BLOCKED
04-19 22:06:02.288 I/AppsFilter(  590): interaction: PackageSetting{5cbc6dd com.impos2.mixcretailassemblyrn84/10212} -> PackageSetting{aa68df0 com.android.hotwordenrollment.xgoogle/10131} BLOCKED
04-19 22:06:02.288 I/AppsFilter(  590): interaction: PackageSetting{5cbc6dd com.impos2.mixcretailassemblyrn84/10212} -> PackageSetting{fc9bf69 com.android.camera2/10146} BLOCKED
04-19 22:06:02.288 I/AppsFilter(  590): interaction: PackageSetting{5cbc6dd com.impos2.mixcretailassemblyrn84/10212} -> PackageSetting{56eadee com.android.internal.ranchu.commonoverlay/10042} BLOCKED
04-19 22:06:02.288 I/AppsFilter(  590): interaction: PackageSetting{5cbc6dd com.impos2.mixcretailassemblyrn84/10212} -> PackageSetting{d32c28f com.google.android.docksetup.auto_generated_rro_product__/10009} BLOCKED
04-19 22:06:02.288 I/AppsFilter(  590): interaction: PackageSetting{5cbc6dd com.impos2.mixcretailassemblyrn84/10212} -> PackageSetting{f7e991c com.google.android.deskclock/10163} BLOCKED
04-19 22:06:02.288 I/AppsFilter(  590): interaction: PackageSetting{5cbc6dd com.impos2.mixcretailassemblyrn84/10212} -> PackageSetting{335e925 com.android.internal.systemui.navbar.twobutton/10035} BLOCKED
04-19 22:06:02.288 I/AppsFilter(  590): interaction: PackageSetting{5cbc6dd com.impos2.mixcretailassemblyrn84/10212} -> PackageSetting{29bbafa com.google.android.as/10130} BLOCKED
04-19 22:06:02.288 I/AppsFilter(  590): interaction: PackageSetting{5cbc6dd com.impos2.mixcretailassemblyrn84/10212} -> PackageSetting{6a2f8ab com.google.android.gm/10172} BLOCKED
04-19 22:06:02.288 I/AppsFilter(  590): interaction: PackageSetting{5cbc6dd com.impos2.mixcretailassemblyrn84/10212} -> PackageSetting{e841fe3 com.impos2.mixcretailrn84/10234} BLOCKED
04-19 22:06:02.288 I/AppsFilter(  590): interaction: PackageSetting{5cbc6dd com.impos2.mixcretailassemblyrn84/10212} -> PackageSetting{a6a2b08 com.android.systemui.emulation.pixel_3/10047} BLOCKED
04-19 22:06:02.288 I/AppsFilter(  590): interaction: PackageSetting{5cbc6dd com.impos2.mixcretailassemblyrn84/10212} -> PackageSetting{880f2a1 com.android.systemui.emulation.pixel_4/10052} BLOCKED
04-19 22:06:02.288 I/AppsFilter(  590): interaction: PackageSetting{5cbc6dd com.impos2.mixcretailassemblyrn84/10212} -> PackageSetting{25a8cc6 com.android.systemui.emulation.pixel_5/10054} BLOCKED
04-19 22:06:02.288 I/AppsFilter(  590): interaction: PackageSetting{5cbc6dd com.impos2.mixcretailassemblyrn84/10212} -> PackageSetting{e967487 com.android.systemui.emulation.pixel_6/10055} BLOCKED
04-19 22:06:02.288 I/AppsFilter(  590): interaction: PackageSetting{5cbc6dd com.impos2.mixcretailassemblyrn84/10212} -> PackageSetting{4faefb4 com.android.systemui.emulation.pixel_7/10062} BLOCKED
04-19 22:06:02.288 I/AppsFilter(  590): interaction: PackageSetting{5cbc6dd com.impos2.mixcretailassemblyrn84/10212} -> PackageSetting{d1917dd com.android.systemui.emulation.pixel_8/10061} BLOCKED
04-19 22:06:02.288 I/AppsFilter(  590): interaction: PackageSetting{5cbc6dd com.impos2.mixcretailassemblyrn84/10212} -> PackageSetting{ae2af52 com.android.printspooler/10116} BLOCKED
04-19 22:06:02.288 I/AppsFilter(  590): interaction: PackageSetting{5cbc6dd com.impos2.mixcretailassemblyrn84/10212} -> PackageSetting{f5bd223 com.android.hotwordenrollment.okgoogle/10129} BLOCKED
04-19 22:06:02.288 I/AppsFilter(  590): interaction: PackageSetting{5cbc6dd com.impos2.mixcretailassemblyrn84/10212} -> PackageSetting{e315320 com.google.android.connectivity.resources.goldfish.overlay/10080} BLOCKED
04-19 22:06:02.288 I/AppsFilter(  590): interaction: PackageSetting{5cbc6dd com.impos2.mixcretailassemblyrn84/10212} -> PackageSetting{d1454d9 com.android.dreams.basic/10103} BLOCKED
04-19 22:06:02.288 I/AppsFilter(  590): interaction: PackageSetting{5cbc6dd com.impos2.mixcretailassemblyrn84/10212} -> PackageSetting{c586e9e com.google.android.networkstack.tethering.emulator/10029} BLOCKED
04-19 22:06:02.288 I/AppsFilter(  590): interaction: PackageSetting{5cbc6dd com.impos2.mixcretailassemblyrn84/10212} -> PackageSetting{f8f6d7f com.android.providers.settings.auto_generated_rro_product__/10045} BLOCKED
04-19 22:06:02.288 I/AppsFilter(  590): interaction: PackageSetting{5cbc6dd com.impos2.mixcretailassemblyrn84/10212} -> PackageSetting{2a8814c com.google.android.as.oss/10125} BLOCKED
04-19 22:06:02.288 I/AppsFilter(  590): interaction: PackageSetting{5cbc6dd com.impos2.mixcretailassemblyrn84/10212} -> PackageSetting{5ec6595 com.android.traceur.auto_generated_rro_product__/10073} BLOCKED
04-19 22:06:02.288 I/AppsFilter(  590): interaction: PackageSetting{5cbc6dd com.impos2.mixcretailassemblyrn84/10212} -> PackageSetting{2d8d6aa com.google.android.devicelockcontroller/10192} BLOCKED
04-19 22:06:02.288 I/AppsFilter(  590): interaction: PackageSetting{5cbc6dd com.impos2.mixcretailassemblyrn84/10212} -> PackageSetting{937629b com.android.internal.emulation.pixel_3/10011} BLOCKED
04-19 22:06:02.288 I/AppsFilter(  590): interaction: PackageSetting{5cbc6dd com.impos2.mixcretailassemblyrn84/10212} -> PackageSetting{b826638 com.android.internal.emulation.pixel_4/10014} BLOCKED
04-19 22:06:02.288 I/AppsFilter(  590): interaction: PackageSetting{5cbc6dd com.impos2.mixcretailassemblyrn84/10212} -> PackageSetting{8fac611 com.android.internal.emulation.pixel_5/10016} BLOCKED
04-19 22:06:02.288 I/AppsFilter(  590): interaction: PackageSetting{5cbc6dd com.impos2.mixcretailassemblyrn84/10212} -> PackageSetting{d45b376 com.android.internal.emulation.pixel_6/10027} BLOCKED
04-19 22:06:02.288 I/AppsFilter(  590): interaction: PackageSetting{5cbc6dd com.impos2.mixcretailassemblyrn84/10212} -> PackageSetting{69f8d77 com.android.internal.emulation.pixel_7/10020} BLOCKED
04-19 22:06:02.288 I/AppsFilter(  590): interaction: PackageSetting{5cbc6dd com.impos2.mixcretailassemblyrn84/10212} -> PackageSetting{13ade4 com.android.internal.emulation.pixel_8/10023} BLOCKED
04-19 22:06:02.288 I/AppsFilter(  590): interaction: PackageSetting{5cbc6dd com.impos2.mixcretailassemblyrn84/10212} -> PackageSetting{9b4b24d com.google.android.captiveportallogin/10107} BLOCKED
04-19 22:06:02.288 I/AppsFilter(  590): interaction: PackageSetting{5cbc6dd com.impos2.mixcretailassemblyrn84/10212} -> PackageSetting{4d19102 android.auto_generated_characteristics_rro/10077} BLOCKED
04-19 22:06:02.288 I/AppsFilter(  590): interaction: PackageSetting{5cbc6dd com.impos2.mixcretailassemblyrn84/10212} -> PackageSetting{f58a13 com.google.android.appsearch.apk/10190} BLOCKED
04-19 22:06:02.288 I/AppsFilter(  590): interaction: PackageSetting{5cbc6dd com.impos2.mixcretailassemblyrn84/10212} -> PackageSetting{64fc450 com.android.musicfx/10096} BLOCKED
04-19 22:06:02.288 I/AppsFilter(  590): interaction: PackageSetting{5cbc6dd com.impos2.mixcretailassemblyrn84/10212} -> PackageSetting{ddde19f com.google.android.apps.docs/10150} BLOCKED
04-19 22:06:02.288 I/AppsFilter(  590): interaction: PackageSetting{5cbc6dd com.impos2.mixcretailassemblyrn84/10212} -> PackageSetting{cbcb94e com.google.android.apps.maps/10157} BLOCKED
04-19 22:06:02.288 I/AppsFilter(  590): interaction: PackageSetting{5cbc6dd com.impos2.mixcretailassemblyrn84/10212} -> PackageSetting{14bbb4e com.google.android.apps.kids.home/10136} BLOCKED
04-19 22:06:02.288 I/AppsFilter(  590): interaction: PackageSetting{5cbc6dd com.impos2.mixcretailassemblyrn84/10212} -> PackageSetting{ca4b46f com.google.android.markup/10154} BLOCKED
04-19 22:06:02.288 I/AppsFilter(  590): interaction: PackageSetting{5cbc6dd com.impos2.mixcretailassemblyrn84/10212} -> PackageSetting{df4d57c com.android.providers.settings.auto_generated_rro_vendor__/10078} BLOCKED
