04-21 12:12:05.110 E/WifiStaIfaceAidlImpl(  888): getLinkLayerStats failed with service-specific exception: android.os.ServiceSpecificException: unknown error (code 9)
04-21 12:12:06.959 I/DispatchControl( 9420): 线程Id = 41，进程id = 9420，handleMessage  bean.name:app_state_info source:com.sunmi.dataService    type:1     description:APP 操作明细 task_count:2
04-21 12:12:06.963 I/TaskControl( 9420): TaskControl 采集:app_state_info     description:APP 操作明细
04-21 12:12:06.998 I/nmi.dataService( 9420): Explicit concurrent mark compact GC freed 1391(133KB) AllocSpace objects, 0(0B) LOS objects, 24% free, 2989KB/3985KB, paused 363us,5.450ms total 32.410ms
04-21 12:12:06.998 W/nmi.dataService( 9420): ApkAssets: Deleting an ApkAssets object '<empty> and /data/app/~~TtAnbsjwNLbzyCIaYmH89g==/com.impos2.mixcretailassemblyrn84-Ee4iVJNVH4McdKHKWJvjTA==/base.apk' with 1 weak references
04-21 12:12:08.122 E/WifiStaIfaceAidlImpl(  888): getLinkLayerStats failed with service-specific exception: android.os.ServiceSpecificException: unknown error (code 9)
04-21 12:12:11.135 E/WifiStaIfaceAidlImpl(  888): getLinkLayerStats failed with service-specific exception: android.os.ServiceSpecificException: unknown error (code 9)
04-21 12:12:14.147 E/WifiStaIfaceAidlImpl(  888): getLinkLayerStats failed with service-specific exception: android.os.ServiceSpecificException: unknown error (code 9)
04-21 12:12:16.964 I/ReactNativeJS(30017): '[assembly.android.mixc-retail-rn84.websocket] connect', { url: 'ws://127.0.0.1:8888/mockMasterServer/ws',
04-21 12:12:16.964 I/ReactNativeJS(30017):   protocol: 'ws',
04-21 12:12:16.964 I/ReactNativeJS(30017):   host: '127.0.0.1:8888',
04-21 12:12:16.964 I/ReactNativeJS(30017):   pathname: '/mockMasterServer/ws' }
04-21 12:12:16.964 I/assembly.assembly.android.mixc-retail-rn84.transport.ws.SocketRuntime(30017): [transport.ws] Socket connect started: assembly.android.mixc-retail-rn84.topology {"profileName":"assembly.android.mixc-retail-rn84.topology","serverName":"dual-topology-host-v3","addressName":"dynamic-topology-host"}
04-21 12:12:16.969 I/assembly.assembly.android.mixc-retail-rn84(30017): [assembly.topology] Native topology host already matches desired lifecycle state {"displayCount":2,"displayIndex":1,"deviceId":"2N4QS8GYRS","instanceMode":"SLAVE","enableSlave":false,"running":false,"reason":"not-master-or-single-primary-host"}
04-21 12:12:16.969 I/assembly.assembly.android.mixc-retail-rn84(30017): [assembly.topology] Native topology host already matches desired lifecycle state {"displayCount":2,"displayIndex":1,"deviceId":"2N4QS8GYRS","instanceMode":"SLAVE","enableSlave":false,"running":false,"reason":"not-master-or-single-primary-host"}
04-21 12:12:16.970 D/TrafficStats(30017): tagSocket(92) with statsTag=0xffffffff, statsUid=-1
04-21 12:12:16.972 D/TrafficStats(30188): tagSocket(104) with statsTag=0xffffffff, statsUid=-1
04-21 12:12:16.976 I/assembly.assembly.android.mixc-retail-rn84(30017): [assembly.topology] Native topology host already matches desired lifecycle state {"displayCount":2,"displayIndex":1,"deviceId":"2N4QS8GYRS","instanceMode":"SLAVE","enableSlave":false,"running":false,"reason":"not-master-or-single-primary-host"}
04-21 12:12:16.985 I/assembly.assembly.android.mixc-retail-rn84(30188): [assembly.topology] Native topology host already matches desired lifecycle state {"displayCount":2,"displayIndex":0,"deviceId":"2N4QS8GYRS","instanceMode":"MASTER","enableSlave":true,"running":false,"reason":"not-master-or-single-primary-host"}
04-21 12:12:16.986 I/assembly.assembly.android.mixc-retail-rn84(30188): [assembly.topology] Native topology host already matches desired lifecycle state {"displayCount":2,"displayIndex":0,"deviceId":"2N4QS8GYRS","instanceMode":"MASTER","enableSlave":true,"running":false,"reason":"not-master-or-single-primary-host"}
04-21 12:12:16.987 I/assembly.assembly.android.mixc-retail-rn84(30188): [assembly.topology] Native topology host already matches desired lifecycle state {"displayCount":2,"displayIndex":0,"deviceId":"2N4QS8GYRS","instanceMode":"MASTER","enableSlave":true,"running":false,"reason":"not-master-or-single-primary-host"}
04-21 12:12:16.988 I/assembly.assembly.android.mixc-retail-rn84(30017): [assembly.topology] Native topology host already matches desired lifecycle state {"displayCount":2,"displayIndex":1,"deviceId":"2N4QS8GYRS","instanceMode":"SLAVE","enableSlave":false,"running":false,"reason":"not-master-or-single-primary-host"}
04-21 12:12:16.988 I/assembly.assembly.android.mixc-retail-rn84(30017): [assembly.topology] Native topology host already matches desired lifecycle state {"displayCount":2,"displayIndex":1,"deviceId":"2N4QS8GYRS","instanceMode":"SLAVE","enableSlave":false,"running":false,"reason":"not-master-or-single-primary-host"}
04-21 12:12:16.989 I/assembly.assembly.android.mixc-retail-rn84(30017): [assembly.topology] Native topology host already matches desired lifecycle state {"displayCount":2,"displayIndex":1,"deviceId":"2N4QS8GYRS","instanceMode":"SLAVE","enableSlave":false,"running":false,"reason":"not-master-or-single-primary-host"}
04-21 12:12:16.990 I/ReactNativeJS(30188): '[runtime-state-sync-apply]', '{"direction":"slave-to-master","incomingSliceNames":["kernel.base.topology-runtime-v3.demo.slave","kernel.base.ui-runtime-v2.screen.branch","kernel.base.ui-runtime-v2.overlay.branch","kernel.base.ui-runtime-v2.ui-variable.branch"],"appliedSliceNames":["kernel.base.topology-runtime-v3.demo.slave","kernel.base.ui-runtime-v2.screen.branch","kernel.base.ui-runtime-v2.overlay.branch","kernel.base.ui-runtime-v2.ui-variable.branch"],"skippedSliceReasons":[]}'
04-21 12:12:16.992 I/ReactNativeJS(30017): '[runtime-state-sync-apply]', '{"direction":"master-to-slave","incomingSliceNames":["kernel.base.topology-runtime-v3.demo.master","kernel.base.tcp-control-runtime-v2.identity","kernel.base.tcp-control-runtime-v2.credential","kernel.base.tcp-control-runtime-v2.binding","kernel.base.tcp-control-runtime-v2.sandbox","kernel.base.tdp-sync-runtime-v2.hot-update","kernel.base.ui-runtime-v2.screen.main","kernel.base.ui-runtime-v2.overlay.main","kernel.base.ui-runtime-v2.ui-variable.main"],"appliedSliceNames":["kernel.base.topology-runtime-v3.demo.master","kernel.base.tcp-control-runtime-v2.identity","kernel.base.tcp-control-runtime-v2.credential","kernel.base.tcp-control-runtime-v2.binding","kernel.base.tcp-control-runtime-v2.sandbox","kernel.base.tdp-sync-runtime-v2.hot-update","kernel.base.ui-runtime-v2.screen.main","kernel.base.ui-runtime-v2.overlay.main","kernel.base.ui-runtime-v2.ui-variable.main"],"skippedSliceReasons":[]}'
04-21 12:12:16.996 I/assembly.assembly.android.mixc-retail-rn84(30188): [assembly.topology] Native topology host already matches desired lifecycle state {"displayCount":2,"displayIndex":0,"deviceId":"2N4QS8GYRS","instanceMode":"MASTER","enableSlave":true,"running":false,"reason":"not-master-or-single-primary-host"}
04-21 12:12:16.996 I/assembly.assembly.android.mixc-retail-rn84(30188): [assembly.topology] Native topology host already matches desired lifecycle state {"displayCount":2,"displayIndex":0,"deviceId":"2N4QS8GYRS","instanceMode":"MASTER","enableSlave":true,"running":false,"reason":"not-master-or-single-primary-host"}
04-21 12:12:16.999 I/assembly.assembly.android.mixc-retail-rn84(30017): [assembly.topology] Native topology host already matches desired lifecycle state {"displayCount":2,"displayIndex":1,"deviceId":"2N4QS8GYRS","instanceMode":"SLAVE","enableSlave":false,"running":false,"reason":"not-master-or-single-primary-host"}
04-21 12:12:17.000 I/assembly.assembly.android.mixc-retail-rn84(30017): [assembly.topology] Native topology host already matches desired lifecycle state {"displayCount":2,"displayIndex":1,"deviceId":"2N4QS8GYRS","instanceMode":"SLAVE","enableSlave":false,"running":false,"reason":"not-master-or-single-primary-host"}
04-21 12:12:17.004 D/TrafficStats(30017): tagSocket(5) with statsTag=0xffffffff, statsUid=-1
04-21 12:12:17.036 I/MMKV    (30188): <MMKV_IO.cpp:609::writeActualSize> [mixc-retail-assembly-rn84::state] increase sequence to 120, crc 3526585627, actualSize 23953
04-21 12:12:17.036 I/MMKV    (30188): <MMKV.cpp:1208::sync> MMKV::sync, SyncFlag = 1
04-21 12:12:17.048 I/MMKV    (30188): <MMKV_IO.cpp:609::writeActualSize> [mixc-retail-assembly-rn84::secure-state] increase sequence to 7, crc 3969695872, actualSize 259
04-21 12:12:17.048 I/MMKV    (30188): <MMKV.cpp:1208::sync> MMKV::sync, SyncFlag = 1
04-21 12:12:17.157 E/WifiStaIfaceAidlImpl(  888): getLinkLayerStats failed with service-specific exception: android.os.ServiceSpecificException: unknown error (code 9)
04-21 12:12:18.618 D/AlarmManager(  888): setImplLocked() callingPackage=sunmi.remotemanager
04-21 12:12:20.167 E/WifiStaIfaceAidlImpl(  888): getLinkLayerStats failed with service-specific exception: android.os.ServiceSpecificException: unknown error (code 9)
04-21 12:12:22.168 E/android.hardware.graphics.composer3-service.rockchip(  344): wait,line=113 wait callback timeout
04-21 12:12:23.179 E/WifiStaIfaceAidlImpl(  888): getLinkLayerStats failed with service-specific exception: android.os.ServiceSpecificException: unknown error (code 9)
04-21 12:12:25.234 I/ailassemblyrn84(30188): Background concurrent mark compact GC freed 171728(9691KB) AllocSpace objects, 47(972KB) LOS objects, 49% free, 4245KB/8490KB, paused 906us,4.407ms total 130.041ms
04-21 12:12:25.239 W/ailassemblyrn84(30188): ApkAssets: Deleting an ApkAssets object '<empty> and /product/app/webview/webview.apk' with 1 weak references
04-21 12:12:26.187 E/WifiStaIfaceAidlImpl(  888): getLinkLayerStats failed with service-specific exception: android.os.ServiceSpecificException: unknown error (code 9)
04-21 12:12:26.985 I/DispatchControl( 9420): 线程Id = 35，进程id = 9420，handleMessage  bean.name:app_state_info source:com.sunmi.dataService    type:2     description:APP 操作明细 task_count:2
04-21 12:12:26.989 I/StoreControl( 9420): StoreControl 存储:app_state_info source:com.sunmi.dataService     time:1776744683  elapsedRealtime:0
04-21 12:12:26.995 I/clh     ( 9420): insertOriginData name:app_state_info   isOk:true
04-21 12:12:26.998 I/clh     ( 9420): name:com.sunmi.dataService   source:app_state_info useSize:154
04-21 12:12:27.009 I/clh     ( 9420): putStateUse isOk:792    sourceKey:com.sunmi.dataService_app_state_info
04-21 12:12:27.046 I/nmi.dataService( 9420): Explicit concurrent mark compact GC freed 2885(291KB) AllocSpace objects, 0(0B) LOS objects, 24% free, 2997KB/3996KB, paused 330us,4.583ms total 30.964ms
04-21 12:12:29.198 E/WifiStaIfaceAidlImpl(  888): getLinkLayerStats failed with service-specific exception: android.os.ServiceSpecificException: unknown error (code 9)
04-21 12:12:32.207 E/WifiStaIfaceAidlImpl(  888): getLinkLayerStats failed with service-specific exception: android.os.ServiceSpecificException: unknown error (code 9)
04-21 12:12:35.218 E/WifiStaIfaceAidlImpl(  888): getLinkLayerStats failed with service-specific exception: android.os.ServiceSpecificException: unknown error (code 9)
04-21 12:12:38.227 E/WifiStaIfaceAidlImpl(  888): getLinkLayerStats failed with service-specific exception: android.os.ServiceSpecificException: unknown error (code 9)
04-21 12:12:39.634 D/TrafficStats(30188): tagSocket(5) with statsTag=0xffffffff, statsUid=-1
04-21 12:12:39.649 D/TrafficStats(30188): tagSocket(5) with statsTag=0xffffffff, statsUid=-1
04-21 12:12:39.656 D/TrafficStats(30188): tagSocket(5) with statsTag=0xffffffff, statsUid=-1
04-21 12:12:39.664 D/TrafficStats(30188): tagSocket(5) with statsTag=0xffffffff, statsUid=-1
04-21 12:12:39.673 D/TrafficStats(30188): tagSocket(105) with statsTag=0xffffffff, statsUid=-1
04-21 12:12:39.674 D/TrafficStats(30188): tagSocket(108) with statsTag=0xffffffff, statsUid=-1
04-21 12:12:39.681 D/TrafficStats(30188): tagSocket(105) with statsTag=0xffffffff, statsUid=-1
04-21 12:12:39.682 D/TrafficStats(30188): tagSocket(108) with statsTag=0xffffffff, statsUid=-1
04-21 12:12:41.239 E/WifiStaIfaceAidlImpl(  888): getLinkLayerStats failed with service-specific exception: android.os.ServiceSpecificException: unknown error (code 9)
04-21 12:12:42.168 E/android.hardware.graphics.composer3-service.rockchip(  344): wait,line=113 wait callback timeout
04-21 12:12:44.251 E/WifiStaIfaceAidlImpl(  888): getLinkLayerStats failed with service-specific exception: android.os.ServiceSpecificException: unknown error (code 9)
04-21 12:12:45.489 E/SdkStatusContentProvider( 2731): SdkSettingPreferences onSharedPreferenceChanged key = isp
04-21 12:12:45.489 E/SdkStatusContentProvider( 2731): SdkSettingPreferences onSharedPreferenceChanged key = isp
04-21 12:12:45.490 E/ActivityThread( 2731): Failed to find provider info for com.alipay.iot.settings.SettingsProvider
04-21 12:12:45.491 E/ActivityThread( 2731): Failed to find provider info for com.alipay.iot.settings.SettingsProvider
04-21 12:12:45.493 I/UsbExtImpl(  888): default allow  uid:10099pid:2731  processName=com.alipay.iot.service to use PC Camera
04-21 12:12:45.494 V/UsbExtImpl(  888): smconf processName:com.alipay.iot.service
04-21 12:12:45.494 I/UsbExtImpl(  888): smconf disallow  uid:10099pid:2731  processName=com.alipay.iot.service to use GD32-USB_Printer
04-21 12:12:45.494 I/UsbExtImpl(  888): default allow  uid:10099pid:2731  processName=com.alipay.iot.service to use NS021 USB HID Keyboard
04-21 12:12:45.496 I/UsbExtImpl(  888): default allow  uid:10099pid:2731  processName=com.alipay.iot.service to use PC Camera
04-21 12:12:45.496 V/UsbExtImpl(  888): smconf processName:com.alipay.iot.service
04-21 12:12:45.496 I/UsbExtImpl(  888): smconf disallow  uid:10099pid:2731  processName=com.alipay.iot.service to use GD32-USB_Printer
04-21 12:12:45.497 I/UsbExtImpl(  888): default allow  uid:10099pid:2731  processName=com.alipay.iot.service to use NS021 USB HID Keyboard
04-21 12:12:45.498 I/UsbExtImpl(  888): default allow  uid:10099pid:2731  processName=com.alipay.iot.service to use PC Camera
04-21 12:12:45.498 V/UsbExtImpl(  888): smconf processName:com.alipay.iot.service
04-21 12:12:45.498 I/UsbExtImpl(  888): smconf disallow  uid:10099pid:2731  processName=com.alipay.iot.service to use GD32-USB_Printer
04-21 12:12:45.499 I/UsbExtImpl(  888): default allow  uid:10099pid:2731  processName=com.alipay.iot.service to use NS021 USB HID Keyboard
04-21 12:12:45.500 I/UsbExtImpl(  888): default allow  uid:10099pid:2731  processName=com.alipay.iot.service to use PC Camera
04-21 12:12:45.500 V/UsbExtImpl(  888): smconf processName:com.alipay.iot.service
04-21 12:12:45.500 I/UsbExtImpl(  888): smconf disallow  uid:10099pid:2731  processName=com.alipay.iot.service to use GD32-USB_Printer
04-21 12:12:45.501 I/UsbExtImpl(  888): default allow  uid:10099pid:2731  processName=com.alipay.iot.service to use NS021 USB HID Keyboard
04-21 12:12:45.502 I/UsbExtImpl(  888): default allow  uid:10099pid:2731  processName=com.alipay.iot.service to use PC Camera
04-21 12:12:45.502 V/UsbExtImpl(  888): smconf processName:com.alipay.iot.service
04-21 12:12:45.502 I/UsbExtImpl(  888): smconf disallow  uid:10099pid:2731  processName=com.alipay.iot.service to use GD32-USB_Printer
04-21 12:12:45.503 I/UsbExtImpl(  888): default allow  uid:10099pid:2731  processName=com.alipay.iot.service to use NS021 USB HID Keyboard
04-21 12:12:47.030 I/DispatchControl( 9420): 线程Id = 35，进程id = 9420，handleMessage  bean.name:sunmi_action_check_size source:com.sunmi.dataService    type:1     description:检测数据库原始数据表的size task_count:2
04-21 12:12:47.032 I/TaskControl( 9420): TaskControl 采集:sunmi_action_check_size     description:检测数据库原始数据表的size
04-21 12:12:47.063 I/nmi.dataService( 9420): Explicit concurrent mark compact GC freed 1111(109KB) AllocSpace objects, 0(0B) LOS objects, 24% free, 2985KB/3980KB, paused 349us,4.123ms total 27.477ms
04-21 12:12:47.264 E/WifiStaIfaceAidlImpl(  888): getLinkLayerStats failed with service-specific exception: android.os.ServiceSpecificException: unknown error (code 9)
04-21 12:12:50.275 E/WifiStaIfaceAidlImpl(  888): getLinkLayerStats failed with service-specific exception: android.os.ServiceSpecificException: unknown error (code 9)
04-21 12:12:53.287 E/WifiStaIfaceAidlImpl(  888): getLinkLayerStats failed with service-specific exception: android.os.ServiceSpecificException: unknown error (code 9)
04-21 12:12:54.625 I/BluetoothCounterMetrics( 1282): packages/modules/Bluetooth/system/gd/metrics/counter_metrics.cc:95 DrainBufferedCounters: Draining buffered counters
04-21 12:12:54.626 E/bluetooth( 1282): packages/modules/Bluetooth/system/gd/os/linux_generic/files.cc:221 FileCreatedTime: unable to read '/data/misc/bluetooth/logs/btsnooz_hci.log' file metadata, error: No such file or directory
04-21 12:12:55.999 E/PhoneInterfaceManager( 1317): queryModemActivityInfo: Empty response
04-21 12:12:55.999 W/BatteryExternalStatsWorker(  888): error reading modem stats:ERROR_INVALID_INFO_RECEIVED
04-21 12:12:56.000 I/libbt_vendor(  649): AICBTDBG(LOGINFO)	op for 7
04-21 12:12:56.000 I/bt_hwcfg_uart(  649): AICBTDBG(LOGINFO)	set_wake_stat 1
04-21 12:12:56.000 I/bt_upio (  649): AICBTDBG(LOGINFO)	upio_set : pio 0 action 2, polarity 1
04-21 12:12:56.000 I/bt_upio (  649): AICBTDBG(LOGINFO)	upio_set: proc btwrite assertion, buffer: 1, timer_armed 0 0
04-21 12:12:56.002 E/bt_btm  ( 1282): packages/modules/Bluetooth/system/main/bte_logmsg.cc:105 LogMsg: wrong length for btm_ble_cont_energy_cmpl_cback
04-21 12:12:56.298 E/WifiStaIfaceAidlImpl(  888): getLinkLayerStats failed with service-specific exception: android.os.ServiceSpecificException: unknown error (code 9)
04-21 12:12:56.336 I/EntropyMixer(  888): Updated seed file
04-21 12:12:59.002 I/libbt_vendor(  649): AICBTDBG(LOGINFO)	op for 7
04-21 12:12:59.002 I/bt_hwcfg_uart(  649): AICBTDBG(LOGINFO)	set_wake_stat 0
04-21 12:12:59.002 I/bt_upio (  649): AICBTDBG(LOGINFO)	upio_set : pio 0 action 1, polarity 1
04-21 12:12:59.309 E/WifiStaIfaceAidlImpl(  888): getLinkLayerStats failed with service-specific exception: android.os.ServiceSpecificException: unknown error (code 9)
04-21 12:13:00.000 D/AlarmManager(  888): setImplLocked() callingPackage=android
04-21 12:13:02.169 E/android.hardware.graphics.composer3-service.rockchip(  344): wait,line=113 wait callback timeout
04-21 12:13:02.319 E/WifiStaIfaceAidlImpl(  888): getLinkLayerStats failed with service-specific exception: android.os.ServiceSpecificException: unknown error (code 9)
04-21 12:13:05.329 E/WifiStaIfaceAidlImpl(  888): getLinkLayerStats failed with service-specific exception: android.os.ServiceSpecificException: unknown error (code 9)
04-21 12:13:07.056 I/DispatchControl( 9420): 线程Id = 35，进程id = 9420，handleMessage  bean.name:sunmi_action_check_size source:com.sunmi.dataService    type:2     description:检测数据库原始数据表的size task_count:2
04-21 12:13:07.060 I/StoreControl( 9420): StoreControl 存储:sunmi_action_check_size source:com.sunmi.dataService     time:1776744723  elapsedRealtime:0
04-21 12:13:07.062 I/clh     ( 9420): clearDbData 删除数据
04-21 12:13:07.070 I/clh     ( 9420): clearDbData size :3350  maxSize:209715200
04-21 12:13:07.105 I/nmi.dataService( 9420): Explicit concurrent mark compact GC freed 2206(311KB) AllocSpace objects, 0(0B) LOS objects, 24% free, 2997KB/3996KB, paused 340us,4.420ms total 30.866ms
04-21 12:13:08.339 E/WifiStaIfaceAidlImpl(  888): getLinkLayerStats failed with service-specific exception: android.os.ServiceSpecificException: unknown error (code 9)
04-21 12:13:11.350 E/WifiStaIfaceAidlImpl(  888): getLinkLayerStats failed with service-specific exception: android.os.ServiceSpecificException: unknown error (code 9)
04-21 12:13:14.363 E/WifiStaIfaceAidlImpl(  888): getLinkLayerStats failed with service-specific exception: android.os.ServiceSpecificException: unknown error (code 9)
04-21 12:13:17.374 E/WifiStaIfaceAidlImpl(  888): getLinkLayerStats failed with service-specific exception: android.os.ServiceSpecificException: unknown error (code 9)
04-21 12:13:18.707 D/AlarmManager(  888): setImplLocked() callingPackage=sunmi.remotemanager
04-21 12:13:20.387 E/WifiStaIfaceAidlImpl(  888): getLinkLayerStats failed with service-specific exception: android.os.ServiceSpecificException: unknown error (code 9)
04-21 12:13:22.169 E/android.hardware.graphics.composer3-service.rockchip(  344): wait,line=113 wait callback timeout
04-21 12:13:23.398 E/WifiStaIfaceAidlImpl(  888): getLinkLayerStats failed with service-specific exception: android.os.ServiceSpecificException: unknown error (code 9)
04-21 12:13:26.409 E/WifiStaIfaceAidlImpl(  888): getLinkLayerStats failed with service-specific exception: android.os.ServiceSpecificException: unknown error (code 9)
04-21 12:13:29.419 E/WifiStaIfaceAidlImpl(  888): getLinkLayerStats failed with service-specific exception: android.os.ServiceSpecificException: unknown error (code 9)
04-21 12:13:32.430 E/WifiStaIfaceAidlImpl(  888): getLinkLayerStats failed with service-specific exception: android.os.ServiceSpecificException: unknown error (code 9)
04-21 12:13:35.439 E/WifiStaIfaceAidlImpl(  888): getLinkLayerStats failed with service-specific exception: android.os.ServiceSpecificException: unknown error (code 9)
04-21 12:13:37.199 D/PkmsExtImpl(  888): updateApplicationInfoForRemovable packageName :com.alipay.zoloz.smile
04-21 12:13:37.202 D/PkmsExtImpl(  888): updateApplicationInfoForRemovable packageName :com.alipay.iot.service
04-21 12:13:37.230 D/CompatibilityChangeReporter(  888): Compat change id reported: 218533173; UID 10139; state: ENABLED
04-21 12:13:37.231 D/CompatibilityChangeReporter(  888): Compat change id reported: 262645982; UID 10139; state: ENABLED
04-21 12:13:37.264 D/PkmsExtImpl(  888): updateApplicationInfoForRemovable packageName :com.alipay.zoloz.smile
04-21 12:13:37.264 D/PkmsExtImpl(  888): updateApplicationInfoForRemovable packageName :com.alipay.zoloz.smile
04-21 12:13:37.274 D/PkmsExtImpl(  888): updateApplicationInfoForRemovable packageName :com.alipay.iot.service
04-21 12:13:37.274 D/PkmsExtImpl(  888): updateApplicationInfoForRemovable packageName :com.alipay.iot.service
04-21 12:13:38.450 E/WifiStaIfaceAidlImpl(  888): getLinkLayerStats failed with service-specific exception: android.os.ServiceSpecificException: unknown error (code 9)
04-21 12:13:41.462 E/WifiStaIfaceAidlImpl(  888): getLinkLayerStats failed with service-specific exception: android.os.ServiceSpecificException: unknown error (code 9)
04-21 12:13:42.170 E/android.hardware.graphics.composer3-service.rockchip(  344): wait,line=113 wait callback timeout
04-21 12:13:44.473 E/WifiStaIfaceAidlImpl(  888): getLinkLayerStats failed with service-specific exception: android.os.ServiceSpecificException: unknown error (code 9)
04-21 12:13:45.511 E/SdkStatusContentProvider( 2731): SdkSettingPreferences onSharedPreferenceChanged key = isp
04-21 12:13:45.512 E/SdkStatusContentProvider( 2731): SdkSettingPreferences onSharedPreferenceChanged key = isp
04-21 12:13:45.513 E/ActivityThread( 2731): Failed to find provider info for com.alipay.iot.settings.SettingsProvider
04-21 12:13:45.513 E/ActivityThread( 2731): Failed to find provider info for com.alipay.iot.settings.SettingsProvider
04-21 12:13:45.516 I/UsbExtImpl(  888): default allow  uid:10099pid:2731  processName=com.alipay.iot.service to use PC Camera
04-21 12:13:45.516 V/UsbExtImpl(  888): smconf processName:com.alipay.iot.service
04-21 12:13:45.516 I/UsbExtImpl(  888): smconf disallow  uid:10099pid:2731  processName=com.alipay.iot.service to use GD32-USB_Printer
04-21 12:13:45.517 I/UsbExtImpl(  888): default allow  uid:10099pid:2731  processName=com.alipay.iot.service to use NS021 USB HID Keyboard
04-21 12:13:45.518 I/UsbExtImpl(  888): default allow  uid:10099pid:2731  processName=com.alipay.iot.service to use PC Camera
04-21 12:13:45.519 V/UsbExtImpl(  888): smconf processName:com.alipay.iot.service
04-21 12:13:45.519 I/UsbExtImpl(  888): smconf disallow  uid:10099pid:2731  processName=com.alipay.iot.service to use GD32-USB_Printer
04-21 12:13:45.519 I/UsbExtImpl(  888): default allow  uid:10099pid:2731  processName=com.alipay.iot.service to use NS021 USB HID Keyboard
04-21 12:13:45.520 I/UsbExtImpl(  888): default allow  uid:10099pid:2731  processName=com.alipay.iot.service to use PC Camera
04-21 12:13:45.521 V/UsbExtImpl(  888): smconf processName:com.alipay.iot.service
04-21 12:13:45.521 I/UsbExtImpl(  888): smconf disallow  uid:10099pid:2731  processName=com.alipay.iot.service to use GD32-USB_Printer
04-21 12:13:45.521 I/UsbExtImpl(  888): default allow  uid:10099pid:2731  processName=com.alipay.iot.service to use NS021 USB HID Keyboard
04-21 12:13:45.522 I/UsbExtImpl(  888): default allow  uid:10099pid:2731  processName=com.alipay.iot.service to use PC Camera
04-21 12:13:45.523 V/UsbExtImpl(  888): smconf processName:com.alipay.iot.service
04-21 12:13:45.523 I/UsbExtImpl(  888): smconf disallow  uid:10099pid:2731  processName=com.alipay.iot.service to use GD32-USB_Printer
04-21 12:13:45.523 I/UsbExtImpl(  888): default allow  uid:10099pid:2731  processName=com.alipay.iot.service to use NS021 USB HID Keyboard
04-21 12:13:45.524 I/UsbExtImpl(  888): default allow  uid:10099pid:2731  processName=com.alipay.iot.service to use PC Camera
04-21 12:13:45.525 V/UsbExtImpl(  888): smconf processName:com.alipay.iot.service
04-21 12:13:45.525 I/UsbExtImpl(  888): smconf disallow  uid:10099pid:2731  processName=com.alipay.iot.service to use GD32-USB_Printer
04-21 12:13:45.525 I/UsbExtImpl(  888): default allow  uid:10099pid:2731  processName=com.alipay.iot.service to use NS021 USB HID Keyboard
04-21 12:13:47.483 E/WifiStaIfaceAidlImpl(  888): getLinkLayerStats failed with service-specific exception: android.os.ServiceSpecificException: unknown error (code 9)
04-21 12:13:50.493 E/WifiStaIfaceAidlImpl(  888): getLinkLayerStats failed with service-specific exception: android.os.ServiceSpecificException: unknown error (code 9)
04-21 12:13:53.504 E/WifiStaIfaceAidlImpl(  888): getLinkLayerStats failed with service-specific exception: android.os.ServiceSpecificException: unknown error (code 9)
04-21 12:13:56.516 E/WifiStaIfaceAidlImpl(  888): getLinkLayerStats failed with service-specific exception: android.os.ServiceSpecificException: unknown error (code 9)
04-21 12:13:59.527 E/WifiStaIfaceAidlImpl(  888): getLinkLayerStats failed with service-specific exception: android.os.ServiceSpecificException: unknown error (code 9)
04-21 12:14:00.000 D/AlarmManager(  888): setImplLocked() callingPackage=android
04-21 12:14:01.282 D/WifiHAL (  670): Setting APF program, halHandle = 0xb400006f4f6eedc0
04-21 12:14:01.283 I/WifiHAL (  670): createRequest: APF set program request
04-21 12:14:01.283 I/WifiHAL (  670): Done!
04-21 12:14:02.170 E/android.hardware.graphics.composer3-service.rockchip(  344): wait,line=113 wait callback timeout
04-21 12:14:02.538 E/WifiStaIfaceAidlImpl(  888): getLinkLayerStats failed with service-specific exception: android.os.ServiceSpecificException: unknown error (code 9)
04-21 12:14:05.548 E/WifiStaIfaceAidlImpl(  888): getLinkLayerStats failed with service-specific exception: android.os.ServiceSpecificException: unknown error (code 9)
04-21 12:14:08.559 E/WifiStaIfaceAidlImpl(  888): getLinkLayerStats failed with service-specific exception: android.os.ServiceSpecificException: unknown error (code 9)
04-21 12:14:11.571 E/WifiStaIfaceAidlImpl(  888): getLinkLayerStats failed with service-specific exception: android.os.ServiceSpecificException: unknown error (code 9)
04-21 12:14:14.582 E/WifiStaIfaceAidlImpl(  888): getLinkLayerStats failed with service-specific exception: android.os.ServiceSpecificException: unknown error (code 9)
04-21 12:14:17.591 E/WifiStaIfaceAidlImpl(  888): getLinkLayerStats failed with service-specific exception: android.os.ServiceSpecificException: unknown error (code 9)
04-21 12:14:18.776 D/AlarmManager(  888): setImplLocked() callingPackage=sunmi.remotemanager
04-21 12:14:20.603 E/WifiStaIfaceAidlImpl(  888): getLinkLayerStats failed with service-specific exception: android.os.ServiceSpecificException: unknown error (code 9)
04-21 12:14:22.170 E/android.hardware.graphics.composer3-service.rockchip(  344): wait,line=113 wait callback timeout
04-21 12:14:23.615 E/WifiStaIfaceAidlImpl(  888): getLinkLayerStats failed with service-specific exception: android.os.ServiceSpecificException: unknown error (code 9)
04-21 12:14:26.627 E/WifiStaIfaceAidlImpl(  888): getLinkLayerStats failed with service-specific exception: android.os.ServiceSpecificException: unknown error (code 9)
04-21 12:14:29.634 E/WifiStaIfaceAidlImpl(  888): getLinkLayerStats failed with service-specific exception: android.os.ServiceSpecificException: unknown error (code 9)
04-21 12:14:32.645 E/WifiStaIfaceAidlImpl(  888): getLinkLayerStats failed with service-specific exception: android.os.ServiceSpecificException: unknown error (code 9)
04-21 12:14:35.657 E/WifiStaIfaceAidlImpl(  888): getLinkLayerStats failed with service-specific exception: android.os.ServiceSpecificException: unknown error (code 9)
04-21 12:14:38.667 E/WifiStaIfaceAidlImpl(  888): getLinkLayerStats failed with service-specific exception: android.os.ServiceSpecificException: unknown error (code 9)
04-21 12:14:41.679 E/WifiStaIfaceAidlImpl(  888): getLinkLayerStats failed with service-specific exception: android.os.ServiceSpecificException: unknown error (code 9)
04-21 12:14:42.171 E/android.hardware.graphics.composer3-service.rockchip(  344): wait,line=113 wait callback timeout
04-21 12:14:44.689 E/WifiStaIfaceAidlImpl(  888): getLinkLayerStats failed with service-specific exception: android.os.ServiceSpecificException: unknown error (code 9)
04-21 12:14:45.534 E/SdkStatusContentProvider( 2731): SdkSettingPreferences onSharedPreferenceChanged key = isp
04-21 12:14:45.534 E/SdkStatusContentProvider( 2731): SdkSettingPreferences onSharedPreferenceChanged key = isp
04-21 12:14:45.535 E/ActivityThread( 2731): Failed to find provider info for com.alipay.iot.settings.SettingsProvider
04-21 12:14:45.536 E/ActivityThread( 2731): Failed to find provider info for com.alipay.iot.settings.SettingsProvider
04-21 12:14:45.538 I/UsbExtImpl(  888): default allow  uid:10099pid:2731  processName=com.alipay.iot.service to use PC Camera
04-21 12:14:45.539 V/UsbExtImpl(  888): smconf processName:com.alipay.iot.service
04-21 12:14:45.539 I/UsbExtImpl(  888): smconf disallow  uid:10099pid:2731  processName=com.alipay.iot.service to use GD32-USB_Printer
04-21 12:14:45.539 I/UsbExtImpl(  888): default allow  uid:10099pid:2731  processName=com.alipay.iot.service to use NS021 USB HID Keyboard
04-21 12:14:45.540 I/UsbExtImpl(  888): default allow  uid:10099pid:2731  processName=com.alipay.iot.service to use PC Camera
04-21 12:14:45.541 V/UsbExtImpl(  888): smconf processName:com.alipay.iot.service
04-21 12:14:45.541 I/UsbExtImpl(  888): smconf disallow  uid:10099pid:2731  processName=com.alipay.iot.service to use GD32-USB_Printer
04-21 12:14:45.541 I/UsbExtImpl(  888): default allow  uid:10099pid:2731  processName=com.alipay.iot.service to use NS021 USB HID Keyboard
04-21 12:14:45.542 I/UsbExtImpl(  888): default allow  uid:10099pid:2731  processName=com.alipay.iot.service to use PC Camera
04-21 12:14:45.543 V/UsbExtImpl(  888): smconf processName:com.alipay.iot.service
04-21 12:14:45.543 I/UsbExtImpl(  888): smconf disallow  uid:10099pid:2731  processName=com.alipay.iot.service to use GD32-USB_Printer
04-21 12:14:45.543 I/UsbExtImpl(  888): default allow  uid:10099pid:2731  processName=com.alipay.iot.service to use NS021 USB HID Keyboard
04-21 12:14:45.545 I/UsbExtImpl(  888): default allow  uid:10099pid:2731  processName=com.alipay.iot.service to use PC Camera
04-21 12:14:45.545 V/UsbExtImpl(  888): smconf processName:com.alipay.iot.service
04-21 12:14:45.545 I/UsbExtImpl(  888): smconf disallow  uid:10099pid:2731  processName=com.alipay.iot.service to use GD32-USB_Printer
04-21 12:14:45.545 I/UsbExtImpl(  888): default allow  uid:10099pid:2731  processName=com.alipay.iot.service to use NS021 USB HID Keyboard
04-21 12:14:45.547 I/UsbExtImpl(  888): default allow  uid:10099pid:2731  processName=com.alipay.iot.service to use PC Camera
04-21 12:14:45.547 V/UsbExtImpl(  888): smconf processName:com.alipay.iot.service
04-21 12:14:45.547 I/UsbExtImpl(  888): smconf disallow  uid:10099pid:2731  processName=com.alipay.iot.service to use GD32-USB_Printer
04-21 12:14:45.548 I/UsbExtImpl(  888): default allow  uid:10099pid:2731  processName=com.alipay.iot.service to use NS021 USB HID Keyboard
04-21 12:14:47.699 E/WifiStaIfaceAidlImpl(  888): getLinkLayerStats failed with service-specific exception: android.os.ServiceSpecificException: unknown error (code 9)
04-21 12:14:50.710 E/WifiStaIfaceAidlImpl(  888): getLinkLayerStats failed with service-specific exception: android.os.ServiceSpecificException: unknown error (code 9)
04-21 12:14:53.336 I/[clear_log] hub( 2731): total size:0,limit size:125829120
04-21 12:14:53.337 D/AlipayIoTLogger_[clear_log] hub( 2731): total size:0,limit size:125829120
04-21 12:14:53.337 I/[clear_log] hub( 2731): expiredClear
04-21 12:14:53.337 D/AlipayIoTLogger_[clear_log] hub( 2731): checkLogDelete expiredClear
04-21 12:14:53.722 E/WifiStaIfaceAidlImpl(  888): getLinkLayerStats failed with service-specific exception: android.os.ServiceSpecificException: unknown error (code 9)
04-21 12:14:56.731 E/WifiStaIfaceAidlImpl(  888): getLinkLayerStats failed with service-specific exception: android.os.ServiceSpecificException: unknown error (code 9)
04-21 12:14:59.742 E/WifiStaIfaceAidlImpl(  888): getLinkLayerStats failed with service-specific exception: android.os.ServiceSpecificException: unknown error (code 9)
04-21 12:15:00.000 D/AlarmManager(  888): setImplLocked() callingPackage=android
04-21 12:15:02.171 E/android.hardware.graphics.composer3-service.rockchip(  344): wait,line=113 wait callback timeout
04-21 12:15:02.754 E/WifiStaIfaceAidlImpl(  888): getLinkLayerStats failed with service-specific exception: android.os.ServiceSpecificException: unknown error (code 9)
04-21 12:15:05.767 E/WifiStaIfaceAidlImpl(  888): getLinkLayerStats failed with service-specific exception: android.os.ServiceSpecificException: unknown error (code 9)
04-21 12:15:08.778 E/WifiStaIfaceAidlImpl(  888): getLinkLayerStats failed with service-specific exception: android.os.ServiceSpecificException: unknown error (code 9)
04-21 12:15:11.787 E/WifiStaIfaceAidlImpl(  888): getLinkLayerStats failed with service-specific exception: android.os.ServiceSpecificException: unknown error (code 9)
04-21 12:15:14.799 E/WifiStaIfaceAidlImpl(  888): getLinkLayerStats failed with service-specific exception: android.os.ServiceSpecificException: unknown error (code 9)
04-21 12:15:17.808 E/WifiStaIfaceAidlImpl(  888): getLinkLayerStats failed with service-specific exception: android.os.ServiceSpecificException: unknown error (code 9)
04-21 12:15:18.858 D/AlarmManager(  888): setImplLocked() callingPackage=sunmi.remotemanager
04-21 12:15:20.819 E/WifiStaIfaceAidlImpl(  888): getLinkLayerStats failed with service-specific exception: android.os.ServiceSpecificException: unknown error (code 9)
04-21 12:15:22.172 E/android.hardware.graphics.composer3-service.rockchip(  344): wait,line=113 wait callback timeout
04-21 12:15:23.831 E/WifiStaIfaceAidlImpl(  888): getLinkLayerStats failed with service-specific exception: android.os.ServiceSpecificException: unknown error (code 9)
04-21 12:15:26.839 E/WifiStaIfaceAidlImpl(  888): getLinkLayerStats failed with service-specific exception: android.os.ServiceSpecificException: unknown error (code 9)
04-21 12:15:29.851 E/WifiStaIfaceAidlImpl(  888): getLinkLayerStats failed with service-specific exception: android.os.ServiceSpecificException: unknown error (code 9)
04-21 12:15:32.863 E/WifiStaIfaceAidlImpl(  888): getLinkLayerStats failed with service-specific exception: android.os.ServiceSpecificException: unknown error (code 9)
04-21 12:15:35.874 E/WifiStaIfaceAidlImpl(  888): getLinkLayerStats failed with service-specific exception: android.os.ServiceSpecificException: unknown error (code 9)
04-21 12:15:38.887 E/WifiStaIfaceAidlImpl(  888): getLinkLayerStats failed with service-specific exception: android.os.ServiceSpecificException: unknown error (code 9)
04-21 12:15:41.899 E/WifiStaIfaceAidlImpl(  888): getLinkLayerStats failed with service-specific exception: android.os.ServiceSpecificException: unknown error (code 9)
04-21 12:15:42.172 E/android.hardware.graphics.composer3-service.rockchip(  344): wait,line=113 wait callback timeout
04-21 12:15:44.911 E/WifiStaIfaceAidlImpl(  888): getLinkLayerStats failed with service-specific exception: android.os.ServiceSpecificException: unknown error (code 9)
04-21 12:15:45.556 E/SdkStatusContentProvider( 2731): SdkSettingPreferences onSharedPreferenceChanged key = isp
04-21 12:15:45.556 E/SdkStatusContentProvider( 2731): SdkSettingPreferences onSharedPreferenceChanged key = isp
04-21 12:15:45.557 E/ActivityThread( 2731): Failed to find provider info for com.alipay.iot.settings.SettingsProvider
04-21 12:15:45.558 E/ActivityThread( 2731): Failed to find provider info for com.alipay.iot.settings.SettingsProvider
04-21 12:15:45.560 I/UsbExtImpl(  888): default allow  uid:10099pid:2731  processName=com.alipay.iot.service to use PC Camera
04-21 12:15:45.561 V/UsbExtImpl(  888): smconf processName:com.alipay.iot.service
04-21 12:15:45.561 I/UsbExtImpl(  888): smconf disallow  uid:10099pid:2731  processName=com.alipay.iot.service to use GD32-USB_Printer
04-21 12:15:45.561 I/UsbExtImpl(  888): default allow  uid:10099pid:2731  processName=com.alipay.iot.service to use NS021 USB HID Keyboard
04-21 12:15:45.563 I/UsbExtImpl(  888): default allow  uid:10099pid:2731  processName=com.alipay.iot.service to use PC Camera
04-21 12:15:45.563 V/UsbExtImpl(  888): smconf processName:com.alipay.iot.service
04-21 12:15:45.563 I/UsbExtImpl(  888): smconf disallow  uid:10099pid:2731  processName=com.alipay.iot.service to use GD32-USB_Printer
04-21 12:15:45.564 I/UsbExtImpl(  888): default allow  uid:10099pid:2731  processName=com.alipay.iot.service to use NS021 USB HID Keyboard
04-21 12:15:45.565 I/UsbExtImpl(  888): default allow  uid:10099pid:2731  processName=com.alipay.iot.service to use PC Camera
04-21 12:15:45.566 V/UsbExtImpl(  888): smconf processName:com.alipay.iot.service
04-21 12:15:45.566 I/UsbExtImpl(  888): smconf disallow  uid:10099pid:2731  processName=com.alipay.iot.service to use GD32-USB_Printer
04-21 12:15:45.566 I/UsbExtImpl(  888): default allow  uid:10099pid:2731  processName=com.alipay.iot.service to use NS021 USB HID Keyboard
04-21 12:15:45.567 I/UsbExtImpl(  888): default allow  uid:10099pid:2731  processName=com.alipay.iot.service to use PC Camera
04-21 12:15:45.568 V/UsbExtImpl(  888): smconf processName:com.alipay.iot.service
04-21 12:15:45.568 I/UsbExtImpl(  888): smconf disallow  uid:10099pid:2731  processName=com.alipay.iot.service to use GD32-USB_Printer
04-21 12:15:45.568 I/UsbExtImpl(  888): default allow  uid:10099pid:2731  processName=com.alipay.iot.service to use NS021 USB HID Keyboard
04-21 12:15:45.569 I/UsbExtImpl(  888): default allow  uid:10099pid:2731  processName=com.alipay.iot.service to use PC Camera
04-21 12:15:45.570 V/UsbExtImpl(  888): smconf processName:com.alipay.iot.service
04-21 12:15:45.570 I/UsbExtImpl(  888): smconf disallow  uid:10099pid:2731  processName=com.alipay.iot.service to use GD32-USB_Printer
04-21 12:15:45.570 I/UsbExtImpl(  888): default allow  uid:10099pid:2731  processName=com.alipay.iot.service to use NS021 USB HID Keyboard
04-21 12:15:47.922 E/WifiStaIfaceAidlImpl(  888): getLinkLayerStats failed with service-specific exception: android.os.ServiceSpecificException: unknown error (code 9)
04-21 12:15:50.935 E/WifiStaIfaceAidlImpl(  888): getLinkLayerStats failed with service-specific exception: android.os.ServiceSpecificException: unknown error (code 9)
04-21 12:15:53.947 E/WifiStaIfaceAidlImpl(  888): getLinkLayerStats failed with service-specific exception: android.os.ServiceSpecificException: unknown error (code 9)
04-21 12:15:56.959 E/WifiStaIfaceAidlImpl(  888): getLinkLayerStats failed with service-specific exception: android.os.ServiceSpecificException: unknown error (code 9)
04-21 12:15:59.967 E/WifiStaIfaceAidlImpl(  888): getLinkLayerStats failed with service-specific exception: android.os.ServiceSpecificException: unknown error (code 9)
04-21 12:16:00.000 D/AlarmManager(  888): setImplLocked() callingPackage=android
04-21 12:16:02.173 E/android.hardware.graphics.composer3-service.rockchip(  344): wait,line=113 wait callback timeout
04-21 12:16:02.979 E/WifiStaIfaceAidlImpl(  888): getLinkLayerStats failed with service-specific exception: android.os.ServiceSpecificException: unknown error (code 9)
04-21 12:16:05.987 E/WifiStaIfaceAidlImpl(  888): getLinkLayerStats failed with service-specific exception: android.os.ServiceSpecificException: unknown error (code 9)
04-21 12:16:08.999 E/WifiStaIfaceAidlImpl(  888): getLinkLayerStats failed with service-specific exception: android.os.ServiceSpecificException: unknown error (code 9)
04-21 12:16:12.011 E/WifiStaIfaceAidlImpl(  888): getLinkLayerStats failed with service-specific exception: android.os.ServiceSpecificException: unknown error (code 9)
04-21 12:16:15.022 E/WifiStaIfaceAidlImpl(  888): getLinkLayerStats failed with service-specific exception: android.os.ServiceSpecificException: unknown error (code 9)
04-21 12:16:18.034 E/WifiStaIfaceAidlImpl(  888): getLinkLayerStats failed with service-specific exception: android.os.ServiceSpecificException: unknown error (code 9)
04-21 12:16:18.934 D/AlarmManager(  888): setImplLocked() callingPackage=sunmi.remotemanager
04-21 12:16:21.047 E/WifiStaIfaceAidlImpl(  888): getLinkLayerStats failed with service-specific exception: android.os.ServiceSpecificException: unknown error (code 9)
04-21 12:16:22.173 E/android.hardware.graphics.composer3-service.rockchip(  344): wait,line=113 wait callback timeout
04-21 12:16:24.055 E/WifiStaIfaceAidlImpl(  888): getLinkLayerStats failed with service-specific exception: android.os.ServiceSpecificException: unknown error (code 9)
04-21 12:16:27.067 E/WifiStaIfaceAidlImpl(  888): getLinkLayerStats failed with service-specific exception: android.os.ServiceSpecificException: unknown error (code 9)
04-21 12:16:30.078 E/WifiStaIfaceAidlImpl(  888): getLinkLayerStats failed with service-specific exception: android.os.ServiceSpecificException: unknown error (code 9)
04-21 12:16:30.826 I/rkstack.process( 1235): Background concurrent mark compact GC freed 47097(3232KB) AllocSpace objects, 0(0B) LOS objects, 49% free, 3369KB/6738KB, paused 364us,5.164ms total 41.458ms
04-21 12:16:33.087 E/WifiStaIfaceAidlImpl(  888): getLinkLayerStats failed with service-specific exception: android.os.ServiceSpecificException: unknown error (code 9)
04-21 12:16:36.099 E/WifiStaIfaceAidlImpl(  888): getLinkLayerStats failed with service-specific exception: android.os.ServiceSpecificException: unknown error (code 9)
04-21 12:16:39.111 E/WifiStaIfaceAidlImpl(  888): getLinkLayerStats failed with service-specific exception: android.os.ServiceSpecificException: unknown error (code 9)
04-21 12:16:42.123 E/WifiStaIfaceAidlImpl(  888): getLinkLayerStats failed with service-specific exception: android.os.ServiceSpecificException: unknown error (code 9)
04-21 12:16:42.173 E/android.hardware.graphics.composer3-service.rockchip(  344): wait,line=113 wait callback timeout
04-21 12:16:45.134 E/WifiStaIfaceAidlImpl(  888): getLinkLayerStats failed with service-specific exception: android.os.ServiceSpecificException: unknown error (code 9)
04-21 12:16:45.578 E/SdkStatusContentProvider( 2731): SdkSettingPreferences onSharedPreferenceChanged key = isp
04-21 12:16:45.579 E/SdkStatusContentProvider( 2731): SdkSettingPreferences onSharedPreferenceChanged key = isp
04-21 12:16:45.580 E/ActivityThread( 2731): Failed to find provider info for com.alipay.iot.settings.SettingsProvider
04-21 12:16:45.580 E/ActivityThread( 2731): Failed to find provider info for com.alipay.iot.settings.SettingsProvider
04-21 12:16:45.582 I/UsbExtImpl(  888): default allow  uid:10099pid:2731  processName=com.alipay.iot.service to use PC Camera
04-21 12:16:45.583 V/UsbExtImpl(  888): smconf processName:com.alipay.iot.service
04-21 12:16:45.583 I/UsbExtImpl(  888): smconf disallow  uid:10099pid:2731  processName=com.alipay.iot.service to use GD32-USB_Printer
04-21 12:16:45.583 I/UsbExtImpl(  888): default allow  uid:10099pid:2731  processName=com.alipay.iot.service to use NS021 USB HID Keyboard
04-21 12:16:45.584 I/UsbExtImpl(  888): default allow  uid:10099pid:2731  processName=com.alipay.iot.service to use PC Camera
04-21 12:16:45.585 V/UsbExtImpl(  888): smconf processName:com.alipay.iot.service
04-21 12:16:45.585 I/UsbExtImpl(  888): smconf disallow  uid:10099pid:2731  processName=com.alipay.iot.service to use GD32-USB_Printer
04-21 12:16:45.585 I/UsbExtImpl(  888): default allow  uid:10099pid:2731  processName=com.alipay.iot.service to use NS021 USB HID Keyboard
04-21 12:16:45.586 I/UsbExtImpl(  888): default allow  uid:10099pid:2731  processName=com.alipay.iot.service to use PC Camera
04-21 12:16:45.586 V/UsbExtImpl(  888): smconf processName:com.alipay.iot.service
04-21 12:16:45.586 I/UsbExtImpl(  888): smconf disallow  uid:10099pid:2731  processName=com.alipay.iot.service to use GD32-USB_Printer
04-21 12:16:45.587 I/UsbExtImpl(  888): default allow  uid:10099pid:2731  processName=com.alipay.iot.service to use NS021 USB HID Keyboard
04-21 12:16:45.588 I/UsbExtImpl(  888): default allow  uid:10099pid:2731  processName=com.alipay.iot.service to use PC Camera
04-21 12:16:45.588 V/UsbExtImpl(  888): smconf processName:com.alipay.iot.service
04-21 12:16:45.588 I/UsbExtImpl(  888): smconf disallow  uid:10099pid:2731  processName=com.alipay.iot.service to use GD32-USB_Printer
04-21 12:16:45.589 I/UsbExtImpl(  888): default allow  uid:10099pid:2731  processName=com.alipay.iot.service to use NS021 USB HID Keyboard
04-21 12:16:45.590 I/UsbExtImpl(  888): default allow  uid:10099pid:2731  processName=com.alipay.iot.service to use PC Camera
04-21 12:16:45.590 V/UsbExtImpl(  888): smconf processName:com.alipay.iot.service
04-21 12:16:45.590 I/UsbExtImpl(  888): smconf disallow  uid:10099pid:2731  processName=com.alipay.iot.service to use GD32-USB_Printer
04-21 12:16:45.591 I/UsbExtImpl(  888): default allow  uid:10099pid:2731  processName=com.alipay.iot.service to use NS021 USB HID Keyboard
04-21 12:16:48.146 E/WifiStaIfaceAidlImpl(  888): getLinkLayerStats failed with service-specific exception: android.os.ServiceSpecificException: unknown error (code 9)
04-21 12:16:51.156 E/WifiStaIfaceAidlImpl(  888): getLinkLayerStats failed with service-specific exception: android.os.ServiceSpecificException: unknown error (code 9)
04-21 12:16:54.168 E/WifiStaIfaceAidlImpl(  888): getLinkLayerStats failed with service-specific exception: android.os.ServiceSpecificException: unknown error (code 9)
04-21 12:16:57.179 E/WifiStaIfaceAidlImpl(  888): getLinkLayerStats failed with service-specific exception: android.os.ServiceSpecificException: unknown error (code 9)
04-21 12:17:00.000 D/AlarmManager(  888): setImplLocked() callingPackage=android
04-21 12:17:00.187 E/WifiStaIfaceAidlImpl(  888): getLinkLayerStats failed with service-specific exception: android.os.ServiceSpecificException: unknown error (code 9)
04-21 12:17:02.174 E/android.hardware.graphics.composer3-service.rockchip(  344): wait,line=113 wait callback timeout
04-21 12:17:03.199 E/WifiStaIfaceAidlImpl(  888): getLinkLayerStats failed with service-specific exception: android.os.ServiceSpecificException: unknown error (code 9)
04-21 12:17:06.210 E/WifiStaIfaceAidlImpl(  888): getLinkLayerStats failed with service-specific exception: android.os.ServiceSpecificException: unknown error (code 9)
04-21 12:17:09.219 E/WifiStaIfaceAidlImpl(  888): getLinkLayerStats failed with service-specific exception: android.os.ServiceSpecificException: unknown error (code 9)
04-21 12:17:12.230 E/WifiStaIfaceAidlImpl(  888): getLinkLayerStats failed with service-specific exception: android.os.ServiceSpecificException: unknown error (code 9)
04-21 12:17:15.242 E/WifiStaIfaceAidlImpl(  888): getLinkLayerStats failed with service-specific exception: android.os.ServiceSpecificException: unknown error (code 9)
04-21 12:17:18.254 E/WifiStaIfaceAidlImpl(  888): getLinkLayerStats failed with service-specific exception: android.os.ServiceSpecificException: unknown error (code 9)
04-21 12:17:19.015 D/AlarmManager(  888): setImplLocked() callingPackage=sunmi.remotemanager
04-21 12:17:21.266 E/WifiStaIfaceAidlImpl(  888): getLinkLayerStats failed with service-specific exception: android.os.ServiceSpecificException: unknown error (code 9)
04-21 12:17:22.174 E/android.hardware.graphics.composer3-service.rockchip(  344): wait,line=113 wait callback timeout
04-21 12:17:24.279 E/WifiStaIfaceAidlImpl(  888): getLinkLayerStats failed with service-specific exception: android.os.ServiceSpecificException: unknown error (code 9)
04-21 12:17:27.290 E/WifiStaIfaceAidlImpl(  888): getLinkLayerStats failed with service-specific exception: android.os.ServiceSpecificException: unknown error (code 9)
04-21 12:17:29.919 D/AlarmManager(  888): setImplLocked() callingPackage=android
04-21 12:17:29.920 D/AlarmManager(  888): setImplLocked() callingPackage=com.android.providers.calendar
04-21 12:17:29.927 D/ActivityManager(  888): sync unfroze 3007 com.android.providers.calendar for 3
04-21 12:17:29.933 D/AlarmManager(  888): setImplLocked() callingPackage=android
04-21 12:17:29.937 D/AlarmManager(  888): setImplLocked() callingPackage=woyou.aidlservice.jiuiv5
04-21 12:17:29.950 W/libprocessgroup(  888): SetCgroup::ExecuteForProcess: failed to open /dev/stune/background/cgroup.procs: No such file or directory
