04-21 12:17:29.983 D/AlarmManager(  888): setImplLocked() callingPackage=android
04-21 12:17:29.984 W/libprocessgroup(  888): SetCgroup::ExecuteForProcess: failed to open /dev/stune/background/cgroup.procs: No such file or directory
04-21 12:17:29.987 D/AlarmManager(  888): setImplLocked() callingPackage=android
04-21 12:17:29.987 D/AlarmManager(  888): setImplLocked() callingPackage=android
04-21 12:17:29.990 W/JobScheduler(  888): Job didn't exist in JobStore: d29bb00 #u0a79/1556 woyou.market/com.sunmi.appstore.core.TimeJobService
04-21 12:17:30.018 W/viders.calendar( 3007): Reducing the number of considered missed Gc histogram windows from 21609 to 100
04-21 12:17:30.299 E/WifiStaIfaceAidlImpl(  888): getLinkLayerStats failed with service-specific exception: android.os.ServiceSpecificException: unknown error (code 9)
04-21 12:17:33.310 E/WifiStaIfaceAidlImpl(  888): getLinkLayerStats failed with service-specific exception: android.os.ServiceSpecificException: unknown error (code 9)
04-21 12:17:36.322 E/WifiStaIfaceAidlImpl(  888): getLinkLayerStats failed with service-specific exception: android.os.ServiceSpecificException: unknown error (code 9)
04-21 12:17:39.335 E/WifiStaIfaceAidlImpl(  888): getLinkLayerStats failed with service-specific exception: android.os.ServiceSpecificException: unknown error (code 9)
04-21 12:17:40.052 D/ActivityManager(  888): freezing 3007 com.android.providers.calendar
04-21 12:17:42.174 E/android.hardware.graphics.composer3-service.rockchip(  344): wait,line=113 wait callback timeout
04-21 12:17:42.347 E/WifiStaIfaceAidlImpl(  888): getLinkLayerStats failed with service-specific exception: android.os.ServiceSpecificException: unknown error (code 9)
04-21 12:17:45.358 E/WifiStaIfaceAidlImpl(  888): getLinkLayerStats failed with service-specific exception: android.os.ServiceSpecificException: unknown error (code 9)
04-21 12:17:45.599 E/SdkStatusContentProvider( 2731): SdkSettingPreferences onSharedPreferenceChanged key = isp
04-21 12:17:45.599 E/SdkStatusContentProvider( 2731): SdkSettingPreferences onSharedPreferenceChanged key = isp
04-21 12:17:45.600 E/ActivityThread( 2731): Failed to find provider info for com.alipay.iot.settings.SettingsProvider
04-21 12:17:45.601 E/ActivityThread( 2731): Failed to find provider info for com.alipay.iot.settings.SettingsProvider
04-21 12:17:45.603 I/UsbExtImpl(  888): default allow  uid:10099pid:2731  processName=com.alipay.iot.service to use PC Camera
04-21 12:17:45.603 V/UsbExtImpl(  888): smconf processName:com.alipay.iot.service
04-21 12:17:45.603 I/UsbExtImpl(  888): smconf disallow  uid:10099pid:2731  processName=com.alipay.iot.service to use GD32-USB_Printer
04-21 12:17:45.603 I/UsbExtImpl(  888): default allow  uid:10099pid:2731  processName=com.alipay.iot.service to use NS021 USB HID Keyboard
04-21 12:17:45.605 I/UsbExtImpl(  888): default allow  uid:10099pid:2731  processName=com.alipay.iot.service to use PC Camera
04-21 12:17:45.605 V/UsbExtImpl(  888): smconf processName:com.alipay.iot.service
04-21 12:17:45.605 I/UsbExtImpl(  888): smconf disallow  uid:10099pid:2731  processName=com.alipay.iot.service to use GD32-USB_Printer
04-21 12:17:45.606 I/UsbExtImpl(  888): default allow  uid:10099pid:2731  processName=com.alipay.iot.service to use NS021 USB HID Keyboard
04-21 12:17:45.607 I/UsbExtImpl(  888): default allow  uid:10099pid:2731  processName=com.alipay.iot.service to use PC Camera
04-21 12:17:45.607 V/UsbExtImpl(  888): smconf processName:com.alipay.iot.service
04-21 12:17:45.607 I/UsbExtImpl(  888): smconf disallow  uid:10099pid:2731  processName=com.alipay.iot.service to use GD32-USB_Printer
04-21 12:17:45.607 I/UsbExtImpl(  888): default allow  uid:10099pid:2731  processName=com.alipay.iot.service to use NS021 USB HID Keyboard
04-21 12:17:45.609 I/UsbExtImpl(  888): default allow  uid:10099pid:2731  processName=com.alipay.iot.service to use PC Camera
04-21 12:17:45.609 V/UsbExtImpl(  888): smconf processName:com.alipay.iot.service
04-21 12:17:45.609 I/UsbExtImpl(  888): smconf disallow  uid:10099pid:2731  processName=com.alipay.iot.service to use GD32-USB_Printer
04-21 12:17:45.609 I/UsbExtImpl(  888): default allow  uid:10099pid:2731  processName=com.alipay.iot.service to use NS021 USB HID Keyboard
04-21 12:17:45.610 I/UsbExtImpl(  888): default allow  uid:10099pid:2731  processName=com.alipay.iot.service to use PC Camera
04-21 12:17:45.611 V/UsbExtImpl(  888): smconf processName:com.alipay.iot.service
04-21 12:17:45.611 I/UsbExtImpl(  888): smconf disallow  uid:10099pid:2731  processName=com.alipay.iot.service to use GD32-USB_Printer
04-21 12:17:45.611 I/UsbExtImpl(  888): default allow  uid:10099pid:2731  processName=com.alipay.iot.service to use NS021 USB HID Keyboard
04-21 12:17:48.368 E/WifiStaIfaceAidlImpl(  888): getLinkLayerStats failed with service-specific exception: android.os.ServiceSpecificException: unknown error (code 9)
04-21 12:17:51.379 E/WifiStaIfaceAidlImpl(  888): getLinkLayerStats failed with service-specific exception: android.os.ServiceSpecificException: unknown error (code 9)
04-21 12:17:54.391 E/WifiStaIfaceAidlImpl(  888): getLinkLayerStats failed with service-specific exception: android.os.ServiceSpecificException: unknown error (code 9)
04-21 12:17:57.403 E/WifiStaIfaceAidlImpl(  888): getLinkLayerStats failed with service-specific exception: android.os.ServiceSpecificException: unknown error (code 9)
04-21 12:18:00.000 D/AlarmManager(  888): setImplLocked() callingPackage=android
04-21 12:18:00.411 E/WifiStaIfaceAidlImpl(  888): getLinkLayerStats failed with service-specific exception: android.os.ServiceSpecificException: unknown error (code 9)
04-21 12:18:02.175 E/android.hardware.graphics.composer3-service.rockchip(  344): wait,line=113 wait callback timeout
04-21 12:18:03.422 E/WifiStaIfaceAidlImpl(  888): getLinkLayerStats failed with service-specific exception: android.os.ServiceSpecificException: unknown error (code 9)
04-21 12:18:06.431 E/WifiStaIfaceAidlImpl(  888): getLinkLayerStats failed with service-specific exception: android.os.ServiceSpecificException: unknown error (code 9)
04-21 12:18:09.443 E/WifiStaIfaceAidlImpl(  888): getLinkLayerStats failed with service-specific exception: android.os.ServiceSpecificException: unknown error (code 9)
04-21 12:18:12.455 E/WifiStaIfaceAidlImpl(  888): getLinkLayerStats failed with service-specific exception: android.os.ServiceSpecificException: unknown error (code 9)
04-21 12:18:15.467 E/WifiStaIfaceAidlImpl(  888): getLinkLayerStats failed with service-specific exception: android.os.ServiceSpecificException: unknown error (code 9)
04-21 12:18:18.478 E/WifiStaIfaceAidlImpl(  888): getLinkLayerStats failed with service-specific exception: android.os.ServiceSpecificException: unknown error (code 9)
04-21 12:18:19.086 D/AlarmManager(  888): setImplLocked() callingPackage=sunmi.remotemanager
04-21 12:18:21.487 E/WifiStaIfaceAidlImpl(  888): getLinkLayerStats failed with service-specific exception: android.os.ServiceSpecificException: unknown error (code 9)
04-21 12:18:22.175 E/android.hardware.graphics.composer3-service.rockchip(  344): wait,line=113 wait callback timeout
04-21 12:18:24.498 E/WifiStaIfaceAidlImpl(  888): getLinkLayerStats failed with service-specific exception: android.os.ServiceSpecificException: unknown error (code 9)
04-21 12:18:27.509 E/WifiStaIfaceAidlImpl(  888): getLinkLayerStats failed with service-specific exception: android.os.ServiceSpecificException: unknown error (code 9)
04-21 12:18:29.934 I/libbt_vendor(  649): AICBTDBG(LOGINFO)	op for 7
04-21 12:18:29.934 I/bt_hwcfg_uart(  649): AICBTDBG(LOGINFO)	set_wake_stat 1
04-21 12:18:29.935 I/bt_upio (  649): AICBTDBG(LOGINFO)	upio_set : pio 0 action 2, polarity 1
04-21 12:18:29.935 I/bt_upio (  649): AICBTDBG(LOGINFO)	upio_set: proc btwrite assertion, buffer: 1, timer_armed 0 0
04-21 12:18:29.937 E/bt_btm  ( 1282): packages/modules/Bluetooth/system/main/bte_logmsg.cc:105 LogMsg: wrong length for btm_ble_cont_energy_cmpl_cback
04-21 12:18:30.519 E/WifiStaIfaceAidlImpl(  888): getLinkLayerStats failed with service-specific exception: android.os.ServiceSpecificException: unknown error (code 9)
04-21 12:18:32.937 I/libbt_vendor(  649): AICBTDBG(LOGINFO)	op for 7
04-21 12:18:32.937 I/bt_hwcfg_uart(  649): AICBTDBG(LOGINFO)	set_wake_stat 0
04-21 12:18:32.937 I/bt_upio (  649): AICBTDBG(LOGINFO)	upio_set : pio 0 action 1, polarity 1
04-21 12:18:33.527 E/WifiStaIfaceAidlImpl(  888): getLinkLayerStats failed with service-specific exception: android.os.ServiceSpecificException: unknown error (code 9)
04-21 12:18:36.539 E/WifiStaIfaceAidlImpl(  888): getLinkLayerStats failed with service-specific exception: android.os.ServiceSpecificException: unknown error (code 9)
04-21 12:18:39.550 E/WifiStaIfaceAidlImpl(  888): getLinkLayerStats failed with service-specific exception: android.os.ServiceSpecificException: unknown error (code 9)
04-21 12:18:42.175 E/android.hardware.graphics.composer3-service.rockchip(  344): wait,line=113 wait callback timeout
04-21 12:18:42.562 E/WifiStaIfaceAidlImpl(  888): getLinkLayerStats failed with service-specific exception: android.os.ServiceSpecificException: unknown error (code 9)
04-21 12:18:45.571 E/WifiStaIfaceAidlImpl(  888): getLinkLayerStats failed with service-specific exception: android.os.ServiceSpecificException: unknown error (code 9)
04-21 12:18:45.623 E/SdkStatusContentProvider( 2731): SdkSettingPreferences onSharedPreferenceChanged key = isp
04-21 12:18:45.623 E/SdkStatusContentProvider( 2731): SdkSettingPreferences onSharedPreferenceChanged key = isp
04-21 12:18:45.624 E/ActivityThread( 2731): Failed to find provider info for com.alipay.iot.settings.SettingsProvider
04-21 12:18:45.625 E/ActivityThread( 2731): Failed to find provider info for com.alipay.iot.settings.SettingsProvider
04-21 12:18:45.627 I/UsbExtImpl(  888): default allow  uid:10099pid:2731  processName=com.alipay.iot.service to use PC Camera
04-21 12:18:45.627 V/UsbExtImpl(  888): smconf processName:com.alipay.iot.service
04-21 12:18:45.628 I/UsbExtImpl(  888): smconf disallow  uid:10099pid:2731  processName=com.alipay.iot.service to use GD32-USB_Printer
04-21 12:18:45.628 I/UsbExtImpl(  888): default allow  uid:10099pid:2731  processName=com.alipay.iot.service to use NS021 USB HID Keyboard
04-21 12:18:45.630 I/UsbExtImpl(  888): default allow  uid:10099pid:2731  processName=com.alipay.iot.service to use PC Camera
04-21 12:18:45.630 V/UsbExtImpl(  888): smconf processName:com.alipay.iot.service
04-21 12:18:45.630 I/UsbExtImpl(  888): smconf disallow  uid:10099pid:2731  processName=com.alipay.iot.service to use GD32-USB_Printer
04-21 12:18:45.630 I/UsbExtImpl(  888): default allow  uid:10099pid:2731  processName=com.alipay.iot.service to use NS021 USB HID Keyboard
04-21 12:18:45.632 I/UsbExtImpl(  888): default allow  uid:10099pid:2731  processName=com.alipay.iot.service to use PC Camera
04-21 12:18:45.632 V/UsbExtImpl(  888): smconf processName:com.alipay.iot.service
04-21 12:18:45.632 I/UsbExtImpl(  888): smconf disallow  uid:10099pid:2731  processName=com.alipay.iot.service to use GD32-USB_Printer
04-21 12:18:45.632 I/UsbExtImpl(  888): default allow  uid:10099pid:2731  processName=com.alipay.iot.service to use NS021 USB HID Keyboard
04-21 12:18:45.633 I/UsbExtImpl(  888): default allow  uid:10099pid:2731  processName=com.alipay.iot.service to use PC Camera
04-21 12:18:45.634 V/UsbExtImpl(  888): smconf processName:com.alipay.iot.service
04-21 12:18:45.634 I/UsbExtImpl(  888): smconf disallow  uid:10099pid:2731  processName=com.alipay.iot.service to use GD32-USB_Printer
04-21 12:18:45.634 I/UsbExtImpl(  888): default allow  uid:10099pid:2731  processName=com.alipay.iot.service to use NS021 USB HID Keyboard
04-21 12:18:45.635 I/UsbExtImpl(  888): default allow  uid:10099pid:2731  processName=com.alipay.iot.service to use PC Camera
04-21 12:18:45.636 V/UsbExtImpl(  888): smconf processName:com.alipay.iot.service
04-21 12:18:45.636 I/UsbExtImpl(  888): smconf disallow  uid:10099pid:2731  processName=com.alipay.iot.service to use GD32-USB_Printer
04-21 12:18:45.636 I/UsbExtImpl(  888): default allow  uid:10099pid:2731  processName=com.alipay.iot.service to use NS021 USB HID Keyboard
04-21 12:18:48.582 E/WifiStaIfaceAidlImpl(  888): getLinkLayerStats failed with service-specific exception: android.os.ServiceSpecificException: unknown error (code 9)
04-21 12:18:51.594 E/WifiStaIfaceAidlImpl(  888): getLinkLayerStats failed with service-specific exception: android.os.ServiceSpecificException: unknown error (code 9)
04-21 12:18:54.602 E/WifiStaIfaceAidlImpl(  888): getLinkLayerStats failed with service-specific exception: android.os.ServiceSpecificException: unknown error (code 9)
04-21 12:18:57.615 E/WifiStaIfaceAidlImpl(  888): getLinkLayerStats failed with service-specific exception: android.os.ServiceSpecificException: unknown error (code 9)
04-21 12:19:00.000 D/AlarmManager(  888): setImplLocked() callingPackage=android
04-21 12:19:00.627 E/WifiStaIfaceAidlImpl(  888): getLinkLayerStats failed with service-specific exception: android.os.ServiceSpecificException: unknown error (code 9)
04-21 12:19:02.176 E/android.hardware.graphics.composer3-service.rockchip(  344): wait,line=113 wait callback timeout
04-21 12:19:03.639 E/WifiStaIfaceAidlImpl(  888): getLinkLayerStats failed with service-specific exception: android.os.ServiceSpecificException: unknown error (code 9)
04-21 12:19:06.647 E/WifiStaIfaceAidlImpl(  888): getLinkLayerStats failed with service-specific exception: android.os.ServiceSpecificException: unknown error (code 9)
04-21 12:19:09.659 E/WifiStaIfaceAidlImpl(  888): getLinkLayerStats failed with service-specific exception: android.os.ServiceSpecificException: unknown error (code 9)
04-21 12:19:12.670 E/WifiStaIfaceAidlImpl(  888): getLinkLayerStats failed with service-specific exception: android.os.ServiceSpecificException: unknown error (code 9)
04-21 12:19:15.682 E/WifiStaIfaceAidlImpl(  888): getLinkLayerStats failed with service-specific exception: android.os.ServiceSpecificException: unknown error (code 9)
04-21 12:19:18.693 E/WifiStaIfaceAidlImpl(  888): getLinkLayerStats failed with service-specific exception: android.os.ServiceSpecificException: unknown error (code 9)
04-21 12:19:19.175 D/AlarmManager(  888): setImplLocked() callingPackage=sunmi.remotemanager
04-21 12:19:21.705 E/WifiStaIfaceAidlImpl(  888): getLinkLayerStats failed with service-specific exception: android.os.ServiceSpecificException: unknown error (code 9)
04-21 12:19:22.176 E/android.hardware.graphics.composer3-service.rockchip(  344): wait,line=113 wait callback timeout
04-21 12:19:24.716 E/WifiStaIfaceAidlImpl(  888): getLinkLayerStats failed with service-specific exception: android.os.ServiceSpecificException: unknown error (code 9)
04-21 12:19:27.728 E/WifiStaIfaceAidlImpl(  888): getLinkLayerStats failed with service-specific exception: android.os.ServiceSpecificException: unknown error (code 9)
04-21 12:19:30.739 E/WifiStaIfaceAidlImpl(  888): getLinkLayerStats failed with service-specific exception: android.os.ServiceSpecificException: unknown error (code 9)
04-21 12:19:33.750 E/WifiStaIfaceAidlImpl(  888): getLinkLayerStats failed with service-specific exception: android.os.ServiceSpecificException: unknown error (code 9)
04-21 12:19:36.759 E/WifiStaIfaceAidlImpl(  888): getLinkLayerStats failed with service-specific exception: android.os.ServiceSpecificException: unknown error (code 9)
04-21 12:19:39.771 E/WifiStaIfaceAidlImpl(  888): getLinkLayerStats failed with service-specific exception: android.os.ServiceSpecificException: unknown error (code 9)
04-21 12:19:42.177 E/android.hardware.graphics.composer3-service.rockchip(  344): wait,line=113 wait callback timeout
04-21 12:19:42.783 E/WifiStaIfaceAidlImpl(  888): getLinkLayerStats failed with service-specific exception: android.os.ServiceSpecificException: unknown error (code 9)
04-21 12:19:45.644 E/SdkStatusContentProvider( 2731): SdkSettingPreferences onSharedPreferenceChanged key = isp
04-21 12:19:45.644 E/SdkStatusContentProvider( 2731): SdkSettingPreferences onSharedPreferenceChanged key = isp
04-21 12:19:45.646 E/ActivityThread( 2731): Failed to find provider info for com.alipay.iot.settings.SettingsProvider
04-21 12:19:45.647 E/ActivityThread( 2731): Failed to find provider info for com.alipay.iot.settings.SettingsProvider
04-21 12:19:45.649 I/UsbExtImpl(  888): default allow  uid:10099pid:2731  processName=com.alipay.iot.service to use PC Camera
04-21 12:19:45.649 V/UsbExtImpl(  888): smconf processName:com.alipay.iot.service
04-21 12:19:45.649 I/UsbExtImpl(  888): smconf disallow  uid:10099pid:2731  processName=com.alipay.iot.service to use GD32-USB_Printer
04-21 12:19:45.649 I/UsbExtImpl(  888): default allow  uid:10099pid:2731  processName=com.alipay.iot.service to use NS021 USB HID Keyboard
04-21 12:19:45.651 I/UsbExtImpl(  888): default allow  uid:10099pid:2731  processName=com.alipay.iot.service to use PC Camera
04-21 12:19:45.651 V/UsbExtImpl(  888): smconf processName:com.alipay.iot.service
04-21 12:19:45.651 I/UsbExtImpl(  888): smconf disallow  uid:10099pid:2731  processName=com.alipay.iot.service to use GD32-USB_Printer
04-21 12:19:45.651 I/UsbExtImpl(  888): default allow  uid:10099pid:2731  processName=com.alipay.iot.service to use NS021 USB HID Keyboard
04-21 12:19:45.653 I/UsbExtImpl(  888): default allow  uid:10099pid:2731  processName=com.alipay.iot.service to use PC Camera
04-21 12:19:45.653 V/UsbExtImpl(  888): smconf processName:com.alipay.iot.service
04-21 12:19:45.653 I/UsbExtImpl(  888): smconf disallow  uid:10099pid:2731  processName=com.alipay.iot.service to use GD32-USB_Printer
04-21 12:19:45.653 I/UsbExtImpl(  888): default allow  uid:10099pid:2731  processName=com.alipay.iot.service to use NS021 USB HID Keyboard
04-21 12:19:45.655 I/UsbExtImpl(  888): default allow  uid:10099pid:2731  processName=com.alipay.iot.service to use PC Camera
04-21 12:19:45.655 V/UsbExtImpl(  888): smconf processName:com.alipay.iot.service
04-21 12:19:45.655 I/UsbExtImpl(  888): smconf disallow  uid:10099pid:2731  processName=com.alipay.iot.service to use GD32-USB_Printer
04-21 12:19:45.655 I/UsbExtImpl(  888): default allow  uid:10099pid:2731  processName=com.alipay.iot.service to use NS021 USB HID Keyboard
04-21 12:19:45.656 I/UsbExtImpl(  888): default allow  uid:10099pid:2731  processName=com.alipay.iot.service to use PC Camera
04-21 12:19:45.657 V/UsbExtImpl(  888): smconf processName:com.alipay.iot.service
04-21 12:19:45.657 I/UsbExtImpl(  888): smconf disallow  uid:10099pid:2731  processName=com.alipay.iot.service to use GD32-USB_Printer
04-21 12:19:45.657 I/UsbExtImpl(  888): default allow  uid:10099pid:2731  processName=com.alipay.iot.service to use NS021 USB HID Keyboard
04-21 12:19:45.716 I/pay.iot.service( 2731): Background concurrent mark compact GC freed 218369(10MB) AllocSpace objects, 22(1144KB) LOS objects, 49% free, 12MB/24MB, paused 684us,5.887ms total 54.150ms
04-21 12:19:45.794 E/WifiStaIfaceAidlImpl(  888): getLinkLayerStats failed with service-specific exception: android.os.ServiceSpecificException: unknown error (code 9)
04-21 12:19:48.803 E/WifiStaIfaceAidlImpl(  888): getLinkLayerStats failed with service-specific exception: android.os.ServiceSpecificException: unknown error (code 9)
04-21 12:19:51.815 E/WifiStaIfaceAidlImpl(  888): getLinkLayerStats failed with service-specific exception: android.os.ServiceSpecificException: unknown error (code 9)
04-21 12:19:54.826 E/WifiStaIfaceAidlImpl(  888): getLinkLayerStats failed with service-specific exception: android.os.ServiceSpecificException: unknown error (code 9)
04-21 12:19:57.838 E/WifiStaIfaceAidlImpl(  888): getLinkLayerStats failed with service-specific exception: android.os.ServiceSpecificException: unknown error (code 9)
04-21 12:20:00.000 D/AlarmManager(  888): setImplLocked() callingPackage=android
04-21 12:20:00.488 I/UsageStatsService(  888): User[0] Flushing usage stats to disk
04-21 12:20:00.847 E/WifiStaIfaceAidlImpl(  888): getLinkLayerStats failed with service-specific exception: android.os.ServiceSpecificException: unknown error (code 9)
04-21 12:20:02.177 E/android.hardware.graphics.composer3-service.rockchip(  344): wait,line=113 wait callback timeout
04-21 12:20:03.859 E/WifiStaIfaceAidlImpl(  888): getLinkLayerStats failed with service-specific exception: android.os.ServiceSpecificException: unknown error (code 9)
04-21 12:20:06.870 E/WifiStaIfaceAidlImpl(  888): getLinkLayerStats failed with service-specific exception: android.os.ServiceSpecificException: unknown error (code 9)
04-21 12:20:09.879 E/WifiStaIfaceAidlImpl(  888): getLinkLayerStats failed with service-specific exception: android.os.ServiceSpecificException: unknown error (code 9)
04-21 12:20:12.887 E/WifiStaIfaceAidlImpl(  888): getLinkLayerStats failed with service-specific exception: android.os.ServiceSpecificException: unknown error (code 9)
04-21 12:20:15.898 E/WifiStaIfaceAidlImpl(  888): getLinkLayerStats failed with service-specific exception: android.os.ServiceSpecificException: unknown error (code 9)
04-21 12:20:18.907 E/WifiStaIfaceAidlImpl(  888): getLinkLayerStats failed with service-specific exception: android.os.ServiceSpecificException: unknown error (code 9)
04-21 12:20:19.253 D/AlarmManager(  888): setImplLocked() callingPackage=sunmi.remotemanager
04-21 12:20:21.917 E/WifiStaIfaceAidlImpl(  888): getLinkLayerStats failed with service-specific exception: android.os.ServiceSpecificException: unknown error (code 9)
04-21 12:20:22.177 E/android.hardware.graphics.composer3-service.rockchip(  344): wait,line=113 wait callback timeout
04-21 12:20:24.927 E/WifiStaIfaceAidlImpl(  888): getLinkLayerStats failed with service-specific exception: android.os.ServiceSpecificException: unknown error (code 9)
04-21 12:20:27.936 E/WifiStaIfaceAidlImpl(  888): getLinkLayerStats failed with service-specific exception: android.os.ServiceSpecificException: unknown error (code 9)
04-21 12:20:30.947 E/WifiStaIfaceAidlImpl(  888): getLinkLayerStats failed with service-specific exception: android.os.ServiceSpecificException: unknown error (code 9)
04-21 12:20:33.959 E/WifiStaIfaceAidlImpl(  888): getLinkLayerStats failed with service-specific exception: android.os.ServiceSpecificException: unknown error (code 9)
04-21 12:20:36.971 E/WifiStaIfaceAidlImpl(  888): getLinkLayerStats failed with service-specific exception: android.os.ServiceSpecificException: unknown error (code 9)
04-21 12:20:39.983 E/WifiStaIfaceAidlImpl(  888): getLinkLayerStats failed with service-specific exception: android.os.ServiceSpecificException: unknown error (code 9)
04-21 12:20:42.178 E/android.hardware.graphics.composer3-service.rockchip(  344): wait,line=113 wait callback timeout
04-21 12:20:42.995 E/WifiStaIfaceAidlImpl(  888): getLinkLayerStats failed with service-specific exception: android.os.ServiceSpecificException: unknown error (code 9)
04-21 12:20:45.669 E/SdkStatusContentProvider( 2731): SdkSettingPreferences onSharedPreferenceChanged key = isp
04-21 12:20:45.669 E/SdkStatusContentProvider( 2731): SdkSettingPreferences onSharedPreferenceChanged key = isp
04-21 12:20:45.671 E/ActivityThread( 2731): Failed to find provider info for com.alipay.iot.settings.SettingsProvider
04-21 12:20:45.672 E/ActivityThread( 2731): Failed to find provider info for com.alipay.iot.settings.SettingsProvider
04-21 12:20:45.674 I/UsbExtImpl(  888): default allow  uid:10099pid:2731  processName=com.alipay.iot.service to use PC Camera
04-21 12:20:45.675 V/UsbExtImpl(  888): smconf processName:com.alipay.iot.service
04-21 12:20:45.675 I/UsbExtImpl(  888): smconf disallow  uid:10099pid:2731  processName=com.alipay.iot.service to use GD32-USB_Printer
04-21 12:20:45.675 I/UsbExtImpl(  888): default allow  uid:10099pid:2731  processName=com.alipay.iot.service to use NS021 USB HID Keyboard
04-21 12:20:45.677 I/UsbExtImpl(  888): default allow  uid:10099pid:2731  processName=com.alipay.iot.service to use PC Camera
04-21 12:20:45.677 V/UsbExtImpl(  888): smconf processName:com.alipay.iot.service
04-21 12:20:45.677 I/UsbExtImpl(  888): smconf disallow  uid:10099pid:2731  processName=com.alipay.iot.service to use GD32-USB_Printer
04-21 12:20:45.678 I/UsbExtImpl(  888): default allow  uid:10099pid:2731  processName=com.alipay.iot.service to use NS021 USB HID Keyboard
04-21 12:20:45.679 I/UsbExtImpl(  888): default allow  uid:10099pid:2731  processName=com.alipay.iot.service to use PC Camera
04-21 12:20:45.679 V/UsbExtImpl(  888): smconf processName:com.alipay.iot.service
04-21 12:20:45.679 I/UsbExtImpl(  888): smconf disallow  uid:10099pid:2731  processName=com.alipay.iot.service to use GD32-USB_Printer
04-21 12:20:45.680 I/UsbExtImpl(  888): default allow  uid:10099pid:2731  processName=com.alipay.iot.service to use NS021 USB HID Keyboard
04-21 12:20:45.681 I/UsbExtImpl(  888): default allow  uid:10099pid:2731  processName=com.alipay.iot.service to use PC Camera
04-21 12:20:45.682 V/UsbExtImpl(  888): smconf processName:com.alipay.iot.service
04-21 12:20:45.682 I/UsbExtImpl(  888): smconf disallow  uid:10099pid:2731  processName=com.alipay.iot.service to use GD32-USB_Printer
04-21 12:20:45.682 I/UsbExtImpl(  888): default allow  uid:10099pid:2731  processName=com.alipay.iot.service to use NS021 USB HID Keyboard
04-21 12:20:45.683 I/UsbExtImpl(  888): default allow  uid:10099pid:2731  processName=com.alipay.iot.service to use PC Camera
04-21 12:20:45.683 V/UsbExtImpl(  888): smconf processName:com.alipay.iot.service
04-21 12:20:45.683 I/UsbExtImpl(  888): smconf disallow  uid:10099pid:2731  processName=com.alipay.iot.service to use GD32-USB_Printer
04-21 12:20:45.684 I/UsbExtImpl(  888): default allow  uid:10099pid:2731  processName=com.alipay.iot.service to use NS021 USB HID Keyboard
04-21 12:20:46.003 E/WifiStaIfaceAidlImpl(  888): getLinkLayerStats failed with service-specific exception: android.os.ServiceSpecificException: unknown error (code 9)
04-21 12:20:49.015 E/WifiStaIfaceAidlImpl(  888): getLinkLayerStats failed with service-specific exception: android.os.ServiceSpecificException: unknown error (code 9)
04-21 12:20:52.023 E/WifiStaIfaceAidlImpl(  888): getLinkLayerStats failed with service-specific exception: android.os.ServiceSpecificException: unknown error (code 9)
04-21 12:20:55.031 E/WifiStaIfaceAidlImpl(  888): getLinkLayerStats failed with service-specific exception: android.os.ServiceSpecificException: unknown error (code 9)
04-21 12:20:58.042 E/WifiStaIfaceAidlImpl(  888): getLinkLayerStats failed with service-specific exception: android.os.ServiceSpecificException: unknown error (code 9)
04-21 12:21:00.000 D/AlarmManager(  888): setImplLocked() callingPackage=android
04-21 12:21:01.051 E/WifiStaIfaceAidlImpl(  888): getLinkLayerStats failed with service-specific exception: android.os.ServiceSpecificException: unknown error (code 9)
04-21 12:21:02.178 E/android.hardware.graphics.composer3-service.rockchip(  344): wait,line=113 wait callback timeout
04-21 12:21:04.062 E/WifiStaIfaceAidlImpl(  888): getLinkLayerStats failed with service-specific exception: android.os.ServiceSpecificException: unknown error (code 9)
04-21 12:21:07.073 E/WifiStaIfaceAidlImpl(  888): getLinkLayerStats failed with service-specific exception: android.os.ServiceSpecificException: unknown error (code 9)
04-21 12:21:10.083 E/WifiStaIfaceAidlImpl(  888): getLinkLayerStats failed with service-specific exception: android.os.ServiceSpecificException: unknown error (code 9)
04-21 12:21:13.093 E/WifiStaIfaceAidlImpl(  888): getLinkLayerStats failed with service-specific exception: android.os.ServiceSpecificException: unknown error (code 9)
04-21 12:21:16.104 E/WifiStaIfaceAidlImpl(  888): getLinkLayerStats failed with service-specific exception: android.os.ServiceSpecificException: unknown error (code 9)
04-21 12:21:19.114 E/WifiStaIfaceAidlImpl(  888): getLinkLayerStats failed with service-specific exception: android.os.ServiceSpecificException: unknown error (code 9)
04-21 12:21:19.318 I/i.remotemanager( 1862): Background concurrent mark compact GC freed 9687(2951KB) AllocSpace objects, 82(1640KB) LOS objects, 49% free, 4639KB/9278KB, paused 954us,6.410ms total 53.938ms
04-21 12:21:19.318 W/i.remotemanager( 1862): Reducing the number of considered missed Gc histogram windows from 486 to 100
04-21 12:21:19.329 D/AlarmManager(  888): setImplLocked() callingPackage=sunmi.remotemanager
04-21 12:21:22.125 E/WifiStaIfaceAidlImpl(  888): getLinkLayerStats failed with service-specific exception: android.os.ServiceSpecificException: unknown error (code 9)
04-21 12:21:22.178 E/android.hardware.graphics.composer3-service.rockchip(  344): wait,line=113 wait callback timeout
04-21 12:21:25.135 E/WifiStaIfaceAidlImpl(  888): getLinkLayerStats failed with service-specific exception: android.os.ServiceSpecificException: unknown error (code 9)
04-21 12:21:28.147 E/WifiStaIfaceAidlImpl(  888): getLinkLayerStats failed with service-specific exception: android.os.ServiceSpecificException: unknown error (code 9)
04-21 12:21:31.159 E/WifiStaIfaceAidlImpl(  888): getLinkLayerStats failed with service-specific exception: android.os.ServiceSpecificException: unknown error (code 9)
04-21 12:21:34.171 E/WifiStaIfaceAidlImpl(  888): getLinkLayerStats failed with service-specific exception: android.os.ServiceSpecificException: unknown error (code 9)
04-21 12:21:37.182 E/WifiStaIfaceAidlImpl(  888): getLinkLayerStats failed with service-specific exception: android.os.ServiceSpecificException: unknown error (code 9)
04-21 12:21:40.194 E/WifiStaIfaceAidlImpl(  888): getLinkLayerStats failed with service-specific exception: android.os.ServiceSpecificException: unknown error (code 9)
04-21 12:21:42.179 E/android.hardware.graphics.composer3-service.rockchip(  344): wait,line=113 wait callback timeout
04-21 12:21:43.206 E/WifiStaIfaceAidlImpl(  888): getLinkLayerStats failed with service-specific exception: android.os.ServiceSpecificException: unknown error (code 9)
04-21 12:21:45.695 E/SdkStatusContentProvider( 2731): SdkSettingPreferences onSharedPreferenceChanged key = isp
04-21 12:21:45.695 E/SdkStatusContentProvider( 2731): SdkSettingPreferences onSharedPreferenceChanged key = isp
04-21 12:21:45.696 E/ActivityThread( 2731): Failed to find provider info for com.alipay.iot.settings.SettingsProvider
04-21 12:21:45.697 E/ActivityThread( 2731): Failed to find provider info for com.alipay.iot.settings.SettingsProvider
04-21 12:21:45.699 I/UsbExtImpl(  888): default allow  uid:10099pid:2731  processName=com.alipay.iot.service to use PC Camera
04-21 12:21:45.699 V/UsbExtImpl(  888): smconf processName:com.alipay.iot.service
04-21 12:21:45.699 I/UsbExtImpl(  888): smconf disallow  uid:10099pid:2731  processName=com.alipay.iot.service to use GD32-USB_Printer
04-21 12:21:45.700 I/UsbExtImpl(  888): default allow  uid:10099pid:2731  processName=com.alipay.iot.service to use NS021 USB HID Keyboard
04-21 12:21:45.701 I/UsbExtImpl(  888): default allow  uid:10099pid:2731  processName=com.alipay.iot.service to use PC Camera
04-21 12:21:45.701 V/UsbExtImpl(  888): smconf processName:com.alipay.iot.service
04-21 12:21:45.701 I/UsbExtImpl(  888): smconf disallow  uid:10099pid:2731  processName=com.alipay.iot.service to use GD32-USB_Printer
04-21 12:21:45.702 I/UsbExtImpl(  888): default allow  uid:10099pid:2731  processName=com.alipay.iot.service to use NS021 USB HID Keyboard
04-21 12:21:45.703 I/UsbExtImpl(  888): default allow  uid:10099pid:2731  processName=com.alipay.iot.service to use PC Camera
04-21 12:21:45.703 V/UsbExtImpl(  888): smconf processName:com.alipay.iot.service
04-21 12:21:45.703 I/UsbExtImpl(  888): smconf disallow  uid:10099pid:2731  processName=com.alipay.iot.service to use GD32-USB_Printer
04-21 12:21:45.703 I/UsbExtImpl(  888): default allow  uid:10099pid:2731  processName=com.alipay.iot.service to use NS021 USB HID Keyboard
04-21 12:21:45.705 I/UsbExtImpl(  888): default allow  uid:10099pid:2731  processName=com.alipay.iot.service to use PC Camera
04-21 12:21:45.705 V/UsbExtImpl(  888): smconf processName:com.alipay.iot.service
04-21 12:21:45.705 I/UsbExtImpl(  888): smconf disallow  uid:10099pid:2731  processName=com.alipay.iot.service to use GD32-USB_Printer
04-21 12:21:45.705 I/UsbExtImpl(  888): default allow  uid:10099pid:2731  processName=com.alipay.iot.service to use NS021 USB HID Keyboard
04-21 12:21:45.706 I/UsbExtImpl(  888): default allow  uid:10099pid:2731  processName=com.alipay.iot.service to use PC Camera
04-21 12:21:45.707 V/UsbExtImpl(  888): smconf processName:com.alipay.iot.service
04-21 12:21:45.707 I/UsbExtImpl(  888): smconf disallow  uid:10099pid:2731  processName=com.alipay.iot.service to use GD32-USB_Printer
04-21 12:21:45.707 I/UsbExtImpl(  888): default allow  uid:10099pid:2731  processName=com.alipay.iot.service to use NS021 USB HID Keyboard
04-21 12:21:46.213 E/WifiStaIfaceAidlImpl(  888): getLinkLayerStats failed with service-specific exception: android.os.ServiceSpecificException: unknown error (code 9)
04-21 12:21:49.221 E/WifiStaIfaceAidlImpl(  888): getLinkLayerStats failed with service-specific exception: android.os.ServiceSpecificException: unknown error (code 9)
04-21 12:21:52.232 E/WifiStaIfaceAidlImpl(  888): getLinkLayerStats failed with service-specific exception: android.os.ServiceSpecificException: unknown error (code 9)
04-21 12:21:55.244 E/WifiStaIfaceAidlImpl(  888): getLinkLayerStats failed with service-specific exception: android.os.ServiceSpecificException: unknown error (code 9)
04-21 12:21:58.256 E/WifiStaIfaceAidlImpl(  888): getLinkLayerStats failed with service-specific exception: android.os.ServiceSpecificException: unknown error (code 9)
04-21 12:22:00.000 D/AlarmManager(  888): setImplLocked() callingPackage=android
04-21 12:22:01.267 E/WifiStaIfaceAidlImpl(  888): getLinkLayerStats failed with service-specific exception: android.os.ServiceSpecificException: unknown error (code 9)
04-21 12:22:02.179 E/android.hardware.graphics.composer3-service.rockchip(  344): wait,line=113 wait callback timeout
04-21 12:22:04.279 E/WifiStaIfaceAidlImpl(  888): getLinkLayerStats failed with service-specific exception: android.os.ServiceSpecificException: unknown error (code 9)
04-21 12:22:07.290 E/WifiStaIfaceAidlImpl(  888): getLinkLayerStats failed with service-specific exception: android.os.ServiceSpecificException: unknown error (code 9)
04-21 12:22:10.303 E/WifiStaIfaceAidlImpl(  888): getLinkLayerStats failed with service-specific exception: android.os.ServiceSpecificException: unknown error (code 9)
04-21 12:22:13.314 E/WifiStaIfaceAidlImpl(  888): getLinkLayerStats failed with service-specific exception: android.os.ServiceSpecificException: unknown error (code 9)
04-21 12:22:16.326 E/WifiStaIfaceAidlImpl(  888): getLinkLayerStats failed with service-specific exception: android.os.ServiceSpecificException: unknown error (code 9)
04-21 12:22:19.338 E/WifiStaIfaceAidlImpl(  888): getLinkLayerStats failed with service-specific exception: android.os.ServiceSpecificException: unknown error (code 9)
04-21 12:22:19.390 D/AlarmManager(  888): setImplLocked() callingPackage=sunmi.remotemanager
04-21 12:22:22.180 E/android.hardware.graphics.composer3-service.rockchip(  344): wait,line=113 wait callback timeout
04-21 12:22:22.350 E/WifiStaIfaceAidlImpl(  888): getLinkLayerStats failed with service-specific exception: android.os.ServiceSpecificException: unknown error (code 9)
04-21 12:22:25.360 E/WifiStaIfaceAidlImpl(  888): getLinkLayerStats failed with service-specific exception: android.os.ServiceSpecificException: unknown error (code 9)
04-21 12:22:28.371 E/WifiStaIfaceAidlImpl(  888): getLinkLayerStats failed with service-specific exception: android.os.ServiceSpecificException: unknown error (code 9)
04-21 12:22:31.382 E/WifiStaIfaceAidlImpl(  888): getLinkLayerStats failed with service-specific exception: android.os.ServiceSpecificException: unknown error (code 9)
04-21 12:22:34.395 E/WifiStaIfaceAidlImpl(  888): getLinkLayerStats failed with service-specific exception: android.os.ServiceSpecificException: unknown error (code 9)
04-21 12:22:37.406 E/WifiStaIfaceAidlImpl(  888): getLinkLayerStats failed with service-specific exception: android.os.ServiceSpecificException: unknown error (code 9)
04-21 12:22:40.419 E/WifiStaIfaceAidlImpl(  888): getLinkLayerStats failed with service-specific exception: android.os.ServiceSpecificException: unknown error (code 9)
04-21 12:22:42.180 E/android.hardware.graphics.composer3-service.rockchip(  344): wait,line=113 wait callback timeout
04-21 12:22:43.430 E/WifiStaIfaceAidlImpl(  888): getLinkLayerStats failed with service-specific exception: android.os.ServiceSpecificException: unknown error (code 9)
04-21 12:22:45.718 E/SdkStatusContentProvider( 2731): SdkSettingPreferences onSharedPreferenceChanged key = isp
04-21 12:22:45.718 E/SdkStatusContentProvider( 2731): SdkSettingPreferences onSharedPreferenceChanged key = isp
04-21 12:22:45.719 E/ActivityThread( 2731): Failed to find provider info for com.alipay.iot.settings.SettingsProvider
04-21 12:22:45.719 E/ActivityThread( 2731): Failed to find provider info for com.alipay.iot.settings.SettingsProvider
04-21 12:22:45.722 I/UsbExtImpl(  888): default allow  uid:10099pid:2731  processName=com.alipay.iot.service to use PC Camera
04-21 12:22:45.722 V/UsbExtImpl(  888): smconf processName:com.alipay.iot.service
04-21 12:22:45.722 I/UsbExtImpl(  888): smconf disallow  uid:10099pid:2731  processName=com.alipay.iot.service to use GD32-USB_Printer
04-21 12:22:45.722 I/UsbExtImpl(  888): default allow  uid:10099pid:2731  processName=com.alipay.iot.service to use NS021 USB HID Keyboard
04-21 12:22:45.723 I/UsbExtImpl(  888): default allow  uid:10099pid:2731  processName=com.alipay.iot.service to use PC Camera
04-21 12:22:45.724 V/UsbExtImpl(  888): smconf processName:com.alipay.iot.service
04-21 12:22:45.724 I/UsbExtImpl(  888): smconf disallow  uid:10099pid:2731  processName=com.alipay.iot.service to use GD32-USB_Printer
04-21 12:22:45.724 I/UsbExtImpl(  888): default allow  uid:10099pid:2731  processName=com.alipay.iot.service to use NS021 USB HID Keyboard
04-21 12:22:45.725 I/UsbExtImpl(  888): default allow  uid:10099pid:2731  processName=com.alipay.iot.service to use PC Camera
04-21 12:22:45.726 V/UsbExtImpl(  888): smconf processName:com.alipay.iot.service
04-21 12:22:45.726 I/UsbExtImpl(  888): smconf disallow  uid:10099pid:2731  processName=com.alipay.iot.service to use GD32-USB_Printer
04-21 12:22:45.726 I/UsbExtImpl(  888): default allow  uid:10099pid:2731  processName=com.alipay.iot.service to use NS021 USB HID Keyboard
04-21 12:22:45.727 I/UsbExtImpl(  888): default allow  uid:10099pid:2731  processName=com.alipay.iot.service to use PC Camera
04-21 12:22:45.728 V/UsbExtImpl(  888): smconf processName:com.alipay.iot.service
04-21 12:22:45.728 I/UsbExtImpl(  888): smconf disallow  uid:10099pid:2731  processName=com.alipay.iot.service to use GD32-USB_Printer
04-21 12:22:45.728 I/UsbExtImpl(  888): default allow  uid:10099pid:2731  processName=com.alipay.iot.service to use NS021 USB HID Keyboard
04-21 12:22:45.729 I/UsbExtImpl(  888): default allow  uid:10099pid:2731  processName=com.alipay.iot.service to use PC Camera
04-21 12:22:45.730 V/UsbExtImpl(  888): smconf processName:com.alipay.iot.service
04-21 12:22:45.730 I/UsbExtImpl(  888): smconf disallow  uid:10099pid:2731  processName=com.alipay.iot.service to use GD32-USB_Printer
04-21 12:22:45.730 I/UsbExtImpl(  888): default allow  uid:10099pid:2731  processName=com.alipay.iot.service to use NS021 USB HID Keyboard
04-21 12:22:46.441 E/WifiStaIfaceAidlImpl(  888): getLinkLayerStats failed with service-specific exception: android.os.ServiceSpecificException: unknown error (code 9)
04-21 12:22:49.451 E/WifiStaIfaceAidlImpl(  888): getLinkLayerStats failed with service-specific exception: android.os.ServiceSpecificException: unknown error (code 9)
04-21 12:22:52.462 E/WifiStaIfaceAidlImpl(  888): getLinkLayerStats failed with service-specific exception: android.os.ServiceSpecificException: unknown error (code 9)
04-21 12:22:55.238 D/WifiHAL (  670): Setting APF program, halHandle = 0xb400006f4f6eedc0
04-21 12:22:55.238 I/WifiHAL (  670): createRequest: APF set program request
04-21 12:22:55.240 I/WifiHAL (  670): Done!
04-21 12:22:55.471 E/WifiStaIfaceAidlImpl(  888): getLinkLayerStats failed with service-specific exception: android.os.ServiceSpecificException: unknown error (code 9)
04-21 12:22:58.483 E/WifiStaIfaceAidlImpl(  888): getLinkLayerStats failed with service-specific exception: android.os.ServiceSpecificException: unknown error (code 9)
04-21 12:23:00.000 D/AlarmManager(  888): setImplLocked() callingPackage=android
04-21 12:23:01.495 E/WifiStaIfaceAidlImpl(  888): getLinkLayerStats failed with service-specific exception: android.os.ServiceSpecificException: unknown error (code 9)
04-21 12:23:02.180 E/android.hardware.graphics.composer3-service.rockchip(  344): wait,line=113 wait callback timeout
04-21 12:23:04.506 E/WifiStaIfaceAidlImpl(  888): getLinkLayerStats failed with service-specific exception: android.os.ServiceSpecificException: unknown error (code 9)
04-21 12:23:07.519 E/WifiStaIfaceAidlImpl(  888): getLinkLayerStats failed with service-specific exception: android.os.ServiceSpecificException: unknown error (code 9)
04-21 12:23:10.531 E/WifiStaIfaceAidlImpl(  888): getLinkLayerStats failed with service-specific exception: android.os.ServiceSpecificException: unknown error (code 9)
04-21 12:23:13.542 E/WifiStaIfaceAidlImpl(  888): getLinkLayerStats failed with service-specific exception: android.os.ServiceSpecificException: unknown error (code 9)
04-21 12:23:13.724 D/IOHubInitializer( 2731): onReport:memory_status
04-21 12:23:13.724 D/IOHubInitializer( 2731): total=3978196
04-21 12:23:13.724 D/IOHubInitializer( 2731): available=1513436
04-21 12:23:13.826 D/IOHubInitializer( 2731): onReport:memory_detail
04-21 12:23:13.826 D/IOHubInitializer( 2731): summary.code=4420
04-21 12:23:13.826 D/IOHubInitializer( 2731): summary.stack=904
04-21 12:23:13.826 D/IOHubInitializer( 2731): summary.graphics=0
04-21 12:23:13.826 D/IOHubInitializer( 2731): summary.java-heap=6168
04-21 12:23:13.826 D/IOHubInitializer( 2731): summary.native-heap=5188
04-21 12:23:13.826 D/IOHubInitializer( 2731): summary.system=21890
04-21 12:23:13.826 D/IOHubInitializer( 2731): summary.total-pss=41986
04-21 12:23:13.826 D/IOHubInitializer( 2731): summary.private-other=3416
04-21 12:23:13.826 D/IOHubInitializer( 2731): summary.total-swap=18960
04-21 12:23:13.830 D/IOHubInitializer( 2731): onReport:storage_status
04-21 12:23:13.830 D/IOHubInitializer( 2731): total=53356232704
04-21 12:23:13.830 D/IOHubInitializer( 2731): available=50382548992
04-21 12:23:13.857 D/IOHubInitializer( 2731): onReport:threads_status
04-21 12:23:13.857 D/IOHubInitializer( 2731): threads=2731:pay.iot.service:S|2744:Signal:S|2745:perfetto_hprof_:S|2746:Jit:S|2748:HeapTaskDaemon:S|2749:ReferenceQueueD:S|2750:FinalizerDaemon:S|2751:FinalizerWatchd:S|2753:binder:2731_1:S|2754:binder:2731_2:S|2758:binder:2731_3:S|2786:Profile:S|2838:LogAppendWorker:S|2839:queued-work-loo:S|2843:ScheduleTimer:S|2848:utdid:0:S|2849:FgBgMonitorServ:S|2864:pay.iot.service:S|2866:BifrostSignalTh:S|2868:RefQueueWorker@:S|2870:utdid:1:S|2873:WifiManagerThre:S|2874:ConnectivityThr:S|2875:ant-apm:R|2876:historyMsgHandl:S|2877:iohub.bg:S|2878:Thread-7:S|2879:WorkerThread:S|2880:pool-14-thread-:S|2916:Thread-11:S|2919:Thread-10:S|2920:Thread-10:S|2959:DLog:S|2960:Thread-10:S|2963:coll:S|2968:Thread-13:S|2969:Thread-12:S|2977:Thread-16:S|2978:Thread-15:S|2981:Thread-18:S|2982:Thread-17:S|2997:Thread-20:S|2998:Thread-19:S|3002:Thread-22:S|3003:Thread-21:S|3004:Thread-24:S|3005:Thread-23:S|3006:iohub.work:S|3099:Timer-1:S|3100:amnet-mng:S|3101:ActiveLogic:S|3102:Thread-29:S|3103:bifrost.stn:S|3104:Sdt:S|3381:binder:2731_4:S|3498:utdid:2:S|3978:Okio:S|18412:binder:2731_5:S
04-21 12:23:16.554 E/WifiStaIfaceAidlImpl(  888): getLinkLayerStats failed with service-specific exception: android.os.ServiceSpecificException: unknown error (code 9)
04-21 12:23:19.491 D/AlarmManager(  888): setImplLocked() callingPackage=sunmi.remotemanager
04-21 12:23:19.565 E/WifiStaIfaceAidlImpl(  888): getLinkLayerStats failed with service-specific exception: android.os.ServiceSpecificException: unknown error (code 9)
04-21 12:23:22.181 E/android.hardware.graphics.composer3-service.rockchip(  344): wait,line=113 wait callback timeout
04-21 12:23:22.575 E/WifiStaIfaceAidlImpl(  888): getLinkLayerStats failed with service-specific exception: android.os.ServiceSpecificException: unknown error (code 9)
04-21 12:23:25.586 E/WifiStaIfaceAidlImpl(  888): getLinkLayerStats failed with service-specific exception: android.os.ServiceSpecificException: unknown error (code 9)
04-21 12:23:28.598 E/WifiStaIfaceAidlImpl(  888): getLinkLayerStats failed with service-specific exception: android.os.ServiceSpecificException: unknown error (code 9)
04-21 12:23:28.725 I/ndroid.systemui( 1104): NativeAlloc concurrent mark compact GC freed 214401(9906KB) AllocSpace objects, 0(0B) LOS objects, 49% free, 12MB/25MB, paused 697us,4.066ms total 109.029ms
04-21 12:23:28.725 W/ndroid.systemui( 1104): Reducing the number of considered missed Gc histogram windows from 132 to 100
04-21 12:23:28.733 W/ndroid.systemui( 1104): ApkAssets: Deleting an ApkAssets object '<empty> and /data/app/~~TtAnbsjwNLbzyCIaYmH89g==/com.impos2.mixcretailassemblyrn84-Ee4iVJNVH4McdKHKWJvjTA==/base.apk' with 3 weak references
04-21 12:23:28.734 W/System  ( 1104): A resource failed to call release. 
04-21 12:23:28.734 W/System  ( 1104): A resource failed to call release. 
04-21 12:23:28.734 W/System  ( 1104): A resource failed to call release. 
04-21 12:23:28.734 W/System  ( 1104): A resource failed to call release. 
04-21 12:23:28.734 W/System  ( 1104): A resource failed to call release. 
04-21 12:23:28.735 W/System  ( 1104): A resource failed to call release. 
04-21 12:23:28.735 W/System  ( 1104): A resource failed to call release. 
04-21 12:23:28.735 W/System  ( 1104): A resource failed to call release. 
04-21 12:23:28.735 W/System  ( 1104): A resource failed to call HardwareBuffer.close. 
04-21 12:23:28.736 W/System  ( 1104): A resource failed to call release. 
04-21 12:23:28.736 W/System  ( 1104): A resource failed to call release. 
04-21 12:23:28.736 W/System  ( 1104): A resource failed to call release. 
04-21 12:23:28.736 W/System  ( 1104): A resource failed to call release. 
04-21 12:23:28.736 W/System  ( 1104): A resource failed to call release. 
04-21 12:23:28.736 W/System  ( 1104): A resource failed to call release. 
04-21 12:23:28.736 W/System  ( 1104): A resource failed to call HardwareBuffer.close. 
04-21 12:23:28.736 W/System  ( 1104): A resource failed to call release. 
04-21 12:23:28.736 W/System  ( 1104): A resource failed to call release. 
04-21 12:23:28.736 W/System  ( 1104): A resource failed to call release. 
04-21 12:23:28.736 W/System  ( 1104): A resource failed to call release. 
04-21 12:23:28.737 W/System  ( 1104): A resource failed to call release. 
04-21 12:23:28.737 W/System  ( 1104): A resource failed to call release. 
04-21 12:23:28.737 W/System  ( 1104): A resource failed to call HardwareBuffer.close. 
04-21 12:23:28.745 W/System  ( 1104): A resource failed to call release. 
04-21 12:23:28.745 W/System  ( 1104): A resource failed to call release. 
04-21 12:23:28.745 W/System  ( 1104): A resource failed to call HardwareBuffer.close. 
04-21 12:23:28.746 W/System  ( 1104): A resource failed to call HardwareBuffer.close. 
04-21 12:23:28.747 W/System  ( 1104): A resource failed to call release. 
04-21 12:23:28.747 W/System  ( 1104): A resource failed to call release. 
04-21 12:23:31.609 E/WifiStaIfaceAidlImpl(  888): getLinkLayerStats failed with service-specific exception: android.os.ServiceSpecificException: unknown error (code 9)
04-21 12:23:34.619 E/WifiStaIfaceAidlImpl(  888): getLinkLayerStats failed with service-specific exception: android.os.ServiceSpecificException: unknown error (code 9)
04-21 12:23:37.631 E/WifiStaIfaceAidlImpl(  888): getLinkLayerStats failed with service-specific exception: android.os.ServiceSpecificException: unknown error (code 9)
04-21 12:23:40.639 E/WifiStaIfaceAidlImpl(  888): getLinkLayerStats failed with service-specific exception: android.os.ServiceSpecificException: unknown error (code 9)
04-21 12:23:42.181 E/android.hardware.graphics.composer3-service.rockchip(  344): wait,line=113 wait callback timeout
04-21 12:23:43.647 E/WifiStaIfaceAidlImpl(  888): getLinkLayerStats failed with service-specific exception: android.os.ServiceSpecificException: unknown error (code 9)
04-21 12:23:45.740 E/SdkStatusContentProvider( 2731): SdkSettingPreferences onSharedPreferenceChanged key = isp
04-21 12:23:45.740 E/SdkStatusContentProvider( 2731): SdkSettingPreferences onSharedPreferenceChanged key = isp
04-21 12:23:45.742 E/ActivityThread( 2731): Failed to find provider info for com.alipay.iot.settings.SettingsProvider
04-21 12:23:45.742 E/ActivityThread( 2731): Failed to find provider info for com.alipay.iot.settings.SettingsProvider
04-21 12:23:45.744 I/UsbExtImpl(  888): default allow  uid:10099pid:2731  processName=com.alipay.iot.service to use PC Camera
04-21 12:23:45.745 V/UsbExtImpl(  888): smconf processName:com.alipay.iot.service
04-21 12:23:45.745 I/UsbExtImpl(  888): smconf disallow  uid:10099pid:2731  processName=com.alipay.iot.service to use GD32-USB_Printer
04-21 12:23:45.745 I/UsbExtImpl(  888): default allow  uid:10099pid:2731  processName=com.alipay.iot.service to use NS021 USB HID Keyboard
04-21 12:23:45.747 I/UsbExtImpl(  888): default allow  uid:10099pid:2731  processName=com.alipay.iot.service to use PC Camera
