04-21 12:23:45.747 V/UsbExtImpl(  888): smconf processName:com.alipay.iot.service
04-21 12:23:45.747 I/UsbExtImpl(  888): smconf disallow  uid:10099pid:2731  processName=com.alipay.iot.service to use GD32-USB_Printer
04-21 12:23:45.747 I/UsbExtImpl(  888): default allow  uid:10099pid:2731  processName=com.alipay.iot.service to use NS021 USB HID Keyboard
04-21 12:23:45.749 I/UsbExtImpl(  888): default allow  uid:10099pid:2731  processName=com.alipay.iot.service to use PC Camera
04-21 12:23:45.749 V/UsbExtImpl(  888): smconf processName:com.alipay.iot.service
04-21 12:23:45.749 I/UsbExtImpl(  888): smconf disallow  uid:10099pid:2731  processName=com.alipay.iot.service to use GD32-USB_Printer
04-21 12:23:45.749 I/UsbExtImpl(  888): default allow  uid:10099pid:2731  processName=com.alipay.iot.service to use NS021 USB HID Keyboard
04-21 12:23:45.751 I/UsbExtImpl(  888): default allow  uid:10099pid:2731  processName=com.alipay.iot.service to use PC Camera
04-21 12:23:45.751 V/UsbExtImpl(  888): smconf processName:com.alipay.iot.service
04-21 12:23:45.751 I/UsbExtImpl(  888): smconf disallow  uid:10099pid:2731  processName=com.alipay.iot.service to use GD32-USB_Printer
04-21 12:23:45.751 I/UsbExtImpl(  888): default allow  uid:10099pid:2731  processName=com.alipay.iot.service to use NS021 USB HID Keyboard
04-21 12:23:45.752 I/UsbExtImpl(  888): default allow  uid:10099pid:2731  processName=com.alipay.iot.service to use PC Camera
04-21 12:23:45.753 V/UsbExtImpl(  888): smconf processName:com.alipay.iot.service
04-21 12:23:45.753 I/UsbExtImpl(  888): smconf disallow  uid:10099pid:2731  processName=com.alipay.iot.service to use GD32-USB_Printer
04-21 12:23:45.753 I/UsbExtImpl(  888): default allow  uid:10099pid:2731  processName=com.alipay.iot.service to use NS021 USB HID Keyboard
04-21 12:23:46.659 E/WifiStaIfaceAidlImpl(  888): getLinkLayerStats failed with service-specific exception: android.os.ServiceSpecificException: unknown error (code 9)
04-21 12:23:49.671 E/WifiStaIfaceAidlImpl(  888): getLinkLayerStats failed with service-specific exception: android.os.ServiceSpecificException: unknown error (code 9)
04-21 12:23:52.682 E/WifiStaIfaceAidlImpl(  888): getLinkLayerStats failed with service-specific exception: android.os.ServiceSpecificException: unknown error (code 9)
04-21 12:23:55.695 E/WifiStaIfaceAidlImpl(  888): getLinkLayerStats failed with service-specific exception: android.os.ServiceSpecificException: unknown error (code 9)
04-21 12:23:58.707 E/WifiStaIfaceAidlImpl(  888): getLinkLayerStats failed with service-specific exception: android.os.ServiceSpecificException: unknown error (code 9)
04-21 12:24:00.000 D/AlarmManager(  888): setImplLocked() callingPackage=android
04-21 12:24:01.718 E/WifiStaIfaceAidlImpl(  888): getLinkLayerStats failed with service-specific exception: android.os.ServiceSpecificException: unknown error (code 9)
04-21 12:24:02.182 E/android.hardware.graphics.composer3-service.rockchip(  344): wait,line=113 wait callback timeout
04-21 12:24:04.727 E/WifiStaIfaceAidlImpl(  888): getLinkLayerStats failed with service-specific exception: android.os.ServiceSpecificException: unknown error (code 9)
04-21 12:24:07.738 E/WifiStaIfaceAidlImpl(  888): getLinkLayerStats failed with service-specific exception: android.os.ServiceSpecificException: unknown error (code 9)
04-21 12:24:10.750 E/WifiStaIfaceAidlImpl(  888): getLinkLayerStats failed with service-specific exception: android.os.ServiceSpecificException: unknown error (code 9)
04-21 12:24:13.762 E/WifiStaIfaceAidlImpl(  888): getLinkLayerStats failed with service-specific exception: android.os.ServiceSpecificException: unknown error (code 9)
04-21 12:24:16.775 E/WifiStaIfaceAidlImpl(  888): getLinkLayerStats failed with service-specific exception: android.os.ServiceSpecificException: unknown error (code 9)
04-21 12:24:19.550 D/AlarmManager(  888): setImplLocked() callingPackage=sunmi.remotemanager
04-21 12:24:19.788 E/WifiStaIfaceAidlImpl(  888): getLinkLayerStats failed with service-specific exception: android.os.ServiceSpecificException: unknown error (code 9)
04-21 12:24:22.182 E/android.hardware.graphics.composer3-service.rockchip(  344): wait,line=113 wait callback timeout
04-21 12:24:22.799 E/WifiStaIfaceAidlImpl(  888): getLinkLayerStats failed with service-specific exception: android.os.ServiceSpecificException: unknown error (code 9)
04-21 12:24:25.811 E/WifiStaIfaceAidlImpl(  888): getLinkLayerStats failed with service-specific exception: android.os.ServiceSpecificException: unknown error (code 9)
04-21 12:24:28.823 E/WifiStaIfaceAidlImpl(  888): getLinkLayerStats failed with service-specific exception: android.os.ServiceSpecificException: unknown error (code 9)
04-21 12:24:31.831 E/WifiStaIfaceAidlImpl(  888): getLinkLayerStats failed with service-specific exception: android.os.ServiceSpecificException: unknown error (code 9)
04-21 12:24:34.843 E/WifiStaIfaceAidlImpl(  888): getLinkLayerStats failed with service-specific exception: android.os.ServiceSpecificException: unknown error (code 9)
04-21 12:24:37.855 E/WifiStaIfaceAidlImpl(  888): getLinkLayerStats failed with service-specific exception: android.os.ServiceSpecificException: unknown error (code 9)
04-21 12:24:40.867 E/WifiStaIfaceAidlImpl(  888): getLinkLayerStats failed with service-specific exception: android.os.ServiceSpecificException: unknown error (code 9)
04-21 12:24:42.182 E/android.hardware.graphics.composer3-service.rockchip(  344): wait,line=113 wait callback timeout
04-21 12:24:43.879 E/WifiStaIfaceAidlImpl(  888): getLinkLayerStats failed with service-specific exception: android.os.ServiceSpecificException: unknown error (code 9)
04-21 12:24:45.763 E/SdkStatusContentProvider( 2731): SdkSettingPreferences onSharedPreferenceChanged key = isp
04-21 12:24:45.763 E/SdkStatusContentProvider( 2731): SdkSettingPreferences onSharedPreferenceChanged key = isp
04-21 12:24:45.764 E/ActivityThread( 2731): Failed to find provider info for com.alipay.iot.settings.SettingsProvider
04-21 12:24:45.765 E/ActivityThread( 2731): Failed to find provider info for com.alipay.iot.settings.SettingsProvider
04-21 12:24:45.767 I/UsbExtImpl(  888): default allow  uid:10099pid:2731  processName=com.alipay.iot.service to use PC Camera
04-21 12:24:45.767 V/UsbExtImpl(  888): smconf processName:com.alipay.iot.service
04-21 12:24:45.767 I/UsbExtImpl(  888): smconf disallow  uid:10099pid:2731  processName=com.alipay.iot.service to use GD32-USB_Printer
04-21 12:24:45.767 I/UsbExtImpl(  888): default allow  uid:10099pid:2731  processName=com.alipay.iot.service to use NS021 USB HID Keyboard
04-21 12:24:45.769 I/UsbExtImpl(  888): default allow  uid:10099pid:2731  processName=com.alipay.iot.service to use PC Camera
04-21 12:24:45.769 V/UsbExtImpl(  888): smconf processName:com.alipay.iot.service
04-21 12:24:45.769 I/UsbExtImpl(  888): smconf disallow  uid:10099pid:2731  processName=com.alipay.iot.service to use GD32-USB_Printer
04-21 12:24:45.770 I/UsbExtImpl(  888): default allow  uid:10099pid:2731  processName=com.alipay.iot.service to use NS021 USB HID Keyboard
04-21 12:24:45.771 I/UsbExtImpl(  888): default allow  uid:10099pid:2731  processName=com.alipay.iot.service to use PC Camera
04-21 12:24:45.771 V/UsbExtImpl(  888): smconf processName:com.alipay.iot.service
04-21 12:24:45.771 I/UsbExtImpl(  888): smconf disallow  uid:10099pid:2731  processName=com.alipay.iot.service to use GD32-USB_Printer
04-21 12:24:45.771 I/UsbExtImpl(  888): default allow  uid:10099pid:2731  processName=com.alipay.iot.service to use NS021 USB HID Keyboard
04-21 12:24:45.773 I/UsbExtImpl(  888): default allow  uid:10099pid:2731  processName=com.alipay.iot.service to use PC Camera
04-21 12:24:45.773 V/UsbExtImpl(  888): smconf processName:com.alipay.iot.service
04-21 12:24:45.773 I/UsbExtImpl(  888): smconf disallow  uid:10099pid:2731  processName=com.alipay.iot.service to use GD32-USB_Printer
04-21 12:24:45.773 I/UsbExtImpl(  888): default allow  uid:10099pid:2731  processName=com.alipay.iot.service to use NS021 USB HID Keyboard
04-21 12:24:45.774 I/UsbExtImpl(  888): default allow  uid:10099pid:2731  processName=com.alipay.iot.service to use PC Camera
04-21 12:24:45.775 V/UsbExtImpl(  888): smconf processName:com.alipay.iot.service
04-21 12:24:45.775 I/UsbExtImpl(  888): smconf disallow  uid:10099pid:2731  processName=com.alipay.iot.service to use GD32-USB_Printer
04-21 12:24:45.775 I/UsbExtImpl(  888): default allow  uid:10099pid:2731  processName=com.alipay.iot.service to use NS021 USB HID Keyboard
04-21 12:24:46.887 E/WifiStaIfaceAidlImpl(  888): getLinkLayerStats failed with service-specific exception: android.os.ServiceSpecificException: unknown error (code 9)
04-21 12:24:49.898 E/WifiStaIfaceAidlImpl(  888): getLinkLayerStats failed with service-specific exception: android.os.ServiceSpecificException: unknown error (code 9)
04-21 12:24:52.910 E/WifiStaIfaceAidlImpl(  888): getLinkLayerStats failed with service-specific exception: android.os.ServiceSpecificException: unknown error (code 9)
04-21 12:24:55.920 E/WifiStaIfaceAidlImpl(  888): getLinkLayerStats failed with service-specific exception: android.os.ServiceSpecificException: unknown error (code 9)
04-21 12:24:58.931 E/WifiStaIfaceAidlImpl(  888): getLinkLayerStats failed with service-specific exception: android.os.ServiceSpecificException: unknown error (code 9)
04-21 12:25:00.000 D/AlarmManager(  888): setImplLocked() callingPackage=android
04-21 12:25:01.943 E/WifiStaIfaceAidlImpl(  888): getLinkLayerStats failed with service-specific exception: android.os.ServiceSpecificException: unknown error (code 9)
04-21 12:25:02.183 E/android.hardware.graphics.composer3-service.rockchip(  344): wait,line=113 wait callback timeout
04-21 12:25:04.954 E/WifiStaIfaceAidlImpl(  888): getLinkLayerStats failed with service-specific exception: android.os.ServiceSpecificException: unknown error (code 9)
04-21 12:25:07.966 E/WifiStaIfaceAidlImpl(  888): getLinkLayerStats failed with service-specific exception: android.os.ServiceSpecificException: unknown error (code 9)
04-21 12:25:10.978 E/WifiStaIfaceAidlImpl(  888): getLinkLayerStats failed with service-specific exception: android.os.ServiceSpecificException: unknown error (code 9)
04-21 12:25:13.990 E/WifiStaIfaceAidlImpl(  888): getLinkLayerStats failed with service-specific exception: android.os.ServiceSpecificException: unknown error (code 9)
04-21 12:25:17.002 E/WifiStaIfaceAidlImpl(  888): getLinkLayerStats failed with service-specific exception: android.os.ServiceSpecificException: unknown error (code 9)
04-21 12:25:19.606 D/AlarmManager(  888): setImplLocked() callingPackage=sunmi.remotemanager
04-21 12:25:20.013 E/WifiStaIfaceAidlImpl(  888): getLinkLayerStats failed with service-specific exception: android.os.ServiceSpecificException: unknown error (code 9)
04-21 12:25:22.183 E/android.hardware.graphics.composer3-service.rockchip(  344): wait,line=113 wait callback timeout
04-21 12:25:23.025 E/WifiStaIfaceAidlImpl(  888): getLinkLayerStats failed with service-specific exception: android.os.ServiceSpecificException: unknown error (code 9)
04-21 12:25:26.036 E/WifiStaIfaceAidlImpl(  888): getLinkLayerStats failed with service-specific exception: android.os.ServiceSpecificException: unknown error (code 9)
04-21 12:25:29.046 E/WifiStaIfaceAidlImpl(  888): getLinkLayerStats failed with service-specific exception: android.os.ServiceSpecificException: unknown error (code 9)
04-21 12:25:32.055 E/WifiStaIfaceAidlImpl(  888): getLinkLayerStats failed with service-specific exception: android.os.ServiceSpecificException: unknown error (code 9)
04-21 12:25:35.066 E/WifiStaIfaceAidlImpl(  888): getLinkLayerStats failed with service-specific exception: android.os.ServiceSpecificException: unknown error (code 9)
04-21 12:25:38.077 E/WifiStaIfaceAidlImpl(  888): getLinkLayerStats failed with service-specific exception: android.os.ServiceSpecificException: unknown error (code 9)
04-21 12:25:41.088 E/WifiStaIfaceAidlImpl(  888): getLinkLayerStats failed with service-specific exception: android.os.ServiceSpecificException: unknown error (code 9)
04-21 12:25:42.184 E/android.hardware.graphics.composer3-service.rockchip(  344): wait,line=113 wait callback timeout
04-21 12:25:44.099 E/WifiStaIfaceAidlImpl(  888): getLinkLayerStats failed with service-specific exception: android.os.ServiceSpecificException: unknown error (code 9)
04-21 12:25:45.784 E/SdkStatusContentProvider( 2731): SdkSettingPreferences onSharedPreferenceChanged key = isp
04-21 12:25:45.784 E/SdkStatusContentProvider( 2731): SdkSettingPreferences onSharedPreferenceChanged key = isp
04-21 12:25:45.785 E/ActivityThread( 2731): Failed to find provider info for com.alipay.iot.settings.SettingsProvider
04-21 12:25:45.786 E/ActivityThread( 2731): Failed to find provider info for com.alipay.iot.settings.SettingsProvider
04-21 12:25:45.788 I/UsbExtImpl(  888): default allow  uid:10099pid:2731  processName=com.alipay.iot.service to use PC Camera
04-21 12:25:45.789 V/UsbExtImpl(  888): smconf processName:com.alipay.iot.service
04-21 12:25:45.789 I/UsbExtImpl(  888): smconf disallow  uid:10099pid:2731  processName=com.alipay.iot.service to use GD32-USB_Printer
04-21 12:25:45.789 I/UsbExtImpl(  888): default allow  uid:10099pid:2731  processName=com.alipay.iot.service to use NS021 USB HID Keyboard
04-21 12:25:45.790 I/UsbExtImpl(  888): default allow  uid:10099pid:2731  processName=com.alipay.iot.service to use PC Camera
04-21 12:25:45.791 V/UsbExtImpl(  888): smconf processName:com.alipay.iot.service
04-21 12:25:45.791 I/UsbExtImpl(  888): smconf disallow  uid:10099pid:2731  processName=com.alipay.iot.service to use GD32-USB_Printer
04-21 12:25:45.791 I/UsbExtImpl(  888): default allow  uid:10099pid:2731  processName=com.alipay.iot.service to use NS021 USB HID Keyboard
04-21 12:25:45.792 I/UsbExtImpl(  888): default allow  uid:10099pid:2731  processName=com.alipay.iot.service to use PC Camera
04-21 12:25:45.792 V/UsbExtImpl(  888): smconf processName:com.alipay.iot.service
04-21 12:25:45.792 I/UsbExtImpl(  888): smconf disallow  uid:10099pid:2731  processName=com.alipay.iot.service to use GD32-USB_Printer
04-21 12:25:45.793 I/UsbExtImpl(  888): default allow  uid:10099pid:2731  processName=com.alipay.iot.service to use NS021 USB HID Keyboard
04-21 12:25:45.794 I/UsbExtImpl(  888): default allow  uid:10099pid:2731  processName=com.alipay.iot.service to use PC Camera
04-21 12:25:45.794 V/UsbExtImpl(  888): smconf processName:com.alipay.iot.service
04-21 12:25:45.794 I/UsbExtImpl(  888): smconf disallow  uid:10099pid:2731  processName=com.alipay.iot.service to use GD32-USB_Printer
04-21 12:25:45.795 I/UsbExtImpl(  888): default allow  uid:10099pid:2731  processName=com.alipay.iot.service to use NS021 USB HID Keyboard
04-21 12:25:45.796 I/UsbExtImpl(  888): default allow  uid:10099pid:2731  processName=com.alipay.iot.service to use PC Camera
04-21 12:25:45.796 V/UsbExtImpl(  888): smconf processName:com.alipay.iot.service
04-21 12:25:45.796 I/UsbExtImpl(  888): smconf disallow  uid:10099pid:2731  processName=com.alipay.iot.service to use GD32-USB_Printer
04-21 12:25:45.796 I/UsbExtImpl(  888): default allow  uid:10099pid:2731  processName=com.alipay.iot.service to use NS021 USB HID Keyboard
04-21 12:25:47.110 E/WifiStaIfaceAidlImpl(  888): getLinkLayerStats failed with service-specific exception: android.os.ServiceSpecificException: unknown error (code 9)
04-21 12:25:50.121 E/WifiStaIfaceAidlImpl(  888): getLinkLayerStats failed with service-specific exception: android.os.ServiceSpecificException: unknown error (code 9)
04-21 12:25:53.132 E/WifiStaIfaceAidlImpl(  888): getLinkLayerStats failed with service-specific exception: android.os.ServiceSpecificException: unknown error (code 9)
04-21 12:25:56.144 E/WifiStaIfaceAidlImpl(  888): getLinkLayerStats failed with service-specific exception: android.os.ServiceSpecificException: unknown error (code 9)
04-21 12:25:59.156 E/WifiStaIfaceAidlImpl(  888): getLinkLayerStats failed with service-specific exception: android.os.ServiceSpecificException: unknown error (code 9)
04-21 12:26:00.000 D/AlarmManager(  888): setImplLocked() callingPackage=android
04-21 12:26:02.167 E/WifiStaIfaceAidlImpl(  888): getLinkLayerStats failed with service-specific exception: android.os.ServiceSpecificException: unknown error (code 9)
04-21 12:26:02.184 E/android.hardware.graphics.composer3-service.rockchip(  344): wait,line=113 wait callback timeout
04-21 12:26:05.178 E/WifiStaIfaceAidlImpl(  888): getLinkLayerStats failed with service-specific exception: android.os.ServiceSpecificException: unknown error (code 9)
04-21 12:26:08.189 E/WifiStaIfaceAidlImpl(  888): getLinkLayerStats failed with service-specific exception: android.os.ServiceSpecificException: unknown error (code 9)
04-21 12:26:11.199 E/WifiStaIfaceAidlImpl(  888): getLinkLayerStats failed with service-specific exception: android.os.ServiceSpecificException: unknown error (code 9)
04-21 12:26:14.210 E/WifiStaIfaceAidlImpl(  888): getLinkLayerStats failed with service-specific exception: android.os.ServiceSpecificException: unknown error (code 9)
04-21 12:26:17.219 E/WifiStaIfaceAidlImpl(  888): getLinkLayerStats failed with service-specific exception: android.os.ServiceSpecificException: unknown error (code 9)
04-21 12:26:19.680 D/AlarmManager(  888): setImplLocked() callingPackage=sunmi.remotemanager
04-21 12:26:20.230 E/WifiStaIfaceAidlImpl(  888): getLinkLayerStats failed with service-specific exception: android.os.ServiceSpecificException: unknown error (code 9)
04-21 12:26:22.184 E/android.hardware.graphics.composer3-service.rockchip(  344): wait,line=113 wait callback timeout
04-21 12:26:23.241 E/WifiStaIfaceAidlImpl(  888): getLinkLayerStats failed with service-specific exception: android.os.ServiceSpecificException: unknown error (code 9)
04-21 12:26:26.251 E/WifiStaIfaceAidlImpl(  888): getLinkLayerStats failed with service-specific exception: android.os.ServiceSpecificException: unknown error (code 9)
04-21 12:26:29.263 E/WifiStaIfaceAidlImpl(  888): getLinkLayerStats failed with service-specific exception: android.os.ServiceSpecificException: unknown error (code 9)
04-21 12:26:32.274 E/WifiStaIfaceAidlImpl(  888): getLinkLayerStats failed with service-specific exception: android.os.ServiceSpecificException: unknown error (code 9)
04-21 12:26:35.287 E/WifiStaIfaceAidlImpl(  888): getLinkLayerStats failed with service-specific exception: android.os.ServiceSpecificException: unknown error (code 9)
04-21 12:26:38.298 E/WifiStaIfaceAidlImpl(  888): getLinkLayerStats failed with service-specific exception: android.os.ServiceSpecificException: unknown error (code 9)
04-21 12:26:41.310 E/WifiStaIfaceAidlImpl(  888): getLinkLayerStats failed with service-specific exception: android.os.ServiceSpecificException: unknown error (code 9)
04-21 12:26:42.185 E/android.hardware.graphics.composer3-service.rockchip(  344): wait,line=113 wait callback timeout
04-21 12:26:44.319 E/WifiStaIfaceAidlImpl(  888): getLinkLayerStats failed with service-specific exception: android.os.ServiceSpecificException: unknown error (code 9)
04-21 12:26:45.804 E/SdkStatusContentProvider( 2731): SdkSettingPreferences onSharedPreferenceChanged key = isp
04-21 12:26:45.804 E/SdkStatusContentProvider( 2731): SdkSettingPreferences onSharedPreferenceChanged key = isp
04-21 12:26:45.805 E/ActivityThread( 2731): Failed to find provider info for com.alipay.iot.settings.SettingsProvider
04-21 12:26:45.806 E/ActivityThread( 2731): Failed to find provider info for com.alipay.iot.settings.SettingsProvider
04-21 12:26:45.808 I/UsbExtImpl(  888): default allow  uid:10099pid:2731  processName=com.alipay.iot.service to use PC Camera
04-21 12:26:45.809 V/UsbExtImpl(  888): smconf processName:com.alipay.iot.service
04-21 12:26:45.809 I/UsbExtImpl(  888): smconf disallow  uid:10099pid:2731  processName=com.alipay.iot.service to use GD32-USB_Printer
04-21 12:26:45.809 I/UsbExtImpl(  888): default allow  uid:10099pid:2731  processName=com.alipay.iot.service to use NS021 USB HID Keyboard
04-21 12:26:45.810 I/UsbExtImpl(  888): default allow  uid:10099pid:2731  processName=com.alipay.iot.service to use PC Camera
04-21 12:26:45.811 V/UsbExtImpl(  888): smconf processName:com.alipay.iot.service
04-21 12:26:45.811 I/UsbExtImpl(  888): smconf disallow  uid:10099pid:2731  processName=com.alipay.iot.service to use GD32-USB_Printer
04-21 12:26:45.811 I/UsbExtImpl(  888): default allow  uid:10099pid:2731  processName=com.alipay.iot.service to use NS021 USB HID Keyboard
04-21 12:26:45.812 I/UsbExtImpl(  888): default allow  uid:10099pid:2731  processName=com.alipay.iot.service to use PC Camera
04-21 12:26:45.812 V/UsbExtImpl(  888): smconf processName:com.alipay.iot.service
04-21 12:26:45.812 I/UsbExtImpl(  888): smconf disallow  uid:10099pid:2731  processName=com.alipay.iot.service to use GD32-USB_Printer
04-21 12:26:45.813 I/UsbExtImpl(  888): default allow  uid:10099pid:2731  processName=com.alipay.iot.service to use NS021 USB HID Keyboard
04-21 12:26:45.814 I/UsbExtImpl(  888): default allow  uid:10099pid:2731  processName=com.alipay.iot.service to use PC Camera
04-21 12:26:45.814 V/UsbExtImpl(  888): smconf processName:com.alipay.iot.service
04-21 12:26:45.814 I/UsbExtImpl(  888): smconf disallow  uid:10099pid:2731  processName=com.alipay.iot.service to use GD32-USB_Printer
04-21 12:26:45.815 I/UsbExtImpl(  888): default allow  uid:10099pid:2731  processName=com.alipay.iot.service to use NS021 USB HID Keyboard
04-21 12:26:45.816 I/UsbExtImpl(  888): default allow  uid:10099pid:2731  processName=com.alipay.iot.service to use PC Camera
04-21 12:26:45.816 V/UsbExtImpl(  888): smconf processName:com.alipay.iot.service
04-21 12:26:45.816 I/UsbExtImpl(  888): smconf disallow  uid:10099pid:2731  processName=com.alipay.iot.service to use GD32-USB_Printer
04-21 12:26:45.816 I/UsbExtImpl(  888): default allow  uid:10099pid:2731  processName=com.alipay.iot.service to use NS021 USB HID Keyboard
04-21 12:26:47.330 E/WifiStaIfaceAidlImpl(  888): getLinkLayerStats failed with service-specific exception: android.os.ServiceSpecificException: unknown error (code 9)
04-21 12:26:50.341 E/WifiStaIfaceAidlImpl(  888): getLinkLayerStats failed with service-specific exception: android.os.ServiceSpecificException: unknown error (code 9)
04-21 12:26:53.351 E/WifiStaIfaceAidlImpl(  888): getLinkLayerStats failed with service-specific exception: android.os.ServiceSpecificException: unknown error (code 9)
04-21 12:26:56.362 E/WifiStaIfaceAidlImpl(  888): getLinkLayerStats failed with service-specific exception: android.os.ServiceSpecificException: unknown error (code 9)
04-21 12:26:59.374 E/WifiStaIfaceAidlImpl(  888): getLinkLayerStats failed with service-specific exception: android.os.ServiceSpecificException: unknown error (code 9)
04-21 12:27:00.000 D/AlarmManager(  888): setImplLocked() callingPackage=android
04-21 12:27:02.185 E/android.hardware.graphics.composer3-service.rockchip(  344): wait,line=113 wait callback timeout
04-21 12:27:02.386 E/WifiStaIfaceAidlImpl(  888): getLinkLayerStats failed with service-specific exception: android.os.ServiceSpecificException: unknown error (code 9)
04-21 12:27:05.398 E/WifiStaIfaceAidlImpl(  888): getLinkLayerStats failed with service-specific exception: android.os.ServiceSpecificException: unknown error (code 9)
04-21 12:27:08.410 E/WifiStaIfaceAidlImpl(  888): getLinkLayerStats failed with service-specific exception: android.os.ServiceSpecificException: unknown error (code 9)
04-21 12:27:11.419 E/WifiStaIfaceAidlImpl(  888): getLinkLayerStats failed with service-specific exception: android.os.ServiceSpecificException: unknown error (code 9)
04-21 12:27:14.431 E/WifiStaIfaceAidlImpl(  888): getLinkLayerStats failed with service-specific exception: android.os.ServiceSpecificException: unknown error (code 9)
04-21 12:27:17.442 E/WifiStaIfaceAidlImpl(  888): getLinkLayerStats failed with service-specific exception: android.os.ServiceSpecificException: unknown error (code 9)
04-21 12:27:19.806 D/AlarmManager(  888): setImplLocked() callingPackage=sunmi.remotemanager
04-21 12:27:20.454 E/WifiStaIfaceAidlImpl(  888): getLinkLayerStats failed with service-specific exception: android.os.ServiceSpecificException: unknown error (code 9)
04-21 12:27:22.186 E/android.hardware.graphics.composer3-service.rockchip(  344): wait,line=113 wait callback timeout
04-21 12:27:23.466 E/WifiStaIfaceAidlImpl(  888): getLinkLayerStats failed with service-specific exception: android.os.ServiceSpecificException: unknown error (code 9)
04-21 12:27:26.477 E/WifiStaIfaceAidlImpl(  888): getLinkLayerStats failed with service-specific exception: android.os.ServiceSpecificException: unknown error (code 9)
04-21 12:27:29.488 E/WifiStaIfaceAidlImpl(  888): getLinkLayerStats failed with service-specific exception: android.os.ServiceSpecificException: unknown error (code 9)
04-21 12:27:32.497 E/WifiStaIfaceAidlImpl(  888): getLinkLayerStats failed with service-specific exception: android.os.ServiceSpecificException: unknown error (code 9)
04-21 12:27:35.508 E/WifiStaIfaceAidlImpl(  888): getLinkLayerStats failed with service-specific exception: android.os.ServiceSpecificException: unknown error (code 9)
04-21 12:27:38.519 E/WifiStaIfaceAidlImpl(  888): getLinkLayerStats failed with service-specific exception: android.os.ServiceSpecificException: unknown error (code 9)
04-21 12:27:41.530 E/WifiStaIfaceAidlImpl(  888): getLinkLayerStats failed with service-specific exception: android.os.ServiceSpecificException: unknown error (code 9)
04-21 12:27:42.186 E/android.hardware.graphics.composer3-service.rockchip(  344): wait,line=113 wait callback timeout
04-21 12:27:44.541 E/WifiStaIfaceAidlImpl(  888): getLinkLayerStats failed with service-specific exception: android.os.ServiceSpecificException: unknown error (code 9)
04-21 12:27:45.828 E/SdkStatusContentProvider( 2731): SdkSettingPreferences onSharedPreferenceChanged key = isp
04-21 12:27:45.828 E/SdkStatusContentProvider( 2731): SdkSettingPreferences onSharedPreferenceChanged key = isp
04-21 12:27:45.829 E/ActivityThread( 2731): Failed to find provider info for com.alipay.iot.settings.SettingsProvider
04-21 12:27:45.830 E/ActivityThread( 2731): Failed to find provider info for com.alipay.iot.settings.SettingsProvider
04-21 12:27:45.832 I/UsbExtImpl(  888): default allow  uid:10099pid:2731  processName=com.alipay.iot.service to use PC Camera
04-21 12:27:45.832 V/UsbExtImpl(  888): smconf processName:com.alipay.iot.service
04-21 12:27:45.832 I/UsbExtImpl(  888): smconf disallow  uid:10099pid:2731  processName=com.alipay.iot.service to use GD32-USB_Printer
04-21 12:27:45.832 I/UsbExtImpl(  888): default allow  uid:10099pid:2731  processName=com.alipay.iot.service to use NS021 USB HID Keyboard
04-21 12:27:45.834 I/UsbExtImpl(  888): default allow  uid:10099pid:2731  processName=com.alipay.iot.service to use PC Camera
04-21 12:27:45.834 V/UsbExtImpl(  888): smconf processName:com.alipay.iot.service
04-21 12:27:45.834 I/UsbExtImpl(  888): smconf disallow  uid:10099pid:2731  processName=com.alipay.iot.service to use GD32-USB_Printer
04-21 12:27:45.834 I/UsbExtImpl(  888): default allow  uid:10099pid:2731  processName=com.alipay.iot.service to use NS021 USB HID Keyboard
04-21 12:27:45.836 I/UsbExtImpl(  888): default allow  uid:10099pid:2731  processName=com.alipay.iot.service to use PC Camera
04-21 12:27:45.836 V/UsbExtImpl(  888): smconf processName:com.alipay.iot.service
04-21 12:27:45.836 I/UsbExtImpl(  888): smconf disallow  uid:10099pid:2731  processName=com.alipay.iot.service to use GD32-USB_Printer
04-21 12:27:45.836 I/UsbExtImpl(  888): default allow  uid:10099pid:2731  processName=com.alipay.iot.service to use NS021 USB HID Keyboard
04-21 12:27:45.837 I/UsbExtImpl(  888): default allow  uid:10099pid:2731  processName=com.alipay.iot.service to use PC Camera
04-21 12:27:45.839 V/UsbExtImpl(  888): smconf processName:com.alipay.iot.service
04-21 12:27:45.839 I/UsbExtImpl(  888): smconf disallow  uid:10099pid:2731  processName=com.alipay.iot.service to use GD32-USB_Printer
04-21 12:27:45.839 I/UsbExtImpl(  888): default allow  uid:10099pid:2731  processName=com.alipay.iot.service to use NS021 USB HID Keyboard
04-21 12:27:45.840 I/UsbExtImpl(  888): default allow  uid:10099pid:2731  processName=com.alipay.iot.service to use PC Camera
04-21 12:27:45.840 V/UsbExtImpl(  888): smconf processName:com.alipay.iot.service
04-21 12:27:45.840 I/UsbExtImpl(  888): smconf disallow  uid:10099pid:2731  processName=com.alipay.iot.service to use GD32-USB_Printer
04-21 12:27:45.840 I/UsbExtImpl(  888): default allow  uid:10099pid:2731  processName=com.alipay.iot.service to use NS021 USB HID Keyboard
04-21 12:27:47.551 E/WifiStaIfaceAidlImpl(  888): getLinkLayerStats failed with service-specific exception: android.os.ServiceSpecificException: unknown error (code 9)
04-21 12:27:50.562 E/WifiStaIfaceAidlImpl(  888): getLinkLayerStats failed with service-specific exception: android.os.ServiceSpecificException: unknown error (code 9)
04-21 12:27:53.574 E/WifiStaIfaceAidlImpl(  888): getLinkLayerStats failed with service-specific exception: android.os.ServiceSpecificException: unknown error (code 9)
04-21 12:27:55.730 D/TrafficStats(30188): tagSocket(5) with statsTag=0xffffffff, statsUid=-1
04-21 12:27:55.732 D/TrafficStats(30188): tagSocket(108) with statsTag=0xffffffff, statsUid=-1
04-21 12:27:55.734 D/TrafficStats(30188): tagSocket(105) with statsTag=0xffffffff, statsUid=-1
04-21 12:27:55.742 D/TrafficStats(30188): tagSocket(108) with statsTag=0xffffffff, statsUid=-1
04-21 12:27:55.744 D/TrafficStats(30188): tagSocket(5) with statsTag=0xffffffff, statsUid=-1
04-21 12:27:55.750 D/TrafficStats(30188): tagSocket(105) with statsTag=0xffffffff, statsUid=-1
04-21 12:27:55.756 D/TrafficStats(30188): tagSocket(5) with statsTag=0xffffffff, statsUid=-1
04-21 12:27:55.763 D/TrafficStats(30188): tagSocket(5) with statsTag=0xffffffff, statsUid=-1
04-21 12:27:56.586 E/WifiStaIfaceAidlImpl(  888): getLinkLayerStats failed with service-specific exception: android.os.ServiceSpecificException: unknown error (code 9)
04-21 12:27:59.598 E/WifiStaIfaceAidlImpl(  888): getLinkLayerStats failed with service-specific exception: android.os.ServiceSpecificException: unknown error (code 9)
04-21 12:28:00.000 D/AlarmManager(  888): setImplLocked() callingPackage=android
04-21 12:28:02.187 E/android.hardware.graphics.composer3-service.rockchip(  344): wait,line=113 wait callback timeout
04-21 12:28:02.609 E/WifiStaIfaceAidlImpl(  888): getLinkLayerStats failed with service-specific exception: android.os.ServiceSpecificException: unknown error (code 9)
04-21 12:28:05.620 E/WifiStaIfaceAidlImpl(  888): getLinkLayerStats failed with service-specific exception: android.os.ServiceSpecificException: unknown error (code 9)
04-21 12:28:08.630 E/WifiStaIfaceAidlImpl(  888): getLinkLayerStats failed with service-specific exception: android.os.ServiceSpecificException: unknown error (code 9)
04-21 12:28:11.640 E/WifiStaIfaceAidlImpl(  888): getLinkLayerStats failed with service-specific exception: android.os.ServiceSpecificException: unknown error (code 9)
04-21 12:28:14.651 E/WifiStaIfaceAidlImpl(  888): getLinkLayerStats failed with service-specific exception: android.os.ServiceSpecificException: unknown error (code 9)
04-21 12:28:17.662 E/WifiStaIfaceAidlImpl(  888): getLinkLayerStats failed with service-specific exception: android.os.ServiceSpecificException: unknown error (code 9)
04-21 12:28:19.883 D/AlarmManager(  888): setImplLocked() callingPackage=sunmi.remotemanager
04-21 12:28:20.674 E/WifiStaIfaceAidlImpl(  888): getLinkLayerStats failed with service-specific exception: android.os.ServiceSpecificException: unknown error (code 9)
04-21 12:28:22.187 E/android.hardware.graphics.composer3-service.rockchip(  344): wait,line=113 wait callback timeout
04-21 12:28:23.686 E/WifiStaIfaceAidlImpl(  888): getLinkLayerStats failed with service-specific exception: android.os.ServiceSpecificException: unknown error (code 9)
04-21 12:28:24.950 I/rkstack.process( 1235): Background concurrent mark compact GC freed 49838(3256KB) AllocSpace objects, 0(0B) LOS objects, 49% free, 3361KB/6722KB, paused 414us,5.021ms total 41.293ms
04-21 12:28:26.698 E/WifiStaIfaceAidlImpl(  888): getLinkLayerStats failed with service-specific exception: android.os.ServiceSpecificException: unknown error (code 9)
04-21 12:28:29.709 E/WifiStaIfaceAidlImpl(  888): getLinkLayerStats failed with service-specific exception: android.os.ServiceSpecificException: unknown error (code 9)
04-21 12:28:32.719 E/WifiStaIfaceAidlImpl(  888): getLinkLayerStats failed with service-specific exception: android.os.ServiceSpecificException: unknown error (code 9)
04-21 12:28:35.730 E/WifiStaIfaceAidlImpl(  888): getLinkLayerStats failed with service-specific exception: android.os.ServiceSpecificException: unknown error (code 9)
04-21 12:28:38.742 E/WifiStaIfaceAidlImpl(  888): getLinkLayerStats failed with service-specific exception: android.os.ServiceSpecificException: unknown error (code 9)
04-21 12:28:41.754 E/WifiStaIfaceAidlImpl(  888): getLinkLayerStats failed with service-specific exception: android.os.ServiceSpecificException: unknown error (code 9)
04-21 12:28:42.187 E/android.hardware.graphics.composer3-service.rockchip(  344): wait,line=113 wait callback timeout
04-21 12:28:44.765 E/WifiStaIfaceAidlImpl(  888): getLinkLayerStats failed with service-specific exception: android.os.ServiceSpecificException: unknown error (code 9)
04-21 12:28:45.851 E/SdkStatusContentProvider( 2731): SdkSettingPreferences onSharedPreferenceChanged key = isp
04-21 12:28:45.852 E/SdkStatusContentProvider( 2731): SdkSettingPreferences onSharedPreferenceChanged key = isp
04-21 12:28:45.853 E/ActivityThread( 2731): Failed to find provider info for com.alipay.iot.settings.SettingsProvider
04-21 12:28:45.853 E/ActivityThread( 2731): Failed to find provider info for com.alipay.iot.settings.SettingsProvider
04-21 12:28:45.856 I/UsbExtImpl(  888): default allow  uid:10099pid:2731  processName=com.alipay.iot.service to use PC Camera
04-21 12:28:45.856 V/UsbExtImpl(  888): smconf processName:com.alipay.iot.service
04-21 12:28:45.856 I/UsbExtImpl(  888): smconf disallow  uid:10099pid:2731  processName=com.alipay.iot.service to use GD32-USB_Printer
04-21 12:28:45.856 I/UsbExtImpl(  888): default allow  uid:10099pid:2731  processName=com.alipay.iot.service to use NS021 USB HID Keyboard
04-21 12:28:45.858 I/UsbExtImpl(  888): default allow  uid:10099pid:2731  processName=com.alipay.iot.service to use PC Camera
04-21 12:28:45.858 V/UsbExtImpl(  888): smconf processName:com.alipay.iot.service
04-21 12:28:45.858 I/UsbExtImpl(  888): smconf disallow  uid:10099pid:2731  processName=com.alipay.iot.service to use GD32-USB_Printer
04-21 12:28:45.858 I/UsbExtImpl(  888): default allow  uid:10099pid:2731  processName=com.alipay.iot.service to use NS021 USB HID Keyboard
04-21 12:28:45.859 I/UsbExtImpl(  888): default allow  uid:10099pid:2731  processName=com.alipay.iot.service to use PC Camera
04-21 12:28:45.860 V/UsbExtImpl(  888): smconf processName:com.alipay.iot.service
04-21 12:28:45.860 I/UsbExtImpl(  888): smconf disallow  uid:10099pid:2731  processName=com.alipay.iot.service to use GD32-USB_Printer
04-21 12:28:45.860 I/UsbExtImpl(  888): default allow  uid:10099pid:2731  processName=com.alipay.iot.service to use NS021 USB HID Keyboard
04-21 12:28:45.861 I/UsbExtImpl(  888): default allow  uid:10099pid:2731  processName=com.alipay.iot.service to use PC Camera
04-21 12:28:45.862 V/UsbExtImpl(  888): smconf processName:com.alipay.iot.service
04-21 12:28:45.862 I/UsbExtImpl(  888): smconf disallow  uid:10099pid:2731  processName=com.alipay.iot.service to use GD32-USB_Printer
04-21 12:28:45.862 I/UsbExtImpl(  888): default allow  uid:10099pid:2731  processName=com.alipay.iot.service to use NS021 USB HID Keyboard
04-21 12:28:45.863 I/UsbExtImpl(  888): default allow  uid:10099pid:2731  processName=com.alipay.iot.service to use PC Camera
04-21 12:28:45.864 V/UsbExtImpl(  888): smconf processName:com.alipay.iot.service
04-21 12:28:45.864 I/UsbExtImpl(  888): smconf disallow  uid:10099pid:2731  processName=com.alipay.iot.service to use GD32-USB_Printer
04-21 12:28:45.864 I/UsbExtImpl(  888): default allow  uid:10099pid:2731  processName=com.alipay.iot.service to use NS021 USB HID Keyboard
04-21 12:28:45.893 I/pay.iot.service( 2731): Background concurrent mark compact GC freed 189321(10MB) AllocSpace objects, 77(2116KB) LOS objects, 49% free, 12MB/24MB, paused 503us,5.169ms total 41.279ms
04-21 12:28:47.775 E/WifiStaIfaceAidlImpl(  888): getLinkLayerStats failed with service-specific exception: android.os.ServiceSpecificException: unknown error (code 9)
04-21 12:28:50.786 E/WifiStaIfaceAidlImpl(  888): getLinkLayerStats failed with service-specific exception: android.os.ServiceSpecificException: unknown error (code 9)
04-21 12:28:53.798 E/WifiStaIfaceAidlImpl(  888): getLinkLayerStats failed with service-specific exception: android.os.ServiceSpecificException: unknown error (code 9)
04-21 12:28:56.810 E/WifiStaIfaceAidlImpl(  888): getLinkLayerStats failed with service-specific exception: android.os.ServiceSpecificException: unknown error (code 9)
04-21 12:28:59.822 E/WifiStaIfaceAidlImpl(  888): getLinkLayerStats failed with service-specific exception: android.os.ServiceSpecificException: unknown error (code 9)
04-21 12:29:00.000 D/AlarmManager(  888): setImplLocked() callingPackage=android
04-21 12:29:02.188 E/android.hardware.graphics.composer3-service.rockchip(  344): wait,line=113 wait callback timeout
04-21 12:29:02.834 E/WifiStaIfaceAidlImpl(  888): getLinkLayerStats failed with service-specific exception: android.os.ServiceSpecificException: unknown error (code 9)
04-21 12:29:05.845 E/WifiStaIfaceAidlImpl(  888): getLinkLayerStats failed with service-specific exception: android.os.ServiceSpecificException: unknown error (code 9)
04-21 12:29:08.856 E/WifiStaIfaceAidlImpl(  888): getLinkLayerStats failed with service-specific exception: android.os.ServiceSpecificException: unknown error (code 9)
04-21 12:29:11.867 E/WifiStaIfaceAidlImpl(  888): getLinkLayerStats failed with service-specific exception: android.os.ServiceSpecificException: unknown error (code 9)
04-21 12:29:14.879 E/WifiStaIfaceAidlImpl(  888): getLinkLayerStats failed with service-specific exception: android.os.ServiceSpecificException: unknown error (code 9)
04-21 12:29:17.891 E/WifiStaIfaceAidlImpl(  888): getLinkLayerStats failed with service-specific exception: android.os.ServiceSpecificException: unknown error (code 9)
04-21 12:29:19.963 D/AlarmManager(  888): setImplLocked() callingPackage=sunmi.remotemanager
04-21 12:29:20.903 E/WifiStaIfaceAidlImpl(  888): getLinkLayerStats failed with service-specific exception: android.os.ServiceSpecificException: unknown error (code 9)
04-21 12:29:22.188 E/android.hardware.graphics.composer3-service.rockchip(  344): wait,line=113 wait callback timeout
04-21 12:29:23.915 E/WifiStaIfaceAidlImpl(  888): getLinkLayerStats failed with service-specific exception: android.os.ServiceSpecificException: unknown error (code 9)
04-21 12:29:26.927 E/WifiStaIfaceAidlImpl(  888): getLinkLayerStats failed with service-specific exception: android.os.ServiceSpecificException: unknown error (code 9)
04-21 12:29:29.938 E/WifiStaIfaceAidlImpl(  888): getLinkLayerStats failed with service-specific exception: android.os.ServiceSpecificException: unknown error (code 9)
04-21 12:29:32.947 E/WifiStaIfaceAidlImpl(  888): getLinkLayerStats failed with service-specific exception: android.os.ServiceSpecificException: unknown error (code 9)
04-21 12:29:35.959 E/WifiStaIfaceAidlImpl(  888): getLinkLayerStats failed with service-specific exception: android.os.ServiceSpecificException: unknown error (code 9)
04-21 12:29:38.971 E/WifiStaIfaceAidlImpl(  888): getLinkLayerStats failed with service-specific exception: android.os.ServiceSpecificException: unknown error (code 9)
04-21 12:29:41.983 E/WifiStaIfaceAidlImpl(  888): getLinkLayerStats failed with service-specific exception: android.os.ServiceSpecificException: unknown error (code 9)
04-21 12:29:42.188 E/android.hardware.graphics.composer3-service.rockchip(  344): wait,line=113 wait callback timeout
04-21 12:29:44.995 E/WifiStaIfaceAidlImpl(  888): getLinkLayerStats failed with service-specific exception: android.os.ServiceSpecificException: unknown error (code 9)
04-21 12:29:45.871 E/SdkStatusContentProvider( 2731): SdkSettingPreferences onSharedPreferenceChanged key = isp
04-21 12:29:45.872 E/SdkStatusContentProvider( 2731): SdkSettingPreferences onSharedPreferenceChanged key = isp
04-21 12:29:45.873 E/ActivityThread( 2731): Failed to find provider info for com.alipay.iot.settings.SettingsProvider
04-21 12:29:45.873 E/ActivityThread( 2731): Failed to find provider info for com.alipay.iot.settings.SettingsProvider
04-21 12:29:45.876 I/UsbExtImpl(  888): default allow  uid:10099pid:2731  processName=com.alipay.iot.service to use PC Camera
04-21 12:29:45.876 V/UsbExtImpl(  888): smconf processName:com.alipay.iot.service
04-21 12:29:45.876 I/UsbExtImpl(  888): smconf disallow  uid:10099pid:2731  processName=com.alipay.iot.service to use GD32-USB_Printer
04-21 12:29:45.876 I/UsbExtImpl(  888): default allow  uid:10099pid:2731  processName=com.alipay.iot.service to use NS021 USB HID Keyboard
04-21 12:29:45.878 I/UsbExtImpl(  888): default allow  uid:10099pid:2731  processName=com.alipay.iot.service to use PC Camera
04-21 12:29:45.878 V/UsbExtImpl(  888): smconf processName:com.alipay.iot.service
04-21 12:29:45.878 I/UsbExtImpl(  888): smconf disallow  uid:10099pid:2731  processName=com.alipay.iot.service to use GD32-USB_Printer
04-21 12:29:45.878 I/UsbExtImpl(  888): default allow  uid:10099pid:2731  processName=com.alipay.iot.service to use NS021 USB HID Keyboard
04-21 12:29:45.880 I/UsbExtImpl(  888): default allow  uid:10099pid:2731  processName=com.alipay.iot.service to use PC Camera
04-21 12:29:45.880 V/UsbExtImpl(  888): smconf processName:com.alipay.iot.service
04-21 12:29:45.880 I/UsbExtImpl(  888): smconf disallow  uid:10099pid:2731  processName=com.alipay.iot.service to use GD32-USB_Printer
04-21 12:29:45.881 I/UsbExtImpl(  888): default allow  uid:10099pid:2731  processName=com.alipay.iot.service to use NS021 USB HID Keyboard
04-21 12:29:45.882 I/UsbExtImpl(  888): default allow  uid:10099pid:2731  processName=com.alipay.iot.service to use PC Camera
04-21 12:29:45.882 V/UsbExtImpl(  888): smconf processName:com.alipay.iot.service
04-21 12:29:45.882 I/UsbExtImpl(  888): smconf disallow  uid:10099pid:2731  processName=com.alipay.iot.service to use GD32-USB_Printer
04-21 12:29:45.883 I/UsbExtImpl(  888): default allow  uid:10099pid:2731  processName=com.alipay.iot.service to use NS021 USB HID Keyboard
04-21 12:29:45.884 I/UsbExtImpl(  888): default allow  uid:10099pid:2731  processName=com.alipay.iot.service to use PC Camera
04-21 12:29:45.884 V/UsbExtImpl(  888): smconf processName:com.alipay.iot.service
04-21 12:29:45.884 I/UsbExtImpl(  888): smconf disallow  uid:10099pid:2731  processName=com.alipay.iot.service to use GD32-USB_Printer
04-21 12:29:45.885 I/UsbExtImpl(  888): default allow  uid:10099pid:2731  processName=com.alipay.iot.service to use NS021 USB HID Keyboard
04-21 12:29:48.007 E/WifiStaIfaceAidlImpl(  888): getLinkLayerStats failed with service-specific exception: android.os.ServiceSpecificException: unknown error (code 9)
04-21 12:29:51.018 E/WifiStaIfaceAidlImpl(  888): getLinkLayerStats failed with service-specific exception: android.os.ServiceSpecificException: unknown error (code 9)
04-21 12:29:54.031 E/WifiStaIfaceAidlImpl(  888): getLinkLayerStats failed with service-specific exception: android.os.ServiceSpecificException: unknown error (code 9)
04-21 12:29:57.043 E/WifiStaIfaceAidlImpl(  888): getLinkLayerStats failed with service-specific exception: android.os.ServiceSpecificException: unknown error (code 9)
04-21 12:30:00.000 D/AlarmManager(  888): setImplLocked() callingPackage=android
04-21 12:30:00.052 E/WifiStaIfaceAidlImpl(  888): getLinkLayerStats failed with service-specific exception: android.os.ServiceSpecificException: unknown error (code 9)
04-21 12:30:02.189 E/android.hardware.graphics.composer3-service.rockchip(  344): wait,line=113 wait callback timeout
04-21 12:30:03.064 E/WifiStaIfaceAidlImpl(  888): getLinkLayerStats failed with service-specific exception: android.os.ServiceSpecificException: unknown error (code 9)
04-21 12:30:06.076 E/WifiStaIfaceAidlImpl(  888): getLinkLayerStats failed with service-specific exception: android.os.ServiceSpecificException: unknown error (code 9)
04-21 12:30:09.087 E/WifiStaIfaceAidlImpl(  888): getLinkLayerStats failed with service-specific exception: android.os.ServiceSpecificException: unknown error (code 9)
04-21 12:30:12.098 E/WifiStaIfaceAidlImpl(  888): getLinkLayerStats failed with service-specific exception: android.os.ServiceSpecificException: unknown error (code 9)
04-21 12:30:15.110 E/WifiStaIfaceAidlImpl(  888): getLinkLayerStats failed with service-specific exception: android.os.ServiceSpecificException: unknown error (code 9)
04-21 12:30:18.123 E/WifiStaIfaceAidlImpl(  888): getLinkLayerStats failed with service-specific exception: android.os.ServiceSpecificException: unknown error (code 9)
04-21 12:30:20.016 D/AlarmManager(  888): setImplLocked() callingPackage=sunmi.remotemanager
04-21 12:30:21.135 E/WifiStaIfaceAidlImpl(  888): getLinkLayerStats failed with service-specific exception: android.os.ServiceSpecificException: unknown error (code 9)
04-21 12:30:22.189 E/android.hardware.graphics.composer3-service.rockchip(  344): wait,line=113 wait callback timeout
04-21 12:30:24.147 E/WifiStaIfaceAidlImpl(  888): getLinkLayerStats failed with service-specific exception: android.os.ServiceSpecificException: unknown error (code 9)
04-21 12:30:27.157 E/WifiStaIfaceAidlImpl(  888): getLinkLayerStats failed with service-specific exception: android.os.ServiceSpecificException: unknown error (code 9)
04-21 12:30:30.167 E/WifiStaIfaceAidlImpl(  888): getLinkLayerStats failed with service-specific exception: android.os.ServiceSpecificException: unknown error (code 9)
04-21 12:30:30.565 D/TrafficStats(30017): tagSocket(5) with statsTag=0xffffffff, statsUid=-1
04-21 12:30:30.568 D/TrafficStats(30017): tagSocket(91) with statsTag=0xffffffff, statsUid=-1
04-21 12:30:30.571 D/TrafficStats(30017): tagSocket(95) with statsTag=0xffffffff, statsUid=-1
04-21 12:30:30.585 D/TrafficStats(30017): tagSocket(5) with statsTag=0xffffffff, statsUid=-1
04-21 12:30:30.586 D/TrafficStats(30017): tagSocket(91) with statsTag=0xffffffff, statsUid=-1
04-21 12:30:30.588 D/TrafficStats(30017): tagSocket(95) with statsTag=0xffffffff, statsUid=-1
04-21 12:30:30.594 D/TrafficStats(30017): tagSocket(5) with statsTag=0xffffffff, statsUid=-1
04-21 12:30:30.603 D/TrafficStats(30017): tagSocket(5) with statsTag=0xffffffff, statsUid=-1
04-21 12:30:30.643 W/yrn84:secondary(30017): Reducing the number of considered missed Gc histogram windows from 111 to 100
04-21 12:30:33.179 E/WifiStaIfaceAidlImpl(  888): getLinkLayerStats failed with service-specific exception: android.os.ServiceSpecificException: unknown error (code 9)
04-21 12:30:36.189 E/WifiStaIfaceAidlImpl(  888): getLinkLayerStats failed with service-specific exception: android.os.ServiceSpecificException: unknown error (code 9)
04-21 12:30:39.198 E/WifiStaIfaceAidlImpl(  888): getLinkLayerStats failed with service-specific exception: android.os.ServiceSpecificException: unknown error (code 9)
04-21 12:30:42.190 E/android.hardware.graphics.composer3-service.rockchip(  344): wait,line=113 wait callback timeout
04-21 12:30:42.207 E/WifiStaIfaceAidlImpl(  888): getLinkLayerStats failed with service-specific exception: android.os.ServiceSpecificException: unknown error (code 9)
04-21 12:30:45.219 E/WifiStaIfaceAidlImpl(  888): getLinkLayerStats failed with service-specific exception: android.os.ServiceSpecificException: unknown error (code 9)
04-21 12:30:45.893 E/SdkStatusContentProvider( 2731): SdkSettingPreferences onSharedPreferenceChanged key = isp
04-21 12:30:45.893 E/SdkStatusContentProvider( 2731): SdkSettingPreferences onSharedPreferenceChanged key = isp
04-21 12:30:45.894 E/ActivityThread( 2731): Failed to find provider info for com.alipay.iot.settings.SettingsProvider
04-21 12:30:45.895 E/ActivityThread( 2731): Failed to find provider info for com.alipay.iot.settings.SettingsProvider
04-21 12:30:45.897 I/UsbExtImpl(  888): default allow  uid:10099pid:2731  processName=com.alipay.iot.service to use PC Camera
04-21 12:30:45.898 V/UsbExtImpl(  888): smconf processName:com.alipay.iot.service
04-21 12:30:45.898 I/UsbExtImpl(  888): smconf disallow  uid:10099pid:2731  processName=com.alipay.iot.service to use GD32-USB_Printer
04-21 12:30:45.898 I/UsbExtImpl(  888): default allow  uid:10099pid:2731  processName=com.alipay.iot.service to use NS021 USB HID Keyboard
04-21 12:30:45.900 I/UsbExtImpl(  888): default allow  uid:10099pid:2731  processName=com.alipay.iot.service to use PC Camera
04-21 12:30:45.900 V/UsbExtImpl(  888): smconf processName:com.alipay.iot.service
04-21 12:30:45.900 I/UsbExtImpl(  888): smconf disallow  uid:10099pid:2731  processName=com.alipay.iot.service to use GD32-USB_Printer
04-21 12:30:45.901 I/UsbExtImpl(  888): default allow  uid:10099pid:2731  processName=com.alipay.iot.service to use NS021 USB HID Keyboard
04-21 12:30:45.902 I/UsbExtImpl(  888): default allow  uid:10099pid:2731  processName=com.alipay.iot.service to use PC Camera
04-21 12:30:45.902 V/UsbExtImpl(  888): smconf processName:com.alipay.iot.service
