04-21 12:37:58.839 E/WifiStaIfaceAidlImpl(  888): getLinkLayerStats failed with service-specific exception: android.os.ServiceSpecificException: unknown error (code 9)
04-21 12:38:00.000 D/AlarmManager(  888): setImplLocked() callingPackage=android
04-21 12:38:01.849 E/WifiStaIfaceAidlImpl(  888): getLinkLayerStats failed with service-specific exception: android.os.ServiceSpecificException: unknown error (code 9)
04-21 12:38:02.199 E/android.hardware.graphics.composer3-service.rockchip(  344): wait,line=113 wait callback timeout
04-21 12:38:04.859 E/WifiStaIfaceAidlImpl(  888): getLinkLayerStats failed with service-specific exception: android.os.ServiceSpecificException: unknown error (code 9)
04-21 12:38:07.867 E/WifiStaIfaceAidlImpl(  888): getLinkLayerStats failed with service-specific exception: android.os.ServiceSpecificException: unknown error (code 9)
04-21 12:38:10.878 E/WifiStaIfaceAidlImpl(  888): getLinkLayerStats failed with service-specific exception: android.os.ServiceSpecificException: unknown error (code 9)
04-21 12:38:13.889 E/WifiStaIfaceAidlImpl(  888): getLinkLayerStats failed with service-specific exception: android.os.ServiceSpecificException: unknown error (code 9)
04-21 12:38:16.901 E/WifiStaIfaceAidlImpl(  888): getLinkLayerStats failed with service-specific exception: android.os.ServiceSpecificException: unknown error (code 9)
04-21 12:38:19.914 E/WifiStaIfaceAidlImpl(  888): getLinkLayerStats failed with service-specific exception: android.os.ServiceSpecificException: unknown error (code 9)
04-21 12:38:20.675 D/AlarmManager(  888): setImplLocked() callingPackage=sunmi.remotemanager
04-21 12:38:22.199 E/android.hardware.graphics.composer3-service.rockchip(  344): wait,line=113 wait callback timeout
04-21 12:38:22.925 E/WifiStaIfaceAidlImpl(  888): getLinkLayerStats failed with service-specific exception: android.os.ServiceSpecificException: unknown error (code 9)
04-21 12:38:25.935 E/WifiStaIfaceAidlImpl(  888): getLinkLayerStats failed with service-specific exception: android.os.ServiceSpecificException: unknown error (code 9)
04-21 12:38:28.945 E/WifiStaIfaceAidlImpl(  888): getLinkLayerStats failed with service-specific exception: android.os.ServiceSpecificException: unknown error (code 9)
04-21 12:38:31.955 E/WifiStaIfaceAidlImpl(  888): getLinkLayerStats failed with service-specific exception: android.os.ServiceSpecificException: unknown error (code 9)
04-21 12:38:34.965 E/WifiStaIfaceAidlImpl(  888): getLinkLayerStats failed with service-specific exception: android.os.ServiceSpecificException: unknown error (code 9)
04-21 12:38:37.977 E/WifiStaIfaceAidlImpl(  888): getLinkLayerStats failed with service-specific exception: android.os.ServiceSpecificException: unknown error (code 9)
04-21 12:38:40.987 E/WifiStaIfaceAidlImpl(  888): getLinkLayerStats failed with service-specific exception: android.os.ServiceSpecificException: unknown error (code 9)
04-21 12:38:42.199 E/android.hardware.graphics.composer3-service.rockchip(  344): wait,line=113 wait callback timeout
04-21 12:38:43.998 E/WifiStaIfaceAidlImpl(  888): getLinkLayerStats failed with service-specific exception: android.os.ServiceSpecificException: unknown error (code 9)
04-21 12:38:46.069 E/SdkStatusContentProvider( 2731): SdkSettingPreferences onSharedPreferenceChanged key = isp
04-21 12:38:46.069 E/SdkStatusContentProvider( 2731): SdkSettingPreferences onSharedPreferenceChanged key = isp
04-21 12:38:46.070 E/ActivityThread( 2731): Failed to find provider info for com.alipay.iot.settings.SettingsProvider
04-21 12:38:46.071 E/ActivityThread( 2731): Failed to find provider info for com.alipay.iot.settings.SettingsProvider
04-21 12:38:46.074 I/UsbExtImpl(  888): default allow  uid:10099pid:2731  processName=com.alipay.iot.service to use PC Camera
04-21 12:38:46.074 V/UsbExtImpl(  888): smconf processName:com.alipay.iot.service
04-21 12:38:46.074 I/UsbExtImpl(  888): smconf disallow  uid:10099pid:2731  processName=com.alipay.iot.service to use GD32-USB_Printer
04-21 12:38:46.074 I/UsbExtImpl(  888): default allow  uid:10099pid:2731  processName=com.alipay.iot.service to use NS021 USB HID Keyboard
04-21 12:38:46.076 I/UsbExtImpl(  888): default allow  uid:10099pid:2731  processName=com.alipay.iot.service to use PC Camera
04-21 12:38:46.076 V/UsbExtImpl(  888): smconf processName:com.alipay.iot.service
04-21 12:38:46.076 I/UsbExtImpl(  888): smconf disallow  uid:10099pid:2731  processName=com.alipay.iot.service to use GD32-USB_Printer
04-21 12:38:46.077 I/UsbExtImpl(  888): default allow  uid:10099pid:2731  processName=com.alipay.iot.service to use NS021 USB HID Keyboard
04-21 12:38:46.078 I/UsbExtImpl(  888): default allow  uid:10099pid:2731  processName=com.alipay.iot.service to use PC Camera
04-21 12:38:46.078 V/UsbExtImpl(  888): smconf processName:com.alipay.iot.service
04-21 12:38:46.078 I/UsbExtImpl(  888): smconf disallow  uid:10099pid:2731  processName=com.alipay.iot.service to use GD32-USB_Printer
04-21 12:38:46.078 I/UsbExtImpl(  888): default allow  uid:10099pid:2731  processName=com.alipay.iot.service to use NS021 USB HID Keyboard
04-21 12:38:46.080 I/UsbExtImpl(  888): default allow  uid:10099pid:2731  processName=com.alipay.iot.service to use PC Camera
04-21 12:38:46.081 V/UsbExtImpl(  888): smconf processName:com.alipay.iot.service
04-21 12:38:46.081 I/UsbExtImpl(  888): smconf disallow  uid:10099pid:2731  processName=com.alipay.iot.service to use GD32-USB_Printer
04-21 12:38:46.081 I/UsbExtImpl(  888): default allow  uid:10099pid:2731  processName=com.alipay.iot.service to use NS021 USB HID Keyboard
04-21 12:38:46.082 I/UsbExtImpl(  888): default allow  uid:10099pid:2731  processName=com.alipay.iot.service to use PC Camera
04-21 12:38:46.083 V/UsbExtImpl(  888): smconf processName:com.alipay.iot.service
04-21 12:38:46.083 I/UsbExtImpl(  888): smconf disallow  uid:10099pid:2731  processName=com.alipay.iot.service to use GD32-USB_Printer
04-21 12:38:46.083 I/UsbExtImpl(  888): default allow  uid:10099pid:2731  processName=com.alipay.iot.service to use NS021 USB HID Keyboard
04-21 12:38:47.010 E/WifiStaIfaceAidlImpl(  888): getLinkLayerStats failed with service-specific exception: android.os.ServiceSpecificException: unknown error (code 9)
04-21 12:38:50.021 E/WifiStaIfaceAidlImpl(  888): getLinkLayerStats failed with service-specific exception: android.os.ServiceSpecificException: unknown error (code 9)
04-21 12:38:53.032 E/WifiStaIfaceAidlImpl(  888): getLinkLayerStats failed with service-specific exception: android.os.ServiceSpecificException: unknown error (code 9)
04-21 12:38:56.044 E/WifiStaIfaceAidlImpl(  888): getLinkLayerStats failed with service-specific exception: android.os.ServiceSpecificException: unknown error (code 9)
04-21 12:38:59.055 E/WifiStaIfaceAidlImpl(  888): getLinkLayerStats failed with service-specific exception: android.os.ServiceSpecificException: unknown error (code 9)
04-21 12:39:00.000 D/AlarmManager(  888): setImplLocked() callingPackage=android
04-21 12:39:00.387 I/assembly.assembly.android.mixc-retail-rn84(30188): [assembly.topology] Native topology host already matches desired lifecycle state {"displayCount":2,"displayIndex":0,"deviceId":"2N4QS8GYRS","instanceMode":"MASTER","enableSlave":true,"running":false,"reason":"not-master-or-single-primary-host"}
04-21 12:39:00.404 I/assembly.assembly.android.mixc-retail-rn84(30188): [assembly.topology] Native topology host already matches desired lifecycle state {"displayCount":2,"displayIndex":0,"deviceId":"2N4QS8GYRS","instanceMode":"MASTER","enableSlave":true,"running":false,"reason":"not-master-or-single-primary-host"}
04-21 12:39:00.408 I/assembly.assembly.android.mixc-retail-rn84(30188): [assembly.topology] Native topology host already matches desired lifecycle state {"displayCount":2,"displayIndex":0,"deviceId":"2N4QS8GYRS","instanceMode":"MASTER","enableSlave":true,"running":false,"reason":"not-master-or-single-primary-host"}
04-21 12:39:00.409 I/assembly.assembly.android.mixc-retail-rn84(30188): [assembly.topology] Native topology host already matches desired lifecycle state {"displayCount":2,"displayIndex":0,"deviceId":"2N4QS8GYRS","instanceMode":"MASTER","enableSlave":true,"running":false,"reason":"not-master-or-single-primary-host"}
04-21 12:39:00.429 I/MMKV    (30188): <MMKV_IO.cpp:609::writeActualSize> [mixc-retail-assembly-rn84::state] increase sequence to 121, crc 510738419, actualSize 23953
04-21 12:39:00.430 I/MMKV    (30188): <MMKV.cpp:1208::sync> MMKV::sync, SyncFlag = 1
04-21 12:39:02.066 E/WifiStaIfaceAidlImpl(  888): getLinkLayerStats failed with service-specific exception: android.os.ServiceSpecificException: unknown error (code 9)
04-21 12:39:02.200 E/android.hardware.graphics.composer3-service.rockchip(  344): wait,line=113 wait callback timeout
04-21 12:39:05.077 E/WifiStaIfaceAidlImpl(  888): getLinkLayerStats failed with service-specific exception: android.os.ServiceSpecificException: unknown error (code 9)
04-21 12:39:08.087 E/WifiStaIfaceAidlImpl(  888): getLinkLayerStats failed with service-specific exception: android.os.ServiceSpecificException: unknown error (code 9)
04-21 12:39:11.097 E/WifiStaIfaceAidlImpl(  888): getLinkLayerStats failed with service-specific exception: android.os.ServiceSpecificException: unknown error (code 9)
04-21 12:39:14.108 E/WifiStaIfaceAidlImpl(  888): getLinkLayerStats failed with service-specific exception: android.os.ServiceSpecificException: unknown error (code 9)
04-21 12:39:17.119 E/WifiStaIfaceAidlImpl(  888): getLinkLayerStats failed with service-specific exception: android.os.ServiceSpecificException: unknown error (code 9)
04-21 12:39:20.130 E/WifiStaIfaceAidlImpl(  888): getLinkLayerStats failed with service-specific exception: android.os.ServiceSpecificException: unknown error (code 9)
04-21 12:39:20.869 D/AlarmManager(  888): setImplLocked() callingPackage=sunmi.remotemanager
04-21 12:39:22.200 E/android.hardware.graphics.composer3-service.rockchip(  344): wait,line=113 wait callback timeout
04-21 12:39:23.140 E/WifiStaIfaceAidlImpl(  888): getLinkLayerStats failed with service-specific exception: android.os.ServiceSpecificException: unknown error (code 9)
04-21 12:39:26.151 E/WifiStaIfaceAidlImpl(  888): getLinkLayerStats failed with service-specific exception: android.os.ServiceSpecificException: unknown error (code 9)
04-21 12:39:29.162 E/WifiStaIfaceAidlImpl(  888): getLinkLayerStats failed with service-specific exception: android.os.ServiceSpecificException: unknown error (code 9)
04-21 12:39:32.173 E/WifiStaIfaceAidlImpl(  888): getLinkLayerStats failed with service-specific exception: android.os.ServiceSpecificException: unknown error (code 9)
04-21 12:39:35.183 E/WifiStaIfaceAidlImpl(  888): getLinkLayerStats failed with service-specific exception: android.os.ServiceSpecificException: unknown error (code 9)
04-21 12:39:36.156 I/pay.iot.service( 2731): Background concurrent mark compact GC freed 220005(11MB) AllocSpace objects, 20(1040KB) LOS objects, 49% free, 12MB/24MB, paused 773us,5.465ms total 52.440ms
04-21 12:39:36.299 I/assembly.assembly.android.mixc-retail-rn84(30188): [assembly.topology] Native topology host already matches desired lifecycle state {"displayCount":2,"displayIndex":0,"deviceId":"2N4QS8GYRS","instanceMode":"MASTER","enableSlave":true,"running":false,"reason":"not-master-or-single-primary-host"}
04-21 12:39:36.302 I/assembly.assembly.android.mixc-retail-rn84(30188): [assembly.topology] Native topology host already matches desired lifecycle state {"displayCount":2,"displayIndex":0,"deviceId":"2N4QS8GYRS","instanceMode":"MASTER","enableSlave":true,"running":false,"reason":"not-master-or-single-primary-host"}
04-21 12:39:36.310 I/ReactNativeJS(30017): '[runtime-state-sync-apply]', '{"direction":"master-to-slave","incomingSliceNames":["kernel.base.tdp-sync-runtime-v2.hot-update"],"appliedSliceNames":["kernel.base.tdp-sync-runtime-v2.hot-update"],"skippedSliceReasons":[]}'
04-21 12:39:36.311 I/assembly.assembly.android.mixc-retail-rn84(30188): [assembly.topology] Native topology host already matches desired lifecycle state {"displayCount":2,"displayIndex":0,"deviceId":"2N4QS8GYRS","instanceMode":"MASTER","enableSlave":true,"running":false,"reason":"not-master-or-single-primary-host"}
04-21 12:39:36.314 I/assembly.assembly.android.mixc-retail-rn84(30188): [assembly.topology] Native topology host already matches desired lifecycle state {"displayCount":2,"displayIndex":0,"deviceId":"2N4QS8GYRS","instanceMode":"MASTER","enableSlave":true,"running":false,"reason":"not-master-or-single-primary-host"}
04-21 12:39:36.318 I/assembly.assembly.android.mixc-retail-rn84(30017): [assembly.topology] Native topology host already matches desired lifecycle state {"displayCount":2,"displayIndex":1,"deviceId":"2N4QS8GYRS","instanceMode":"SLAVE","enableSlave":false,"running":false,"reason":"not-master-or-single-primary-host"}
04-21 12:39:36.318 I/assembly.assembly.android.mixc-retail-rn84(30017): [assembly.topology] Native topology host already matches desired lifecycle state {"displayCount":2,"displayIndex":1,"deviceId":"2N4QS8GYRS","instanceMode":"SLAVE","enableSlave":false,"running":false,"reason":"not-master-or-single-primary-host"}
04-21 12:39:36.347 I/MMKV    (30188): <MMKV_IO.cpp:609::writeActualSize> [mixc-retail-assembly-rn84::state] increase sequence to 122, crc 943336049, actualSize 19597
04-21 12:39:36.347 I/MMKV    (30188): <MMKV.cpp:1208::sync> MMKV::sync, SyncFlag = 1
04-21 12:39:38.195 E/WifiStaIfaceAidlImpl(  888): getLinkLayerStats failed with service-specific exception: android.os.ServiceSpecificException: unknown error (code 9)
04-21 12:39:41.206 E/WifiStaIfaceAidlImpl(  888): getLinkLayerStats failed with service-specific exception: android.os.ServiceSpecificException: unknown error (code 9)
04-21 12:39:42.201 E/android.hardware.graphics.composer3-service.rockchip(  344): wait,line=113 wait callback timeout
04-21 12:39:44.217 E/WifiStaIfaceAidlImpl(  888): getLinkLayerStats failed with service-specific exception: android.os.ServiceSpecificException: unknown error (code 9)
04-21 12:39:46.093 E/SdkStatusContentProvider( 2731): SdkSettingPreferences onSharedPreferenceChanged key = isp
04-21 12:39:46.093 E/SdkStatusContentProvider( 2731): SdkSettingPreferences onSharedPreferenceChanged key = isp
04-21 12:39:46.094 E/ActivityThread( 2731): Failed to find provider info for com.alipay.iot.settings.SettingsProvider
04-21 12:39:46.095 E/ActivityThread( 2731): Failed to find provider info for com.alipay.iot.settings.SettingsProvider
04-21 12:39:46.098 I/UsbExtImpl(  888): default allow  uid:10099pid:2731  processName=com.alipay.iot.service to use PC Camera
04-21 12:39:46.098 V/UsbExtImpl(  888): smconf processName:com.alipay.iot.service
04-21 12:39:46.098 I/UsbExtImpl(  888): smconf disallow  uid:10099pid:2731  processName=com.alipay.iot.service to use GD32-USB_Printer
04-21 12:39:46.098 I/UsbExtImpl(  888): default allow  uid:10099pid:2731  processName=com.alipay.iot.service to use NS021 USB HID Keyboard
04-21 12:39:46.100 I/UsbExtImpl(  888): default allow  uid:10099pid:2731  processName=com.alipay.iot.service to use PC Camera
04-21 12:39:46.100 V/UsbExtImpl(  888): smconf processName:com.alipay.iot.service
04-21 12:39:46.100 I/UsbExtImpl(  888): smconf disallow  uid:10099pid:2731  processName=com.alipay.iot.service to use GD32-USB_Printer
04-21 12:39:46.100 I/UsbExtImpl(  888): default allow  uid:10099pid:2731  processName=com.alipay.iot.service to use NS021 USB HID Keyboard
04-21 12:39:46.102 I/UsbExtImpl(  888): default allow  uid:10099pid:2731  processName=com.alipay.iot.service to use PC Camera
04-21 12:39:46.102 V/UsbExtImpl(  888): smconf processName:com.alipay.iot.service
04-21 12:39:46.102 I/UsbExtImpl(  888): smconf disallow  uid:10099pid:2731  processName=com.alipay.iot.service to use GD32-USB_Printer
04-21 12:39:46.102 I/UsbExtImpl(  888): default allow  uid:10099pid:2731  processName=com.alipay.iot.service to use NS021 USB HID Keyboard
04-21 12:39:46.104 I/UsbExtImpl(  888): default allow  uid:10099pid:2731  processName=com.alipay.iot.service to use PC Camera
04-21 12:39:46.104 V/UsbExtImpl(  888): smconf processName:com.alipay.iot.service
04-21 12:39:46.104 I/UsbExtImpl(  888): smconf disallow  uid:10099pid:2731  processName=com.alipay.iot.service to use GD32-USB_Printer
04-21 12:39:46.104 I/UsbExtImpl(  888): default allow  uid:10099pid:2731  processName=com.alipay.iot.service to use NS021 USB HID Keyboard
04-21 12:39:46.106 I/UsbExtImpl(  888): default allow  uid:10099pid:2731  processName=com.alipay.iot.service to use PC Camera
04-21 12:39:46.106 V/UsbExtImpl(  888): smconf processName:com.alipay.iot.service
04-21 12:39:46.106 I/UsbExtImpl(  888): smconf disallow  uid:10099pid:2731  processName=com.alipay.iot.service to use GD32-USB_Printer
04-21 12:39:46.106 I/UsbExtImpl(  888): default allow  uid:10099pid:2731  processName=com.alipay.iot.service to use NS021 USB HID Keyboard
04-21 12:39:47.229 E/WifiStaIfaceAidlImpl(  888): getLinkLayerStats failed with service-specific exception: android.os.ServiceSpecificException: unknown error (code 9)
04-21 12:39:50.239 E/WifiStaIfaceAidlImpl(  888): getLinkLayerStats failed with service-specific exception: android.os.ServiceSpecificException: unknown error (code 9)
04-21 12:39:52.381 I/rkstack.process( 1235): Background concurrent mark compact GC freed 49537(3248KB) AllocSpace objects, 0(0B) LOS objects, 49% free, 3361KB/6722KB, paused 367us,5.508ms total 41.238ms
04-21 12:39:53.250 E/WifiStaIfaceAidlImpl(  888): getLinkLayerStats failed with service-specific exception: android.os.ServiceSpecificException: unknown error (code 9)
04-21 12:39:54.875 I/assembly.assembly.android.mixc-retail-rn84(30188): [assembly.topology] Native topology host already matches desired lifecycle state {"displayCount":2,"displayIndex":0,"deviceId":"2N4QS8GYRS","instanceMode":"MASTER","enableSlave":true,"running":false,"reason":"not-master-or-single-primary-host"}
04-21 12:39:54.887 I/assembly.assembly.android.mixc-retail-rn84(30188): [assembly.topology] Native topology host already matches desired lifecycle state {"displayCount":2,"displayIndex":0,"deviceId":"2N4QS8GYRS","instanceMode":"MASTER","enableSlave":true,"running":false,"reason":"not-master-or-single-primary-host"}
04-21 12:39:54.896 I/ReactNativeJS(30017): '[runtime-state-sync-apply]', '{"direction":"master-to-slave","incomingSliceNames":["kernel.base.tdp-sync-runtime-v2.hot-update"],"appliedSliceNames":["kernel.base.tdp-sync-runtime-v2.hot-update"],"skippedSliceReasons":[]}'
04-21 12:39:54.901 D/TrafficStats(30188): tagSocket(5) with statsTag=0xffffffff, statsUid=-1
04-21 12:39:54.902 I/assembly.assembly.android.mixc-retail-rn84(30188): [assembly.topology] Native topology host already matches desired lifecycle state {"displayCount":2,"displayIndex":0,"deviceId":"2N4QS8GYRS","instanceMode":"MASTER","enableSlave":true,"running":false,"reason":"not-master-or-single-primary-host"}
04-21 12:39:54.903 I/assembly.assembly.android.mixc-retail-rn84(30188): [assembly.topology] Native topology host already matches desired lifecycle state {"displayCount":2,"displayIndex":0,"deviceId":"2N4QS8GYRS","instanceMode":"MASTER","enableSlave":true,"running":false,"reason":"not-master-or-single-primary-host"}
04-21 12:39:54.904 I/assembly.assembly.android.mixc-retail-rn84(30188): [assembly.topology] Native topology host already matches desired lifecycle state {"displayCount":2,"displayIndex":0,"deviceId":"2N4QS8GYRS","instanceMode":"MASTER","enableSlave":true,"running":false,"reason":"not-master-or-single-primary-host"}
04-21 12:39:54.904 I/assembly.assembly.android.mixc-retail-rn84(30017): [assembly.topology] Native topology host already matches desired lifecycle state {"displayCount":2,"displayIndex":1,"deviceId":"2N4QS8GYRS","instanceMode":"SLAVE","enableSlave":false,"running":false,"reason":"not-master-or-single-primary-host"}
04-21 12:39:54.905 I/assembly.assembly.android.mixc-retail-rn84(30017): [assembly.topology] Native topology host already matches desired lifecycle state {"displayCount":2,"displayIndex":1,"deviceId":"2N4QS8GYRS","instanceMode":"SLAVE","enableSlave":false,"running":false,"reason":"not-master-or-single-primary-host"}
04-21 12:39:54.925 I/MMKV    (30188): <MMKV_IO.cpp:609::writeActualSize> [mixc-retail-assembly-rn84::state] increase sequence to 123, crc 3351754873, actualSize 22099
04-21 12:39:54.925 I/MMKV    (30188): <MMKV.cpp:1208::sync> MMKV::sync, SyncFlag = 1
04-21 12:39:54.938 I/ReactNativeJS(30017): '[runtime-state-sync-apply]', '{"direction":"master-to-slave","incomingSliceNames":["kernel.base.tdp-sync-runtime-v2.hot-update"],"appliedSliceNames":["kernel.base.tdp-sync-runtime-v2.hot-update"],"skippedSliceReasons":[]}'
04-21 12:39:54.945 I/assembly.assembly.android.mixc-retail-rn84(30017): [assembly.topology] Native topology host already matches desired lifecycle state {"displayCount":2,"displayIndex":1,"deviceId":"2N4QS8GYRS","instanceMode":"SLAVE","enableSlave":false,"running":false,"reason":"not-master-or-single-primary-host"}
04-21 12:39:54.946 I/assembly.assembly.android.mixc-retail-rn84(30017): [assembly.topology] Native topology host already matches desired lifecycle state {"displayCount":2,"displayIndex":1,"deviceId":"2N4QS8GYRS","instanceMode":"SLAVE","enableSlave":false,"running":false,"reason":"not-master-or-single-primary-host"}
04-21 12:39:55.958 I/ReactNativeJS(30017): '[runtime-state-sync-apply]', '{"direction":"master-to-slave","incomingSliceNames":["kernel.base.tdp-sync-runtime-v2.hot-update"],"appliedSliceNames":["kernel.base.tdp-sync-runtime-v2.hot-update"],"skippedSliceReasons":[]}'
04-21 12:39:55.963 I/assembly.assembly.android.mixc-retail-rn84(30188): [assembly.topology] Native topology host already matches desired lifecycle state {"displayCount":2,"displayIndex":0,"deviceId":"2N4QS8GYRS","instanceMode":"MASTER","enableSlave":true,"running":false,"reason":"not-master-or-single-primary-host"}
04-21 12:39:55.965 I/assembly.assembly.android.mixc-retail-rn84(30017): [assembly.topology] Native topology host already matches desired lifecycle state {"displayCount":2,"displayIndex":1,"deviceId":"2N4QS8GYRS","instanceMode":"SLAVE","enableSlave":false,"running":false,"reason":"not-master-or-single-primary-host"}
04-21 12:39:55.966 I/assembly.assembly.android.mixc-retail-rn84(30017): [assembly.topology] Native topology host already matches desired lifecycle state {"displayCount":2,"displayIndex":1,"deviceId":"2N4QS8GYRS","instanceMode":"SLAVE","enableSlave":false,"running":false,"reason":"not-master-or-single-primary-host"}
04-21 12:39:55.966 I/MMKV    (30188): <MMKV_IO.cpp:609::writeActualSize> [mixc-retail-assembly-rn84::state] increase sequence to 124, crc 2545121833, actualSize 25023
04-21 12:39:55.966 I/MMKV    (30188): <MMKV.cpp:1208::sync> MMKV::sync, SyncFlag = 1
04-21 12:39:55.979 I/ReactNativeJS(30017): '[runtime-state-sync-apply]', '{"direction":"master-to-slave","incomingSliceNames":["kernel.base.tdp-sync-runtime-v2.hot-update"],"appliedSliceNames":["kernel.base.tdp-sync-runtime-v2.hot-update"],"skippedSliceReasons":[]}'
04-21 12:39:55.988 I/assembly.assembly.android.mixc-retail-rn84(30017): [assembly.topology] Native topology host already matches desired lifecycle state {"displayCount":2,"displayIndex":1,"deviceId":"2N4QS8GYRS","instanceMode":"SLAVE","enableSlave":false,"running":false,"reason":"not-master-or-single-primary-host"}
04-21 12:39:55.989 I/assembly.assembly.android.mixc-retail-rn84(30017): [assembly.topology] Native topology host already matches desired lifecycle state {"displayCount":2,"displayIndex":1,"deviceId":"2N4QS8GYRS","instanceMode":"SLAVE","enableSlave":false,"running":false,"reason":"not-master-or-single-primary-host"}
04-21 12:39:55.993 I/ReactNativeJS(30017): '[runtime-state-sync-apply]', '{"direction":"master-to-slave","incomingSliceNames":["kernel.base.tdp-sync-runtime-v2.hot-update"],"appliedSliceNames":["kernel.base.tdp-sync-runtime-v2.hot-update"],"skippedSliceReasons":[]}'
04-21 12:39:56.000 I/assembly.assembly.android.mixc-retail-rn84(30017): [assembly.topology] Native topology host already matches desired lifecycle state {"displayCount":2,"displayIndex":1,"deviceId":"2N4QS8GYRS","instanceMode":"SLAVE","enableSlave":false,"running":false,"reason":"not-master-or-single-primary-host"}
04-21 12:39:56.001 I/assembly.assembly.android.mixc-retail-rn84(30017): [assembly.topology] Native topology host already matches desired lifecycle state {"displayCount":2,"displayIndex":1,"deviceId":"2N4QS8GYRS","instanceMode":"SLAVE","enableSlave":false,"running":false,"reason":"not-master-or-single-primary-host"}
04-21 12:39:56.005 I/assembly.assembly.android.mixc-retail-rn84(30188): [assembly.topology] Native topology host already matches desired lifecycle state {"displayCount":2,"displayIndex":0,"deviceId":"2N4QS8GYRS","instanceMode":"MASTER","enableSlave":true,"running":false,"reason":"not-master-or-single-primary-host"}
04-21 12:39:56.006 I/ReactNativeJS(30017): '[runtime-state-sync-apply]', '{"direction":"master-to-slave","incomingSliceNames":["kernel.base.tdp-sync-runtime-v2.hot-update"],"appliedSliceNames":["kernel.base.tdp-sync-runtime-v2.hot-update"],"skippedSliceReasons":[]}'
04-21 12:39:56.006 I/assembly.assembly.android.mixc-retail-rn84(30188): [assembly.topology] Native topology host already matches desired lifecycle state {"displayCount":2,"displayIndex":0,"deviceId":"2N4QS8GYRS","instanceMode":"MASTER","enableSlave":true,"running":false,"reason":"not-master-or-single-primary-host"}
04-21 12:39:56.009 I/assembly.assembly.android.mixc-retail-rn84(30188): [assembly.topology] Native topology host already matches desired lifecycle state {"displayCount":2,"displayIndex":0,"deviceId":"2N4QS8GYRS","instanceMode":"MASTER","enableSlave":true,"running":false,"reason":"not-master-or-single-primary-host"}
04-21 12:39:56.009 I/assembly.assembly.android.mixc-retail-rn84(30188): [assembly.topology] Native topology host already matches desired lifecycle state {"displayCount":2,"displayIndex":0,"deviceId":"2N4QS8GYRS","instanceMode":"MASTER","enableSlave":true,"running":false,"reason":"not-master-or-single-primary-host"}
04-21 12:39:56.012 I/assembly.assembly.android.mixc-retail-rn84(30017): [assembly.topology] Native topology host already matches desired lifecycle state {"displayCount":2,"displayIndex":1,"deviceId":"2N4QS8GYRS","instanceMode":"SLAVE","enableSlave":false,"running":false,"reason":"not-master-or-single-primary-host"}
04-21 12:39:56.013 I/assembly.assembly.android.mixc-retail-rn84(30017): [assembly.topology] Native topology host already matches desired lifecycle state {"displayCount":2,"displayIndex":1,"deviceId":"2N4QS8GYRS","instanceMode":"SLAVE","enableSlave":false,"running":false,"reason":"not-master-or-single-primary-host"}
04-21 12:39:56.016 I/ReactNativeJS(30017): '[runtime-state-sync-apply]', '{"direction":"master-to-slave","incomingSliceNames":["kernel.base.ui-runtime-v2.overlay.main"],"appliedSliceNames":["kernel.base.ui-runtime-v2.overlay.main"],"skippedSliceReasons":[]}'
04-21 12:39:56.018 I/assembly.assembly.android.mixc-retail-rn84(30017): [assembly.topology] Native topology host already matches desired lifecycle state {"displayCount":2,"displayIndex":1,"deviceId":"2N4QS8GYRS","instanceMode":"SLAVE","enableSlave":false,"running":false,"reason":"not-master-or-single-primary-host"}
04-21 12:39:56.019 I/assembly.assembly.android.mixc-retail-rn84(30017): [assembly.topology] Native topology host already matches desired lifecycle state {"displayCount":2,"displayIndex":1,"deviceId":"2N4QS8GYRS","instanceMode":"SLAVE","enableSlave":false,"running":false,"reason":"not-master-or-single-primary-host"}
04-21 12:39:56.035 I/MMKV    (30188): <MMKV_IO.cpp:609::writeActualSize> [mixc-retail-assembly-rn84::state] increase sequence to 125, crc 1111316001, actualSize 26628
04-21 12:39:56.035 I/MMKV    (30188): <MMKV.cpp:1208::sync> MMKV::sync, SyncFlag = 1
04-21 12:39:56.080 I/MMKV    (30188): <MMKV_IO.cpp:609::writeActualSize> [mixc-retail-assembly-rn84::state] increase sequence to 126, crc 3168549367, actualSize 26851
04-21 12:39:56.080 I/MMKV    (30188): <MMKV.cpp:1208::sync> MMKV::sync, SyncFlag = 1
04-21 12:39:56.104 I/MMKV    (30188): <MMKV_IO.cpp:609::writeActualSize> [mixc-retail-assembly-rn84::state] increase sequence to 127, crc 2276417187, actualSize 26851
04-21 12:39:56.104 I/MMKV    (30188): <MMKV.cpp:1208::sync> MMKV::sync, SyncFlag = 1
04-21 12:39:56.261 E/WifiStaIfaceAidlImpl(  888): getLinkLayerStats failed with service-specific exception: android.os.ServiceSpecificException: unknown error (code 9)
04-21 12:39:59.030 I/ReactNativeJS(30017): '[runtime-state-sync-apply]', '{"direction":"master-to-slave","incomingSliceNames":["kernel.base.ui-runtime-v2.overlay.main"],"appliedSliceNames":["kernel.base.ui-runtime-v2.overlay.main"],"skippedSliceReasons":[]}'
04-21 12:39:59.031 I/assembly.assembly.android.mixc-retail-rn84(30188): [assembly.topology] Native topology host already matches desired lifecycle state {"displayCount":2,"displayIndex":0,"deviceId":"2N4QS8GYRS","instanceMode":"MASTER","enableSlave":true,"running":false,"reason":"not-master-or-single-primary-host"}
04-21 12:39:59.035 I/assembly.assembly.android.mixc-retail-rn84(30017): [assembly.topology] Native topology host already matches desired lifecycle state {"displayCount":2,"displayIndex":1,"deviceId":"2N4QS8GYRS","instanceMode":"SLAVE","enableSlave":false,"running":false,"reason":"not-master-or-single-primary-host"}
04-21 12:39:59.036 I/assembly.assembly.android.mixc-retail-rn84(30017): [assembly.topology] Native topology host already matches desired lifecycle state {"displayCount":2,"displayIndex":1,"deviceId":"2N4QS8GYRS","instanceMode":"SLAVE","enableSlave":false,"running":false,"reason":"not-master-or-single-primary-host"}
04-21 12:39:59.041 I/StartupAudit(30188): restart_requested hasSecondary=true pid=30188 time=2026-04-21 12:39:59.040
04-21 12:39:59.041 I/StartupAudit(30188): topology_host_stopping pid=30188 time=2026-04-21 12:39:59.041
04-21 12:39:59.048 I/assembly.assembly.android.mixc-retail-rn84(30188): [assembly.topology] Native topology host already matches desired lifecycle state {"displayCount":2,"displayIndex":0,"deviceId":"2N4QS8GYRS","instanceMode":"MASTER","enableSlave":true,"running":false,"reason":"not-master-or-single-primary-host"}
04-21 12:39:59.052 I/assembly.assembly.android.mixc-retail-rn84(30017): [assembly.topology] Native topology host already matches desired lifecycle state {"displayCount":2,"displayIndex":1,"deviceId":"2N4QS8GYRS","instanceMode":"SLAVE","enableSlave":false,"running":false,"reason":"not-master-or-single-primary-host"}
04-21 12:39:59.053 I/assembly.assembly.android.mixc-retail-rn84(30017): [assembly.topology] Native topology host already matches desired lifecycle state {"displayCount":2,"displayIndex":1,"deviceId":"2N4QS8GYRS","instanceMode":"SLAVE","enableSlave":false,"running":false,"reason":"not-master-or-single-primary-host"}
04-21 12:39:59.054 I/assembly.assembly.android.mixc-retail-rn84(30017): [assembly.topology] Native topology host already matches desired lifecycle state {"displayCount":2,"displayIndex":1,"deviceId":"2N4QS8GYRS","instanceMode":"SLAVE","enableSlave":false,"running":false,"reason":"not-master-or-single-primary-host"}
04-21 12:39:59.055 I/assembly.assembly.android.mixc-retail-rn84(30017): [assembly.topology] Native topology host already matches desired lifecycle state {"displayCount":2,"displayIndex":1,"deviceId":"2N4QS8GYRS","instanceMode":"SLAVE","enableSlave":false,"running":false,"reason":"not-master-or-single-primary-host"}
04-21 12:39:59.056 I/StartupAudit(30188): topology_host_stopped pid=30188 time=2026-04-21 12:39:59.052
04-21 12:39:59.057 I/assembly.assembly.android.mixc-retail-rn84(30017): [assembly.topology] Native topology host already matches desired lifecycle state {"displayCount":2,"displayIndex":1,"deviceId":"2N4QS8GYRS","instanceMode":"SLAVE","enableSlave":false,"running":false,"reason":"not-master-or-single-primary-host"}
04-21 12:39:59.058 I/ReactNativeJS(30017): '[runtime-state-sync-apply]', '{"direction":"master-to-slave","incomingSliceNames":["kernel.base.tdp-sync-runtime-v2.hot-update"],"appliedSliceNames":["kernel.base.tdp-sync-runtime-v2.hot-update"],"skippedSliceReasons":[]}'
04-21 12:39:59.062 I/HotUpdateBundleResolver(30188): bundle_resolved source=restart-peek bundleFile=/data/user/0/com.impos2.mixcretailassemblyrn84/files/hot-updates/packages/pkg_acctwvv7v3of/index.android.bundle bundleVersion=1.0.0+ota.12 packageId=pkg_acctwvv7v3of bootAttempt=0 pid=30188
04-21 12:39:59.063 I/StartupAudit(30188): hot_update_process_relaunch_requested bundleFile=/data/user/0/com.impos2.mixcretailassemblyrn84/files/hot-updates/packages/pkg_acctwvv7v3of/index.android.bundle pid=30188 time=2026-04-21 12:39:59.063
04-21 12:39:59.066 I/assembly.assembly.android.mixc-retail-rn84(30017): [assembly.topology] Native topology host already matches desired lifecycle state {"displayCount":2,"displayIndex":1,"deviceId":"2N4QS8GYRS","instanceMode":"SLAVE","enableSlave":false,"running":false,"reason":"not-master-or-single-primary-host"}
04-21 12:39:59.066 I/assembly.assembly.android.mixc-retail-rn84(30017): [assembly.topology] Native topology host already matches desired lifecycle state {"displayCount":2,"displayIndex":1,"deviceId":"2N4QS8GYRS","instanceMode":"SLAVE","enableSlave":false,"running":false,"reason":"not-master-or-single-primary-host"}
04-21 12:39:59.069 D/PackageManager(  888): collectAppOpen(): pkg = com.impos2.mixcretailassemblyrn84
04-21 12:39:59.069 I/RegisterController(  888): type=0
04-21 12:39:59.069 W/APP_LOCK(  888): ===isSecureForCommon  defaultLauncher:null===
04-21 12:39:59.069 W/APP_LOCK(  888): ===isSecureForCommon  callingPackage:com.impos2.mixcretailassemblyrn84===
04-21 12:39:59.069 W/APP_LOCK(  888): ===isSecureForCommon  === defaultLauncher:com.android.launcher3===
04-21 12:39:59.069 W/APP_LOCK(  888): ===isSecureForCommon  isDefaultApp:false=== packageName : com.impos2.mixcretailassemblyrn84
04-21 12:39:59.071 I/Camera  (  888): callprocess:com.impos2.mixcretailassemblyrn84
04-21 12:39:59.073 D/CompatibilityChangeReporter(  888): Compat change id reported: 265464455; UID 10139; state: DISABLED
04-21 12:39:59.073 D/CompatibilityChangeReporter(  888): Compat change id reported: 265452344; UID 10139; state: DISABLED
04-21 12:39:59.074 D/CompatibilityChangeReporter(  888): Compat change id reported: 266124927; UID 10139; state: DISABLED
04-21 12:39:59.074 D/CompatibilityChangeReporter(  888): Compat change id reported: 265451093; UID 10139; state: DISABLED
04-21 12:39:59.074 D/CompatibilityChangeReporter(  888): Compat change id reported: 265456536; UID 10139; state: DISABLED
04-21 12:39:59.075 D/CompatibilityChangeReporter(  888): Compat change id reported: 255940284; UID 10139; state: DISABLED
04-21 12:39:59.075 D/CompatibilityChangeReporter(  888): Compat change id reported: 236283604; UID 10139; state: DISABLED
04-21 12:39:59.075 D/CompatibilityChangeReporter(  888): Compat change id reported: 263959004; UID 10139; state: DISABLED
04-21 12:39:59.076 D/CompatibilityChangeReporter(  888): Compat change id reported: 264304459; UID 10139; state: DISABLED
04-21 12:39:59.076 D/CompatibilityChangeReporter(  888): Compat change id reported: 264301586; UID 10139; state: DISABLED
04-21 12:39:59.076 D/CompatibilityChangeReporter(  888): Compat change id reported: 254631730; UID 10139; state: DISABLED
04-21 12:39:59.077 D/CompatibilityChangeReporter(  888): Compat change id reported: 273509367; UID 10139; state: DISABLED
04-21 12:39:59.077 D/CompatibilityChangeReporter(  888): Compat change id reported: 263259275; UID 10139; state: DISABLED
04-21 12:39:59.077 D/CompatibilityChangeReporter(  888): Compat change id reported: 174042980; UID 10139; state: DISABLED
04-21 12:39:59.078 D/CompatibilityChangeReporter(  888): Compat change id reported: 174042936; UID 10139; state: DISABLED
04-21 12:39:59.078 D/CompatibilityChangeReporter(  888): Compat change id reported: 181136395; UID 10139; state: DISABLED
04-21 12:39:59.079 D/CompatibilityChangeReporter(  888): Compat change id reported: 194480991; UID 10139; state: ENABLED
04-21 12:39:59.079 I/assembly.assembly.android.mixc-retail-rn84(30017): [assembly.topology] Native topology host already matches desired lifecycle state {"displayCount":2,"displayIndex":1,"deviceId":"2N4QS8GYRS","instanceMode":"SLAVE","enableSlave":false,"running":false,"reason":"not-master-or-single-primary-host"}
04-21 12:39:59.081 I/assembly.assembly.android.mixc-retail-rn84(30017): [assembly.topology] Native topology host already matches desired lifecycle state {"displayCount":2,"displayIndex":1,"deviceId":"2N4QS8GYRS","instanceMode":"SLAVE","enableSlave":false,"running":false,"reason":"not-master-or-single-primary-host"}
04-21 12:39:59.082 E/ActivityTaskManager(  888): startResult ================ 0
04-21 12:39:59.083 D/CompatibilityChangeReporter(  888): Compat change id reported: 197654537; UID 10139; state: ENABLED
04-21 12:39:59.083 I/assembly.assembly.android.mixc-retail-rn84(30017): [assembly.topology] Native topology host already matches desired lifecycle state {"displayCount":2,"displayIndex":1,"deviceId":"2N4QS8GYRS","instanceMode":"SLAVE","enableSlave":false,"running":false,"reason":"not-master-or-single-primary-host"}
04-21 12:39:59.085 I/assembly.assembly.android.mixc-retail-rn84(30017): [assembly.topology] Native topology host already matches desired lifecycle state {"displayCount":2,"displayIndex":1,"deviceId":"2N4QS8GYRS","instanceMode":"SLAVE","enableSlave":false,"running":false,"reason":"not-master-or-single-primary-host"}
04-21 12:39:59.087 D/CompatibilityChangeReporter(  888): Compat change id reported: 184838306; UID 10139; state: DISABLED
04-21 12:39:59.087 I/assembly.assembly.android.mixc-retail-rn84(30017): [assembly.topology] Native topology host already matches desired lifecycle state {"displayCount":2,"displayIndex":1,"deviceId":"2N4QS8GYRS","instanceMode":"SLAVE","enableSlave":false,"running":false,"reason":"not-master-or-single-primary-host"}
04-21 12:39:59.087 D/CompatibilityChangeReporter(  888): Compat change id reported: 185004937; UID 10139; state: DISABLED
04-21 12:39:59.090 W/InputDispatcher(  888): Focused display #0 does not have a focused window.
04-21 12:39:59.091 E/InputDispatcher(  888): But another display has a focused window
04-21 12:39:59.091 E/InputDispatcher(  888):   FocusedWindows:
04-21 12:39:59.091 E/InputDispatcher(  888):     displayId=2, name='9da9f2c com.impos2.mixcretailassemblyrn84/com.impos2.mixcretailassemblyrn84.SecondaryActivity'
04-21 12:39:59.093 W/libc    (  688): Access denied finding property "vendor.sculptor.enable"
04-21 12:39:59.095 D/CompatibilityChangeReporter(  888): Compat change id reported: 205907456; UID 10139; state: ENABLED
04-21 12:39:59.092 W/android.hardwar(  688): type=1400 audit(0.0:8739): avc:  denied  { read } for  name="u:object_r:vendor_sculptor_prop:s0" dev="tmpfs" ino=383 scontext=u:r:hal_power_default:s0 tcontext=u:object_r:vendor_sculptor_prop:s0 tclass=file permissive=0
04-21 12:39:59.098 I/Camera  (  888): callprocess:com.impos2.mixcretailassemblyrn84
04-21 12:39:59.099 I/Camera  (  888): callprocess:com.impos2.mixcretailassemblyrn84
04-21 12:39:59.100 I/Camera  (  888): callprocess:com.impos2.mixcretailassemblyrn84
04-21 12:39:59.102 I/assembly.assembly.android.mixc-retail-rn84(30188): [assembly.topology] Native topology host already matches desired lifecycle state {"displayCount":2,"displayIndex":0,"deviceId":"2N4QS8GYRS","instanceMode":"MASTER","enableSlave":true,"running":false,"reason":"not-master-or-single-primary-host"}
04-21 12:39:59.102 I/assembly.assembly.android.mixc-retail-rn84(30188): [assembly.topology] Native topology host already matches desired lifecycle state {"displayCount":2,"displayIndex":0,"deviceId":"2N4QS8GYRS","instanceMode":"MASTER","enableSlave":true,"running":false,"reason":"not-master-or-single-primary-host"}
04-21 12:39:59.102 I/assembly.assembly.android.mixc-retail-rn84(30188): [assembly.topology] Native topology host already matches desired lifecycle state {"displayCount":2,"displayIndex":0,"deviceId":"2N4QS8GYRS","instanceMode":"MASTER","enableSlave":true,"running":false,"reason":"not-master-or-single-primary-host"}
04-21 12:39:59.103 I/assembly.assembly.android.mixc-retail-rn84(30188): [assembly.topology] Native topology host already matches desired lifecycle state {"displayCount":2,"displayIndex":0,"deviceId":"2N4QS8GYRS","instanceMode":"MASTER","enableSlave":true,"running":false,"reason":"not-master-or-single-primary-host"}
04-21 12:39:59.103 I/assembly.assembly.android.mixc-retail-rn84(30188): [assembly.topology] Native topology host already matches desired lifecycle state {"displayCount":2,"displayIndex":0,"deviceId":"2N4QS8GYRS","instanceMode":"MASTER","enableSlave":true,"running":false,"reason":"not-master-or-single-primary-host"}
04-21 12:39:59.104 V/WindowManagerShell( 1104): Transition requested: android.os.BinderProxy@52a8066 TransitionRequestInfo { type = 1, triggerTask = TaskInfo{userId=0 taskId=229 displayId=0 isRunning=true baseIntent=Intent { act=android.intent.action.MAIN cat=[android.intent.category.LAUNCHER] flg=0x10200000 cmp=com.impos2.mixcretailassemblyrn84/.MainActivity } baseActivity=ComponentInfo{com.impos2.mixcretailassemblyrn84/com.impos2.mixcretailassemblyrn84.MainActivity} topActivity=ComponentInfo{com.impos2.mixcretailassemblyrn84/com.impos2.mixcretailassemblyrn84.MainActivity} origActivity=null realActivity=ComponentInfo{com.impos2.mixcretailassemblyrn84/com.impos2.mixcretailassemblyrn84.MainActivity} numActivities=1 lastActiveTime=4818449279 supportsMultiWindow=true resizeMode=1 isResizeable=true minWidth=-1 minHeight=-1 defaultMinSize=220 token=WCT{android.window.IWindowContainerToken$Stub$Proxy@b1befa7} topActivityType=1 pictureInPictureParams=null shouldDockBigOverlays=false launchIntoPipHostTaskId=-1 lastParentTaskIdBeforePip=-1 displayCutoutSafeInsets=null topActivityInfo=ActivityInfo{141c54 com.impos2.mixcretailassemblyrn84.MainActivity} launchCookies=[] positionInParent=Point(0, 0) parentTaskId=-1 isFocused=true isVisible=true isVisibleRequested=false isSleeping=false topActivityInSizeCompat=false topActivityEligibleForLetterboxEducation= false isLetterboxDoubleTapEnabled= false topActivityEligibleForUserAspectRatioButton= false topActivityBoundsLetterboxed= false isFromLetterboxDoubleTap= false topActivityLetterboxVerticalPosition= -1 topActivityLetterboxHorizontalPosition= -1 topActivityLetterboxWidth=-1 topActivityLetterboxHeight=-1 isUserFullscreenOverrideEnabled=false isTopActivityTransparent=false locusId=null displayAreaFeatureId=1 cameraCompatControlState=hidden}, remoteTransition = null, displayChange = null, flags = 0 }
04-21 12:39:59.105 W/libprocessgroup(  888): SetCgroup::ExecuteForProcess: failed to open /dev/stune/top-app/cgroup.procs: No such file or directory
04-21 12:39:59.108 D/CompatibilityChangeReporter(  888): Compat change id reported: 194833441; UID 10139; state: ENABLED
04-21 12:39:59.109 I/ActivityTaskManager(  888): START u0 {act=android.intent.action.MAIN cat=[android.intent.category.LAUNCHER] flg=0x10008000 pkg=com.impos2.mixcretailassemblyrn84 cmp=com.impos2.mixcretailassemblyrn84/.MainActivity} with LAUNCH_SINGLE_TASK from uid 10139 (BAL_ALLOW_VISIBLE_WINDOW) result code=0
04-21 12:39:59.112 D/CompatibilityChangeReporter(  888): Compat change id reported: 168419799; UID 10139; state: DISABLED
04-21 12:39:59.112 D/CompatibilityChangeReporter(  888): Compat change id reported: 273564678; UID 10139; state: DISABLED
04-21 12:39:59.116 W/ActivityTaskManager(  888): Duplicate finish request for r=ActivityRecord{c755a5b u0 com.impos2.mixcretailassemblyrn84/.MainActivity t229 f}}
04-21 12:39:59.117 I/AppRestartManager(30188): Exiting current process for hot update relaunch
04-21 12:39:59.117 I/ailassemblyrn84(30188): System.exit called, status: 0
04-21 12:39:59.118 I/AndroidRuntime(30188): VM exiting with result code 0, cleanup skipped.
04-21 12:39:59.124 D/CoreBackPreview(  888): Window{f6182 u0 Splash Screen com.impos2.mixcretailassemblyrn84}: Setting back callback OnBackInvokedCallbackInfo{mCallback=android.window.IOnBackInvokedCallback$Stub$Proxy@31748d0, mPriority=0, mIsAnimationCallback=false}
04-21 12:39:59.125 I/android.hardware.graphics.allocator-V1-service(  342): alloc_format: RGBA_8888 + AFBC + SPLIT + WIDE + SPARSE + Datatype: UNORM
04-21 12:39:59.125 I/android.hardware.graphics.allocator-V1-service(  342): mali_gralloc_adjust_dimensions: alloc_format=RGBA_8888 + AFBC + SPLIT + WIDE + SPARSE + Datatype: UNORM usage=TEXTURE + RENDER + HWC alloc_width=1920, alloc_height=1088
04-21 12:39:59.127 I/android.hardware.graphics.allocator-V1-service(  342): Writing AFBC header layout 0 for format 1, n_headers: 8160
04-21 12:39:59.127 D/android.hardware.graphics.allocator-V1-service(  342): got new private_handle_t instance for buffer 'VRI[mixcretailassemblyrn84]#633(BLAST Consumer)633'. share_fd : 10, share_attr_fd : 11, width : 1920, height : 1080, req_format : 0x1, producer_usage : 0xb00, consumer_usage : 0xb00, , stride : 0, alloc_format_base: 1, alloc_format_modifiers: 0x04190000, size : 8486912, layer_count : 1, backing_store_id: 0x156000060e0
04-21 12:39:59.127 D/android.hardware.graphics.allocator-V1-service(  342): plane_info[0]: offset : 0, byte_stride : 7680, alloc_width : 1920, alloc_height : 1088
04-21 12:39:59.127 D/android.hardware.graphics.allocator-V1-service(  342): plane_info[1]: offset : 0, byte_stride : 0, alloc_width : 0, alloc_height : 0
04-21 12:39:59.128 I/android.hardware.graphics.allocator-V1-service(  342): alloc_format: RGBA_8888 + AFBC + SPLIT + WIDE + SPARSE + Datatype: UNORM
04-21 12:39:59.128 I/android.hardware.graphics.allocator-V1-service(  342): mali_gralloc_adjust_dimensions: alloc_format=RGBA_8888 + AFBC + SPLIT + WIDE + SPARSE + Datatype: UNORM usage=TEXTURE + RENDER + HWC alloc_width=1920, alloc_height=1088
04-21 12:39:59.129 I/android.hardware.graphics.allocator-V1-service(  342): Writing AFBC header layout 0 for format 1, n_headers: 8160
04-21 12:39:59.129 I/BpBinder(  346): onLastStrongRef automatically unlinking death recipients: 
04-21 12:39:59.129 D/android.hardware.graphics.allocator-V1-service(  342): got new private_handle_t instance for buffer 'VRI[mixcretailassemblyrn84]#633(BLAST Consumer)633'. share_fd : 10, share_attr_fd : 11, width : 1920, height : 1080, req_format : 0x1, producer_usage : 0xb00, consumer_usage : 0xb00, , stride : 0, alloc_format_base: 1, alloc_format_modifiers: 0x04190000, size : 8486912, layer_count : 1, backing_store_id: 0x156000060e1
04-21 12:39:59.129 D/android.hardware.graphics.allocator-V1-service(  342): plane_info[0]: offset : 0, byte_stride : 7680, alloc_width : 1920, alloc_height : 1088
04-21 12:39:59.129 D/android.hardware.graphics.allocator-V1-service(  342): plane_info[1]: offset : 0, byte_stride : 0, alloc_width : 0, alloc_height : 0
04-21 12:39:59.130 I/android.hardware.graphics.allocator-V1-service(  342): alloc_format: RGBA_8888 + AFBC + SPLIT + WIDE + SPARSE + Datatype: UNORM
04-21 12:39:59.130 I/android.hardware.graphics.allocator-V1-service(  342): mali_gralloc_adjust_dimensions: alloc_format=RGBA_8888 + AFBC + SPLIT + WIDE + SPARSE + Datatype: UNORM usage=TEXTURE + RENDER + HWC alloc_width=1920, alloc_height=1088
04-21 12:39:59.132 I/android.hardware.graphics.allocator-V1-service(  342): Writing AFBC header layout 0 for format 1, n_headers: 8160
04-21 12:39:59.132 D/android.hardware.graphics.allocator-V1-service(  342): got new private_handle_t instance for buffer 'VRI[mixcretailassemblyrn84]#633(BLAST Consumer)633'. share_fd : 10, share_attr_fd : 11, width : 1920, height : 1080, req_format : 0x1, producer_usage : 0xb00, consumer_usage : 0xb00, , stride : 0, alloc_format_base: 1, alloc_format_modifiers: 0x04190000, size : 8486912, layer_count : 1, backing_store_id: 0x156000060e2
04-21 12:39:59.132 D/android.hardware.graphics.allocator-V1-service(  342): plane_info[0]: offset : 0, byte_stride : 7680, alloc_width : 1920, alloc_height : 1088
04-21 12:39:59.132 D/android.hardware.graphics.allocator-V1-service(  342): plane_info[1]: offset : 0, byte_stride : 0, alloc_width : 0, alloc_height : 0
04-21 12:39:59.177 I/ActivityManager(  888): Process com.impos2.mixcretailassemblyrn84 (pid 30188) has died: fg +50 TOP 
04-21 12:39:59.177 I/WindowManager(  888): WIN DEATH: Window{23d86be u0 com.impos2.mixcretailassemblyrn84/com.impos2.mixcretailassemblyrn84.MainActivity}
04-21 12:39:59.177 W/InputManager-JNI(  888): Input channel object '23d86be com.impos2.mixcretailassemblyrn84/com.impos2.mixcretailassemblyrn84.MainActivity (client)' was disposed without first being removed with the input manager!
04-21 12:39:59.178 I/libprocessgroup(  888): Successfully killed process cgroup uid 10139 pid 30188 in 0ms
04-21 12:39:59.178 I/Zygote  (  638): Process 30188 exited cleanly (0)
04-21 12:39:59.181 W/ActivityManager(  888): Scheduling restart of crashed service com.impos2.mixcretailassemblyrn84/com.impos2.adapterv2.topologyhostv3.TopologyHostV3Service in 1000ms for start-requested
04-21 12:39:59.184 W/InputDispatcher(  888): Focused display #2 does not have a focused window.
04-21 12:39:59.185 I/Camera  (  888): callprocess:com.impos2.mixcretailassemblyrn84
04-21 12:39:59.185 I/APP_LOCK(  888): com.impos2.mixcretailassemblyrn84 common is  not locked
04-21 12:39:59.185 W/APP_LOCK(  888):   isCustomizedAppLockEnabled is false
04-21 12:39:59.187 I/Camera  (  888): callprocess:com.impos2.mixcretailassemblyrn84
04-21 12:39:59.188 V/WindowManager(  888): Unknown focus tokens, dropping reportFocusChanged
04-21 12:39:59.191 D/CompatibilityChangeReporter(  888): Compat change id reported: 135634846; UID 10139; state: DISABLED
