04-20 06:15:44.545 19525 19545 I ReactNativeJS: '[runtime-state-sync-apply]', '{"direction":"master-to-slave","incomingSliceNames":["kernel.base.tcp-control-runtime-v2.identity"],"appliedSliceNames":["kernel.base.tcp-control-runtime-v2.identity"],"skippedSliceReasons":[]}'
04-20 06:15:44.578 19460 19480 I ReactNativeJS: '[tcp-activation-state-written]', '{"nodeId":"master:J9RZPWR3HK","sandboxId":"sandbox-kernel-base-test","terminalId":"terminal_xo50kc8sfhzz","bindingKeys":["platformId","tenantId","brandId","projectId","storeId","profileId","templateId"],"activatedAt":1776636944576}'
04-20 06:15:44.579 19460 19480 I ReactNativeJS: '[assembly.android.mixc-retail-rn84.websocket] connect', { url: 'ws://127.0.0.1:5810/api/v1/tdp/ws/connect?sandboxId=sandbox-kernel-base-test&terminalId=terminal_xo50kc8sfhzz&token=token_j0erl4qhfi00',
04-20 06:15:44.579 19460 19480 I ReactNativeJS:   protocol: 'ws',
04-20 06:15:44.579 19460 19480 I ReactNativeJS:   host: '127.0.0.1:5810',
04-20 06:15:44.579 19460 19480 I ReactNativeJS:   pathname: '/api/v1/tdp/ws/connect' }
04-20 06:15:44.585 19525 19545 I ReactNativeJS: '[runtime-state-sync-apply]', '{"direction":"master-to-slave","incomingSliceNames":["kernel.base.tcp-control-runtime-v2.sandbox"],"appliedSliceNames":["kernel.base.tcp-control-runtime-v2.sandbox"],"skippedSliceReasons":[]}'
04-20 06:15:44.587 19525 19545 I ReactNativeJS: '[runtime-state-sync-apply]', '{"direction":"master-to-slave","incomingSliceNames":["kernel.base.tcp-control-runtime-v2.identity"],"appliedSliceNames":["kernel.base.tcp-control-runtime-v2.identity"],"skippedSliceReasons":[]}'
04-20 06:15:44.592 19525 19545 I ReactNativeJS: '[runtime-state-sync-apply]', '{"direction":"master-to-slave","incomingSliceNames":["kernel.base.tcp-control-runtime-v2.credential"],"appliedSliceNames":["kernel.base.tcp-control-runtime-v2.credential"],"skippedSliceReasons":[]}'
04-20 06:15:44.595 19525 19545 I ReactNativeJS: '[runtime-state-sync-apply]', '{"direction":"master-to-slave","incomingSliceNames":["kernel.base.tcp-control-runtime-v2.binding"],"appliedSliceNames":["kernel.base.tcp-control-runtime-v2.binding"],"skippedSliceReasons":[]}'
04-20 06:15:44.597 19525 19545 I ReactNativeJS: '[runtime-state-sync-apply]', '{"direction":"master-to-slave","incomingSliceNames":["kernel.base.ui-runtime-v2.screen.main"],"appliedSliceNames":["kernel.base.ui-runtime-v2.screen.main"],"skippedSliceReasons":[]}'
04-20 06:15:44.599 19525 19545 I ReactNativeJS: '[runtime-state-sync-apply]', '{"direction":"master-to-slave","incomingSliceNames":["kernel.base.ui-runtime-v2.screen.main"],"appliedSliceNames":["kernel.base.ui-runtime-v2.screen.main"],"skippedSliceReasons":[]}'
04-20 06:16:49.598 19525 19545 I ReactNativeJS: '[runtime-state-sync-apply]', '{"direction":"master-to-slave","incomingSliceNames":["kernel.base.tdp-sync-runtime-v2.hot-update"],"appliedSliceNames":["kernel.base.tdp-sync-runtime-v2.hot-update"],"skippedSliceReasons":[]}'
04-20 06:16:49.625 19460 19460 I StartupAudit: restart_requested hasSecondary=true pid=19460 time=2026-04-20 06:16:49.625
04-20 06:16:49.625 19460 19460 I StartupAudit: topology_host_stopping pid=19460 time=2026-04-20 06:16:49.625
04-20 06:16:49.627 19525 19545 I ReactNativeJS: '[runtime-state-sync-apply]', '{"direction":"master-to-slave","incomingSliceNames":["kernel.base.tdp-sync-runtime-v2.hot-update"],"appliedSliceNames":["kernel.base.tdp-sync-runtime-v2.hot-update"],"skippedSliceReasons":[]}'
04-20 06:16:49.628 19525 19545 I ReactNativeJS: '[runtime-state-sync-apply]', '{"direction":"master-to-slave","incomingSliceNames":["kernel.base.tdp-sync-runtime-v2.hot-update"],"appliedSliceNames":["kernel.base.tdp-sync-runtime-v2.hot-update"],"skippedSliceReasons":[]}'
04-20 06:16:49.630 19460 19460 I StartupAudit: topology_host_stopped pid=19460 time=2026-04-20 06:16:49.630
04-20 06:16:49.630 19460 19460 I HotUpdateBundleResolver: bundle_resolved source=restart-peek bundleFile=/data/user/0/com.impos2.mixcretailassemblyrn84/files/hot-updates/packages/pkg_lnfhgby3gc5h/index.android.bundle bundleVersion=1.0.0+ota.9 packageId=pkg_lnfhgby3gc5h bootAttempt=0 pid=19460
04-20 06:16:49.630 19460 19460 I StartupAudit: hot_update_process_relaunch_requested bundleFile=/data/user/0/com.impos2.mixcretailassemblyrn84/files/hot-updates/packages/pkg_lnfhgby3gc5h/index.android.bundle pid=19460 time=2026-04-20 06:16:49.630
04-20 06:16:49.637 19460 19460 I AndroidRuntime: VM exiting with result code 0, cleanup skipped.
04-20 06:16:49.693 19682 19682 I StartupAudit: activity_created activity=MainActivity displayIndex=0 pid=19682 time=2026-04-20 06:16:49.693
04-20 06:16:49.703 19682 19682 I HotUpdateBundleResolver: bundle_resolved source=primary-boot bundleFile=/data/user/0/com.impos2.mixcretailassemblyrn84/files/hot-updates/packages/pkg_lnfhgby3gc5h/index.android.bundle bundleVersion=1.0.0+ota.9 packageId=pkg_lnfhgby3gc5h bootAttempt=1 pid=19682
04-20 06:16:49.703 19682 19682 I MainApplication: getJSBundleFile process=com.impos2.mixcretailassemblyrn84 isPrimaryProcess=true resolvedBundle=/data/user/0/com.impos2.mixcretailassemblyrn84/files/hot-updates/packages/pkg_lnfhgby3gc5h/index.android.bundle fallbackBundle=null selectedBundle=/data/user/0/com.impos2.mixcretailassemblyrn84/files/hot-updates/packages/pkg_lnfhgby3gc5h/index.android.bundle
04-20 06:16:49.720 19682 19701 I ReactNativeJS: Running "MixcRetailAssemblyRN84"
04-20 06:16:49.823 19682 19701 I ReactNativeJS: '[tcp-bootstrap-state-written]', '{"nodeId":"master:J9RZPWR3HK","runtimeId":"run_mo6bsy9p_707om9x8skg2at0r","displayIndex":0,"requestId":"req_mo6bsyan_s0om8s1a2qquunlq","commandId":"cmd_mo6bsyan_wb3ba7amlrrvo2un","nextDeviceFingerprint":"J9RZPWR3HK","nextDeviceInfo":{"id":"J9RZPWR3HK","model":"Mixc Retail Android RN84"},"previousIdentity":{"terminalId":"terminal_xo50kc8sfhzz","deviceFingerprint":"J9RZPWR3HK","deviceInfo":{"id":"J9RZPWR3HK","model":"Mixc Retail Android RN84"},"activationStatus":"ACTIVATED","activatedAt":1776636944576}}'
04-20 06:16:49.824 19682 19701 I ReactNativeJS: '[assembly.android.mixc-retail-rn84.websocket] connect', { url: 'ws://127.0.0.1:5810/api/v1/tdp/ws/connect?sandboxId=sandbox-kernel-base-test&terminalId=terminal_xo50kc8sfhzz&token=token_j0erl4qhfi00',
04-20 06:16:49.824 19682 19701 I ReactNativeJS:   protocol: 'ws',
04-20 06:16:49.824 19682 19701 I ReactNativeJS:   host: '127.0.0.1:5810',
04-20 06:16:49.824 19682 19701 I ReactNativeJS:   pathname: '/api/v1/tdp/ws/connect' }
04-20 06:16:49.827 19682 19701 I ReactNativeJS: '[assembly.android.mixc-retail-rn84.websocket] connect', { url: 'ws://127.0.0.1:8888/mockMasterServer/ws',
04-20 06:16:49.827 19682 19701 I ReactNativeJS:   protocol: 'ws',
04-20 06:16:49.827 19682 19701 I ReactNativeJS:   host: '127.0.0.1:8888',
04-20 06:16:49.827 19682 19701 I ReactNativeJS:   pathname: '/mockMasterServer/ws' }
04-20 06:16:49.878 19682 19702 I StartupAudit: app_load_complete displayIndex=0 pid=19682 time=2026-04-20 06:16:49.878
04-20 06:16:49.878 19682 19702 I StartupAudit: secondary_launch_scheduled pid=19682 time=2026-04-20 06:16:49.878
04-20 06:16:52.881 19682 19682 I StartupAudit: secondary_launch_attempt displayCount=2 displayId=2 pid=19682 time=2026-04-20 06:16:52.880
04-20 06:16:52.907 19525 19545 I ReactNativeJS: Running "MixcRetailAssemblyRN84"
04-20 06:16:52.909 19525 19525 I StartupAudit: activity_created activity=SecondaryActivity displayIndex=1 pid=19525 time=2026-04-20 06:16:52.909
04-20 06:16:52.934 19525 19545 I ReactNativeJS: '[assembly.android.mixc-retail-rn84.websocket] connect', { url: 'ws://127.0.0.1:8888/mockMasterServer/ws',
04-20 06:16:52.934 19525 19545 I ReactNativeJS:   protocol: 'ws',
04-20 06:16:52.934 19525 19545 I ReactNativeJS:   host: '127.0.0.1:8888',
04-20 06:16:52.934 19525 19545 I ReactNativeJS:   pathname: '/mockMasterServer/ws' }
04-20 06:16:52.955 19682 19701 I ReactNativeJS: '[runtime-state-sync-apply]', '{"direction":"slave-to-master","incomingSliceNames":["kernel.base.topology-runtime-v3.demo.slave","kernel.base.ui-runtime-v2.screen.branch","kernel.base.ui-runtime-v2.overlay.branch","kernel.base.ui-runtime-v2.ui-variable.branch"],"appliedSliceNames":["kernel.base.topology-runtime-v3.demo.slave","kernel.base.ui-runtime-v2.screen.branch","kernel.base.ui-runtime-v2.overlay.branch","kernel.base.ui-runtime-v2.ui-variable.branch"],"skippedSliceReasons":[]}'
04-20 06:16:52.955 19525 19545 I ReactNativeJS: '[runtime-state-sync-apply]', '{"direction":"master-to-slave","incomingSliceNames":["kernel.base.topology-runtime-v3.demo.master","kernel.base.tcp-control-runtime-v2.identity","kernel.base.tcp-control-runtime-v2.credential","kernel.base.tcp-control-runtime-v2.binding","kernel.base.tcp-control-runtime-v2.sandbox","kernel.base.tdp-sync-runtime-v2.hot-update","kernel.base.ui-runtime-v2.screen.main","kernel.base.ui-runtime-v2.overlay.main","kernel.base.ui-runtime-v2.ui-variable.main"],"appliedSliceNames":["kernel.base.topology-runtime-v3.demo.master","kernel.base.tcp-control-runtime-v2.identity","kernel.base.tcp-control-runtime-v2.credential","kernel.base.tcp-control-runtime-v2.binding","kernel.base.tcp-control-runtime-v2.sandbox","kernel.base.tdp-sync-runtime-v2.hot-update","kernel.base.ui-runtime-v2.screen.main","kernel.base.ui-runtime-v2.overlay.main","kernel.base.ui-runtime-v2.ui-variable.main"],"skippedSliceReasons":[]}'
04-20 06:17:09.649 19525 19545 I ReactNativeJS: '[assembly.android.mixc-retail-rn84.websocket] connect', { url: 'ws://127.0.0.1:8888/mockMasterServer/ws',
04-20 06:17:09.649 19525 19545 I ReactNativeJS:   protocol: 'ws',
04-20 06:17:09.649 19525 19545 I ReactNativeJS:   host: '127.0.0.1:8888',
04-20 06:17:09.649 19525 19545 I ReactNativeJS:   pathname: '/mockMasterServer/ws' }
04-20 06:17:09.665 19682 19701 I ReactNativeJS: '[runtime-state-sync-apply]', '{"direction":"slave-to-master","incomingSliceNames":["kernel.base.topology-runtime-v3.demo.slave","kernel.base.ui-runtime-v2.screen.branch","kernel.base.ui-runtime-v2.overlay.branch","kernel.base.ui-runtime-v2.ui-variable.branch"],"appliedSliceNames":["kernel.base.topology-runtime-v3.demo.slave","kernel.base.ui-runtime-v2.screen.branch","kernel.base.ui-runtime-v2.overlay.branch","kernel.base.ui-runtime-v2.ui-variable.branch"],"skippedSliceReasons":[]}'
04-20 06:17:09.666 19525 19545 I ReactNativeJS: '[runtime-state-sync-apply]', '{"direction":"master-to-slave","incomingSliceNames":["kernel.base.topology-runtime-v3.demo.master","kernel.base.tcp-control-runtime-v2.identity","kernel.base.tcp-control-runtime-v2.credential","kernel.base.tcp-control-runtime-v2.binding","kernel.base.tcp-control-runtime-v2.sandbox","kernel.base.tdp-sync-runtime-v2.hot-update","kernel.base.ui-runtime-v2.screen.main","kernel.base.ui-runtime-v2.overlay.main","kernel.base.ui-runtime-v2.ui-variable.main"],"appliedSliceNames":["kernel.base.topology-runtime-v3.demo.master","kernel.base.tcp-control-runtime-v2.identity","kernel.base.tcp-control-runtime-v2.credential","kernel.base.tcp-control-runtime-v2.binding","kernel.base.tcp-control-runtime-v2.sandbox","kernel.base.tdp-sync-runtime-v2.hot-update","kernel.base.ui-runtime-v2.screen.main","kernel.base.ui-runtime-v2.overlay.main","kernel.base.ui-runtime-v2.ui-variable.main"],"skippedSliceReasons":[]}'
