04-20 06:19:14.669 20885 19816 I KeyboardGroupDefParser: KeyboardGroupDefParser.parseKeyboardGroupDef():83 parseKeyboardGroupDef() 2132214040 -> 0_resource_name_obfuscated : WaitTime = 0 ms : RunTime = 0 ms
04-20 06:19:14.669 20885 19816 I KeyboardGroupDefParser: KeyboardGroupDefParser.parseKeyboardGroupDef():83 parseKeyboardGroupDef() 2132214033 -> 0_resource_name_obfuscated : WaitTime = 0 ms : RunTime = 0 ms
04-20 06:19:14.669 20885 19816 I KeyboardGroupDefParser: KeyboardGroupDefParser.parseKeyboardGroupDef():83 parseKeyboardGroupDef() 2132214034 -> 0_resource_name_obfuscated : WaitTime = 0 ms : RunTime = 0 ms
04-20 06:19:14.669 20885 20907 I OnDevicePackDownloadModule: OnDevicePackDownloadModule.onCreate():60 onCreate()
04-20 06:19:14.670 20885 19822 I NetworkInfoNotification: NetworkInfoNotification$Listener.onReceive():112 onNetworkLost: networkState = NO_CONNECTION, isAirplaneModeOn = false
04-20 06:19:14.670  1099  1099 D SearchTargetUtil: query= size=0
04-20 06:19:14.671 20885 20908 I SP      : Scheduling: download registered, 0 started, 0 paused, 3 scheduled, 3 pending: manifests:next-word-predictor-20210507 * {m:b:u:l, bg}, manifests:emoji-2023020111 * {m:b:u:l, bg}, manifests:emoticon_content_description-2022081613 * {W:b:u:l, bg}
04-20 06:19:14.671 20885 20908 I SuperpacksManagerImpl: SuperpacksManagerImpl$3$1.onFailure():588 emoticon_content_description.registerManifest() cancelled
04-20 06:19:14.671 20885 20908 I SP      : Registering emoticon_content_description.2022081613, url: https://www.gstatic.com/android/keyboard/emoticon_content_desc/202208161305/superpacks_manifest.json, constraints: W:*:*:*, flags: bg, requested: 2022081613, current: -1
04-20 06:19:14.671 20885 20908 I SP      : Registering emoticon_content_description.2022081613, url: https://www.gstatic.com/android/keyboard/emoticon_content_desc/202208161305/superpacks_manifest.json, constraints: W:*:*:*, flags: bg, requested: 2022081613, current: -1
04-20 06:19:14.673 20885 20907 I Environment: Environment.isPackageInstalled():234 com.bitstrips.imoji is not installed
04-20 06:19:14.673 20885 20907 W AndroidCreativeStickerFetcherFactory: AndroidCreativeStickerFetcherFactory.createFetcher():19 Empty host or api key
04-20 06:19:14.674 20885 20885 I SystemSubtypesReportModule: SystemSubtypesReportModule$3.onCurrentInputMethodEntryChanged():136 entry: en-US, source: UNSPECIFIED
04-20 06:19:14.674 20885 20885 I SystemSubtypesReportModule: SystemSubtypesReportModule.switchToSubtypeByEntry():205 en-US
04-20 06:19:14.675   590   614 W ActivityTaskManager: Unable to send transaction to client proc com.impos2.mixcretailassemblyrn84: no app thread
04-20 06:19:14.677 20885 20908 I SP      : Scheduling job with delay of 0s for {m:b:u:l, bg}, 2 candidates
04-20 06:19:14.678 20885 20885 D WindowTokenClient: Configuration not dispatch to IME because configuration is up to date. Current config={1.3 ?mcc0mnc [en_US] ldltr sw723dp w1157dp h723dp 354dpi xlrg land finger qwerty/v/v dpad/v winConfig={ mBounds=Rect(0, 0 - 2560, 1600) mAppBounds=Rect(0, 0 - 2560, 1600) mMaxBounds=Rect(0, 0 - 2560, 1600) mDisplayRotation=ROTATION_0 mWindowingMode=fullscreen mActivityType=undefined mAlwaysOnTop=undefined mRotation=ROTATION_0} s.8 fontWeightAdjustment=0}, reported config={1.3 ?mcc0mnc [en_US] ldltr sw723dp w1157dp h723dp 354dpi xlrg land finger qwerty/v/v dpad/v winConfig={ mBounds=Rect(0, 0 - 2560, 1600) mAppBounds=Rect(0, 0 - 2560, 1600) mMaxBounds=Rect(0, 0 - 2560, 1600) mDisplayRotation=ROTATION_0 mWindowingMode=fullscreen mActivityType=undefined mAlwaysOnTop=undefined mRotation=ROTATION_0} s.8 fontWeightAdjustment=0}, updated config={1.3 ?mcc0mnc [en_US] ldltr sw723dp w1157dp h723dp 354dpi xlrg land finger qwerty/v/v dpad/v winConfig={ mBounds=Rect(0, 0 - 2560, 1600) mAppBounds=Rect(0, 0 - 2560, 1600) mMaxBounds=Rect(0, 0 - 2560, 1600) mDisplayRotation=ROTATION_0 mWindowingMode=fullscreen mActivityType=undefined mAlwaysOnTop=undefined mRotation=ROTATION_0} s.8 fontWeightAdjustment=0}, updated display ID=0
04-20 06:19:14.678 20885 20885 D WindowTokenClient: Configuration not dispatch to IME because configuration is up to date. Current config={1.3 ?mcc0mnc [en_US] ldltr sw723dp w1157dp h723dp 354dpi xlrg land finger qwerty/v/v dpad/v winConfig={ mBounds=Rect(0, 0 - 2560, 1600) mAppBounds=Rect(0, 0 - 2560, 1600) mMaxBounds=Rect(0, 0 - 2560, 1600) mDisplayRotation=ROTATION_0 mWindowingMode=fullscreen mActivityType=undefined mAlwaysOnTop=undefined mRotation=ROTATION_0} s.8 fontWeightAdjustment=0}, reported config={1.3 ?mcc0mnc [en_US] ldltr sw723dp w1157dp h723dp 354dpi xlrg land finger qwerty/v/v dpad/v winConfig={ mBounds=Rect(0, 0 - 2560, 1600) mAppBounds=Rect(0, 0 - 2560, 1600) mMaxBounds=Rect(0, 0 - 2560, 1600) mDisplayRotation=ROTATION_0 mWindowingMode=fullscreen mActivityType=undefined mAlwaysOnTop=undefined mRotation=ROTATION_0} s.8 fontWeightAdjustment=0}, updated config={1.3 ?mcc0mnc [en_US] ldltr sw723dp w1157dp h723dp 354dpi xlrg land finger qwerty/v/v dpad/v winConfig={ mBounds=Rect(0, 0 - 2560, 1600) mAppBounds=Rect(0, 0 - 2560, 1600) mMaxBounds=Rect(0, 0 - 2560, 1600) mDisplayRotation=ROTATION_0 mWindowingMode=fullscreen mActivityType=undefined mAlwaysOnTop=undefined mRotation=ROTATION_0} s.8 fontWeightAdjustment=0}, updated display ID=0
04-20 06:19:14.682   590   663 E JobScheduler.JobStatus: App com.google.android.inputmethod.latin became active but still in NEVER bucket
04-20 06:19:14.683 20885 20885 I GoogleInputMethodService: GoogleInputMethodService.onStartInput():1986 onStartInput(EditorInfo{EditorInfo{packageName=com.google.android.apps.nexuslauncher, inputType=0, inputTypeString=NULL, enableLearning=false, autoCorrection=false, autoComplete=false, imeOptions=0, privateImeOptions=null, actionName=UNSPECIFIED, actionLabel=null, initialSelStart=-1, initialSelEnd=-1, initialCapsMode=0, label=null, fieldId=0, fieldName=null, extras=null, hintText=null, hintLocales=[]}}, false)
04-20 06:19:14.684 20885 20908 I SP      : Scheduling job with delay of 0s for {W:b:u:l, bg}, 1 candidates
04-20 06:19:14.684 20885 20885 I GoogleInputMethodService: GoogleInputMethodService.updateDeviceLockedStatus():2248 repeatCheckTimes = 1, locked = false
04-20 06:19:14.684 20885 20885 I AndroidIME: InputBundleManager.loadActiveInputBundleId():450 loadActiveInputBundleId: und-Latn-x-password, password
04-20 06:19:14.684 20885 20885 I HardKeyTracker: HardKeyTracker.registerKeySequence():139 Register key sequence lnk{labelResId=2132019800, callback=gnd@b53a6d9, lastModifier=0, keyCodes=[57, 57], actions=[1, 0]}
04-20 06:19:14.684 20885 20885 I HardKeyTracker: HardKeyTracker.registerKeySequence():139 Register key sequence lnk{labelResId=0, callback=gnd@fa57b4c, lastModifier=0, keyCodes=[58, 58], actions=[1, 0]}
04-20 06:19:14.684   590   672 W PackageConfigPersister: App-specific configuration not found for packageName: com.google.android.apps.nexuslauncher and userId: 0
04-20 06:19:14.687   590  1610 E JobScheduler.JobStatus: App com.google.android.inputmethod.latin became active but still in NEVER bucket
04-20 06:19:14.688 20885 20908 I SP      : Scheduling: download registered, 0 started, 0 paused, 3 scheduled, 3 pending: manifests:next-word-predictor-20210507 * {m:b:u:l, bg}, manifests:emoji-2023020111 * {m:b:u:l, bg}, manifests:emoticon_content_description-2022081613 * {W:b:u:l, bg}
04-20 06:19:14.688 20885 20908 I SuperpacksManagerImpl: SuperpacksManagerImpl$3$1.onFailure():588 emoticon_content_description.registerManifest() cancelled
04-20 06:19:14.688 20885 20908 I SuperpacksManagerImpl: SuperpacksManagerImpl$3$1.onFailure():588 emoticon_content_description.registerManifest() cancelled
04-20 06:19:14.692   590   614 W ActivityTaskManager: Unable to send transaction to client proc com.impos2.mixcretailassemblyrn84: no app thread
04-20 06:19:14.697   836   845 W ndroid.systemui: ApkAssets: Deleting an ApkAssets object '<empty> and /data/app/~~1qd8kn6EP6Xkj2Sxunl3gw==/com.impos2.mixcretailassemblyrn84-og100iHlhCV6Kow_V1wIBQ==/base.apk' with 3 weak references
04-20 06:19:14.727   590   614 W ActivityTaskManager: Unable to send transaction to client proc com.impos2.mixcretailassemblyrn84: no app thread
04-20 06:19:14.877   590  1610 W WindowManager: Failed looking up window session=Session{330fbed 836:u0a10186} callers=com.android.server.wm.WindowManagerService.removeClientToken:2058 com.android.server.wm.Session.remove:274 android.view.IWindowSession$Stub.onTransact:685 
04-20 06:19:14.877   590  1610 W WindowManager: Failed looking up window session=Session{330fbed 836:u0a10186} callers=com.android.server.wm.WindowManagerService.removeClientToken:2058 com.android.server.wm.Session.remove:274 android.view.IWindowSession$Stub.onTransact:685 
04-20 06:19:14.878   836   874 V WindowManagerShell: Transition animation finished (aborted=false), notifying core (#613) android.os.BinderProxy@9aa7157@0
04-20 06:19:14.878   590  1610 E IPCThreadState: Binder transaction failure. id: 45430784, BR_*: 29189, error: -22 (Invalid argument)
04-20 06:19:14.878   590  1610 W ActivityManager: pid 590 system sent binder code 7 with flags 1 to frozen apps and got error -32
04-20 06:19:14.878   590  1610 W WindowManager: Exception thrown during dispatchAppVisibility Window{a9ff243 u0 com.impos2.mixcretailassemblyrn84/com.impos2.mixcretailassemblyrn84.SecondaryActivity EXITING}
04-20 06:19:14.878   590  1610 W WindowManager: android.os.DeadObjectException
04-20 06:19:14.878   590  1610 W WindowManager: 	at android.os.BinderProxy.transactNative(Native Method)
04-20 06:19:14.878   590  1610 W WindowManager: 	at android.os.BinderProxy.transact(BinderProxy.java:586)
04-20 06:19:14.878   590  1610 W WindowManager: 	at android.view.IWindow$Stub$Proxy.dispatchAppVisibility(IWindow.java:553)
04-20 06:19:14.878   590  1610 W WindowManager: 	at com.android.server.wm.WindowState.sendAppVisibilityToClients(WindowState.java:3253)
04-20 06:19:14.878   590  1610 W WindowManager: 	at com.android.server.wm.WindowContainer.sendAppVisibilityToClients(WindowContainer.java:1289)
04-20 06:19:14.878   590  1610 W WindowManager: 	at com.android.server.wm.WindowToken.setClientVisible(WindowToken.java:403)
04-20 06:19:14.878   590  1610 W WindowManager: 	at com.android.server.wm.ActivityRecord.setClientVisible(ActivityRecord.java:7166)
04-20 06:19:14.878   590  1610 W WindowManager: 	at com.android.server.wm.ActivityRecord.postApplyAnimation(ActivityRecord.java:5881)
04-20 06:19:14.878   590  1610 W WindowManager: 	at com.android.server.wm.ActivityRecord.commitVisibility(ActivityRecord.java:5823)
04-20 06:19:14.878   590  1610 W WindowManager: 	at com.android.server.wm.Transition.finishTransition(Transition.java:1286)
04-20 06:19:14.878   590  1610 W WindowManager: 	at com.android.server.wm.TransitionController.finishTransition(TransitionController.java:937)
04-20 06:19:14.878   590  1610 W WindowManager: 	at com.android.server.wm.WindowOrganizerController.finishTransition(WindowOrganizerController.java:494)
04-20 06:19:14.878   590  1610 W WindowManager: 	at android.window.IWindowOrganizerController$Stub.onTransact(IWindowOrganizerController.java:289)
04-20 06:19:14.878   590  1610 W WindowManager: 	at com.android.server.wm.WindowOrganizerController.onTransact(WindowOrganizerController.java:204)
04-20 06:19:14.878   590  1610 W WindowManager: 	at android.os.Binder.execTransactInternal(Binder.java:1505)
04-20 06:19:14.878   590  1610 W WindowManager: 	at android.os.Binder.execTransact(Binder.java:1444)
04-20 06:19:14.878   590  1610 W Process : Unable to open /proc/19525/status
04-20 06:19:14.878   590   610 V WindowManager: Finish Transition (#613): created at 04-20 06:19:14.578 collect-started=0.019ms request-sent=0.054ms started=2.542ms ready=26.724ms sent=44.882ms finished=300.144ms
04-20 06:19:14.878   590  1610 E IPCThreadState: Binder transaction failure. id: 45430785, BR_*: 29189, error: -22 (Invalid argument)
04-20 06:19:14.878   590  1610 W ActivityManager: pid 590 system sent binder code 7 with flags 1 to frozen apps and got error -32
04-20 06:19:14.878   590  1610 D ActivityManager: Too many transaction errors, throttling freezer binder callback.
04-20 06:19:14.878   590  1610 W WindowManager: Exception thrown during dispatchAppVisibility Window{2d5702c u0 com.impos2.mixcretailassemblyrn84/com.impos2.mixcretailassemblyrn84.MainActivity EXITING}
04-20 06:19:14.878   590  1610 W WindowManager: android.os.DeadObjectException
04-20 06:19:14.878   590  1610 W WindowManager: 	at android.os.BinderProxy.transactNative(Native Method)
04-20 06:19:14.878   590  1610 W WindowManager: 	at android.os.BinderProxy.transact(BinderProxy.java:586)
04-20 06:19:14.878   590  1610 W WindowManager: 	at android.view.IWindow$Stub$Proxy.dispatchAppVisibility(IWindow.java:553)
04-20 06:19:14.878   590  1610 W WindowManager: 	at com.android.server.wm.WindowState.sendAppVisibilityToClients(WindowState.java:3253)
04-20 06:19:14.878   590  1610 W WindowManager: 	at com.android.server.wm.WindowContainer.sendAppVisibilityToClients(WindowContainer.java:1289)
04-20 06:19:14.878   590  1610 W WindowManager: 	at com.android.server.wm.WindowToken.setClientVisible(WindowToken.java:403)
04-20 06:19:14.878   590  1610 W WindowManager: 	at com.android.server.wm.ActivityRecord.setClientVisible(ActivityRecord.java:7166)
04-20 06:19:14.878   590  1610 W WindowManager: 	at com.android.server.wm.ActivityRecord.postApplyAnimation(ActivityRecord.java:5881)
04-20 06:19:14.878   590  1610 W WindowManager: 	at com.android.server.wm.ActivityRecord.commitVisibility(ActivityRecord.java:5823)
04-20 06:19:14.878   590  1610 W WindowManager: 	at com.android.server.wm.Transition.finishTransition(Transition.java:1286)
04-20 06:19:14.878   590  1610 W WindowManager: 	at com.android.server.wm.TransitionController.finishTransition(TransitionController.java:937)
04-20 06:19:14.878   590  1610 W WindowManager: 	at com.android.server.wm.WindowOrganizerController.finishTransition(WindowOrganizerController.java:494)
04-20 06:19:14.878   590  1610 W WindowManager: 	at android.window.IWindowOrganizerController$Stub.onTransact(IWindowOrganizerController.java:289)
04-20 06:19:14.878   590  1610 W WindowManager: 	at com.android.server.wm.WindowOrganizerController.onTransact(WindowOrganizerController.java:204)
04-20 06:19:14.878   590  1610 W WindowManager: 	at android.os.Binder.execTransactInternal(Binder.java:1505)
04-20 06:19:14.878   590  1610 W WindowManager: 	at android.os.Binder.execTransact(Binder.java:1444)
04-20 06:19:14.878   590  1610 W Process : Unable to open /proc/19682/status
04-20 06:19:14.880  1610  1610 I binder  : 1610:590 cannot find target node
04-20 06:19:14.880  1610  1610 I binder  : 590:1610 transaction async to 0:0 failed 45430784/29189/-22, size 64-0 line 3265
04-20 06:19:14.880  1610  1610 I binder  : 1610:590 cannot find target node
04-20 06:19:14.880  1610  1610 I binder  : 590:1610 transaction async to 0:0 failed 45430785/29189/-22, size 64-0 line 3265
04-20 06:19:14.885   836   874 V WindowManagerShell: Track 0 became idle
04-20 06:19:14.885   836   874 V WindowManagerShell: All active transition animations finished
04-20 06:19:14.885   836   874 V ShellDesktopMode: Task Vanished: #900 closed=true
04-20 06:19:14.885   836   874 V ShellDesktopMode: Task Vanished: #899 closed=true
04-20 06:19:14.886   590  1610 W UserManagerService: Requested status bar icon for non-badged user 0
04-20 06:19:14.887   836   874 V ShellDesktopMode: Task Vanished: #898 closed=true
04-20 06:19:14.887   590   672 W UserManagerService: Requested status bar icon for non-badged user 0
04-20 06:19:14.887   590   672 W UserManagerService: Requested status bar icon for non-badged user 0
04-20 06:19:14.888   590   672 W UserManagerService: Requested status bar icon for non-badged user 0
04-20 06:19:14.888   590   672 W UserManagerService: Requested status bar icon for non-badged user 0
04-20 06:19:14.892  1099  1099 I TopTaskTracker: onTaskRemoved: taskId=900
04-20 06:19:14.892  1099  1099 I TopTaskTracker: onTaskRemoved: taskId=900
04-20 06:19:14.892  1099  1099 I TopTaskTracker: onTaskRemoved: taskId=899
04-20 06:19:14.892  1099  1099 I TopTaskTracker: onTaskRemoved: taskId=899
04-20 06:19:14.892  1099  1099 I TopTaskTracker: onTaskRemoved: taskId=898
04-20 06:19:14.892  1099  1099 I TopTaskTracker: onTaskRemoved: taskId=898
04-20 06:19:14.925   439   439 E BpTransactionCompletedListener: Failed to transact (-32)
04-20 06:19:14.925   439   439 E BpTransactionCompletedListener: Failed to transact (-32)
04-20 06:19:14.947   590   603 W system_server: ApkAssets: Deleting an ApkAssets object '<empty> and /product/app/LatinIMEGooglePrebuilt/LatinIMEGooglePrebuilt.apk' with 1 weak references
04-20 06:19:14.947   590   603 W system_server: ApkAssets: Deleting an ApkAssets object '<empty> and /product/app/GoogleTTS/GoogleTTS.apk' with 1 weak references
04-20 06:19:15.077  1099  1099 W FrameTracker: Missing HWUI jank callback for vsyncId: 180146553, CUJ=J<TASKBAR_EXPAND::App to Home>
04-20 06:19:15.077  1099  1099 W FrameTracker: Missed SF frame:PREDICTION_ERROR, 180146568, 13797283, CUJ=J<TASKBAR_EXPAND::App to Home>
04-20 06:19:15.077  1099  1099 W FrameTracker: Missed SF frame:PREDICTION_ERROR, 180146633, 5832742, CUJ=J<TASKBAR_EXPAND::App to Home>
04-20 06:19:15.077  1099  1099 W FrameTracker: Missed SF frame:PREDICTION_ERROR, 180146662, 6294451, CUJ=J<TASKBAR_EXPAND::App to Home>
04-20 06:19:15.077  1099  1099 W FrameTracker: Missed SF frame:PREDICTION_ERROR, 180146684, 6142535, CUJ=J<TASKBAR_EXPAND::App to Home>
04-20 06:19:15.077  1099  1099 W FrameTracker: Missed SF frame:PREDICTION_ERROR, 180146720, 5759495, CUJ=J<TASKBAR_EXPAND::App to Home>
04-20 06:19:15.077  1099  1099 W FrameTracker: Missing HWUI jank callback for vsyncId: 180146840, CUJ=J<TASKBAR_EXPAND::App to Home>
04-20 06:19:15.077  1099  1099 W FrameTracker: Missed SF frame:PREDICTION_ERROR, 180146891, 4644001, CUJ=J<TASKBAR_EXPAND::App to Home>
04-20 06:19:15.077  1099  1099 W FrameTracker: Missed SF frame:PREDICTION_ERROR, 180146906, 4557835, CUJ=J<TASKBAR_EXPAND::App to Home>
04-20 06:19:15.077  1099  1099 W FrameTracker: Missed SF frame:PREDICTION_ERROR, 180146921, 4301836, CUJ=J<TASKBAR_EXPAND::App to Home>
04-20 06:19:15.077  1099  1125 V PerfettoTrigger: Triggering /system/bin/trigger_perfetto com.android.telemetry.interaction-jank-monitor-60
04-20 06:19:15.653 19825 19825 D AndroidRuntime: >>>>>> START com.android.internal.os.RuntimeInit uid 0 <<<<<<
04-20 06:19:15.655 19825 19825 I AndroidRuntime: Using default boot image
04-20 06:19:15.655 19825 19825 I AndroidRuntime: Leaving lock profiling enabled
04-20 06:19:15.656 19825 19825 I app_process: Core platform API reporting enabled, enforcing=false
04-20 06:19:15.656 19825 19825 I app_process: Using CollectorTypeCMC GC.
04-20 06:19:15.682 19825 19825 D nativeloader: InitDefaultPublicLibraries for_preload=1: libandroid.so:libaaudio.so:libamidi.so:libbinder_ndk.so:libc.so:libcamera2ndk.so:libdl.so:libEGL.so:libGLESv1_CM.so:libGLESv2.so:libGLESv3.so:libicu.so:libicui18n.so:libicuuc.so:libjnigraphics.so:liblog.so:libmediandk.so:libm.so:libnativehelper.so:libnativewindow.so:libOpenMAXAL.so:libOpenSLES.so:libRS.so:libstdc++.so:libsync.so:libvulkan.so:libwebviewchromium_plat_support.so:libz.so
04-20 06:19:15.686 19825 19825 D nativeloader: Load libicu_jni.so using APEX ns com_android_art for caller /apex/com.android.art/javalib/core-oj.jar: ok
04-20 06:19:15.686 19825 19825 D app_process: u_setTimeZoneFilesDirectory("/apex/com.android.tzdata/etc/tz/versioned/8/icu") succeeded. 
04-20 06:19:15.686 19825 19825 D app_process: I18n APEX ICU file found: /apex/com.android.i18n/etc/icu/icudt75l.dat
04-20 06:19:15.686 19825 19825 D nativeloader: Load libjavacore.so using APEX ns com_android_art for caller /apex/com.android.art/javalib/core-oj.jar: ok
04-20 06:19:15.687 19825 19825 D nativeloader: Load libopenjdk.so using APEX ns com_android_art for caller /apex/com.android.art/javalib/core-oj.jar: ok
04-20 06:19:15.694 19825 19825 D nativeloader: Load libframework-connectivity-tiramisu-jni.so using APEX ns com_android_tethering for caller /apex/com.android.tethering/javalib/framework-connectivity-t.jar: ok
04-20 06:19:15.694 19825 19825 D AndroidRuntime: Calling main entry com.android.commands.monkey.Monkey
04-20 06:19:15.694 19825 19825 W Monkey  : args: [-p, com.impos2.mixcretailassemblyrn84, -c, android.intent.category.LAUNCHER, 1]
04-20 06:19:15.694 19825 19825 W Monkey  :  arg: "-p"
04-20 06:19:15.694 19825 19825 W Monkey  :  arg: "com.impos2.mixcretailassemblyrn84"
04-20 06:19:15.694 19825 19825 W Monkey  :  arg: "-c"
04-20 06:19:15.694 19825 19825 W Monkey  :  arg: "android.intent.category.LAUNCHER"
04-20 06:19:15.694 19825 19825 W Monkey  :  arg: "1"
04-20 06:19:15.694 19825 19825 W Monkey  : data="com.impos2.mixcretailassemblyrn84"
04-20 06:19:15.694 19825 19825 W Monkey  : data="android.intent.category.LAUNCHER"
04-20 06:19:15.700   590  1610 W ActivityManager: registerReceiverWithFeature: no app for null
04-20 06:19:15.703   590  1610 W ActivityTaskManager: callingPackage for (uid=0, pid=19825) has no WPC
04-20 06:19:15.703   590  1610 W OptProp : Cannot read opt property android.window.PROPERTY_COMPAT_ALLOW_USER_ASPECT_RATIO_OVERRIDE
04-20 06:19:15.703   590  1610 W OptProp : Cannot read opt property android.window.PROPERTY_COMPAT_ALLOW_USER_ASPECT_RATIO_FULLSCREEN_OVERRIDE
04-20 06:19:15.703   590  1610 W OptProp : Cannot read opt property android.window.PROPERTY_COMPAT_ALLOW_ORIENTATION_OVERRIDE
04-20 06:19:15.703   590  1610 V GrammaticalInflectionUtils: AttributionSource: AttributionSource { uid = 10217, packageName = null, attributionTag = null, token = android.os.Binder@bdb3573, deviceId = 0, next = null } does not have READ_SYSTEM_GRAMMATICAL_GENDER permission.
04-20 06:19:15.703   590  1610 W OptProp : Cannot read opt property android.window.PROPERTY_COMPAT_ALLOW_RESIZEABLE_ACTIVITY_OVERRIDES
04-20 06:19:15.704   590  1610 W OptProp : Cannot read opt property android.window.PROPERTY_COMPAT_ALLOW_MIN_ASPECT_RATIO_OVERRIDE
04-20 06:19:15.705   590  1610 W InputDispatcher: Focused display #0 does not have a focused window.
04-20 06:19:15.705   590  1610 E InputDispatcher: But another display has a focused window
04-20 06:19:15.705   590  1610 E InputDispatcher:   FocusedWindows:
04-20 06:19:15.705   590  1610 E InputDispatcher:     displayId=2, name='57831cd com.google.android.apps.nexuslauncher/com.android.launcher3.secondarydisplay.SecondaryDisplayLauncher'
04-20 06:19:15.706   836   874 V WindowManagerShell: Transition requested (#614): android.os.BinderProxy@69f9476 TransitionRequestInfo { type = OPEN, triggerTask = TaskInfo{userId=0 taskId=901 displayId=0 isRunning=true baseIntent=Intent { act=android.intent.action.MAIN cat=[android.intent.category.LAUNCHER] flg=0x10200000 cmp=com.impos2.mixcretailassemblyrn84/.MainActivity } baseActivity=ComponentInfo{com.impos2.mixcretailassemblyrn84/com.impos2.mixcretailassemblyrn84.MainActivity} topActivity=ComponentInfo{com.impos2.mixcretailassemblyrn84/com.impos2.mixcretailassemblyrn84.MainActivity} origActivity=null realActivity=ComponentInfo{com.impos2.mixcretailassemblyrn84/com.impos2.mixcretailassemblyrn84.MainActivity} numActivities=1 lastActiveTime=278541253 supportsMultiWindow=true resizeMode=1 isResizeable=true minWidth=-1 minHeight=-1 defaultMinSize=220 token=WCT{android.window.IWindowContainerToken$Stub$Proxy@a725a77} topActivityType=1 pictureInPictureParams=null shouldDockBigOverlays=false launchIntoPipHostTaskId=-1 lastParentTaskIdBeforePip=-1 displayCutoutSafeInsets=null topActivityInfo=ActivityInfo{94af6e4 com.impos2.mixcretailassemblyrn84.MainActivity} launchCookies=[] positionInParent=Point(0, 0) parentTaskId=-1 isFocused=false isVisible=false isVisibleRequested=false isSleeping=false locusId=null displayAreaFeatureId=1 isTopActivityTransparent=false appCompatTaskInfo=AppCompatTaskInfo { topActivityInSizeCompat=false topActivityEligibleForLetterboxEducation= falseisLetterboxEducationEnabled= true isLetterboxDoubleTapEnabled= false topActivityEligibleForUserAspectRatioButton= true topActivityBoundsLetterboxed= false isFromLetterboxDoubleTap= false topActivityLetterboxVerticalPosition= -1 topActivityLetterboxHorizontalPosition= -1 topActivityLetterboxWidth=2560 topActivityLetterboxHeight=1600 isUserFullscreenOverrideEnabled=false isSystemFullscreenOverrideEnabled=false cameraCompatTaskInfo=CameraCompatTaskInfo { cameraCompatControlState=hidden freeformCameraCompatMode=inactive}}}, pipTask = null, remoteTransition = null, displayChange = null, flags = 0, debugId = 614 }
04-20 06:19:15.707   590  1610 I ActivityTaskManager: START u0 {act=android.intent.action.MAIN cat=[android.intent.category.LAUNCHER] flg=0x10200000 cmp=com.impos2.mixcretailassemblyrn84/.MainActivity} with LAUNCH_SINGLE_TASK from uid 0 (BAL_ALLOW_ALLOWLISTED_UID) result code=0
04-20 06:19:15.707   836   888 D SplashScreenView: Build android.window.SplashScreenView{3a82713 V.E...... ......ID 0,0-0,0}
04-20 06:19:15.707   836   888 D SplashScreenView: Icon: view: android.widget.ImageView{6329d50 V.ED..... ......I. 0,0-0,0 #1020504 android:id/splashscreen_icon_view} drawable: com.android.wm.shell.startingsurface.SplashscreenIconDrawableFactory$ImmobileIconDrawable@b5b8b49 size: 424
04-20 06:19:15.707   836   888 D SplashScreenView: Branding: view: android.view.View{de0bc4e G.ED..... ......I. 0,0-0,0 #1020503 android:id/splashscreen_branding_view} drawable: null size w: 0 h: 0
04-20 06:19:15.707   590   613 V GrammaticalInflectionUtils: AttributionSource: AttributionSource { uid = 10217, packageName = null, attributionTag = null, token = android.os.Binder@bdb3573, deviceId = 0, next = null } does not have READ_SYSTEM_GRAMMATICAL_GENDER permission.
04-20 06:19:15.707  1099  1099 W SplitSelectStateCtor: Missing session instanceIds
04-20 06:19:15.707  1099  1099 D StatsLog: LAUNCHER_SPLIT_SELECTION_EXIT_INTERRUPTED
04-20 06:19:15.708   836   874 D ShellDesktopMode: DesktopTaskRepo: visibleTaskCount= 0
04-20 06:19:15.708   590   663 I AppsFilter: interaction: PackageSetting{570bcfe com.impos2.adapter.dev/10230} -> PackageSetting{8bb13c7 com.impos2.mixcretailassemblyrn84/10217} BLOCKED
04-20 06:19:15.708   590   663 I AppsFilter: interaction: PackageSetting{297ab0a com.impos2.mixcretailrn84v2/10231} -> PackageSetting{8bb13c7 com.impos2.mixcretailassemblyrn84/10217} BLOCKED
04-20 06:19:15.708   590   663 I AppsFilter: interaction: PackageSetting{46d0f7b com.impos2.mixcretailrn84/10234} -> PackageSetting{8bb13c7 com.impos2.mixcretailassemblyrn84/10217} BLOCKED
04-20 06:19:15.708 19825 19825 I Monkey  : Events injected: 1
04-20 06:19:15.708   590   663 I AppsFilter: interaction: PackageSetting{1494198 com.impos2.posadapter/10229} -> PackageSetting{8bb13c7 com.impos2.mixcretailassemblyrn84/10217} BLOCKED
04-20 06:19:15.710  1099  1099 I TopTaskTracker: onTaskMovedToFront: (moved taskInfo to front) taskId=901, baseIntent=Intent { act=android.intent.action.MAIN cat=[android.intent.category.LAUNCHER] flg=0x10200000 cmp=com.impos2.mixcretailassemblyrn84/.MainActivity }
04-20 06:19:15.711   590   909 W OptProp : Cannot read opt property android.window.PROPERTY_COMPAT_ALLOW_DISPLAY_ORIENTATION_OVERRIDE
04-20 06:19:15.711   836   874 D WindowManagerShell: setLauncherKeepClearAreaHeight: visible=false, height=223
04-20 06:19:15.712   590   775 I AppWidgetServiceImpl: Received broadcast: android.intent.action.PACKAGE_UNSTOPPED on user 0
04-20 06:19:15.712   590   775 I AppWidgetServiceImpl: Updating package stopped masked state for uid 10217 package com.impos2.mixcretailassemblyrn84 isStopped false
04-20 06:19:15.713   590  1503 D CoreBackPreview: Window{dfa4792 u0 Splash Screen com.impos2.mixcretailassemblyrn84}: Setting back callback OnBackInvokedCallbackInfo{mCallback=android.window.IOnBackInvokedCallback$Stub$Proxy@7d1fa19, mPriority=0, mIsAnimationCallback=false}
04-20 06:19:15.714   389   389 D Zygote  : Forked child process 19836
04-20 06:19:15.714   590   626 I ActivityManager: Start proc 19836:com.impos2.mixcretailassemblyrn84/u0a217 for next-top-activity {com.impos2.mixcretailassemblyrn84/com.impos2.mixcretailassemblyrn84.MainActivity}
04-20 06:19:15.716 19825 19825 I Monkey  : ## Network stats: elapsed time=12ms (0ms mobile, 0ms wifi, 12ms not connected)
04-20 06:19:15.717 19825 19825 I app_process: System.exit called, status: 0
04-20 06:19:15.717 19825 19825 I AndroidRuntime: VM exiting with result code 0.
04-20 06:19:15.725   439   439 I BpBinder: onLastStrongRef automatically unlinking death recipients: 
04-20 06:19:15.725   388   472 I netd    : tetherGetStats() -> {[]} <0.32ms>
04-20 06:19:15.726   590   610 V WindowManager: Sent Transition (#614) createdAt=04-20 06:19:15.704 via request=TransitionRequestInfo { type = OPEN, triggerTask = TaskInfo{userId=0 taskId=901 displayId=0 isRunning=true baseIntent=Intent { act=android.intent.action.MAIN cat=[android.intent.category.LAUNCHER] flg=0x10200000 cmp=com.impos2.mixcretailassemblyrn84/.MainActivity } baseActivity=ComponentInfo{com.impos2.mixcretailassemblyrn84/com.impos2.mixcretailassemblyrn84.MainActivity} topActivity=ComponentInfo{com.impos2.mixcretailassemblyrn84/com.impos2.mixcretailassemblyrn84.MainActivity} origActivity=null realActivity=ComponentInfo{com.impos2.mixcretailassemblyrn84/com.impos2.mixcretailassemblyrn84.MainActivity} numActivities=1 lastActiveTime=278541253 supportsMultiWindow=true resizeMode=1 isResizeable=true minWidth=-1 minHeight=-1 defaultMinSize=220 token=WCT{RemoteToken{9a7bbbc Task{f0023eb #901 type=standard A=10217:com.impos2.mixcretailassemblyrn84}}} topActivityType=1 pictureInPictureParams=null shouldDockBigOverlays=false launchIntoPipHostTaskId=-1 lastParentTaskIdBeforePip=-1 displayCutoutSafeInsets=null topActivityInfo=ActivityInfo{7066745 com.impos2.mixcretailassemblyrn84.MainActivity} launchCookies=[] positionInParent=Point(0, 0) parentTaskId=-1 isFocused=false isVisible=false isVisibleRequested=false isSleeping=false locusId=null displayAreaFeatureId=1 isTopActivityTransparent=false appCompatTaskInfo=AppCompatTaskInfo { topActivityInSizeCompat=false topActivityEligibleForLetterboxEducation= falseisLetterboxEducationEnabled= true isLetterboxDoubleTapEnabled= false topActivityEligibleForUserAspectRatioButton= true topActivityBoundsLetterboxed= false isFromLetterboxDoubleTap= false topActivityLetterboxVerticalPosition= -1 topActivityLetterboxHorizontalPosition= -1 topActivityLetterboxWidth=2560 topActivityLetterboxHeight=1600 isUserFullscreenOverrideEnabled=false isSystemFullscreenOverrideEnabled=false cameraCompatTaskInfo=CameraCompatTaskInfo { cameraCompatControlState=hidden freeformCameraCompatMode=inactive}}}, pipTask = null, remoteTransition = null, displayChange = null, flags = 0, debugId = 614 }
04-20 06:19:15.726   590   610 V WindowManager:     startWCT=WindowContainerTransaction { changes = {} hops = [] errorCallbackToken=null taskFragmentOrganizer=null }
04-20 06:19:15.726   590   610 V WindowManager:     info={id=614 t=OPEN f=0x0 trk=0 r=[0@Point(0, 0)] c=[
04-20 06:19:15.726   590   610 V WindowManager:         {WCT{RemoteToken{9a7bbbc Task{f0023eb #901 type=standard A=10217:com.impos2.mixcretailassemblyrn84}}} m=OPEN f=NONE leash=Surface(name=Task=901)/@0xef4278e sb=Rect(0, 0 - 2560, 1600) eb=Rect(0, 0 - 2560, 1600) d=0 taskParent=-1},
04-20 06:19:15.726   590   610 V WindowManager:         {WCT{RemoteToken{eecd609 Task{403a6f7 #1 type=home}}} m=TO_BACK f=SHOW_WALLPAPER leash=Surface(name=Task=1)/@0x27bc150 sb=Rect(0, 0 - 2560, 1600) eb=Rect(0, 0 - 2560, 1600) d=0 taskParent=-1}
04-20 06:19:15.726   590   610 V WindowManager:     ]}
04-20 06:19:15.726   836  1272 V WindowManagerShell: onTransitionReady(transaction=2534030747908)
04-20 06:19:15.727   836   874 V WindowManagerShell: onTransitionReady (#614) android.os.BinderProxy@69f9476: {id=614 t=OPEN f=0x0 trk=0 r=[0@Point(0, 0)] c=[{WCT{android.window.IWindowContainerToken$Stub$Proxy@8896fb2} m=OPEN f=NONE leash=Surface(name=Task=901)/@0x4f8cf67 sb=Rect(0, 0 - 2560, 1600) eb=Rect(0, 0 - 2560, 1600) d=0 taskParent=-1},{WCT{android.window.IWindowContainerToken$Stub$Proxy@838fb03} m=TO_BACK f=SHOW_WALLPAPER leash=Surface(name=Task=1)/@0xdcbe114 sb=Rect(0, 0 - 2560, 1600) eb=Rect(0, 0 - 2560, 1600) d=0 taskParent=-1}]}
04-20 06:19:15.729 19836 19836 I ailassemblyrn84: Using CollectorTypeCMC GC.
04-20 06:19:15.730   836   874 V WindowManagerShell: Playing animation for (#614) android.os.BinderProxy@69f9476@0
04-20 06:19:15.730   836   874 V WindowManagerShell:  try handler com.android.wm.shell.transition.DefaultMixedHandler@a4b4bb1
04-20 06:19:15.730   836   874 V WindowManagerShell:  try handler com.android.wm.shell.keyguard.KeyguardTransitionHandler@f055896
04-20 06:19:15.730   836   874 V WindowManagerShell:  try handler com.android.wm.shell.pip.PipTransition@489c17
04-20 06:19:15.730   836   874 V WindowManagerShell:  try handler com.android.wm.shell.activityembedding.ActivityEmbeddingController@f43a804
04-20 06:19:15.730   836   874 V WindowManagerShell:  try handler com.android.wm.shell.splitscreen.StageCoordinator@417f1ed
04-20 06:19:15.730   836   874 V WindowManagerShell:  try handler com.android.wm.shell.desktopmode.DesktopTasksController@4366822
04-20 06:19:15.730   836   874 V WindowManagerShell:  try handler com.android.wm.shell.recents.RecentsTransitionHandler@b30e2b3
04-20 06:19:15.730   590   605 W UserManagerService: Requested status bar icon for non-badged user 0
04-20 06:19:15.730   836   874 V ShellRecents: RecentsTransitionHandler.startAnimation: no controller found
04-20 06:19:15.730   836   874 V WindowManagerShell:  try handler com.android.wm.shell.transition.RemoteTransitionHandler@2554070
04-20 06:19:15.730   836   874 V WindowManagerShell: Transition doesn't have explicit remote, search filters for match for {id=614 t=OPEN f=0x0 trk=0 r=[0@Point(0, 0)] c=[{WCT{android.window.IWindowContainerToken$Stub$Proxy@8896fb2} m=OPEN f=NONE leash=Surface(name=Task=901)/@0x4f8cf67 sb=Rect(0, 0 - 2560, 1600) eb=Rect(0, 0 - 2560, 1600) d=0 taskParent=-1},{WCT{android.window.IWindowContainerToken$Stub$Proxy@838fb03} m=TO_BACK f=SHOW_WALLPAPER leash=Surface(name=Task=1)/@0xdcbe114 sb=Rect(0, 0 - 2560, 1600) eb=Rect(0, 0 - 2560, 1600) d=0 taskParent=-1}]}
04-20 06:19:15.730   836   874 V WindowManagerShell:  Checking filter Pair{{types=[] flags=0x0] notFlags=0x0 checks=[{atype=undefined independent=true modes=[OPEN,TO_FRONT] flags=IN_TASK_WITH_EMBEDDED_ACTIVITY mustBeTask=false order=ANY topActivity=ComponentInfo{com.google.android.apps.nexuslauncher/com.google.android.apps.nexuslauncher.NexusLauncherActivity} launchCookie=null},{atype=undefined independent=true modes=[CLOSE,TO_BACK] flags=IN_TASK_WITH_EMBEDDED_ACTIVITY mustBeTask=false order=ANY topActivity=null launchCookie=null}]} RemoteTransition { remoteTransition = android.window.IRemoteTransition$Stub$Proxy@e8ebfe9, appThread = android.app.IApplicationThread$Stub$Proxy@876e46e, debugName = OverlaySwipeBack }}
04-20 06:19:15.730   836   874 V WindowManagerShell:  Checking filter Pair{{types=[] flags=0x0] notFlags=0x0 checks=[{atype=dream independent=true modes=[OPEN,TO_FRONT] flags=NONE mustBeTask=false order=ANY topActivity=null launchCookie=null},{atype=home independent=true modes=[CLOSE,TO_BACK] flags=NONE mustBeTask=false order=ANY topActivity=null launchCookie=null}]} RemoteTransition { remoteTransition = android.window.IRemoteTransition$Stub$Proxy@f4cf70f, appThread = android.app.IApplicationThread$Stub$Proxy@ba5f39c, debugName = LauncherToDream }}
04-20 06:19:15.730   836   874 V WindowManagerShell:  Checking filter Pair{{types=[] flags=0x0] notFlags=0x100 checks=[{atype=home independent=true modes=[OPEN,TO_FRONT] flags=NONE mustBeTask=false order=TOP topActivity=ComponentInfo{com.google.android.apps.nexuslauncher/com.google.android.apps.nexuslauncher.NexusLauncherActivity} launchCookie=null},{atype=standard independent=true modes=[CLOSE,TO_BACK] flags=NONE mustBeTask=false order=ANY topActivity=null launchCookie=null}]} RemoteTransition { remoteTransition = android.window.IRemoteTransition$Stub$Proxy@c8a71a5, appThread = android.app.IApplicationThread$Stub$Proxy@30d97a, debugName = QuickstepLaunchHome }}
04-20 06:19:15.730   836   874 V WindowManagerShell:  Delegate animation for (#614) to null
04-20 06:19:15.730   836   874 V WindowManagerShell:  try handler com.android.wm.shell.transition.DefaultTransitionHandler@56bf52b
04-20 06:19:15.730   836   874 V WindowManagerShell: start default transition animation, info = {id=614 t=OPEN f=0x0 trk=0 r=[0@Point(0, 0)] c=[{WCT{android.window.IWindowContainerToken$Stub$Proxy@8896fb2} m=OPEN f=NONE leash=Surface(name=Task=901)/@0x4f8cf67 sb=Rect(0, 0 - 2560, 1600) eb=Rect(0, 0 - 2560, 1600) d=0 taskParent=-1},{WCT{android.window.IWindowContainerToken$Stub$Proxy@838fb03} m=TO_BACK f=SHOW_WALLPAPER leash=Surface(name=Task=1)/@0xdcbe114 sb=Rect(0, 0 - 2560, 1600) eb=Rect(0, 0 - 2560, 1600) d=0 taskParent=-1}]}
04-20 06:19:15.731   836   874 V WindowManagerShell: loadAnimation: anim=android.view.animation.AnimationSet@4d7e5f1 animAttr=0x13 type=OPEN isEntrance=false
04-20 06:19:15.731 19836 19836 E ailassemblyrn84: Not starting debugger since process cannot load the jdwp agent.
04-20 06:19:15.731   836   874 V WindowManagerShell: loadAnimation: anim=android.view.animation.AnimationSet@733b744 animAttr=0x12 type=OPEN isEntrance=true
04-20 06:19:15.732   836   874 V WindowManagerShell:  animated by com.android.wm.shell.transition.DefaultTransitionHandler@56bf52b
04-20 06:19:15.732 19836 19836 D nativeloader: Load libframework-connectivity-tiramisu-jni.so using APEX ns com_android_tethering for caller /apex/com.android.tethering/javalib/framework-connectivity-t.jar: ok
04-20 06:19:15.739 19836 19836 D nativeloader: Configuring clns-7 for other apk /data/app/~~1qd8kn6EP6Xkj2Sxunl3gw==/com.impos2.mixcretailassemblyrn84-og100iHlhCV6Kow_V1wIBQ==/base.apk. target_sdk_version=36, uses_libraries=, library_path=/data/app/~~1qd8kn6EP6Xkj2Sxunl3gw==/com.impos2.mixcretailassemblyrn84-og100iHlhCV6Kow_V1wIBQ==/lib/arm64:/data/app/~~1qd8kn6EP6Xkj2Sxunl3gw==/com.impos2.mixcretailassemblyrn84-og100iHlhCV6Kow_V1wIBQ==/base.apk!/lib/arm64-v8a, permitted_path=/data:/mnt/expand:/data/user/0/com.impos2.mixcretailassemblyrn84
04-20 06:19:15.741 19836 19836 V GraphicsEnvironment: Currently set values for:
04-20 06:19:15.742 19836 19836 V GraphicsEnvironment:   angle_gl_driver_selection_pkgs=[]
04-20 06:19:15.742 19836 19836 V GraphicsEnvironment:   angle_gl_driver_selection_values=[]
04-20 06:19:15.742 19836 19836 V GraphicsEnvironment: Global.Settings values are invalid: number of packages: 0, number of values: 0
04-20 06:19:15.742 19836 19836 V GraphicsEnvironment: Neither updatable production driver nor prerelease driver is supported.
04-20 06:19:15.745  1099  1490 D EGL_emulation: app_time_stats: avg=126.81ms min=16.27ms max=977.46ms count=9
04-20 06:19:15.748   836   978 D EGL_emulation: app_time_stats: avg=15730.94ms min=15730.94ms max=15730.94ms count=1
04-20 06:19:15.749 19836 19836 W SoLoader: Initializing SoLoader: 0
04-20 06:19:15.749 19836 19836 W SoLoader: Recording new base apk path: /data/app/~~1qd8kn6EP6Xkj2Sxunl3gw==/com.impos2.mixcretailassemblyrn84-og100iHlhCV6Kow_V1wIBQ==/base.apk
04-20 06:19:15.749 19836 19836 W SoLoader: Previously recorded 0 base apk paths.
04-20 06:19:15.750 19836 19836 I SoLoader: Preparing SO source: DirectorySoSource[root = /vendor/lib64 flags = 2]
04-20 06:19:15.751 19836 19836 I SoLoader: Preparing SO source: DirectorySoSource[root = /system/lib64 flags = 2]
04-20 06:19:15.751 19836 19836 I SoLoader: Preparing SO source: DirectApkSoSource[root = [/data/app/~~1qd8kn6EP6Xkj2Sxunl3gw==/com.impos2.mixcretailassemblyrn84-og100iHlhCV6Kow_V1wIBQ==/base.apk!/lib/arm64-v8a]]
04-20 06:19:15.752 19836 19836 I SoLoader: Preparing SO source: ApplicationSoSource[DirectorySoSource[root = /data/app/~~1qd8kn6EP6Xkj2Sxunl3gw==/com.impos2.mixcretailassemblyrn84-og100iHlhCV6Kow_V1wIBQ==/lib/arm64 flags = 0]]
04-20 06:19:15.752 19836 19836 I SoLoader: init finish: 4 SO sources prepared
04-20 06:19:15.752 19836 19836 W SoLoader: SoLoader initialized: 8
04-20 06:19:15.754 19836 19836 D nativeloader: Load /data/app/~~1qd8kn6EP6Xkj2Sxunl3gw==/com.impos2.mixcretailassemblyrn84-og100iHlhCV6Kow_V1wIBQ==/base.apk!/lib/arm64-v8a/libc++_shared.so using ns clns-7 from class loader (caller=/data/app/~~1qd8kn6EP6Xkj2Sxunl3gw==/com.impos2.mixcretailassemblyrn84-og100iHlhCV6Kow_V1wIBQ==/base.apk): ok
04-20 06:19:15.756 19836 19836 D nativeloader: Load /data/app/~~1qd8kn6EP6Xkj2Sxunl3gw==/com.impos2.mixcretailassemblyrn84-og100iHlhCV6Kow_V1wIBQ==/base.apk!/lib/arm64-v8a/libjsi.so using ns clns-7 from class loader (caller=/data/app/~~1qd8kn6EP6Xkj2Sxunl3gw==/com.impos2.mixcretailassemblyrn84-og100iHlhCV6Kow_V1wIBQ==/base.apk): ok
04-20 06:19:15.757 19836 19836 D nativeloader: Load /data/app/~~1qd8kn6EP6Xkj2Sxunl3gw==/com.impos2.mixcretailassemblyrn84-og100iHlhCV6Kow_V1wIBQ==/base.apk!/lib/arm64-v8a/libfbjni.so using ns clns-7 from class loader (caller=/data/app/~~1qd8kn6EP6Xkj2Sxunl3gw==/com.impos2.mixcretailassemblyrn84-og100iHlhCV6Kow_V1wIBQ==/base.apk): ok
04-20 06:19:15.759 19836 19836 D nativeloader: Load /data/app/~~1qd8kn6EP6Xkj2Sxunl3gw==/com.impos2.mixcretailassemblyrn84-og100iHlhCV6Kow_V1wIBQ==/base.apk!/lib/arm64-v8a/libreactnative.so using ns clns-7 from class loader (caller=/data/app/~~1qd8kn6EP6Xkj2Sxunl3gw==/com.impos2.mixcretailassemblyrn84-og100iHlhCV6Kow_V1wIBQ==/base.apk): ok
04-20 06:19:15.759 19836 19836 D jni_lib_merge: Entering merged library JNI_OnLoad.
04-20 06:19:15.759 19836 19836 D jni_lib_merge: Preparing 12 pre-merged libs (including stub)
04-20 06:19:15.759 19836 19836 D jni_lib_merge: Preparing to register libfabricjni_so.  onload_func: 0x73ae8b0a50
04-20 06:19:15.759 19836 19836 D jni_lib_merge: Preparing to register libreact_devsupportjni_so.  onload_func: 0x73ae97436c
04-20 06:19:15.759 19836 19836 D jni_lib_merge: Preparing to register libreact_featureflagsjni_so.  onload_func: 0x73ae98eba8
04-20 06:19:15.759 19836 19836 D jni_lib_merge: Preparing to register libreact_newarchdefaults_so.  onload_func: 0x73ae9ccd74
04-20 06:19:15.759 19836 19836 D jni_lib_merge: Preparing to register libreactnativeblob_so.  onload_func: 0x73aea6da4c
04-20 06:19:15.759 19836 19836 D jni_lib_merge: Preparing to register libreactnativejni_so.  onload_func: 0x73aea829e4
04-20 06:19:15.759 19836 19836 D jni_lib_merge: Preparing to register libreactnativejni_common_so.  onload_func: 0x73aea85be0
04-20 06:19:15.759 19836 19836 D jni_lib_merge: Preparing to register librninstance_so.  onload_func: 0x73aeaa2778
04-20 06:19:15.759 19836 19836 D jni_lib_merge: Preparing to register libturbomodulejsijni_so.  onload_func: 0x73aeb4c0e0
04-20 06:19:15.759 19836 19836 D jni_lib_merge: Preparing to register libuimanagerjni_so.  onload_func: 0x73aeb52b00
04-20 06:19:15.759 19836 19836 D jni_lib_merge: Preparing to register libyoga_so.  onload_func: 0x73aeb5a0c4
04-20 06:19:15.759 19836 19836 D jni_lib_merge: About to register 11 actual methods.
04-20 06:19:15.761 19836 19836 D nativeloader: Load /data/app/~~1qd8kn6EP6Xkj2Sxunl3gw==/com.impos2.mixcretailassemblyrn84-og100iHlhCV6Kow_V1wIBQ==/base.apk!/lib/arm64-v8a/libreact_codegen_rnsvg.so using ns clns-7 from class loader (caller=/data/app/~~1qd8kn6EP6Xkj2Sxunl3gw==/com.impos2.mixcretailassemblyrn84-og100iHlhCV6Kow_V1wIBQ==/base.apk): ok
04-20 06:19:15.761 19836 19836 D jni_lib_merge: Entering merged library JNI_OnLoad.
04-20 06:19:15.761 19836 19836 D jni_lib_merge: Preparing 12 pre-merged libs (including stub)
04-20 06:19:15.761 19836 19836 D jni_lib_merge: Preparing to register libfabricjni_so.  onload_func: 0x73ae8b0a50
04-20 06:19:15.761 19836 19836 D jni_lib_merge: Preparing to register libreact_devsupportjni_so.  onload_func: 0x73ae97436c
04-20 06:19:15.761 19836 19836 D jni_lib_merge: Preparing to register libreact_featureflagsjni_so.  onload_func: 0x73ae98eba8
04-20 06:19:15.761 19836 19836 D jni_lib_merge: Preparing to register libreact_newarchdefaults_so.  onload_func: 0x73ae9ccd74
04-20 06:19:15.761 19836 19836 D jni_lib_merge: Preparing to register libreactnativeblob_so.  onload_func: 0x73aea6da4c
04-20 06:19:15.761 19836 19836 D jni_lib_merge: Preparing to register libreactnativejni_so.  onload_func: 0x73aea829e4
04-20 06:19:15.761 19836 19836 D jni_lib_merge: Preparing to register libreactnativejni_common_so.  onload_func: 0x73aea85be0
04-20 06:19:15.761 19836 19836 D jni_lib_merge: Preparing to register librninstance_so.  onload_func: 0x73aeaa2778
04-20 06:19:15.761 19836 19836 D jni_lib_merge: Preparing to register libturbomodulejsijni_so.  onload_func: 0x73aeb4c0e0
04-20 06:19:15.761 19836 19836 D jni_lib_merge: Preparing to register libuimanagerjni_so.  onload_func: 0x73aeb52b00
04-20 06:19:15.761 19836 19836 D jni_lib_merge: Preparing to register libyoga_so.  onload_func: 0x73aeb5a0c4
04-20 06:19:15.761 19836 19836 D jni_lib_merge: About to register 11 actual methods.
04-20 06:19:15.762 19836 19836 D nativeloader: Load /data/app/~~1qd8kn6EP6Xkj2Sxunl3gw==/com.impos2.mixcretailassemblyrn84-og100iHlhCV6Kow_V1wIBQ==/base.apk!/lib/arm64-v8a/libappmodules.so using ns clns-7 from class loader (caller=/data/app/~~1qd8kn6EP6Xkj2Sxunl3gw==/com.impos2.mixcretailassemblyrn84-og100iHlhCV6Kow_V1wIBQ==/base.apk): ok
04-20 06:19:15.762   590   605 W OptProp : Cannot read opt property android.window.PROPERTY_COMPAT_ENABLE_FAKE_FOCUS
04-20 06:19:15.763   590   605 W InputDispatcher: Focused display #0 does not have a focused window.
04-20 06:19:15.764   590   613 V WindowManager: Unknown focus tokens, dropping reportFocusChanged
04-20 06:19:15.767 19836 19836 D AppCompatDelegate: Checking for metadata for AppLocalesMetadataHolderService : Service not found
04-20 06:19:15.768  1099  1490 D EGL_emulation: app_time_stats: avg=42.46ms min=8.81ms max=707.00ms count=26
04-20 06:19:15.773 19836 19836 I StartupAudit: activity_created activity=MainActivity displayIndex=0 pid=19836 time=2026-04-20 06:19:15.773
04-20 06:19:15.778   590   605 D FileUtils: Rounded bytes from 3120193536 to 4000000000
04-20 06:19:15.782 19836 19836 D nativeloader: Load /data/app/~~1qd8kn6EP6Xkj2Sxunl3gw==/com.impos2.mixcretailassemblyrn84-og100iHlhCV6Kow_V1wIBQ==/base.apk!/lib/arm64-v8a/libhermesvm.so using ns clns-7 from class loader (caller=/data/app/~~1qd8kn6EP6Xkj2Sxunl3gw==/com.impos2.mixcretailassemblyrn84-og100iHlhCV6Kow_V1wIBQ==/base.apk): ok
04-20 06:19:15.783 19836 19836 D nativeloader: Load /data/app/~~1qd8kn6EP6Xkj2Sxunl3gw==/com.impos2.mixcretailassemblyrn84-og100iHlhCV6Kow_V1wIBQ==/base.apk!/lib/arm64-v8a/libhermestooling.so using ns clns-7 from class loader (caller=/data/app/~~1qd8kn6EP6Xkj2Sxunl3gw==/com.impos2.mixcretailassemblyrn84-og100iHlhCV6Kow_V1wIBQ==/base.apk): ok
04-20 06:19:15.784 19836 19836 D jni_lib_merge: Entering merged library JNI_OnLoad.
04-20 06:19:15.784 19836 19836 D jni_lib_merge: Preparing 4 pre-merged libs (including stub)
04-20 06:19:15.784 19836 19836 D jni_lib_merge: Preparing to register libhermes_executor_so.  onload_func: 0x73ae59f728
04-20 06:19:15.784 19836 19836 D jni_lib_merge: Preparing to register libhermesinstancejni_so.  onload_func: 0x73ae5a6d44
04-20 06:19:15.784 19836 19836 D jni_lib_merge: Preparing to register libjsijniprofiler_so.  onload_func: 0x73ae5a7530
04-20 06:19:15.784 19836 19836 D jni_lib_merge: About to register 3 actual methods.
04-20 06:19:15.790 19836 19836 I HotUpdateBundleResolver: bundle_resolved source=primary-boot bundleFile=/data/user/0/com.impos2.mixcretailassemblyrn84/files/hot-updates/packages/pkg_lnfhgby3gc5h/index.android.bundle bundleVersion=1.0.0+ota.9 packageId=pkg_lnfhgby3gc5h bootAttempt=1 pid=19836
04-20 06:19:15.790 19836 19836 I MainApplication: getJSBundleFile process=com.impos2.mixcretailassemblyrn84 isPrimaryProcess=true resolvedBundle=/data/user/0/com.impos2.mixcretailassemblyrn84/files/hot-updates/packages/pkg_lnfhgby3gc5h/index.android.bundle fallbackBundle=null selectedBundle=/data/user/0/com.impos2.mixcretailassemblyrn84/files/hot-updates/packages/pkg_lnfhgby3gc5h/index.android.bundle
04-20 06:19:15.796 19836 19836 W unknown:BridgelessReact: ReactHost{0}.startSurface(surfaceId = 0): Schedule
04-20 06:19:15.796 19836 19836 W unknown:BridgelessReact: ReactHost{0}.attachSurface(surfaceId = 0)
04-20 06:19:15.796 19836 19857 W unknown:BridgelessReact: ReactHost{0}.getOrCreateReactInstanceTask()
04-20 06:19:15.796 19836 19857 W unknown:BridgelessReact: ReactHost{0}.getOrCreateReactInstanceTask(): Start
04-20 06:19:15.796 19836 19857 W unknown:BridgelessReact: ReactHost{0}.getJSBundleLoader()
04-20 06:19:15.796 19836 19857 W unknown:BridgelessReact: ReactHost{0}.getOrCreateReactInstanceTask(): Creating BridgelessReactContext
04-20 06:19:15.796 19836 19857 W unknown:BridgelessReact: ReactHost{0}.getOrCreateReactInstanceTask(): Creating ReactInstance
04-20 06:19:15.802 19836 19836 W unknown:BridgelessReact: ReactHost{0}.onHostResume(activity)
04-20 06:19:15.802 19836 19836 W unknown:BridgelessReact: ReactHost{0}.ReactContext.onHostResume()
04-20 06:19:15.803 19836 19836 W HWUI    : Unknown dataspace 0
04-20 06:19:15.805 19836 19857 W unknown:BridgelessReact: ReactHost{0}.getOrCreateReactInstanceTask(): Loading JS Bundle
04-20 06:19:15.805 19836 19857 W unknown:BridgelessReact: ReactHost{0}.getOrCreateReactInstanceTask(): DevSupportManager.onNewReactContextCreated()
04-20 06:19:15.805 19836 19857 W unknown:BridgelessReact: ReactHost{0}.startSurface(surfaceId = 0): Execute
04-20 06:19:15.808 19836 19858 I ReactNativeJS: Running "MixcRetailAssemblyRN84"
04-20 06:19:15.810 19836 19858 W unknown:ViewManagerPropertyUpdater: Could not find generated setter for class com.horcrux.svg.RenderableViewManager$DefsViewManager
