04-20 06:19:15.932 19836 19859 D nativeloader: Configuring clns-8 for other apk /data/app/~~JXob4Tig8lkoK6grnIoRDQ==/com.google.android.trichromelibrary_636771932-v7-OhOMBuMGJ9HOdFxznSA==/TrichromeLibrary.apk. target_sdk_version=34, uses_libraries=ALL, library_path=/data/app/~~j4BrjP0JsvTGmjdLkkfrgg==/com.google.android.webview-lp5hhYzxsBeFuV03zuxwaw==/lib/arm64:/data/app/~~j4BrjP0JsvTGmjdLkkfrgg==/com.google.android.webview-lp5hhYzxsBeFuV03zuxwaw==/WebViewGoogle.apk!/lib/arm64-v8a:/data/app/~~JXob4Tig8lkoK6grnIoRDQ==/com.google.android.trichromelibrary_636771932-v7-OhOMBuMGJ9HOdFxznSA==/TrichromeLibrary.apk!/lib/arm64-v8a, permitted_path=/data:/mnt/expand
04-20 06:19:15.933 19836 19859 D ApplicationLoaders: Returning zygote-cached class loader: /system_ext/framework/androidx.window.extensions.jar
04-20 06:19:15.933 19836 19859 D nativeloader: Configuring clns-9 for other apk /data/app/~~j4BrjP0JsvTGmjdLkkfrgg==/com.google.android.webview-lp5hhYzxsBeFuV03zuxwaw==/WebViewGoogle.apk. target_sdk_version=34, uses_libraries=, library_path=/data/app/~~j4BrjP0JsvTGmjdLkkfrgg==/com.google.android.webview-lp5hhYzxsBeFuV03zuxwaw==/lib/arm64:/data/app/~~j4BrjP0JsvTGmjdLkkfrgg==/com.google.android.webview-lp5hhYzxsBeFuV03zuxwaw==/WebViewGoogle.apk!/lib/arm64-v8a:/data/app/~~JXob4Tig8lkoK6grnIoRDQ==/com.google.android.trichromelibrary_636771932-v7-OhOMBuMGJ9HOdFxznSA==/TrichromeLibrary.apk!/lib/arm64-v8a, permitted_path=/data:/mnt/expand
04-20 06:19:15.937 19836 19859 I cr_WVCFactoryProvider: Loaded version=124.0.6367.219 minSdkVersion=29 isBundle=false multiprocess=true packageId=2
04-20 06:19:15.938 19836 19859 D nativeloader: Load /data/app/~~JXob4Tig8lkoK6grnIoRDQ==/com.google.android.trichromelibrary_636771932-v7-OhOMBuMGJ9HOdFxznSA==/TrichromeLibrary.apk!/lib/arm64-v8a/libmonochrome_64.so using ns clns-9 from class loader (caller=/data/app/~~j4BrjP0JsvTGmjdLkkfrgg==/com.google.android.webview-lp5hhYzxsBeFuV03zuxwaw==/WebViewGoogle.apk): ok
04-20 06:19:15.939 19836 19859 D nativeloader: Load /system/lib64/libwebviewchromium_plat_support.so using ns clns-9 from class loader (caller=/data/app/~~j4BrjP0JsvTGmjdLkkfrgg==/com.google.android.webview-lp5hhYzxsBeFuV03zuxwaw==/WebViewGoogle.apk): ok
04-20 06:19:15.939 19836 19883 E chromium: [0420/061915.939975:ERROR:variations_seed_loader.cc(37)] Seed missing signature.
04-20 06:19:15.940 19836 19883 I cr_VariationsUtils: Failed reading seed file "/data/user/0/com.impos2.mixcretailassemblyrn84/app_webview/variations_seed_new"
04-20 06:19:15.940 19836 19883 I chromium: [0420/061915.940035:INFO:variations_seed_loader.cc(66)] Failed to open file for reading.: No such file or directory (2)
04-20 06:19:15.940 19836 19883 I cr_VariationsUtils: Failed reading seed file "/data/user/0/com.impos2.mixcretailassemblyrn84/app_webview/variations_seed"
04-20 06:19:15.943 19836 19859 I cr_LibraryLoader: Successfully loaded native library
04-20 06:19:15.944 19836 19859 I cr_CachingUmaRecorder: Flushed 6 samples from 6 histograms, 0 samples were dropped.
04-20 06:19:15.946 19836 19859 I assembly.kernel.base.runtime-shell-v2.application.KernelRuntimeAppV2: [runtime.load] kernel runtime app v2 started {"runtimeName":"assembly.android.mixc-retail-rn84","moduleDescriptors":[{"moduleName":"assembly.android.mixc-retail-rn84","packageVersion":"1.0.0","dependencies":[],"stateSliceNames":[],"commandNames":[],"actorKeys":["assembly.android.mixc-retail-rn84.AssemblyRuntimeInitializeActor"],"errorKeys":[],"parameterKeys":[],"hasInstall":true,"hasPreSetup":true},{"moduleName":"kernel.base.topology-runtime-v3","packageVersion":"0.0.1","dependencies":[],"stateSliceNames":["kernel.base.topology-runtime-v3.config","kernel.base.topology-runtime-v3.context","kernel.base.topology-runtime-v3.connection","kernel.base.topology-runtime-v3.peer","kernel.base.topology-runtime-v3.sync","kernel.base.topology-runtime-v3.request-mirror","kernel.base.topology-runtime-v3.demo.master","kernel.base.topology-runtime-v3.demo.slave"],"commandNames":["kernel.base.topology-runtime-v3.set-instance-mode","kernel.base.topology-runtime-v3.set-display-mode","kernel.base.topology-runtime-v3.set-enable-slave","kernel.base.topology-runtime-v3.set-master-locator","kernel.base.topology-runtime-v3.clear-master-locator","kernel.base.topology-runtime-v3.refresh-topology-context","kernel.base.topology-runtime-v3.start-topology-connection","kernel.base.topology-runtime-v3.stop-topology-connection","kernel.base.topology-runtime-v3.restart-topology-connection","kernel.base.topology-runtime-v3.upsert-demo-master-entry","kernel.base.topology-runtime-v3.remove-demo-master-entry","kernel.base.topology-runtime-v3.reset-demo-master-state","kernel.base.topology-runtime-v3.upsert-demo-slave-entry","kernel.base.topology-runtime-v3.remove-demo-slave-entry","kernel.base.topology-runtime-v3.reset-demo-slave-state"],"actorKeys":["kernel.base.topology-runtime-v3.TopologyContextActor","kernel.base.topology-runtime-v3.TopologyConnectionActor","kernel.base.topology-runtime-v3.TopologyDemoSyncActor"],"errorKeys":["kernel.base.topology-runtime-v3.display_context_required","kernel.base.topology-runtime-v3.orchestrator_required","kernel.base.topology-runtime-v3.socket_binding_required","kernel.base.topology-runtime-v3.hello_runtime_required","kernel.base.topology-runtime-v3.action_not_allowed"],"parameterKeys":["kernel.base.topology-runtime-v3.reconnect-interval-ms"],"hasInstall":true,"hasPreSetup":true},{"moduleName":"kernel.base.tcp-control-runtime-v2","packageVersion":"0.0.1","dependencies":[],"stateSliceNames":["kernel.base.tcp-control-runtime-v2.identity","kernel.base.tcp-control-runtime-v2.credential","kernel.base.tcp-control-runtime-v2.binding","kernel.base.tcp-control-runtime-v2.sandbox","kernel.base.tcp-control-runtime-v2.runtime"],"commandNames":["kernel.base.tcp-control-runtime-v2.bootstrap-tcp-control","kernel.base.tcp-control-runtime-v2.bootstrap-tcp-control-succeeded","kernel.base.tcp-control-runtime-v2.activate-terminal","kernel.base.tcp-control-runtime-v2.activate-terminal-succeeded","kernel.base.tcp-control-runtime-v2.refresh-credential","kernel.base.tcp-control-runtime-v2.credential-refreshed","kernel.base.tcp-control-runtime-v2.deactivate-terminal","kernel.base.tcp-control-runtime-v2.deactivate-terminal-succeeded","kernel.base.tcp-control-runtime-v2.report-task-result","kernel.base.tcp-control-runtime-v2.task-result-reported","kernel.base.tcp-control-runtime-v2.reset-tcp-control"],"actorKeys":["kernel.base.tcp-control-runtime-v2.TcpBootstrapActor","kernel.base.tcp-control-runtime-v2.TcpActivationActor","kernel.base.tcp-control-runtime-v2.TcpCredentialActor","kernel.base.tcp-control-runtime-v2.TcpDeactivationActor","kernel.base.tcp-control-runtime-v2.TcpTaskReportActor","kernel.base.tcp-control-runtime-v2.TcpStateMutationActor"],"errorKeys":["kernel.base.tcp-control-runtime-v2.activation_code_invalid","kernel.base.tcp-control-runtime-v2.activation_failed","kernel.base.tcp-control-runtime-v2.credential_missing","kernel.base.tcp-control-runtime-v2.credential_expired","kernel.base.tcp-control-runtime-v2.refresh_failed","kernel.base.tcp
04-20 06:19:15.947 19836 19887 D TrafficStats: tagSocket(144) with statsTag=0xffffffff, statsUid=-1
04-20 06:19:15.947 19836 19859 I MMKV    : <MMKV_IO.cpp:609::writeActualSize> [mixc-retail-assembly-rn84::state] increase sequence to 238, crc 1879213107, actualSize 14730
04-20 06:19:15.947 19836 19859 I MMKV    : <MMKV.cpp:1208::sync> MMKV::sync, SyncFlag = 1
04-20 06:19:15.948 19836 19872 D TrafficStats: tagSocket(145) with statsTag=0xffffffff, statsUid=-1
04-20 06:19:15.952 19836 19859 I MMKV    : <MMKV_IO.cpp:609::writeActualSize> [mixc-retail-assembly-rn84::state] increase sequence to 239, crc 1901817104, actualSize 14730
04-20 06:19:15.952 19836 19859 I MMKV    : <MMKV.cpp:1208::sync> MMKV::sync, SyncFlag = 1
04-20 06:19:15.953 19836 19859 I assembly.android.mixc-retail-rn84.boot: {"stage":"runtime.start:done","displayIndex":0,"displayCount":2,"topologyRole":"master","topologyWsUrl":"ws://127.0.0.1:8888/mockMasterServer/ws"}
04-20 06:19:15.953 19836 19859 D TrafficStats: tagSocket(143) with statsTag=0xffffffff, statsUid=-1
04-20 06:19:15.954 19836 19859 I assembly.assembly.android.mixc-retail-rn84: [assembly.topology] Native topology host already matches desired lifecycle state {"displayCount":2,"displayIndex":0,"deviceId":"J9RZPWR3HK","instanceMode":"MASTER","enableSlave":true,"running":false,"reason":"not-master-or-single-primary-host"}
04-20 06:19:15.954 19836 19859 I assembly.assembly.android.mixc-retail-rn84: [assembly.topology] Native topology host already matches desired lifecycle state {"displayCount":2,"displayIndex":0,"deviceId":"J9RZPWR3HK","instanceMode":"MASTER","enableSlave":true,"running":false,"reason":"not-master-or-single-primary-host"}
04-20 06:19:15.954 19836 19859 I assembly.assembly.android.mixc-retail-rn84: [assembly.topology] Native topology host already matches desired lifecycle state {"displayCount":2,"displayIndex":0,"deviceId":"J9RZPWR3HK","instanceMode":"MASTER","enableSlave":true,"running":false,"reason":"not-master-or-single-primary-host"}
04-20 06:19:15.954 19836 19859 I assembly.assembly.android.mixc-retail-rn84: [assembly.topology] Native topology host already matches desired lifecycle state {"displayCount":2,"displayIndex":0,"deviceId":"J9RZPWR3HK","instanceMode":"MASTER","enableSlave":true,"running":false,"reason":"not-master-or-single-primary-host"}
04-20 06:19:15.955 19836 19859 I assembly.android.mixc-retail-rn84.boot: {"stage":"automation.host:start","displayIndex":0,"displayCount":2,"topologyRole":"master","topologyWsUrl":"ws://127.0.0.1:8888/mockMasterServer/ws","target":"primary","host":"127.0.0.1","port":18584}
04-20 06:19:15.956 19836 19859 I MMKV    : <MMKV_IO.cpp:609::writeActualSize> [mixc-retail-assembly-rn84::state] increase sequence to 240, crc 1614904243, actualSize 14730
04-20 06:19:15.956 19836 19859 I MMKV    : <MMKV.cpp:1208::sync> MMKV::sync, SyncFlag = 1
04-20 06:19:15.966 19836 19859 I MMKV    : <MMKV_IO.cpp:609::writeActualSize> [mixc-retail-assembly-rn84::state] increase sequence to 241, crc 3692867424, actualSize 14730
04-20 06:19:15.967 19836 19859 I MMKV    : <MMKV.cpp:1208::sync> MMKV::sync, SyncFlag = 1
04-20 06:19:15.968 19836 19859 I assembly.android.mixc-retail-rn84.boot: {"stage":"app-load-complete:start","displayIndex":0}
04-20 06:19:15.968 19836 19859 I StartupAudit: app_load_complete displayIndex=0 pid=19836 time=2026-04-20 06:19:15.968
04-20 06:19:15.968 19836 19859 I StartupAudit: secondary_launch_scheduled pid=19836 time=2026-04-20 06:19:15.968
04-20 06:19:15.969 19836 19859 I MMKV    : <MMKV_IO.cpp:609::writeActualSize> [mixc-retail-assembly-rn84::state] increase sequence to 242, crc 1361613806, actualSize 14730
04-20 06:19:15.969 19836 19859 I MMKV    : <MMKV.cpp:1208::sync> MMKV::sync, SyncFlag = 1
04-20 06:19:15.971 19836 19859 I MMKV    : <MMKV_IO.cpp:609::writeActualSize> [mixc-retail-assembly-rn84::state] increase sequence to 243, crc 3471884201, actualSize 14730
04-20 06:19:15.971 19836 19859 I MMKV    : <MMKV.cpp:1208::sync> MMKV::sync, SyncFlag = 1
04-20 06:19:15.973 19836 19859 I MMKV    : <MMKV_IO.cpp:609::writeActualSize> [mixc-retail-assembly-rn84::state] increase sequence to 244, crc 1414719096, actualSize 14730
04-20 06:19:15.973 19836 19859 I MMKV    : <MMKV.cpp:1208::sync> MMKV::sync, SyncFlag = 1
04-20 06:19:15.979 19836 19859 I assembly.assembly.android.mixc-retail-rn84: [assembly.topology] Native topology host already matches desired lifecycle state {"displayCount":2,"displayIndex":0,"deviceId":"J9RZPWR3HK","instanceMode":"MASTER","enableSlave":true,"running":false,"reason":"not-master-or-single-primary-host"}
04-20 06:19:15.980 19836 19859 I assembly.android.mixc-retail-rn84.boot: {"stage":"app-load-complete:done","displayIndex":0}
04-20 06:19:15.980 19836 19859 I assembly.assembly.android.mixc-retail-rn84: [assembly.topology] Native topology host already matches desired lifecycle state {"displayCount":2,"displayIndex":0,"deviceId":"J9RZPWR3HK","instanceMode":"MASTER","enableSlave":true,"running":false,"reason":"not-master-or-single-primary-host"}
04-20 06:19:15.982 19836 19859 I MMKV    : <MMKV_IO.cpp:609::writeActualSize> [mixc-retail-assembly-rn84::state] increase sequence to 245, crc 2919781000, actualSize 14730
04-20 06:19:15.982 19836 19859 I MMKV    : <MMKV.cpp:1208::sync> MMKV::sync, SyncFlag = 1
04-20 06:19:15.985 19836 19859 I MMKV    : <MMKV_IO.cpp:609::writeActualSize> [mixc-retail-assembly-rn84::state] increase sequence to 246, crc 1908987297, actualSize 14730
04-20 06:19:15.985 19836 19859 I MMKV    : <MMKV.cpp:1208::sync> MMKV::sync, SyncFlag = 1
04-20 06:19:15.988 19836 19859 I MMKV    : <MMKV_IO.cpp:609::writeActualSize> [mixc-retail-assembly-rn84::state] increase sequence to 247, crc 1098884305, actualSize 14730
04-20 06:19:15.988 19836 19859 I MMKV    : <MMKV.cpp:1208::sync> MMKV::sync, SyncFlag = 1
04-20 06:19:15.990 19836 19859 I MMKV    : <MMKV_IO.cpp:609::writeActualSize> [mixc-retail-assembly-rn84::state] increase sequence to 248, crc 3508554755, actualSize 14730
04-20 06:19:15.990 19836 19859 I MMKV    : <MMKV.cpp:1208::sync> MMKV::sync, SyncFlag = 1
04-20 06:19:15.994 19836 19859 I MMKV    : <MMKV_IO.cpp:609::writeActualSize> [mixc-retail-assembly-rn84::state] increase sequence to 249, crc 1626538895, actualSize 14730
04-20 06:19:15.994 19836 19859 I MMKV    : <MMKV.cpp:1208::sync> MMKV::sync, SyncFlag = 1
04-20 06:19:15.998 19836 19859 I MMKV    : <MMKV_IO.cpp:609::writeActualSize> [mixc-retail-assembly-rn84::state] increase sequence to 250, crc 3328277986, actualSize 14730
04-20 06:19:15.998 19836 19859 I MMKV    : <MMKV.cpp:1208::sync> MMKV::sync, SyncFlag = 1
04-20 06:19:16.001 19836 19859 I MMKV    : <MMKV_IO.cpp:609::writeActualSize> [mixc-retail-assembly-rn84::state] increase sequence to 251, crc 3464286610, actualSize 14730
04-20 06:19:16.001 19836 19859 I MMKV    : <MMKV.cpp:1208::sync> MMKV::sync, SyncFlag = 1
04-20 06:19:16.004 19836 19859 I MMKV    : <MMKV_IO.cpp:609::writeActualSize> [mixc-retail-assembly-rn84::state] increase sequence to 252, crc 4274757858, actualSize 14730
04-20 06:19:16.004 19836 19859 I MMKV    : <MMKV.cpp:1208::sync> MMKV::sync, SyncFlag = 1
04-20 06:19:16.007 19836 19859 I MMKV    : <MMKV_IO.cpp:609::writeActualSize> [mixc-retail-assembly-rn84::state] increase sequence to 253, crc 1855211568, actualSize 14730
04-20 06:19:16.007 19836 19859 I MMKV    : <MMKV.cpp:1208::sync> MMKV::sync, SyncFlag = 1
04-20 06:19:16.014 19836 19859 I MMKV    : <MMKV_IO.cpp:609::writeActualSize> [mixc-retail-assembly-rn84::state] increase sequence to 254, crc 3745974204, actualSize 14730
04-20 06:19:16.014 19836 19859 I MMKV    : <MMKV.cpp:1208::sync> MMKV::sync, SyncFlag = 1
04-20 06:19:16.018 19836 19859 I MMKV    : <MMKV_IO.cpp:609::writeActualSize> [mixc-retail-assembly-rn84::state] increase sequence to 255, crc 2044033489, actualSize 14730
04-20 06:19:16.018 19836 19859 I MMKV    : <MMKV.cpp:1208::sync> MMKV::sync, SyncFlag = 1
04-20 06:19:16.021 19836 19859 I MMKV    : <MMKV_IO.cpp:609::writeActualSize> [mixc-retail-assembly-rn84::state] increase sequence to 256, crc 3464286610, actualSize 14730
04-20 06:19:16.021 19836 19859 I MMKV    : <MMKV.cpp:1208::sync> MMKV::sync, SyncFlag = 1
04-20 06:19:16.023 19836 19859 I MMKV    : <MMKV_IO.cpp:609::writeActualSize> [mixc-retail-assembly-rn84::state] increase sequence to 257, crc 4274757858, actualSize 14730
04-20 06:19:16.023 19836 19859 I MMKV    : <MMKV.cpp:1208::sync> MMKV::sync, SyncFlag = 1
04-20 06:19:16.026   836   874 V WindowManagerShell: Transition animation finished (aborted=false), notifying core (#614) android.os.BinderProxy@69f9476@0
04-20 06:19:16.027   590   610 V WindowManager: Finish Transition (#614): created at 04-20 06:19:15.704 collect-started=0.007ms request-sent=2.62ms started=7.13ms ready=21.6ms sent=22.157ms finished=322.795ms
04-20 06:19:16.027 19836 19859 I MMKV    : <MMKV_IO.cpp:609::writeActualSize> [mixc-retail-assembly-rn84::state] increase sequence to 258, crc 1855211568, actualSize 14730
04-20 06:19:16.027 19836 19859 I MMKV    : <MMKV.cpp:1208::sync> MMKV::sync, SyncFlag = 1
04-20 06:19:16.028   836   874 V WindowManagerShell: Track 0 became idle
04-20 06:19:16.028   836   874 V WindowManagerShell: All active transition animations finished
04-20 06:19:16.030  1099  1099 D VRI[NexusLauncherActivity]: visibilityChanged oldVisibility=true newVisibility=false
04-20 06:19:16.030   590   672 W UserManagerService: Requested status bar icon for non-badged user 0
04-20 06:19:16.030   590   672 W UserManagerService: Requested status bar icon for non-badged user 0
04-20 06:19:16.031 19836 19859 I MMKV    : <MMKV_IO.cpp:609::writeActualSize> [mixc-retail-assembly-rn84::state] increase sequence to 259, crc 3745974204, actualSize 14730
04-20 06:19:16.031 19836 19859 I MMKV    : <MMKV.cpp:1208::sync> MMKV::sync, SyncFlag = 1
04-20 06:19:16.034 19836 19859 I MMKV    : <MMKV_IO.cpp:609::writeActualSize> [mixc-retail-assembly-rn84::state] increase sequence to 260, crc 2044033489, actualSize 14730
04-20 06:19:16.034 19836 19859 I MMKV    : <MMKV.cpp:1208::sync> MMKV::sync, SyncFlag = 1
04-20 06:19:16.037 19836 19859 I MMKV    : <MMKV_IO.cpp:609::writeActualSize> [mixc-retail-assembly-rn84::state] increase sequence to 261, crc 3464286610, actualSize 14730
04-20 06:19:16.037 19836 19859 I MMKV    : <MMKV.cpp:1208::sync> MMKV::sync, SyncFlag = 1
04-20 06:19:16.039 19836 19859 I MMKV    : <MMKV_IO.cpp:609::writeActualSize> [mixc-retail-assembly-rn84::state] increase sequence to 262, crc 4274757858, actualSize 14730
04-20 06:19:16.039 19836 19859 I MMKV    : <MMKV.cpp:1208::sync> MMKV::sync, SyncFlag = 1
04-20 06:19:16.043 19836 19859 I MMKV    : <MMKV_IO.cpp:609::writeActualSize> [mixc-retail-assembly-rn84::state] increase sequence to 263, crc 1855211568, actualSize 14730
04-20 06:19:16.043 19836 19859 I MMKV    : <MMKV.cpp:1208::sync> MMKV::sync, SyncFlag = 1
04-20 06:19:16.044  1099  1099 D BaseDepthController: setSurface:
04-20 06:19:16.044  1099  1099 D BaseDepthController: 	mWaitingOnSurfaceValidity: false
04-20 06:19:16.044  1099  1099 D BaseDepthController: 	mSurface: null
04-20 06:19:16.044  1099  1099 D BaseDepthController: mSurface is null and mCurrentBlur is: 0
04-20 06:19:16.044  1099  1099 D StateManager: goToState - fromState: Normal, toState: Normal, partial trace:
04-20 06:19:16.044  1099  1099 D StateManager: 	at com.android.launcher3.statemanager.StateManager.moveToRestState(go/retraceme 6422cbaa18704413bfb3e93ebb8478614d3644845132061bc54b1fae066de31d:4)
04-20 06:19:16.044  1099  1099 D StateManager: 	at com.android.launcher3.statemanager.StateManager.moveToRestState(go/retraceme 6422cbaa18704413bfb3e93ebb8478614d3644845132061bc54b1fae066de31d:1)
04-20 06:19:16.044  1099  1099 D StateManager: 	at com.android.launcher3.statemanager.StatefulActivity.onStop(go/retraceme 6422cbaa18704413bfb3e93ebb8478614d3644845132061bc54b1fae066de31d:34)
04-20 06:19:16.044  1099  1099 D StatsLog: LAUNCHER_ONSTOP
04-20 06:19:16.044   590  1503 I AppWidgetServiceImpl: setAppWidgetHidden() 0
04-20 06:19:16.045  1099  1099 D StatsLog: LAUNCHER_GOOGLE_SEARCH_RESTORE_LIST_SIZE_AFTER_ACTIVITY_RESTART
04-20 06:19:16.045  1099  1099 D NexusLauncherModelDelegate: notifySmartspaceEvent: SmartspaceTargetEvent{mSmartspaceTarget=null, mSmartspaceActionId='null', mEventType=7}
04-20 06:19:16.045  1099  1099 D NexusLauncherModelDelegate: notifySmartspaceEvent: SmartspaceTargetEvent{mSmartspaceTarget=null, mSmartspaceActionId='null', mEventType=7}
04-20 06:19:16.046  1099  1562 D OneSearchSuggestProvider: Shut down the binder channel
04-20 06:19:16.047  1099 11640 I IPCThreadState: oneway function results for code 2 on binder at 0xb4000075db364730 will be dropped but finished with status UNKNOWN_TRANSACTION
04-20 06:19:16.049 19836 19859 I MMKV    : <MMKV_IO.cpp:609::writeActualSize> [mixc-retail-assembly-rn84::state] increase sequence to 264, crc 3745974204, actualSize 14730
04-20 06:19:16.049 19836 19859 I MMKV    : <MMKV.cpp:1208::sync> MMKV::sync, SyncFlag = 1
04-20 06:19:16.209 19836 19865 W InteractionJankMonitor: Initializing without READ_DEVICE_CONFIG permission. enabled=true, interval=1, missedFrameThreshold=3, frameTimeThreshold=64, package=com.impos2.mixcretailassemblyrn84
04-20 06:19:16.232   836   886 W WindowOnBackDispatcher: sendCancelIfRunning: isInProgress=false callback=android.view.ViewRootImpl$$ExternalSyntheticLambda11@d904f5a
04-20 06:19:16.232   590   605 W InputManager-JNI: Input channel object 'dfa4792 Splash Screen com.impos2.mixcretailassemblyrn84 (client)' was disposed without first being removed with the input manager!
04-20 06:19:16.232   590  1503 D CoreBackPreview: Window{dfa4792 u0 Splash Screen com.impos2.mixcretailassemblyrn84 EXITING}: Setting back callback null
04-20 06:19:16.243  1099  1099 W FrameTracker: Missing HWUI jank callback for vsyncId: 180147270, CUJ=J<TASKBAR_COLLAPSE::Home to App>
04-20 06:19:16.246  1099  1099 W FrameTracker: Missed SF frame:PREDICTION_ERROR, 180147378, 9062996, CUJ=J<TASKBAR_COLLAPSE::Home to App>
04-20 06:19:16.246  1099  1099 W FrameTracker: Missed App frame:UNKNOWN: 24, 180147464, 0, CUJ=J<TASKBAR_COLLAPSE::Home to App>
04-20 06:19:16.246  1099  1099 W FrameTracker: Missed SF frame:UNKNOWN: 24, 180147464, 0, CUJ=J<TASKBAR_COLLAPSE::Home to App>
04-20 06:19:16.246  1099  1099 W FrameTracker: Missing HWUI jank callback for vsyncId: 180147464, CUJ=J<TASKBAR_COLLAPSE::Home to App>
04-20 06:19:16.246  1099  1099 W FrameTracker: Missed SF frame:UNKNOWN: 80, 180147500, 0, CUJ=J<TASKBAR_COLLAPSE::Home to App>
04-20 06:19:16.246  1099  1099 W FrameTracker: Missing HWUI jank callback for vsyncId: 180147500, CUJ=J<TASKBAR_COLLAPSE::Home to App>
04-20 06:19:16.246  1099  1099 W FrameTracker: Missed App frame:UNKNOWN: 88, 180147550, 34271707, CUJ=J<TASKBAR_COLLAPSE::Home to App>
04-20 06:19:16.246  1099  1099 W FrameTracker: Missed SF frame:UNKNOWN: 88, 180147550, 34271707, CUJ=J<TASKBAR_COLLAPSE::Home to App>
04-20 06:19:16.246  1099  1099 W FrameTracker: Missed SF frame:UNKNOWN: 80, 180147593, 25911749, CUJ=J<TASKBAR_COLLAPSE::Home to App>
04-20 06:19:16.246  1099  1099 W FrameTracker: Missed SF frame:UNKNOWN: 80, 180147636, 18690167, CUJ=J<TASKBAR_COLLAPSE::Home to App>
04-20 06:19:16.246  1099  1099 W FrameTracker: Missed SF frame:UNKNOWN: 80, 180147686, 21493376, CUJ=J<TASKBAR_COLLAPSE::Home to App>
04-20 06:19:16.246  1099  1099 W FrameTracker: Missed SF frame:UNKNOWN: 80, 180147722, 21976043, CUJ=J<TASKBAR_COLLAPSE::Home to App>
04-20 06:19:16.246  1099  1099 W FrameTracker: Missed SF frame:UNKNOWN: 80, 180147758, 21782085, CUJ=J<TASKBAR_COLLAPSE::Home to App>
04-20 06:19:16.246  1099  1099 W FrameTracker: Missed SF frame:UNKNOWN: 80, 180147794, 22235378, CUJ=J<TASKBAR_COLLAPSE::Home to App>
04-20 06:19:16.246  1099  1099 W FrameTracker: Missed SF frame:UNKNOWN: 80, 180147830, 0, CUJ=J<TASKBAR_COLLAPSE::Home to App>
04-20 06:19:16.246  1099  1099 W FrameTracker: Missing HWUI jank callback for vsyncId: 180147830, CUJ=J<TASKBAR_COLLAPSE::Home to App>
04-20 06:19:16.246  1099  1099 W FrameTracker: Missed SF frame:UNKNOWN: 80, 180147866, 25622546, CUJ=J<TASKBAR_COLLAPSE::Home to App>
04-20 06:19:16.246  1099  1099 W FrameTracker: Missed SF frame:UNKNOWN: 80, 180147902, 26997963, CUJ=J<TASKBAR_COLLAPSE::Home to App>
04-20 06:19:16.246  1099  1099 W FrameTracker: Missed SF frame:UNKNOWN: 80, 180147945, 21573339, CUJ=J<TASKBAR_COLLAPSE::Home to App>
04-20 06:19:16.246  1099  1099 W FrameTracker: Missed SF frame:UNKNOWN: 80, 180147974, 21335798, CUJ=J<TASKBAR_COLLAPSE::Home to App>
04-20 06:19:16.246  1099  1099 W FrameTracker: Missed SF frame:UNKNOWN: 80, 180148017, 22264715, CUJ=J<TASKBAR_COLLAPSE::Home to App>
04-20 06:19:16.246  1099  1099 W FrameTracker: Missed SF frame:UNKNOWN: 80, 180148053, 19717216, CUJ=J<TASKBAR_COLLAPSE::Home to App>
04-20 06:19:16.246  1099  1099 W FrameTracker: Missed SF frame:UNKNOWN: 80, 180148082, 21360425, CUJ=J<TASKBAR_COLLAPSE::Home to App>
04-20 06:19:16.246  1099  1099 W FrameTracker: Missed SF frame:UNKNOWN: 80, 180148111, 21903301, CUJ=J<TASKBAR_COLLAPSE::Home to App>
04-20 06:19:16.246  1099  1099 W FrameTracker: Missed SF frame:UNKNOWN: 80, 180148140, 24164718, CUJ=J<TASKBAR_COLLAPSE::Home to App>
04-20 06:19:16.246  1099  1099 W FrameTracker: Missed SF frame:UNKNOWN: 80, 180148169, 19925052, CUJ=J<TASKBAR_COLLAPSE::Home to App>
04-20 06:19:16.246  1099  1099 W FrameTracker: Missed SF frame:UNKNOWN: 80, 180148198, 33739761, CUJ=J<TASKBAR_COLLAPSE::Home to App>
04-20 06:19:16.246  1099  1125 V PerfettoTrigger: Triggering /system/bin/trigger_perfetto com.android.telemetry.interaction-jank-monitor-61
04-20 06:19:16.282   836   886 W FrameTracker: Missed SF frame:PREDICTION_ERROR, 180147536, 6972082, CUJ=J<SPLASHSCREEN_EXIT_ANIM>
04-20 06:19:16.282   836   886 W FrameTracker: Missed App frame:UNKNOWN: 24, 180147579, 0, CUJ=J<SPLASHSCREEN_EXIT_ANIM>
04-20 06:19:16.282   836   886 W FrameTracker: Missed SF frame:UNKNOWN: 24, 180147579, 0, CUJ=J<SPLASHSCREEN_EXIT_ANIM>
04-20 06:19:16.282   836   886 W FrameTracker: Missing HWUI jank callback for vsyncId: 180147579, CUJ=J<SPLASHSCREEN_EXIT_ANIM>
04-20 06:19:16.282   836   886 W FrameTracker: Missed SF frame:UNKNOWN: 80, 180147629, 20936625, CUJ=J<SPLASHSCREEN_EXIT_ANIM>
04-20 06:19:16.282   836   886 W FrameTracker: Missed SF frame:UNKNOWN: 80, 180147679, 18601542, CUJ=J<SPLASHSCREEN_EXIT_ANIM>
04-20 06:19:16.282   836   886 W FrameTracker: Missed SF frame:UNKNOWN: 80, 180147715, 21214043, CUJ=J<SPLASHSCREEN_EXIT_ANIM>
04-20 06:19:16.282   836   886 W FrameTracker: Missed SF frame:UNKNOWN: 80, 180147751, 21728294, CUJ=J<SPLASHSCREEN_EXIT_ANIM>
04-20 06:19:16.282   836   886 W FrameTracker: Missed SF frame:UNKNOWN: 80, 180147787, 19041294, CUJ=J<SPLASHSCREEN_EXIT_ANIM>
04-20 06:19:16.282   836   886 W FrameTracker: Missed SF frame:UNKNOWN: 80, 180147823, 22252087, CUJ=J<SPLASHSCREEN_EXIT_ANIM>
04-20 06:19:16.282   836   886 W FrameTracker: Missed SF frame:UNKNOWN: 80, 180147859, 0, CUJ=J<SPLASHSCREEN_EXIT_ANIM>
04-20 06:19:16.282   836   886 W FrameTracker: Missing HWUI jank callback for vsyncId: 180147859, CUJ=J<SPLASHSCREEN_EXIT_ANIM>
04-20 06:19:16.282   836   886 W FrameTracker: Missed SF frame:UNKNOWN: 80, 180147895, 21716630, CUJ=J<SPLASHSCREEN_EXIT_ANIM>
04-20 06:19:16.282   836   886 W FrameTracker: Missed SF frame:UNKNOWN: 80, 180147938, 21366297, CUJ=J<SPLASHSCREEN_EXIT_ANIM>
04-20 06:19:16.282   836   886 W FrameTracker: Missed SF frame:UNKNOWN: 80, 180147967, 21120131, CUJ=J<SPLASHSCREEN_EXIT_ANIM>
04-20 06:19:16.282   836   886 W FrameTracker: Missed SF frame:UNKNOWN: 80, 180148010, 21657048, CUJ=J<SPLASHSCREEN_EXIT_ANIM>
04-20 06:19:16.282   836   886 W FrameTracker: Missed SF frame:UNKNOWN: 80, 180148046, 22148799, CUJ=J<SPLASHSCREEN_EXIT_ANIM>
04-20 06:19:16.282   836   886 W FrameTracker: Missed SF frame:UNKNOWN: 80, 180148075, 21057966, CUJ=J<SPLASHSCREEN_EXIT_ANIM>
04-20 06:19:16.282   836   886 W FrameTracker: Missed SF frame:UNKNOWN: 80, 180148104, 21149092, CUJ=J<SPLASHSCREEN_EXIT_ANIM>
04-20 06:19:16.282   836   886 W FrameTracker: Missed SF frame:UNKNOWN: 80, 180148133, 24064760, CUJ=J<SPLASHSCREEN_EXIT_ANIM>
04-20 06:19:16.282   836   886 W FrameTracker: Missed SF frame:UNKNOWN: 80, 180148162, 22274260, CUJ=J<SPLASHSCREEN_EXIT_ANIM>
04-20 06:19:16.282   836   886 W FrameTracker: Missed SF frame:UNKNOWN: 80, 180148191, 20910678, CUJ=J<SPLASHSCREEN_EXIT_ANIM>
04-20 06:19:16.282   836   886 W FrameTracker: Missed SF frame:UNKNOWN: 80, 180148220, 22957928, CUJ=J<SPLASHSCREEN_EXIT_ANIM>
04-20 06:19:16.282   836   886 W FrameTracker: Missed App frame:UNKNOWN: 88, 180148249, 0, CUJ=J<SPLASHSCREEN_EXIT_ANIM>
04-20 06:19:16.282   836   886 W FrameTracker: Missed SF frame:UNKNOWN: 88, 180148249, 0, CUJ=J<SPLASHSCREEN_EXIT_ANIM>
04-20 06:19:16.282   836   886 W FrameTracker: Missing HWUI jank callback for vsyncId: 180148249, CUJ=J<SPLASHSCREEN_EXIT_ANIM>
04-20 06:19:16.282   836   879 V PerfettoTrigger: Not triggering com.android.telemetry.interaction-jank-monitor-39 - not enough time since last trigger
04-20 06:19:16.308   937  1196 I FontLog : Received query Noto Color Emoji Compat, URI content://com.google.android.gms.fonts [CONTEXT service_id=132 ]
04-20 06:19:16.308   937  1196 I FontLog : Query [emojicompat-emoji-font] resolved to {Noto Color Emoji Compat, wdth 100.0, wght 400, ital 0.0, bestEffort false} [CONTEXT service_id=132 ]
04-20 06:19:16.309   937  1196 I FontLog : Fetch {Noto Color Emoji Compat, wdth 100.0, wght 400, ital 0.0, bestEffort false} end status Status{statusCode=SUCCESS, resolution=null} [CONTEXT service_id=132 ]
04-20 06:19:16.310   937  1196 I FontLog : Pulling font file for id = 70, cache size = 5 [CONTEXT service_id=132 ]
04-20 06:19:16.314   937  1196 I FontLog : Pulling font file for id = 70, cache size = 5 [CONTEXT service_id=132 ]
04-20 06:19:17.513 19836 19852 D EGL_emulation: app_time_stats: avg=331.95ms min=29.39ms max=1494.11ms count=5
04-20 06:19:18.971 19836 19836 I StartupAudit: secondary_launch_attempt displayCount=2 displayId=2 pid=19836 time=2026-04-20 06:19:18.971
04-20 06:19:18.973   590   605 W OptProp : Cannot read opt property android.window.PROPERTY_COMPAT_ALLOW_USER_ASPECT_RATIO_OVERRIDE
04-20 06:19:18.973   590   605 W OptProp : Cannot read opt property android.window.PROPERTY_COMPAT_ALLOW_USER_ASPECT_RATIO_FULLSCREEN_OVERRIDE
04-20 06:19:18.973   590   605 W OptProp : Cannot read opt property android.window.PROPERTY_COMPAT_ALLOW_ORIENTATION_OVERRIDE
04-20 06:19:18.974   590   605 V GrammaticalInflectionUtils: AttributionSource: AttributionSource { uid = 10217, packageName = null, attributionTag = null, token = android.os.Binder@bdb3573, deviceId = 0, next = null } does not have READ_SYSTEM_GRAMMATICAL_GENDER permission.
04-20 06:19:18.974   590   605 W OptProp : Cannot read opt property android.window.PROPERTY_COMPAT_ALLOW_RESIZEABLE_ACTIVITY_OVERRIDES
04-20 06:19:18.974   590   605 W OptProp : Cannot read opt property android.window.PROPERTY_COMPAT_ALLOW_MIN_ASPECT_RATIO_OVERRIDE
04-20 06:19:18.977   590   605 W InputDispatcher: Focused display #2 does not have a focused window.
04-20 06:19:18.977   590   605 E InputDispatcher: But another display has a focused window
04-20 06:19:18.977   590   605 E InputDispatcher:   FocusedWindows:
04-20 06:19:18.977   590   605 E InputDispatcher:     displayId=0, name='7dd6c84 com.impos2.mixcretailassemblyrn84/com.impos2.mixcretailassemblyrn84.MainActivity'
04-20 06:19:18.978   836   874 V WindowManagerShell: Transition requested (#615): android.os.BinderProxy@1e52799 TransitionRequestInfo { type = OPEN, triggerTask = TaskInfo{userId=0 taskId=902 displayId=2 isRunning=true baseIntent=Intent { flg=0x18000000 cmp=com.impos2.mixcretailassemblyrn84/.SecondaryActivity } baseActivity=ComponentInfo{com.impos2.mixcretailassemblyrn84/com.impos2.mixcretailassemblyrn84.SecondaryActivity} topActivity=ComponentInfo{com.impos2.mixcretailassemblyrn84/com.impos2.mixcretailassemblyrn84.SecondaryActivity} origActivity=null realActivity=ComponentInfo{com.impos2.mixcretailassemblyrn84/com.impos2.mixcretailassemblyrn84.SecondaryActivity} numActivities=1 lastActiveTime=278544525 supportsMultiWindow=true resizeMode=1 isResizeable=true minWidth=-1 minHeight=-1 defaultMinSize=220 token=WCT{android.window.IWindowContainerToken$Stub$Proxy@9f8aa5e} topActivityType=1 pictureInPictureParams=null shouldDockBigOverlays=false launchIntoPipHostTaskId=-1 lastParentTaskIdBeforePip=-1 displayCutoutSafeInsets=null topActivityInfo=ActivityInfo{57d5e3f com.impos2.mixcretailassemblyrn84.SecondaryActivity} launchCookies=[] positionInParent=Point(0, 0) parentTaskId=-1 isFocused=false isVisible=false isVisibleRequested=true isSleeping=false locusId=null displayAreaFeatureId=1 isTopActivityTransparent=false appCompatTaskInfo=AppCompatTaskInfo { topActivityInSizeCompat=false topActivityEligibleForLetterboxEducation= falseisLetterboxEducationEnabled= true isLetterboxDoubleTapEnabled= false topActivityEligibleForUserAspectRatioButton= false topActivityBoundsLetterboxed= false isFromLetterboxDoubleTap= false topActivityLetterboxVerticalPosition= -1 topActivityLetterboxHorizontalPosition= -1 topActivityLetterboxWidth=2560 topActivityLetterboxHeight=1600 isUserFullscreenOverrideEnabled=false isSystemFullscreenOverrideEnabled=false cameraCompatTaskInfo=CameraCompatTaskInfo { cameraCompatControlState=hidden freeformCameraCompatMode=inactive}}}, pipTask = null, remoteTransition = null, displayChange = null, flags = 0, debugId = 615 }
04-20 06:19:18.978   836   874 D ShellDesktopMode: DesktopTaskRepo: visibleTaskCount= 0
04-20 06:19:18.978   590   605 I ActivityTaskManager: START u0 {flg=0x18000000 cmp=com.impos2.mixcretailassemblyrn84/.SecondaryActivity} with LAUNCH_MULTIPLE from uid 10217 (BAL_ALLOW_VISIBLE_WINDOW) result code=0
04-20 06:19:18.979  1099  1099 I TopTaskTracker: onTaskMovedToFront: (moved taskInfo to front) taskId=902, baseIntent=Intent { flg=0x18000000 cmp=com.impos2.mixcretailassemblyrn84/.SecondaryActivity }
04-20 06:19:18.979  1099  1099 I TopTaskTracker: onTaskMovedToFront: (removing top task on home display) taskId=901, baseIntent=Intent { act=android.intent.action.MAIN cat=[android.intent.category.LAUNCHER] flg=0x10200000 cmp=com.impos2.mixcretailassemblyrn84/.MainActivity }
04-20 06:19:18.979   590   613 V GrammaticalInflectionUtils: AttributionSource: AttributionSource { uid = 10217, packageName = null, attributionTag = null, token = android.os.Binder@bdb3573, deviceId = 0, next = null } does not have READ_SYSTEM_GRAMMATICAL_GENDER permission.
04-20 06:19:18.981   836   888 D SplashScreenView: Build android.window.SplashScreenView{cf39f5b V.E...... ......ID 0,0-0,0}
04-20 06:19:18.981   836   888 D SplashScreenView: Icon: view: null drawable: null size: 0
04-20 06:19:18.981   836   888 D SplashScreenView: Branding: view: android.view.View{9aac3f8 G.ED..... ......I. 0,0-0,0 #1020503 android:id/splashscreen_branding_view} drawable: null size w: 0 h: 0
04-20 06:19:18.984   389   389 D Zygote  : Forked child process 19899
04-20 06:19:18.984   590   626 I ActivityManager: Start proc 19899:com.impos2.mixcretailassemblyrn84:secondary/u0a217 for next-top-activity {com.impos2.mixcretailassemblyrn84/com.impos2.mixcretailassemblyrn84.SecondaryActivity}
04-20 06:19:18.996   439   439 I BpBinder: onLastStrongRef automatically unlinking death recipients: 
04-20 06:19:18.997   590  1503 D CoreBackPreview: Window{d17bf98 u0 Splash Screen com.impos2.mixcretailassemblyrn84}: Setting back callback OnBackInvokedCallbackInfo{mCallback=android.window.IOnBackInvokedCallback$Stub$Proxy@6ba3e57, mPriority=0, mIsAnimationCallback=false}
04-20 06:19:18.999 19899 19899 I yrn84:secondary: Using CollectorTypeCMC GC.
04-20 06:19:19.001 19899 19899 E yrn84:secondary: Not starting debugger since process cannot load the jdwp agent.
04-20 06:19:19.003 19899 19899 D nativeloader: Load libframework-connectivity-tiramisu-jni.so using APEX ns com_android_tethering for caller /apex/com.android.tethering/javalib/framework-connectivity-t.jar: ok
04-20 06:19:19.006   388   472 I netd    : tetherGetStats() -> {[]} <0.91ms>
04-20 06:19:19.013 19899 19899 D nativeloader: Configuring clns-7 for other apk /data/app/~~1qd8kn6EP6Xkj2Sxunl3gw==/com.impos2.mixcretailassemblyrn84-og100iHlhCV6Kow_V1wIBQ==/base.apk. target_sdk_version=36, uses_libraries=, library_path=/data/app/~~1qd8kn6EP6Xkj2Sxunl3gw==/com.impos2.mixcretailassemblyrn84-og100iHlhCV6Kow_V1wIBQ==/lib/arm64:/data/app/~~1qd8kn6EP6Xkj2Sxunl3gw==/com.impos2.mixcretailassemblyrn84-og100iHlhCV6Kow_V1wIBQ==/base.apk!/lib/arm64-v8a, permitted_path=/data:/mnt/expand:/data/user/0/com.impos2.mixcretailassemblyrn84
04-20 06:19:19.016 19899 19899 V GraphicsEnvironment: Currently set values for:
04-20 06:19:19.016 19899 19899 V GraphicsEnvironment:   angle_gl_driver_selection_pkgs=[]
04-20 06:19:19.016 19899 19899 V GraphicsEnvironment:   angle_gl_driver_selection_values=[]
04-20 06:19:19.016 19899 19899 V GraphicsEnvironment: Global.Settings values are invalid: number of packages: 0, number of values: 0
04-20 06:19:19.016 19899 19899 V GraphicsEnvironment: Neither updatable production driver nor prerelease driver is supported.
04-20 06:19:19.020 19899 19899 W SoLoader: Initializing SoLoader: 0
04-20 06:19:19.020 19899 19899 W SoLoader: Recording new base apk path: /data/app/~~1qd8kn6EP6Xkj2Sxunl3gw==/com.impos2.mixcretailassemblyrn84-og100iHlhCV6Kow_V1wIBQ==/base.apk
04-20 06:19:19.020 19899 19899 W SoLoader: Previously recorded 0 base apk paths.
04-20 06:19:19.022 19899 19899 I SoLoader: Preparing SO source: DirectorySoSource[root = /vendor/lib64 flags = 2]
04-20 06:19:19.022 19899 19899 I SoLoader: Preparing SO source: DirectorySoSource[root = /system/lib64 flags = 2]
04-20 06:19:19.022 19899 19899 I SoLoader: Preparing SO source: DirectApkSoSource[root = [/data/app/~~1qd8kn6EP6Xkj2Sxunl3gw==/com.impos2.mixcretailassemblyrn84-og100iHlhCV6Kow_V1wIBQ==/base.apk!/lib/arm64-v8a]]
04-20 06:19:19.022 19899 19899 I SoLoader: Preparing SO source: ApplicationSoSource[DirectorySoSource[root = /data/app/~~1qd8kn6EP6Xkj2Sxunl3gw==/com.impos2.mixcretailassemblyrn84-og100iHlhCV6Kow_V1wIBQ==/lib/arm64 flags = 0]]
04-20 06:19:19.022 19899 19899 I SoLoader: init finish: 4 SO sources prepared
04-20 06:19:19.022 19899 19899 W SoLoader: SoLoader initialized: 8
04-20 06:19:19.024 19899 19899 D nativeloader: Load /data/app/~~1qd8kn6EP6Xkj2Sxunl3gw==/com.impos2.mixcretailassemblyrn84-og100iHlhCV6Kow_V1wIBQ==/base.apk!/lib/arm64-v8a/libc++_shared.so using ns clns-7 from class loader (caller=/data/app/~~1qd8kn6EP6Xkj2Sxunl3gw==/com.impos2.mixcretailassemblyrn84-og100iHlhCV6Kow_V1wIBQ==/base.apk): ok
04-20 06:19:19.027 19899 19899 D nativeloader: Load /data/app/~~1qd8kn6EP6Xkj2Sxunl3gw==/com.impos2.mixcretailassemblyrn84-og100iHlhCV6Kow_V1wIBQ==/base.apk!/lib/arm64-v8a/libjsi.so using ns clns-7 from class loader (caller=/data/app/~~1qd8kn6EP6Xkj2Sxunl3gw==/com.impos2.mixcretailassemblyrn84-og100iHlhCV6Kow_V1wIBQ==/base.apk): ok
04-20 06:19:19.029 19899 19899 D nativeloader: Load /data/app/~~1qd8kn6EP6Xkj2Sxunl3gw==/com.impos2.mixcretailassemblyrn84-og100iHlhCV6Kow_V1wIBQ==/base.apk!/lib/arm64-v8a/libfbjni.so using ns clns-7 from class loader (caller=/data/app/~~1qd8kn6EP6Xkj2Sxunl3gw==/com.impos2.mixcretailassemblyrn84-og100iHlhCV6Kow_V1wIBQ==/base.apk): ok
04-20 06:19:19.030   590   610 V WindowManager: Sent Transition (#615) createdAt=04-20 06:19:18.974 via request=TransitionRequestInfo { type = OPEN, triggerTask = TaskInfo{userId=0 taskId=902 displayId=2 isRunning=true baseIntent=Intent { flg=0x18000000 cmp=com.impos2.mixcretailassemblyrn84/.SecondaryActivity } baseActivity=ComponentInfo{com.impos2.mixcretailassemblyrn84/com.impos2.mixcretailassemblyrn84.SecondaryActivity} topActivity=ComponentInfo{com.impos2.mixcretailassemblyrn84/com.impos2.mixcretailassemblyrn84.SecondaryActivity} origActivity=null realActivity=ComponentInfo{com.impos2.mixcretailassemblyrn84/com.impos2.mixcretailassemblyrn84.SecondaryActivity} numActivities=1 lastActiveTime=278544525 supportsMultiWindow=true resizeMode=1 isResizeable=true minWidth=-1 minHeight=-1 defaultMinSize=220 token=WCT{RemoteToken{5ba68f3 Task{75c625f #902 type=standard A=10217:com.impos2.mixcretailassemblyrn84}}} topActivityType=1 pictureInPictureParams=null shouldDockBigOverlays=false launchIntoPipHostTaskId=-1 lastParentTaskIdBeforePip=-1 displayCutoutSafeInsets=null topActivityInfo=ActivityInfo{b4ae9b0 com.impos2.mixcretailassemblyrn84.SecondaryActivity} launchCookies=[] positionInParent=Point(0, 0) parentTaskId=-1 isFocused=false isVisible=false isVisibleRequested=true isSleeping=false locusId=null displayAreaFeatureId=1 isTopActivityTransparent=false appCompatTaskInfo=AppCompatTaskInfo { topActivityInSizeCompat=false topActivityEligibleForLetterboxEducation= falseisLetterboxEducationEnabled= true isLetterboxDoubleTapEnabled= false topActivityEligibleForUserAspectRatioButton= false topActivityBoundsLetterboxed= false isFromLetterboxDoubleTap= false topActivityLetterboxVerticalPosition= -1 topActivityLetterboxHorizontalPosition= -1 topActivityLetterboxWidth=2560 topActivityLetterboxHeight=1600 isUserFullscreenOverrideEnabled=false isSystemFullscreenOverrideEnabled=false cameraCompatTaskInfo=CameraCompatTaskInfo { cameraCompatControlState=hidden freeformCameraCompatMode=inactive}}}, pipTask = null, remoteTransition = null, displayChange = null, flags = 0, debugId = 615 }
04-20 06:19:19.030 19899 19899 D nativeloader: Load /data/app/~~1qd8kn6EP6Xkj2Sxunl3gw==/com.impos2.mixcretailassemblyrn84-og100iHlhCV6Kow_V1wIBQ==/base.apk!/lib/arm64-v8a/libreactnative.so using ns clns-7 from class loader (caller=/data/app/~~1qd8kn6EP6Xkj2Sxunl3gw==/com.impos2.mixcretailassemblyrn84-og100iHlhCV6Kow_V1wIBQ==/base.apk): ok
04-20 06:19:19.030 19899 19899 D jni_lib_merge: Entering merged library JNI_OnLoad.
04-20 06:19:19.030 19899 19899 D jni_lib_merge: Preparing 12 pre-merged libs (including stub)
04-20 06:19:19.030 19899 19899 D jni_lib_merge: Preparing to register libfabricjni_so.  onload_func: 0x73ab949a50
04-20 06:19:19.030 19899 19899 D jni_lib_merge: Preparing to register libreact_devsupportjni_so.  onload_func: 0x73aba0d36c
04-20 06:19:19.030 19899 19899 D jni_lib_merge: Preparing to register libreact_featureflagsjni_so.  onload_func: 0x73aba27ba8
04-20 06:19:19.030 19899 19899 D jni_lib_merge: Preparing to register libreact_newarchdefaults_so.  onload_func: 0x73aba65d74
04-20 06:19:19.030 19899 19899 D jni_lib_merge: Preparing to register libreactnativeblob_so.  onload_func: 0x73abb06a4c
04-20 06:19:19.030 19899 19899 D jni_lib_merge: Preparing to register libreactnativejni_so.  onload_func: 0x73abb1b9e4
04-20 06:19:19.030 19899 19899 D jni_lib_merge: Preparing to register libreactnativejni_common_so.  onload_func: 0x73abb1ebe0
04-20 06:19:19.030 19899 19899 D jni_lib_merge: Preparing to register librninstance_so.  onload_func: 0x73abb3b778
04-20 06:19:19.030 19899 19899 D jni_lib_merge: Preparing to register libturbomodulejsijni_so.  onload_func: 0x73abbe50e0
04-20 06:19:19.030 19899 19899 D jni_lib_merge: Preparing to register libuimanagerjni_so.  onload_func: 0x73abbebb00
04-20 06:19:19.030 19899 19899 D jni_lib_merge: Preparing to register libyoga_so.  onload_func: 0x73abbf30c4
04-20 06:19:19.030 19899 19899 D jni_lib_merge: About to register 11 actual methods.
04-20 06:19:19.031   590   610 V WindowManager:     startWCT=WindowContainerTransaction { changes = {} hops = [] errorCallbackToken=null taskFragmentOrganizer=null }
04-20 06:19:19.031   590   610 V WindowManager:     info={id=615 t=OPEN f=0x0 trk=0 r=[2@Point(0, 0)] c=[
04-20 06:19:19.031   590   610 V WindowManager:         {WCT{RemoteToken{5ba68f3 Task{75c625f #902 type=standard A=10217:com.impos2.mixcretailassemblyrn84}}} m=OPEN f=NONE leash=Surface(name=Task=902)/@0xcdfe2d sb=Rect(0, 0 - 2560, 1600) eb=Rect(0, 0 - 2560, 1600) d=2 taskParent=-1},
04-20 06:19:19.031   590   610 V WindowManager:         {WCT{RemoteToken{473bc8f Task{c2f742b #671 type=home}}} m=TO_BACK f=SHOW_WALLPAPER leash=Surface(name=Task=671)/@0x5554f84 sb=Rect(0, 0 - 2560, 1600) eb=Rect(0, 0 - 2560, 1600) d=2 taskParent=-1}
04-20 06:19:19.031   590   610 V WindowManager:     ]}
04-20 06:19:19.032   836   918 V WindowManagerShell: onTransitionReady(transaction=2534030747961)
04-20 06:19:19.033   836   874 V WindowManagerShell: onTransitionReady (#615) android.os.BinderProxy@1e52799: {id=615 t=OPEN f=0x0 trk=0 r=[2@Point(0, 0)] c=[{WCT{android.window.IWindowContainerToken$Stub$Proxy@950552f} m=OPEN f=NONE leash=Surface(name=Task=902)/@0x1ee1a10 sb=Rect(0, 0 - 2560, 1600) eb=Rect(0, 0 - 2560, 1600) d=2 taskParent=-1},{WCT{android.window.IWindowContainerToken$Stub$Proxy@282c73c} m=TO_BACK f=SHOW_WALLPAPER leash=Surface(name=Task=671)/@0x6b22909 sb=Rect(0, 0 - 2560, 1600) eb=Rect(0, 0 - 2560, 1600) d=2 taskParent=-1}]}
04-20 06:19:19.033 19899 19899 D nativeloader: Load /data/app/~~1qd8kn6EP6Xkj2Sxunl3gw==/com.impos2.mixcretailassemblyrn84-og100iHlhCV6Kow_V1wIBQ==/base.apk!/lib/arm64-v8a/libreact_codegen_rnsvg.so using ns clns-7 from class loader (caller=/data/app/~~1qd8kn6EP6Xkj2Sxunl3gw==/com.impos2.mixcretailassemblyrn84-og100iHlhCV6Kow_V1wIBQ==/base.apk): ok
04-20 06:19:19.033 19899 19899 D jni_lib_merge: Entering merged library JNI_OnLoad.
04-20 06:19:19.033 19899 19899 D jni_lib_merge: Preparing 12 pre-merged libs (including stub)
04-20 06:19:19.033 19899 19899 D jni_lib_merge: Preparing to register libfabricjni_so.  onload_func: 0x73ab949a50
04-20 06:19:19.033 19899 19899 D jni_lib_merge: Preparing to register libreact_devsupportjni_so.  onload_func: 0x73aba0d36c
04-20 06:19:19.033 19899 19899 D jni_lib_merge: Preparing to register libreact_featureflagsjni_so.  onload_func: 0x73aba27ba8
04-20 06:19:19.033 19899 19899 D jni_lib_merge: Preparing to register libreact_newarchdefaults_so.  onload_func: 0x73aba65d74
04-20 06:19:19.033 19899 19899 D jni_lib_merge: Preparing to register libreactnativeblob_so.  onload_func: 0x73abb06a4c
04-20 06:19:19.033 19899 19899 D jni_lib_merge: Preparing to register libreactnativejni_so.  onload_func: 0x73abb1b9e4
04-20 06:19:19.033 19899 19899 D jni_lib_merge: Preparing to register libreactnativejni_common_so.  onload_func: 0x73abb1ebe0
04-20 06:19:19.033 19899 19899 D jni_lib_merge: Preparing to register librninstance_so.  onload_func: 0x73abb3b778
04-20 06:19:19.033 19899 19899 D jni_lib_merge: Preparing to register libturbomodulejsijni_so.  onload_func: 0x73abbe50e0
04-20 06:19:19.033 19899 19899 D jni_lib_merge: Preparing to register libuimanagerjni_so.  onload_func: 0x73abbebb00
04-20 06:19:19.033 19899 19899 D jni_lib_merge: Preparing to register libyoga_so.  onload_func: 0x73abbf30c4
04-20 06:19:19.033 19899 19899 D jni_lib_merge: About to register 11 actual methods.
04-20 06:19:19.034   836   874 V WindowManagerShell: Playing animation for (#615) android.os.BinderProxy@1e52799@0
04-20 06:19:19.034   836   874 V WindowManagerShell:  try handler com.android.wm.shell.transition.DefaultMixedHandler@a4b4bb1
04-20 06:19:19.034   836   874 V WindowManagerShell:  try handler com.android.wm.shell.keyguard.KeyguardTransitionHandler@f055896
04-20 06:19:19.034   836   874 V WindowManagerShell:  try handler com.android.wm.shell.pip.PipTransition@489c17
04-20 06:19:19.034   836   874 V WindowManagerShell:  try handler com.android.wm.shell.activityembedding.ActivityEmbeddingController@f43a804
04-20 06:19:19.034   836   874 V WindowManagerShell:  try handler com.android.wm.shell.splitscreen.StageCoordinator@417f1ed
04-20 06:19:19.034   836   874 V WindowManagerShell:  try handler com.android.wm.shell.desktopmode.DesktopTasksController@4366822
04-20 06:19:19.034   836   874 V WindowManagerShell:  try handler com.android.wm.shell.recents.RecentsTransitionHandler@b30e2b3
04-20 06:19:19.034   836   874 V ShellRecents: RecentsTransitionHandler.startAnimation: no controller found
04-20 06:19:19.034   836   874 V WindowManagerShell:  try handler com.android.wm.shell.transition.RemoteTransitionHandler@2554070
04-20 06:19:19.034   836   874 V WindowManagerShell: Transition doesn't have explicit remote, search filters for match for {id=615 t=OPEN f=0x0 trk=0 r=[2@Point(0, 0)] c=[{WCT{android.window.IWindowContainerToken$Stub$Proxy@950552f} m=OPEN f=NONE leash=Surface(name=Task=902)/@0x1ee1a10 sb=Rect(0, 0 - 2560, 1600) eb=Rect(0, 0 - 2560, 1600) d=2 taskParent=-1},{WCT{android.window.IWindowContainerToken$Stub$Proxy@282c73c} m=TO_BACK f=SHOW_WALLPAPER leash=Surface(name=Task=671)/@0x6b22909 sb=Rect(0, 0 - 2560, 1600) eb=Rect(0, 0 - 2560, 1600) d=2 taskParent=-1}]}
04-20 06:19:19.034   836   874 V WindowManagerShell:  Checking filter Pair{{types=[] flags=0x0] notFlags=0x0 checks=[{atype=undefined independent=true modes=[OPEN,TO_FRONT] flags=IN_TASK_WITH_EMBEDDED_ACTIVITY mustBeTask=false order=ANY topActivity=ComponentInfo{com.google.android.apps.nexuslauncher/com.google.android.apps.nexuslauncher.NexusLauncherActivity} launchCookie=null},{atype=undefined independent=true modes=[CLOSE,TO_BACK] flags=IN_TASK_WITH_EMBEDDED_ACTIVITY mustBeTask=false order=ANY topActivity=null launchCookie=null}]} RemoteTransition { remoteTransition = android.window.IRemoteTransition$Stub$Proxy@e8ebfe9, appThread = android.app.IApplicationThread$Stub$Proxy@876e46e, debugName = OverlaySwipeBack }}
04-20 06:19:19.034   836   874 V WindowManagerShell:  Checking filter Pair{{types=[] flags=0x0] notFlags=0x0 checks=[{atype=dream independent=true modes=[OPEN,TO_FRONT] flags=NONE mustBeTask=false order=ANY topActivity=null launchCookie=null},{atype=home independent=true modes=[CLOSE,TO_BACK] flags=NONE mustBeTask=false order=ANY topActivity=null launchCookie=null}]} RemoteTransition { remoteTransition = android.window.IRemoteTransition$Stub$Proxy@f4cf70f, appThread = android.app.IApplicationThread$Stub$Proxy@ba5f39c, debugName = LauncherToDream }}
04-20 06:19:19.034   836   874 V WindowManagerShell:  Checking filter Pair{{types=[] flags=0x0] notFlags=0x100 checks=[{atype=home independent=true modes=[OPEN,TO_FRONT] flags=NONE mustBeTask=false order=TOP topActivity=ComponentInfo{com.google.android.apps.nexuslauncher/com.google.android.apps.nexuslauncher.NexusLauncherActivity} launchCookie=null},{atype=standard independent=true modes=[CLOSE,TO_BACK] flags=NONE mustBeTask=false order=ANY topActivity=null launchCookie=null}]} RemoteTransition { remoteTransition = android.window.IRemoteTransition$Stub$Proxy@c8a71a5, appThread = android.app.IApplicationThread$Stub$Proxy@30d97a, debugName = QuickstepLaunchHome }}
04-20 06:19:19.034   836   874 V WindowManagerShell:  Delegate animation for (#615) to null
04-20 06:19:19.034   836   874 V WindowManagerShell:  try handler com.android.wm.shell.transition.DefaultTransitionHandler@56bf52b
