04-20 06:19:32.379  4607  4607 D BoundBrokerSvc: onUnbind: Intent { act=com.google.android.gms.common.BIND_SHARED_PREFS pkg=com.google.android.gms }
04-20 06:19:32.381 19978 19978 I CalendarProvider2: Created com.android.providers.calendar.CalendarAlarmManager@e2e1956(com.android.providers.calendar.CalendarProvider2@3dd2dd7)
04-20 06:19:32.391 19956 19971 W GnpSdk  : Exception during register with IID.
04-20 06:19:32.391 19956 19971 W GnpSdk  : java.io.IOException: AUTHENTICATION_FAILED
04-20 06:19:32.391 19956 19971 W GnpSdk  : 	at cal.ajrt.a(PG:88)
04-20 06:19:32.391 19956 19971 W GnpSdk  : 	at cal.uzf.run(PG:24)
04-20 06:19:32.391 19956 19971 W GnpSdk  : 	at cal.ajrl.execute(PG:1)
04-20 06:19:32.391 19956 19971 W GnpSdk  : 	at cal.uzg.b(PG:8)
04-20 06:19:32.391 19956 19971 W GnpSdk  : 	at cal.vaa.b(PG:36)
04-20 06:19:32.391 19956 19971 W GnpSdk  : 	at cal.uzf.run(PG:46)
04-20 06:19:32.391 19956 19971 W GnpSdk  : 	at cal.tzu.execute(PG:1)
04-20 06:19:32.391 19956 19971 W GnpSdk  : 	at cal.uzg.b(PG:8)
04-20 06:19:32.391 19956 19971 W GnpSdk  : 	at cal.vaa.b(PG:36)
04-20 06:19:32.391 19956 19971 W GnpSdk  : 	at cal.tzq.a(PG:30)
04-20 06:19:32.391 19956 19971 W GnpSdk  : 	at cal.tzl.handleMessage(PG:90)
04-20 06:19:32.391 19956 19971 W GnpSdk  : 	at android.os.Handler.dispatchMessage(Handler.java:103)
04-20 06:19:32.391 19956 19971 W GnpSdk  : 	at android.os.Looper.loopOnce(Looper.java:232)
04-20 06:19:32.391 19956 19971 W GnpSdk  : 	at android.os.Looper.loop(Looper.java:317)
04-20 06:19:32.391 19956 19971 W GnpSdk  : 	at android.app.ActivityThread.main(ActivityThread.java:8705)
04-20 06:19:32.391 19956 19971 W GnpSdk  : 	at java.lang.reflect.Method.invoke(Native Method)
04-20 06:19:32.391 19956 19971 W GnpSdk  : 	at com.android.internal.os.RuntimeInit$MethodAndArgsCaller.run(RuntimeInit.java:580)
04-20 06:19:32.391 19956 19971 W GnpSdk  : 	at com.android.internal.os.ZygoteInit.main(ZygoteInit.java:886)
04-20 06:19:32.391   937  1009 W ProtoStoreBasedCache: cache is empty [CONTEXT service_id=257 ]
04-20 06:19:32.395 19956 19956 W PrefService: Primary account is null
04-20 06:19:32.396 19956 19956 W PrefService: Primary account is null
04-20 06:19:32.396 19956 19956 W PrefService: Primary account is null
04-20 06:19:32.396   590  1504 D ShortcutService: rescanPackageIfNeeded 0@com.google.android.calendar, forceRescan=false , isNewApp=false
04-20 06:19:32.396   590   663 D ShortcutService: rescanPackageIfNeeded 0@com.google.android.calendar, forceRescan=false , isNewApp=false
04-20 06:19:32.397   590   663 I AppWidgetServiceImpl: getAppWidgetIds() 0
04-20 06:19:32.397   590   605 I AppWidgetServiceImpl: notifyAppWidgetViewDataChanged() 0
04-20 06:19:32.397   590   775 D AppWidgetServiceImpl: Trying to notify widget view data changed
04-20 06:19:32.397   590   663 I AppWidgetServiceImpl: getAppWidgetOptions() 0
04-20 06:19:32.399   590   605 I AppWidgetServiceImpl: updateAppWidgetIds() 0
04-20 06:19:32.399   590   775 D AppWidgetServiceImpl: Trying to notify widget update for package com.google.android.calendar with widget id: 3
04-20 06:19:32.405 19956 19985 E FirebaseInstanceId: Failed to get FIS auth token
04-20 06:19:32.405 19956 19985 E FirebaseInstanceId: java.util.concurrent.ExecutionException: com.google.firebase.installations.FirebaseInstallationsException: Firebase Installations Service is unavailable. Please try again later.
04-20 06:19:32.405 19956 19985 E FirebaseInstanceId: 	at cal.vaj.c(PG:32)
04-20 06:19:32.405 19956 19985 E FirebaseInstanceId: 	at cal.vaj.a(PG:133)
04-20 06:19:32.405 19956 19985 E FirebaseInstanceId: 	at cal.ajru.a(PG:109)
04-20 06:19:32.405 19956 19985 E FirebaseInstanceId: 	at cal.ajsb.a(PG:54)
04-20 06:19:32.405 19956 19985 E FirebaseInstanceId: 	at cal.ajrn.a(PG:95)
04-20 06:19:32.405 19956 19985 E FirebaseInstanceId: 	at cal.uzh.run(PG:8)
04-20 06:19:32.405 19956 19985 E FirebaseInstanceId: 	at java.util.concurrent.ThreadPoolExecutor.runWorker(ThreadPoolExecutor.java:1145)
04-20 06:19:32.405 19956 19985 E FirebaseInstanceId: 	at java.util.concurrent.ThreadPoolExecutor$Worker.run(ThreadPoolExecutor.java:644)
04-20 06:19:32.405 19956 19985 E FirebaseInstanceId: 	at cal.uib.run(PG:7)
04-20 06:19:32.405 19956 19985 E FirebaseInstanceId: 	at java.lang.Thread.run(Thread.java:1012)
04-20 06:19:32.405 19956 19985 E FirebaseInstanceId: Caused by: com.google.firebase.installations.FirebaseInstallationsException: Firebase Installations Service is unavailable. Please try again later.
04-20 06:19:32.405 19956 19985 E FirebaseInstanceId: 	at cal.ajtg.b(PG:402)
04-20 06:19:32.405 19956 19985 E FirebaseInstanceId: 	at cal.ajsj.run(PG:373)
04-20 06:19:32.405 19956 19985 E FirebaseInstanceId: 	at java.util.concurrent.ThreadPoolExecutor.runWorker(ThreadPoolExecutor.java:1145)
04-20 06:19:32.405 19956 19985 E FirebaseInstanceId: 	at java.util.concurrent.ThreadPoolExecutor$Worker.run(ThreadPoolExecutor.java:644)
04-20 06:19:32.405 19956 19985 E FirebaseInstanceId: 	... 1 more
04-20 06:19:32.408   590   663 D ActivityManager: sync unfroze 9887 com.google.android.gms.unstable for 6
04-20 06:19:32.409   590   605 I ActivityManager: Killing 10961:android.process.media/u0a88 (adj 985): empty #17
04-20 06:19:32.413 19956 20012 W GnpSdk  : Exception during register with IID.
04-20 06:19:32.413 19956 20012 W GnpSdk  : java.io.IOException: AUTHENTICATION_FAILED
04-20 06:19:32.413 19956 20012 W GnpSdk  : 	at cal.ajrt.a(PG:88)
04-20 06:19:32.413 19956 20012 W GnpSdk  : 	at cal.uzf.run(PG:24)
04-20 06:19:32.413 19956 20012 W GnpSdk  : 	at cal.ajrl.execute(PG:1)
04-20 06:19:32.413 19956 20012 W GnpSdk  : 	at cal.uzg.b(PG:8)
04-20 06:19:32.413 19956 20012 W GnpSdk  : 	at cal.vaa.b(PG:36)
04-20 06:19:32.413 19956 20012 W GnpSdk  : 	at cal.uzf.run(PG:46)
04-20 06:19:32.413 19956 20012 W GnpSdk  : 	at cal.tzu.execute(PG:1)
04-20 06:19:32.413 19956 20012 W GnpSdk  : 	at cal.uzg.b(PG:8)
04-20 06:19:32.413 19956 20012 W GnpSdk  : 	at cal.vaa.b(PG:36)
04-20 06:19:32.413 19956 20012 W GnpSdk  : 	at cal.tzq.a(PG:30)
04-20 06:19:32.413 19956 20012 W GnpSdk  : 	at cal.tzl.handleMessage(PG:90)
04-20 06:19:32.413 19956 20012 W GnpSdk  : 	at android.os.Handler.dispatchMessage(Handler.java:103)
04-20 06:19:32.413 19956 20012 W GnpSdk  : 	at android.os.Looper.loopOnce(Looper.java:232)
04-20 06:19:32.413 19956 20012 W GnpSdk  : 	at android.os.Looper.loop(Looper.java:317)
04-20 06:19:32.413 19956 20012 W GnpSdk  : 	at android.app.ActivityThread.main(ActivityThread.java:8705)
04-20 06:19:32.413 19956 20012 W GnpSdk  : 	at java.lang.reflect.Method.invoke(Native Method)
04-20 06:19:32.413 19956 20012 W GnpSdk  : 	at com.android.internal.os.RuntimeInit$MethodAndArgsCaller.run(RuntimeInit.java:580)
04-20 06:19:32.413 19956 20012 W GnpSdk  : 	at com.android.internal.os.ZygoteInit.main(ZygoteInit.java:886)
04-20 06:19:32.414   937   964 W .gms.persistent: Reducing the number of considered missed Gc histogram windows from 261 to 100
04-20 06:19:32.418   937   967 W .gms.persistent: ApkAssets: Deleting an ApkAssets object '<empty> and /product/app/Drive/Drive.apk' with 1 weak references
04-20 06:19:32.423   388 20041 I resolv  : GetAddrInfoHandler::run: {0 786432 0 983040 10143 0}
04-20 06:19:32.424   388 20042 I resolv  : GetAddrInfoHandler::run: {0 786432 0 983040 10143 0}
04-20 06:19:32.425   590   627 I libprocessgroup: Removed cgroup /sys/fs/cgroup/uid_10088/pid_10961
04-20 06:19:32.425   590   611 D DisplayManagerService: Drop pending events for gone uid 10088
04-20 06:19:32.425   389   389 I Zygote  : Process 10961 exited due to signal 9 (Killed)
04-20 06:19:32.428   590   672 I RemoteProvisionSysSvc: getRegistration(android.hardware.security.keymint.IRemotelyProvisionedComponent/default)
04-20 06:19:32.426 19666 19666 I binder  : undelivered transaction 43098652, process died.
04-20 06:19:32.426 19666 19666 I binder  : undelivered transaction 43711688, process died.
04-20 06:19:32.426 19666 19666 I binder  : undelivered transaction 43711827, process died.
04-20 06:19:32.426 19666 19666 I binder  : undelivered transaction 43839800, process died.
04-20 06:19:32.426 19666 19666 I binder  : undelivered transaction 43839841, process died.
04-20 06:19:32.426 19666 19666 I binder  : undelivered transaction 43893038, process died.
04-20 06:19:32.426 19666 19666 I binder  : undelivered transaction 43893093, process died.
04-20 06:19:32.426 19666 19666 I binder  : undelivered transaction 44055267, process died.
04-20 06:19:32.426 19666 19666 I binder  : undelivered transaction 44055300, process died.
04-20 06:19:32.426 19666 19666 I binder  : undelivered transaction 44797010, process died.
04-20 06:19:32.429   157   157 I servicemanager: Caller(pid=189,uid=1017,sid=u:r:keystore:s0) Found android.hardware.security.keymint.IRemotelyProvisionedComponent/default in device VINTF manifest.
04-20 06:19:32.429   590   672 D ActivityManager: sync unfroze 12210 com.google.android.rkpdapp for 6
04-20 06:19:32.430   937   972 W WearableService: onGetService: Wear is not available on this device.
04-20 06:19:32.431   590   590 I RegistrationProxy: onServiceConnected: com.android.rkpdapp.service.RemoteProvisioningService
04-20 06:19:32.432   590  1503 I RegistrationProxy: IGetRegistrationCallback.onSuccess
04-20 06:19:32.433   157   157 I servicemanager: Caller(pid=12210,uid=10205,sid=u:r:rkpdapp:s0:c205,c256,c512,c768) Found android.hardware.security.keymint.IRemotelyProvisionedComponent/default in device VINTF manifest.
04-20 06:19:32.433   590   663 I RemoteProvisionSysSvc: Fetching key 10143 for client 265096227
04-20 06:19:32.433   590   663 I RegistrationProxy: getKeyAsync operation started with callback 169018656
04-20 06:19:32.434 12210 20045 I RkpdRegistrationBinder: Key requested for : android.hardware.security.keymint.IRemotelyProvisionedComponent/default, clientUid: 1017, keyId: 10143, callback: 37783175
04-20 06:19:32.435 12210 20045 I RkpdRegistrationBinder: No key assigned, looking for an available key with expiry of 2026-04-22T22:19:32.435621Z
04-20 06:19:32.435 12210 20045 I RkpdRegistrationBinder: No key assigned, looking for an available key with expiry of 2026-04-19T23:19:32.434212Z
04-20 06:19:32.436 12210 20045 I RkpdRegistrationBinder: No keys are available, kicking off provisioning
04-20 06:19:32.436   590   663 I RegistrationProxy: Provisioning required before keys are available for android.security.rkp.service.RegistrationProxy$2@a130520
04-20 06:19:32.437 12210 20045 E RkpdRegistrationBinder: RKPD failed to provision keys
04-20 06:19:32.437 12210 20045 E RkpdRegistrationBinder: com.android.rkpdapp.RkpdException: No network detected.
04-20 06:19:32.437 12210 20045 E RkpdRegistrationBinder: 	at com.android.rkpdapp.interfaces.ServerInterface.fetchGeek(ServerInterface.java:242)
04-20 06:19:32.437 12210 20045 E RkpdRegistrationBinder: 	at com.android.rkpdapp.interfaces.ServerInterface.fetchGeekAndUpdate(ServerInterface.java:317)
04-20 06:19:32.437 12210 20045 E RkpdRegistrationBinder: 	at com.android.rkpdapp.service.RegistrationBinder.fetchGeekAndProvisionKeys(RegistrationBinder.java:144)
04-20 06:19:32.437 12210 20045 E RkpdRegistrationBinder: 	at com.android.rkpdapp.service.RegistrationBinder.getKeyWorker(RegistrationBinder.java:117)
04-20 06:19:32.437 12210 20045 E RkpdRegistrationBinder: 	at com.android.rkpdapp.service.RegistrationBinder.getKeyThreadWorker(RegistrationBinder.java:235)
04-20 06:19:32.437 12210 20045 E RkpdRegistrationBinder: 	at com.android.rkpdapp.service.RegistrationBinder.lambda$getKey$3(RegistrationBinder.java:223)
04-20 06:19:32.437 12210 20045 E RkpdRegistrationBinder: 	at com.android.rkpdapp.service.RegistrationBinder.$r8$lambda$3tjqw_fbETEHa8OE8G7aQdQksF8(RegistrationBinder.java:0)
04-20 06:19:32.437 12210 20045 E RkpdRegistrationBinder: 	at com.android.rkpdapp.service.RegistrationBinder$$ExternalSyntheticLambda12.run(R8$$SyntheticClass:0)
04-20 06:19:32.437 12210 20045 E RkpdRegistrationBinder: 	at java.util.concurrent.Executors$RunnableAdapter.call(Executors.java:487)
04-20 06:19:32.437 12210 20045 E RkpdRegistrationBinder: 	at java.util.concurrent.FutureTask.run(FutureTask.java:264)
04-20 06:19:32.437 12210 20045 E RkpdRegistrationBinder: 	at java.util.concurrent.ThreadPoolExecutor.runWorker(ThreadPoolExecutor.java:1145)
04-20 06:19:32.437 12210 20045 E RkpdRegistrationBinder: 	at java.util.concurrent.ThreadPoolExecutor$Worker.run(ThreadPoolExecutor.java:644)
04-20 06:19:32.437 12210 20045 E RkpdRegistrationBinder: 	at java.lang.Thread.run(Thread.java:1012)
04-20 06:19:32.438   590   590 E RemoteProvisionSysSvc: RKP error fetching key for client 265096227: ERROR_PENDING_INTERNET_CONNECTIVITY: No network detected.
04-20 06:19:32.438   189   189 E keystore2: system/security/keystore2/rkpd_client/src/lib.rs:193 - IGetKeyCallback failed: ERROR_PENDING_INTERNET_CONNECTIVITY: No network detected.
04-20 06:19:32.438   189 18119 W keystore2: system/security/keystore2/src/remote_provisioning.rs:98 - Error occurred: system/security/keystore2/rkpd_client/src/lib.rs:194: GetKeyCallback failed: r#ERROR_PENDING_INTERNET_CONNECTIVITY "ERROR_PENDING_INTERNET_CONNECTIVITY: No network detected."
04-20 06:19:32.438   189 18119 W keystore2: 
04-20 06:19:32.438   189 18119 W keystore2: Caused by:
04-20 06:19:32.438   189 18119 W keystore2:     Failed to get key: r#ERROR_PENDING_INTERNET_CONNECTIVITY
04-20 06:19:32.439   937   937 D BoundBrokerSvc: onBind: Intent { act=com.google.android.gms.phenotype.service.START dat=chimera-action:/... cmp=com.google.android.gms/.chimera.PersistentApiService }
04-20 06:19:32.439   937   937 D BoundBrokerSvc: Loading bound service for intent: Intent { act=com.google.android.gms.phenotype.service.START dat=chimera-action:/... cmp=com.google.android.gms/.chimera.PersistentApiService }
04-20 06:19:32.439   191   191 D SoftKeymaster: system/keymaster/km_openssl/certificate_utils.cpp, Line 148: Using TAG_CERTIFICATE_NOT_BEFORE: 0
04-20 06:19:32.439   191   191 D SoftKeymaster: system/keymaster/km_openssl/certificate_utils.cpp, Line 154: Using TAG_CERTIFICATE_NOT_AFTER: 2461449600000
04-20 06:19:32.439   191   191 D SoftKeymaster: system/keymaster/km_openssl/certificate_utils.cpp, Line 159: Got certificate date params:  NotBefore = 0, NotAfter = 2461449600000
04-20 06:19:32.439   191   191 D SoftKeymaster: system/keymaster/km_openssl/certificate_utils.cpp, Line 273: Setting notBefore to 0
04-20 06:19:32.439   191   191 D SoftKeymaster: system/keymaster/km_openssl/certificate_utils.cpp, Line 282: Setting notAfter to 2461449600
04-20 06:19:32.456  9887  9891 W id.gms.unstable: Reducing the number of considered missed Gc histogram windows from 174 to 100
04-20 06:19:32.462   937  1009 E gclu    : *~*~*~ Previous channel {0} was garbage collected without being shut down! ~*~*~*
04-20 06:19:32.462   937  1009 E gclu    :     Make sure to call shutdown()/shutdownNow()
04-20 06:19:32.462   937  1009 E gclu    : java.lang.RuntimeException: ManagedChannel allocation site
04-20 06:19:32.462   937  1009 E gclu    : 	at gclt.<init>(:com.google.android.gms@242335039@24.23.35 (190408-646585959):21)
04-20 06:19:32.462   937  1009 E gclu    : 	at gclu.<init>(:com.google.android.gms@242335039@24.23.35 (190408-646585959):10)
04-20 06:19:32.462   937  1009 E gclu    : 	at gcls.a(:com.google.android.gms@242335039@24.23.35 (190408-646585959):244)
04-20 06:19:32.462   937  1009 E gclu    : 	at gbvj.a(:com.google.android.gms@242335039@24.23.35 (190408-646585959):5)
04-20 06:19:32.462   937  1009 E gclu    : 	at anbr.a(:com.google.android.gms@242335039@24.23.35 (190408-646585959):59)
04-20 06:19:32.462   937  1009 E gclu    : 	at anbi.e(:com.google.android.gms@242335039@24.23.35 (190408-646585959):346)
04-20 06:19:32.462   937  1009 E gclu    : 	at anbi.f(:com.google.android.gms@242335039@24.23.35 (190408-646585959):5)
04-20 06:19:32.462   937  1009 E gclu    : 	at bcwo.a(:com.google.android.gms@242335039@24.23.35 (190408-646585959):689)
04-20 06:19:32.462   937  1009 E gclu    : 	at anaq.call(:com.google.android.gms@242335039@24.23.35 (190408-646585959):3)
04-20 06:19:32.462   937  1009 E gclu    : 	at java.util.concurrent.FutureTask.run(FutureTask.java:264)
04-20 06:19:32.462   937  1009 E gclu    : 	at angs.c(:com.google.android.gms@242335039@24.23.35 (190408-646585959):50)
04-20 06:19:32.462   937  1009 E gclu    : 	at angs.run(:com.google.android.gms@242335039@24.23.35 (190408-646585959):97)
04-20 06:19:32.462   937  1009 E gclu    : 	at java.util.concurrent.ThreadPoolExecutor.runWorker(ThreadPoolExecutor.java:1145)
04-20 06:19:32.462   937  1009 E gclu    : 	at java.util.concurrent.ThreadPoolExecutor$Worker.run(ThreadPoolExecutor.java:644)
04-20 06:19:32.462   937  1009 E gclu    : 	at anmg.run(:com.google.android.gms@242335039@24.23.35 (190408-646585959):8)
04-20 06:19:32.462   937  1009 E gclu    : 	at java.lang.Thread.run(Thread.java:1012)
04-20 06:19:32.463   388 20054 I resolv  : GetAddrInfoHandler::run: {0 786432 0 983040 10143 0}
04-20 06:19:32.464   937 20053 W gclk    : [{0}] Failed to resolve name. status={1}
04-20 06:19:32.465   937  1009 W VerdictProvider: failed to get decision from server [gbzy{code=UNAVAILABLE, description=Unable to resolve host gmscompliance-pa.googleapis.com, cause=java.lang.RuntimeException: java.net.UnknownHostException: Unable to resolve host "gmscompliance-pa.googleapis.com": No address associated with hostname
04-20 06:19:32.465   937  1009 W VerdictProvider: 	at gchm.run(:com.google.android.gms@242335039@24.23.35 (190408-646585959):1397)
04-20 06:19:32.465   937  1009 W VerdictProvider: 	at java.util.concurrent.ThreadPoolExecutor.runWorker(ThreadPoolExecutor.java:1145)
04-20 06:19:32.465   937  1009 W VerdictProvider: 	at java.util.concurrent.ThreadPoolExecutor$Worker.run(ThreadPoolExecutor.java:644)
04-20 06:19:32.465   937  1009 W VerdictProvider: 	at java.lang.Thread.run(Thread.java:1012)
04-20 06:19:32.465   937  1009 W VerdictProvider: Caused by: java.net.UnknownHostException: Unable to resolve host "gmscompliance-pa.googleapis.com": No address associated with hostname
04-20 06:19:32.465   937  1009 W VerdictProvider: 	at java.net.Inet6AddressImpl.lookupHostByName(Inet6AddressImpl.java:156)
04-20 06:19:32.465   937  1009 W VerdictProvider: 	at java.net.Inet6AddressImpl.lookupAllHostAddr(Inet6AddressImpl.java:103)
04-20 06:19:32.465   937  1009 W VerdictProvider: 	at java.net.InetAddress.getAllByName(InetAddress.java:1152)
04-20 06:19:32.465   937  1009 W VerdictProvider: 	at gchm.run(:com.google.android.gms@242335039@24.23.35 (190408-646585959):144)
04-20 06:19:32.465   937  1009 W VerdictProvider: 	... 3 more
04-20 06:19:32.465   937  1009 W VerdictProvider: Caused by: android.system.GaiException: android_getaddrinfo failed: EAI_NODATA (No address associated with hostname)
04-20 06:19:32.465   937  1009 W VerdictProvider: 	at libcore.io.Linux.android_getaddrinfo(Native Method)
04-20 06:19:32.465   937  1009 W VerdictProvider: 	at libcore.io.ForwardingOs.android_getaddrinfo(ForwardingOs.java:133)
04-20 06:19:32.465   937  1009 W VerdictProvider: 	at libcore.io.BlockGuardOs.android_getaddrinfo(BlockGuardOs.java:222)
04-20 06:19:32.465   937  1009 W VerdictProvider: 	at libcore.io.ForwardingOs.android_getaddrinfo(ForwardingOs.java:133)
04-20 06:19:32.465   937  1009 W VerdictProvider: 	at java.net.Inet6AddressImpl.lookupHostByName(Inet6AddressImpl.java:135)
04-20 06:19:32.465   937  1009 W VerdictProvider: 	... 6 more
04-20 06:19:32.465   937  1009 W VerdictProvider: }]
04-20 06:19:32.465   937  1009 W VerdictProvider: [CONTEXT service_id=257 ]
04-20 06:19:32.465   937  1009 W UdevsVerdict: unable to provide verdict [CONTEXT service_id=257 ]
04-20 06:19:32.498   590   624 D ShortcutService: Getting shortcuts for launcher= com.google.android.apps.nexuslauncheruser=0 pkg=com.google.android.calendar
04-20 06:19:32.498   590   795 D ShortcutService: Saving package item com.google.android.calendar to /data/system_ce/0/shortcut_service/packages/com.google.android.calendar.xml
04-20 06:19:32.499   590   624 D ShortcutService: Getting shortcuts for launcher= com.android.systemuiuser=0 pkg=com.google.android.calendar
04-20 06:19:32.503   590   624 D ShortcutService: Getting shortcuts for launcher= com.google.android.asuser=0 pkg=com.google.android.calendar
04-20 06:19:33.289   937 20053 W gclk    : [{0}] Failed to resolve name. status={1}
04-20 06:19:35.029   388 20056 I resolv  : GetAddrInfoHandler::run: {0 786432 0 983040 10143 0}
04-20 06:19:35.030   937 20053 W gclk    : [{0}] Failed to resolve name. status={1}
04-20 06:19:35.509   590   672 D ShortcutService: Getting shortcuts for launcher= com.google.android.asuser=0 pkg=com.google.android.calendar
04-20 06:19:35.509   590  1504 D ShortcutService: Getting shortcuts for launcher= com.google.android.asuser=0 pkg=com.google.android.calendar
04-20 06:19:37.415   590   745 D InetDiagMessage: Destroyed 0 sockets, proto=IPPROTO_TCP, family=AF_INET, states=14
04-20 06:19:37.416   590   745 D InetDiagMessage: Destroyed 0 sockets, proto=IPPROTO_TCP, family=AF_INET6, states=14
04-20 06:19:37.416   590   745 D InetDiagMessage: Destroyed live tcp sockets for uids={10147} in 1ms
04-20 06:19:37.417   590   745 D InetDiagMessage: Destroyed 0 sockets, proto=IPPROTO_TCP, family=AF_INET, states=14
04-20 06:19:37.417   590   745 D InetDiagMessage: Destroyed 0 sockets, proto=IPPROTO_TCP, family=AF_INET6, states=14
04-20 06:19:37.417   590   745 D InetDiagMessage: Destroyed live tcp sockets for uids={20147} in 2ms
04-20 06:19:37.435   590   745 D InetDiagMessage: Destroyed 0 sockets, proto=IPPROTO_TCP, family=AF_INET, states=14
04-20 06:19:37.436   590   745 D InetDiagMessage: Destroyed 0 sockets, proto=IPPROTO_TCP, family=AF_INET6, states=14
04-20 06:19:37.436   590   745 D InetDiagMessage: Destroyed live tcp sockets for uids={10205} in 1ms
04-20 06:19:37.436   590   745 D InetDiagMessage: Destroyed 0 sockets, proto=IPPROTO_TCP, family=AF_INET, states=14
04-20 06:19:37.437   590   745 D InetDiagMessage: Destroyed 0 sockets, proto=IPPROTO_TCP, family=AF_INET6, states=14
04-20 06:19:37.437   590   745 D InetDiagMessage: Destroyed live tcp sockets for uids={20205} in 1ms
04-20 06:19:37.463   590   672 I ActivityManager: Killing 11086:com.google.android.packageinstaller/u0a93 (adj 985): empty #17
04-20 06:19:37.473   389   389 I Zygote  : Process 11086 exited due to signal 9 (Killed)
04-20 06:19:37.473   590   611 D DisplayManagerService: Drop pending events for gone uid 10093
04-20 06:19:37.474 15233 15233 W binder_debug: 6 callbacks suppressed
04-20 06:19:37.474 15233 15233 I binder  : undelivered transaction 43098649, process died.
04-20 06:19:37.474 15233 15233 I binder  : undelivered transaction 43711687, process died.
04-20 06:19:37.474 15233 15233 I binder  : undelivered transaction 43711826, process died.
04-20 06:19:37.474 15233 15233 I binder  : undelivered transaction 43839799, process died.
04-20 06:19:37.474 15233 15233 I binder  : undelivered transaction 43839840, process died.
04-20 06:19:37.474 15233 15233 I binder  : undelivered transaction 43893037, process died.
04-20 06:19:37.474 15233 15233 I binder  : undelivered transaction 43893092, process died.
04-20 06:19:37.474 15233 15233 I binder  : undelivered transaction 44055266, process died.
04-20 06:19:37.474 15233 15233 I binder  : undelivered transaction 44055299, process died.
04-20 06:19:37.474 15233 15233 I binder  : undelivered transaction 44797009, process died.
04-20 06:19:37.481   590   627 I libprocessgroup: Removed cgroup /sys/fs/cgroup/uid_10093/pid_11086
04-20 06:19:37.491   388   472 I netd    : tetherGetStats() -> {[]} <0.61ms>
04-20 06:19:37.578   388 20057 I resolv  : GetAddrInfoHandler::run: {0 786432 0 983040 10143 0}
04-20 06:19:37.579   937 20053 W gclk    : [{0}] Failed to resolve name. status={1}
04-20 06:19:39.080   167   167 I logd    : logdr: UID=0 GID=0 PID=20058 n tail=0 logMask=99 pid=0 start=0ns deadline=0ns
