--------- beginning of main
04-20 06:19:14.547 19682 19740 D TrafficStats: tagSocket(114) with statsTag=0xffffffff, statsUid=-1
--------- beginning of system
04-20 06:19:14.576   590   605 I ActivityManager: Force stopping com.impos2.mixcretailassemblyrn84 appid=10217 user=0: from pid 19805
04-20 06:19:14.577   590   605 W IPCThreadState: Sending oneway calls to frozen process.
04-20 06:19:14.577   590   605 I ActivityManager: Killing 19525:com.impos2.mixcretailassemblyrn84:secondary/u0a217 (adj 0): stop com.impos2.mixcretailassemblyrn84 due to from pid 19805
04-20 06:19:14.578   590   605 W ActivityTaskManager: Force removing ActivityRecord{10ffc8e u0 com.impos2.mixcretailassemblyrn84/.SecondaryActivity t900 f}}: app died, no saved state
04-20 06:19:14.578   590   605 W InputDispatcher: Focused display #0 does not have a focused window.
04-20 06:19:14.578   590   605 E InputDispatcher: But another display has a focused window
04-20 06:19:14.578   590   605 E InputDispatcher:   FocusedWindows:
04-20 06:19:14.578   590   605 E InputDispatcher:     displayId=2, name='a9ff243 com.impos2.mixcretailassemblyrn84/com.impos2.mixcretailassemblyrn84.SecondaryActivity'
04-20 06:19:14.579   836   874 V WindowManagerShell: Transition requested (#613): android.os.BinderProxy@9aa7157 TransitionRequestInfo { type = CLOSE, triggerTask = TaskInfo{userId=0 taskId=900 displayId=2 isRunning=false baseIntent=Intent { flg=0x18000000 cmp=com.impos2.mixcretailassemblyrn84/.SecondaryActivity } baseActivity=null topActivity=null origActivity=null realActivity=ComponentInfo{com.impos2.mixcretailassemblyrn84/com.impos2.mixcretailassemblyrn84.SecondaryActivity} numActivities=0 lastActiveTime=278398442 supportsMultiWindow=true resizeMode=1 isResizeable=true minWidth=-1 minHeight=-1 defaultMinSize=220 token=WCT{android.window.IWindowContainerToken$Stub$Proxy@c64f444} topActivityType=1 pictureInPictureParams=null shouldDockBigOverlays=false launchIntoPipHostTaskId=-1 lastParentTaskIdBeforePip=-1 displayCutoutSafeInsets=null topActivityInfo=null launchCookies=[] positionInParent=Point(0, 0) parentTaskId=-1 isFocused=true isVisible=true isVisibleRequested=true isSleeping=false locusId=null displayAreaFeatureId=1 isTopActivityTransparent=false appCompatTaskInfo=AppCompatTaskInfo { topActivityInSizeCompat=false topActivityEligibleForLetterboxEducation= falseisLetterboxEducationEnabled= false isLetterboxDoubleTapEnabled= false topActivityEligibleForUserAspectRatioButton= false topActivityBoundsLetterboxed= false isFromLetterboxDoubleTap= false topActivityLetterboxVerticalPosition= -1 topActivityLetterboxHorizontalPosition= -1 topActivityLetterboxWidth=-1 topActivityLetterboxHeight=-1 isUserFullscreenOverrideEnabled=false isSystemFullscreenOverrideEnabled=false cameraCompatTaskInfo=CameraCompatTaskInfo { cameraCompatControlState=hidden freeformCameraCompatMode=inactive}}}, pipTask = null, remoteTransition = null, displayChange = null, flags = 0, debugId = 613 }
04-20 06:19:14.579   590   605 W ActivityTaskManager: Force removing ActivityRecord{8c85db5 u0 com.impos2.mixcretailassemblyrn84/.SecondaryActivity t899 f}}: app died, no saved state
04-20 06:19:14.581   590   676 W UsageStatsService: Unexpected activity event reported! (com.impos2.mixcretailassemblyrn84/com.impos2.mixcretailassemblyrn84.SecondaryActivity event : 23 instanceId : 217278395)
04-20 06:19:14.581   590   611 D DisplayManagerService: Drop pending events for gone uid 10217
04-20 06:19:14.581   590   605 I ActivityManager: Killing 19682:com.impos2.mixcretailassemblyrn84/u0a217 (adj 50): stop com.impos2.mixcretailassemblyrn84 due to from pid 19805
04-20 06:19:14.583   590   605 W ForegroundServiceTypeLoggerModule: FGS stop call for: 10217 has no types!
04-20 06:19:14.583   590   605 W ActivityTaskManager: Force removing ActivityRecord{2c0352a u0 com.impos2.mixcretailassemblyrn84/.MainActivity t898 f}}: app died, no saved state
04-20 06:19:14.586   590  1503 I WindowManager: WIN DEATH: Window{a9ff243 u0 com.impos2.mixcretailassemblyrn84/com.impos2.mixcretailassemblyrn84.SecondaryActivity}
04-20 06:19:14.586   590  1503 W InputManager-JNI: Input channel object 'a9ff243 com.impos2.mixcretailassemblyrn84/com.impos2.mixcretailassemblyrn84.SecondaryActivity (client)' was disposed without first being removed with the input manager!
04-20 06:19:14.586   590  3778 I ImeTracker: com.impos2.mixcretailassemblyrn84:4d979dce: onRequestHide at ORIGIN_SERVER reason HIDE_REMOVE_CLIENT fromUser false
04-20 06:19:14.586   590  3778 I ImeTracker: com.impos2.mixcretailassemblyrn84:4d979dce: onCancelled at PHASE_SERVER_SHOULD_HIDE
04-20 06:19:14.586   590  1503 I WindowManager: WIN DEATH: Window{5fada95 u0 com.impos2.mixcretailassemblyrn84/com.impos2.mixcretailassemblyrn84.SecondaryActivity}
04-20 06:19:14.587   590   605 W ProcessStats: Tracking association SourceState{e668274 com.google.android.googlequicksearchbox:search/10144 Service #22195} whose proc state 8 is better than process ProcessState{cc910ab com.google.android.webview:sandboxed_process0:org.chromium.content.app.SandboxedProcessService0:0/10144 pkg=com.google.android.googlequicksearchbox} proc state 15 (5 skipped)
--------- beginning of kernel
04-20 06:19:14.587 19666 19666 I binder  : undelivered transaction 45429387, process died.
04-20 06:19:14.587   590  1503 W InputManager-JNI: Input channel object '5fada95 com.impos2.mixcretailassemblyrn84/com.impos2.mixcretailassemblyrn84.SecondaryActivity (client)' was disposed without first being removed with the input manager!
04-20 06:19:14.587   389   389 I Zygote  : Process 19525 exited due to signal 9 (Killed)
04-20 06:19:14.588   590   605 I AppsFilter: interaction: PackageSetting{570bcfe com.impos2.adapter.dev/10230} -> PackageSetting{6f4d6f8 com.impos2.mixcretailassemblyrn84/10217} BLOCKED
04-20 06:19:14.588   590   605 I AppsFilter: interaction: PackageSetting{297ab0a com.impos2.mixcretailrn84v2/10231} -> PackageSetting{6f4d6f8 com.impos2.mixcretailassemblyrn84/10217} BLOCKED
04-20 06:19:14.588   590   605 I AppsFilter: interaction: PackageSetting{46d0f7b com.impos2.mixcretailrn84/10234} -> PackageSetting{6f4d6f8 com.impos2.mixcretailassemblyrn84/10217} BLOCKED
04-20 06:19:14.588   590   605 I AppsFilter: interaction: PackageSetting{1494198 com.impos2.posadapter/10229} -> PackageSetting{6f4d6f8 com.impos2.mixcretailassemblyrn84/10217} BLOCKED
04-20 06:19:14.588   590   745 D InetDiagMessage: Destroyed 0 sockets, proto=IPPROTO_TCP, family=AF_INET, states=14
04-20 06:19:14.588 14705 14705 E adbd    : failed to connect to socket 'tcp:18585': Connection refused
04-20 06:19:14.589   590   745 D InetDiagMessage: Destroyed 0 sockets, proto=IPPROTO_TCP, family=AF_INET6, states=14
04-20 06:19:14.589   590   745 D InetDiagMessage: Destroyed live tcp sockets for uids={10217} in 1ms
04-20 06:19:14.589   590   745 D InetDiagMessage: Destroyed 0 sockets, proto=IPPROTO_TCP, family=AF_INET, states=14
04-20 06:19:14.589   590   613 V WindowManager: Unknown focus tokens, dropping reportFocusChanged
04-20 06:19:14.589   590   775 I AppWidgetServiceImpl: Received broadcast: android.intent.action.PACKAGE_RESTARTED on user 0
04-20 06:19:14.589   590   775 I AppWidgetServiceImpl: Updating package stopped masked state for uid 10217 package com.impos2.mixcretailassemblyrn84 isStopped true
04-20 06:19:14.589   590  3325 V ActivityManager: Got obituary of 19525:com.impos2.mixcretailassemblyrn84:secondary
04-20 06:19:14.591   590   613 W ActivityManager: setHasOverlayUi called on unknown pid: 19525
04-20 06:19:14.591   590   679 W BestClock: java.time.DateTimeException: Missing network time fix
04-20 06:19:14.592   590   679 W BestClock: java.time.DateTimeException: Missing network time fix
04-20 06:19:14.592   590   745 D InetDiagMessage: Destroyed 0 sockets, proto=IPPROTO_TCP, family=AF_INET6, states=14
04-20 06:19:14.592   590   745 D InetDiagMessage: Destroyed live tcp sockets for uids={20217} in 3ms
04-20 06:19:14.592   590   679 W BestClock: java.time.DateTimeException: Missing network time fix
04-20 06:19:14.592   590   679 W BestClock: java.time.DateTimeException: Missing network time fix
04-20 06:19:14.592   590   679 W BestClock: java.time.DateTimeException: Missing network time fix
04-20 06:19:14.593   590   590 W BestClock: java.time.DateTimeException: Missing network time fix
04-20 06:19:14.593   590   590 W BestClock: java.time.DateTimeException: Missing network time fix
04-20 06:19:14.593   590   590 W BestClock: java.time.DateTimeException: Missing network time fix
04-20 06:19:14.593   590   590 W BestClock: java.time.DateTimeException: Missing network time fix
04-20 06:19:14.594   590   614 W ActivityTaskManager: Unable to send transaction to client proc com.impos2.mixcretailassemblyrn84:secondary: no app thread
04-20 06:19:14.597   388   472 I netd    : tetherGetStats() -> {[]} <0.16ms>
04-20 06:19:14.600   590   963 V ActivityManager: Got obituary of 19682:com.impos2.mixcretailassemblyrn84
04-20 06:19:14.600   590   966 I WindowManager: WIN DEATH: Window{2d5702c u0 com.impos2.mixcretailassemblyrn84/com.impos2.mixcretailassemblyrn84.MainActivity}
04-20 06:19:14.600   590   966 W InputManager-JNI: Input channel object '2d5702c com.impos2.mixcretailassemblyrn84/com.impos2.mixcretailassemblyrn84.MainActivity (client)' was disposed without first being removed with the input manager!
04-20 06:19:14.601   590   613 W ActivityManager: setHasOverlayUi called on unknown pid: 19682
04-20 06:19:14.602   389   389 I Zygote  : Process 19682 exited due to signal 9 (Killed)
04-20 06:19:14.603  1099  1099 I TopTaskTracker: onTaskMovedToFront: (moved taskInfo to front) taskId=672, baseIntent=Intent { act=android.intent.action.MAIN cat=[android.intent.category.SECONDARY_HOME] flg=0x10000100 pkg=com.google.android.apps.nexuslauncher cmp=com.google.android.apps.nexuslauncher/com.android.launcher3.secondarydisplay.SecondaryDisplayLauncher }
04-20 06:19:14.603  1099  1099 I TopTaskTracker: onTaskMovedToFront: (removing top task on home display) taskId=898, baseIntent=Intent { act=android.intent.action.MAIN cat=[android.intent.category.LAUNCHER] flg=0x10200000 cmp=com.impos2.mixcretailassemblyrn84/.MainActivity }
04-20 06:19:14.603   590   605 I AppWidgetServiceImpl: startListening() 0
04-20 06:19:14.604   590   614 E WindowManager: Update wallpaper offsets before the system is ready. Aborting
04-20 06:19:14.604  1099  1099 D StatsLog: LAUNCHER_ONRESUME
04-20 06:19:14.605   590   613 V WindowManager: Unknown focus tokens, dropping reportFocusChanged
04-20 06:19:14.605   590   627 I libprocessgroup: Removed cgroup /sys/fs/cgroup/uid_10217/pid_19525
04-20 06:19:14.606   590   627 I libprocessgroup: Removed cgroup /sys/fs/cgroup/uid_10217/pid_19682
04-20 06:19:14.606   590  1420 W AppSearchIcing: icing-search-engine.cc:321: Error: 5, Message: Document (com.google.android.googlequicksearchbox$OneSearchZeroStateGoogleSuggestions/default, zp) not found.
04-20 06:19:14.606   836   874 D WindowManagerShell: setLauncherKeepClearAreaHeight: visible=true, height=223
04-20 06:19:14.607  1099  1562 D OneSearchSuggestProvider: AppSearch 0-state cache not available, fallback to AGA
04-20 06:19:14.607  1099  1562 D OneSearchSuggestProvider: java.util.concurrent.CompletionException: java.util.NoSuchElementException: No value present
04-20 06:19:14.607  1099  1562 D OneSearchSuggestProvider: 	at java.util.concurrent.CompletableFuture.encodeThrowable(CompletableFuture.java:308)
04-20 06:19:14.607  1099  1562 D OneSearchSuggestProvider: 	at java.util.concurrent.CompletableFuture.completeThrowable(CompletableFuture.java:323)
04-20 06:19:14.607  1099  1562 D OneSearchSuggestProvider: 	at java.util.concurrent.CompletableFuture$UniAccept.tryFire(CompletableFuture.java:684)
04-20 06:19:14.607  1099  1562 D OneSearchSuggestProvider: 	at java.util.concurrent.CompletableFuture.postComplete(CompletableFuture.java:486)
04-20 06:19:14.607  1099  1562 D OneSearchSuggestProvider: 	at java.util.concurrent.CompletableFuture.completeExceptionally(CompletableFuture.java:2138)
04-20 06:19:14.607  1099  1562 D OneSearchSuggestProvider: 	at com.google.android.apps.nexuslauncher.allapps.E0.onResult(go/retraceme 6422cbaa18704413bfb3e93ebb8478614d3644845132061bc54b1fae066de31d:67)
04-20 06:19:14.607  1099  1562 D OneSearchSuggestProvider: 	at android.app.appsearch.SearchSessionUtil$1.lambda$onResult$0(go/retraceme 64eee9e9f568ff45978879ad2ff83146f2618ee8a88278736fbdf5fae931976e:144)
04-20 06:19:14.607  1099  1562 D OneSearchSuggestProvider: 	at android.app.appsearch.SearchSessionUtil$1.$r8$lambda$CEk3q8sDAQVhU3rQwVueB8FAj_M(go/retraceme 64eee9e9f568ff45978879ad2ff83146f2618ee8a88278736fbdf5fae931976e:1)
04-20 06:19:14.607  1099  1562 D OneSearchSuggestProvider: 	at android.app.appsearch.SearchSessionUtil$1$$ExternalSyntheticLambda0.run(go/retraceme 64eee9e9f568ff45978879ad2ff83146f2618ee8a88278736fbdf5fae931976e:22)
04-20 06:19:14.607  1099  1562 D OneSearchSuggestProvider: 	at android.os.Handler.handleCallback(Handler.java:959)
04-20 06:19:14.607  1099  1562 D OneSearchSuggestProvider: 	at android.os.Handler.dispatchMessage(Handler.java:100)
04-20 06:19:14.607  1099  1562 D OneSearchSuggestProvider: 	at android.os.Looper.loopOnce(Looper.java:232)
04-20 06:19:14.607  1099  1562 D OneSearchSuggestProvider: 	at android.os.Looper.loop(Looper.java:317)
04-20 06:19:14.607  1099  1562 D OneSearchSuggestProvider: 	at android.os.HandlerThread.run(HandlerThread.java:85)
04-20 06:19:14.607  1099  1562 D OneSearchSuggestProvider: Caused by: java.util.NoSuchElementException: No value present
04-20 06:19:14.607  1099  1562 D OneSearchSuggestProvider: 	at java.util.Optional.get(Optional.java:143)
04-20 06:19:14.607  1099  1562 D OneSearchSuggestProvider: 	at com.google.android.apps.nexuslauncher.allapps.E0.onResult(go/retraceme 6422cbaa18704413bfb3e93ebb8478614d3644845132061bc54b1fae066de31d:28)
04-20 06:19:14.607  1099  1562 D OneSearchSuggestProvider: 	... 8 more
04-20 06:19:14.607  1099  1138 D QuickstepModelDelegate: notifyAppTargetEvent action=1 launchLocation=workspace/0/[-1,-1]/[1,1]
04-20 06:19:14.607  1389  1552 I AiAiEcho: Predicting[0]:  [CONTEXT sampling_count=5 ]
04-20 06:19:14.607  1389  1552 I AiAiEcho: EchoTargets: 
04-20 06:19:14.607  1389  1552 I AiAiEcho: Filtered by AiAi flag check: 
04-20 06:19:14.607  1389  1552 I AiAiEcho: [CONTEXT ratelimit_period="10 SECONDS" ]
04-20 06:19:14.607  1389  1552 I AiAiEcho: Ranked targets strategy: SORT, count: 0, ranking metadata:  [CONTEXT ratelimit_period="10 SECONDS" ]
04-20 06:19:14.607  1389  1552 I AiAiEcho: #remoteViewsTwiddler: feature disabled.
04-20 06:19:14.608  1099  1562 D OneSearchSuggestProvider: Created the binder channel successfully for end point service =com.google.android.apps.search.googleapp.search.suggest.plugins.onesearch.server.OneSearchSuggestService , mChannel=i1{delegate=f{logId=467, target=directaddress:///AndroidComponentAddress%5BIntent%20%7B%20act=grpc.io.action.BIND%20cmp=com.google.android.googlequicksearchbox/com.google.android.apps.search.googleapp.search.suggest.plugins.onesearch.server.OneSearchSuggestService%20%7D%5D}} , mOneSearchConnection=m2.Z@240d48e
04-20 06:19:14.609  1099  1099 D NexusLauncherModelDelegate: notifySmartspaceEvent: SmartspaceTargetEvent{mSmartspaceTarget=null, mSmartspaceActionId='null', mEventType=6}
04-20 06:19:14.609   439   439 I BpBinder: onLastStrongRef automatically unlinking death recipients: 
04-20 06:19:14.611   590   672 D ActivityManager: sync unfroze 21035 com.google.android.googlequicksearchbox:search for 6
04-20 06:19:14.613  1099  1099 D BaseDepthController: setSurface:
04-20 06:19:14.613  1099  1099 D BaseDepthController: 	mWaitingOnSurfaceValidity: false
04-20 06:19:14.613  1099  1099 D BaseDepthController: 	mSurface: Surface(name=com.google.android.apps.nexuslauncher/com.google.android.apps.nexuslauncher.NexusLauncherActivity)/@0xad0fc95
04-20 06:19:14.615   590   672 D ActivityManager: sync unfroze 21183 com.google.android.webview:sandboxed_process0:org.chromium.content.app.SandboxedProcessService0:0 for 6
04-20 06:19:14.620  1389  1552 I AiAiEcho: #postPredictionTargets: Sending updates to UISurface home with targets# 0 (types=[])
04-20 06:19:14.622 21035 21035 I A       : (REDACTED) Created gRPC endpoint for service %s
04-20 06:19:14.624   836   917 V WindowManagerShell: onTransitionReady(transaction=2534030747873)
04-20 06:19:14.624   836   874 V WindowManagerShell: onTransitionReady (#613) android.os.BinderProxy@9aa7157: {id=613 t=CLOSE f=0x0 trk=0 r=[2@Point(0, 0),0@Point(0, 0)] c=[{WCT{android.window.IWindowContainerToken$Stub$Proxy@13310e5} m=TO_FRONT f=SHOW_WALLPAPER|MOVE_TO_TOP leash=Surface(name=Task=671)/@0xa00e92d sb=Rect(0, 0 - 2560, 1600) eb=Rect(0, 0 - 2560, 1600) d=2 taskParent=-1},{WCT{android.window.IWindowContainerToken$Stub$Proxy@80227ba} m=CLOSE f=NONE leash=Surface(name=Task=900)/@0xf3d2e62 sb=Rect(0, 0 - 2560, 1600) eb=Rect(0, 0 - 2560, 1600) d=2 taskParent=-1},{null m=TO_FRONT f=IS_WALLPAPER leash=Surface(name=WallpaperWindowToken{c5135e7 token=android.os.Binder@aebf7a6})/@0x2facbf3 sb=Rect(0, 0 - 2560, 1600) eb=Rect(0, 0 - 2560, 1600) d=2},{WCT{android.window.IWindowContainerToken$Stub$Proxy@4e1c66b} m=CLOSE f=NONE leash=Surface(name=Task=898)/@0xfdf10b0 sb=Rect(0, 0 - 2560, 1600) eb=Rect(0, 0 - 2560, 1600) d=0 taskParent=-1},{WCT{android.window.IWindowContainerToken$Stub$Proxy@5845c8} m=TO_FRONT f=SHOW_WALLPAPER leash=Surface(name=Task=1)/@0x12feb29 sb=Rect(0, 0 - 2560, 1600) eb=Rect(0, 0 - 2560, 1600) d=0 taskParent=-1},{null m=TO_FRONT f=IS_WALLPAPER leash=Surface(name=WallpaperWindowToken{55198b token=android.os.Binder@bf0535a})/@0x5c3ceae sb=Rect(0, 0 - 2560, 1600) eb=Rect(0, 0 - 2560, 1600) d=0}]}
04-20 06:19:14.625   836   874 V WindowManagerShell: Playing animation for (#613) android.os.BinderProxy@9aa7157@0
04-20 06:19:14.625   836   874 V WindowManagerShell:  try handler com.android.wm.shell.transition.DefaultMixedHandler@a4b4bb1
04-20 06:19:14.627  1099  1099 D SsBaseTemplateCard: No text view can be set up
04-20 06:19:14.625   836   874 V WindowManagerShell:  try handler com.android.wm.shell.keyguard.KeyguardTransitionHandler@f055896
04-20 06:19:14.628   836   874 V WindowManagerShell:  try handler com.android.wm.shell.pip.PipTransition@489c17
04-20 06:19:14.628   836   874 V WindowManagerShell:  try handler com.android.wm.shell.activityembedding.ActivityEmbeddingController@f43a804
04-20 06:19:14.628   836   874 V WindowManagerShell:  try handler com.android.wm.shell.splitscreen.StageCoordinator@417f1ed
04-20 06:19:14.628   836   874 V WindowManagerShell:  try handler com.android.wm.shell.desktopmode.DesktopTasksController@4366822
04-20 06:19:14.628   836   874 V WindowManagerShell:  try handler com.android.wm.shell.recents.RecentsTransitionHandler@b30e2b3
04-20 06:19:14.628  1099  1099 D SsBaseTemplateCard: Passed-in item info is null
04-20 06:19:14.628  1099  1099 D SsBaseTemplateCard: Passed-in item info is null
04-20 06:19:14.628  1099  1099 D SsBaseTemplateCard: Passed-in item info is null
04-20 06:19:14.628  1099  1099 I SsBaseTemplateCard: Secondary card pane is null
04-20 06:19:14.628   836   874 V ShellRecents: RecentsTransitionHandler.startAnimation: no controller found
04-20 06:19:14.628   836   874 V WindowManagerShell:  try handler com.android.wm.shell.transition.RemoteTransitionHandler@2554070
04-20 06:19:14.628   836   874 V WindowManagerShell: Transition doesn't have explicit remote, search filters for match for {id=613 t=CLOSE f=0x0 trk=0 r=[2@Point(0, 0),0@Point(0, 0)] c=[{WCT{android.window.IWindowContainerToken$Stub$Proxy@13310e5} m=TO_FRONT f=SHOW_WALLPAPER|MOVE_TO_TOP leash=Surface(name=Task=671)/@0xa00e92d sb=Rect(0, 0 - 2560, 1600) eb=Rect(0, 0 - 2560, 1600) d=2 taskParent=-1},{WCT{android.window.IWindowContainerToken$Stub$Proxy@80227ba} m=CLOSE f=NONE leash=Surface(name=Task=900)/@0xf3d2e62 sb=Rect(0, 0 - 2560, 1600) eb=Rect(0, 0 - 2560, 1600) d=2 taskParent=-1},{null m=TO_FRONT f=IS_WALLPAPER leash=Surface(name=WallpaperWindowToken{c5135e7 token=android.os.Binder@aebf7a6})/@0x2facbf3 sb=Rect(0, 0 - 2560, 1600) eb=Rect(0, 0 - 2560, 1600) d=2},{WCT{android.window.IWindowContainerToken$Stub$Proxy@4e1c66b} m=CLOSE f=NONE leash=Surface(name=Task=898)/@0xfdf10b0 sb=Rect(0, 0 - 2560, 1600) eb=Rect(0, 0 - 2560, 1600) d=0 taskParent=-1},{WCT{android.window.IWindowContainerToken$Stub$Proxy@5845c8} m=TO_FRONT f=SHOW_WALLPAPER leash=Surface(name=Task=1)/@0x12feb29 sb=Rect(0, 0 - 2560, 1600) eb=Rect(0, 0 - 2560, 1600) d=0 taskParent=-1},{null m=TO_FRONT f=IS_WALLPAPER leash=Surface(name=WallpaperWindowToken{55198b token=android.os.Binder@bf0535a})/@0x5c3ceae sb=Rect(0, 0 - 2560, 1600) eb=Rect(0, 0 - 2560, 1600) d=0}]}
04-20 06:19:14.628   836   874 V WindowManagerShell:  Checking filter Pair{{types=[] flags=0x0] notFlags=0x0 checks=[{atype=undefined independent=true modes=[OPEN,TO_FRONT] flags=IN_TASK_WITH_EMBEDDED_ACTIVITY mustBeTask=false order=ANY topActivity=ComponentInfo{com.google.android.apps.nexuslauncher/com.google.android.apps.nexuslauncher.NexusLauncherActivity} launchCookie=null},{atype=undefined independent=true modes=[CLOSE,TO_BACK] flags=IN_TASK_WITH_EMBEDDED_ACTIVITY mustBeTask=false order=ANY topActivity=null launchCookie=null}]} RemoteTransition { remoteTransition = android.window.IRemoteTransition$Stub$Proxy@e8ebfe9, appThread = android.app.IApplicationThread$Stub$Proxy@876e46e, debugName = OverlaySwipeBack }}
04-20 06:19:14.630   836   874 V WindowManagerShell:  Checking filter Pair{{types=[] flags=0x0] notFlags=0x0 checks=[{atype=dream independent=true modes=[OPEN,TO_FRONT] flags=NONE mustBeTask=false order=ANY topActivity=null launchCookie=null},{atype=home independent=true modes=[CLOSE,TO_BACK] flags=NONE mustBeTask=false order=ANY topActivity=null launchCookie=null}]} RemoteTransition { remoteTransition = android.window.IRemoteTransition$Stub$Proxy@f4cf70f, appThread = android.app.IApplicationThread$Stub$Proxy@ba5f39c, debugName = LauncherToDream }}
04-20 06:19:14.630   836   874 V WindowManagerShell:  Checking filter Pair{{types=[] flags=0x0] notFlags=0x100 checks=[{atype=home independent=true modes=[OPEN,TO_FRONT] flags=NONE mustBeTask=false order=TOP topActivity=ComponentInfo{com.google.android.apps.nexuslauncher/com.google.android.apps.nexuslauncher.NexusLauncherActivity} launchCookie=null},{atype=standard independent=true modes=[CLOSE,TO_BACK] flags=NONE mustBeTask=false order=ANY topActivity=null launchCookie=null}]} RemoteTransition { remoteTransition = android.window.IRemoteTransition$Stub$Proxy@c8a71a5, appThread = android.app.IApplicationThread$Stub$Proxy@30d97a, debugName = QuickstepLaunchHome }}
04-20 06:19:14.630   836   874 V WindowManagerShell:  Delegate animation for (#613) to null
04-20 06:19:14.630   836   874 V WindowManagerShell:  try handler com.android.wm.shell.transition.DefaultTransitionHandler@56bf52b
04-20 06:19:14.631   836   874 V WindowManagerShell: start default transition animation, info = {id=613 t=CLOSE f=0x0 trk=0 r=[2@Point(0, 0),0@Point(0, 0)] c=[{WCT{android.window.IWindowContainerToken$Stub$Proxy@13310e5} m=TO_FRONT f=SHOW_WALLPAPER|MOVE_TO_TOP leash=Surface(name=Task=671)/@0xa00e92d sb=Rect(0, 0 - 2560, 1600) eb=Rect(0, 0 - 2560, 1600) d=2 taskParent=-1},{WCT{android.window.IWindowContainerToken$Stub$Proxy@80227ba} m=CLOSE f=NONE leash=Surface(name=Task=900)/@0xf3d2e62 sb=Rect(0, 0 - 2560, 1600) eb=Rect(0, 0 - 2560, 1600) d=2 taskParent=-1},{null m=TO_FRONT f=IS_WALLPAPER leash=Surface(name=WallpaperWindowToken{c5135e7 token=android.os.Binder@aebf7a6})/@0x2facbf3 sb=Rect(0, 0 - 2560, 1600) eb=Rect(0, 0 - 2560, 1600) d=2},{WCT{android.window.IWindowContainerToken$Stub$Proxy@4e1c66b} m=CLOSE f=NONE leash=Surface(name=Task=898)/@0xfdf10b0 sb=Rect(0, 0 - 2560, 1600) eb=Rect(0, 0 - 2560, 1600) d=0 taskParent=-1},{WCT{android.window.IWindowContainerToken$Stub$Proxy@5845c8} m=TO_FRONT f=SHOW_WALLPAPER leash=Surface(name=Task=1)/@0x12feb29 sb=Rect(0, 0 - 2560, 1600) eb=Rect(0, 0 - 2560, 1600) d=0 taskParent=-1},{null m=TO_FRONT f=IS_WALLPAPER leash=Surface(name=WallpaperWindowToken{55198b token=android.os.Binder@bf0535a})/@0x5c3ceae sb=Rect(0, 0 - 2560, 1600) eb=Rect(0, 0 - 2560, 1600) d=0}]}
04-20 06:19:14.631   836   874 V WindowManagerShell: loadAnimation: anim=android.view.animation.AnimationSet@a9b0586 animAttr=0x10 type=CLOSE isEntrance=true
04-20 06:19:14.631   836   874 V WindowManagerShell: loadAnimation: anim=android.view.animation.AnimationSet@11b779d animAttr=0x11 type=CLOSE isEntrance=false
04-20 06:19:14.631   836   874 V WindowManagerShell: loadAnimation: anim=android.view.animation.AnimationSet@791f412 animAttr=0x11 type=CLOSE isEntrance=false
04-20 06:19:14.631   836   874 V WindowManagerShell: loadAnimation: anim=android.view.animation.AnimationSet@96e97e3 animAttr=0x10 type=CLOSE isEntrance=true
04-20 06:19:14.632   836   874 V WindowManagerShell:  animated by com.android.wm.shell.transition.DefaultTransitionHandler@56bf52b
04-20 06:19:14.636   590   610 V WindowManager: Sent Transition (#613) createdAt=04-20 06:19:14.578 via request=TransitionRequestInfo { type = CLOSE, triggerTask = TaskInfo{userId=0 taskId=900 displayId=2 isRunning=false baseIntent=Intent { flg=0x18000000 cmp=com.impos2.mixcretailassemblyrn84/.SecondaryActivity } baseActivity=null topActivity=null origActivity=null realActivity=ComponentInfo{com.impos2.mixcretailassemblyrn84/com.impos2.mixcretailassemblyrn84.SecondaryActivity} numActivities=0 lastActiveTime=278398442 supportsMultiWindow=true resizeMode=1 isResizeable=true minWidth=-1 minHeight=-1 defaultMinSize=220 token=WCT{RemoteToken{f0d28ec Task{695fcaf #900 type=standard A=10217:com.impos2.mixcretailassemblyrn84}}} topActivityType=1 pictureInPictureParams=null shouldDockBigOverlays=false launchIntoPipHostTaskId=-1 lastParentTaskIdBeforePip=-1 displayCutoutSafeInsets=null topActivityInfo=null launchCookies=[] positionInParent=Point(0, 0) parentTaskId=-1 isFocused=true isVisible=true isVisibleRequested=true isSleeping=false locusId=null displayAreaFeatureId=1 isTopActivityTransparent=false appCompatTaskInfo=AppCompatTaskInfo { topActivityInSizeCompat=false topActivityEligibleForLetterboxEducation= falseisLetterboxEducationEnabled= false isLetterboxDoubleTapEnabled= false topActivityEligibleForUserAspectRatioButton= false topActivityBoundsLetterboxed= false isFromLetterboxDoubleTap= false topActivityLetterboxVerticalPosition= -1 topActivityLetterboxHorizontalPosition= -1 topActivityLetterboxWidth=-1 topActivityLetterboxHeight=-1 isUserFullscreenOverrideEnabled=false isSystemFullscreenOverrideEnabled=false cameraCompatTaskInfo=CameraCompatTaskInfo { cameraCompatControlState=hidden freeformCameraCompatMode=inactive}}}, pipTask = null, remoteTransition = null, displayChange = null, flags = 0, debugId = 613 }
04-20 06:19:14.636   590   610 V WindowManager:     startWCT=WindowContainerTransaction { changes = {} hops = [] errorCallbackToken=null taskFragmentOrganizer=null }
04-20 06:19:14.636   590   610 V WindowManager:     info={id=613 t=CLOSE f=0x0 trk=0 r=[2@Point(0, 0),0@Point(0, 0)] c=[
04-20 06:19:14.636   590   610 V WindowManager:         {WCT{RemoteToken{473bc8f Task{c2f742b #671 type=home}}} m=TO_FRONT f=SHOW_WALLPAPER|MOVE_TO_TOP leash=Surface(name=Task=671)/@0x5554f84 sb=Rect(0, 0 - 2560, 1600) eb=Rect(0, 0 - 2560, 1600) d=2 taskParent=-1},
04-20 06:19:14.636   590   610 V WindowManager:         {WCT{RemoteToken{f0d28ec Task{695fcaf #900 type=standard A=10217:com.impos2.mixcretailassemblyrn84}}} m=CLOSE f=NONE leash=Surface(name=Task=900)/@0xabaa53e sb=Rect(0, 0 - 2560, 1600) eb=Rect(0, 0 - 2560, 1600) d=2 taskParent=-1},
04-20 06:19:14.636   590   610 V WindowManager:         {null m=TO_FRONT f=IS_WALLPAPER leash=Surface(name=WallpaperWindowToken{c5135e7 token=android.os.Binder@aebf7a6})/@0x479d416 sb=Rect(0, 0 - 2560, 1600) eb=Rect(0, 0 - 2560, 1600) d=2},
04-20 06:19:14.636   590   610 V WindowManager:         {WCT{RemoteToken{74dc1a6 Task{c20201b #898 type=standard A=10217:com.impos2.mixcretailassemblyrn84}}} m=CLOSE f=NONE leash=Surface(name=Task=898)/@0x8d85ce8 sb=Rect(0, 0 - 2560, 1600) eb=Rect(0, 0 - 2560, 1600) d=0 taskParent=-1},
04-20 06:19:14.636   590   610 V WindowManager:         {WCT{RemoteToken{eecd609 Task{403a6f7 #1 type=home}}} m=TO_FRONT f=SHOW_WALLPAPER leash=Surface(name=Task=1)/@0x27bc150 sb=Rect(0, 0 - 2560, 1600) eb=Rect(0, 0 - 2560, 1600) d=0 taskParent=-1},
04-20 06:19:14.636   590   610 V WindowManager:         {null m=TO_FRONT f=IS_WALLPAPER leash=Surface(name=WallpaperWindowToken{55198b token=android.os.Binder@bf0535a})/@0x6a378e3 sb=Rect(0, 0 - 2560, 1600) eb=Rect(0, 0 - 2560, 1600) d=0}
04-20 06:19:14.636   590   610 V WindowManager:     ]}
04-20 06:19:14.640   590   663 W UserManagerService: Requested status bar icon for non-badged user 0
04-20 06:19:14.646  1099  1490 D EGL_emulation: app_time_stats: avg=18107.93ms min=14.38ms max=144750.64ms count=8
04-20 06:19:14.646   590   708 I ImeTracker: com.google.android.apps.nexuslauncher:dd779d51: onRequestHide at ORIGIN_SERVER reason HIDE_UNSPECIFIED_WINDOW fromUser false
04-20 06:19:14.646   590   708 I ImeTracker: com.google.android.apps.nexuslauncher:dd779d51: onCancelled at PHASE_SERVER_SHOULD_HIDE
04-20 06:19:14.646 20885 20885 I GoogleInputMethodService: GoogleInputMethodService.onDestroy():1509 
04-20 06:19:14.647 20885 20885 I GoogleInputMethodService: GoogleInputMethodService.onFinishInput():3157 
04-20 06:19:14.647   590   708 W InputManager-JNI: Input channel object 'c459a9e InputMethod (client)' was disposed without first being removed with the input manager!
04-20 06:19:14.647 20885 20885 I GoogleInputMethodService: GoogleInputMethodService.updateDeviceLockedStatus():2248 repeatCheckTimes = 0, locked = false
04-20 06:19:14.649   590   672 W WindowManager: Failed looking up window session=Session{11d9fff 20885:u0a10158} callers=com.android.server.wm.WindowManagerService.removeClientToken:2058 com.android.server.wm.Session.remove:274 android.view.IWindowSession$Stub.onTransact:685 
04-20 06:19:14.649 20885 20885 I GoogleInputMethodService: GoogleInputMethodService.clearInputMethodServiceData():1613 clearInputMethodServiceData for onDestroy
04-20 06:19:14.650 20885 20885 I GoogleInputMethodService: GoogleInputMethodService.discardAllKeyboardViewAndInputView():1818 discardAllKeyboardViewAndInputView()
04-20 06:19:14.650 20885 20885 I KeyboardModeManager: KeyboardModeManager.setInputViewKeyboardViewHolderProvider():625 setInputView() : supportsOneHandedMode=false supportsSplitMode=true
04-20 06:19:14.650 20885 20885 I NormalModeController: NormalModeController.getKeyboardBodyViewHolderPaddingBottom():104 currentPrimeKeyboardType:SOFT systemPaddingBottom:-1
04-20 06:19:14.650 20885 20885 I KeyboardModeManager: KeyboardModeManager.setInputViewKeyboardViewHolderProvider():613 setInputView() : supportsOneHandedMode=false, supportSplitMode=true
04-20 06:19:14.650 20885 20885 I InputMethodEntryManager: InputMethodEntryManager.notifyCurrentInputMethodEntryOnContextChanged():521 notifyCurrentInputMethodEntryOnContextChanged()
04-20 06:19:14.650 20885 20885 I InputMethodEntryManager: InputMethodEntryManager.notifyCurrentInputMethodEntryOnContextChanged():542 Notify current input method entry changed on context change
04-20 06:19:14.650 20885 20885 I SystemSubtypesReportModule: SystemSubtypesReportModule$3.onCurrentInputMethodEntryChanged():136 entry: en-US, source: UNSPECIFIED
04-20 06:19:14.650 20885 20885 I KeyboardThemeProvider: KeyboardThemeProvider.reset():40 Reset keyboard theme
04-20 06:19:14.650 20885 20885 I KeyboardContextProvider: KeyboardContextProvider.setBaseContextAndInvalidKeyboardContextCache():88 setBaseContextAndInvalidKeyboardContextCache(): null
04-20 06:19:14.651 20885 20885 I DeviceModeMonitor: DeviceModeMonitor.calculateDeviceMode():76 Get device mode tablet_large by screen size and smallestScreenWidthDp: 723
04-20 06:19:14.651 20885 20885 I HardKeyTracker: HardKeyTracker.unregisterKeySequence():183 Unregister key sequence lnk{labelResId=2132019809, callback=jjt@ee42474, lastModifier=2, keyCodes=[47], actions=[0]}
04-20 06:19:14.651 20885 20885 I HardKeyTracker: HardKeyTracker.unregisterKeySequence():183 Unregister key sequence lnk{labelResId=0, callback=jwl@45913e0, lastModifier=0, keyCodes=[204], actions=[0]}
04-20 06:19:14.651 20885 20885 W AccessPointsManager: AccessPointsManager.removeAccessPoint():834 The holder controller #0x7f0b2078 is not registered
04-20 06:19:14.651 20885 20885 I AccessPointsListHolderController: AccessPointsListHolderController.removeAccessPoint():304 The access point textediting is not added
04-20 06:19:14.651 20885 20885 I AccessPointsListHolderController: AccessPointsListHolderController.removeAccessPoint():304 The access point settings is not added
04-20 06:19:14.651 20885 20885 I AccessPointsListHolderController: AccessPointsListHolderController.removeAccessPoint():304 The access point theme_setting is not added
04-20 06:19:14.651   388 19817 I resolv  : GetAddrInfoHandler::run: {0 262144 0 983040 10144 0}
04-20 06:19:14.652 20885 20885 I OnDevicePackDownloadModule: OnDevicePackDownloadModule.onDestroy():95 onDestroy()
04-20 06:19:14.652 20885 20885 I NewS3RecognizerModule: NewS3RecognizerModule.onDestroy():21 onDestroy [news3]
04-20 06:19:14.652   388 19820 I resolv  : GetAddrInfoHandler::run: {0 262144 0 983040 10144 0}
04-20 06:19:14.652 20885 20885 I HardKeyTracker: HardKeyTracker.unregisterKeySequence():183 Unregister key sequence lnk{labelResId=2132019800, callback=gnd@1f4d631, lastModifier=0, keyCodes=[57, 57], actions=[1, 0]}
04-20 06:19:14.653 20885 20885 I HardKeyTracker: HardKeyTracker.unregisterKeySequence():183 Unregister key sequence lnk{labelResId=0, callback=gnd@c589484, lastModifier=0, keyCodes=[58, 58], actions=[1, 0]}
04-20 06:19:14.653 20885 20885 I AbstractOpenableExtension: AbstractOpenableExtension.maybeDestroyExistingKeyboardGroupManager():538 Destroy existing keyboard group manager in fvq
04-20 06:19:14.653 21035 21080 W A       : CompleteServer request has failed and can't show offline suggestions.
04-20 06:19:14.653 21035 21080 W A       : com.google.frameworks.client.data.android.ac: Http networking stack error
04-20 06:19:14.653 21035 21080 W A       : 	at com.google.frameworks.client.data.android.x.run(PG:36)
04-20 06:19:14.653 21035 21080 W A       : 	at com.google.android.libraries.k.x.run(PG:3)
04-20 06:19:14.653 21035 21080 W A       : 	at com.google.common.n.c.c.run(PG:50)
04-20 06:19:14.653 21035 21080 W A       : 	at com.google.android.libraries.k.e.run(PG:8)
04-20 06:19:14.653 21035 21080 W A       : 	at java.lang.Thread.run(Thread.java:1012)
04-20 06:19:14.653 21035 21080 W A       : 	at com.google.android.libraries.k.d.b.run(PG:74)
04-20 06:19:14.653 21035 21080 W A       : Caused by: org.chromium.net.impl.ct: Exception in CronetUrlRequest: net::ERR_INTERNET_DISCONNECTED, ErrorCode=2, InternalErrorCode=-106, Retryable=false
04-20 06:19:14.653 21035 21080 W A       : 	at org.chromium.net.impl.CronetUrlRequest.onError(PG:80)
04-20 06:19:14.653 21035 21080 W A       : #getSuggestions failed
04-20 06:19:14.653 21035 21080 W A       : com.google.frameworks.client.data.android.ac: Http networking stack error
04-20 06:19:14.653 21035 21080 W A       : 	at com.google.frameworks.client.data.android.x.run(PG:36)
04-20 06:19:14.653 21035 21080 W A       : 	at com.google.android.libraries.k.x.run(PG:3)
04-20 06:19:14.653 21035 21080 W A       : 	at com.google.common.n.c.c.run(PG:50)
04-20 06:19:14.653 21035 21080 W A       : 	at com.google.android.libraries.k.e.run(PG:8)
04-20 06:19:14.653 21035 21080 W A       : 	at java.lang.Thread.run(Thread.java:1012)
04-20 06:19:14.653 21035 21080 W A       : 	at com.google.android.libraries.k.d.b.run(PG:74)
04-20 06:19:14.653 21035 21080 W A       : Caused by: org.chromium.net.impl.ct: Exception in CronetUrlRequest: net::ERR_INTERNET_DISCONNECTED, ErrorCode=2, InternalErrorCode=-106, Retryable=false
04-20 06:19:14.653 21035 21080 W A       : 	at org.chromium.net.impl.CronetUrlRequest.onError(PG:80)
04-20 06:19:14.654 20885 20885 I EmojifyExtensionImpl: EmojifyExtensionImpl.onDestroy():605 Destroying Emojify extension ehb@63a646.
04-20 06:19:14.654 20885 20885 I AbstractOpenableExtension: AbstractOpenableExtension.maybeDestroyExistingKeyboardGroupManager():538 Destroy existing keyboard group manager in fxu
04-20 06:19:14.654 20885 19816 I JapaneseMozcExtension: JapaneseMozcExtension.onDestroyServiceInternal():81 onDestroyServiceInternal()
04-20 06:19:14.655 20885 20885 D WindowTokenClient: Only apply configuration update to Resources because shouldReportConfigChange is false. context=com.android.inputmethod.latin.LatinIME@dd8fa4e, config={1.3 ?mcc0mnc [en_US] ldltr sw723dp w1157dp h723dp 354dpi xlrg land finger qwerty/v/v dpad/v winConfig={ mBounds=Rect(0, 0 - 2560, 1600) mAppBounds=Rect(0, 0 - 2560, 1600) mMaxBounds=Rect(0, 0 - 2560, 1600) mDisplayRotation=ROTATION_0 mWindowingMode=fullscreen mActivityType=undefined mAlwaysOnTop=undefined mRotation=ROTATION_0} s.8 fontWeightAdjustment=0}, display ID=0
04-20 06:19:14.655 20885 20885 D WindowTokenClient: android.window.WindowTokenClient.onConfigurationChanged:161 android.window.WindowTokenClientController.onWindowContextTokenAttached:197 android.window.WindowTokenClientController.attachToDisplayArea:116 android.window.WindowContextController.attachToDisplayArea:108 android.window.WindowProviderService.attachBaseContext:218 
04-20 06:19:14.655 20885 20885 I GoogleInputMethodService: GoogleInputMethodService.onCreate():1025 
04-20 06:19:14.655 20885 20908 I SP      : Registering emoticon_content_description.2022081613, url: https://www.gstatic.com/android/keyboard/emoticon_content_desc/202208161305/superpacks_manifest.json, constraints: W:*:*:*, flags: bg, requested: 2022081613, current: -1
04-20 06:19:14.655  1099 19813 E OneSearchSuggestProvider: Unable to get suggestions from AGA
04-20 06:19:14.655  1099 19813 E OneSearchSuggestProvider: io.grpc.StatusRuntimeException: UNKNOWN
04-20 06:19:14.655  1099 19813 E OneSearchSuggestProvider: 	at l3.e.a(go/retraceme 6422cbaa18704413bfb3e93ebb8478614d3644845132061bc54b1fae066de31d:77)
04-20 06:19:14.655  1099 19813 E OneSearchSuggestProvider: 	at j3.l.b(go/retraceme 6422cbaa18704413bfb3e93ebb8478614d3644845132061bc54b1fae066de31d:43)
04-20 06:19:14.655  1099 19813 E OneSearchSuggestProvider: 	at j3.l.a(go/retraceme 6422cbaa18704413bfb3e93ebb8478614d3644845132061bc54b1fae066de31d:27)
04-20 06:19:14.655  1099 19813 E OneSearchSuggestProvider: 	at j3.z.run(go/retraceme 6422cbaa18704413bfb3e93ebb8478614d3644845132061bc54b1fae066de31d:7)
04-20 06:19:14.655  1099 19813 E OneSearchSuggestProvider: 	at j3.m2.run(go/retraceme 6422cbaa18704413bfb3e93ebb8478614d3644845132061bc54b1fae066de31d:19)
04-20 06:19:14.655  1099 19813 E OneSearchSuggestProvider: 	at java.util.concurrent.ThreadPoolExecutor.runWorker(ThreadPoolExecutor.java:1145)
04-20 06:19:14.655  1099 19813 E OneSearchSuggestProvider: 	at java.util.concurrent.ThreadPoolExecutor$Worker.run(ThreadPoolExecutor.java:644)
04-20 06:19:14.655  1099 19813 E OneSearchSuggestProvider: 	at java.lang.Thread.run(Thread.java:1012)
04-20 06:19:14.657 20885 20885 I WindowMetricsNotification: WindowMetricsNotification.notify():106 WindowMetricsNotification{bounds=Rect(0, 53 - 2560, 1600), insets=Rect(0, 0 - 0, 0), densityDpi=354, smallestScreenWidthDp=723, displayWidth=2560, displayHeight=1600, xdpi=320.0, ydpi=320.0}; DisplayMetrics{density=2.2125, width=2560, height=1600, scaledDensity=2.2125, xdpi=320.0, ydpi=320.0}
04-20 06:19:14.657 20885 20885 I WindowMetricsHelper: WindowMetricsHelper.predictAndNotify():140 Window metrics predicted.
04-20 06:19:14.657 20885 20885 I InputMethodEntryManager: InputMethodEntryManager.notifyCurrentInputMethodEntryOnContextChanged():521 notifyCurrentInputMethodEntryOnContextChanged()
04-20 06:19:14.657 20885 20885 I InputMethodEntryManager: InputMethodEntryManager.notifyCurrentInputMethodEntryOnContextChanged():542 Notify current input method entry changed on context change
04-20 06:19:14.657 20885 20885 I KeyboardContextProvider: KeyboardContextProvider.setBaseContextAndInvalidKeyboardContextCache():88 setBaseContextAndInvalidKeyboardContextCache(): com.android.inputmethod.latin.LatinIME@dd8fa4e
04-20 06:19:14.657 20885 20885 E GoogleInputMethodService: GoogleInputMethodService.getAppEditorInfo():2810 App EditorInfo should never be null.
04-20 06:19:14.657 20885 20885 I StyledKeyboardThemeBuilder: StyledKeyboardThemeBuilder.build():132 Pref: [], themeName: [silk:], darkMode: [false], cacheKey: [overlay_builtin_dynamic_color_light_base.binarypb:dynamic-gm3-light-fffefbff-ff495d92-88aedfe362701b9d56ce578190f21130]
04-20 06:19:14.657 20885 20885 I KeyboardThemeProvider: KeyboardThemeProvider.applyKeyboardTheme():27 Apply keyboard theme: theme_border_stylesheet_noshadow_pgsans_pillkey_silkpopup_light_tablet_large_keyboard_width_tablet_small_navredesign_600_overlay_builtin_dynamic_color_light_base.binarypb:dynamic-gm3-light-fffefbff-ff495d92-88aedfe362701b9d56ce578190f21130_land
04-20 06:19:14.657 20885 20885 I KeyboardContextProvider: KeyboardContextProvider$KeyboardContextCache.createKeyboardContext():173 createKeyboardContext(): en-US, jgg@2786544(com.android.inputmethod.latin.LatinIME@dd8fa4e), {1.3 ?mcc0mnc [en_US] ldltr sw723dp w1157dp h723dp 354dpi xlrg land finger qwerty/v/v dpad/v winConfig={ mBounds=Rect(0, 0 - 2560, 1600) mAppBounds=Rect(0, 0 - 2560, 1600) mMaxBounds=Rect(0, 0 - 2560, 1600) mDisplayRotation=ROTATION_0 mWindowingMode=fullscreen mActivityType=undefined mAlwaysOnTop=undefined mRotation=ROTATION_0} s.8 fontWeightAdjustment=0}
04-20 06:19:14.658 20885 20885 I KeyboardHeightUtil: KeyboardHeightUtil.calculateMaxKeyboardBodyHeight():45 leave 237 height for app when ime window height:1547, header height:106 and isFullscreenMode:false, so the max keyboard body height is:1204
04-20 06:19:14.658 20885 20885 I KeyboardHeightUtil: KeyboardHeightUtil.calculateMaxKeyboardBodyHeight():45 leave 237 height for app when ime window height:1547, header height:106 and isFullscreenMode:false, so the max keyboard body height is:1204
04-20 06:19:14.658 20885 20885 I NormalModeController: NormalModeController.getKeyboardBodyViewHolderPaddingBottom():104 currentPrimeKeyboardType:SOFT systemPaddingBottom:-1
04-20 06:19:14.658 20885 20885 I GoogleInputMethodService: GoogleInputMethodService.onCurrentInputMethodEntryChanged():3655 onCurrentInputMethodEntryChanged(): imeDefsChanged=false, initializedEntryChanged=true, keyboardContextChanged=true
04-20 06:19:14.658 20885 20885 I GoogleInputMethodService: GoogleInputMethodService.clearInputMethodServiceData():1613 clearInputMethodServiceData for entryChange
04-20 06:19:14.658 20885 20885 I KeyboardHeightUtil: KeyboardHeightUtil.calculateMaxKeyboardBodyHeight():45 leave 237 height for app when ime window height:1547, header height:106 and isFullscreenMode:false, so the max keyboard body height is:1204
04-20 06:19:14.658 20885 20885 I KeyboardHeightUtil: KeyboardHeightUtil.calculateMaxKeyboardBodyHeight():45 leave 237 height for app when ime window height:1547, header height:106 and isFullscreenMode:false, so the max keyboard body height is:1204
04-20 06:19:14.658 20885 20885 I KeyboardModeManager: KeyboardModeManager.onCurrentInputMethodEntryChanged():1133 Reload data for context change
04-20 06:19:14.658 20885 20885 I GoogleInputMethodService: GoogleInputMethodService.initializeInputMethodServiceData():1382 initializeInputMethodServiceData for kct{languageTag=en-US, variant=qwerty, hasLocalizedResources=true, conditionCacheKey=_cache_additional_ime_defs_for_condition_change=false_cache_ime_defs_for_condition_change=false_device=tablet_device_size=large_enable_flick_symbols=false_enable_more_candidates_view_for_multilingual=false_enable_number_row=false_enable_preemptive_decode=true_enable_secondary_digits=true_enable_secondary_symbols=false_enable_show_foldable_layout_on_small_tablet=false_expressions=normal_four_or_more_letter_rows=false_keyboard_mode=normal_language=en-US_orientation=landscape_physical_keyboard=qwerty_rtl_layout=false_show_secondary_digits=true_show_suggestions=true_split_with_duplicate_keys=true_variant=qwerty, imeDef.stringId=ime_english_united_states, imeDef.className=com.google.android.apps.inputmethod.libs.latin5.LatinIme, imeDef.languageTag=en-US}
04-20 06:19:14.658 20885 20885 E GoogleInputMethodService: GoogleInputMethodService.getAppEditorInfo():2810 App EditorInfo should never be null.
04-20 06:19:14.658 20885 20885 I StyledKeyboardThemeBuilder: StyledKeyboardThemeBuilder.build():132 Pref: [], themeName: [silk:], darkMode: [false], cacheKey: [overlay_builtin_dynamic_color_light_base.binarypb:dynamic-gm3-light-fffefbff-ff495d92-88aedfe362701b9d56ce578190f21130]
04-20 06:19:14.658 20885 20885 I KeyboardThemeProvider: KeyboardThemeProvider.applyKeyboardTheme():27 Apply keyboard theme: theme_border_stylesheet_noshadow_pgsans_pillkey_silkpopup_light_tablet_large_keyboard_width_tablet_extra_large_navredesign_600_overlay_builtin_dynamic_color_light_base.binarypb:dynamic-gm3-light-fffefbff-ff495d92-88aedfe362701b9d56ce578190f21130_land
04-20 06:19:14.659   167   167 I logd    : logdr: UID=0 GID=0 PID=19815 n tail=0 logMask=99 pid=0 start=0ns deadline=0ns
04-20 06:19:14.664 20885 20908 I SP      : Scheduling job with delay of 0s for {m:b:u:l, bg}, 2 candidates
04-20 06:19:14.664 20885 20885 I AndroidIME: InputBundleManager.loadActiveInputBundleId():450 loadActiveInputBundleId: und-Latn-x-password, password
04-20 06:19:14.665 20885 20885 I SystemSubtypesReportModule: SystemSubtypesReportModule$4.onSetCurrentInputMethodSubtype():160 en_US
04-20 06:19:14.665 20885 19819 I JapaneseMozcExtension: JapaneseMozcExtension.onCreateServiceInternal():76 onCreateServiceInternal()
04-20 06:19:14.665 20885 20885 I DeviceModeMonitor: DeviceModeMonitor.calculateDeviceMode():76 Get device mode tablet_large by screen size and smallestScreenWidthDp: 723
04-20 06:19:14.665 20885 20885 I HardKeyTracker: HardKeyTracker.registerKeySequence():139 Register key sequence lnk{labelResId=2132019809, callback=jjt@cf29f09, lastModifier=2, keyCodes=[47], actions=[0]}
04-20 06:19:14.665 20885 20885 I HardKeyTracker: HardKeyTracker.registerKeySequence():139 Register key sequence lnk{labelResId=0, callback=jwl@79d22c5, lastModifier=0, keyCodes=[204], actions=[0]}
04-20 06:19:14.666 20885 20885 I AbstractOpenableExtension: AbstractOpenableExtension$3.onSuccess():552 KeyboardGroupManager destroyed in fvq.
04-20 06:19:14.666 20885 20885 I AbstractOpenableExtension: AbstractOpenableExtension$3.onSuccess():552 KeyboardGroupManager destroyed in fxu.
04-20 06:19:14.666   590  1610 E JobScheduler.JobStatus: App com.google.android.inputmethod.latin became active but still in NEVER bucket
04-20 06:19:14.667 20885 20885 I NetworkInfoNotification: NetworkInfoNotification$Listener.onReceive():112 onNetworkLost: networkState = NO_CONNECTION, isAirplaneModeOn = false
04-20 06:19:14.667 20885 20885 I AccessPointsListHolderController: AccessPointsListHolderController.removeAccessPoint():304 The access point textediting is not added
04-20 06:19:14.667 20885 20885 I AccessPointsListHolderController: AccessPointsListHolderController.removeAccessPoint():304 The access point settings is not added
04-20 06:19:14.667 20885 20885 I AccessPointsListHolderController: AccessPointsListHolderController.removeAccessPoint():304 The access point theme_setting is not added
04-20 06:19:14.667 20885 20885 I AccessPointsListHolderController: AccessPointsListHolderController.removeAccessPoint():304 The access point one_handed is not added
04-20 06:19:14.667   590   708 D InputMethodManagerService: Initializing Handwriting Spy
04-20 06:19:14.667 20885 20885 I ClipboardDataHandler: ClipboardDataHandler.updateScreenshotsContentObserver():268 Disable the feature of handling screenshots in the clipboard.
04-20 06:19:14.667   590   708 W InputManager-JNI: Input channel object 'stylus-handwriting-event-receiver-0 (client)' was disposed without first being removed with the input manager!
04-20 06:19:14.667 20885 20908 I SP      : Scheduling job with delay of 0s for {W:b:u:l, bg}, 1 candidates
04-20 06:19:14.667   590   663 E JobScheduler.JobStatus: App com.google.android.inputmethod.latin became active but still in NEVER bucket
04-20 06:19:14.668 20885 20885 I NetworkInfoNotification: NetworkInfoNotification$Listener.onReceive():112 onNetworkLost: networkState = NO_CONNECTION, isAirplaneModeOn = false
04-20 06:19:14.668 20885 20885 I NetworkInfoNotification: NetworkInfoNotification$Listener.onReceive():112 onNetworkLost: networkState = NO_CONNECTION, isAirplaneModeOn = false
04-20 06:19:14.668 20885 20885 I GoogleInputMethodService: GoogleInputMethodService$GoogleInputMethodImpl.attachToken():4209 
04-20 06:19:14.669 20885 19816 I NetworkInfoNotification: NetworkInfoNotification$Listener.onReceive():112 onNetworkLost: networkState = NO_CONNECTION, isAirplaneModeOn = false
04-20 06:19:14.669 20885 19816 I NewS3RecognizerModule: NewS3RecognizerModule.onCreate():14 onCreate [news3]
04-20 06:19:14.669 20885 19816 I EmojifyExtensionImpl: EmojifyExtensionImpl.onCreate():599 Creating Emojify extension ehb@20704e2.
04-20 06:19:14.669 20885 19816 I AbstractOpenableExtension: AbstractOpenableExtension.createKeyboardGroupManagerListenableFuture():120 Create keyboard group manager listenable future in fxu
04-20 06:19:14.669 20885 19816 I AbstractOpenableExtension: AbstractOpenableExtension.createKeyboardGroupManagerListenableFuture():120 Create keyboard group manager listenable future in fvq
04-20 06:19:14.669 20885 19816 I KeyboardGroupDefParser: KeyboardGroupDefParser.parseKeyboardGroupDef():83 parseKeyboardGroupDef() 2132214028 -> 0_resource_name_obfuscated : WaitTime = 1 ms : RunTime = 0 ms
