04-20 06:22:40.087 19836 19859 I MMKV    : <MMKV_IO.cpp:609::writeActualSize> [mixc-retail-assembly-rn84::state] increase sequence to 307, crc 4190876778, actualSize 14730
04-20 06:22:40.087 19836 19859 I MMKV    : <MMKV.cpp:1208::sync> MMKV::sync, SyncFlag = 1
04-20 06:22:40.089 19836 19859 I MMKV    : <MMKV_IO.cpp:609::writeActualSize> [mixc-retail-assembly-rn84::state] increase sequence to 308, crc 1522336006, actualSize 14730
04-20 06:22:40.089 19836 19859 I MMKV    : <MMKV.cpp:1208::sync> MMKV::sync, SyncFlag = 1
04-20 06:22:41.491 19836 19852 D EGL_emulation: app_time_stats: avg=140.50ms min=1.99ms max=1462.11ms count=17
04-20 06:22:46.915 14705 14705 W adbd    : timeout expired while flushing socket, closing
04-20 06:22:49.216   388 20109 I resolv  : GetAddrInfoHandler::run: {0 786432 0 983040 10143 0}
04-20 06:22:49.217   937 20108 W gclk    : [{0}] Failed to resolve name. status={1}
--------- beginning of kernel
04-20 06:22:59.748   397   397 W healthd : battery l=47 v=5000 t=25.0 h=2 st=4 c=900000 fc=3000000 cc=10 chg=a
04-20 06:23:00.009  1389  1552 I AiAiEcho: Predicting[0]:  [CONTEXT sampling_count=5 ]
04-20 06:23:00.009  1389  1552 I AiAiEcho: EchoTargets: 
04-20 06:23:00.009  1389  1552 I AiAiEcho: Filtered by AiAi flag check: 
04-20 06:23:00.009  1389  1552 I AiAiEcho: [CONTEXT ratelimit_period="10 SECONDS" ]
04-20 06:23:00.009  1389  1552 I AiAiEcho: Ranked targets strategy: SORT, count: 0, ranking metadata:  [CONTEXT ratelimit_period="10 SECONDS" ]
04-20 06:23:00.009  1389  1552 I AiAiEcho: #remoteViewsTwiddler: feature disabled.
04-20 06:23:00.009  1389  1552 I AiAiEcho: Predicting[0]:  [CONTEXT sampling_count=5 ]
04-20 06:23:00.009  1389  1552 I AiAiEcho: EchoTargets: 
04-20 06:23:00.009  1389  1552 I AiAiEcho: Filtered by AiAi flag check: 
04-20 06:23:00.009  1389  1552 I AiAiEcho: [CONTEXT ratelimit_period="10 SECONDS" ]
04-20 06:23:00.010  1389  1552 I AiAiEcho: Ranked targets strategy: SORT, count: 0, ranking metadata:  [CONTEXT ratelimit_period="10 SECONDS" ]
04-20 06:23:00.010  1389  1552 I AiAiEcho: #remoteViewsTwiddler: feature disabled.
04-20 06:23:00.010  1389  1552 I AiAiEcho: #postPredictionTargets: Sending updates to UISurface lockscreen with targets# 0 (types=[])
04-20 06:23:00.010  1389  1552 I AiAiEcho: #postPredictionTargets: Sending updates to UISurface home with targets# 0 (types=[])
04-20 06:23:00.011  1099  1099 D SsBaseTemplateCard: No text view can be set up
04-20 06:23:00.011  1099  1099 D SsBaseTemplateCard: Passed-in item info is null
04-20 06:23:00.011  1099  1099 D SsBaseTemplateCard: Passed-in item info is null
04-20 06:23:00.011  1099  1099 D SsBaseTemplateCard: Passed-in item info is null
04-20 06:23:00.011  1099  1099 I SsBaseTemplateCard: Secondary card pane is null
04-20 06:23:00.014   836   836 W PageIndicator: Total number of pages invalid: 0. Assuming 1 page.
04-20 06:23:00.029   836   978 D EGL_emulation: app_time_stats: avg=60003.65ms min=60003.65ms max=60003.65ms count=1
04-20 06:23:07.576  1413  1753 I BistoHotwordHelper: (REDACTED) getHotwordActive::active query: %s, watch: %s, devices connected: %s
04-20 06:23:08.281 19836 19893 D TrafficStats: tagSocket(134) with statsTag=0xffffffff, statsUid=-1
04-20 06:23:08.286 19836 19893 D TrafficStats: tagSocket(134) with statsTag=0xffffffff, statsUid=-1
04-20 06:23:08.342 19899 19949 D TrafficStats: tagSocket(114) with statsTag=0xffffffff, statsUid=-1
04-20 06:23:08.346 19899 19949 D TrafficStats: tagSocket(114) with statsTag=0xffffffff, statsUid=-1
04-20 06:23:08.348 19836 19893 D TrafficStats: tagSocket(134) with statsTag=0xffffffff, statsUid=-1
04-20 06:23:08.351 19836 19893 D TrafficStats: tagSocket(134) with statsTag=0xffffffff, statsUid=-1
04-20 06:23:08.403 19899 19949 D TrafficStats: tagSocket(114) with statsTag=0xffffffff, statsUid=-1
04-20 06:23:08.408 19899 19949 D TrafficStats: tagSocket(114) with statsTag=0xffffffff, statsUid=-1
04-20 06:23:08.633 19899 19949 D TrafficStats: tagSocket(114) with statsTag=0xffffffff, statsUid=-1
04-20 06:23:08.633 19836 19893 D TrafficStats: tagSocket(134) with statsTag=0xffffffff, statsUid=-1
04-20 06:23:08.637 19899 19949 D TrafficStats: tagSocket(114) with statsTag=0xffffffff, statsUid=-1
04-20 06:23:08.638 19836 19893 D TrafficStats: tagSocket(134) with statsTag=0xffffffff, statsUid=-1
04-20 06:23:51.100   590   738 E WifiScoringParams: Invalid frequency(-1), using 5G as default rssi array
04-20 06:23:54.880   590  1504 D WifiNl80211Manager: Scan result ready event
04-20 06:23:54.880   590  1504 D WifiNative: Scan result ready event
04-20 06:23:54.884   590   738 I HalDevMgr: bestIfaceCreationProposal is null, requestIface=STA, existingIface=[name=wlan0 type=STA]
04-20 06:23:59.751   397   397 W healthd : battery l=47 v=5000 t=25.0 h=2 st=4 c=900000 fc=3000000 cc=10 chg=a
04-20 06:24:00.009  1389  1552 I AiAiEcho: Predicting[0]:  [CONTEXT sampling_count=5 ]
04-20 06:24:00.009  1389  1552 I AiAiEcho: EchoTargets: 
04-20 06:24:00.009  1389  1552 I AiAiEcho: Filtered by AiAi flag check: 
04-20 06:24:00.009  1389  1552 I AiAiEcho: [CONTEXT ratelimit_period="10 SECONDS" ]
04-20 06:24:00.009  1389  1552 I AiAiEcho: Ranked targets strategy: SORT, count: 0, ranking metadata:  [CONTEXT ratelimit_period="10 SECONDS" ]
04-20 06:24:00.009  1389  1552 I AiAiEcho: #remoteViewsTwiddler: feature disabled.
04-20 06:24:00.009  1389  1552 I AiAiEcho: Predicting[0]:  [CONTEXT sampling_count=5 ]
04-20 06:24:00.009  1389  1552 I AiAiEcho: EchoTargets: 
04-20 06:24:00.009  1389  1552 I AiAiEcho: Filtered by AiAi flag check: 
04-20 06:24:00.009  1389  1552 I AiAiEcho: [CONTEXT ratelimit_period="10 SECONDS" ]
04-20 06:24:00.009  1389  1552 I AiAiEcho: Ranked targets strategy: SORT, count: 0, ranking metadata:  [CONTEXT ratelimit_period="10 SECONDS" ]
04-20 06:24:00.009  1389  1552 I AiAiEcho: #remoteViewsTwiddler: feature disabled.
04-20 06:24:00.010  1389  1552 I AiAiEcho: #postPredictionTargets: Sending updates to UISurface lockscreen with targets# 0 (types=[])
04-20 06:24:00.010  1389  1552 I AiAiEcho: #postPredictionTargets: Sending updates to UISurface home with targets# 0 (types=[])
04-20 06:24:00.013  1099  1099 D SsBaseTemplateCard: No text view can be set up
04-20 06:24:00.013  1099  1099 D SsBaseTemplateCard: Passed-in item info is null
04-20 06:24:00.013  1099  1099 D SsBaseTemplateCard: Passed-in item info is null
04-20 06:24:00.013  1099  1099 D SsBaseTemplateCard: Passed-in item info is null
04-20 06:24:00.013  1099  1099 I SsBaseTemplateCard: Secondary card pane is null
04-20 06:24:00.013   836   836 W PageIndicator: Total number of pages invalid: 0. Assuming 1 page.
04-20 06:24:00.028   836   978 D EGL_emulation: app_time_stats: avg=59999.47ms min=59999.47ms max=59999.47ms count=1
