04-21 12:02:48.642 D/android.hardware.graphics.allocator-V1-service(  342): plane_info[1]: offset : 0, byte_stride : 0, alloc_width : 0, alloc_height : 0
04-21 12:02:48.646 I/yrn84:secondary(30017): Using CollectorTypeCMC GC.
04-21 12:02:48.647 I/BpBinder(  346): onLastStrongRef automatically unlinking death recipients: 
04-21 12:02:48.647 V/WindowManager(  888): Sent Transition #648 createdAt=04-21 12:02:48.594 via request=TransitionRequestInfo { type = 1, triggerTask = TaskInfo{userId=0 taskId=230 displayId=2 isRunning=true baseIntent=Intent { flg=0x18000000 cmp=com.impos2.mixcretailassemblyrn84/.SecondaryActivity } baseActivity=ComponentInfo{com.impos2.mixcretailassemblyrn84/com.impos2.mixcretailassemblyrn84.SecondaryActivity} topActivity=ComponentInfo{com.impos2.mixcretailassemblyrn84/com.impos2.mixcretailassemblyrn84.SecondaryActivity} origActivity=null realActivity=ComponentInfo{com.impos2.mixcretailassemblyrn84/com.impos2.mixcretailassemblyrn84.SecondaryActivity} numActivities=1 lastActiveTime=4816218805 supportsMultiWindow=true resizeMode=1 isResizeable=true minWidth=-1 minHeight=-1 defaultMinSize=220 token=WCT{RemoteToken{467bdce Task{ae9b4b8 #230 type=standard A=10139:com.impos2.mixcretailassemblyrn84}}} topActivityType=1 pictureInPictureParams=null shouldDockBigOverlays=false launchIntoPipHostTaskId=-1 lastParentTaskIdBeforePip=-1 displayCutoutSafeInsets=null topActivityInfo=ActivityInfo{754c4ef com.impos2.mixcretailassemblyrn84.SecondaryActivity} launchCookies=[] positionInParent=Point(0, 0) parentTaskId=-1 isFocused=false isVisible=false isVisibleRequested=true isSleeping=false topActivityInSizeCompat=false topActivityEligibleForLetterboxEducation= false isLetterboxDoubleTapEnabled= false topActivityEligibleForUserAspectRatioButton= false topActivityBoundsLetterboxed= false isFromLetterboxDoubleTap= false topActivityLetterboxVerticalPosition= -1 topActivityLetterboxHorizontalPosition= -1 topActivityLetterboxWidth=-1 topActivityLetterboxHeight=-1 isUserFullscreenOverrideEnabled=false isTopActivityTransparent=false locusId=null displayAreaFeatureId=1 cameraCompatControlState=hidden}, remoteTransition = null, displayChange = null, flags = 0 }
04-21 12:02:48.647 V/WindowManager(  888):     startWCT=WindowContainerTransaction { changes = {} hops = [] errorCallbackToken=null taskFragmentOrganizer=null }
04-21 12:02:48.647 V/WindowManager(  888):     info={id=648 t=OPEN f=0x0 trk=0 r=[2@Point(0, 0)] c=[{WCT{RemoteToken{467bdce Task{ae9b4b8 #230 type=standard A=10139:com.impos2.mixcretailassemblyrn84}}} m=OPEN f=NONE p=WCT{RemoteToken{6626e47 DefaultTaskDisplayArea@235898909}} leash=Surface(name=Task=230)/@0x48262d0 sb=Rect(0, 0 - 1920, 1080) eb=Rect(0, 0 - 1920, 1080) d=2},{WCT{RemoteToken{6626e47 DefaultTaskDisplayArea@235898909}} m=TO_FRONT f=NONE leash=Surface(name=DefaultTaskDisplayArea)/@0xb1977ba sb=Rect(0, 0 - 1920, 1080) eb=Rect(0, 0 - 1920, 1080) d=2}]}
04-21 12:02:48.648 V/WindowManagerShell( 1104): onTransitionReady android.os.BinderProxy@c226d46: {id=648 t=OPEN f=0x0 trk=0 r=[2@Point(0, 0)] c=[{WCT{android.window.IWindowContainerToken$Stub$Proxy@cbd311b} m=OPEN f=NONE p=WCT{android.window.IWindowContainerToken$Stub$Proxy@76652b8} leash=Surface(name=Task=230)/@0x10ea5cc sb=Rect(0, 0 - 1920, 1080) eb=Rect(0, 0 - 1920, 1080) d=2},{WCT{android.window.IWindowContainerToken$Stub$Proxy@6157891} m=TO_FRONT f=NONE leash=Surface(name=DefaultTaskDisplayArea)/@0x188f015 sb=Rect(0, 0 - 1920, 1080) eb=Rect(0, 0 - 1920, 1080) d=2}]}
04-21 12:02:48.649 V/WindowManagerShell( 1104): Playing animation for (#648)android.os.BinderProxy@c226d46@0
04-21 12:02:48.649 V/WindowManagerShell( 1104):  try handler com.android.wm.shell.transition.DefaultMixedHandler@7b709ff
04-21 12:02:48.649 V/WindowManagerShell( 1104):  try handler com.android.wm.shell.keyguard.KeyguardTransitionHandler@83523cc
04-21 12:02:48.649 V/WindowManagerShell( 1104):  try handler com.android.wm.shell.pip.PipTransition@b509615
04-21 12:02:48.649 V/WindowManagerShell( 1104):  try handler com.android.wm.shell.activityembedding.ActivityEmbeddingController@8487d2a
04-21 12:02:48.649 V/WindowManagerShell( 1104):  try handler com.android.wm.shell.recents.RecentsTransitionHandler@57c471b
04-21 12:02:48.649 V/ShellRecents( 1104): RecentsTransitionHandler.startAnimation: no controller found
04-21 12:02:48.649 V/WindowManagerShell( 1104):  try handler com.android.wm.shell.splitscreen.StageCoordinator@d76b0b8
04-21 12:02:48.649 V/WindowManagerShell( 1104):  try handler com.android.wm.shell.transition.RemoteTransitionHandler@bb17e91
04-21 12:02:48.649 V/WindowManager(  888): Content Recording: Display 2 has content (true) so pause recording
04-21 12:02:48.649 V/WindowManagerShell( 1104): Transition doesn't have explicit remote, search filters for match for {id=648 t=OPEN f=0x0 trk=0 r=[2@Point(0, 0)] c=[{WCT{android.window.IWindowContainerToken$Stub$Proxy@cbd311b} m=OPEN f=NONE p=WCT{android.window.IWindowContainerToken$Stub$Proxy@76652b8} leash=Surface(name=Task=230)/@0x10ea5cc sb=Rect(0, 0 - 1920, 1080) eb=Rect(0, 0 - 1920, 1080) d=2},{WCT{android.window.IWindowContainerToken$Stub$Proxy@6157891} m=TO_FRONT f=NONE leash=Surface(name=DefaultTaskDisplayArea)/@0x188f015 sb=Rect(0, 0 - 1920, 1080) eb=Rect(0, 0 - 1920, 1080) d=2}]}
04-21 12:02:48.649 V/WindowManagerShell( 1104):  Checking filter Pair{{types=[] flags=0x0] notFlags=0x100 checks=[{atype=home independent=true modes=[OPEN,TO_FRONT] flags=NONE mustBeTask=false order=TOP topActivity=ComponentInfo{com.android.launcher3/com.android.launcher3.uioverrides.QuickstepLauncher}},{atype=standard independent=true modes=[CLOSE,TO_BACK] flags=NONE mustBeTask=false order=ANY topActivity=null}]} RemoteTransition { remoteTransition = android.window.IRemoteTransition$Stub$Proxy@93729c5, appThread = android.app.IApplicationThread$Stub$Proxy@e94ff1a, debugName = QuickstepLaunchHome }}
04-21 12:02:48.649 V/WindowManagerShell( 1104):  Delegate animation for #648 to null
04-21 12:02:48.649 V/WindowManagerShell( 1104):  try handler com.android.wm.shell.transition.DefaultTransitionHandler@44941f6
04-21 12:02:48.650 V/WindowManagerShell( 1104): start default transition animation, info = {id=648 t=OPEN f=0x0 trk=0 r=[2@Point(0, 0)] c=[{WCT{android.window.IWindowContainerToken$Stub$Proxy@cbd311b} m=OPEN f=NONE p=WCT{android.window.IWindowContainerToken$Stub$Proxy@76652b8} leash=Surface(name=Task=230)/@0x10ea5cc sb=Rect(0, 0 - 1920, 1080) eb=Rect(0, 0 - 1920, 1080) d=2},{WCT{android.window.IWindowContainerToken$Stub$Proxy@6157891} m=TO_FRONT f=NONE leash=Surface(name=DefaultTaskDisplayArea)/@0x188f015 sb=Rect(0, 0 - 1920, 1080) eb=Rect(0, 0 - 1920, 1080) d=2}]}
04-21 12:02:48.651 I/InputManager-JNI(  888): Viewport [0] to add: local:0, isActive: true
04-21 12:02:48.651 I/InputManager-JNI(  888): Viewport [1] to add: local:1, isActive: true
04-21 12:02:48.651 E/yrn84:secondary(30017): Not starting debugger since process cannot load the jdwp agent.
04-21 12:02:48.651 V/WindowManagerShell( 1104): loadAnimation: anim=android.view.animation.AnimationSet@6080ccd animAttr=0x4 type=OPEN isEntrance=true
04-21 12:02:48.651 I/InputReader(  888): Reconfiguring input devices, changes=DISPLAY_INFO
04-21 12:02:48.652 I/InputReader(  888): Device reconfigured: id=9, name='ilitek_second_ts', size 1920x1080, orientation 0, mode 1, display id 2
04-21 12:02:48.664 I/android.hardware.graphics.allocator-V1-service(  342): alloc_format: RGBA_8888 + Datatype: UNORM
04-21 12:02:48.664 W/libprocessgroup(  888): SetCgroup::ExecuteForProcess: failed to open /dev/stune/top-app/cgroup.procs: No such file or directory
04-21 12:02:48.664 I/android.hardware.graphics.allocator-V1-service(  342): mali_gralloc_adjust_dimensions: alloc_format=RGBA_8888 + Datatype: UNORM usage=CPU-RoWo + TEXTURE + RENDER + HWC alloc_width=1, alloc_height=1080
04-21 12:02:48.665 D/android.hardware.graphics.allocator-V1-service(  342): got new private_handle_t instance for buffer 'screenshot'. share_fd : 10, share_attr_fd : 11, width : 1, height : 1080, req_format : 0x1, producer_usage : 0xb33, consumer_usage : 0xb33, , stride : 16, alloc_format_base: 1, alloc_format_modifiers: 0x00000000, size : 69120, layer_count : 1, backing_store_id: 0x156000060bf
04-21 12:02:48.665 D/android.hardware.graphics.allocator-V1-service(  342): plane_info[0]: offset : 0, byte_stride : 64, alloc_width : 1, alloc_height : 1080
04-21 12:02:48.665 D/android.hardware.graphics.allocator-V1-service(  342): plane_info[1]: offset : 0, byte_stride : 0, alloc_width : 0, alloc_height : 0
04-21 12:02:48.666 D/CompatibilityChangeReporter(30017): Compat change id reported: 171979766; UID 10139; state: ENABLED
04-21 12:02:48.666 D/CompatibilityChangeReporter(30017): Compat change id reported: 242716250; UID 10139; state: ENABLED
04-21 12:02:48.672 D/nativeloader(30017): Configuring clns-6 for other apk /data/app/~~TtAnbsjwNLbzyCIaYmH89g==/com.impos2.mixcretailassemblyrn84-Ee4iVJNVH4McdKHKWJvjTA==/base.apk. target_sdk_version=36, uses_libraries=, library_path=/data/app/~~TtAnbsjwNLbzyCIaYmH89g==/com.impos2.mixcretailassemblyrn84-Ee4iVJNVH4McdKHKWJvjTA==/lib/arm64:/data/app/~~TtAnbsjwNLbzyCIaYmH89g==/com.impos2.mixcretailassemblyrn84-Ee4iVJNVH4McdKHKWJvjTA==/base.apk!/lib/arm64-v8a, permitted_path=/data:/mnt/expand:/data/user/0/com.impos2.mixcretailassemblyrn84
04-21 12:02:48.683 I/android.hardware.graphics.allocator-V1-service(  342): alloc_format: RGBA_8888 + Datatype: UNORM
04-21 12:02:48.683 I/android.hardware.graphics.allocator-V1-service(  342): mali_gralloc_adjust_dimensions: alloc_format=RGBA_8888 + Datatype: UNORM usage=TEXTURE + RENDER + HWC alloc_width=144, alloc_height=1080
04-21 12:02:48.684 D/android.hardware.graphics.allocator-V1-service(  342): got new private_handle_t instance for buffer 'bbq-adapter#628(BLAST Consumer)628'. share_fd : 10, share_attr_fd : 11, width : 144, height : 1080, req_format : 0x1, producer_usage : 0xb00, consumer_usage : 0xb00, , stride : 0, alloc_format_base: 1, alloc_format_modifiers: 0x00000000, size : 622080, layer_count : 1, backing_store_id: 0x156000060c0
04-21 12:02:48.684 D/android.hardware.graphics.allocator-V1-service(  342): plane_info[0]: offset : 0, byte_stride : 576, alloc_width : 144, alloc_height : 1080
04-21 12:02:48.684 D/android.hardware.graphics.allocator-V1-service(  342): plane_info[1]: offset : 0, byte_stride : 0, alloc_width : 0, alloc_height : 0
04-21 12:02:48.688 V/WindowManagerShell( 1104):  animated by com.android.wm.shell.transition.DefaultTransitionHandler@44941f6
04-21 12:02:48.691 V/GraphicsEnvironment(30017): Currently set values for:
04-21 12:02:48.691 V/GraphicsEnvironment(30017):   angle_gl_driver_selection_pkgs=[]
04-21 12:02:48.691 V/GraphicsEnvironment(30017):   angle_gl_driver_selection_values=[]
04-21 12:02:48.691 V/GraphicsEnvironment(30017): ANGLE GameManagerService for com.impos2.mixcretailassemblyrn84: false
04-21 12:02:48.691 V/GraphicsEnvironment(30017): com.impos2.mixcretailassemblyrn84 is not listed in per-application setting
04-21 12:02:48.691 V/GraphicsEnvironment(30017): Neither updatable production driver nor prerelease driver is supported.
04-21 12:02:48.695 I/LoadedApk(30017): No resource references to update in package com.sunmi
04-21 12:02:48.699 W/SoLoader(30017): Initializing SoLoader: 0
04-21 12:02:48.699 W/SoLoader(30017): Recording new base apk path: /data/app/~~TtAnbsjwNLbzyCIaYmH89g==/com.impos2.mixcretailassemblyrn84-Ee4iVJNVH4McdKHKWJvjTA==/base.apk
04-21 12:02:48.699 W/SoLoader(30017): Previously recorded 0 base apk paths.
04-21 12:02:48.700 I/SoLoader(30017): Preparing SO source: DirectorySoSource[root = /vendor/lib64 flags = 2]
04-21 12:02:48.700 I/SoLoader(30017): Preparing SO source: DirectorySoSource[root = /system/lib64 flags = 2]
04-21 12:02:48.700 I/SoLoader(30017): Preparing SO source: DirectApkSoSource[root = [/data/app/~~TtAnbsjwNLbzyCIaYmH89g==/com.impos2.mixcretailassemblyrn84-Ee4iVJNVH4McdKHKWJvjTA==/base.apk!/lib/arm64-v8a]]
04-21 12:02:48.709 I/SoLoader(30017): Preparing SO source: ApplicationSoSource[DirectorySoSource[root = /data/app/~~TtAnbsjwNLbzyCIaYmH89g==/com.impos2.mixcretailassemblyrn84-Ee4iVJNVH4McdKHKWJvjTA==/lib/arm64 flags = 0]]
04-21 12:02:48.709 I/SoLoader(30017): init finish: 4 SO sources prepared
04-21 12:02:48.709 W/SoLoader(30017): SoLoader initialized: 8
04-21 12:02:48.741 D/jni_lib_merge(30017): Entering merged library JNI_OnLoad.
04-21 12:02:48.741 D/jni_lib_merge(30017): Preparing 12 pre-merged libs (including stub)
04-21 12:02:48.741 D/jni_lib_merge(30017): Preparing to register libfabricjni_so.  onload_func: 0x775650ea50
04-21 12:02:48.741 D/jni_lib_merge(30017): Preparing to register libreact_devsupportjni_so.  onload_func: 0x77565d236c
04-21 12:02:48.741 D/jni_lib_merge(30017): Preparing to register libreact_featureflagsjni_so.  onload_func: 0x77565ecba8
04-21 12:02:48.741 D/jni_lib_merge(30017): Preparing to register libreact_newarchdefaults_so.  onload_func: 0x775662ad74
04-21 12:02:48.741 D/jni_lib_merge(30017): Preparing to register libreactnativeblob_so.  onload_func: 0x77566cba4c
04-21 12:02:48.741 D/jni_lib_merge(30017): Preparing to register libreactnativejni_so.  onload_func: 0x77566e09e4
04-21 12:02:48.741 D/jni_lib_merge(30017): Preparing to register libreactnativejni_common_so.  onload_func: 0x77566e3be0
04-21 12:02:48.741 D/jni_lib_merge(30017): Preparing to register librninstance_so.  onload_func: 0x7756700778
04-21 12:02:48.741 D/jni_lib_merge(30017): Preparing to register libturbomodulejsijni_so.  onload_func: 0x77567aa0e0
04-21 12:02:48.741 D/jni_lib_merge(30017): Preparing to register libuimanagerjni_so.  onload_func: 0x77567b0b00
04-21 12:02:48.741 D/jni_lib_merge(30017): Preparing to register libyoga_so.  onload_func: 0x77567b80c4
04-21 12:02:48.741 D/jni_lib_merge(30017): About to register 11 actual methods.
04-21 12:02:48.754 D/jni_lib_merge(30017): Entering merged library JNI_OnLoad.
04-21 12:02:48.754 D/jni_lib_merge(30017): Preparing 12 pre-merged libs (including stub)
04-21 12:02:48.754 D/jni_lib_merge(30017): Preparing to register libfabricjni_so.  onload_func: 0x775650ea50
04-21 12:02:48.754 D/jni_lib_merge(30017): Preparing to register libreact_devsupportjni_so.  onload_func: 0x77565d236c
04-21 12:02:48.754 D/jni_lib_merge(30017): Preparing to register libreact_featureflagsjni_so.  onload_func: 0x77565ecba8
04-21 12:02:48.754 D/jni_lib_merge(30017): Preparing to register libreact_newarchdefaults_so.  onload_func: 0x775662ad74
04-21 12:02:48.754 D/jni_lib_merge(30017): Preparing to register libreactnativeblob_so.  onload_func: 0x77566cba4c
04-21 12:02:48.754 D/jni_lib_merge(30017): Preparing to register libreactnativejni_so.  onload_func: 0x77566e09e4
04-21 12:02:48.754 D/jni_lib_merge(30017): Preparing to register libreactnativejni_common_so.  onload_func: 0x77566e3be0
04-21 12:02:48.754 D/jni_lib_merge(30017): Preparing to register librninstance_so.  onload_func: 0x7756700778
04-21 12:02:48.754 D/jni_lib_merge(30017): Preparing to register libturbomodulejsijni_so.  onload_func: 0x77567aa0e0
04-21 12:02:48.754 D/jni_lib_merge(30017): Preparing to register libuimanagerjni_so.  onload_func: 0x77567b0b00
04-21 12:02:48.754 D/jni_lib_merge(30017): Preparing to register libyoga_so.  onload_func: 0x77567b80c4
04-21 12:02:48.754 D/jni_lib_merge(30017): About to register 11 actual methods.
04-21 12:02:48.757 D/WmsExtImpl(  888): config_supportAutoRotation false
04-21 12:02:48.758 W/InputDispatcher(  888): Focused display #2 does not have a focused window.
04-21 12:02:48.759 V/WindowManager(  888): Unknown focus tokens, dropping reportFocusChanged
04-21 12:02:48.764 D/vulkan  (30017): searching for layers in '/data/app/~~TtAnbsjwNLbzyCIaYmH89g==/com.impos2.mixcretailassemblyrn84-Ee4iVJNVH4McdKHKWJvjTA==/lib/arm64'
04-21 12:02:48.764 D/vulkan  (30017): searching for layers in '/data/app/~~TtAnbsjwNLbzyCIaYmH89g==/com.impos2.mixcretailassemblyrn84-Ee4iVJNVH4McdKHKWJvjTA==/base.apk!/lib/arm64-v8a'
04-21 12:02:48.767 I/mali_so (30017): [File] : hardware/arm/mali/driver/product/base/src/mali_base_kbase.c; [Line] : 1407; [Func] : base_context_deal_with_version_affairs_rk_ext;
04-21 12:02:48.767 I/mali_so (30017): arm_release_ver of this mali_so is 'g25p0-00eac0', rk_so_ver is '2'.
04-21 12:02:48.767 I/mali_so (30017): [File] : hardware/arm/mali/driver/product/base/src/mali_base_kbase.c; [Line] : 1423; [Func] : base_context_deal_with_version_affairs_rk_ext;
04-21 12:02:48.767 I/mali_so (30017): arm_release_vers are match. to set the full mali_ver 'g25p0-00eac0-2' as value of 'sys.gmali.version'.
04-21 12:02:48.767 W/libc    (30017): Unable to set property "sys.gmali.version" to "g25p0-00eac0-2": connection failed; errno=13 (Permission denied)
04-21 12:02:48.772 I/mali_so (30017): [File] : hardware/arm/mali/driver/product/base/src/mali_base_kbase.c; [Line] : 1407; [Func] : base_context_deal_with_version_affairs_rk_ext;
04-21 12:02:48.772 I/mali_so (30017): arm_release_ver of this mali_so is 'g25p0-00eac0', rk_so_ver is '2'.
04-21 12:02:48.772 I/mali_so (30017): [File] : hardware/arm/mali/driver/product/base/src/mali_base_kbase.c; [Line] : 1423; [Func] : base_context_deal_with_version_affairs_rk_ext;
04-21 12:02:48.772 I/mali_so (30017): arm_release_vers are match. to set the full mali_ver 'g25p0-00eac0-2' as value of 'sys.gmali.version'.
04-21 12:02:48.772 W/libc    (30017): Unable to set property "sys.gmali.version" to "g25p0-00eac0-2": connection failed; errno=13 (Permission denied)
04-21 12:02:48.773 D/AppCompatDelegate(30017): Checking for metadata for AppLocalesMetadataHolderService : Service not found
04-21 12:02:48.794 D/FileUtils(  888): Rounded bytes from 4073672704 to 8000000000
04-21 12:02:48.816 D/jni_lib_merge(30017): Entering merged library JNI_OnLoad.
04-21 12:02:48.816 D/jni_lib_merge(30017): Preparing 4 pre-merged libs (including stub)
04-21 12:02:48.816 D/jni_lib_merge(30017): Preparing to register libhermes_executor_so.  onload_func: 0x775a26b728
04-21 12:02:48.816 D/jni_lib_merge(30017): Preparing to register libhermesinstancejni_so.  onload_func: 0x775a272d44
04-21 12:02:48.816 D/jni_lib_merge(30017): Preparing to register libjsijniprofiler_so.  onload_func: 0x775a273530
04-21 12:02:48.816 D/jni_lib_merge(30017): About to register 3 actual methods.
04-21 12:02:48.819 I/HotUpdateBundleResolver(30017): no_active_marker isPrimaryProcess=false pid=30017
04-21 12:02:48.820 I/MainApplication(30017): getJSBundleFile process=com.impos2.mixcretailassemblyrn84:secondary isPrimaryProcess=false resolvedBundle=null fallbackBundle=null selectedBundle=null
04-21 12:02:48.838 W/unknown:BridgelessReact(30017): ReactHost{0}.startSurface(surfaceId = 0): Schedule
04-21 12:02:48.838 W/unknown:BridgelessReact(30017): ReactHost{0}.attachSurface(surfaceId = 0)
04-21 12:02:48.839 W/unknown:BridgelessReact(30017): ReactHost{0}.getOrCreateReactInstanceTask()
04-21 12:02:48.839 W/unknown:BridgelessReact(30017): ReactHost{0}.getOrCreateReactInstanceTask(): Start
04-21 12:02:48.839 W/unknown:BridgelessReact(30017): ReactHost{0}.getJSBundleLoader()
04-21 12:02:48.840 W/unknown:BridgelessReact(30017): ReactHost{0}.getOrCreateReactInstanceTask(): Creating BridgelessReactContext
04-21 12:02:48.841 W/unknown:BridgelessReact(30017): ReactHost{0}.getOrCreateReactInstanceTask(): Creating ReactInstance
04-21 12:02:48.850 I/StartupAudit(30017): activity_created activity=SecondaryActivity displayIndex=1 pid=30017 time=2026-04-21 12:02:48.849
04-21 12:02:48.859 D/SunmiCustomerManagerService(  888): onTransact
04-21 12:02:48.860 V/AtmsExtImpl_KioskMode(  888): Kiosk Mode isKioskApp: false
04-21 12:02:48.861 W/unknown:BridgelessReact(30017): ReactHost{0}.onHostResume(activity)
04-21 12:02:48.861 W/unknown:BridgelessReact(30017): ReactHost{0}.ReactContext.onHostResume()
04-21 12:02:48.867 D/CompatibilityChangeReporter(30017): Compat change id reported: 237531167; UID 10139; state: DISABLED
04-21 12:02:48.867 W/OpenGLRenderer(30017): Unknown dataspace 0
04-21 12:02:48.872 D/ScenePolicyTrigger(  888): activityResumed PassThronght com.impos2.mixcretailassemblyrn84
04-21 12:02:48.872 I/android_os_HwBinder(  888): HwBinder: Starting thread pool for getting: com.sunmi.hyper_engine@1.0::IHyperEngine/default
04-21 12:02:48.873 I/HyperEngine(  684): notifyHyperFactor {"para1":"10","para2":"10","appInfo":{"packageName":"com.impos2.mixcretailassemblyrn84","pid":30017}}
04-21 12:02:48.873 I/HyperEngine(  684): last packageName: com.impos2.mixcretailassemblyrn84
04-21 12:02:48.873 I/HyperEngine(  684): onHyperFactorChanged XmlLoader::mCurrentConfigDir = /vendor/etc/hyperengine/rk3576/
04-21 12:02:48.874 I/HyperEngine(  684): onHyperFactorChanged scenario type Normal: apply policy 0x00
04-21 12:02:48.874 I/HyperEngine(  684): applyPolicy CpusetConfig, id: 0x00
04-21 12:02:48.874 I/HyperEngine(  684): applyPolicy DeviceFreqConfig, id: 0x00
04-21 12:02:48.874 I/HyperEngine(  684): applyPolicy IOConfig, id: 0x00
04-21 12:02:48.874 I/HyperEngine(  684): applyPolicy SchedConfig, id: 0x00
04-21 12:02:48.875 I/HyperEngine(  684): requestAction : {"eventType":"WindowsAnimation","eventInfo":{"packageName":"com.impos2.mixcretailassemblyrn84"}}
04-21 12:02:48.875 D/ScenePolicyTrigger(  888): requestAction: {"eventType":"WindowsAnimation","eventInfo":{"packageName":"com.impos2.mixcretailassemblyrn84"}}
04-21 12:02:48.876 I/android_os_HwBinder(  888): HwBinder: Starting thread pool for getting: com.sunmi.hyper_engine@1.0::IHyperEngine/default
04-21 12:02:48.876 I/HyperEngine(  684): requestAction : {"eventType":"SqliteMode","eventInfo":{"packageName":"com.impos2.mixcretailassemblyrn84"}}
04-21 12:02:48.876 I/ScenePolicyTrigger(  888): isSqliteMode return:{"method":"SqliteMode","return_code":false,"return_msg":"ok"}
04-21 12:02:48.904 W/unknown:BridgelessReact(30017): ReactHost{0}.getOrCreateReactInstanceTask(): Loading JS Bundle
04-21 12:02:48.905 W/unknown:BridgelessReact(30017): ReactHost{0}.getOrCreateReactInstanceTask(): DevSupportManager.onNewReactContextCreated()
04-21 12:02:48.905 W/unknown:BridgelessReact(30017): ReactHost{0}.startSurface(surfaceId = 0): Execute
04-21 12:02:48.905 D/CoreBackPreview(  888): Window{ae6c7df u0 com.impos2.mixcretailassemblyrn84/com.impos2.mixcretailassemblyrn84.SecondaryActivity}: Setting back callback OnBackInvokedCallbackInfo{mCallback=android.window.IOnBackInvokedCallback$Stub$Proxy@9de36f5, mPriority=0, mIsAnimationCallback=false}
04-21 12:02:48.918 I/hwservicemanager(  287): getTransport: Cannot find entry android.hardware.graphics.allocator@4.0::IAllocator/default in either framework or device VINTF manifest.
04-21 12:02:48.919 I/android.hardware.graphics.allocator-V1-service(  342): alloc_format: RGBA_8888 + AFBC + SPLIT + WIDE + SPARSE + Datatype: UNORM
04-21 12:02:48.919 I/android.hardware.graphics.allocator-V1-service(  342): mali_gralloc_adjust_dimensions: alloc_format=RGBA_8888 + AFBC + SPLIT + WIDE + SPARSE + Datatype: UNORM usage=TEXTURE + RENDER + HWC alloc_width=1920, alloc_height=1088
04-21 12:02:48.921 I/android.hardware.graphics.allocator-V1-service(  342): Writing AFBC header layout 0 for format 1, n_headers: 8160
04-21 12:02:48.921 D/android.hardware.graphics.allocator-V1-service(  342): got new private_handle_t instance for buffer 'VRI[SecondaryActivity]#0(BLAST Consumer)0'. share_fd : 10, share_attr_fd : 11, width : 1920, height : 1080, req_format : 0x1, producer_usage : 0xb00, consumer_usage : 0xb00, , stride : 0, alloc_format_base: 1, alloc_format_modifiers: 0x04190000, size : 8486912, layer_count : 1, backing_store_id: 0x156000060c1
04-21 12:02:48.921 D/android.hardware.graphics.allocator-V1-service(  342): plane_info[0]: offset : 0, byte_stride : 7680, alloc_width : 1920, alloc_height : 1088
04-21 12:02:48.921 D/android.hardware.graphics.allocator-V1-service(  342): plane_info[1]: offset : 0, byte_stride : 0, alloc_width : 0, alloc_height : 0
04-21 12:02:48.921 I/android.hardware.graphics.allocator-V1-service(  342): alloc_format: RGBA_8888 + AFBC + SPLIT + WIDE + SPARSE + Datatype: UNORM
04-21 12:02:48.922 I/android.hardware.graphics.allocator-V1-service(  342): mali_gralloc_adjust_dimensions: alloc_format=RGBA_8888 + AFBC + SPLIT + WIDE + SPARSE + Datatype: UNORM usage=TEXTURE + RENDER + HWC alloc_width=1920, alloc_height=1088
04-21 12:02:48.923 I/ReactNativeJS(30017): Running "MixcRetailAssemblyRN84"
04-21 12:02:48.923 I/android.hardware.graphics.allocator-V1-service(  342): Writing AFBC header layout 0 for format 1, n_headers: 8160
04-21 12:02:48.923 D/android.hardware.graphics.allocator-V1-service(  342): got new private_handle_t instance for buffer 'VRI[SecondaryActivity]#0(BLAST Consumer)0'. share_fd : 10, share_attr_fd : 11, width : 1920, height : 1080, req_format : 0x1, producer_usage : 0xb00, consumer_usage : 0xb00, , stride : 0, alloc_format_base: 1, alloc_format_modifiers: 0x04190000, size : 8486912, layer_count : 1, backing_store_id: 0x156000060c2
04-21 12:02:48.923 D/android.hardware.graphics.allocator-V1-service(  342): plane_info[0]: offset : 0, byte_stride : 7680, alloc_width : 1920, alloc_height : 1088
04-21 12:02:48.923 D/android.hardware.graphics.allocator-V1-service(  342): plane_info[1]: offset : 0, byte_stride : 0, alloc_width : 0, alloc_height : 0
04-21 12:02:48.924 I/android.hardware.graphics.allocator-V1-service(  342): alloc_format: RGBA_8888 + AFBC + SPLIT + WIDE + SPARSE + Datatype: UNORM
04-21 12:02:48.924 I/android.hardware.graphics.allocator-V1-service(  342): mali_gralloc_adjust_dimensions: alloc_format=RGBA_8888 + AFBC + SPLIT + WIDE + SPARSE + Datatype: UNORM usage=TEXTURE + RENDER + HWC alloc_width=1920, alloc_height=1088
04-21 12:02:48.925 I/android.hardware.graphics.allocator-V1-service(  342): Writing AFBC header layout 0 for format 1, n_headers: 8160
04-21 12:02:48.925 D/android.hardware.graphics.allocator-V1-service(  342): got new private_handle_t instance for buffer 'VRI[SecondaryActivity]#0(BLAST Consumer)0'. share_fd : 10, share_attr_fd : 11, width : 1920, height : 1080, req_format : 0x1, producer_usage : 0xb00, consumer_usage : 0xb00, , stride : 0, alloc_format_base: 1, alloc_format_modifiers: 0x04190000, size : 8486912, layer_count : 1, backing_store_id: 0x156000060c3
04-21 12:02:48.925 D/android.hardware.graphics.allocator-V1-service(  342): plane_info[0]: offset : 0, byte_stride : 7680, alloc_width : 1920, alloc_height : 1088
04-21 12:02:48.925 D/android.hardware.graphics.allocator-V1-service(  342): plane_info[1]: offset : 0, byte_stride : 0, alloc_width : 0, alloc_height : 0
04-21 12:02:48.937 W/unknown:ViewManagerPropertyUpdater(30017): Could not find generated setter for class com.horcrux.svg.RenderableViewManager$DefsViewManager
04-21 12:02:48.947 W/unknown:ViewManagerPropertyUpdater(30017): Could not find generated setter for class com.horcrux.svg.VirtualViewManager$c
04-21 12:02:48.957 W/unknown:ViewManagerPropertyUpdater(30017): Could not find generated setter for class com.horcrux.svg.RenderableViewManager$FeMergeManager
04-21 12:02:48.959 W/unknown:BridgelessReact(30017): ReactHost{0}.ReactContext.onHostResume()
04-21 12:02:48.959 W/unknown:BridgelessReact(30017): ReactHost{0}.getOrCreateReactInstanceTask(): Executing ReactInstanceEventListeners
04-21 12:02:48.964 I/ActivityTaskManager(  888): Displayed com.impos2.mixcretailassemblyrn84/.SecondaryActivity for user 0: +372ms
04-21 12:02:48.965 W/unknown:ViewManagerPropertyUpdater(30017): Could not find generated setter for class com.facebook.react.views.safeareaview.ReactSafeAreaViewManager
04-21 12:02:48.968 W/unknown:ViewManagerPropertyUpdater(30017): Could not find generated setter for class com.facebook.react.uimanager.V
04-21 12:02:48.968 V/WindowManager(  888): getPackagePerformanceMode -- ComponentInfo{com.impos2.mixcretailassemblyrn84/com.impos2.mixcretailassemblyrn84.MainActivity} -- com.impos2.mixcretailassemblyrn84 -- mode=0
04-21 12:02:48.968 W/android.hardwar(  688): type=1400 audit(0.0:8734): avc:  denied  { read } for  name="u:object_r:vendor_sculptor_prop:s0" dev="tmpfs" ino=383 scontext=u:r:hal_power_default:s0 tcontext=u:object_r:vendor_sculptor_prop:s0 tclass=file permissive=0
04-21 12:02:48.971 W/unknown:ViewManagerPropertyUpdater(30017): Could not find generated setter for class com.horcrux.svg.RenderableViewManager$LinearGradientManager
04-21 12:02:48.971 W/libc    (  688): Access denied finding property "vendor.sculptor.enable"
04-21 12:02:48.972 D/CompatibilityChangeReporter(  888): Compat change id reported: 214016041; UID 10139; state: ENABLED
04-21 12:02:48.972 I/ImeTracker(  888): com.impos2.mixcretailassemblyrn84:c30f9233: onRequestHide at ORIGIN_SERVER_HIDE_INPUT reason HIDE_UNSPECIFIED_WINDOW
04-21 12:02:48.973 I/ImeTracker(  888): com.impos2.mixcretailassemblyrn84:c30f9233: onCancelled at PHASE_SERVER_SHOULD_HIDE
04-21 12:02:48.974 W/unknown:ViewManagerPropertyUpdater(30017): Could not find generated setter for class com.horcrux.svg.RenderableViewManager$FeGaussianBlurManager
04-21 12:02:48.976 W/libprocessgroup(  888): SetCgroup::ExecuteForProcess: failed to open /dev/stune/background/cgroup.procs: No such file or directory
04-21 12:02:48.977 W/unknown:ViewManagerPropertyUpdater(30017): Could not find generated setter for class com.facebook.react.views.progressbar.ReactProgressBarViewManager
04-21 12:02:48.978 I/GoogleInputMethodService( 1750): GoogleInputMethodService.onDestroy():1487 
04-21 12:02:48.978 W/unknown:ViewManagerPropertyUpdater(30017): Could not find generated setter for class com.facebook.react.views.progressbar.b
04-21 12:02:48.978 I/HardKeyTracker( 1750): HardKeyTracker.unregisterKeySequence():183 Unregister key sequence lmm{labelResId=2132019861, callback=bzi@6e74f4f, lastModifier=2, keyCodes=[47], actions=[0]}
04-21 12:02:48.979 I/ModuleManager( 1750): ModuleManager$ModuleInitListener.maybeUnloadModuleOnUnavailable():1288 module dlu is unavailable
04-21 12:02:48.979 I/ModuleManager( 1750): ModuleManager$ModuleInitListener.maybeUnloadModuleOnUnavailable():1288 module kde is unavailable
04-21 12:02:48.979 I/ModuleManager( 1750): ModuleManager$ModuleInitListener.maybeUnloadModuleOnUnavailable():1288 module kof is unavailable
04-21 12:02:48.980 I/HardKeyTracker( 1750): HardKeyTracker.unregisterKeySequence():183 Unregister key sequence lmm{labelResId=0, callback=jvl@603eba, lastModifier=0, keyCodes=[204], actions=[0]}
04-21 12:02:48.980 I/ModuleManager( 1750): ModuleManager$ModuleInitListener.maybeUnloadModuleOnUnavailable():1288 module koj is unavailable
04-21 12:02:48.981 W/unknown:ViewManagerPropertyUpdater(30017): Could not find generated setter for class com.facebook.react.views.scroll.ReactHorizontalScrollViewManager
04-21 12:02:48.984 W/libprocessgroup(  888): SetCgroup::ExecuteForProcess: failed to open /dev/stune/top-app/cgroup.procs: No such file or directory
04-21 12:02:48.985 I/ModuleManager( 1750): ModuleManager$ModuleInitListener.maybeUnloadModuleOnUnavailable():1288 module lqb is unavailable
04-21 12:02:48.985 I/ModuleManager( 1750): ModuleManager$ModuleInitListener.maybeUnloadModuleOnUnavailable():1288 module jia is unavailable
04-21 12:02:48.986 W/unknown:ViewManagerPropertyUpdater(30017): Could not find generated setter for class com.facebook.react.views.text.ReactTextViewManager
04-21 12:02:48.986 I/EmojifyExtensionImpl( 1750): EmojifyExtensionImpl.onDestroy():603 Destroying Emojify extension egx@f4b6cd.
04-21 12:02:48.987 I/ModuleManager( 1750): ModuleManager$ModuleInitListener.maybeUnloadModuleOnUnavailable():1288 module dog is unavailable
04-21 12:02:48.987 I/ModuleManager( 1750): ModuleManager$ModuleInitListener.maybeUnloadModuleOnUnavailable():1288 module gqs is unavailable
04-21 12:02:48.987 I/ModuleManager( 1750): ModuleManager$ModuleInitListener.maybeUnloadModuleOnUnavailable():1288 module ech is unavailable
04-21 12:02:48.988 W/AccessPointsManager( 1750): AccessPointsManager.removeAccessPoint():918 The holder controller #0x7f0b2098 is not registered
04-21 12:02:48.988 I/ModuleManager( 1750): ModuleManager$ModuleInitListener.maybeUnloadModuleOnUnavailable():1288 module dlz is unavailable
04-21 12:02:48.988 I/AccessPointsListHolderController( 1750): AccessPointsListHolderController.removeAccessPoint():345 The access point textediting is not added
04-21 12:02:48.988 I/ModuleManager( 1750): ModuleManager$ModuleInitListener.maybeUnloadModuleOnUnavailable():1288 module gmv is unavailable
04-21 12:02:48.988 I/AccessPointsListHolderController( 1750): AccessPointsListHolderController.removeAccessPoint():345 The access point settings is not added
04-21 12:02:48.988 I/ModuleManager( 1750): ModuleManager$ModuleInitListener.maybeUnloadModuleOnUnavailable():1288 module llz is unavailable
04-21 12:02:48.988 I/AccessPointsListHolderController( 1750): AccessPointsListHolderController.removeAccessPoint():345 The access point theme_setting is not added
04-21 12:02:48.989 I/ModuleManager( 1750): ModuleManager$ModuleInitListener.maybeUnloadModuleOnUnavailable():1288 module ltc is unavailable
04-21 12:02:48.989 W/unknown:ViewManagerPropertyUpdater(30017): Could not find generated setter for class com.facebook.react.views.text.j
04-21 12:02:48.989 I/ModuleManager( 1750): ModuleManager$ModuleInitListener.maybeUnloadModuleOnUnavailable():1288 module fxu is unavailable
04-21 12:02:48.990 I/ModuleManager( 1750): ModuleManager$ModuleInitListener.maybeUnloadModuleOnUnavailable():1288 module eol is unavailable
04-21 12:02:48.990 I/ModuleManager( 1750): ModuleManager$ModuleInitListener.maybeUnloadModuleOnUnavailable():1288 module egk is unavailable
04-21 12:02:48.990 I/AbstractOpenableExtension( 1750): AbstractOpenableExtension.maybeDestroyExistingKeyboardGroupManager():535 Destroy existing keyboard group manager in fxd
04-21 12:02:48.990 I/ModuleManager( 1750): ModuleManager$ModuleInitListener.maybeUnloadModuleOnUnavailable():1288 module FastAccessBarExtension is unavailable
04-21 12:02:48.990 I/ModuleManager( 1750): ModuleManager$ModuleInitListener.maybeUnloadModuleOnUnavailable():1288 module IBitmojiExtension is unavailable
04-21 12:02:48.990 I/ModuleManager( 1750): ModuleManager$ModuleInitListener.maybeUnloadModuleOnUnavailable():1288 module ftp is unavailable
04-21 12:02:48.990 I/ModuleManager( 1750): ModuleManager$ModuleInitListener.maybeUnloadModuleOnUnavailable():1288 module IUniversalMediaExtension is unavailable
04-21 12:02:48.990 I/ModuleManager( 1750): ModuleManager$ModuleInitListener.maybeUnloadModuleOnUnavailable():1288 module fhh is unavailable
04-21 12:02:48.990 I/ModuleManager( 1750): ModuleManager$ModuleInitListener.maybeUnloadModuleOnUnavailable():1288 module edj is unavailable
04-21 12:02:48.991 I/ModuleManager( 1750): ModuleManager$ModuleInitListener.maybeUnloadModuleOnUnavailable():1288 module eff is unavailable
04-21 12:02:48.991 I/ModuleManager( 1750): ModuleManager$ModuleInitListener.maybeUnloadModuleOnUnavailable():1288 module eyf is unavailable
04-21 12:02:48.991 I/ModuleManager( 1750): ModuleManager$ModuleInitListener.maybeUnloadModuleOnUnavailable():1288 module ffu is unavailable
04-21 12:02:48.991 I/JapaneseMozcExtension( 1750): JapaneseMozcExtension.onDestroy():52 
04-21 12:02:48.991 I/InputActionMetricsProcessor( 1750): InputActionMetricsProcessor.onDetached():96 Detached from metrics manager.
04-21 12:02:48.991 I/ModuleManager( 1750): ModuleManager$ModuleInitListener.maybeUnloadModuleOnUnavailable():1288 module fkk is unavailable
04-21 12:02:48.991 I/ModuleManager( 1750): ModuleManager$ModuleInitListener.maybeUnloadModuleOnUnavailable():1288 module frr is unavailable
04-21 12:02:48.992 I/ModuleManager( 1750): ModuleManager$ModuleInitListener.maybeUnloadModuleOnUnavailable():1288 module fsu is unavailable
04-21 12:02:48.992 I/ModuleManager( 1750): ModuleManager$ModuleInitListener.maybeUnloadModuleOnUnavailable():1288 module IEmojiOrGifExtension is unavailable
04-21 12:02:48.992 I/ModuleManager( 1750): ModuleManager$ModuleInitListener.maybeUnloadModuleOnUnavailable():1288 module IEmoticonExtension is unavailable
04-21 12:02:48.992 I/ModuleManager( 1750): ModuleManager$ModuleInitListener.maybeUnloadModuleOnUnavailable():1288 module fwa is unavailable
04-21 12:02:48.992 I/ModuleManager( 1750): ModuleManager$ModuleInitListener.maybeUnloadModuleOnUnavailable():1288 module fzk is unavailable
04-21 12:02:48.992 I/ModuleManager( 1750): ModuleManager$ModuleInitListener.maybeUnloadModuleOnUnavailable():1288 module gru is unavailable
04-21 12:02:48.992 I/OnDevicePackDownloadModule( 1750): OnDevicePackDownloadModule.onDestroy():95 onDestroy()
04-21 12:02:48.992 I/ModuleManager( 1750): ModuleManager$ModuleInitListener.maybeUnloadModuleOnUnavailable():1288 module gwv is unavailable
04-21 12:02:48.992 I/NewS3RecognizerModule( 1750): NewS3RecognizerModule.onDestroy():21 onDestroy [news3]
04-21 12:02:48.992 I/ModuleManager( 1750): ModuleManager$ModuleInitListener.maybeUnloadModuleOnUnavailable():1288 module gza is unavailable
04-21 12:02:48.992 W/unknown:ViewManagerPropertyUpdater(30017): Could not find generated setter for class com.horcrux.svg.RenderableViewManager$FeColorMatrixManager
04-21 12:02:48.993 I/ModuleManager( 1750): ModuleManager$ModuleInitListener.maybeUnloadModuleOnUnavailable():1288 module fuf is unavailable
04-21 12:02:48.993 I/ModuleManager( 1750): ModuleManager$ModuleInitListener.maybeUnloadModuleOnUnavailable():1288 module fuj is unavailable
04-21 12:02:48.993 I/ModuleManager( 1750): ModuleManager$ModuleInitListener.maybeUnloadModuleOnUnavailable():1288 module kob is unavailable
04-21 12:02:48.993 I/ModuleManager( 1750): ModuleManager$ModuleInitListener.maybeUnloadModuleOnUnavailable():1288 module inr is unavailable
04-21 12:02:48.993 I/ModuleManager( 1750): ModuleManager$ModuleInitListener.maybeUnloadModuleOnUnavailable():1288 module IBannerExtension is unavailable
04-21 12:02:48.995 I/ModuleManager( 1750): ModuleManager$ModuleInitListener.maybeUnloadModuleOnUnavailable():1288 module dpl is unavailable
04-21 12:02:48.995 I/ModuleManager( 1750): ModuleManager$ModuleInitListener.maybeUnloadModuleOnUnavailable():1288 module IGifKeyboardExtension is unavailable
04-21 12:02:48.995 I/ModuleManager( 1750): ModuleManager$ModuleInitListener.maybeUnloadModuleOnUnavailable():1288 module gmu is unavailable
04-21 12:02:48.996 I/ModuleManager( 1750): ModuleManager$ModuleInitListener.maybeUnloadModuleOnUnavailable():1288 module IStickerExtension is unavailable
04-21 12:02:48.996 I/ModuleManager( 1750): ModuleManager$ModuleInitListener.maybeUnloadModuleOnUnavailable():1288 module ITranslateUIExtension is unavailable
04-21 12:02:48.996 I/HardKeyTracker( 1750): HardKeyTracker.unregisterKeySequence():183 Unregister key sequence lmm{labelResId=2132019852, callback=fpg@46ea851, lastModifier=0, keyCodes=[57, 57], actions=[1, 0]}
04-21 12:02:48.997 W/unknown:ViewManagerPropertyUpdater(30017): Could not find generated setter for class com.facebook.react.views.scroll.ReactHorizontalScrollContainerViewManager
04-21 12:02:48.997 I/HardKeyTracker( 1750): HardKeyTracker.unregisterKeySequence():183 Unregister key sequence lmm{labelResId=0, callback=fpg@c69a524, lastModifier=0, keyCodes=[58, 58], actions=[1, 0]}
04-21 12:02:48.997 I/AbstractOpenableExtension( 1750): AbstractOpenableExtension.maybeDestroyExistingKeyboardGroupManager():535 Destroy existing keyboard group manager in fvb
04-21 12:02:48.997 I/ModuleManager( 1750): ModuleManager$ModuleInitListener.maybeUnloadModuleOnUnavailable():1288 module IEmojiSearchExtension is unavailable
04-21 12:02:48.998 I/ModuleManager( 1750): ModuleManager$ModuleInitListener.maybeUnloadModuleOnUnavailable():1288 module ecc is unavailable
04-21 12:02:49.001 W/unknown:ViewManagerPropertyUpdater(30017): Could not find generated setter for class com.horcrux.svg.RenderableViewManager$ClipPathViewManager
04-21 12:02:49.002 W/GoogleApiManager( 1750): The service for hgg is not available: hgq{statusCode=SERVICE_DISABLED, resolution=null, message=null}
04-21 12:02:49.004 I/GoogleInputMethodService( 1750): GoogleInputMethodService.onDestroy():1522 Maybe update OEM display config because of service destruction
04-21 12:02:49.005 I/GoogleInputMethodService( 1750): GoogleInputMethodService.onFinishInput():3184 
04-21 12:02:49.005 W/unknown:ViewManagerPropertyUpdater(30017): Could not find generated setter for class com.horcrux.svg.RenderableViewManager$SymbolManager
04-21 12:02:49.006 I/GoogleInputMethodService( 1750): GoogleInputMethodService.updateDeviceLockedStatus():2246 repeatCheckTimes = 0, locked = false
04-21 12:02:49.007 W/InputManager-JNI(  888): Input channel object '4ea0947 InputMethod (client)' was disposed without first being removed with the input manager!
04-21 12:02:49.009 W/unknown:ViewManagerPropertyUpdater(30017): Could not find generated setter for class com.horcrux.svg.RenderableViewManager$PatternManager
04-21 12:02:49.012 I/GoogleInputMethodService( 1750): GoogleInputMethodService.clearInputMethodServiceData():1603 clearInputMethodServiceData for onDestroy
04-21 12:02:49.013 I/GoogleInputMethodService( 1750): GoogleInputMethodService.discardAllKeyboardViewAndInputView():1813 discardAllKeyboardViewAndInputView()
04-21 12:02:49.013 I/KeyboardModeManager( 1750): KeyboardModeManager.setInputViewKeyboardViewHolderProvider():618 setInputView() : supportsOneHandedMode=false supportsSplitMode=true
04-21 12:02:49.013 I/NormalModeController( 1750): NormalModeController.getKeyboardBodyViewHolderPaddingBottom():104 currentPrimeKeyboardType:HARD_QWERTY systemPaddingBottom:-1
04-21 12:02:49.013 I/KeyboardModeManager( 1750): KeyboardModeManager.setInputViewKeyboardViewHolderProvider():606 setInputView() : supportsOneHandedMode=false, supportSplitMode=true
04-21 12:02:49.013 I/InputMethodEntryManager( 1750): InputMethodEntryManager.notifyCurrentInputMethodEntryOnContextChanged():539 notifyCurrentInputMethodEntryOnContextChanged()
04-21 12:02:49.014 I/InputMethodEntryManager( 1750): InputMethodEntryManager.notifyCurrentInputMethodEntryOnContextChanged():560 Notify current input method entry changed on context change
04-21 12:02:49.014 I/KeyboardThemeProvider( 1750): KeyboardThemeProvider.reset():40 Reset keyboard theme
04-21 12:02:49.014 I/KeyboardContextProvider( 1750): KeyboardContextProvider.setBaseContextAndInvalidKeyboardContextCache():88 setBaseContextAndInvalidKeyboardContextCache(): null
04-21 12:02:49.014 W/unknown:ViewManagerPropertyUpdater(30017): Could not find generated setter for class com.horcrux.svg.RenderableViewManager$FeBlendManager
04-21 12:02:49.017 W/unknown:ViewManagerPropertyUpdater(30017): Could not find generated setter for class com.facebook.react.views.view.ReactViewManager
04-21 12:02:49.017 I/GoogleInputMethodService( 1750): GoogleInputMethodService.onCreate():1009 
04-21 12:02:49.020 W/unknown:ViewManagerPropertyUpdater(30017): Could not find generated setter for class com.horcrux.svg.SvgViewManager
04-21 12:02:49.024 I/GoogleInputMethodService( 1750): GoogleInputMethodService.onCreate():1019 Maybe update OEM display config because of service creation
04-21 12:02:49.024 W/unknown:ViewManagerPropertyUpdater(30017): Could not find generated setter for class com.facebook.react.views.switchview.ReactSwitchManager
04-21 12:02:49.025 I/WindowMetricsNotification( 1750): WindowMetricsNotification.notify():134 WindowMetricsNotification{bounds=Rect(0, 36 - 1920, 1080), insets=Rect(0, 0 - 0, 0), densityDpi=240, smallestScreenWidthDp=720, displayWidth=1920, displayHeight=1080, xdpi=717.176, ydpi=226.71, isTrustable=true}; DisplayMetrics{density=1.5, width=1920, height=1080, scaledDensity=1.5, xdpi=717.176, ydpi=226.71}
04-21 12:02:49.025 I/WindowMetricsHelper( 1750): WindowMetricsHelper.predictAndNotify():140 Window metrics predicted.
04-21 12:02:49.025 I/InputMethodEntryManager( 1750): InputMethodEntryManager.notifyCurrentInputMethodEntryOnContextChanged():539 notifyCurrentInputMethodEntryOnContextChanged()
04-21 12:02:49.025 I/InputMethodEntryManager( 1750): InputMethodEntryManager.notifyCurrentInputMethodEntryOnContextChanged():560 Notify current input method entry changed on context change
04-21 12:02:49.025 W/unknown:ViewManagerPropertyUpdater(30017): Could not find generated setter for class com.facebook.react.views.switchview.d
04-21 12:02:49.026 I/KeyboardContextProvider( 1750): KeyboardContextProvider.setBaseContextAndInvalidKeyboardContextCache():88 setBaseContextAndInvalidKeyboardContextCache(): com.android.inputmethod.latin.LatinIME@c898769
04-21 12:02:49.027 E/GoogleInputMethodService( 1750): GoogleInputMethodService.getAppEditorInfo():2853 App EditorInfo should never be null.
04-21 12:02:49.028 W/unknown:ViewManagerPropertyUpdater(30017): Could not find generated setter for class com.horcrux.svg.RenderableViewManager$UseViewManager
04-21 12:02:49.029 I/StyledKeyboardThemeBuilder( 1750): StyledKeyboardThemeBuilder.build():147 Pref: [], themeName: [silk:], darkMode: [false], cacheKey: [overlay_builtin_dynamic_color_light_base.binarypb:dynamic-gm3-light-fffdfcff-ff3a608f-319763b53e9f733d8531a842cf65c071]
04-21 12:02:49.031 I/KeyboardThemeProvider( 1750): KeyboardThemeProvider.applyKeyboardTheme():27 Apply keyboard theme: theme_border_keyboard_mode_screen_size_5_5_keyboard_mode_screen_width_large_stylesheet_noshadow_gsans_pillkey_silkpopup_light_tablet_keyboard_width_tablet_extra_large_navredesign_600_overlay_builtin_dynamic_color_light_base.binarypb:dynamic-gm3-light-fffdfcff-ff3a608f-319763b53e9f733d8531a842cf65c071_land
04-21 12:02:49.032 W/unknown:ViewManagerPropertyUpdater(30017): Could not find generated setter for class com.horcrux.svg.RenderableViewManager$CircleViewManager
04-21 12:02:49.032 I/KeyboardContextProvider( 1750): KeyboardContextProvider$KeyboardContextCache.createKeyboardContext():173 createKeyboardContext(): zh-CN, jey@2bd3b20(com.android.inputmethod.latin.LatinIME@c898769), {1.0 ?mcc0mnc [zh_CN] ldltr sw720dp w1280dp h720dp 240dpi xlrg long land finger qwerty/v/v -nav/h winConfig={ mBounds=Rect(0, 0 - 1920, 1080) mAppBounds=Rect(0, 0 - 1920, 1080) mMaxBounds=Rect(0, 0 - 1920, 1080) mDisplayRotation=ROTATION_0 mWindowingMode=fullscreen mDisplayWindowingMode=fullscreen mActivityType=undefined mAlwaysOnTop=undefined mRotation=ROTATION_0} s.911 fontWeightAdjustment=0}
04-21 12:02:49.035 W/GoogleApiManager( 1750): The service for hgg is not available: hgq{statusCode=SERVICE_DISABLED, resolution=null, message=null}
04-21 12:02:49.035 W/GoogleApiManager( 1750): The service for hgg is not available: hgq{statusCode=SERVICE_DISABLED, resolution=null, message=null}
04-21 12:02:49.036 W/unknown:ViewManagerPropertyUpdater(30017): Could not find generated setter for class com.horcrux.svg.RenderableViewManager$TSpanViewManager
04-21 12:02:49.037 I/KeyboardHeightUtil( 1750): KeyboardHeightUtil.calculateMaxKeyboardBodyHeight():45 leave 161 height for app when ime window height:1044, header height:81 and isFullscreenMode:false, so the max keyboard body height is:802
04-21 12:02:49.037 I/KeyboardHeightUtil( 1750): KeyboardHeightUtil.calculateMaxKeyboardBodyHeight():45 leave 161 height for app when ime window height:1044, header height:81 and isFullscreenMode:false, so the max keyboard body height is:802
04-21 12:02:49.037 I/NormalModeController( 1750): NormalModeController.getKeyboardBodyViewHolderPaddingBottom():104 currentPrimeKeyboardType:SOFT systemPaddingBottom:-1
04-21 12:02:49.037 I/GoogleInputMethodService( 1750): GoogleInputMethodService.onCurrentInputMethodEntryChanged():3666 onCurrentInputMethodEntryChanged(): imeDefsChanged=false, initializedEntryChanged=true, keyboardContextChanged=true
04-21 12:02:49.038 I/GoogleInputMethodService( 1750): GoogleInputMethodService.clearInputMethodServiceData():1603 clearInputMethodServiceData for entryChange
04-21 12:02:49.038 I/KeyboardHeightUtil( 1750): KeyboardHeightUtil.calculateMaxKeyboardBodyHeight():45 leave 161 height for app when ime window height:1044, header height:81 and isFullscreenMode:false, so the max keyboard body height is:802
04-21 12:02:49.038 I/KeyboardHeightUtil( 1750): KeyboardHeightUtil.calculateMaxKeyboardBodyHeight():45 leave 161 height for app when ime window height:1044, header height:81 and isFullscreenMode:false, so the max keyboard body height is:802
04-21 12:02:49.038 W/GoogleApiManager( 1750): The service for hgg is not available: hgq{statusCode=SERVICE_DISABLED, resolution=null, message=null}
04-21 12:02:49.038 I/KeyboardModeManager( 1750): KeyboardModeManager.onCurrentInputMethodEntryChanged():1112 Reload data for context change
04-21 12:02:49.038 I/GoogleInputMethodService( 1750): GoogleInputMethodService.initializeInputMethodServiceData():1361 initializeInputMethodServiceData for kbr{languageTag=zh-CN, variant=qwerty, hasLocalizedResources=true, conditionCacheKey=_app_first_start_timestamp=1766456477730_cache_additional_ime_defs_for_condition_change=false_cache_ime_defs_for_condition_change=false_device=tablet_device_size=default_enable_chinese_9key_foldable_split=false_enable_chinese_inline_composing_shape_based=false_enable_chinese_inline_composing_zh_cn=false_enable_flick_symbols=false_enable_more_candidates_view_for_multilingual=false_enable_number_row=false_enable_preemptive_decode=true_enable_secondary_digits=true_enable_secondary_symbols=false_enable_show_foldable_layout_on_small_tablet=false_enable_transliteration_tablet_floating_ui_v2=false_enable_voice_in_chinese=false_expressions=normal_four_or_more_letter_rows=false_keyboard_mode=normal_language=zh-CN_orientation=landscape_physical_keyboard=qwerty_pref_enable_chinese_inline_composing_cn=false_rtl_layout=false_show_secondary_digits=true_show_suggestions=true_split_keyboard_handedness_zh=right_split_with_duplicate_keys=true_variant=qwerty, imeDef.stringId=ime_zh_cn, imeDef.className=com.google.android.apps.inputmethod.libs.chinese.ime.AsyncChineseProcessorBasedIme, imeDef.languageTag=zh-CN}
04-21 12:02:49.038 E/GoogleInputMethodService( 1750): GoogleInputMethodService.getAppEditorInfo():2853 App EditorInfo should never be null.
