04-21 12:02:49.320 I/assembly.kernel.base.runtime-shell-v2.application.KernelRuntimeAppV2(30017): [runtime.load] kernel runtime app v2 started {"runtimeName":"assembly.android.mixc-retail-rn84","moduleDescriptors":[{"moduleName":"assembly.android.mixc-retail-rn84","packageVersion":"1.0.0","dependencies":[],"stateSliceNames":[],"commandNames":[],"actorKeys":["assembly.android.mixc-retail-rn84.AssemblyRuntimeInitializeActor"],"errorKeys":[],"parameterKeys":[],"hasInstall":true,"hasPreSetup":true},{"moduleName":"kernel.base.topology-runtime-v3","packageVersion":"0.0.1","dependencies":[],"stateSliceNames":["kernel.base.topology-runtime-v3.config","kernel.base.topology-runtime-v3.context","kernel.base.topology-runtime-v3.connection","kernel.base.topology-runtime-v3.peer","kernel.base.topology-runtime-v3.sync","kernel.base.topology-runtime-v3.request-mirror","kernel.base.topology-runtime-v3.demo.master","kernel.base.topology-runtime-v3.demo.slave"],"commandNames":["kernel.base.topology-runtime-v3.set-instance-mode","kernel.base.topology-runtime-v3.set-display-mode","kernel.base.topology-runtime-v3.set-enable-slave","kernel.base.topology-runtime-v3.set-master-locator","kernel.base.topology-runtime-v3.clear-master-locator","kernel.base.topology-runtime-v3.refresh-topology-context","kernel.base.topology-runtime-v3.start-topology-connection","kernel.base.topology-runtime-v3.stop-topology-connection","kernel.base.topology-runtime-v3.restart-topology-connection","kernel.base.topology-runtime-v3.upsert-demo-master-entry","kernel.base.topology-runtime-v3.remove-demo-master-entry","kernel.base.topology-runtime-v3.reset-demo-master-state","kernel.base.topology-runtime-v3.upsert-demo-slave-entry","kernel.base.topology-runtime-v3.remove-demo-slave-entry","kernel.base.topology-runtime-v3.reset-demo-slave-state"],"actorKeys":["kernel.base.topology-runtime-v3.TopologyContextActor","kernel.base.topology-runtime-v3.TopologyConnectionActor","kernel.base.topology-runtime-v3.TopologyDemoSyncActor"],"errorKeys":["kernel.base.topology-runtime-v3.display_context_required","kernel.base.topology-runtime-v3.orchestrator_required","kernel.base.topology-runtime-v3.socket_binding_required","kernel.base.topology-runtime-v3.hello_runtime_required","kernel.base.topology-runtime-v3.action_not_allowed"],"parameterKeys":["kernel.base.topology-runtime-v3.reconnect-interval-ms"],"hasInstall":true,"hasPreSetup":true},{"moduleName":"kernel.base.tcp-control-runtime-v2","packageVersion":"0.0.1","dependencies":[],"stateSliceNames":["kernel.base.tcp-control-runtime-v2.identity","kernel.base.tcp-control-runtime-v2.credential","kernel.base.tcp-control-runtime-v2.binding","kernel.base.tcp-control-runtime-v2.sandbox","kernel.base.tcp-control-runtime-v2.runtime"],"commandNames":["kernel.base.tcp-control-runtime-v2.bootstrap-tcp-control","kernel.base.tcp-control-runtime-v2.bootstrap-tcp-control-succeeded","kernel.base.tcp-control-runtime-v2.activate-terminal","kernel.base.tcp-control-runtime-v2.activate-terminal-succeeded","kernel.base.tcp-control-runtime-v2.refresh-credential","kernel.base.tcp-control-runtime-v2.credential-refreshed","kernel.base.tcp-control-runtime-v2.deactivate-terminal","kernel.base.tcp-control-runtime-v2.deactivate-terminal-succeeded","kernel.base.tcp-control-runtime-v2.report-task-result","kernel.base.tcp-control-runtime-v2.task-result-reported","kernel.base.tcp-control-runtime-v2.reset-tcp-control"],"actorKeys":["kernel.base.tcp-control-runtime-v2.TcpBootstrapActor","kernel.base.tcp-control-runtime-v2.TcpActivationActor","kernel.base.tcp-control-runtime-v2.TcpCredentialActor","kernel.base.tcp-control-runtime-v2.TcpDeactivationActor","kernel.base.tcp-control-runtime-v2.TcpTaskReportActor","kernel.base.tcp-control-runtime-v2.TcpStateMutationActor"],"errorKeys":["kernel.base.tcp-control-runtime-v2.activation_code_invalid","kernel.base.tcp-control-runtime-v2.activation_failed","kernel.base.tcp-control-runtime-v2.credential_missing","kernel.base.tcp-control-runtime-v2.credential_expired","kernel.base.tcp-control-runtime-v2.refresh_failed","kernel.base.tcp
04-21 12:02:49.324 D/TrafficStats(30017): tagSocket(111) with statsTag=0xffffffff, statsUid=-1
04-21 12:02:49.325 I/assembly.android.mixc-retail-rn84.boot(30017): {"stage":"runtime.start:done","displayIndex":1,"displayCount":2,"topologyRole":"slave","topologyWsUrl":"ws://127.0.0.1:8888/mockMasterServer/ws"}
04-21 12:02:49.326 D/TrafficStats(29943): tagSocket(101) with statsTag=0xffffffff, statsUid=-1
04-21 12:02:49.326 D/TrafficStats(30017): tagSocket(113) with statsTag=0xffffffff, statsUid=-1
04-21 12:02:49.327 I/assembly.assembly.android.mixc-retail-rn84(30017): [assembly.topology] Native topology host already matches desired lifecycle state {"displayCount":2,"displayIndex":1,"deviceId":"2N4QS8GYRS","instanceMode":"SLAVE","enableSlave":false,"running":false,"reason":"not-master-or-single-primary-host"}
04-21 12:02:49.328 I/assembly.android.mixc-retail-rn84.boot(30017): {"stage":"automation.host:start","displayIndex":1,"displayCount":2,"topologyRole":"slave","topologyWsUrl":"ws://127.0.0.1:8888/mockMasterServer/ws","target":"secondary","host":"127.0.0.1","port":18585}
04-21 12:02:49.370 I/assembly.assembly.android.mixc-retail-rn84(30017): [assembly.topology] Native topology host already matches desired lifecycle state {"displayCount":2,"displayIndex":1,"deviceId":"2N4QS8GYRS","instanceMode":"SLAVE","enableSlave":false,"running":false,"reason":"not-master-or-single-primary-host"}
04-21 12:02:49.370 I/assembly.android.mixc-retail-rn84.boot(30017): {"stage":"app-load-complete:start","displayIndex":1}
04-21 12:02:49.376 I/assembly.assembly.android.mixc-retail-rn84(29943): [assembly.topology] Native topology host already matches desired lifecycle state {"displayCount":2,"displayIndex":0,"deviceId":"2N4QS8GYRS","instanceMode":"MASTER","enableSlave":true,"running":false,"reason":"not-master-or-single-primary-host"}
04-21 12:02:49.376 I/assembly.assembly.android.mixc-retail-rn84(29943): [assembly.topology] Native topology host already matches desired lifecycle state {"displayCount":2,"displayIndex":0,"deviceId":"2N4QS8GYRS","instanceMode":"MASTER","enableSlave":true,"running":false,"reason":"not-master-or-single-primary-host"}
04-21 12:02:49.376 I/assembly.assembly.android.mixc-retail-rn84(29943): [assembly.topology] Native topology host already matches desired lifecycle state {"displayCount":2,"displayIndex":0,"deviceId":"2N4QS8GYRS","instanceMode":"MASTER","enableSlave":true,"running":false,"reason":"not-master-or-single-primary-host"}
04-21 12:02:49.378 I/ReactNativeJS(29943): '[runtime-state-sync-apply]', '{"direction":"slave-to-master","incomingSliceNames":["kernel.base.topology-runtime-v3.demo.slave","kernel.base.ui-runtime-v2.screen.branch","kernel.base.ui-runtime-v2.overlay.branch","kernel.base.ui-runtime-v2.ui-variable.branch"],"appliedSliceNames":["kernel.base.topology-runtime-v3.demo.slave","kernel.base.ui-runtime-v2.screen.branch","kernel.base.ui-runtime-v2.overlay.branch","kernel.base.ui-runtime-v2.ui-variable.branch"],"skippedSliceReasons":[]}'
04-21 12:02:49.380 I/assembly.assembly.android.mixc-retail-rn84(30017): [assembly.topology] Native topology host already matches desired lifecycle state {"displayCount":2,"displayIndex":1,"deviceId":"2N4QS8GYRS","instanceMode":"SLAVE","enableSlave":false,"running":false,"reason":"not-master-or-single-primary-host"}
04-21 12:02:49.381 I/assembly.assembly.android.mixc-retail-rn84(29943): [assembly.topology] Native topology host already matches desired lifecycle state {"displayCount":2,"displayIndex":0,"deviceId":"2N4QS8GYRS","instanceMode":"MASTER","enableSlave":true,"running":false,"reason":"not-master-or-single-primary-host"}
04-21 12:02:49.381 I/assembly.assembly.android.mixc-retail-rn84(30017): [assembly.topology] Native topology host already matches desired lifecycle state {"displayCount":2,"displayIndex":1,"deviceId":"2N4QS8GYRS","instanceMode":"SLAVE","enableSlave":false,"running":false,"reason":"not-master-or-single-primary-host"}
04-21 12:02:49.381 I/assembly.assembly.android.mixc-retail-rn84(29943): [assembly.topology] Native topology host already matches desired lifecycle state {"displayCount":2,"displayIndex":0,"deviceId":"2N4QS8GYRS","instanceMode":"MASTER","enableSlave":true,"running":false,"reason":"not-master-or-single-primary-host"}
04-21 12:02:49.381 I/assembly.assembly.android.mixc-retail-rn84(30017): [assembly.topology] Native topology host already matches desired lifecycle state {"displayCount":2,"displayIndex":1,"deviceId":"2N4QS8GYRS","instanceMode":"SLAVE","enableSlave":false,"running":false,"reason":"not-master-or-single-primary-host"}
04-21 12:02:49.382 I/ReactNativeJS(30017): '[runtime-state-sync-apply]', '{"direction":"master-to-slave","incomingSliceNames":["kernel.base.topology-runtime-v3.demo.master","kernel.base.tcp-control-runtime-v2.identity","kernel.base.tcp-control-runtime-v2.credential","kernel.base.tcp-control-runtime-v2.binding","kernel.base.tcp-control-runtime-v2.sandbox","kernel.base.tdp-sync-runtime-v2.hot-update","kernel.base.ui-runtime-v2.screen.main","kernel.base.ui-runtime-v2.overlay.main","kernel.base.ui-runtime-v2.ui-variable.main"],"appliedSliceNames":["kernel.base.topology-runtime-v3.demo.master","kernel.base.tcp-control-runtime-v2.identity","kernel.base.tcp-control-runtime-v2.credential","kernel.base.tcp-control-runtime-v2.binding","kernel.base.tcp-control-runtime-v2.sandbox","kernel.base.tdp-sync-runtime-v2.hot-update","kernel.base.ui-runtime-v2.screen.main","kernel.base.ui-runtime-v2.overlay.main","kernel.base.ui-runtime-v2.ui-variable.main"],"skippedSliceReasons":[]}'
04-21 12:02:49.391 I/assembly.assembly.android.mixc-retail-rn84(30017): [assembly.topology] Native topology host already matches desired lifecycle state {"displayCount":2,"displayIndex":1,"deviceId":"2N4QS8GYRS","instanceMode":"SLAVE","enableSlave":false,"running":false,"reason":"not-master-or-single-primary-host"}
04-21 12:02:49.391 I/assembly.assembly.android.mixc-retail-rn84(30017): [assembly.topology] Native topology host already matches desired lifecycle state {"displayCount":2,"displayIndex":1,"deviceId":"2N4QS8GYRS","instanceMode":"SLAVE","enableSlave":false,"running":false,"reason":"not-master-or-single-primary-host"}
04-21 12:02:49.394 I/assembly.android.mixc-retail-rn84.boot(30017): {"stage":"app-load-complete:done","displayIndex":1}
04-21 12:02:49.403 I/MMKV    (29943): <MMKV_IO.cpp:609::writeActualSize> [mixc-retail-assembly-rn84::state] increase sequence to 32, crc 2392445012, actualSize 14853
04-21 12:02:49.403 I/MMKV    (29943): <MMKV.cpp:1208::sync> MMKV::sync, SyncFlag = 1
04-21 12:02:49.846 I/rkstack.process( 1235): Background concurrent mark compact GC freed 38505(3296KB) AllocSpace objects, 0(0B) LOS objects, 49% free, 3361KB/6722KB, paused 374us,5.087ms total 40.609ms
04-21 12:02:49.846 W/rkstack.process( 1235): Reducing the number of considered missed Gc histogram windows from 133 to 100
04-21 12:02:49.972 D/TrafficStats(29943): tagSocket(104) with statsTag=0xffffffff, statsUid=-1
04-21 12:02:49.981 D/TrafficStats(29943): tagSocket(104) with statsTag=0xffffffff, statsUid=-1
04-21 12:02:49.987 D/TrafficStats(29943): tagSocket(104) with statsTag=0xffffffff, statsUid=-1
04-21 12:02:49.994 D/TrafficStats(29943): tagSocket(104) with statsTag=0xffffffff, statsUid=-1
04-21 12:02:50.326 D/TrafficStats(29943): tagSocket(104) with statsTag=0xffffffff, statsUid=-1
04-21 12:02:50.335 D/TrafficStats(29943): tagSocket(104) with statsTag=0xffffffff, statsUid=-1
04-21 12:02:50.405 D/ProfileInstaller(29943): Installing profile for com.impos2.mixcretailassemblyrn84
04-21 12:02:51.087 E/WifiStaIfaceAidlImpl(  888): getLinkLayerStats failed with service-specific exception: android.os.ServiceSpecificException: unknown error (code 9)
04-21 12:02:51.621 E/TaskPersister(  888): File error accessing recents directory (directory doesn't exist?).
04-21 12:02:54.099 E/WifiStaIfaceAidlImpl(  888): getLinkLayerStats failed with service-specific exception: android.os.ServiceSpecificException: unknown error (code 9)
04-21 12:02:55.297 D/ActivityManager(  888): freezing 4304 com.android.webview:webview_service
04-21 12:02:57.110 E/WifiStaIfaceAidlImpl(  888): getLinkLayerStats failed with service-specific exception: android.os.ServiceSpecificException: unknown error (code 9)
04-21 12:03:00.001 D/AlarmManager(  888): setImplLocked() callingPackage=android
04-21 12:03:00.123 E/WifiStaIfaceAidlImpl(  888): getLinkLayerStats failed with service-specific exception: android.os.ServiceSpecificException: unknown error (code 9)
04-21 12:03:02.156 E/android.hardware.graphics.composer3-service.rockchip(  344): wait,line=113 wait callback timeout
04-21 12:03:03.135 E/WifiStaIfaceAidlImpl(  888): getLinkLayerStats failed with service-specific exception: android.os.ServiceSpecificException: unknown error (code 9)
04-21 12:03:03.814 I/DispatchControl( 9420): 线程Id = 41，进程id = 9420，handleMessage  bean.name:sunmi_action_check_size source:com.sunmi.dataService    type:2     description:检测数据库原始数据表的size task_count:3
04-21 12:03:03.818 I/StoreControl( 9420): StoreControl 存储:sunmi_action_check_size source:com.sunmi.dataService     time:1776744119  elapsedRealtime:0
04-21 12:03:03.821 I/clh     ( 9420): clearDbData 删除数据
04-21 12:03:03.831 I/clh     ( 9420): clearDbData size :3042  maxSize:209715200
04-21 12:03:03.873 I/nmi.dataService( 9420): Explicit concurrent mark compact GC freed 2502(343KB) AllocSpace objects, 0(0B) LOS objects, 24% free, 2997KB/3996KB, paused 372us,4.543ms total 36.653ms
04-21 12:03:03.873 W/nmi.dataService( 9420): ApkAssets: Deleting an ApkAssets object '<empty> and /data/app/~~TtAnbsjwNLbzyCIaYmH89g==/com.impos2.mixcretailassemblyrn84-Ee4iVJNVH4McdKHKWJvjTA==/base.apk' with 1 weak references
04-21 12:03:04.336 I/DispatchControl( 9420): 线程Id = 41，进程id = 9420，handleMessage  bean.name:app_state_info source:com.sunmi.dataService    type:1     description:APP 操作明细 task_count:2
04-21 12:03:04.340 I/TaskControl( 9420): TaskControl 采集:app_state_info     description:APP 操作明细
04-21 12:03:04.371 I/nmi.dataService( 9420): Explicit concurrent mark compact GC freed 1133(109KB) AllocSpace objects, 0(0B) LOS objects, 24% free, 2985KB/3980KB, paused 386us,4.074ms total 28.626ms
04-21 12:03:06.146 E/WifiStaIfaceAidlImpl(  888): getLinkLayerStats failed with service-specific exception: android.os.ServiceSpecificException: unknown error (code 9)
04-21 12:03:08.535 W/ailassemblyrn84(29943): ApkAssets: Deleting an ApkAssets object '<empty> and /product/app/webview/webview.apk' with 1 weak references
04-21 12:03:09.158 E/WifiStaIfaceAidlImpl(  888): getLinkLayerStats failed with service-specific exception: android.os.ServiceSpecificException: unknown error (code 9)
04-21 12:03:12.167 E/WifiStaIfaceAidlImpl(  888): getLinkLayerStats failed with service-specific exception: android.os.ServiceSpecificException: unknown error (code 9)
04-21 12:03:15.178 E/WifiStaIfaceAidlImpl(  888): getLinkLayerStats failed with service-specific exception: android.os.ServiceSpecificException: unknown error (code 9)
04-21 12:03:16.740 W/yrn84:secondary(30017): ApkAssets: Deleting an ApkAssets object '<empty> and /product/app/webview/webview.apk' with 1 weak references
04-21 12:03:17.877 D/AlarmManager(  888): setImplLocked() callingPackage=sunmi.remotemanager
04-21 12:03:18.189 E/WifiStaIfaceAidlImpl(  888): getLinkLayerStats failed with service-specific exception: android.os.ServiceSpecificException: unknown error (code 9)
04-21 12:03:19.626 D/TrafficStats(29943): tagSocket(5) with statsTag=0xffffffff, statsUid=-1
04-21 12:03:19.628 D/TrafficStats(29943): tagSocket(104) with statsTag=0xffffffff, statsUid=-1
04-21 12:03:19.635 D/TrafficStats(29943): tagSocket(5) with statsTag=0xffffffff, statsUid=-1
04-21 12:03:19.637 D/TrafficStats(29943): tagSocket(104) with statsTag=0xffffffff, statsUid=-1
04-21 12:03:19.767 W/BpBinder(30090): Linking to death on android.gui.ISurfaceComposer but there are no threads (yet?) listening to incoming transactions. See ProcessState::startThreadPool and ProcessState::setThreadPoolMaxThreadCount. Generally you should setup the binder threadpool before other initialization steps.
04-21 12:03:19.767 W/ProcessState(30090): Extra binder thread started, but 0 threads requested. Do not use *startThreadPool when zero threads are requested.
04-21 12:03:19.768 I/android.hardware.graphics.allocator-V1-service(  342): alloc_format: RGBA_8888 + Datatype: UNORM
04-21 12:03:19.768 I/android.hardware.graphics.allocator-V1-service(  342): mali_gralloc_adjust_dimensions: alloc_format=RGBA_8888 + Datatype: UNORM usage=CPU-RoWo + TEXTURE + RENDER + HWC alloc_width=1920, alloc_height=1080
04-21 12:03:19.768 D/android.hardware.graphics.allocator-V1-service(  342): got new private_handle_t instance for buffer 'screenshot'. share_fd : 10, share_attr_fd : 11, width : 1920, height : 1080, req_format : 0x1, producer_usage : 0xb33, consumer_usage : 0xb33, , stride : 1920, alloc_format_base: 1, alloc_format_modifiers: 0x00000000, size : 8294400, layer_count : 1, backing_store_id: 0x156000060c4
04-21 12:03:19.768 D/android.hardware.graphics.allocator-V1-service(  342): plane_info[0]: offset : 0, byte_stride : 7680, alloc_width : 1920, alloc_height : 1080
04-21 12:03:19.768 D/android.hardware.graphics.allocator-V1-service(  342): plane_info[1]: offset : 0, byte_stride : 0, alloc_width : 0, alloc_height : 0
04-21 12:03:21.199 E/WifiStaIfaceAidlImpl(  888): getLinkLayerStats failed with service-specific exception: android.os.ServiceSpecificException: unknown error (code 9)
04-21 12:03:22.157 E/android.hardware.graphics.composer3-service.rockchip(  344): wait,line=113 wait callback timeout
04-21 12:03:24.211 E/WifiStaIfaceAidlImpl(  888): getLinkLayerStats failed with service-specific exception: android.os.ServiceSpecificException: unknown error (code 9)
04-21 12:03:24.345 I/DispatchControl( 9420): 线程Id = 35，进程id = 9420，handleMessage  bean.name:app_state_info source:com.sunmi.dataService    type:2     description:APP 操作明细 task_count:2
04-21 12:03:24.350 I/StoreControl( 9420): StoreControl 存储:app_state_info source:com.sunmi.dataService     time:1776744140  elapsedRealtime:0
04-21 12:03:24.361 I/clh     ( 9420): insertOriginData name:app_state_info   isOk:true
04-21 12:03:24.367 I/clh     ( 9420): name:com.sunmi.dataService   source:app_state_info useSize:154
04-21 12:03:24.374 I/clh     ( 9420): putStateUse isOk:792    sourceKey:com.sunmi.dataService_app_state_info
04-21 12:03:24.417 I/nmi.dataService( 9420): Explicit concurrent mark compact GC freed 2808(287KB) AllocSpace objects, 0(0B) LOS objects, 24% free, 2997KB/3996KB, paused 338us,4.415ms total 35.266ms
04-21 12:03:27.223 E/WifiStaIfaceAidlImpl(  888): getLinkLayerStats failed with service-specific exception: android.os.ServiceSpecificException: unknown error (code 9)
04-21 12:03:30.233 E/WifiStaIfaceAidlImpl(  888): getLinkLayerStats failed with service-specific exception: android.os.ServiceSpecificException: unknown error (code 9)
04-21 12:03:33.245 E/WifiStaIfaceAidlImpl(  888): getLinkLayerStats failed with service-specific exception: android.os.ServiceSpecificException: unknown error (code 9)
04-21 12:03:36.247 D/CompatibilityChangeReporter(  888): Compat change id reported: 161252188; UID 10139; state: DISABLED
04-21 12:03:36.247 W/APP_LOCK(  888): ===isSecureForCommon  defaultLauncher:null===
04-21 12:03:36.247 W/APP_LOCK(  888): ===isSecureForCommon  callingPackage:com.android.shell===
04-21 12:03:36.247 W/APP_LOCK(  888): ===isSecureForCommon  === defaultLauncher:com.android.launcher3===
04-21 12:03:36.247 W/APP_LOCK(  888): ===isSecureForCommon  isDefaultApp:false=== packageName : com.impos2.mixcretailassemblyrn84
04-21 12:03:36.248 I/Camera  (  888): callprocess:com.impos2.mixcretailassemblyrn84
04-21 12:03:36.249 W/ActivityTaskManager(  888): callingPackage for (uid=2000, pid=30099) has no WPC
04-21 12:03:36.250 D/CompatibilityChangeReporter(  888): Compat change id reported: 265464455; UID 10139; state: DISABLED
04-21 12:03:36.250 D/CompatibilityChangeReporter(  888): Compat change id reported: 265452344; UID 10139; state: DISABLED
04-21 12:03:36.250 D/CompatibilityChangeReporter(  888): Compat change id reported: 266124927; UID 10139; state: DISABLED
04-21 12:03:36.250 D/CompatibilityChangeReporter(  888): Compat change id reported: 265451093; UID 10139; state: DISABLED
04-21 12:03:36.250 D/CompatibilityChangeReporter(  888): Compat change id reported: 265456536; UID 10139; state: DISABLED
04-21 12:03:36.251 D/CompatibilityChangeReporter(  888): Compat change id reported: 255940284; UID 10139; state: DISABLED
04-21 12:03:36.251 D/CompatibilityChangeReporter(  888): Compat change id reported: 236283604; UID 10139; state: DISABLED
04-21 12:03:36.251 D/CompatibilityChangeReporter(  888): Compat change id reported: 263959004; UID 10139; state: DISABLED
04-21 12:03:36.251 D/CompatibilityChangeReporter(  888): Compat change id reported: 264304459; UID 10139; state: DISABLED
04-21 12:03:36.251 D/CompatibilityChangeReporter(  888): Compat change id reported: 264301586; UID 10139; state: DISABLED
04-21 12:03:36.251 D/CompatibilityChangeReporter(  888): Compat change id reported: 254631730; UID 10139; state: DISABLED
04-21 12:03:36.251 D/CompatibilityChangeReporter(  888): Compat change id reported: 273509367; UID 10139; state: DISABLED
04-21 12:03:36.251 D/CompatibilityChangeReporter(  888): Compat change id reported: 263259275; UID 10139; state: DISABLED
04-21 12:03:36.251 D/CompatibilityChangeReporter(  888): Compat change id reported: 174042980; UID 10139; state: DISABLED
04-21 12:03:36.252 D/CompatibilityChangeReporter(  888): Compat change id reported: 174042936; UID 10139; state: DISABLED
04-21 12:03:36.252 D/CompatibilityChangeReporter(  888): Compat change id reported: 181136395; UID 10139; state: DISABLED
04-21 12:03:36.252 D/CompatibilityChangeReporter(  888): Compat change id reported: 194480991; UID 10139; state: ENABLED
04-21 12:03:36.253 E/ActivityTaskManager(  888): startResult ================ 0
04-21 12:03:36.254 D/CompatibilityChangeReporter(  888): Compat change id reported: 197654537; UID 10139; state: ENABLED
04-21 12:03:36.255 W/InputDispatcher(  888): Focused display #0 does not have a focused window.
04-21 12:03:36.255 E/InputDispatcher(  888): But another display has a focused window
04-21 12:03:36.255 E/InputDispatcher(  888):   FocusedWindows:
04-21 12:03:36.255 E/InputDispatcher(  888):     displayId=2, name='ae6c7df com.impos2.mixcretailassemblyrn84/com.impos2.mixcretailassemblyrn84.SecondaryActivity'
04-21 12:03:36.255 E/WifiStaIfaceAidlImpl(  888): getLinkLayerStats failed with service-specific exception: android.os.ServiceSpecificException: unknown error (code 9)
04-21 12:03:36.258 I/Camera  (  888): callprocess:com.impos2.mixcretailassemblyrn84
04-21 12:03:36.260 I/Camera  (  888): callprocess:com.impos2.mixcretailassemblyrn84
04-21 12:03:36.261 I/Camera  (  888): callprocess:com.impos2.mixcretailassemblyrn84
04-21 12:03:36.263 D/KeyguardService( 1104): setOccluded(false)
04-21 12:03:36.263 D/KeyguardViewMediator( 1104): setOccluded(false)
04-21 12:03:36.263 D/KeyguardViewMediator( 1104): handleSetOccluded(false)
04-21 12:03:36.263 D/KeyguardViewMediator( 1104): KeyguardViewMediator queue processing message: SET_OCCLUDED
04-21 12:03:36.264 D/CompatibilityChangeReporter(  888): Compat change id reported: 194833441; UID 10139; state: ENABLED
04-21 12:03:36.265 I/ActivityTaskManager(  888): START u0 {flg=0x10000000 cmp=com.impos2.mixcretailassemblyrn84/.MainActivity} with LAUNCH_SINGLE_TASK from uid 2000 (BAL_ALLOW_PERMISSION) result code=3
04-21 12:03:36.269 W/libprocessgroup(  888): SetCgroup::ExecuteForProcess: failed to open /dev/stune/top-app/cgroup.procs: No such file or directory
04-21 12:03:36.271 D/WindowManagerShell( 1104): onActivityRestartAttempt: ComponentInfo{com.impos2.mixcretailassemblyrn84/com.impos2.mixcretailassemblyrn84.MainActivity}
04-21 12:03:36.275 W/unknown:BridgelessReact(29943): ReactHost{0}.onHostPause(activity)
04-21 12:03:36.276 W/unknown:BridgelessReact(29943): ReactHost{0}.ReactContext.onHostPause()
04-21 12:03:36.278 V/AtmsExtImpl_KioskMode(  888): Kiosk Mode isKioskApp: false
04-21 12:03:36.279 W/unknown:BridgelessReact(29943): ReactHost{0}.onHostResume(activity)
04-21 12:03:36.279 W/unknown:BridgelessReact(29943): ReactHost{0}.ReactContext.onHostResume()
04-21 12:03:36.292 D/TrafficStats(29943): tagSocket(5) with statsTag=0xffffffff, statsUid=-1
04-21 12:03:36.304 D/TrafficStats(29943): tagSocket(5) with statsTag=0xffffffff, statsUid=-1
04-21 12:03:36.316 I/ImeTracker(  888): com.impos2.mixcretailassemblyrn84:206f8c42: onRequestHide at ORIGIN_SERVER_HIDE_INPUT reason HIDE_UNSPECIFIED_WINDOW
04-21 12:03:36.317 I/ImeTracker(  888): com.impos2.mixcretailassemblyrn84:206f8c42: onCancelled at PHASE_SERVER_SHOULD_HIDE
04-21 12:03:36.318 W/libprocessgroup(  888): SetCgroup::ExecuteForProcess: failed to open /dev/stune/background/cgroup.procs: No such file or directory
04-21 12:03:36.319 I/GoogleInputMethodService( 1750): GoogleInputMethodService.onDestroy():1487 
04-21 12:03:36.319 I/HardKeyTracker( 1750): HardKeyTracker.unregisterKeySequence():183 Unregister key sequence lmm{labelResId=2132019861, callback=bzi@8f9d27b, lastModifier=2, keyCodes=[47], actions=[0]}
04-21 12:03:36.319 I/ModuleManager( 1750): ModuleManager$ModuleInitListener.maybeUnloadModuleOnUnavailable():1288 module dlu is unavailable
04-21 12:03:36.320 I/ModuleManager( 1750): ModuleManager$ModuleInitListener.maybeUnloadModuleOnUnavailable():1288 module kde is unavailable
04-21 12:03:36.320 I/ModuleManager( 1750): ModuleManager$ModuleInitListener.maybeUnloadModuleOnUnavailable():1288 module kof is unavailable
04-21 12:03:36.320 I/HardKeyTracker( 1750): HardKeyTracker.unregisterKeySequence():183 Unregister key sequence lmm{labelResId=0, callback=jvl@c474cd6, lastModifier=0, keyCodes=[204], actions=[0]}
04-21 12:03:36.321 I/ModuleManager( 1750): ModuleManager$ModuleInitListener.maybeUnloadModuleOnUnavailable():1288 module koj is unavailable
04-21 12:03:36.321 I/ModuleManager( 1750): ModuleManager$ModuleInitListener.maybeUnloadModuleOnUnavailable():1288 module lqb is unavailable
04-21 12:03:36.321 I/ModuleManager( 1750): ModuleManager$ModuleInitListener.maybeUnloadModuleOnUnavailable():1288 module jia is unavailable
04-21 12:03:36.322 I/EmojifyExtensionImpl( 1750): EmojifyExtensionImpl.onDestroy():603 Destroying Emojify extension egx@af3859.
04-21 12:03:36.323 I/ModuleManager( 1750): ModuleManager$ModuleInitListener.maybeUnloadModuleOnUnavailable():1288 module dog is unavailable
04-21 12:03:36.323 W/libprocessgroup(  888): SetCgroup::ExecuteForProcess: failed to open /dev/stune/top-app/cgroup.procs: No such file or directory
04-21 12:03:36.323 I/ModuleManager( 1750): ModuleManager$ModuleInitListener.maybeUnloadModuleOnUnavailable():1288 module gqs is unavailable
04-21 12:03:36.324 I/ModuleManager( 1750): ModuleManager$ModuleInitListener.maybeUnloadModuleOnUnavailable():1288 module ech is unavailable
04-21 12:03:36.324 W/AccessPointsManager( 1750): AccessPointsManager.removeAccessPoint():918 The holder controller #0x7f0b2098 is not registered
04-21 12:03:36.324 I/ModuleManager( 1750): ModuleManager$ModuleInitListener.maybeUnloadModuleOnUnavailable():1288 module dlz is unavailable
04-21 12:03:36.324 I/AccessPointsListHolderController( 1750): AccessPointsListHolderController.removeAccessPoint():345 The access point textediting is not added
04-21 12:03:36.324 I/ModuleManager( 1750): ModuleManager$ModuleInitListener.maybeUnloadModuleOnUnavailable():1288 module gmv is unavailable
04-21 12:03:36.324 I/AccessPointsListHolderController( 1750): AccessPointsListHolderController.removeAccessPoint():345 The access point settings is not added
04-21 12:03:36.325 I/ModuleManager( 1750): ModuleManager$ModuleInitListener.maybeUnloadModuleOnUnavailable():1288 module llz is unavailable
04-21 12:03:36.325 I/AccessPointsListHolderController( 1750): AccessPointsListHolderController.removeAccessPoint():345 The access point theme_setting is not added
04-21 12:03:36.325 I/ModuleManager( 1750): ModuleManager$ModuleInitListener.maybeUnloadModuleOnUnavailable():1288 module ltc is unavailable
04-21 12:03:36.325 I/ModuleManager( 1750): ModuleManager$ModuleInitListener.maybeUnloadModuleOnUnavailable():1288 module fxu is unavailable
04-21 12:03:36.325 I/ModuleManager( 1750): ModuleManager$ModuleInitListener.maybeUnloadModuleOnUnavailable():1288 module eol is unavailable
04-21 12:03:36.326 I/ModuleManager( 1750): ModuleManager$ModuleInitListener.maybeUnloadModuleOnUnavailable():1288 module egk is unavailable
04-21 12:03:36.326 I/AbstractOpenableExtension( 1750): AbstractOpenableExtension.maybeDestroyExistingKeyboardGroupManager():535 Destroy existing keyboard group manager in fxd
04-21 12:03:36.326 I/ModuleManager( 1750): ModuleManager$ModuleInitListener.maybeUnloadModuleOnUnavailable():1288 module FastAccessBarExtension is unavailable
04-21 12:03:36.326 I/ModuleManager( 1750): ModuleManager$ModuleInitListener.maybeUnloadModuleOnUnavailable():1288 module IBitmojiExtension is unavailable
04-21 12:03:36.326 I/ModuleManager( 1750): ModuleManager$ModuleInitListener.maybeUnloadModuleOnUnavailable():1288 module ftp is unavailable
04-21 12:03:36.326 I/ModuleManager( 1750): ModuleManager$ModuleInitListener.maybeUnloadModuleOnUnavailable():1288 module IUniversalMediaExtension is unavailable
04-21 12:03:36.326 I/ModuleManager( 1750): ModuleManager$ModuleInitListener.maybeUnloadModuleOnUnavailable():1288 module fhh is unavailable
04-21 12:03:36.326 I/ModuleManager( 1750): ModuleManager$ModuleInitListener.maybeUnloadModuleOnUnavailable():1288 module edj is unavailable
04-21 12:03:36.326 I/ModuleManager( 1750): ModuleManager$ModuleInitListener.maybeUnloadModuleOnUnavailable():1288 module eff is unavailable
04-21 12:03:36.329 I/ModuleManager( 1750): ModuleManager$ModuleInitListener.maybeUnloadModuleOnUnavailable():1288 module eyf is unavailable
04-21 12:03:36.329 I/InputActionMetricsProcessor( 1750): InputActionMetricsProcessor.onDetached():96 Detached from metrics manager.
04-21 12:03:36.331 I/ModuleManager( 1750): ModuleManager$ModuleInitListener.maybeUnloadModuleOnUnavailable():1288 module ffu is unavailable
04-21 12:03:36.331 I/JapaneseMozcExtension( 1750): JapaneseMozcExtension.onDestroy():52 
04-21 12:03:36.331 I/ModuleManager( 1750): ModuleManager$ModuleInitListener.maybeUnloadModuleOnUnavailable():1288 module fkk is unavailable
04-21 12:03:36.331 I/ModuleManager( 1750): ModuleManager$ModuleInitListener.maybeUnloadModuleOnUnavailable():1288 module frr is unavailable
04-21 12:03:36.332 I/ModuleManager( 1750): ModuleManager$ModuleInitListener.maybeUnloadModuleOnUnavailable():1288 module fsu is unavailable
04-21 12:03:36.332 I/ModuleManager( 1750): ModuleManager$ModuleInitListener.maybeUnloadModuleOnUnavailable():1288 module IEmojiOrGifExtension is unavailable
04-21 12:03:36.332 I/ModuleManager( 1750): ModuleManager$ModuleInitListener.maybeUnloadModuleOnUnavailable():1288 module IEmoticonExtension is unavailable
04-21 12:03:36.332 I/ModuleManager( 1750): ModuleManager$ModuleInitListener.maybeUnloadModuleOnUnavailable():1288 module fwa is unavailable
04-21 12:03:36.332 I/ModuleManager( 1750): ModuleManager$ModuleInitListener.maybeUnloadModuleOnUnavailable():1288 module fzk is unavailable
04-21 12:03:36.332 I/ModuleManager( 1750): ModuleManager$ModuleInitListener.maybeUnloadModuleOnUnavailable():1288 module gru is unavailable
04-21 12:03:36.333 I/OnDevicePackDownloadModule( 1750): OnDevicePackDownloadModule.onDestroy():95 onDestroy()
04-21 12:03:36.333 I/ModuleManager( 1750): ModuleManager$ModuleInitListener.maybeUnloadModuleOnUnavailable():1288 module gwv is unavailable
04-21 12:03:36.333 I/NewS3RecognizerModule( 1750): NewS3RecognizerModule.onDestroy():21 onDestroy [news3]
04-21 12:03:36.333 I/ModuleManager( 1750): ModuleManager$ModuleInitListener.maybeUnloadModuleOnUnavailable():1288 module gza is unavailable
04-21 12:03:36.334 I/ModuleManager( 1750): ModuleManager$ModuleInitListener.maybeUnloadModuleOnUnavailable():1288 module fuf is unavailable
04-21 12:03:36.334 I/ModuleManager( 1750): ModuleManager$ModuleInitListener.maybeUnloadModuleOnUnavailable():1288 module fuj is unavailable
04-21 12:03:36.334 I/ModuleManager( 1750): ModuleManager$ModuleInitListener.maybeUnloadModuleOnUnavailable():1288 module kob is unavailable
04-21 12:03:36.335 I/ModuleManager( 1750): ModuleManager$ModuleInitListener.maybeUnloadModuleOnUnavailable():1288 module inr is unavailable
04-21 12:03:36.335 I/ModuleManager( 1750): ModuleManager$ModuleInitListener.maybeUnloadModuleOnUnavailable():1288 module IBannerExtension is unavailable
04-21 12:03:36.336 I/ModuleManager( 1750): ModuleManager$ModuleInitListener.maybeUnloadModuleOnUnavailable():1288 module dpl is unavailable
04-21 12:03:36.337 I/ModuleManager( 1750): ModuleManager$ModuleInitListener.maybeUnloadModuleOnUnavailable():1288 module IGifKeyboardExtension is unavailable
04-21 12:03:36.337 I/ModuleManager( 1750): ModuleManager$ModuleInitListener.maybeUnloadModuleOnUnavailable():1288 module gmu is unavailable
04-21 12:03:36.337 I/ModuleManager( 1750): ModuleManager$ModuleInitListener.maybeUnloadModuleOnUnavailable():1288 module IStickerExtension is unavailable
04-21 12:03:36.337 I/ModuleManager( 1750): ModuleManager$ModuleInitListener.maybeUnloadModuleOnUnavailable():1288 module ITranslateUIExtension is unavailable
04-21 12:03:36.337 I/HardKeyTracker( 1750): HardKeyTracker.unregisterKeySequence():183 Unregister key sequence lmm{labelResId=2132019852, callback=fpg@3b951d, lastModifier=0, keyCodes=[57, 57], actions=[1, 0]}
04-21 12:03:36.337 I/HardKeyTracker( 1750): HardKeyTracker.unregisterKeySequence():183 Unregister key sequence lmm{labelResId=0, callback=fpg@1cee160, lastModifier=0, keyCodes=[58, 58], actions=[1, 0]}
04-21 12:03:36.338 I/AbstractOpenableExtension( 1750): AbstractOpenableExtension.maybeDestroyExistingKeyboardGroupManager():535 Destroy existing keyboard group manager in fvb
04-21 12:03:36.338 I/ModuleManager( 1750): ModuleManager$ModuleInitListener.maybeUnloadModuleOnUnavailable():1288 module IEmojiSearchExtension is unavailable
04-21 12:03:36.340 I/ModuleManager( 1750): ModuleManager$ModuleInitListener.maybeUnloadModuleOnUnavailable():1288 module ecc is unavailable
04-21 12:03:36.342 I/GoogleInputMethodService( 1750): GoogleInputMethodService.onDestroy():1522 Maybe update OEM display config because of service destruction
04-21 12:03:36.344 W/GoogleApiManager( 1750): The service for hgg is not available: hgq{statusCode=SERVICE_DISABLED, resolution=null, message=null}
04-21 12:03:36.347 I/GoogleInputMethodService( 1750): GoogleInputMethodService.onFinishInput():3184 
04-21 12:03:36.348 I/GoogleInputMethodService( 1750): GoogleInputMethodService.updateDeviceLockedStatus():2246 repeatCheckTimes = 0, locked = false
04-21 12:03:36.350 W/InputManager-JNI(  888): Input channel object '7d674e1 InputMethod (client)' was disposed without first being removed with the input manager!
04-21 12:03:36.356 V/WindowManager(  888): getPackagePerformanceMode -- ComponentInfo{com.impos2.mixcretailassemblyrn84/com.impos2.mixcretailassemblyrn84.SecondaryActivity} -- com.impos2.mixcretailassemblyrn84 -- mode=0
04-21 12:03:36.358 I/GoogleInputMethodService( 1750): GoogleInputMethodService.clearInputMethodServiceData():1603 clearInputMethodServiceData for onDestroy
04-21 12:03:36.359 I/GoogleInputMethodService( 1750): GoogleInputMethodService.discardAllKeyboardViewAndInputView():1813 discardAllKeyboardViewAndInputView()
04-21 12:03:36.359 I/KeyboardModeManager( 1750): KeyboardModeManager.setInputViewKeyboardViewHolderProvider():618 setInputView() : supportsOneHandedMode=false supportsSplitMode=true
04-21 12:03:36.359 I/NormalModeController( 1750): NormalModeController.getKeyboardBodyViewHolderPaddingBottom():104 currentPrimeKeyboardType:HARD_QWERTY systemPaddingBottom:-1
04-21 12:03:36.359 I/KeyboardModeManager( 1750): KeyboardModeManager.setInputViewKeyboardViewHolderProvider():606 setInputView() : supportsOneHandedMode=false, supportSplitMode=true
04-21 12:03:36.360 I/InputMethodEntryManager( 1750): InputMethodEntryManager.notifyCurrentInputMethodEntryOnContextChanged():539 notifyCurrentInputMethodEntryOnContextChanged()
04-21 12:03:36.360 I/InputMethodEntryManager( 1750): InputMethodEntryManager.notifyCurrentInputMethodEntryOnContextChanged():560 Notify current input method entry changed on context change
04-21 12:03:36.360 I/KeyboardThemeProvider( 1750): KeyboardThemeProvider.reset():40 Reset keyboard theme
04-21 12:03:36.360 I/KeyboardContextProvider( 1750): KeyboardContextProvider.setBaseContextAndInvalidKeyboardContextCache():88 setBaseContextAndInvalidKeyboardContextCache(): null
04-21 12:03:36.363 D/TrafficStats(29943): tagSocket(5) with statsTag=0xffffffff, statsUid=-1
04-21 12:03:36.373 I/GoogleInputMethodService( 1750): GoogleInputMethodService.onCreate():1009 
04-21 12:03:36.381 I/GoogleInputMethodService( 1750): GoogleInputMethodService.onCreate():1019 Maybe update OEM display config because of service creation
04-21 12:03:36.382 I/WindowMetricsNotification( 1750): WindowMetricsNotification.notify():134 WindowMetricsNotification{bounds=Rect(0, 36 - 1920, 1080), insets=Rect(0, 0 - 0, 36), densityDpi=240, smallestScreenWidthDp=720, displayWidth=1920, displayHeight=1080, xdpi=320.0, ydpi=320.0, isTrustable=true}; DisplayMetrics{density=1.5, width=1920, height=1080, scaledDensity=1.5, xdpi=320.0, ydpi=320.0}
04-21 12:03:36.382 I/WindowMetricsHelper( 1750): WindowMetricsHelper.predictAndNotify():140 Window metrics predicted.
04-21 12:03:36.382 I/InputMethodEntryManager( 1750): InputMethodEntryManager.notifyCurrentInputMethodEntryOnContextChanged():539 notifyCurrentInputMethodEntryOnContextChanged()
04-21 12:03:36.382 I/InputMethodEntryManager( 1750): InputMethodEntryManager.notifyCurrentInputMethodEntryOnContextChanged():560 Notify current input method entry changed on context change
04-21 12:03:36.383 I/KeyboardContextProvider( 1750): KeyboardContextProvider.setBaseContextAndInvalidKeyboardContextCache():88 setBaseContextAndInvalidKeyboardContextCache(): com.android.inputmethod.latin.LatinIME@2336e97
04-21 12:03:36.384 E/GoogleInputMethodService( 1750): GoogleInputMethodService.getAppEditorInfo():2853 App EditorInfo should never be null.
04-21 12:03:36.388 I/StyledKeyboardThemeBuilder( 1750): StyledKeyboardThemeBuilder.build():147 Pref: [], themeName: [silk:], darkMode: [false], cacheKey: [overlay_builtin_dynamic_color_light_base.binarypb:dynamic-gm3-light-fffdfcff-ff3a608f-319763b53e9f733d8531a842cf65c071]
04-21 12:03:36.391 I/KeyboardThemeProvider( 1750): KeyboardThemeProvider.applyKeyboardTheme():27 Apply keyboard theme: theme_border_keyboard_mode_screen_size_5_5_keyboard_mode_screen_width_large_stylesheet_noshadow_gsans_pillkey_silkpopup_light_tablet_keyboard_width_tablet_extra_large_navredesign_600_overlay_builtin_dynamic_color_light_base.binarypb:dynamic-gm3-light-fffdfcff-ff3a608f-319763b53e9f733d8531a842cf65c071_land
04-21 12:03:36.392 I/KeyboardContextProvider( 1750): KeyboardContextProvider$KeyboardContextCache.createKeyboardContext():173 createKeyboardContext(): zh-CN, jey@f50f923(com.android.inputmethod.latin.LatinIME@2336e97), {1.0 ?mcc0mnc [zh_CN] ldltr sw720dp w1280dp h648dp 240dpi lrg long land finger qwerty/v/v -nav/h winConfig={ mBounds=Rect(0, 0 - 1920, 1080) mAppBounds=Rect(0, 0 - 1920, 1008) mMaxBounds=Rect(0, 0 - 1920, 1080) mDisplayRotation=ROTATION_0 mWindowingMode=fullscreen mDisplayWindowingMode=fullscreen mActivityType=undefined mAlwaysOnTop=undefined mRotation=ROTATION_0} s.54 fontWeightAdjustment=0}
04-21 12:03:36.393 W/GoogleApiManager( 1750): The service for hgg is not available: hgq{statusCode=SERVICE_DISABLED, resolution=null, message=null}
04-21 12:03:36.397 I/KeyboardHeightUtil( 1750): KeyboardHeightUtil.calculateMaxKeyboardBodyHeight():45 leave 161 height for app when ime window height:1008, header height:81 and isFullscreenMode:false, so the max keyboard body height is:766
04-21 12:03:36.397 I/KeyboardHeightUtil( 1750): KeyboardHeightUtil.calculateMaxKeyboardBodyHeight():45 leave 161 height for app when ime window height:1008, header height:81 and isFullscreenMode:false, so the max keyboard body height is:766
04-21 12:03:36.397 I/NormalModeController( 1750): NormalModeController.getKeyboardBodyViewHolderPaddingBottom():104 currentPrimeKeyboardType:SOFT systemPaddingBottom:-1
04-21 12:03:36.398 I/GoogleInputMethodService( 1750): GoogleInputMethodService.onCurrentInputMethodEntryChanged():3666 onCurrentInputMethodEntryChanged(): imeDefsChanged=false, initializedEntryChanged=true, keyboardContextChanged=true
04-21 12:03:36.398 I/GoogleInputMethodService( 1750): GoogleInputMethodService.clearInputMethodServiceData():1603 clearInputMethodServiceData for entryChange
04-21 12:03:36.398 I/KeyboardHeightUtil( 1750): KeyboardHeightUtil.calculateMaxKeyboardBodyHeight():45 leave 161 height for app when ime window height:1008, header height:81 and isFullscreenMode:false, so the max keyboard body height is:766
04-21 12:03:36.398 I/KeyboardHeightUtil( 1750): KeyboardHeightUtil.calculateMaxKeyboardBodyHeight():45 leave 161 height for app when ime window height:1008, header height:81 and isFullscreenMode:false, so the max keyboard body height is:766
04-21 12:03:36.398 W/GoogleApiManager( 1750): The service for hgg is not available: hgq{statusCode=SERVICE_DISABLED, resolution=null, message=null}
04-21 12:03:36.398 I/KeyboardModeManager( 1750): KeyboardModeManager.onCurrentInputMethodEntryChanged():1112 Reload data for context change
04-21 12:03:36.399 I/GoogleInputMethodService( 1750): GoogleInputMethodService.initializeInputMethodServiceData():1361 initializeInputMethodServiceData for kbr{languageTag=zh-CN, variant=qwerty, hasLocalizedResources=true, conditionCacheKey=_app_first_start_timestamp=1766456477730_cache_additional_ime_defs_for_condition_change=false_cache_ime_defs_for_condition_change=false_device=tablet_device_size=default_enable_chinese_9key_foldable_split=false_enable_chinese_inline_composing_shape_based=false_enable_chinese_inline_composing_zh_cn=false_enable_flick_symbols=false_enable_more_candidates_view_for_multilingual=false_enable_number_row=false_enable_preemptive_decode=true_enable_secondary_digits=true_enable_secondary_symbols=false_enable_show_foldable_layout_on_small_tablet=false_enable_transliteration_tablet_floating_ui_v2=false_enable_voice_in_chinese=false_expressions=normal_four_or_more_letter_rows=false_keyboard_mode=normal_language=zh-CN_orientation=landscape_physical_keyboard=qwerty_pref_enable_chinese_inline_composing_cn=false_rtl_layout=false_show_secondary_digits=true_show_suggestions=true_split_keyboard_handedness_zh=right_split_with_duplicate_keys=true_variant=qwerty, imeDef.stringId=ime_zh_cn, imeDef.className=com.google.android.apps.inputmethod.libs.chinese.ime.AsyncChineseProcessorBasedIme, imeDef.languageTag=zh-CN}
04-21 12:03:36.399 E/GoogleInputMethodService( 1750): GoogleInputMethodService.getAppEditorInfo():2853 App EditorInfo should never be null.
04-21 12:03:36.402 I/StyledKeyboardThemeBuilder( 1750): StyledKeyboardThemeBuilder.build():147 Pref: [], themeName: [silk:], darkMode: [false], cacheKey: [overlay_builtin_dynamic_color_light_base.binarypb:dynamic-gm3-light-fffdfcff-ff3a608f-319763b53e9f733d8531a842cf65c071]
04-21 12:03:36.405 I/KeyboardThemeProvider( 1750): KeyboardThemeProvider.applyKeyboardTheme():27 Apply keyboard theme: theme_border_keyboard_mode_screen_size_5_5_keyboard_mode_screen_width_large_stylesheet_noshadow_gsans_pillkey_silkpopup_light_tablet_keyboard_width_tablet_extra_large_navredesign_600_overlay_builtin_dynamic_color_light_base.binarypb:dynamic-gm3-light-fffdfcff-ff3a608f-319763b53e9f733d8531a842cf65c071_land
04-21 12:03:36.411 I/AndroidIME( 1750): InputBundleManager.loadActiveInputBundleId():450 loadActiveInputBundleId: und-Latn-x-password, password_floating_hard_qwerty
04-21 12:03:36.413 I/SystemSubtypesReportModule( 1750): SystemSubtypesReportModule$4.onSetCurrentInputMethodSubtype():160 zh_CN
04-21 12:03:36.413 I/DeviceModeMonitor( 1750): DeviceModeMonitor.calculateDeviceMode():79 Get device mode tablet by screen size and smallestScreenWidthDp: 720
04-21 12:03:36.414 I/HardKeyTracker( 1750): HardKeyTracker.registerKeySequence():139 Register key sequence lmm{labelResId=2132019861, callback=bzi@a5f4f3, lastModifier=2, keyCodes=[47], actions=[0]}
04-21 12:03:36.414 I/HardKeyTracker( 1750): HardKeyTracker.registerKeySequence():139 Register key sequence lmm{labelResId=0, callback=jvl@6e3cbae, lastModifier=0, keyCodes=[204], actions=[0]}
04-21 12:03:36.415 I/NetworkInfoNotification( 1750): NetworkInfoNotification$Listener.onReceive():107 onNetworkAvailable: networkState = NON_METERED, isAirplaneModeOn = false
04-21 12:03:36.416 I/NewS3RecognizerModule( 1750): NewS3RecognizerModule.onCreate():14 onCreate [news3]
04-21 12:03:36.416 I/OnDevicePackDownloadModule( 1750): OnDevicePackDownloadModule.onCreate():60 onCreate()
04-21 12:03:36.416 I/JapaneseMozcExtension( 1750): JapaneseMozcExtension.onCreate():44 
04-21 12:03:36.416 I/InputActionMetricsProcessor( 1750): InputActionMetricsProcessor.onAttached():91 Attached to metrics manager.
04-21 12:03:36.417 W/MetricsManager( 1750): MetricsManager.addProcessorImpl():581 Processor fgc@afc4546 already exists.
04-21 12:03:36.417 I/EmojifyExtensionImpl( 1750): EmojifyExtensionImpl.onCreate():597 Creating Emojify extension egx@6954bff.
04-21 12:03:36.417 I/AbstractOpenableExtension( 1750): AbstractOpenableExtension.createKeyboardGroupManagerListenableFuture():120 Create keyboard group manager listenable future in fxd
04-21 12:03:36.417 I/NetworkInfoNotification( 1750): NetworkInfoNotification$Listener.onReceive():107 onNetworkAvailable: networkState = NON_METERED, isAirplaneModeOn = false
04-21 12:03:36.418 I/KeyboardGroupDefParser( 1750): KeyboardGroupDefParser.parseKeyboardGroupDef():83 parseKeyboardGroupDef() 2132214040 -> 0_resource_name_obfuscated : WaitTime = 0 ms : RunTime = 1 ms
04-21 12:03:36.418 I/SP      ( 1750): Registering emoticon_content_description.2022081613, url: https://www.gstatic.com/android/keyboard/emoticon_content_desc/202208161305/superpacks_manifest.json, constraints: W:*:*:*, flags: bg, requested: 2022081613, current: 2022081613
04-21 12:03:36.418 I/SP      ( 1750): Registering emoticon_content_description.2022081613, url: https://www.gstatic.com/android/keyboard/emoticon_content_desc/202208161305/superpacks_manifest.json, constraints: W:*:*:*, flags: bg, requested: 2022081613, current: 2022081613
04-21 12:03:36.421 I/AbstractOpenableExtension( 1750): AbstractOpenableExtension$3.onSuccess():549 KeyboardGroupManager destroyed in fxd.
04-21 12:03:36.421 I/AbstractOpenableExtension( 1750): AbstractOpenableExtension$3.onSuccess():549 KeyboardGroupManager destroyed in fvb.
04-21 12:03:36.422 I/Environment( 1750): Environment.isPackageInstalled():234 com.bitstrips.imoji is not installed
04-21 12:03:36.422 W/AndroidCreativeStickerFetcherFactory( 1750): AndroidCreativeStickerFetcherFactory.createFetcher():19 Empty host or api key
04-21 12:03:36.422 I/NetworkInfoNotification( 1750): NetworkInfoNotification$Listener.onReceive():107 onNetworkAvailable: networkState = NON_METERED, isAirplaneModeOn = false
04-21 12:03:36.422 I/NetworkInfoNotification( 1750): NetworkInfoNotification$Listener.onReceive():107 onNetworkAvailable: networkState = NON_METERED, isAirplaneModeOn = false
04-21 12:03:36.422 W/GoogleApiManager( 1750): The service for hgg is not available: hgq{statusCode=SERVICE_DISABLED, resolution=null, message=null}
04-21 12:03:36.423 I/AccessPointsListHolderController( 1750): AccessPointsListHolderController.removeAccessPoint():345 The access point textediting is not added
04-21 12:03:36.423 I/SP      ( 1750): Syncing emoticon_content_description (2022081613) with slices: [7a635888cb828dfa2fc744b7b9b50f04, 3c27e76d2c13b8d849a3711831ff8dbd], metadata: false
04-21 12:03:36.423 I/AccessPointsListHolderController( 1750): AccessPointsListHolderController.removeAccessPoint():345 The access point theme_setting is not added
04-21 12:03:36.424 I/NetworkInfoNotification( 1750): NetworkInfoNotification$Listener.onReceive():107 onNetworkAvailable: networkState = NON_METERED, isAirplaneModeOn = false
04-21 12:03:36.424 I/AccessPointsListHolderController( 1750): AccessPointsListHolderController.removeAccessPoint():345 The access point settings is not added
04-21 12:03:36.425 I/ClipboardDataHandler( 1750): ClipboardDataHandler.updateScreenshotsContentObserver():283 Disable the feature of handling screenshots in the clipboard.
04-21 12:03:36.426 I/SP      ( 1750): Syncing emoticon_content_description (2022081613) with slices: [7a635888cb828dfa2fc744b7b9b50f04, 3c27e76d2c13b8d849a3711831ff8dbd], metadata: false
04-21 12:03:36.427 I/KeyboardGroupDefParser( 1750): KeyboardGroupDefParser.parseKeyboardGroupDef():83 parseKeyboardGroupDef() 2132214025 -> 0_resource_name_obfuscated : WaitTime = 1 ms : RunTime = 0 ms
04-21 12:03:36.427 I/AbstractOpenableExtension( 1750): AbstractOpenableExtension.createKeyboardGroupManagerListenableFuture():120 Create keyboard group manager listenable future in fvb
04-21 12:03:36.427 I/AccessPointsListHolderController( 1750): AccessPointsListHolderController.removeAccessPoint():345 The access point one_handed is not added
04-21 12:03:36.427 I/AccessPointsListHolderController( 1750): AccessPointsListHolderController.removeAccessPoint():345 The access point split is not added
04-21 12:03:36.428 I/GoogleInputMethodService( 1750): GoogleInputMethodService$GoogleInputMethodImpl.attachToken():4229 
