04-21 12:03:36.429 I/KeyboardGroupDefParser( 1750): KeyboardGroupDefParser.parseKeyboardGroupDef():83 parseKeyboardGroupDef() 2132214034 -> 0_resource_name_obfuscated : WaitTime = 0 ms : RunTime = 1 ms
04-21 12:03:36.430 I/KeyboardGroupDefParser( 1750): KeyboardGroupDefParser.parseKeyboardGroupDef():83 parseKeyboardGroupDef() 2132214033 -> 0_resource_name_obfuscated : WaitTime = 1 ms : RunTime = 1 ms
04-21 12:03:36.434 I/SystemSubtypesReportModule( 1750): SystemSubtypesReportModule$3.onCurrentInputMethodEntryChanged():136 entry: zh-CN, source: UNSPECIFIED
04-21 12:03:36.434 I/SystemSubtypesReportModule( 1750): SystemSubtypesReportModule.switchToSubtypeByEntry():205 zh-CN
04-21 12:03:36.441 I/AppBase ( 1750): AppBase.onConfigurationChanged():446 onConfigurationChanged() : NewConfig = {1.0 ?mcc0mnc [zh_CN_#Hans] ldltr sw720dp w1280dp h648dp 240dpi lrg long land finger qwerty/v/v -nav/h winConfig={ mBounds=Rect(0, 0 - 1920, 1080) mAppBounds=Rect(0, 0 - 1920, 1008) mMaxBounds=Rect(0, 0 - 1920, 1080) mDisplayRotation=ROTATION_0 mWindowingMode=fullscreen mDisplayWindowingMode=fullscreen mActivityType=undefined mAlwaysOnTop=undefined mRotation=ROTATION_0} s.1054 fontWeightAdjustment=0}
04-21 12:03:36.442 I/GoogleInputMethodService( 1750): GoogleInputMethodService.onStartInput():1982 onStartInput(EditorInfo{EditorInfo{packageName=com.impos2.mixcretailassemblyrn84, inputType=0, inputTypeString=NULL, enableLearning=false, autoCorrection=false, autoComplete=false, imeOptions=0, privateImeOptions=null, actionName=UNSPECIFIED, actionLabel=null, initialSelStart=-1, initialSelEnd=-1, initialCapsMode=0, label=null, fieldId=0, fieldName=null, extras=null, hintText=null, hintLocales=[]}}, false)
04-21 12:03:36.443 I/GoogleInputMethodService( 1750): GoogleInputMethodService.updateDeviceLockedStatus():2246 repeatCheckTimes = 1, locked = false
04-21 12:03:36.443 I/AndroidIME( 1750): InputBundleManager.loadActiveInputBundleId():450 loadActiveInputBundleId: und-Latn-x-password, password_floating_hard_qwerty
04-21 12:03:36.443 W/EmojiCompatManager( 1750): EmojiCompatManager.getEmojiCompatIfLoaded():335 EmojiCompat failed to load.
04-21 12:03:36.443 I/HardKeyTracker( 1750): HardKeyTracker.registerKeySequence():139 Register key sequence lmm{labelResId=2132019852, callback=fpg@5f68fbf, lastModifier=0, keyCodes=[57, 57], actions=[1, 0]}
04-21 12:03:36.443 I/HardKeyTracker( 1750): HardKeyTracker.registerKeySequence():139 Register key sequence lmm{labelResId=0, callback=fpg@2b0dea, lastModifier=0, keyCodes=[58, 58], actions=[1, 0]}
04-21 12:03:36.444 W/PackageConfigPersister(  888): App-specific configuration not found for packageName: com.impos2.mixcretailassemblyrn84 and userId: 0
04-21 12:03:36.449 I/SP      ( 1750): GC for 'emoticon_content_description' (10) with ttl of 0 ms took 0 ms (0/0/0)
04-21 12:03:36.450 I/AbstractSyncResultCallback( 1750): AbstractSyncResultCallback.onFailure():38 onFailure(): emoticon_content_description.sync cancelled; expected if new request supersedes pending one.
04-21 12:03:36.456 I/SP      ( 1750): Sync for emoticon_content_description succeeded in 35 ms: no changes
04-21 12:03:36.456 I/SP      ( 1750): GC for 'emoticon_content_description' (10) with ttl of 0 ms took 0 ms (0/0/0)
04-21 12:03:36.561 D/TrafficStats(29943): tagSocket(5) with statsTag=0xffffffff, statsUid=-1
04-21 12:03:36.570 D/TrafficStats(29943): tagSocket(5) with statsTag=0xffffffff, statsUid=-1
04-21 12:03:36.589 D/TrafficStats(29943): tagSocket(135) with statsTag=0xffffffff, statsUid=-1
04-21 12:03:36.596 D/TrafficStats(29943): tagSocket(5) with statsTag=0xffffffff, statsUid=-1
04-21 12:03:36.674 D/TrafficStats(29943): tagSocket(5) with statsTag=0xffffffff, statsUid=-1
04-21 12:03:36.683 D/TrafficStats(29943): tagSocket(5) with statsTag=0xffffffff, statsUid=-1
04-21 12:03:36.694 D/TrafficStats(29943): tagSocket(5) with statsTag=0xffffffff, statsUid=-1
04-21 12:03:36.767 D/TrafficStats(29943): tagSocket(5) with statsTag=0xffffffff, statsUid=-1
04-21 12:03:36.779 D/TrafficStats(29943): tagSocket(5) with statsTag=0xffffffff, statsUid=-1
04-21 12:03:36.787 D/TrafficStats(29943): tagSocket(5) with statsTag=0xffffffff, statsUid=-1
04-21 12:03:36.865 D/TrafficStats(29943): tagSocket(5) with statsTag=0xffffffff, statsUid=-1
04-21 12:03:36.873 D/TrafficStats(29943): tagSocket(124) with statsTag=0xffffffff, statsUid=-1
04-21 12:03:36.880 D/TrafficStats(29943): tagSocket(104) with statsTag=0xffffffff, statsUid=-1
04-21 12:03:36.958 D/TrafficStats(29943): tagSocket(5) with statsTag=0xffffffff, statsUid=-1
04-21 12:03:36.965 D/TrafficStats(29943): tagSocket(133) with statsTag=0xffffffff, statsUid=-1
04-21 12:03:36.974 D/TrafficStats(29943): tagSocket(5) with statsTag=0xffffffff, statsUid=-1
04-21 12:03:37.053 D/TrafficStats(29943): tagSocket(5) with statsTag=0xffffffff, statsUid=-1
04-21 12:03:37.061 D/TrafficStats(29943): tagSocket(5) with statsTag=0xffffffff, statsUid=-1
04-21 12:03:37.069 D/TrafficStats(29943): tagSocket(5) with statsTag=0xffffffff, statsUid=-1
04-21 12:03:37.145 D/TrafficStats(29943): tagSocket(5) with statsTag=0xffffffff, statsUid=-1
04-21 12:03:37.156 D/TrafficStats(29943): tagSocket(5) with statsTag=0xffffffff, statsUid=-1
04-21 12:03:37.164 D/TrafficStats(29943): tagSocket(5) with statsTag=0xffffffff, statsUid=-1
04-21 12:03:37.241 D/TrafficStats(29943): tagSocket(5) with statsTag=0xffffffff, statsUid=-1
04-21 12:03:37.249 D/TrafficStats(29943): tagSocket(5) with statsTag=0xffffffff, statsUid=-1
04-21 12:03:37.257 D/TrafficStats(29943): tagSocket(5) with statsTag=0xffffffff, statsUid=-1
04-21 12:03:37.333 D/TrafficStats(29943): tagSocket(5) with statsTag=0xffffffff, statsUid=-1
04-21 12:03:37.351 D/TrafficStats(29943): tagSocket(5) with statsTag=0xffffffff, statsUid=-1
04-21 12:03:37.364 D/TrafficStats(29943): tagSocket(5) with statsTag=0xffffffff, statsUid=-1
04-21 12:03:37.442 D/TrafficStats(29943): tagSocket(5) with statsTag=0xffffffff, statsUid=-1
04-21 12:03:37.452 D/TrafficStats(29943): tagSocket(5) with statsTag=0xffffffff, statsUid=-1
04-21 12:03:37.459 D/TrafficStats(29943): tagSocket(5) with statsTag=0xffffffff, statsUid=-1
04-21 12:03:37.535 D/TrafficStats(29943): tagSocket(5) with statsTag=0xffffffff, statsUid=-1
04-21 12:03:37.542 D/TrafficStats(29943): tagSocket(5) with statsTag=0xffffffff, statsUid=-1
04-21 12:03:37.550 D/TrafficStats(29943): tagSocket(5) with statsTag=0xffffffff, statsUid=-1
04-21 12:03:37.629 D/TrafficStats(29943): tagSocket(5) with statsTag=0xffffffff, statsUid=-1
04-21 12:03:37.639 D/TrafficStats(29943): tagSocket(5) with statsTag=0xffffffff, statsUid=-1
04-21 12:03:37.647 D/TrafficStats(29943): tagSocket(5) with statsTag=0xffffffff, statsUid=-1
04-21 12:03:37.726 D/TrafficStats(29943): tagSocket(5) with statsTag=0xffffffff, statsUid=-1
04-21 12:03:37.734 D/TrafficStats(29943): tagSocket(119) with statsTag=0xffffffff, statsUid=-1
04-21 12:03:37.741 D/TrafficStats(29943): tagSocket(5) with statsTag=0xffffffff, statsUid=-1
04-21 12:03:37.819 D/TrafficStats(29943): tagSocket(5) with statsTag=0xffffffff, statsUid=-1
04-21 12:03:37.828 D/TrafficStats(29943): tagSocket(5) with statsTag=0xffffffff, statsUid=-1
04-21 12:03:37.836 D/TrafficStats(29943): tagSocket(5) with statsTag=0xffffffff, statsUid=-1
04-21 12:03:37.910 D/TrafficStats(29943): tagSocket(5) with statsTag=0xffffffff, statsUid=-1
04-21 12:03:37.918 D/TrafficStats(29943): tagSocket(5) with statsTag=0xffffffff, statsUid=-1
04-21 12:03:37.925 D/TrafficStats(29943): tagSocket(5) with statsTag=0xffffffff, statsUid=-1
04-21 12:03:38.008 D/TrafficStats(29943): tagSocket(5) with statsTag=0xffffffff, statsUid=-1
04-21 12:03:38.018 D/TrafficStats(29943): tagSocket(110) with statsTag=0xffffffff, statsUid=-1
04-21 12:03:38.026 D/TrafficStats(29943): tagSocket(5) with statsTag=0xffffffff, statsUid=-1
04-21 12:03:38.120 D/TrafficStats(29943): tagSocket(5) with statsTag=0xffffffff, statsUid=-1
04-21 12:03:38.128 D/TrafficStats(29943): tagSocket(115) with statsTag=0xffffffff, statsUid=-1
04-21 12:03:38.135 D/TrafficStats(29943): tagSocket(5) with statsTag=0xffffffff, statsUid=-1
04-21 12:03:38.213 D/TrafficStats(29943): tagSocket(5) with statsTag=0xffffffff, statsUid=-1
04-21 12:03:38.219 D/TrafficStats(29943): tagSocket(152) with statsTag=0xffffffff, statsUid=-1
04-21 12:03:38.226 D/TrafficStats(29943): tagSocket(5) with statsTag=0xffffffff, statsUid=-1
04-21 12:03:38.304 D/TrafficStats(29943): tagSocket(5) with statsTag=0xffffffff, statsUid=-1
04-21 12:03:38.313 D/TrafficStats(29943): tagSocket(116) with statsTag=0xffffffff, statsUid=-1
04-21 12:03:38.319 D/TrafficStats(29943): tagSocket(5) with statsTag=0xffffffff, statsUid=-1
04-21 12:03:38.397 D/TrafficStats(29943): tagSocket(5) with statsTag=0xffffffff, statsUid=-1
04-21 12:03:38.405 D/TrafficStats(29943): tagSocket(111) with statsTag=0xffffffff, statsUid=-1
04-21 12:03:38.412 D/TrafficStats(29943): tagSocket(104) with statsTag=0xffffffff, statsUid=-1
04-21 12:03:38.493 D/TrafficStats(29943): tagSocket(5) with statsTag=0xffffffff, statsUid=-1
04-21 12:03:38.508 D/TrafficStats(29943): tagSocket(110) with statsTag=0xffffffff, statsUid=-1
04-21 12:03:38.515 D/TrafficStats(29943): tagSocket(104) with statsTag=0xffffffff, statsUid=-1
04-21 12:03:38.607 D/TrafficStats(29943): tagSocket(5) with statsTag=0xffffffff, statsUid=-1
04-21 12:03:38.616 D/TrafficStats(29943): tagSocket(5) with statsTag=0xffffffff, statsUid=-1
04-21 12:03:38.623 D/TrafficStats(29943): tagSocket(5) with statsTag=0xffffffff, statsUid=-1
04-21 12:03:38.707 D/TrafficStats(29943): tagSocket(5) with statsTag=0xffffffff, statsUid=-1
04-21 12:03:38.714 D/TrafficStats(29943): tagSocket(133) with statsTag=0xffffffff, statsUid=-1
04-21 12:03:38.722 D/TrafficStats(29943): tagSocket(5) with statsTag=0xffffffff, statsUid=-1
04-21 12:03:38.806 D/TrafficStats(29943): tagSocket(5) with statsTag=0xffffffff, statsUid=-1
04-21 12:03:38.819 D/TrafficStats(29943): tagSocket(104) with statsTag=0xffffffff, statsUid=-1
04-21 12:03:38.835 D/TrafficStats(29943): tagSocket(5) with statsTag=0xffffffff, statsUid=-1
04-21 12:03:38.921 D/TrafficStats(29943): tagSocket(5) with statsTag=0xffffffff, statsUid=-1
04-21 12:03:38.939 D/TrafficStats(29943): tagSocket(5) with statsTag=0xffffffff, statsUid=-1
04-21 12:03:38.950 D/TrafficStats(29943): tagSocket(5) with statsTag=0xffffffff, statsUid=-1
04-21 12:03:39.263 E/WifiStaIfaceAidlImpl(  888): getLinkLayerStats failed with service-specific exception: android.os.ServiceSpecificException: unknown error (code 9)
04-21 12:03:39.266 E/TaskPersister(  888): File error accessing recents directory (directory doesn't exist?).
04-21 12:03:39.280 D/TrafficStats(29943): tagSocket(5) with statsTag=0xffffffff, statsUid=-1
04-21 12:03:39.309 D/TrafficStats(29943): tagSocket(5) with statsTag=0xffffffff, statsUid=-1
04-21 12:03:39.330 D/TrafficStats(29943): tagSocket(5) with statsTag=0xffffffff, statsUid=-1
04-21 12:03:39.554 D/TrafficStats(29943): tagSocket(104) with statsTag=0xffffffff, statsUid=-1
04-21 12:03:39.562 D/TrafficStats(29943): tagSocket(104) with statsTag=0xffffffff, statsUid=-1
04-21 12:03:39.581 D/TrafficStats(29943): tagSocket(104) with statsTag=0xffffffff, statsUid=-1
04-21 12:03:39.589 D/TrafficStats(29943): tagSocket(104) with statsTag=0xffffffff, statsUid=-1
04-21 12:03:39.674 D/TrafficStats(29943): tagSocket(104) with statsTag=0xffffffff, statsUid=-1
04-21 12:03:39.686 D/TrafficStats(29943): tagSocket(105) with statsTag=0xffffffff, statsUid=-1
04-21 12:03:39.695 D/TrafficStats(29943): tagSocket(104) with statsTag=0xffffffff, statsUid=-1
04-21 12:03:39.787 D/TrafficStats(29943): tagSocket(104) with statsTag=0xffffffff, statsUid=-1
04-21 12:03:39.796 D/TrafficStats(29943): tagSocket(104) with statsTag=0xffffffff, statsUid=-1
04-21 12:03:39.808 D/TrafficStats(29943): tagSocket(117) with statsTag=0xffffffff, statsUid=-1
04-21 12:03:39.893 D/TrafficStats(29943): tagSocket(104) with statsTag=0xffffffff, statsUid=-1
04-21 12:03:39.908 D/TrafficStats(29943): tagSocket(104) with statsTag=0xffffffff, statsUid=-1
04-21 12:03:39.918 D/TrafficStats(29943): tagSocket(104) with statsTag=0xffffffff, statsUid=-1
04-21 12:03:40.009 D/TrafficStats(29943): tagSocket(104) with statsTag=0xffffffff, statsUid=-1
04-21 12:03:40.023 D/TrafficStats(29943): tagSocket(104) with statsTag=0xffffffff, statsUid=-1
04-21 12:03:40.032 D/TrafficStats(29943): tagSocket(104) with statsTag=0xffffffff, statsUid=-1
04-21 12:03:40.125 D/TrafficStats(29943): tagSocket(104) with statsTag=0xffffffff, statsUid=-1
04-21 12:03:40.141 D/TrafficStats(29943): tagSocket(104) with statsTag=0xffffffff, statsUid=-1
04-21 12:03:40.150 D/TrafficStats(29943): tagSocket(104) with statsTag=0xffffffff, statsUid=-1
04-21 12:03:40.243 D/TrafficStats(29943): tagSocket(104) with statsTag=0xffffffff, statsUid=-1
04-21 12:03:40.257 D/TrafficStats(29943): tagSocket(104) with statsTag=0xffffffff, statsUid=-1
04-21 12:03:40.267 D/TrafficStats(29943): tagSocket(104) with statsTag=0xffffffff, statsUid=-1
04-21 12:03:40.361 D/TrafficStats(29943): tagSocket(5) with statsTag=0xffffffff, statsUid=-1
04-21 12:03:40.375 D/TrafficStats(29943): tagSocket(5) with statsTag=0xffffffff, statsUid=-1
04-21 12:03:40.384 D/TrafficStats(29943): tagSocket(105) with statsTag=0xffffffff, statsUid=-1
04-21 12:03:40.477 D/TrafficStats(29943): tagSocket(5) with statsTag=0xffffffff, statsUid=-1
04-21 12:03:40.491 D/TrafficStats(29943): tagSocket(5) with statsTag=0xffffffff, statsUid=-1
04-21 12:03:40.500 D/TrafficStats(29943): tagSocket(5) with statsTag=0xffffffff, statsUid=-1
04-21 12:03:40.592 D/TrafficStats(29943): tagSocket(5) with statsTag=0xffffffff, statsUid=-1
04-21 12:03:40.608 D/TrafficStats(29943): tagSocket(5) with statsTag=0xffffffff, statsUid=-1
04-21 12:03:40.617 D/TrafficStats(29943): tagSocket(5) with statsTag=0xffffffff, statsUid=-1
04-21 12:03:40.711 D/TrafficStats(29943): tagSocket(5) with statsTag=0xffffffff, statsUid=-1
04-21 12:03:40.725 D/TrafficStats(29943): tagSocket(5) with statsTag=0xffffffff, statsUid=-1
04-21 12:03:40.734 D/TrafficStats(29943): tagSocket(5) with statsTag=0xffffffff, statsUid=-1
04-21 12:03:40.832 D/TrafficStats(29943): tagSocket(5) with statsTag=0xffffffff, statsUid=-1
04-21 12:03:40.843 D/TrafficStats(29943): tagSocket(5) with statsTag=0xffffffff, statsUid=-1
04-21 12:03:40.851 D/TrafficStats(29943): tagSocket(5) with statsTag=0xffffffff, statsUid=-1
04-21 12:03:40.944 D/TrafficStats(29943): tagSocket(5) with statsTag=0xffffffff, statsUid=-1
04-21 12:03:40.957 D/TrafficStats(29943): tagSocket(5) with statsTag=0xffffffff, statsUid=-1
04-21 12:03:40.967 D/TrafficStats(29943): tagSocket(5) with statsTag=0xffffffff, statsUid=-1
04-21 12:03:41.291 D/TrafficStats(29943): tagSocket(5) with statsTag=0xffffffff, statsUid=-1
04-21 12:03:41.311 D/TrafficStats(29943): tagSocket(5) with statsTag=0xffffffff, statsUid=-1
04-21 12:03:41.344 I/ReactNativeJS(30017): '[runtime-state-sync-apply]', '{"direction":"master-to-slave","incomingSliceNames":["kernel.base.tcp-control-runtime-v2.identity"],"appliedSliceNames":["kernel.base.tcp-control-runtime-v2.identity"],"skippedSliceReasons":[]}'
04-21 12:03:41.349 I/assembly.assembly.android.mixc-retail-rn84(30017): [assembly.topology] Native topology host already matches desired lifecycle state {"displayCount":2,"displayIndex":1,"deviceId":"2N4QS8GYRS","instanceMode":"SLAVE","enableSlave":false,"running":false,"reason":"not-master-or-single-primary-host"}
04-21 12:03:41.350 I/assembly.assembly.android.mixc-retail-rn84(30017): [assembly.topology] Native topology host already matches desired lifecycle state {"displayCount":2,"displayIndex":1,"deviceId":"2N4QS8GYRS","instanceMode":"SLAVE","enableSlave":false,"running":false,"reason":"not-master-or-single-primary-host"}
04-21 12:03:41.352 I/assembly.assembly.android.mixc-retail-rn84.transport.http.HttpRuntime(29943): [transport.http] HTTP request started: kernel.base.tcp-control-runtime-v2.activate-terminal {"endpointName":"kernel.base.tcp-control-runtime-v2.activate-terminal","serverName":"mock-terminal-platform","addressName":"lan","method":"POST","roundIndex":0,"attemptIndex":1}
04-21 12:03:41.361 I/assembly.assembly.android.mixc-retail-rn84(29943): [assembly.topology] Native topology host already matches desired lifecycle state {"displayCount":2,"displayIndex":0,"deviceId":"2N4QS8GYRS","instanceMode":"MASTER","enableSlave":true,"running":false,"reason":"not-master-or-single-primary-host"}
04-21 12:03:41.368 D/TrafficStats(29943): tagSocket(114) with statsTag=0xffffffff, statsUid=-1
04-21 12:03:41.369 I/assembly.assembly.android.mixc-retail-rn84(29943): [assembly.topology] Native topology host already matches desired lifecycle state {"displayCount":2,"displayIndex":0,"deviceId":"2N4QS8GYRS","instanceMode":"MASTER","enableSlave":true,"running":false,"reason":"not-master-or-single-primary-host"}
04-21 12:03:41.372 I/assembly.assembly.android.mixc-retail-rn84(29943): [assembly.topology] Native topology host already matches desired lifecycle state {"displayCount":2,"displayIndex":0,"deviceId":"2N4QS8GYRS","instanceMode":"MASTER","enableSlave":true,"running":false,"reason":"not-master-or-single-primary-host"}
04-21 12:03:41.373 I/assembly.assembly.android.mixc-retail-rn84(29943): [assembly.topology] Native topology host already matches desired lifecycle state {"displayCount":2,"displayIndex":0,"deviceId":"2N4QS8GYRS","instanceMode":"MASTER","enableSlave":true,"running":false,"reason":"not-master-or-single-primary-host"}
04-21 12:03:41.375 D/TrafficStats(29943): tagSocket(116) with statsTag=0xffffffff, statsUid=-1
04-21 12:03:41.483 I/assembly.assembly.android.mixc-retail-rn84.transport.http.HttpRuntime(29943): [transport.http] HTTP request completed: kernel.base.tcp-control-runtime-v2.activate-terminal {"endpointName":"kernel.base.tcp-control-runtime-v2.activate-terminal","serverName":"mock-terminal-platform","addressName":"lan","status":201}
04-21 12:03:41.488 I/ReactNativeJS(30017): '[runtime-state-sync-apply]', '{"direction":"master-to-slave","incomingSliceNames":["kernel.base.tcp-control-runtime-v2.sandbox"],"appliedSliceNames":["kernel.base.tcp-control-runtime-v2.sandbox"],"skippedSliceReasons":[]}'
04-21 12:03:41.500 I/ReactNativeJS(29943): '[tcp-activation-state-written]', '{"nodeId":"master:2N4QS8GYRS","sandboxId":"sandbox-kernel-base-test","terminalId":"terminal_uytd2e4tmwh8","bindingKeys":["platformId","tenantId","brandId","projectId","storeId","profileId","templateId"],"activatedAt":1776744221482}'
04-21 12:03:41.500 I/assembly.assembly.android.mixc-retail-rn84(30017): [assembly.topology] Native topology host already matches desired lifecycle state {"displayCount":2,"displayIndex":1,"deviceId":"2N4QS8GYRS","instanceMode":"SLAVE","enableSlave":false,"running":false,"reason":"not-master-or-single-primary-host"}
04-21 12:03:41.501 I/assembly.assembly.android.mixc-retail-rn84(30017): [assembly.topology] Native topology host already matches desired lifecycle state {"displayCount":2,"displayIndex":1,"deviceId":"2N4QS8GYRS","instanceMode":"SLAVE","enableSlave":false,"running":false,"reason":"not-master-or-single-primary-host"}
04-21 12:03:41.502 I/ReactNativeJS(30017): '[runtime-state-sync-apply]', '{"direction":"master-to-slave","incomingSliceNames":["kernel.base.tcp-control-runtime-v2.identity"],"appliedSliceNames":["kernel.base.tcp-control-runtime-v2.identity"],"skippedSliceReasons":[]}'
04-21 12:03:41.506 I/assembly.assembly.android.mixc-retail-rn84.transport.ws.SocketRuntime(29943): [transport.ws] Socket connect started: kernel.base.tdp-sync-runtime-v2.socket {"profileName":"kernel.base.tdp-sync-runtime-v2.socket","serverName":"mock-terminal-platform","addressName":"lan"}
04-21 12:03:41.510 I/ReactNativeJS(29943): '[assembly.android.mixc-retail-rn84.websocket] connect', { url: 'ws://192.168.0.172:5810/api/v1/tdp/ws/connect?sandboxId=sandbox-kernel-base-test&terminalId=terminal_uytd2e4tmwh8&token=token_bymqe5brmwhb',
04-21 12:03:41.510 I/ReactNativeJS(29943):   protocol: 'ws',
04-21 12:03:41.510 I/ReactNativeJS(29943):   host: '192.168.0.172:5810',
04-21 12:03:41.510 I/ReactNativeJS(29943):   pathname: '/api/v1/tdp/ws/connect' }
04-21 12:03:41.512 I/assembly.assembly.android.mixc-retail-rn84(30017): [assembly.topology] Native topology host already matches desired lifecycle state {"displayCount":2,"displayIndex":1,"deviceId":"2N4QS8GYRS","instanceMode":"SLAVE","enableSlave":false,"running":false,"reason":"not-master-or-single-primary-host"}
04-21 12:03:41.513 I/assembly.assembly.android.mixc-retail-rn84(30017): [assembly.topology] Native topology host already matches desired lifecycle state {"displayCount":2,"displayIndex":1,"deviceId":"2N4QS8GYRS","instanceMode":"SLAVE","enableSlave":false,"running":false,"reason":"not-master-or-single-primary-host"}
04-21 12:03:41.513 I/ReactNativeJS(30017): '[runtime-state-sync-apply]', '{"direction":"master-to-slave","incomingSliceNames":["kernel.base.tcp-control-runtime-v2.credential"],"appliedSliceNames":["kernel.base.tcp-control-runtime-v2.credential"],"skippedSliceReasons":[]}'
04-21 12:03:41.514 D/TrafficStats(30017): tagSocket(5) with statsTag=0xffffffff, statsUid=-1
04-21 12:03:41.517 D/TrafficStats(29943): tagSocket(5) with statsTag=0xffffffff, statsUid=-1
04-21 12:03:41.519 I/assembly.assembly.android.mixc-retail-rn84(30017): [assembly.topology] Native topology host already matches desired lifecycle state {"displayCount":2,"displayIndex":1,"deviceId":"2N4QS8GYRS","instanceMode":"SLAVE","enableSlave":false,"running":false,"reason":"not-master-or-single-primary-host"}
04-21 12:03:41.520 I/assembly.assembly.android.mixc-retail-rn84(30017): [assembly.topology] Native topology host already matches desired lifecycle state {"displayCount":2,"displayIndex":1,"deviceId":"2N4QS8GYRS","instanceMode":"SLAVE","enableSlave":false,"running":false,"reason":"not-master-or-single-primary-host"}
04-21 12:03:41.521 I/ReactNativeJS(30017): '[runtime-state-sync-apply]', '{"direction":"master-to-slave","incomingSliceNames":["kernel.base.tcp-control-runtime-v2.binding"],"appliedSliceNames":["kernel.base.tcp-control-runtime-v2.binding"],"skippedSliceReasons":[]}'
04-21 12:03:41.524 I/assembly.assembly.android.mixc-retail-rn84(30017): [assembly.topology] Native topology host already matches desired lifecycle state {"displayCount":2,"displayIndex":1,"deviceId":"2N4QS8GYRS","instanceMode":"SLAVE","enableSlave":false,"running":false,"reason":"not-master-or-single-primary-host"}
04-21 12:03:41.525 I/assembly.assembly.android.mixc-retail-rn84(30017): [assembly.topology] Native topology host already matches desired lifecycle state {"displayCount":2,"displayIndex":1,"deviceId":"2N4QS8GYRS","instanceMode":"SLAVE","enableSlave":false,"running":false,"reason":"not-master-or-single-primary-host"}
04-21 12:03:41.526 I/ReactNativeJS(30017): '[runtime-state-sync-apply]', '{"direction":"master-to-slave","incomingSliceNames":["kernel.base.ui-runtime-v2.screen.main"],"appliedSliceNames":["kernel.base.ui-runtime-v2.screen.main"],"skippedSliceReasons":[]}'
04-21 12:03:41.528 I/assembly.assembly.android.mixc-retail-rn84(30017): [assembly.topology] Native topology host already matches desired lifecycle state {"displayCount":2,"displayIndex":1,"deviceId":"2N4QS8GYRS","instanceMode":"SLAVE","enableSlave":false,"running":false,"reason":"not-master-or-single-primary-host"}
04-21 12:03:41.528 I/assembly.assembly.android.mixc-retail-rn84(30017): [assembly.topology] Native topology host already matches desired lifecycle state {"displayCount":2,"displayIndex":1,"deviceId":"2N4QS8GYRS","instanceMode":"SLAVE","enableSlave":false,"running":false,"reason":"not-master-or-single-primary-host"}
04-21 12:03:41.563 I/assembly.assembly.android.mixc-retail-rn84(29943): [assembly.topology] Native topology host already matches desired lifecycle state {"displayCount":2,"displayIndex":0,"deviceId":"2N4QS8GYRS","instanceMode":"MASTER","enableSlave":true,"running":false,"reason":"not-master-or-single-primary-host"}
04-21 12:03:41.565 I/MMKV    (29943): <MMKV_IO.cpp:609::writeActualSize> [mixc-retail-assembly-rn84::state] increase sequence to 33, crc 663243465, actualSize 14852
04-21 12:03:41.565 I/MMKV    (29943): <MMKV.cpp:1208::sync> MMKV::sync, SyncFlag = 1
04-21 12:03:41.578 I/assembly.assembly.android.mixc-retail-rn84(29943): [assembly.topology] Native topology host already matches desired lifecycle state {"displayCount":2,"displayIndex":0,"deviceId":"2N4QS8GYRS","instanceMode":"MASTER","enableSlave":true,"running":false,"reason":"not-master-or-single-primary-host"}
04-21 12:03:41.580 I/assembly.assembly.android.mixc-retail-rn84(29943): [assembly.topology] Native topology host already matches desired lifecycle state {"displayCount":2,"displayIndex":0,"deviceId":"2N4QS8GYRS","instanceMode":"MASTER","enableSlave":true,"running":false,"reason":"not-master-or-single-primary-host"}
04-21 12:03:41.581 I/assembly.assembly.android.mixc-retail-rn84(29943): [assembly.topology] Native topology host already matches desired lifecycle state {"displayCount":2,"displayIndex":0,"deviceId":"2N4QS8GYRS","instanceMode":"MASTER","enableSlave":true,"running":false,"reason":"not-master-or-single-primary-host"}
04-21 12:03:41.582 I/assembly.assembly.android.mixc-retail-rn84(29943): [assembly.topology] Native topology host already matches desired lifecycle state {"displayCount":2,"displayIndex":0,"deviceId":"2N4QS8GYRS","instanceMode":"MASTER","enableSlave":true,"running":false,"reason":"not-master-or-single-primary-host"}
04-21 12:03:41.583 I/assembly.assembly.android.mixc-retail-rn84(29943): [assembly.topology] Native topology host already matches desired lifecycle state {"displayCount":2,"displayIndex":0,"deviceId":"2N4QS8GYRS","instanceMode":"MASTER","enableSlave":true,"running":false,"reason":"not-master-or-single-primary-host"}
04-21 12:03:41.583 I/assembly.assembly.android.mixc-retail-rn84(29943): [assembly.topology] Native topology host already matches desired lifecycle state {"displayCount":2,"displayIndex":0,"deviceId":"2N4QS8GYRS","instanceMode":"MASTER","enableSlave":true,"running":false,"reason":"not-master-or-single-primary-host"}
04-21 12:03:41.584 I/ReactNativeJS(30017): '[runtime-state-sync-apply]', '{"direction":"master-to-slave","incomingSliceNames":["kernel.base.ui-runtime-v2.screen.main"],"appliedSliceNames":["kernel.base.ui-runtime-v2.screen.main"],"skippedSliceReasons":[]}'
04-21 12:03:41.584 I/assembly.assembly.android.mixc-retail-rn84(29943): [assembly.topology] Native topology host already matches desired lifecycle state {"displayCount":2,"displayIndex":0,"deviceId":"2N4QS8GYRS","instanceMode":"MASTER","enableSlave":true,"running":false,"reason":"not-master-or-single-primary-host"}
04-21 12:03:41.589 I/assembly.assembly.android.mixc-retail-rn84(29943): [assembly.topology] Native topology host already matches desired lifecycle state {"displayCount":2,"displayIndex":0,"deviceId":"2N4QS8GYRS","instanceMode":"MASTER","enableSlave":true,"running":false,"reason":"not-master-or-single-primary-host"}
04-21 12:03:41.590 I/MMKV    (29943): <MMKV_IO.cpp:609::writeActualSize> [mixc-retail-assembly-rn84::secure-state] increase sequence to 1, crc 1164531319, actualSize 4
04-21 12:03:41.595 I/MMKV    (29943): <MMKV_IO.cpp:609::writeActualSize> [mixc-retail-assembly-rn84::state] increase sequence to 34, crc 2160201103, actualSize 16684
04-21 12:03:41.595 I/MMKV    (29943): <MMKV.cpp:1208::sync> MMKV::sync, SyncFlag = 1
04-21 12:03:41.602 I/assembly.assembly.android.mixc-retail-rn84(30017): [assembly.topology] Native topology host already matches desired lifecycle state {"displayCount":2,"displayIndex":1,"deviceId":"2N4QS8GYRS","instanceMode":"SLAVE","enableSlave":false,"running":false,"reason":"not-master-or-single-primary-host"}
04-21 12:03:41.603 I/assembly.assembly.android.mixc-retail-rn84(30017): [assembly.topology] Native topology host already matches desired lifecycle state {"displayCount":2,"displayIndex":1,"deviceId":"2N4QS8GYRS","instanceMode":"SLAVE","enableSlave":false,"running":false,"reason":"not-master-or-single-primary-host"}
04-21 12:03:41.605 I/MMKV    (29943): <MMKV_IO.cpp:609::writeActualSize> [mixc-retail-assembly-rn84::state] increase sequence to 35, crc 949923879, actualSize 16751
04-21 12:03:41.605 I/MMKV    (29943): <MMKV.cpp:1208::sync> MMKV::sync, SyncFlag = 1
04-21 12:03:41.613 I/MMKV    (29943): <MMKV_IO.cpp:609::writeActualSize> [mixc-retail-assembly-rn84::state] increase sequence to 36, crc 3845496849, actualSize 16751
04-21 12:03:41.614 I/MMKV    (29943): <MMKV.cpp:1208::sync> MMKV::sync, SyncFlag = 1
04-21 12:03:41.618 I/MMKV    (29943): <MMKV_IO.cpp:609::writeActualSize> [mixc-retail-assembly-rn84::state] increase sequence to 37, crc 3123493013, actualSize 16751
04-21 12:03:41.618 I/MMKV    (29943): <MMKV.cpp:1208::sync> MMKV::sync, SyncFlag = 1
04-21 12:03:41.620 I/assembly.assembly.android.mixc-retail-rn84(29943): [assembly.topology] Native topology host already matches desired lifecycle state {"displayCount":2,"displayIndex":0,"deviceId":"2N4QS8GYRS","instanceMode":"MASTER","enableSlave":true,"running":false,"reason":"not-master-or-single-primary-host"}
04-21 12:03:41.625 I/assembly.assembly.android.mixc-retail-rn84(29943): [assembly.topology] Native topology host already matches desired lifecycle state {"displayCount":2,"displayIndex":0,"deviceId":"2N4QS8GYRS","instanceMode":"MASTER","enableSlave":true,"running":false,"reason":"not-master-or-single-primary-host"}
04-21 12:03:41.625 I/assembly.assembly.android.mixc-retail-rn84(29943): [assembly.topology] Native topology host already matches desired lifecycle state {"displayCount":2,"displayIndex":0,"deviceId":"2N4QS8GYRS","instanceMode":"MASTER","enableSlave":true,"running":false,"reason":"not-master-or-single-primary-host"}
04-21 12:03:41.628 I/assembly.assembly.android.mixc-retail-rn84(29943): [assembly.topology] Native topology host already matches desired lifecycle state {"displayCount":2,"displayIndex":0,"deviceId":"2N4QS8GYRS","instanceMode":"MASTER","enableSlave":true,"running":false,"reason":"not-master-or-single-primary-host"}
04-21 12:03:41.628 I/assembly.assembly.android.mixc-retail-rn84(29943): [assembly.topology] Native topology host already matches desired lifecycle state {"displayCount":2,"displayIndex":0,"deviceId":"2N4QS8GYRS","instanceMode":"MASTER","enableSlave":true,"running":false,"reason":"not-master-or-single-primary-host"}
04-21 12:03:41.640 I/MMKV    (29943): <MMKV_IO.cpp:609::writeActualSize> [mixc-retail-assembly-rn84::state] increase sequence to 38, crc 1537099618, actualSize 17404
04-21 12:03:41.640 I/MMKV    (29943): <MMKV.cpp:1208::sync> MMKV::sync, SyncFlag = 1
04-21 12:03:41.650 I/MMKV    (29943): <MMKV_IO.cpp:609::writeActualSize> [mixc-retail-assembly-rn84::state] increase sequence to 39, crc 762612165, actualSize 17484
04-21 12:03:41.650 I/MMKV    (29943): <MMKV.cpp:1208::sync> MMKV::sync, SyncFlag = 1
04-21 12:03:41.953 D/TrafficStats(29943): tagSocket(113) with statsTag=0xffffffff, statsUid=-1
04-21 12:03:41.967 D/TrafficStats(29943): tagSocket(122) with statsTag=0xffffffff, statsUid=-1
04-21 12:03:41.983 D/TrafficStats(29943): tagSocket(113) with statsTag=0xffffffff, statsUid=-1
04-21 12:03:41.995 D/TrafficStats(29943): tagSocket(113) with statsTag=0xffffffff, statsUid=-1
04-21 12:03:42.157 E/android.hardware.graphics.composer3-service.rockchip(  344): wait,line=113 wait callback timeout
04-21 12:03:42.271 E/WifiStaIfaceAidlImpl(  888): getLinkLayerStats failed with service-specific exception: android.os.ServiceSpecificException: unknown error (code 9)
04-21 12:03:44.397 I/DispatchControl( 9420): 线程Id = 35，进程id = 9420，handleMessage  bean.name:sunmi_action_check_size source:com.sunmi.dataService    type:1     description:检测数据库原始数据表的size task_count:2
04-21 12:03:44.400 I/TaskControl( 9420): TaskControl 采集:sunmi_action_check_size     description:检测数据库原始数据表的size
04-21 12:03:44.427 I/nmi.dataService( 9420): Explicit concurrent mark compact GC freed 1111(109KB) AllocSpace objects, 0(0B) LOS objects, 24% free, 2985KB/3980KB, paused 255us,3.362ms total 23.863ms
04-21 12:03:45.280 E/WifiStaIfaceAidlImpl(  888): getLinkLayerStats failed with service-specific exception: android.os.ServiceSpecificException: unknown error (code 9)
04-21 12:03:45.287 E/SdkStatusContentProvider( 2731): SdkSettingPreferences onSharedPreferenceChanged key = isp
04-21 12:03:45.288 E/SdkStatusContentProvider( 2731): SdkSettingPreferences onSharedPreferenceChanged key = isp
04-21 12:03:45.289 E/ActivityThread( 2731): Failed to find provider info for com.alipay.iot.settings.SettingsProvider
04-21 12:03:45.289 E/ActivityThread( 2731): Failed to find provider info for com.alipay.iot.settings.SettingsProvider
04-21 12:03:45.291 I/UsbExtImpl(  888): default allow  uid:10099pid:2731  processName=com.alipay.iot.service to use PC Camera
04-21 12:03:45.292 V/UsbExtImpl(  888): smconf processName:com.alipay.iot.service
04-21 12:03:45.292 I/UsbExtImpl(  888): smconf disallow  uid:10099pid:2731  processName=com.alipay.iot.service to use GD32-USB_Printer
04-21 12:03:45.292 I/UsbExtImpl(  888): default allow  uid:10099pid:2731  processName=com.alipay.iot.service to use NS021 USB HID Keyboard
04-21 12:03:45.293 I/UsbExtImpl(  888): default allow  uid:10099pid:2731  processName=com.alipay.iot.service to use PC Camera
04-21 12:03:45.293 V/UsbExtImpl(  888): smconf processName:com.alipay.iot.service
04-21 12:03:45.294 I/UsbExtImpl(  888): smconf disallow  uid:10099pid:2731  processName=com.alipay.iot.service to use GD32-USB_Printer
04-21 12:03:45.294 I/UsbExtImpl(  888): default allow  uid:10099pid:2731  processName=com.alipay.iot.service to use NS021 USB HID Keyboard
04-21 12:03:45.295 I/UsbExtImpl(  888): default allow  uid:10099pid:2731  processName=com.alipay.iot.service to use PC Camera
04-21 12:03:45.296 V/UsbExtImpl(  888): smconf processName:com.alipay.iot.service
04-21 12:03:45.296 I/UsbExtImpl(  888): smconf disallow  uid:10099pid:2731  processName=com.alipay.iot.service to use GD32-USB_Printer
04-21 12:03:45.296 I/UsbExtImpl(  888): default allow  uid:10099pid:2731  processName=com.alipay.iot.service to use NS021 USB HID Keyboard
04-21 12:03:45.298 I/UsbExtImpl(  888): default allow  uid:10099pid:2731  processName=com.alipay.iot.service to use PC Camera
04-21 12:03:45.298 V/UsbExtImpl(  888): smconf processName:com.alipay.iot.service
04-21 12:03:45.298 I/UsbExtImpl(  888): smconf disallow  uid:10099pid:2731  processName=com.alipay.iot.service to use GD32-USB_Printer
04-21 12:03:45.299 I/UsbExtImpl(  888): default allow  uid:10099pid:2731  processName=com.alipay.iot.service to use NS021 USB HID Keyboard
04-21 12:03:45.300 I/UsbExtImpl(  888): default allow  uid:10099pid:2731  processName=com.alipay.iot.service to use PC Camera
04-21 12:03:45.300 V/UsbExtImpl(  888): smconf processName:com.alipay.iot.service
04-21 12:03:45.300 I/UsbExtImpl(  888): smconf disallow  uid:10099pid:2731  processName=com.alipay.iot.service to use GD32-USB_Printer
04-21 12:03:45.300 I/UsbExtImpl(  888): default allow  uid:10099pid:2731  processName=com.alipay.iot.service to use NS021 USB HID Keyboard
04-21 12:03:48.293 E/WifiStaIfaceAidlImpl(  888): getLinkLayerStats failed with service-specific exception: android.os.ServiceSpecificException: unknown error (code 9)
04-21 12:03:51.305 E/WifiStaIfaceAidlImpl(  888): getLinkLayerStats failed with service-specific exception: android.os.ServiceSpecificException: unknown error (code 9)
04-21 12:03:54.316 E/WifiStaIfaceAidlImpl(  888): getLinkLayerStats failed with service-specific exception: android.os.ServiceSpecificException: unknown error (code 9)
04-21 12:03:57.327 E/WifiStaIfaceAidlImpl(  888): getLinkLayerStats failed with service-specific exception: android.os.ServiceSpecificException: unknown error (code 9)
04-21 12:04:00.000 D/AlarmManager(  888): setImplLocked() callingPackage=android
04-21 12:04:00.338 E/WifiStaIfaceAidlImpl(  888): getLinkLayerStats failed with service-specific exception: android.os.ServiceSpecificException: unknown error (code 9)
04-21 12:04:01.939 D/TrafficStats(29943): tagSocket(113) with statsTag=0xffffffff, statsUid=-1
04-21 12:04:01.952 D/TrafficStats(29943): tagSocket(122) with statsTag=0xffffffff, statsUid=-1
04-21 12:04:02.158 E/android.hardware.graphics.composer3-service.rockchip(  344): wait,line=113 wait callback timeout
04-21 12:04:02.270 D/TrafficStats(29943): tagSocket(113) with statsTag=0xffffffff, statsUid=-1
04-21 12:04:02.275 D/TrafficStats(30017): tagSocket(103) with statsTag=0xffffffff, statsUid=-1
04-21 12:04:02.277 D/TrafficStats(30017): tagSocket(115) with statsTag=0xffffffff, statsUid=-1
04-21 12:04:02.285 D/TrafficStats(29943): tagSocket(113) with statsTag=0xffffffff, statsUid=-1
04-21 12:04:02.288 D/TrafficStats(30017): tagSocket(103) with statsTag=0xffffffff, statsUid=-1
04-21 12:04:02.291 D/TrafficStats(30017): tagSocket(115) with statsTag=0xffffffff, statsUid=-1
04-21 12:04:03.350 E/WifiStaIfaceAidlImpl(  888): getLinkLayerStats failed with service-specific exception: android.os.ServiceSpecificException: unknown error (code 9)
04-21 12:04:04.424 I/DispatchControl( 9420): 线程Id = 35，进程id = 9420，handleMessage  bean.name:sunmi_action_check_size source:com.sunmi.dataService    type:2     description:检测数据库原始数据表的size task_count:2
04-21 12:04:04.427 I/StoreControl( 9420): StoreControl 存储:sunmi_action_check_size source:com.sunmi.dataService     time:1776744180  elapsedRealtime:0
04-21 12:04:04.430 I/clh     ( 9420): clearDbData 删除数据
04-21 12:04:04.439 I/clh     ( 9420): clearDbData size :3196  maxSize:209715200
04-21 12:04:04.479 I/nmi.dataService( 9420): Explicit concurrent mark compact GC freed 2206(315KB) AllocSpace objects, 0(0B) LOS objects, 24% free, 2993KB/3991KB, paused 393us,4.422ms total 36.045ms
04-21 12:04:06.359 E/WifiStaIfaceAidlImpl(  888): getLinkLayerStats failed with service-specific exception: android.os.ServiceSpecificException: unknown error (code 9)
04-21 12:04:09.370 E/WifiStaIfaceAidlImpl(  888): getLinkLayerStats failed with service-specific exception: android.os.ServiceSpecificException: unknown error (code 9)
04-21 12:04:11.829 D/WifiHAL (  670): Setting APF program, halHandle = 0xb400006f4f6eedc0
04-21 12:04:11.829 I/WifiHAL (  670): createRequest: APF set program request
04-21 12:04:11.831 I/WifiHAL (  670): Done!
04-21 12:04:12.379 E/WifiStaIfaceAidlImpl(  888): getLinkLayerStats failed with service-specific exception: android.os.ServiceSpecificException: unknown error (code 9)
04-21 12:04:15.386 E/WifiStaIfaceAidlImpl(  888): getLinkLayerStats failed with service-specific exception: android.os.ServiceSpecificException: unknown error (code 9)
