04-22 00:04:46.068 I/FontLog ( 1251): Pulling font file for id = 93, cache size = 5 [CONTEXT service_id=132 ]
04-22 00:04:46.220 W/TransactionTracing(  335): Could not find layer handle 0xb400006eb98b6730
04-22 00:04:46.220 W/TransactionTracing(  335): Could not find layer handle 0xb400006eb98b5e30
04-22 00:04:46.220 W/TransactionTracing(  335): Could not find layer handle 0xb400006eb98b5590
04-22 00:04:46.220 W/TransactionTracing(  335): Could not find layer handle 0xb400006eb98b5590
04-22 00:04:46.220 W/TransactionTracing(  335): Could not find layer handle 0xb400006eb98b5e30
04-22 00:04:47.420 D/EGL_emulation(14284): app_time_stats: avg=216.63ms min=2.44ms max=1445.52ms count=8
04-22 00:04:51.045 D/ProfileInstaller(14284): Installing profile for com.impos2.mixcretailassemblyrn84
04-22 00:04:52.087 D/BtGatt.ScanManager(  790): uid 10116 isForeground true scanMode -1
04-22 00:04:54.671 D/NetworkMonitor/100(  784): PROBE_HTTPS https://www.google.com/generate_204 Probe failed with exception java.net.SocketTimeoutException: failed to connect to www.google.com/2001::1 (port 443) from /fec0::5054:ff:fe12:3456 (port 55622) after 10000ms
04-22 00:04:54.673 D/NetworkMonitor/100(  784): isCaptivePortal: isSuccessful()=false isPortal()=false RedirectUrl=null isPartialConnectivity()=true Time=20039ms
04-22 00:04:54.674 D/ConnectivityService(  519): [100 CELLULAR] validation failed
04-22 00:04:54.674 I/ConnectivityService(  519): Update capabilities for net 100 : +PARTIAL_CONNECTIVITY
04-22 00:04:54.676 D/NetworkNotificationManager(  519): showNotification tag=ConnectivityNotification:100 event=PARTIAL_CONNECTIVITY transport=mobile data name=epc.tmobile.com highPriority=false
04-22 00:04:54.676 W/BestClock(  519): java.time.DateTimeException: Missing NTP fix
04-22 00:04:54.676 W/BestClock(  519): java.time.DateTimeException: Missing NTP fix
04-22 00:04:54.680 I/CarrierServices( 1480): [50] fne.handleMessage: RcsEngineImpl[DUAL_REG]:[7f3bf928-8b36]>Handler: handleMessage processing message:[NOTIFY_UPTIME_IGNORE_STATE_CHANGED] with [non-null]:RcsEngineImpl reference
04-22 00:04:54.680 I/CarrierServices( 1480): [51] etr.c: Connected state: [1], networkType: [MOBILE]
04-22 00:04:54.685 I/CarrierServices( 1480): [50] fjp.f: No RCS Configuration was found in Bugle for simID: redacted-pii:sim_id[chars:20,last3:897]
04-22 00:04:56.660 E/WifiScoringParams(  519): Invalid frequency(-1), using 5G as default rssi array
04-22 00:04:56.680 D/TrafficStats(  784): tagSocket(5) with statsTag=0xffffff81, statsUid=-1
04-22 00:04:56.680 D/TrafficStats(  784): tagSocket(68) with statsTag=0xffffff81, statsUid=-1
04-22 00:04:56.682 D/TrafficStats(  784): tagSocket(68) with statsTag=0xffffff81, statsUid=-1
04-22 00:04:56.682 D/TrafficStats(  784): tagSocket(5) with statsTag=0xffffff81, statsUid=-1
04-22 00:04:56.682 I/resolv  (  293): ResNSendHandler::run: 0 / {100 983140 100 983140 1073 1}
04-22 00:04:56.683 I/resolv  (  293): resolv_cache_lookup: FOUND IN CACHE entry=0xb400007d7da7a050
04-22 00:04:56.683 I/resolv  (  293): ResNSendHandler::run: 0 / {100 983140 100 983140 1073 1}
04-22 00:04:56.683 I/resolv  (  293): resolv_cache_lookup: FOUND IN CACHE entry=0xb400007d9da7f310
04-22 00:04:56.685 I/resolv  (  293): ResNSendHandler::run: 0 / {100 983140 100 983140 1073 1}
04-22 00:04:56.685 I/resolv  (  293): ResNSendHandler::run: 0 / {100 983140 100 983140 1073 1}
04-22 00:04:56.685 I/resolv  (  293): resolv_cache_lookup: FOUND IN CACHE entry=0xb400007d6da79480
04-22 00:04:56.685 I/resolv  (  293): resolv_cache_lookup: FOUND IN CACHE entry=0xb400007d8da720b0
04-22 00:04:56.685 D/TrafficStats(  784): tagSocket(5) with statsTag=0xffffffff, statsUid=-1
04-22 00:04:56.686 D/TrafficStats(  784): tagSocket(5) with statsTag=0xffffffff, statsUid=-1
04-22 00:04:56.688 D/TrafficStats(  784): tagSocket(5) with statsTag=0xffffffff, statsUid=-1
04-22 00:04:56.688 D/NetworkMonitor/100(  784): PROBE_DNS www.google.com 8ms OK 104.244.42.197,2001::1
04-22 00:04:56.688 D/NetworkMonitor/100(  784): PROBE_DNS connectivitycheck.gstatic.com 8ms OK 114.250.65.34
04-22 00:04:56.689 I/resolv  (  293): GetAddrInfoHandler::run: {100 983140 100 983140 1073 1}
04-22 00:04:56.690 I/resolv  (  293): res_nmkquery: (QUERY, IN, A)
04-22 00:04:56.690 I/resolv  (  293): resolv_cache_lookup: FOUND IN CACHE entry=0xb400007d6da79480
04-22 00:04:56.690 I/resolv  (  293): doQuery: rcode=0, ancount=1, return value=48
04-22 00:04:56.690 I/resolv  (  293): res_nmkquery: (QUERY, IN, AAAA)
04-22 00:04:56.690 I/resolv  (  293): resolv_cache_lookup: FOUND IN CACHE entry=0xb400007d7da7a050
04-22 00:04:56.690 I/resolv  (  293): doQuery: rcode=0, ancount=1, return value=60
04-22 00:04:56.690 I/resolv  (  293): GetAddrInfoHandler::run: {100 983140 100 983140 1073 1}
04-22 00:04:56.690 I/resolv  (  293): res_nmkquery: (QUERY, IN, A)
04-22 00:04:56.690 I/resolv  (  293): resolv_cache_lookup: FOUND IN CACHE entry=0xb400007d8da720b0
04-22 00:04:56.690 I/resolv  (  293): doQuery: rcode=0, ancount=1, return value=63
04-22 00:04:56.691 I/resolv  (  293): res_nmkquery: (QUERY, IN, AAAA)
04-22 00:04:56.691 I/resolv  (  293): resolv_cache_lookup: FOUND IN CACHE entry=0xb400007d9da7f310
04-22 00:04:56.691 I/resolv  (  293): doQuery: rcode=0, ancount=0, return value=117
04-22 00:04:56.691 D/TrafficStats(  784): tagSocket(5) with statsTag=0xffffff81, statsUid=-1
04-22 00:04:56.691 D/TrafficStats(  784): tagSocket(68) with statsTag=0xffffff81, statsUid=-1
04-22 00:04:56.826 D/NetworkMonitor/100(  784): PROBE_HTTP http://connectivitycheck.gstatic.com/generate_204 time=137ms ret=204 request={Connection=[close], User-Agent=[Mozilla/5.0 (X11; Linux x86_64) AppleWebKit/537.36 (KHTML, like Gecko) Chrome/60.0.3112.32 Safari/537.36]} headers={null=[HTTP/1.1 204 No Content], Connection=[close], Content-Length=[0], Cross-Origin-Resource-Policy=[cross-origin], Date=[Tue, 21 Apr 2026 16:04:56 GMT], X-Android-Received-Millis=[1776787496825], X-Android-Response-Source=[NETWORK 204], X-Android-Selected-Protocol=[http/1.1], X-Android-Sent-Millis=[1776787496737]}
04-22 00:04:59.683 I/resolv  (  293): GetAddrInfoHandler::run: {100 983140 100 983140 1073 1}
04-22 00:04:59.684 I/resolv  (  293): res_nmkquery: (QUERY, IN, AAAA)
04-22 00:04:59.684 I/resolv  (  293): resolv_cache_lookup: FOUND IN CACHE entry=0xb400007d7da7a050
04-22 00:04:59.684 I/resolv  (  293): res_nmkquery: (QUERY, IN, A)
04-22 00:04:59.684 I/resolv  (  293): doQuery: rcode=0, ancount=1, return value=60
04-22 00:04:59.685 I/resolv  (  293): resolv_cache_lookup: FOUND IN CACHE entry=0xb400007d6da79480
04-22 00:04:59.685 I/resolv  (  293): doQuery: rcode=0, ancount=1, return value=48
04-22 00:04:59.686 D/TrafficStats(  784): tagSocket(61) with statsTag=0xffffff81, statsUid=-1
04-22 00:04:59.836 D/NetworkMonitor/100(  784): PROBE_FALLBACK http://www.google.com/gen_204 time=154ms ret=204 request={Connection=[close], User-Agent=[Mozilla/5.0 (X11; Linux x86_64) AppleWebKit/537.36 (KHTML, like Gecko) Chrome/60.0.3112.32 Safari/537.36]} headers={null=[HTTP/1.1 204 No Content], Connection=[close], Content-Security-Policy=[object-src 'none';base-uri 'self';script-src 'nonce-Z4zNzdPNsAYKNbxhxrFk_A' 'strict-dynamic' 'report-sample' 'unsafe-eval' 'unsafe-inline' https: http:;report-uri https://csp.withgoogle.com/csp/gws/other], Content-Type=[text/html; charset=UTF-8], Date=[Tue, 21 Apr 2026 16:04:59 GMT], Permissions-Policy=[unload=()], Server=[gws], X-Android-Received-Millis=[1776787499836], X-Android-Response-Source=[NETWORK 204], X-Android-Selected-Protocol=[http/1.1], X-Android-Sent-Millis=[1776787499689], X-Frame-Options=[SAMEORIGIN], X-Xss-Protection=[0]}
04-22 00:05:00.008 I/AiAiEcho( 1598): Predicting[0]: 
04-22 00:05:00.008 I/AiAiEcho( 1598): Ranked targets strategy: SORT, count: 0, ranking metadata: 
04-22 00:05:00.009 I/AiAiEcho( 1598): #postPredictionTargets: Sending updates to UISurface lockscreen with targets# 0
04-22 00:05:00.009 I/AiAiEcho( 1598): #postPredictionTargets: Sending updates to UISurface home with targets# 0
04-22 00:05:00.009 I/AiAiEcho( 1598): #postPredictionTargets: Sending updates to UISurface media_data_manager with targets# 0
04-22 00:05:00.024 D/SsMediaDataProvider(  728): Forwarding Smartspace updates []
04-22 00:05:00.038 D/EGL_emulation(  728): app_time_stats: avg=961.23ms min=11.18ms max=14192.87ms count=15
04-22 00:05:00.454 D/WifiNl80211Manager(  519): Scan result ready event
04-22 00:05:00.454 D/WifiNative(  519): Scan result ready event
04-22 00:05:06.702 D/TrafficStats(  784): tagSocket(5) with statsTag=0xffffff81, statsUid=-1
04-22 00:05:13.138 E/android.hardware.power.stats@1.0-service-mock(  317): Failed to getEnergyData
04-22 00:05:16.716 D/NetworkMonitor/100(  784): PROBE_HTTPS https://www.google.com/generate_204 Probe failed with exception java.net.SocketTimeoutException: failed to connect to www.google.com/2001::1 (port 443) from /fec0::5054:ff:fe12:3456 (port 39580) after 10000ms
04-22 00:05:16.717 D/NetworkMonitor/100(  784): isCaptivePortal: isSuccessful()=false isPortal()=false RedirectUrl=null isPartialConnectivity()=true Time=20038ms
04-22 00:05:16.718 D/ConnectivityService(  519): [100 CELLULAR] validation failed
04-22 00:05:20.724 D/TrafficStats(  784): tagSocket(5) with statsTag=0xffffff81, statsUid=-1
04-22 00:05:20.724 D/TrafficStats(  784): tagSocket(61) with statsTag=0xffffff81, statsUid=-1
04-22 00:05:20.725 D/TrafficStats(  784): tagSocket(61) with statsTag=0xffffff81, statsUid=-1
04-22 00:05:20.725 D/TrafficStats(  784): tagSocket(5) with statsTag=0xffffff81, statsUid=-1
04-22 00:05:20.725 I/resolv  (  293): ResNSendHandler::run: 0 / {100 983140 100 983140 1073 1}
04-22 00:05:20.726 I/resolv  (  293): resolv_cache_lookup: FOUND IN CACHE entry=0xb400007d7da7a050
04-22 00:05:20.726 I/resolv  (  293): ResNSendHandler::run: 0 / {100 983140 100 983140 1073 1}
04-22 00:05:20.729 I/resolv  (  293): ResNSendHandler::run: 0 / {100 983140 100 983140 1073 1}
04-22 00:05:20.729 I/resolv  (  293): resolv_cache_lookup: FOUND IN CACHE entry=0xb400007d6da79480
04-22 00:05:20.730 I/resolv  (  293): ResNSendHandler::run: 0 / {100 983140 100 983140 1073 1}
04-22 00:05:20.730 I/resolv  (  293): resolv_cache_lookup: FOUND IN CACHE entry=0xb400007d8da720b0
04-22 00:05:20.734 D/TrafficStats(  784): tagSocket(61) with statsTag=0xffffffff, statsUid=-1
04-22 00:05:20.736 D/TrafficStats(  784): tagSocket(61) with statsTag=0xffffffff, statsUid=-1
04-22 00:05:20.737 D/NetworkMonitor/100(  784): PROBE_DNS www.google.com 13ms OK 104.244.42.197,2001::1
04-22 00:05:20.739 I/resolv  (  293): GetAddrInfoHandler::run: {100 983140 100 983140 1073 1}
04-22 00:05:20.740 I/resolv  (  293): res_nmkquery: (QUERY, IN, AAAA)
04-22 00:05:20.740 I/resolv  (  293): resolv_cache_lookup: FOUND IN CACHE entry=0xb400007d7da7a050
04-22 00:05:20.740 I/resolv  (  293): doQuery: rcode=0, ancount=1, return value=60
04-22 00:05:20.741 I/resolv  (  293): res_nmkquery: (QUERY, IN, A)
04-22 00:05:20.741 I/resolv  (  293): resolv_cache_lookup: FOUND IN CACHE entry=0xb400007d6da79480
04-22 00:05:20.741 I/resolv  (  293): doQuery: rcode=0, ancount=1, return value=48
04-22 00:05:20.742 D/TrafficStats(  784): tagSocket(61) with statsTag=0xffffff81, statsUid=-1
04-22 00:05:20.744 I/resolv  (  293): res_nsend: used send_dg 117 terrno: 0
04-22 00:05:20.745 D/TrafficStats(  784): tagSocket(5) with statsTag=0xffffffff, statsUid=-1
04-22 00:05:20.746 D/NetworkMonitor/100(  784): PROBE_DNS connectivitycheck.gstatic.com 22ms OK 114.250.65.34
04-22 00:05:20.747 I/resolv  (  293): GetAddrInfoHandler::run: {100 983140 100 983140 1073 1}
04-22 00:05:20.749 I/resolv  (  293): res_nmkquery: (QUERY, IN, AAAA)
04-22 00:05:20.749 I/resolv  (  293): resolv_cache_lookup: FOUND IN CACHE entry=0xb400007d9da7f310
04-22 00:05:20.749 I/resolv  (  293): doQuery: rcode=0, ancount=0, return value=117
04-22 00:05:20.749 I/resolv  (  293): res_nmkquery: (QUERY, IN, A)
04-22 00:05:20.749 I/resolv  (  293): resolv_cache_lookup: FOUND IN CACHE entry=0xb400007d8da720b0
04-22 00:05:20.749 I/resolv  (  293): doQuery: rcode=0, ancount=1, return value=63
04-22 00:05:20.751 D/TrafficStats(  784): tagSocket(5) with statsTag=0xffffff81, statsUid=-1
04-22 00:05:20.879 D/NetworkMonitor/100(  784): PROBE_HTTP http://connectivitycheck.gstatic.com/generate_204 time=132ms ret=204 request={Connection=[close], User-Agent=[Mozilla/5.0 (X11; Linux x86_64) AppleWebKit/537.36 (KHTML, like Gecko) Chrome/60.0.3112.32 Safari/537.36]} headers={null=[HTTP/1.1 204 No Content], Connection=[close], Content-Length=[0], Cross-Origin-Resource-Policy=[cross-origin], Date=[Tue, 21 Apr 2026 16:05:20 GMT], X-Android-Received-Millis=[1776787520878], X-Android-Response-Source=[NETWORK 204], X-Android-Selected-Protocol=[http/1.1], X-Android-Sent-Millis=[1776787520794]}
04-22 00:05:23.725 I/resolv  (  293): GetAddrInfoHandler::run: {100 983140 100 983140 1073 1}
04-22 00:05:23.727 I/resolv  (  293): res_nmkquery: (QUERY, IN, AAAA)
04-22 00:05:23.727 I/resolv  (  293): resolv_cache_lookup: FOUND IN CACHE entry=0xb400007d7da7a050
04-22 00:05:23.727 I/resolv  (  293): doQuery: rcode=0, ancount=1, return value=60
04-22 00:05:23.727 I/resolv  (  293): res_nmkquery: (QUERY, IN, A)
04-22 00:05:23.727 I/resolv  (  293): resolv_cache_lookup: FOUND IN CACHE entry=0xb400007d6da79480
04-22 00:05:23.727 I/resolv  (  293): doQuery: rcode=0, ancount=1, return value=48
04-22 00:05:23.728 D/TrafficStats(  784): tagSocket(5) with statsTag=0xffffff81, statsUid=-1
04-22 00:05:23.850 D/NetworkMonitor/100(  784): PROBE_FALLBACK http://www.google.com/gen_204 time=126ms ret=204 request={Connection=[close], User-Agent=[Mozilla/5.0 (X11; Linux x86_64) AppleWebKit/537.36 (KHTML, like Gecko) Chrome/60.0.3112.32 Safari/537.36]} headers={null=[HTTP/1.1 204 No Content], Connection=[close], Content-Security-Policy=[object-src 'none';base-uri 'self';script-src 'nonce-b1gLt34-nqdPfxj4yEsmzQ' 'strict-dynamic' 'report-sample' 'unsafe-eval' 'unsafe-inline' https: http:;report-uri https://csp.withgoogle.com/csp/gws/other], Content-Type=[text/html; charset=UTF-8], Date=[Tue, 21 Apr 2026 16:05:23 GMT], Permissions-Policy=[unload=()], Server=[gws], X-Android-Received-Millis=[1776787523850], X-Android-Response-Source=[NETWORK 204], X-Android-Selected-Protocol=[http/1.1], X-Android-Sent-Millis=[1776787523731], X-Frame-Options=[SAMEORIGIN], X-Xss-Protection=[0]}
