04-22 00:05:20.724 D/TrafficStats(  784): tagSocket(5) with statsTag=0xffffff81, statsUid=-1
04-22 00:05:20.724 D/TrafficStats(  784): tagSocket(61) with statsTag=0xffffff81, statsUid=-1
04-22 00:05:20.725 D/TrafficStats(  784): tagSocket(61) with statsTag=0xffffff81, statsUid=-1
04-22 00:05:20.725 D/TrafficStats(  784): tagSocket(5) with statsTag=0xffffff81, statsUid=-1
04-22 00:05:20.725 I/resolv  (  293): ResNSendHandler::run: 0 / {100 983140 100 983140 1073 1}
04-22 00:05:20.726 I/resolv  (  293): resolv_cache_lookup: FOUND IN CACHE entry=0xb400007d7da7a050
04-22 00:05:20.726 I/resolv  (  293): ResNSendHandler::run: 0 / {100 983140 100 983140 1073 1}
04-22 00:05:20.729 I/resolv  (  293): ResNSendHandler::run: 0 / {100 983140 100 983140 1073 1}
04-22 00:05:20.729 I/resolv  (  293): resolv_cache_lookup: FOUND IN CACHE entry=0xb400007d6da79480
04-22 00:05:20.730 I/resolv  (  293): ResNSendHandler::run: 0 / {100 983140 100 983140 1073 1}
04-22 00:05:20.730 I/resolv  (  293): resolv_cache_lookup: FOUND IN CACHE entry=0xb400007d8da720b0
04-22 00:05:20.734 D/TrafficStats(  784): tagSocket(61) with statsTag=0xffffffff, statsUid=-1
04-22 00:05:20.736 D/TrafficStats(  784): tagSocket(61) with statsTag=0xffffffff, statsUid=-1
04-22 00:05:20.737 D/NetworkMonitor/100(  784): PROBE_DNS www.google.com 13ms OK 104.244.42.197,2001::1
04-22 00:05:20.739 I/resolv  (  293): GetAddrInfoHandler::run: {100 983140 100 983140 1073 1}
04-22 00:05:20.740 I/resolv  (  293): res_nmkquery: (QUERY, IN, AAAA)
04-22 00:05:20.740 I/resolv  (  293): resolv_cache_lookup: FOUND IN CACHE entry=0xb400007d7da7a050
04-22 00:05:20.740 I/resolv  (  293): doQuery: rcode=0, ancount=1, return value=60
04-22 00:05:20.741 I/resolv  (  293): res_nmkquery: (QUERY, IN, A)
04-22 00:05:20.741 I/resolv  (  293): resolv_cache_lookup: FOUND IN CACHE entry=0xb400007d6da79480
04-22 00:05:20.741 I/resolv  (  293): doQuery: rcode=0, ancount=1, return value=48
04-22 00:05:20.742 D/TrafficStats(  784): tagSocket(61) with statsTag=0xffffff81, statsUid=-1
04-22 00:05:20.744 I/resolv  (  293): res_nsend: used send_dg 117 terrno: 0
04-22 00:05:20.745 D/TrafficStats(  784): tagSocket(5) with statsTag=0xffffffff, statsUid=-1
04-22 00:05:20.746 D/NetworkMonitor/100(  784): PROBE_DNS connectivitycheck.gstatic.com 22ms OK 114.250.65.34
04-22 00:05:20.747 I/resolv  (  293): GetAddrInfoHandler::run: {100 983140 100 983140 1073 1}
04-22 00:05:20.749 I/resolv  (  293): res_nmkquery: (QUERY, IN, AAAA)
04-22 00:05:20.749 I/resolv  (  293): resolv_cache_lookup: FOUND IN CACHE entry=0xb400007d9da7f310
04-22 00:05:20.749 I/resolv  (  293): doQuery: rcode=0, ancount=0, return value=117
04-22 00:05:20.749 I/resolv  (  293): res_nmkquery: (QUERY, IN, A)
04-22 00:05:20.749 I/resolv  (  293): resolv_cache_lookup: FOUND IN CACHE entry=0xb400007d8da720b0
04-22 00:05:20.749 I/resolv  (  293): doQuery: rcode=0, ancount=1, return value=63
04-22 00:05:20.751 D/TrafficStats(  784): tagSocket(5) with statsTag=0xffffff81, statsUid=-1
04-22 00:05:20.879 D/NetworkMonitor/100(  784): PROBE_HTTP http://connectivitycheck.gstatic.com/generate_204 time=132ms ret=204 request={Connection=[close], User-Agent=[Mozilla/5.0 (X11; Linux x86_64) AppleWebKit/537.36 (KHTML, like Gecko) Chrome/60.0.3112.32 Safari/537.36]} headers={null=[HTTP/1.1 204 No Content], Connection=[close], Content-Length=[0], Cross-Origin-Resource-Policy=[cross-origin], Date=[Tue, 21 Apr 2026 16:05:20 GMT], X-Android-Received-Millis=[1776787520878], X-Android-Response-Source=[NETWORK 204], X-Android-Selected-Protocol=[http/1.1], X-Android-Sent-Millis=[1776787520794]}
04-22 00:05:23.725 I/resolv  (  293): GetAddrInfoHandler::run: {100 983140 100 983140 1073 1}
04-22 00:05:23.727 I/resolv  (  293): res_nmkquery: (QUERY, IN, AAAA)
04-22 00:05:23.727 I/resolv  (  293): resolv_cache_lookup: FOUND IN CACHE entry=0xb400007d7da7a050
04-22 00:05:23.727 I/resolv  (  293): doQuery: rcode=0, ancount=1, return value=60
04-22 00:05:23.727 I/resolv  (  293): res_nmkquery: (QUERY, IN, A)
04-22 00:05:23.727 I/resolv  (  293): resolv_cache_lookup: FOUND IN CACHE entry=0xb400007d6da79480
04-22 00:05:23.727 I/resolv  (  293): doQuery: rcode=0, ancount=1, return value=48
04-22 00:05:23.728 D/TrafficStats(  784): tagSocket(5) with statsTag=0xffffff81, statsUid=-1
04-22 00:05:23.850 D/NetworkMonitor/100(  784): PROBE_FALLBACK http://www.google.com/gen_204 time=126ms ret=204 request={Connection=[close], User-Agent=[Mozilla/5.0 (X11; Linux x86_64) AppleWebKit/537.36 (KHTML, like Gecko) Chrome/60.0.3112.32 Safari/537.36]} headers={null=[HTTP/1.1 204 No Content], Connection=[close], Content-Security-Policy=[object-src 'none';base-uri 'self';script-src 'nonce-b1gLt34-nqdPfxj4yEsmzQ' 'strict-dynamic' 'report-sample' 'unsafe-eval' 'unsafe-inline' https: http:;report-uri https://csp.withgoogle.com/csp/gws/other], Content-Type=[text/html; charset=UTF-8], Date=[Tue, 21 Apr 2026 16:05:23 GMT], Permissions-Policy=[unload=()], Server=[gws], X-Android-Received-Millis=[1776787523850], X-Android-Response-Source=[NETWORK 204], X-Android-Selected-Protocol=[http/1.1], X-Android-Sent-Millis=[1776787523731], X-Frame-Options=[SAMEORIGIN], X-Xss-Protection=[0]}
04-22 00:05:30.755 D/TrafficStats(  784): tagSocket(5) with statsTag=0xffffff81, statsUid=-1
04-22 00:05:30.910 W/A       ( 1921): v2 eligibility check failed
04-22 00:05:30.910 W/A       ( 1921): com.google.android.libraries.search.r.a.b: com.google.frameworks.client.data.android.ac: Http networking stack error
04-22 00:05:30.910 W/A       ( 1921): 	at com.google.android.libraries.search.r.a.f.apply(PG:3)
04-22 00:05:30.910 W/A       ( 1921): 	at com.google.apps.tiktok.tracing.ew.apply(PG:3)
04-22 00:05:30.910 W/A       ( 1921): 	at com.google.common.w.a.a.e(PG:2)
04-22 00:05:30.910 W/A       ( 1921): 	at com.google.common.w.a.c.run(PG:11)
04-22 00:05:30.910 W/A       ( 1921): 	at com.google.android.libraries.i.z.run(PG:1)
04-22 00:05:30.910 W/A       ( 1921): 	at java.util.concurrent.ThreadPoolExecutor.runWorker(ThreadPoolExecutor.java:1137)
04-22 00:05:30.910 W/A       ( 1921): 	at java.util.concurrent.ThreadPoolExecutor$Worker.run(ThreadPoolExecutor.java:637)
04-22 00:05:30.910 W/A       ( 1921): 	at com.google.android.libraries.i.h.run(PG:2)
04-22 00:05:30.910 W/A       ( 1921): 	at java.lang.Thread.run(Thread.java:1012)
04-22 00:05:30.910 W/A       ( 1921): 	at com.google.android.libraries.i.ai.run(PG:5)
04-22 00:05:30.910 W/A       ( 1921): Caused by: com.google.frameworks.client.data.android.ac: Http networking stack error
04-22 00:05:30.910 W/A       ( 1921): 	at com.google.frameworks.client.data.android.y.run(PG:7)
04-22 00:05:30.910 W/A       ( 1921): 	... 6 more
04-22 00:05:30.910 W/A       ( 1921): Caused by: iq: Exception in CronetUrlRequest: net::ERR_CONNECTION_REFUSED, ErrorCode=7, InternalErrorCode=-102, Retryable=false
04-22 00:05:30.910 W/A       ( 1921): 	at org.chromium.net.impl.CronetUrlRequest.onError(:com.google.android.gms.dynamite_cronetdynamite@231818044@23.18.18 (190400-0):5)
04-22 00:05:32.443 I/ActivityTaskManager(  519): START u0 {flg=0x10000000 cmp=com.impos2.mixcretailassemblyrn84/.MainActivity} from uid 2000
04-22 00:05:32.444 D/CompatibilityChangeReporter(  519): Compat change id reported: 197654537; UID 10175; state: ENABLED
04-22 00:05:32.445 W/unknown:BridgelessReact(14284): ReactHost{0}.onHostPause(activity)
04-22 00:05:32.445 W/unknown:BridgelessReact(14284): ReactHost{0}.ReactContext.onHostPause()
04-22 00:05:32.445 W/unknown:BridgelessReact(14284): ReactHost{0}.onHostResume(activity)
04-22 00:05:32.445 W/unknown:BridgelessReact(14284): ReactHost{0}.ReactContext.onHostResume()
04-22 00:05:32.462 D/TrafficStats(14284): tagSocket(5) with statsTag=0xffffffff, statsUid=-1
04-22 00:05:32.503 W/TransactionTracing(  335): Could not find layer id -1
04-22 00:05:32.503 W/TransactionTracing(  335): Could not find layer id -1
04-22 00:05:32.503 W/TransactionTracing(  335): Could not find layer id -1
04-22 00:05:32.503 W/TransactionTracing(  335): Could not find layer id -1
04-22 00:05:32.503 W/TransactionTracing(  335): Could not find layer id -1
04-22 00:05:32.503 W/TransactionTracing(  335): Could not find layer id -1
04-22 00:05:32.503 W/TransactionTracing(  335): Could not find layer id -1
04-22 00:05:32.521 I/ActivityTaskManager(  519): START u0 {flg=0x10000000 cmp=com.impos2.mixcretailassemblyrn84/.MainActivity} from uid 2000
04-22 00:05:32.523 W/unknown:BridgelessReact(14284): ReactHost{0}.onHostPause(activity)
04-22 00:05:32.523 W/unknown:BridgelessReact(14284): ReactHost{0}.ReactContext.onHostPause()
04-22 00:05:32.523 W/unknown:BridgelessReact(14284): ReactHost{0}.onHostResume(activity)
04-22 00:05:32.523 W/unknown:BridgelessReact(14284): ReactHost{0}.ReactContext.onHostResume()
04-22 00:05:32.540 D/TrafficStats(14284): tagSocket(5) with statsTag=0xffffffff, statsUid=-1
04-22 00:05:32.543 D/TrafficStats(14284): tagSocket(5) with statsTag=0xffffffff, statsUid=-1
04-22 00:05:32.598 I/ActivityTaskManager(  519): START u0 {flg=0x10000000 cmp=com.impos2.mixcretailassemblyrn84/.MainActivity} from uid 2000
04-22 00:05:32.600 W/unknown:BridgelessReact(14284): ReactHost{0}.onHostPause(activity)
04-22 00:05:32.600 W/unknown:BridgelessReact(14284): ReactHost{0}.ReactContext.onHostPause()
04-22 00:05:32.600 W/unknown:BridgelessReact(14284): ReactHost{0}.onHostResume(activity)
04-22 00:05:32.600 W/unknown:BridgelessReact(14284): ReactHost{0}.ReactContext.onHostResume()
04-22 00:05:32.615 D/TrafficStats(14284): tagSocket(5) with statsTag=0xffffffff, statsUid=-1
04-22 00:05:32.619 D/TrafficStats(14284): tagSocket(5) with statsTag=0xffffffff, statsUid=-1
04-22 00:05:32.620 W/TransactionTracing(  335): Could not find layer id -1
04-22 00:05:32.620 W/TransactionTracing(  335): Could not find layer id -1
04-22 00:05:32.620 W/TransactionTracing(  335): Could not find layer id -1
04-22 00:05:40.769 D/NetworkMonitor/100(  784): PROBE_HTTPS https://www.google.com/generate_204 Probe failed with exception java.net.SocketTimeoutException: failed to connect to www.google.com/2001::1 (port 443) from /fec0::5054:ff:fe12:3456 (port 43568) after 10000ms
04-22 00:05:40.771 D/NetworkMonitor/100(  784): isCaptivePortal: isSuccessful()=false isPortal()=false RedirectUrl=null isPartialConnectivity()=true Time=20048ms
04-22 00:05:40.772 D/ConnectivityService(  519): [100 CELLULAR] validation failed
04-22 00:05:48.785 D/TrafficStats(  784): tagSocket(5) with statsTag=0xffffff81, statsUid=-1
04-22 00:05:48.786 D/TrafficStats(  784): tagSocket(68) with statsTag=0xffffff81, statsUid=-1
04-22 00:05:48.787 D/TrafficStats(  784): tagSocket(68) with statsTag=0xffffff81, statsUid=-1
04-22 00:05:48.788 I/resolv  (  293): ResNSendHandler::run: 0 / {100 983140 100 983140 1073 1}
04-22 00:05:48.788 D/TrafficStats(  784): tagSocket(5) with statsTag=0xffffff81, statsUid=-1
04-22 00:05:48.790 I/resolv  (  293): ResNSendHandler::run: 0 / {100 983140 100 983140 1073 1}
04-22 00:05:48.790 I/resolv  (  293): ResNSendHandler::run: 0 / {100 983140 100 983140 1073 1}
04-22 00:05:48.790 I/resolv  (  293): resolv_cache_lookup: FOUND IN CACHE entry=0xb400007d8da720b0
04-22 00:05:48.791 I/resolv  (  293): resolv_cache_lookup: FOUND IN CACHE entry=0xb400007d7da7a050
04-22 00:05:48.793 I/resolv  (  293): ResNSendHandler::run: 0 / {100 983140 100 983140 1073 1}
04-22 00:05:48.807 I/resolv  (  293): res_nsend: used send_dg 48 terrno: 0
04-22 00:05:48.807 D/TrafficStats(  784): tagSocket(5) with statsTag=0xffffffff, statsUid=-1
04-22 00:05:48.807 I/resolv  (  293): res_nsend: used send_dg 117 terrno: 0
04-22 00:05:48.808 D/TrafficStats(  784): tagSocket(5) with statsTag=0xffffffff, statsUid=-1
04-22 00:05:48.810 D/TrafficStats(  784): tagSocket(5) with statsTag=0xffffffff, statsUid=-1
04-22 00:05:48.810 D/NetworkMonitor/100(  784): PROBE_DNS www.google.com 25ms OK 174.132.167.252,2001::1
04-22 00:05:48.811 D/NetworkMonitor/100(  784): PROBE_DNS connectivitycheck.gstatic.com 25ms OK 114.250.65.34
04-22 00:05:48.811 I/resolv  (  293): GetAddrInfoHandler::run: {100 983140 100 983140 1073 1}
04-22 00:05:48.812 I/resolv  (  293): GetAddrInfoHandler::run: {100 983140 100 983140 1073 1}
04-22 00:05:48.812 I/resolv  (  293): res_nmkquery: (QUERY, IN, A)
04-22 00:05:48.812 I/resolv  (  293): resolv_cache_lookup: FOUND IN CACHE entry=0xb400007d6da79480
04-22 00:05:48.812 I/resolv  (  293): doQuery: rcode=0, ancount=1, return value=48
04-22 00:05:48.812 I/resolv  (  293): res_nmkquery: (QUERY, IN, AAAA)
04-22 00:05:48.812 I/resolv  (  293): resolv_cache_lookup: FOUND IN CACHE entry=0xb400007d9da7f310
04-22 00:05:48.812 I/resolv  (  293): doQuery: rcode=0, ancount=0, return value=117
04-22 00:05:48.812 I/resolv  (  293): res_nmkquery: (QUERY, IN, AAAA)
04-22 00:05:48.812 I/resolv  (  293): resolv_cache_lookup: FOUND IN CACHE entry=0xb400007d7da7a050
04-22 00:05:48.812 I/resolv  (  293): doQuery: rcode=0, ancount=1, return value=60
04-22 00:05:48.813 D/TrafficStats(  784): tagSocket(61) with statsTag=0xffffff81, statsUid=-1
04-22 00:05:48.815 I/resolv  (  293): res_nmkquery: (QUERY, IN, A)
04-22 00:05:48.815 I/resolv  (  293): resolv_cache_lookup: FOUND IN CACHE entry=0xb400007d8da720b0
04-22 00:05:48.815 I/resolv  (  293): doQuery: rcode=0, ancount=1, return value=63
04-22 00:05:48.815 D/TrafficStats(  784): tagSocket(5) with statsTag=0xffffff81, statsUid=-1
04-22 00:05:48.940 D/NetworkMonitor/100(  784): PROBE_HTTP http://connectivitycheck.gstatic.com/generate_204 time=129ms ret=204 request={Connection=[close], User-Agent=[Mozilla/5.0 (X11; Linux x86_64) AppleWebKit/537.36 (KHTML, like Gecko) Chrome/60.0.3112.32 Safari/537.36]} headers={null=[HTTP/1.1 204 No Content], Connection=[close], Content-Length=[0], Cross-Origin-Resource-Policy=[cross-origin], Date=[Tue, 21 Apr 2026 16:05:49 GMT], X-Android-Received-Millis=[1776787548940], X-Android-Response-Source=[NETWORK 204], X-Android-Selected-Protocol=[http/1.1], X-Android-Sent-Millis=[1776787548856]}
04-22 00:05:51.787 I/resolv  (  293): GetAddrInfoHandler::run: {100 983140 100 983140 1073 1}
04-22 00:05:51.788 I/resolv  (  293): res_nmkquery: (QUERY, IN, AAAA)
04-22 00:05:51.788 I/resolv  (  293): res_nmkquery: (QUERY, IN, A)
04-22 00:05:51.788 I/resolv  (  293): resolv_cache_lookup: FOUND IN CACHE entry=0xb400007d9da7b650
04-22 00:05:51.788 I/resolv  (  293): doQuery: rcode=0, ancount=4, return value=101
04-22 00:05:51.789 I/resolv  (  293): resolv_cache_lookup: FOUND IN CACHE entry=0xb400007d9da7f430
04-22 00:05:51.789 I/resolv  (  293): doQuery: rcode=0, ancount=4, return value=149
04-22 00:05:51.792 D/TrafficStats(  784): tagSocket(5) with statsTag=0xffffff81, statsUid=-1
04-22 00:05:51.867 D/NetworkMonitor/100(  784): PROBE_FALLBACK http://play.googleapis.com/generate_204 time=81ms ret=204 request={Connection=[close], User-Agent=[Mozilla/5.0 (X11; Linux x86_64) AppleWebKit/537.36 (KHTML, like Gecko) Chrome/60.0.3112.32 Safari/537.36]} headers={null=[HTTP/1.1 204 No Content], Connection=[close], Cross-Origin-Resource-Policy=[cross-origin], Date=[Tue, 21 Apr 2026 16:05:51 GMT], X-Android-Received-Millis=[1776787551866], X-Android-Response-Source=[NETWORK 204], X-Android-Selected-Protocol=[http/1.1], X-Android-Sent-Millis=[1776787551795]}
04-22 00:05:58.823 D/TrafficStats(  784): tagSocket(5) with statsTag=0xffffff81, statsUid=-1
04-22 00:06:00.005 I/AiAiEcho( 1598): Predicting[0]: 
04-22 00:06:00.005 I/AiAiEcho( 1598): Ranked targets strategy: SORT, count: 0, ranking metadata: 
04-22 00:06:00.006 I/AiAiEcho( 1598): #postPredictionTargets: Sending updates to UISurface lockscreen with targets# 0
04-22 00:06:00.006 I/AiAiEcho( 1598): #postPredictionTargets: Sending updates to UISurface home with targets# 0
04-22 00:06:00.006 I/AiAiEcho( 1598): #postPredictionTargets: Sending updates to UISurface media_data_manager with targets# 0
04-22 00:06:00.024 D/SsMediaDataProvider(  728): Forwarding Smartspace updates []
04-22 00:06:00.036 D/EGL_emulation(  728): app_time_stats: avg=59998.50ms min=59998.50ms max=59998.50ms count=1
04-22 00:06:08.835 D/NetworkMonitor/100(  784): PROBE_HTTPS https://www.google.com/generate_204 Probe failed with exception java.net.SocketTimeoutException: failed to connect to www.google.com/2001::1 (port 443) from /fec0::5054:ff:fe12:3456 (port 34152) after 10000ms
04-22 00:06:08.836 D/NetworkMonitor/100(  784): isCaptivePortal: isSuccessful()=false isPortal()=false RedirectUrl=null isPartialConnectivity()=true Time=20052ms
04-22 00:06:08.837 D/ConnectivityService(  519): [100 CELLULAR] validation failed
04-22 00:06:13.215 D/TrafficStats(14284): tagSocket(5) with statsTag=0xffffffff, statsUid=-1
04-22 00:06:13.220 D/TrafficStats(14284): tagSocket(5) with statsTag=0xffffffff, statsUid=-1
04-22 00:06:13.222 I/ActivityTaskManager(  519): START u0 {flg=0x10000000 cmp=com.impos2.mixcretailassemblyrn84/.MainActivity} from uid 2000
04-22 00:06:13.223 W/unknown:BridgelessReact(14284): ReactHost{0}.onHostPause(activity)
04-22 00:06:13.223 W/unknown:BridgelessReact(14284): ReactHost{0}.ReactContext.onHostPause()
04-22 00:06:13.223 W/unknown:BridgelessReact(14284): ReactHost{0}.onHostResume(activity)
04-22 00:06:13.223 W/unknown:BridgelessReact(14284): ReactHost{0}.ReactContext.onHostResume()
04-22 00:06:13.229 I/ActivityTaskManager(  519): START u0 {flg=0x10000000 cmp=com.impos2.mixcretailassemblyrn84/.MainActivity} from uid 2000
04-22 00:06:13.230 I/ActivityTaskManager(  519): START u0 {flg=0x10000000 cmp=com.impos2.mixcretailassemblyrn84/.MainActivity} from uid 2000
04-22 00:06:13.241 D/TrafficStats(14284): tagSocket(5) with statsTag=0xffffffff, statsUid=-1
04-22 00:06:13.244 D/TrafficStats(14284): tagSocket(5) with statsTag=0xffffffff, statsUid=-1
04-22 00:06:13.248 W/unknown:BridgelessReact(14284): ReactHost{0}.onHostPause(activity)
04-22 00:06:13.248 W/unknown:BridgelessReact(14284): ReactHost{0}.ReactContext.onHostPause()
04-22 00:06:13.249 W/unknown:BridgelessReact(14284): ReactHost{0}.onHostResume(activity)
04-22 00:06:13.249 W/unknown:BridgelessReact(14284): ReactHost{0}.ReactContext.onHostResume()
04-22 00:06:13.249 W/unknown:BridgelessReact(14284): ReactHost{0}.onHostPause(activity)
04-22 00:06:13.249 W/unknown:BridgelessReact(14284): ReactHost{0}.ReactContext.onHostPause()
04-22 00:06:13.250 W/unknown:BridgelessReact(14284): ReactHost{0}.onHostResume(activity)
04-22 00:06:13.250 W/unknown:BridgelessReact(14284): ReactHost{0}.ReactContext.onHostResume()
04-22 00:06:13.252 D/TrafficStats(14284): tagSocket(5) with statsTag=0xffffffff, statsUid=-1
04-22 00:06:13.252 D/TrafficStats(14284): tagSocket(70) with statsTag=0xffffffff, statsUid=-1
04-22 00:06:13.256 D/TrafficStats(14284): tagSocket(5) with statsTag=0xffffffff, statsUid=-1
04-22 00:06:13.257 D/TrafficStats(14284): tagSocket(70) with statsTag=0xffffffff, statsUid=-1
04-22 00:06:13.260 D/TrafficStats(14284): tagSocket(5) with statsTag=0xffffffff, statsUid=-1
04-22 00:06:13.263 D/TrafficStats(14284): tagSocket(5) with statsTag=0xffffffff, statsUid=-1
04-22 00:06:13.268 D/TrafficStats(14284): tagSocket(5) with statsTag=0xffffffff, statsUid=-1
04-22 00:06:13.270 D/EGL_emulation(14284): app_time_stats: avg=5709.18ms min=1.25ms max=85613.13ms count=15
04-22 00:06:13.270 W/TransactionTracing(  335): Could not find layer id -1
04-22 00:06:13.270 W/TransactionTracing(  335): Could not find layer id -1
04-22 00:06:13.270 W/TransactionTracing(  335): Could not find layer id -1
04-22 00:06:13.270 W/TransactionTracing(  335): Could not find layer id -1
04-22 00:06:13.270 W/TransactionTracing(  335): Could not find layer id -1
04-22 00:06:13.271 D/TrafficStats(14284): tagSocket(103) with statsTag=0xffffffff, statsUid=-1
04-22 00:06:13.276 D/TrafficStats(14284): tagSocket(103) with statsTag=0xffffffff, statsUid=-1
04-22 00:06:13.304 W/TransactionTracing(  335): Could not find layer id -1
04-22 00:06:13.322 D/TrafficStats(14284): tagSocket(102) with statsTag=0xffffffff, statsUid=-1
04-22 00:06:13.325 D/TrafficStats(14284): tagSocket(102) with statsTag=0xffffffff, statsUid=-1
04-22 00:06:13.327 D/TrafficStats(14284): tagSocket(102) with statsTag=0xffffffff, statsUid=-1
04-22 00:06:13.330 D/TrafficStats(14284): tagSocket(106) with statsTag=0xffffffff, statsUid=-1
04-22 00:06:13.385 D/TrafficStats(14284): tagSocket(85) with statsTag=0xffffffff, statsUid=-1
04-22 00:06:13.388 D/TrafficStats(14284): tagSocket(85) with statsTag=0xffffffff, statsUid=-1
04-22 00:06:13.392 D/TrafficStats(14284): tagSocket(85) with statsTag=0xffffffff, statsUid=-1
04-22 00:06:13.447 D/TrafficStats(14284): tagSocket(93) with statsTag=0xffffffff, statsUid=-1
04-22 00:06:13.450 D/TrafficStats(14284): tagSocket(93) with statsTag=0xffffffff, statsUid=-1
04-22 00:06:13.452 D/TrafficStats(14284): tagSocket(93) with statsTag=0xffffffff, statsUid=-1
04-22 00:06:13.506 D/TrafficStats(14284): tagSocket(95) with statsTag=0xffffffff, statsUid=-1
04-22 00:06:13.509 D/TrafficStats(14284): tagSocket(95) with statsTag=0xffffffff, statsUid=-1
04-22 00:06:13.511 D/TrafficStats(14284): tagSocket(95) with statsTag=0xffffffff, statsUid=-1
04-22 00:06:13.566 D/TrafficStats(14284): tagSocket(99) with statsTag=0xffffffff, statsUid=-1
04-22 00:06:13.571 D/TrafficStats(14284): tagSocket(99) with statsTag=0xffffffff, statsUid=-1
04-22 00:06:13.576 D/TrafficStats(14284): tagSocket(99) with statsTag=0xffffffff, statsUid=-1
04-22 00:06:13.631 D/TrafficStats(14284): tagSocket(101) with statsTag=0xffffffff, statsUid=-1
04-22 00:06:13.634 D/TrafficStats(14284): tagSocket(103) with statsTag=0xffffffff, statsUid=-1
04-22 00:06:13.637 D/TrafficStats(14284): tagSocket(101) with statsTag=0xffffffff, statsUid=-1
04-22 00:06:13.692 D/TrafficStats(14284): tagSocket(70) with statsTag=0xffffffff, statsUid=-1
04-22 00:06:13.694 D/TrafficStats(14284): tagSocket(70) with statsTag=0xffffffff, statsUid=-1
04-22 00:06:13.697 D/TrafficStats(14284): tagSocket(70) with statsTag=0xffffffff, statsUid=-1
04-22 00:06:13.806 D/EGL_emulation(  728): app_time_stats: avg=13769.61ms min=13769.61ms max=13769.61ms count=1
04-22 00:06:14.008 D/TrafficStats(14284): tagSocket(5) with statsTag=0xffffffff, statsUid=-1
04-22 00:06:14.012 D/TrafficStats(14284): tagSocket(5) with statsTag=0xffffffff, statsUid=-1
04-22 00:06:14.015 D/TrafficStats(14284): tagSocket(5) with statsTag=0xffffffff, statsUid=-1
04-22 00:06:15.214 D/TrafficStats(14284): tagSocket(102) with statsTag=0xffffffff, statsUid=-1
04-22 00:06:15.218 D/TrafficStats(14284): tagSocket(102) with statsTag=0xffffffff, statsUid=-1
04-22 00:06:24.855 D/TrafficStats(  784): tagSocket(5) with statsTag=0xffffff81, statsUid=-1
04-22 00:06:24.856 D/TrafficStats(  784): tagSocket(61) with statsTag=0xffffff81, statsUid=-1
04-22 00:06:24.856 D/TrafficStats(  784): tagSocket(61) with statsTag=0xffffff81, statsUid=-1
04-22 00:06:24.858 D/TrafficStats(  784): tagSocket(5) with statsTag=0xffffff81, statsUid=-1
04-22 00:06:24.859 I/resolv  (  293): ResNSendHandler::run: 0 / {100 983140 100 983140 1073 1}
04-22 00:06:24.859 I/resolv  (  293): resolv_cache_lookup: FOUND IN CACHE entry=0xb400007d7da7a050
04-22 00:06:24.862 I/resolv  (  293): ResNSendHandler::run: 0 / {100 983140 100 983140 1073 1}
04-22 00:06:24.862 I/resolv  (  293): resolv_cache_lookup: FOUND IN CACHE entry=0xb400007d6da79480
04-22 00:06:24.866 I/resolv  (  293): ResNSendHandler::run: 0 / {100 983140 100 983140 1073 1}
04-22 00:06:24.867 D/TrafficStats(  784): tagSocket(61) with statsTag=0xffffffff, statsUid=-1
04-22 00:06:24.868 I/resolv  (  293): ResNSendHandler::run: 0 / {100 983140 100 983140 1073 1}
04-22 00:06:24.868 I/resolv  (  293): resolv_cache_lookup: FOUND IN CACHE entry=0xb400007d8da720b0
04-22 00:06:24.869 D/TrafficStats(  784): tagSocket(61) with statsTag=0xffffffff, statsUid=-1
04-22 00:06:24.871 D/NetworkMonitor/100(  784): PROBE_DNS www.google.com 15ms OK 174.132.167.252,2001::1
04-22 00:06:24.872 I/resolv  (  293): GetAddrInfoHandler::run: {100 983140 100 983140 1073 1}
04-22 00:06:24.872 I/resolv  (  293): res_nmkquery: (QUERY, IN, A)
04-22 00:06:24.872 I/resolv  (  293): resolv_cache_lookup: FOUND IN CACHE entry=0xb400007d6da79480
04-22 00:06:24.872 I/resolv  (  293): doQuery: rcode=0, ancount=1, return value=48
04-22 00:06:24.872 I/resolv  (  293): res_nmkquery: (QUERY, IN, AAAA)
04-22 00:06:24.872 I/resolv  (  293): resolv_cache_lookup: FOUND IN CACHE entry=0xb400007d7da7a050
04-22 00:06:24.872 I/resolv  (  293): doQuery: rcode=0, ancount=1, return value=60
04-22 00:06:24.873 D/TrafficStats(  784): tagSocket(61) with statsTag=0xffffff81, statsUid=-1
04-22 00:06:24.884 I/resolv  (  293): res_nsend: used send_dg 117 terrno: 0
04-22 00:06:24.885 D/TrafficStats(  784): tagSocket(5) with statsTag=0xffffffff, statsUid=-1
04-22 00:06:24.886 D/NetworkMonitor/100(  784): PROBE_DNS connectivitycheck.gstatic.com 30ms OK 114.250.65.34
04-22 00:06:24.887 I/resolv  (  293): GetAddrInfoHandler::run: {100 983140 100 983140 1073 1}
04-22 00:06:24.887 I/resolv  (  293): res_nmkquery: (QUERY, IN, AAAA)
04-22 00:06:24.887 I/resolv  (  293): resolv_cache_lookup: FOUND IN CACHE entry=0xb400007d9da7c190
04-22 00:06:24.887 I/resolv  (  293): doQuery: rcode=0, ancount=0, return value=117
04-22 00:06:24.888 I/resolv  (  293): res_nmkquery: (QUERY, IN, A)
04-22 00:06:24.888 I/resolv  (  293): resolv_cache_lookup: FOUND IN CACHE entry=0xb400007d8da720b0
04-22 00:06:24.888 I/resolv  (  293): doQuery: rcode=0, ancount=1, return value=63
04-22 00:06:24.889 D/TrafficStats(  784): tagSocket(5) with statsTag=0xffffff81, statsUid=-1
04-22 00:06:25.023 D/NetworkMonitor/100(  784): PROBE_HTTP http://connectivitycheck.gstatic.com/generate_204 time=137ms ret=204 request={Connection=[close], User-Agent=[Mozilla/5.0 (X11; Linux x86_64) AppleWebKit/537.36 (KHTML, like Gecko) Chrome/60.0.3112.32 Safari/537.36]} headers={null=[HTTP/1.1 204 No Content], Connection=[close], Content-Length=[0], Cross-Origin-Resource-Policy=[cross-origin], Date=[Tue, 21 Apr 2026 16:06:25 GMT], X-Android-Received-Millis=[1776787585023], X-Android-Response-Source=[NETWORK 204], X-Android-Selected-Protocol=[http/1.1], X-Android-Sent-Millis=[1776787584934]}
04-22 00:06:27.857 I/resolv  (  293): GetAddrInfoHandler::run: {100 983140 100 983140 1073 1}
04-22 00:06:27.857 I/resolv  (  293): res_nmkquery: (QUERY, IN, A)
04-22 00:06:27.858 I/resolv  (  293): res_nmkquery: (QUERY, IN, AAAA)
04-22 00:06:27.858 I/resolv  (  293): resolv_cache_lookup: FOUND IN CACHE entry=0xb400007d9da7f430
04-22 00:06:27.858 I/resolv  (  293): doQuery: rcode=0, ancount=4, return value=149
04-22 00:06:27.877 I/resolv  (  293): res_nsend: used send_dg 101 terrno: 0
04-22 00:06:27.877 I/resolv  (  293): doQuery: rcode=0, ancount=4, return value=101
04-22 00:06:27.879 D/TrafficStats(  784): tagSocket(5) with statsTag=0xffffff81, statsUid=-1
04-22 00:06:27.976 D/NetworkMonitor/100(  784): PROBE_FALLBACK http://play.googleapis.com/generate_204 time=120ms ret=204 request={Connection=[close], User-Agent=[Mozilla/5.0 (X11; Linux x86_64) AppleWebKit/537.36 (KHTML, like Gecko) Chrome/60.0.3112.32 Safari/537.36]} headers={null=[HTTP/1.1 204 No Content], Connection=[close], Cross-Origin-Resource-Policy=[cross-origin], Date=[Tue, 21 Apr 2026 16:06:28 GMT], X-Android-Received-Millis=[1776787587976], X-Android-Response-Source=[NETWORK 204], X-Android-Selected-Protocol=[http/1.1], X-Android-Sent-Millis=[1776787587881]}
04-22 00:06:34.886 D/TrafficStats(  784): tagSocket(5) with statsTag=0xffffff81, statsUid=-1
04-22 00:06:44.899 D/NetworkMonitor/100(  784): PROBE_HTTPS https://www.google.com/generate_204 Probe failed with exception java.net.SocketTimeoutException: failed to connect to www.google.com/2001::1 (port 443) from /fec0::5054:ff:fe12:3456 (port 59844) after 10000ms
04-22 00:06:44.900 D/NetworkMonitor/100(  784): isCaptivePortal: isSuccessful()=false isPortal()=false RedirectUrl=null isPartialConnectivity()=true Time=20045ms
04-22 00:06:44.900 D/ConnectivityService(  519): [100 CELLULAR] validation failed
04-22 00:06:53.819 D/EGL_emulation(  728): app_time_stats: avg=40013.07ms min=40013.07ms max=40013.07ms count=1
