04-22 00:06:27.976 D/NetworkMonitor/100(  784): PROBE_FALLBACK http://play.googleapis.com/generate_204 time=120ms ret=204 request={Connection=[close], User-Agent=[Mozilla/5.0 (X11; Linux x86_64) AppleWebKit/537.36 (KHTML, like Gecko) Chrome/60.0.3112.32 Safari/537.36]} headers={null=[HTTP/1.1 204 No Content], Connection=[close], Cross-Origin-Resource-Policy=[cross-origin], Date=[Tue, 21 Apr 2026 16:06:28 GMT], X-Android-Received-Millis=[1776787587976], X-Android-Response-Source=[NETWORK 204], X-Android-Selected-Protocol=[http/1.1], X-Android-Sent-Millis=[1776787587881]}
04-22 00:06:34.886 D/TrafficStats(  784): tagSocket(5) with statsTag=0xffffff81, statsUid=-1
04-22 00:06:44.899 D/NetworkMonitor/100(  784): PROBE_HTTPS https://www.google.com/generate_204 Probe failed with exception java.net.SocketTimeoutException: failed to connect to www.google.com/2001::1 (port 443) from /fec0::5054:ff:fe12:3456 (port 59844) after 10000ms
04-22 00:06:44.900 D/NetworkMonitor/100(  784): isCaptivePortal: isSuccessful()=false isPortal()=false RedirectUrl=null isPartialConnectivity()=true Time=20045ms
04-22 00:06:44.900 D/ConnectivityService(  519): [100 CELLULAR] validation failed
04-22 00:06:53.819 D/EGL_emulation(  728): app_time_stats: avg=40013.07ms min=40013.07ms max=40013.07ms count=1
04-22 00:06:57.110 D/TrafficStats(14284): tagSocket(5) with statsTag=0xffffffff, statsUid=-1
04-22 00:06:57.114 D/TrafficStats(14284): tagSocket(5) with statsTag=0xffffffff, statsUid=-1
04-22 00:06:57.127 W/ProcessState(14448): Extra binder thread started, but 0 threads requested. Do not use *startThreadPool when zero threads are requested.
04-22 00:06:57.138 I/hwservicemanager(  149): getTransport: Cannot find entry android.hardware.graphics.mapper@4.0::IMapper/default in either framework or device VINTF manifest.
04-22 00:06:57.138 I/Gralloc4(14448): mapper 4.x is not supported
04-22 00:06:57.143 D/HostConnection(14448): HostComposition ext ANDROID_EMU_CHECKSUM_HELPER_v1 ANDROID_EMU_native_sync_v2 ANDROID_EMU_native_sync_v3 ANDROID_EMU_native_sync_v4 ANDROID_EMU_dma_v1 ANDROID_EMU_direct_mem ANDROID_EMU_host_composition_v1 ANDROID_EMU_host_composition_v2 ANDROID_EMU_vulkan ANDROID_EMU_deferred_vulkan_commands ANDROID_EMU_vulkan_null_optional_strings ANDROID_EMU_vulkan_create_resources_with_requirements ANDROID_EMU_YUV_Cache ANDROID_EMU_vulkan_ignored_handles ANDROID_EMU_has_shared_slots_host_memory_allocator ANDROID_EMU_vulkan_free_memory_sync ANDROID_EMU_vulkan_shader_float16_int8 ANDROID_EMU_vulkan_async_queue_submit ANDROID_EMU_vulkan_queue_submit_with_commands ANDROID_EMU_sync_buffer_data ANDROID_EMU_vulkan_async_qsri ANDROID_EMU_read_color_buffer_dma ANDROID_EMU_hwc_multi_configs ANDROID_EMU_hwc_color_transform GL_OES_EGL_image_external_essl3 GL_OES_vertex_array_object ANDROID_EMU_host_side_tracing ANDROID_EMU_gles_max_version_3_0 
04-22 00:07:00.008 I/AiAiEcho( 1598): Predicting[0]: 
04-22 00:07:00.008 I/AiAiEcho( 1598): Ranked targets strategy: SORT, count: 0, ranking metadata: 
04-22 00:07:00.008 I/AiAiEcho( 1598): #postPredictionTargets: Sending updates to UISurface lockscreen with targets# 0
04-22 00:07:00.008 I/AiAiEcho( 1598): #postPredictionTargets: Sending updates to UISurface home with targets# 0
04-22 00:07:00.008 I/AiAiEcho( 1598): #postPredictionTargets: Sending updates to UISurface media_data_manager with targets# 0
04-22 00:07:00.024 D/SsMediaDataProvider(  728): Forwarding Smartspace updates []
04-22 00:07:00.031 D/EGL_emulation(  728): app_time_stats: avg=6211.58ms min=6211.58ms max=6211.58ms count=1
04-22 00:07:13.138 E/android.hardware.power.stats@1.0-service-mock(  317): Failed to getEnergyData
04-22 00:07:16.933 D/TrafficStats(  784): tagSocket(5) with statsTag=0xffffff81, statsUid=-1
04-22 00:07:16.934 D/TrafficStats(  784): tagSocket(61) with statsTag=0xffffff81, statsUid=-1
04-22 00:07:16.936 D/TrafficStats(  784): tagSocket(5) with statsTag=0xffffff81, statsUid=-1
04-22 00:07:16.938 D/TrafficStats(  784): tagSocket(5) with statsTag=0xffffff81, statsUid=-1
04-22 00:07:16.938 I/resolv  (  293): ResNSendHandler::run: 0 / {100 983140 100 983140 1073 1}
04-22 00:07:16.938 I/resolv  (  293): resolv_cache_lookup: FOUND IN CACHE entry=0xb400007d7da7a050
04-22 00:07:16.940 I/resolv  (  293): ResNSendHandler::run: 0 / {100 983140 100 983140 1073 1}
04-22 00:07:16.941 I/resolv  (  293): ResNSendHandler::run: 0 / {100 983140 100 983140 1073 1}
04-22 00:07:16.941 I/resolv  (  293): resolv_cache_lookup: FOUND IN CACHE entry=0xb400007d6da79480
04-22 00:07:16.941 D/TrafficStats(  784): tagSocket(61) with statsTag=0xffffffff, statsUid=-1
04-22 00:07:16.942 D/TrafficStats(  784): tagSocket(61) with statsTag=0xffffffff, statsUid=-1
04-22 00:07:16.943 I/resolv  (  293): ResNSendHandler::run: 0 / {100 983140 100 983140 1073 1}
04-22 00:07:16.943 I/resolv  (  293): resolv_cache_lookup: FOUND IN CACHE entry=0xb400007d8da720b0
04-22 00:07:16.944 D/NetworkMonitor/100(  784): PROBE_DNS www.google.com 10ms OK 174.132.167.252,2001::1
04-22 00:07:16.945 I/resolv  (  293): GetAddrInfoHandler::run: {100 983140 100 983140 1073 1}
04-22 00:07:16.945 I/resolv  (  293): res_nmkquery: (QUERY, IN, A)
04-22 00:07:16.945 I/resolv  (  293): resolv_cache_lookup: FOUND IN CACHE entry=0xb400007d6da79480
04-22 00:07:16.945 I/resolv  (  293): doQuery: rcode=0, ancount=1, return value=48
04-22 00:07:16.945 I/resolv  (  293): res_nmkquery: (QUERY, IN, AAAA)
04-22 00:07:16.945 I/resolv  (  293): resolv_cache_lookup: FOUND IN CACHE entry=0xb400007d7da7a050
04-22 00:07:16.945 I/resolv  (  293): doQuery: rcode=0, ancount=1, return value=60
04-22 00:07:16.945 D/TrafficStats(  784): tagSocket(61) with statsTag=0xffffff81, statsUid=-1
04-22 00:07:16.959 I/resolv  (  293): res_nsend: used send_dg 117 terrno: 0
04-22 00:07:16.959 D/TrafficStats(  784): tagSocket(5) with statsTag=0xffffffff, statsUid=-1
04-22 00:07:16.961 D/NetworkMonitor/100(  784): PROBE_DNS connectivitycheck.gstatic.com 27ms OK 114.250.65.34
04-22 00:07:16.962 I/resolv  (  293): GetAddrInfoHandler::run: {100 983140 100 983140 1073 1}
04-22 00:07:16.962 I/resolv  (  293): res_nmkquery: (QUERY, IN, AAAA)
04-22 00:07:16.962 I/resolv  (  293): resolv_cache_lookup: FOUND IN CACHE entry=0xb400007d9da7c190
04-22 00:07:16.962 I/resolv  (  293): doQuery: rcode=0, ancount=0, return value=117
04-22 00:07:16.962 I/resolv  (  293): res_nmkquery: (QUERY, IN, A)
04-22 00:07:16.962 I/resolv  (  293): resolv_cache_lookup: FOUND IN CACHE entry=0xb400007d8da720b0
04-22 00:07:16.962 I/resolv  (  293): doQuery: rcode=0, ancount=1, return value=63
04-22 00:07:16.963 D/TrafficStats(  784): tagSocket(5) with statsTag=0xffffff81, statsUid=-1
04-22 00:07:17.098 D/NetworkMonitor/100(  784): PROBE_HTTP http://connectivitycheck.gstatic.com/generate_204 time=136ms ret=204 request={Connection=[close], User-Agent=[Mozilla/5.0 (X11; Linux x86_64) AppleWebKit/537.36 (KHTML, like Gecko) Chrome/60.0.3112.32 Safari/537.36]} headers={null=[HTTP/1.1 204 No Content], Connection=[close], Content-Length=[0], Cross-Origin-Resource-Policy=[cross-origin], Date=[Tue, 21 Apr 2026 16:07:17 GMT], X-Android-Received-Millis=[1776787637097], X-Android-Response-Source=[NETWORK 204], X-Android-Selected-Protocol=[http/1.1], X-Android-Sent-Millis=[1776787637009]}
04-22 00:07:19.936 I/resolv  (  293): GetAddrInfoHandler::run: {100 983140 100 983140 1073 1}
04-22 00:07:19.937 I/resolv  (  293): res_nmkquery: (QUERY, IN, A)
04-22 00:07:19.937 I/resolv  (  293): res_nmkquery: (QUERY, IN, AAAA)
04-22 00:07:19.937 I/resolv  (  293): resolv_cache_lookup: FOUND IN CACHE entry=0xb400007d9da7f430
04-22 00:07:19.937 I/resolv  (  293): doQuery: rcode=0, ancount=4, return value=149
04-22 00:07:19.937 I/resolv  (  293): resolv_cache_lookup: FOUND IN CACHE entry=0xb400007d9da7b650
04-22 00:07:19.938 I/resolv  (  293): doQuery: rcode=0, ancount=4, return value=101
04-22 00:07:19.939 D/TrafficStats(  784): tagSocket(5) with statsTag=0xffffff81, statsUid=-1
04-22 00:07:20.027 D/NetworkMonitor/100(  784): PROBE_FALLBACK http://play.googleapis.com/generate_204 time=91ms ret=204 request={Connection=[close], User-Agent=[Mozilla/5.0 (X11; Linux x86_64) AppleWebKit/537.36 (KHTML, like Gecko) Chrome/60.0.3112.32 Safari/537.36]} headers={null=[HTTP/1.1 204 No Content], Connection=[close], Cross-Origin-Resource-Policy=[cross-origin], Date=[Tue, 21 Apr 2026 16:07:20 GMT], X-Android-Received-Millis=[1776787640027], X-Android-Response-Source=[NETWORK 204], X-Android-Selected-Protocol=[http/1.1], X-Android-Sent-Millis=[1776787639941]}
04-22 00:07:21.953 D/TrafficStats(14284): tagSocket(5) with statsTag=0xffffffff, statsUid=-1
04-22 00:07:21.958 D/TrafficStats(14284): tagSocket(5) with statsTag=0xffffffff, statsUid=-1
04-22 00:07:26.958 D/TrafficStats(  784): tagSocket(5) with statsTag=0xffffff81, statsUid=-1
04-22 00:07:33.839 D/EGL_emulation(  728): app_time_stats: avg=33808.38ms min=33808.38ms max=33808.38ms count=1
04-22 00:07:36.761 E/WifiScoringParams(  519): Invalid frequency(-1), using 5G as default rssi array
04-22 00:07:36.973 D/NetworkMonitor/100(  784): PROBE_HTTPS https://www.google.com/generate_204 Probe failed with exception java.net.SocketTimeoutException: failed to connect to www.google.com/2001::1 (port 443) from /fec0::5054:ff:fe12:3456 (port 33942) after 10000ms
04-22 00:07:36.974 D/NetworkMonitor/100(  784): isCaptivePortal: isSuccessful()=false isPortal()=false RedirectUrl=null isPartialConnectivity()=true Time=20041ms
04-22 00:07:36.975 D/ConnectivityService(  519): [100 CELLULAR] validation failed
04-22 00:07:40.547 D/WifiNl80211Manager(  519): Scan result ready event
04-22 00:07:40.547 D/WifiNative(  519): Scan result ready event
04-22 00:08:00.003 I/AiAiEcho( 1598): Predicting[0]: 
04-22 00:08:00.003 I/AiAiEcho( 1598): Ranked targets strategy: SORT, count: 0, ranking metadata: 
04-22 00:08:00.003 I/AiAiEcho( 1598): #postPredictionTargets: Sending updates to UISurface lockscreen with targets# 0
04-22 00:08:00.003 I/AiAiEcho( 1598): #postPredictionTargets: Sending updates to UISurface home with targets# 0
04-22 00:08:00.003 I/AiAiEcho( 1598): #postPredictionTargets: Sending updates to UISurface media_data_manager with targets# 0
04-22 00:08:00.006 D/SsMediaDataProvider(  728): Forwarding Smartspace updates []
04-22 00:08:00.018 D/EGL_emulation(  728): app_time_stats: avg=26178.53ms min=26178.53ms max=26178.53ms count=1
04-22 00:08:40.992 D/TrafficStats(  784): tagSocket(5) with statsTag=0xffffff81, statsUid=-1
04-22 00:08:40.992 D/TrafficStats(  784): tagSocket(61) with statsTag=0xffffff81, statsUid=-1
04-22 00:08:40.995 D/TrafficStats(  784): tagSocket(5) with statsTag=0xffffff81, statsUid=-1
04-22 00:08:40.995 D/TrafficStats(  784): tagSocket(61) with statsTag=0xffffff81, statsUid=-1
04-22 00:08:40.996 I/resolv  (  293): ResNSendHandler::run: 0 / {100 983140 100 983140 1073 1}
04-22 00:08:40.997 I/resolv  (  293): ResNSendHandler::run: 0 / {100 983140 100 983140 1073 1}
04-22 00:08:40.999 I/resolv  (  293): ResNSendHandler::run: 0 / {100 983140 100 983140 1073 1}
04-22 00:08:40.999 I/resolv  (  293): resolv_cache_lookup: FOUND IN CACHE entry=0xb400007d6da79480
04-22 00:08:41.000 I/resolv  (  293): ResNSendHandler::run: 0 / {100 983140 100 983140 1073 1}
04-22 00:08:41.015 I/resolv  (  293): res_nsend: used send_dg 117 terrno: 0
04-22 00:08:41.015 I/resolv  (  293): res_nsend: used send_dg 60 terrno: 0
04-22 00:08:41.015 I/resolv  (  293): res_nsend: used send_dg 63 terrno: 0
04-22 00:08:41.015 D/TrafficStats(  784): tagSocket(5) with statsTag=0xffffffff, statsUid=-1
04-22 00:08:41.017 D/TrafficStats(  784): tagSocket(5) with statsTag=0xffffffff, statsUid=-1
04-22 00:08:41.017 D/NetworkMonitor/100(  784): PROBE_DNS connectivitycheck.gstatic.com 24ms OK 114.250.66.34
04-22 00:08:41.019 D/TrafficStats(  784): tagSocket(5) with statsTag=0xffffffff, statsUid=-1
04-22 00:08:41.019 I/resolv  (  293): GetAddrInfoHandler::run: {100 983140 100 983140 1073 1}
04-22 00:08:41.019 I/resolv  (  293): res_nmkquery: (QUERY, IN, A)
04-22 00:08:41.019 I/resolv  (  293): resolv_cache_lookup: FOUND IN CACHE entry=0xb400007d8da720b0
04-22 00:08:41.019 I/resolv  (  293): doQuery: rcode=0, ancount=1, return value=63
04-22 00:08:41.019 I/resolv  (  293): res_nmkquery: (QUERY, IN, AAAA)
04-22 00:08:41.019 I/resolv  (  293): resolv_cache_lookup: FOUND IN CACHE entry=0xb400007d9da7c190
04-22 00:08:41.019 I/resolv  (  293): doQuery: rcode=0, ancount=0, return value=117
04-22 00:08:41.021 D/TrafficStats(  784): tagSocket(68) with statsTag=0xffffff81, statsUid=-1
04-22 00:08:41.021 D/NetworkMonitor/100(  784): PROBE_DNS www.google.com 29ms OK 174.132.167.252,2001::1
04-22 00:08:41.024 I/resolv  (  293): GetAddrInfoHandler::run: {100 983140 100 983140 1073 1}
04-22 00:08:41.025 I/resolv  (  293): res_nmkquery: (QUERY, IN, AAAA)
04-22 00:08:41.025 I/resolv  (  293): res_nmkquery: (QUERY, IN, A)
04-22 00:08:41.025 I/resolv  (  293): resolv_cache_lookup: FOUND IN CACHE entry=0xb400007d6da79480
04-22 00:08:41.025 I/resolv  (  293): doQuery: rcode=0, ancount=1, return value=48
04-22 00:08:41.025 I/resolv  (  293): resolv_cache_lookup: FOUND IN CACHE entry=0xb400007d7da7a050
04-22 00:08:41.025 I/resolv  (  293): doQuery: rcode=0, ancount=1, return value=60
04-22 00:08:41.026 D/TrafficStats(  784): tagSocket(5) with statsTag=0xffffff81, statsUid=-1
04-22 00:08:43.996 I/resolv  (  293): GetAddrInfoHandler::run: {100 983140 100 983140 1073 1}
04-22 00:08:43.996 I/resolv  (  293): res_nmkquery: (QUERY, IN, AAAA)
04-22 00:08:43.997 I/resolv  (  293): res_nmkquery: (QUERY, IN, A)
04-22 00:08:43.997 I/resolv  (  293): resolv_cache_lookup: FOUND IN CACHE entry=0xb400007d6da79480
04-22 00:08:43.997 I/resolv  (  293): doQuery: rcode=0, ancount=1, return value=48
04-22 00:08:43.998 I/resolv  (  293): resolv_cache_lookup: FOUND IN CACHE entry=0xb400007d7da7a050
04-22 00:08:43.998 I/resolv  (  293): doQuery: rcode=0, ancount=1, return value=60
04-22 00:08:43.998 D/TrafficStats(  784): tagSocket(61) with statsTag=0xffffff81, statsUid=-1
04-22 00:08:44.121 D/NetworkMonitor/100(  784): PROBE_FALLBACK http://www.google.com/gen_204 time=126ms ret=204 request={Connection=[close], User-Agent=[Mozilla/5.0 (X11; Linux x86_64) AppleWebKit/537.36 (KHTML, like Gecko) Chrome/60.0.3112.32 Safari/537.36]} headers={null=[HTTP/1.1 204 No Content], Connection=[close], Content-Security-Policy=[object-src 'none';base-uri 'self';script-src 'nonce-kGbdQ_Rx6GGNOyVIvHdlgA' 'strict-dynamic' 'report-sample' 'unsafe-eval' 'unsafe-inline' https: http:;report-uri https://csp.withgoogle.com/csp/gws/other], Content-Type=[text/html; charset=UTF-8], Date=[Tue, 21 Apr 2026 16:08:44 GMT], Permissions-Policy=[unload=()], Server=[gws], X-Android-Received-Millis=[1776787724120], X-Android-Response-Source=[NETWORK 204], X-Android-Selected-Protocol=[http/1.1], X-Android-Sent-Millis=[1776787724001], X-Frame-Options=[SAMEORIGIN], X-Xss-Protection=[0]}
04-22 00:08:51.033 D/NetworkMonitor/100(  784): PROBE_HTTP http://connectivitycheck.gstatic.com/generate_204 Probe failed with exception java.net.SocketTimeoutException: failed to connect to connectivitycheck.gstatic.com/114.250.66.34 (port 80) from /10.0.2.15 (port 43030) after 10000ms
04-22 00:08:51.036 D/TrafficStats(  784): tagSocket(5) with statsTag=0xffffff81, statsUid=-1
04-22 00:09:00.002 I/AiAiEcho( 1598): Predicting[0]: 
04-22 00:09:00.003 I/AiAiEcho( 1598): Ranked targets strategy: SORT, count: 0, ranking metadata: 
04-22 00:09:00.003 I/AiAiEcho( 1598): #postPredictionTargets: Sending updates to UISurface lockscreen with targets# 0
04-22 00:09:00.004 I/AiAiEcho( 1598): #postPredictionTargets: Sending updates to UISurface home with targets# 0
04-22 00:09:00.004 I/AiAiEcho( 1598): #postPredictionTargets: Sending updates to UISurface media_data_manager with targets# 0
04-22 00:09:00.007 D/SsMediaDataProvider(  728): Forwarding Smartspace updates []
04-22 00:09:00.018 D/EGL_emulation(  728): app_time_stats: avg=60000.02ms min=60000.02ms max=60000.02ms count=1
04-22 00:09:01.043 D/NetworkMonitor/100(  784): PROBE_HTTPS https://www.google.com/generate_204 Probe failed with exception java.net.SocketTimeoutException: failed to connect to www.google.com/2001::1 (port 443) from /fec0::5054:ff:fe12:3456 (port 46858) after 10000ms
04-22 00:09:01.044 D/NetworkMonitor/100(  784): isCaptivePortal: isSuccessful()=false isPortal()=false RedirectUrl=null isPartialConnectivity()=false Time=20052ms
04-22 00:09:01.045 D/ConnectivityService(  519): [100 CELLULAR] validation failed
04-22 00:09:01.045 I/ConnectivityService(  519): Update capabilities for net 100 : -PARTIAL_CONNECTIVITY
04-22 00:09:01.047 W/BestClock(  519): java.time.DateTimeException: Missing NTP fix
04-22 00:09:01.047 W/BestClock(  519): java.time.DateTimeException: Missing NTP fix
04-22 00:09:01.049 I/CarrierServices( 1480): [50] fne.handleMessage: RcsEngineImpl[DUAL_REG]:[7f3bf928-8b36]>Handler: handleMessage processing message:[NOTIFY_UPTIME_IGNORE_STATE_CHANGED] with [non-null]:RcsEngineImpl reference
04-22 00:09:01.049 I/CarrierServices( 1480): [51] etr.c: Connected state: [1], networkType: [MOBILE]
04-22 00:09:01.053 I/CarrierServices( 1480): [50] fjp.f: No RCS Configuration was found in Bugle for simID: redacted-pii:sim_id[chars:20,last3:897]
04-22 00:09:06.895 W/healthd (  312): battery l=100 v=5000 t=25.0 h=2 st=4 c=900000 fc=3000000 cc=10 chg=
04-22 00:09:09.555 I/UsageStatsService(  519): User[0] Flushing usage stats to disk
04-22 00:09:11.489 D/ControlsListingControllerImpl(  728): Subscribing callback, service count: 0
04-22 00:09:11.508 D/ControlsListingControllerImpl(  728): Unsubscribing callback
04-22 00:09:13.141 E/android.hardware.power.stats@1.0-service-mock(  317): Failed to getEnergyData
04-22 00:09:13.868 D/EGL_emulation(  728): app_time_stats: avg=13850.41ms min=13850.41ms max=13850.41ms count=1
04-22 00:09:19.382 I/PhenotypeProcessReaper( 1251): Memory state is: 125
04-22 00:09:20.990 D/BoundBrokerSvc( 1251): onUnbind: Intent { act=com.google.android.contextmanager.service.ContextManagerService.START pkg=com.google.android.gms }
04-22 00:09:25.104 I/ActivityTaskManager(  519): START u0 {flg=0x10000000 cmp=com.impos2.mixcretailassemblyrn84/.MainActivity} from uid 2000
04-22 00:09:25.106 W/unknown:BridgelessReact(14284): ReactHost{0}.onHostPause(activity)
04-22 00:09:25.106 W/unknown:BridgelessReact(14284): ReactHost{0}.ReactContext.onHostPause()
04-22 00:09:25.106 W/unknown:BridgelessReact(14284): ReactHost{0}.onHostResume(activity)
04-22 00:09:25.106 W/unknown:BridgelessReact(14284): ReactHost{0}.ReactContext.onHostResume()
04-22 00:09:25.123 D/TrafficStats(14284): tagSocket(5) with statsTag=0xffffffff, statsUid=-1
04-22 00:09:25.127 D/TrafficStats(14284): tagSocket(5) with statsTag=0xffffffff, statsUid=-1
04-22 00:09:25.129 D/TrafficStats(14284): tagSocket(5) with statsTag=0xffffffff, statsUid=-1
04-22 00:09:25.132 D/TrafficStats(14284): tagSocket(5) with statsTag=0xffffffff, statsUid=-1
04-22 00:09:25.135 D/TrafficStats(14284): tagSocket(5) with statsTag=0xffffffff, statsUid=-1
04-22 00:09:25.158 D/TrafficStats(14284): tagSocket(5) with statsTag=0xffffffff, statsUid=-1
04-22 00:09:25.163 D/TrafficStats(14284): tagSocket(5) with statsTag=0xffffffff, statsUid=-1
04-22 00:09:25.192 D/EGL_emulation(14284): app_time_stats: avg=15993.45ms min=2.67ms max=191152.42ms count=12
04-22 00:09:25.209 D/TrafficStats(14284): tagSocket(5) with statsTag=0xffffffff, statsUid=-1
04-22 00:09:25.213 D/TrafficStats(14284): tagSocket(5) with statsTag=0xffffffff, statsUid=-1
04-22 00:09:25.216 D/TrafficStats(14284): tagSocket(5) with statsTag=0xffffffff, statsUid=-1
04-22 00:09:25.218 D/TrafficStats(14284): tagSocket(5) with statsTag=0xffffffff, statsUid=-1
04-22 00:09:25.221 D/TrafficStats(14284): tagSocket(5) with statsTag=0xffffffff, statsUid=-1
04-22 00:09:25.224 D/TrafficStats(14284): tagSocket(5) with statsTag=0xffffffff, statsUid=-1
04-22 00:09:25.226 D/TrafficStats(14284): tagSocket(5) with statsTag=0xffffffff, statsUid=-1
04-22 00:09:25.229 D/TrafficStats(14284): tagSocket(5) with statsTag=0xffffffff, statsUid=-1
04-22 00:09:25.232 D/TrafficStats(14284): tagSocket(5) with statsTag=0xffffffff, statsUid=-1
04-22 00:09:25.234 D/TrafficStats(14284): tagSocket(5) with statsTag=0xffffffff, statsUid=-1
04-22 00:09:25.236 D/TrafficStats(14284): tagSocket(5) with statsTag=0xffffffff, statsUid=-1
04-22 00:09:25.241 D/TrafficStats(14284): tagSocket(5) with statsTag=0xffffffff, statsUid=-1
04-22 00:09:25.244 D/TrafficStats(14284): tagSocket(5) with statsTag=0xffffffff, statsUid=-1
04-22 00:09:25.247 D/TrafficStats(14284): tagSocket(5) with statsTag=0xffffffff, statsUid=-1
04-22 00:09:25.302 D/TrafficStats(14284): tagSocket(93) with statsTag=0xffffffff, statsUid=-1
04-22 00:09:25.305 D/TrafficStats(14284): tagSocket(93) with statsTag=0xffffffff, statsUid=-1
04-22 00:09:25.308 D/TrafficStats(14284): tagSocket(93) with statsTag=0xffffffff, statsUid=-1
04-22 00:09:25.644 D/TrafficStats(14284): tagSocket(93) with statsTag=0xffffffff, statsUid=-1
04-22 00:09:25.649 D/TrafficStats(14284): tagSocket(93) with statsTag=0xffffffff, statsUid=-1
04-22 00:09:25.652 D/TrafficStats(14284): tagSocket(93) with statsTag=0xffffffff, statsUid=-1
04-22 00:09:25.672 D/CompatibilityChangeReporter(14284): Compat change id reported: 171228096; UID 10175; state: ENABLED
04-22 00:09:25.760 I/ActivityTaskManager(  519): START u0 {flg=0x10000000 cmp=com.impos2.mixcretailassemblyrn84/.MainActivity} from uid 2000
04-22 00:09:25.761 W/unknown:BridgelessReact(14284): ReactHost{0}.onHostPause(activity)
04-22 00:09:25.761 W/unknown:BridgelessReact(14284): ReactHost{0}.ReactContext.onHostPause()
04-22 00:09:25.762 W/unknown:BridgelessReact(14284): ReactHost{0}.onHostResume(activity)
04-22 00:09:25.762 W/unknown:BridgelessReact(14284): ReactHost{0}.ReactContext.onHostResume()
04-22 00:09:25.776 D/TrafficStats(14284): tagSocket(70) with statsTag=0xffffffff, statsUid=-1
04-22 00:09:25.779 D/TrafficStats(14284): tagSocket(70) with statsTag=0xffffffff, statsUid=-1
04-22 00:09:25.802 I/assembly.assembly.android.mixc-retail-rn84(14284): [assembly.topology] Native topology host already matches desired lifecycle state {"displayCount":1,"displayIndex":0,"deviceId":"6Z2H3BSGEY","instanceMode":"MASTER","enableSlave":false,"running":false,"reason":"not-master-or-single-primary-host"}
04-22 00:09:25.851 I/ActivityTaskManager(  519): START u0 {flg=0x10000000 cmp=com.impos2.mixcretailassemblyrn84/.MainActivity} from uid 2000
04-22 00:09:25.852 W/unknown:BridgelessReact(14284): ReactHost{0}.onHostPause(activity)
04-22 00:09:25.852 W/unknown:BridgelessReact(14284): ReactHost{0}.ReactContext.onHostPause()
04-22 00:09:25.852 W/unknown:BridgelessReact(14284): ReactHost{0}.onHostResume(activity)
04-22 00:09:25.852 W/unknown:BridgelessReact(14284): ReactHost{0}.ReactContext.onHostResume()
04-22 00:09:25.871 D/TrafficStats(14284): tagSocket(93) with statsTag=0xffffffff, statsUid=-1
04-22 00:09:25.874 D/TrafficStats(14284): tagSocket(93) with statsTag=0xffffffff, statsUid=-1
04-22 00:09:25.875 I/assembly.assembly.android.mixc-retail-rn84(14284): [assembly.topology] Starting native topology host from assembly lifecycle {"displayCount":1,"displayIndex":0,"deviceId":"6Z2H3BSGEY","instanceMode":"MASTER","enableSlave":true,"reason":"master-primary-enable-slave"}
04-22 00:09:25.894 D/TrafficStats(14284): tagSocket(102) with statsTag=0xffffffff, statsUid=-1
04-22 00:09:25.895 I/MMKV    (14284): <MMKV_IO.cpp:609::writeActualSize> [mixc-retail-assembly-rn84::state] increase sequence to 35, crc 4085506520, actualSize 21721
04-22 00:09:25.895 I/MMKV    (14284): <MMKV.cpp:1208::sync> MMKV::sync, SyncFlag = 1
04-22 00:09:25.896 I/ReactNativeJS(14284): '[assembly.android.mixc-retail-rn84.websocket] connect', { url: 'ws://127.0.0.1:8888/mockMasterServer/ws',
04-22 00:09:25.896 I/ReactNativeJS(14284):   protocol: 'ws',
04-22 00:09:25.896 I/ReactNativeJS(14284):   host: '127.0.0.1:8888',
04-22 00:09:25.896 I/ReactNativeJS(14284):   pathname: '/mockMasterServer/ws' }
04-22 00:09:25.897 I/assembly.assembly.android.mixc-retail-rn84(14284): [assembly.topology] Create assembly topology socket binding {"displayIndex":0,"role":"master","localNodeId":"master:6Z2H3BSGEY","wsUrl":"ws://127.0.0.1:8888/mockMasterServer/ws","httpBaseUrl":"http://127.0.0.1:8888/mockMasterServer","resolvedServerBaseUrl":"http://127.0.0.1:8888/mockMasterServer","resolvedPathTemplate":"/ws"}
04-22 00:09:25.898 I/assembly.assembly.android.mixc-retail-rn84.transport.ws.SocketRuntime(14284): [transport.ws] Socket connect started: assembly.android.mixc-retail-rn84.topology {"profileName":"assembly.android.mixc-retail-rn84.topology","serverName":"dual-topology-host-v3","addressName":"dynamic-topology-host"}
04-22 00:09:25.902 I/WebViewFactory(14284): Loading com.google.android.webview version 109.0.5414.123 (code 541412334)
04-22 00:09:25.905 W/ziparchive(14284): Unable to open '/data/app/~~2XlbTKbdSL4ytKc6vI96fw==/com.google.android.trichromelibrary_541412334-XVCZJKNYM7pdXgwa6ezTsQ==/TrichromeLibrary.dm': No such file or directory
04-22 00:09:25.905 W/ziparchive(14284): Unable to open '/data/app/~~2XlbTKbdSL4ytKc6vI96fw==/com.google.android.trichromelibrary_541412334-XVCZJKNYM7pdXgwa6ezTsQ==/TrichromeLibrary.dm': No such file or directory
04-22 00:09:25.905 W/ailassemblyrn84(14284): Entry not found
04-22 00:09:25.906 D/nativeloader(14284): Configuring classloader-namespace for other apk /data/app/~~2XlbTKbdSL4ytKc6vI96fw==/com.google.android.trichromelibrary_541412334-XVCZJKNYM7pdXgwa6ezTsQ==/TrichromeLibrary.apk. target_sdk_version=33, uses_libraries=ALL, library_path=/data/app/~~Q0ddWPLbjoO_UEypAkbhRg==/com.google.android.webview-PdQqPxJT8P1ba_nJ4hr2mw==/lib/arm64:/data/app/~~Q0ddWPLbjoO_UEypAkbhRg==/com.google.android.webview-PdQqPxJT8P1ba_nJ4hr2mw==/WebViewGoogle.apk!/lib/arm64-v8a:/data/app/~~2XlbTKbdSL4ytKc6vI96fw==/com.google.android.trichromelibrary_541412334-XVCZJKNYM7pdXgwa6ezTsQ==/TrichromeLibrary.apk!/lib/arm64-v8a, permitted_path=/data:/mnt/expand
04-22 00:09:25.907 D/nativeloader(14284): Configuring classloader-namespace for other apk /data/app/~~Q0ddWPLbjoO_UEypAkbhRg==/com.google.android.webview-PdQqPxJT8P1ba_nJ4hr2mw==/WebViewGoogle.apk. target_sdk_version=33, uses_libraries=, library_path=/data/app/~~Q0ddWPLbjoO_UEypAkbhRg==/com.google.android.webview-PdQqPxJT8P1ba_nJ4hr2mw==/lib/arm64:/data/app/~~Q0ddWPLbjoO_UEypAkbhRg==/com.google.android.webview-PdQqPxJT8P1ba_nJ4hr2mw==/WebViewGoogle.apk!/lib/arm64-v8a:/data/app/~~2XlbTKbdSL4ytKc6vI96fw==/com.google.android.trichromelibrary_541412334-XVCZJKNYM7pdXgwa6ezTsQ==/TrichromeLibrary.apk!/lib/arm64-v8a, permitted_path=/data:/mnt/expand
04-22 00:09:25.914 I/cr_WVCFactoryProvider(14284): Loaded version=109.0.5414.123 minSdkVersion=29 isBundle=false multiprocess=true packageId=2
04-22 00:09:25.917 I/cr_VariationsUtils(14284): Failed reading seed file "/data/user/0/com.impos2.mixcretailassemblyrn84/app_webview/variations_seed_new"
04-22 00:09:25.917 I/cr_VariationsUtils(14284): Failed reading seed file "/data/user/0/com.impos2.mixcretailassemblyrn84/app_webview/variations_seed"
04-22 00:09:25.917 I/cr_VariationsUtils(14284): Requesting new seed from IVariationsSeedServer
04-22 00:09:25.919 D/CompatibilityChangeReporter(  519): Compat change id reported: 135634846; UID 10141; state: DISABLED
04-22 00:09:25.919 D/CompatibilityChangeReporter(  519): Compat change id reported: 177438394; UID 10141; state: DISABLED
04-22 00:09:25.919 D/CompatibilityChangeReporter(  519): Compat change id reported: 135772972; UID 10141; state: DISABLED
04-22 00:09:25.919 D/CompatibilityChangeReporter(  519): Compat change id reported: 135754954; UID 10141; state: ENABLED
04-22 00:09:25.919 D/CompatibilityChangeReporter(  519): Compat change id reported: 143937733; UID 10141; state: ENABLED
04-22 00:09:25.924 D/Zygote  (  294): Forked child process 14512
04-22 00:09:25.924 I/cr_LibraryLoader(14284): Successfully loaded native library
04-22 00:09:25.924 I/ActivityManager(  519): Start proc 14512:com.google.android.webview:webview_service/u0a141 for service {com.google.android.webview/org.chromium.android_webview.services.VariationsSeedServer}
04-22 00:09:25.924 I/cr_CachingUmaRecorder(14284): Flushed 9 samples from 9 histograms.
04-22 00:09:25.929 I/webview_service(14512): Using CollectorTypeCC GC.
04-22 00:09:25.934 I/adbd    (  382): jdwp connection from 14512
04-22 00:09:25.942 D/TrafficStats(14284): tagSocket(130) with statsTag=0xffffffff, statsUid=-1
04-22 00:09:25.942 D/CompatibilityChangeReporter(14512): Compat change id reported: 171979766; UID 10141; state: ENABLED
04-22 00:09:25.943 D/TrafficStats(14284): tagSocket(133) with statsTag=0xffffffff, statsUid=-1
04-22 00:09:25.945 I/assembly.assembly.android.mixc-retail-rn84(14284): [assembly.topology] Native topology host already matches desired lifecycle state {"displayCount":1,"displayIndex":0,"deviceId":"6Z2H3BSGEY","instanceMode":"MASTER","enableSlave":true,"running":true,"reason":"master-primary-enable-slave"}
04-22 00:09:25.946 I/assembly.assembly.android.mixc-retail-rn84(14284): [assembly.topology] Native topology host already matches desired lifecycle state {"displayCount":1,"displayIndex":0,"deviceId":"6Z2H3BSGEY","instanceMode":"MASTER","enableSlave":true,"running":true,"reason":"master-primary-enable-slave"}
04-22 00:09:25.946 I/assembly.assembly.android.mixc-retail-rn84(14284): [assembly.topology] Native topology host already matches desired lifecycle state {"displayCount":1,"displayIndex":0,"deviceId":"6Z2H3BSGEY","instanceMode":"MASTER","enableSlave":true,"running":true,"reason":"master-primary-enable-slave"}
04-22 00:09:25.946 W/ziparchive(14512): Unable to open '/data/app/~~2XlbTKbdSL4ytKc6vI96fw==/com.google.android.trichromelibrary_541412334-XVCZJKNYM7pdXgwa6ezTsQ==/TrichromeLibrary.dm': No such file or directory
04-22 00:09:25.946 W/ziparchive(14512): Unable to open '/data/app/~~2XlbTKbdSL4ytKc6vI96fw==/com.google.android.trichromelibrary_541412334-XVCZJKNYM7pdXgwa6ezTsQ==/TrichromeLibrary.dm': No such file or directory
04-22 00:09:25.946 I/assembly.assembly.android.mixc-retail-rn84(14284): [assembly.topology] Native topology host already matches desired lifecycle state {"displayCount":1,"displayIndex":0,"deviceId":"6Z2H3BSGEY","instanceMode":"MASTER","enableSlave":true,"running":true,"reason":"master-primary-enable-slave"}
04-22 00:09:25.946 I/assembly.assembly.android.mixc-retail-rn84(14284): [assembly.topology] Native topology host already matches desired lifecycle state {"displayCount":1,"displayIndex":0,"deviceId":"6Z2H3BSGEY","instanceMode":"MASTER","enableSlave":true,"running":true,"reason":"master-primary-enable-slave"}
04-22 00:09:25.947 W/webview_service(14512): Entry not found
04-22 00:09:25.948 D/nativeloader(14512): Configuring classloader-namespace for other apk /data/app/~~2XlbTKbdSL4ytKc6vI96fw==/com.google.android.trichromelibrary_541412334-XVCZJKNYM7pdXgwa6ezTsQ==/TrichromeLibrary.apk. target_sdk_version=33, uses_libraries=ALL, library_path=/data/app/~~Q0ddWPLbjoO_UEypAkbhRg==/com.google.android.webview-PdQqPxJT8P1ba_nJ4hr2mw==/lib/arm64:/data/app/~~Q0ddWPLbjoO_UEypAkbhRg==/com.google.android.webview-PdQqPxJT8P1ba_nJ4hr2mw==/WebViewGoogle.apk!/lib/arm64-v8a:/data/app/~~2XlbTKbdSL4ytKc6vI96fw==/com.google.android.trichromelibrary_541412334-XVCZJKNYM7pdXgwa6ezTsQ==/TrichromeLibrary.apk!/lib/arm64-v8a, permitted_path=/data:/mnt/expand:/data/user/0/com.google.android.webview
04-22 00:09:25.949 D/nativeloader(14512): Configuring classloader-namespace for other apk /data/app/~~Q0ddWPLbjoO_UEypAkbhRg==/com.google.android.webview-PdQqPxJT8P1ba_nJ4hr2mw==/WebViewGoogle.apk. target_sdk_version=33, uses_libraries=, library_path=/data/app/~~Q0ddWPLbjoO_UEypAkbhRg==/com.google.android.webview-PdQqPxJT8P1ba_nJ4hr2mw==/lib/arm64:/data/app/~~Q0ddWPLbjoO_UEypAkbhRg==/com.google.android.webview-PdQqPxJT8P1ba_nJ4hr2mw==/WebViewGoogle.apk!/lib/arm64-v8a:/data/app/~~2XlbTKbdSL4ytKc6vI96fw==/com.google.android.trichromelibrary_541412334-XVCZJKNYM7pdXgwa6ezTsQ==/TrichromeLibrary.apk!/lib/arm64-v8a, permitted_path=/data:/mnt/expand:/data/user/0/com.google.android.webview
04-22 00:09:25.950 I/assembly.assembly.android.mixc-retail-rn84(14284): [assembly.topology] Native topology host already matches desired lifecycle state {"displayCount":1,"displayIndex":0,"deviceId":"6Z2H3BSGEY","instanceMode":"MASTER","enableSlave":true,"running":true,"reason":"master-primary-enable-slave"}
04-22 00:09:25.950 I/assembly.assembly.android.mixc-retail-rn84(14284): [assembly.topology] Native topology host already matches desired lifecycle state {"displayCount":1,"displayIndex":0,"deviceId":"6Z2H3BSGEY","instanceMode":"MASTER","enableSlave":true,"running":true,"reason":"master-primary-enable-slave"}
04-22 00:09:25.951 I/assembly.assembly.android.mixc-retail-rn84(14284): [assembly.topology] Native topology host already matches desired lifecycle state {"displayCount":1,"displayIndex":0,"deviceId":"6Z2H3BSGEY","instanceMode":"MASTER","enableSlave":true,"running":true,"reason":"master-primary-enable-slave"}
04-22 00:09:25.973 V/GraphicsEnvironment(14512): ANGLE Developer option for 'com.google.android.webview' set to: 'default'
04-22 00:09:25.973 V/GraphicsEnvironment(14512): ANGLE GameManagerService for com.google.android.webview: false
04-22 00:09:25.973 V/GraphicsEnvironment(14512): Neither updatable production driver nor prerelease driver is supported.
04-22 00:09:25.974 I/LoadedApk(14512): No resource references to update in package com.google.android.trichromelibrary
04-22 00:09:25.974 D/NetworkSecurityConfig(14512): No Network Security Config specified, using platform default
04-22 00:09:25.975 D/NetworkSecurityConfig(14512): No Network Security Config specified, using platform default
04-22 00:09:25.975 I/cr_WebViewApkApp(14512): Launched version=109.0.5414.123 minSdkVersion=29 isBundle=false processName=com.google.android.webview:webview_service
04-22 00:09:25.993 I/cr_VariationsUtils(14512): Seed download job already scheduled
04-22 00:09:27.290 D/EGL_emulation(14284): app_time_stats: avg=173.62ms min=1.53ms max=1299.93ms count=12
04-22 00:09:27.959 D/TrafficStats(14284): tagSocket(5) with statsTag=0xffffffff, statsUid=-1
04-22 00:09:27.964 D/TrafficStats(14284): tagSocket(5) with statsTag=0xffffffff, statsUid=-1
04-22 00:09:27.970 D/BoundBrokerSvc( 1251): onUnbind: Intent { act=com.google.android.gms.phenotype.service.START pkg=com.google.android.gms }
04-22 00:09:28.021 W/ProcessState(14546): Extra binder thread started, but 0 threads requested. Do not use *startThreadPool when zero threads are requested.
04-22 00:09:28.024 I/hwservicemanager(  149): getTransport: Cannot find entry android.hardware.graphics.mapper@4.0::IMapper/default in either framework or device VINTF manifest.
04-22 00:09:28.025 I/Gralloc4(14546): mapper 4.x is not supported
04-22 00:09:28.030 D/HostConnection(14546): HostComposition ext ANDROID_EMU_CHECKSUM_HELPER_v1 ANDROID_EMU_native_sync_v2 ANDROID_EMU_native_sync_v3 ANDROID_EMU_native_sync_v4 ANDROID_EMU_dma_v1 ANDROID_EMU_direct_mem ANDROID_EMU_host_composition_v1 ANDROID_EMU_host_composition_v2 ANDROID_EMU_vulkan ANDROID_EMU_deferred_vulkan_commands ANDROID_EMU_vulkan_null_optional_strings ANDROID_EMU_vulkan_create_resources_with_requirements ANDROID_EMU_YUV_Cache ANDROID_EMU_vulkan_ignored_handles ANDROID_EMU_has_shared_slots_host_memory_allocator ANDROID_EMU_vulkan_free_memory_sync ANDROID_EMU_vulkan_shader_float16_int8 ANDROID_EMU_vulkan_async_queue_submit ANDROID_EMU_vulkan_queue_submit_with_commands ANDROID_EMU_sync_buffer_data ANDROID_EMU_vulkan_async_qsri ANDROID_EMU_read_color_buffer_dma ANDROID_EMU_hwc_multi_configs ANDROID_EMU_hwc_color_transform GL_OES_EGL_image_external_essl3 GL_OES_vertex_array_object ANDROID_EMU_host_side_tracing ANDROID_EMU_gles_max_version_3_0 
