04-22 00:09:49.250 I/resolv  (  459): res_nmkquery: (QUERY, IN, A)
04-22 00:09:49.250 I/resolv  (  459): resolv_cache_lookup: FOUND IN CACHE entry=0xb400007d2ced1320
04-22 00:09:49.250 I/resolv  (  459): doQuery: rcode=0, ancount=1, return value=48
04-22 00:09:49.253 I/resolv  (  459): GetAddrInfoHandler::run: {101 983141 101 983141 1073 1}
04-22 00:09:49.255 I/resolv  (  459): res_nmkquery: (QUERY, IN, AAAA)
04-22 00:09:49.255 I/resolv  (  459): res_nmkquery: (QUERY, IN, A)
04-22 00:09:49.255 I/resolv  (  459): resolv_cache_lookup: FOUND IN CACHE entry=0xb400007e7cece9b0
04-22 00:09:49.255 I/resolv  (  459): doQuery: rcode=0, ancount=1, return value=63
04-22 00:09:49.255 I/resolv  (  459): resolv_cache_lookup: FOUND IN CACHE entry=0xb400007d0cedc470
04-22 00:09:49.255 I/resolv  (  459): doQuery: rcode=0, ancount=0, return value=117
04-22 00:09:49.733 D/NetworkMonitor/101( 1052): PROBE_HTTP http://connectivitycheck.gstatic.com/generate_204 time=481ms ret=204 request={Connection=[close], User-Agent=[Mozilla/5.0 (X11; Linux x86_64) AppleWebKit/537.36 (KHTML, like Gecko) Chrome/60.0.3112.32 Safari/537.36]} headers={null=[HTTP/1.1 204 No Content], Connection=[close], Cross-Origin-Resource-Policy=[cross-origin], Date=[Tue, 21 Apr 2026 16:09:49 GMT], X-Android-Received-Millis=[1776787789732], X-Android-Response-Source=[NETWORK 204], X-Android-Selected-Protocol=[http/1.1], X-Android-Sent-Millis=[1776787789259]}
04-22 00:09:50.219 W/BestClock(  683): java.time.DateTimeException: No network time available
04-22 00:09:50.219 W/BestClock(  683): java.time.DateTimeException: No network time available
04-22 00:09:50.219 W/BestClock(  683): java.time.DateTimeException: No network time available
04-22 00:09:50.220 W/BestClock(  683): java.time.DateTimeException: No network time available
04-22 00:09:50.224 W/BestClock(  683): java.time.DateTimeException: No network time available
04-22 00:09:50.226 D/WifiClientModeImpl[9769:wlan0](  683): updateLinkLayerStatsRssiSpeedFrequencyCapabilities rssi=-50 TxLinkspeed=1 freq=2447 RxLinkSpeed=2
04-22 00:09:50.226 D/WifiDataStall(  683): tx tput in kbps: 11000
04-22 00:09:50.226 D/WifiDataStall(  683): rx tput in kbps: 11000
04-22 00:09:50.226 V/WifiConfigManager(  683): Updating scan detail cache freq=2447 BSSID=00:13:10:85:fe:01 RSSI=-50 for "AndroidWifi"NONE
04-22 00:09:50.227 D/WifiThroughputPredictor(  683):  utilization (LLS) 80 isBluetoothConnected: false final utilization: 80
04-22 00:09:50.227 D/WifiThroughputPredictor(  683):  BW: 0 RSSI: -50 Nss: 1 Mode: 1 symDur: 4000 snrDb 30 bitPerTone: 4500 rate: 54 throughput: 11
04-22 00:09:50.227 D/WifiThroughputPredictor(  683):  utilization (LLS) 80 isBluetoothConnected: false final utilization: 80
04-22 00:09:50.227 D/WifiThroughputPredictor(  683):  BW: 0 RSSI: -50 Nss: 1 Mode: 1 symDur: 4000 snrDb 30 bitPerTone: 4500 rate: 54 throughput: 11
04-22 00:09:50.227 D/WifiThroughputPredictor(  683):  utilization (LLS) 80 isBluetoothConnected: false final utilization: 80
04-22 00:09:50.227 D/WifiThroughputPredictor(  683):  BW: 0 RSSI: -50 Nss: 1 Mode: 1 symDur: 4000 snrDb 30 bitPerTone: 4500 rate: 54 throughput: 11
04-22 00:09:50.227 D/WifiThroughputPredictor(  683):  utilization (LLS) 80 isBluetoothConnected: false final utilization: 80
04-22 00:09:50.227 D/WifiThroughputPredictor(  683):  BW: 0 RSSI: -50 Nss: 1 Mode: 1 symDur: 4000 snrDb 30 bitPerTone: 4500 rate: 54 throughput: 11
04-22 00:09:50.227 D/WifiScoreCard(  683): BSSID update SIGNAL_POLL ID: 261501600 SSID: "AndroidWifi", BSSID: 00:13:10:85:fe:01, MAC: 02:15:b4:00:00:00, IP: /10.0.2.17, Security type: 0, Supplicant state: COMPLETED, Wi-Fi standard: legacy, RSSI: -50, Link speed: 1Mbps, Tx Link speed: 1Mbps, Max Supported Tx Link speed: 11Mbps, Rx Link speed: 2Mbps, Max Supported Rx Link speed: 11Mbps, Frequency: 2447MHz, Net ID: 0, Metered hint: false, score: 60, isUsable: true, CarrierMerged: false, SubscriptionId: -1, IsPrimary: 1, Trusted: true, Restricted: false, Ephemeral: false, OEM paid: false, OEM private: false, OSU AP: false, FQDN: <none>, Provider friendly name: <none>, Requesting package name: <none>"AndroidWifi"openMLO Information: , Is TID-To-Link negotiation supported by the AP: false, AP MLD Address: <none>, AP MLO Link Id: <none>, AP MLO Affiliated links: <none>, Vendor Data: <none>
04-22 00:09:50.227 D/WifiScoreCard(  683): txRate: 3 txSpeed: 1
04-22 00:09:50.227 D/WifiScoreCard(  683): network update SIGNAL_POLL "AndroidWifi" ID: 579418950 RSSI -50 txSpeed -1
04-22 00:09:50.227 D/WifiClientModeImpl[9769:wlan0](  683):  ClientModeImpl$L2ConnectedState screen=on 1 0 "AndroidWifi" 00:13:10:85:fe:01 rssi=-50 f=2447 sc=60 link=1 tx=2.3, 0.0, 0.0 rx=2.3 bcn=0 [on:0 tx:0 rx:0 period:3013] from screen [on:0 period:-1328670317] score=60
04-22 00:09:51.444 D/wpa_supplicant(  938): nl80211: Drv Event 64 (NL80211_CMD_NOTIFY_CQM) received for wlan0
04-22 00:09:51.445 D/wpa_supplicant(  938): nl80211: Beacon loss event
04-22 00:09:51.445 D/wpa_supplicant(  938): wlan0: Event BEACON_LOSS (53) received
04-22 00:09:51.445 I/wpa_supplicant(  938): wlan0: CTRL-EVENT-BEACON-LOSS 
04-22 00:09:52.241 I/resolv  (  459): GetAddrInfoHandler::run: {101 983141 101 983141 1073 1}
04-22 00:09:52.242 I/resolv  (  459): res_nmkquery: (QUERY, IN, AAAA)
04-22 00:09:52.242 I/resolv  (  459): resolv_cache_lookup: FOUND IN CACHE entry=0xb400007d0ced8690
04-22 00:09:52.242 I/resolv  (  459): doQuery: rcode=0, ancount=4, return value=149
04-22 00:09:52.242 I/resolv  (  459): res_nmkquery: (QUERY, IN, A)
04-22 00:09:52.242 I/resolv  (  459): resolv_cache_lookup: FOUND IN CACHE entry=0xb400007d0cedd670
04-22 00:09:52.242 I/resolv  (  459): doQuery: rcode=0, ancount=4, return value=101
04-22 00:09:52.737 D/NetworkMonitor/101( 1052): PROBE_FALLBACK http://play.googleapis.com/generate_204 time=496ms ret=204 request={Connection=[close], User-Agent=[Mozilla/5.0 (X11; Linux x86_64) AppleWebKit/537.36 (KHTML, like Gecko) Chrome/60.0.3112.32 Safari/537.36]} headers={null=[HTTP/1.1 204 No Content], Connection=[close], Cross-Origin-Resource-Policy=[cross-origin], Date=[Tue, 21 Apr 2026 16:09:52 GMT], X-Android-Received-Millis=[1776787792737], X-Android-Response-Source=[NETWORK 204], X-Android-Selected-Protocol=[http/1.1], X-Android-Sent-Millis=[1776787792244]}
04-22 00:09:53.229 W/BestClock(  683): java.time.DateTimeException: No network time available
04-22 00:09:53.229 W/BestClock(  683): java.time.DateTimeException: No network time available
04-22 00:09:53.229 W/BestClock(  683): java.time.DateTimeException: No network time available
04-22 00:09:53.229 W/BestClock(  683): java.time.DateTimeException: No network time available
04-22 00:09:53.229 W/BestClock(  683): java.time.DateTimeException: No network time available
04-22 00:09:53.231 D/WifiClientModeImpl[9769:wlan0](  683): updateLinkLayerStatsRssiSpeedFrequencyCapabilities rssi=-50 TxLinkspeed=1 freq=2447 RxLinkSpeed=2
04-22 00:09:53.231 D/WifiDataStall(  683): tx tput in kbps: 11000
04-22 00:09:53.231 D/WifiDataStall(  683): rx tput in kbps: 11000
04-22 00:09:53.231 V/WifiConfigManager(  683): Updating scan detail cache freq=2447 BSSID=00:13:10:85:fe:01 RSSI=-50 for "AndroidWifi"NONE
04-22 00:09:53.231 D/WifiThroughputPredictor(  683):  utilization (LLS) 80 isBluetoothConnected: false final utilization: 80
04-22 00:09:53.231 D/WifiThroughputPredictor(  683):  BW: 0 RSSI: -50 Nss: 1 Mode: 1 symDur: 4000 snrDb 30 bitPerTone: 4500 rate: 54 throughput: 11
04-22 00:09:53.231 D/WifiThroughputPredictor(  683):  utilization (LLS) 80 isBluetoothConnected: false final utilization: 80
04-22 00:09:53.231 D/WifiThroughputPredictor(  683):  BW: 0 RSSI: -50 Nss: 1 Mode: 1 symDur: 4000 snrDb 30 bitPerTone: 4500 rate: 54 throughput: 11
04-22 00:09:53.231 D/WifiThroughputPredictor(  683):  utilization (LLS) 80 isBluetoothConnected: false final utilization: 80
04-22 00:09:53.231 D/WifiThroughputPredictor(  683):  BW: 0 RSSI: -50 Nss: 1 Mode: 1 symDur: 4000 snrDb 30 bitPerTone: 4500 rate: 54 throughput: 11
04-22 00:09:53.231 D/WifiThroughputPredictor(  683):  utilization (LLS) 80 isBluetoothConnected: false final utilization: 80
04-22 00:09:53.231 D/WifiThroughputPredictor(  683):  BW: 0 RSSI: -50 Nss: 1 Mode: 1 symDur: 4000 snrDb 30 bitPerTone: 4500 rate: 54 throughput: 11
04-22 00:09:53.232 D/WifiScoreCard(  683): BSSID update SIGNAL_POLL ID: 261501600 SSID: "AndroidWifi", BSSID: 00:13:10:85:fe:01, MAC: 02:15:b4:00:00:00, IP: /10.0.2.17, Security type: 0, Supplicant state: COMPLETED, Wi-Fi standard: legacy, RSSI: -50, Link speed: 1Mbps, Tx Link speed: 1Mbps, Max Supported Tx Link speed: 11Mbps, Rx Link speed: 2Mbps, Max Supported Rx Link speed: 11Mbps, Frequency: 2447MHz, Net ID: 0, Metered hint: false, score: 60, isUsable: true, CarrierMerged: false, SubscriptionId: -1, IsPrimary: 1, Trusted: true, Restricted: false, Ephemeral: false, OEM paid: false, OEM private: false, OSU AP: false, FQDN: <none>, Provider friendly name: <none>, Requesting package name: <none>"AndroidWifi"openMLO Information: , Is TID-To-Link negotiation supported by the AP: false, AP MLD Address: <none>, AP MLO Link Id: <none>, AP MLO Affiliated links: <none>, Vendor Data: <none>
04-22 00:09:53.232 D/WifiScoreCard(  683): txRate: 2 txSpeed: 1
04-22 00:09:53.232 D/WifiScoreCard(  683): network update SIGNAL_POLL "AndroidWifi" ID: 579418950 RSSI -50 txSpeed -1
04-22 00:09:53.232 D/WifiClientModeImpl[9769:wlan0](  683):  ClientModeImpl$L2ConnectedState screen=on 1 0 "AndroidWifi" 00:13:10:85:fe:01 rssi=-50 f=2447 sc=60 link=1 tx=1.9, 0.0, 0.0 rx=1.8 bcn=0 [on:0 tx:0 rx:0 period:3005] from screen [on:0 period:-1328667312] score=60
04-22 00:09:56.238 W/BestClock(  683): java.time.DateTimeException: No network time available
04-22 00:09:56.239 W/BestClock(  683): java.time.DateTimeException: No network time available
04-22 00:09:56.239 W/BestClock(  683): java.time.DateTimeException: No network time available
04-22 00:09:56.239 W/BestClock(  683): java.time.DateTimeException: No network time available
04-22 00:09:56.239 W/BestClock(  683): java.time.DateTimeException: No network time available
04-22 00:09:56.241 D/WifiClientModeImpl[9769:wlan0](  683): updateLinkLayerStatsRssiSpeedFrequencyCapabilities rssi=-50 TxLinkspeed=1 freq=2447 RxLinkSpeed=2
04-22 00:09:56.241 D/WifiDataStall(  683): tx tput in kbps: 11000
04-22 00:09:56.241 D/WifiDataStall(  683): rx tput in kbps: 11000
04-22 00:09:56.241 V/WifiConfigManager(  683): Updating scan detail cache freq=2447 BSSID=00:13:10:85:fe:01 RSSI=-50 for "AndroidWifi"NONE
04-22 00:09:56.241 D/WifiThroughputPredictor(  683):  utilization (LLS) 80 isBluetoothConnected: false final utilization: 80
04-22 00:09:56.241 D/WifiThroughputPredictor(  683):  BW: 0 RSSI: -50 Nss: 1 Mode: 1 symDur: 4000 snrDb 30 bitPerTone: 4500 rate: 54 throughput: 11
04-22 00:09:56.241 D/WifiThroughputPredictor(  683):  utilization (LLS) 80 isBluetoothConnected: false final utilization: 80
04-22 00:09:56.241 D/WifiThroughputPredictor(  683):  BW: 0 RSSI: -50 Nss: 1 Mode: 1 symDur: 4000 snrDb 30 bitPerTone: 4500 rate: 54 throughput: 11
04-22 00:09:56.242 D/WifiThroughputPredictor(  683):  utilization (LLS) 80 isBluetoothConnected: false final utilization: 80
04-22 00:09:56.242 D/WifiThroughputPredictor(  683):  BW: 0 RSSI: -50 Nss: 1 Mode: 1 symDur: 4000 snrDb 30 bitPerTone: 4500 rate: 54 throughput: 11
04-22 00:09:56.242 D/WifiThroughputPredictor(  683):  utilization (LLS) 80 isBluetoothConnected: false final utilization: 80
04-22 00:09:56.242 D/WifiThroughputPredictor(  683):  BW: 0 RSSI: -50 Nss: 1 Mode: 1 symDur: 4000 snrDb 30 bitPerTone: 4500 rate: 54 throughput: 11
04-22 00:09:56.242 D/WifiScoreCard(  683): BSSID update SIGNAL_POLL ID: 261501600 SSID: "AndroidWifi", BSSID: 00:13:10:85:fe:01, MAC: 02:15:b4:00:00:00, IP: /10.0.2.17, Security type: 0, Supplicant state: COMPLETED, Wi-Fi standard: legacy, RSSI: -50, Link speed: 1Mbps, Tx Link speed: 1Mbps, Max Supported Tx Link speed: 11Mbps, Rx Link speed: 2Mbps, Max Supported Rx Link speed: 11Mbps, Frequency: 2447MHz, Net ID: 0, Metered hint: false, score: 60, isUsable: true, CarrierMerged: false, SubscriptionId: -1, IsPrimary: 1, Trusted: true, Restricted: false, Ephemeral: false, OEM paid: false, OEM private: false, OSU AP: false, FQDN: <none>, Provider friendly name: <none>, Requesting package name: <none>"AndroidWifi"openMLO Information: , Is TID-To-Link negotiation supported by the AP: false, AP MLD Address: <none>, AP MLO Link Id: <none>, AP MLO Affiliated links: <none>, Vendor Data: <none>
04-22 00:09:56.242 D/WifiScoreCard(  683): txRate: 1 txSpeed: 1
04-22 00:09:56.242 D/WifiScoreCard(  683): network update SIGNAL_POLL "AndroidWifi" ID: 579418950 RSSI -50 txSpeed -1
04-22 00:09:56.242 D/WifiClientModeImpl[9769:wlan0](  683):  ClientModeImpl$L2ConnectedState screen=on 1 0 "AndroidWifi" 00:13:10:85:fe:01 rssi=-50 f=2447 sc=60 link=1 tx=0.7, 0.0, 0.0 rx=0.6 bcn=0 [on:0 tx:0 rx:0 period:3010] from screen [on:0 period:-1328664302] score=60
04-22 00:09:56.590 D/SatelliteController( 1086): iisInCarrierRoamingNbIotNtn: satellite is disabled
04-22 00:09:59.247 W/BestClock(  683): java.time.DateTimeException: No network time available
04-22 00:09:59.248 W/BestClock(  683): java.time.DateTimeException: No network time available
04-22 00:09:59.248 W/BestClock(  683): java.time.DateTimeException: No network time available
04-22 00:09:59.248 W/BestClock(  683): java.time.DateTimeException: No network time available
04-22 00:09:59.248 W/BestClock(  683): java.time.DateTimeException: No network time available
04-22 00:09:59.249 D/WifiClientModeImpl[9769:wlan0](  683): updateLinkLayerStatsRssiSpeedFrequencyCapabilities rssi=-50 TxLinkspeed=1 freq=2447 RxLinkSpeed=2
04-22 00:09:59.249 D/WifiDataStall(  683): tx tput in kbps: 11000
04-22 00:09:59.249 D/WifiDataStall(  683): rx tput in kbps: 11000
04-22 00:09:59.249 V/WifiConfigManager(  683): Updating scan detail cache freq=2447 BSSID=00:13:10:85:fe:01 RSSI=-50 for "AndroidWifi"NONE
04-22 00:09:59.249 D/WifiThroughputPredictor(  683):  utilization (LLS) 80 isBluetoothConnected: false final utilization: 80
04-22 00:09:59.249 D/WifiThroughputPredictor(  683):  BW: 0 RSSI: -50 Nss: 1 Mode: 1 symDur: 4000 snrDb 30 bitPerTone: 4500 rate: 54 throughput: 11
04-22 00:09:59.249 D/WifiThroughputPredictor(  683):  utilization (LLS) 80 isBluetoothConnected: false final utilization: 80
04-22 00:09:59.249 D/WifiThroughputPredictor(  683):  BW: 0 RSSI: -50 Nss: 1 Mode: 1 symDur: 4000 snrDb 30 bitPerTone: 4500 rate: 54 throughput: 11
04-22 00:09:59.250 D/WifiThroughputPredictor(  683):  utilization (LLS) 80 isBluetoothConnected: false final utilization: 80
04-22 00:09:59.250 D/WifiThroughputPredictor(  683):  BW: 0 RSSI: -50 Nss: 1 Mode: 1 symDur: 4000 snrDb 30 bitPerTone: 4500 rate: 54 throughput: 11
04-22 00:09:59.250 D/WifiThroughputPredictor(  683):  utilization (LLS) 80 isBluetoothConnected: false final utilization: 80
04-22 00:09:59.250 D/WifiThroughputPredictor(  683):  BW: 0 RSSI: -50 Nss: 1 Mode: 1 symDur: 4000 snrDb 30 bitPerTone: 4500 rate: 54 throughput: 11
04-22 00:09:59.250 D/WifiScoreCard(  683): BSSID update SIGNAL_POLL ID: 261501600 SSID: "AndroidWifi", BSSID: 00:13:10:85:fe:01, MAC: 02:15:b4:00:00:00, IP: /10.0.2.17, Security type: 0, Supplicant state: COMPLETED, Wi-Fi standard: legacy, RSSI: -50, Link speed: 1Mbps, Tx Link speed: 1Mbps, Max Supported Tx Link speed: 11Mbps, Rx Link speed: 2Mbps, Max Supported Rx Link speed: 11Mbps, Frequency: 2447MHz, Net ID: 0, Metered hint: false, score: 60, isUsable: true, CarrierMerged: false, SubscriptionId: -1, IsPrimary: 1, Trusted: true, Restricted: false, Ephemeral: false, OEM paid: false, OEM private: false, OSU AP: false, FQDN: <none>, Provider friendly name: <none>, Requesting package name: <none>"AndroidWifi"openMLO Information: , Is TID-To-Link negotiation supported by the AP: false, AP MLD Address: <none>, AP MLO Link Id: <none>, AP MLO Affiliated links: <none>, Vendor Data: <none>
04-22 00:09:59.250 D/WifiScoreCard(  683): txRate: 1 txSpeed: 1
04-22 00:09:59.250 D/WifiScoreCard(  683): network update SIGNAL_POLL "AndroidWifi" ID: 579418950 RSSI -50 txSpeed -1
04-22 00:09:59.250 D/WifiClientModeImpl[9769:wlan0](  683):  ClientModeImpl$L2ConnectedState screen=on 1 0 "AndroidWifi" 00:13:10:85:fe:01 rssi=-50 f=2447 sc=60 link=1 tx=0.2, 0.0, 0.0 rx=0.2 bcn=0 [on:0 tx:0 rx:0 period:3008] from screen [on:0 period:-1328661294] score=60
04-22 00:09:59.382 D/wpa_supplicant(  938): nl80211: Drv Event 64 (NL80211_CMD_NOTIFY_CQM) received for wlan0
04-22 00:09:59.382 D/wpa_supplicant(  938): nl80211: Beacon loss event
04-22 00:09:59.382 D/wpa_supplicant(  938): wlan0: Event BEACON_LOSS (53) received
04-22 00:09:59.382 I/wpa_supplicant(  938): wlan0: CTRL-EVENT-BEACON-LOSS 
04-22 00:09:59.769 D/NetworkMonitor/101( 1052): PROBE_HTTPS https://www.google.com/generate_204 Probe failed with exception javax.net.ssl.SSLHandshakeException: connection closed
04-22 00:09:59.771 D/NetworkMonitor/101( 1052): isCaptivePortal: isSuccessful()=false isPortal()=false RedirectUrl=null isPartialConnectivity()=true Time=10531ms
04-22 00:09:59.771 D/ConnectivityService(  683): [101 WIFI] validation failed
04-22 00:10:02.257 W/BestClock(  683): java.time.DateTimeException: No network time available
04-22 00:10:02.257 W/BestClock(  683): java.time.DateTimeException: No network time available
04-22 00:10:02.257 W/BestClock(  683): java.time.DateTimeException: No network time available
04-22 00:10:02.258 W/BestClock(  683): java.time.DateTimeException: No network time available
04-22 00:10:02.258 W/BestClock(  683): java.time.DateTimeException: No network time available
04-22 00:10:02.258 D/WifiClientModeImpl[9769:wlan0](  683): updateLinkLayerStatsRssiSpeedFrequencyCapabilities rssi=-50 TxLinkspeed=1 freq=2447 RxLinkSpeed=2
04-22 00:10:02.258 D/WifiDataStall(  683): tx tput in kbps: 11000
04-22 00:10:02.258 D/WifiDataStall(  683): rx tput in kbps: 11000
04-22 00:10:02.258 V/WifiConfigManager(  683): Updating scan detail cache freq=2447 BSSID=00:13:10:85:fe:01 RSSI=-50 for "AndroidWifi"NONE
04-22 00:10:02.258 D/WifiThroughputPredictor(  683):  utilization (LLS) 80 isBluetoothConnected: false final utilization: 80
04-22 00:10:02.258 D/WifiThroughputPredictor(  683):  BW: 0 RSSI: -50 Nss: 1 Mode: 1 symDur: 4000 snrDb 30 bitPerTone: 4500 rate: 54 throughput: 11
04-22 00:10:02.258 D/WifiThroughputPredictor(  683):  utilization (LLS) 80 isBluetoothConnected: false final utilization: 80
04-22 00:10:02.258 D/WifiThroughputPredictor(  683):  BW: 0 RSSI: -50 Nss: 1 Mode: 1 symDur: 4000 snrDb 30 bitPerTone: 4500 rate: 54 throughput: 11
04-22 00:10:02.259 D/WifiThroughputPredictor(  683):  utilization (LLS) 80 isBluetoothConnected: false final utilization: 80
04-22 00:10:02.259 D/WifiThroughputPredictor(  683):  BW: 0 RSSI: -50 Nss: 1 Mode: 1 symDur: 4000 snrDb 30 bitPerTone: 4500 rate: 54 throughput: 11
04-22 00:10:02.259 D/WifiThroughputPredictor(  683):  utilization (LLS) 80 isBluetoothConnected: false final utilization: 80
04-22 00:10:02.259 D/WifiThroughputPredictor(  683):  BW: 0 RSSI: -50 Nss: 1 Mode: 1 symDur: 4000 snrDb 30 bitPerTone: 4500 rate: 54 throughput: 11
04-22 00:10:02.259 D/WifiScoreCard(  683): BSSID update SIGNAL_POLL ID: 261501600 SSID: "AndroidWifi", BSSID: 00:13:10:85:fe:01, MAC: 02:15:b4:00:00:00, IP: /10.0.2.17, Security type: 0, Supplicant state: COMPLETED, Wi-Fi standard: legacy, RSSI: -50, Link speed: 1Mbps, Tx Link speed: 1Mbps, Max Supported Tx Link speed: 11Mbps, Rx Link speed: 2Mbps, Max Supported Rx Link speed: 11Mbps, Frequency: 2447MHz, Net ID: 0, Metered hint: false, score: 60, isUsable: true, CarrierMerged: false, SubscriptionId: -1, IsPrimary: 1, Trusted: true, Restricted: false, Ephemeral: false, OEM paid: false, OEM private: false, OSU AP: false, FQDN: <none>, Provider friendly name: <none>, Requesting package name: <none>"AndroidWifi"openMLO Information: , Is TID-To-Link negotiation supported by the AP: false, AP MLD Address: <none>, AP MLO Link Id: <none>, AP MLO Affiliated links: <none>, Vendor Data: <none>
04-22 00:10:02.259 D/WifiScoreCard(  683): txRate: 2 txSpeed: 1
04-22 00:10:02.259 D/WifiScoreCard(  683): network update SIGNAL_POLL "AndroidWifi" ID: 579418950 RSSI -50 txSpeed -1
04-22 00:10:02.259 D/WifiClientModeImpl[9769:wlan0](  683):  ClientModeImpl$L2ConnectedState screen=on 1 0 "AndroidWifi" 00:13:10:85:fe:01 rssi=-50 f=2447 sc=60 link=1 tx=1.3, 0.0, 0.0 rx=1.3 bcn=0 [on:0 tx:0 rx:0 period:3009] from screen [on:0 period:-1328658285] score=60
04-22 00:10:03.777 I/resolv  (  459): ResNSendHandler::run: 0 / {101 983141 101 983141 1073 1}
04-22 00:10:03.777 I/resolv  (  459): resolv_cache_lookup: FOUND IN CACHE entry=0xb400007cdced1150
04-22 00:10:03.777 I/resolv  (  459): ResNSendHandler::run: 0 / {101 983141 101 983141 1073 1}
04-22 00:10:03.780 I/resolv  (  459): ResNSendHandler::run: 0 / {101 983141 101 983141 1073 1}
04-22 00:10:03.780 I/resolv  (  459): resolv_cache_lookup: FOUND IN CACHE entry=0xb400007d2ced1320
04-22 00:10:03.780 I/resolv  (  459): ResNSendHandler::run: 0 / {101 983141 101 983141 1073 1}
04-22 00:10:03.780 I/resolv  (  459): resolv_cache_lookup: FOUND IN CACHE entry=0xb400007e7cece9b0
04-22 00:10:03.784 D/NetworkMonitor/101( 1052): PROBE_DNS www.google.com 10ms OK 174.132.167.252,2001::1
04-22 00:10:03.787 I/resolv  (  459): GetAddrInfoHandler::run: {101 983141 101 983141 1073 1}
04-22 00:10:03.787 I/resolv  (  459): res_nmkquery: (QUERY, IN, A)
04-22 00:10:03.787 I/resolv  (  459): resolv_cache_lookup: FOUND IN CACHE entry=0xb400007d2ced1320
04-22 00:10:03.787 I/resolv  (  459): doQuery: rcode=0, ancount=1, return value=48
04-22 00:10:03.787 I/resolv  (  459): res_nmkquery: (QUERY, IN, AAAA)
04-22 00:10:03.787 I/resolv  (  459): resolv_cache_lookup: FOUND IN CACHE entry=0xb400007cdced1150
04-22 00:10:03.787 I/resolv  (  459): doQuery: rcode=0, ancount=1, return value=60
04-22 00:10:04.272 I/resolv  (  459): res_nsend: used send_dg 117 terrno: 0
04-22 00:10:04.275 D/NetworkMonitor/101( 1052): PROBE_DNS connectivitycheck.gstatic.com 500ms OK 114.250.65.34
04-22 00:10:04.277 I/resolv  (  459): GetAddrInfoHandler::run: {101 983141 101 983141 1073 1}
04-22 00:10:04.278 I/resolv  (  459): res_nmkquery: (QUERY, IN, AAAA)
04-22 00:10:04.278 I/resolv  (  459): res_nmkquery: (QUERY, IN, A)
04-22 00:10:04.278 I/resolv  (  459): resolv_cache_lookup: FOUND IN CACHE entry=0xb400007d0cedc470
04-22 00:10:04.278 I/resolv  (  459): resolv_cache_lookup: FOUND IN CACHE entry=0xb400007e7cece9b0
04-22 00:10:04.278 I/resolv  (  459): doQuery: rcode=0, ancount=1, return value=63
04-22 00:10:04.278 I/resolv  (  459): doQuery: rcode=0, ancount=0, return value=117
04-22 00:10:04.775 D/NetworkMonitor/101( 1052): PROBE_HTTP http://connectivitycheck.gstatic.com/generate_204 time=499ms ret=204 request={Connection=[close], User-Agent=[Mozilla/5.0 (X11; Linux x86_64) AppleWebKit/537.36 (KHTML, like Gecko) Chrome/60.0.3112.32 Safari/537.36]} headers={null=[HTTP/1.1 204 No Content], Connection=[close], Cross-Origin-Resource-Policy=[cross-origin], Date=[Tue, 21 Apr 2026 16:10:04 GMT], X-Android-Received-Millis=[1776787804774], X-Android-Response-Source=[NETWORK 204], X-Android-Selected-Protocol=[http/1.1], X-Android-Sent-Millis=[1776787804282]}
04-22 00:10:05.263 W/BestClock(  683): java.time.DateTimeException: No network time available
04-22 00:10:05.263 W/BestClock(  683): java.time.DateTimeException: No network time available
04-22 00:10:05.263 W/BestClock(  683): java.time.DateTimeException: No network time available
04-22 00:10:05.263 W/BestClock(  683): java.time.DateTimeException: No network time available
04-22 00:10:05.263 W/BestClock(  683): java.time.DateTimeException: No network time available
04-22 00:10:05.264 D/WifiClientModeImpl[9769:wlan0](  683): updateLinkLayerStatsRssiSpeedFrequencyCapabilities rssi=-50 TxLinkspeed=1 freq=2447 RxLinkSpeed=2
04-22 00:10:05.264 D/WifiDataStall(  683): tx tput in kbps: 11000
04-22 00:10:05.264 D/WifiDataStall(  683): rx tput in kbps: 11000
04-22 00:10:05.264 V/WifiConfigManager(  683): Updating scan detail cache freq=2447 BSSID=00:13:10:85:fe:01 RSSI=-50 for "AndroidWifi"NONE
04-22 00:10:05.264 D/WifiThroughputPredictor(  683):  utilization (LLS) 80 isBluetoothConnected: false final utilization: 80
04-22 00:10:05.264 D/WifiThroughputPredictor(  683):  BW: 0 RSSI: -50 Nss: 1 Mode: 1 symDur: 4000 snrDb 30 bitPerTone: 4500 rate: 54 throughput: 11
04-22 00:10:05.264 D/WifiThroughputPredictor(  683):  utilization (LLS) 80 isBluetoothConnected: false final utilization: 80
04-22 00:10:05.264 D/WifiThroughputPredictor(  683):  BW: 0 RSSI: -50 Nss: 1 Mode: 1 symDur: 4000 snrDb 30 bitPerTone: 4500 rate: 54 throughput: 11
04-22 00:10:05.264 D/WifiThroughputPredictor(  683):  utilization (LLS) 80 isBluetoothConnected: false final utilization: 80
04-22 00:10:05.264 D/WifiThroughputPredictor(  683):  BW: 0 RSSI: -50 Nss: 1 Mode: 1 symDur: 4000 snrDb 30 bitPerTone: 4500 rate: 54 throughput: 11
04-22 00:10:05.264 D/WifiThroughputPredictor(  683):  utilization (LLS) 80 isBluetoothConnected: false final utilization: 80
04-22 00:10:05.264 D/WifiThroughputPredictor(  683):  BW: 0 RSSI: -50 Nss: 1 Mode: 1 symDur: 4000 snrDb 30 bitPerTone: 4500 rate: 54 throughput: 11
04-22 00:10:05.266 D/WifiScoreCard(  683): BSSID update SIGNAL_POLL ID: 261501600 SSID: "AndroidWifi", BSSID: 00:13:10:85:fe:01, MAC: 02:15:b4:00:00:00, IP: /10.0.2.17, Security type: 0, Supplicant state: COMPLETED, Wi-Fi standard: legacy, RSSI: -50, Link speed: 1Mbps, Tx Link speed: 1Mbps, Max Supported Tx Link speed: 11Mbps, Rx Link speed: 2Mbps, Max Supported Rx Link speed: 11Mbps, Frequency: 2447MHz, Net ID: 0, Metered hint: false, score: 60, isUsable: true, CarrierMerged: false, SubscriptionId: -1, IsPrimary: 1, Trusted: true, Restricted: false, Ephemeral: false, OEM paid: false, OEM private: false, OSU AP: false, FQDN: <none>, Provider friendly name: <none>, Requesting package name: <none>"AndroidWifi"openMLO Information: , Is TID-To-Link negotiation supported by the AP: false, AP MLD Address: <none>, AP MLO Link Id: <none>, AP MLO Affiliated links: <none>, Vendor Data: <none>
04-22 00:10:05.266 D/WifiScoreCard(  683): txRate: 3 txSpeed: 1
04-22 00:10:05.266 D/WifiScoreCard(  683): network update SIGNAL_POLL "AndroidWifi" ID: 579418950 RSSI -50 txSpeed -1
04-22 00:10:05.266 D/WifiClientModeImpl[9769:wlan0](  683):  ClientModeImpl$L2ConnectedState screen=on 1 0 "AndroidWifi" 00:13:10:85:fe:01 rssi=-50 f=2447 sc=60 link=1 tx=2.3, 0.0, 0.0 rx=2.1 bcn=0 [on:0 tx:0 rx:0 period:3007] from screen [on:0 period:-1328655278] score=60
04-22 00:10:06.588 D/SatelliteController( 1086): iisInCarrierRoamingNbIotNtn: satellite is disabled
04-22 00:10:06.777 I/resolv  (  459): GetAddrInfoHandler::run: {101 983141 101 983141 1073 1}
04-22 00:10:06.778 I/resolv  (  459): res_nmkquery: (QUERY, IN, AAAA)
04-22 00:10:06.778 I/resolv  (  459): resolv_cache_lookup: FOUND IN CACHE entry=0xb400007d0ced8690
04-22 00:10:06.778 I/resolv  (  459): doQuery: rcode=0, ancount=4, return value=149
04-22 00:10:06.778 I/resolv  (  459): res_nmkquery: (QUERY, IN, A)
04-22 00:10:06.778 I/resolv  (  459): resolv_cache_lookup: FOUND IN CACHE entry=0xb400007d0cedd670
04-22 00:10:06.778 I/resolv  (  459): doQuery: rcode=0, ancount=4, return value=101
04-22 00:10:07.279 D/NetworkMonitor/101( 1052): PROBE_FALLBACK http://play.googleapis.com/generate_204 time=503ms ret=204 request={Connection=[close], User-Agent=[Mozilla/5.0 (X11; Linux x86_64) AppleWebKit/537.36 (KHTML, like Gecko) Chrome/60.0.3112.32 Safari/537.36]} headers={null=[HTTP/1.1 204 No Content], Connection=[close], Cross-Origin-Resource-Policy=[cross-origin], Date=[Tue, 21 Apr 2026 16:10:06 GMT], X-Android-Received-Millis=[1776787807279], X-Android-Response-Source=[NETWORK 204], X-Android-Selected-Protocol=[http/1.1], X-Android-Sent-Millis=[1776787806782]}
04-22 00:10:07.318 D/wpa_supplicant(  938): nl80211: Drv Event 64 (NL80211_CMD_NOTIFY_CQM) received for wlan0
04-22 00:10:07.318 D/wpa_supplicant(  938): nl80211: Beacon loss event
04-22 00:10:07.318 D/wpa_supplicant(  938): wlan0: Event BEACON_LOSS (53) received
04-22 00:10:07.318 I/wpa_supplicant(  938): wlan0: CTRL-EVENT-BEACON-LOSS 
04-22 00:10:08.273 W/BestClock(  683): java.time.DateTimeException: No network time available
04-22 00:10:08.275 W/BestClock(  683): java.time.DateTimeException: No network time available
04-22 00:10:08.275 W/BestClock(  683): java.time.DateTimeException: No network time available
04-22 00:10:08.275 W/BestClock(  683): java.time.DateTimeException: No network time available
04-22 00:10:08.275 W/BestClock(  683): java.time.DateTimeException: No network time available
04-22 00:10:08.275 D/WifiClientModeImpl[9769:wlan0](  683): updateLinkLayerStatsRssiSpeedFrequencyCapabilities rssi=-50 TxLinkspeed=1 freq=2447 RxLinkSpeed=2
04-22 00:10:08.275 D/WifiDataStall(  683): tx tput in kbps: 11000
04-22 00:10:08.275 D/WifiDataStall(  683): rx tput in kbps: 11000
04-22 00:10:08.276 V/WifiConfigManager(  683): Updating scan detail cache freq=2447 BSSID=00:13:10:85:fe:01 RSSI=-50 for "AndroidWifi"NONE
04-22 00:10:08.276 D/WifiThroughputPredictor(  683):  utilization (LLS) 80 isBluetoothConnected: false final utilization: 80
04-22 00:10:08.276 D/WifiThroughputPredictor(  683):  BW: 0 RSSI: -50 Nss: 1 Mode: 1 symDur: 4000 snrDb 30 bitPerTone: 4500 rate: 54 throughput: 11
04-22 00:10:08.276 D/WifiThroughputPredictor(  683):  utilization (LLS) 80 isBluetoothConnected: false final utilization: 80
04-22 00:10:08.276 D/WifiThroughputPredictor(  683):  BW: 0 RSSI: -50 Nss: 1 Mode: 1 symDur: 4000 snrDb 30 bitPerTone: 4500 rate: 54 throughput: 11
04-22 00:10:08.277 D/WifiThroughputPredictor(  683):  utilization (LLS) 80 isBluetoothConnected: false final utilization: 80
04-22 00:10:08.277 D/WifiThroughputPredictor(  683):  BW: 0 RSSI: -50 Nss: 1 Mode: 1 symDur: 4000 snrDb 30 bitPerTone: 4500 rate: 54 throughput: 11
04-22 00:10:08.277 D/WifiThroughputPredictor(  683):  utilization (LLS) 80 isBluetoothConnected: false final utilization: 80
04-22 00:10:08.277 D/WifiThroughputPredictor(  683):  BW: 0 RSSI: -50 Nss: 1 Mode: 1 symDur: 4000 snrDb 30 bitPerTone: 4500 rate: 54 throughput: 11
04-22 00:10:08.277 D/WifiScoreCard(  683): BSSID update SIGNAL_POLL ID: 261501600 SSID: "AndroidWifi", BSSID: 00:13:10:85:fe:01, MAC: 02:15:b4:00:00:00, IP: /10.0.2.17, Security type: 0, Supplicant state: COMPLETED, Wi-Fi standard: legacy, RSSI: -50, Link speed: 1Mbps, Tx Link speed: 1Mbps, Max Supported Tx Link speed: 11Mbps, Rx Link speed: 2Mbps, Max Supported Rx Link speed: 11Mbps, Frequency: 2447MHz, Net ID: 0, Metered hint: false, score: 60, isUsable: true, CarrierMerged: false, SubscriptionId: -1, IsPrimary: 1, Trusted: true, Restricted: false, Ephemeral: false, OEM paid: false, OEM private: false, OSU AP: false, FQDN: <none>, Provider friendly name: <none>, Requesting package name: <none>"AndroidWifi"openMLO Information: , Is TID-To-Link negotiation supported by the AP: false, AP MLD Address: <none>, AP MLO Link Id: <none>, AP MLO Affiliated links: <none>, Vendor Data: <none>
04-22 00:10:08.277 D/WifiScoreCard(  683): txRate: 2 txSpeed: 1
04-22 00:10:08.277 D/WifiScoreCard(  683): network update SIGNAL_POLL "AndroidWifi" ID: 579418950 RSSI -50 txSpeed -1
04-22 00:10:08.277 D/WifiClientModeImpl[9769:wlan0](  683):  ClientModeImpl$L2ConnectedState screen=on 1 0 "AndroidWifi" 00:13:10:85:fe:01 rssi=-50 f=2447 sc=60 link=1 tx=1.9, 0.0, 0.0 rx=1.8 bcn=0 [on:0 tx:0 rx:0 period:3011] from screen [on:0 period:-1328652267] score=60
04-22 00:10:08.856 I/netd    (  459): setProcSysNet(4, 2, wlan0, retrans_time_ms, 750) <0.05ms>
04-22 00:10:08.856 I/netd    (  459): setProcSysNet(4, 2, wlan0, ucast_solicit, 10) <0.02ms>
04-22 00:10:08.856 I/netd    (  459): setProcSysNet(6, 2, wlan0, retrans_time_ms, 750) <0.02ms>
04-22 00:10:08.856 I/netd    (  459): setProcSysNet(6, 2, wlan0, ucast_solicit, 10) <0.03ms>
