04-22 00:10:39.912 V/WifiConnectivityManager(  683):  tofu_dialog_state: 0
04-22 00:10:39.912 V/WifiConnectivityManager(  683):  tofu_connection_state: 0
04-22 00:10:39.912 V/WifiConnectivityManager(  683): IP config:
04-22 00:10:39.912 V/WifiConnectivityManager(  683): IP assignment: DHCP
04-22 00:10:39.912 V/WifiConnectivityManager(  683): Proxy settings: NONE
04-22 00:10:39.912 V/WifiConnectivityManager(  683): 
04-22 00:10:39.912 V/WifiConnectivityManager(  683):  blockListed remaining time <incorrect> cuid=10178 cname=com.google.android.googlesdksetup luid=10178 lname=com.google.android.googlesdksetup lcuid=10178 allowAutojoin=true noInternetAccessExpected=false mostRecentlyConnected=false 
04-22 00:10:39.912 V/WifiConnectivityManager(  683): lastConnected: 2026-04-21T20:29:19.910 
04-22 00:10:39.912 V/WifiConnectivityManager(  683): 
04-22 00:10:39.912 V/WifiConnectivityManager(  683): numRebootsSinceLastUse: 0
04-22 00:10:39.912 V/WifiConnectivityManager(  683): recentFailure: Association Rejection code: 0, last update time: 0
04-22 00:10:39.912 V/WifiConnectivityManager(  683): bssidAllowlist unset
04-22 00:10:39.912 V/WifiConnectivityManager(  683): vendorData unset
04-22 00:10:39.912 V/WifiConnectivityManager(  683): IsDppConfigurator: true
04-22 00:10:39.912 V/WifiConnectivityManager(  683): HasEncryptedPreSharedKey: false
04-22 00:10:39.912 V/WifiConnectivityManager(  683):  setWifi7Enabled=true scanResult is null!
04-22 00:10:39.914 I/WifiService(  683): getScanResults uid=10186
04-22 00:10:41.345 W/BestClock(  683): java.time.DateTimeException: No network time available
04-22 00:10:41.345 W/BestClock(  683): java.time.DateTimeException: No network time available
04-22 00:10:41.345 W/BestClock(  683): java.time.DateTimeException: No network time available
04-22 00:10:41.346 W/BestClock(  683): java.time.DateTimeException: No network time available
04-22 00:10:41.346 W/BestClock(  683): java.time.DateTimeException: No network time available
04-22 00:10:41.346 D/WifiClientModeImpl[9769:wlan0](  683): updateLinkLayerStatsRssiSpeedFrequencyCapabilities rssi=-50 TxLinkspeed=1 freq=2447 RxLinkSpeed=2
04-22 00:10:41.346 D/WifiDataStall(  683): tx tput in kbps: 11000
04-22 00:10:41.346 D/WifiDataStall(  683): rx tput in kbps: 11000
04-22 00:10:41.346 V/WifiConfigManager(  683): Updating scan detail cache freq=2447 BSSID=00:13:10:85:fe:01 RSSI=-50 for "AndroidWifi"NONE
04-22 00:10:41.346 D/WifiThroughputPredictor(  683):  utilization (LLS) 80 isBluetoothConnected: false final utilization: 80
04-22 00:10:41.346 D/WifiThroughputPredictor(  683):  BW: 0 RSSI: -50 Nss: 1 Mode: 1 symDur: 4000 snrDb 30 bitPerTone: 4500 rate: 54 throughput: 11
04-22 00:10:41.346 D/WifiThroughputPredictor(  683):  utilization (LLS) 80 isBluetoothConnected: false final utilization: 80
04-22 00:10:41.346 D/WifiThroughputPredictor(  683):  BW: 0 RSSI: -50 Nss: 1 Mode: 1 symDur: 4000 snrDb 30 bitPerTone: 4500 rate: 54 throughput: 11
04-22 00:10:41.346 D/WifiThroughputPredictor(  683):  utilization (LLS) 80 isBluetoothConnected: false final utilization: 80
04-22 00:10:41.346 D/WifiThroughputPredictor(  683):  BW: 0 RSSI: -50 Nss: 1 Mode: 1 symDur: 4000 snrDb 30 bitPerTone: 4500 rate: 54 throughput: 11
04-22 00:10:41.346 D/WifiThroughputPredictor(  683):  utilization (LLS) 80 isBluetoothConnected: false final utilization: 80
04-22 00:10:41.346 D/WifiThroughputPredictor(  683):  BW: 0 RSSI: -50 Nss: 1 Mode: 1 symDur: 4000 snrDb 30 bitPerTone: 4500 rate: 54 throughput: 11
04-22 00:10:41.346 D/WifiScoreCard(  683): BSSID update SIGNAL_POLL ID: 261501600 SSID: "AndroidWifi", BSSID: 00:13:10:85:fe:01, MAC: 02:15:b4:00:00:00, IP: /10.0.2.17, Security type: 0, Supplicant state: COMPLETED, Wi-Fi standard: legacy, RSSI: -50, Link speed: 1Mbps, Tx Link speed: 1Mbps, Max Supported Tx Link speed: 11Mbps, Rx Link speed: 2Mbps, Max Supported Rx Link speed: 11Mbps, Frequency: 2447MHz, Net ID: 0, Metered hint: false, score: 60, isUsable: true, CarrierMerged: false, SubscriptionId: -1, IsPrimary: 1, Trusted: true, Restricted: false, Ephemeral: false, OEM paid: false, OEM private: false, OSU AP: false, FQDN: <none>, Provider friendly name: <none>, Requesting package name: <none>"AndroidWifi"openMLO Information: , Is TID-To-Link negotiation supported by the AP: false, AP MLD Address: <none>, AP MLO Link Id: <none>, AP MLO Affiliated links: <none>, Vendor Data: <none>
04-22 00:10:41.346 D/WifiScoreCard(  683): txRate: 1 txSpeed: 1
04-22 00:10:41.346 D/WifiScoreCard(  683): network update SIGNAL_POLL "AndroidWifi" ID: 579418950 RSSI -50 txSpeed -1
04-22 00:10:41.346 D/WifiClientModeImpl[9769:wlan0](  683):  ClientModeImpl$L2ConnectedState screen=on 1 0 "AndroidWifi" 00:13:10:85:fe:01 rssi=-50 f=2447 sc=60 link=1 tx=0.1, 0.0, 0.0 rx=0.1 bcn=0 [on:0 tx:0 rx:0 period:3002] from screen [on:0 period:-1328619198] score=60
04-22 00:10:44.350 W/BestClock(  683): java.time.DateTimeException: No network time available
04-22 00:10:44.350 W/BestClock(  683): java.time.DateTimeException: No network time available
04-22 00:10:44.350 W/BestClock(  683): java.time.DateTimeException: No network time available
04-22 00:10:44.350 W/BestClock(  683): java.time.DateTimeException: No network time available
04-22 00:10:44.350 W/BestClock(  683): java.time.DateTimeException: No network time available
04-22 00:10:44.351 D/WifiClientModeImpl[9769:wlan0](  683): updateLinkLayerStatsRssiSpeedFrequencyCapabilities rssi=-50 TxLinkspeed=1 freq=2447 RxLinkSpeed=2
04-22 00:10:44.351 D/WifiDataStall(  683): tx tput in kbps: 11000
04-22 00:10:44.351 D/WifiDataStall(  683): rx tput in kbps: 11000
04-22 00:10:44.351 V/WifiConfigManager(  683): Updating scan detail cache freq=2447 BSSID=00:13:10:85:fe:01 RSSI=-50 for "AndroidWifi"NONE
04-22 00:10:44.351 D/WifiThroughputPredictor(  683):  utilization (LLS) 80 isBluetoothConnected: false final utilization: 80
04-22 00:10:44.351 D/WifiThroughputPredictor(  683):  BW: 0 RSSI: -50 Nss: 1 Mode: 1 symDur: 4000 snrDb 30 bitPerTone: 4500 rate: 54 throughput: 11
04-22 00:10:44.351 D/WifiThroughputPredictor(  683):  utilization (LLS) 80 isBluetoothConnected: false final utilization: 80
04-22 00:10:44.351 D/WifiThroughputPredictor(  683):  BW: 0 RSSI: -50 Nss: 1 Mode: 1 symDur: 4000 snrDb 30 bitPerTone: 4500 rate: 54 throughput: 11
04-22 00:10:44.351 D/WifiThroughputPredictor(  683):  utilization (LLS) 80 isBluetoothConnected: false final utilization: 80
04-22 00:10:44.351 D/WifiThroughputPredictor(  683):  BW: 0 RSSI: -50 Nss: 1 Mode: 1 symDur: 4000 snrDb 30 bitPerTone: 4500 rate: 54 throughput: 11
04-22 00:10:44.351 D/WifiThroughputPredictor(  683):  utilization (LLS) 80 isBluetoothConnected: false final utilization: 80
04-22 00:10:44.351 D/WifiThroughputPredictor(  683):  BW: 0 RSSI: -50 Nss: 1 Mode: 1 symDur: 4000 snrDb 30 bitPerTone: 4500 rate: 54 throughput: 11
04-22 00:10:44.351 D/WifiScoreCard(  683): BSSID update SIGNAL_POLL ID: 261501600 SSID: "AndroidWifi", BSSID: 00:13:10:85:fe:01, MAC: 02:15:b4:00:00:00, IP: /10.0.2.17, Security type: 0, Supplicant state: COMPLETED, Wi-Fi standard: legacy, RSSI: -50, Link speed: 1Mbps, Tx Link speed: 1Mbps, Max Supported Tx Link speed: 11Mbps, Rx Link speed: 2Mbps, Max Supported Rx Link speed: 11Mbps, Frequency: 2447MHz, Net ID: 0, Metered hint: false, score: 60, isUsable: true, CarrierMerged: false, SubscriptionId: -1, IsPrimary: 1, Trusted: true, Restricted: false, Ephemeral: false, OEM paid: false, OEM private: false, OSU AP: false, FQDN: <none>, Provider friendly name: <none>, Requesting package name: <none>"AndroidWifi"openMLO Information: , Is TID-To-Link negotiation supported by the AP: false, AP MLD Address: <none>, AP MLO Link Id: <none>, AP MLO Affiliated links: <none>, Vendor Data: <none>
04-22 00:10:44.351 D/WifiScoreCard(  683): txRate: 1 txSpeed: 1
04-22 00:10:44.351 D/WifiScoreCard(  683): network update SIGNAL_POLL "AndroidWifi" ID: 579418950 RSSI -50 txSpeed -1
04-22 00:10:44.351 D/WifiClientModeImpl[9769:wlan0](  683):  ClientModeImpl$L2ConnectedState screen=on 1 0 "AndroidWifi" 00:13:10:85:fe:01 rssi=-50 f=2447 sc=60 link=1 tx=0.0, 0.0, 0.0 rx=0.0 bcn=0 [on:0 tx:0 rx:0 period:3005] from screen [on:0 period:-1328616193] score=60
04-22 00:10:45.328 D/ActivityManager(  683): freezing 2384 android.process.media
04-22 00:10:45.329 D/InetDiagMessage(  683): Destroyed 0 sockets, proto=IPPROTO_TCP, family=AF_INET, states=14
04-22 00:10:45.329 D/InetDiagMessage(  683): Destroyed 0 sockets, proto=IPPROTO_TCP, family=AF_INET6, states=14
04-22 00:10:45.329 D/InetDiagMessage(  683): Destroyed live tcp sockets for uids={10095} in 0ms
04-22 00:10:46.608 D/SatelliteController( 1086): iisInCarrierRoamingNbIotNtn: satellite is disabled
04-22 00:10:47.254 D/wpa_supplicant(  938): nl80211: Drv Event 64 (NL80211_CMD_NOTIFY_CQM) received for wlan0
04-22 00:10:47.254 D/wpa_supplicant(  938): nl80211: Beacon loss event
04-22 00:10:47.254 D/wpa_supplicant(  938): wlan0: Event BEACON_LOSS (53) received
04-22 00:10:47.254 I/wpa_supplicant(  938): wlan0: CTRL-EVENT-BEACON-LOSS 
04-22 00:10:47.352 W/BestClock(  683): java.time.DateTimeException: No network time available
04-22 00:10:47.352 W/BestClock(  683): java.time.DateTimeException: No network time available
04-22 00:10:47.352 W/BestClock(  683): java.time.DateTimeException: No network time available
04-22 00:10:47.352 W/BestClock(  683): java.time.DateTimeException: No network time available
04-22 00:10:47.352 W/BestClock(  683): java.time.DateTimeException: No network time available
04-22 00:10:47.352 D/WifiClientModeImpl[9769:wlan0](  683): updateLinkLayerStatsRssiSpeedFrequencyCapabilities rssi=-50 TxLinkspeed=1 freq=2447 RxLinkSpeed=2
04-22 00:10:47.352 D/WifiDataStall(  683): tx tput in kbps: 11000
04-22 00:10:47.352 D/WifiDataStall(  683): rx tput in kbps: 11000
04-22 00:10:47.352 V/WifiConfigManager(  683): Updating scan detail cache freq=2447 BSSID=00:13:10:85:fe:01 RSSI=-50 for "AndroidWifi"NONE
04-22 00:10:47.352 D/WifiThroughputPredictor(  683):  utilization (LLS) 80 isBluetoothConnected: false final utilization: 80
04-22 00:10:47.352 D/WifiThroughputPredictor(  683):  BW: 0 RSSI: -50 Nss: 1 Mode: 1 symDur: 4000 snrDb 30 bitPerTone: 4500 rate: 54 throughput: 11
04-22 00:10:47.352 D/WifiThroughputPredictor(  683):  utilization (LLS) 80 isBluetoothConnected: false final utilization: 80
04-22 00:10:47.352 D/WifiThroughputPredictor(  683):  BW: 0 RSSI: -50 Nss: 1 Mode: 1 symDur: 4000 snrDb 30 bitPerTone: 4500 rate: 54 throughput: 11
04-22 00:10:47.352 D/WifiThroughputPredictor(  683):  utilization (LLS) 80 isBluetoothConnected: false final utilization: 80
04-22 00:10:47.352 D/WifiThroughputPredictor(  683):  BW: 0 RSSI: -50 Nss: 1 Mode: 1 symDur: 4000 snrDb 30 bitPerTone: 4500 rate: 54 throughput: 11
04-22 00:10:47.352 D/WifiThroughputPredictor(  683):  utilization (LLS) 80 isBluetoothConnected: false final utilization: 80
04-22 00:10:47.352 D/WifiThroughputPredictor(  683):  BW: 0 RSSI: -50 Nss: 1 Mode: 1 symDur: 4000 snrDb 30 bitPerTone: 4500 rate: 54 throughput: 11
04-22 00:10:47.353 D/WifiScoreCard(  683): BSSID update SIGNAL_POLL ID: 261501600 SSID: "AndroidWifi", BSSID: 00:13:10:85:fe:01, MAC: 02:15:b4:00:00:00, IP: /10.0.2.17, Security type: 0, Supplicant state: COMPLETED, Wi-Fi standard: legacy, RSSI: -50, Link speed: 1Mbps, Tx Link speed: 1Mbps, Max Supported Tx Link speed: 11Mbps, Rx Link speed: 2Mbps, Max Supported Rx Link speed: 11Mbps, Frequency: 2447MHz, Net ID: 0, Metered hint: false, score: 60, isUsable: true, CarrierMerged: false, SubscriptionId: -1, IsPrimary: 1, Trusted: true, Restricted: false, Ephemeral: false, OEM paid: false, OEM private: false, OSU AP: false, FQDN: <none>, Provider friendly name: <none>, Requesting package name: <none>"AndroidWifi"openMLO Information: , Is TID-To-Link negotiation supported by the AP: false, AP MLD Address: <none>, AP MLO Link Id: <none>, AP MLO Affiliated links: <none>, Vendor Data: <none>
04-22 00:10:47.353 D/WifiScoreCard(  683): txRate: 1 txSpeed: 1
04-22 00:10:47.353 D/WifiScoreCard(  683): network update SIGNAL_POLL "AndroidWifi" ID: 579418950 RSSI -50 txSpeed -1
04-22 00:10:47.353 D/WifiClientModeImpl[9769:wlan0](  683):  ClientModeImpl$L2ConnectedState screen=on 1 0 "AndroidWifi" 00:13:10:85:fe:01 rssi=-50 f=2447 sc=60 link=1 tx=0.0, 0.0, 0.0 rx=0.0 bcn=0 [on:0 tx:0 rx:0 period:3002] from screen [on:0 period:-1328613191] score=60
04-22 00:10:48.022 I/WifiService(  683): isFeatureSupported uid=1000 returns [WIFI_FEATURE_INFRA, WIFI_FEATURE_P2P, WIFI_FEATURE_MOBILE_HOTSPOT, WIFI_FEATURE_WPA3_SAE, WIFI_FEATURE_WPA3_SUITE_B, WIFI_FEATURE_OWE, WIFI_FEATURE_DPP, WIFI_FEATURE_AP_RAND_MAC, WIFI_FEATURE_MBO, WIFI_FEATURE_FILS_SHA256, WIFI_FEATURE_FILS_SHA384, WIFI_FEATURE_SAE_PK, WIFI_FEATURE_DPP_ENROLLEE_RESPONDER, WIFI_FEATURE_PASSPOINT_TERMS_AND_CONDITIONS, WIFI_FEATURE_WFD_R2, WIFI_FEATURE_DECORATED_IDENTITY, WIFI_FEATURE_TRUST_ON_FIRST_USE, WIFI_FEATURE_SET_TLS_MINIMUM_VERSION, WIFI_FEATURE_TLS_V1_3, WIFI_FEATURE_WEP, WIFI_FEATURE_WPA_PERSONAL]
04-22 00:10:48.861 I/resolv  (  459): ResNSendHandler::run: 0 / {101 983141 101 983141 1073 1}
04-22 00:10:48.861 I/resolv  (  459): resolv_cache_lookup: FOUND IN CACHE entry=0xb400007d0cedcc50
04-22 00:10:48.861 I/resolv  (  459): ResNSendHandler::run: 0 / {101 983141 101 983141 1073 1}
04-22 00:10:48.861 I/resolv  (  459): resolv_cache_lookup: FOUND IN CACHE entry=0xb400007cdced1150
04-22 00:10:48.863 I/resolv  (  459): ResNSendHandler::run: 0 / {101 983141 101 983141 1073 1}
04-22 00:10:48.863 I/resolv  (  459): resolv_cache_lookup: FOUND IN CACHE entry=0xb400007e7cece9b0
04-22 00:10:48.864 I/resolv  (  459): ResNSendHandler::run: 0 / {101 983141 101 983141 1073 1}
04-22 00:10:48.864 I/resolv  (  459): resolv_cache_lookup: FOUND IN CACHE entry=0xb400007d2ced1320
04-22 00:10:48.865 D/NetworkMonitor/101( 1052): PROBE_DNS connectivitycheck.gstatic.com 6ms OK 114.250.65.34
04-22 00:10:48.867 I/resolv  (  459): GetAddrInfoHandler::run: {101 983141 101 983141 1073 1}
04-22 00:10:48.867 D/NetworkMonitor/101( 1052): PROBE_DNS www.google.com 8ms OK 174.132.167.252,2001::1
04-22 00:10:48.867 I/resolv  (  459): res_nmkquery: (QUERY, IN, AAAA)
04-22 00:10:48.868 I/resolv  (  459): resolv_cache_lookup: FOUND IN CACHE entry=0xb400007d0cedcc50
04-22 00:10:48.868 I/resolv  (  459): doQuery: rcode=0, ancount=0, return value=117
04-22 00:10:48.868 I/resolv  (  459): res_nmkquery: (QUERY, IN, A)
04-22 00:10:48.868 I/resolv  (  459): resolv_cache_lookup: FOUND IN CACHE entry=0xb400007e7cece9b0
04-22 00:10:48.868 I/resolv  (  459): doQuery: rcode=0, ancount=1, return value=63
04-22 00:10:48.868 I/resolv  (  459): GetAddrInfoHandler::run: {101 983141 101 983141 1073 1}
04-22 00:10:48.868 I/resolv  (  459): res_nmkquery: (QUERY, IN, AAAA)
04-22 00:10:48.868 I/resolv  (  459): resolv_cache_lookup: FOUND IN CACHE entry=0xb400007cdced1150
04-22 00:10:48.868 I/resolv  (  459): doQuery: rcode=0, ancount=1, return value=60
04-22 00:10:48.869 I/resolv  (  459): res_nmkquery: (QUERY, IN, A)
04-22 00:10:48.869 I/resolv  (  459): resolv_cache_lookup: FOUND IN CACHE entry=0xb400007d2ced1320
04-22 00:10:48.869 I/resolv  (  459): doQuery: rcode=0, ancount=1, return value=48
04-22 00:10:48.871 I/WifiService(  683): isFeatureSupported uid=1000 returns [WIFI_FEATURE_INFRA, WIFI_FEATURE_P2P, WIFI_FEATURE_MOBILE_HOTSPOT, WIFI_FEATURE_WPA3_SAE, WIFI_FEATURE_WPA3_SUITE_B, WIFI_FEATURE_OWE, WIFI_FEATURE_DPP, WIFI_FEATURE_AP_RAND_MAC, WIFI_FEATURE_MBO, WIFI_FEATURE_FILS_SHA256, WIFI_FEATURE_FILS_SHA384, WIFI_FEATURE_SAE_PK, WIFI_FEATURE_DPP_ENROLLEE_RESPONDER, WIFI_FEATURE_PASSPOINT_TERMS_AND_CONDITIONS, WIFI_FEATURE_WFD_R2, WIFI_FEATURE_DECORATED_IDENTITY, WIFI_FEATURE_TRUST_ON_FIRST_USE, WIFI_FEATURE_SET_TLS_MINIMUM_VERSION, WIFI_FEATURE_TLS_V1_3, WIFI_FEATURE_WEP, WIFI_FEATURE_WPA_PERSONAL]
04-22 00:10:49.354 D/NetworkMonitor/101( 1052): PROBE_HTTP http://connectivitycheck.gstatic.com/generate_204 time=487ms ret=204 request={Connection=[close], User-Agent=[Mozilla/5.0 (X11; Linux x86_64) AppleWebKit/537.36 (KHTML, like Gecko) Chrome/60.0.3112.32 Safari/537.36]} headers={null=[HTTP/1.1 204 No Content], Connection=[close], Cross-Origin-Resource-Policy=[cross-origin], Date=[Tue, 21 Apr 2026 16:10:48 GMT], X-Android-Received-Millis=[1776787849353], X-Android-Response-Source=[NETWORK 204], X-Android-Selected-Protocol=[http/1.1], X-Android-Sent-Millis=[1776787848872]}
04-22 00:10:50.357 W/BestClock(  683): java.time.DateTimeException: No network time available
04-22 00:10:50.357 W/BestClock(  683): java.time.DateTimeException: No network time available
04-22 00:10:50.357 W/BestClock(  683): java.time.DateTimeException: No network time available
04-22 00:10:50.357 W/BestClock(  683): java.time.DateTimeException: No network time available
04-22 00:10:50.357 W/BestClock(  683): java.time.DateTimeException: No network time available
04-22 00:10:50.358 D/WifiClientModeImpl[9769:wlan0](  683): updateLinkLayerStatsRssiSpeedFrequencyCapabilities rssi=-50 TxLinkspeed=1 freq=2447 RxLinkSpeed=2
04-22 00:10:50.358 D/WifiDataStall(  683): tx tput in kbps: 11000
04-22 00:10:50.358 D/WifiDataStall(  683): rx tput in kbps: 11000
04-22 00:10:50.358 V/WifiConfigManager(  683): Updating scan detail cache freq=2447 BSSID=00:13:10:85:fe:01 RSSI=-50 for "AndroidWifi"NONE
04-22 00:10:50.358 D/WifiThroughputPredictor(  683):  utilization (LLS) 80 isBluetoothConnected: false final utilization: 80
04-22 00:10:50.358 D/WifiThroughputPredictor(  683):  BW: 0 RSSI: -50 Nss: 1 Mode: 1 symDur: 4000 snrDb 30 bitPerTone: 4500 rate: 54 throughput: 11
04-22 00:10:50.358 D/WifiThroughputPredictor(  683):  utilization (LLS) 80 isBluetoothConnected: false final utilization: 80
04-22 00:10:50.358 D/WifiThroughputPredictor(  683):  BW: 0 RSSI: -50 Nss: 1 Mode: 1 symDur: 4000 snrDb 30 bitPerTone: 4500 rate: 54 throughput: 11
04-22 00:10:50.358 D/WifiThroughputPredictor(  683):  utilization (LLS) 80 isBluetoothConnected: false final utilization: 80
04-22 00:10:50.358 D/WifiThroughputPredictor(  683):  BW: 0 RSSI: -50 Nss: 1 Mode: 1 symDur: 4000 snrDb 30 bitPerTone: 4500 rate: 54 throughput: 11
04-22 00:10:50.358 D/WifiThroughputPredictor(  683):  utilization (LLS) 80 isBluetoothConnected: false final utilization: 80
04-22 00:10:50.358 D/WifiThroughputPredictor(  683):  BW: 0 RSSI: -50 Nss: 1 Mode: 1 symDur: 4000 snrDb 30 bitPerTone: 4500 rate: 54 throughput: 11
04-22 00:10:50.358 D/WifiScoreCard(  683): BSSID update SIGNAL_POLL ID: 261501600 SSID: "AndroidWifi", BSSID: 00:13:10:85:fe:01, MAC: 02:15:b4:00:00:00, IP: /10.0.2.17, Security type: 0, Supplicant state: COMPLETED, Wi-Fi standard: legacy, RSSI: -50, Link speed: 1Mbps, Tx Link speed: 1Mbps, Max Supported Tx Link speed: 11Mbps, Rx Link speed: 2Mbps, Max Supported Rx Link speed: 11Mbps, Frequency: 2447MHz, Net ID: 0, Metered hint: false, score: 60, isUsable: true, CarrierMerged: false, SubscriptionId: -1, IsPrimary: 1, Trusted: true, Restricted: false, Ephemeral: false, OEM paid: false, OEM private: false, OSU AP: false, FQDN: <none>, Provider friendly name: <none>, Requesting package name: <none>"AndroidWifi"openMLO Information: , Is TID-To-Link negotiation supported by the AP: false, AP MLD Address: <none>, AP MLO Link Id: <none>, AP MLO Affiliated links: <none>, Vendor Data: <none>
04-22 00:10:50.358 D/WifiScoreCard(  683): txRate: 2 txSpeed: 1
04-22 00:10:50.358 D/WifiScoreCard(  683): network update SIGNAL_POLL "AndroidWifi" ID: 579418950 RSSI -50 txSpeed -1
04-22 00:10:50.358 D/WifiClientModeImpl[9769:wlan0](  683):  ClientModeImpl$L2ConnectedState screen=on 1 0 "AndroidWifi" 00:13:10:85:fe:01 rssi=-50 f=2447 sc=60 link=1 tx=1.6, 0.0, 0.0 rx=1.4 bcn=0 [on:0 tx:0 rx:0 period:3005] from screen [on:0 period:-1328610186] score=60
04-22 00:10:51.859 I/resolv  (  459): GetAddrInfoHandler::run: {101 983141 101 983141 1073 1}
04-22 00:10:51.860 I/resolv  (  459): res_nmkquery: (QUERY, IN, AAAA)
04-22 00:10:51.860 I/resolv  (  459): resolv_cache_lookup: FOUND IN CACHE entry=0xb400007d0ced8690
04-22 00:10:51.860 I/resolv  (  459): doQuery: rcode=0, ancount=4, return value=149
04-22 00:10:51.860 I/resolv  (  459): res_nmkquery: (QUERY, IN, A)
04-22 00:10:51.860 I/resolv  (  459): resolv_cache_lookup: FOUND IN CACHE entry=0xb400007d0cedd670
04-22 00:10:51.860 I/resolv  (  459): doQuery: rcode=0, ancount=4, return value=101
04-22 00:10:52.356 D/NetworkMonitor/101( 1052): PROBE_FALLBACK http://play.googleapis.com/generate_204 time=497ms ret=204 request={Connection=[close], User-Agent=[Mozilla/5.0 (X11; Linux x86_64) AppleWebKit/537.36 (KHTML, like Gecko) Chrome/60.0.3112.32 Safari/537.36]} headers={null=[HTTP/1.1 204 No Content], Connection=[close], Cross-Origin-Resource-Policy=[cross-origin], Date=[Tue, 21 Apr 2026 16:10:51 GMT], X-Android-Received-Millis=[1776787852356], X-Android-Response-Source=[NETWORK 204], X-Android-Selected-Protocol=[http/1.1], X-Android-Sent-Millis=[1776787851863]}
04-22 00:10:53.362 W/BestClock(  683): java.time.DateTimeException: No network time available
04-22 00:10:53.362 W/BestClock(  683): java.time.DateTimeException: No network time available
04-22 00:10:53.362 W/BestClock(  683): java.time.DateTimeException: No network time available
04-22 00:10:53.362 W/BestClock(  683): java.time.DateTimeException: No network time available
04-22 00:10:53.362 W/BestClock(  683): java.time.DateTimeException: No network time available
04-22 00:10:53.362 D/WifiClientModeImpl[9769:wlan0](  683): updateLinkLayerStatsRssiSpeedFrequencyCapabilities rssi=-50 TxLinkspeed=5 freq=2447 RxLinkSpeed=2
04-22 00:10:53.363 D/WifiDataStall(  683): tx tput in kbps: 11000
04-22 00:10:53.363 D/WifiDataStall(  683): rx tput in kbps: 11000
04-22 00:10:53.363 V/WifiConfigManager(  683): Updating scan detail cache freq=2447 BSSID=00:13:10:85:fe:01 RSSI=-50 for "AndroidWifi"NONE
04-22 00:10:53.363 D/WifiThroughputPredictor(  683):  utilization (LLS) 80 isBluetoothConnected: false final utilization: 80
04-22 00:10:53.363 D/WifiThroughputPredictor(  683):  BW: 0 RSSI: -50 Nss: 1 Mode: 1 symDur: 4000 snrDb 30 bitPerTone: 4500 rate: 54 throughput: 11
04-22 00:10:53.363 D/WifiThroughputPredictor(  683):  utilization (LLS) 80 isBluetoothConnected: false final utilization: 80
04-22 00:10:53.363 D/WifiThroughputPredictor(  683):  BW: 0 RSSI: -50 Nss: 1 Mode: 1 symDur: 4000 snrDb 30 bitPerTone: 4500 rate: 54 throughput: 11
04-22 00:10:53.363 D/WifiThroughputPredictor(  683):  utilization (LLS) 80 isBluetoothConnected: false final utilization: 80
04-22 00:10:53.363 D/WifiThroughputPredictor(  683):  BW: 0 RSSI: -50 Nss: 1 Mode: 1 symDur: 4000 snrDb 30 bitPerTone: 4500 rate: 54 throughput: 11
04-22 00:10:53.363 D/WifiThroughputPredictor(  683):  utilization (LLS) 80 isBluetoothConnected: false final utilization: 80
04-22 00:10:53.363 D/WifiThroughputPredictor(  683):  BW: 0 RSSI: -50 Nss: 1 Mode: 1 symDur: 4000 snrDb 30 bitPerTone: 4500 rate: 54 throughput: 11
04-22 00:10:53.364 D/WifiScoreCard(  683): BSSID update SIGNAL_POLL ID: 261501600 SSID: "AndroidWifi", BSSID: 00:13:10:85:fe:01, MAC: 02:15:b4:00:00:00, IP: /10.0.2.17, Security type: 0, Supplicant state: COMPLETED, Wi-Fi standard: legacy, RSSI: -50, Link speed: 5Mbps, Tx Link speed: 5Mbps, Max Supported Tx Link speed: 11Mbps, Rx Link speed: 2Mbps, Max Supported Rx Link speed: 11Mbps, Frequency: 2447MHz, Net ID: 0, Metered hint: false, score: 60, isUsable: true, CarrierMerged: false, SubscriptionId: -1, IsPrimary: 1, Trusted: true, Restricted: false, Ephemeral: false, OEM paid: false, OEM private: false, OSU AP: false, FQDN: <none>, Provider friendly name: <none>, Requesting package name: <none>"AndroidWifi"openMLO Information: , Is TID-To-Link negotiation supported by the AP: false, AP MLD Address: <none>, AP MLO Link Id: <none>, AP MLO Affiliated links: <none>, Vendor Data: <none>
04-22 00:10:53.364 D/WifiScoreCard(  683): txRate: 2 txSpeed: 5
04-22 00:10:53.364 D/WifiScoreCard(  683): network update SIGNAL_POLL "AndroidWifi" ID: 579418950 RSSI -50 txSpeed -1
04-22 00:10:53.364 D/WifiClientModeImpl[9769:wlan0](  683):  ClientModeImpl$L2ConnectedState screen=on 1 0 "AndroidWifi" 00:13:10:85:fe:01 rssi=-50 f=2447 sc=60 link=5 tx=1.6, 0.0, 0.0 rx=1.5 bcn=0 [on:0 tx:0 rx:0 period:3006] from screen [on:0 period:-1328607180] score=60
04-22 00:10:55.449 D/wpa_supplicant(  938): nl80211: Drv Event 64 (NL80211_CMD_NOTIFY_CQM) received for wlan0
04-22 00:10:55.449 D/wpa_supplicant(  938): nl80211: Beacon loss event
04-22 00:10:55.449 D/wpa_supplicant(  938): wlan0: Event BEACON_LOSS (53) received
04-22 00:10:55.449 I/wpa_supplicant(  938): wlan0: CTRL-EVENT-BEACON-LOSS 
04-22 00:10:56.370 W/BestClock(  683): java.time.DateTimeException: No network time available
04-22 00:10:56.370 W/BestClock(  683): java.time.DateTimeException: No network time available
04-22 00:10:56.370 W/BestClock(  683): java.time.DateTimeException: No network time available
04-22 00:10:56.370 W/BestClock(  683): java.time.DateTimeException: No network time available
04-22 00:10:56.370 W/BestClock(  683): java.time.DateTimeException: No network time available
04-22 00:10:56.370 D/WifiClientModeImpl[9769:wlan0](  683): updateLinkLayerStatsRssiSpeedFrequencyCapabilities rssi=-50 TxLinkspeed=1 freq=2447 RxLinkSpeed=2
04-22 00:10:56.370 D/WifiDataStall(  683): tx tput in kbps: 11000
04-22 00:10:56.370 D/WifiDataStall(  683): rx tput in kbps: 11000
04-22 00:10:56.370 V/WifiConfigManager(  683): Updating scan detail cache freq=2447 BSSID=00:13:10:85:fe:01 RSSI=-50 for "AndroidWifi"NONE
04-22 00:10:56.371 D/WifiThroughputPredictor(  683):  utilization (LLS) 80 isBluetoothConnected: false final utilization: 80
04-22 00:10:56.371 D/WifiThroughputPredictor(  683):  BW: 0 RSSI: -50 Nss: 1 Mode: 1 symDur: 4000 snrDb 30 bitPerTone: 4500 rate: 54 throughput: 11
04-22 00:10:56.371 D/WifiThroughputPredictor(  683):  utilization (LLS) 80 isBluetoothConnected: false final utilization: 80
04-22 00:10:56.371 D/WifiThroughputPredictor(  683):  BW: 0 RSSI: -50 Nss: 1 Mode: 1 symDur: 4000 snrDb 30 bitPerTone: 4500 rate: 54 throughput: 11
04-22 00:10:56.371 D/WifiThroughputPredictor(  683):  utilization (LLS) 80 isBluetoothConnected: false final utilization: 80
04-22 00:10:56.371 D/WifiThroughputPredictor(  683):  BW: 0 RSSI: -50 Nss: 1 Mode: 1 symDur: 4000 snrDb 30 bitPerTone: 4500 rate: 54 throughput: 11
04-22 00:10:56.371 D/WifiThroughputPredictor(  683):  utilization (LLS) 80 isBluetoothConnected: false final utilization: 80
04-22 00:10:56.371 D/WifiThroughputPredictor(  683):  BW: 0 RSSI: -50 Nss: 1 Mode: 1 symDur: 4000 snrDb 30 bitPerTone: 4500 rate: 54 throughput: 11
04-22 00:10:56.371 D/WifiScoreCard(  683): BSSID update SIGNAL_POLL ID: 261501600 SSID: "AndroidWifi", BSSID: 00:13:10:85:fe:01, MAC: 02:15:b4:00:00:00, IP: /10.0.2.17, Security type: 0, Supplicant state: COMPLETED, Wi-Fi standard: legacy, RSSI: -50, Link speed: 1Mbps, Tx Link speed: 1Mbps, Max Supported Tx Link speed: 11Mbps, Rx Link speed: 2Mbps, Max Supported Rx Link speed: 11Mbps, Frequency: 2447MHz, Net ID: 0, Metered hint: false, score: 60, isUsable: true, CarrierMerged: false, SubscriptionId: -1, IsPrimary: 1, Trusted: true, Restricted: false, Ephemeral: false, OEM paid: false, OEM private: false, OSU AP: false, FQDN: <none>, Provider friendly name: <none>, Requesting package name: <none>"AndroidWifi"openMLO Information: , Is TID-To-Link negotiation supported by the AP: false, AP MLD Address: <none>, AP MLO Link Id: <none>, AP MLO Affiliated links: <none>, Vendor Data: <none>
04-22 00:10:56.371 D/WifiScoreCard(  683): txRate: 1 txSpeed: 1
04-22 00:10:56.371 D/WifiScoreCard(  683): network update SIGNAL_POLL "AndroidWifi" ID: 579418950 RSSI -50 txSpeed -1
04-22 00:10:56.371 D/WifiClientModeImpl[9769:wlan0](  683):  ClientModeImpl$L2ConnectedState screen=on 1 0 "AndroidWifi" 00:13:10:85:fe:01 rssi=-50 f=2447 sc=60 link=1 tx=0.6, 0.0, 0.0 rx=0.5 bcn=0 [on:0 tx:0 rx:0 period:3007] from screen [on:0 period:-1328604173] score=60
04-22 00:10:56.392 D/ActivityManager(  683): freezing 1591 com.google.android.gms
04-22 00:10:56.610 D/SatelliteController( 1086): iisInCarrierRoamingNbIotNtn: satellite is disabled
04-22 00:10:59.373 W/BestClock(  683): java.time.DateTimeException: No network time available
04-22 00:10:59.373 W/BestClock(  683): java.time.DateTimeException: No network time available
04-22 00:10:59.373 W/BestClock(  683): java.time.DateTimeException: No network time available
04-22 00:10:59.373 W/BestClock(  683): java.time.DateTimeException: No network time available
04-22 00:10:59.373 W/BestClock(  683): java.time.DateTimeException: No network time available
04-22 00:10:59.374 D/WifiClientModeImpl[9769:wlan0](  683): updateLinkLayerStatsRssiSpeedFrequencyCapabilities rssi=-50 TxLinkspeed=1 freq=2447 RxLinkSpeed=2
04-22 00:10:59.374 D/WifiDataStall(  683): tx tput in kbps: 11000
04-22 00:10:59.374 D/WifiDataStall(  683): rx tput in kbps: 11000
04-22 00:10:59.374 V/WifiConfigManager(  683): Updating scan detail cache freq=2447 BSSID=00:13:10:85:fe:01 RSSI=-50 for "AndroidWifi"NONE
04-22 00:10:59.374 D/WifiThroughputPredictor(  683):  utilization (LLS) 80 isBluetoothConnected: false final utilization: 80
04-22 00:10:59.374 D/WifiThroughputPredictor(  683):  BW: 0 RSSI: -50 Nss: 1 Mode: 1 symDur: 4000 snrDb 30 bitPerTone: 4500 rate: 54 throughput: 11
04-22 00:10:59.374 D/WifiThroughputPredictor(  683):  utilization (LLS) 80 isBluetoothConnected: false final utilization: 80
04-22 00:10:59.374 D/WifiThroughputPredictor(  683):  BW: 0 RSSI: -50 Nss: 1 Mode: 1 symDur: 4000 snrDb 30 bitPerTone: 4500 rate: 54 throughput: 11
04-22 00:10:59.374 D/WifiThroughputPredictor(  683):  utilization (LLS) 80 isBluetoothConnected: false final utilization: 80
04-22 00:10:59.374 D/WifiThroughputPredictor(  683):  BW: 0 RSSI: -50 Nss: 1 Mode: 1 symDur: 4000 snrDb 30 bitPerTone: 4500 rate: 54 throughput: 11
04-22 00:10:59.374 D/WifiThroughputPredictor(  683):  utilization (LLS) 80 isBluetoothConnected: false final utilization: 80
04-22 00:10:59.374 D/WifiThroughputPredictor(  683):  BW: 0 RSSI: -50 Nss: 1 Mode: 1 symDur: 4000 snrDb 30 bitPerTone: 4500 rate: 54 throughput: 11
04-22 00:10:59.374 D/WifiScoreCard(  683): BSSID update SIGNAL_POLL ID: 261501600 SSID: "AndroidWifi", BSSID: 00:13:10:85:fe:01, MAC: 02:15:b4:00:00:00, IP: /10.0.2.17, Security type: 0, Supplicant state: COMPLETED, Wi-Fi standard: legacy, RSSI: -50, Link speed: 1Mbps, Tx Link speed: 1Mbps, Max Supported Tx Link speed: 11Mbps, Rx Link speed: 2Mbps, Max Supported Rx Link speed: 11Mbps, Frequency: 2447MHz, Net ID: 0, Metered hint: false, score: 60, isUsable: true, CarrierMerged: false, SubscriptionId: -1, IsPrimary: 1, Trusted: true, Restricted: false, Ephemeral: false, OEM paid: false, OEM private: false, OSU AP: false, FQDN: <none>, Provider friendly name: <none>, Requesting package name: <none>"AndroidWifi"openMLO Information: , Is TID-To-Link negotiation supported by the AP: false, AP MLD Address: <none>, AP MLO Link Id: <none>, AP MLO Affiliated links: <none>, Vendor Data: <none>
04-22 00:10:59.374 D/WifiScoreCard(  683): txRate: 2 txSpeed: 1
04-22 00:10:59.374 D/WifiScoreCard(  683): network update SIGNAL_POLL "AndroidWifi" ID: 579418950 RSSI -50 txSpeed -1
04-22 00:10:59.374 D/WifiClientModeImpl[9769:wlan0](  683):  ClientModeImpl$L2ConnectedState screen=on 1 0 "AndroidWifi" 00:13:10:85:fe:01 rssi=-50 f=2447 sc=60 link=1 tx=1.2, 0.0, 0.0 rx=1.0 bcn=0 [on:0 tx:0 rx:0 period:3003] from screen [on:0 period:-1328601170] score=60
04-22 00:10:59.380 D/NetworkMonitor/101( 1052): PROBE_HTTPS https://www.google.com/generate_204 Probe failed with exception javax.net.ssl.SSLHandshakeException: connection closed
04-22 00:10:59.381 D/NetworkMonitor/101( 1052): isCaptivePortal: isSuccessful()=false isPortal()=false RedirectUrl=null isPartialConnectivity()=true Time=10523ms
04-22 00:10:59.381 D/ConnectivityService(  683): [101 WIFI] validation failed
04-22 00:11:00.883 D/ApfFilter( 1052): (wlan0): Adding RA fe80::2 -> ff02::1 1800s fec0::/64 86400s/14400s 
04-22 00:11:00.885 D/WifiVendorHal(  683): installPacketFilter filter length 1844
04-22 00:11:00.885 D/WifiClientModeImpl[9769:wlan0](  683):  ClientModeImpl$ConnectableState screen=on len=1844
