04-22 00:28:38.507 V/WindowManager(  683):         {m=TO_FRONT f=FILLS_TASK leash=Surface(name=ActivityRecord{184612346 u0 com.impos2.mixcretailassemblyrn84/com.impos2.adapterv2.camera.CameraScanActivity)/@0x343edd sb=Rect(0, 0 - 2560, 1600) eb=Rect(0, 0 - 2560, 1600) epz=Point(2560, 1600) d=0 bc=ff202124 component=com.impos2.mixcretailassemblyrn84/com.impos2.adapterv2.camera.CameraScanActivity opt={t=FROM_STYLE mUserId=0}}
04-22 00:28:38.507 V/WindowManager(  683):     ]}
04-22 00:28:38.509 V/WindowManagerShell(  957): onTransitionReady(transaction=2933462667737)
04-22 00:28:38.510 V/WindowManagerShell(  957): onTransitionReady (#104) android.os.BinderProxy@c422794: {id=104 t=CLOSE f=0x0 trk=0 r=[0@Point(0, 0)] c=[
04-22 00:28:38.510 V/WindowManagerShell(  957):         {m=CLOSE f=FILLS_TASK leash=Surface(name=ActivityRecord{184665995 u0 com.google.android.documentsui/com.android.documentsui.picker.PickActivity)/@0xb2223d sb=Rect(0, 0 - 2560, 1600) eb=Rect(0, 0 - 2560, 1600) epz=Point(2560, 1600) d=0 bc=ff202124 component=com.google.android.documentsui/com.android.documentsui.picker.PickActivity opt={t=FROM_STYLE mUserId=0}},
04-22 00:28:38.510 V/WindowManagerShell(  957):         {m=TO_FRONT f=FILLS_TASK leash=Surface(name=ActivityRecord{184612346 u0 com.impos2.mixcretailassemblyrn84/com.impos2.adapterv2.camera.CameraScanActivity)/@0xa755a32 sb=Rect(0, 0 - 2560, 1600) eb=Rect(0, 0 - 2560, 1600) epz=Point(2560, 1600) d=0 bc=ff202124 component=com.impos2.mixcretailassemblyrn84/com.impos2.adapterv2.camera.CameraScanActivity opt={t=FROM_STYLE mUserId=0}}
04-22 00:28:38.510 V/WindowManagerShell(  957):     ]}
04-22 00:28:38.510 V/WindowManagerShell(  957): Playing animation for (#104) android.os.BinderProxy@c422794@0
04-22 00:28:38.510 V/ShellRecents(  957): RecentsTransitionHandler.startAnimation: no controller found
04-22 00:28:38.510 V/WindowManagerShell(  957): Transition doesn't have explicit remote, search filters for match for {id=104 t=CLOSE f=0x0 trk=0 r=[0@Point(0, 0)] c=[{m=CLOSE f=FILLS_TASK leash=Surface(name=ActivityRecord{184665995 u0 com.google.android.documentsui/com.android.documentsui.picker.PickActivity)/@0xb2223d sb=Rect(0, 0 - 2560, 1600) eb=Rect(0, 0 - 2560, 1600) epz=Point(2560, 1600) d=0 bc=ff202124 component=com.google.android.documentsui/com.android.documentsui.picker.PickActivity opt={t=FROM_STYLE mUserId=0}},{m=TO_FRONT f=FILLS_TASK leash=Surface(name=ActivityRecord{184612346 u0 com.impos2.mixcretailassemblyrn84/com.impos2.adapterv2.camera.CameraScanActivity)/@0xa755a32 sb=Rect(0, 0 - 2560, 1600) eb=Rect(0, 0 - 2560, 1600) epz=Point(2560, 1600) d=0 bc=ff202124 component=com.impos2.mixcretailassemblyrn84/com.impos2.adapterv2.camera.CameraScanActivity opt={t=FROM_STYLE mUserId=0}}]}
04-22 00:28:38.510 V/WindowManagerShell(  957):  Checking filter Pair{{types=[] flags=0x0] notFlags=0x0 checks=[{atype=undefined independent=true modes=[CLOSE,TO_BACK] flags=IN_TASK_WITH_EMBEDDED_ACTIVITY mustBeTask=false order=ANY topActivity=null launchCookie=null taskFragmentToken=android.os.BinderProxy@c0a78a1 windowingMode=undefined}]} RemoteTransition { remoteTransition = android.window.IRemoteTransition$Stub$Proxy@ebc9ac6, appThread = android.app.IApplicationThread$Stub$Proxy@89a6a87, debugName = overlayBackTransition }}
04-22 00:28:38.510 V/WindowManagerShell(  957):  Checking filter Pair{{types=[] flags=0x0] notFlags=0x0 checks=[{atype=dream independent=true modes=[OPEN,TO_FRONT] flags=NONE mustBeTask=false order=ANY topActivity=null launchCookie=null windowingMode=undefined},{atype=home independent=true modes=[CLOSE,TO_BACK] flags=NONE mustBeTask=false order=ANY topActivity=null launchCookie=null windowingMode=undefined}]} RemoteTransition { remoteTransition = android.window.IRemoteTransition$Stub$Proxy@19eadb4, appThread = android.app.IApplicationThread$Stub$Proxy@6b4fddd, debugName = LauncherToDream }}
04-22 00:28:38.510 V/WindowManagerShell(  957):  Checking filter Pair{{types=[] flags=0x0] notFlags=0x100 checks=[{atype=home independent=true modes=[OPEN,TO_FRONT] flags=NONE mustBeTask=false order=TOP topActivity=ComponentInfo{com.google.android.apps.nexuslauncher/com.google.android.apps.nexuslauncher.NexusLauncherActivity} launchCookie=null windowingMode=undefined},{atype=standard independent=true modes=[CLOSE,TO_BACK] flags=NONE mustBeTask=false order=ANY topActivity=null launchCookie=null windowingMode=undefined},{NOT atype=undefined independent=true modes=[] flags=NONE mustBeTask=true order=ANY topActivity=null launchCookie=null customAnim=true windowingMode=undefined}]} RemoteTransition { remoteTransition = android.window.IRemoteTransition$Stub$Proxy@6579d52, appThread = android.app.IApplicationThread$Stub$Proxy@4a92823, debugName = QuickstepLaunchHome }}
04-22 00:28:38.510 V/WindowManagerShell(  957):  Delegate animation for (#104) to null
04-22 00:28:38.511 V/WindowManagerShell(  957): start default transition animation, info = {id=104 t=CLOSE f=0x0 trk=0 r=[0@Point(0, 0)] c=[{m=CLOSE f=FILLS_TASK leash=Surface(name=ActivityRecord{184665995 u0 com.google.android.documentsui/com.android.documentsui.picker.PickActivity)/@0xb2223d sb=Rect(0, 0 - 2560, 1600) eb=Rect(0, 0 - 2560, 1600) epz=Point(2560, 1600) d=0 bc=ff202124 component=com.google.android.documentsui/com.android.documentsui.picker.PickActivity opt={t=FROM_STYLE mUserId=0}},{m=TO_FRONT f=FILLS_TASK leash=Surface(name=ActivityRecord{184612346 u0 com.impos2.mixcretailassemblyrn84/com.impos2.adapterv2.camera.CameraScanActivity)/@0xa755a32 sb=Rect(0, 0 - 2560, 1600) eb=Rect(0, 0 - 2560, 1600) epz=Point(2560, 1600) d=0 bc=ff202124 component=com.impos2.mixcretailassemblyrn84/com.impos2.adapterv2.camera.CameraScanActivity opt={t=FROM_STYLE mUserId=0}}]}
04-22 00:28:38.511 I/NetworkScheduler.Stats( 1283): Task com.google.android.gms/com.google.android.gms.ipa.base.IpaGcmTaskService started execution. cause:9 exec_start_elapsed_seconds: 14376 [CONTEXT service_id=218 ]
04-22 00:28:38.511 V/WindowManagerShell(  957): loadAnimation: anim=android.view.animation.AnimationSet@4a3a539 animAttr=0x6 type=CLOSE isEntrance=true
04-22 00:28:38.511 V/WindowManagerShell(  957): loadAnimation: anim=android.view.animation.AnimationSet@c7124df animAttr=0x7 type=CLOSE isEntrance=false
04-22 00:28:38.512 V/WindowManagerShell(  957):  animated by com.android.wm.shell.transition.DefaultTransitionHandler@419789b
04-22 00:28:38.517 V/WindowManagerShell(  957): Transition requested (#105): android.os.BinderProxy@8e2d52c TransitionRequestInfo { type = CLOSE, triggerTask = null, pipChange = null, remoteTransition = null, displayChange = null, flags = 0, debugId = 105 }
04-22 00:28:38.518 I/ConnectorManager(16193): call end taskId=3e019d5a2e61489b8216e3b7ef68debe success=true code=0 duration=5862
04-22 00:28:38.519 D/BackgroundInstallControlService(  683): Package event received: 0
04-22 00:28:38.522 I/GmscoreIpa( 1591): Starting mediastore instant index [CONTEXT service_id=255 ]
04-22 00:28:38.522 D/BackgroundInstallControlService(  683): Package event received: 0
04-22 00:28:38.523 D/BackgroundInstallControlService(  683): Package event received: 0
04-22 00:28:38.523 D/ViewRootImpl(16193): Skipping stats log for color mode
04-22 00:28:38.523 W/unknown:BridgelessReact(16193): ReactHost{0}.onHostResume(activity)
04-22 00:28:38.523 W/unknown:BridgelessReact(16193): ReactHost{0}.ReactContext.onHostResume()
04-22 00:28:38.523 D/CoreBackPreview(  683): Window{b2afd06 u0 com.impos2.mixcretailassemblyrn84/com.impos2.mixcretailassemblyrn84.MainActivity}: Setting back callback OnBackInvokedCallbackInfo{mCallback=android.window.IOnBackInvokedCallback$Stub$Proxy@c0fbf7e, mPriority=0, mIsAnimationCallback=true, mOverrideBehavior=0}
04-22 00:28:38.524 D/CompositionEngine(  515): Layer: com.impos2.mixcretailassemblyrn84/com.impos2.adapterv2.camera.CameraScanActivity#909 had an out of bounds transparent region
04-22 00:28:38.524 D/Region  (  515):   Region transparentRegionHint (this=0xb400006f60e63d20, count=1)
04-22 00:28:38.524 D/Region  (  515):     [  0, -907, 1280,   0]
04-22 00:28:38.525 I/assembly.assembly.android.mixc-retail-rn84(16193): [assembly.topology] Native topology host already matches desired lifecycle state {"displayCount":1,"displayIndex":0,"deviceId":"ZJ63NQELD9","instanceMode":"SLAVE","enableSlave":false,"running":false,"reason":"not-master-or-single-primary-host"}
04-22 00:28:38.527 I/assembly.assembly.android.mixc-retail-rn84(16193): [assembly.topology] Native topology host already matches desired lifecycle state {"displayCount":1,"displayIndex":0,"deviceId":"ZJ63NQELD9","instanceMode":"SLAVE","enableSlave":false,"running":false,"reason":"not-master-or-single-primary-host"}
04-22 00:28:38.530 I/NetworkScheduler.Stats( 1283): Task com.google.android.gms/com.google.android.gms.ipa.base.IpaGcmTaskService finished executing. cause:9 result: 1 elapsed_millis: 28 uptime_millis: 28 exec_start_elapsed_seconds: 14376 [CONTEXT service_id=218 ]
04-22 00:28:38.530 W/oid.documentsui( 8919): Reducing the number of considered missed Gc histogram windows from 269 to 100
04-22 00:28:38.533 I/assembly.assembly.android.mixc-retail-rn84(16193): [assembly.topology] Native topology host already matches desired lifecycle state {"displayCount":1,"displayIndex":0,"deviceId":"ZJ63NQELD9","instanceMode":"SLAVE","enableSlave":false,"running":false,"reason":"not-master-or-single-primary-host"}
04-22 00:28:38.535 W/HWUI    ( 8919): Image decoding logging dropped!
04-22 00:28:38.538 V/WindowManager(  683): Sent Transition (#105) createdAt=04-22 00:28:38.517 via request=TransitionRequestInfo { type = CLOSE, triggerTask = null, pipChange = null, remoteTransition = null, displayChange = null, flags = 0, debugId = 105 }
04-22 00:28:38.538 V/WindowManager(  683):     startWCT=WindowContainerTransaction { changes= {} hops= [] errorCallbackToken=null taskFragmentOrganizer=null }
04-22 00:28:38.539 V/WindowManager(  683):     info={id=105 t=CLOSE f=0x0 trk=0 r=[0@Point(0, 0)] c=[
04-22 00:28:38.539 V/WindowManager(  683):         {m=CLOSE f=FILLS_TASK|IS_OCCLUDED leash=Surface(name=ActivityRecord{184612346 u0 com.impos2.mixcretailassemblyrn84/com.impos2.adapterv2.camera.CameraScanActivity)/@0x343edd sb=Rect(0, 0 - 2560, 1600) eb=Rect(0, 0 - 2560, 1600) epz=Point(2560, 1600) d=0 bc=ff202124 component=com.impos2.mixcretailassemblyrn84/com.impos2.adapterv2.camera.CameraScanActivity opt={t=FROM_STYLE mUserId=0}},
04-22 00:28:38.539 V/WindowManager(  683):         {m=TO_FRONT f=FILLS_TASK leash=Surface(name=ActivityRecord{222698957 u0 com.impos2.mixcretailassemblyrn84/.MainActivity)/@0x9edf9c2 sb=Rect(0, 0 - 2560, 1600) eb=Rect(0, 0 - 2560, 1600) epz=Point(2560, 1600) d=0 bc=ff202124 component=com.impos2.mixcretailassemblyrn84/.MainActivity opt={t=FROM_STYLE mUserId=0}}
04-22 00:28:38.539 V/WindowManager(  683):     ]}
04-22 00:28:38.539 V/WindowManagerShell(  957): onTransitionReady(transaction=2933462667745)
04-22 00:28:38.539 V/WindowManagerShell(  957): onTransitionReady (#105) android.os.BinderProxy@8e2d52c: {id=105 t=CLOSE f=0x0 trk=0 r=[0@Point(0, 0)] c=[
04-22 00:28:38.539 V/WindowManagerShell(  957):         {m=CLOSE f=FILLS_TASK|IS_OCCLUDED leash=Surface(name=ActivityRecord{184612346 u0 com.impos2.mixcretailassemblyrn84/com.impos2.adapterv2.camera.CameraScanActivity)/@0xa6d2ffb sb=Rect(0, 0 - 2560, 1600) eb=Rect(0, 0 - 2560, 1600) epz=Point(2560, 1600) d=0 bc=ff202124 component=com.impos2.mixcretailassemblyrn84/com.impos2.adapterv2.camera.CameraScanActivity opt={t=FROM_STYLE mUserId=0}},
04-22 00:28:38.539 V/WindowManagerShell(  957):         {m=TO_FRONT f=FILLS_TASK leash=Surface(name=ActivityRecord{222698957 u0 com.impos2.mixcretailassemblyrn84/.MainActivity)/@0xc3e1818 sb=Rect(0, 0 - 2560, 1600) eb=Rect(0, 0 - 2560, 1600) epz=Point(2560, 1600) d=0 bc=ff202124 component=com.impos2.mixcretailassemblyrn84/.MainActivity opt={t=FROM_STYLE mUserId=0}}
04-22 00:28:38.539 V/WindowManagerShell(  957):     ]}
04-22 00:28:38.539 V/WindowManagerShell(  957): Transition (#105) android.os.BinderProxy@8e2d52c@0 ready while (#104) android.os.BinderProxy@c422794@0 is still animating. Notify the animating transition in case they can be merged
04-22 00:28:38.540 I/assembly.assembly.android.mixc-retail-rn84(16193): [assembly.topology] Native topology host already matches desired lifecycle state {"displayCount":1,"displayIndex":0,"deviceId":"ZJ63NQELD9","instanceMode":"SLAVE","enableSlave":false,"running":false,"reason":"not-master-or-single-primary-host"}
04-22 00:28:38.540 D/CompositionEngine(  515): Layer: com.impos2.mixcretailassemblyrn84/com.impos2.adapterv2.camera.CameraScanActivity#909 had an out of bounds transparent region
04-22 00:28:38.540 D/Region  (  515):   Region transparentRegionHint (this=0xb400006f60e63d20, count=1)
04-22 00:28:38.540 D/Region  (  515):     [  0, -907, 1280,   0]
04-22 00:28:38.541 V/WindowManagerShell(  957): Transition animation finished (aborted=false), notifying core (#104) android.os.BinderProxy@c422794@0
04-22 00:28:38.542 I/MMKV    (16193): <MMKV_IO.cpp:609::writeActualSize> [mixc-retail-assembly-rn84::state] increase sequence to 53, crc 3312245397, actualSize 22150
04-22 00:28:38.542 I/MMKV    (16193): <MMKV.cpp:1208::sync> MMKV::sync, SyncFlag = 1
04-22 00:28:38.544 I/assembly.assembly.android.mixc-retail-rn84(16193): [assembly.topology] Native topology host already matches desired lifecycle state {"displayCount":1,"displayIndex":0,"deviceId":"ZJ63NQELD9","instanceMode":"SLAVE","enableSlave":false,"running":false,"reason":"not-master-or-single-primary-host"}
04-22 00:28:38.544 V/WindowManager(  683): Finish Transition (#104): created at 04-22 00:28:38.458 collect-started=0.014ms request-sent=0.029ms started=1.083ms ready=18.55ms sent=48.027ms commit=19.062ms finished=85.478ms
04-22 00:28:38.544 I/assembly.assembly.android.mixc-retail-rn84(16193): [assembly.topology] Create assembly topology socket binding {"displayIndex":0,"role":"slave","localNodeId":"master:ZJ63NQELD9","masterNodeId":"master:6Z2H3BSGEY","wsUrl":"ws://127.0.0.1:18889/mockMasterServer/ws","httpBaseUrl":"http://127.0.0.1:18889/mockMasterServer","resolvedServerBaseUrl":"http://127.0.0.1:18889/mockMasterServer","resolvedPathTemplate":"/ws"}
04-22 00:28:38.544 V/WindowManagerShell(  957): Playing animation for (#105) android.os.BinderProxy@8e2d52c@0
04-22 00:28:38.544 V/ShellRecents(  957): RecentsTransitionHandler.startAnimation: no controller found
04-22 00:28:38.544 V/WindowManagerShell(  957): Transition doesn't have explicit remote, search filters for match for {id=105 t=CLOSE f=0x0 trk=0 r=[0@Point(0, 0)] c=[{m=CLOSE f=FILLS_TASK|IS_OCCLUDED leash=Surface(name=ActivityRecord{184612346 u0 com.impos2.mixcretailassemblyrn84/com.impos2.adapterv2.camera.CameraScanActivity)/@0xa6d2ffb sb=Rect(0, 0 - 2560, 1600) eb=Rect(0, 0 - 2560, 1600) epz=Point(2560, 1600) d=0 bc=ff202124 component=com.impos2.mixcretailassemblyrn84/com.impos2.adapterv2.camera.CameraScanActivity opt={t=FROM_STYLE mUserId=0}},{m=TO_FRONT f=FILLS_TASK leash=Surface(name=ActivityRecord{222698957 u0 com.impos2.mixcretailassemblyrn84/.MainActivity)/@0xc3e1818 sb=Rect(0, 0 - 2560, 1600) eb=Rect(0, 0 - 2560, 1600) epz=Point(2560, 1600) d=0 bc=ff202124 component=com.impos2.mixcretailassemblyrn84/.MainActivity opt={t=FROM_STYLE mUserId=0}}]}
04-22 00:28:38.544 V/WindowManagerShell(  957):  Checking filter Pair{{types=[] flags=0x0] notFlags=0x0 checks=[{atype=undefined independent=true modes=[CLOSE,TO_BACK] flags=IN_TASK_WITH_EMBEDDED_ACTIVITY mustBeTask=false order=ANY topActivity=null launchCookie=null taskFragmentToken=android.os.BinderProxy@c0a78a1 windowingMode=undefined}]} RemoteTransition { remoteTransition = android.window.IRemoteTransition$Stub$Proxy@ebc9ac6, appThread = android.app.IApplicationThread$Stub$Proxy@89a6a87, debugName = overlayBackTransition }}
04-22 00:28:38.545 V/WindowManagerShell(  957):  Checking filter Pair{{types=[] flags=0x0] notFlags=0x0 checks=[{atype=dream independent=true modes=[OPEN,TO_FRONT] flags=NONE mustBeTask=false order=ANY topActivity=null launchCookie=null windowingMode=undefined},{atype=home independent=true modes=[CLOSE,TO_BACK] flags=NONE mustBeTask=false order=ANY topActivity=null launchCookie=null windowingMode=undefined}]} RemoteTransition { remoteTransition = android.window.IRemoteTransition$Stub$Proxy@19eadb4, appThread = android.app.IApplicationThread$Stub$Proxy@6b4fddd, debugName = LauncherToDream }}
04-22 00:28:38.545 V/WindowManagerShell(  957):  Checking filter Pair{{types=[] flags=0x0] notFlags=0x100 checks=[{atype=home independent=true modes=[OPEN,TO_FRONT] flags=NONE mustBeTask=false order=TOP topActivity=ComponentInfo{com.google.android.apps.nexuslauncher/com.google.android.apps.nexuslauncher.NexusLauncherActivity} launchCookie=null windowingMode=undefined},{atype=standard independent=true modes=[CLOSE,TO_BACK] flags=NONE mustBeTask=false order=ANY topActivity=null launchCookie=null windowingMode=undefined},{NOT atype=undefined independent=true modes=[] flags=NONE mustBeTask=true order=ANY topActivity=null launchCookie=null customAnim=true windowingMode=undefined}]} RemoteTransition { remoteTransition = android.window.IRemoteTransition$Stub$Proxy@6579d52, appThread = android.app.IApplicationThread$Stub$Proxy@4a92823, debugName = QuickstepLaunchHome }}
04-22 00:28:38.545 V/WindowManagerShell(  957):  Delegate animation for (#105) to null
04-22 00:28:38.545 V/WindowManagerShell(  957): start default transition animation, info = {id=105 t=CLOSE f=0x0 trk=0 r=[0@Point(0, 0)] c=[{m=CLOSE f=FILLS_TASK|IS_OCCLUDED leash=Surface(name=ActivityRecord{184612346 u0 com.impos2.mixcretailassemblyrn84/com.impos2.adapterv2.camera.CameraScanActivity)/@0xa6d2ffb sb=Rect(0, 0 - 2560, 1600) eb=Rect(0, 0 - 2560, 1600) epz=Point(2560, 1600) d=0 bc=ff202124 component=com.impos2.mixcretailassemblyrn84/com.impos2.adapterv2.camera.CameraScanActivity opt={t=FROM_STYLE mUserId=0}},{m=TO_FRONT f=FILLS_TASK leash=Surface(name=ActivityRecord{222698957 u0 com.impos2.mixcretailassemblyrn84/.MainActivity)/@0xc3e1818 sb=Rect(0, 0 - 2560, 1600) eb=Rect(0, 0 - 2560, 1600) epz=Point(2560, 1600) d=0 bc=ff202124 component=com.impos2.mixcretailassemblyrn84/.MainActivity opt={t=FROM_STYLE mUserId=0}}]}
04-22 00:28:38.545 V/WindowManagerShell(  957): loadAnimation: anim=android.view.animation.AnimationSet@3026856 animAttr=0x6 type=CLOSE isEntrance=true
04-22 00:28:38.545 V/WindowManagerShell(  957): loadAnimation: anim=android.view.animation.AnimationSet@c54d0d7 animAttr=0x7 type=CLOSE isEntrance=false
04-22 00:28:38.545 V/WindowManagerShell(  957):  animated by com.android.wm.shell.transition.DefaultTransitionHandler@419789b
04-22 00:28:38.545 I/assembly.assembly.android.mixc-retail-rn84.transport.ws.SocketRuntime(16193): [transport.ws] Socket connect started: assembly.android.mixc-retail-rn84.topology {"profileName":"assembly.android.mixc-retail-rn84.topology","serverName":"dual-topology-host-v3","addressName":"dynamic-topology-host"}
04-22 00:28:38.545 I/ReactNativeJS(16193): '[assembly.android.mixc-retail-rn84.websocket] connect', { url: 'ws://127.0.0.1:18889/mockMasterServer/ws',
04-22 00:28:38.545 I/ReactNativeJS(16193):   protocol: 'ws',
04-22 00:28:38.545 I/ReactNativeJS(16193):   host: '127.0.0.1:18889',
04-22 00:28:38.545 I/ReactNativeJS(16193):   pathname: '/mockMasterServer/ws' }
04-22 00:28:38.550 I/ailassemblyrn84(16193): AssetManager2(0xb400007aa8c30358) locale list changing from [] to [en-US]
04-22 00:28:38.550 I/WebViewFactory(16193): Loading com.google.android.webview version 133.0.6943.137 (code 694313732)
04-22 00:28:38.550 W/ResourcesManager(16193): Found a null ResourcesImpl, skipped.
04-22 00:28:38.550 I/ailassemblyrn84(16193): AssetManager2(0xb400007aa8c3b578) locale list changing from [] to [en-US]
04-22 00:28:38.550 I/ailassemblyrn84(16193): AssetManager2(0xb400007aa8c29f58) locale list changing from [] to [en-US]
04-22 00:28:38.551 I/ailassemblyrn84(16193): AssetManager2(0xb400007aa8c2b858) locale list changing from [] to [en-US]
04-22 00:28:38.551 V/ResourcesManager(16193): The following library key has been added: ResourcesKey{ mHash=b96a945f mResDir=null mSplitDirs=[] mOverlayDirs=[] mLibDirs=[/data/app/~~5zloAQ_A453Yud26y2NtXA==/com.google.android.webview--6_3T7yxKHlQgc9HbqhvJg==/WebViewGoogle.apk,/data/app/~~f0KvKUFGV9dY13hixF7hzg==/com.google.android.trichromelibrary_694313732-6L04wdgQ3zNCCiMCrYLEgg==/TrichromeLibrary.apk,/system_ext/framework/androidx.window.extensions.jar] mDisplayId=0 mOverrideConfig=v36 mCompatInfo={320dpi always-compat} mLoaders=[]}
04-22 00:28:38.551 D/FileUtils(  683): Rounded bytes from 3120066560 to 4000000000
04-22 00:28:38.552 W/ailassemblyrn84(16193): Failed to find entry 'classes.dex': Entry not found
04-22 00:28:38.552 D/nativeloader(16193): Configuring clns-10 for other apk /data/app/~~f0KvKUFGV9dY13hixF7hzg==/com.google.android.trichromelibrary_694313732-6L04wdgQ3zNCCiMCrYLEgg==/TrichromeLibrary.apk. target_sdk_version=34, uses_libraries=ALL, library_path=/data/app/~~5zloAQ_A453Yud26y2NtXA==/com.google.android.webview--6_3T7yxKHlQgc9HbqhvJg==/lib/arm64:/data/app/~~5zloAQ_A453Yud26y2NtXA==/com.google.android.webview--6_3T7yxKHlQgc9HbqhvJg==/WebViewGoogle.apk!/lib/arm64-v8a:/data/app/~~f0KvKUFGV9dY13hixF7hzg==/com.google.android.trichromelibrary_694313732-6L04wdgQ3zNCCiMCrYLEgg==/TrichromeLibrary.apk!/lib/arm64-v8a, permitted_path=/data:/mnt/expand
04-22 00:28:38.553 D/ApplicationLoaders(16193): Returning zygote-cached class loader: /system_ext/framework/androidx.window.extensions.jar
04-22 00:28:38.553 D/nativeloader(16193): Configuring clns-11 for other apk /data/app/~~5zloAQ_A453Yud26y2NtXA==/com.google.android.webview--6_3T7yxKHlQgc9HbqhvJg==/WebViewGoogle.apk. target_sdk_version=34, uses_libraries=, library_path=/data/app/~~5zloAQ_A453Yud26y2NtXA==/com.google.android.webview--6_3T7yxKHlQgc9HbqhvJg==/lib/arm64:/data/app/~~5zloAQ_A453Yud26y2NtXA==/com.google.android.webview--6_3T7yxKHlQgc9HbqhvJg==/WebViewGoogle.apk!/lib/arm64-v8a:/data/app/~~f0KvKUFGV9dY13hixF7hzg==/com.google.android.trichromelibrary_694313732-6L04wdgQ3zNCCiMCrYLEgg==/TrichromeLibrary.apk!/lib/arm64-v8a, permitted_path=/data:/mnt/expand
04-22 00:28:38.557 D/CompositionEngine(  515): Layer: com.impos2.mixcretailassemblyrn84/com.impos2.adapterv2.camera.CameraScanActivity#909 had an out of bounds transparent region
04-22 00:28:38.557 D/Region  (  515):   Region transparentRegionHint (this=0xb400006f60e63d20, count=1)
04-22 00:28:38.558 D/Region  (  515):     [  0, -907, 1280,   0]
04-22 00:28:38.560 I/cr_WVCFactoryProvider(16193): version=133.0.6943.137 (694313732) minSdkVersion=29 isBundle=false multiprocess=true packageId=2
04-22 00:28:38.561 D/nativeloader(16193): Load /data/app/~~f0KvKUFGV9dY13hixF7hzg==/com.google.android.trichromelibrary_694313732-6L04wdgQ3zNCCiMCrYLEgg==/TrichromeLibrary.apk!/lib/arm64-v8a/libmonochrome_64.so using class loader ns clns-11 (caller=/data/app/~~5zloAQ_A453Yud26y2NtXA==/com.google.android.webview--6_3T7yxKHlQgc9HbqhvJg==/WebViewGoogle.apk): ok
04-22 00:28:38.562 D/nativeloader(16193): Load /system/lib64/libwebviewchromium_plat_support.so using class loader ns clns-11 (caller=/data/app/~~5zloAQ_A453Yud26y2NtXA==/com.google.android.webview--6_3T7yxKHlQgc9HbqhvJg==/WebViewGoogle.apk): ok
04-22 00:28:38.564 D/VRI[PickActivity]( 8919): visibilityChanged oldVisibility=true newVisibility=false
04-22 00:28:38.565 I/chromium(16193): [0422/002838.565915:INFO:variations_seed_loader.cc(67)] Failed to open file for reading.: No such file or directory (2)
04-22 00:28:38.566 I/cr_VariationsUtils(16193): Failed reading seed file "/data/user/0/com.impos2.mixcretailassemblyrn84/app_webview/variations_seed_new"
04-22 00:28:38.566 I/chromium(16193): [0422/002838.566031:INFO:variations_seed_loader.cc(67)] Failed to open file for reading.: No such file or directory (2)
04-22 00:28:38.566 I/cr_VariationsUtils(16193): Failed reading seed file "/data/user/0/com.impos2.mixcretailassemblyrn84/app_webview/variations_seed"
04-22 00:28:38.567 I/cr_VariationsUtils(16193): Requesting new seed from IVariationsSeedServer
04-22 00:28:38.567 I/cr_LibraryLoader(16193): Successfully loaded native library
04-22 00:28:38.568 I/cr_CachingUmaRecorder(16193): Flushed 6 samples from 6 histograms, 0 samples were dropped.
04-22 00:28:38.568 D/BackgroundInstallControlService(  683): Package event received: 0
04-22 00:28:38.574 D/CompositionEngine(  515): Layer: com.impos2.mixcretailassemblyrn84/com.impos2.adapterv2.camera.CameraScanActivity#909 had an out of bounds transparent region
04-22 00:28:38.574 D/Region  (  515):   Region transparentRegionHint (this=0xb400006f60e63d20, count=1)
04-22 00:28:38.574 D/Region  (  515):     [  0, -907, 1280,   0]
04-22 00:28:38.577 I/ImeTracker(  683): com.impos2.mixcretailassemblyrn84:b392ad1f: onRequestHide at ORIGIN_SERVER reason HIDE_UNSPECIFIED_WINDOW fromUser false
04-22 00:28:38.577 D/InsetsController(16193): hide(ime(), fromIme=false)
04-22 00:28:38.578 I/ImeTracker(16193): com.impos2.mixcretailassemblyrn84:b392ad1f: onCancelled at PHASE_CLIENT_ALREADY_HIDDEN
04-22 00:28:38.579 I/GoogleInputMethodService( 1576): GoogleInputMethodService.onFinishInput():2043 
04-22 00:28:38.579 I/Module  ( 1576): DeviceLockedStatusModuleProvider$Module.updateDeviceLockedStatus():100 repeatCheckTimes = 0, locked = false
04-22 00:28:38.579 I/ImeTracker(  683): system_server:ce09d197: onRequestHide at ORIGIN_SERVER reason IME_REQUESTED_CHANGED_LISTENER fromUser false
04-22 00:28:38.579 I/GoogleInputMethodService( 1576): GoogleInputMethodService.onStartInput():1293 onStartInput(EditorInfo{EditorInfo{packageName=com.impos2.mixcretailassemblyrn84, inputType=0, inputTypeString=NULL, enableLearning=false, autoCorrection=false, autoComplete=false, imeOptions=0, privateImeOptions=null, actionName=UNSPECIFIED, actionLabel=null, initialSelStart=-1, initialSelEnd=-1, initialCapsMode=0, label=null, fieldId=0, fieldName=null, extras=null, hintText=null, hintLocales=[]}}, false)
04-22 00:28:38.580 I/ImeTracker(  683): system_server:ce09d197: onCancelled at PHASE_SERVER_SHOULD_HIDE
04-22 00:28:38.580 I/Module  ( 1576): DeviceLockedStatusModuleProvider$Module.updateDeviceLockedStatus():100 repeatCheckTimes = 1, locked = false
04-22 00:28:38.580 I/EmojiCompatManager( 1576): EmojiCompatManager.getEmojiCompatIfLoaded():343 EmojiCompat.init() was never called.
04-22 00:28:38.580 I/EmojiCompatManager( 1576): java.lang.IllegalStateException: EmojiCompat is not initialized. Please call EmojiCompat.init() first
04-22 00:28:38.580 I/EmojiCompatManager( 1576): 	at asx.p(PG:6)
04-22 00:28:38.580 I/EmojiCompatManager( 1576): 	at axb.b(PG:13)
04-22 00:28:38.580 I/EmojiCompatManager( 1576): 	at jnr.b(PG:2)
04-22 00:28:38.580 I/EmojiCompatManager( 1576): 	at jnr.c(PG:4)
04-22 00:28:38.580 I/EmojiCompatManager( 1576): 	at jnr.f(PG:3)
04-22 00:28:38.580 I/EmojiCompatManager( 1576): 	at jnx.c(PG:3)
04-22 00:28:38.580 I/EmojiCompatManager( 1576): 	at kif.cz(PG:47)
04-22 00:28:38.580 I/EmojiCompatManager( 1576): 	at lhl.run(PG:1025)
04-22 00:28:38.580 I/EmojiCompatManager( 1576): 	at jaf.execute(PG:12)
04-22 00:28:38.580 I/EmojiCompatManager( 1576): 	at nco.v(PG:13)
04-22 00:28:38.580 I/EmojiCompatManager( 1576): 	at lhn.m(PG:96)
04-22 00:28:38.580 I/EmojiCompatManager( 1576): 	at lhn.k(PG:25)
04-22 00:28:38.580 I/EmojiCompatManager( 1576): 	at kgn.onStartInput(PG:250)
04-22 00:28:38.580 I/EmojiCompatManager( 1576): 	at android.inputmethodservice.InputMethodService.doStartInput(InputMethodService.java:3521)
04-22 00:28:38.580 I/EmojiCompatManager( 1576): 	at android.inputmethodservice.InputMethodService$InputMethodImpl.startInput(InputMethodService.java:879)
04-22 00:28:38.580 I/EmojiCompatManager( 1576): 	at android.inputmethodservice.InputMethodService$InputMethodImpl.dispatchStartInput(InputMethodService.java:908)
04-22 00:28:38.580 I/EmojiCompatManager( 1576): 	at android.inputmethodservice.IInputMethodWrapper.executeMessage(IInputMethodWrapper.java:201)
04-22 00:28:38.580 I/EmojiCompatManager( 1576): 	at com.android.internal.os.HandlerCaller$MyHandler.handleMessage(HandlerCaller.java:44)
04-22 00:28:38.580 I/EmojiCompatManager( 1576): 	at android.os.Handler.dispatchMessage(Handler.java:110)
04-22 00:28:38.580 I/EmojiCompatManager( 1576): 	at android.os.Looper.loopOnce(Looper.java:248)
04-22 00:28:38.580 I/EmojiCompatManager( 1576): 	at android.os.Looper.loop(Looper.java:338)
04-22 00:28:38.580 I/EmojiCompatManager( 1576): 	at android.app.ActivityThread.main(ActivityThread.java:9067)
04-22 00:28:38.580 I/EmojiCompatManager( 1576): 	at java.lang.reflect.Method.invoke(Native Method)
04-22 00:28:38.580 I/EmojiCompatManager( 1576): 	at com.android.internal.os.RuntimeInit$MethodAndArgsCaller.run(RuntimeInit.java:593)
04-22 00:28:38.580 I/EmojiCompatManager( 1576): 	at com.android.internal.os.ZygoteInit.main(ZygoteInit.java:932)
04-22 00:28:38.584 I/assembly.assembly.android.mixc-retail-rn84(16193): [assembly.topology] Native topology host already matches desired lifecycle state {"displayCount":1,"displayIndex":0,"deviceId":"ZJ63NQELD9","instanceMode":"SLAVE","enableSlave":false,"running":false,"reason":"not-master-or-single-primary-host"}
04-22 00:28:38.584 I/assembly.assembly.android.mixc-retail-rn84(16193): [assembly.topology] Native topology host already matches desired lifecycle state {"displayCount":1,"displayIndex":0,"deviceId":"ZJ63NQELD9","instanceMode":"SLAVE","enableSlave":false,"running":false,"reason":"not-master-or-single-primary-host"}
04-22 00:28:38.584 I/assembly.assembly.android.mixc-retail-rn84(16193): [assembly.topology] Native topology host already matches desired lifecycle state {"displayCount":1,"displayIndex":0,"deviceId":"ZJ63NQELD9","instanceMode":"SLAVE","enableSlave":false,"running":false,"reason":"not-master-or-single-primary-host"}
04-22 00:28:38.584 I/assembly.assembly.android.mixc-retail-rn84(16193): [assembly.topology] Native topology host already matches desired lifecycle state {"displayCount":1,"displayIndex":0,"deviceId":"ZJ63NQELD9","instanceMode":"SLAVE","enableSlave":false,"running":false,"reason":"not-master-or-single-primary-host"}
04-22 00:28:38.585 I/assembly.assembly.android.mixc-retail-rn84(16193): [assembly.topology] Native topology host already matches desired lifecycle state {"displayCount":1,"displayIndex":0,"deviceId":"ZJ63NQELD9","instanceMode":"SLAVE","enableSlave":false,"running":false,"reason":"not-master-or-single-primary-host"}
04-22 00:28:38.585 I/assembly.assembly.android.mixc-retail-rn84(16193): [assembly.topology] Native topology host already matches desired lifecycle state {"displayCount":1,"displayIndex":0,"deviceId":"ZJ63NQELD9","instanceMode":"SLAVE","enableSlave":false,"running":false,"reason":"not-master-or-single-primary-host"}
04-22 00:28:38.589 D/ActivityManager(  683): sync unfroze 5681 com.google.android.webview:webview_service for 6
04-22 00:28:38.590 D/BackgroundInstallControlService(  683): Package event received: 0
04-22 00:28:38.590 W/PackageConfigPersister(  683): App-specific configuration not found for packageName: com.impos2.mixcretailassemblyrn84 and userId: 0
04-22 00:28:38.591 D/CompositionEngine(  515): Layer: com.impos2.mixcretailassemblyrn84/com.impos2.adapterv2.camera.CameraScanActivity#909 had an out of bounds transparent region
04-22 00:28:38.591 D/Region  (  515):   Region transparentRegionHint (this=0xb400006f60e63d20, count=1)
04-22 00:28:38.591 D/Region  (  515):     [  0, -907, 1280,   0]
04-22 00:28:38.592 I/assembly.assembly.android.mixc-retail-rn84(16193): [assembly.topology] Native topology host already matches desired lifecycle state {"displayCount":1,"displayIndex":0,"deviceId":"ZJ63NQELD9","instanceMode":"SLAVE","enableSlave":false,"running":false,"reason":"not-master-or-single-primary-host"}
04-22 00:28:38.594 D/ActivityThread( 5681): Package [com.impos2.mixcretailassemblyrn84] reported as REPLACED, but missing application info. Assuming REMOVED.
04-22 00:28:38.595 D/BackgroundInstallControlService(  683): Package event received: 0
04-22 00:28:38.596 W/WindowOnBackDispatcher( 8919): sendCancelIfRunning: isInProgress=false callback=android.view.ViewRootImpl$$ExternalSyntheticLambda13@5b8b654
04-22 00:28:38.596 D/ViewRootImpl( 8919): Skipping stats log for color mode
04-22 00:28:38.596 D/CoreBackPreview(  683): Window{5343fa0 u0 com.google.android.documentsui/com.android.documentsui.picker.PickActivity}: Setting back callback null
04-22 00:28:38.597 I/assembly.assembly.android.mixc-retail-rn84(16193): [assembly.topology] Native topology host already matches desired lifecycle state {"displayCount":1,"displayIndex":0,"deviceId":"ZJ63NQELD9","instanceMode":"SLAVE","enableSlave":false,"running":false,"reason":"not-master-or-single-primary-host"}
04-22 00:28:38.597 I/assembly.assembly.android.mixc-retail-rn84(16193): [assembly.topology] Native topology host already matches desired lifecycle state {"displayCount":1,"displayIndex":0,"deviceId":"ZJ63NQELD9","instanceMode":"SLAVE","enableSlave":false,"running":false,"reason":"not-master-or-single-primary-host"}
04-22 00:28:38.597 I/assembly.assembly.android.mixc-retail-rn84(16193): [assembly.topology] Native topology host already matches desired lifecycle state {"displayCount":1,"displayIndex":0,"deviceId":"ZJ63NQELD9","instanceMode":"SLAVE","enableSlave":false,"running":false,"reason":"not-master-or-single-primary-host"}
04-22 00:28:38.598 W/webview_service( 5681): Reducing the number of considered missed Gc histogram windows from 269 to 100
04-22 00:28:38.602 D/BackgroundInstallControlService(  683): Package event received: 0
04-22 00:28:38.606 I/cr_VariationsUtils( 5681): Seed download job already scheduled
04-22 00:28:38.607 D/CompositionEngine(  515): Layer: com.impos2.mixcretailassemblyrn84/com.impos2.adapterv2.camera.CameraScanActivity#909 had an out of bounds transparent region
04-22 00:28:38.607 D/Region  (  515):   Region transparentRegionHint (this=0xb400006f60e63d20, count=1)
04-22 00:28:38.607 D/Region  (  515):     [  0, -907, 1280,   0]
04-22 00:28:38.608 I/ReactNativeJS(16193): '[runtime-state-sync-apply]', '{"direction":"master-to-slave","incomingSliceNames":["kernel.base.topology-runtime-v3.demo.master","kernel.base.tcp-control-runtime-v2.identity","kernel.base.tcp-control-runtime-v2.credential","kernel.base.tcp-control-runtime-v2.binding","kernel.base.tcp-control-runtime-v2.sandbox","kernel.base.tdp-sync-runtime-v2.hot-update","kernel.base.ui-runtime-v2.screen.main","kernel.base.ui-runtime-v2.overlay.main","kernel.base.ui-runtime-v2.ui-variable.main"],"appliedSliceNames":["kernel.base.topology-runtime-v3.demo.master","kernel.base.tcp-control-runtime-v2.identity","kernel.base.tcp-control-runtime-v2.credential","kernel.base.tcp-control-runtime-v2.binding","kernel.base.tcp-control-runtime-v2.sandbox","kernel.base.tdp-sync-runtime-v2.hot-update","kernel.base.ui-runtime-v2.screen.main","kernel.base.ui-runtime-v2.overlay.main","kernel.base.ui-runtime-v2.ui-variable.main"],"skippedSliceReasons":[]}'
04-22 00:28:38.611 I/assembly.assembly.android.mixc-retail-rn84(16193): [assembly.topology] Native topology host already matches desired lifecycle state {"displayCount":1,"displayIndex":0,"deviceId":"ZJ63NQELD9","instanceMode":"SLAVE","enableSlave":false,"running":false,"reason":"not-master-or-single-primary-host"}
04-22 00:28:38.613 I/assembly.assembly.android.mixc-retail-rn84(16193): [assembly.topology] Native topology host already matches desired lifecycle state {"displayCount":1,"displayIndex":0,"deviceId":"ZJ63NQELD9","instanceMode":"SLAVE","enableSlave":false,"running":false,"reason":"not-master-or-single-primary-host"}
04-22 00:28:38.624 D/CompositionEngine(  515): Layer: com.impos2.mixcretailassemblyrn84/com.impos2.adapterv2.camera.CameraScanActivity#909 had an out of bounds transparent region
04-22 00:28:38.624 D/Region  (  515):   Region transparentRegionHint (this=0xb400006f60e63d20, count=1)
04-22 00:28:38.624 D/Region  (  515):     [  0, -907, 1280,   0]
04-22 00:28:38.642 D/CompositionEngine(  515): Layer: com.impos2.mixcretailassemblyrn84/com.impos2.adapterv2.camera.CameraScanActivity#909 had an out of bounds transparent region
04-22 00:28:38.642 D/Region  (  515):   Region transparentRegionHint (this=0xb400006f60e63d20, count=1)
04-22 00:28:38.642 D/Region  (  515):     [  0, -907, 1280,   0]
04-22 00:28:38.657 D/CompositionEngine(  515): Layer: com.impos2.mixcretailassemblyrn84/com.impos2.adapterv2.camera.CameraScanActivity#909 had an out of bounds transparent region
04-22 00:28:38.657 D/Region  (  515):   Region transparentRegionHint (this=0xb400006f60e63d20, count=1)
04-22 00:28:38.657 D/Region  (  515):     [  0, -907, 1280,   0]
04-22 00:28:38.674 D/CompositionEngine(  515): Layer: com.impos2.mixcretailassemblyrn84/com.impos2.adapterv2.camera.CameraScanActivity#909 had an out of bounds transparent region
04-22 00:28:38.674 D/Region  (  515):   Region transparentRegionHint (this=0xb400006f60e63d20, count=1)
04-22 00:28:38.674 D/Region  (  515):     [  0, -907, 1280,   0]
04-22 00:28:38.691 D/CompositionEngine(  515): Layer: com.impos2.mixcretailassemblyrn84/com.impos2.adapterv2.camera.CameraScanActivity#909 had an out of bounds transparent region
04-22 00:28:38.691 D/Region  (  515):   Region transparentRegionHint (this=0xb400006f60e63d20, count=1)
04-22 00:28:38.691 D/Region  (  515):     [  0, -907, 1280,   0]
04-22 00:28:39.010 V/WindowManagerShell(  957): Transition animation finished (aborted=false), notifying core (#105) android.os.BinderProxy@8e2d52c@0
04-22 00:28:39.010 V/WindowManager(  683): Finish Transition (#105): created at 04-22 00:28:38.517 collect-started=0.007ms request-sent=0.015ms started=1.463ms ready=5.749ms sent=21.018ms commit=19.954ms finished=493.082ms
04-22 00:28:39.011 D/VRI[CameraScanActivity](16193): visibilityChanged oldVisibility=true newVisibility=false
04-22 00:28:39.012 V/WindowManagerShell(  957): Track 0 became idle
04-22 00:28:39.012 V/WindowManagerShell(  957): All active transition animations finished
04-22 00:28:39.025 D/SurfaceViewImpl(16193): Surface destroyed.
04-22 00:28:39.031 W/WindowOnBackDispatcher(16193): sendCancelIfRunning: isInProgress=false callback=android.app.Activity$$ExternalSyntheticLambda0@b3376a3
04-22 00:28:39.031 D/CoreBackPreview(  683): Window{b5877c6 u0 com.impos2.mixcretailassemblyrn84/com.impos2.adapterv2.camera.CameraScanActivity}: Setting back callback null
04-22 00:28:39.033 D/TransportRuntime.SQLiteEventStore(16193): Storing event with priority=VERY_LOW, name=FIREBASE_ML_SDK for destination cct
04-22 00:28:39.034 D/TransportRuntime.JobInfoScheduler(16193): Upload for context TransportContext(cct, VERY_LOW, MSRodHRwczovL2ZpcmViYXNlbG9nZ2luZy5nb29nbGVhcGlzLmNvbS92MGNjL2xvZy9iYXRjaD9mb3JtYXQ9anNvbl9wcm90bzNc) is already scheduled. Returning...
04-22 00:28:39.034 D/ViewRootImpl(16193): Skipping stats log for color mode
04-22 00:28:39.036 D/BackgroundInstallControlService(  683): Package event received: 0
04-22 00:28:39.383 D/wpa_supplicant(  938): nl80211: Drv Event 64 (NL80211_CMD_NOTIFY_CQM) received for wlan0
04-22 00:28:39.383 D/wpa_supplicant(  938): nl80211: Beacon loss event
04-22 00:28:39.383 D/wpa_supplicant(  938): wlan0: Event BEACON_LOSS (53) received
04-22 00:28:39.383 I/wpa_supplicant(  938): wlan0: CTRL-EVENT-BEACON-LOSS 
04-22 00:28:39.987 D/WM-DelayedWorkTracker( 1626): Scheduling work 25b27109-2983-4bbd-aeb6-521a57209cab
04-22 00:28:39.988 D/WM-GreedyScheduler( 1626): Starting tracking for 25b27109-2983-4bbd-aeb6-521a57209cab
04-22 00:28:39.995 D/WM-ConstraintTracker( 1626): BatteryNotLowTracker: initial state = true
04-22 00:28:39.995 D/WM-BrdcstRcvrCnstrntTrc( 1626): BatteryNotLowTracker: registering receiver
04-22 00:28:39.996 D/WM-GreedyScheduler( 1626): Constraints met: Scheduling work ID WorkGenerationalId(workSpecId=25b27109-2983-4bbd-aeb6-521a57209cab, generation=0)
04-22 00:28:39.998 D/WM-Processor( 1626): Processor: processing WorkGenerationalId(workSpecId=25b27109-2983-4bbd-aeb6-521a57209cab, generation=0)
04-22 00:28:39.999 D/WM-WorkerWrapper( 1626): Starting work for com.android.providers.media.photopicker.sync.ProactiveSyncWorker
04-22 00:28:40.001 I/PSyncWorker( 1626): Starting proactive picker sync from sync source: 1
04-22 00:28:40.002 I/PickerSyncTracker( 1626): Created new sync future java.util.concurrent.CompletableFuture@da078fb[Not completed, 1 dependents]. Future map: {25b27109-2983-4bbd-aeb6-521a57209cab=java.util.concurrent.CompletableFuture@da078fb[Not completed, 1 dependents]}
04-22 00:28:40.002 D/PickerSyncController( 1626): syncAllMediaFromProvider() LOCAL, auth=com.android.providers.media.photopicker, retry=true
04-22 00:28:40.002 D/PickerSyncController( 1626): getSyncRequestParams() LOCAL, auth=com.android.providers.media.photopicker
04-22 00:28:40.004 D/PickerSyncController( 1626):    Latest ID/Gen=6f8ecfbdc15b436a:external_primary/108
04-22 00:28:40.004 D/PickerSyncController( 1626):    Cached ID/Gen=6f8ecfbdc15b436a:external_primary/101
04-22 00:28:40.004 D/PickerSyncController( 1626):    RESULT=SyncRequestParams{type=MEDIA_INCREMENTAL, gen=101, latest=Bundle[{last_media_sync_generation=108, media_collection_id=6f8ecfbdc15b436a:external_primary}], pageSize=1000}
04-22 00:28:40.004 I/PickerSyncController( 1626): Executing SyncAdd. isLocal: true. authority: com.android.providers.media.photopicker
04-22 00:28:40.004 D/PickerSyncLockManager( 1626): Trying to acquire lock com.android.providers.media.photopicker.sync.CloseableReentrantLock@ebd1132[Unlocked]. Lock Name = CLOUD_PROVIDER_LOCK. Threads that may be waiting to acquire this lock = [] with timeout.
04-22 00:28:40.004 D/CloseableReentrantLock( 1626): Successfully acquired lock com.android.providers.media.photopicker.sync.CloseableReentrantLock@ebd1132[Locked by thread pool-4-thread-8]. Lock Name = CLOUD_PROVIDER_LOCK. Threads that may be waiting to acquire this lock = []
04-22 00:28:40.004 D/CloseableReentrantLock( 1626): Successfully released lock com.android.providers.media.photopicker.sync.CloseableReentrantLock@ebd1132[Unlocked]. Lock Name = CLOUD_PROVIDER_LOCK. Threads that may be waiting to acquire this lock = []
04-22 00:28:40.004 D/ExternalDbFacade( 1626): Token received for queryMedia = null
04-22 00:28:40.005 D/PickerSyncLockManager( 1626): Trying to acquire lock com.android.providers.media.photopicker.sync.CloseableReentrantLock@ebd1132[Unlocked]. Lock Name = CLOUD_PROVIDER_LOCK. Threads that may be waiting to acquire this lock = [] with timeout.
04-22 00:28:40.005 D/CloseableReentrantLock( 1626): Successfully acquired lock com.android.providers.media.photopicker.sync.CloseableReentrantLock@ebd1132[Locked by thread pool-4-thread-8]. Lock Name = CLOUD_PROVIDER_LOCK. Threads that may be waiting to acquire this lock = []
04-22 00:28:40.005 D/PickerSyncController( 1626): Saving next page token: 1776787809000|23 for key: local_provider:media_add:resume
04-22 00:28:40.005 D/CloseableReentrantLock( 1626): Successfully released lock com.android.providers.media.photopicker.sync.CloseableReentrantLock@ebd1132[Unlocked]. Lock Name = CLOUD_PROVIDER_LOCK. Threads that may be waiting to acquire this lock = []
04-22 00:28:40.006 D/PickerNotificationSender( 1626): Sending a notification for media update
04-22 00:28:40.007 D/WM-SystemJobService( 1626): onStartJob for WorkGenerationalId(workSpecId=25b27109-2983-4bbd-aeb6-521a57209cab, generation=0)
04-22 00:28:40.007 D/PickerNotificationSender( 1626): Sending a notification for merged album media update Videos
04-22 00:28:40.007 D/PickerNotificationSender( 1626): Sending a notification for album media update Videos
04-22 00:28:40.007 D/WM-Processor( 1626): Work WorkGenerationalId(workSpecId=25b27109-2983-4bbd-aeb6-521a57209cab, generation=0) is already enqueued for processing
04-22 00:28:40.008 D/PickerNotificationSender( 1626): Sending a notification for merged album media update Favorites
04-22 00:28:40.008 D/PickerNotificationSender( 1626): Sending a notification for album media update Favorites
04-22 00:28:40.009 D/ExternalDbFacade( 1626): Token received for queryMedia = 1776787809000|23
04-22 00:28:40.009 D/PickerSyncLockManager( 1626): Trying to acquire lock com.android.providers.media.photopicker.sync.CloseableReentrantLock@ebd1132[Unlocked]. Lock Name = CLOUD_PROVIDER_LOCK. Threads that may be waiting to acquire this lock = [] with timeout.
04-22 00:28:40.009 D/CloseableReentrantLock( 1626): Successfully acquired lock com.android.providers.media.photopicker.sync.CloseableReentrantLock@ebd1132[Locked by thread pool-4-thread-8]. Lock Name = CLOUD_PROVIDER_LOCK. Threads that may be waiting to acquire this lock = []
04-22 00:28:40.009 D/PickerSyncController( 1626): Clearing next page token for key: local_provider:media_add:resume
04-22 00:28:40.010 D/CloseableReentrantLock( 1626): Successfully released lock com.android.providers.media.photopicker.sync.CloseableReentrantLock@ebd1132[Unlocked]. Lock Name = CLOUD_PROVIDER_LOCK. Threads that may be waiting to acquire this lock = []
04-22 00:28:40.010 D/PickerNotificationSender( 1626): Sending a notification for media update
04-22 00:28:40.010 D/PickerNotificationSender( 1626): Sending a notification for merged album media update Videos
04-22 00:28:40.010 D/PickerNotificationSender( 1626): Sending a notification for album media update Videos
04-22 00:28:40.010 D/PickerNotificationSender( 1626): Sending a notification for merged album media update Favorites
04-22 00:28:40.010 D/PickerNotificationSender( 1626): Sending a notification for album media update Favorites
04-22 00:28:40.010 I/PickerSyncController( 1626): Paged sync successful. QueryArgs: Bundle[{android.provider.extra.PAGE_TOKEN=1776787809000|23, android.provider.extra.SYNC_GENERATION=101, android.provider.extra.PAGE_SIZE=1000}] Total Rows: 1
04-22 00:28:40.010 I/PickerSyncController( 1626): Executing SyncRemove. isLocal: true. authority: com.android.providers.media.photopicker
04-22 00:28:40.010 D/PickerSyncLockManager( 1626): Trying to acquire lock com.android.providers.media.photopicker.sync.CloseableReentrantLock@ebd1132[Unlocked]. Lock Name = CLOUD_PROVIDER_LOCK. Threads that may be waiting to acquire this lock = [] with timeout.
04-22 00:28:40.010 D/CloseableReentrantLock( 1626): Successfully acquired lock com.android.providers.media.photopicker.sync.CloseableReentrantLock@ebd1132[Locked by thread pool-4-thread-8]. Lock Name = CLOUD_PROVIDER_LOCK. Threads that may be waiting to acquire this lock = []
04-22 00:28:40.010 D/CloseableReentrantLock( 1626): Successfully released lock com.android.providers.media.photopicker.sync.CloseableReentrantLock@ebd1132[Unlocked]. Lock Name = CLOUD_PROVIDER_LOCK. Threads that may be waiting to acquire this lock = []
04-22 00:28:40.010 D/PickerSyncLockManager( 1626): Trying to acquire lock com.android.providers.media.photopicker.sync.CloseableReentrantLock@ebd1132[Unlocked]. Lock Name = CLOUD_PROVIDER_LOCK. Threads that may be waiting to acquire this lock = [] with timeout.
04-22 00:28:40.010 D/CloseableReentrantLock( 1626): Successfully acquired lock com.android.providers.media.photopicker.sync.CloseableReentrantLock@ebd1132[Locked by thread pool-4-thread-8]. Lock Name = CLOUD_PROVIDER_LOCK. Threads that may be waiting to acquire this lock = []
04-22 00:28:40.010 D/PickerSyncController( 1626): Clearing next page token for key: local_provider:media_remove:resume
04-22 00:28:40.010 D/CloseableReentrantLock( 1626): Successfully released lock com.android.providers.media.photopicker.sync.CloseableReentrantLock@ebd1132[Unlocked]. Lock Name = CLOUD_PROVIDER_LOCK. Threads that may be waiting to acquire this lock = []
04-22 00:28:40.010 D/PickerNotificationSender( 1626): Sending a notification for media update
04-22 00:28:40.010 D/PickerNotificationSender( 1626): Sending a notification for merged album media update Videos
04-22 00:28:40.010 D/PickerNotificationSender( 1626): Sending a notification for album media update Videos
04-22 00:28:40.010 D/PickerNotificationSender( 1626): Sending a notification for merged album media update Favorites
04-22 00:28:40.010 D/PickerNotificationSender( 1626): Sending a notification for album media update Favorites
04-22 00:28:40.012 I/PickerSyncController( 1626): Paged sync successful. QueryArgs: Bundle[{android.provider.extra.PAGE_TOKEN=1776787809000|23, android.provider.extra.SYNC_GENERATION=101, android.provider.extra.PAGE_SIZE=1000}] Total Rows: 0
04-22 00:28:40.012 I/PickerSyncTracker( 1626): Marked sync future complete for work id: 25b27109-2983-4bbd-aeb6-521a57209cab. Future map: {}
04-22 00:28:40.013 I/PSyncWorker( 1626): Completed picker proactive sync complete from local provider.
04-22 00:28:40.015 I/WM-WorkerWrapper( 1626): Worker result SUCCESS for Work [ id=25b27109-2983-4bbd-aeb6-521a57209cab, tags={ com.android.providers.media.photopicker.sync.ProactiveSyncWorker } ]
04-22 00:28:40.016 D/WM-Processor( 1626): Processor 25b27109-2983-4bbd-aeb6-521a57209cab executed; reschedule = false
04-22 00:28:40.016 D/WM-GreedyScheduler( 1626): Stopping tracking for WorkGenerationalId(workSpecId=25b27109-2983-4bbd-aeb6-521a57209cab, generation=0)
04-22 00:28:40.017 D/WM-SystemJobService( 1626): 25b27109-2983-4bbd-aeb6-521a57209cab executed on JobScheduler
04-22 00:28:40.019 D/WM-GreedyScheduler( 1626): Cancelling work ID 25b27109-2983-4bbd-aeb6-521a57209cab
04-22 00:28:40.022 D/WM-BrdcstRcvrCnstrntTrc( 1626): BatteryNotLowTracker: unregistering receiver
04-22 00:28:40.971 W/BestClock(  683): java.time.DateTimeException: No network time available
04-22 00:28:40.972 W/BestClock(  683): java.time.DateTimeException: No network time available
04-22 00:28:40.972 W/BestClock(  683): java.time.DateTimeException: No network time available
04-22 00:28:40.972 W/BestClock(  683): java.time.DateTimeException: No network time available
04-22 00:28:40.972 W/BestClock(  683): java.time.DateTimeException: No network time available
