--------- beginning of main
04-22 00:28:32.651 I/assembly.assembly.android.mixc-retail-rn84(16193): [assembly.topology] Native topology host already matches desired lifecycle state {"displayCount":1,"displayIndex":0,"deviceId":"ZJ63NQELD9","instanceMode":"SLAVE","enableSlave":false,"running":false,"reason":"not-master-or-single-primary-host"}
04-22 00:28:32.651 I/assembly.assembly.android.mixc-retail-rn84(16193): [assembly.topology] Native topology host already matches desired lifecycle state {"displayCount":1,"displayIndex":0,"deviceId":"ZJ63NQELD9","instanceMode":"SLAVE","enableSlave":false,"running":false,"reason":"not-master-or-single-primary-host"}
04-22 00:28:32.651 I/assembly.assembly.android.mixc-retail-rn84(16193): [assembly.topology] Native topology host already matches desired lifecycle state {"displayCount":1,"displayIndex":0,"deviceId":"ZJ63NQELD9","instanceMode":"SLAVE","enableSlave":false,"running":false,"reason":"not-master-or-single-primary-host"}
04-22 00:28:32.651 I/assembly.assembly.android.mixc-retail-rn84(16193): [assembly.topology] Native topology host already matches desired lifecycle state {"displayCount":1,"displayIndex":0,"deviceId":"ZJ63NQELD9","instanceMode":"SLAVE","enableSlave":false,"running":false,"reason":"not-master-or-single-primary-host"}
04-22 00:28:32.656 I/ConnectorManager(16193): call start taskId=3e019d5a2e61489b8216e3b7ef68debe channel=INTENT/camera action=com.impos2.posadapter.action.CAMERA_SCAN timeout=60000
04-22 00:28:32.657 V/GrammaticalInflectionUtils(  683): AttributionSource: AttributionSource { uid = 10214, packageName = null, attributionTag = null, token = android.os.Binder@d3d534, deviceId = 0, next = null } does not have READ_SYSTEM_GRAMMATICAL_GENDER permission.
--------- beginning of system
04-22 00:28:32.657 W/OptProp (  683): Cannot read opt property android.window.PROPERTY_COMPAT_ALLOW_USER_ASPECT_RATIO_OVERRIDE
04-22 00:28:32.657 W/OptProp (  683): Cannot read opt property android.window.PROPERTY_COMPAT_ALLOW_USER_ASPECT_RATIO_FULLSCREEN_OVERRIDE
04-22 00:28:32.657 W/OptProp (  683): Cannot read opt property android.window.PROPERTY_COMPAT_ALLOW_RESIZEABLE_ACTIVITY_OVERRIDES
04-22 00:28:32.657 W/OptProp (  683): Cannot read opt property android.window.PROPERTY_COMPAT_ALLOW_MIN_ASPECT_RATIO_OVERRIDE
04-22 00:28:32.658 W/OptProp (  683): Cannot read opt property android.window.PROPERTY_COMPAT_ALLOW_ORIENTATION_OVERRIDE
04-22 00:28:32.658 I/ActivityTaskManager(  683): Ignoring manifest-declared fixed orientation SCREEN_ORIENTATION_PORTRAIT of ActivityRecord{184612346 u0 com.impos2.mixcretailassemblyrn84/com.impos2.adapterv2.camera.CameraScanActivity t30} since target sdk 36
04-22 00:28:32.659 I/ActivityTaskManager(  683): START u0 {act=com.impos2.posadapter.action.CAMERA_SCAN flg=0x24000000 xflg=0x4 cmp=com.impos2.mixcretailassemblyrn84/com.impos2.adapterv2.camera.CameraScanActivity (has extras)} with LAUNCH_MULTIPLE from uid 10214 (sr=222698957) (BAL_ALLOW_VISIBLE_WINDOW) result code=0
04-22 00:28:32.659 I/CameraScannerManager(16193): startScan success: requestId=f4c2371c-90d4-415c-85ed-40f4728bb307, scanMode=QR_CODE_MODE, waitResult=true
04-22 00:28:32.659 V/WindowManagerShell(  957): Transition requested (#102): android.os.BinderProxy@778131a TransitionRequestInfo { type = OPEN, triggerTask = TaskInfo{userId=0 taskId=30 effectiveUid=10214 displayId=0 isRunning=true baseIntent=Intent { flg=0x10000000 cmp=com.impos2.mixcretailassemblyrn84/.MainActivity } baseActivity=ComponentInfo{com.impos2.mixcretailassemblyrn84/com.impos2.mixcretailassemblyrn84.MainActivity} topActivity=ComponentInfo{com.impos2.mixcretailassemblyrn84/com.impos2.adapterv2.camera.CameraScanActivity} origActivity=null realActivity=ComponentInfo{com.impos2.mixcretailassemblyrn84/com.impos2.mixcretailassemblyrn84.MainActivity} numActivities=2 lastActiveTime=14370203 supportsMultiWindow=true resizeMode=1 isResizeable=true minWidth=-1 minHeight=-1 defaultMinSize=220 token=WCT{android.window.IWindowContainerToken$Stub$Proxy@40e3e4b} topActivityType=1 pictureInPictureParams=null shouldDockBigOverlays=false launchIntoPipHostTaskId=-1 lastParentTaskIdBeforePip=-1 displayCutoutSafeInsets=Rect(0, 0 - 0, 0) topActivityInfo=ActivityInfo{a0d9028 com.impos2.adapterv2.camera.CameraScanActivity} launchCookies=[] positionInParent=Point(0, 0) parentTaskId=-1 isFocused=true isVisible=true isVisibleRequested=true isTopActivityNoDisplay=false isSleeping=false locusId=null displayAreaFeatureId=1 isTopActivityTransparent=false isActivityStackTransparent=false lastNonFullscreenBounds=Rect(892, 102 - 1668, 1482) capturedLink=null capturedLinkTimestamp=0 requestedVisibleTypes=-9 topActivityRequestOpenInBrowserEducationTimestamp=0 appCompatTaskInfo=AppCompatTaskInfo { topActivityInSizeCompat=false eligibleForLetterboxEducation= false isLetterboxEducationEnabled= true isLetterboxDoubleTapEnabled= false eligibleForUserAspectRatioButton= true topActivityBoundsLetterboxed= false isFromLetterboxDoubleTap= false topActivityLetterboxVerticalPosition= -1 topActivityLetterboxHorizontalPosition= -1 topActivityLetterboxWidth=-1 topActivityLetterboxHeight=-1 topActivityAppBounds=Rect(0, 0 - 2560, 1600) isUserFullscreenOverrideEnabled=false isSystemFullscreenOverrideEnabled=false hasMinAspectRatioOverride=false topActivityLetterboxBounds=null cameraCompatTaskInfo=CameraCompatTaskInfo { freeformCameraCompatMode=inactive}} topActivityMainWindowFrame=null}, pipChange = null, remoteTransition = null, displayChange = null, flags = 0, debugId = 102 }
04-22 00:28:32.660 D/ShellSplitScreen(  957): logExit: no-op, mLoggerSessionId is null
04-22 00:28:32.674 I/BpBinder(  515): onLastStrongRef automatically unlinking death recipients: 
04-22 00:28:32.676 W/unknown:BridgelessReact(16193): ReactHost{0}.onUserLeaveHint(activity)
04-22 00:28:32.676 W/unknown:BridgelessReact(16193): ReactHost{0}.onHostPause(activity)
04-22 00:28:32.676 W/unknown:BridgelessReact(16193): ReactHost{0}.ReactContext.onHostPause()
04-22 00:28:32.677 W/OptProp (  683): Cannot read opt property android.window.PROPERTY_COMPAT_ALLOW_DISPLAY_ORIENTATION_OVERRIDE
04-22 00:28:32.677 W/OptProp (  683): Cannot read opt property android.window.PROPERTY_COMPAT_ENABLE_FAKE_FOCUS
04-22 00:28:32.678 D/BackgroundInstallControlService(  683): Package event received: 0
04-22 00:28:32.679 W/IPCThreadState(  683): Sending oneway calls to frozen process.
04-22 00:28:32.679 W/IPCThreadState(  683): Sending oneway calls to frozen process.
04-22 00:28:32.679 W/IPCThreadState(  683): Sending oneway calls to frozen process.
04-22 00:28:32.679 W/IPCThreadState(  683): Sending oneway calls to frozen process.
04-22 00:28:32.679 W/IPCThreadState(  683): Sending oneway calls to frozen process.
04-22 00:28:32.679 D/BackgroundInstallControlService(  683): Package event received: 0
04-22 00:28:32.679 W/IPCThreadState(  683): Sending oneway calls to frozen process.
04-22 00:28:32.679 W/IPCThreadState(  683): Sending oneway calls to frozen process.
04-22 00:28:32.679 D/BackgroundInstallControlService(  683): Package event received: 0
04-22 00:28:32.680 W/IPCThreadState(  683): Sending oneway calls to frozen process.
04-22 00:28:32.680 W/IPCThreadState(  683): Sending oneway calls to frozen process.
04-22 00:28:32.680 W/IPCThreadState(  683): Sending oneway calls to frozen process.
04-22 00:28:32.680 W/IPCThreadState(  683): Sending oneway calls to frozen process.
04-22 00:28:32.680 W/IPCThreadState(  683): Sending oneway calls to frozen process.
04-22 00:28:32.680 I/ailassemblyrn84(16193): AssetManager2(0xb400007aa8c535d8) locale list changing from [] to [en-US]
04-22 00:28:32.681 W/IPCThreadState(  683): Sending oneway calls to frozen process.
04-22 00:28:32.681 W/IPCThreadState(  683): Sending oneway calls to frozen process.
04-22 00:28:32.681 W/IPCThreadState(  683): Sending oneway calls to frozen process.
04-22 00:28:32.681 W/IPCThreadState(  683): Sending oneway calls to frozen process.
04-22 00:28:32.681 W/IPCThreadState(  683): Sending oneway calls to frozen process.
04-22 00:28:32.681 W/IPCThreadState(  683): Sending oneway calls to frozen process.
04-22 00:28:32.681 W/IPCThreadState(  683): Sending oneway calls to frozen process.
04-22 00:28:32.681 W/IPCThreadState(  683): Sending oneway calls to frozen process.
04-22 00:28:32.681 W/IPCThreadState(  683): Sending oneway calls to frozen process.
04-22 00:28:32.681 W/IPCThreadState(  683): Sending oneway calls to frozen process.
04-22 00:28:32.681 W/IPCThreadState(  683): Sending oneway calls to frozen process.
04-22 00:28:32.681 W/IPCThreadState(  683): Sending oneway calls to frozen process.
04-22 00:28:32.681 W/IPCThreadState(  683): Sending oneway calls to frozen process.
04-22 00:28:32.681 W/IPCThreadState(  683): Sending oneway calls to frozen process.
04-22 00:28:32.681 W/IPCThreadState(  683): Sending oneway calls to frozen process.
04-22 00:28:32.681 W/IPCThreadState(  683): Sending oneway calls to frozen process.
04-22 00:28:32.682 W/IPCThreadState(  683): Sending oneway calls to frozen process.
04-22 00:28:32.682 W/IPCThreadState(  683): Sending oneway calls to frozen process.
04-22 00:28:32.682 W/IPCThreadState(  683): Sending oneway calls to frozen process.
04-22 00:28:32.682 W/IPCThreadState(  683): Sending oneway calls to frozen process.
04-22 00:28:32.682 W/IPCThreadState(  683): Sending oneway calls to frozen process.
04-22 00:28:32.682 W/IPCThreadState(  683): Sending oneway calls to frozen process.
04-22 00:28:32.682 W/IPCThreadState(  683): Sending oneway calls to frozen process.
04-22 00:28:32.682 W/IPCThreadState(  683): Sending oneway calls to frozen process.
04-22 00:28:32.682 W/IPCThreadState(  683): Sending oneway calls to frozen process.
04-22 00:28:32.682 W/IPCThreadState(  683): Sending oneway calls to frozen process.
04-22 00:28:32.682 W/IPCThreadState(  683): Sending oneway calls to frozen process.
04-22 00:28:32.682 W/IPCThreadState(  683): Sending oneway calls to frozen process.
04-22 00:28:32.682 W/IPCThreadState(  683): Sending oneway calls to frozen process.
04-22 00:28:32.682 W/IPCThreadState(  683): Sending oneway calls to frozen process.
04-22 00:28:32.682 W/IPCThreadState(  683): Sending oneway calls to frozen process.
04-22 00:28:32.683 W/IPCThreadState(  683): Sending oneway calls to frozen process.
04-22 00:28:32.683 W/IPCThreadState(  683): Sending oneway calls to frozen process.
04-22 00:28:32.683 W/IPCThreadState(  683): Sending oneway calls to frozen process.
04-22 00:28:32.684 D/AutofillManager(16193): Fill dialog is enabled:false, hints=[]
04-22 00:28:32.685 D/InsetsController(16193): Setting requestedVisibleTypes to -16 (was -9)
04-22 00:28:32.686 W/WindowManager(  683): Failed looking up window session=Session{95e0a9 16193:u0a10214} callers=com.android.server.wm.WindowManagerService.windowForClientLocked:6410 com.android.server.wm.Session.updateRequestedVisibleTypes:700 android.view.IWindowSession$Stub.onTransact:1023 
04-22 00:28:32.687 I/DynamiteModule(16193): Considering local module com.google.mlkit.dynamite.barcode:10000 and remote module com.google.mlkit.dynamite.barcode:0
04-22 00:28:32.687 I/DynamiteModule(16193): Selected local version of com.google.mlkit.dynamite.barcode
04-22 00:28:32.687 D/CameraOrientationUtil(16193): getRelativeImageRotation: destRotationDegrees=0, sourceRotationDegrees=90, isOppositeFacing=true, result=90
04-22 00:28:32.688 D/CameraOrientationUtil(16193): getRelativeImageRotation: destRotationDegrees=0, sourceRotationDegrees=90, isOppositeFacing=true, result=90
04-22 00:28:32.688 D/TransportRuntime.SQLiteEventStore(16193): Storing event with priority=DEFAULT, name=FIREBASE_ML_SDK for destination cct
04-22 00:28:32.688 D/TransportRuntime.JobInfoScheduler(16193): Upload for context TransportContext(cct, DEFAULT, MSRodHRwczovL2ZpcmViYXNlbG9nZ2luZy5nb29nbGVhcGlzLmNvbS92MGNjL2xvZy9iYXRjaD9mb3JtYXQ9anNvbl9wcm90bzNc) is already scheduled. Returning...
04-22 00:28:32.689 D/DynamicRangeResolver(16193): Resolved dynamic range for use case androidx.camera.core.s-d7eec3ba-2d97-42fa-b6ca-b8204292c8fd to no compatible HDR dynamic ranges.
04-22 00:28:32.689 D/DynamicRangeResolver(16193): DynamicRange@32738a{encoding=UNSPECIFIED, bitDepth=0}
04-22 00:28:32.689 D/DynamicRangeResolver(16193): ->
04-22 00:28:32.689 D/DynamicRangeResolver(16193): DynamicRange@b28e9f5{encoding=SDR, bitDepth=8}
04-22 00:28:32.690 D/CameraOrientationUtil(16193): getRelativeImageRotation: destRotationDegrees=0, sourceRotationDegrees=90, isOppositeFacing=true, result=90
04-22 00:28:32.690 D/DeferrableSurface(16193): Surface created[total_surfaces=1, used_surfaces=0](E.E$a@e2a17e9}
04-22 00:28:32.690 D/DeferrableSurface(16193): Surface created[total_surfaces=2, used_surfaces=0](t.f0$b@68349a5}
04-22 00:28:32.690 D/DeferrableSurface(16193): New surface in use[total_surfaces=2, used_surfaces=1](t.f0$b@68349a5}
04-22 00:28:32.690 D/DeferrableSurface(16193): use count+1, useCount=1 t.f0$b@68349a5
04-22 00:28:32.691 D/CameraOrientationUtil(16193): getRelativeImageRotation: destRotationDegrees=0, sourceRotationDegrees=90, isOppositeFacing=true, result=90
04-22 00:28:32.691 D/CameraOrientationUtil(16193): getRelativeImageRotation: destRotationDegrees=0, sourceRotationDegrees=90, isOppositeFacing=true, result=90
04-22 00:28:32.691 D/CameraOrientationUtil(16193): getRelativeImageRotation: destRotationDegrees=0, sourceRotationDegrees=90, isOppositeFacing=true, result=90
04-22 00:28:32.691 D/DeferrableSurface(16193): Surface created[total_surfaces=3, used_surfaces=1](w.d0@f6e8b46}
04-22 00:28:32.691 D/Camera2CameraImpl(16193): {Camera@9cc7c2b[id=10]} Use case androidx.camera.core.s-d7eec3ba-2d97-42fa-b6ca-b8204292c8fd204327405 ACTIVE
04-22 00:28:32.691 D/UseCaseAttachState(16193): Active and attached use case: [] for camera: 10
04-22 00:28:32.694 D/Camera2CameraImpl(16193): {Camera@9cc7c2b[id=10]} Use case androidx.camera.core.f-3ec4a195-73fa-48b0-96ed-3844324a2899223567906 ACTIVE
04-22 00:28:32.694 D/CoreBackPreview(  683): Window{b5877c6 u0 com.impos2.mixcretailassemblyrn84/com.impos2.adapterv2.camera.CameraScanActivity}: Setting back callback OnBackInvokedCallbackInfo{mCallback=android.window.IOnBackInvokedCallback$Stub$Proxy@a7e52b4, mPriority=-1, mIsAnimationCallback=false, mOverrideBehavior=0}
04-22 00:28:32.694 D/UseCaseAttachState(16193): Active and attached use case: [] for camera: 10
04-22 00:28:32.694 D/Camera2CameraImpl(16193): {Camera@9cc7c2b[id=10]} Use cases [androidx.camera.core.s-d7eec3ba-2d97-42fa-b6ca-b8204292c8fd204327405, androidx.camera.core.f-3ec4a195-73fa-48b0-96ed-3844324a2899223567906] now ATTACHED
04-22 00:28:32.695 D/UseCaseAttachState(16193): All use case: [androidx.camera.core.s-d7eec3ba-2d97-42fa-b6ca-b8204292c8fd204327405, androidx.camera.core.f-3ec4a195-73fa-48b0-96ed-3844324a2899223567906] for camera: 10
04-22 00:28:32.695 D/UseCaseAttachState(16193): Active and attached use case: [androidx.camera.core.s-d7eec3ba-2d97-42fa-b6ca-b8204292c8fd204327405, androidx.camera.core.f-3ec4a195-73fa-48b0-96ed-3844324a2899223567906] for camera: 10
04-22 00:28:32.695 D/Camera2CameraImpl(16193): {Camera@9cc7c2b[id=10]} Resetting Capture Session
04-22 00:28:32.695 D/Camera2CameraImpl(16193): {Camera@9cc7c2b[id=10]} Releasing session in state INITIALIZED
04-22 00:28:32.695 D/Camera2CameraImpl(16193): {Camera@9cc7c2b[id=10]} Attempting to force open the camera.
04-22 00:28:32.695 D/CameraStateRegistry(16193): tryOpenCamera(Camera@9cc7c2b[id=10]) [Available Cameras: 1, Already Open: false (Previous state: CLOSED)] --> SUCCESS
04-22 00:28:32.695 D/CameraStateRegistry(16193): Recalculating open cameras:
04-22 00:28:32.695 D/CameraStateRegistry(16193): Camera                                       State                 
04-22 00:28:32.695 D/CameraStateRegistry(16193): -------------------------------------------------------------------
04-22 00:28:32.695 D/CameraStateRegistry(16193): Camera@9cc7c2b[id=10]                        OPENING               
04-22 00:28:32.695 D/CameraStateRegistry(16193): Camera@ae30e0f[id=1]                         UNKNOWN               
04-22 00:28:32.695 D/CameraStateRegistry(16193): -------------------------------------------------------------------
04-22 00:28:32.695 D/CameraStateRegistry(16193): Open count: 1 (Max allowed: 1)
04-22 00:28:32.695 D/Camera2CameraImpl(16193): {Camera@9cc7c2b[id=10]} Opening camera.
04-22 00:28:32.695 D/Camera2CameraImpl(16193): {Camera@9cc7c2b[id=10]} Transitioning camera internal state: INITIALIZED --> OPENING
04-22 00:28:32.695 D/CameraStateMachine(16193): New public camera state CameraState{type=OPENING, error=null} from OPENING and null
04-22 00:28:32.695 D/CameraStateMachine(16193): Publishing new public camera state CameraState{type=OPENING, error=null}
04-22 00:28:32.695 D/UseCaseAttachState(16193): All use case: [androidx.camera.core.s-d7eec3ba-2d97-42fa-b6ca-b8204292c8fd204327405, androidx.camera.core.f-3ec4a195-73fa-48b0-96ed-3844324a2899223567906] for camera: 10
04-22 00:28:32.696 D/TransportRuntime.SQLiteEventStore(16193): Storing event with priority=VERY_LOW, name=FIREBASE_ML_SDK for destination cct
04-22 00:28:32.696 D/TransportRuntime.JobInfoScheduler(16193): Upload for context TransportContext(cct, VERY_LOW, MSRodHRwczovL2ZpcmViYXNlbG9nZ2luZy5nb29nbGVhcGlzLmNvbS92MGNjL2xvZy9iYXRjaD9mb3JtYXQ9anNvbl9wcm90bzNc) is already scheduled. Returning...
04-22 00:28:32.698 D/Camera3-Utils(  582): Set real time priority for thread (tid 4741)
04-22 00:28:32.698 I/CameraService(  582): CameraService::connect call (PID 16193 "com.impos2.mixcretailassemblyrn84", camera ID 10) and Camera API version 2
04-22 00:28:32.699 I/Camera2ClientBase(  582): Camera 10: Opened. Client: com.impos2.mixcretailassemblyrn84 (PID 16193, UID 10214)
04-22 00:28:32.699 I/CameraDeviceClient(  582): CameraDeviceClient 10: Opened
04-22 00:28:32.699 I/CameraService(  582): makeClient: Camera2 API, rotationOverride 1
04-22 00:28:32.699 D/CameraService(  582): notifyCameraOpening: Bypassing checkOp for uid 10214
04-22 00:28:32.699 W/IPCThreadState(  582): Sending oneway calls to frozen process.
04-22 00:28:32.699 W/IPCThreadState(  582): Sending oneway calls to frozen process.
04-22 00:28:32.703 D/Camera3-Utils(  582): Set regular priority for thread (tid 4741)
04-22 00:28:32.704 D/Camera2CameraImpl(16193): {Camera@9cc7c2b[id=10]} Use case androidx.camera.core.s-d7eec3ba-2d97-42fa-b6ca-b8204292c8fd204327405 ACTIVE
04-22 00:28:32.704 I/Camera2ClientBase(  582): ~Camera2ClientBase: Client object's dtor for Camera Id 10 completed. Client was: com.impos2.mixcretailassemblyrn84 (PID 16193, UID 10214)
04-22 00:28:32.704 I/Camera3-Device(  582): disconnectImpl: E
04-22 00:28:32.704 I/Camera3DeviceInjectionMethods(  582): injectionDisconnectImpl: Injection camera disconnect
04-22 00:28:32.704 D/UseCaseAttachState(16193): Active and attached use case: [androidx.camera.core.s-d7eec3ba-2d97-42fa-b6ca-b8204292c8fd204327405, androidx.camera.core.f-3ec4a195-73fa-48b0-96ed-3844324a2899223567906] for camera: 10
04-22 00:28:32.705 D/Camera2CameraImpl(16193): {Camera@9cc7c2b[id=10]} Use case androidx.camera.core.f-3ec4a195-73fa-48b0-96ed-3844324a2899223567906 ACTIVE
04-22 00:28:32.705 D/UseCaseAttachState(16193): Active and attached use case: [androidx.camera.core.s-d7eec3ba-2d97-42fa-b6ca-b8204292c8fd204327405, androidx.camera.core.f-3ec4a195-73fa-48b0-96ed-3844324a2899223567906] for camera: 10
04-22 00:28:32.705 D/Camera2CameraImpl(16193): {Camera@9cc7c2b[id=10]} CameraDevice.onOpened()
04-22 00:28:32.705 D/Camera2CameraImpl(16193): {Camera@9cc7c2b[id=10]} Transitioning camera internal state: OPENING --> OPENED
04-22 00:28:32.705 D/CameraStateRegistry(16193): Recalculating open cameras:
04-22 00:28:32.705 D/CameraStateRegistry(16193): Camera                                       State                 
04-22 00:28:32.705 D/CameraStateRegistry(16193): -------------------------------------------------------------------
04-22 00:28:32.705 D/CameraStateRegistry(16193): Camera@9cc7c2b[id=10]                        OPEN                  
04-22 00:28:32.705 D/CameraStateRegistry(16193): Camera@ae30e0f[id=1]                         UNKNOWN               
04-22 00:28:32.705 D/CameraStateRegistry(16193): -------------------------------------------------------------------
04-22 00:28:32.705 D/CameraStateRegistry(16193): Open count: 1 (Max allowed: 1)
04-22 00:28:32.705 D/CameraStateMachine(16193): New public camera state CameraState{type=OPEN, error=null} from OPEN and null
04-22 00:28:32.705 D/CameraStateMachine(16193): Publishing new public camera state CameraState{type=OPEN, error=null}
04-22 00:28:32.705 D/UseCaseAttachState(16193): All use case: [androidx.camera.core.s-d7eec3ba-2d97-42fa-b6ca-b8204292c8fd204327405, androidx.camera.core.f-3ec4a195-73fa-48b0-96ed-3844324a2899223567906] for camera: 10
04-22 00:28:32.706 D/UseCaseAttachState(16193): Active and attached use case: [androidx.camera.core.s-d7eec3ba-2d97-42fa-b6ca-b8204292c8fd204327405, androidx.camera.core.f-3ec4a195-73fa-48b0-96ed-3844324a2899223567906] for camera: 10
04-22 00:28:32.723 D/PreviewView(16193): Surface requested by Preview.
04-22 00:28:32.725 D/SurfaceViewImpl(16193): Surface created.
04-22 00:28:32.725 D/SurfaceViewImpl(16193): Surface changed. Size: 1280x960
04-22 00:28:32.727 D/PreviewView(16193): Preview transformation info updated. TransformationInfo{getCropRect=Rect(0, 0 - 1280, 960), getRotationDegrees=90, getTargetRotation=-1, hasCameraTransform=true, getSensorToBufferTransform=Matrix{[1.0, 0.0, 0.0][0.0, 1.0, 0.0][0.0, 0.0, 1.0]}, getMirroring=false}
04-22 00:28:32.727 D/PreviewTransform(16193): Transformation info set: TransformationInfo{getCropRect=Rect(0, 0 - 1280, 960), getRotationDegrees=90, getTargetRotation=-1, hasCameraTransform=true, getSensorToBufferTransform=Matrix{[1.0, 0.0, 0.0][0.0, 1.0, 0.0][0.0, 0.0, 1.0]}, getMirroring=false} 1280x960 false
04-22 00:28:32.727 D/CameraOrientationUtil(16193): getRelativeImageRotation: destRotationDegrees=0, sourceRotationDegrees=90, isOppositeFacing=true, result=90
04-22 00:28:32.727 D/SurfaceViewImpl(16193): Surface set on Preview.
04-22 00:28:32.727 V/WindowManagerShell(  957): onTransitionReady(transaction=2933462667610)
04-22 00:28:32.727 D/SyncCaptureSessionBase(16193): [androidx.camera.camera2.internal.K0@65524a6] getSurface...done
04-22 00:28:32.727 D/CaptureSession(16193): Opening capture session.
04-22 00:28:32.728 V/WindowManagerShell(  957): onTransitionReady (#102) android.os.BinderProxy@778131a: {id=102 t=OPEN f=0x0 trk=0 r=[0@Point(0, 0)] c=[
04-22 00:28:32.728 V/WindowManagerShell(  957):         {m=OPEN f=FILLS_TASK leash=Surface(name=ActivityRecord{184612346 u0 com.impos2.mixcretailassemblyrn84/com.impos2.adapterv2.camera.CameraScanActivity)/@0xa2c141 sb=Rect(0, 0 - 0, 0) eb=Rect(0, 0 - 2560, 1600) epz=Point(2560, 1600) d=-1->0 r=-1->0:-1 bc=ff303030 component=com.impos2.mixcretailassemblyrn84/com.impos2.adapterv2.camera.CameraScanActivity opt={t=FROM_STYLE mUserId=0}},
04-22 00:28:32.728 V/WindowManagerShell(  957):         {m=TO_BACK f=FILLS_TASK leash=Surface(name=ActivityRecord{222698957 u0 com.impos2.mixcretailassemblyrn84/.MainActivity)/@0x57446e6 sb=Rect(0, 0 - 2560, 1600) eb=Rect(0, 0 - 2560, 1600) epz=Point(2560, 1600) d=0 bc=ff303030 component=com.impos2.mixcretailassemblyrn84/.MainActivity opt={t=FROM_STYLE mUserId=0}}
04-22 00:28:32.728 V/WindowManagerShell(  957):     ]}
04-22 00:28:32.728 V/WindowManagerShell(  957): Playing animation for (#102) android.os.BinderProxy@778131a@0
04-22 00:28:32.728 V/ShellRecents(  957): RecentsTransitionHandler.startAnimation: no controller found
04-22 00:28:32.728 V/WindowManagerShell(  957): Transition doesn't have explicit remote, search filters for match for {id=102 t=OPEN f=0x0 trk=0 r=[0@Point(0, 0)] c=[{m=OPEN f=FILLS_TASK leash=Surface(name=ActivityRecord{184612346 u0 com.impos2.mixcretailassemblyrn84/com.impos2.adapterv2.camera.CameraScanActivity)/@0xa2c141 sb=Rect(0, 0 - 0, 0) eb=Rect(0, 0 - 2560, 1600) epz=Point(2560, 1600) d=-1->0 r=-1->0:-1 bc=ff303030 component=com.impos2.mixcretailassemblyrn84/com.impos2.adapterv2.camera.CameraScanActivity opt={t=FROM_STYLE mUserId=0}},{m=TO_BACK f=FILLS_TASK leash=Surface(name=ActivityRecord{222698957 u0 com.impos2.mixcretailassemblyrn84/.MainActivity)/@0x57446e6 sb=Rect(0, 0 - 2560, 1600) eb=Rect(0, 0 - 2560, 1600) epz=Point(2560, 1600) d=0 bc=ff303030 component=com.impos2.mixcretailassemblyrn84/.MainActivity opt={t=FROM_STYLE mUserId=0}}]}
04-22 00:28:32.728 V/WindowManagerShell(  957):  Checking filter Pair{{types=[] flags=0x0] notFlags=0x0 checks=[{atype=undefined independent=true modes=[CLOSE,TO_BACK] flags=IN_TASK_WITH_EMBEDDED_ACTIVITY mustBeTask=false order=ANY topActivity=null launchCookie=null taskFragmentToken=android.os.BinderProxy@c0a78a1 windowingMode=undefined}]} RemoteTransition { remoteTransition = android.window.IRemoteTransition$Stub$Proxy@ebc9ac6, appThread = android.app.IApplicationThread$Stub$Proxy@89a6a87, debugName = overlayBackTransition }}
04-22 00:28:32.728 V/WindowManagerShell(  957):  Checking filter Pair{{types=[] flags=0x0] notFlags=0x0 checks=[{atype=dream independent=true modes=[OPEN,TO_FRONT] flags=NONE mustBeTask=false order=ANY topActivity=null launchCookie=null windowingMode=undefined},{atype=home independent=true modes=[CLOSE,TO_BACK] flags=NONE mustBeTask=false order=ANY topActivity=null launchCookie=null windowingMode=undefined}]} RemoteTransition { remoteTransition = android.window.IRemoteTransition$Stub$Proxy@19eadb4, appThread = android.app.IApplicationThread$Stub$Proxy@6b4fddd, debugName = LauncherToDream }}
04-22 00:28:32.728 V/WindowManagerShell(  957):  Checking filter Pair{{types=[] flags=0x0] notFlags=0x100 checks=[{atype=home independent=true modes=[OPEN,TO_FRONT] flags=NONE mustBeTask=false order=TOP topActivity=ComponentInfo{com.google.android.apps.nexuslauncher/com.google.android.apps.nexuslauncher.NexusLauncherActivity} launchCookie=null windowingMode=undefined},{atype=standard independent=true modes=[CLOSE,TO_BACK] flags=NONE mustBeTask=false order=ANY topActivity=null launchCookie=null windowingMode=undefined},{NOT atype=undefined independent=true modes=[] flags=NONE mustBeTask=true order=ANY topActivity=null launchCookie=null customAnim=true windowingMode=undefined}]} RemoteTransition { remoteTransition = android.window.IRemoteTransition$Stub$Proxy@6579d52, appThread = android.app.IApplicationThread$Stub$Proxy@4a92823, debugName = QuickstepLaunchHome }}
04-22 00:28:32.728 V/WindowManagerShell(  957):  Delegate animation for (#102) to null
04-22 00:28:32.728 V/WindowManagerShell(  957): start default transition animation, info = {id=102 t=OPEN f=0x0 trk=0 r=[0@Point(0, 0)] c=[{m=OPEN f=FILLS_TASK leash=Surface(name=ActivityRecord{184612346 u0 com.impos2.mixcretailassemblyrn84/com.impos2.adapterv2.camera.CameraScanActivity)/@0xa2c141 sb=Rect(0, 0 - 0, 0) eb=Rect(0, 0 - 2560, 1600) epz=Point(2560, 1600) d=-1->0 r=-1->0:-1 bc=ff303030 component=com.impos2.mixcretailassemblyrn84/com.impos2.adapterv2.camera.CameraScanActivity opt={t=FROM_STYLE mUserId=0}},{m=TO_BACK f=FILLS_TASK leash=Surface(name=ActivityRecord{222698957 u0 com.impos2.mixcretailassemblyrn84/.MainActivity)/@0x57446e6 sb=Rect(0, 0 - 2560, 1600) eb=Rect(0, 0 - 2560, 1600) epz=Point(2560, 1600) d=0 bc=ff303030 component=com.impos2.mixcretailassemblyrn84/.MainActivity opt={t=FROM_STYLE mUserId=0}}]}
04-22 00:28:32.728 V/WindowManagerShell(  957): loadAnimation: anim=android.view.animation.AnimationSet@fadeb72 animAttr=0x5 type=OPEN isEntrance=false
04-22 00:28:32.728 V/WindowManagerShell(  957): loadAnimation: anim=android.view.animation.AnimationSet@96b4cbe animAttr=0x4 type=OPEN isEntrance=true
04-22 00:28:32.729 I/ActivityTaskManager(  683): Displayed com.impos2.mixcretailassemblyrn84/com.impos2.adapterv2.camera.CameraScanActivity for user 0: +68ms
04-22 00:28:32.729 V/WindowManagerShell(  957):  animated by com.android.wm.shell.transition.DefaultTransitionHandler@419789b
04-22 00:28:32.729 D/DeferrableSurface(16193): use count+1, useCount=2 t.f0$b@68349a5
04-22 00:28:32.729 D/DeferrableSurface(16193): New surface in use[total_surfaces=3, used_surfaces=2](w.d0@f6e8b46}
04-22 00:28:32.729 D/DeferrableSurface(16193): use count+1, useCount=1 w.d0@f6e8b46
04-22 00:28:32.730 W/cameraserver(  582): createConfiguredSurface: Camera 10 with consumer usage flag: 2304: Forcing asynchronous mode forstream
04-22 00:28:32.731 V/WindowManager(  683): Sent Transition (#102) createdAt=04-22 00:28:32.657 via request=TransitionRequestInfo { type = OPEN, triggerTask = TaskInfo{userId=0 taskId=30 effectiveUid=10214 displayId=0 isRunning=true baseIntent=Intent { flg=0x10000000 cmp=com.impos2.mixcretailassemblyrn84/.MainActivity } baseActivity=ComponentInfo{com.impos2.mixcretailassemblyrn84/com.impos2.mixcretailassemblyrn84.MainActivity} topActivity=ComponentInfo{com.impos2.mixcretailassemblyrn84/com.impos2.adapterv2.camera.CameraScanActivity} origActivity=null realActivity=ComponentInfo{com.impos2.mixcretailassemblyrn84/com.impos2.mixcretailassemblyrn84.MainActivity} numActivities=2 lastActiveTime=14370203 supportsMultiWindow=true resizeMode=1 isResizeable=true minWidth=-1 minHeight=-1 defaultMinSize=220 token=WCT{RemoteToken{69541e7 Task{d7d5682 #30 type=standard A=10214:com.impos2.mixcretailassemblyrn84}}} topActivityType=1 pictureInPictureParams=null shouldDockBigOverlays=false launchIntoPipHostTaskId=-1 lastParentTaskIdBeforePip=-1 displayCutoutSafeInsets=Rect(0, 0 - 0, 0) topActivityInfo=ActivityInfo{c07e620 com.impos2.adapterv2.camera.CameraScanActivity} launchCookies=[] positionInParent=Point(0, 0) parentTaskId=-1 isFocused=true isVisible=true isVisibleRequested=true isTopActivityNoDisplay=false isSleeping=false locusId=null displayAreaFeatureId=1 isTopActivityTransparent=false isActivityStackTransparent=false lastNonFullscreenBounds=Rect(892, 102 - 1668, 1482) capturedLink=null capturedLinkTimestamp=0 requestedVisibleTypes=-9 topActivityRequestOpenInBrowserEducationTimestamp=0 appCompatTaskInfo=AppCompatTaskInfo { topActivityInSizeCompat=false eligibleForLetterboxEducation= false isLetterboxEducationEnabled= true isLetterboxDoubleTapEnabled= false eligibleForUserAspectRatioButton= true topActivityBoundsLetterboxed= false isFromLetterboxDoubleTap= false topActivityLetterboxVerticalPosition= -1 topActivityLetterboxHorizontalPosition= -1 topActivityLetterboxWidth=-1 topActivityLetterboxHeight=-1 topActivityAppBounds=Rect(0, 0 - 2560, 1600) isUserFullscreenOverrideEnabled=false isSystemFullscreenOverrideEnabled=false hasMinAspectRatioOverride=false topActivityLetterboxBounds=null cameraCompatTaskInfo=CameraCompatTaskInfo { freeformCameraCompatMode=inactive}} topActivityMainWindowFrame=null}, pipChange = null, remoteTransition = null, displayChange = null, flags = 0, debugId = 102 }
04-22 00:28:32.731 V/WindowManager(  683):     startWCT=WindowContainerTransaction { changes= {} hops= [] errorCallbackToken=null taskFragmentOrganizer=null }
04-22 00:28:32.731 V/WindowManager(  683):     info={id=102 t=OPEN f=0x0 trk=0 r=[0@Point(0, 0)] c=[
04-22 00:28:32.731 V/WindowManager(  683):         {m=OPEN f=FILLS_TASK leash=Surface(name=ActivityRecord{184612346 u0 com.impos2.mixcretailassemblyrn84/com.impos2.adapterv2.camera.CameraScanActivity)/@0x343edd sb=Rect(0, 0 - 0, 0) eb=Rect(0, 0 - 2560, 1600) epz=Point(2560, 1600) d=-1->0 r=-1->0:-1 bc=ff303030 component=com.impos2.mixcretailassemblyrn84/com.impos2.adapterv2.camera.CameraScanActivity opt={t=FROM_STYLE mUserId=0}},
04-22 00:28:32.731 V/WindowManager(  683):         {m=TO_BACK f=FILLS_TASK leash=Surface(name=ActivityRecord{222698957 u0 com.impos2.mixcretailassemblyrn84/.MainActivity)/@0x9edf9c2 sb=Rect(0, 0 - 2560, 1600) eb=Rect(0, 0 - 2560, 1600) epz=Point(2560, 1600) d=0 bc=ff303030 component=com.impos2.mixcretailassemblyrn84/.MainActivity opt={t=FROM_STYLE mUserId=0}}
04-22 00:28:32.731 V/WindowManager(  683):     ]}
04-22 00:28:32.733 W/cameraserver(  582): createConfiguredSurface: Camera 10: Overriding format 0x4 to IMPLEMENTATION_DEFINED
04-22 00:28:32.736 D/Camera3-Utils(  582): Set real time priority for thread (tid 4741)
04-22 00:28:32.737 D/camera.provider.ranchu(  466): CameraDeviceSession:configureStreams:176 cfg={ .streams.size=2, .operationMode=0, .cfg.sessionParams.size()=64,  .streamConfigCounter=1, .multiResolutionInputImage=false }
04-22 00:28:32.737 D/camera.provider.ranchu(  466): CameraDeviceSession:configureStreams:199 stream={ .id=0, .streamType=0, .width=1280, .height=960, .format=IMPLEMENTATION_DEFINED, .usage=0x900, .dataSpace={ .low=0x0, .s=0, .t=0, .r=0 }, .rotation=0, .physicalCameraId='', .bufferSize=0, .groupId=-1, .dynamicRangeProfile=0x1 }
04-22 00:28:32.737 D/camera.provider.ranchu(  466): CameraDeviceSession:configureStreams:199 stream={ .id=1, .streamType=0, .width=640, .height=480, .format=YCBCR_420_888, .usage=0x3, .dataSpace={ .low=0x0, .s=2, .t=3, .r=1 }, .rotation=0, .physicalCameraId='', .bufferSize=0, .groupId=-1, .dynamicRangeProfile=0x1 }
04-22 00:28:32.740 D/Camera3-Device(  582): Set real time priority for request queue thread (tid 17972)
04-22 00:28:32.740 D/Camera3-Utils(  582): Set regular priority for thread (tid 4741)
04-22 00:28:32.740 D/CaptureSession(16193): Attempting to send capture request onConfigured
04-22 00:28:32.740 D/CaptureSession(16193): Issuing request for session.
04-22 00:28:32.740 D/Camera2CaptureRequestBuilder(16193): createCaptureRequest
04-22 00:28:32.742 D/CameraService(  582): startCameraStreamingOps: Start data delivery for uid 10214
04-22 00:28:32.745 D/CaptureSession(16193): CameraCaptureSession.onConfigured() mState=OPENED
04-22 00:28:32.745 D/CaptureSession(16193): CameraCaptureSession.onReady() OPENED
04-22 00:28:32.760 D/StreamStateObserver(16193): Update Preview stream state to STREAMING
04-22 00:28:32.762 D/TransportRuntime.SQLiteEventStore(16193): Storing event with priority=VERY_LOW, name=FIREBASE_ML_SDK for destination cct
04-22 00:28:32.762 D/TransportRuntime.JobInfoScheduler(16193): Upload for context TransportContext(cct, VERY_LOW, MSRodHRwczovL2ZpcmViYXNlbG9nZ2luZy5nb29nbGVhcGlzLmNvbS92MGNjL2xvZy9iYXRjaD9mb3JtYXQ9anNvbl9wcm90bzNc) is already scheduled. Returning...
04-22 00:28:32.766 I/tflite  (16193): Replacing 43 out of 43 node(s) with delegate (TfLiteXNNPackDelegate) node, yielding 1 partitions for the whole graph.
04-22 00:28:32.767 I/tflite  (16193): Replacing 35 out of 47 node(s) with delegate (TfLiteXNNPackDelegate) node, yielding 23 partitions for the whole graph.
04-22 00:28:32.767 I/native  (16193): I0000 00:00:1776788912.767962   17978 oned_decoder_client.cc:696] barhopper::deep_learning::OnedDecoderClient is created successfully.
04-22 00:28:32.772 D/TransportRuntime.SQLiteEventStore(16193): Storing event with priority=VERY_LOW, name=FIREBASE_ML_SDK for destination cct
04-22 00:28:32.772 D/TransportRuntime.JobInfoScheduler(16193): Upload for context TransportContext(cct, VERY_LOW, MSRodHRwczovL2ZpcmViYXNlbG9nZ2luZy5nb29nbGVhcGlzLmNvbS92MGNjL2xvZy9iYXRjaD9mb3JtYXQ9anNvbl9wcm90bzNc) is already scheduled. Returning...
04-22 00:28:32.777 D/TransportRuntime.SQLiteEventStore(16193): Storing event with priority=VERY_LOW, name=FIREBASE_ML_SDK for destination cct
04-22 00:28:32.777 D/TransportRuntime.JobInfoScheduler(16193): Upload for context TransportContext(cct, VERY_LOW, MSRodHRwczovL2ZpcmViYXNlbG9nZ2luZy5nb29nbGVhcGlzLmNvbS92MGNjL2xvZy9iYXRjaD9mb3JtYXQ9anNvbl9wcm90bzNc) is already scheduled. Returning...
04-22 00:28:32.784 D/TransportRuntime.SQLiteEventStore(16193): Storing event with priority=VERY_LOW, name=FIREBASE_ML_SDK for destination cct
04-22 00:28:32.785 D/TransportRuntime.JobInfoScheduler(16193): Upload for context TransportContext(cct, VERY_LOW, MSRodHRwczovL2ZpcmViYXNlbG9nZ2luZy5nb29nbGVhcGlzLmNvbS92MGNjL2xvZy9iYXRjaD9mb3JtYXQ9anNvbl9wcm90bzNc) is already scheduled. Returning...
04-22 00:28:32.824 D/CompositionEngine(  515): Layer: com.impos2.mixcretailassemblyrn84/com.impos2.adapterv2.camera.CameraScanActivity#888 had an out of bounds transparent region
04-22 00:28:32.824 D/Region  (  515):   Region transparentRegionHint (this=0xb400006f60e65140, count=1)
04-22 00:28:32.824 D/Region  (  515):     [  0, -907, 1280,   0]
04-22 00:28:32.828 I/ImeTracker(  683): com.impos2.mixcretailassemblyrn84:ceeac54d: onRequestHide at ORIGIN_SERVER reason HIDE_UNSPECIFIED_WINDOW fromUser false
04-22 00:28:32.829 D/InsetsController(16193): hide(ime(), fromIme=false)
04-22 00:28:32.829 I/ImeTracker(16193): com.impos2.mixcretailassemblyrn84:ceeac54d: onCancelled at PHASE_CLIENT_ALREADY_HIDDEN
04-22 00:28:32.830 I/GoogleInputMethodService( 1576): GoogleInputMethodService.onFinishInput():2043 
04-22 00:28:32.831 I/Module  ( 1576): DeviceLockedStatusModuleProvider$Module.updateDeviceLockedStatus():100 repeatCheckTimes = 0, locked = false
04-22 00:28:32.831 I/GoogleInputMethodService( 1576): GoogleInputMethodService.onStartInput():1293 onStartInput(EditorInfo{EditorInfo{packageName=com.impos2.mixcretailassemblyrn84, inputType=0, inputTypeString=NULL, enableLearning=false, autoCorrection=false, autoComplete=false, imeOptions=0, privateImeOptions=null, actionName=UNSPECIFIED, actionLabel=null, initialSelStart=-1, initialSelEnd=-1, initialCapsMode=0, label=null, fieldId=0, fieldName=null, extras=null, hintText=null, hintLocales=[]}}, false)
04-22 00:28:32.831 I/Module  ( 1576): DeviceLockedStatusModuleProvider$Module.updateDeviceLockedStatus():100 repeatCheckTimes = 1, locked = false
04-22 00:28:32.831 I/ImeTracker(  683): system_server:313a5eb0: onRequestHide at ORIGIN_SERVER reason IME_REQUESTED_CHANGED_LISTENER fromUser false
04-22 00:28:32.832 I/ImeTracker(  683): system_server:313a5eb0: onCancelled at PHASE_SERVER_SHOULD_HIDE
04-22 00:28:32.832 I/EmojiCompatManager( 1576): EmojiCompatManager.getEmojiCompatIfLoaded():343 EmojiCompat.init() was never called.
04-22 00:28:32.832 I/EmojiCompatManager( 1576): java.lang.IllegalStateException: EmojiCompat is not initialized. Please call EmojiCompat.init() first
04-22 00:28:32.832 I/EmojiCompatManager( 1576): 	at asx.p(PG:6)
04-22 00:28:32.832 I/EmojiCompatManager( 1576): 	at axb.b(PG:13)
04-22 00:28:32.832 I/EmojiCompatManager( 1576): 	at jnr.b(PG:2)
04-22 00:28:32.832 I/EmojiCompatManager( 1576): 	at jnr.c(PG:4)
04-22 00:28:32.832 I/EmojiCompatManager( 1576): 	at jnr.f(PG:3)
04-22 00:28:32.832 I/EmojiCompatManager( 1576): 	at jnx.c(PG:3)
04-22 00:28:32.832 I/EmojiCompatManager( 1576): 	at kif.cz(PG:47)
04-22 00:28:32.832 I/EmojiCompatManager( 1576): 	at lhl.run(PG:1025)
04-22 00:28:32.832 I/EmojiCompatManager( 1576): 	at jaf.execute(PG:12)
04-22 00:28:32.832 I/EmojiCompatManager( 1576): 	at nco.v(PG:13)
04-22 00:28:32.832 I/EmojiCompatManager( 1576): 	at lhn.m(PG:96)
04-22 00:28:32.832 I/EmojiCompatManager( 1576): 	at lhn.k(PG:25)
04-22 00:28:32.832 I/EmojiCompatManager( 1576): 	at kgn.onStartInput(PG:250)
04-22 00:28:32.832 I/EmojiCompatManager( 1576): 	at android.inputmethodservice.InputMethodService.doStartInput(InputMethodService.java:3521)
04-22 00:28:32.832 I/EmojiCompatManager( 1576): 	at android.inputmethodservice.InputMethodService$InputMethodImpl.startInput(InputMethodService.java:879)
04-22 00:28:32.832 I/EmojiCompatManager( 1576): 	at android.inputmethodservice.InputMethodService$InputMethodImpl.dispatchStartInput(InputMethodService.java:908)
04-22 00:28:32.832 I/EmojiCompatManager( 1576): 	at android.inputmethodservice.IInputMethodWrapper.executeMessage(IInputMethodWrapper.java:201)
04-22 00:28:32.832 I/EmojiCompatManager( 1576): 	at com.android.internal.os.HandlerCaller$MyHandler.handleMessage(HandlerCaller.java:44)
04-22 00:28:32.832 I/EmojiCompatManager( 1576): 	at android.os.Handler.dispatchMessage(Handler.java:110)
04-22 00:28:32.832 I/EmojiCompatManager( 1576): 	at android.os.Looper.loopOnce(Looper.java:248)
04-22 00:28:32.832 I/EmojiCompatManager( 1576): 	at android.os.Looper.loop(Looper.java:338)
04-22 00:28:32.832 I/EmojiCompatManager( 1576): 	at android.app.ActivityThread.main(ActivityThread.java:9067)
04-22 00:28:32.832 I/EmojiCompatManager( 1576): 	at java.lang.reflect.Method.invoke(Native Method)
04-22 00:28:32.832 I/EmojiCompatManager( 1576): 	at com.android.internal.os.RuntimeInit$MethodAndArgsCaller.run(RuntimeInit.java:593)
04-22 00:28:32.832 I/EmojiCompatManager( 1576): 	at com.android.internal.os.ZygoteInit.main(ZygoteInit.java:932)
04-22 00:28:32.832 W/PackageConfigPersister(  683): App-specific configuration not found for packageName: com.impos2.mixcretailassemblyrn84 and userId: 0
04-22 00:28:32.842 D/CompositionEngine(  515): Layer: com.impos2.mixcretailassemblyrn84/com.impos2.adapterv2.camera.CameraScanActivity#888 had an out of bounds transparent region
04-22 00:28:32.842 D/Region  (  515):   Region transparentRegionHint (this=0xb400006f60e65140, count=1)
04-22 00:28:32.842 D/Region  (  515):     [  0, -907, 1280,   0]
04-22 00:28:32.857 D/CompositionEngine(  515): Layer: com.impos2.mixcretailassemblyrn84/com.impos2.adapterv2.camera.CameraScanActivity#888 had an out of bounds transparent region
04-22 00:28:32.857 D/Region  (  515):   Region transparentRegionHint (this=0xb400006f60e65140, count=1)
04-22 00:28:32.857 D/Region  (  515):     [  0, -907, 1280,   0]
04-22 00:28:32.874 D/CompositionEngine(  515): Layer: com.impos2.mixcretailassemblyrn84/com.impos2.adapterv2.camera.CameraScanActivity#888 had an out of bounds transparent region
04-22 00:28:32.874 D/Region  (  515):   Region transparentRegionHint (this=0xb400006f60e65140, count=1)
04-22 00:28:32.874 D/Region  (  515):     [  0, -907, 1280,   0]
04-22 00:28:32.891 D/CompositionEngine(  515): Layer: com.impos2.mixcretailassemblyrn84/com.impos2.adapterv2.camera.CameraScanActivity#888 had an out of bounds transparent region
04-22 00:28:32.891 D/Region  (  515):   Region transparentRegionHint (this=0xb400006f60e65140, count=1)
04-22 00:28:32.891 D/Region  (  515):     [  0, -907, 1280,   0]
04-22 00:28:32.908 D/CompositionEngine(  515): Layer: com.impos2.mixcretailassemblyrn84/com.impos2.adapterv2.camera.CameraScanActivity#888 had an out of bounds transparent region
04-22 00:28:32.908 D/Region  (  515):   Region transparentRegionHint (this=0xb400006f60e65140, count=1)
04-22 00:28:32.908 D/Region  (  515):     [  0, -907, 1280,   0]
04-22 00:28:32.924 D/CompositionEngine(  515): Layer: com.impos2.mixcretailassemblyrn84/com.impos2.adapterv2.camera.CameraScanActivity#888 had an out of bounds transparent region
04-22 00:28:32.924 D/Region  (  515):   Region transparentRegionHint (this=0xb400006f60e65140, count=1)
04-22 00:28:32.924 D/Region  (  515):     [  0, -907, 1280,   0]
04-22 00:28:32.941 D/CompositionEngine(  515): Layer: com.impos2.mixcretailassemblyrn84/com.impos2.adapterv2.camera.CameraScanActivity#888 had an out of bounds transparent region
04-22 00:28:32.941 D/Region  (  515):   Region transparentRegionHint (this=0xb400006f60e65140, count=1)
04-22 00:28:32.941 D/Region  (  515):     [  0, -907, 1280,   0]
04-22 00:28:32.957 D/CompositionEngine(  515): Layer: com.impos2.mixcretailassemblyrn84/com.impos2.adapterv2.camera.CameraScanActivity#888 had an out of bounds transparent region
04-22 00:28:32.957 D/Region  (  515):   Region transparentRegionHint (this=0xb400006f60e65140, count=1)
04-22 00:28:32.957 D/Region  (  515):     [  0, -907, 1280,   0]
04-22 00:28:32.957 I/RanchuHwc(  483): logCompositionFallbackIfChanged: layer 216 CompositionType fallback from 2 to 1
04-22 00:28:32.974 D/CompositionEngine(  515): Layer: com.impos2.mixcretailassemblyrn84/com.impos2.adapterv2.camera.CameraScanActivity#888 had an out of bounds transparent region
04-22 00:28:32.974 D/Region  (  515):   Region transparentRegionHint (this=0xb400006f60e65140, count=1)
04-22 00:28:32.974 D/Region  (  515):     [  0, -907, 1280,   0]
04-22 00:28:32.990 D/CompositionEngine(  515): Layer: com.impos2.mixcretailassemblyrn84/com.impos2.adapterv2.camera.CameraScanActivity#888 had an out of bounds transparent region
04-22 00:28:32.990 D/Region  (  515):   Region transparentRegionHint (this=0xb400006f60e65140, count=1)
04-22 00:28:32.990 D/Region  (  515):     [  0, -907, 1280,   0]
04-22 00:28:33.008 D/CompositionEngine(  515): Layer: com.impos2.mixcretailassemblyrn84/com.impos2.adapterv2.camera.CameraScanActivity#888 had an out of bounds transparent region
04-22 00:28:33.008 D/Region  (  515):   Region transparentRegionHint (this=0xb400006f60e65140, count=1)
04-22 00:28:33.008 D/Region  (  515):     [  0, -907, 1280,   0]
04-22 00:28:33.024 D/CompositionEngine(  515): Layer: com.impos2.mixcretailassemblyrn84/com.impos2.adapterv2.camera.CameraScanActivity#888 had an out of bounds transparent region
04-22 00:28:33.024 D/Region  (  515):   Region transparentRegionHint (this=0xb400006f60e65140, count=1)
04-22 00:28:33.024 D/Region  (  515):     [  0, -907, 1280,   0]
04-22 00:28:33.040 D/CompositionEngine(  515): Layer: com.impos2.mixcretailassemblyrn84/com.impos2.adapterv2.camera.CameraScanActivity#888 had an out of bounds transparent region
04-22 00:28:33.040 D/Region  (  515):   Region transparentRegionHint (this=0xb400006f60e65140, count=1)
04-22 00:28:33.040 D/Region  (  515):     [  0, -907, 1280,   0]
04-22 00:28:33.057 D/CompositionEngine(  515): Layer: com.impos2.mixcretailassemblyrn84/com.impos2.adapterv2.camera.CameraScanActivity#888 had an out of bounds transparent region
04-22 00:28:33.057 D/Region  (  515):   Region transparentRegionHint (this=0xb400006f60e65140, count=1)
04-22 00:28:33.057 D/Region  (  515):     [  0, -907, 1280,   0]
04-22 00:28:33.076 D/CompositionEngine(  515): Layer: com.impos2.mixcretailassemblyrn84/com.impos2.adapterv2.camera.CameraScanActivity#888 had an out of bounds transparent region
04-22 00:28:33.076 D/Region  (  515):   Region transparentRegionHint (this=0xb400006f60e65140, count=1)
04-22 00:28:33.076 D/Region  (  515):     [  0, -907, 1280,   0]
04-22 00:28:33.090 D/CompositionEngine(  515): Layer: com.impos2.mixcretailassemblyrn84/com.impos2.adapterv2.camera.CameraScanActivity#888 had an out of bounds transparent region
04-22 00:28:33.090 D/Region  (  515):   Region transparentRegionHint (this=0xb400006f60e65140, count=1)
04-22 00:28:33.090 D/Region  (  515):     [  0, -907, 1280,   0]
04-22 00:28:33.107 D/CompositionEngine(  515): Layer: com.impos2.mixcretailassemblyrn84/com.impos2.adapterv2.camera.CameraScanActivity#888 had an out of bounds transparent region
04-22 00:28:33.107 D/Region  (  515):   Region transparentRegionHint (this=0xb400006f60e65140, count=1)
04-22 00:28:33.107 D/Region  (  515):     [  0, -907, 1280,   0]
04-22 00:28:33.124 D/CompositionEngine(  515): Layer: com.impos2.mixcretailassemblyrn84/com.impos2.adapterv2.camera.CameraScanActivity#888 had an out of bounds transparent region
04-22 00:28:33.124 D/Region  (  515):   Region transparentRegionHint (this=0xb400006f60e65140, count=1)
04-22 00:28:33.124 D/Region  (  515):     [  0, -907, 1280,   0]
04-22 00:28:33.141 D/CompositionEngine(  515): Layer: com.impos2.mixcretailassemblyrn84/com.impos2.adapterv2.camera.CameraScanActivity#888 had an out of bounds transparent region
04-22 00:28:33.141 D/Region  (  515):   Region transparentRegionHint (this=0xb400006f60e65140, count=1)
04-22 00:28:33.141 D/Region  (  515):     [  0, -907, 1280,   0]
04-22 00:28:33.157 D/CompositionEngine(  515): Layer: com.impos2.mixcretailassemblyrn84/com.impos2.adapterv2.camera.CameraScanActivity#888 had an out of bounds transparent region
04-22 00:28:33.157 D/Region  (  515):   Region transparentRegionHint (this=0xb400006f60e65140, count=1)
04-22 00:28:33.157 D/Region  (  515):     [  0, -907, 1280,   0]
04-22 00:28:33.174 D/CompositionEngine(  515): Layer: com.impos2.mixcretailassemblyrn84/com.impos2.adapterv2.camera.CameraScanActivity#888 had an out of bounds transparent region
04-22 00:28:33.174 D/Region  (  515):   Region transparentRegionHint (this=0xb400006f60e65140, count=1)
04-22 00:28:33.174 D/Region  (  515):     [  0, -907, 1280,   0]
04-22 00:28:33.190 D/CompositionEngine(  515): Layer: com.impos2.mixcretailassemblyrn84/com.impos2.adapterv2.camera.CameraScanActivity#888 had an out of bounds transparent region
04-22 00:28:33.190 D/Region  (  515):   Region transparentRegionHint (this=0xb400006f60e65140, count=1)
04-22 00:28:33.190 D/Region  (  515):     [  0, -907, 1280,   0]
04-22 00:28:33.194 V/WindowManagerShell(  957): Transition animation finished (aborted=false), notifying core (#102) android.os.BinderProxy@778131a@0
04-22 00:28:33.195 V/WindowManager(  683): Finish Transition (#102): created at 04-22 00:28:32.657 collect-started=0.012ms request-sent=2.053ms started=3.134ms ready=20.384ms sent=69.303ms commit=14.325ms finished=537.658ms
04-22 00:28:33.196 V/WindowManagerShell(  957): Track 0 became idle
04-22 00:28:33.196 V/WindowManagerShell(  957): All active transition animations finished
04-22 00:28:33.197 D/VRI[MainActivity](16193): visibilityChanged oldVisibility=true newVisibility=false
04-22 00:28:33.207 D/CompositionEngine(  515): Layer: com.impos2.mixcretailassemblyrn84/com.impos2.adapterv2.camera.CameraScanActivity#888 had an out of bounds transparent region
04-22 00:28:33.207 D/Region  (  515):   Region transparentRegionHint (this=0xb400006f60e65140, count=1)
04-22 00:28:33.207 D/Region  (  515):     [  0, -907, 1280,   0]
04-22 00:28:33.211 I/RefreshRateSelector(  515): Display 4619827259835644672 policy changed
04-22 00:28:33.211 I/RefreshRateSelector(  515): Previous: {defaultModeId=0, allowGroupSwitching=false, primaryRanges={physical=[0.00 Hz, inf Hz], render=[0.00 Hz, 60.00 Hz]}, appRequestRanges={physical=[0.00 Hz, inf Hz], render=[0.00 Hz, inf Hz]} idleScreenConfig=nullptr}
04-22 00:28:33.211 I/RefreshRateSelector(  515): Current:  DisplayManagerPolicy{defaultModeId=0, allowGroupSwitching=false, primaryRanges={physical=[60.00 Hz, inf Hz], render=[60.00 Hz, 60.00 Hz]}, appRequestRanges={physical=[60.00 Hz, inf Hz], render=[60.00 Hz, 60.00 Hz]} idleScreenConfig=nullptr}
