04-22 00:12:27.652 I/AccessibilityNodeInfoDumper(16698): Skipping invisible child: android.view.accessibility.AccessibilityNodeInfo@7a4d3; boundsInParent: Rect(0, 0 - 1654, 50); boundsInScreen: Rect(682, 2324 - 2336, 1497); boundsInWindow: Rect(682, 2324 - 2336, 1497); packageName: com.impos2.mixcretailassemblyrn84; className: android.widget.TextView; text: 无; error: null; maxTextLength: -1; stateDescription: null; contentDescription: null; tooltipText: null; containerTitle: null; viewIdResName: null; uniqueId: null; checkable: false; checked: false; focusable: false; focused: false; selected: false; clickable: false; longClickable: false; contextClickable: false; enabled: true; password: false; scrollable: false; granularScrollingSupported: false; importantForAccessibility: true; visible: false; actions: [AccessibilityAction: ACTION_SELECT - null, AccessibilityAction: ACTION_CLEAR_SELECTION - null, AccessibilityAction: ACTION_ACCESSIBILITY_FOCUS - null, AccessibilityAction: ACTION_NEXT_AT_MOVEMENT_GRANULARITY - null, AccessibilityAction: ACTION_PREVIOUS_AT_MOVEMENT_GRANULARITY - null, AccessibilityAction: ACTION_SET_SELECTION - null, AccessibilityAction: ACTION_SHOW_ON_SCREEN - null]; isTextSelectable: false
04-22 00:12:27.652 I/AccessibilityNodeInfoDumper(16698): Skipping invisible child: android.view.accessibility.AccessibilityNodeInfo@7a894; boundsInParent: Rect(0, 0 - 1654, 36); boundsInScreen: Rect(682, 2382 - 2336, 1497); boundsInWindow: Rect(682, 2382 - 2336, 1497); packageName: com.impos2.mixcretailassemblyrn84; className: android.widget.TextView; text: 控制面暂无异常。; error: null; maxTextLength: -1; stateDescription: null; contentDescription: null; tooltipText: null; containerTitle: null; viewIdResName: null; uniqueId: null; checkable: false; checked: false; focusable: false; focused: false; selected: false; clickable: false; longClickable: false; contextClickable: false; enabled: true; password: false; scrollable: false; granularScrollingSupported: false; importantForAccessibility: true; visible: false; actions: [AccessibilityAction: ACTION_SELECT - null, AccessibilityAction: ACTION_CLEAR_SELECTION - null, AccessibilityAction: ACTION_ACCESSIBILITY_FOCUS - null, AccessibilityAction: ACTION_NEXT_AT_MOVEMENT_GRANULARITY - null, AccessibilityAction: ACTION_PREVIOUS_AT_MOVEMENT_GRANULARITY - null, AccessibilityAction: ACTION_SET_SELECTION - null, AccessibilityAction: ACTION_SHOW_ON_SCREEN - null]; isTextSelectable: false
04-22 00:12:27.653 W/AccessibilityNodeInfoDumper(16698): Fetch time: 70ms
04-22 00:12:27.654 V/AccessibilityManagerService(  683): onUserStateChangedLocked for userId: 0, forceUpdate: false
04-22 00:12:27.654 W/MagnificationConnectionManager(  683): requestConnection duplicated request: connect=false, mConnectionState=DISCONNECTED
04-22 00:12:27.654 D/AccessibilityManagerService(  683): restoreCurrentUserForTestAutomationIfNeededLocked(): ignoring because device doesn't support visible background users
04-22 00:12:27.654 W/IPCThreadState(  683): Sending oneway calls to frozen process.
04-22 00:12:27.654 W/IPCThreadState(  683): Sending oneway calls to frozen process.
04-22 00:12:27.654 W/IPCThreadState(  683): Sending oneway calls to frozen process.
04-22 00:12:27.654 W/IPCThreadState(  683): Sending oneway calls to frozen process.
04-22 00:12:27.655 W/IPCThreadState(  683): Sending oneway calls to frozen process.
04-22 00:12:27.655 W/IPCThreadState(  683): Sending oneway calls to frozen process.
04-22 00:12:27.655 W/IPCThreadState(  683): Sending oneway calls to frozen process.
04-22 00:12:27.655 W/IPCThreadState(  683): Sending oneway calls to frozen process.
04-22 00:12:27.655 W/IPCThreadState(  683): Sending oneway calls to frozen process.
04-22 00:12:27.655 I/AiAiEcho( 1638): Settings changed for uri: content://settings/secure/accessibility_enabled
04-22 00:12:27.655 W/IPCThreadState(  683): Sending oneway calls to frozen process.
04-22 00:12:27.655 W/IPCThreadState(  683): Sending oneway calls to frozen process.
04-22 00:12:27.655 W/IPCThreadState(  683): Sending oneway calls to frozen process.
04-22 00:12:27.655 W/IPCThreadState(  683): Sending oneway calls to frozen process.
04-22 00:12:27.655 W/IPCThreadState(  683): Sending oneway calls to frozen process.
04-22 00:12:27.655 W/IPCThreadState(  683): Sending oneway calls to frozen process.
04-22 00:12:27.655 W/IPCThreadState(  683): Sending oneway calls to frozen process.
04-22 00:12:27.655 W/IPCThreadState(  683): Sending oneway calls to frozen process.
04-22 00:12:27.655 W/IPCThreadState(  683): Sending oneway calls to frozen process.
04-22 00:12:27.655 W/IPCThreadState(  683): Sending oneway calls to frozen process.
04-22 00:12:27.655 W/IPCThreadState(  683): Sending oneway calls to frozen process.
04-22 00:12:27.655 W/IPCThreadState(  683): Sending oneway calls to frozen process.
04-22 00:12:27.655 W/IPCThreadState(  683): Sending oneway calls to frozen process.
04-22 00:12:27.655 W/IPCThreadState(  683): Sending oneway calls to frozen process.
04-22 00:12:27.655 W/IPCThreadState(  683): Sending oneway calls to frozen process.
04-22 00:12:27.655 W/IPCThreadState(  683): Sending oneway calls to frozen process.
04-22 00:12:27.656 W/IPCThreadState(  683): Sending oneway calls to frozen process.
04-22 00:12:27.656 W/IPCThreadState(  683): Sending oneway calls to frozen process.
04-22 00:12:27.656 D/BatterySaverPolicy(  683): accessibility changed to false, updating policy.
04-22 00:12:27.657 W/IPCThreadState(16698): call to talkWithDriver in joinThreadPool returned error: -9 (Bad file descriptor), FD: -1
04-22 00:12:27.657 W/IPCThreadState(16698): call to talkWithDriver in joinThreadPool returned error: -9 (Bad file descriptor), FD: -1
04-22 00:12:27.657 W/IPCThreadState(16698): call to talkWithDriver in joinThreadPool returned error: -9 (Bad file descriptor), FD: -1
04-22 00:12:27.657 D/AndroidRuntime(16698): Shutting down VM
04-22 00:12:27.656 I/AiAiEcho( 1638): Predicting[0]:  [CONTEXT sampling_count=5 ]
04-22 00:12:27.657 I/AiAiEcho( 1638): EchoTargets: 
04-22 00:12:27.657 I/AiAiEcho( 1638): Filtered by AiAi flag check: 
04-22 00:12:27.657 I/AiAiEcho( 1638): [CONTEXT ratelimit_period="10 SECONDS" ]
04-22 00:12:27.657 I/AiAiEcho( 1638): #remoteViewsTwiddler: feature disabled.
04-22 00:12:27.658 I/AiAiEcho( 1638): Predicting[0]:  [CONTEXT sampling_count=5 ]
04-22 00:12:27.658 I/AiAiEcho( 1638): EchoTargets: 
04-22 00:12:27.658 I/AiAiEcho( 1638): Filtered by AiAi flag check: 
04-22 00:12:27.658 I/AiAiEcho( 1638): [CONTEXT ratelimit_period="10 SECONDS" ]
04-22 00:12:27.658 I/AiAiEcho( 1638): #remoteViewsTwiddler: feature disabled.
04-22 00:12:27.658 I/AiAiEcho( 1638): #postPredictionTargets: Sending updates to UISurface lockscreen with targets# 0 (types=[])
04-22 00:12:27.658 I/AiAiEcho( 1638): #postPredictionTargets: Sending updates to UISurface home with targets# 0 (types=[])
04-22 00:12:27.662 W/PageIndicator(  957): Total number of pages invalid: 0. Assuming 1 page.
04-22 00:12:27.662 D/SsBaseTemplateCard( 1096): No text view can be set up
04-22 00:12:27.662 D/SsBaseTemplateCard( 1096): Passed-in item info is null
04-22 00:12:27.662 D/SsBaseTemplateCard( 1096): Passed-in item info is null
04-22 00:12:27.662 D/SsBaseTemplateCard( 1096): Passed-in item info is null
04-22 00:12:27.662 I/SsBaseTemplateCard( 1096): Secondary card pane is null
04-22 00:12:28.962 D/NetworkMonitor/101( 1052): PROBE_HTTPS https://www.google.com/generate_204 Probe failed with exception javax.net.ssl.SSLHandshakeException: connection closed
04-22 00:12:28.964 D/NetworkMonitor/101( 1052): isCaptivePortal: isSuccessful()=false isPortal()=false RedirectUrl=null isPartialConnectivity()=true Time=11024ms
04-22 00:12:28.966 D/ConnectivityService(  683): [101 WIFI] validation failed
04-22 00:12:29.568 D/android.hardware.audio@7.1-impl.ranchu(  465): threadLoop: entering standby, frames: 1341504
04-22 00:12:29.568 D/android.hardware.audio@7.1-impl.ranchu(  465): ~TinyalsaSink: joining consumeThread
04-22 00:12:29.580 W/BestClock(  683): java.time.DateTimeException: No network time available
04-22 00:12:29.580 W/BestClock(  683): java.time.DateTimeException: No network time available
04-22 00:12:29.580 W/BestClock(  683): java.time.DateTimeException: No network time available
04-22 00:12:29.581 W/BestClock(  683): java.time.DateTimeException: No network time available
04-22 00:12:29.581 W/BestClock(  683): java.time.DateTimeException: No network time available
04-22 00:12:29.581 D/WifiClientModeImpl[9769:wlan0](  683): updateLinkLayerStatsRssiSpeedFrequencyCapabilities rssi=-50 TxLinkspeed=2 freq=2447 RxLinkSpeed=2
04-22 00:12:29.581 D/WifiDataStall(  683): tx tput in kbps: 11000
04-22 00:12:29.581 D/WifiDataStall(  683): rx tput in kbps: 11000
04-22 00:12:29.581 V/WifiConfigManager(  683): Updating scan detail cache freq=2447 BSSID=00:13:10:85:fe:01 RSSI=-50 for "AndroidWifi"NONE
04-22 00:12:29.581 D/WifiThroughputPredictor(  683):  utilization (LLS) 80 isBluetoothConnected: false final utilization: 80
04-22 00:12:29.581 D/WifiThroughputPredictor(  683):  BW: 0 RSSI: -50 Nss: 1 Mode: 1 symDur: 4000 snrDb 30 bitPerTone: 4500 rate: 54 throughput: 11
04-22 00:12:29.581 D/WifiThroughputPredictor(  683):  utilization (LLS) 80 isBluetoothConnected: false final utilization: 80
04-22 00:12:29.581 D/WifiThroughputPredictor(  683):  BW: 0 RSSI: -50 Nss: 1 Mode: 1 symDur: 4000 snrDb 30 bitPerTone: 4500 rate: 54 throughput: 11
04-22 00:12:29.581 D/WifiThroughputPredictor(  683):  utilization (LLS) 80 isBluetoothConnected: false final utilization: 80
04-22 00:12:29.581 D/WifiThroughputPredictor(  683):  BW: 0 RSSI: -50 Nss: 1 Mode: 1 symDur: 4000 snrDb 30 bitPerTone: 4500 rate: 54 throughput: 11
04-22 00:12:29.581 D/WifiThroughputPredictor(  683):  utilization (LLS) 80 isBluetoothConnected: false final utilization: 80
04-22 00:12:29.581 D/WifiThroughputPredictor(  683):  BW: 0 RSSI: -50 Nss: 1 Mode: 1 symDur: 4000 snrDb 30 bitPerTone: 4500 rate: 54 throughput: 11
04-22 00:12:29.582 D/WifiScoreCard(  683): BSSID update SIGNAL_POLL ID: 261501600 SSID: "AndroidWifi", BSSID: 00:13:10:85:fe:01, MAC: 02:15:b4:00:00:00, IP: /10.0.2.17, Security type: 0, Supplicant state: COMPLETED, Wi-Fi standard: legacy, RSSI: -50, Link speed: 2Mbps, Tx Link speed: 2Mbps, Max Supported Tx Link speed: 11Mbps, Rx Link speed: 2Mbps, Max Supported Rx Link speed: 11Mbps, Frequency: 2447MHz, Net ID: 0, Metered hint: false, score: 60, isUsable: true, CarrierMerged: false, SubscriptionId: -1, IsPrimary: 1, Trusted: true, Restricted: false, Ephemeral: false, OEM paid: false, OEM private: false, OSU AP: false, FQDN: <none>, Provider friendly name: <none>, Requesting package name: <none>"AndroidWifi"openMLO Information: , Is TID-To-Link negotiation supported by the AP: false, AP MLD Address: <none>, AP MLO Link Id: <none>, AP MLO Affiliated links: <none>, Vendor Data: <none>
04-22 00:12:29.582 D/WifiScoreCard(  683): txRate: 2 txSpeed: 2
04-22 00:12:29.582 D/WifiScoreCard(  683): network update SIGNAL_POLL "AndroidWifi" ID: 579418950 RSSI -50 txSpeed -1
04-22 00:12:29.582 D/WifiClientModeImpl[9769:wlan0](  683):  ClientModeImpl$L2ConnectedState screen=on 1 0 "AndroidWifi" 00:13:10:85:fe:01 rssi=-50 f=2447 sc=60 link=2 tx=1.6, 0.0, 0.0 rx=1.6 bcn=0 [on:0 tx:0 rx:0 period:3004] from screen [on:0 period:-1328510962] score=60
04-22 00:12:29.586 D/android.hardware.audio@7.1-impl.ranchu(  465): consumeThread: exiting
04-22 00:12:29.587 D/android.hardware.audio@7.1-impl.ranchu(  465): ~TinyalsaSink: stopping PCM stream
04-22 00:12:29.972 I/resolv  (  459): ResNSendHandler::run: 0 / {101 983141 101 983141 1073 1}
04-22 00:12:29.972 I/resolv  (  459): resolv_cache_lookup: FOUND IN CACHE entry=0xb400007d0cedcc50
04-22 00:12:29.973 I/resolv  (  459): ResNSendHandler::run: 0 / {101 983141 101 983141 1073 1}
04-22 00:12:29.973 I/resolv  (  459): resolv_cache_lookup: FOUND IN CACHE entry=0xb400007cdced1150
04-22 00:12:29.974 I/resolv  (  459): ResNSendHandler::run: 0 / {101 983141 101 983141 1073 1}
04-22 00:12:29.974 I/resolv  (  459): resolv_cache_lookup: FOUND IN CACHE entry=0xb400007e7cece9b0
04-22 00:12:29.974 D/NetworkMonitor/101( 1052): PROBE_DNS connectivitycheck.gstatic.com 5ms OK 114.250.65.34
04-22 00:12:29.975 I/resolv  (  459): ResNSendHandler::run: 0 / {101 983141 101 983141 1073 1}
04-22 00:12:29.977 I/resolv  (  459): GetAddrInfoHandler::run: {101 983141 101 983141 1073 1}
04-22 00:12:29.977 I/resolv  (  459): res_nmkquery: (QUERY, IN, AAAA)
04-22 00:12:29.977 I/resolv  (  459): resolv_cache_lookup: FOUND IN CACHE entry=0xb400007d0cedcc50
04-22 00:12:29.977 I/resolv  (  459): doQuery: rcode=0, ancount=0, return value=117
04-22 00:12:29.977 I/resolv  (  459): res_nmkquery: (QUERY, IN, A)
04-22 00:12:29.977 I/resolv  (  459): resolv_cache_lookup: FOUND IN CACHE entry=0xb400007e7cece9b0
04-22 00:12:29.977 I/resolv  (  459): doQuery: rcode=0, ancount=1, return value=63
04-22 00:12:30.465 I/resolv  (  459): res_nsend: used send_dg 48 terrno: 0
04-22 00:12:30.465 D/NetworkMonitor/101( 1052): PROBE_HTTP http://connectivitycheck.gstatic.com/generate_204 time=490ms ret=204 request={Connection=[close], User-Agent=[Mozilla/5.0 (X11; Linux x86_64) AppleWebKit/537.36 (KHTML, like Gecko) Chrome/60.0.3112.32 Safari/537.36]} headers={null=[HTTP/1.1 204 No Content], Connection=[close], Cross-Origin-Resource-Policy=[cross-origin], Date=[Tue, 21 Apr 2026 16:12:29 GMT], X-Android-Received-Millis=[1776787950465], X-Android-Response-Source=[NETWORK 204], X-Android-Selected-Protocol=[http/1.1], X-Android-Sent-Millis=[1776787949980]}
04-22 00:12:30.468 D/NetworkMonitor/101( 1052): PROBE_DNS www.google.com 499ms OK 69.171.235.22,2001::1
04-22 00:12:30.470 I/resolv  (  459): GetAddrInfoHandler::run: {101 983141 101 983141 1073 1}
04-22 00:12:30.471 I/resolv  (  459): res_nmkquery: (QUERY, IN, AAAA)
04-22 00:12:30.471 I/resolv  (  459): res_nmkquery: (QUERY, IN, A)
04-22 00:12:30.471 I/resolv  (  459): resolv_cache_lookup: FOUND IN CACHE entry=0xb400007cdced1150
04-22 00:12:30.471 I/resolv  (  459): doQuery: rcode=0, ancount=1, return value=60
04-22 00:12:30.471 I/resolv  (  459): resolv_cache_lookup: FOUND IN CACHE entry=0xb400007d2ced1320
04-22 00:12:30.471 I/resolv  (  459): doQuery: rcode=0, ancount=1, return value=48
04-22 00:12:30.605 W/screencap(16737): Thread Pool max thread count is 0. Cannot cache binder as linkToDeath cannot be implemented. serviceName: SurfaceFlingerAIDL
04-22 00:12:30.605 W/BpBinder(16737): Linking to death on android.gui.ISurfaceComposer but there are no threads (yet?) listening to incoming transactions. See ProcessState::startThreadPool and ProcessState::setThreadPoolMaxThreadCount. Generally you should setup the binder threadpool before other initialization steps.
04-22 00:12:30.605 W/ProcessState(16737): Extra binder thread started, but 0 threads requested. Do not use *startThreadPool when zero threads are requested.
04-22 00:12:30.607 E/HwcComposer(  515): getLuts failed Status(-8, EX_SERVICE_SPECIFIC): '8: '
04-22 00:12:30.607 E/HWComposer(  515): getLuts: getLuts failed for display 4619827259835644672: UNSUPPORTED (8)
04-22 00:12:30.620 I/servicemanager(  224): Caller(pid=16737,uid=2000,sid=u:r:shell:s0) Found android.hardware.graphics.allocator.IAllocator/default in device VINTF manifest.
04-22 00:12:30.620 I/servicemanager(  224): Caller(pid=16737,uid=2000,sid=u:r:shell:s0) Found android.hardware.graphics.allocator.IAllocator/default in device VINTF manifest.
04-22 00:12:30.621 I/servicemanager(  224): Caller(pid=16737,uid=2000,sid=u:r:shell:s0) Found mapper/ranchu in device VINTF manifest.
