04-22 00:11:22.112 D/CameraStateMachine(16193): New public camera state CameraState{type=OPEN, error=null} from OPEN and null
04-22 00:11:22.112 D/CameraStateMachine(16193): Publishing new public camera state CameraState{type=OPEN, error=null}
04-22 00:11:22.112 D/UseCaseAttachState(16193): All use case: [androidx.camera.core.s-1ee65052-dbaa-43cf-a80e-817fa9cfba8f231428483, androidx.camera.core.f-267152fc-a61a-4c38-9fdb-c879fd40225812177152] for camera: 10
04-22 00:11:22.112 D/TransportRuntime.JobInfoScheduler(16193): Scheduling upload for context TransportContext(cct, DEFAULT, MSRodHRwczovL2ZpcmViYXNlbG9nZ2luZy5nb29nbGVhcGlzLmNvbS92MGNjL2xvZy9iYXRjaD9mb3JtYXQ9anNvbl9wcm90bzNc) with jobId=1973692985 in 30000ms(Backend next call timestamp 0). Attempt 1
04-22 00:11:22.112 D/UseCaseAttachState(16193): Active and attached use case: [androidx.camera.core.s-1ee65052-dbaa-43cf-a80e-817fa9cfba8f231428483, androidx.camera.core.f-267152fc-a61a-4c38-9fdb-c879fd40225812177152] for camera: 10
04-22 00:11:22.113 D/SyncCaptureSessionBase(16193): [androidx.camera.camera2.internal.K0@fca26c4] getSurface...done
04-22 00:11:22.113 D/CaptureSession(16193): Opening capture session.
04-22 00:11:22.114 D/DeferrableSurface(16193): use count+1, useCount=2 t.f0$b@a65e9e2
04-22 00:11:22.114 D/DeferrableSurface(16193): New surface in use[total_surfaces=3, used_surfaces=2](w.d0@9299bcb}
04-22 00:11:22.114 D/DeferrableSurface(16193): use count+1, useCount=1 w.d0@9299bcb
04-22 00:11:22.114 W/cameraserver(  582): createConfiguredSurface: Camera 10 with consumer usage flag: 2304: Forcing asynchronous mode forstream
04-22 00:11:22.114 W/cameraserver(  582): createConfiguredSurface: Camera 10: Overriding format 0x4 to IMPLEMENTATION_DEFINED
04-22 00:11:22.115 D/Camera3-Utils(  582): Set real time priority for thread (tid 665)
04-22 00:11:22.115 D/camera.provider.ranchu(  466): CameraDeviceSession:configureStreams:176 cfg={ .streams.size=2, .operationMode=0, .cfg.sessionParams.size()=64,  .streamConfigCounter=1, .multiResolutionInputImage=false }
04-22 00:11:22.115 D/camera.provider.ranchu(  466): CameraDeviceSession:configureStreams:199 stream={ .id=0, .streamType=0, .width=1280, .height=960, .format=IMPLEMENTATION_DEFINED, .usage=0x900, .dataSpace={ .low=0x0, .s=0, .t=0, .r=0 }, .rotation=0, .physicalCameraId='', .bufferSize=0, .groupId=-1, .dynamicRangeProfile=0x1 }
04-22 00:11:22.115 D/camera.provider.ranchu(  466): CameraDeviceSession:configureStreams:199 stream={ .id=1, .streamType=0, .width=640, .height=480, .format=YCBCR_420_888, .usage=0x3, .dataSpace={ .low=0x0, .s=2, .t=3, .r=1 }, .rotation=0, .physicalCameraId='', .bufferSize=0, .groupId=-1, .dynamicRangeProfile=0x1 }
04-22 00:11:22.117 D/Camera3-Device(  582): Set real time priority for request queue thread (tid 16613)
04-22 00:11:22.117 D/Camera3-Utils(  582): Set regular priority for thread (tid 665)
04-22 00:11:22.117 D/CaptureSession(16193): Attempting to send capture request onConfigured
04-22 00:11:22.117 D/CaptureSession(16193): Issuing request for session.
04-22 00:11:22.117 D/Camera2CaptureRequestBuilder(16193): createCaptureRequest
04-22 00:11:22.118 D/CameraService(  582): startCameraStreamingOps: Start data delivery for uid 10214
04-22 00:11:22.118 D/CaptureSession(16193): CameraCaptureSession.onConfigured() mState=OPENED
04-22 00:11:22.118 D/CaptureSession(16193): CameraCaptureSession.onReady() OPENED
04-22 00:11:22.119 D/TransportRuntime.SQLiteEventStore(16193): Storing event with priority=VERY_LOW, name=FIREBASE_ML_SDK for destination cct
04-22 00:11:22.120 I/RefreshRateSelector(  515): Display 4619827259835644672 policy changed
04-22 00:11:22.120 I/RefreshRateSelector(  515): Previous: {defaultModeId=0, allowGroupSwitching=false, primaryRanges={physical=[0.00 Hz, inf Hz], render=[0.00 Hz, 60.00 Hz]}, appRequestRanges={physical=[0.00 Hz, inf Hz], render=[0.00 Hz, inf Hz]} idleScreenConfig=nullptr}
04-22 00:11:22.120 I/RefreshRateSelector(  515): Current:  DisplayManagerPolicy{defaultModeId=0, allowGroupSwitching=false, primaryRanges={physical=[60.00 Hz, inf Hz], render=[60.00 Hz, 60.00 Hz]}, appRequestRanges={physical=[60.00 Hz, inf Hz], render=[60.00 Hz, 60.00 Hz]} idleScreenConfig=nullptr}
04-22 00:11:22.120 I/RefreshRateSelector(  515): 0 mode changes were performed under the previous policy
04-22 00:11:22.120 D/DisplayModeController(  515): setDesiredMode 4619827259835644672 {mode={fps=60.00 Hz, modePtr={id=0, vsyncRate=60.00 Hz, peakRefreshRate=60.00 Hz}}, emitEvent=true, force=false}
04-22 00:11:22.120 D/TransportRuntime.JobInfoScheduler(16193): Scheduling upload for context TransportContext(cct, VERY_LOW, MSRodHRwczovL2ZpcmViYXNlbG9nZ2luZy5nb29nbGVhcGlzLmNvbS92MGNjL2xvZy9iYXRjaD9mb3JtYXQ9anNvbl9wcm90bzNc) with jobId=1978673722 in 86400000ms(Backend next call timestamp 0). Attempt 1
04-22 00:11:22.134 D/CompositionEngine(  515): Layer: com.impos2.mixcretailassemblyrn84/com.impos2.adapterv2.camera.CameraScanActivity#794 had an out of bounds transparent region
04-22 00:11:22.134 D/Region  (  515):   Region transparentRegionHint (this=0xb400006f60e3af10, count=1)
04-22 00:11:22.134 D/Region  (  515):     [  0, -907, 1280,   0]
04-22 00:11:22.141 D/CompositionEngine(  515): Layer: com.impos2.mixcretailassemblyrn84/com.impos2.adapterv2.camera.CameraScanActivity#794 had an out of bounds transparent region
04-22 00:11:22.141 D/Region  (  515):   Region transparentRegionHint (this=0xb400006f60e3af10, count=1)
04-22 00:11:22.141 D/Region  (  515):     [  0, -907, 1280,   0]
04-22 00:11:22.145 D/StreamStateObserver(16193): Update Preview stream state to STREAMING
04-22 00:11:22.152 D/nativeloader(16193): Load /data/app/~~bGCpdzGXpinqpcc11yEIRw==/com.impos2.mixcretailassemblyrn84-lmdadeksYYr6fraMX6FacQ==/base.apk!/lib/arm64-v8a/libbarhopper_v3.so using class loader ns clns-9 (caller=/data/app/~~bGCpdzGXpinqpcc11yEIRw==/com.impos2.mixcretailassemblyrn84-lmdadeksYYr6fraMX6FacQ==/base.apk): ok
04-22 00:11:22.159 D/CompositionEngine(  515): Layer: com.impos2.mixcretailassemblyrn84/com.impos2.adapterv2.camera.CameraScanActivity#794 had an out of bounds transparent region
04-22 00:11:22.159 D/Region  (  515):   Region transparentRegionHint (this=0xb400006f60e3af10, count=1)
04-22 00:11:22.159 D/Region  (  515):     [  0, -907, 1280,   0]
04-22 00:11:22.166 I/tflite  (16193): Initialized TensorFlow Lite runtime.
04-22 00:11:22.168 D/TransportRuntime.SQLiteEventStore(16193): Storing event with priority=VERY_LOW, name=FIREBASE_ML_SDK for destination cct
04-22 00:11:22.170 D/TransportRuntime.JobInfoScheduler(16193): Upload for context TransportContext(cct, VERY_LOW, MSRodHRwczovL2ZpcmViYXNlbG9nZ2luZy5nb29nbGVhcGlzLmNvbS92MGNjL2xvZy9iYXRjaD9mb3JtYXQ9anNvbl9wcm90bzNc) is already scheduled. Returning...
04-22 00:11:22.170 W/libc    (16193): Access denied finding property "ro.hardware.chipname"
04-22 00:11:22.171 I/tflite  (16193): Created TensorFlow Lite XNNPACK delegate for CPU.
04-22 00:11:22.171 I/tflite  (16193): Replacing 43 out of 43 node(s) with delegate (TfLiteXNNPackDelegate) node, yielding 1 partitions for the whole graph.
04-22 00:11:22.172 I/tflite  (16193): Replacing 35 out of 47 node(s) with delegate (TfLiteXNNPackDelegate) node, yielding 23 partitions for the whole graph.
04-22 00:11:22.172 I/native  (16193): I0000 00:00:1776787882.172717   16619 oned_decoder_client.cc:696] barhopper::deep_learning::OnedDecoderClient is created successfully.
04-22 00:11:22.174 D/CompositionEngine(  515): Layer: com.impos2.mixcretailassemblyrn84/com.impos2.adapterv2.camera.CameraScanActivity#794 had an out of bounds transparent region
04-22 00:11:22.174 D/Region  (  515):   Region transparentRegionHint (this=0xb400006f60e3af10, count=1)
04-22 00:11:22.174 D/Region  (  515):     [  0, -907, 1280,   0]
04-22 00:11:22.185 D/TransportRuntime.SQLiteEventStore(16193): Storing event with priority=VERY_LOW, name=FIREBASE_ML_SDK for destination cct
04-22 00:11:22.185 D/TransportRuntime.JobInfoScheduler(16193): Upload for context TransportContext(cct, VERY_LOW, MSRodHRwczovL2ZpcmViYXNlbG9nZ2luZy5nb29nbGVhcGlzLmNvbS92MGNjL2xvZy9iYXRjaD9mb3JtYXQ9anNvbl9wcm90bzNc) is already scheduled. Returning...
04-22 00:11:22.188 D/TransportRuntime.SQLiteEventStore(16193): Storing event with priority=VERY_LOW, name=FIREBASE_ML_SDK for destination cct
04-22 00:11:22.189 D/TransportRuntime.JobInfoScheduler(16193): Upload for context TransportContext(cct, VERY_LOW, MSRodHRwczovL2ZpcmViYXNlbG9nZ2luZy5nb29nbGVhcGlzLmNvbS92MGNjL2xvZy9iYXRjaD9mb3JtYXQ9anNvbl9wcm90bzNc) is already scheduled. Returning...
04-22 00:11:22.193 D/CompositionEngine(  515): Layer: com.impos2.mixcretailassemblyrn84/com.impos2.adapterv2.camera.CameraScanActivity#794 had an out of bounds transparent region
04-22 00:11:22.193 D/Region  (  515):   Region transparentRegionHint (this=0xb400006f60e3af10, count=1)
04-22 00:11:22.193 D/Region  (  515):     [  0, -907, 1280,   0]
04-22 00:11:22.208 D/CompositionEngine(  515): Layer: com.impos2.mixcretailassemblyrn84/com.impos2.adapterv2.camera.CameraScanActivity#794 had an out of bounds transparent region
04-22 00:11:22.208 D/Region  (  515):   Region transparentRegionHint (this=0xb400006f60e3af10, count=1)
04-22 00:11:22.208 D/Region  (  515):     [  0, -907, 1280,   0]
04-22 00:11:22.226 D/CompositionEngine(  515): Layer: com.impos2.mixcretailassemblyrn84/com.impos2.adapterv2.camera.CameraScanActivity#794 had an out of bounds transparent region
04-22 00:11:22.226 D/Region  (  515):   Region transparentRegionHint (this=0xb400006f60e3af10, count=1)
04-22 00:11:22.226 D/Region  (  515):     [  0, -907, 1280,   0]
04-22 00:11:22.241 D/CompositionEngine(  515): Layer: com.impos2.mixcretailassemblyrn84/com.impos2.adapterv2.camera.CameraScanActivity#794 had an out of bounds transparent region
04-22 00:11:22.241 D/Region  (  515):   Region transparentRegionHint (this=0xb400006f60e3af10, count=1)
04-22 00:11:22.241 D/Region  (  515):     [  0, -907, 1280,   0]
04-22 00:11:22.259 D/CompositionEngine(  515): Layer: com.impos2.mixcretailassemblyrn84/com.impos2.adapterv2.camera.CameraScanActivity#794 had an out of bounds transparent region
04-22 00:11:22.259 D/Region  (  515):   Region transparentRegionHint (this=0xb400006f60e3af10, count=1)
04-22 00:11:22.259 D/Region  (  515):     [  0, -907, 1280,   0]
04-22 00:11:22.274 D/CompositionEngine(  515): Layer: com.impos2.mixcretailassemblyrn84/com.impos2.adapterv2.camera.CameraScanActivity#794 had an out of bounds transparent region
04-22 00:11:22.274 D/Region  (  515):   Region transparentRegionHint (this=0xb400006f60e3af10, count=1)
04-22 00:11:22.274 D/Region  (  515):     [  0, -907, 1280,   0]
04-22 00:11:22.293 D/CompositionEngine(  515): Layer: com.impos2.mixcretailassemblyrn84/com.impos2.adapterv2.camera.CameraScanActivity#794 had an out of bounds transparent region
04-22 00:11:22.293 D/Region  (  515):   Region transparentRegionHint (this=0xb400006f60e3af10, count=1)
04-22 00:11:22.293 D/Region  (  515):     [  0, -907, 1280,   0]
04-22 00:11:22.325 D/CompositionEngine(  515): Layer: com.impos2.mixcretailassemblyrn84/com.impos2.adapterv2.camera.CameraScanActivity#794 had an out of bounds transparent region
04-22 00:11:22.325 D/Region  (  515):   Region transparentRegionHint (this=0xb400006f60e3af10, count=1)
04-22 00:11:22.325 D/Region  (  515):     [  0, -907, 1280,   0]
04-22 00:11:22.341 D/CompositionEngine(  515): Layer: com.impos2.mixcretailassemblyrn84/com.impos2.adapterv2.camera.CameraScanActivity#794 had an out of bounds transparent region
04-22 00:11:22.341 D/Region  (  515):   Region transparentRegionHint (this=0xb400006f60e3af10, count=1)
04-22 00:11:22.341 D/Region  (  515):     [  0, -907, 1280,   0]
04-22 00:11:22.359 D/CompositionEngine(  515): Layer: com.impos2.mixcretailassemblyrn84/com.impos2.adapterv2.camera.CameraScanActivity#794 had an out of bounds transparent region
04-22 00:11:22.359 D/Region  (  515):   Region transparentRegionHint (this=0xb400006f60e3af10, count=1)
04-22 00:11:22.359 D/Region  (  515):     [  0, -907, 1280,   0]
04-22 00:11:22.374 D/CompositionEngine(  515): Layer: com.impos2.mixcretailassemblyrn84/com.impos2.adapterv2.camera.CameraScanActivity#794 had an out of bounds transparent region
04-22 00:11:22.374 D/Region  (  515):   Region transparentRegionHint (this=0xb400006f60e3af10, count=1)
04-22 00:11:22.374 D/Region  (  515):     [  0, -907, 1280,   0]
04-22 00:11:22.394 D/CompositionEngine(  515): Layer: com.impos2.mixcretailassemblyrn84/com.impos2.adapterv2.camera.CameraScanActivity#794 had an out of bounds transparent region
04-22 00:11:22.394 D/Region  (  515):   Region transparentRegionHint (this=0xb400006f60e3af10, count=1)
04-22 00:11:22.394 D/Region  (  515):     [  0, -907, 1280,   0]
04-22 00:11:22.407 D/CompositionEngine(  515): Layer: com.impos2.mixcretailassemblyrn84/com.impos2.adapterv2.camera.CameraScanActivity#794 had an out of bounds transparent region
04-22 00:11:22.407 D/Region  (  515):   Region transparentRegionHint (this=0xb400006f60e3af10, count=1)
04-22 00:11:22.407 D/Region  (  515):     [  0, -907, 1280,   0]
04-22 00:11:22.427 D/CompositionEngine(  515): Layer: com.impos2.mixcretailassemblyrn84/com.impos2.adapterv2.camera.CameraScanActivity#794 had an out of bounds transparent region
04-22 00:11:22.427 D/Region  (  515):   Region transparentRegionHint (this=0xb400006f60e3af10, count=1)
04-22 00:11:22.427 D/Region  (  515):     [  0, -907, 1280,   0]
04-22 00:11:22.440 D/CompositionEngine(  515): Layer: com.impos2.mixcretailassemblyrn84/com.impos2.adapterv2.camera.CameraScanActivity#794 had an out of bounds transparent region
04-22 00:11:22.440 D/Region  (  515):   Region transparentRegionHint (this=0xb400006f60e3af10, count=1)
04-22 00:11:22.440 D/Region  (  515):     [  0, -907, 1280,   0]
04-22 00:11:22.460 D/CompositionEngine(  515): Layer: com.impos2.mixcretailassemblyrn84/com.impos2.adapterv2.camera.CameraScanActivity#794 had an out of bounds transparent region
04-22 00:11:22.460 D/Region  (  515):   Region transparentRegionHint (this=0xb400006f60e3af10, count=1)
04-22 00:11:22.460 D/Region  (  515):     [  0, -907, 1280,   0]
04-22 00:11:22.474 D/CompositionEngine(  515): Layer: com.impos2.mixcretailassemblyrn84/com.impos2.adapterv2.camera.CameraScanActivity#794 had an out of bounds transparent region
04-22 00:11:22.474 D/Region  (  515):   Region transparentRegionHint (this=0xb400006f60e3af10, count=1)
04-22 00:11:22.474 D/Region  (  515):     [  0, -907, 1280,   0]
04-22 00:11:22.493 D/CompositionEngine(  515): Layer: com.impos2.mixcretailassemblyrn84/com.impos2.adapterv2.camera.CameraScanActivity#794 had an out of bounds transparent region
04-22 00:11:22.493 D/Region  (  515):   Region transparentRegionHint (this=0xb400006f60e3af10, count=1)
04-22 00:11:22.493 D/Region  (  515):     [  0, -907, 1280,   0]
04-22 00:11:22.507 D/CompositionEngine(  515): Layer: com.impos2.mixcretailassemblyrn84/com.impos2.adapterv2.camera.CameraScanActivity#794 had an out of bounds transparent region
04-22 00:11:22.507 D/Region  (  515):   Region transparentRegionHint (this=0xb400006f60e3af10, count=1)
04-22 00:11:22.507 D/Region  (  515):     [  0, -907, 1280,   0]
04-22 00:11:22.526 D/CompositionEngine(  515): Layer: com.impos2.mixcretailassemblyrn84/com.impos2.adapterv2.camera.CameraScanActivity#794 had an out of bounds transparent region
04-22 00:11:22.526 D/Region  (  515):   Region transparentRegionHint (this=0xb400006f60e3af10, count=1)
04-22 00:11:22.526 D/Region  (  515):     [  0, -907, 1280,   0]
04-22 00:11:22.541 D/CompositionEngine(  515): Layer: com.impos2.mixcretailassemblyrn84/com.impos2.adapterv2.camera.CameraScanActivity#794 had an out of bounds transparent region
04-22 00:11:22.541 D/Region  (  515):   Region transparentRegionHint (this=0xb400006f60e3af10, count=1)
04-22 00:11:22.541 D/Region  (  515):     [  0, -907, 1280,   0]
