04-22 00:28:34.990 D/CompositionEngine(  515): Layer: com.impos2.mixcretailassemblyrn84/com.impos2.adapterv2.camera.CameraScanActivity#888 had an out of bounds transparent region
04-22 00:28:34.990 D/Region  (  515):   Region transparentRegionHint (this=0xb400006f60e65140, count=1)
04-22 00:28:34.990 D/Region  (  515):     [  0, -907, 1280,   0]
04-22 00:28:34.991 E/oid.documentsui( 8919): No package ID ff found for resource ID 0xffffffff.
04-22 00:28:35.007 D/CompositionEngine(  515): Layer: com.impos2.mixcretailassemblyrn84/com.impos2.adapterv2.camera.CameraScanActivity#888 had an out of bounds transparent region
04-22 00:28:35.007 D/Region  (  515):   Region transparentRegionHint (this=0xb400006f60e65140, count=1)
04-22 00:28:35.007 D/Region  (  515):     [  0, -907, 1280,   0]
04-22 00:28:35.007 I/RanchuHwc(  483): logCompositionFallbackIfChanged: layer 217 CompositionType fallback from 2 to 1
04-22 00:28:35.010 D/CompositionEngine(  515): Layer: com.impos2.mixcretailassemblyrn84/com.impos2.adapterv2.camera.CameraScanActivity#888 had an out of bounds transparent region
04-22 00:28:35.010 D/Region  (  515):   Region transparentRegionHint (this=0xb400006f60e63d20, count=1)
04-22 00:28:35.010 D/Region  (  515):     [  0, -907, 1280,   0]
04-22 00:28:35.025 D/CompositionEngine(  515): Layer: com.impos2.mixcretailassemblyrn84/com.impos2.adapterv2.camera.CameraScanActivity#888 had an out of bounds transparent region
04-22 00:28:35.025 D/Region  (  515):   Region transparentRegionHint (this=0xb400006f60e65140, count=1)
04-22 00:28:35.025 D/Region  (  515):     [  0, -907, 1280,   0]
04-22 00:28:35.041 D/CompositionEngine(  515): Layer: com.impos2.mixcretailassemblyrn84/com.impos2.adapterv2.camera.CameraScanActivity#888 had an out of bounds transparent region
04-22 00:28:35.041 D/Region  (  515):   Region transparentRegionHint (this=0xb400006f60e65140, count=1)
04-22 00:28:35.041 D/Region  (  515):     [  0, -907, 1280,   0]
04-22 00:28:35.046 I/ImeTracker(  683): com.google.android.documentsui:b7bbc0a0: onRequestHide at ORIGIN_SERVER reason HIDE_UNSPECIFIED_WINDOW fromUser false
04-22 00:28:35.048 I/GoogleInputMethodService( 1576): GoogleInputMethodService.onFinishInput():2043 
04-22 00:28:35.048 I/Module  ( 1576): DeviceLockedStatusModuleProvider$Module.updateDeviceLockedStatus():100 repeatCheckTimes = 0, locked = false
04-22 00:28:35.048 I/GoogleInputMethodService( 1576): GoogleInputMethodService.onStartInput():1293 onStartInput(EditorInfo{EditorInfo{packageName=com.google.android.documentsui, inputType=0, inputTypeString=NULL, enableLearning=false, autoCorrection=false, autoComplete=false, imeOptions=0, privateImeOptions=null, actionName=UNSPECIFIED, actionLabel=null, initialSelStart=-1, initialSelEnd=-1, initialCapsMode=0, label=null, fieldId=0, fieldName=null, extras=null, hintText=null, hintLocales=[]}}, false)
04-22 00:28:35.049 I/ImeTracker(  683): system_server:5451cff8: onRequestHide at ORIGIN_SERVER reason IME_REQUESTED_CHANGED_LISTENER fromUser false
04-22 00:28:35.049 I/Module  ( 1576): DeviceLockedStatusModuleProvider$Module.updateDeviceLockedStatus():100 repeatCheckTimes = 1, locked = false
04-22 00:28:35.050 I/EmojiCompatManager( 1576): EmojiCompatManager.getEmojiCompatIfLoaded():343 EmojiCompat.init() was never called.
04-22 00:28:35.050 I/EmojiCompatManager( 1576): java.lang.IllegalStateException: EmojiCompat is not initialized. Please call EmojiCompat.init() first
04-22 00:28:35.050 I/EmojiCompatManager( 1576): 	at asx.p(PG:6)
04-22 00:28:35.050 I/EmojiCompatManager( 1576): 	at axb.b(PG:13)
04-22 00:28:35.050 I/EmojiCompatManager( 1576): 	at jnr.b(PG:2)
04-22 00:28:35.050 I/EmojiCompatManager( 1576): 	at jnr.c(PG:4)
04-22 00:28:35.050 I/EmojiCompatManager( 1576): 	at jnr.f(PG:3)
04-22 00:28:35.050 I/EmojiCompatManager( 1576): 	at jnx.c(PG:3)
04-22 00:28:35.050 I/EmojiCompatManager( 1576): 	at kif.cz(PG:47)
04-22 00:28:35.050 I/EmojiCompatManager( 1576): 	at lhl.run(PG:1025)
04-22 00:28:35.050 I/EmojiCompatManager( 1576): 	at jaf.execute(PG:12)
04-22 00:28:35.050 I/EmojiCompatManager( 1576): 	at nco.v(PG:13)
04-22 00:28:35.050 I/EmojiCompatManager( 1576): 	at lhn.m(PG:96)
04-22 00:28:35.050 I/EmojiCompatManager( 1576): 	at lhn.k(PG:25)
04-22 00:28:35.050 I/EmojiCompatManager( 1576): 	at kgn.onStartInput(PG:250)
04-22 00:28:35.050 I/EmojiCompatManager( 1576): 	at android.inputmethodservice.InputMethodService.doStartInput(InputMethodService.java:3521)
04-22 00:28:35.050 I/EmojiCompatManager( 1576): 	at android.inputmethodservice.InputMethodService$InputMethodImpl.startInput(InputMethodService.java:879)
04-22 00:28:35.050 I/EmojiCompatManager( 1576): 	at android.inputmethodservice.InputMethodService$InputMethodImpl.dispatchStartInput(InputMethodService.java:908)
04-22 00:28:35.050 I/EmojiCompatManager( 1576): 	at android.inputmethodservice.IInputMethodWrapper.executeMessage(IInputMethodWrapper.java:201)
04-22 00:28:35.050 I/EmojiCompatManager( 1576): 	at com.android.internal.os.HandlerCaller$MyHandler.handleMessage(HandlerCaller.java:44)
04-22 00:28:35.050 I/EmojiCompatManager( 1576): 	at android.os.Handler.dispatchMessage(Handler.java:110)
04-22 00:28:35.050 I/EmojiCompatManager( 1576): 	at android.os.Looper.loopOnce(Looper.java:248)
04-22 00:28:35.050 I/EmojiCompatManager( 1576): 	at android.os.Looper.loop(Looper.java:338)
04-22 00:28:35.050 I/EmojiCompatManager( 1576): 	at android.app.ActivityThread.main(ActivityThread.java:9067)
04-22 00:28:35.050 I/EmojiCompatManager( 1576): 	at java.lang.reflect.Method.invoke(Native Method)
04-22 00:28:35.050 I/EmojiCompatManager( 1576): 	at com.android.internal.os.RuntimeInit$MethodAndArgsCaller.run(RuntimeInit.java:593)
04-22 00:28:35.050 I/EmojiCompatManager( 1576): 	at com.android.internal.os.ZygoteInit.main(ZygoteInit.java:932)
04-22 00:28:35.050 W/PackageConfigPersister(  683): App-specific configuration not found for packageName: com.google.android.documentsui and userId: 0
04-22 00:28:35.050 I/ImeTracker(  683): system_server:5451cff8: onCancelled at PHASE_SERVER_SHOULD_HIDE
04-22 00:28:35.058 D/CompositionEngine(  515): Layer: com.impos2.mixcretailassemblyrn84/com.impos2.adapterv2.camera.CameraScanActivity#888 had an out of bounds transparent region
04-22 00:28:35.058 D/Region  (  515):   Region transparentRegionHint (this=0xb400006f60e65140, count=1)
04-22 00:28:35.058 D/Region  (  515):     [  0, -907, 1280,   0]
04-22 00:28:35.061 D/InsetsController( 8919): hide(ime(), fromIme=false)
04-22 00:28:35.061 I/ImeTracker( 8919): com.google.android.documentsui:b7bbc0a0: onCancelled at PHASE_CLIENT_ALREADY_HIDDEN
04-22 00:28:35.074 D/CompositionEngine(  515): Layer: com.impos2.mixcretailassemblyrn84/com.impos2.adapterv2.camera.CameraScanActivity#888 had an out of bounds transparent region
04-22 00:28:35.074 D/Region  (  515):   Region transparentRegionHint (this=0xb400006f60e65140, count=1)
04-22 00:28:35.074 D/Region  (  515):     [  0, -907, 1280,   0]
04-22 00:28:35.091 D/CompositionEngine(  515): Layer: com.impos2.mixcretailassemblyrn84/com.impos2.adapterv2.camera.CameraScanActivity#888 had an out of bounds transparent region
04-22 00:28:35.091 D/Region  (  515):   Region transparentRegionHint (this=0xb400006f60e65140, count=1)
04-22 00:28:35.091 D/Region  (  515):     [  0, -907, 1280,   0]
04-22 00:28:35.107 D/CompositionEngine(  515): Layer: com.impos2.mixcretailassemblyrn84/com.impos2.adapterv2.camera.CameraScanActivity#888 had an out of bounds transparent region
04-22 00:28:35.107 D/Region  (  515):   Region transparentRegionHint (this=0xb400006f60e65140, count=1)
04-22 00:28:35.107 D/Region  (  515):     [  0, -907, 1280,   0]
04-22 00:28:35.111 D/CompositionEngine(  515): Layer: com.impos2.mixcretailassemblyrn84/com.impos2.adapterv2.camera.CameraScanActivity#888 had an out of bounds transparent region
04-22 00:28:35.111 D/Region  (  515):   Region transparentRegionHint (this=0xb400006f60e63d20, count=1)
04-22 00:28:35.111 D/Region  (  515):     [  0, -907, 1280,   0]
04-22 00:28:35.124 D/CompositionEngine(  515): Layer: com.impos2.mixcretailassemblyrn84/com.impos2.adapterv2.camera.CameraScanActivity#888 had an out of bounds transparent region
04-22 00:28:35.124 D/Region  (  515):   Region transparentRegionHint (this=0xb400006f60e65140, count=1)
04-22 00:28:35.124 D/Region  (  515):     [  0, -907, 1280,   0]
04-22 00:28:35.140 D/CompositionEngine(  515): Layer: com.impos2.mixcretailassemblyrn84/com.impos2.adapterv2.camera.CameraScanActivity#888 had an out of bounds transparent region
04-22 00:28:35.140 D/Region  (  515):   Region transparentRegionHint (this=0xb400006f60e65140, count=1)
04-22 00:28:35.140 D/Region  (  515):     [  0, -907, 1280,   0]
04-22 00:28:35.157 D/CompositionEngine(  515): Layer: com.impos2.mixcretailassemblyrn84/com.impos2.adapterv2.camera.CameraScanActivity#888 had an out of bounds transparent region
04-22 00:28:35.157 D/Region  (  515):   Region transparentRegionHint (this=0xb400006f60e65140, count=1)
04-22 00:28:35.157 D/Region  (  515):     [  0, -907, 1280,   0]
04-22 00:28:35.174 D/CompositionEngine(  515): Layer: com.impos2.mixcretailassemblyrn84/com.impos2.adapterv2.camera.CameraScanActivity#888 had an out of bounds transparent region
04-22 00:28:35.174 D/Region  (  515):   Region transparentRegionHint (this=0xb400006f60e65140, count=1)
04-22 00:28:35.174 D/Region  (  515):     [  0, -907, 1280,   0]
04-22 00:28:35.193 D/CompositionEngine(  515): Layer: com.impos2.mixcretailassemblyrn84/com.impos2.adapterv2.camera.CameraScanActivity#888 had an out of bounds transparent region
04-22 00:28:35.193 D/Region  (  515):   Region transparentRegionHint (this=0xb400006f60e65140, count=1)
04-22 00:28:35.193 D/Region  (  515):     [  0, -907, 1280,   0]
04-22 00:28:35.207 D/CompositionEngine(  515): Layer: com.impos2.mixcretailassemblyrn84/com.impos2.adapterv2.camera.CameraScanActivity#888 had an out of bounds transparent region
04-22 00:28:35.207 D/Region  (  515):   Region transparentRegionHint (this=0xb400006f60e65140, count=1)
04-22 00:28:35.208 D/Region  (  515):     [  0, -907, 1280,   0]
04-22 00:28:35.211 D/CompositionEngine(  515): Layer: com.impos2.mixcretailassemblyrn84/com.impos2.adapterv2.camera.CameraScanActivity#888 had an out of bounds transparent region
04-22 00:28:35.211 D/Region  (  515):   Region transparentRegionHint (this=0xb400006f60e10ce0, count=1)
04-22 00:28:35.211 D/Region  (  515):     [  0, -907, 1280,   0]
04-22 00:28:35.225 D/CompositionEngine(  515): Layer: com.impos2.mixcretailassemblyrn84/com.impos2.adapterv2.camera.CameraScanActivity#888 had an out of bounds transparent region
04-22 00:28:35.225 D/Region  (  515):   Region transparentRegionHint (this=0xb400006f60e65140, count=1)
04-22 00:28:35.225 D/Region  (  515):     [  0, -907, 1280,   0]
04-22 00:28:35.241 D/CompositionEngine(  515): Layer: com.impos2.mixcretailassemblyrn84/com.impos2.adapterv2.camera.CameraScanActivity#888 had an out of bounds transparent region
04-22 00:28:35.241 D/Region  (  515):   Region transparentRegionHint (this=0xb400006f60e65140, count=1)
04-22 00:28:35.241 D/Region  (  515):     [  0, -907, 1280,   0]
04-22 00:28:35.257 D/CompositionEngine(  515): Layer: com.impos2.mixcretailassemblyrn84/com.impos2.adapterv2.camera.CameraScanActivity#888 had an out of bounds transparent region
04-22 00:28:35.257 D/Region  (  515):   Region transparentRegionHint (this=0xb400006f60e65140, count=1)
04-22 00:28:35.257 D/Region  (  515):     [  0, -907, 1280,   0]
04-22 00:28:35.274 D/CompositionEngine(  515): Layer: com.impos2.mixcretailassemblyrn84/com.impos2.adapterv2.camera.CameraScanActivity#888 had an out of bounds transparent region
04-22 00:28:35.274 D/Region  (  515):   Region transparentRegionHint (this=0xb400006f60e65140, count=1)
04-22 00:28:35.274 D/Region  (  515):     [  0, -907, 1280,   0]
04-22 00:28:35.291 D/CompositionEngine(  515): Layer: com.impos2.mixcretailassemblyrn84/com.impos2.adapterv2.camera.CameraScanActivity#888 had an out of bounds transparent region
04-22 00:28:35.291 D/Region  (  515):   Region transparentRegionHint (this=0xb400006f60e65140, count=1)
04-22 00:28:35.291 D/Region  (  515):     [  0, -907, 1280,   0]
04-22 00:28:35.307 D/CompositionEngine(  515): Layer: com.impos2.mixcretailassemblyrn84/com.impos2.adapterv2.camera.CameraScanActivity#888 had an out of bounds transparent region
04-22 00:28:35.307 D/Region  (  515):   Region transparentRegionHint (this=0xb400006f60e65140, count=1)
04-22 00:28:35.307 D/Region  (  515):     [  0, -907, 1280,   0]
04-22 00:28:35.311 W/ProcessStats(  683): Tracking association SourceState{a61f204 com.google.android.documentsui/10100 BTop #4472} whose proc state 2 is better than process ProcessState{29384 android.process.media/10095 pkg=com.android.providers.downloads (sub)} proc state 15 (3 skipped)
04-22 00:28:35.312 D/CompositionEngine(  515): Layer: com.impos2.mixcretailassemblyrn84/com.impos2.adapterv2.camera.CameraScanActivity#888 had an out of bounds transparent region
04-22 00:28:35.312 D/Region  (  515):   Region transparentRegionHint (this=0xb400006f60e569d0, count=1)
04-22 00:28:35.312 D/Region  (  515):     [  0, -907, 1280,   0]
04-22 00:28:35.324 D/CompositionEngine(  515): Layer: com.impos2.mixcretailassemblyrn84/com.impos2.adapterv2.camera.CameraScanActivity#888 had an out of bounds transparent region
04-22 00:28:35.324 D/Region  (  515):   Region transparentRegionHint (this=0xb400006f60e65140, count=1)
04-22 00:28:35.324 D/Region  (  515):     [  0, -907, 1280,   0]
04-22 00:28:35.341 D/CompositionEngine(  515): Layer: com.impos2.mixcretailassemblyrn84/com.impos2.adapterv2.camera.CameraScanActivity#888 had an out of bounds transparent region
04-22 00:28:35.341 D/Region  (  515):   Region transparentRegionHint (this=0xb400006f60e65140, count=1)
04-22 00:28:35.341 D/Region  (  515):     [  0, -907, 1280,   0]
04-22 00:28:35.358 D/CompositionEngine(  515): Layer: com.impos2.mixcretailassemblyrn84/com.impos2.adapterv2.camera.CameraScanActivity#888 had an out of bounds transparent region
04-22 00:28:35.358 D/Region  (  515):   Region transparentRegionHint (this=0xb400006f60e65140, count=1)
04-22 00:28:35.358 D/Region  (  515):     [  0, -907, 1280,   0]
04-22 00:28:35.374 D/CompositionEngine(  515): Layer: com.impos2.mixcretailassemblyrn84/com.impos2.adapterv2.camera.CameraScanActivity#888 had an out of bounds transparent region
04-22 00:28:35.374 D/Region  (  515):   Region transparentRegionHint (this=0xb400006f60e65140, count=1)
04-22 00:28:35.374 D/Region  (  515):     [  0, -907, 1280,   0]
04-22 00:28:35.393 D/CompositionEngine(  515): Layer: com.impos2.mixcretailassemblyrn84/com.impos2.adapterv2.camera.CameraScanActivity#888 had an out of bounds transparent region
04-22 00:28:35.393 D/Region  (  515):   Region transparentRegionHint (this=0xb400006f60e65140, count=1)
04-22 00:28:35.393 D/Region  (  515):     [  0, -907, 1280,   0]
04-22 00:28:35.393 V/WindowManagerShell(  957): Transition animation finished (aborted=false), notifying core (#103) android.os.BinderProxy@c6e389c@0
04-22 00:28:35.394 D/VRI[CameraScanActivity](16193): visibilityChanged oldVisibility=true newVisibility=false
04-22 00:28:35.394 V/WindowManagerShell(  957): Track 0 became idle
04-22 00:28:35.394 V/WindowManagerShell(  957): All active transition animations finished
04-22 00:28:35.394 V/WindowManager(  683): Finish Transition (#103): created at 04-22 00:28:34.705 collect-started=0.008ms request-sent=5.965ms started=6.665ms ready=43.081ms sent=225.235ms commit=9.9ms finished=687.893ms
04-22 00:28:35.397 W/IPCThreadState(  582): Sending oneway calls to frozen process.
04-22 00:28:35.407 D/SurfaceViewImpl(16193): Surface destroyed.
04-22 00:28:35.407 D/SurfaceViewImpl(16193): Surface closed t.f0@11b2b9c
04-22 00:28:35.409 I/Camera2ClientBase(  582): ~Camera2ClientBase: Client object's dtor for Camera Id 10 completed. Client was: com.impos2.mixcretailassemblyrn84 (PID 16193, UID 10214)
04-22 00:28:35.409 I/Camera3-Device(  582): disconnectImpl: E
04-22 00:28:35.409 I/Camera3DeviceInjectionMethods(  582): injectionDisconnectImpl: Injection camera disconnect
04-22 00:28:35.426 D/BackgroundInstallControlService(  683): Package event received: 0
04-22 00:28:35.795 W/dumpsys (18050): Thread Pool max thread count is 0. Cannot cache binder as linkToDeath cannot be implemented. serviceName: window
04-22 00:28:35.827 W/dumpsys (18053): Thread Pool max thread count is 0. Cannot cache binder as linkToDeath cannot be implemented. serviceName: window
04-22 00:28:35.844 D/ShortcutService(  683): received package broadcast intent: Intent { act=android.intent.action.PACKAGE_CHANGED dat=package: flg=0x45000010 (has extras) }
04-22 00:28:35.845 D/CarrierSvcBindHelper( 1086): onPackageModified: com.google.android.apps.docs
04-22 00:28:35.847 D/ControlsListingControllerImpl(  957): ServiceConfig reloaded, count: 0
04-22 00:28:35.848 D/CarrierSvcBindHelper( 1086): No carrier app for: 0
04-22 00:28:35.848 I/SatelliteAppTracker( 1086): onPackageModified : com.google.android.apps.docs
04-22 00:28:35.850 I/ProvidersCache( 8919): Provider returned no roots. Possibly naughty: com.google.android.apps.docs.storage
04-22 00:28:35.850 D/AccessibilitySourceService( 1396): enabled a11y services count 0
04-22 00:28:35.850 D/AccessibilitySourceService( 1396): a11y source sending 0 issue to sc
04-22 00:28:35.850 D/ShortcutService(  683): changing package: com.google.android.apps.docs userId=0
04-22 00:28:35.851 D/ProvidersAccess( 8919): Matched roots: [Root{userId=0, authority=null, rootId=null, title=Recent, isUsb=false, isSd=false, isMtp=false} @ content:/root/null, Root{userId=0, authority=com.android.externalstorage.documents, rootId=primary, title=sdk_gphone64_arm64, isUsb=false, isSd=false, isMtp=false} @ content://com.android.externalstorage.documents/root/primary, Root{userId=0, authority=com.android.providers.downloads.documents, rootId=downloads, title=Downloads, isUsb=false, isSd=false, isMtp=false} @ content://com.android.providers.downloads.documents/root/downloads, Root{userId=0, authority=com.android.providers.media.documents, rootId=images_root, title=Images, isUsb=false, isSd=false, isMtp=false} @ content://com.android.providers.media.documents/root/images_root]
04-22 00:28:35.851 E/oid.documentsui( 8919): No package ID ff found for resource ID 0xffffffff.
04-22 00:28:35.854 I/AppWidgetServiceImpl(  683): Received broadcast: android.intent.action.PACKAGE_CHANGED on user 0
04-22 00:28:35.854 D/AppWidgetServiceImpl(  683): Trying to notify widget providers changed
04-22 00:28:35.854 D/BackgroundInstallControlService(  683): Package event received: 0
04-22 00:28:35.854 D/ActivityManager(  683): sync unfroze 1396 com.google.android.permissioncontroller for 6
04-22 00:28:35.854 I/system_server(  683): AssetManager2(0xb400007aa8cd85f8) locale list changing from [] to [en-US]
04-22 00:28:35.855 I/system_server(  683): AssetManager2(0xb400007aa8cd5a38) locale list changing from [] to [en-US]
04-22 00:28:35.856 D/BackgroundInstallControlService(  683): Package event received: 0
04-22 00:28:35.856 D/SafetySourceDataValidat(  683): No cert check requested for package com.google.android.permissioncontroller
04-22 00:28:35.857 I/system_server(  683): AssetManager2(0xb400007aa8cdc158) locale list changing from [] to [en-US]
04-22 00:28:35.857 I/AppWidgetServiceImpl(  683): getInstalledProvidersForProfiles() 0
04-22 00:28:35.857 I/system_server(  683): AssetManager2(0xb400007aa8c85f38) locale list changing from [] to [en-US]
04-22 00:28:35.857 I/system_server(  683): AssetManager2(0xb400007aa8c75278) locale list changing from [] to [en-US]
04-22 00:28:35.858 I/system_server(  683): AssetManager2(0xb400007aa8c89458) locale list changing from [] to [en-US]
04-22 00:28:35.859 I/system_server(  683): AssetManager2(0xb400007aa8c80df8) locale list changing from [] to [en-US]
04-22 00:28:35.859 I/system_server(  683): AssetManager2(0xb400007aa8ca0518) locale list changing from [] to [en-US]
04-22 00:28:35.859 W/ParceledListSlice(  683): Element #26 is 20848 bytes.
04-22 00:28:35.859 W/ParceledListSlice(  683): Element #27 is 20884 bytes.
04-22 00:28:35.860 W/ParceledListSlice(  683): Element #28 is 20724 bytes.
04-22 00:28:35.860 W/ParceledListSlice(  683): Element #29 is 20812 bytes.
04-22 00:28:35.860 D/AccessibilitySourceService( 1396): enabled a11y services count 0
04-22 00:28:35.860 D/AccessibilitySourceService( 1396): a11y source sending 0 issue to sc
04-22 00:28:35.860 W/ParceledListSlice(  683): Element #30 is 20748 bytes.
04-22 00:28:35.860 D/SafetySourceDataValidat(  683): No cert check requested for package com.google.android.permissioncontroller
04-22 00:28:35.861 E/SmsApplication( 1086): com.google.android.apps.messaging lost android:read_cell_broadcasts:  (fixing)
04-22 00:28:35.861 W/AppOpService(  683): Ignored setUidMode call for runtime permission app op: uid = 10146, code = READ_CELL_BROADCASTS, mode = allow, callingUid = 1001, oldMode = allow
04-22 00:28:35.861 I/system_server(  683): AssetManager2(0xb400007aa8c7d298) locale list changing from [] to [en-US]
04-22 00:28:35.862 E/system_server(  683): No package ID 7f found for resource ID 0x7f0803b2.
04-22 00:28:35.862 E/system_server(  683): No package ID 7f found for resource ID 0x7f150798.
04-22 00:28:35.862 E/system_server(  683): No package ID 7f found for resource ID 0x7f150798.
04-22 00:28:35.862 E/system_server(  683): No package ID 7f found for resource ID 0x7f0803ae.
04-22 00:28:35.862 E/system_server(  683): No package ID 7f found for resource ID 0x7f150796.
04-22 00:28:35.862 E/system_server(  683): No package ID 7f found for resource ID 0x7f150796.
04-22 00:28:35.862 E/system_server(  683): No package ID 7f found for resource ID 0x7f0803b0.
04-22 00:28:35.862 E/system_server(  683): No package ID 7f found for resource ID 0x7f150797.
04-22 00:28:35.862 E/system_server(  683): No package ID 7f found for resource ID 0x7f150797.
04-22 00:28:35.862 D/AccessibilitySourceService( 1396): enabled a11y services count 0
04-22 00:28:35.862 D/AccessibilitySourceService( 1396): a11y source sending 0 issue to sc
04-22 00:28:35.862 I/system_server(  683): AssetManager2(0xb400007aa8ca7278) locale list changing from [] to [en-US]
04-22 00:28:35.862 D/SafetySourceDataValidat(  683): No cert check requested for package com.google.android.permissioncontroller
04-22 00:28:35.862 W/ShortcutService(  683): Invalid tag 'capability' found at depth 2
04-22 00:28:35.862 E/ShortcutService(  683): Ignoring excessive intent tag.
04-22 00:28:35.862 W/ShortcutService(  683): Invalid tag 'parameter' found at depth 4
04-22 00:28:35.862 W/ShortcutService(  683): Invalid tag 'capability' found at depth 2
04-22 00:28:35.862 W/ShortcutService(  683): Invalid tag 'slice' found at depth 3
04-22 00:28:35.862 W/ShortcutService(  683): Invalid tag 'url-template' found at depth 4
04-22 00:28:35.863 D/AccessibilitySourceService( 1396): enabled a11y services count 0
04-22 00:28:35.863 D/AccessibilitySourceService( 1396): a11y source sending 0 issue to sc
04-22 00:28:35.863 D/SafetySourceDataValidat(  683): No cert check requested for package com.google.android.permissioncontroller
04-22 00:28:35.864 D/AccessibilitySourceService( 1396): enabled a11y services count 0
04-22 00:28:35.864 D/AccessibilitySourceService( 1396): a11y source sending 0 issue to sc
04-22 00:28:35.864 D/SafetySourceDataValidat(  683): No cert check requested for package com.google.android.permissioncontroller
04-22 00:28:35.865 W/AppOpService(  683): Ignored setUidMode call for runtime permission app op: uid = 1001, code = READ_SMS, mode = allow, callingUid = 1001, oldMode = allow
04-22 00:28:35.865 D/AccessibilitySourceService( 1396): enabled a11y services count 0
04-22 00:28:35.865 D/AccessibilitySourceService( 1396): a11y source sending 0 issue to sc
04-22 00:28:35.865 W/AppOpService(  683): Ignored setUidMode call for runtime permission app op: uid = 1001, code = RECEIVE_SMS, mode = allow, callingUid = 1001, oldMode = allow
04-22 00:28:35.865 W/AppOpService(  683): Ignored setUidMode call for runtime permission app op: uid = 1001, code = RECEIVE_WAP_PUSH, mode = allow, callingUid = 1001, oldMode = allow
04-22 00:28:35.865 W/AppOpService(  683): Ignored setUidMode call for runtime permission app op: uid = 1001, code = SEND_SMS, mode = allow, callingUid = 1001, oldMode = allow
04-22 00:28:35.865 W/AppOpService(  683): Ignored setUidMode call for runtime permission app op: uid = 1001, code = READ_CELL_BROADCASTS, mode = allow, callingUid = 1001, oldMode = allow
04-22 00:28:35.865 D/SafetySourceDataValidat(  683): No cert check requested for package com.google.android.permissioncontroller
04-22 00:28:35.866 I/system_server(  683): AssetManager2(0xb400007aa8c7cf78) locale list changing from [] to [en-US]
04-22 00:28:35.867 W/IPCThreadState(  683): Sending oneway calls to frozen process.
04-22 00:28:35.868 I/AiAiEcho( 1638): AppIndexer Package:[com.google.android.apps.docs] UserProfile:[0] Enabled:[true].
04-22 00:28:35.868 I/AiAiEcho( 1638): AppFetcherImplV2 updateApps package:[com.google.android.apps.docs], userId:[0], reason:[package is updated.].
04-22 00:28:35.869 D/ImsResolver( 1086): maybeAddedImsService, packageName: com.google.android.apps.docs
04-22 00:28:35.870 V/ImsResolver( 1086): searchForImsServices: package=com.google.android.apps.docs, users=[UserHandle{0}]
04-22 00:28:35.870 V/ImsResolver( 1086): searchForImsServices: package=com.google.android.apps.docs, users=[UserHandle{0}]
04-22 00:28:35.870 V/AccessibilityManagerService(  683): onUserStateChangedLocked for userId: 0, forceUpdate: false
04-22 00:28:35.871 W/MagnificationConnectionManager(  683): requestConnection duplicated request: connect=false, mConnectionState=DISCONNECTED
04-22 00:28:35.871 W/IPCThreadState(  683): Sending oneway calls to frozen process.
04-22 00:28:35.871 W/IPCThreadState(  683): Sending oneway calls to frozen process.
04-22 00:28:35.871 W/IPCThreadState(  683): Sending oneway calls to frozen process.
04-22 00:28:35.871 W/IPCThreadState(  683): Sending oneway calls to frozen process.
04-22 00:28:35.871 W/IPCThreadState(  683): Sending oneway calls to frozen process.
04-22 00:28:35.871 W/IPCThreadState(  683): Sending oneway calls to frozen process.
04-22 00:28:35.871 W/IPCThreadState(  683): Sending oneway calls to frozen process.
04-22 00:28:35.872 D/AccessibilitySourceService( 1396): enabled a11y services count 0
04-22 00:28:35.872 D/SatelliteController( 1086): packageStateChanged: package:com.google.android.apps.docs DefaultSmsPackageName:com.google.android.apps.messaging
04-22 00:28:35.872 V/SatelliteController( 1086): Neither SMS or SatelliteGateway package
04-22 00:28:35.872 D/AccessibilitySourceService( 1396): a11y source sending 0 issue to sc
04-22 00:28:35.872 D/SafetySourceDataValidat(  683): No cert check requested for package com.google.android.permissioncontroller
04-22 00:28:35.873 D/AccessibilitySourceService( 1396): enabled a11y services count 0
04-22 00:28:35.873 D/AccessibilitySourceService( 1396): a11y source sending 0 issue to sc
04-22 00:28:35.873 D/SafetySourceDataValidat(  683): No cert check requested for package com.google.android.permissioncontroller
04-22 00:28:35.873 E/SmsApplication( 1086): com.google.android.apps.messaging lost android:read_cell_broadcasts:  (fixing)
04-22 00:28:35.873 W/AppOpService(  683): Ignored setUidMode call for runtime permission app op: uid = 10146, code = READ_CELL_BROADCASTS, mode = allow, callingUid = 1001, oldMode = allow
04-22 00:28:35.873 D/AccessibilitySourceService( 1396): enabled a11y services count 0
04-22 00:28:35.873 D/AccessibilitySourceService( 1396): a11y source sending 0 issue to sc
04-22 00:28:35.873 D/SafetySourceDataValidat(  683): No cert check requested for package com.google.android.permissioncontroller
04-22 00:28:35.875 D/AccessibilitySourceService( 1396): enabled a11y services count 0
04-22 00:28:35.875 D/AccessibilitySourceService( 1396): a11y source sending 0 issue to sc
04-22 00:28:35.876 W/AppOpService(  683): Ignored setUidMode call for runtime permission app op: uid = 1001, code = READ_SMS, mode = allow, callingUid = 1001, oldMode = allow
04-22 00:28:35.876 W/AppOpService(  683): Ignored setUidMode call for runtime permission app op: uid = 1001, code = RECEIVE_SMS, mode = allow, callingUid = 1001, oldMode = allow
04-22 00:28:35.876 W/AppOpService(  683): Ignored setUidMode call for runtime permission app op: uid = 1001, code = RECEIVE_WAP_PUSH, mode = allow, callingUid = 1001, oldMode = allow
04-22 00:28:35.876 W/AppOpService(  683): Ignored setUidMode call for runtime permission app op: uid = 1001, code = SEND_SMS, mode = allow, callingUid = 1001, oldMode = allow
04-22 00:28:35.876 W/AppOpService(  683): Ignored setUidMode call for runtime permission app op: uid = 1001, code = READ_CELL_BROADCASTS, mode = allow, callingUid = 1001, oldMode = allow
04-22 00:28:35.877 D/SatelliteAccessController( 1086): Current default SMS app:ComponentInfo{com.google.android.apps.messaging/com.google.android.apps.messaging.shared.receiver.SmsDeliverReceiver}
04-22 00:28:35.877 D/SatelliteController( 1086): getSelectedSatelliteSubId: subId=-1
04-22 00:28:35.877 D/SatelliteAccessController( 1086): supportedMsgApps:com.google.android.apps.messaging
04-22 00:28:35.877 I/PermissionControllerServiceImpl( 1396): Updating user sensitive for uid 10157
04-22 00:28:35.878 D/SafetySourceDataValidat(  683): No cert check requested for package com.google.android.permissioncontroller
04-22 00:28:35.878 I/netd    (  459): tetherGetStats() -> {[]} <0.24ms>
04-22 00:28:35.880 D/AccessibilitySourceService( 1396): enabled a11y services count 0
04-22 00:28:35.880 D/AccessibilitySourceService( 1396): a11y source sending 0 issue to sc
04-22 00:28:35.881 D/SafetySourceDataValidat(  683): No cert check requested for package com.google.android.permissioncontroller
04-22 00:28:35.882 D/AccessibilitySourceService( 1396): enabled a11y services count 0
04-22 00:28:35.882 D/AccessibilitySourceService( 1396): a11y source sending 0 issue to sc
04-22 00:28:35.882 D/SafetySourceDataValidat(  683): No cert check requested for package com.google.android.permissioncontroller
04-22 00:28:35.883 D/AccessibilitySourceService( 1396): enabled a11y services count 0
04-22 00:28:35.883 D/AccessibilitySourceService( 1396): a11y source sending 0 issue to sc
04-22 00:28:35.883 D/SafetySourceDataValidat(  683): No cert check requested for package com.google.android.permissioncontroller
04-22 00:28:35.883 D/AccessibilitySourceService( 1396): enabled a11y services count 0
04-22 00:28:35.883 D/AccessibilitySourceService( 1396): a11y source sending 0 issue to sc
04-22 00:28:35.884 D/SafetySourceDataValidat(  683): No cert check requested for package com.google.android.permissioncontroller
04-22 00:28:35.884 D/AccessibilitySourceService( 1396): enabled a11y services count 0
04-22 00:28:35.884 D/AccessibilitySourceService( 1396): a11y source sending 0 issue to sc
04-22 00:28:35.884 D/SafetySourceDataValidat(  683): No cert check requested for package com.google.android.permissioncontroller
04-22 00:28:35.885 D/AccessibilitySourceService( 1396): enabled a11y services count 0
04-22 00:28:35.885 D/AccessibilitySourceService( 1396): a11y source sending 0 issue to sc
04-22 00:28:35.885 D/SafetySourceDataValidat(  683): No cert check requested for package com.google.android.permissioncontroller
04-22 00:28:35.885 D/AccessibilitySourceService( 1396): enabled a11y services count 0
04-22 00:28:35.885 D/AccessibilitySourceService( 1396): a11y source sending 0 issue to sc
04-22 00:28:35.885 D/SafetySourceDataValidat(  683): No cert check requested for package com.google.android.permissioncontroller
04-22 00:28:35.886 D/AccessibilitySourceService( 1396): enabled a11y services count 0
04-22 00:28:35.886 D/AccessibilitySourceService( 1396): a11y source sending 0 issue to sc
04-22 00:28:35.886 D/SafetySourceDataValidat(  683): No cert check requested for package com.google.android.permissioncontroller
04-22 00:28:35.887 D/AccessibilitySourceService( 1396): enabled a11y services count 0
04-22 00:28:35.887 D/AccessibilitySourceService( 1396): a11y source sending 0 issue to sc
04-22 00:28:35.887 D/SafetySourceDataValidat(  683): No cert check requested for package com.google.android.permissioncontroller
04-22 00:28:35.887 I/AiAiEcho( 1638): Settings changed for uri: content://settings/secure/accessibility_enabled
04-22 00:28:35.887 D/AccessibilitySourceService( 1396): enabled a11y services count 0
04-22 00:28:35.888 D/AccessibilitySourceService( 1396): a11y source sending 0 issue to sc
04-22 00:28:35.888 D/SafetySourceDataValidat(  683): No cert check requested for package com.google.android.permissioncontroller
04-22 00:28:35.888 W/screencap(18057): Thread Pool max thread count is 0. Cannot cache binder as linkToDeath cannot be implemented. serviceName: SurfaceFlingerAIDL
04-22 00:28:35.888 W/BpBinder(18057): Linking to death on android.gui.ISurfaceComposer but there are no threads (yet?) listening to incoming transactions. See ProcessState::startThreadPool and ProcessState::setThreadPoolMaxThreadCount. Generally you should setup the binder threadpool before other initialization steps.
04-22 00:28:35.888 W/ProcessState(18057): Extra binder thread started, but 0 threads requested. Do not use *startThreadPool when zero threads are requested.
04-22 00:28:35.888 D/AccessibilitySourceService( 1396): enabled a11y services count 0
04-22 00:28:35.888 D/AccessibilitySourceService( 1396): a11y source sending 0 issue to sc
04-22 00:28:35.888 D/SafetySourceDataValidat(  683): No cert check requested for package com.google.android.permissioncontroller
04-22 00:28:35.890 D/AccessibilitySourceService( 1396): enabled a11y services count 0
04-22 00:28:35.890 D/AccessibilitySourceService( 1396): a11y source sending 0 issue to sc
04-22 00:28:35.891 D/SafetySourceDataValidat(  683): No cert check requested for package com.google.android.permissioncontroller
04-22 00:28:35.891 D/AccessibilitySourceService( 1396): enabled a11y services count 0
04-22 00:28:35.891 D/AccessibilitySourceService( 1396): a11y source sending 0 issue to sc
04-22 00:28:35.892 D/SafetySourceDataValidat(  683): No cert check requested for package com.google.android.permissioncontroller
04-22 00:28:35.893 I/s.nexuslauncher( 1096): AssetManager2(0xb400007aa8c2d798) locale list changing from [] to [en-US]
04-22 00:28:35.900 I/AiAiEcho( 1638): Predicting[0]:  [CONTEXT sampling_count=5 ]
04-22 00:28:35.900 I/AiAiEcho( 1638): EchoTargets: 
04-22 00:28:35.900 I/AiAiEcho( 1638): Filtered by AiAi flag check: 
04-22 00:28:35.900 I/AiAiEcho( 1638): [CONTEXT ratelimit_period="10 SECONDS" ]
04-22 00:28:35.900 I/AiAiEcho( 1638): #remoteViewsTwiddler: feature disabled.
04-22 00:28:35.900 I/AiAiEcho( 1638): Predicting[0]:  [CONTEXT sampling_count=5 ]
04-22 00:28:35.900 I/AiAiEcho( 1638): EchoTargets: 
04-22 00:28:35.900 I/AiAiEcho( 1638): Filtered by AiAi flag check: 
04-22 00:28:35.900 I/AiAiEcho( 1638): [CONTEXT ratelimit_period="10 SECONDS" ]
04-22 00:28:35.900 I/AiAiEcho( 1638): #remoteViewsTwiddler: feature disabled.
04-22 00:28:35.900 I/AiAiEcho( 1638): #postPredictionTargets: Sending updates to UISurface lockscreen with targets# 0 (types=[])
04-22 00:28:35.900 I/AiAiEcho( 1638): #postPredictionTargets: Sending updates to UISurface home with targets# 0 (types=[])
04-22 00:28:35.901 W/PageIndicator(  957): Total number of pages invalid: 0. Assuming 1 page.
04-22 00:28:35.902 W/HWUI    ( 1096): Image decoding logging dropped!
04-22 00:28:35.903 W/HWUI    ( 1096): Image decoding logging dropped!
04-22 00:28:35.910 I/s.nexuslauncher( 1096): AssetManager2(0xb400007aa8c7e878) locale list changing from [] to [en-US]
04-22 00:28:35.914 W/HWUI    ( 1096): Image decoding logging dropped!
04-22 00:28:35.915 W/HWUI    ( 1096): Image decoding logging dropped!
04-22 00:28:35.916 W/HWUI    ( 1096): Image decoding logging dropped!
04-22 00:28:35.920 W/HWUI    ( 1096): Image decoding logging dropped!
04-22 00:28:35.922 E/HwcComposer(  515): getLuts failed Status(-8, EX_SERVICE_SPECIFIC): '8: '
04-22 00:28:35.922 E/HWComposer(  515): getLuts: getLuts failed for display 4619827259835644672: UNSUPPORTED (8)
--------- beginning of kernel
04-22 00:28:35.928 I/servicemanager(  224): Caller(pid=18057,uid=2000,sid=u:r:shell:s0) Found android.hardware.graphics.allocator.IAllocator/default in device VINTF manifest.
04-22 00:28:35.928 I/servicemanager(  224): Caller(pid=18057,uid=2000,sid=u:r:shell:s0) Found android.hardware.graphics.allocator.IAllocator/default in device VINTF manifest.
04-22 00:28:35.929 I/servicemanager(  224): Caller(pid=18057,uid=2000,sid=u:r:shell:s0) Found mapper/ranchu in device VINTF manifest.
04-22 00:28:35.936 I/s.nexuslauncher( 1096): AssetManager2(0xb400007aa8c86898) locale list changing from [] to [en-US]
04-22 00:28:35.937 W/HWUI    ( 1096): Image decoding logging dropped!
04-22 00:28:35.942 W/HWUI    ( 1096): Image decoding logging dropped!
04-22 00:28:35.948 W/HWUI    ( 1096): Image decoding logging dropped!
04-22 00:28:35.955 W/HWUI    ( 1096): Image decoding logging dropped!
04-22 00:28:35.960 D/AlphabeticIndexCompat( 1096): computeSectionName: cs: Settings sectionName: S
04-22 00:28:35.961 D/AlphabeticIndexCompat( 1096): computeSectionName: cs: Photos sectionName: P
04-22 00:28:35.961 D/AlphabeticIndexCompat( 1096): computeSectionName: cs: Battery sectionName: B
04-22 00:28:35.961 D/AlphabeticIndexCompat( 1096): computeSectionName: cs: Chrome sectionName: C
04-22 00:28:35.961 D/AlphabeticIndexCompat( 1096): computeSectionName: cs: Gmail sectionName: G
04-22 00:28:35.961 D/AlphabeticIndexCompat( 1096): computeSectionName: cs: Drive sectionName: D
04-22 00:28:35.961 D/AlphabeticIndexCompat( 1096): computeSectionName: cs: Clock sectionName: C
04-22 00:28:35.961 D/AlphabeticIndexCompat( 1096): computeSectionName: cs: Contacts sectionName: C
04-22 00:28:35.962 D/AlphabeticIndexCompat( 1096): computeSectionName: cs: Calendar sectionName: C
04-22 00:28:35.962 D/AlphabeticIndexCompat( 1096): computeSectionName: cs: Maps sectionName: M
04-22 00:28:35.962 D/AlphabeticIndexCompat( 1096): computeSectionName: cs: YouTube Music sectionName: Y
04-22 00:28:35.962 D/AlphabeticIndexCompat( 1096): computeSectionName: cs: YouTube sectionName: Y
04-22 00:28:35.962 D/AlphabeticIndexCompat( 1096): computeSectionName: cs: Google sectionName: G
04-22 00:28:35.962 D/AlphabeticIndexCompat( 1096): computeSectionName: cs: Digital Wellbeing sectionName: D
04-22 00:28:35.962 D/AlphabeticIndexCompat( 1096): computeSectionName: cs: Conversations sectionName: C
04-22 00:28:35.962 D/PackageUpdatedTask( 1096): Package updated: mOp=UPDATE packages=[com.google.android.apps.docs], user=UserHandle{0}
04-22 00:28:35.966 W/HWUI    ( 1096): Image decoding logging dropped!
04-22 00:28:35.972 W/HWUI    ( 1096): Failed to choose config with EGL_SWAP_BEHAVIOR_PRESERVED, retrying without...
04-22 00:28:35.973 W/HWUI    ( 1096): Failed to initialize 101010-2 format, error = EGL_SUCCESS
04-22 00:28:35.977 W/HWUI    ( 1096): Image decoding logging dropped!
04-22 00:28:35.977 D/AlphabeticIndexCompat( 1096): computeSectionName: cs: Drive sectionName: D
04-22 00:28:35.978 D/AllAppsStore( 1096): setApps: apps.length=19
04-22 00:28:35.978 D/AllAppsStore( 1096): notifyUpdate: notifying listeners
04-22 00:28:35.978 D/ActivityAllAppsContainerView( 1096): onAppsUpdated; number of apps: 19
04-22 00:28:35.978 D/ActivityAllAppsContainerView( 1096): rebindAdapters: force: false
04-22 00:28:35.978 D/ActivityAllAppsContainerView( 1096): rebindAdapters: Not needed.
04-22 00:28:35.978 D/StatsLog( 1096): LAUNCHER_ALLAPPS_COUNT
04-22 00:28:35.978 D/AlphabeticalAppsList( 1096): Clearing FastScrollerSections.
04-22 00:28:35.978 D/AlphabeticalAppsList( 1096): Adding apps with sections. HasPrivateApps: false
04-22 00:28:35.979 D/AlphabeticalAppsList( 1096): addAppsWithSections: adding sectionName: C with appInfoTitle: Calendar
04-22 00:28:35.979 D/AlphabeticalAppsList( 1096): addAppsWithSections: adding sectionName: D with appInfoTitle: Drive
04-22 00:28:35.979 D/AlphabeticalAppsList( 1096): addAppsWithSections: adding sectionName: F with appInfoTitle: Files
04-22 00:28:35.979 D/AlphabeticalAppsList( 1096): addAppsWithSections: adding sectionName: G with appInfoTitle: Gmail
04-22 00:28:35.979 D/AlphabeticalAppsList( 1096): addAppsWithSections: adding sectionName: M with appInfoTitle: Maps
04-22 00:28:35.979 D/AlphabeticalAppsList( 1096): addAppsWithSections: adding sectionName: P with appInfoTitle: Phone
04-22 00:28:35.979 D/AlphabeticalAppsList( 1096): addAppsWithSections: adding sectionName: S with appInfoTitle: Safety
04-22 00:28:35.979 D/AlphabeticalAppsList( 1096): addAppsWithSections: adding sectionName: T with appInfoTitle: TMoble
04-22 00:28:35.979 D/AlphabeticalAppsList( 1096): addAppsWithSections: adding sectionName: Y with appInfoTitle: YouTube
04-22 00:28:35.979 D/AlphabeticalAppsList( 1096): Adding FastScrollSection duplicate to scroll to the bottom.
04-22 00:28:35.979 D/AlphabeticalAppsList( 1096): Clearing FastScrollerSections.
04-22 00:28:35.979 D/AlphabeticalAppsList( 1096): Adding apps with sections. HasPrivateApps: false
04-22 00:28:35.979 D/AlphabeticalAppsList( 1096): addAppsWithSections: adding sectionName: C with appInfoTitle: Calendar
04-22 00:28:35.979 D/AlphabeticalAppsList( 1096): addAppsWithSections: adding sectionName: D with appInfoTitle: Drive
04-22 00:28:35.979 D/AlphabeticalAppsList( 1096): addAppsWithSections: adding sectionName: F with appInfoTitle: Files
04-22 00:28:35.979 D/AlphabeticalAppsList( 1096): addAppsWithSections: adding sectionName: G with appInfoTitle: Gmail
04-22 00:28:35.979 D/AlphabeticalAppsList( 1096): addAppsWithSections: adding sectionName: M with appInfoTitle: Maps
04-22 00:28:35.979 D/AlphabeticalAppsList( 1096): addAppsWithSections: adding sectionName: P with appInfoTitle: Phone
04-22 00:28:35.979 D/AlphabeticalAppsList( 1096): addAppsWithSections: adding sectionName: S with appInfoTitle: Safety
04-22 00:28:35.979 D/AlphabeticalAppsList( 1096): addAppsWithSections: adding sectionName: T with appInfoTitle: TMoble
04-22 00:28:35.979 D/AlphabeticalAppsList( 1096): addAppsWithSections: adding sectionName: Y with appInfoTitle: YouTube
04-22 00:28:35.979 D/AlphabeticalAppsList( 1096): Adding FastScrollSection duplicate to scroll to the bottom.
04-22 00:28:35.986 D/b/387844520( 1096): getOutlineOffsetX: measured width = 132, mNormalizedIconSize = 121, last updated width = 132
04-22 00:28:35.986 D/b/387844520( 1096): getOutlineOffsetX: measured width = 132, mNormalizedIconSize = 121, last updated width = 132
04-22 00:28:35.992 D/SsBaseTemplateCard( 1096): No text view can be set up
04-22 00:28:35.992 D/SsBaseTemplateCard( 1096): Passed-in item info is null
04-22 00:28:35.992 D/SsBaseTemplateCard( 1096): Passed-in item info is null
04-22 00:28:35.992 D/SsBaseTemplateCard( 1096): Passed-in item info is null
04-22 00:28:35.992 I/SsBaseTemplateCard( 1096): Secondary card pane is null
04-22 00:28:36.069 D/AndroidRuntime(18063): >>>>>> START com.android.internal.os.RuntimeInit uid 2000 <<<<<<
04-22 00:28:36.071 I/AndroidRuntime(18063): Using default boot image
04-22 00:28:36.071 I/AndroidRuntime(18063): Leaving lock profiling enabled
04-22 00:28:36.072 I/app_process(18063): Core platform API reporting enabled, enforcing=false
04-22 00:28:36.072 I/app_process(18063): Using CollectorTypeCMC GC.
04-22 00:28:36.104 D/nativeloader(18063): InitDefaultPublicLibraries for_preload=1: libandroid.so:libaaudio.so:libamidi.so:libbinder_ndk.so:libc.so:libcamera2ndk.so:libdl.so:libEGL.so:libGLESv1_CM.so:libGLESv2.so:libGLESv3.so:libicu.so:libicui18n.so:libicuuc.so:libjnigraphics.so:liblog.so:libmediandk.so:libm.so:libnativehelper.so:libnativewindow.so:libOpenMAXAL.so:libOpenSLES.so:libRS.so:libstdc++.so:libsync.so:libvulkan.so:libwebviewchromium_plat_support.so:libz.so
04-22 00:28:36.109 D/nativeloader(18063): Load libicu_jni.so using APEX ns com_android_art for caller /apex/com.android.art/javalib/core-oj.jar: ok
04-22 00:28:36.109 D/app_process(18063): u_setTimeZoneFilesDirectory("/apex/com.android.tzdata/etc/tz/versioned/9/icu") succeeded. 
04-22 00:28:36.109 D/app_process(18063): I18n APEX ICU file found: /apex/com.android.i18n/etc/icu/icudt76l.dat
04-22 00:28:36.110 D/nativeloader(18063): Load libjavacore.so using APEX ns com_android_art for caller /apex/com.android.art/javalib/core-oj.jar: ok
04-22 00:28:36.110 D/nativeloader(18063): Load libopenjdk.so using APEX ns com_android_art for caller /apex/com.android.art/javalib/core-oj.jar: ok
04-22 00:28:36.111 W/app_process(18063): ClassLoaderContext shared library size mismatch. Expected=2, found=0 (PCL[]{PCL[/system/framework/android.test.base.jar*2789897741]#PCL[/system/framework/android.test.mock.jar*3361312393]} | PCL[])
04-22 00:28:36.112 W/app_process(18063): ClassLoaderContext classpath size mismatch. expected=0, found=1 (PCL[]{PCL[/system/framework/android.test.runner.jar*895143020]#PCL[/system/framework/android.test.base.jar*2789897741]} | PCL[/system/framework/android.test.runner.jar*895143020])
04-22 00:28:36.120 D/nativeloader(18063): Load libframework-connectivity-tiramisu-jni.so using APEX ns com_android_tethering for caller /apex/com.android.tethering/javalib/framework-connectivity-t.jar: ok
04-22 00:28:36.120 D/AndroidRuntime(18063): Calling main entry com.android.commands.uiautomator.Launcher
04-22 00:28:36.121 I/AconfigPackage(18063): android.media.swcodec.flags is mapped to com.android.media.swcodec
04-22 00:28:36.121 I/AconfigPackage(18063): com.google.android.settings.simplemode.flags is mapped to system_ext
04-22 00:28:36.121 I/AconfigPackage(18063): com.google.android.systemui is mapped to system_ext
04-22 00:28:36.121 I/AconfigPackage(18063): com.google.android.apps.nexuslauncher is mapped to system_ext
04-22 00:28:36.121 I/AconfigPackage(18063): com.android.settings.accessibility is mapped to system_ext
04-22 00:28:36.121 I/AconfigPackage(18063): com.android.settings.flags is mapped to system_ext
04-22 00:28:36.121 I/AconfigPackage(18063): com.google.android.apps.miphone.aiai.matchmaker.overview.ui is mapped to system_ext
04-22 00:28:36.121 I/AconfigPackage(18063): com.google.android.settings.flags is mapped to system_ext
04-22 00:28:36.121 I/AconfigPackage(18063): com.android.launcher3 is mapped to system_ext
04-22 00:28:36.121 I/AconfigPackage(18063): com.android.wallpaper is mapped to system_ext
04-22 00:28:36.121 I/AconfigPackage(18063): com.android.settings.media_drm is mapped to system_ext
04-22 00:28:36.121 I/AconfigPackage(18063): com.android.systemui.accessibility.accessibilitymenu is mapped to system_ext
04-22 00:28:36.121 I/AconfigPackage(18063): com.android.settings.keyboard is mapped to system_ext
04-22 00:28:36.121 I/AconfigPackage(18063): com.android.server.policy.feature.flags is mapped to system_ext
04-22 00:28:36.121 I/AconfigPackage(18063): com.android.settings.factory_reset is mapped to system_ext
04-22 00:28:36.121 I/AconfigPackage(18063): com.google.android.haptics.flags is mapped to system_ext
04-22 00:28:36.121 I/AconfigPackage(18063): com.android.permission.flags is mapped to com.android.permission
04-22 00:28:36.122 I/AconfigPackage(18063): com.android.icu is mapped to com.android.i18n
04-22 00:28:36.122 I/AconfigPackage(18063): com.android.appsearch.flags is mapped to com.android.appsearch
04-22 00:28:36.122 I/AconfigPackage(18063): android.uprobestats.mainline.flags is mapped to com.android.uprobestats
04-22 00:28:36.122 I/AconfigPackage(18063): android.provider.flags is mapped to com.android.configinfrastructure
04-22 00:28:36.122 I/AconfigPackage(18063): com.android.server.deviceconfig is mapped to com.android.configinfrastructure
04-22 00:28:36.122 I/AconfigPackage(18063): com.android.nfc.flags is mapped to system
04-22 00:28:36.122 I/AconfigPackage(18063): android.app.admin.flags is mapped to system
04-22 00:28:36.122 I/AconfigPackage(18063): android.database.sqlite is mapped to system
04-22 00:28:36.122 I/AconfigPackage(18063): com.android.providers.calendar is mapped to system
04-22 00:28:36.122 I/AconfigPackage(18063): com.android.server.power.feature.flags is mapped to system
04-22 00:28:36.122 I/AconfigPackage(18063): com.android.media.performance.flags is mapped to system
04-22 00:28:36.122 I/AconfigPackage(18063): android.app.contextualsearch.flags is mapped to system
04-22 00:28:36.122 I/AconfigPackage(18063): android.app.ondeviceintelligence.flags is mapped to system
04-22 00:28:36.122 I/AconfigPackage(18063): com.android.media.projection.flags is mapped to system
04-22 00:28:36.122 I/AconfigPackage(18063): android.companion is mapped to system
04-22 00:28:36.122 I/AconfigPackage(18063): android.service.controls.flags is mapped to system
04-22 00:28:36.122 I/AconfigPackage(18063): com.android.text.flags is mapped to system
04-22 00:28:36.122 I/AconfigPackage(18063): com.android.providers.contactkeys.flags is mapped to system
04-22 00:28:36.122 I/AconfigPackage(18063): com.android.intentresolver is mapped to system
04-22 00:28:36.122 I/AconfigPackage(18063): android.companion.virtualdevice.flags is mapped to system
04-22 00:28:36.122 I/AconfigPackage(18063): android.uprobestats.flags is mapped to system
04-22 00:28:36.122 I/AconfigPackage(18063): com.android.net.thread.platform.flags is mapped to system
04-22 00:28:36.122 I/AconfigPackage(18063): android.view.contentprotection.flags is mapped to system
04-22 00:28:36.122 I/AconfigPackage(18063): com.android.server.dreams is mapped to system
04-22 00:28:36.122 I/AconfigPackage(18063): com.android.graphics.surfaceflinger.flags is mapped to system
04-22 00:28:36.122 I/AconfigPackage(18063): com.android.hardware.input is mapped to system
04-22 00:28:36.122 I/AconfigPackage(18063): android.sdk is mapped to system
04-22 00:28:36.122 I/AconfigPackage(18063): com.android.input.flags is mapped to system
