04-22 00:28:33.211 I/RefreshRateSelector(  515): 0 mode changes were performed under the previous policy
04-22 00:28:33.211 D/DisplayModeController(  515): setDesiredMode 4619827259835644672 {mode={fps=60.00 Hz, modePtr={id=0, vsyncRate=60.00 Hz, peakRefreshRate=60.00 Hz}}, emitEvent=true, force=false}
04-22 00:28:33.212 W/WindowOnBackDispatcher(16193): sendCancelIfRunning: isInProgress=false callback=androidx.activity.OnBackPressedDispatcher$g$a@b7121f4
04-22 00:28:33.212 D/CoreBackPreview(  683): Window{b2afd06 u0 com.impos2.mixcretailassemblyrn84/com.impos2.mixcretailassemblyrn84.MainActivity}: Setting back callback OnBackInvokedCallbackInfo{mCallback=android.window.IOnBackInvokedCallback$Stub$Proxy@9217d49, mPriority=-1, mIsAnimationCallback=false, mOverrideBehavior=0}
04-22 00:28:33.224 D/CompositionEngine(  515): Layer: com.impos2.mixcretailassemblyrn84/com.impos2.adapterv2.camera.CameraScanActivity#888 had an out of bounds transparent region
04-22 00:28:33.224 D/Region  (  515):   Region transparentRegionHint (this=0xb400006f60e65140, count=1)
04-22 00:28:33.224 D/Region  (  515):     [  0, -907, 1280,   0]
04-22 00:28:33.226 D/BackgroundInstallControlService(  683): Package event received: 0
04-22 00:28:33.241 D/CompositionEngine(  515): Layer: com.impos2.mixcretailassemblyrn84/com.impos2.adapterv2.camera.CameraScanActivity#888 had an out of bounds transparent region
04-22 00:28:33.241 D/Region  (  515):   Region transparentRegionHint (this=0xb400006f60e65140, count=1)
04-22 00:28:33.241 D/Region  (  515):     [  0, -907, 1280,   0]
04-22 00:28:33.258 D/CompositionEngine(  515): Layer: com.impos2.mixcretailassemblyrn84/com.impos2.adapterv2.camera.CameraScanActivity#888 had an out of bounds transparent region
04-22 00:28:33.258 D/Region  (  515):   Region transparentRegionHint (this=0xb400006f60e65140, count=1)
04-22 00:28:33.258 D/Region  (  515):     [  0, -907, 1280,   0]
04-22 00:28:33.701 W/OptProp (  683): Cannot read opt property android.window.PROPERTY_COMPAT_ALLOW_MIN_ASPECT_RATIO_OVERRIDE
04-22 00:28:34.700 D/TaskbarManager( 1096): dispatchTouchEvent:  displayId=0 isDefaultDisplay=true
04-22 00:28:34.702 D/DeferrableSurface(16193): surface closed,  useCount=2 closed=true t.f0$b@68349a5
04-22 00:28:34.702 D/DeferrableSurface(16193): surface closed,  useCount=0 closed=true E.E$a@e2a17e9
04-22 00:28:34.702 D/DeferrableSurface(16193): Surface terminated[total_surfaces=2, used_surfaces=2](E.E$a@e2a17e9}
04-22 00:28:34.702 D/DeferrableSurface(16193): use count-1,  useCount=1 closed=true t.f0$b@68349a5
04-22 00:28:34.702 D/DeferrableSurface(16193): surface closed,  useCount=1 closed=true w.d0@f6e8b46
04-22 00:28:34.702 D/Camera2CameraImpl(16193): {Camera@9cc7c2b[id=10]} Use cases [androidx.camera.core.s-d7eec3ba-2d97-42fa-b6ca-b8204292c8fd204327405, androidx.camera.core.f-3ec4a195-73fa-48b0-96ed-3844324a2899223567906] now DETACHED for camera
04-22 00:28:34.702 D/UseCaseAttachState(16193): All use case: [] for camera: 10
04-22 00:28:34.703 D/Camera2CameraImpl(16193): {Camera@9cc7c2b[id=10]} Resetting Capture Session
04-22 00:28:34.703 D/Camera2CameraImpl(16193): {Camera@9cc7c2b[id=10]} Releasing session in state OPENED
04-22 00:28:34.703 D/UseCaseAttachState(16193): Active and attached use case: [] for camera: 10
04-22 00:28:34.703 D/UseCaseAttachState(16193): Active and attached use case: [] for camera: 10
04-22 00:28:34.703 D/Camera2CameraImpl(16193): {Camera@9cc7c2b[id=10]} Closing camera.
04-22 00:28:34.703 D/Camera2CameraImpl(16193): {Camera@9cc7c2b[id=10]} Transitioning camera internal state: OPENED --> CLOSING
04-22 00:28:34.703 D/CameraStateRegistry(16193): Recalculating open cameras:
04-22 00:28:34.703 D/CameraStateRegistry(16193): Camera                                       State                 
04-22 00:28:34.703 D/CameraStateRegistry(16193): -------------------------------------------------------------------
04-22 00:28:34.703 D/CameraStateRegistry(16193): Camera@9cc7c2b[id=10]                        CLOSING               
04-22 00:28:34.703 D/CameraStateRegistry(16193): Camera@ae30e0f[id=1]                         UNKNOWN               
04-22 00:28:34.703 D/CameraStateRegistry(16193): -------------------------------------------------------------------
04-22 00:28:34.703 D/CameraStateRegistry(16193): Open count: 1 (Max allowed: 1)
04-22 00:28:34.703 D/CameraStateMachine(16193): New public camera state CameraState{type=CLOSING, error=null} from CLOSING and null
04-22 00:28:34.703 D/CameraStateMachine(16193): Publishing new public camera state CameraState{type=CLOSING, error=null}
04-22 00:28:34.703 D/Camera2CameraImpl(16193): {Camera@9cc7c2b[id=10]} Resetting Capture Session
04-22 00:28:34.703 D/Camera2CameraImpl(16193): {Camera@9cc7c2b[id=10]} Releasing session in state CLOSING
04-22 00:28:34.703 D/CaptureSession(16193): onSessionFinished()
04-22 00:28:34.704 D/Camera2ClientBase(  582): Camera 10: start to disconnect
04-22 00:28:34.704 D/Camera2ClientBase(  582): Camera 10: serializationLock acquired
04-22 00:28:34.704 D/Camera2ClientBase(  582): Camera 10: Shutting down
04-22 00:28:34.704 D/Camera2ClientBase(  582): Camera 10: start to cacheDump
04-22 00:28:34.704 W/AS.PlaybackActivityMon(  683): No piid assigned for invalid/internal port id 15
04-22 00:28:34.705 V/GrammaticalInflectionUtils(  683): AttributionSource: AttributionSource { uid = 10100, packageName = null, attributionTag = null, token = android.os.Binder@d3d534, deviceId = 0, next = null } does not have READ_SYSTEM_GRAMMATICAL_GENDER permission.
04-22 00:28:34.705 W/OptProp (  683): Cannot read opt property android.window.PROPERTY_COMPAT_ALLOW_USER_ASPECT_RATIO_OVERRIDE
04-22 00:28:34.705 W/OptProp (  683): Cannot read opt property android.window.PROPERTY_COMPAT_ALLOW_USER_ASPECT_RATIO_FULLSCREEN_OVERRIDE
04-22 00:28:34.705 W/OptProp (  683): Cannot read opt property android.window.PROPERTY_COMPAT_ALLOW_RESIZEABLE_ACTIVITY_OVERRIDES
04-22 00:28:34.705 W/OptProp (  683): Cannot read opt property android.window.PROPERTY_COMPAT_ALLOW_MIN_ASPECT_RATIO_OVERRIDE
04-22 00:28:34.709 W/OptProp (  683): Cannot read opt property android.window.PROPERTY_COMPAT_ALLOW_ORIENTATION_OVERRIDE
04-22 00:28:34.710 D/AudioFlinger(  510): mixer(0xb400007fa0cf3770) throttle end: throttle time(34)
04-22 00:28:34.712 I/ActivityTaskManager(  683): START u0 {act=android.intent.action.OPEN_DOCUMENT typ=*/* xflg=0x4 cmp=com.google.android.documentsui/com.android.documentsui.picker.PickActivity (has extras)} with LAUNCH_MULTIPLE from uid 10214 (rr=184612346) (BAL_ALLOW_VISIBLE_WINDOW) result code=0
04-22 00:28:34.712 V/WindowManagerShell(  957): Transition requested (#103): android.os.BinderProxy@c6e389c TransitionRequestInfo { type = OPEN, triggerTask = TaskInfo{userId=0 taskId=30 effectiveUid=10214 displayId=0 isRunning=true baseIntent=Intent { flg=0x10000000 cmp=com.impos2.mixcretailassemblyrn84/.MainActivity } baseActivity=ComponentInfo{com.impos2.mixcretailassemblyrn84/com.impos2.mixcretailassemblyrn84.MainActivity} topActivity=ComponentInfo{com.google.android.documentsui/com.android.documentsui.picker.PickActivity} origActivity=null realActivity=ComponentInfo{com.impos2.mixcretailassemblyrn84/com.impos2.mixcretailassemblyrn84.MainActivity} numActivities=3 lastActiveTime=14372255 supportsMultiWindow=true resizeMode=1 isResizeable=true minWidth=-1 minHeight=-1 defaultMinSize=220 token=WCT{android.window.IWindowContainerToken$Stub$Proxy@4d5d2a5} topActivityType=1 pictureInPictureParams=null shouldDockBigOverlays=false launchIntoPipHostTaskId=-1 lastParentTaskIdBeforePip=-1 displayCutoutSafeInsets=Rect(0, 0 - 0, 0) topActivityInfo=ActivityInfo{5d7267a com.android.documentsui.picker.PickActivity} launchCookies=[] positionInParent=Point(0, 0) parentTaskId=-1 isFocused=true isVisible=true isVisibleRequested=true isTopActivityNoDisplay=false isSleeping=false locusId=null displayAreaFeatureId=1 isTopActivityTransparent=false isActivityStackTransparent=false lastNonFullscreenBounds=Rect(892, 102 - 1668, 1482) capturedLink=null capturedLinkTimestamp=0 requestedVisibleTypes=-9 topActivityRequestOpenInBrowserEducationTimestamp=0 appCompatTaskInfo=AppCompatTaskInfo { topActivityInSizeCompat=false eligibleForLetterboxEducation= false isLetterboxEducationEnabled= true isLetterboxDoubleTapEnabled= false eligibleForUserAspectRatioButton= true topActivityBoundsLetterboxed= false isFromLetterboxDoubleTap= false topActivityLetterboxVerticalPosition= -1 topActivityLetterboxHorizontalPosition= -1 topActivityLetterboxWidth=-1 topActivityLetterboxHeight=-1 topActivityAppBounds=Rect(0, 0 - 2560, 1600) isUserFullscreenOverrideEnabled=false isSystemFullscreenOverrideEnabled=false hasMinAspectRatioOverride=false topActivityLetterboxBounds=null cameraCompatTaskInfo=CameraCompatTaskInfo { freeformCameraCompatMode=inactive}} topActivityMainWindowFrame=null}, pipChange = null, remoteTransition = null, displayChange = null, flags = 0, debugId = 103 }
04-22 00:28:34.712 D/ShellSplitScreen(  957): logExit: no-op, mLoggerSessionId is null
04-22 00:28:34.718 D/StreamStateObserver(16193): Update Preview stream state to IDLE
04-22 00:28:34.726 I/BpBinder(  515): onLastStrongRef automatically unlinking death recipients: 
04-22 00:28:34.726 D/CompositionEngine(  515): Layer: com.impos2.mixcretailassemblyrn84/com.impos2.adapterv2.camera.CameraScanActivity#888 had an out of bounds transparent region
04-22 00:28:34.726 D/Region  (  515):   Region transparentRegionHint (this=0xb400006f60e65140, count=1)
04-22 00:28:34.726 D/Region  (  515):     [  0, -907, 1280,   0]
04-22 00:28:34.730 W/dumpsys (17987): Thread Pool max thread count is 0. Cannot cache binder as linkToDeath cannot be implemented. serviceName: window
04-22 00:28:34.730 D/CameraService(  582): finishCameraStreamingOps: finishDataDelivery for uid 10214
04-22 00:28:34.730 I/Camera3-Device(  582): disconnectImpl: E
04-22 00:28:34.730 I/CameraLatencyHistogram(  582): ProcessCaptureRequest latency histogram (64) samples:
04-22 00:28:34.730 I/CameraLatencyHistogram(  582):        40     80    120    160    200    240    280    320    360    inf (max ms)
04-22 00:28:34.730 I/CameraLatencyHistogram(  582):      100.00   0.00   0.00   0.00   0.00   0.00   0.00   0.00   0.00   0.00 (%)
04-22 00:28:34.736 I/CameraLatencyHistogram(  582): Stream 0 dequeueBuffer latency histogram (64) samples:
04-22 00:28:34.736 I/CameraLatencyHistogram(  582):         5     10     15     20     25     30     35     40     45    inf (max ms)
04-22 00:28:34.736 I/CameraLatencyHistogram(  582):      98.44   1.56   0.00   0.00   0.00   0.00   0.00   0.00   0.00   0.00 (%)
04-22 00:28:34.737 I/CameraLatencyHistogram(  582): Stream 1 dequeueBuffer latency histogram (64) samples:
04-22 00:28:34.737 I/CameraLatencyHistogram(  582):         5     10     15     20     25     30     35     40     45    inf (max ms)
04-22 00:28:34.737 I/CameraLatencyHistogram(  582):      98.44   1.56   0.00   0.00   0.00   0.00   0.00   0.00   0.00   0.00 (%)
04-22 00:28:34.737 I/Camera3-Device(  582): disconnectImpl: X
04-22 00:28:34.738 W/IPCThreadState(  582): Sending oneway calls to frozen process.
04-22 00:28:34.738 W/IPCThreadState(  582): Sending oneway calls to frozen process.
04-22 00:28:34.738 I/CameraService(  582): disconnect: Disconnected client for camera 10 for PID 16193
04-22 00:28:34.739 I/RefreshRateSelector(  515): Display 4619827259835644672 policy changed
04-22 00:28:34.739 I/RefreshRateSelector(  515): Previous: {defaultModeId=0, allowGroupSwitching=false, primaryRanges={physical=[60.00 Hz, inf Hz], render=[60.00 Hz, 60.00 Hz]}, appRequestRanges={physical=[60.00 Hz, inf Hz], render=[60.00 Hz, 60.00 Hz]} idleScreenConfig=nullptr}
04-22 00:28:34.739 I/RefreshRateSelector(  515): Current:  DisplayManagerPolicy{defaultModeId=0, allowGroupSwitching=false, primaryRanges={physical=[0.00 Hz, inf Hz], render=[0.00 Hz, 60.00 Hz]}, appRequestRanges={physical=[0.00 Hz, inf Hz], render=[0.00 Hz, inf Hz]} idleScreenConfig=nullptr}
04-22 00:28:34.739 I/RefreshRateSelector(  515): 0 mode changes were performed under the previous policy
04-22 00:28:34.739 D/DisplayModeController(  515): setDesiredMode 4619827259835644672 {mode={fps=60.00 Hz, modePtr={id=0, vsyncRate=60.00 Hz, peakRefreshRate=60.00 Hz}}, emitEvent=true, force=false}
04-22 00:28:34.741 D/UseCaseAttachState(16193): Active and attached use case: [] for camera: 10
04-22 00:28:34.741 D/DeferrableSurface(16193): use count-1,  useCount=0 closed=true t.f0$b@68349a5
04-22 00:28:34.741 D/DeferrableSurface(16193): Surface no longer in use[total_surfaces=2, used_surfaces=1](t.f0$b@68349a5}
04-22 00:28:34.741 D/DeferrableSurface(16193): Surface terminated[total_surfaces=1, used_surfaces=1](t.f0$b@68349a5}
04-22 00:28:34.741 D/DeferrableSurface(16193): use count-1,  useCount=0 closed=true w.d0@f6e8b46
04-22 00:28:34.741 D/DeferrableSurface(16193): Surface no longer in use[total_surfaces=1, used_surfaces=0](w.d0@f6e8b46}
04-22 00:28:34.741 D/DeferrableSurface(16193): Surface terminated[total_surfaces=0, used_surfaces=0](w.d0@f6e8b46}
04-22 00:28:34.741 D/Camera2CameraImpl(16193): {Camera@9cc7c2b[id=10]} CameraDevice.onClosed()
04-22 00:28:34.741 D/Camera2CameraImpl(16193): {Camera@9cc7c2b[id=10]} Transitioning camera internal state: CLOSING --> INITIALIZED
04-22 00:28:34.741 D/CameraStateRegistry(16193): Recalculating open cameras:
04-22 00:28:34.741 D/CameraStateRegistry(16193): Camera                                       State                 
04-22 00:28:34.741 D/CameraStateRegistry(16193): -------------------------------------------------------------------
04-22 00:28:34.741 D/CameraStateRegistry(16193): Camera@9cc7c2b[id=10]                        CLOSED                
04-22 00:28:34.741 D/CameraStateRegistry(16193): Camera@ae30e0f[id=1]                         UNKNOWN               
04-22 00:28:34.741 D/CameraStateRegistry(16193): -------------------------------------------------------------------
04-22 00:28:34.741 D/CameraStateRegistry(16193): Open count: 0 (Max allowed: 1)
04-22 00:28:34.741 D/CameraStateMachine(16193): New public camera state CameraState{type=CLOSED, error=null} from CLOSED and null
04-22 00:28:34.742 D/CameraStateMachine(16193): Publishing new public camera state CameraState{type=CLOSED, error=null}
04-22 00:28:34.743 D/BackgroundInstallControlService(  683): Package event received: 0
04-22 00:28:34.744 W/OptProp (  683): Cannot read opt property android.window.PROPERTY_COMPAT_ALLOW_DISPLAY_ORIENTATION_OVERRIDE
04-22 00:28:34.746 W/OptProp (  683): Cannot read opt property android.window.PROPERTY_COMPAT_ENABLE_FAKE_FOCUS
04-22 00:28:34.748 W/IPCThreadState(  683): Sending oneway calls to frozen process.
04-22 00:28:34.748 D/ActivityManager(  683): quick sync unfreeze 8919 for 1
04-22 00:28:34.749 D/SurfaceViewImpl(16193): Safe to release surface.
04-22 00:28:34.750 D/ActivityThread( 8919): Package [com.impos2.mixcretailassemblyrn84] reported as REPLACED, but missing application info. Assuming REMOVED.
04-22 00:28:34.750 D/ActivityManager(  683): sync unfroze 8919 com.google.android.documentsui for 1
04-22 00:28:34.750 I/ProvidersCache( 8919): Updating roots due to change on user 0at content://com.android.providers.media.documents/root
04-22 00:28:34.750 D/BackgroundInstallControlService(  683): Package event received: 0
04-22 00:28:34.751 I/ProvidersCache( 8919): Updating roots due to change on user 0at content://com.android.providers.media.documents/root
04-22 00:28:34.753 I/EGL_emulation( 8919): Opening libGLESv1_CM_emulation.so
04-22 00:28:34.753 D/BackgroundInstallControlService(  683): Package event received: 0
04-22 00:28:34.753 D/BackgroundInstallControlService(  683): Package event received: 0
04-22 00:28:34.753 I/EGL_emulation( 8919): Opening libGLESv2_emulation.so
04-22 00:28:34.755 W/HWUI    ( 8919): Failed to choose config with EGL_SWAP_BEHAVIOR_PRESERVED, retrying without...
04-22 00:28:34.756 W/HWUI    ( 8919): Failed to initialize 101010-2 format, error = EGL_SUCCESS
04-22 00:28:34.757 W/IPCThreadState(  582): Sending oneway calls to frozen process.
04-22 00:28:34.758 I/oid.documentsui( 8919): AssetManager2(0xb400007aa8c27cf8) locale list changing from [] to [en-US]
04-22 00:28:34.762 V/GrammaticalInflectionUtils(  683): AttributionSource: AttributionSource { uid = 10157, packageName = null, attributionTag = null, token = android.os.Binder@d3d534, deviceId = 0, next = null } does not have READ_SYSTEM_GRAMMATICAL_GENDER permission.
04-22 00:28:34.762 D/CompatChangeReporter(  683): Compat change id reported: 151861875; UID 10157; state: ENABLED
04-22 00:28:34.763 D/BackgroundInstallControlService(  683): Package event received: 0
04-22 00:28:34.768 D/Zygote  (  462): Forked child process 17992
04-22 00:28:34.768 I/ActivityManager(  683): Start proc 17992:com.google.android.apps.docs/u0a157 for content provider {com.google.android.apps.docs/com.google.android.apps.docs.common.storagebackend.StorageBackendContentProvider}
04-22 00:28:34.768 I/ActivityManager(  683): ProcessObserver broadcast disabled
04-22 00:28:34.768 I/netd    (  459): tetherGetStats() -> {[]} <0.41ms>
04-22 00:28:34.769 D/PickActivity( 8919): Created new state object: State{action=3, acceptMimes=[image/*], allowMultiple=false, localOnly=false, stack=DocumentStack{root=null, docStack=[], stackTouched=false}, dirConfigs={}, excludedAuthorities=[], openableOnly=false, restrictScopeStorage=true, sortModel=SortModel{dimensions={16908304=SortDimension{id=16908304, labelId=2131755247, dataType=0, sortCapability=0, defaultSortDirection=1, sortDirection=0, visibility=4}, 16908310=SortDimension{id=16908310, labelId=2131755241, dataType=0, sortCapability=3, defaultSortDirection=1, sortDirection=0, visibility=0}, 2131296377=SortDimension{id=2131296377, labelId=2131755234, dataType=1, sortCapability=3, defaultSortDirection=2, sortDirection=0, visibility=0}, 2131296425=SortDimension{id=2131296425, labelId=2131755238, dataType=0, sortCapability=3, defaultSortDirection=1, sortDirection=0, visibility=0}, 2131296571=SortDimension{id=2131296571, labelId=2131755244, dataType=1, sortCapability=3, defaultSortDirection=1, sortDirection=0, visibility=0}}, defaultDimensionId=0, sortedDimension=null}}
04-22 00:28:34.769 D/DrawerController( 8919): Calculated drawer width:320.0
04-22 00:28:34.772 I/droid.apps.docs(17992): Using CollectorTypeCMC GC.
04-22 00:28:34.773 D/AutofillManager( 8919): Fill dialog is enabled:false, hints=[]
04-22 00:28:34.774 D/BaseActivity( 8919): Set recents screenshot to enabled
04-22 00:28:34.775 D/PickerActionHandler( 8919): Load last accessed stack.
04-22 00:28:34.775 D/PickerActionHandler( 8919): Attempting to load last used stack for calling package.
04-22 00:28:34.777 E/droid.apps.docs(17992): Not starting debugger since process cannot load the jdwp agent.
04-22 00:28:34.778 D/nativeloader(17992): Load libframework-connectivity-tiramisu-jni.so using APEX ns com_android_tethering for caller /apex/com.android.tethering/javalib/framework-connectivity-t.jar: ok
04-22 00:28:34.782 D/ApplicationLoaders(17992): Returning zygote-cached class loader: /system/framework/org.apache.http.legacy.jar
04-22 00:28:34.782 D/ApplicationLoaders(17992): Returning zygote-cached class loader: /system_ext/framework/androidx.window.extensions.jar
04-22 00:28:34.782 D/ApplicationLoaders(17992): Returning zygote-cached class loader: /system_ext/framework/androidx.window.sidecar.jar
04-22 00:28:34.786 D/nativeloader(17992): InitLlndkLibrariesProduct: libEGL.so:libGLESv1_CM.so:libGLESv2.so:libGLESv3.so:libRS.so:libandroid_net.so:libapexsupport.so:libavf.so:libbinder_ndk.so:libc.so:libcgrouprc.so:libclang_rt.asan-aarch64-android.so:libclang_rt.hwasan-aarch64-android.so:libcom.android.tethering.connectivity_native.so:libdl.so:libft2.so:liblog.so:libm.so:libmediandk.so:libnativewindow.so:libneuralnetworks.so:libselinux.so:libsync.so:libvendorsupport.so:libvndksupport.so:libvulkan.so
04-22 00:28:34.786 D/nativeloader(17992): Configuring product-clns-9 for unbundled product apk /product/app/Drive/Drive.apk. target_sdk_version=35, uses_libraries=, library_path=/product/app/Drive/lib/arm64:/product/app/Drive/Drive.apk!/lib/arm64-v8a:/product/lib64:/system/product/lib64, permitted_path=/data:/mnt/expand:/data/user/0/com.google.android.apps.docs:/product/lib64:/system/product/lib64
04-22 00:28:34.786 D/nativeloader(17992): InitVndkspLibrariesProduct: VNDK is deprecated with product
04-22 00:28:34.787 D/CompatChangeReporter(17992): Compat change id reported: 202956589; UID 10157; state: ENABLED
04-22 00:28:34.788 I/droid.apps.docs(17992): AssetManager2(0xb400007aa8c1a238) locale list changing from [] to [en-US]
04-22 00:28:34.790 V/GraphicsEnvironment(17992): Currently set values for:
04-22 00:28:34.790 V/GraphicsEnvironment(17992):   angle_gl_driver_selection_pkgs=[]
04-22 00:28:34.790 V/GraphicsEnvironment(17992):   angle_gl_driver_selection_values=[]
04-22 00:28:34.790 V/GraphicsEnvironment(17992): com.google.android.apps.docs is not listed in per-application setting
04-22 00:28:34.790 V/GraphicsEnvironment(17992): ANGLE allowlist from config: com.dreamgames.royalmatch com.dts.freefiremax com.dxx.firenow com.gramgames.mergedragons com.ludo.king com.mojang.minecraftpe com.my.defense com.nintendo.zaka com.os.airforce com.playrix.fishdomdd.gplay io.teslatech.callbreak jp.konami.prospia net.peakgames.toonblast
04-22 00:28:34.790 V/GraphicsEnvironment(17992): com.google.android.apps.docs is not listed in ANGLE allowlist or settings, returning default
04-22 00:28:34.790 V/GraphicsEnvironment(17992): Neither updatable production driver nor prerelease driver is supported.
04-22 00:28:34.837 D/PackageManager(  683): Instant App installer not found with android.intent.action.INSTALL_INSTANT_APP_PACKAGE
04-22 00:28:34.837 D/PackageManager(  683): Clear ephemeral installer activity
04-22 00:28:34.839 D/nativeloader(17992): Load /product/app/Drive/Drive.apk!/lib/arm64-v8a/libnative_crash_handler_jni.so using class loader ns product-clns-9 (caller=/product/app/Drive/Drive.apk!classes2.dex): ok
04-22 00:28:34.840 W/CacheStorage(17992): cache doesn't exist
04-22 00:28:34.842 D/BackgroundInstallControlService(  683): Package event received: 0
04-22 00:28:34.844 E/DocsApplication(17992): from onCreate Completable for sending summary about blocked SyncRequests
04-22 00:28:34.844 E/DocsApplication(17992): java.lang.IllegalStateException
04-22 00:28:34.844 E/DocsApplication(17992): 	at gcl.i(PG:64)
04-22 00:28:34.844 E/DocsApplication(17992): 	at fpw.lambda$onCreate$2(PG:281)
04-22 00:28:34.844 E/DocsApplication(17992): 	at fpw.$r8$lambda$M-tqsz8QJK2QrqieVTlg-c3Lhbo(PG:1)
04-22 00:28:34.844 E/DocsApplication(17992): 	at fpv.run(PG:717)
04-22 00:28:34.844 E/DocsApplication(17992): 	at wql.d(PG:13)
04-22 00:28:34.844 E/DocsApplication(17992): 	at wnv.e(PG:3)
04-22 00:28:34.844 E/DocsApplication(17992): 	at wqt$a.run(PG:3)
04-22 00:28:34.844 E/DocsApplication(17992): 	at wog$a.run(PG:10)
04-22 00:28:34.844 E/DocsApplication(17992): 	at wuv.run(PG:14)
04-22 00:28:34.844 E/DocsApplication(17992): 	at wuv.call(PG:1)
04-22 00:28:34.844 E/DocsApplication(17992): 	at java.util.concurrent.FutureTask.run(FutureTask.java:317)
04-22 00:28:34.844 E/DocsApplication(17992): 	at java.util.concurrent.ScheduledThreadPoolExecutor$ScheduledFutureTask.run(ScheduledThreadPoolExecutor.java:348)
04-22 00:28:34.844 E/DocsApplication(17992): 	at java.util.concurrent.ThreadPoolExecutor.runWorker(ThreadPoolExecutor.java:1156)
04-22 00:28:34.844 E/DocsApplication(17992): 	at java.util.concurrent.ThreadPoolExecutor$Worker.run(ThreadPoolExecutor.java:651)
04-22 00:28:34.844 E/DocsApplication(17992): 	at java.lang.Thread.run(Thread.java:1119)
04-22 00:28:34.847 I/AppWidgetServiceImpl(  683): getAppWidgetIds() 0
04-22 00:28:34.847 I/AppWidgetServiceImpl(  683): getInstalledProvidersForProfiles() 0
04-22 00:28:34.849 I/WifiService(  683): getVerboseLoggingLevel uid=10157
04-22 00:28:34.850 D/CompatChangeReporter(17992): Compat change id reported: 279646685; UID 10157; state: ENABLED
04-22 00:28:34.850 I/AppWidgetServiceImpl(  683): notifyProviderInheritance() 0
04-22 00:28:34.852 I/FontLog ( 1283): Received query Noto Color Emoji Compat, URI content://com.google.android.gms.fonts [CONTEXT service_id=132 ]
04-22 00:28:34.852 I/FontLog ( 1283): Query [Noto Color Emoji Compat] resolved to {Noto Color Emoji Compat, wdth 100.0, wght 400, ital 0.0, bestEffort false}, isVf false} [CONTEXT service_id=132 ]
04-22 00:28:34.853 I/FontLog ( 1283): Fetch {Noto Color Emoji Compat, wdth 100.0, wght 400, ital 0.0, bestEffort false}, isVf false} end status Status{statusCode=SUCCESS, resolution=null} [CONTEXT service_id=132 ]
04-22 00:28:34.854 I/FontLog ( 1283): Pulling font file for id = 28, cache size = 4 [CONTEXT service_id=132 ]
04-22 00:28:34.855 I/FontLog ( 1283): Pulling font file for id = 28, cache size = 4 [CONTEXT service_id=132 ]
04-22 00:28:34.855 D/BackgroundInstallControlService(  683): Package event received: 0
04-22 00:28:34.857 D/ConnectivityService(  683): requestNetwork for uid/pid:10157/17992 activeRequest: null callbackRequest: 156 [NetworkRequest [ REQUEST id=157, [ Capabilities: INTERNET&NOT_RESTRICTED&TRUSTED&NOT_VCN_MANAGED&NOT_BANDWIDTH_CONSTRAINED Uid: 10157 RequestorUid: 10157 RequestorPkg: com.google.android.apps.docs UnderlyingNetworks: Null] ]] callback flags: 0 order: 2147483647 isUidTracked: false declaredMethods: AVAIL|LOST|UNAVAIL|NC
04-22 00:28:34.858 D/ConnectivityService(  683): NetReassign [157 : null → 101] [c 0] [a 0] [i 1]
04-22 00:28:34.858 D/BackgroundInstallControlService(  683): Package event received: 0
04-22 00:28:34.859 D/WifiNetworkFactory(  683): got request NetworkRequest [ REQUEST id=157, [ Capabilities: INTERNET&NOT_RESTRICTED&TRUSTED&NOT_VCN_MANAGED&NOT_BANDWIDTH_CONSTRAINED Uid: 10157 RequestorUid: 10157 RequestorPkg: com.google.android.apps.docs UnderlyingNetworks: Null] ]
04-22 00:28:34.859 E/ashmem  (17992): Pinning is deprecated since Android Q. Please use trim or other methods.
04-22 00:28:34.859 V/WifiNetworkFactory(  683): Accepted network request NetworkRequest [ REQUEST id=157, [ Capabilities: INTERNET&NOT_RESTRICTED&TRUSTED&NOT_VCN_MANAGED&NOT_BANDWIDTH_CONSTRAINED Uid: 10157 RequestorUid: 10157 RequestorPkg: com.google.android.apps.docs UnderlyingNetworks: Null] ]
04-22 00:28:34.859 D/UntrustedWifiNetworkFactory(  683): got request NetworkRequest [ REQUEST id=157, [ Capabilities: INTERNET&NOT_RESTRICTED&TRUSTED&NOT_VCN_MANAGED&NOT_BANDWIDTH_CONSTRAINED Uid: 10157 RequestorUid: 10157 RequestorPkg: com.google.android.apps.docs UnderlyingNetworks: Null] ]
04-22 00:28:34.859 D/OemPaidWifiNetworkFactory(  683): got request NetworkRequest [ REQUEST id=157, [ Capabilities: INTERNET&NOT_RESTRICTED&TRUSTED&NOT_VCN_MANAGED&NOT_BANDWIDTH_CONSTRAINED Uid: 10157 RequestorUid: 10157 RequestorPkg: com.google.android.apps.docs UnderlyingNetworks: Null] ]
04-22 00:28:34.859 D/MultiInternetWifiNetworkFactory(  683): got request NetworkRequest [ REQUEST id=157, [ Capabilities: INTERNET&NOT_RESTRICTED&TRUSTED&NOT_VCN_MANAGED&NOT_BANDWIDTH_CONSTRAINED Uid: 10157 RequestorUid: 10157 RequestorPkg: com.google.android.apps.docs UnderlyingNetworks: Null] ]
04-22 00:28:34.860 D/FileUtils(  683): Rounded bytes from 3120066560 to 4000000000
04-22 00:28:34.865 D/CompatChangeReporter(17992): Compat change id reported: 270674727; UID 10157; state: ENABLED
04-22 00:28:34.868 I/ProvidersCache( 8919): Provider returned no roots. Possibly naughty: com.google.android.apps.docs.storage
04-22 00:28:34.868 D/BackgroundInstallControlService(  683): Package event received: 0
04-22 00:28:34.873 D/ProvidersAccess( 8919): Matched roots: [Root{userId=0, authority=null, rootId=null, title=Recent, isUsb=false, isSd=false, isMtp=false} @ content:/root/null, Root{userId=0, authority=com.android.externalstorage.documents, rootId=primary, title=sdk_gphone64_arm64, isUsb=false, isSd=false, isMtp=false} @ content://com.android.externalstorage.documents/root/primary, Root{userId=0, authority=com.android.providers.downloads.documents, rootId=downloads, title=Downloads, isUsb=false, isSd=false, isMtp=false} @ content://com.android.providers.downloads.documents/root/downloads, Root{userId=0, authority=com.android.providers.media.documents, rootId=images_root, title=Images, isUsb=false, isSd=false, isMtp=false} @ content://com.android.providers.media.documents/root/images_root]
04-22 00:28:34.890 D/ActivityManager(  683): sync unfroze 2384 android.process.media for 7
04-22 00:28:34.890 D/BackgroundInstallControlService(  683): Package event received: 0
04-22 00:28:34.890 D/BackgroundInstallControlService(  683): Package event received: 0
04-22 00:28:34.891 D/BackgroundInstallControlService(  683): Package event received: 0
04-22 00:28:34.892 D/DocumentStack( 8919): Resetting the whole darn stack to: DocumentStack{root=Root{userId=0, authority=com.android.providers.downloads.documents, rootId=downloads, title=Downloads, isUsb=false, isSd=false, isMtp=false} @ content://com.android.providers.downloads.documents/root/downloads, docStack=[DocumentInfo{docId=downloads, userId=0, name=Downloads, mimeType=vnd.android.document/directory, isContainer=true, isDirectory=true, isArchive=false, isInArchive=false, isPartial=false, isVirtual=false, isDeleteSupported=false, isCreateSupported=true, isMoveSupported=false, isRenameSupported=false, isMetadataSupported=false, isBlockedFromTree=false} @ content://com.android.providers.downloads.documents/document/downloads], stackTouched=true}
04-22 00:28:34.892 E/oid.documentsui( 8919): No package ID ff found for resource ID 0xffffffff.
04-22 00:28:34.893 D/DocumentStack( 8919): Resetting the whole darn stack to: DocumentStack{root=Root{userId=0, authority=com.android.providers.downloads.documents, rootId=downloads, title=Downloads, isUsb=false, isSd=false, isMtp=false} @ content://com.android.providers.downloads.documents/root/downloads, docStack=[DocumentInfo{docId=downloads, userId=0, name=Downloads, mimeType=vnd.android.document/directory, isContainer=true, isDirectory=true, isArchive=false, isInArchive=false, isPartial=false, isVirtual=false, isDeleteSupported=false, isCreateSupported=true, isMoveSupported=false, isRenameSupported=false, isMetadataSupported=false, isBlockedFromTree=false} @ content://com.android.providers.downloads.documents/document/downloads], stackTouched=true}
04-22 00:28:34.893 D/DirectoryFragment( 8919): Showing directory: content://com.android.providers.downloads.documents/document/downloads
04-22 00:28:34.893 D/DirectoryFragment( 8919): Creating new fragment for directory: content://com.android.providers.downloads.documents/document/downloads
04-22 00:28:34.895 W/d.process.media( 2384): Reducing the number of considered missed Gc histogram windows from 272 to 100
04-22 00:28:34.895 D/PackageManager(  683): Instant App installer not found with android.intent.action.INSTALL_INSTANT_APP_PACKAGE
04-22 00:28:34.895 D/PackageManager(  683): Clear ephemeral installer activity
04-22 00:28:34.897 W/SelectionTracker( 8919): Setting gestureTooltypes is likely to result in unexpected behavior.
04-22 00:28:34.899 D/AbstractActionHandler( 8919): Creating new directory loader for: content://com.android.providers.downloads.documents/document/downloads
04-22 00:28:34.900 I/.gms.persistent( 1283): AssetManager2(0xb400007aa8c33eb8) locale list changing from [] to [en-US]
04-22 00:28:34.901 E/oid.documentsui( 8919): No package ID ff found for resource ID 0xffffffff.
04-22 00:28:34.902 D/ProvidersAccess( 8919): Matched roots: [Root{userId=0, authority=null, rootId=null, title=Recent, isUsb=false, isSd=false, isMtp=false} @ content:/root/null, Root{userId=0, authority=com.android.externalstorage.documents, rootId=primary, title=sdk_gphone64_arm64, isUsb=false, isSd=false, isMtp=false} @ content://com.android.externalstorage.documents/root/primary, Root{userId=0, authority=com.android.providers.downloads.documents, rootId=downloads, title=Downloads, isUsb=false, isSd=false, isMtp=false} @ content://com.android.providers.downloads.documents/root/downloads, Root{userId=0, authority=com.android.providers.media.documents, rootId=images_root, title=Images, isUsb=false, isSd=false, isMtp=false} @ content://com.android.providers.media.documents/root/images_root]
04-22 00:28:34.903 D/ActivityManager(  683): sync unfroze 14095 com.android.externalstorage for 7
04-22 00:28:34.904 D/ActivityThread(14095): Package [com.impos2.mixcretailassemblyrn84] reported as REPLACED, but missing application info. Assuming REMOVED.
04-22 00:28:34.905 D/CoreBackPreview(  683): Window{5343fa0 u0 com.google.android.documentsui/com.android.documentsui.picker.PickActivity}: Setting back callback OnBackInvokedCallbackInfo{mCallback=android.window.IOnBackInvokedCallback$Stub$Proxy@7d06f1e, mPriority=0, mIsAnimationCallback=false, mOverrideBehavior=0}
04-22 00:28:34.906 D/BackgroundInstallControlService(  683): Package event received: 0
04-22 00:28:34.911 I/ProvidersCache( 8919): Provider returned no roots. Possibly naughty: com.google.android.apps.docs.storage
04-22 00:28:34.914 W/FuseDaemon( 1626): Reducing the number of considered missed Gc histogram windows from 111 to 100
04-22 00:28:34.924 D/CompositionEngine(  515): Layer: com.impos2.mixcretailassemblyrn84/com.impos2.adapterv2.camera.CameraScanActivity#888 had an out of bounds transparent region
04-22 00:28:34.924 D/Region  (  515):   Region transparentRegionHint (this=0xb400006f60e65140, count=1)
04-22 00:28:34.924 D/Region  (  515):     [  0, -907, 1280,   0]
04-22 00:28:34.930 I/ProvidersCache( 8919): Updating roots due to change on user 0at content://com.google.android.apps.docs.storage/root
04-22 00:28:34.930 V/RefreshTask( 8919): Provider does not support refresh and did not refresh
04-22 00:28:34.931 E/oid.documentsui( 8919): No package ID ff found for resource ID 0xffffffff.
04-22 00:28:34.932 I/ActivityTaskManager(  683): Displayed com.google.android.documentsui/com.android.documentsui.picker.PickActivity for user 0: +227ms
04-22 00:28:34.932 V/WindowManagerShell(  957): onTransitionReady(transaction=2933462667677)
04-22 00:28:34.932 V/WindowManagerShell(  957): onTransitionReady (#103) android.os.BinderProxy@c6e389c: {id=103 t=OPEN f=0x0 trk=0 r=[0@Point(0, 0)] c=[
04-22 00:28:34.932 V/WindowManagerShell(  957):         {m=OPEN f=FILLS_TASK leash=Surface(name=ActivityRecord{184665995 u0 com.google.android.documentsui/com.android.documentsui.picker.PickActivity)/@0x6b0be2b sb=Rect(0, 0 - 0, 0) eb=Rect(0, 0 - 2560, 1600) epz=Point(2560, 1600) d=-1->0 r=-1->0:-1 bc=ff202124 component=com.google.android.documentsui/com.android.documentsui.picker.PickActivity opt={t=FROM_STYLE mUserId=0}},
04-22 00:28:34.932 V/WindowManagerShell(  957):         {m=TO_BACK f=FILLS_TASK leash=Surface(name=ActivityRecord{184612346 u0 com.impos2.mixcretailassemblyrn84/com.impos2.adapterv2.camera.CameraScanActivity)/@0x3744288 sb=Rect(0, 0 - 2560, 1600) eb=Rect(0, 0 - 2560, 1600) epz=Point(2560, 1600) d=0 bc=ff202124 component=com.impos2.mixcretailassemblyrn84/com.impos2.adapterv2.camera.CameraScanActivity opt={t=FROM_STYLE mUserId=0}}
04-22 00:28:34.932 V/WindowManagerShell(  957):     ]}
04-22 00:28:34.932 V/WindowManagerShell(  957): Playing animation for (#103) android.os.BinderProxy@c6e389c@0
04-22 00:28:34.932 V/ShellRecents(  957): RecentsTransitionHandler.startAnimation: no controller found
04-22 00:28:34.932 V/WindowManagerShell(  957): Transition doesn't have explicit remote, search filters for match for {id=103 t=OPEN f=0x0 trk=0 r=[0@Point(0, 0)] c=[{m=OPEN f=FILLS_TASK leash=Surface(name=ActivityRecord{184665995 u0 com.google.android.documentsui/com.android.documentsui.picker.PickActivity)/@0x6b0be2b sb=Rect(0, 0 - 0, 0) eb=Rect(0, 0 - 2560, 1600) epz=Point(2560, 1600) d=-1->0 r=-1->0:-1 bc=ff202124 component=com.google.android.documentsui/com.android.documentsui.picker.PickActivity opt={t=FROM_STYLE mUserId=0}},{m=TO_BACK f=FILLS_TASK leash=Surface(name=ActivityRecord{184612346 u0 com.impos2.mixcretailassemblyrn84/com.impos2.adapterv2.camera.CameraScanActivity)/@0x3744288 sb=Rect(0, 0 - 2560, 1600) eb=Rect(0, 0 - 2560, 1600) epz=Point(2560, 1600) d=0 bc=ff202124 component=com.impos2.mixcretailassemblyrn84/com.impos2.adapterv2.camera.CameraScanActivity opt={t=FROM_STYLE mUserId=0}}]}
04-22 00:28:34.932 V/WindowManagerShell(  957):  Checking filter Pair{{types=[] flags=0x0] notFlags=0x0 checks=[{atype=undefined independent=true modes=[CLOSE,TO_BACK] flags=IN_TASK_WITH_EMBEDDED_ACTIVITY mustBeTask=false order=ANY topActivity=null launchCookie=null taskFragmentToken=android.os.BinderProxy@c0a78a1 windowingMode=undefined}]} RemoteTransition { remoteTransition = android.window.IRemoteTransition$Stub$Proxy@ebc9ac6, appThread = android.app.IApplicationThread$Stub$Proxy@89a6a87, debugName = overlayBackTransition }}
04-22 00:28:34.932 V/WindowManagerShell(  957):  Checking filter Pair{{types=[] flags=0x0] notFlags=0x0 checks=[{atype=dream independent=true modes=[OPEN,TO_FRONT] flags=NONE mustBeTask=false order=ANY topActivity=null launchCookie=null windowingMode=undefined},{atype=home independent=true modes=[CLOSE,TO_BACK] flags=NONE mustBeTask=false order=ANY topActivity=null launchCookie=null windowingMode=undefined}]} RemoteTransition { remoteTransition = android.window.IRemoteTransition$Stub$Proxy@19eadb4, appThread = android.app.IApplicationThread$Stub$Proxy@6b4fddd, debugName = LauncherToDream }}
04-22 00:28:34.932 V/WindowManagerShell(  957):  Checking filter Pair{{types=[] flags=0x0] notFlags=0x100 checks=[{atype=home independent=true modes=[OPEN,TO_FRONT] flags=NONE mustBeTask=false order=TOP topActivity=ComponentInfo{com.google.android.apps.nexuslauncher/com.google.android.apps.nexuslauncher.NexusLauncherActivity} launchCookie=null windowingMode=undefined},{atype=standard independent=true modes=[CLOSE,TO_BACK] flags=NONE mustBeTask=false order=ANY topActivity=null launchCookie=null windowingMode=undefined},{NOT atype=undefined independent=true modes=[] flags=NONE mustBeTask=true order=ANY topActivity=null launchCookie=null customAnim=true windowingMode=undefined}]} RemoteTransition { remoteTransition = android.window.IRemoteTransition$Stub$Proxy@6579d52, appThread = android.app.IApplicationThread$Stub$Proxy@4a92823, debugName = QuickstepLaunchHome }}
04-22 00:28:34.932 V/WindowManagerShell(  957):  Delegate animation for (#103) to null
04-22 00:28:34.932 V/WindowManagerShell(  957): start default transition animation, info = {id=103 t=OPEN f=0x0 trk=0 r=[0@Point(0, 0)] c=[{m=OPEN f=FILLS_TASK leash=Surface(name=ActivityRecord{184665995 u0 com.google.android.documentsui/com.android.documentsui.picker.PickActivity)/@0x6b0be2b sb=Rect(0, 0 - 0, 0) eb=Rect(0, 0 - 2560, 1600) epz=Point(2560, 1600) d=-1->0 r=-1->0:-1 bc=ff202124 component=com.google.android.documentsui/com.android.documentsui.picker.PickActivity opt={t=FROM_STYLE mUserId=0}},{m=TO_BACK f=FILLS_TASK leash=Surface(name=ActivityRecord{184612346 u0 com.impos2.mixcretailassemblyrn84/com.impos2.adapterv2.camera.CameraScanActivity)/@0x3744288 sb=Rect(0, 0 - 2560, 1600) eb=Rect(0, 0 - 2560, 1600) epz=Point(2560, 1600) d=0 bc=ff202124 component=com.impos2.mixcretailassemblyrn84/com.impos2.adapterv2.camera.CameraScanActivity opt={t=FROM_STYLE mUserId=0}}]}
04-22 00:28:34.933 V/WindowManagerShell(  957): loadAnimation: anim=android.view.animation.AnimationSet@d4eff34 animAttr=0x5 type=OPEN isEntrance=false
04-22 00:28:34.933 V/WindowManagerShell(  957): loadAnimation: anim=android.view.animation.AnimationSet@c76daa0 animAttr=0x4 type=OPEN isEntrance=true
04-22 00:28:34.933 V/WindowManagerShell(  957):  animated by com.android.wm.shell.transition.DefaultTransitionHandler@419789b
04-22 00:28:34.933 V/WindowManager(  683): Sent Transition (#103) createdAt=04-22 00:28:34.705 via request=TransitionRequestInfo { type = OPEN, triggerTask = TaskInfo{userId=0 taskId=30 effectiveUid=10214 displayId=0 isRunning=true baseIntent=Intent { flg=0x10000000 cmp=com.impos2.mixcretailassemblyrn84/.MainActivity } baseActivity=ComponentInfo{com.impos2.mixcretailassemblyrn84/com.impos2.mixcretailassemblyrn84.MainActivity} topActivity=ComponentInfo{com.google.android.documentsui/com.android.documentsui.picker.PickActivity} origActivity=null realActivity=ComponentInfo{com.impos2.mixcretailassemblyrn84/com.impos2.mixcretailassemblyrn84.MainActivity} numActivities=3 lastActiveTime=14372255 supportsMultiWindow=true resizeMode=1 isResizeable=true minWidth=-1 minHeight=-1 defaultMinSize=220 token=WCT{RemoteToken{69541e7 Task{d7d5682 #30 type=standard A=10214:com.impos2.mixcretailassemblyrn84}}} topActivityType=1 pictureInPictureParams=null shouldDockBigOverlays=false launchIntoPipHostTaskId=-1 lastParentTaskIdBeforePip=-1 displayCutoutSafeInsets=Rect(0, 0 - 0, 0) topActivityInfo=ActivityInfo{504dbce com.android.documentsui.picker.PickActivity} launchCookies=[] positionInParent=Point(0, 0) parentTaskId=-1 isFocused=true isVisible=true isVisibleRequested=true isTopActivityNoDisplay=false isSleeping=false locusId=null displayAreaFeatureId=1 isTopActivityTransparent=false isActivityStackTransparent=false lastNonFullscreenBounds=Rect(892, 102 - 1668, 1482) capturedLink=null capturedLinkTimestamp=0 requestedVisibleTypes=-9 topActivityRequestOpenInBrowserEducationTimestamp=0 appCompatTaskInfo=AppCompatTaskInfo { topActivityInSizeCompat=false eligibleForLetterboxEducation= false isLetterboxEducationEnabled= true isLetterboxDoubleTapEnabled= false eligibleForUserAspectRatioButton= true topActivityBoundsLetterboxed= false isFromLetterboxDoubleTap= false topActivityLetterboxVerticalPosition= -1 topActivityLetterboxHorizontalPosition= -1 topActivityLetterboxWidth=-1 topActivityLetterboxHeight=-1 topActivityAppBounds=Rect(0, 0 - 2560, 1600) isUserFullscreenOverrideEnabled=false isSystemFullscreenOverrideEnabled=false hasMinAspectRatioOverride=false topActivityLetterboxBounds=null cameraCompatTaskInfo=CameraCompatTaskInfo { freeformCameraCompatMode=inactive}} topActivityMainWindowFrame=null}, pipChange = null, remoteTransition = null, displayChange = null, flags = 0, debugId = 103 }
04-22 00:28:34.933 V/WindowManager(  683):     startWCT=WindowContainerTransaction { changes= {} hops= [] errorCallbackToken=null taskFragmentOrganizer=null }
04-22 00:28:34.934 V/WindowManager(  683):     info={id=103 t=OPEN f=0x0 trk=0 r=[0@Point(0, 0)] c=[
04-22 00:28:34.934 V/WindowManager(  683):         {m=OPEN f=FILLS_TASK leash=Surface(name=ActivityRecord{184665995 u0 com.google.android.documentsui/com.android.documentsui.picker.PickActivity)/@0x7c6f893 sb=Rect(0, 0 - 0, 0) eb=Rect(0, 0 - 2560, 1600) epz=Point(2560, 1600) d=-1->0 r=-1->0:-1 bc=ff202124 component=com.google.android.documentsui/com.android.documentsui.picker.PickActivity opt={t=FROM_STYLE mUserId=0}},
04-22 00:28:34.934 V/WindowManager(  683):         {m=TO_BACK f=FILLS_TASK leash=Surface(name=ActivityRecord{184612346 u0 com.impos2.mixcretailassemblyrn84/com.impos2.adapterv2.camera.CameraScanActivity)/@0x343edd sb=Rect(0, 0 - 2560, 1600) eb=Rect(0, 0 - 2560, 1600) epz=Point(2560, 1600) d=0 bc=ff202124 component=com.impos2.mixcretailassemblyrn84/com.impos2.adapterv2.camera.CameraScanActivity opt={t=FROM_STYLE mUserId=0}}
04-22 00:28:34.934 V/WindowManager(  683):     ]}
04-22 00:28:34.939 I/ProvidersCache( 8919): Provider returned no roots. Possibly naughty: com.google.android.apps.docs.storage
04-22 00:28:34.940 D/CompositionEngine(  515): Layer: com.impos2.mixcretailassemblyrn84/com.impos2.adapterv2.camera.CameraScanActivity#888 had an out of bounds transparent region
04-22 00:28:34.940 D/Region  (  515):   Region transparentRegionHint (this=0xb400006f60e65140, count=1)
04-22 00:28:34.940 D/Region  (  515):     [  0, -907, 1280,   0]
04-22 00:28:34.946 I/EGL_emulation( 8919): Opening libGLESv1_CM_emulation.so
04-22 00:28:34.946 I/EGL_emulation( 8919): Opening libGLESv2_emulation.so
04-22 00:28:34.948 W/HWUI    ( 8919): Failed to choose config with EGL_SWAP_BEHAVIOR_PRESERVED, retrying without...
04-22 00:28:34.948 W/HWUI    ( 8919): Failed to initialize 101010-2 format, error = EGL_SUCCESS
04-22 00:28:34.953 E/oid.documentsui( 8919): No package ID ff found for resource ID 0xffffffff.
04-22 00:28:34.955 D/AbstractActionHandler( 8919): Loader has finished for: content://com.android.providers.downloads.documents/document/downloads
04-22 00:28:34.955 I/Model   ( 8919): Updating model with new result set.
04-22 00:28:34.955 D/DirectoryFragment( 8919): Received model update. Loading=false
04-22 00:28:34.955 D/DefaultSelectionTracker( 8919): Ignoring onDataSetChange. No active selection.
04-22 00:28:34.957 D/CompositionEngine(  515): Layer: com.impos2.mixcretailassemblyrn84/com.impos2.adapterv2.camera.CameraScanActivity#888 had an out of bounds transparent region
04-22 00:28:34.957 D/Region  (  515):   Region transparentRegionHint (this=0xb400006f60e65140, count=1)
04-22 00:28:34.957 D/Region  (  515):     [  0, -907, 1280,   0]
04-22 00:28:34.958 W/BitmapDrawable( 8919): BitmapDrawable created with null Bitmap
04-22 00:28:34.959 W/BestClock(  683): java.time.DateTimeException: No network time available
04-22 00:28:34.959 W/BestClock(  683): java.time.DateTimeException: No network time available
04-22 00:28:34.959 W/BestClock(  683): java.time.DateTimeException: No network time available
04-22 00:28:34.959 W/BestClock(  683): java.time.DateTimeException: No network time available
04-22 00:28:34.959 W/BestClock(  683): java.time.DateTimeException: No network time available
04-22 00:28:34.960 W/BitmapDrawable( 8919): BitmapDrawable created with null Bitmap
04-22 00:28:34.961 W/BitmapDrawable( 8919): BitmapDrawable created with null Bitmap
04-22 00:28:34.962 D/WifiClientModeImpl[9769:wlan0](  683): updateLinkLayerStatsRssiSpeedFrequencyCapabilities rssi=-50 TxLinkspeed=1 freq=2447 RxLinkSpeed=2
04-22 00:28:34.962 D/WifiDataStall(  683): tx tput in kbps: 11000
04-22 00:28:34.962 D/WifiDataStall(  683): rx tput in kbps: 11000
04-22 00:28:34.962 V/WifiConfigManager(  683): Updating scan detail cache freq=2447 BSSID=00:13:10:85:fe:01 RSSI=-50 for "AndroidWifi"NONE
04-22 00:28:34.962 D/WifiThroughputPredictor(  683):  utilization (LLS) 80 isBluetoothConnected: false final utilization: 80
04-22 00:28:34.962 D/WifiThroughputPredictor(  683):  BW: 0 RSSI: -50 Nss: 1 Mode: 1 symDur: 4000 snrDb 30 bitPerTone: 4500 rate: 54 throughput: 11
04-22 00:28:34.962 D/WifiThroughputPredictor(  683):  utilization (LLS) 80 isBluetoothConnected: false final utilization: 80
04-22 00:28:34.962 D/WifiThroughputPredictor(  683):  BW: 0 RSSI: -50 Nss: 1 Mode: 1 symDur: 4000 snrDb 30 bitPerTone: 4500 rate: 54 throughput: 11
04-22 00:28:34.962 D/WifiThroughputPredictor(  683):  utilization (LLS) 80 isBluetoothConnected: false final utilization: 80
04-22 00:28:34.962 D/WifiThroughputPredictor(  683):  BW: 0 RSSI: -50 Nss: 1 Mode: 1 symDur: 4000 snrDb 30 bitPerTone: 4500 rate: 54 throughput: 11
04-22 00:28:34.962 D/WifiThroughputPredictor(  683):  utilization (LLS) 80 isBluetoothConnected: false final utilization: 80
04-22 00:28:34.962 D/WifiThroughputPredictor(  683):  BW: 0 RSSI: -50 Nss: 1 Mode: 1 symDur: 4000 snrDb 30 bitPerTone: 4500 rate: 54 throughput: 11
04-22 00:28:34.963 D/WifiScoreCard(  683): BSSID update SIGNAL_POLL ID: 261501600 SSID: "AndroidWifi", BSSID: 00:13:10:85:fe:01, MAC: 02:15:b4:00:00:00, IP: /10.0.2.17, Security type: 0, Supplicant state: COMPLETED, Wi-Fi standard: legacy, RSSI: -50, Link speed: 1Mbps, Tx Link speed: 1Mbps, Max Supported Tx Link speed: 11Mbps, Rx Link speed: 2Mbps, Max Supported Rx Link speed: 11Mbps, Frequency: 2447MHz, Net ID: 0, Metered hint: false, score: 60, isUsable: true, CarrierMerged: false, SubscriptionId: -1, IsPrimary: 1, Trusted: true, Restricted: false, Ephemeral: false, OEM paid: false, OEM private: false, OSU AP: false, FQDN: <none>, Provider friendly name: <none>, Requesting package name: <none>"AndroidWifi"openMLO Information: , Is TID-To-Link negotiation supported by the AP: false, AP MLD Address: <none>, AP MLO Link Id: <none>, AP MLO Affiliated links: <none>, Vendor Data: <none>
04-22 00:28:34.963 D/WifiScoreCard(  683): txRate: 1 txSpeed: 1
04-22 00:28:34.963 D/WifiScoreCard(  683): network update SIGNAL_POLL "AndroidWifi" ID: 579418950 RSSI -50 txSpeed -1
04-22 00:28:34.963 D/WifiClientModeImpl[9769:wlan0](  683):  ClientModeImpl$L2ConnectedState screen=on 1 0 "AndroidWifi" 00:13:10:85:fe:01 rssi=-50 f=2447 sc=60 link=1 tx=0.6, 0.0, 0.0 rx=0.5 bcn=0 [on:0 tx:0 rx:0 period:3002] from screen [on:0 period:-1327545581] score=60
04-22 00:28:34.968 W/HWUI    ( 8919): Image decoding logging dropped!
04-22 00:28:34.974 D/CompositionEngine(  515): Layer: com.impos2.mixcretailassemblyrn84/com.impos2.adapterv2.camera.CameraScanActivity#888 had an out of bounds transparent region
04-22 00:28:34.974 D/Region  (  515):   Region transparentRegionHint (this=0xb400006f60e65140, count=1)
04-22 00:28:34.974 D/Region  (  515):     [  0, -907, 1280,   0]
04-22 00:28:34.981 W/HWUI    ( 8919): Image decoding logging dropped!
04-22 00:28:34.988 D/ProvidersAccess( 8919): Matched roots: [Root{userId=0, authority=null, rootId=null, title=Recent, isUsb=false, isSd=false, isMtp=false} @ content:/root/null, Root{userId=0, authority=com.android.externalstorage.documents, rootId=primary, title=sdk_gphone64_arm64, isUsb=false, isSd=false, isMtp=false} @ content://com.android.externalstorage.documents/root/primary, Root{userId=0, authority=com.android.providers.downloads.documents, rootId=downloads, title=Downloads, isUsb=false, isSd=false, isMtp=false} @ content://com.android.providers.downloads.documents/root/downloads, Root{userId=0, authority=com.android.providers.media.documents, rootId=images_root, title=Images, isUsb=false, isSd=false, isMtp=false} @ content://com.android.providers.media.documents/root/images_root]
04-22 00:28:34.990 W/HWUI    ( 8919): Image decoding logging dropped!
