--------- beginning of system
04-19 22:38:34.117 W/ActivityTaskManager(  590): callingPackage for (uid=2000, pid=8758) has no WPC
04-19 22:38:34.117 W/OptProp (  590): Cannot read opt property android.window.PROPERTY_COMPAT_ALLOW_USER_ASPECT_RATIO_OVERRIDE
04-19 22:38:34.117 W/OptProp (  590): Cannot read opt property android.window.PROPERTY_COMPAT_ALLOW_USER_ASPECT_RATIO_FULLSCREEN_OVERRIDE
04-19 22:38:34.117 W/OptProp (  590): Cannot read opt property android.window.PROPERTY_COMPAT_ALLOW_ORIENTATION_OVERRIDE
--------- beginning of main
04-19 22:38:34.118 V/GrammaticalInflectionUtils(  590): AttributionSource: AttributionSource { uid = 10212, packageName = null, attributionTag = null, token = android.os.Binder@bdb3573, deviceId = 0, next = null } does not have READ_SYSTEM_GRAMMATICAL_GENDER permission.
04-19 22:38:34.118 W/OptProp (  590): Cannot read opt property android.window.PROPERTY_COMPAT_ALLOW_RESIZEABLE_ACTIVITY_OVERRIDES
04-19 22:38:34.118 W/OptProp (  590): Cannot read opt property android.window.PROPERTY_COMPAT_ALLOW_MIN_ASPECT_RATIO_OVERRIDE
04-19 22:38:34.120 W/InputDispatcher(  590): Focused display #0 does not have a focused window.
04-19 22:38:34.120 E/InputDispatcher(  590): But another display has a focused window
04-19 22:38:34.120 E/InputDispatcher(  590):   FocusedWindows:
04-19 22:38:34.120 E/InputDispatcher(  590):     displayId=2, name='57831cd com.google.android.apps.nexuslauncher/com.android.launcher3.secondarydisplay.SecondaryDisplayLauncher'
04-19 22:38:34.122 V/WindowManagerShell(  836): Transition requested (#469): android.os.BinderProxy@133e59e TransitionRequestInfo { type = OPEN, triggerTask = TaskInfo{userId=0 taskId=823 displayId=0 isRunning=true baseIntent=Intent { flg=0x10000000 cmp=com.impos2.mixcretailassemblyrn84/.MainActivity } baseActivity=ComponentInfo{com.impos2.mixcretailassemblyrn84/com.impos2.mixcretailassemblyrn84.MainActivity} topActivity=ComponentInfo{com.impos2.mixcretailassemblyrn84/com.impos2.mixcretailassemblyrn84.MainActivity} origActivity=null realActivity=ComponentInfo{com.impos2.mixcretailassemblyrn84/com.impos2.mixcretailassemblyrn84.MainActivity} numActivities=1 lastActiveTime=250899669 supportsMultiWindow=true resizeMode=1 isResizeable=true minWidth=-1 minHeight=-1 defaultMinSize=220 token=WCT{android.window.IWindowContainerToken$Stub$Proxy@943187f} topActivityType=1 pictureInPictureParams=null shouldDockBigOverlays=false launchIntoPipHostTaskId=-1 lastParentTaskIdBeforePip=-1 displayCutoutSafeInsets=null topActivityInfo=ActivityInfo{442504c com.impos2.mixcretailassemblyrn84.MainActivity} launchCookies=[] positionInParent=Point(0, 0) parentTaskId=-1 isFocused=false isVisible=false isVisibleRequested=false isSleeping=false locusId=null displayAreaFeatureId=1 isTopActivityTransparent=false appCompatTaskInfo=AppCompatTaskInfo { topActivityInSizeCompat=false topActivityEligibleForLetterboxEducation= falseisLetterboxEducationEnabled= true isLetterboxDoubleTapEnabled= false topActivityEligibleForUserAspectRatioButton= true topActivityBoundsLetterboxed= false isFromLetterboxDoubleTap= false topActivityLetterboxVerticalPosition= -1 topActivityLetterboxHorizontalPosition= -1 topActivityLetterboxWidth=2560 topActivityLetterboxHeight=1600 isUserFullscreenOverrideEnabled=false isSystemFullscreenOverrideEnabled=false cameraCompatTaskInfo=CameraCompatTaskInfo { cameraCompatControlState=hidden freeformCameraCompatMode=inactive}}}, pipTask = null, remoteTransition = null, displayChange = null, flags = 0, debugId = 469 }
04-19 22:38:34.122 D/ShellDesktopMode(  836): DesktopTaskRepo: visibleTaskCount= 0
04-19 22:38:34.122 I/ActivityTaskManager(  590): START u0 {flg=0x10000000 cmp=com.impos2.mixcretailassemblyrn84/.MainActivity} with LAUNCH_SINGLE_TASK from uid 2000 (BAL_ALLOW_PERMISSION) result code=0
04-19 22:38:34.123 W/SplitSelectStateCtor( 1099): Missing session instanceIds
04-19 22:38:34.123 D/StatsLog( 1099): LAUNCHER_SPLIT_SELECTION_EXIT_INTERRUPTED
04-19 22:38:34.124 D/SplashScreenView(  836): Build android.window.SplashScreenView{8906350 V.E...... ......ID 0,0-0,0}
04-19 22:38:34.124 D/SplashScreenView(  836): Icon: view: android.widget.ImageView{39cd949 V.ED..... ......I. 0,0-0,0 #1020504 android:id/splashscreen_icon_view} drawable: com.android.wm.shell.startingsurface.SplashscreenIconDrawableFactory$ImmobileIconDrawable@b72f24e size: 424
04-19 22:38:34.124 D/SplashScreenView(  836): Branding: view: android.view.View{c191f6f G.ED..... ......I. 0,0-0,0 #1020503 android:id/splashscreen_branding_view} drawable: null size w: 0 h: 0
04-19 22:38:34.124 V/GrammaticalInflectionUtils(  590): AttributionSource: AttributionSource { uid = 10212, packageName = null, attributionTag = null, token = android.os.Binder@bdb3573, deviceId = 0, next = null } does not have READ_SYSTEM_GRAMMATICAL_GENDER permission.
04-19 22:38:34.125 I/AppsFilter(  590): interaction: PackageSetting{7cc5e74 com.impos2.adapter.dev/10230} -> PackageSetting{800e7b9 com.impos2.mixcretailassemblyrn84/10212} BLOCKED
04-19 22:38:34.125 I/AppsFilter(  590): interaction: PackageSetting{4e89c12 com.impos2.mixcretailrn84v2/10231} -> PackageSetting{800e7b9 com.impos2.mixcretailassemblyrn84/10212} BLOCKED
04-19 22:38:34.125 I/AppsFilter(  590): interaction: PackageSetting{e841fe3 com.impos2.mixcretailrn84/10234} -> PackageSetting{800e7b9 com.impos2.mixcretailassemblyrn84/10212} BLOCKED
04-19 22:38:34.125 I/AppsFilter(  590): interaction: PackageSetting{c8aede0 com.impos2.posadapter/10229} -> PackageSetting{800e7b9 com.impos2.mixcretailassemblyrn84/10212} BLOCKED
04-19 22:38:34.125 D/WindowManagerShell(  836): setLauncherKeepClearAreaHeight: visible=false, height=223
04-19 22:38:34.126 I/TopTaskTracker( 1099): onTaskMovedToFront: (moved taskInfo to front) taskId=823, baseIntent=Intent { flg=0x10000000 cmp=com.impos2.mixcretailassemblyrn84/.MainActivity }
04-19 22:38:34.126 I/BpBinder(  439): onLastStrongRef automatically unlinking death recipients: 
04-19 22:38:34.128 W/OptProp (  590): Cannot read opt property android.window.PROPERTY_COMPAT_ALLOW_DISPLAY_ORIENTATION_OVERRIDE
04-19 22:38:34.130 I/AppWidgetServiceImpl(  590): Received broadcast: android.intent.action.PACKAGE_UNSTOPPED on user 0
04-19 22:38:34.130 I/AppWidgetServiceImpl(  590): Updating package stopped masked state for uid 10212 package com.impos2.mixcretailassemblyrn84 isStopped false
04-19 22:38:34.135 D/Zygote  (  389): Forked child process 8761
04-19 22:38:34.136 I/ActivityManager(  590): Start proc 8761:com.impos2.mixcretailassemblyrn84/u0a212 for next-top-activity {com.impos2.mixcretailassemblyrn84/com.impos2.mixcretailassemblyrn84.MainActivity}
04-19 22:38:34.144 D/CoreBackPreview(  590): Window{f28d9ac u0 Splash Screen com.impos2.mixcretailassemblyrn84}: Setting back callback OnBackInvokedCallbackInfo{mCallback=android.window.IOnBackInvokedCallback$Stub$Proxy@f26cf2d, mPriority=0, mIsAnimationCallback=false}
04-19 22:38:34.145 I/netd    (  388): tetherGetStats() -> {[]} <0.44ms>
04-19 22:38:34.151 I/ailassemblyrn84( 8761): Late-enabling -Xcheck:jni
04-19 22:38:34.157 V/WindowManager(  590): Sent Transition (#469) createdAt=04-19 22:38:34.118 via request=TransitionRequestInfo { type = OPEN, triggerTask = TaskInfo{userId=0 taskId=823 displayId=0 isRunning=true baseIntent=Intent { flg=0x10000000 cmp=com.impos2.mixcretailassemblyrn84/.MainActivity } baseActivity=ComponentInfo{com.impos2.mixcretailassemblyrn84/com.impos2.mixcretailassemblyrn84.MainActivity} topActivity=ComponentInfo{com.impos2.mixcretailassemblyrn84/com.impos2.mixcretailassemblyrn84.MainActivity} origActivity=null realActivity=ComponentInfo{com.impos2.mixcretailassemblyrn84/com.impos2.mixcretailassemblyrn84.MainActivity} numActivities=1 lastActiveTime=250899669 supportsMultiWindow=true resizeMode=1 isResizeable=true minWidth=-1 minHeight=-1 defaultMinSize=220 token=WCT{RemoteToken{692aeb0 Task{3b1a2b2 #823 type=standard A=10212:com.impos2.mixcretailassemblyrn84}}} topActivityType=1 pictureInPictureParams=null shouldDockBigOverlays=false launchIntoPipHostTaskId=-1 lastParentTaskIdBeforePip=-1 displayCutoutSafeInsets=null topActivityInfo=ActivityInfo{f2ea4f com.impos2.mixcretailassemblyrn84.MainActivity} launchCookies=[] positionInParent=Point(0, 0) parentTaskId=-1 isFocused=false isVisible=false isVisibleRequested=false isSleeping=false locusId=null displayAreaFeatureId=1 isTopActivityTransparent=false appCompatTaskInfo=AppCompatTaskInfo { topActivityInSizeCompat=false topActivityEligibleForLetterboxEducation= falseisLetterboxEducationEnabled= true isLetterboxDoubleTapEnabled= false topActivityEligibleForUserAspectRatioButton= true topActivityBoundsLetterboxed= false isFromLetterboxDoubleTap= false topActivityLetterboxVerticalPosition= -1 topActivityLetterboxHorizontalPosition= -1 topActivityLetterboxWidth=2560 topActivityLetterboxHeight=1600 isUserFullscreenOverrideEnabled=false isSystemFullscreenOverrideEnabled=false cameraCompatTaskInfo=CameraCompatTaskInfo { cameraCompatControlState=hidden freeformCameraCompatMode=inactive}}}, pipTask = null, remoteTransition = null, displayChange = null, flags = 0, debugId = 469 }
04-19 22:38:34.157 V/WindowManager(  590):     startWCT=WindowContainerTransaction { changes = {} hops = [] errorCallbackToken=null taskFragmentOrganizer=null }
04-19 22:38:34.157 V/WindowManager(  590):     info={id=469 t=OPEN f=0x0 trk=0 r=[0@Point(0, 0)] c=[
04-19 22:38:34.157 V/WindowManager(  590):         {WCT{RemoteToken{692aeb0 Task{3b1a2b2 #823 type=standard A=10212:com.impos2.mixcretailassemblyrn84}}} m=OPEN f=NONE leash=Surface(name=Task=823)/@0x741c62 sb=Rect(0, 0 - 2560, 1600) eb=Rect(0, 0 - 2560, 1600) d=0 taskParent=-1},
04-19 22:38:34.157 V/WindowManager(  590):         {WCT{RemoteToken{eecd609 Task{403a6f7 #1 type=home}}} m=TO_BACK f=SHOW_WALLPAPER leash=Surface(name=Task=1)/@0x27bc150 sb=Rect(0, 0 - 2560, 1600) eb=Rect(0, 0 - 2560, 1600) d=0 taskParent=-1}
04-19 22:38:34.157 V/WindowManager(  590):     ]}
04-19 22:38:34.157 V/WindowManagerShell(  836): onTransitionReady(transaction=2534030741478)
04-19 22:38:34.157 V/WindowManagerShell(  836): onTransitionReady (#469) android.os.BinderProxy@133e59e: {id=469 t=OPEN f=0x0 trk=0 r=[0@Point(0, 0)] c=[{WCT{android.window.IWindowContainerToken$Stub$Proxy@b7d9903} m=OPEN f=NONE leash=Surface(name=Task=823)/@0x8dec714 sb=Rect(0, 0 - 2560, 1600) eb=Rect(0, 0 - 2560, 1600) d=0 taskParent=-1},{WCT{android.window.IWindowContainerToken$Stub$Proxy@46b4080} m=TO_BACK f=SHOW_WALLPAPER leash=Surface(name=Task=1)/@0x4fb0bbd sb=Rect(0, 0 - 2560, 1600) eb=Rect(0, 0 - 2560, 1600) d=0 taskParent=-1}]}
04-19 22:38:34.160 W/UserManagerService(  590): Requested status bar icon for non-badged user 0
04-19 22:38:34.162 V/WindowManagerShell(  836): Playing animation for (#469) android.os.BinderProxy@133e59e@0
04-19 22:38:34.162 V/WindowManagerShell(  836):  try handler com.android.wm.shell.transition.DefaultMixedHandler@a4b4bb1
04-19 22:38:34.162 V/WindowManagerShell(  836):  try handler com.android.wm.shell.keyguard.KeyguardTransitionHandler@f055896
04-19 22:38:34.162 V/WindowManagerShell(  836):  try handler com.android.wm.shell.pip.PipTransition@489c17
04-19 22:38:34.163 V/WindowManagerShell(  836):  try handler com.android.wm.shell.activityembedding.ActivityEmbeddingController@f43a804
04-19 22:38:34.163 V/WindowManagerShell(  836):  try handler com.android.wm.shell.splitscreen.StageCoordinator@417f1ed
04-19 22:38:34.163 V/WindowManagerShell(  836):  try handler com.android.wm.shell.desktopmode.DesktopTasksController@4366822
04-19 22:38:34.163 V/WindowManagerShell(  836):  try handler com.android.wm.shell.recents.RecentsTransitionHandler@b30e2b3
04-19 22:38:34.163 V/ShellRecents(  836): RecentsTransitionHandler.startAnimation: no controller found
04-19 22:38:34.163 V/WindowManagerShell(  836):  try handler com.android.wm.shell.transition.RemoteTransitionHandler@2554070
04-19 22:38:34.163 V/WindowManagerShell(  836): Transition doesn't have explicit remote, search filters for match for {id=469 t=OPEN f=0x0 trk=0 r=[0@Point(0, 0)] c=[{WCT{android.window.IWindowContainerToken$Stub$Proxy@b7d9903} m=OPEN f=NONE leash=Surface(name=Task=823)/@0x8dec714 sb=Rect(0, 0 - 2560, 1600) eb=Rect(0, 0 - 2560, 1600) d=0 taskParent=-1},{WCT{android.window.IWindowContainerToken$Stub$Proxy@46b4080} m=TO_BACK f=SHOW_WALLPAPER leash=Surface(name=Task=1)/@0x4fb0bbd sb=Rect(0, 0 - 2560, 1600) eb=Rect(0, 0 - 2560, 1600) d=0 taskParent=-1}]}
04-19 22:38:34.163 V/WindowManagerShell(  836):  Checking filter Pair{{types=[] flags=0x0] notFlags=0x0 checks=[{atype=undefined independent=true modes=[OPEN,TO_FRONT] flags=IN_TASK_WITH_EMBEDDED_ACTIVITY mustBeTask=false order=ANY topActivity=ComponentInfo{com.google.android.apps.nexuslauncher/com.google.android.apps.nexuslauncher.NexusLauncherActivity} launchCookie=null},{atype=undefined independent=true modes=[CLOSE,TO_BACK] flags=IN_TASK_WITH_EMBEDDED_ACTIVITY mustBeTask=false order=ANY topActivity=null launchCookie=null}]} RemoteTransition { remoteTransition = android.window.IRemoteTransition$Stub$Proxy@e8ebfe9, appThread = android.app.IApplicationThread$Stub$Proxy@876e46e, debugName = OverlaySwipeBack }}
04-19 22:38:34.163 V/WindowManagerShell(  836):  Checking filter Pair{{types=[] flags=0x0] notFlags=0x0 checks=[{atype=dream independent=true modes=[OPEN,TO_FRONT] flags=NONE mustBeTask=false order=ANY topActivity=null launchCookie=null},{atype=home independent=true modes=[CLOSE,TO_BACK] flags=NONE mustBeTask=false order=ANY topActivity=null launchCookie=null}]} RemoteTransition { remoteTransition = android.window.IRemoteTransition$Stub$Proxy@f4cf70f, appThread = android.app.IApplicationThread$Stub$Proxy@ba5f39c, debugName = LauncherToDream }}
04-19 22:38:34.163 V/WindowManagerShell(  836):  Checking filter Pair{{types=[] flags=0x0] notFlags=0x100 checks=[{atype=home independent=true modes=[OPEN,TO_FRONT] flags=NONE mustBeTask=false order=TOP topActivity=ComponentInfo{com.google.android.apps.nexuslauncher/com.google.android.apps.nexuslauncher.NexusLauncherActivity} launchCookie=null},{atype=standard independent=true modes=[CLOSE,TO_BACK] flags=NONE mustBeTask=false order=ANY topActivity=null launchCookie=null}]} RemoteTransition { remoteTransition = android.window.IRemoteTransition$Stub$Proxy@c8a71a5, appThread = android.app.IApplicationThread$Stub$Proxy@30d97a, debugName = QuickstepLaunchHome }}
04-19 22:38:34.163 V/WindowManagerShell(  836):  Delegate animation for (#469) to null
04-19 22:38:34.163 V/WindowManagerShell(  836):  try handler com.android.wm.shell.transition.DefaultTransitionHandler@56bf52b
04-19 22:38:34.163 V/WindowManagerShell(  836): start default transition animation, info = {id=469 t=OPEN f=0x0 trk=0 r=[0@Point(0, 0)] c=[{WCT{android.window.IWindowContainerToken$Stub$Proxy@b7d9903} m=OPEN f=NONE leash=Surface(name=Task=823)/@0x8dec714 sb=Rect(0, 0 - 2560, 1600) eb=Rect(0, 0 - 2560, 1600) d=0 taskParent=-1},{WCT{android.window.IWindowContainerToken$Stub$Proxy@46b4080} m=TO_BACK f=SHOW_WALLPAPER leash=Surface(name=Task=1)/@0x4fb0bbd sb=Rect(0, 0 - 2560, 1600) eb=Rect(0, 0 - 2560, 1600) d=0 taskParent=-1}]}
04-19 22:38:34.163 V/WindowManagerShell(  836): loadAnimation: anim=android.view.animation.AnimationSet@d009e57 animAttr=0x13 type=OPEN isEntrance=false
04-19 22:38:34.163 V/WindowManagerShell(  836): loadAnimation: anim=android.view.animation.AnimationSet@d36ff62 animAttr=0x12 type=OPEN isEntrance=true
04-19 22:38:34.165 V/WindowManagerShell(  836):  animated by com.android.wm.shell.transition.DefaultTransitionHandler@56bf52b
04-19 22:38:34.167 D/EGL_emulation( 1099): app_time_stats: avg=712.97ms min=11.59ms max=11885.91ms count=17
04-19 22:38:34.168 D/EGL_emulation(  836): app_time_stats: avg=34148.29ms min=34148.29ms max=34148.29ms count=1
04-19 22:38:34.170 I/ailassemblyrn84( 8761): Using CollectorTypeCMC GC.
04-19 22:38:34.172 I/adbd    (  443): jdwp connection from 8761
04-19 22:38:34.177 D/nativeloader( 8761): Load libframework-connectivity-tiramisu-jni.so using APEX ns com_android_tethering for caller /apex/com.android.tethering/javalib/framework-connectivity-t.jar: ok
04-19 22:38:34.196 D/EGL_emulation( 1099): app_time_stats: avg=541.80ms min=1.64ms max=13301.60ms count=25
04-19 22:38:34.202 W/ziparchive( 8761): Unable to open '/data/app/~~-ordDuM73zu3Rfi-eQPBlQ==/com.impos2.mixcretailassemblyrn84-9bAmtlm0xRK43pkrPxT76Q==/base.dm': No such file or directory
04-19 22:38:34.202 W/ziparchive( 8761): Unable to open '/data/app/~~-ordDuM73zu3Rfi-eQPBlQ==/com.impos2.mixcretailassemblyrn84-9bAmtlm0xRK43pkrPxT76Q==/base.dm': No such file or directory
04-19 22:38:34.226 D/EGL_emulation( 1099): app_time_stats: avg=604.83ms min=209.89ms max=999.78ms count=2
04-19 22:38:34.247 W/HWUI    (  590): Failed to choose config with EGL_SWAP_BEHAVIOR_PRESERVED, retrying without...
04-19 22:38:34.252 W/HWUI    (  590): Failed to initialize 101010-2 format, error = EGL_SUCCESS
04-19 22:38:34.297 W/s.nexuslauncher( 1099): ApkAssets: Deleting an ApkAssets object '<empty> and /product/priv-app/Velvet/Velvet.apk' with 1 weak references
04-19 22:38:34.388 D/nativeloader( 8761): Configuring clns-7 for other apk /data/app/~~-ordDuM73zu3Rfi-eQPBlQ==/com.impos2.mixcretailassemblyrn84-9bAmtlm0xRK43pkrPxT76Q==/base.apk. target_sdk_version=36, uses_libraries=, library_path=/data/app/~~-ordDuM73zu3Rfi-eQPBlQ==/com.impos2.mixcretailassemblyrn84-9bAmtlm0xRK43pkrPxT76Q==/lib/arm64:/data/app/~~-ordDuM73zu3Rfi-eQPBlQ==/com.impos2.mixcretailassemblyrn84-9bAmtlm0xRK43pkrPxT76Q==/base.apk!/lib/arm64-v8a, permitted_path=/data:/mnt/expand:/data/user/0/com.impos2.mixcretailassemblyrn84
04-19 22:38:34.397 V/GraphicsEnvironment( 8761): Currently set values for:
04-19 22:38:34.397 V/GraphicsEnvironment( 8761):   angle_gl_driver_selection_pkgs=[]
04-19 22:38:34.397 V/GraphicsEnvironment( 8761):   angle_gl_driver_selection_values=[]
04-19 22:38:34.397 V/GraphicsEnvironment( 8761): Global.Settings values are invalid: number of packages: 0, number of values: 0
04-19 22:38:34.397 V/GraphicsEnvironment( 8761): Neither updatable production driver nor prerelease driver is supported.
04-19 22:38:34.424 W/SoLoader( 8761): Initializing SoLoader: 0
04-19 22:38:34.424 W/SoLoader( 8761): Recording new base apk path: /data/app/~~-ordDuM73zu3Rfi-eQPBlQ==/com.impos2.mixcretailassemblyrn84-9bAmtlm0xRK43pkrPxT76Q==/base.apk
04-19 22:38:34.424 W/SoLoader( 8761): Previously recorded 0 base apk paths.
04-19 22:38:34.426 I/SoLoader( 8761): Preparing SO source: DirectorySoSource[root = /vendor/lib64 flags = 2]
04-19 22:38:34.426 I/SoLoader( 8761): Preparing SO source: DirectorySoSource[root = /system/lib64 flags = 2]
04-19 22:38:34.426 I/SoLoader( 8761): Preparing SO source: DirectApkSoSource[root = [/data/app/~~-ordDuM73zu3Rfi-eQPBlQ==/com.impos2.mixcretailassemblyrn84-9bAmtlm0xRK43pkrPxT76Q==/base.apk!/lib/arm64-v8a]]
04-19 22:38:34.450 I/SoLoader( 8761): Preparing SO source: ApplicationSoSource[DirectorySoSource[root = /data/app/~~-ordDuM73zu3Rfi-eQPBlQ==/com.impos2.mixcretailassemblyrn84-9bAmtlm0xRK43pkrPxT76Q==/lib/arm64 flags = 0]]
04-19 22:38:34.450 I/SoLoader( 8761): init finish: 4 SO sources prepared
04-19 22:38:34.450 W/SoLoader( 8761): SoLoader initialized: 8
04-19 22:38:34.460 V/WindowManagerShell(  836): Transition animation finished (aborted=false), notifying core (#469) android.os.BinderProxy@133e59e@0
04-19 22:38:34.461 V/WindowManager(  590): Finish Transition (#469): created at 04-19 22:38:34.118 collect-started=0.072ms request-sent=3.377ms started=4.198ms ready=37.667ms sent=38.426ms finished=342.498ms
04-19 22:38:34.462 V/WindowManagerShell(  836): Track 0 became idle
04-19 22:38:34.462 D/VRI[NexusLauncherActivity]( 1099): visibilityChanged oldVisibility=true newVisibility=false
04-19 22:38:34.462 V/WindowManagerShell(  836): All active transition animations finished
04-19 22:38:34.463 W/UserManagerService(  590): Requested status bar icon for non-badged user 0
04-19 22:38:34.465 W/UserManagerService(  590): Requested status bar icon for non-badged user 0
04-19 22:38:34.477 D/NexusLauncherModelDelegate( 1099): notifySmartspaceEvent: SmartspaceTargetEvent{mSmartspaceTarget=null, mSmartspaceActionId='null', mEventType=7}
04-19 22:38:34.488 D/BaseDepthController( 1099): setSurface:
04-19 22:38:34.488 D/BaseDepthController( 1099): 	mWaitingOnSurfaceValidity: false
04-19 22:38:34.488 D/BaseDepthController( 1099): 	mSurface: null
04-19 22:38:34.488 D/BaseDepthController( 1099): mSurface is null and mCurrentBlur is: 0
04-19 22:38:34.488 D/StateManager( 1099): goToState - fromState: Normal, toState: Normal, partial trace:
04-19 22:38:34.488 D/StateManager( 1099): 	at com.android.launcher3.statemanager.StateManager.moveToRestState(go/retraceme 6422cbaa18704413bfb3e93ebb8478614d3644845132061bc54b1fae066de31d:4)
04-19 22:38:34.488 D/StateManager( 1099): 	at com.android.launcher3.statemanager.StateManager.moveToRestState(go/retraceme 6422cbaa18704413bfb3e93ebb8478614d3644845132061bc54b1fae066de31d:1)
04-19 22:38:34.488 D/StateManager( 1099): 	at com.android.launcher3.statemanager.StatefulActivity.onStop(go/retraceme 6422cbaa18704413bfb3e93ebb8478614d3644845132061bc54b1fae066de31d:34)
04-19 22:38:34.488 D/StatsLog( 1099): LAUNCHER_ONSTOP
04-19 22:38:34.489 I/AppWidgetServiceImpl(  590): setAppWidgetHidden() 0
04-19 22:38:34.489 D/OneSearchSuggestProvider( 1099): Shut down the binder channel
04-19 22:38:34.489 I/IPCThreadState( 1099): oneway function results for code 2 on binder at 0xb4000075db33c1d0 will be dropped but finished with status UNKNOWN_TRANSACTION
04-19 22:38:34.491 D/StatsLog( 1099): LAUNCHER_GOOGLE_SEARCH_RESTORE_LIST_SIZE_AFTER_ACTIVITY_RESTART
04-19 22:38:34.502 D/nativeloader( 8761): Load /data/app/~~-ordDuM73zu3Rfi-eQPBlQ==/com.impos2.mixcretailassemblyrn84-9bAmtlm0xRK43pkrPxT76Q==/base.apk!/lib/arm64-v8a/libc++_shared.so using ns clns-7 from class loader (caller=/data/app/~~-ordDuM73zu3Rfi-eQPBlQ==/com.impos2.mixcretailassemblyrn84-9bAmtlm0xRK43pkrPxT76Q==/base.apk): ok
04-19 22:38:34.505 D/nativeloader( 8761): Load /data/app/~~-ordDuM73zu3Rfi-eQPBlQ==/com.impos2.mixcretailassemblyrn84-9bAmtlm0xRK43pkrPxT76Q==/base.apk!/lib/arm64-v8a/libjsi.so using ns clns-7 from class loader (caller=/data/app/~~-ordDuM73zu3Rfi-eQPBlQ==/com.impos2.mixcretailassemblyrn84-9bAmtlm0xRK43pkrPxT76Q==/base.apk): ok
04-19 22:38:34.507 D/nativeloader( 8761): Load /data/app/~~-ordDuM73zu3Rfi-eQPBlQ==/com.impos2.mixcretailassemblyrn84-9bAmtlm0xRK43pkrPxT76Q==/base.apk!/lib/arm64-v8a/libfbjni.so using ns clns-7 from class loader (caller=/data/app/~~-ordDuM73zu3Rfi-eQPBlQ==/com.impos2.mixcretailassemblyrn84-9bAmtlm0xRK43pkrPxT76Q==/base.apk): ok
04-19 22:38:34.510 D/nativeloader( 8761): Load /data/app/~~-ordDuM73zu3Rfi-eQPBlQ==/com.impos2.mixcretailassemblyrn84-9bAmtlm0xRK43pkrPxT76Q==/base.apk!/lib/arm64-v8a/libreactnative.so using ns clns-7 from class loader (caller=/data/app/~~-ordDuM73zu3Rfi-eQPBlQ==/com.impos2.mixcretailassemblyrn84-9bAmtlm0xRK43pkrPxT76Q==/base.apk): ok
04-19 22:38:34.510 D/jni_lib_merge( 8761): Entering merged library JNI_OnLoad.
04-19 22:38:34.510 D/jni_lib_merge( 8761): Preparing 12 pre-merged libs (including stub)
04-19 22:38:34.510 D/jni_lib_merge( 8761): Preparing to register libfabricjni_so.  onload_func: 0x73a5fbf2ec
04-19 22:38:34.510 D/jni_lib_merge( 8761): Preparing to register libreact_devsupportjni_so.  onload_func: 0x73a61e50f8
04-19 22:38:34.510 D/jni_lib_merge( 8761): Preparing to register libreact_featureflagsjni_so.  onload_func: 0x73a61f7be4
04-19 22:38:34.510 D/jni_lib_merge( 8761): Preparing to register libreact_newarchdefaults_so.  onload_func: 0x73a6296fc8
04-19 22:38:34.510 D/jni_lib_merge( 8761): Preparing to register libreactnativeblob_so.  onload_func: 0x73a64ab668
04-19 22:38:34.510 D/jni_lib_merge( 8761): Preparing to register libreactnativejni_so.  onload_func: 0x73a64e9cdc
04-19 22:38:34.510 D/jni_lib_merge( 8761): Preparing to register libreactnativejni_common_so.  onload_func: 0x73a64efa08
04-19 22:38:34.510 D/jni_lib_merge( 8761): Preparing to register librninstance_so.  onload_func: 0x73a653c2cc
04-19 22:38:34.510 D/jni_lib_merge( 8761): Preparing to register libturbomodulejsijni_so.  onload_func: 0x73a6699b34
04-19 22:38:34.510 D/jni_lib_merge( 8761): Preparing to register libuimanagerjni_so.  onload_func: 0x73a66b1454
04-19 22:38:34.510 D/jni_lib_merge( 8761): Preparing to register libyoga_so.  onload_func: 0x73a66c0ed8
04-19 22:38:34.510 D/jni_lib_merge( 8761): About to register 11 actual methods.
04-19 22:38:34.516 D/nativeloader( 8761): Load /data/app/~~-ordDuM73zu3Rfi-eQPBlQ==/com.impos2.mixcretailassemblyrn84-9bAmtlm0xRK43pkrPxT76Q==/base.apk!/lib/arm64-v8a/libreact_codegen_rnsvg.so using ns clns-7 from class loader (caller=/data/app/~~-ordDuM73zu3Rfi-eQPBlQ==/com.impos2.mixcretailassemblyrn84-9bAmtlm0xRK43pkrPxT76Q==/base.apk): ok
04-19 22:38:34.516 D/jni_lib_merge( 8761): Entering merged library JNI_OnLoad.
04-19 22:38:34.516 D/jni_lib_merge( 8761): Preparing 12 pre-merged libs (including stub)
04-19 22:38:34.516 D/jni_lib_merge( 8761): Preparing to register libfabricjni_so.  onload_func: 0x73a5fbf2ec
04-19 22:38:34.516 D/jni_lib_merge( 8761): Preparing to register libreact_devsupportjni_so.  onload_func: 0x73a61e50f8
04-19 22:38:34.516 D/jni_lib_merge( 8761): Preparing to register libreact_featureflagsjni_so.  onload_func: 0x73a61f7be4
04-19 22:38:34.516 D/jni_lib_merge( 8761): Preparing to register libreact_newarchdefaults_so.  onload_func: 0x73a6296fc8
04-19 22:38:34.516 D/jni_lib_merge( 8761): Preparing to register libreactnativeblob_so.  onload_func: 0x73a64ab668
04-19 22:38:34.516 D/jni_lib_merge( 8761): Preparing to register libreactnativejni_so.  onload_func: 0x73a64e9cdc
04-19 22:38:34.516 D/jni_lib_merge( 8761): Preparing to register libreactnativejni_common_so.  onload_func: 0x73a64efa08
04-19 22:38:34.516 D/jni_lib_merge( 8761): Preparing to register librninstance_so.  onload_func: 0x73a653c2cc
04-19 22:38:34.516 D/jni_lib_merge( 8761): Preparing to register libturbomodulejsijni_so.  onload_func: 0x73a6699b34
04-19 22:38:34.516 D/jni_lib_merge( 8761): Preparing to register libuimanagerjni_so.  onload_func: 0x73a66b1454
04-19 22:38:34.516 D/jni_lib_merge( 8761): Preparing to register libyoga_so.  onload_func: 0x73a66c0ed8
04-19 22:38:34.516 D/jni_lib_merge( 8761): About to register 11 actual methods.
04-19 22:38:34.517 D/nativeloader( 8761): Load /data/app/~~-ordDuM73zu3Rfi-eQPBlQ==/com.impos2.mixcretailassemblyrn84-9bAmtlm0xRK43pkrPxT76Q==/base.apk!/lib/arm64-v8a/libappmodules.so using ns clns-7 from class loader (caller=/data/app/~~-ordDuM73zu3Rfi-eQPBlQ==/com.impos2.mixcretailassemblyrn84-9bAmtlm0xRK43pkrPxT76Q==/base.apk): ok
04-19 22:38:34.518 W/OptProp (  590): Cannot read opt property android.window.PROPERTY_COMPAT_ENABLE_FAKE_FOCUS
04-19 22:38:34.518 W/InputDispatcher(  590): Focused display #0 does not have a focused window.
04-19 22:38:34.519 V/WindowManager(  590): Unknown focus tokens, dropping reportFocusChanged
04-19 22:38:34.545 D/AppCompatDelegate( 8761): Checking for metadata for AppLocalesMetadataHolderService : Service not found
04-19 22:38:34.568 I/StartupAudit( 8761): activity_created activity=MainActivity displayIndex=0 pid=8761 time=2026-04-19 22:38:34.567
04-19 22:38:34.598 D/FileUtils(  590): Rounded bytes from 3120193536 to 4000000000
04-19 22:38:34.616 D/nativeloader( 8761): Load /data/app/~~-ordDuM73zu3Rfi-eQPBlQ==/com.impos2.mixcretailassemblyrn84-9bAmtlm0xRK43pkrPxT76Q==/base.apk!/lib/arm64-v8a/libhermesvm.so using ns clns-7 from class loader (caller=/data/app/~~-ordDuM73zu3Rfi-eQPBlQ==/com.impos2.mixcretailassemblyrn84-9bAmtlm0xRK43pkrPxT76Q==/base.apk): ok
04-19 22:38:34.617 D/nativeloader( 8761): Load /data/app/~~-ordDuM73zu3Rfi-eQPBlQ==/com.impos2.mixcretailassemblyrn84-9bAmtlm0xRK43pkrPxT76Q==/base.apk!/lib/arm64-v8a/libhermestooling.so using ns clns-7 from class loader (caller=/data/app/~~-ordDuM73zu3Rfi-eQPBlQ==/com.impos2.mixcretailassemblyrn84-9bAmtlm0xRK43pkrPxT76Q==/base.apk): ok
04-19 22:38:34.617 D/jni_lib_merge( 8761): Entering merged library JNI_OnLoad.
04-19 22:38:34.617 D/jni_lib_merge( 8761): Preparing 4 pre-merged libs (including stub)
04-19 22:38:34.617 D/jni_lib_merge( 8761): Preparing to register libhermes_executor_so.  onload_func: 0x73a847102c
04-19 22:38:34.617 D/jni_lib_merge( 8761): Preparing to register libhermesinstancejni_so.  onload_func: 0x73a849f1f8
04-19 22:38:34.617 D/jni_lib_merge( 8761): Preparing to register libjsijniprofiler_so.  onload_func: 0x73a84a123c
04-19 22:38:34.617 D/jni_lib_merge( 8761): About to register 3 actual methods.
04-19 22:38:34.691 I/resolv  (  388): GetAddrInfoHandler::run: {0 0 0 983040 10212 0}
04-19 22:38:34.693 D/TrafficStats( 8761): tagSocket(100) with statsTag=0xffffffff, statsUid=-1
04-19 22:38:34.722 W/unknown:BridgelessReact( 8761): ReactHost{0}.startSurface(surfaceId = 0): Schedule
04-19 22:38:34.722 W/unknown:BridgelessReact( 8761): ReactHost{0}.attachSurface(surfaceId = 0)
04-19 22:38:34.723 W/unknown:BridgelessReact( 8761): ReactHost{0}.getOrCreateReactInstanceTask()
04-19 22:38:34.723 W/unknown:BridgelessReact( 8761): ReactHost{0}.getOrCreateReactInstanceTask(): Start
04-19 22:38:34.723 W/unknown:BridgelessReact( 8761): ReactHost{0}.getJSBundleLoader()
04-19 22:38:34.723 W/unknown:BridgelessReact( 8761): ReactHost{0}.isMetroRunning()
04-19 22:38:34.725 D/TrafficStats( 8761): tagSocket(102) with statsTag=0xffffffff, statsUid=-1
04-19 22:38:34.728 W/ailassemblyrn84( 8761): Accessing hidden method Landroid/view/ViewGroup;->makeOptionalFitsSystemWindows()V (unsupported, reflection, allowed)
04-19 22:38:34.729 W/unknown:BridgelessReact( 8761): ReactHost{0}.isMetroRunning(): Async result = true
04-19 22:38:34.730 W/unknown:BridgelessReact( 8761): ReactHost{0}.loadJSBundleFromMetro()
04-19 22:38:34.737 W/unknown:BridgelessReact( 8761): ReactHost{0}.onHostResume(activity)
04-19 22:38:34.737 W/unknown:ReactNative( 8761): Packager connection already open, nooping.
04-19 22:38:34.742 W/HWUI    ( 8761): Unknown dataspace 0
04-19 22:38:34.765 W/WindowManager(  590): Failed looking up window session=null callers=com.android.server.wm.WindowManagerService.addWindow:1575 com.android.server.wm.Session.addToDisplayAsUser:257 android.view.IWindowSession$Stub.onTransact:640 
04-19 22:38:34.765 W/WindowManager(  590): Attempted to add window with token that is not a window: null.  Aborting.
04-19 22:38:34.768 E/unknown:ReactNative( 8761): Unable to display loading message because react activity isn't active, message: Loading from localhost:8081…
04-19 22:38:34.776 W/WindowManager(  590): Failed looking up window session=null callers=com.android.server.wm.WindowManagerService.addWindow:1575 com.android.server.wm.Session.addToDisplayAsUser:257 android.view.IWindowSession$Stub.onTransact:640 
04-19 22:38:34.777 W/WindowManager(  590): Attempted to add window with token that is not a window: null.  Aborting.
04-19 22:38:34.778 E/unknown:ReactNative( 8761): Unable to display loading message because react activity isn't active, message: Reloading...
04-19 22:38:34.788 D/CoreBackPreview(  590): Window{f17a23c u0 com.impos2.mixcretailassemblyrn84/com.impos2.mixcretailassemblyrn84.MainActivity}: Setting back callback OnBackInvokedCallbackInfo{mCallback=android.window.IOnBackInvokedCallback$Stub$Proxy@5daa628, mPriority=0, mIsAnimationCallback=false}
04-19 22:38:34.799 I/EGL_emulation( 8761): Opening libGLESv1_CM_emulation.so
04-19 22:38:34.799 I/EGL_emulation( 8761): Opening libGLESv2_emulation.so
04-19 22:38:34.805 W/HWUI    ( 8761): Failed to choose config with EGL_SWAP_BEHAVIOR_PRESERVED, retrying without...
04-19 22:38:34.805 W/HWUI    ( 8761): Failed to initialize 101010-2 format, error = EGL_SUCCESS
04-19 22:38:34.813 W/FrameTracker( 1099): Missing HWUI jank callback for vsyncId: 160074353, CUJ=J<TASKBAR_COLLAPSE::Home to App>
04-19 22:38:34.813 W/FrameTracker( 1099): Missed SF frame:PREDICTION_ERROR, 160074491, 9315946, CUJ=J<TASKBAR_COLLAPSE::Home to App>
04-19 22:38:34.813 W/FrameTracker( 1099): Missed SF frame:PREDICTION_ERROR, 160074550, 4253281, CUJ=J<TASKBAR_COLLAPSE::Home to App>
04-19 22:38:34.813 W/FrameTracker( 1099): Missed SF frame:PREDICTION_ERROR, 160074616, 5031825, CUJ=J<TASKBAR_COLLAPSE::Home to App>
04-19 22:38:34.813 W/FrameTracker( 1099): Missed SF frame:PREDICTION_ERROR, 160074661, 4159119, CUJ=J<TASKBAR_COLLAPSE::Home to App>
04-19 22:38:34.813 W/FrameTracker( 1099): Missed SF frame:PREDICTION_ERROR, 160074683, 3409119, CUJ=J<TASKBAR_COLLAPSE::Home to App>
04-19 22:38:34.813 W/FrameTracker( 1099): Missed SF frame:PREDICTION_ERROR, 160074713, 11878079, CUJ=J<TASKBAR_COLLAPSE::Home to App>
04-19 22:38:34.813 W/FrameTracker( 1099): Missed SF frame:PREDICTION_ERROR, 160074728, 6403038, CUJ=J<TASKBAR_COLLAPSE::Home to App>
04-19 22:38:34.813 W/FrameTracker( 1099): Missed SF frame:PREDICTION_ERROR, 160074787, 4974540, CUJ=J<TASKBAR_COLLAPSE::Home to App>
04-19 22:38:34.813 W/FrameTracker( 1099): Missed SF frame:PREDICTION_ERROR, 160074795, 4513332, CUJ=J<TASKBAR_COLLAPSE::Home to App>
04-19 22:38:34.813 W/FrameTracker( 1099): Missed SF frame:PREDICTION_ERROR, 160074803, 4642208, CUJ=J<TASKBAR_COLLAPSE::Home to App>
04-19 22:38:34.813 W/FrameTracker( 1099): Missed SF frame:PREDICTION_ERROR, 160074811, 4646959, CUJ=J<TASKBAR_COLLAPSE::Home to App>
04-19 22:38:34.813 V/PerfettoTrigger( 1099): Triggering /system/bin/trigger_perfetto com.android.telemetry.interaction-jank-monitor-61
04-19 22:38:34.818 I/hwservicemanager(  162): getTransport: Cannot find entry android.hardware.graphics.mapper@4.0::IMapper/default in either framework or device VINTF manifest.
04-19 22:38:34.818 I/Gralloc4( 8761): mapper 4.x is not supported
--------- beginning of kernel
04-19 22:38:34.819 I/servicemanager(  157): Caller(pid=8761,uid=10212,sid=u:r:untrusted_app:s0:c212,c256,c512,c768) Could not find android.hardware.graphics.allocator.IAllocator/default in the VINTF manifest. No alternative instances declared in VINTF.
04-19 22:38:34.843 W/ziparchive(  590): Unable to open '/data/app/~~-ordDuM73zu3Rfi-eQPBlQ==/com.impos2.mixcretailassemblyrn84-9bAmtlm0xRK43pkrPxT76Q==/base.dm': No such file or directory
04-19 22:38:34.846 I/ActivityTaskManager(  590): Displayed com.impos2.mixcretailassemblyrn84/.MainActivity for user 0: +726ms
04-19 22:38:34.847 I/BpBinder(  439): onLastStrongRef automatically unlinking death recipients: 
04-19 22:38:34.865 D/MainActivity( 8761): Skipped RN onWindowFocusChanged before React context is ready: hasFocus=true
04-19 22:38:34.867 I/ImeTracker(  590): com.impos2.mixcretailassemblyrn84:95874904: onRequestHide at ORIGIN_SERVER reason HIDE_UNSPECIFIED_WINDOW fromUser false
04-19 22:38:34.868 I/ImeTracker(  590): com.impos2.mixcretailassemblyrn84:95874904: onCancelled at PHASE_SERVER_SHOULD_HIDE
04-19 22:38:34.869 I/GoogleInputMethodService(20885): GoogleInputMethodService.onFinishInput():3157 
04-19 22:38:34.870 I/GoogleInputMethodService(20885): GoogleInputMethodService.updateDeviceLockedStatus():2248 repeatCheckTimes = 0, locked = false
04-19 22:38:34.870 I/GoogleInputMethodService(20885): GoogleInputMethodService.onStartInput():1986 onStartInput(EditorInfo{EditorInfo{packageName=com.impos2.mixcretailassemblyrn84, inputType=0, inputTypeString=NULL, enableLearning=false, autoCorrection=false, autoComplete=false, imeOptions=0, privateImeOptions=null, actionName=UNSPECIFIED, actionLabel=null, initialSelStart=-1, initialSelEnd=-1, initialCapsMode=0, label=null, fieldId=0, fieldName=null, extras=null, hintText=null, hintLocales=[]}}, false)
04-19 22:38:34.870 I/GoogleInputMethodService(20885): GoogleInputMethodService.updateDeviceLockedStatus():2248 repeatCheckTimes = 1, locked = false
04-19 22:38:34.870 I/AndroidIME(20885): InputBundleManager.loadActiveInputBundleId():450 loadActiveInputBundleId: und-Latn-x-password, password
04-19 22:38:34.870 W/PackageConfigPersister(  590): App-specific configuration not found for packageName: com.impos2.mixcretailassemblyrn84 and userId: 0
04-19 22:38:34.949 I/ailassemblyrn84( 8761): Compiler allocated 4206KB to compile void android.widget.TextView.<init>(android.content.Context, android.util.AttributeSet, int, int)
04-19 22:38:35.008 I/ailassemblyrn84( 8761): Compiler allocated 5250KB to compile void android.view.ViewRootImpl.performTraversals()
04-19 22:38:35.106 W/unknown:BridgelessReact( 8761): ReactHost{0}.loadJSBundleFromMetro(): Creating BundleLoader
04-19 22:38:35.106 W/unknown:BridgelessReact( 8761): ReactHost{0}.getOrCreateReactInstanceTask(): Creating BridgelessReactContext
04-19 22:38:35.108 W/unknown:BridgelessReact( 8761): ReactHost{0}.getOrCreateReactInstanceTask(): Creating ReactInstance
04-19 22:38:35.121 D/TrafficStats( 8761): tagSocket(133) with statsTag=0xffffffff, statsUid=-1
04-19 22:38:35.163 W/unknown:BridgelessReact( 8761): ReactHost{0}.getOrCreateReactInstanceTask(): Loading JS Bundle
04-19 22:38:35.164 W/unknown:BridgelessReact( 8761): ReactHost{0}.getOrCreateReactInstanceTask(): DevSupportManager.onNewReactContextCreated()
04-19 22:38:35.170 W/unknown:ReactNative( 8761): Packager connection already open, nooping.
04-19 22:38:35.170 W/unknown:BridgelessReact( 8761): ReactHost{0}.startSurface(surfaceId = 0): Execute
04-19 22:38:35.170 W/unknown:BridgelessReact( 8761): ReactHost{0}.ReactContext.onHostResume()
04-19 22:38:35.171 W/unknown:BridgelessReact( 8761): ReactHost{0}.getOrCreateReactInstanceTask(): Executing ReactInstanceEventListeners
04-19 22:38:35.213 W/InteractionJankMonitor( 8761): Initializing without READ_DEVICE_CONFIG permission. enabled=true, interval=1, missedFrameThreshold=3, frameTimeThreshold=64, package=com.impos2.mixcretailassemblyrn84
04-19 22:38:35.215 W/WindowOnBackDispatcher(  836): sendCancelIfRunning: isInProgress=false callback=android.view.ViewRootImpl$$ExternalSyntheticLambda11@942438b
04-19 22:38:35.215 D/CoreBackPreview(  590): Window{f28d9ac u0 Splash Screen com.impos2.mixcretailassemblyrn84 EXITING}: Setting back callback null
04-19 22:38:35.215 W/InputManager-JNI(  590): Input channel object 'f28d9ac Splash Screen com.impos2.mixcretailassemblyrn84 (client)' was disposed without first being removed with the input manager!
04-19 22:38:35.225 I/netd    (  388): tetherGetStats() -> {[]} <0.34ms>
04-19 22:38:35.249 I/FontLog (  937): Received query Noto Color Emoji Compat, URI content://com.google.android.gms.fonts [CONTEXT service_id=132 ]
04-19 22:38:35.249 I/FontLog (  937): Query [emojicompat-emoji-font] resolved to {Noto Color Emoji Compat, wdth 100.0, wght 400, ital 0.0, bestEffort false} [CONTEXT service_id=132 ]
04-19 22:38:35.250 I/FontLog (  937): Fetch {Noto Color Emoji Compat, wdth 100.0, wght 400, ital 0.0, bestEffort false} end status Status{statusCode=SUCCESS, resolution=null} [CONTEXT service_id=132 ]
04-19 22:38:35.252 I/FontLog (  937): Pulling font file for id = 13, cache size = 4 [CONTEXT service_id=132 ]
04-19 22:38:35.264 I/FontLog (  937): Pulling font file for id = 13, cache size = 4 [CONTEXT service_id=132 ]
04-19 22:38:35.265 W/FrameTracker(  836): Missed SF frame:PREDICTION_ERROR, 160074963, 8941220, CUJ=J<SPLASHSCREEN_EXIT_ANIM>
04-19 22:38:35.266 W/FrameTracker(  836): Missed SF frame:PREDICTION_ERROR, 160075057, 4766347, CUJ=J<SPLASHSCREEN_EXIT_ANIM>
04-19 22:38:35.266 W/FrameTracker(  836): Missed SF frame:PREDICTION_ERROR, 160075079, 4516973, CUJ=J<SPLASHSCREEN_EXIT_ANIM>
04-19 22:38:35.266 W/FrameTracker(  836): Missed SF frame:PREDICTION_ERROR, 160075101, 4611015, CUJ=J<SPLASHSCREEN_EXIT_ANIM>
04-19 22:38:35.266 W/FrameTracker(  836): Missed SF frame:PREDICTION_ERROR, 160075123, 0, CUJ=J<SPLASHSCREEN_EXIT_ANIM>
04-19 22:38:35.266 W/FrameTracker(  836): Missing HWUI jank callback for vsyncId: 160075123, CUJ=J<SPLASHSCREEN_EXIT_ANIM>
04-19 22:38:35.266 W/FrameTracker(  836): Missed SF frame:PREDICTION_ERROR, 160075167, 4200851, CUJ=J<SPLASHSCREEN_EXIT_ANIM>
04-19 22:38:35.266 W/FrameTracker(  836): Missed SF frame:PREDICTION_ERROR, 160075189, 4693935, CUJ=J<SPLASHSCREEN_EXIT_ANIM>
04-19 22:38:35.266 W/FrameTracker(  836): Missed SF frame:PREDICTION_ERROR, 160075211, 4522477, CUJ=J<SPLASHSCREEN_EXIT_ANIM>
04-19 22:38:35.266 W/FrameTracker(  836): Missed SF frame:PREDICTION_ERROR, 160075233, 4716019, CUJ=J<SPLASHSCREEN_EXIT_ANIM>
04-19 22:38:35.266 W/FrameTracker(  836): Missed SF frame:PREDICTION_ERROR, 160075277, 4644812, CUJ=J<SPLASHSCREEN_EXIT_ANIM>
04-19 22:38:35.266 W/FrameTracker(  836): Missing HWUI jank callback for vsyncId: 160075343, CUJ=J<SPLASHSCREEN_EXIT_ANIM>
04-19 22:38:35.266 W/FrameTracker(  836): Missed SF frame:PREDICTION_ERROR, 160075365, 7588690, CUJ=J<SPLASHSCREEN_EXIT_ANIM>
04-19 22:38:35.266 W/FrameTracker(  836): Missing HWUI jank callback for vsyncId: 160075387, CUJ=J<SPLASHSCREEN_EXIT_ANIM>
04-19 22:38:35.266 W/FrameTracker(  836): Missed SF frame:PREDICTION_ERROR, 160075416, 4815066, CUJ=J<SPLASHSCREEN_EXIT_ANIM>
04-19 22:38:35.267 V/PerfettoTrigger(  836): Triggering /system/bin/trigger_perfetto com.android.telemetry.interaction-jank-monitor-39
04-19 22:38:35.341 I/WebViewFactory( 8761): Loading com.google.android.webview version 124.0.6367.219 (code 636771932)
04-19 22:38:35.347 V/ResourcesManager( 8761): The following library key has been added: ResourcesKey{ mHash=c8c12262 mResDir=null mSplitDirs=[] mOverlayDirs=[/product/overlay/NavigationBarModeGestural/NavigationBarModeGesturalOverlay.apk,/data/resource-cache/com.android.systemui-neutral-vw0M.frro,/data/resource-cache/com.android.systemui-accent-rQ5e.frro,/data/resource-cache/com.android.systemui-dynamic-RCbR.frro] mLibDirs=[/data/app/~~j4BrjP0JsvTGmjdLkkfrgg==/com.google.android.webview-lp5hhYzxsBeFuV03zuxwaw==/WebViewGoogle.apk,/data/app/~~JXob4Tig8lkoK6grnIoRDQ==/com.google.android.trichromelibrary_636771932-v7-OhOMBuMGJ9HOdFxznSA==/TrichromeLibrary.apk,/system_ext/framework/androidx.window.extensions.jar] mDisplayId=0 mOverrideConfig=v35 mCompatInfo={320dpi always-compat} mLoaders=[]}
04-19 22:38:35.350 W/ziparchive( 8761): Unable to open '/data/app/~~JXob4Tig8lkoK6grnIoRDQ==/com.google.android.trichromelibrary_636771932-v7-OhOMBuMGJ9HOdFxznSA==/TrichromeLibrary.dm': No such file or directory
04-19 22:38:35.350 W/ziparchive( 8761): Unable to open '/data/app/~~JXob4Tig8lkoK6grnIoRDQ==/com.google.android.trichromelibrary_636771932-v7-OhOMBuMGJ9HOdFxznSA==/TrichromeLibrary.dm': No such file or directory
04-19 22:38:35.351 W/ailassemblyrn84( 8761): Entry not found
04-19 22:38:35.352 D/nativeloader( 8761): Configuring clns-8 for other apk /data/app/~~JXob4Tig8lkoK6grnIoRDQ==/com.google.android.trichromelibrary_636771932-v7-OhOMBuMGJ9HOdFxznSA==/TrichromeLibrary.apk. target_sdk_version=34, uses_libraries=ALL, library_path=/data/app/~~j4BrjP0JsvTGmjdLkkfrgg==/com.google.android.webview-lp5hhYzxsBeFuV03zuxwaw==/lib/arm64:/data/app/~~j4BrjP0JsvTGmjdLkkfrgg==/com.google.android.webview-lp5hhYzxsBeFuV03zuxwaw==/WebViewGoogle.apk!/lib/arm64-v8a:/data/app/~~JXob4Tig8lkoK6grnIoRDQ==/com.google.android.trichromelibrary_636771932-v7-OhOMBuMGJ9HOdFxznSA==/TrichromeLibrary.apk!/lib/arm64-v8a, permitted_path=/data:/mnt/expand
04-19 22:38:35.353 D/ApplicationLoaders( 8761): Returning zygote-cached class loader: /system_ext/framework/androidx.window.extensions.jar
04-19 22:38:35.354 D/nativeloader( 8761): Configuring clns-9 for other apk /data/app/~~j4BrjP0JsvTGmjdLkkfrgg==/com.google.android.webview-lp5hhYzxsBeFuV03zuxwaw==/WebViewGoogle.apk. target_sdk_version=34, uses_libraries=, library_path=/data/app/~~j4BrjP0JsvTGmjdLkkfrgg==/com.google.android.webview-lp5hhYzxsBeFuV03zuxwaw==/lib/arm64:/data/app/~~j4BrjP0JsvTGmjdLkkfrgg==/com.google.android.webview-lp5hhYzxsBeFuV03zuxwaw==/WebViewGoogle.apk!/lib/arm64-v8a:/data/app/~~JXob4Tig8lkoK6grnIoRDQ==/com.google.android.trichromelibrary_636771932-v7-OhOMBuMGJ9HOdFxznSA==/TrichromeLibrary.apk!/lib/arm64-v8a, permitted_path=/data:/mnt/expand
04-19 22:38:35.354 I/AppsFilter(  590): interaction: PackageSetting{800e7b9 com.impos2.mixcretailassemblyrn84/10212} -> PackageSetting{2c3e051 com.android.cts.priv.ctsshim/10197} BLOCKED
04-19 22:38:35.354 I/AppsFilter(  590): interaction: PackageSetting{800e7b9 com.impos2.mixcretailassemblyrn84/10212} -> PackageSetting{b6560b6 com.google.android.youtube/10169} BLOCKED
04-19 22:38:35.354 I/AppsFilter(  590): interaction: PackageSetting{800e7b9 com.impos2.mixcretailassemblyrn84/10212} -> PackageSetting{65d1b7 com.android.internal.display.cutout.emulation.corner/10003} BLOCKED
04-19 22:38:35.354 I/AppsFilter(  590): interaction: PackageSetting{800e7b9 com.impos2.mixcretailassemblyrn84/10212} -> PackageSetting{bca3d24 com.google.android.apps.mediashell/10124} BLOCKED
04-19 22:38:35.354 I/AppsFilter(  590): interaction: PackageSetting{800e7b9 com.impos2.mixcretailassemblyrn84/10212} -> PackageSetting{c8aede0 com.impos2.posadapter/10229} BLOCKED
04-19 22:38:35.354 I/AppsFilter(  590): interaction: PackageSetting{800e7b9 com.impos2.mixcretailassemblyrn84/10212} -> PackageSetting{195308d com.android.internal.display.cutout.emulation.double/10004} BLOCKED
04-19 22:38:35.354 I/AppsFilter(  590): interaction: PackageSetting{800e7b9 com.impos2.mixcretailassemblyrn84/10212} -> PackageSetting{b5ed242 com.google.android.carrierlocation/10119} BLOCKED
04-19 22:38:35.354 I/AppsFilter(  590): interaction: PackageSetting{800e7b9 com.impos2.mixcretailassemblyrn84/10212} -> PackageSetting{c7bd253 com.google.android.googlequicksearchbox/10144} BLOCKED
04-19 22:38:35.354 I/AppsFilter(  590): interaction: PackageSetting{800e7b9 com.impos2.mixcretailassemblyrn84/10212} -> PackageSetting{a000790 com.android.settings.overlay.tangorpro/10044} BLOCKED
04-19 22:38:35.354 I/AppsFilter(  590): interaction: PackageSetting{800e7b9 com.impos2.mixcretailassemblyrn84/10212} -> PackageSetting{db14889 com.google.android.onetimeinitializer/10126} BLOCKED
04-19 22:38:35.354 I/AppsFilter(  590): interaction: PackageSetting{800e7b9 com.impos2.mixcretailassemblyrn84/10212} -> PackageSetting{b8bd08e com.google.android.ext.shared/10109} BLOCKED
04-19 22:38:35.354 I/AppsFilter(  590): interaction: PackageSetting{800e7b9 com.impos2.mixcretailassemblyrn84/10212} -> PackageSetting{fe740af com.android.virtualmachine.res/10195} BLOCKED
04-19 22:38:35.354 I/AppsFilter(  590): interaction: PackageSetting{800e7b9 com.impos2.mixcretailassemblyrn84/10212} -> PackageSetting{1860cbc com.android.managedprovisioning.auto_generated_rro_product__/10034} BLOCKED
04-19 22:38:35.354 I/AppsFilter(  590): interaction: PackageSetting{800e7b9 com.impos2.mixcretailassemblyrn84/10212} -> PackageSetting{35ce445 com.google.android.apps.nest.castauth/10121} BLOCKED
04-19 22:38:35.354 I/AppsFilter(  590): interaction: PackageSetting{800e7b9 com.impos2.mixcretailassemblyrn84/10212} -> PackageSetting{e78679a com.google.android.server.deviceconfig.resources/10191} BLOCKED
04-19 22:38:35.354 I/AppsFilter(  590): interaction: PackageSetting{800e7b9 com.impos2.mixcretailassemblyrn84/10212} -> PackageSetting{3f138cb com.android.systemui.emulation.pixel_3_xl/10048} BLOCKED
04-19 22:38:35.354 I/AppsFilter(  590): interaction: PackageSetting{800e7b9 com.impos2.mixcretailassemblyrn84/10212} -> PackageSetting{50538a8 com.android.systemui.emulation.pixel_4_xl/10051} BLOCKED
04-19 22:38:35.354 I/AppsFilter(  590): interaction: PackageSetting{800e7b9 com.impos2.mixcretailassemblyrn84/10212} -> PackageSetting{46c7fc1 com.android.systemui.emulation.pixel_fold/10064} BLOCKED
04-19 22:38:35.354 I/AppsFilter(  590): interaction: PackageSetting{800e7b9 com.impos2.mixcretailassemblyrn84/10212} -> PackageSetting{1656366 com.android.providers.telephony.auto_generated_characteristics_rro/10067} BLOCKED
04-19 22:38:35.354 I/AppsFilter(  590): interaction: PackageSetting{800e7b9 com.impos2.mixcretailassemblyrn84/10212} -> PackageSetting{35896a7 com.android.htmlviewer/10114} BLOCKED
04-19 22:38:35.354 I/AppsFilter(  590): interaction: PackageSetting{800e7b9 com.impos2.mixcretailassemblyrn84/10212} -> PackageSetting{6c93754 com.google.android.health.connect.backuprestore/10211} BLOCKED
04-19 22:38:35.354 I/AppsFilter(  590): interaction: PackageSetting{800e7b9 com.impos2.mixcretailassemblyrn84/10212} -> PackageSetting{18056fd com.android.systemui.auto_generated_rro_product__/10065} BLOCKED
04-19 22:38:35.354 I/AppsFilter(  590): interaction: PackageSetting{800e7b9 com.impos2.mixcretailassemblyrn84/10212} -> PackageSetting{2d44ff2 com.google.android.soundpicker/10166} BLOCKED
04-19 22:38:35.354 I/AppsFilter(  590): interaction: PackageSetting{800e7b9 com.impos2.mixcretailassemblyrn84/10212} -> PackageSetting{bedf643 com.google.android.marvin.talkbackoverlay/10079} BLOCKED
04-19 22:38:35.354 I/AppsFilter(  590): interaction: PackageSetting{800e7b9 com.impos2.mixcretailassemblyrn84/10212} -> PackageSetting{2c74c0 com.google.android.configupdater/10122} BLOCKED
04-19 22:38:35.354 I/AppsFilter(  590): interaction: PackageSetting{800e7b9 com.impos2.mixcretailassemblyrn84/10212} -> PackageSetting{b0065f9 com.android.internal.emulation.pixel_3a_xl/10036} BLOCKED
04-19 22:38:35.354 I/AppsFilter(  590): interaction: PackageSetting{800e7b9 com.impos2.mixcretailassemblyrn84/10212} -> PackageSetting{5d3793e com.android.internal.emulation.pixel_6_pro/10018} BLOCKED
04-19 22:38:35.354 I/AppsFilter(  590): interaction: PackageSetting{800e7b9 com.impos2.mixcretailassemblyrn84/10212} -> PackageSetting{defb39f com.android.internal.emulation.pixel_7_pro/10021} BLOCKED
04-19 22:38:35.354 I/AppsFilter(  590): interaction: PackageSetting{800e7b9 com.impos2.mixcretailassemblyrn84/10212} -> PackageSetting{3c41cec com.android.internal.emulation.pixel_8_pro/10024} BLOCKED
04-19 22:38:35.354 I/AppsFilter(  590): interaction: PackageSetting{800e7b9 com.impos2.mixcretailassemblyrn84/10212} -> PackageSetting{5d868b5 com.android.internal.emulation.pixel_3a/10013} BLOCKED
