04-19 22:38:39.181 V/WindowManager(  590): Sent Transition (#470) createdAt=04-19 22:38:39.138 via request=TransitionRequestInfo { type = OPEN, triggerTask = TaskInfo{userId=0 taskId=824 displayId=2 isRunning=true baseIntent=Intent { flg=0x18000000 cmp=com.impos2.mixcretailassemblyrn84/.SecondaryActivity } baseActivity=ComponentInfo{com.impos2.mixcretailassemblyrn84/com.impos2.mixcretailassemblyrn84.SecondaryActivity} topActivity=ComponentInfo{com.impos2.mixcretailassemblyrn84/com.impos2.mixcretailassemblyrn84.SecondaryActivity} origActivity=null realActivity=ComponentInfo{com.impos2.mixcretailassemblyrn84/com.impos2.mixcretailassemblyrn84.SecondaryActivity} numActivities=1 lastActiveTime=250904690 supportsMultiWindow=true resizeMode=1 isResizeable=true minWidth=-1 minHeight=-1 defaultMinSize=220 token=WCT{RemoteToken{8b8d5c9 Task{e6c482a #824 type=standard A=10212:com.impos2.mixcretailassemblyrn84}}} topActivityType=1 pictureInPictureParams=null shouldDockBigOverlays=false launchIntoPipHostTaskId=-1 lastParentTaskIdBeforePip=-1 displayCutoutSafeInsets=null topActivityInfo=ActivityInfo{a4c74ce com.impos2.mixcretailassemblyrn84.SecondaryActivity} launchCookies=[] positionInParent=Point(0, 0) parentTaskId=-1 isFocused=false isVisible=false isVisibleRequested=true isSleeping=false locusId=null displayAreaFeatureId=1 isTopActivityTransparent=false appCompatTaskInfo=AppCompatTaskInfo { topActivityInSizeCompat=false topActivityEligibleForLetterboxEducation= falseisLetterboxEducationEnabled= true isLetterboxDoubleTapEnabled= false topActivityEligibleForUserAspectRatioButton= false topActivityBoundsLetterboxed= false isFromLetterboxDoubleTap= false topActivityLetterboxVerticalPosition= -1 topActivityLetterboxHorizontalPosition= -1 topActivityLetterboxWidth=2560 topActivityLetterboxHeight=1600 isUserFullscreenOverrideEnabled=false isSystemFullscreenOverrideEnabled=false cameraCompatTaskInfo=CameraCompatTaskInfo { cameraCompatControlState=hidden freeformCameraCompatMode=inactive}}}, pipTask = null, remoteTransition = null, displayChange = null, flags = 0, debugId = 470 }
04-19 22:38:39.181 V/WindowManagerShell(  836): onTransitionReady(transaction=2534030741536)
04-19 22:38:39.181 V/WindowManagerShell(  836): onTransitionReady (#470) android.os.BinderProxy@4f4fd5b: {id=470 t=OPEN f=0x0 trk=0 r=[2@Point(0, 0)] c=[{WCT{android.window.IWindowContainerToken$Stub$Proxy@3b3fe41} m=OPEN f=NONE leash=Surface(name=Task=824)/@0xb577c1a sb=Rect(0, 0 - 2560, 1600) eb=Rect(0, 0 - 2560, 1600) d=2 taskParent=-1},{WCT{android.window.IWindowContainerToken$Stub$Proxy@2613fe6} m=TO_BACK f=SHOW_WALLPAPER leash=Surface(name=Task=671)/@0x22bf34b sb=Rect(0, 0 - 2560, 1600) eb=Rect(0, 0 - 2560, 1600) d=2 taskParent=-1}]}
04-19 22:38:39.182 V/WindowManager(  590):     startWCT=WindowContainerTransaction { changes = {} hops = [] errorCallbackToken=null taskFragmentOrganizer=null }
04-19 22:38:39.182 V/WindowManager(  590):     info={id=470 t=OPEN f=0x0 trk=0 r=[2@Point(0, 0)] c=[
04-19 22:38:39.182 V/WindowManager(  590):         {WCT{RemoteToken{8b8d5c9 Task{e6c482a #824 type=standard A=10212:com.impos2.mixcretailassemblyrn84}}} m=OPEN f=NONE leash=Surface(name=Task=824)/@0x218cd93 sb=Rect(0, 0 - 2560, 1600) eb=Rect(0, 0 - 2560, 1600) d=2 taskParent=-1},
04-19 22:38:39.182 V/WindowManager(  590):         {WCT{RemoteToken{473bc8f Task{c2f742b #671 type=home}}} m=TO_BACK f=SHOW_WALLPAPER leash=Surface(name=Task=671)/@0x5554f84 sb=Rect(0, 0 - 2560, 1600) eb=Rect(0, 0 - 2560, 1600) d=2 taskParent=-1}
04-19 22:38:39.182 V/WindowManager(  590):     ]}
04-19 22:38:39.183 V/WindowManagerShell(  836): Playing animation for (#470) android.os.BinderProxy@4f4fd5b@0
04-19 22:38:39.183 V/WindowManagerShell(  836):  try handler com.android.wm.shell.transition.DefaultMixedHandler@a4b4bb1
04-19 22:38:39.183 V/WindowManagerShell(  836):  try handler com.android.wm.shell.keyguard.KeyguardTransitionHandler@f055896
04-19 22:38:39.183 V/WindowManagerShell(  836):  try handler com.android.wm.shell.pip.PipTransition@489c17
04-19 22:38:39.183 V/WindowManagerShell(  836):  try handler com.android.wm.shell.activityembedding.ActivityEmbeddingController@f43a804
04-19 22:38:39.183 V/WindowManagerShell(  836):  try handler com.android.wm.shell.splitscreen.StageCoordinator@417f1ed
04-19 22:38:39.183 V/WindowManagerShell(  836):  try handler com.android.wm.shell.desktopmode.DesktopTasksController@4366822
04-19 22:38:39.183 V/WindowManagerShell(  836):  try handler com.android.wm.shell.recents.RecentsTransitionHandler@b30e2b3
04-19 22:38:39.183 V/ShellRecents(  836): RecentsTransitionHandler.startAnimation: no controller found
04-19 22:38:39.183 V/WindowManagerShell(  836):  try handler com.android.wm.shell.transition.RemoteTransitionHandler@2554070
04-19 22:38:39.183 V/WindowManagerShell(  836): Transition doesn't have explicit remote, search filters for match for {id=470 t=OPEN f=0x0 trk=0 r=[2@Point(0, 0)] c=[{WCT{android.window.IWindowContainerToken$Stub$Proxy@3b3fe41} m=OPEN f=NONE leash=Surface(name=Task=824)/@0xb577c1a sb=Rect(0, 0 - 2560, 1600) eb=Rect(0, 0 - 2560, 1600) d=2 taskParent=-1},{WCT{android.window.IWindowContainerToken$Stub$Proxy@2613fe6} m=TO_BACK f=SHOW_WALLPAPER leash=Surface(name=Task=671)/@0x22bf34b sb=Rect(0, 0 - 2560, 1600) eb=Rect(0, 0 - 2560, 1600) d=2 taskParent=-1}]}
04-19 22:38:39.183 V/WindowManagerShell(  836):  Checking filter Pair{{types=[] flags=0x0] notFlags=0x0 checks=[{atype=undefined independent=true modes=[OPEN,TO_FRONT] flags=IN_TASK_WITH_EMBEDDED_ACTIVITY mustBeTask=false order=ANY topActivity=ComponentInfo{com.google.android.apps.nexuslauncher/com.google.android.apps.nexuslauncher.NexusLauncherActivity} launchCookie=null},{atype=undefined independent=true modes=[CLOSE,TO_BACK] flags=IN_TASK_WITH_EMBEDDED_ACTIVITY mustBeTask=false order=ANY topActivity=null launchCookie=null}]} RemoteTransition { remoteTransition = android.window.IRemoteTransition$Stub$Proxy@e8ebfe9, appThread = android.app.IApplicationThread$Stub$Proxy@876e46e, debugName = OverlaySwipeBack }}
04-19 22:38:39.183 V/WindowManagerShell(  836):  Checking filter Pair{{types=[] flags=0x0] notFlags=0x0 checks=[{atype=dream independent=true modes=[OPEN,TO_FRONT] flags=NONE mustBeTask=false order=ANY topActivity=null launchCookie=null},{atype=home independent=true modes=[CLOSE,TO_BACK] flags=NONE mustBeTask=false order=ANY topActivity=null launchCookie=null}]} RemoteTransition { remoteTransition = android.window.IRemoteTransition$Stub$Proxy@f4cf70f, appThread = android.app.IApplicationThread$Stub$Proxy@ba5f39c, debugName = LauncherToDream }}
04-19 22:38:39.183 V/WindowManagerShell(  836):  Checking filter Pair{{types=[] flags=0x0] notFlags=0x100 checks=[{atype=home independent=true modes=[OPEN,TO_FRONT] flags=NONE mustBeTask=false order=TOP topActivity=ComponentInfo{com.google.android.apps.nexuslauncher/com.google.android.apps.nexuslauncher.NexusLauncherActivity} launchCookie=null},{atype=standard independent=true modes=[CLOSE,TO_BACK] flags=NONE mustBeTask=false order=ANY topActivity=null launchCookie=null}]} RemoteTransition { remoteTransition = android.window.IRemoteTransition$Stub$Proxy@c8a71a5, appThread = android.app.IApplicationThread$Stub$Proxy@30d97a, debugName = QuickstepLaunchHome }}
04-19 22:38:39.183 V/WindowManagerShell(  836):  Delegate animation for (#470) to null
04-19 22:38:39.183 V/WindowManagerShell(  836):  try handler com.android.wm.shell.transition.DefaultTransitionHandler@56bf52b
04-19 22:38:39.183 V/WindowManagerShell(  836): start default transition animation, info = {id=470 t=OPEN f=0x0 trk=0 r=[2@Point(0, 0)] c=[{WCT{android.window.IWindowContainerToken$Stub$Proxy@3b3fe41} m=OPEN f=NONE leash=Surface(name=Task=824)/@0xb577c1a sb=Rect(0, 0 - 2560, 1600) eb=Rect(0, 0 - 2560, 1600) d=2 taskParent=-1},{WCT{android.window.IWindowContainerToken$Stub$Proxy@2613fe6} m=TO_BACK f=SHOW_WALLPAPER leash=Surface(name=Task=671)/@0x22bf34b sb=Rect(0, 0 - 2560, 1600) eb=Rect(0, 0 - 2560, 1600) d=2 taskParent=-1}]}
04-19 22:38:39.183 V/WindowManagerShell(  836): loadAnimation: anim=android.view.animation.AnimationSet@ee93479 animAttr=0x13 type=OPEN isEntrance=false
04-19 22:38:39.183 V/WindowManagerShell(  836): loadAnimation: anim=android.view.animation.AnimationSet@3841d6c animAttr=0x12 type=OPEN isEntrance=true
04-19 22:38:39.184 W/UserManagerService(  590): Requested status bar icon for non-badged user 0
04-19 22:38:39.184 V/WindowManagerShell(  836):  animated by com.android.wm.shell.transition.DefaultTransitionHandler@56bf52b
04-19 22:38:39.194 I/yrn84:secondary( 8837): Using CollectorTypeCMC GC.
04-19 22:38:39.196 I/adbd    (  443): jdwp connection from 8837
04-19 22:38:39.203 D/nativeloader( 8837): Load libframework-connectivity-tiramisu-jni.so using APEX ns com_android_tethering for caller /apex/com.android.tethering/javalib/framework-connectivity-t.jar: ok
04-19 22:38:39.222 W/ziparchive( 8837): Unable to open '/data/app/~~-ordDuM73zu3Rfi-eQPBlQ==/com.impos2.mixcretailassemblyrn84-9bAmtlm0xRK43pkrPxT76Q==/base.dm': No such file or directory
04-19 22:38:39.222 W/ziparchive( 8837): Unable to open '/data/app/~~-ordDuM73zu3Rfi-eQPBlQ==/com.impos2.mixcretailassemblyrn84-9bAmtlm0xRK43pkrPxT76Q==/base.dm': No such file or directory
04-19 22:38:39.381 D/nativeloader( 8837): Configuring clns-7 for other apk /data/app/~~-ordDuM73zu3Rfi-eQPBlQ==/com.impos2.mixcretailassemblyrn84-9bAmtlm0xRK43pkrPxT76Q==/base.apk. target_sdk_version=36, uses_libraries=, library_path=/data/app/~~-ordDuM73zu3Rfi-eQPBlQ==/com.impos2.mixcretailassemblyrn84-9bAmtlm0xRK43pkrPxT76Q==/lib/arm64:/data/app/~~-ordDuM73zu3Rfi-eQPBlQ==/com.impos2.mixcretailassemblyrn84-9bAmtlm0xRK43pkrPxT76Q==/base.apk!/lib/arm64-v8a, permitted_path=/data:/mnt/expand:/data/user/0/com.impos2.mixcretailassemblyrn84
04-19 22:38:39.389 V/GraphicsEnvironment( 8837): Currently set values for:
04-19 22:38:39.389 V/GraphicsEnvironment( 8837):   angle_gl_driver_selection_pkgs=[]
04-19 22:38:39.389 V/GraphicsEnvironment( 8837):   angle_gl_driver_selection_values=[]
04-19 22:38:39.389 V/GraphicsEnvironment( 8837): Global.Settings values are invalid: number of packages: 0, number of values: 0
04-19 22:38:39.389 V/GraphicsEnvironment( 8837): Neither updatable production driver nor prerelease driver is supported.
04-19 22:38:39.399 W/SoLoader( 8837): Initializing SoLoader: 0
04-19 22:38:39.400 W/SoLoader( 8837): Recording new base apk path: /data/app/~~-ordDuM73zu3Rfi-eQPBlQ==/com.impos2.mixcretailassemblyrn84-9bAmtlm0xRK43pkrPxT76Q==/base.apk
04-19 22:38:39.400 W/SoLoader( 8837): Previously recorded 0 base apk paths.
04-19 22:38:39.402 I/SoLoader( 8837): Preparing SO source: DirectorySoSource[root = /vendor/lib64 flags = 2]
04-19 22:38:39.402 I/SoLoader( 8837): Preparing SO source: DirectorySoSource[root = /system/lib64 flags = 2]
04-19 22:38:39.402 I/SoLoader( 8837): Preparing SO source: DirectApkSoSource[root = [/data/app/~~-ordDuM73zu3Rfi-eQPBlQ==/com.impos2.mixcretailassemblyrn84-9bAmtlm0xRK43pkrPxT76Q==/base.apk!/lib/arm64-v8a]]
04-19 22:38:39.428 I/SoLoader( 8837): Preparing SO source: ApplicationSoSource[DirectorySoSource[root = /data/app/~~-ordDuM73zu3Rfi-eQPBlQ==/com.impos2.mixcretailassemblyrn84-9bAmtlm0xRK43pkrPxT76Q==/lib/arm64 flags = 0]]
04-19 22:38:39.428 I/SoLoader( 8837): init finish: 4 SO sources prepared
04-19 22:38:39.428 W/SoLoader( 8837): SoLoader initialized: 8
04-19 22:38:39.472 D/nativeloader( 8837): Load /data/app/~~-ordDuM73zu3Rfi-eQPBlQ==/com.impos2.mixcretailassemblyrn84-9bAmtlm0xRK43pkrPxT76Q==/base.apk!/lib/arm64-v8a/libc++_shared.so using ns clns-7 from class loader (caller=/data/app/~~-ordDuM73zu3Rfi-eQPBlQ==/com.impos2.mixcretailassemblyrn84-9bAmtlm0xRK43pkrPxT76Q==/base.apk): ok
04-19 22:38:39.474 D/nativeloader( 8837): Load /data/app/~~-ordDuM73zu3Rfi-eQPBlQ==/com.impos2.mixcretailassemblyrn84-9bAmtlm0xRK43pkrPxT76Q==/base.apk!/lib/arm64-v8a/libjsi.so using ns clns-7 from class loader (caller=/data/app/~~-ordDuM73zu3Rfi-eQPBlQ==/com.impos2.mixcretailassemblyrn84-9bAmtlm0xRK43pkrPxT76Q==/base.apk): ok
04-19 22:38:39.476 D/nativeloader( 8837): Load /data/app/~~-ordDuM73zu3Rfi-eQPBlQ==/com.impos2.mixcretailassemblyrn84-9bAmtlm0xRK43pkrPxT76Q==/base.apk!/lib/arm64-v8a/libfbjni.so using ns clns-7 from class loader (caller=/data/app/~~-ordDuM73zu3Rfi-eQPBlQ==/com.impos2.mixcretailassemblyrn84-9bAmtlm0xRK43pkrPxT76Q==/base.apk): ok
04-19 22:38:39.478 V/WindowManagerShell(  836): Transition animation finished (aborted=false), notifying core (#470) android.os.BinderProxy@4f4fd5b@0
04-19 22:38:39.478 V/WindowManager(  590): Finish Transition (#470): created at 04-19 22:38:39.138 collect-started=0.017ms request-sent=5.146ms started=8.992ms ready=41.365ms sent=42.485ms finished=340.014ms
04-19 22:38:39.479 D/VRI[SecondaryDisplayLauncher]( 1099): visibilityChanged oldVisibility=true newVisibility=false
04-19 22:38:39.479 V/WindowManagerShell(  836): Track 0 became idle
04-19 22:38:39.479 V/WindowManagerShell(  836): All active transition animations finished
04-19 22:38:39.480 W/UserManagerService(  590): Requested status bar icon for non-badged user 0
04-19 22:38:39.480 W/UserManagerService(  590): Requested status bar icon for non-badged user 0
04-19 22:38:39.481 D/nativeloader( 8837): Load /data/app/~~-ordDuM73zu3Rfi-eQPBlQ==/com.impos2.mixcretailassemblyrn84-9bAmtlm0xRK43pkrPxT76Q==/base.apk!/lib/arm64-v8a/libreactnative.so using ns clns-7 from class loader (caller=/data/app/~~-ordDuM73zu3Rfi-eQPBlQ==/com.impos2.mixcretailassemblyrn84-9bAmtlm0xRK43pkrPxT76Q==/base.apk): ok
04-19 22:38:39.481 D/jni_lib_merge( 8837): Entering merged library JNI_OnLoad.
04-19 22:38:39.481 D/jni_lib_merge( 8837): Preparing 12 pre-merged libs (including stub)
04-19 22:38:39.481 D/jni_lib_merge( 8837): Preparing to register libfabricjni_so.  onload_func: 0x73a6f762ec
04-19 22:38:39.481 D/jni_lib_merge( 8837): Preparing to register libreact_devsupportjni_so.  onload_func: 0x73a719c0f8
04-19 22:38:39.481 D/jni_lib_merge( 8837): Preparing to register libreact_featureflagsjni_so.  onload_func: 0x73a71aebe4
04-19 22:38:39.481 D/jni_lib_merge( 8837): Preparing to register libreact_newarchdefaults_so.  onload_func: 0x73a724dfc8
04-19 22:38:39.481 D/jni_lib_merge( 8837): Preparing to register libreactnativeblob_so.  onload_func: 0x73a7462668
04-19 22:38:39.481 D/jni_lib_merge( 8837): Preparing to register libreactnativejni_so.  onload_func: 0x73a74a0cdc
04-19 22:38:39.481 D/jni_lib_merge( 8837): Preparing to register libreactnativejni_common_so.  onload_func: 0x73a74a6a08
04-19 22:38:39.481 D/jni_lib_merge( 8837): Preparing to register librninstance_so.  onload_func: 0x73a74f32cc
04-19 22:38:39.481 D/jni_lib_merge( 8837): Preparing to register libturbomodulejsijni_so.  onload_func: 0x73a7650b34
04-19 22:38:39.481 D/jni_lib_merge( 8837): Preparing to register libuimanagerjni_so.  onload_func: 0x73a7668454
04-19 22:38:39.481 D/jni_lib_merge( 8837): Preparing to register libyoga_so.  onload_func: 0x73a7677ed8
04-19 22:38:39.481 D/jni_lib_merge( 8837): About to register 11 actual methods.
04-19 22:38:39.487 D/nativeloader( 8837): Load /data/app/~~-ordDuM73zu3Rfi-eQPBlQ==/com.impos2.mixcretailassemblyrn84-9bAmtlm0xRK43pkrPxT76Q==/base.apk!/lib/arm64-v8a/libreact_codegen_rnsvg.so using ns clns-7 from class loader (caller=/data/app/~~-ordDuM73zu3Rfi-eQPBlQ==/com.impos2.mixcretailassemblyrn84-9bAmtlm0xRK43pkrPxT76Q==/base.apk): ok
04-19 22:38:39.487 D/jni_lib_merge( 8837): Entering merged library JNI_OnLoad.
04-19 22:38:39.487 D/jni_lib_merge( 8837): Preparing 12 pre-merged libs (including stub)
04-19 22:38:39.487 D/jni_lib_merge( 8837): Preparing to register libfabricjni_so.  onload_func: 0x73a6f762ec
04-19 22:38:39.487 D/jni_lib_merge( 8837): Preparing to register libreact_devsupportjni_so.  onload_func: 0x73a719c0f8
04-19 22:38:39.487 D/jni_lib_merge( 8837): Preparing to register libreact_featureflagsjni_so.  onload_func: 0x73a71aebe4
04-19 22:38:39.487 D/jni_lib_merge( 8837): Preparing to register libreact_newarchdefaults_so.  onload_func: 0x73a724dfc8
04-19 22:38:39.487 D/jni_lib_merge( 8837): Preparing to register libreactnativeblob_so.  onload_func: 0x73a7462668
04-19 22:38:39.487 D/jni_lib_merge( 8837): Preparing to register libreactnativejni_so.  onload_func: 0x73a74a0cdc
04-19 22:38:39.487 D/jni_lib_merge( 8837): Preparing to register libreactnativejni_common_so.  onload_func: 0x73a74a6a08
04-19 22:38:39.487 D/jni_lib_merge( 8837): Preparing to register librninstance_so.  onload_func: 0x73a74f32cc
04-19 22:38:39.487 D/jni_lib_merge( 8837): Preparing to register libturbomodulejsijni_so.  onload_func: 0x73a7650b34
04-19 22:38:39.487 D/jni_lib_merge( 8837): Preparing to register libuimanagerjni_so.  onload_func: 0x73a7668454
04-19 22:38:39.487 D/jni_lib_merge( 8837): Preparing to register libyoga_so.  onload_func: 0x73a7677ed8
04-19 22:38:39.487 D/jni_lib_merge( 8837): About to register 11 actual methods.
04-19 22:38:39.488 D/nativeloader( 8837): Load /data/app/~~-ordDuM73zu3Rfi-eQPBlQ==/com.impos2.mixcretailassemblyrn84-9bAmtlm0xRK43pkrPxT76Q==/base.apk!/lib/arm64-v8a/libappmodules.so using ns clns-7 from class loader (caller=/data/app/~~-ordDuM73zu3Rfi-eQPBlQ==/com.impos2.mixcretailassemblyrn84-9bAmtlm0xRK43pkrPxT76Q==/base.apk): ok
04-19 22:38:39.489 W/OptProp (  590): Cannot read opt property android.window.PROPERTY_COMPAT_ENABLE_FAKE_FOCUS
04-19 22:38:39.521 D/AppCompatDelegate( 8837): Checking for metadata for AppLocalesMetadataHolderService : Service not found
04-19 22:38:39.563 D/FileUtils(  590): Rounded bytes from 3120193536 to 4000000000
04-19 22:38:39.580 D/nativeloader( 8837): Load /data/app/~~-ordDuM73zu3Rfi-eQPBlQ==/com.impos2.mixcretailassemblyrn84-9bAmtlm0xRK43pkrPxT76Q==/base.apk!/lib/arm64-v8a/libhermesvm.so using ns clns-7 from class loader (caller=/data/app/~~-ordDuM73zu3Rfi-eQPBlQ==/com.impos2.mixcretailassemblyrn84-9bAmtlm0xRK43pkrPxT76Q==/base.apk): ok
04-19 22:38:39.581 D/nativeloader( 8837): Load /data/app/~~-ordDuM73zu3Rfi-eQPBlQ==/com.impos2.mixcretailassemblyrn84-9bAmtlm0xRK43pkrPxT76Q==/base.apk!/lib/arm64-v8a/libhermestooling.so using ns clns-7 from class loader (caller=/data/app/~~-ordDuM73zu3Rfi-eQPBlQ==/com.impos2.mixcretailassemblyrn84-9bAmtlm0xRK43pkrPxT76Q==/base.apk): ok
04-19 22:38:39.581 D/jni_lib_merge( 8837): Entering merged library JNI_OnLoad.
04-19 22:38:39.581 D/jni_lib_merge( 8837): Preparing 4 pre-merged libs (including stub)
04-19 22:38:39.581 D/jni_lib_merge( 8837): Preparing to register libhermes_executor_so.  onload_func: 0x73ab29b02c
04-19 22:38:39.581 D/jni_lib_merge( 8837): Preparing to register libhermesinstancejni_so.  onload_func: 0x73ab2c91f8
04-19 22:38:39.581 D/jni_lib_merge( 8837): Preparing to register libjsijniprofiler_so.  onload_func: 0x73ab2cb23c
04-19 22:38:39.581 D/jni_lib_merge( 8837): About to register 3 actual methods.
04-19 22:38:39.643 I/resolv  (  388): GetAddrInfoHandler::run: {0 0 0 983040 10212 0}
04-19 22:38:39.645 D/TrafficStats( 8837): tagSocket(98) with statsTag=0xffffffff, statsUid=-1
04-19 22:38:39.671 W/unknown:BridgelessReact( 8837): ReactHost{0}.startSurface(surfaceId = 0): Schedule
04-19 22:38:39.671 W/unknown:BridgelessReact( 8837): ReactHost{0}.attachSurface(surfaceId = 0)
04-19 22:38:39.672 W/unknown:BridgelessReact( 8837): ReactHost{0}.getOrCreateReactInstanceTask()
04-19 22:38:39.672 W/unknown:BridgelessReact( 8837): ReactHost{0}.getOrCreateReactInstanceTask(): Start
04-19 22:38:39.672 W/unknown:BridgelessReact( 8837): ReactHost{0}.getJSBundleLoader()
04-19 22:38:39.672 W/unknown:BridgelessReact( 8837): ReactHost{0}.isMetroRunning()
04-19 22:38:39.674 D/TrafficStats( 8837): tagSocket(100) with statsTag=0xffffffff, statsUid=-1
04-19 22:38:39.678 W/unknown:BridgelessReact( 8837): ReactHost{0}.isMetroRunning(): Async result = true
04-19 22:38:39.679 W/unknown:BridgelessReact( 8837): ReactHost{0}.loadJSBundleFromMetro()
04-19 22:38:39.686 W/yrn84:secondary( 8837): Accessing hidden method Landroid/view/ViewGroup;->makeOptionalFitsSystemWindows()V (unsupported, reflection, allowed)
04-19 22:38:39.689 I/StartupAudit( 8837): activity_created activity=SecondaryActivity displayIndex=1 pid=8837 time=2026-04-19 22:38:39.687
04-19 22:38:39.697 W/unknown:BridgelessReact( 8837): ReactHost{0}.onHostResume(activity)
04-19 22:38:39.697 W/unknown:ReactNative( 8837): Packager connection already open, nooping.
04-19 22:38:39.701 W/HWUI    ( 8837): Unknown dataspace 0
04-19 22:38:39.726 W/WindowManager(  590): Failed looking up window session=null callers=com.android.server.wm.WindowManagerService.addWindow:1575 com.android.server.wm.Session.addToDisplayAsUser:257 android.view.IWindowSession$Stub.onTransact:640 
04-19 22:38:39.726 W/WindowManager(  590): Attempted to add window with token that is not a window: null.  Aborting.
04-19 22:38:39.727 E/unknown:ReactNative( 8837): Unable to display loading message because react activity isn't active, message: Loading from localhost:8081…
04-19 22:38:39.735 W/WindowManager(  590): Failed looking up window session=null callers=com.android.server.wm.WindowManagerService.addWindow:1575 com.android.server.wm.Session.addToDisplayAsUser:257 android.view.IWindowSession$Stub.onTransact:640 
04-19 22:38:39.735 W/WindowManager(  590): Attempted to add window with token that is not a window: null.  Aborting.
04-19 22:38:39.736 E/unknown:ReactNative( 8837): Unable to display loading message because react activity isn't active, message: Reloading...
04-19 22:38:39.740 D/CoreBackPreview(  590): Window{dfee56 u0 com.impos2.mixcretailassemblyrn84/com.impos2.mixcretailassemblyrn84.SecondaryActivity}: Setting back callback OnBackInvokedCallbackInfo{mCallback=android.window.IOnBackInvokedCallback$Stub$Proxy@68499e2, mPriority=0, mIsAnimationCallback=false}
04-19 22:38:39.747 I/EGL_emulation( 8837): Opening libGLESv1_CM_emulation.so
04-19 22:38:39.747 I/EGL_emulation( 8837): Opening libGLESv2_emulation.so
04-19 22:38:39.752 W/HWUI    ( 8837): Failed to choose config with EGL_SWAP_BEHAVIOR_PRESERVED, retrying without...
04-19 22:38:39.752 W/HWUI    ( 8837): Failed to initialize 101010-2 format, error = EGL_SUCCESS
04-19 22:38:39.761 I/servicemanager(  157): Caller(pid=8837,uid=10212,sid=u:r:untrusted_app:s0:c212,c256,c512,c768) Could not find android.hardware.graphics.allocator.IAllocator/default in the VINTF manifest. No alternative instances declared in VINTF.
04-19 22:38:39.762 I/hwservicemanager(  162): getTransport: Cannot find entry android.hardware.graphics.mapper@4.0::IMapper/default in either framework or device VINTF manifest.
04-19 22:38:39.762 I/Gralloc4( 8837): mapper 4.x is not supported
04-19 22:38:39.774 W/ziparchive(  590): Unable to open '/data/app/~~-ordDuM73zu3Rfi-eQPBlQ==/com.impos2.mixcretailassemblyrn84-9bAmtlm0xRK43pkrPxT76Q==/base.dm': No such file or directory
04-19 22:38:39.774 I/ActivityTaskManager(  590): Displayed com.impos2.mixcretailassemblyrn84/.SecondaryActivity for user 0: +637ms
04-19 22:38:39.800 D/SecondaryActivity( 8837): Skipped RN onWindowFocusChanged before React context is ready: hasFocus=true
04-19 22:38:39.805 I/ImeTracker(  590): com.impos2.mixcretailassemblyrn84:622c4774: onRequestHide at ORIGIN_SERVER reason HIDE_UNSPECIFIED_WINDOW fromUser false
04-19 22:38:39.805 I/ImeTracker(  590): com.impos2.mixcretailassemblyrn84:622c4774: onCancelled at PHASE_SERVER_SHOULD_HIDE
04-19 22:38:39.805 W/InputManager-JNI(  590): Input channel object 'f11f50c InputMethod (client)' was disposed without first being removed with the input manager!
04-19 22:38:39.805 I/GoogleInputMethodService(20885): GoogleInputMethodService.onDestroy():1509 
04-19 22:38:39.806 I/GoogleInputMethodService(20885): GoogleInputMethodService.onFinishInput():3157 
04-19 22:38:39.809 I/GoogleInputMethodService(20885): GoogleInputMethodService.updateDeviceLockedStatus():2248 repeatCheckTimes = 0, locked = false
04-19 22:38:39.810 W/WindowManager(  590): Failed looking up window session=Session{11d9fff 20885:u0a10158} callers=com.android.server.wm.WindowManagerService.removeClientToken:2058 com.android.server.wm.Session.remove:274 android.view.IWindowSession$Stub.onTransact:685 
04-19 22:38:39.811 I/GoogleInputMethodService(20885): GoogleInputMethodService.clearInputMethodServiceData():1613 clearInputMethodServiceData for onDestroy
04-19 22:38:39.811 I/GoogleInputMethodService(20885): GoogleInputMethodService.discardAllKeyboardViewAndInputView():1818 discardAllKeyboardViewAndInputView()
04-19 22:38:39.811 I/KeyboardModeManager(20885): KeyboardModeManager.setInputViewKeyboardViewHolderProvider():625 setInputView() : supportsOneHandedMode=false supportsSplitMode=true
04-19 22:38:39.811 I/NormalModeController(20885): NormalModeController.getKeyboardBodyViewHolderPaddingBottom():104 currentPrimeKeyboardType:SOFT systemPaddingBottom:-1
04-19 22:38:39.811 I/KeyboardModeManager(20885): KeyboardModeManager.setInputViewKeyboardViewHolderProvider():613 setInputView() : supportsOneHandedMode=false, supportSplitMode=true
04-19 22:38:39.811 I/InputMethodEntryManager(20885): InputMethodEntryManager.notifyCurrentInputMethodEntryOnContextChanged():521 notifyCurrentInputMethodEntryOnContextChanged()
04-19 22:38:39.811 I/InputMethodEntryManager(20885): InputMethodEntryManager.notifyCurrentInputMethodEntryOnContextChanged():542 Notify current input method entry changed on context change
04-19 22:38:39.812 I/SystemSubtypesReportModule(20885): SystemSubtypesReportModule$3.onCurrentInputMethodEntryChanged():136 entry: en-US, source: UNSPECIFIED
04-19 22:38:39.812 I/KeyboardThemeProvider(20885): KeyboardThemeProvider.reset():40 Reset keyboard theme
04-19 22:38:39.812 I/KeyboardContextProvider(20885): KeyboardContextProvider.setBaseContextAndInvalidKeyboardContextCache():88 setBaseContextAndInvalidKeyboardContextCache(): null
04-19 22:38:39.812 I/DeviceModeMonitor(20885): DeviceModeMonitor.calculateDeviceMode():76 Get device mode tablet_large by screen size and smallestScreenWidthDp: 723
04-19 22:38:39.812 I/HardKeyTracker(20885): HardKeyTracker.unregisterKeySequence():183 Unregister key sequence lnk{labelResId=2132019809, callback=jjt@3b12f00, lastModifier=2, keyCodes=[47], actions=[0]}
04-19 22:38:39.813 I/HardKeyTracker(20885): HardKeyTracker.unregisterKeySequence():183 Unregister key sequence lnk{labelResId=0, callback=jwl@57a3b2c, lastModifier=0, keyCodes=[204], actions=[0]}
04-19 22:38:39.813 W/AccessPointsManager(20885): AccessPointsManager.removeAccessPoint():834 The holder controller #0x7f0b2078 is not registered
04-19 22:38:39.813 I/AccessPointsListHolderController(20885): AccessPointsListHolderController.removeAccessPoint():304 The access point textediting is not added
04-19 22:38:39.813 I/AccessPointsListHolderController(20885): AccessPointsListHolderController.removeAccessPoint():304 The access point settings is not added
04-19 22:38:39.813 I/AccessPointsListHolderController(20885): AccessPointsListHolderController.removeAccessPoint():304 The access point theme_setting is not added
04-19 22:38:39.814 I/OnDevicePackDownloadModule(20885): OnDevicePackDownloadModule.onDestroy():95 onDestroy()
04-19 22:38:39.814 I/NewS3RecognizerModule(20885): NewS3RecognizerModule.onDestroy():21 onDestroy [news3]
04-19 22:38:39.814 I/HardKeyTracker(20885): HardKeyTracker.unregisterKeySequence():183 Unregister key sequence lnk{labelResId=2132019800, callback=gnd@2d5753c, lastModifier=0, keyCodes=[57, 57], actions=[1, 0]}
04-19 22:38:39.814 I/HardKeyTracker(20885): HardKeyTracker.unregisterKeySequence():183 Unregister key sequence lnk{labelResId=0, callback=gnd@8541b4b, lastModifier=0, keyCodes=[58, 58], actions=[1, 0]}
04-19 22:38:39.814 I/AbstractOpenableExtension(20885): AbstractOpenableExtension.maybeDestroyExistingKeyboardGroupManager():538 Destroy existing keyboard group manager in fvq
04-19 22:38:39.815 I/SP      (20885): Registering emoticon_content_description.2022081613, url: https://www.gstatic.com/android/keyboard/emoticon_content_desc/202208161305/superpacks_manifest.json, constraints: W:*:*:*, flags: bg, requested: 2022081613, current: -1
04-19 22:38:39.816 I/EmojifyExtensionImpl(20885): EmojifyExtensionImpl.onDestroy():605 Destroying Emojify extension ehb@7d97e52.
04-19 22:38:39.817 I/AbstractOpenableExtension(20885): AbstractOpenableExtension.maybeDestroyExistingKeyboardGroupManager():538 Destroy existing keyboard group manager in fxu
04-19 22:38:39.817 I/JapaneseMozcExtension(20885): JapaneseMozcExtension.onDestroyServiceInternal():81 onDestroyServiceInternal()
04-19 22:38:39.817 W/WindowTokenClientController(20885): Can't find attached WindowTokenClient for android.window.WindowTokenClient@c4785d3
04-19 22:38:39.818 D/WindowTokenClient(20885): Only apply configuration update to Resources because shouldReportConfigChange is false. context=com.android.inputmethod.latin.LatinIME@163bd0f, config={1.3 ?mcc0mnc [en_US] ldltr sw723dp w1157dp h723dp 354dpi xlrg land finger qwerty/v/v dpad/v winConfig={ mBounds=Rect(0, 0 - 2560, 1600) mAppBounds=Rect(0, 0 - 2560, 1600) mMaxBounds=Rect(0, 0 - 2560, 1600) mDisplayRotation=ROTATION_0 mWindowingMode=fullscreen mActivityType=undefined mAlwaysOnTop=undefined mRotation=ROTATION_0} s.8 fontWeightAdjustment=0}, display ID=0
04-19 22:38:39.818 D/WindowTokenClient(20885): android.window.WindowTokenClient.onConfigurationChanged:161 android.window.WindowTokenClientController.onWindowContextTokenAttached:197 android.window.WindowTokenClientController.attachToDisplayArea:116 android.window.WindowContextController.attachToDisplayArea:108 android.window.WindowProviderService.attachBaseContext:218 
04-19 22:38:39.818 I/GoogleInputMethodService(20885): GoogleInputMethodService.onCreate():1025 
04-19 22:38:39.819 I/WindowMetricsNotification(20885): WindowMetricsNotification.notify():106 WindowMetricsNotification{bounds=Rect(0, 53 - 2560, 1600), insets=Rect(0, 0 - 0, 0), densityDpi=354, smallestScreenWidthDp=723, displayWidth=2560, displayHeight=1600, xdpi=320.0, ydpi=320.0}; DisplayMetrics{density=2.2125, width=2560, height=1600, scaledDensity=2.2125, xdpi=320.0, ydpi=320.0}
04-19 22:38:39.819 I/WindowMetricsHelper(20885): WindowMetricsHelper.predictAndNotify():140 Window metrics predicted.
04-19 22:38:39.819 I/InputMethodEntryManager(20885): InputMethodEntryManager.notifyCurrentInputMethodEntryOnContextChanged():521 notifyCurrentInputMethodEntryOnContextChanged()
04-19 22:38:39.819 I/InputMethodEntryManager(20885): InputMethodEntryManager.notifyCurrentInputMethodEntryOnContextChanged():542 Notify current input method entry changed on context change
04-19 22:38:39.819 I/KeyboardContextProvider(20885): KeyboardContextProvider.setBaseContextAndInvalidKeyboardContextCache():88 setBaseContextAndInvalidKeyboardContextCache(): com.android.inputmethod.latin.LatinIME@163bd0f
04-19 22:38:39.820 E/GoogleInputMethodService(20885): GoogleInputMethodService.getAppEditorInfo():2810 App EditorInfo should never be null.
04-19 22:38:39.820 I/StyledKeyboardThemeBuilder(20885): StyledKeyboardThemeBuilder.build():132 Pref: [], themeName: [silk:], darkMode: [false], cacheKey: [overlay_builtin_dynamic_color_light_base.binarypb:dynamic-gm3-light-fffefbff-ff495d92-88aedfe362701b9d56ce578190f21130]
04-19 22:38:39.820 I/KeyboardThemeProvider(20885): KeyboardThemeProvider.applyKeyboardTheme():27 Apply keyboard theme: theme_border_stylesheet_noshadow_pgsans_pillkey_silkpopup_light_tablet_large_keyboard_width_tablet_small_navredesign_600_overlay_builtin_dynamic_color_light_base.binarypb:dynamic-gm3-light-fffefbff-ff495d92-88aedfe362701b9d56ce578190f21130_land
04-19 22:38:39.820 I/KeyboardContextProvider(20885): KeyboardContextProvider$KeyboardContextCache.createKeyboardContext():173 createKeyboardContext(): en-US, jgg@fecf7f7(com.android.inputmethod.latin.LatinIME@163bd0f), {1.3 ?mcc0mnc [en_US] ldltr sw723dp w1157dp h723dp 354dpi xlrg land finger qwerty/v/v dpad/v winConfig={ mBounds=Rect(0, 0 - 2560, 1600) mAppBounds=Rect(0, 0 - 2560, 1600) mMaxBounds=Rect(0, 0 - 2560, 1600) mDisplayRotation=ROTATION_0 mWindowingMode=fullscreen mActivityType=undefined mAlwaysOnTop=undefined mRotation=ROTATION_0} s.8 fontWeightAdjustment=0}
04-19 22:38:39.821 I/KeyboardHeightUtil(20885): KeyboardHeightUtil.calculateMaxKeyboardBodyHeight():45 leave 237 height for app when ime window height:1547, header height:106 and isFullscreenMode:false, so the max keyboard body height is:1204
04-19 22:38:39.821 I/KeyboardHeightUtil(20885): KeyboardHeightUtil.calculateMaxKeyboardBodyHeight():45 leave 237 height for app when ime window height:1547, header height:106 and isFullscreenMode:false, so the max keyboard body height is:1204
04-19 22:38:39.821 I/NormalModeController(20885): NormalModeController.getKeyboardBodyViewHolderPaddingBottom():104 currentPrimeKeyboardType:SOFT systemPaddingBottom:-1
04-19 22:38:39.821 I/GoogleInputMethodService(20885): GoogleInputMethodService.onCurrentInputMethodEntryChanged():3655 onCurrentInputMethodEntryChanged(): imeDefsChanged=false, initializedEntryChanged=true, keyboardContextChanged=true
04-19 22:38:39.821 I/GoogleInputMethodService(20885): GoogleInputMethodService.clearInputMethodServiceData():1613 clearInputMethodServiceData for entryChange
04-19 22:38:39.821 I/KeyboardHeightUtil(20885): KeyboardHeightUtil.calculateMaxKeyboardBodyHeight():45 leave 237 height for app when ime window height:1547, header height:106 and isFullscreenMode:false, so the max keyboard body height is:1204
04-19 22:38:39.821 I/KeyboardHeightUtil(20885): KeyboardHeightUtil.calculateMaxKeyboardBodyHeight():45 leave 237 height for app when ime window height:1547, header height:106 and isFullscreenMode:false, so the max keyboard body height is:1204
04-19 22:38:39.821 I/KeyboardModeManager(20885): KeyboardModeManager.onCurrentInputMethodEntryChanged():1133 Reload data for context change
04-19 22:38:39.821 I/GoogleInputMethodService(20885): GoogleInputMethodService.initializeInputMethodServiceData():1382 initializeInputMethodServiceData for kct{languageTag=en-US, variant=qwerty, hasLocalizedResources=true, conditionCacheKey=_cache_additional_ime_defs_for_condition_change=false_cache_ime_defs_for_condition_change=false_device=tablet_device_size=large_enable_flick_symbols=false_enable_more_candidates_view_for_multilingual=false_enable_number_row=false_enable_preemptive_decode=true_enable_secondary_digits=true_enable_secondary_symbols=false_enable_show_foldable_layout_on_small_tablet=false_expressions=normal_four_or_more_letter_rows=false_keyboard_mode=normal_language=en-US_orientation=landscape_physical_keyboard=qwerty_rtl_layout=false_show_secondary_digits=true_show_suggestions=true_split_with_duplicate_keys=true_variant=qwerty, imeDef.stringId=ime_english_united_states, imeDef.className=com.google.android.apps.inputmethod.libs.latin5.LatinIme, imeDef.languageTag=en-US}
04-19 22:38:39.821 E/GoogleInputMethodService(20885): GoogleInputMethodService.getAppEditorInfo():2810 App EditorInfo should never be null.
04-19 22:38:39.822 I/StyledKeyboardThemeBuilder(20885): StyledKeyboardThemeBuilder.build():132 Pref: [], themeName: [silk:], darkMode: [false], cacheKey: [overlay_builtin_dynamic_color_light_base.binarypb:dynamic-gm3-light-fffefbff-ff495d92-88aedfe362701b9d56ce578190f21130]
04-19 22:38:39.822 I/KeyboardThemeProvider(20885): KeyboardThemeProvider.applyKeyboardTheme():27 Apply keyboard theme: theme_border_stylesheet_noshadow_pgsans_pillkey_silkpopup_light_tablet_large_keyboard_width_tablet_extra_large_navredesign_600_overlay_builtin_dynamic_color_light_base.binarypb:dynamic-gm3-light-fffefbff-ff495d92-88aedfe362701b9d56ce578190f21130_land
04-19 22:38:39.823 I/AndroidIME(20885): InputBundleManager.loadActiveInputBundleId():450 loadActiveInputBundleId: und-Latn-x-password, password
04-19 22:38:39.823 I/SystemSubtypesReportModule(20885): SystemSubtypesReportModule$4.onSetCurrentInputMethodSubtype():160 en_US
04-19 22:38:39.823 I/JapaneseMozcExtension(20885): JapaneseMozcExtension.onCreateServiceInternal():76 onCreateServiceInternal()
04-19 22:38:39.823 I/DeviceModeMonitor(20885): DeviceModeMonitor.calculateDeviceMode():76 Get device mode tablet_large by screen size and smallestScreenWidthDp: 723
04-19 22:38:39.823 I/HardKeyTracker(20885): HardKeyTracker.registerKeySequence():139 Register key sequence lnk{labelResId=2132019809, callback=jjt@955bdd7, lastModifier=2, keyCodes=[47], actions=[0]}
04-19 22:38:39.823 I/HardKeyTracker(20885): HardKeyTracker.registerKeySequence():139 Register key sequence lnk{labelResId=0, callback=jwl@34e6073, lastModifier=0, keyCodes=[204], actions=[0]}
04-19 22:38:39.825 I/AbstractOpenableExtension(20885): AbstractOpenableExtension$3.onSuccess():552 KeyboardGroupManager destroyed in fvq.
04-19 22:38:39.825 I/AbstractOpenableExtension(20885): AbstractOpenableExtension$3.onSuccess():552 KeyboardGroupManager destroyed in fxu.
04-19 22:38:39.825 I/NetworkInfoNotification(20885): NetworkInfoNotification$Listener.onReceive():112 onNetworkLost: networkState = NO_CONNECTION, isAirplaneModeOn = false
04-19 22:38:39.825 I/NetworkInfoNotification(20885): NetworkInfoNotification$Listener.onReceive():112 onNetworkLost: networkState = NO_CONNECTION, isAirplaneModeOn = false
04-19 22:38:39.826 D/InputMethodManagerService(  590): Initializing Handwriting Spy
04-19 22:38:39.826 W/InputManager-JNI(  590): Input channel object 'stylus-handwriting-event-receiver-0 (client)' was disposed without first being removed with the input manager!
04-19 22:38:39.826 I/NewS3RecognizerModule(20885): NewS3RecognizerModule.onCreate():14 onCreate [news3]
04-19 22:38:39.826 I/EmojifyExtensionImpl(20885): EmojifyExtensionImpl.onCreate():599 Creating Emojify extension ehb@9b5eb6d.
04-19 22:38:39.826 I/AbstractOpenableExtension(20885): AbstractOpenableExtension.createKeyboardGroupManagerListenableFuture():120 Create keyboard group manager listenable future in fxu
04-19 22:38:39.826 I/AbstractOpenableExtension(20885): AbstractOpenableExtension.createKeyboardGroupManagerListenableFuture():120 Create keyboard group manager listenable future in fvq
04-19 22:38:39.826 I/KeyboardGroupDefParser(20885): KeyboardGroupDefParser.parseKeyboardGroupDef():83 parseKeyboardGroupDef() 2132214040 -> 0_resource_name_obfuscated : WaitTime = 0 ms : RunTime = 0 ms
04-19 22:38:39.827 I/KeyboardGroupDefParser(20885): KeyboardGroupDefParser.parseKeyboardGroupDef():83 parseKeyboardGroupDef() 2132214033 -> 0_resource_name_obfuscated : WaitTime = 0 ms : RunTime = 0 ms
04-19 22:38:39.827 I/KeyboardGroupDefParser(20885): KeyboardGroupDefParser.parseKeyboardGroupDef():83 parseKeyboardGroupDef() 2132214034 -> 0_resource_name_obfuscated : WaitTime = 0 ms : RunTime = 0 ms
04-19 22:38:39.827 I/AccessPointsListHolderController(20885): AccessPointsListHolderController.removeAccessPoint():304 The access point textediting is not added
04-19 22:38:39.827 I/AccessPointsListHolderController(20885): AccessPointsListHolderController.removeAccessPoint():304 The access point settings is not added
04-19 22:38:39.827 I/AccessPointsListHolderController(20885): AccessPointsListHolderController.removeAccessPoint():304 The access point theme_setting is not added
04-19 22:38:39.827 I/AccessPointsListHolderController(20885): AccessPointsListHolderController.removeAccessPoint():304 The access point one_handed is not added
04-19 22:38:39.827 I/ClipboardDataHandler(20885): ClipboardDataHandler.updateScreenshotsContentObserver():268 Disable the feature of handling screenshots in the clipboard.
04-19 22:38:39.828 I/NetworkInfoNotification(20885): NetworkInfoNotification$Listener.onReceive():112 onNetworkLost: networkState = NO_CONNECTION, isAirplaneModeOn = false
04-19 22:38:39.828 I/NetworkInfoNotification(20885): NetworkInfoNotification$Listener.onReceive():112 onNetworkLost: networkState = NO_CONNECTION, isAirplaneModeOn = false
04-19 22:38:39.829 I/GoogleInputMethodService(20885): GoogleInputMethodService$GoogleInputMethodImpl.attachToken():4209 
04-19 22:38:39.830 I/KeyboardGroupDefParser(20885): KeyboardGroupDefParser.parseKeyboardGroupDef():83 parseKeyboardGroupDef() 2132214028 -> 0_resource_name_obfuscated : WaitTime = 2 ms : RunTime = 0 ms
04-19 22:38:39.834 I/SystemSubtypesReportModule(20885): SystemSubtypesReportModule$3.onCurrentInputMethodEntryChanged():136 entry: en-US, source: UNSPECIFIED
04-19 22:38:39.834 I/SystemSubtypesReportModule(20885): SystemSubtypesReportModule.switchToSubtypeByEntry():205 en-US
04-19 22:38:39.835 I/SP      (20885): Scheduling job with delay of 0s for {m:b:u:l, bg}, 2 candidates
04-19 22:38:39.835 E/JobScheduler.JobStatus(  590): App com.google.android.inputmethod.latin became active but still in NEVER bucket
04-19 22:38:39.835 I/SP      (20885): Scheduling job with delay of 0s for {W:b:u:l, bg}, 1 candidates
04-19 22:38:39.836 E/JobScheduler.JobStatus(  590): App com.google.android.inputmethod.latin became active but still in NEVER bucket
04-19 22:38:39.837 I/OnDevicePackDownloadModule(20885): OnDevicePackDownloadModule.onCreate():60 onCreate()
04-19 22:38:39.841 I/NetworkInfoNotification(20885): NetworkInfoNotification$Listener.onReceive():112 onNetworkLost: networkState = NO_CONNECTION, isAirplaneModeOn = false
04-19 22:38:39.841 D/WindowTokenClient(20885): Configuration not dispatch to IME because configuration is up to date. Current config={1.3 ?mcc0mnc [en_US] ldltr sw723dp w1157dp h723dp 354dpi xlrg land finger qwerty/v/v dpad/v winConfig={ mBounds=Rect(0, 0 - 2560, 1600) mAppBounds=Rect(0, 0 - 2560, 1600) mMaxBounds=Rect(0, 0 - 2560, 1600) mDisplayRotation=ROTATION_0 mWindowingMode=fullscreen mActivityType=undefined mAlwaysOnTop=undefined mRotation=ROTATION_0} s.8 fontWeightAdjustment=0}, reported config={1.3 ?mcc0mnc [en_US] ldltr sw723dp w1157dp h723dp 354dpi xlrg land finger qwerty/v/v dpad/v winConfig={ mBounds=Rect(0, 0 - 2560, 1600) mAppBounds=Rect(0, 0 - 2560, 1600) mMaxBounds=Rect(0, 0 - 2560, 1600) mDisplayRotation=ROTATION_0 mWindowingMode=fullscreen mActivityType=undefined mAlwaysOnTop=undefined mRotation=ROTATION_0} s.8 fontWeightAdjustment=0}, updated config={1.3 ?mcc0mnc [en_US] ldltr sw723dp w1157dp h723dp 354dpi xlrg land finger qwerty/v/v dpad/v winConfig={ mBounds=Rect(0, 0 - 2560, 1600) mAppBounds=Rect(0, 0 - 2560, 1600) mMaxBounds=Rect(0, 0 - 2560, 1600) mDisplayRotation=ROTATION_0 mWindowingMode=fullscreen mActivityType=undefined mAlwaysOnTop=undefined mRotation=ROTATION_0} s.8 fontWeightAdjustment=0}, updated display ID=0
04-19 22:38:39.841 D/WindowTokenClient(20885): Configuration not dispatch to IME because configuration is up to date. Current config={1.3 ?mcc0mnc [en_US] ldltr sw723dp w1157dp h723dp 354dpi xlrg land finger qwerty/v/v dpad/v winConfig={ mBounds=Rect(0, 0 - 2560, 1600) mAppBounds=Rect(0, 0 - 2560, 1600) mMaxBounds=Rect(0, 0 - 2560, 1600) mDisplayRotation=ROTATION_0 mWindowingMode=fullscreen mActivityType=undefined mAlwaysOnTop=undefined mRotation=ROTATION_0} s.8 fontWeightAdjustment=0}, reported config={1.3 ?mcc0mnc [en_US] ldltr sw723dp w1157dp h723dp 354dpi xlrg land finger qwerty/v/v dpad/v winConfig={ mBounds=Rect(0, 0 - 2560, 1600) mAppBounds=Rect(0, 0 - 2560, 1600) mMaxBounds=Rect(0, 0 - 2560, 1600) mDisplayRotation=ROTATION_0 mWindowingMode=fullscreen mActivityType=undefined mAlwaysOnTop=undefined mRotation=ROTATION_0} s.8 fontWeightAdjustment=0}, updated config={1.3 ?mcc0mnc [en_US] ldltr sw723dp w1157dp h723dp 354dpi xlrg land finger qwerty/v/v dpad/v winConfig={ mBounds=Rect(0, 0 - 2560, 1600) mAppBounds=Rect(0, 0 - 2560, 1600) mMaxBounds=Rect(0, 0 - 2560, 1600) mDisplayRotation=ROTATION_0 mWindowingMode=fullscreen mActivityType=undefined mAlwaysOnTop=undefined mRotation=ROTATION_0} s.8 fontWeightAdjustment=0}, updated display ID=0
04-19 22:38:39.842 I/GoogleInputMethodService(20885): GoogleInputMethodService.onStartInput():1986 onStartInput(EditorInfo{EditorInfo{packageName=com.impos2.mixcretailassemblyrn84, inputType=0, inputTypeString=NULL, enableLearning=false, autoCorrection=false, autoComplete=false, imeOptions=0, privateImeOptions=null, actionName=UNSPECIFIED, actionLabel=null, initialSelStart=-1, initialSelEnd=-1, initialCapsMode=0, label=null, fieldId=0, fieldName=null, extras=null, hintText=null, hintLocales=[]}}, false)
04-19 22:38:39.842 I/GoogleInputMethodService(20885): GoogleInputMethodService.updateDeviceLockedStatus():2248 repeatCheckTimes = 1, locked = false
04-19 22:38:39.842 I/AndroidIME(20885): InputBundleManager.loadActiveInputBundleId():450 loadActiveInputBundleId: und-Latn-x-password, password
04-19 22:38:39.842 I/HardKeyTracker(20885): HardKeyTracker.registerKeySequence():139 Register key sequence lnk{labelResId=2132019800, callback=gnd@2e35b10, lastModifier=0, keyCodes=[57, 57], actions=[1, 0]}
04-19 22:38:39.842 I/HardKeyTracker(20885): HardKeyTracker.registerKeySequence():139 Register key sequence lnk{labelResId=0, callback=gnd@f734a2f, lastModifier=0, keyCodes=[58, 58], actions=[1, 0]}
04-19 22:38:39.842 I/SP      (20885): Scheduling: download registered, 0 started, 0 paused, 3 scheduled, 3 pending: manifests:next-word-predictor-20210507 * {m:b:u:l, bg}, manifests:emoji-2023020111 * {m:b:u:l, bg}, manifests:emoticon_content_description-2022081613 * {W:b:u:l, bg}
04-19 22:38:39.842 W/PackageConfigPersister(  590): App-specific configuration not found for packageName: com.impos2.mixcretailassemblyrn84 and userId: 0
04-19 22:38:39.842 I/SuperpacksManagerImpl(20885): SuperpacksManagerImpl$3$1.onFailure():588 emoticon_content_description.registerManifest() cancelled
04-19 22:38:39.843 I/SP      (20885): Registering emoticon_content_description.2022081613, url: https://www.gstatic.com/android/keyboard/emoticon_content_desc/202208161305/superpacks_manifest.json, constraints: W:*:*:*, flags: bg, requested: 2022081613, current: -1
04-19 22:38:39.843 I/SP      (20885): Registering emoticon_content_description.2022081613, url: https://www.gstatic.com/android/keyboard/emoticon_content_desc/202208161305/superpacks_manifest.json, constraints: W:*:*:*, flags: bg, requested: 2022081613, current: -1
04-19 22:38:39.845 I/Environment(20885): Environment.isPackageInstalled():234 com.bitstrips.imoji is not installed
04-19 22:38:39.845 W/AndroidCreativeStickerFetcherFactory(20885): AndroidCreativeStickerFetcherFactory.createFetcher():19 Empty host or api key
04-19 22:38:39.853 I/SP      (20885): Scheduling job with delay of 0s for {m:b:u:l, bg}, 2 candidates
04-19 22:38:39.854 E/JobScheduler.JobStatus(  590): App com.google.android.inputmethod.latin became active but still in NEVER bucket
04-19 22:38:39.854 I/SP      (20885): Scheduling job with delay of 0s for {W:b:u:l, bg}, 1 candidates
04-19 22:38:39.854 E/JobScheduler.JobStatus(  590): App com.google.android.inputmethod.latin became active but still in NEVER bucket
04-19 22:38:39.855 I/SP      (20885): Scheduling: download registered, 0 started, 0 paused, 3 scheduled, 3 pending: manifests:next-word-predictor-20210507 * {m:b:u:l, bg}, manifests:emoji-2023020111 * {m:b:u:l, bg}, manifests:emoticon_content_description-2022081613 * {W:b:u:l, bg}
04-19 22:38:39.855 I/SuperpacksManagerImpl(20885): SuperpacksManagerImpl$3$1.onFailure():588 emoticon_content_description.registerManifest() cancelled
04-19 22:38:39.855 I/SuperpacksManagerImpl(20885): SuperpacksManagerImpl$3$1.onFailure():588 emoticon_content_description.registerManifest() cancelled
04-19 22:38:39.944 I/yrn84:secondary( 8837): Compiler allocated 4206KB to compile void android.widget.TextView.<init>(android.content.Context, android.util.AttributeSet, int, int)
04-19 22:38:40.007 I/yrn84:secondary( 8837): Compiler allocated 5250KB to compile void android.view.ViewRootImpl.performTraversals()
04-19 22:38:40.048 W/WindowOnBackDispatcher(  836): sendCancelIfRunning: isInProgress=false callback=android.view.ViewRootImpl$$ExternalSyntheticLambda11@7f17709
04-19 22:38:40.048 D/CoreBackPreview(  590): Window{22d98f7 u0 Splash Screen com.impos2.mixcretailassemblyrn84 EXITING}: Setting back callback null
04-19 22:38:40.049 W/InputManager-JNI(  590): Input channel object '22d98f7 Splash Screen com.impos2.mixcretailassemblyrn84 (client)' was disposed without first being removed with the input manager!
04-19 22:38:40.091 W/unknown:BridgelessReact( 8837): ReactHost{0}.loadJSBundleFromMetro(): Creating BundleLoader
04-19 22:38:40.091 W/unknown:BridgelessReact( 8837): ReactHost{0}.getOrCreateReactInstanceTask(): Creating BridgelessReactContext
04-19 22:38:40.091 W/unknown:BridgelessReact( 8837): ReactHost{0}.getOrCreateReactInstanceTask(): Creating ReactInstance
04-19 22:38:40.099 W/FrameTracker(  836): Missed SF frame:PREDICTION_ERROR, 160078077, 6351960, CUJ=J<SPLASHSCREEN_EXIT_ANIM>
04-19 22:38:40.100 W/FrameTracker(  836): Missed SF frame:PREDICTION_ERROR, 160078128, 6751545, CUJ=J<SPLASHSCREEN_EXIT_ANIM>
04-19 22:38:40.100 W/FrameTracker(  836): Missed SF frame:PREDICTION_ERROR, 160078179, 5230921, CUJ=J<SPLASHSCREEN_EXIT_ANIM>
04-19 22:38:40.100 W/FrameTracker(  836): Missed SF frame:PREDICTION_ERROR, 160078244, 6158964, CUJ=J<SPLASHSCREEN_EXIT_ANIM>
04-19 22:38:40.100 W/FrameTracker(  836): Missed SF frame:PREDICTION_ERROR, 160078288, 5907632, CUJ=J<SPLASHSCREEN_EXIT_ANIM>
04-19 22:38:40.100 W/FrameTracker(  836): Missed SF frame:PREDICTION_ERROR, 160078303, 5315383, CUJ=J<SPLASHSCREEN_EXIT_ANIM>
04-19 22:38:40.100 W/FrameTracker(  836): Missed SF frame:PREDICTION_ERROR, 160078333, 6489968, CUJ=J<SPLASHSCREEN_EXIT_ANIM>
04-19 22:38:40.100 W/FrameTracker(  836): Missed SF frame:PREDICTION_ERROR, 160078378, 5909761, CUJ=J<SPLASHSCREEN_EXIT_ANIM>
04-19 22:38:40.100 W/FrameTracker(  836): Missing HWUI jank callback for vsyncId: 160078393, CUJ=J<SPLASHSCREEN_EXIT_ANIM>
04-19 22:38:40.100 V/PerfettoTrigger(  836): Not triggering com.android.telemetry.interaction-jank-monitor-39 - not enough time since last trigger
04-19 22:38:40.106 D/TrafficStats( 8837): tagSocket(126) with statsTag=0xffffffff, statsUid=-1
04-19 22:38:40.138 W/unknown:BridgelessReact( 8837): ReactHost{0}.getOrCreateReactInstanceTask(): Loading JS Bundle
