04-19 22:39:39.826 V/WindowManagerShell(  836): Transition requested (#472): android.os.BinderProxy@5d6509e TransitionRequestInfo { type = OPEN, triggerTask = TaskInfo{userId=0 taskId=825 displayId=0 isRunning=true baseIntent=Intent { flg=0x10000000 cmp=com.impos2.mixcretailassemblyrn84/.MainActivity } baseActivity=ComponentInfo{com.impos2.mixcretailassemblyrn84/com.impos2.mixcretailassemblyrn84.MainActivity} topActivity=ComponentInfo{com.impos2.mixcretailassemblyrn84/com.impos2.mixcretailassemblyrn84.MainActivity} origActivity=null realActivity=ComponentInfo{com.impos2.mixcretailassemblyrn84/com.impos2.mixcretailassemblyrn84.MainActivity} numActivities=1 lastActiveTime=250965372 supportsMultiWindow=true resizeMode=1 isResizeable=true minWidth=-1 minHeight=-1 defaultMinSize=220 token=WCT{android.window.IWindowContainerToken$Stub$Proxy@104a77f} topActivityType=1 pictureInPictureParams=null shouldDockBigOverlays=false launchIntoPipHostTaskId=-1 lastParentTaskIdBeforePip=-1 displayCutoutSafeInsets=null topActivityInfo=ActivityInfo{53e334c com.impos2.mixcretailassemblyrn84.MainActivity} launchCookies=[] positionInParent=Point(0, 0) parentTaskId=-1 isFocused=false isVisible=false isVisibleRequested=false isSleeping=false locusId=null displayAreaFeatureId=1 isTopActivityTransparent=false appCompatTaskInfo=AppCompatTaskInfo { topActivityInSizeCompat=false topActivityEligibleForLetterboxEducation= falseisLetterboxEducationEnabled= true isLetterboxDoubleTapEnabled= false topActivityEligibleForUserAspectRatioButton= true topActivityBoundsLetterboxed= false isFromLetterboxDoubleTap= false topActivityLetterboxVerticalPosition= -1 topActivityLetterboxHorizontalPosition= -1 topActivityLetterboxWidth=2560 topActivityLetterboxHeight=1600 isUserFullscreenOverrideEnabled=false isSystemFullscreenOverrideEnabled=false cameraCompatTaskInfo=CameraCompatTaskInfo { cameraCompatControlState=hidden freeformCameraCompatMode=inactive}}}, pipTask = null, remoteTransition = null, displayChange = null, flags = 0, debugId = 472 }
04-19 22:39:39.826 D/ShellDesktopMode(  836): DesktopTaskRepo: visibleTaskCount= 0
04-19 22:39:39.826 I/ActivityTaskManager(  590): START u0 {flg=0x10000000 cmp=com.impos2.mixcretailassemblyrn84/.MainActivity} with LAUNCH_SINGLE_TASK from uid 2000 (BAL_ALLOW_PERMISSION) result code=0
04-19 22:39:39.829 V/GrammaticalInflectionUtils(  590): AttributionSource: AttributionSource { uid = 10212, packageName = null, attributionTag = null, token = android.os.Binder@bdb3573, deviceId = 0, next = null } does not have READ_SYSTEM_GRAMMATICAL_GENDER permission.
04-19 22:39:39.830 W/SplitSelectStateCtor( 1099): Missing session instanceIds
04-19 22:39:39.830 D/StatsLog( 1099): LAUNCHER_SPLIT_SELECTION_EXIT_INTERRUPTED
04-19 22:39:39.830 D/SplashScreenView(  836): Build android.window.SplashScreenView{5c63c9b V.E...... ......ID 0,0-0,0}
04-19 22:39:39.830 D/SplashScreenView(  836): Icon: view: android.widget.ImageView{6c13838 V.ED..... ......I. 0,0-0,0 #1020504 android:id/splashscreen_icon_view} drawable: com.android.wm.shell.startingsurface.SplashscreenIconDrawableFactory$ImmobileIconDrawable@2b63011 size: 424
04-19 22:39:39.830 D/SplashScreenView(  836): Branding: view: android.view.View{85dd576 G.ED..... ......I. 0,0-0,0 #1020503 android:id/splashscreen_branding_view} drawable: null size w: 0 h: 0
04-19 22:39:39.832 I/AppsFilter(  590): interaction: PackageSetting{7cc5e74 com.impos2.adapter.dev/10230} -> PackageSetting{31bf0cd com.impos2.mixcretailassemblyrn84/10212} BLOCKED
04-19 22:39:39.832 I/AppsFilter(  590): interaction: PackageSetting{4e89c12 com.impos2.mixcretailrn84v2/10231} -> PackageSetting{31bf0cd com.impos2.mixcretailassemblyrn84/10212} BLOCKED
04-19 22:39:39.832 I/AppsFilter(  590): interaction: PackageSetting{e841fe3 com.impos2.mixcretailrn84/10234} -> PackageSetting{31bf0cd com.impos2.mixcretailassemblyrn84/10212} BLOCKED
04-19 22:39:39.832 I/AppsFilter(  590): interaction: PackageSetting{c8aede0 com.impos2.posadapter/10229} -> PackageSetting{31bf0cd com.impos2.mixcretailassemblyrn84/10212} BLOCKED
04-19 22:39:39.832 D/WindowManagerShell(  836): setLauncherKeepClearAreaHeight: visible=false, height=223
04-19 22:39:39.834 I/AppWidgetServiceImpl(  590): Received broadcast: android.intent.action.PACKAGE_UNSTOPPED on user 0
04-19 22:39:39.834 I/AppWidgetServiceImpl(  590): Updating package stopped masked state for uid 10212 package com.impos2.mixcretailassemblyrn84 isStopped false
04-19 22:39:39.834 I/TopTaskTracker( 1099): onTaskMovedToFront: (moved taskInfo to front) taskId=825, baseIntent=Intent { flg=0x10000000 cmp=com.impos2.mixcretailassemblyrn84/.MainActivity }
04-19 22:39:39.835 W/ProcessStats(  590): Tracking association SourceState{e668274 com.google.android.googlequicksearchbox:search/10144 BTop #17049} whose proc state 2 is better than process ProcessState{cc910ab com.google.android.webview:sandboxed_process0:org.chromium.content.app.SandboxedProcessService0:0/10144 pkg=com.google.android.googlequicksearchbox} proc state 8 (7 skipped)
04-19 22:39:39.836 D/Zygote  (  389): Forked child process 8933
04-19 22:39:39.837 I/ActivityManager(  590): Start proc 8933:com.impos2.mixcretailassemblyrn84/u0a212 for next-top-activity {com.impos2.mixcretailassemblyrn84/com.impos2.mixcretailassemblyrn84.MainActivity}
04-19 22:39:39.843 I/BpBinder(  439): onLastStrongRef automatically unlinking death recipients: 
04-19 22:39:39.844 D/CoreBackPreview(  590): Window{48407f7 u0 Splash Screen com.impos2.mixcretailassemblyrn84}: Setting back callback OnBackInvokedCallbackInfo{mCallback=android.window.IOnBackInvokedCallback$Stub$Proxy@6294118, mPriority=0, mIsAnimationCallback=false}
04-19 22:39:39.845 W/OptProp (  590): Cannot read opt property android.window.PROPERTY_COMPAT_ALLOW_DISPLAY_ORIENTATION_OVERRIDE
04-19 22:39:39.852 I/netd    (  388): tetherGetStats() -> {[]} <3.03ms>
04-19 22:39:39.855 I/ailassemblyrn84( 8933): Late-enabling -Xcheck:jni
04-19 22:39:39.867 V/WindowManager(  590): Sent Transition (#472) createdAt=04-19 22:39:39.821 via request=TransitionRequestInfo { type = OPEN, triggerTask = TaskInfo{userId=0 taskId=825 displayId=0 isRunning=true baseIntent=Intent { flg=0x10000000 cmp=com.impos2.mixcretailassemblyrn84/.MainActivity } baseActivity=ComponentInfo{com.impos2.mixcretailassemblyrn84/com.impos2.mixcretailassemblyrn84.MainActivity} topActivity=ComponentInfo{com.impos2.mixcretailassemblyrn84/com.impos2.mixcretailassemblyrn84.MainActivity} origActivity=null realActivity=ComponentInfo{com.impos2.mixcretailassemblyrn84/com.impos2.mixcretailassemblyrn84.MainActivity} numActivities=1 lastActiveTime=250965372 supportsMultiWindow=true resizeMode=1 isResizeable=true minWidth=-1 minHeight=-1 defaultMinSize=220 token=WCT{RemoteToken{6b4cdd7 Task{84632a #825 type=standard A=10212:com.impos2.mixcretailassemblyrn84}}} topActivityType=1 pictureInPictureParams=null shouldDockBigOverlays=false launchIntoPipHostTaskId=-1 lastParentTaskIdBeforePip=-1 displayCutoutSafeInsets=null topActivityInfo=ActivityInfo{cfd56c4 com.impos2.mixcretailassemblyrn84.MainActivity} launchCookies=[] positionInParent=Point(0, 0) parentTaskId=-1 isFocused=false isVisible=false isVisibleRequested=false isSleeping=false locusId=null displayAreaFeatureId=1 isTopActivityTransparent=false appCompatTaskInfo=AppCompatTaskInfo { topActivityInSizeCompat=false topActivityEligibleForLetterboxEducation= falseisLetterboxEducationEnabled= true isLetterboxDoubleTapEnabled= false topActivityEligibleForUserAspectRatioButton= true topActivityBoundsLetterboxed= false isFromLetterboxDoubleTap= false topActivityLetterboxVerticalPosition= -1 topActivityLetterboxHorizontalPosition= -1 topActivityLetterboxWidth=2560 topActivityLetterboxHeight=1600 isUserFullscreenOverrideEnabled=false isSystemFullscreenOverrideEnabled=false cameraCompatTaskInfo=CameraCompatTaskInfo { cameraCompatControlState=hidden freeformCameraCompatMode=inactive}}}, pipTask = null, remoteTransition = null, displayChange = null, flags = 0, debugId = 472 }
04-19 22:39:39.867 V/WindowManagerShell(  836): onTransitionReady(transaction=2534030741651)
04-19 22:39:39.867 V/WindowManager(  590):     startWCT=WindowContainerTransaction { changes = {} hops = [] errorCallbackToken=null taskFragmentOrganizer=null }
04-19 22:39:39.867 V/WindowManager(  590):     info={id=472 t=OPEN f=0x0 trk=0 r=[0@Point(0, 0)] c=[
04-19 22:39:39.867 V/WindowManager(  590):         {WCT{RemoteToken{6b4cdd7 Task{84632a #825 type=standard A=10212:com.impos2.mixcretailassemblyrn84}}} m=OPEN f=NONE leash=Surface(name=Task=825)/@0x1f63771 sb=Rect(0, 0 - 2560, 1600) eb=Rect(0, 0 - 2560, 1600) d=0 taskParent=-1},
04-19 22:39:39.867 V/WindowManager(  590):         {WCT{RemoteToken{eecd609 Task{403a6f7 #1 type=home}}} m=TO_BACK f=SHOW_WALLPAPER leash=Surface(name=Task=1)/@0x27bc150 sb=Rect(0, 0 - 2560, 1600) eb=Rect(0, 0 - 2560, 1600) d=0 taskParent=-1}
04-19 22:39:39.867 V/WindowManager(  590):     ]}
04-19 22:39:39.868 V/WindowManagerShell(  836): onTransitionReady (#472) android.os.BinderProxy@5d6509e: {id=472 t=OPEN f=0x0 trk=0 r=[0@Point(0, 0)] c=[{WCT{android.window.IWindowContainerToken$Stub$Proxy@22ac05a} m=OPEN f=NONE leash=Surface(name=Task=825)/@0xadc6e6f sb=Rect(0, 0 - 2560, 1600) eb=Rect(0, 0 - 2560, 1600) d=0 taskParent=-1},{WCT{android.window.IWindowContainerToken$Stub$Proxy@26b828b} m=TO_BACK f=SHOW_WALLPAPER leash=Surface(name=Task=1)/@0x25b077c sb=Rect(0, 0 - 2560, 1600) eb=Rect(0, 0 - 2560, 1600) d=0 taskParent=-1}]}
04-19 22:39:39.869 D/EGL_emulation( 1099): app_time_stats: avg=651.82ms min=9.21ms max=10837.95ms count=17
04-19 22:39:39.870 V/WindowManagerShell(  836): Playing animation for (#472) android.os.BinderProxy@5d6509e@0
04-19 22:39:39.870 V/WindowManagerShell(  836):  try handler com.android.wm.shell.transition.DefaultMixedHandler@a4b4bb1
04-19 22:39:39.870 V/WindowManagerShell(  836):  try handler com.android.wm.shell.keyguard.KeyguardTransitionHandler@f055896
04-19 22:39:39.870 V/WindowManagerShell(  836):  try handler com.android.wm.shell.pip.PipTransition@489c17
04-19 22:39:39.870 V/WindowManagerShell(  836):  try handler com.android.wm.shell.activityembedding.ActivityEmbeddingController@f43a804
04-19 22:39:39.870 V/WindowManagerShell(  836):  try handler com.android.wm.shell.splitscreen.StageCoordinator@417f1ed
04-19 22:39:39.870 V/WindowManagerShell(  836):  try handler com.android.wm.shell.desktopmode.DesktopTasksController@4366822
04-19 22:39:39.870 V/WindowManagerShell(  836):  try handler com.android.wm.shell.recents.RecentsTransitionHandler@b30e2b3
04-19 22:39:39.870 V/ShellRecents(  836): RecentsTransitionHandler.startAnimation: no controller found
04-19 22:39:39.870 V/WindowManagerShell(  836):  try handler com.android.wm.shell.transition.RemoteTransitionHandler@2554070
04-19 22:39:39.870 V/WindowManagerShell(  836): Transition doesn't have explicit remote, search filters for match for {id=472 t=OPEN f=0x0 trk=0 r=[0@Point(0, 0)] c=[{WCT{android.window.IWindowContainerToken$Stub$Proxy@22ac05a} m=OPEN f=NONE leash=Surface(name=Task=825)/@0xadc6e6f sb=Rect(0, 0 - 2560, 1600) eb=Rect(0, 0 - 2560, 1600) d=0 taskParent=-1},{WCT{android.window.IWindowContainerToken$Stub$Proxy@26b828b} m=TO_BACK f=SHOW_WALLPAPER leash=Surface(name=Task=1)/@0x25b077c sb=Rect(0, 0 - 2560, 1600) eb=Rect(0, 0 - 2560, 1600) d=0 taskParent=-1}]}
04-19 22:39:39.870 V/WindowManagerShell(  836):  Checking filter Pair{{types=[] flags=0x0] notFlags=0x0 checks=[{atype=undefined independent=true modes=[OPEN,TO_FRONT] flags=IN_TASK_WITH_EMBEDDED_ACTIVITY mustBeTask=false order=ANY topActivity=ComponentInfo{com.google.android.apps.nexuslauncher/com.google.android.apps.nexuslauncher.NexusLauncherActivity} launchCookie=null},{atype=undefined independent=true modes=[CLOSE,TO_BACK] flags=IN_TASK_WITH_EMBEDDED_ACTIVITY mustBeTask=false order=ANY topActivity=null launchCookie=null}]} RemoteTransition { remoteTransition = android.window.IRemoteTransition$Stub$Proxy@e8ebfe9, appThread = android.app.IApplicationThread$Stub$Proxy@876e46e, debugName = OverlaySwipeBack }}
04-19 22:39:39.870 V/WindowManagerShell(  836):  Checking filter Pair{{types=[] flags=0x0] notFlags=0x0 checks=[{atype=dream independent=true modes=[OPEN,TO_FRONT] flags=NONE mustBeTask=false order=ANY topActivity=null launchCookie=null},{atype=home independent=true modes=[CLOSE,TO_BACK] flags=NONE mustBeTask=false order=ANY topActivity=null launchCookie=null}]} RemoteTransition { remoteTransition = android.window.IRemoteTransition$Stub$Proxy@f4cf70f, appThread = android.app.IApplicationThread$Stub$Proxy@ba5f39c, debugName = LauncherToDream }}
04-19 22:39:39.870 V/WindowManagerShell(  836):  Checking filter Pair{{types=[] flags=0x0] notFlags=0x100 checks=[{atype=home independent=true modes=[OPEN,TO_FRONT] flags=NONE mustBeTask=false order=TOP topActivity=ComponentInfo{com.google.android.apps.nexuslauncher/com.google.android.apps.nexuslauncher.NexusLauncherActivity} launchCookie=null},{atype=standard independent=true modes=[CLOSE,TO_BACK] flags=NONE mustBeTask=false order=ANY topActivity=null launchCookie=null}]} RemoteTransition { remoteTransition = android.window.IRemoteTransition$Stub$Proxy@c8a71a5, appThread = android.app.IApplicationThread$Stub$Proxy@30d97a, debugName = QuickstepLaunchHome }}
04-19 22:39:39.870 V/WindowManagerShell(  836):  Delegate animation for (#472) to null
04-19 22:39:39.870 V/WindowManagerShell(  836):  try handler com.android.wm.shell.transition.DefaultTransitionHandler@56bf52b
04-19 22:39:39.871 V/WindowManagerShell(  836): start default transition animation, info = {id=472 t=OPEN f=0x0 trk=0 r=[0@Point(0, 0)] c=[{WCT{android.window.IWindowContainerToken$Stub$Proxy@22ac05a} m=OPEN f=NONE leash=Surface(name=Task=825)/@0xadc6e6f sb=Rect(0, 0 - 2560, 1600) eb=Rect(0, 0 - 2560, 1600) d=0 taskParent=-1},{WCT{android.window.IWindowContainerToken$Stub$Proxy@26b828b} m=TO_BACK f=SHOW_WALLPAPER leash=Surface(name=Task=1)/@0x25b077c sb=Rect(0, 0 - 2560, 1600) eb=Rect(0, 0 - 2560, 1600) d=0 taskParent=-1}]}
04-19 22:39:39.871 V/WindowManagerShell(  836): loadAnimation: anim=android.view.animation.AnimationSet@aafb803 animAttr=0x13 type=OPEN isEntrance=false
04-19 22:39:39.871 V/WindowManagerShell(  836): loadAnimation: anim=android.view.animation.AnimationSet@9da75fe animAttr=0x12 type=OPEN isEntrance=true
04-19 22:39:39.871 V/WindowManagerShell(  836):  animated by com.android.wm.shell.transition.DefaultTransitionHandler@56bf52b
04-19 22:39:39.873 I/ailassemblyrn84( 8933): Using CollectorTypeCMC GC.
04-19 22:39:39.875 W/UserManagerService(  590): Requested status bar icon for non-badged user 0
04-19 22:39:39.875 I/adbd    (  443): jdwp connection from 8933
04-19 22:39:39.885 D/nativeloader( 8933): Load libframework-connectivity-tiramisu-jni.so using APEX ns com_android_tethering for caller /apex/com.android.tethering/javalib/framework-connectivity-t.jar: ok
04-19 22:39:39.889 D/EGL_emulation(  836): app_time_stats: avg=39861.68ms min=39861.68ms max=39861.68ms count=1
04-19 22:39:39.901 D/EGL_emulation( 1099): app_time_stats: avg=487.13ms min=10.72ms max=12271.42ms count=26
04-19 22:39:39.906 W/ziparchive( 8933): Unable to open '/data/app/~~-ordDuM73zu3Rfi-eQPBlQ==/com.impos2.mixcretailassemblyrn84-9bAmtlm0xRK43pkrPxT76Q==/base.dm': No such file or directory
04-19 22:39:39.906 W/ziparchive( 8933): Unable to open '/data/app/~~-ordDuM73zu3Rfi-eQPBlQ==/com.impos2.mixcretailassemblyrn84-9bAmtlm0xRK43pkrPxT76Q==/base.dm': No such file or directory
04-19 22:39:39.947 W/HWUI    (  590): Failed to choose config with EGL_SWAP_BEHAVIOR_PRESERVED, retrying without...
04-19 22:39:39.947 W/HWUI    (  590): Failed to initialize 101010-2 format, error = EGL_SUCCESS
04-19 22:39:39.980 W/s.nexuslauncher( 1099): ApkAssets: Deleting an ApkAssets object '<empty> and /product/priv-app/Velvet/Velvet.apk' with 1 weak references
04-19 22:39:40.020 W/ActivityTaskManager(  590): callingPackage for (uid=2000, pid=8949) has no WPC
04-19 22:39:40.021 W/OptProp (  590): Cannot read opt property android.window.PROPERTY_COMPAT_ALLOW_USER_ASPECT_RATIO_OVERRIDE
04-19 22:39:40.021 W/OptProp (  590): Cannot read opt property android.window.PROPERTY_COMPAT_ALLOW_USER_ASPECT_RATIO_FULLSCREEN_OVERRIDE
04-19 22:39:40.021 W/OptProp (  590): Cannot read opt property android.window.PROPERTY_COMPAT_ALLOW_ORIENTATION_OVERRIDE
04-19 22:39:40.021 V/GrammaticalInflectionUtils(  590): AttributionSource: AttributionSource { uid = 10212, packageName = null, attributionTag = null, token = android.os.Binder@bdb3573, deviceId = 0, next = null } does not have READ_SYSTEM_GRAMMATICAL_GENDER permission.
04-19 22:39:40.021 W/OptProp (  590): Cannot read opt property android.window.PROPERTY_COMPAT_ALLOW_RESIZEABLE_ACTIVITY_OVERRIDES
04-19 22:39:40.021 W/OptProp (  590): Cannot read opt property android.window.PROPERTY_COMPAT_ALLOW_MIN_ASPECT_RATIO_OVERRIDE
04-19 22:39:40.022 W/OptProp (  590): Cannot read opt property android.window.PROPERTY_COMPAT_ENABLE_FAKE_FOCUS
04-19 22:39:40.022 W/InputDispatcher(  590): Focused display #0 does not have a focused window.
04-19 22:39:40.023 D/KeyguardService(  836): setOccluded(false)
04-19 22:39:40.023 I/ActivityTaskManager(  590): START u0 {flg=0x10000000 cmp=com.impos2.mixcretailassemblyrn84/.MainActivity} with LAUNCH_SINGLE_TASK from uid 2000 (BAL_ALLOW_PERMISSION) result code=3
04-19 22:39:40.023 D/KeyguardViewMediator(  836): setOccluded(false)
04-19 22:39:40.023 D/KeyguardViewMediator(  836): handleSetOccluded(false)
04-19 22:39:40.023 D/KeyguardViewMediator(  836): KeyguardViewMediator queue processing message: SET_OCCLUDED
04-19 22:39:40.024 V/WindowManager(  590): Unknown focus tokens, dropping reportFocusChanged
04-19 22:39:40.031 D/WindowManagerShell(  836): onActivityRestartAttempt: ComponentInfo{com.impos2.mixcretailassemblyrn84/com.impos2.mixcretailassemblyrn84.MainActivity}
04-19 22:39:40.097 D/nativeloader( 8933): Configuring clns-7 for other apk /data/app/~~-ordDuM73zu3Rfi-eQPBlQ==/com.impos2.mixcretailassemblyrn84-9bAmtlm0xRK43pkrPxT76Q==/base.apk. target_sdk_version=36, uses_libraries=, library_path=/data/app/~~-ordDuM73zu3Rfi-eQPBlQ==/com.impos2.mixcretailassemblyrn84-9bAmtlm0xRK43pkrPxT76Q==/lib/arm64:/data/app/~~-ordDuM73zu3Rfi-eQPBlQ==/com.impos2.mixcretailassemblyrn84-9bAmtlm0xRK43pkrPxT76Q==/base.apk!/lib/arm64-v8a, permitted_path=/data:/mnt/expand:/data/user/0/com.impos2.mixcretailassemblyrn84
04-19 22:39:40.106 V/GraphicsEnvironment( 8933): Currently set values for:
04-19 22:39:40.106 V/GraphicsEnvironment( 8933):   angle_gl_driver_selection_pkgs=[]
04-19 22:39:40.106 V/GraphicsEnvironment( 8933):   angle_gl_driver_selection_values=[]
04-19 22:39:40.106 V/GraphicsEnvironment( 8933): Global.Settings values are invalid: number of packages: 0, number of values: 0
04-19 22:39:40.107 V/GraphicsEnvironment( 8933): Neither updatable production driver nor prerelease driver is supported.
04-19 22:39:40.140 W/SoLoader( 8933): Initializing SoLoader: 0
04-19 22:39:40.141 W/SoLoader( 8933): Recording new base apk path: /data/app/~~-ordDuM73zu3Rfi-eQPBlQ==/com.impos2.mixcretailassemblyrn84-9bAmtlm0xRK43pkrPxT76Q==/base.apk
04-19 22:39:40.141 W/SoLoader( 8933): Previously recorded 0 base apk paths.
04-19 22:39:40.142 I/SoLoader( 8933): Preparing SO source: DirectorySoSource[root = /vendor/lib64 flags = 2]
04-19 22:39:40.142 I/SoLoader( 8933): Preparing SO source: DirectorySoSource[root = /system/lib64 flags = 2]
04-19 22:39:40.142 I/SoLoader( 8933): Preparing SO source: DirectApkSoSource[root = [/data/app/~~-ordDuM73zu3Rfi-eQPBlQ==/com.impos2.mixcretailassemblyrn84-9bAmtlm0xRK43pkrPxT76Q==/base.apk!/lib/arm64-v8a]]
04-19 22:39:40.160 V/WindowManagerShell(  836): Transition animation finished (aborted=false), notifying core (#472) android.os.BinderProxy@5d6509e@0
04-19 22:39:40.161 V/WindowManager(  590): Finish Transition (#472): created at 04-19 22:39:39.821 collect-started=0.018ms request-sent=4.027ms started=7.326ms ready=44.979ms sent=45.839ms finished=340.137ms
04-19 22:39:40.162 D/VRI[NexusLauncherActivity]( 1099): visibilityChanged oldVisibility=true newVisibility=false
04-19 22:39:40.163 V/WindowManagerShell(  836): Track 0 became idle
04-19 22:39:40.163 V/WindowManagerShell(  836): All active transition animations finished
04-19 22:39:40.164 W/UserManagerService(  590): Requested status bar icon for non-badged user 0
04-19 22:39:40.165 W/UserManagerService(  590): Requested status bar icon for non-badged user 0
04-19 22:39:40.176 D/NexusLauncherModelDelegate( 1099): notifySmartspaceEvent: SmartspaceTargetEvent{mSmartspaceTarget=null, mSmartspaceActionId='null', mEventType=7}
04-19 22:39:40.186 I/SoLoader( 8933): Preparing SO source: ApplicationSoSource[DirectorySoSource[root = /data/app/~~-ordDuM73zu3Rfi-eQPBlQ==/com.impos2.mixcretailassemblyrn84-9bAmtlm0xRK43pkrPxT76Q==/lib/arm64 flags = 0]]
04-19 22:39:40.186 I/SoLoader( 8933): init finish: 4 SO sources prepared
04-19 22:39:40.186 W/SoLoader( 8933): SoLoader initialized: 8
04-19 22:39:40.215 D/nativeloader( 8933): Load /data/app/~~-ordDuM73zu3Rfi-eQPBlQ==/com.impos2.mixcretailassemblyrn84-9bAmtlm0xRK43pkrPxT76Q==/base.apk!/lib/arm64-v8a/libc++_shared.so using ns clns-7 from class loader (caller=/data/app/~~-ordDuM73zu3Rfi-eQPBlQ==/com.impos2.mixcretailassemblyrn84-9bAmtlm0xRK43pkrPxT76Q==/base.apk): ok
04-19 22:39:40.217 D/nativeloader( 8933): Load /data/app/~~-ordDuM73zu3Rfi-eQPBlQ==/com.impos2.mixcretailassemblyrn84-9bAmtlm0xRK43pkrPxT76Q==/base.apk!/lib/arm64-v8a/libjsi.so using ns clns-7 from class loader (caller=/data/app/~~-ordDuM73zu3Rfi-eQPBlQ==/com.impos2.mixcretailassemblyrn84-9bAmtlm0xRK43pkrPxT76Q==/base.apk): ok
04-19 22:39:40.219 D/nativeloader( 8933): Load /data/app/~~-ordDuM73zu3Rfi-eQPBlQ==/com.impos2.mixcretailassemblyrn84-9bAmtlm0xRK43pkrPxT76Q==/base.apk!/lib/arm64-v8a/libfbjni.so using ns clns-7 from class loader (caller=/data/app/~~-ordDuM73zu3Rfi-eQPBlQ==/com.impos2.mixcretailassemblyrn84-9bAmtlm0xRK43pkrPxT76Q==/base.apk): ok
04-19 22:39:40.221 D/nativeloader( 8933): Load /data/app/~~-ordDuM73zu3Rfi-eQPBlQ==/com.impos2.mixcretailassemblyrn84-9bAmtlm0xRK43pkrPxT76Q==/base.apk!/lib/arm64-v8a/libreactnative.so using ns clns-7 from class loader (caller=/data/app/~~-ordDuM73zu3Rfi-eQPBlQ==/com.impos2.mixcretailassemblyrn84-9bAmtlm0xRK43pkrPxT76Q==/base.apk): ok
04-19 22:39:40.221 D/jni_lib_merge( 8933): Entering merged library JNI_OnLoad.
04-19 22:39:40.221 D/jni_lib_merge( 8933): Preparing 12 pre-merged libs (including stub)
04-19 22:39:40.221 D/jni_lib_merge( 8933): Preparing to register libfabricjni_so.  onload_func: 0x73aaf3f2ec
04-19 22:39:40.221 D/jni_lib_merge( 8933): Preparing to register libreact_devsupportjni_so.  onload_func: 0x73ab1650f8
04-19 22:39:40.221 D/jni_lib_merge( 8933): Preparing to register libreact_featureflagsjni_so.  onload_func: 0x73ab177be4
04-19 22:39:40.221 D/jni_lib_merge( 8933): Preparing to register libreact_newarchdefaults_so.  onload_func: 0x73ab216fc8
04-19 22:39:40.221 D/jni_lib_merge( 8933): Preparing to register libreactnativeblob_so.  onload_func: 0x73ab42b668
04-19 22:39:40.221 D/jni_lib_merge( 8933): Preparing to register libreactnativejni_so.  onload_func: 0x73ab469cdc
04-19 22:39:40.221 D/jni_lib_merge( 8933): Preparing to register libreactnativejni_common_so.  onload_func: 0x73ab46fa08
04-19 22:39:40.221 D/jni_lib_merge( 8933): Preparing to register librninstance_so.  onload_func: 0x73ab4bc2cc
04-19 22:39:40.221 D/jni_lib_merge( 8933): Preparing to register libturbomodulejsijni_so.  onload_func: 0x73ab619b34
04-19 22:39:40.221 D/jni_lib_merge( 8933): Preparing to register libuimanagerjni_so.  onload_func: 0x73ab631454
04-19 22:39:40.221 D/jni_lib_merge( 8933): Preparing to register libyoga_so.  onload_func: 0x73ab640ed8
04-19 22:39:40.221 D/jni_lib_merge( 8933): About to register 11 actual methods.
04-19 22:39:40.227 D/nativeloader( 8933): Load /data/app/~~-ordDuM73zu3Rfi-eQPBlQ==/com.impos2.mixcretailassemblyrn84-9bAmtlm0xRK43pkrPxT76Q==/base.apk!/lib/arm64-v8a/libreact_codegen_rnsvg.so using ns clns-7 from class loader (caller=/data/app/~~-ordDuM73zu3Rfi-eQPBlQ==/com.impos2.mixcretailassemblyrn84-9bAmtlm0xRK43pkrPxT76Q==/base.apk): ok
04-19 22:39:40.227 D/jni_lib_merge( 8933): Entering merged library JNI_OnLoad.
04-19 22:39:40.227 D/jni_lib_merge( 8933): Preparing 12 pre-merged libs (including stub)
04-19 22:39:40.227 D/jni_lib_merge( 8933): Preparing to register libfabricjni_so.  onload_func: 0x73aaf3f2ec
04-19 22:39:40.227 D/jni_lib_merge( 8933): Preparing to register libreact_devsupportjni_so.  onload_func: 0x73ab1650f8
04-19 22:39:40.227 D/jni_lib_merge( 8933): Preparing to register libreact_featureflagsjni_so.  onload_func: 0x73ab177be4
04-19 22:39:40.227 D/jni_lib_merge( 8933): Preparing to register libreact_newarchdefaults_so.  onload_func: 0x73ab216fc8
04-19 22:39:40.227 D/jni_lib_merge( 8933): Preparing to register libreactnativeblob_so.  onload_func: 0x73ab42b668
04-19 22:39:40.227 D/jni_lib_merge( 8933): Preparing to register libreactnativejni_so.  onload_func: 0x73ab469cdc
04-19 22:39:40.227 D/jni_lib_merge( 8933): Preparing to register libreactnativejni_common_so.  onload_func: 0x73ab46fa08
04-19 22:39:40.227 D/jni_lib_merge( 8933): Preparing to register librninstance_so.  onload_func: 0x73ab4bc2cc
04-19 22:39:40.227 D/jni_lib_merge( 8933): Preparing to register libturbomodulejsijni_so.  onload_func: 0x73ab619b34
04-19 22:39:40.227 D/jni_lib_merge( 8933): Preparing to register libuimanagerjni_so.  onload_func: 0x73ab631454
04-19 22:39:40.227 D/jni_lib_merge( 8933): Preparing to register libyoga_so.  onload_func: 0x73ab640ed8
04-19 22:39:40.227 D/jni_lib_merge( 8933): About to register 11 actual methods.
04-19 22:39:40.229 D/nativeloader( 8933): Load /data/app/~~-ordDuM73zu3Rfi-eQPBlQ==/com.impos2.mixcretailassemblyrn84-9bAmtlm0xRK43pkrPxT76Q==/base.apk!/lib/arm64-v8a/libappmodules.so using ns clns-7 from class loader (caller=/data/app/~~-ordDuM73zu3Rfi-eQPBlQ==/com.impos2.mixcretailassemblyrn84-9bAmtlm0xRK43pkrPxT76Q==/base.apk): ok
04-19 22:39:40.255 D/AppCompatDelegate( 8933): Checking for metadata for AppLocalesMetadataHolderService : Service not found
04-19 22:39:40.281 I/StartupAudit( 8933): activity_created activity=MainActivity displayIndex=0 pid=8933 time=2026-04-19 22:39:40.280
04-19 22:39:40.307 D/FileUtils(  590): Rounded bytes from 3120193536 to 4000000000
04-19 22:39:40.333 D/nativeloader( 8933): Load /data/app/~~-ordDuM73zu3Rfi-eQPBlQ==/com.impos2.mixcretailassemblyrn84-9bAmtlm0xRK43pkrPxT76Q==/base.apk!/lib/arm64-v8a/libhermesvm.so using ns clns-7 from class loader (caller=/data/app/~~-ordDuM73zu3Rfi-eQPBlQ==/com.impos2.mixcretailassemblyrn84-9bAmtlm0xRK43pkrPxT76Q==/base.apk): ok
04-19 22:39:40.335 D/nativeloader( 8933): Load /data/app/~~-ordDuM73zu3Rfi-eQPBlQ==/com.impos2.mixcretailassemblyrn84-9bAmtlm0xRK43pkrPxT76Q==/base.apk!/lib/arm64-v8a/libhermestooling.so using ns clns-7 from class loader (caller=/data/app/~~-ordDuM73zu3Rfi-eQPBlQ==/com.impos2.mixcretailassemblyrn84-9bAmtlm0xRK43pkrPxT76Q==/base.apk): ok
04-19 22:39:40.335 D/jni_lib_merge( 8933): Entering merged library JNI_OnLoad.
04-19 22:39:40.335 D/jni_lib_merge( 8933): Preparing 4 pre-merged libs (including stub)
04-19 22:39:40.335 D/jni_lib_merge( 8933): Preparing to register libhermes_executor_so.  onload_func: 0x73adc7c02c
04-19 22:39:40.335 D/jni_lib_merge( 8933): Preparing to register libhermesinstancejni_so.  onload_func: 0x73adcaa1f8
04-19 22:39:40.335 D/jni_lib_merge( 8933): Preparing to register libjsijniprofiler_so.  onload_func: 0x73adcac23c
04-19 22:39:40.335 D/jni_lib_merge( 8933): About to register 3 actual methods.
04-19 22:39:40.344 W/FrameTracker( 1099): Missed SF frame:PREDICTION_ERROR, 160119249, 11805269, CUJ=J<TASKBAR_COLLAPSE::Home to App>
04-19 22:39:40.344 W/FrameTracker( 1099): Missed SF frame:PREDICTION_ERROR, 160119343, 8314896, CUJ=J<TASKBAR_COLLAPSE::Home to App>
04-19 22:39:40.344 W/FrameTracker( 1099): Missed SF frame:PREDICTION_ERROR, 160119387, 6294106, CUJ=J<TASKBAR_COLLAPSE::Home to App>
04-19 22:39:40.344 W/FrameTracker( 1099): Missed SF frame:PREDICTION_ERROR, 160119409, 7367148, CUJ=J<TASKBAR_COLLAPSE::Home to App>
04-19 22:39:40.344 W/FrameTracker( 1099): Missed SF frame:PREDICTION_ERROR, 160119431, 7803441, CUJ=J<TASKBAR_COLLAPSE::Home to App>
04-19 22:39:40.344 W/FrameTracker( 1099): Missed SF frame:PREDICTION_ERROR, 160119489, 5770567, CUJ=J<TASKBAR_COLLAPSE::Home to App>
04-19 22:39:40.344 W/FrameTracker( 1099): Missed SF frame:PREDICTION_ERROR, 160119504, 5544818, CUJ=J<TASKBAR_COLLAPSE::Home to App>
04-19 22:39:40.344 W/FrameTracker( 1099): Missed SF frame:PREDICTION_ERROR, 160119519, 4628152, CUJ=J<TASKBAR_COLLAPSE::Home to App>
04-19 22:39:40.344 W/FrameTracker( 1099): Missed SF frame:PREDICTION_ERROR, 160119534, 5624111, CUJ=J<TASKBAR_COLLAPSE::Home to App>
04-19 22:39:40.344 W/FrameTracker( 1099): Missed SF frame:PREDICTION_ERROR, 160119549, 4715903, CUJ=J<TASKBAR_COLLAPSE::Home to App>
04-19 22:39:40.344 W/FrameTracker( 1099): Missed SF frame:PREDICTION_ERROR, 160119586, 4747946, CUJ=J<TASKBAR_COLLAPSE::Home to App>
04-19 22:39:40.344 W/FrameTracker( 1099): Missed SF frame:PREDICTION_ERROR, 160119601, 10053613, CUJ=J<TASKBAR_COLLAPSE::Home to App>
04-19 22:39:40.344 W/FrameTracker( 1099): Missed SF frame:PREDICTION_ERROR, 160119616, 5550822, CUJ=J<TASKBAR_COLLAPSE::Home to App>
04-19 22:39:40.344 W/FrameTracker( 1099): Missed SF frame:PREDICTION_ERROR, 160119646, 4457074, CUJ=J<TASKBAR_COLLAPSE::Home to App>
04-19 22:39:40.344 W/FrameTracker( 1099): Missed SF frame:PREDICTION_ERROR, 160119669, 4326367, CUJ=J<TASKBAR_COLLAPSE::Home to App>
04-19 22:39:40.344 W/FrameTracker( 1099): Missed SF frame:PREDICTION_ERROR, 160119677, 4636492, CUJ=J<TASKBAR_COLLAPSE::Home to App>
04-19 22:39:40.344 W/FrameTracker( 1099): Missed SF frame:PREDICTION_ERROR, 160119685, 3695076, CUJ=J<TASKBAR_COLLAPSE::Home to App>
04-19 22:39:40.344 W/FrameTracker( 1099): Missed SF frame:PREDICTION_ERROR, 160119693, 2290535, CUJ=J<TASKBAR_COLLAPSE::Home to App>
04-19 22:39:40.344 W/FrameTracker( 1099): Missed SF frame:PREDICTION_ERROR, 160119701, 4532494, CUJ=J<TASKBAR_COLLAPSE::Home to App>
04-19 22:39:40.344 V/PerfettoTrigger( 1099): Not triggering com.android.telemetry.interaction-jank-monitor-61 - not enough time since last trigger
04-19 22:39:40.405 I/resolv  (  388): GetAddrInfoHandler::run: {0 0 0 983040 10212 0}
04-19 22:39:40.407 D/TrafficStats( 8933): tagSocket(101) with statsTag=0xffffffff, statsUid=-1
04-19 22:39:40.427 W/unknown:BridgelessReact( 8933): ReactHost{0}.startSurface(surfaceId = 0): Schedule
04-19 22:39:40.428 W/unknown:BridgelessReact( 8933): ReactHost{0}.attachSurface(surfaceId = 0)
04-19 22:39:40.428 W/unknown:BridgelessReact( 8933): ReactHost{0}.getOrCreateReactInstanceTask()
04-19 22:39:40.429 W/unknown:BridgelessReact( 8933): ReactHost{0}.getOrCreateReactInstanceTask(): Start
04-19 22:39:40.429 W/unknown:BridgelessReact( 8933): ReactHost{0}.getJSBundleLoader()
04-19 22:39:40.429 W/unknown:BridgelessReact( 8933): ReactHost{0}.isMetroRunning()
04-19 22:39:40.431 D/TrafficStats( 8933): tagSocket(103) with statsTag=0xffffffff, statsUid=-1
04-19 22:39:40.436 W/unknown:BridgelessReact( 8933): ReactHost{0}.isMetroRunning(): Async result = true
04-19 22:39:40.438 W/ailassemblyrn84( 8933): Accessing hidden method Landroid/view/ViewGroup;->makeOptionalFitsSystemWindows()V (unsupported, reflection, allowed)
04-19 22:39:40.439 W/unknown:BridgelessReact( 8933): ReactHost{0}.loadJSBundleFromMetro()
04-19 22:39:40.444 D/MainActivity( 8933): Skipped RN onNewIntent before React context is ready
04-19 22:39:40.445 W/unknown:BridgelessReact( 8933): ReactHost{0}.onHostResume(activity)
04-19 22:39:40.445 W/unknown:ReactNative( 8933): Packager connection already open, nooping.
04-19 22:39:40.449 W/HWUI    ( 8933): Unknown dataspace 0
04-19 22:39:40.461 D/CoreBackPreview(  590): Window{f13b2af u0 com.impos2.mixcretailassemblyrn84/com.impos2.mixcretailassemblyrn84.MainActivity}: Setting back callback OnBackInvokedCallbackInfo{mCallback=android.window.IOnBackInvokedCallback$Stub$Proxy@69d019a, mPriority=0, mIsAnimationCallback=false}
04-19 22:39:40.468 I/EGL_emulation( 8933): Opening libGLESv1_CM_emulation.so
04-19 22:39:40.468 I/EGL_emulation( 8933): Opening libGLESv2_emulation.so
04-19 22:39:40.471 W/HWUI    ( 8933): Failed to choose config with EGL_SWAP_BEHAVIOR_PRESERVED, retrying without...
04-19 22:39:40.471 W/HWUI    ( 8933): Failed to initialize 101010-2 format, error = EGL_SUCCESS
04-19 22:39:40.485 I/servicemanager(  157): Caller(pid=8933,uid=10212,sid=u:r:untrusted_app:s0:c212,c256,c512,c768) Could not find android.hardware.graphics.allocator.IAllocator/default in the VINTF manifest. No alternative instances declared in VINTF.
04-19 22:39:40.485 I/hwservicemanager(  162): getTransport: Cannot find entry android.hardware.graphics.mapper@4.0::IMapper/default in either framework or device VINTF manifest.
04-19 22:39:40.485 I/Gralloc4( 8933): mapper 4.x is not supported
04-19 22:39:40.501 W/ziparchive(  590): Unable to open '/data/app/~~-ordDuM73zu3Rfi-eQPBlQ==/com.impos2.mixcretailassemblyrn84-9bAmtlm0xRK43pkrPxT76Q==/base.dm': No such file or directory
04-19 22:39:40.502 I/ActivityTaskManager(  590): Displayed com.impos2.mixcretailassemblyrn84/.MainActivity for user 0: +682ms
04-19 22:39:40.534 I/BpBinder(  439): onLastStrongRef automatically unlinking death recipients: 
04-19 22:39:40.538 D/CoreBackPreview(  590): Window{3b229f2 u0 PopupWindow:c460866}: Setting back callback OnBackInvokedCallbackInfo{mCallback=android.window.IOnBackInvokedCallback$Stub$Proxy@44edec0, mPriority=0, mIsAnimationCallback=false}
04-19 22:39:40.569 D/MainActivity( 8933): Skipped RN onWindowFocusChanged before React context is ready: hasFocus=true
04-19 22:39:40.571 I/ImeTracker(  590): com.impos2.mixcretailassemblyrn84:b81c6687: onRequestHide at ORIGIN_SERVER reason HIDE_UNSPECIFIED_WINDOW fromUser false
04-19 22:39:40.572 I/ImeTracker(  590): com.impos2.mixcretailassemblyrn84:b81c6687: onCancelled at PHASE_SERVER_SHOULD_HIDE
04-19 22:39:40.574 I/GoogleInputMethodService(20885): GoogleInputMethodService.onFinishInput():3157 
04-19 22:39:40.574 I/GoogleInputMethodService(20885): GoogleInputMethodService.updateDeviceLockedStatus():2248 repeatCheckTimes = 0, locked = false
04-19 22:39:40.574 I/GoogleInputMethodService(20885): GoogleInputMethodService.onStartInput():1986 onStartInput(EditorInfo{EditorInfo{packageName=com.impos2.mixcretailassemblyrn84, inputType=0, inputTypeString=NULL, enableLearning=false, autoCorrection=false, autoComplete=false, imeOptions=0, privateImeOptions=null, actionName=UNSPECIFIED, actionLabel=null, initialSelStart=-1, initialSelEnd=-1, initialCapsMode=0, label=null, fieldId=0, fieldName=null, extras=null, hintText=null, hintLocales=[]}}, false)
04-19 22:39:40.574 I/GoogleInputMethodService(20885): GoogleInputMethodService.updateDeviceLockedStatus():2248 repeatCheckTimes = 1, locked = false
04-19 22:39:40.574 I/AndroidIME(20885): InputBundleManager.loadActiveInputBundleId():450 loadActiveInputBundleId: und-Latn-x-password, password
04-19 22:39:40.574 W/PackageConfigPersister(  590): App-specific configuration not found for packageName: com.impos2.mixcretailassemblyrn84 and userId: 0
04-19 22:39:40.582 D/BaseDepthController( 1099): setSurface:
04-19 22:39:40.582 D/BaseDepthController( 1099): 	mWaitingOnSurfaceValidity: false
04-19 22:39:40.582 D/BaseDepthController( 1099): 	mSurface: null
04-19 22:39:40.582 D/BaseDepthController( 1099): mSurface is null and mCurrentBlur is: 0
04-19 22:39:40.583 D/StateManager( 1099): goToState - fromState: Normal, toState: Normal, partial trace:
04-19 22:39:40.583 D/StateManager( 1099): 	at com.android.launcher3.statemanager.StateManager.moveToRestState(go/retraceme 6422cbaa18704413bfb3e93ebb8478614d3644845132061bc54b1fae066de31d:4)
04-19 22:39:40.583 D/StateManager( 1099): 	at com.android.launcher3.statemanager.StateManager.moveToRestState(go/retraceme 6422cbaa18704413bfb3e93ebb8478614d3644845132061bc54b1fae066de31d:1)
04-19 22:39:40.583 D/StateManager( 1099): 	at com.android.launcher3.statemanager.StatefulActivity.onStop(go/retraceme 6422cbaa18704413bfb3e93ebb8478614d3644845132061bc54b1fae066de31d:34)
04-19 22:39:40.583 D/StatsLog( 1099): LAUNCHER_ONSTOP
04-19 22:39:40.583 I/AppWidgetServiceImpl(  590): setAppWidgetHidden() 0
04-19 22:39:40.583 D/StatsLog( 1099): LAUNCHER_GOOGLE_SEARCH_RESTORE_LIST_SIZE_AFTER_ACTIVITY_RESTART
04-19 22:39:40.584 D/OneSearchSuggestProvider( 1099): Shut down the binder channel
04-19 22:39:40.584 I/IPCThreadState( 1099): oneway function results for code 2 on binder at 0xb4000075db355eb0 will be dropped but finished with status UNKNOWN_TRANSACTION
04-19 22:39:40.680 I/ailassemblyrn84( 8933): Compiler allocated 5250KB to compile void android.view.ViewRootImpl.performTraversals()
04-19 22:39:40.767 I/ailassemblyrn84( 8933): Compiler allocated 4206KB to compile void android.widget.TextView.<init>(android.content.Context, android.util.AttributeSet, int, int)
04-19 22:39:40.843 W/WindowOnBackDispatcher( 8933): sendCancelIfRunning: isInProgress=false callback=android.view.ViewRootImpl$$ExternalSyntheticLambda11@e9269ec
04-19 22:39:40.843 W/unknown:BridgelessReact( 8933): ReactHost{0}.loadJSBundleFromMetro(): Creating BundleLoader
04-19 22:39:40.843 W/unknown:BridgelessReact( 8933): ReactHost{0}.getOrCreateReactInstanceTask(): Creating BridgelessReactContext
04-19 22:39:40.844 W/unknown:BridgelessReact( 8933): ReactHost{0}.getOrCreateReactInstanceTask(): Creating ReactInstance
04-19 22:39:40.845 D/CoreBackPreview(  590): Window{3b229f2 u0 PopupWindow:c460866}: Setting back callback null
04-19 22:39:40.846 W/InputManager-JNI(  590): Input channel object '3b229f2 PopupWindow:c460866 (client)' was disposed without first being removed with the input manager!
04-19 22:39:40.854 D/TrafficStats( 8933): tagSocket(130) with statsTag=0xffffffff, statsUid=-1
04-19 22:39:40.864 W/WindowOnBackDispatcher(  836): sendCancelIfRunning: isInProgress=false callback=android.view.ViewRootImpl$$ExternalSyntheticLambda11@649d302
04-19 22:39:40.864 D/CoreBackPreview(  590): Window{48407f7 u0 Splash Screen com.impos2.mixcretailassemblyrn84 EXITING}: Setting back callback null
04-19 22:39:40.865 W/InputManager-JNI(  590): Input channel object '48407f7 Splash Screen com.impos2.mixcretailassemblyrn84 (client)' was disposed without first being removed with the input manager!
04-19 22:39:40.882 I/netd    (  388): tetherGetStats() -> {[]} <0.54ms>
04-19 22:39:40.889 W/unknown:BridgelessReact( 8933): ReactHost{0}.getOrCreateReactInstanceTask(): Loading JS Bundle
04-19 22:39:40.889 W/unknown:BridgelessReact( 8933): ReactHost{0}.getOrCreateReactInstanceTask(): DevSupportManager.onNewReactContextCreated()
04-19 22:39:40.892 W/unknown:ReactNative( 8933): Packager connection already open, nooping.
04-19 22:39:40.893 W/unknown:BridgelessReact( 8933): ReactHost{0}.ReactContext.onHostResume()
04-19 22:39:40.894 W/unknown:BridgelessReact( 8933): ReactHost{0}.startSurface(surfaceId = 0): Execute
04-19 22:39:40.895 W/unknown:BridgelessReact( 8933): ReactHost{0}.getOrCreateReactInstanceTask(): Executing ReactInstanceEventListeners
04-19 22:39:40.896 W/InteractionJankMonitor( 8933): Initializing without READ_DEVICE_CONFIG permission. enabled=true, interval=1, missedFrameThreshold=3, frameTimeThreshold=64, package=com.impos2.mixcretailassemblyrn84
04-19 22:39:40.914 W/FrameTracker(  836): Missed SF frame:PREDICTION_ERROR, 160119770, 7639211, CUJ=J<SPLASHSCREEN_EXIT_ANIM>
04-19 22:39:40.914 W/FrameTracker(  836): Missed SF frame:PREDICTION_ERROR, 160119799, 4829670, CUJ=J<SPLASHSCREEN_EXIT_ANIM>
04-19 22:39:40.914 W/FrameTracker(  836): Missed SF frame:PREDICTION_ERROR, 160119835, 7723504, CUJ=J<SPLASHSCREEN_EXIT_ANIM>
04-19 22:39:40.914 W/FrameTracker(  836): Missed SF frame:PREDICTION_ERROR, 160119871, 6316046, CUJ=J<SPLASHSCREEN_EXIT_ANIM>
04-19 22:39:40.914 W/FrameTracker(  836): Missed SF frame:PREDICTION_ERROR, 160119900, 0, CUJ=J<SPLASHSCREEN_EXIT_ANIM>
04-19 22:39:40.914 W/FrameTracker(  836): Missing HWUI jank callback for vsyncId: 160119900, CUJ=J<SPLASHSCREEN_EXIT_ANIM>
04-19 22:39:40.914 W/FrameTracker(  836): Missed SF frame:PREDICTION_ERROR, 160119987, 6539299, CUJ=J<SPLASHSCREEN_EXIT_ANIM>
04-19 22:39:40.914 W/FrameTracker(  836): Missed SF frame:PREDICTION_ERROR, 160120009, 0, CUJ=J<SPLASHSCREEN_EXIT_ANIM>
04-19 22:39:40.914 W/FrameTracker(  836): Missing HWUI jank callback for vsyncId: 160120009, CUJ=J<SPLASHSCREEN_EXIT_ANIM>
04-19 22:39:40.914 W/FrameTracker(  836): Missed SF frame:PREDICTION_ERROR, 160120031, 4746925, CUJ=J<SPLASHSCREEN_EXIT_ANIM>
04-19 22:39:40.914 W/FrameTracker(  836): Missed SF frame:PREDICTION_ERROR, 160120053, 5345593, CUJ=J<SPLASHSCREEN_EXIT_ANIM>
04-19 22:39:40.914 W/FrameTracker(  836): Missed SF frame:PREDICTION_ERROR, 160120075, 5517843, CUJ=J<SPLASHSCREEN_EXIT_ANIM>
04-19 22:39:40.914 W/FrameTracker(  836): Missed SF frame:PREDICTION_ERROR, 160120097, 5446469, CUJ=J<SPLASHSCREEN_EXIT_ANIM>
04-19 22:39:40.914 W/FrameTracker(  836): Missing HWUI jank callback for vsyncId: 160120185, CUJ=J<SPLASHSCREEN_EXIT_ANIM>
04-19 22:39:40.914 W/FrameTracker(  836): Missed SF frame:PREDICTION_ERROR, 160120207, 2785764, CUJ=J<SPLASHSCREEN_EXIT_ANIM>
04-19 22:39:40.914 W/FrameTracker(  836): Missed SF frame:PREDICTION_ERROR, 160120229, 0, CUJ=J<SPLASHSCREEN_EXIT_ANIM>
04-19 22:39:40.914 W/FrameTracker(  836): Missing HWUI jank callback for vsyncId: 160120229, CUJ=J<SPLASHSCREEN_EXIT_ANIM>
04-19 22:39:40.914 W/FrameTracker(  836): Missed SF frame:PREDICTION_ERROR, 160120251, 4313599, CUJ=J<SPLASHSCREEN_EXIT_ANIM>
04-19 22:39:40.914 V/PerfettoTrigger(  836): Not triggering com.android.telemetry.interaction-jank-monitor-39 - not enough time since last trigger
04-19 22:39:40.962 I/FontLog (  937): Received query Noto Color Emoji Compat, URI content://com.google.android.gms.fonts [CONTEXT service_id=132 ]
04-19 22:39:40.962 I/FontLog (  937): Query [emojicompat-emoji-font] resolved to {Noto Color Emoji Compat, wdth 100.0, wght 400, ital 0.0, bestEffort false} [CONTEXT service_id=132 ]
04-19 22:39:40.963 I/FontLog (  937): Fetch {Noto Color Emoji Compat, wdth 100.0, wght 400, ital 0.0, bestEffort false} end status Status{statusCode=SUCCESS, resolution=null} [CONTEXT service_id=132 ]
04-19 22:39:40.967 I/FontLog (  937): Pulling font file for id = 14, cache size = 4 [CONTEXT service_id=132 ]
04-19 22:39:40.972 I/FontLog (  937): Pulling font file for id = 14, cache size = 4 [CONTEXT service_id=132 ]
04-19 22:39:41.049 D/EGL_emulation(  836): app_time_stats: avg=115.41ms min=10.40ms max=1015.53ms count=10
04-19 22:39:41.064 E/WifiScoringParams(  590): Invalid frequency(-1), using 5G as default rssi array
04-19 22:39:41.074 I/WebViewFactory( 8933): Loading com.google.android.webview version 124.0.6367.219 (code 636771932)
04-19 22:39:41.078 V/ResourcesManager( 8933): The following library key has been added: ResourcesKey{ mHash=c8c12262 mResDir=null mSplitDirs=[] mOverlayDirs=[/product/overlay/NavigationBarModeGestural/NavigationBarModeGesturalOverlay.apk,/data/resource-cache/com.android.systemui-neutral-vw0M.frro,/data/resource-cache/com.android.systemui-accent-rQ5e.frro,/data/resource-cache/com.android.systemui-dynamic-RCbR.frro] mLibDirs=[/data/app/~~j4BrjP0JsvTGmjdLkkfrgg==/com.google.android.webview-lp5hhYzxsBeFuV03zuxwaw==/WebViewGoogle.apk,/data/app/~~JXob4Tig8lkoK6grnIoRDQ==/com.google.android.trichromelibrary_636771932-v7-OhOMBuMGJ9HOdFxznSA==/TrichromeLibrary.apk,/system_ext/framework/androidx.window.extensions.jar] mDisplayId=0 mOverrideConfig=v35 mCompatInfo={320dpi always-compat} mLoaders=[]}
04-19 22:39:41.081 W/ziparchive( 8933): Unable to open '/data/app/~~JXob4Tig8lkoK6grnIoRDQ==/com.google.android.trichromelibrary_636771932-v7-OhOMBuMGJ9HOdFxznSA==/TrichromeLibrary.dm': No such file or directory
04-19 22:39:41.081 W/ziparchive( 8933): Unable to open '/data/app/~~JXob4Tig8lkoK6grnIoRDQ==/com.google.android.trichromelibrary_636771932-v7-OhOMBuMGJ9HOdFxznSA==/TrichromeLibrary.dm': No such file or directory
04-19 22:39:41.081 W/ailassemblyrn84( 8933): Entry not found
04-19 22:39:41.082 D/nativeloader( 8933): Configuring clns-8 for other apk /data/app/~~JXob4Tig8lkoK6grnIoRDQ==/com.google.android.trichromelibrary_636771932-v7-OhOMBuMGJ9HOdFxznSA==/TrichromeLibrary.apk. target_sdk_version=34, uses_libraries=ALL, library_path=/data/app/~~j4BrjP0JsvTGmjdLkkfrgg==/com.google.android.webview-lp5hhYzxsBeFuV03zuxwaw==/lib/arm64:/data/app/~~j4BrjP0JsvTGmjdLkkfrgg==/com.google.android.webview-lp5hhYzxsBeFuV03zuxwaw==/WebViewGoogle.apk!/lib/arm64-v8a:/data/app/~~JXob4Tig8lkoK6grnIoRDQ==/com.google.android.trichromelibrary_636771932-v7-OhOMBuMGJ9HOdFxznSA==/TrichromeLibrary.apk!/lib/arm64-v8a, permitted_path=/data:/mnt/expand
04-19 22:39:41.083 D/ApplicationLoaders( 8933): Returning zygote-cached class loader: /system_ext/framework/androidx.window.extensions.jar
04-19 22:39:41.086 D/nativeloader( 8933): Configuring clns-9 for other apk /data/app/~~j4BrjP0JsvTGmjdLkkfrgg==/com.google.android.webview-lp5hhYzxsBeFuV03zuxwaw==/WebViewGoogle.apk. target_sdk_version=34, uses_libraries=, library_path=/data/app/~~j4BrjP0JsvTGmjdLkkfrgg==/com.google.android.webview-lp5hhYzxsBeFuV03zuxwaw==/lib/arm64:/data/app/~~j4BrjP0JsvTGmjdLkkfrgg==/com.google.android.webview-lp5hhYzxsBeFuV03zuxwaw==/WebViewGoogle.apk!/lib/arm64-v8a:/data/app/~~JXob4Tig8lkoK6grnIoRDQ==/com.google.android.trichromelibrary_636771932-v7-OhOMBuMGJ9HOdFxznSA==/TrichromeLibrary.apk!/lib/arm64-v8a, permitted_path=/data:/mnt/expand
04-19 22:39:41.086 I/AppsFilter(  590): interaction: PackageSetting{31bf0cd com.impos2.mixcretailassemblyrn84/10212} -> PackageSetting{2c3e051 com.android.cts.priv.ctsshim/10197} BLOCKED
04-19 22:39:41.086 I/AppsFilter(  590): interaction: PackageSetting{31bf0cd com.impos2.mixcretailassemblyrn84/10212} -> PackageSetting{b6560b6 com.google.android.youtube/10169} BLOCKED
04-19 22:39:41.086 I/AppsFilter(  590): interaction: PackageSetting{31bf0cd com.impos2.mixcretailassemblyrn84/10212} -> PackageSetting{65d1b7 com.android.internal.display.cutout.emulation.corner/10003} BLOCKED
04-19 22:39:41.086 I/AppsFilter(  590): interaction: PackageSetting{31bf0cd com.impos2.mixcretailassemblyrn84/10212} -> PackageSetting{bca3d24 com.google.android.apps.mediashell/10124} BLOCKED
04-19 22:39:41.086 I/AppsFilter(  590): interaction: PackageSetting{31bf0cd com.impos2.mixcretailassemblyrn84/10212} -> PackageSetting{c8aede0 com.impos2.posadapter/10229} BLOCKED
04-19 22:39:41.086 I/AppsFilter(  590): interaction: PackageSetting{31bf0cd com.impos2.mixcretailassemblyrn84/10212} -> PackageSetting{195308d com.android.internal.display.cutout.emulation.double/10004} BLOCKED
04-19 22:39:41.086 I/AppsFilter(  590): interaction: PackageSetting{31bf0cd com.impos2.mixcretailassemblyrn84/10212} -> PackageSetting{b5ed242 com.google.android.carrierlocation/10119} BLOCKED
04-19 22:39:41.086 I/AppsFilter(  590): interaction: PackageSetting{31bf0cd com.impos2.mixcretailassemblyrn84/10212} -> PackageSetting{c7bd253 com.google.android.googlequicksearchbox/10144} BLOCKED
04-19 22:39:41.086 I/AppsFilter(  590): interaction: PackageSetting{31bf0cd com.impos2.mixcretailassemblyrn84/10212} -> PackageSetting{a000790 com.android.settings.overlay.tangorpro/10044} BLOCKED
04-19 22:39:41.086 I/AppsFilter(  590): interaction: PackageSetting{31bf0cd com.impos2.mixcretailassemblyrn84/10212} -> PackageSetting{db14889 com.google.android.onetimeinitializer/10126} BLOCKED
04-19 22:39:41.086 I/AppsFilter(  590): interaction: PackageSetting{31bf0cd com.impos2.mixcretailassemblyrn84/10212} -> PackageSetting{b8bd08e com.google.android.ext.shared/10109} BLOCKED
04-19 22:39:41.086 I/AppsFilter(  590): interaction: PackageSetting{31bf0cd com.impos2.mixcretailassemblyrn84/10212} -> PackageSetting{fe740af com.android.virtualmachine.res/10195} BLOCKED
04-19 22:39:41.086 I/AppsFilter(  590): interaction: PackageSetting{31bf0cd com.impos2.mixcretailassemblyrn84/10212} -> PackageSetting{1860cbc com.android.managedprovisioning.auto_generated_rro_product__/10034} BLOCKED
04-19 22:39:41.086 I/AppsFilter(  590): interaction: PackageSetting{31bf0cd com.impos2.mixcretailassemblyrn84/10212} -> PackageSetting{35ce445 com.google.android.apps.nest.castauth/10121} BLOCKED
04-19 22:39:41.086 I/AppsFilter(  590): interaction: PackageSetting{31bf0cd com.impos2.mixcretailassemblyrn84/10212} -> PackageSetting{e78679a com.google.android.server.deviceconfig.resources/10191} BLOCKED
04-19 22:39:41.086 I/AppsFilter(  590): interaction: PackageSetting{31bf0cd com.impos2.mixcretailassemblyrn84/10212} -> PackageSetting{3f138cb com.android.systemui.emulation.pixel_3_xl/10048} BLOCKED
04-19 22:39:41.086 I/AppsFilter(  590): interaction: PackageSetting{31bf0cd com.impos2.mixcretailassemblyrn84/10212} -> PackageSetting{50538a8 com.android.systemui.emulation.pixel_4_xl/10051} BLOCKED
04-19 22:39:41.086 I/AppsFilter(  590): interaction: PackageSetting{31bf0cd com.impos2.mixcretailassemblyrn84/10212} -> PackageSetting{46c7fc1 com.android.systemui.emulation.pixel_fold/10064} BLOCKED
04-19 22:39:41.086 I/AppsFilter(  590): interaction: PackageSetting{31bf0cd com.impos2.mixcretailassemblyrn84/10212} -> PackageSetting{1656366 com.android.providers.telephony.auto_generated_characteristics_rro/10067} BLOCKED
04-19 22:39:41.086 I/AppsFilter(  590): interaction: PackageSetting{31bf0cd com.impos2.mixcretailassemblyrn84/10212} -> PackageSetting{35896a7 com.android.htmlviewer/10114} BLOCKED
04-19 22:39:41.086 I/AppsFilter(  590): interaction: PackageSetting{31bf0cd com.impos2.mixcretailassemblyrn84/10212} -> PackageSetting{6c93754 com.google.android.health.connect.backuprestore/10211} BLOCKED
04-19 22:39:41.086 I/AppsFilter(  590): interaction: PackageSetting{31bf0cd com.impos2.mixcretailassemblyrn84/10212} -> PackageSetting{18056fd com.android.systemui.auto_generated_rro_product__/10065} BLOCKED
