04-19 22:39:44.883 V/WindowManager(  590): Sent Transition (#474) createdAt=04-19 22:39:44.837 via request=TransitionRequestInfo { type = OPEN, triggerTask = TaskInfo{userId=0 taskId=826 displayId=2 isRunning=true baseIntent=Intent { flg=0x18000000 cmp=com.impos2.mixcretailassemblyrn84/.SecondaryActivity } baseActivity=ComponentInfo{com.impos2.mixcretailassemblyrn84/com.impos2.mixcretailassemblyrn84.SecondaryActivity} topActivity=ComponentInfo{com.impos2.mixcretailassemblyrn84/com.impos2.mixcretailassemblyrn84.SecondaryActivity} origActivity=null realActivity=ComponentInfo{com.impos2.mixcretailassemblyrn84/com.impos2.mixcretailassemblyrn84.SecondaryActivity} numActivities=1 lastActiveTime=250970389 supportsMultiWindow=true resizeMode=1 isResizeable=true minWidth=-1 minHeight=-1 defaultMinSize=220 token=WCT{RemoteToken{efe2026 Task{d87344d #826 type=standard A=10212:com.impos2.mixcretailassemblyrn84}}} topActivityType=1 pictureInPictureParams=null shouldDockBigOverlays=false launchIntoPipHostTaskId=-1 lastParentTaskIdBeforePip=-1 displayCutoutSafeInsets=null topActivityInfo=ActivityInfo{3637467 com.impos2.mixcretailassemblyrn84.SecondaryActivity} launchCookies=[] positionInParent=Point(0, 0) parentTaskId=-1 isFocused=false isVisible=false isVisibleRequested=true isSleeping=false locusId=null displayAreaFeatureId=1 isTopActivityTransparent=false appCompatTaskInfo=AppCompatTaskInfo { topActivityInSizeCompat=false topActivityEligibleForLetterboxEducation= falseisLetterboxEducationEnabled= true isLetterboxDoubleTapEnabled= false topActivityEligibleForUserAspectRatioButton= false topActivityBoundsLetterboxed= false isFromLetterboxDoubleTap= false topActivityLetterboxVerticalPosition= -1 topActivityLetterboxHorizontalPosition= -1 topActivityLetterboxWidth=2560 topActivityLetterboxHeight=1600 isUserFullscreenOverrideEnabled=false isSystemFullscreenOverrideEnabled=false cameraCompatTaskInfo=CameraCompatTaskInfo { cameraCompatControlState=hidden freeformCameraCompatMode=inactive}}}, pipTask = null, remoteTransition = null, displayChange = null, flags = 0, debugId = 474 }
04-19 22:39:44.883 V/WindowManager(  590):     startWCT=WindowContainerTransaction { changes = {} hops = [] errorCallbackToken=null taskFragmentOrganizer=null }
04-19 22:39:44.883 V/WindowManager(  590):     info={id=474 t=OPEN f=0x0 trk=0 r=[2@Point(0, 0)] c=[
04-19 22:39:44.883 V/WindowManager(  590):         {WCT{RemoteToken{efe2026 Task{d87344d #826 type=standard A=10212:com.impos2.mixcretailassemblyrn84}}} m=OPEN f=NONE leash=Surface(name=Task=826)/@0x17ad85a sb=Rect(0, 0 - 2560, 1600) eb=Rect(0, 0 - 2560, 1600) d=2 taskParent=-1},
04-19 22:39:44.883 V/WindowManager(  590):         {WCT{RemoteToken{473bc8f Task{c2f742b #671 type=home}}} m=TO_BACK f=SHOW_WALLPAPER leash=Surface(name=Task=671)/@0x5554f84 sb=Rect(0, 0 - 2560, 1600) eb=Rect(0, 0 - 2560, 1600) d=2 taskParent=-1}
04-19 22:39:44.883 V/WindowManager(  590):     ]}
04-19 22:39:44.883 V/WindowManagerShell(  836): onTransitionReady(transaction=2534030741721)
04-19 22:39:44.884 V/WindowManagerShell(  836): onTransitionReady (#474) android.os.BinderProxy@2a173e3: {id=474 t=OPEN f=0x0 trk=0 r=[2@Point(0, 0)] c=[{WCT{android.window.IWindowContainerToken$Stub$Proxy@52dfe0d} m=OPEN f=NONE leash=Surface(name=Task=826)/@0xba2d5d1 sb=Rect(0, 0 - 2560, 1600) eb=Rect(0, 0 - 2560, 1600) d=2 taskParent=-1},{WCT{android.window.IWindowContainerToken$Stub$Proxy@30b51c2} m=TO_BACK f=SHOW_WALLPAPER leash=Surface(name=Task=671)/@0x220e836 sb=Rect(0, 0 - 2560, 1600) eb=Rect(0, 0 - 2560, 1600) d=2 taskParent=-1}]}
04-19 22:39:44.885 V/WindowManagerShell(  836): Playing animation for (#474) android.os.BinderProxy@2a173e3@0
04-19 22:39:44.885 V/WindowManagerShell(  836):  try handler com.android.wm.shell.transition.DefaultMixedHandler@a4b4bb1
04-19 22:39:44.885 V/WindowManagerShell(  836):  try handler com.android.wm.shell.keyguard.KeyguardTransitionHandler@f055896
04-19 22:39:44.885 V/WindowManagerShell(  836):  try handler com.android.wm.shell.pip.PipTransition@489c17
04-19 22:39:44.885 V/WindowManagerShell(  836):  try handler com.android.wm.shell.activityembedding.ActivityEmbeddingController@f43a804
04-19 22:39:44.885 V/WindowManagerShell(  836):  try handler com.android.wm.shell.splitscreen.StageCoordinator@417f1ed
04-19 22:39:44.885 V/WindowManagerShell(  836):  try handler com.android.wm.shell.desktopmode.DesktopTasksController@4366822
04-19 22:39:44.885 V/WindowManagerShell(  836):  try handler com.android.wm.shell.recents.RecentsTransitionHandler@b30e2b3
04-19 22:39:44.885 V/ShellRecents(  836): RecentsTransitionHandler.startAnimation: no controller found
04-19 22:39:44.885 V/WindowManagerShell(  836):  try handler com.android.wm.shell.transition.RemoteTransitionHandler@2554070
04-19 22:39:44.885 V/WindowManagerShell(  836): Transition doesn't have explicit remote, search filters for match for {id=474 t=OPEN f=0x0 trk=0 r=[2@Point(0, 0)] c=[{WCT{android.window.IWindowContainerToken$Stub$Proxy@52dfe0d} m=OPEN f=NONE leash=Surface(name=Task=826)/@0xba2d5d1 sb=Rect(0, 0 - 2560, 1600) eb=Rect(0, 0 - 2560, 1600) d=2 taskParent=-1},{WCT{android.window.IWindowContainerToken$Stub$Proxy@30b51c2} m=TO_BACK f=SHOW_WALLPAPER leash=Surface(name=Task=671)/@0x220e836 sb=Rect(0, 0 - 2560, 1600) eb=Rect(0, 0 - 2560, 1600) d=2 taskParent=-1}]}
04-19 22:39:44.885 V/WindowManagerShell(  836):  Checking filter Pair{{types=[] flags=0x0] notFlags=0x0 checks=[{atype=undefined independent=true modes=[OPEN,TO_FRONT] flags=IN_TASK_WITH_EMBEDDED_ACTIVITY mustBeTask=false order=ANY topActivity=ComponentInfo{com.google.android.apps.nexuslauncher/com.google.android.apps.nexuslauncher.NexusLauncherActivity} launchCookie=null},{atype=undefined independent=true modes=[CLOSE,TO_BACK] flags=IN_TASK_WITH_EMBEDDED_ACTIVITY mustBeTask=false order=ANY topActivity=null launchCookie=null}]} RemoteTransition { remoteTransition = android.window.IRemoteTransition$Stub$Proxy@e8ebfe9, appThread = android.app.IApplicationThread$Stub$Proxy@876e46e, debugName = OverlaySwipeBack }}
04-19 22:39:44.885 V/WindowManagerShell(  836):  Checking filter Pair{{types=[] flags=0x0] notFlags=0x0 checks=[{atype=dream independent=true modes=[OPEN,TO_FRONT] flags=NONE mustBeTask=false order=ANY topActivity=null launchCookie=null},{atype=home independent=true modes=[CLOSE,TO_BACK] flags=NONE mustBeTask=false order=ANY topActivity=null launchCookie=null}]} RemoteTransition { remoteTransition = android.window.IRemoteTransition$Stub$Proxy@f4cf70f, appThread = android.app.IApplicationThread$Stub$Proxy@ba5f39c, debugName = LauncherToDream }}
04-19 22:39:44.885 V/WindowManagerShell(  836):  Checking filter Pair{{types=[] flags=0x0] notFlags=0x100 checks=[{atype=home independent=true modes=[OPEN,TO_FRONT] flags=NONE mustBeTask=false order=TOP topActivity=ComponentInfo{com.google.android.apps.nexuslauncher/com.google.android.apps.nexuslauncher.NexusLauncherActivity} launchCookie=null},{atype=standard independent=true modes=[CLOSE,TO_BACK] flags=NONE mustBeTask=false order=ANY topActivity=null launchCookie=null}]} RemoteTransition { remoteTransition = android.window.IRemoteTransition$Stub$Proxy@c8a71a5, appThread = android.app.IApplicationThread$Stub$Proxy@30d97a, debugName = QuickstepLaunchHome }}
04-19 22:39:44.885 V/WindowManagerShell(  836):  Delegate animation for (#474) to null
04-19 22:39:44.885 V/WindowManagerShell(  836):  try handler com.android.wm.shell.transition.DefaultTransitionHandler@56bf52b
04-19 22:39:44.885 V/WindowManagerShell(  836): start default transition animation, info = {id=474 t=OPEN f=0x0 trk=0 r=[2@Point(0, 0)] c=[{WCT{android.window.IWindowContainerToken$Stub$Proxy@52dfe0d} m=OPEN f=NONE leash=Surface(name=Task=826)/@0xba2d5d1 sb=Rect(0, 0 - 2560, 1600) eb=Rect(0, 0 - 2560, 1600) d=2 taskParent=-1},{WCT{android.window.IWindowContainerToken$Stub$Proxy@30b51c2} m=TO_BACK f=SHOW_WALLPAPER leash=Surface(name=Task=671)/@0x220e836 sb=Rect(0, 0 - 2560, 1600) eb=Rect(0, 0 - 2560, 1600) d=2 taskParent=-1}]}
04-19 22:39:44.886 V/WindowManagerShell(  836): loadAnimation: anim=android.view.animation.AnimationSet@9a2903c animAttr=0x13 type=OPEN isEntrance=false
04-19 22:39:44.886 W/UserManagerService(  590): Requested status bar icon for non-badged user 0
04-19 22:39:44.886 V/WindowManagerShell(  836): loadAnimation: anim=android.view.animation.AnimationSet@62c324b animAttr=0x12 type=OPEN isEntrance=true
04-19 22:39:44.886 V/WindowManagerShell(  836):  animated by com.android.wm.shell.transition.DefaultTransitionHandler@56bf52b
04-19 22:39:44.891 I/yrn84:secondary( 9013): Using CollectorTypeCMC GC.
04-19 22:39:44.894 I/adbd    (  443): jdwp connection from 9013
04-19 22:39:44.903 D/nativeloader( 9013): Load libframework-connectivity-tiramisu-jni.so using APEX ns com_android_tethering for caller /apex/com.android.tethering/javalib/framework-connectivity-t.jar: ok
04-19 22:39:44.922 W/ziparchive( 9013): Unable to open '/data/app/~~-ordDuM73zu3Rfi-eQPBlQ==/com.impos2.mixcretailassemblyrn84-9bAmtlm0xRK43pkrPxT76Q==/base.dm': No such file or directory
04-19 22:39:44.923 W/ziparchive( 9013): Unable to open '/data/app/~~-ordDuM73zu3Rfi-eQPBlQ==/com.impos2.mixcretailassemblyrn84-9bAmtlm0xRK43pkrPxT76Q==/base.dm': No such file or directory
04-19 22:39:45.083 D/nativeloader( 9013): Configuring clns-7 for other apk /data/app/~~-ordDuM73zu3Rfi-eQPBlQ==/com.impos2.mixcretailassemblyrn84-9bAmtlm0xRK43pkrPxT76Q==/base.apk. target_sdk_version=36, uses_libraries=, library_path=/data/app/~~-ordDuM73zu3Rfi-eQPBlQ==/com.impos2.mixcretailassemblyrn84-9bAmtlm0xRK43pkrPxT76Q==/lib/arm64:/data/app/~~-ordDuM73zu3Rfi-eQPBlQ==/com.impos2.mixcretailassemblyrn84-9bAmtlm0xRK43pkrPxT76Q==/base.apk!/lib/arm64-v8a, permitted_path=/data:/mnt/expand:/data/user/0/com.impos2.mixcretailassemblyrn84
04-19 22:39:45.091 V/GraphicsEnvironment( 9013): Currently set values for:
04-19 22:39:45.091 V/GraphicsEnvironment( 9013):   angle_gl_driver_selection_pkgs=[]
04-19 22:39:45.091 V/GraphicsEnvironment( 9013):   angle_gl_driver_selection_values=[]
04-19 22:39:45.091 V/GraphicsEnvironment( 9013): Global.Settings values are invalid: number of packages: 0, number of values: 0
04-19 22:39:45.092 V/GraphicsEnvironment( 9013): Neither updatable production driver nor prerelease driver is supported.
04-19 22:39:45.106 W/SoLoader( 9013): Initializing SoLoader: 0
04-19 22:39:45.107 W/SoLoader( 9013): Recording new base apk path: /data/app/~~-ordDuM73zu3Rfi-eQPBlQ==/com.impos2.mixcretailassemblyrn84-9bAmtlm0xRK43pkrPxT76Q==/base.apk
04-19 22:39:45.107 W/SoLoader( 9013): Previously recorded 0 base apk paths.
04-19 22:39:45.109 I/SoLoader( 9013): Preparing SO source: DirectorySoSource[root = /vendor/lib64 flags = 2]
04-19 22:39:45.110 I/SoLoader( 9013): Preparing SO source: DirectorySoSource[root = /system/lib64 flags = 2]
04-19 22:39:45.110 I/SoLoader( 9013): Preparing SO source: DirectApkSoSource[root = [/data/app/~~-ordDuM73zu3Rfi-eQPBlQ==/com.impos2.mixcretailassemblyrn84-9bAmtlm0xRK43pkrPxT76Q==/base.apk!/lib/arm64-v8a]]
04-19 22:39:45.141 I/SoLoader( 9013): Preparing SO source: ApplicationSoSource[DirectorySoSource[root = /data/app/~~-ordDuM73zu3Rfi-eQPBlQ==/com.impos2.mixcretailassemblyrn84-9bAmtlm0xRK43pkrPxT76Q==/lib/arm64 flags = 0]]
04-19 22:39:45.141 I/SoLoader( 9013): init finish: 4 SO sources prepared
04-19 22:39:45.141 W/SoLoader( 9013): SoLoader initialized: 8
04-19 22:39:45.170 D/nativeloader( 9013): Load /data/app/~~-ordDuM73zu3Rfi-eQPBlQ==/com.impos2.mixcretailassemblyrn84-9bAmtlm0xRK43pkrPxT76Q==/base.apk!/lib/arm64-v8a/libc++_shared.so using ns clns-7 from class loader (caller=/data/app/~~-ordDuM73zu3Rfi-eQPBlQ==/com.impos2.mixcretailassemblyrn84-9bAmtlm0xRK43pkrPxT76Q==/base.apk): ok
04-19 22:39:45.172 D/nativeloader( 9013): Load /data/app/~~-ordDuM73zu3Rfi-eQPBlQ==/com.impos2.mixcretailassemblyrn84-9bAmtlm0xRK43pkrPxT76Q==/base.apk!/lib/arm64-v8a/libjsi.so using ns clns-7 from class loader (caller=/data/app/~~-ordDuM73zu3Rfi-eQPBlQ==/com.impos2.mixcretailassemblyrn84-9bAmtlm0xRK43pkrPxT76Q==/base.apk): ok
04-19 22:39:45.173 D/nativeloader( 9013): Load /data/app/~~-ordDuM73zu3Rfi-eQPBlQ==/com.impos2.mixcretailassemblyrn84-9bAmtlm0xRK43pkrPxT76Q==/base.apk!/lib/arm64-v8a/libfbjni.so using ns clns-7 from class loader (caller=/data/app/~~-ordDuM73zu3Rfi-eQPBlQ==/com.impos2.mixcretailassemblyrn84-9bAmtlm0xRK43pkrPxT76Q==/base.apk): ok
04-19 22:39:45.175 D/nativeloader( 9013): Load /data/app/~~-ordDuM73zu3Rfi-eQPBlQ==/com.impos2.mixcretailassemblyrn84-9bAmtlm0xRK43pkrPxT76Q==/base.apk!/lib/arm64-v8a/libreactnative.so using ns clns-7 from class loader (caller=/data/app/~~-ordDuM73zu3Rfi-eQPBlQ==/com.impos2.mixcretailassemblyrn84-9bAmtlm0xRK43pkrPxT76Q==/base.apk): ok
04-19 22:39:45.175 D/jni_lib_merge( 9013): Entering merged library JNI_OnLoad.
04-19 22:39:45.175 D/jni_lib_merge( 9013): Preparing 12 pre-merged libs (including stub)
04-19 22:39:45.175 D/jni_lib_merge( 9013): Preparing to register libfabricjni_so.  onload_func: 0x73a63422ec
04-19 22:39:45.175 D/jni_lib_merge( 9013): Preparing to register libreact_devsupportjni_so.  onload_func: 0x73a65680f8
04-19 22:39:45.175 D/jni_lib_merge( 9013): Preparing to register libreact_featureflagsjni_so.  onload_func: 0x73a657abe4
04-19 22:39:45.175 D/jni_lib_merge( 9013): Preparing to register libreact_newarchdefaults_so.  onload_func: 0x73a6619fc8
04-19 22:39:45.175 D/jni_lib_merge( 9013): Preparing to register libreactnativeblob_so.  onload_func: 0x73a682e668
04-19 22:39:45.175 D/jni_lib_merge( 9013): Preparing to register libreactnativejni_so.  onload_func: 0x73a686ccdc
04-19 22:39:45.175 D/jni_lib_merge( 9013): Preparing to register libreactnativejni_common_so.  onload_func: 0x73a6872a08
04-19 22:39:45.175 D/jni_lib_merge( 9013): Preparing to register librninstance_so.  onload_func: 0x73a68bf2cc
04-19 22:39:45.175 D/jni_lib_merge( 9013): Preparing to register libturbomodulejsijni_so.  onload_func: 0x73a6a1cb34
04-19 22:39:45.175 D/jni_lib_merge( 9013): Preparing to register libuimanagerjni_so.  onload_func: 0x73a6a34454
04-19 22:39:45.175 D/jni_lib_merge( 9013): Preparing to register libyoga_so.  onload_func: 0x73a6a43ed8
04-19 22:39:45.175 D/jni_lib_merge( 9013): About to register 11 actual methods.
04-19 22:39:45.180 D/nativeloader( 9013): Load /data/app/~~-ordDuM73zu3Rfi-eQPBlQ==/com.impos2.mixcretailassemblyrn84-9bAmtlm0xRK43pkrPxT76Q==/base.apk!/lib/arm64-v8a/libreact_codegen_rnsvg.so using ns clns-7 from class loader (caller=/data/app/~~-ordDuM73zu3Rfi-eQPBlQ==/com.impos2.mixcretailassemblyrn84-9bAmtlm0xRK43pkrPxT76Q==/base.apk): ok
04-19 22:39:45.180 D/jni_lib_merge( 9013): Entering merged library JNI_OnLoad.
04-19 22:39:45.180 D/jni_lib_merge( 9013): Preparing 12 pre-merged libs (including stub)
04-19 22:39:45.180 D/jni_lib_merge( 9013): Preparing to register libfabricjni_so.  onload_func: 0x73a63422ec
04-19 22:39:45.180 D/jni_lib_merge( 9013): Preparing to register libreact_devsupportjni_so.  onload_func: 0x73a65680f8
04-19 22:39:45.180 D/jni_lib_merge( 9013): Preparing to register libreact_featureflagsjni_so.  onload_func: 0x73a657abe4
04-19 22:39:45.180 D/jni_lib_merge( 9013): Preparing to register libreact_newarchdefaults_so.  onload_func: 0x73a6619fc8
04-19 22:39:45.180 D/jni_lib_merge( 9013): Preparing to register libreactnativeblob_so.  onload_func: 0x73a682e668
04-19 22:39:45.180 D/jni_lib_merge( 9013): Preparing to register libreactnativejni_so.  onload_func: 0x73a686ccdc
04-19 22:39:45.180 D/jni_lib_merge( 9013): Preparing to register libreactnativejni_common_so.  onload_func: 0x73a6872a08
04-19 22:39:45.180 D/jni_lib_merge( 9013): Preparing to register librninstance_so.  onload_func: 0x73a68bf2cc
04-19 22:39:45.180 D/jni_lib_merge( 9013): Preparing to register libturbomodulejsijni_so.  onload_func: 0x73a6a1cb34
04-19 22:39:45.180 D/jni_lib_merge( 9013): Preparing to register libuimanagerjni_so.  onload_func: 0x73a6a34454
04-19 22:39:45.180 D/jni_lib_merge( 9013): Preparing to register libyoga_so.  onload_func: 0x73a6a43ed8
04-19 22:39:45.180 D/jni_lib_merge( 9013): About to register 11 actual methods.
04-19 22:39:45.181 D/nativeloader( 9013): Load /data/app/~~-ordDuM73zu3Rfi-eQPBlQ==/com.impos2.mixcretailassemblyrn84-9bAmtlm0xRK43pkrPxT76Q==/base.apk!/lib/arm64-v8a/libappmodules.so using ns clns-7 from class loader (caller=/data/app/~~-ordDuM73zu3Rfi-eQPBlQ==/com.impos2.mixcretailassemblyrn84-9bAmtlm0xRK43pkrPxT76Q==/base.apk): ok
04-19 22:39:45.181 V/WindowManagerShell(  836): Transition animation finished (aborted=false), notifying core (#474) android.os.BinderProxy@2a173e3@0
04-19 22:39:45.182 V/WindowManager(  590): Finish Transition (#474): created at 04-19 22:39:44.837 collect-started=0.049ms request-sent=5.393ms started=11.641ms ready=43.663ms sent=44.652ms finished=344.466ms
04-19 22:39:45.182 D/VRI[SecondaryDisplayLauncher]( 1099): visibilityChanged oldVisibility=true newVisibility=false
04-19 22:39:45.183 V/WindowManagerShell(  836): Track 0 became idle
04-19 22:39:45.183 V/WindowManagerShell(  836): All active transition animations finished
04-19 22:39:45.183 W/OptProp (  590): Cannot read opt property android.window.PROPERTY_COMPAT_ENABLE_FAKE_FOCUS
04-19 22:39:45.185 W/UserManagerService(  590): Requested status bar icon for non-badged user 0
04-19 22:39:45.186 W/UserManagerService(  590): Requested status bar icon for non-badged user 0
04-19 22:39:45.218 D/AppCompatDelegate( 9013): Checking for metadata for AppLocalesMetadataHolderService : Service not found
04-19 22:39:45.260 D/FileUtils(  590): Rounded bytes from 3120193536 to 4000000000
04-19 22:39:45.278 D/nativeloader( 9013): Load /data/app/~~-ordDuM73zu3Rfi-eQPBlQ==/com.impos2.mixcretailassemblyrn84-9bAmtlm0xRK43pkrPxT76Q==/base.apk!/lib/arm64-v8a/libhermesvm.so using ns clns-7 from class loader (caller=/data/app/~~-ordDuM73zu3Rfi-eQPBlQ==/com.impos2.mixcretailassemblyrn84-9bAmtlm0xRK43pkrPxT76Q==/base.apk): ok
04-19 22:39:45.279 D/nativeloader( 9013): Load /data/app/~~-ordDuM73zu3Rfi-eQPBlQ==/com.impos2.mixcretailassemblyrn84-9bAmtlm0xRK43pkrPxT76Q==/base.apk!/lib/arm64-v8a/libhermestooling.so using ns clns-7 from class loader (caller=/data/app/~~-ordDuM73zu3Rfi-eQPBlQ==/com.impos2.mixcretailassemblyrn84-9bAmtlm0xRK43pkrPxT76Q==/base.apk): ok
04-19 22:39:45.279 D/jni_lib_merge( 9013): Entering merged library JNI_OnLoad.
04-19 22:39:45.279 D/jni_lib_merge( 9013): Preparing 4 pre-merged libs (including stub)
04-19 22:39:45.279 D/jni_lib_merge( 9013): Preparing to register libhermes_executor_so.  onload_func: 0x73a8c9202c
04-19 22:39:45.279 D/jni_lib_merge( 9013): Preparing to register libhermesinstancejni_so.  onload_func: 0x73a8cc01f8
04-19 22:39:45.279 D/jni_lib_merge( 9013): Preparing to register libjsijniprofiler_so.  onload_func: 0x73a8cc223c
04-19 22:39:45.279 D/jni_lib_merge( 9013): About to register 3 actual methods.
04-19 22:39:45.340 I/resolv  (  388): GetAddrInfoHandler::run: {0 0 0 983040 10212 0}
04-19 22:39:45.342 D/TrafficStats( 9013): tagSocket(98) with statsTag=0xffffffff, statsUid=-1
04-19 22:39:45.370 W/unknown:BridgelessReact( 9013): ReactHost{0}.startSurface(surfaceId = 0): Schedule
04-19 22:39:45.370 W/unknown:BridgelessReact( 9013): ReactHost{0}.attachSurface(surfaceId = 0)
04-19 22:39:45.370 W/unknown:BridgelessReact( 9013): ReactHost{0}.getOrCreateReactInstanceTask()
04-19 22:39:45.371 W/unknown:BridgelessReact( 9013): ReactHost{0}.getOrCreateReactInstanceTask(): Start
04-19 22:39:45.371 W/unknown:BridgelessReact( 9013): ReactHost{0}.getJSBundleLoader()
04-19 22:39:45.371 W/unknown:BridgelessReact( 9013): ReactHost{0}.isMetroRunning()
04-19 22:39:45.372 D/TrafficStats( 9013): tagSocket(100) with statsTag=0xffffffff, statsUid=-1
04-19 22:39:45.377 W/unknown:BridgelessReact( 9013): ReactHost{0}.isMetroRunning(): Async result = true
04-19 22:39:45.379 W/unknown:BridgelessReact( 9013): ReactHost{0}.loadJSBundleFromMetro()
04-19 22:39:45.382 W/yrn84:secondary( 9013): Accessing hidden method Landroid/view/ViewGroup;->makeOptionalFitsSystemWindows()V (unsupported, reflection, allowed)
04-19 22:39:45.386 I/StartupAudit( 9013): activity_created activity=SecondaryActivity displayIndex=1 pid=9013 time=2026-04-19 22:39:45.384
04-19 22:39:45.394 W/unknown:BridgelessReact( 9013): ReactHost{0}.onHostResume(activity)
04-19 22:39:45.394 W/unknown:ReactNative( 9013): Packager connection already open, nooping.
04-19 22:39:45.398 W/HWUI    ( 9013): Unknown dataspace 0
04-19 22:39:45.423 W/WindowManager(  590): Failed looking up window session=null callers=com.android.server.wm.WindowManagerService.addWindow:1575 com.android.server.wm.Session.addToDisplayAsUser:257 android.view.IWindowSession$Stub.onTransact:640 
04-19 22:39:45.423 W/WindowManager(  590): Attempted to add window with token that is not a window: null.  Aborting.
04-19 22:39:45.424 E/unknown:ReactNative( 9013): Unable to display loading message because react activity isn't active, message: Loading from localhost:8081…
04-19 22:39:45.431 W/WindowManager(  590): Failed looking up window session=null callers=com.android.server.wm.WindowManagerService.addWindow:1575 com.android.server.wm.Session.addToDisplayAsUser:257 android.view.IWindowSession$Stub.onTransact:640 
04-19 22:39:45.431 W/WindowManager(  590): Attempted to add window with token that is not a window: null.  Aborting.
04-19 22:39:45.432 E/unknown:ReactNative( 9013): Unable to display loading message because react activity isn't active, message: Reloading...
04-19 22:39:45.437 D/CoreBackPreview(  590): Window{ef31f29 u0 com.impos2.mixcretailassemblyrn84/com.impos2.mixcretailassemblyrn84.SecondaryActivity}: Setting back callback OnBackInvokedCallbackInfo{mCallback=android.window.IOnBackInvokedCallback$Stub$Proxy@9f584e5, mPriority=0, mIsAnimationCallback=false}
04-19 22:39:45.443 I/EGL_emulation( 9013): Opening libGLESv1_CM_emulation.so
04-19 22:39:45.443 I/EGL_emulation( 9013): Opening libGLESv2_emulation.so
04-19 22:39:45.449 W/HWUI    ( 9013): Failed to choose config with EGL_SWAP_BEHAVIOR_PRESERVED, retrying without...
04-19 22:39:45.449 W/HWUI    ( 9013): Failed to initialize 101010-2 format, error = EGL_SUCCESS
04-19 22:39:45.458 I/hwservicemanager(  162): getTransport: Cannot find entry android.hardware.graphics.mapper@4.0::IMapper/default in either framework or device VINTF manifest.
04-19 22:39:45.458 I/Gralloc4( 9013): mapper 4.x is not supported
04-19 22:39:45.459 I/servicemanager(  157): Caller(pid=9013,uid=10212,sid=u:r:untrusted_app:s0:c212,c256,c512,c768) Could not find android.hardware.graphics.allocator.IAllocator/default in the VINTF manifest. No alternative instances declared in VINTF.
04-19 22:39:45.472 W/ziparchive(  590): Unable to open '/data/app/~~-ordDuM73zu3Rfi-eQPBlQ==/com.impos2.mixcretailassemblyrn84-9bAmtlm0xRK43pkrPxT76Q==/base.dm': No such file or directory
04-19 22:39:45.473 I/ActivityTaskManager(  590): Displayed com.impos2.mixcretailassemblyrn84/.SecondaryActivity for user 0: +636ms
04-19 22:39:45.501 D/SecondaryActivity( 9013): Skipped RN onWindowFocusChanged before React context is ready: hasFocus=true
04-19 22:39:45.502 I/ImeTracker(  590): com.impos2.mixcretailassemblyrn84:759afeb4: onRequestHide at ORIGIN_SERVER reason HIDE_UNSPECIFIED_WINDOW fromUser false
04-19 22:39:45.503 I/ImeTracker(  590): com.impos2.mixcretailassemblyrn84:759afeb4: onCancelled at PHASE_SERVER_SHOULD_HIDE
04-19 22:39:45.503 I/GoogleInputMethodService(20885): GoogleInputMethodService.onDestroy():1509 
04-19 22:39:45.504 W/InputManager-JNI(  590): Input channel object 'e78ed99 InputMethod (client)' was disposed without first being removed with the input manager!
04-19 22:39:45.504 I/GoogleInputMethodService(20885): GoogleInputMethodService.onFinishInput():3157 
04-19 22:39:45.505 I/GoogleInputMethodService(20885): GoogleInputMethodService.updateDeviceLockedStatus():2248 repeatCheckTimes = 0, locked = false
04-19 22:39:45.506 W/WindowManager(  590): Failed looking up window session=Session{11d9fff 20885:u0a10158} callers=com.android.server.wm.WindowManagerService.removeClientToken:2058 com.android.server.wm.Session.remove:274 android.view.IWindowSession$Stub.onTransact:685 
04-19 22:39:45.506 I/GoogleInputMethodService(20885): GoogleInputMethodService.clearInputMethodServiceData():1613 clearInputMethodServiceData for onDestroy
04-19 22:39:45.507 I/GoogleInputMethodService(20885): GoogleInputMethodService.discardAllKeyboardViewAndInputView():1818 discardAllKeyboardViewAndInputView()
04-19 22:39:45.507 I/KeyboardModeManager(20885): KeyboardModeManager.setInputViewKeyboardViewHolderProvider():625 setInputView() : supportsOneHandedMode=false supportsSplitMode=true
04-19 22:39:45.507 I/NormalModeController(20885): NormalModeController.getKeyboardBodyViewHolderPaddingBottom():104 currentPrimeKeyboardType:SOFT systemPaddingBottom:-1
04-19 22:39:45.507 I/KeyboardModeManager(20885): KeyboardModeManager.setInputViewKeyboardViewHolderProvider():613 setInputView() : supportsOneHandedMode=false, supportSplitMode=true
04-19 22:39:45.507 I/InputMethodEntryManager(20885): InputMethodEntryManager.notifyCurrentInputMethodEntryOnContextChanged():521 notifyCurrentInputMethodEntryOnContextChanged()
04-19 22:39:45.507 I/InputMethodEntryManager(20885): InputMethodEntryManager.notifyCurrentInputMethodEntryOnContextChanged():542 Notify current input method entry changed on context change
04-19 22:39:45.507 I/SystemSubtypesReportModule(20885): SystemSubtypesReportModule$3.onCurrentInputMethodEntryChanged():136 entry: en-US, source: UNSPECIFIED
04-19 22:39:45.507 I/KeyboardThemeProvider(20885): KeyboardThemeProvider.reset():40 Reset keyboard theme
04-19 22:39:45.507 I/KeyboardContextProvider(20885): KeyboardContextProvider.setBaseContextAndInvalidKeyboardContextCache():88 setBaseContextAndInvalidKeyboardContextCache(): null
04-19 22:39:45.507 I/DeviceModeMonitor(20885): DeviceModeMonitor.calculateDeviceMode():76 Get device mode tablet_large by screen size and smallestScreenWidthDp: 723
04-19 22:39:45.507 I/HardKeyTracker(20885): HardKeyTracker.unregisterKeySequence():183 Unregister key sequence lnk{labelResId=2132019809, callback=jjt@ad0a5e1, lastModifier=2, keyCodes=[47], actions=[0]}
04-19 22:39:45.507 I/HardKeyTracker(20885): HardKeyTracker.unregisterKeySequence():183 Unregister key sequence lnk{labelResId=0, callback=jwl@1d0bf1d, lastModifier=0, keyCodes=[204], actions=[0]}
04-19 22:39:45.507 W/AccessPointsManager(20885): AccessPointsManager.removeAccessPoint():834 The holder controller #0x7f0b2078 is not registered
04-19 22:39:45.507 I/AccessPointsListHolderController(20885): AccessPointsListHolderController.removeAccessPoint():304 The access point textediting is not added
04-19 22:39:45.507 I/AccessPointsListHolderController(20885): AccessPointsListHolderController.removeAccessPoint():304 The access point settings is not added
04-19 22:39:45.507 I/AccessPointsListHolderController(20885): AccessPointsListHolderController.removeAccessPoint():304 The access point theme_setting is not added
04-19 22:39:45.507 I/SP      (20885): Registering emoticon_content_description.2022081613, url: https://www.gstatic.com/android/keyboard/emoticon_content_desc/202208161305/superpacks_manifest.json, constraints: W:*:*:*, flags: bg, requested: 2022081613, current: -1
04-19 22:39:45.509 I/OnDevicePackDownloadModule(20885): OnDevicePackDownloadModule.onDestroy():95 onDestroy()
04-19 22:39:45.509 I/NewS3RecognizerModule(20885): NewS3RecognizerModule.onDestroy():21 onDestroy [news3]
04-19 22:39:45.509 I/HardKeyTracker(20885): HardKeyTracker.unregisterKeySequence():183 Unregister key sequence lnk{labelResId=2132019800, callback=gnd@d4efa1a, lastModifier=0, keyCodes=[57, 57], actions=[1, 0]}
04-19 22:39:45.509 I/HardKeyTracker(20885): HardKeyTracker.unregisterKeySequence():183 Unregister key sequence lnk{labelResId=0, callback=gnd@e381441, lastModifier=0, keyCodes=[58, 58], actions=[1, 0]}
04-19 22:39:45.509 I/AbstractOpenableExtension(20885): AbstractOpenableExtension.maybeDestroyExistingKeyboardGroupManager():538 Destroy existing keyboard group manager in fvq
04-19 22:39:45.510 I/EmojifyExtensionImpl(20885): EmojifyExtensionImpl.onDestroy():605 Destroying Emojify extension ehb@2304869.
04-19 22:39:45.511 I/AbstractOpenableExtension(20885): AbstractOpenableExtension.maybeDestroyExistingKeyboardGroupManager():538 Destroy existing keyboard group manager in fxu
04-19 22:39:45.515 D/WindowTokenClient(20885): Only apply configuration update to Resources because shouldReportConfigChange is false. context=com.android.inputmethod.latin.LatinIME@9ff8c64, config={1.3 ?mcc0mnc [en_US] ldltr sw723dp w1157dp h723dp 354dpi xlrg land finger qwerty/v/v dpad/v winConfig={ mBounds=Rect(0, 0 - 2560, 1600) mAppBounds=Rect(0, 0 - 2560, 1600) mMaxBounds=Rect(0, 0 - 2560, 1600) mDisplayRotation=ROTATION_0 mWindowingMode=fullscreen mActivityType=undefined mAlwaysOnTop=undefined mRotation=ROTATION_0} s.8 fontWeightAdjustment=0}, display ID=0
04-19 22:39:45.515 D/WindowTokenClient(20885): android.window.WindowTokenClient.onConfigurationChanged:161 android.window.WindowTokenClientController.onWindowContextTokenAttached:197 android.window.WindowTokenClientController.attachToDisplayArea:116 android.window.WindowContextController.attachToDisplayArea:108 android.window.WindowProviderService.attachBaseContext:218 
04-19 22:39:45.515 I/GoogleInputMethodService(20885): GoogleInputMethodService.onCreate():1025 
04-19 22:39:45.515 I/JapaneseMozcExtension(20885): JapaneseMozcExtension.onDestroyServiceInternal():81 onDestroyServiceInternal()
04-19 22:39:45.516 I/WindowMetricsNotification(20885): WindowMetricsNotification.notify():106 WindowMetricsNotification{bounds=Rect(0, 53 - 2560, 1600), insets=Rect(0, 0 - 0, 0), densityDpi=354, smallestScreenWidthDp=723, displayWidth=2560, displayHeight=1600, xdpi=320.0, ydpi=320.0}; DisplayMetrics{density=2.2125, width=2560, height=1600, scaledDensity=2.2125, xdpi=320.0, ydpi=320.0}
04-19 22:39:45.516 I/WindowMetricsHelper(20885): WindowMetricsHelper.predictAndNotify():140 Window metrics predicted.
04-19 22:39:45.516 I/InputMethodEntryManager(20885): InputMethodEntryManager.notifyCurrentInputMethodEntryOnContextChanged():521 notifyCurrentInputMethodEntryOnContextChanged()
04-19 22:39:45.516 I/InputMethodEntryManager(20885): InputMethodEntryManager.notifyCurrentInputMethodEntryOnContextChanged():542 Notify current input method entry changed on context change
04-19 22:39:45.516 I/KeyboardContextProvider(20885): KeyboardContextProvider.setBaseContextAndInvalidKeyboardContextCache():88 setBaseContextAndInvalidKeyboardContextCache(): com.android.inputmethod.latin.LatinIME@9ff8c64
04-19 22:39:45.519 I/SP      (20885): Scheduling job with delay of 0s for {m:b:u:l, bg}, 2 candidates
04-19 22:39:45.519 E/JobScheduler.JobStatus(  590): App com.google.android.inputmethod.latin became active but still in NEVER bucket
04-19 22:39:45.519 E/GoogleInputMethodService(20885): GoogleInputMethodService.getAppEditorInfo():2810 App EditorInfo should never be null.
04-19 22:39:45.519 I/SP      (20885): Scheduling job with delay of 0s for {W:b:u:l, bg}, 1 candidates
04-19 22:39:45.520 I/StyledKeyboardThemeBuilder(20885): StyledKeyboardThemeBuilder.build():132 Pref: [], themeName: [silk:], darkMode: [false], cacheKey: [overlay_builtin_dynamic_color_light_base.binarypb:dynamic-gm3-light-fffefbff-ff495d92-88aedfe362701b9d56ce578190f21130]
04-19 22:39:45.520 I/KeyboardThemeProvider(20885): KeyboardThemeProvider.applyKeyboardTheme():27 Apply keyboard theme: theme_border_stylesheet_noshadow_pgsans_pillkey_silkpopup_light_tablet_large_keyboard_width_tablet_small_navredesign_600_overlay_builtin_dynamic_color_light_base.binarypb:dynamic-gm3-light-fffefbff-ff495d92-88aedfe362701b9d56ce578190f21130_land
04-19 22:39:45.520 I/KeyboardContextProvider(20885): KeyboardContextProvider$KeyboardContextCache.createKeyboardContext():173 createKeyboardContext(): en-US, jgg@732d571(com.android.inputmethod.latin.LatinIME@9ff8c64), {1.3 ?mcc0mnc [en_US] ldltr sw723dp w1157dp h723dp 354dpi xlrg land finger qwerty/v/v dpad/v winConfig={ mBounds=Rect(0, 0 - 2560, 1600) mAppBounds=Rect(0, 0 - 2560, 1600) mMaxBounds=Rect(0, 0 - 2560, 1600) mDisplayRotation=ROTATION_0 mWindowingMode=fullscreen mActivityType=undefined mAlwaysOnTop=undefined mRotation=ROTATION_0} s.8 fontWeightAdjustment=0}
04-19 22:39:45.520 I/KeyboardHeightUtil(20885): KeyboardHeightUtil.calculateMaxKeyboardBodyHeight():45 leave 237 height for app when ime window height:1547, header height:106 and isFullscreenMode:false, so the max keyboard body height is:1204
04-19 22:39:45.520 I/KeyboardHeightUtil(20885): KeyboardHeightUtil.calculateMaxKeyboardBodyHeight():45 leave 237 height for app when ime window height:1547, header height:106 and isFullscreenMode:false, so the max keyboard body height is:1204
04-19 22:39:45.520 E/JobScheduler.JobStatus(  590): App com.google.android.inputmethod.latin became active but still in NEVER bucket
04-19 22:39:45.521 I/NormalModeController(20885): NormalModeController.getKeyboardBodyViewHolderPaddingBottom():104 currentPrimeKeyboardType:SOFT systemPaddingBottom:-1
04-19 22:39:45.521 I/GoogleInputMethodService(20885): GoogleInputMethodService.onCurrentInputMethodEntryChanged():3655 onCurrentInputMethodEntryChanged(): imeDefsChanged=false, initializedEntryChanged=true, keyboardContextChanged=true
04-19 22:39:45.521 I/GoogleInputMethodService(20885): GoogleInputMethodService.clearInputMethodServiceData():1613 clearInputMethodServiceData for entryChange
04-19 22:39:45.521 I/KeyboardHeightUtil(20885): KeyboardHeightUtil.calculateMaxKeyboardBodyHeight():45 leave 237 height for app when ime window height:1547, header height:106 and isFullscreenMode:false, so the max keyboard body height is:1204
04-19 22:39:45.521 I/KeyboardHeightUtil(20885): KeyboardHeightUtil.calculateMaxKeyboardBodyHeight():45 leave 237 height for app when ime window height:1547, header height:106 and isFullscreenMode:false, so the max keyboard body height is:1204
04-19 22:39:45.521 I/KeyboardModeManager(20885): KeyboardModeManager.onCurrentInputMethodEntryChanged():1133 Reload data for context change
04-19 22:39:45.521 I/GoogleInputMethodService(20885): GoogleInputMethodService.initializeInputMethodServiceData():1382 initializeInputMethodServiceData for kct{languageTag=en-US, variant=qwerty, hasLocalizedResources=true, conditionCacheKey=_cache_additional_ime_defs_for_condition_change=false_cache_ime_defs_for_condition_change=false_device=tablet_device_size=large_enable_flick_symbols=false_enable_more_candidates_view_for_multilingual=false_enable_number_row=false_enable_preemptive_decode=true_enable_secondary_digits=true_enable_secondary_symbols=false_enable_show_foldable_layout_on_small_tablet=false_expressions=normal_four_or_more_letter_rows=false_keyboard_mode=normal_language=en-US_orientation=landscape_physical_keyboard=qwerty_rtl_layout=false_show_secondary_digits=true_show_suggestions=true_split_with_duplicate_keys=true_variant=qwerty, imeDef.stringId=ime_english_united_states, imeDef.className=com.google.android.apps.inputmethod.libs.latin5.LatinIme, imeDef.languageTag=en-US}
04-19 22:39:45.521 E/GoogleInputMethodService(20885): GoogleInputMethodService.getAppEditorInfo():2810 App EditorInfo should never be null.
04-19 22:39:45.521 I/StyledKeyboardThemeBuilder(20885): StyledKeyboardThemeBuilder.build():132 Pref: [], themeName: [silk:], darkMode: [false], cacheKey: [overlay_builtin_dynamic_color_light_base.binarypb:dynamic-gm3-light-fffefbff-ff495d92-88aedfe362701b9d56ce578190f21130]
04-19 22:39:45.521 I/KeyboardThemeProvider(20885): KeyboardThemeProvider.applyKeyboardTheme():27 Apply keyboard theme: theme_border_stylesheet_noshadow_pgsans_pillkey_silkpopup_light_tablet_large_keyboard_width_tablet_extra_large_navredesign_600_overlay_builtin_dynamic_color_light_base.binarypb:dynamic-gm3-light-fffefbff-ff495d92-88aedfe362701b9d56ce578190f21130_land
04-19 22:39:45.522 I/SP      (20885): Scheduling: download registered, 0 started, 0 paused, 3 scheduled, 3 pending: manifests:next-word-predictor-20210507 * {m:b:u:l, bg}, manifests:emoji-2023020111 * {m:b:u:l, bg}, manifests:emoticon_content_description-2022081613 * {W:b:u:l, bg}
04-19 22:39:45.522 I/SuperpacksManagerImpl(20885): SuperpacksManagerImpl$3$1.onFailure():588 emoticon_content_description.registerManifest() cancelled
04-19 22:39:45.526 I/AndroidIME(20885): InputBundleManager.loadActiveInputBundleId():450 loadActiveInputBundleId: und-Latn-x-password, password
04-19 22:39:45.526 I/SystemSubtypesReportModule(20885): SystemSubtypesReportModule$4.onSetCurrentInputMethodSubtype():160 en_US
04-19 22:39:45.526 I/DeviceModeMonitor(20885): DeviceModeMonitor.calculateDeviceMode():76 Get device mode tablet_large by screen size and smallestScreenWidthDp: 723
04-19 22:39:45.527 I/HardKeyTracker(20885): HardKeyTracker.registerKeySequence():139 Register key sequence lnk{labelResId=2132019809, callback=jjt@bca3d24, lastModifier=2, keyCodes=[47], actions=[0]}
04-19 22:39:45.527 I/HardKeyTracker(20885): HardKeyTracker.registerKeySequence():139 Register key sequence lnk{labelResId=0, callback=jwl@a000790, lastModifier=0, keyCodes=[204], actions=[0]}
04-19 22:39:45.527 I/JapaneseMozcExtension(20885): JapaneseMozcExtension.onCreateServiceInternal():76 onCreateServiceInternal()
04-19 22:39:45.528 I/NetworkInfoNotification(20885): NetworkInfoNotification$Listener.onReceive():112 onNetworkLost: networkState = NO_CONNECTION, isAirplaneModeOn = false
04-19 22:39:45.530 I/AbstractOpenableExtension(20885): AbstractOpenableExtension$3.onSuccess():552 KeyboardGroupManager destroyed in fvq.
04-19 22:39:45.530 I/AbstractOpenableExtension(20885): AbstractOpenableExtension$3.onSuccess():552 KeyboardGroupManager destroyed in fxu.
04-19 22:39:45.530 I/NewS3RecognizerModule(20885): NewS3RecognizerModule.onCreate():14 onCreate [news3]
04-19 22:39:45.531 I/NetworkInfoNotification(20885): NetworkInfoNotification$Listener.onReceive():112 onNetworkLost: networkState = NO_CONNECTION, isAirplaneModeOn = false
04-19 22:39:45.531 I/AbstractOpenableExtension(20885): AbstractOpenableExtension.createKeyboardGroupManagerListenableFuture():120 Create keyboard group manager listenable future in fxu
04-19 22:39:45.531 I/EmojifyExtensionImpl(20885): EmojifyExtensionImpl.onCreate():599 Creating Emojify extension ehb@2d8d6aa.
04-19 22:39:45.531 I/AbstractOpenableExtension(20885): AbstractOpenableExtension.createKeyboardGroupManagerListenableFuture():120 Create keyboard group manager listenable future in fvq
04-19 22:39:45.531 I/AccessPointsListHolderController(20885): AccessPointsListHolderController.removeAccessPoint():304 The access point textediting is not added
04-19 22:39:45.531 I/AccessPointsListHolderController(20885): AccessPointsListHolderController.removeAccessPoint():304 The access point settings is not added
04-19 22:39:45.531 I/AccessPointsListHolderController(20885): AccessPointsListHolderController.removeAccessPoint():304 The access point theme_setting is not added
04-19 22:39:45.531 I/AccessPointsListHolderController(20885): AccessPointsListHolderController.removeAccessPoint():304 The access point one_handed is not added
04-19 22:39:45.531 I/ClipboardDataHandler(20885): ClipboardDataHandler.updateScreenshotsContentObserver():268 Disable the feature of handling screenshots in the clipboard.
04-19 22:39:45.531 I/KeyboardGroupDefParser(20885): KeyboardGroupDefParser.parseKeyboardGroupDef():83 parseKeyboardGroupDef() 2132214033 -> 0_resource_name_obfuscated : WaitTime = 0 ms : RunTime = 0 ms
04-19 22:39:45.531 I/KeyboardGroupDefParser(20885): KeyboardGroupDefParser.parseKeyboardGroupDef():83 parseKeyboardGroupDef() 2132214034 -> 0_resource_name_obfuscated : WaitTime = 0 ms : RunTime = 1 ms
04-19 22:39:45.531 I/KeyboardGroupDefParser(20885): KeyboardGroupDefParser.parseKeyboardGroupDef():83 parseKeyboardGroupDef() 2132214040 -> 0_resource_name_obfuscated : WaitTime = 0 ms : RunTime = 0 ms
04-19 22:39:45.532 I/KeyboardGroupDefParser(20885): KeyboardGroupDefParser.parseKeyboardGroupDef():83 parseKeyboardGroupDef() 2132214028 -> 0_resource_name_obfuscated : WaitTime = 0 ms : RunTime = 0 ms
04-19 22:39:45.532 I/NetworkInfoNotification(20885): NetworkInfoNotification$Listener.onReceive():112 onNetworkLost: networkState = NO_CONNECTION, isAirplaneModeOn = false
04-19 22:39:45.532 I/NetworkInfoNotification(20885): NetworkInfoNotification$Listener.onReceive():112 onNetworkLost: networkState = NO_CONNECTION, isAirplaneModeOn = false
04-19 22:39:45.534 D/InputMethodManagerService(  590): Initializing Handwriting Spy
04-19 22:39:45.534 W/InputManager-JNI(  590): Input channel object 'stylus-handwriting-event-receiver-0 (client)' was disposed without first being removed with the input manager!
04-19 22:39:45.535 I/GoogleInputMethodService(20885): GoogleInputMethodService$GoogleInputMethodImpl.attachToken():4209 
04-19 22:39:45.537 I/SP      (20885): Registering emoticon_content_description.2022081613, url: https://www.gstatic.com/android/keyboard/emoticon_content_desc/202208161305/superpacks_manifest.json, constraints: W:*:*:*, flags: bg, requested: 2022081613, current: -1
04-19 22:39:45.538 I/SystemSubtypesReportModule(20885): SystemSubtypesReportModule$3.onCurrentInputMethodEntryChanged():136 entry: en-US, source: UNSPECIFIED
04-19 22:39:45.538 I/SystemSubtypesReportModule(20885): SystemSubtypesReportModule.switchToSubtypeByEntry():205 en-US
04-19 22:39:45.538 I/OnDevicePackDownloadModule(20885): OnDevicePackDownloadModule.onCreate():60 onCreate()
04-19 22:39:45.539 D/WindowTokenClient(20885): Configuration not dispatch to IME because configuration is up to date. Current config={1.3 ?mcc0mnc [en_US] ldltr sw723dp w1157dp h723dp 354dpi xlrg land finger qwerty/v/v dpad/v winConfig={ mBounds=Rect(0, 0 - 2560, 1600) mAppBounds=Rect(0, 0 - 2560, 1600) mMaxBounds=Rect(0, 0 - 2560, 1600) mDisplayRotation=ROTATION_0 mWindowingMode=fullscreen mActivityType=undefined mAlwaysOnTop=undefined mRotation=ROTATION_0} s.8 fontWeightAdjustment=0}, reported config={1.3 ?mcc0mnc [en_US] ldltr sw723dp w1157dp h723dp 354dpi xlrg land finger qwerty/v/v dpad/v winConfig={ mBounds=Rect(0, 0 - 2560, 1600) mAppBounds=Rect(0, 0 - 2560, 1600) mMaxBounds=Rect(0, 0 - 2560, 1600) mDisplayRotation=ROTATION_0 mWindowingMode=fullscreen mActivityType=undefined mAlwaysOnTop=undefined mRotation=ROTATION_0} s.8 fontWeightAdjustment=0}, updated config={1.3 ?mcc0mnc [en_US] ldltr sw723dp w1157dp h723dp 354dpi xlrg land finger qwerty/v/v dpad/v winConfig={ mBounds=Rect(0, 0 - 2560, 1600) mAppBounds=Rect(0, 0 - 2560, 1600) mMaxBounds=Rect(0, 0 - 2560, 1600) mDisplayRotation=ROTATION_0 mWindowingMode=fullscreen mActivityType=undefined mAlwaysOnTop=undefined mRotation=ROTATION_0} s.8 fontWeightAdjustment=0}, updated display ID=0
04-19 22:39:45.539 D/WindowTokenClient(20885): Configuration not dispatch to IME because configuration is up to date. Current config={1.3 ?mcc0mnc [en_US] ldltr sw723dp w1157dp h723dp 354dpi xlrg land finger qwerty/v/v dpad/v winConfig={ mBounds=Rect(0, 0 - 2560, 1600) mAppBounds=Rect(0, 0 - 2560, 1600) mMaxBounds=Rect(0, 0 - 2560, 1600) mDisplayRotation=ROTATION_0 mWindowingMode=fullscreen mActivityType=undefined mAlwaysOnTop=undefined mRotation=ROTATION_0} s.8 fontWeightAdjustment=0}, reported config={1.3 ?mcc0mnc [en_US] ldltr sw723dp w1157dp h723dp 354dpi xlrg land finger qwerty/v/v dpad/v winConfig={ mBounds=Rect(0, 0 - 2560, 1600) mAppBounds=Rect(0, 0 - 2560, 1600) mMaxBounds=Rect(0, 0 - 2560, 1600) mDisplayRotation=ROTATION_0 mWindowingMode=fullscreen mActivityType=undefined mAlwaysOnTop=undefined mRotation=ROTATION_0} s.8 fontWeightAdjustment=0}, updated config={1.3 ?mcc0mnc [en_US] ldltr sw723dp w1157dp h723dp 354dpi xlrg land finger qwerty/v/v dpad/v winConfig={ mBounds=Rect(0, 0 - 2560, 1600) mAppBounds=Rect(0, 0 - 2560, 1600) mMaxBounds=Rect(0, 0 - 2560, 1600) mDisplayRotation=ROTATION_0 mWindowingMode=fullscreen mActivityType=undefined mAlwaysOnTop=undefined mRotation=ROTATION_0} s.8 fontWeightAdjustment=0}, updated display ID=0
04-19 22:39:45.539 I/GoogleInputMethodService(20885): GoogleInputMethodService.onStartInput():1986 onStartInput(EditorInfo{EditorInfo{packageName=com.impos2.mixcretailassemblyrn84, inputType=0, inputTypeString=NULL, enableLearning=false, autoCorrection=false, autoComplete=false, imeOptions=0, privateImeOptions=null, actionName=UNSPECIFIED, actionLabel=null, initialSelStart=-1, initialSelEnd=-1, initialCapsMode=0, label=null, fieldId=0, fieldName=null, extras=null, hintText=null, hintLocales=[]}}, false)
04-19 22:39:45.539 I/GoogleInputMethodService(20885): GoogleInputMethodService.updateDeviceLockedStatus():2248 repeatCheckTimes = 1, locked = false
04-19 22:39:45.539 I/AndroidIME(20885): InputBundleManager.loadActiveInputBundleId():450 loadActiveInputBundleId: und-Latn-x-password, password
04-19 22:39:45.539 I/HardKeyTracker(20885): HardKeyTracker.registerKeySequence():139 Register key sequence lnk{labelResId=2132019800, callback=gnd@7d59796, lastModifier=0, keyCodes=[57, 57], actions=[1, 0]}
04-19 22:39:45.539 I/HardKeyTracker(20885): HardKeyTracker.registerKeySequence():139 Register key sequence lnk{labelResId=0, callback=gnd@987ced, lastModifier=0, keyCodes=[58, 58], actions=[1, 0]}
04-19 22:39:45.540 W/PackageConfigPersister(  590): App-specific configuration not found for packageName: com.impos2.mixcretailassemblyrn84 and userId: 0
04-19 22:39:45.540 I/SP      (20885): Registering emoticon_content_description.2022081613, url: https://www.gstatic.com/android/keyboard/emoticon_content_desc/202208161305/superpacks_manifest.json, constraints: W:*:*:*, flags: bg, requested: 2022081613, current: -1
04-19 22:39:45.540 I/SuperpacksManagerImpl(20885): SuperpacksManagerImpl$3$1.onFailure():588 emoticon_content_description.registerManifest() cancelled
04-19 22:39:45.541 I/NetworkInfoNotification(20885): NetworkInfoNotification$Listener.onReceive():112 onNetworkLost: networkState = NO_CONNECTION, isAirplaneModeOn = false
04-19 22:39:45.541 I/Environment(20885): Environment.isPackageInstalled():234 com.bitstrips.imoji is not installed
04-19 22:39:45.541 W/AndroidCreativeStickerFetcherFactory(20885): AndroidCreativeStickerFetcherFactory.createFetcher():19 Empty host or api key
04-19 22:39:45.552 I/SP      (20885): Scheduling job with delay of 0s for {m:b:u:l, bg}, 2 candidates
04-19 22:39:45.553 E/JobScheduler.JobStatus(  590): App com.google.android.inputmethod.latin became active but still in NEVER bucket
04-19 22:39:45.553 I/SP      (20885): Scheduling job with delay of 0s for {W:b:u:l, bg}, 1 candidates
04-19 22:39:45.553 E/JobScheduler.JobStatus(  590): App com.google.android.inputmethod.latin became active but still in NEVER bucket
04-19 22:39:45.557 I/SP      (20885): Scheduling: download registered, 0 started, 0 paused, 3 scheduled, 3 pending: manifests:next-word-predictor-20210507 * {m:b:u:l, bg}, manifests:emoji-2023020111 * {m:b:u:l, bg}, manifests:emoticon_content_description-2022081613 * {W:b:u:l, bg}
04-19 22:39:45.558 I/SuperpacksManagerImpl(20885): SuperpacksManagerImpl$3$1.onFailure():588 emoticon_content_description.registerManifest() cancelled
04-19 22:39:45.628 I/yrn84:secondary( 9013): Compiler allocated 4206KB to compile void android.widget.TextView.<init>(android.content.Context, android.util.AttributeSet, int, int)
04-19 22:39:45.693 I/yrn84:secondary( 9013): Compiler allocated 5250KB to compile void android.view.ViewRootImpl.performTraversals()
04-19 22:39:45.750 W/unknown:BridgelessReact( 9013): ReactHost{0}.loadJSBundleFromMetro(): Creating BundleLoader
04-19 22:39:45.750 W/WindowOnBackDispatcher(  836): sendCancelIfRunning: isInProgress=false callback=android.view.ViewRootImpl$$ExternalSyntheticLambda11@97e0c0c
04-19 22:39:45.750 D/CoreBackPreview(  590): Window{f1fc849 u0 Splash Screen com.impos2.mixcretailassemblyrn84 EXITING}: Setting back callback null
04-19 22:39:45.751 W/InputManager-JNI(  590): Input channel object 'f1fc849 Splash Screen com.impos2.mixcretailassemblyrn84 (client)' was disposed without first being removed with the input manager!
04-19 22:39:45.752 W/unknown:BridgelessReact( 9013): ReactHost{0}.getOrCreateReactInstanceTask(): Creating BridgelessReactContext
04-19 22:39:45.753 W/unknown:BridgelessReact( 9013): ReactHost{0}.getOrCreateReactInstanceTask(): Creating ReactInstance
04-19 22:39:45.760 D/TrafficStats( 9013): tagSocket(125) with statsTag=0xffffffff, statsUid=-1
04-19 22:39:45.793 W/unknown:BridgelessReact( 9013): ReactHost{0}.getOrCreateReactInstanceTask(): Loading JS Bundle
04-19 22:39:45.800 W/FrameTracker(  836): Missed SF frame:PREDICTION_ERROR, 160122948, 6376703, CUJ=J<SPLASHSCREEN_EXIT_ANIM>
04-19 22:39:45.800 W/FrameTracker(  836): Missed SF frame:PREDICTION_ERROR, 160123042, 7928705, CUJ=J<SPLASHSCREEN_EXIT_ANIM>
04-19 22:39:45.800 W/FrameTracker(  836): Missed SF frame:PREDICTION_ERROR, 160123122, 6937374, CUJ=J<SPLASHSCREEN_EXIT_ANIM>
04-19 22:39:45.800 W/FrameTracker(  836): Missed SF frame:PREDICTION_ERROR, 160123151, 5989833, CUJ=J<SPLASHSCREEN_EXIT_ANIM>
04-19 22:39:45.800 W/FrameTracker(  836): Missed SF frame:PREDICTION_ERROR, 160123180, 5568875, CUJ=J<SPLASHSCREEN_EXIT_ANIM>
04-19 22:39:45.800 W/FrameTracker(  836): Missed SF frame:PREDICTION_ERROR, 160123195, 5516084, CUJ=J<SPLASHSCREEN_EXIT_ANIM>
04-19 22:39:45.800 W/FrameTracker(  836): Missed SF frame:PREDICTION_ERROR, 160123210, 5470835, CUJ=J<SPLASHSCREEN_EXIT_ANIM>
04-19 22:39:45.800 W/FrameTracker(  836): Missing HWUI jank callback for vsyncId: 160123285, CUJ=J<SPLASHSCREEN_EXIT_ANIM>
04-19 22:39:45.800 V/PerfettoTrigger(  836): Not triggering com.android.telemetry.interaction-jank-monitor-39 - not enough time since last trigger
04-19 22:39:45.821 W/unknown:BridgelessReact( 9013): ReactHost{0}.getOrCreateReactInstanceTask(): DevSupportManager.onNewReactContextCreated()
04-19 22:39:45.824 W/unknown:ReactNative( 9013): Packager connection already open, nooping.
