04-19 22:39:27.205 V/WindowManagerShell(  836): start default transition animation, info = {id=471 t=CLOSE f=0x0 trk=0 r=[2@Point(0, 0),0@Point(0, 0)] c=[{WCT{android.window.IWindowContainerToken$Stub$Proxy@77b2883} m=TO_FRONT f=SHOW_WALLPAPER|MOVE_TO_TOP leash=Surface(name=Task=671)/@0x42b630b sb=Rect(0, 0 - 2560, 1600) eb=Rect(0, 0 - 2560, 1600) d=2 taskParent=-1},{WCT{android.window.IWindowContainerToken$Stub$Proxy@e1a5a00} m=CLOSE f=NONE leash=Surface(name=Task=824)/@0x428b5e8 sb=Rect(0, 0 - 2560, 1600) eb=Rect(0, 0 - 2560, 1600) d=2 taskParent=-1},{null m=TO_FRONT f=IS_WALLPAPER leash=Surface(name=WallpaperWindowToken{c5135e7 token=android.os.Binder@aebf7a6})/@0x6325401 sb=Rect(0, 0 - 2560, 1600) eb=Rect(0, 0 - 2560, 1600) d=2},{WCT{android.window.IWindowContainerToken$Stub$Proxy@4a48239} m=CLOSE f=NONE leash=Surface(name=Task=823)/@0x2cc42a6 sb=Rect(0, 0 - 2560, 1600) eb=Rect(0, 0 - 2560, 1600) d=0 taskParent=-1},{WCT{android.window.IWindowContainerToken$Stub$Proxy@acf007e} m=TO_FRONT f=SHOW_WALLPAPER leash=Surface(name=Task=1)/@0xfab24e7 sb=Rect(0, 0 - 2560, 1600) eb=Rect(0, 0 - 2560, 1600) d=0 taskParent=-1},{null m=TO_FRONT f=IS_WALLPAPER leash=Surface(name=WallpaperWindowToken{55198b token=android.os.Binder@bf0535a})/@0x2c74894 sb=Rect(0, 0 - 2560, 1600) eb=Rect(0, 0 - 2560, 1600) d=0}]}
04-19 22:39:27.206 V/WindowManagerShell(  836): loadAnimation: anim=android.view.animation.AnimationSet@4cb162c animAttr=0x10 type=CLOSE isEntrance=true
04-19 22:39:27.206 V/WindowManagerShell(  836): loadAnimation: anim=android.view.animation.AnimationSet@25f24fb animAttr=0x11 type=CLOSE isEntrance=false
04-19 22:39:27.206 I/A       (21035): (REDACTED) Created gRPC endpoint for service %s
04-19 22:39:27.208 V/WindowManagerShell(  836): loadAnimation: anim=android.view.animation.AnimationSet@4e96918 animAttr=0x11 type=CLOSE isEntrance=false
04-19 22:39:27.208 V/WindowManagerShell(  836): loadAnimation: anim=android.view.animation.AnimationSet@5f73f71 animAttr=0x10 type=CLOSE isEntrance=true
04-19 22:39:27.208 V/WindowManager(  590): Sent Transition (#471) createdAt=04-19 22:39:27.133 via request=TransitionRequestInfo { type = CLOSE, triggerTask = TaskInfo{userId=0 taskId=824 displayId=2 isRunning=false baseIntent=Intent { flg=0x18000000 cmp=com.impos2.mixcretailassemblyrn84/.SecondaryActivity } baseActivity=null topActivity=null origActivity=null realActivity=ComponentInfo{com.impos2.mixcretailassemblyrn84/com.impos2.mixcretailassemblyrn84.SecondaryActivity} numActivities=0 lastActiveTime=250905036 supportsMultiWindow=true resizeMode=1 isResizeable=true minWidth=-1 minHeight=-1 defaultMinSize=220 token=WCT{RemoteToken{8b8d5c9 Task{e6c482a #824 type=standard A=10212:com.impos2.mixcretailassemblyrn84}}} topActivityType=1 pictureInPictureParams=null shouldDockBigOverlays=false launchIntoPipHostTaskId=-1 lastParentTaskIdBeforePip=-1 displayCutoutSafeInsets=null topActivityInfo=null launchCookies=[] positionInParent=Point(0, 0) parentTaskId=-1 isFocused=true isVisible=true isVisibleRequested=true isSleeping=false locusId=null displayAreaFeatureId=1 isTopActivityTransparent=false appCompatTaskInfo=AppCompatTaskInfo { topActivityInSizeCompat=false topActivityEligibleForLetterboxEducation= falseisLetterboxEducationEnabled= false isLetterboxDoubleTapEnabled= false topActivityEligibleForUserAspectRatioButton= false topActivityBoundsLetterboxed= false isFromLetterboxDoubleTap= false topActivityLetterboxVerticalPosition= -1 topActivityLetterboxHorizontalPosition= -1 topActivityLetterboxWidth=-1 topActivityLetterboxHeight=-1 isUserFullscreenOverrideEnabled=false isSystemFullscreenOverrideEnabled=false cameraCompatTaskInfo=CameraCompatTaskInfo { cameraCompatControlState=hidden freeformCameraCompatMode=inactive}}}, pipTask = null, remoteTransition = null, displayChange = null, flags = 0, debugId = 471 }
04-19 22:39:27.208 V/WindowManager(  590):     startWCT=WindowContainerTransaction { changes = {} hops = [] errorCallbackToken=null taskFragmentOrganizer=null }
04-19 22:39:27.208 V/WindowManager(  590):     info={id=471 t=CLOSE f=0x0 trk=0 r=[2@Point(0, 0),0@Point(0, 0)] c=[
04-19 22:39:27.208 V/WindowManager(  590):         {WCT{RemoteToken{473bc8f Task{c2f742b #671 type=home}}} m=TO_FRONT f=SHOW_WALLPAPER|MOVE_TO_TOP leash=Surface(name=Task=671)/@0x5554f84 sb=Rect(0, 0 - 2560, 1600) eb=Rect(0, 0 - 2560, 1600) d=2 taskParent=-1},
04-19 22:39:27.208 V/WindowManager(  590):         {WCT{RemoteToken{8b8d5c9 Task{e6c482a #824 type=standard A=10212:com.impos2.mixcretailassemblyrn84}}} m=CLOSE f=NONE leash=Surface(name=Task=824)/@0x218cd93 sb=Rect(0, 0 - 2560, 1600) eb=Rect(0, 0 - 2560, 1600) d=2 taskParent=-1},
04-19 22:39:27.208 V/WindowManager(  590):         {null m=TO_FRONT f=IS_WALLPAPER leash=Surface(name=WallpaperWindowToken{c5135e7 token=android.os.Binder@aebf7a6})/@0x479d416 sb=Rect(0, 0 - 2560, 1600) eb=Rect(0, 0 - 2560, 1600) d=2},
04-19 22:39:27.208 V/WindowManager(  590):         {WCT{RemoteToken{692aeb0 Task{3b1a2b2 #823 type=standard A=10212:com.impos2.mixcretailassemblyrn84}}} m=CLOSE f=NONE leash=Surface(name=Task=823)/@0x741c62 sb=Rect(0, 0 - 2560, 1600) eb=Rect(0, 0 - 2560, 1600) d=0 taskParent=-1},
04-19 22:39:27.208 V/WindowManager(  590):         {WCT{RemoteToken{eecd609 Task{403a6f7 #1 type=home}}} m=TO_FRONT f=SHOW_WALLPAPER leash=Surface(name=Task=1)/@0x27bc150 sb=Rect(0, 0 - 2560, 1600) eb=Rect(0, 0 - 2560, 1600) d=0 taskParent=-1},
04-19 22:39:27.208 V/WindowManager(  590):         {null m=TO_FRONT f=IS_WALLPAPER leash=Surface(name=WallpaperWindowToken{55198b token=android.os.Binder@bf0535a})/@0x6a378e3 sb=Rect(0, 0 - 2560, 1600) eb=Rect(0, 0 - 2560, 1600) d=0}
04-19 22:39:27.208 V/WindowManager(  590):     ]}
04-19 22:39:27.209 V/WindowManagerShell(  836):  animated by com.android.wm.shell.transition.DefaultTransitionHandler@56bf52b
04-19 22:39:27.215 D/EGL_emulation( 1099): app_time_stats: avg=1963.57ms min=11.18ms max=52585.23ms count=27
04-19 22:39:27.215 I/AiAiEcho( 1389): Predicting[0]:  [CONTEXT sampling_count=5 ]
04-19 22:39:27.215 I/AiAiEcho( 1389): EchoTargets: 
04-19 22:39:27.215 I/AiAiEcho( 1389): Filtered by AiAi flag check: 
04-19 22:39:27.215 I/AiAiEcho( 1389): [CONTEXT ratelimit_period="10 SECONDS" ]
04-19 22:39:27.215 I/AiAiEcho( 1389): Ranked targets strategy: SORT, count: 0, ranking metadata:  [CONTEXT ratelimit_period="10 SECONDS" ]
04-19 22:39:27.215 I/AiAiEcho( 1389): #remoteViewsTwiddler: feature disabled.
04-19 22:39:27.216 I/AiAiEcho( 1389): #postPredictionTargets: Sending updates to UISurface home with targets# 0 (types=[])
04-19 22:39:27.221 I/ImeTracker(  590): com.google.android.apps.nexuslauncher:8f2096b2: onRequestHide at ORIGIN_SERVER reason HIDE_UNSPECIFIED_WINDOW fromUser false
04-19 22:39:27.222 W/UserManagerService(  590): Requested status bar icon for non-badged user 0
04-19 22:39:27.222 I/ImeTracker(  590): com.google.android.apps.nexuslauncher:8f2096b2: onCancelled at PHASE_SERVER_SHOULD_HIDE
04-19 22:39:27.222 I/GoogleInputMethodService(20885): GoogleInputMethodService.onDestroy():1509 
04-19 22:39:27.222 W/InputManager-JNI(  590): Input channel object 'd3b2eea InputMethod (client)' was disposed without first being removed with the input manager!
04-19 22:39:27.224 I/GoogleInputMethodService(20885): GoogleInputMethodService.onFinishInput():3157 
04-19 22:39:27.224 I/GoogleInputMethodService(20885): GoogleInputMethodService.updateDeviceLockedStatus():2248 repeatCheckTimes = 0, locked = false
04-19 22:39:27.225 W/WindowManager(  590): Failed looking up window session=Session{11d9fff 20885:u0a10158} callers=com.android.server.wm.WindowManagerService.removeClientToken:2058 com.android.server.wm.Session.remove:274 android.view.IWindowSession$Stub.onTransact:685 
04-19 22:39:27.225 I/GoogleInputMethodService(20885): GoogleInputMethodService.clearInputMethodServiceData():1613 clearInputMethodServiceData for onDestroy
04-19 22:39:27.225 I/GoogleInputMethodService(20885): GoogleInputMethodService.discardAllKeyboardViewAndInputView():1818 discardAllKeyboardViewAndInputView()
04-19 22:39:27.225 I/KeyboardModeManager(20885): KeyboardModeManager.setInputViewKeyboardViewHolderProvider():625 setInputView() : supportsOneHandedMode=false supportsSplitMode=true
04-19 22:39:27.225 I/NormalModeController(20885): NormalModeController.getKeyboardBodyViewHolderPaddingBottom():104 currentPrimeKeyboardType:SOFT systemPaddingBottom:-1
04-19 22:39:27.225 I/KeyboardModeManager(20885): KeyboardModeManager.setInputViewKeyboardViewHolderProvider():613 setInputView() : supportsOneHandedMode=false, supportSplitMode=true
04-19 22:39:27.225 I/InputMethodEntryManager(20885): InputMethodEntryManager.notifyCurrentInputMethodEntryOnContextChanged():521 notifyCurrentInputMethodEntryOnContextChanged()
04-19 22:39:27.225 I/InputMethodEntryManager(20885): InputMethodEntryManager.notifyCurrentInputMethodEntryOnContextChanged():542 Notify current input method entry changed on context change
04-19 22:39:27.225 I/SystemSubtypesReportModule(20885): SystemSubtypesReportModule$3.onCurrentInputMethodEntryChanged():136 entry: en-US, source: UNSPECIFIED
04-19 22:39:27.225 I/KeyboardThemeProvider(20885): KeyboardThemeProvider.reset():40 Reset keyboard theme
04-19 22:39:27.225 I/KeyboardContextProvider(20885): KeyboardContextProvider.setBaseContextAndInvalidKeyboardContextCache():88 setBaseContextAndInvalidKeyboardContextCache(): null
04-19 22:39:27.225 I/DeviceModeMonitor(20885): DeviceModeMonitor.calculateDeviceMode():76 Get device mode tablet_large by screen size and smallestScreenWidthDp: 723
04-19 22:39:27.226 I/HardKeyTracker(20885): HardKeyTracker.unregisterKeySequence():183 Unregister key sequence lnk{labelResId=2132019809, callback=jjt@955bdd7, lastModifier=2, keyCodes=[47], actions=[0]}
04-19 22:39:27.226 I/HardKeyTracker(20885): HardKeyTracker.unregisterKeySequence():183 Unregister key sequence lnk{labelResId=0, callback=jwl@34e6073, lastModifier=0, keyCodes=[204], actions=[0]}
04-19 22:39:27.226 W/AccessPointsManager(20885): AccessPointsManager.removeAccessPoint():834 The holder controller #0x7f0b2078 is not registered
04-19 22:39:27.226 I/AccessPointsListHolderController(20885): AccessPointsListHolderController.removeAccessPoint():304 The access point textediting is not added
04-19 22:39:27.226 I/AccessPointsListHolderController(20885): AccessPointsListHolderController.removeAccessPoint():304 The access point settings is not added
04-19 22:39:27.227 I/AccessPointsListHolderController(20885): AccessPointsListHolderController.removeAccessPoint():304 The access point theme_setting is not added
04-19 22:39:27.230 I/SP      (20885): Registering emoticon_content_description.2022081613, url: https://www.gstatic.com/android/keyboard/emoticon_content_desc/202208161305/superpacks_manifest.json, constraints: W:*:*:*, flags: bg, requested: 2022081613, current: -1
04-19 22:39:27.230 I/OnDevicePackDownloadModule(20885): OnDevicePackDownloadModule.onDestroy():95 onDestroy()
04-19 22:39:27.230 I/NewS3RecognizerModule(20885): NewS3RecognizerModule.onDestroy():21 onDestroy [news3]
04-19 22:39:27.231 I/HardKeyTracker(20885): HardKeyTracker.unregisterKeySequence():183 Unregister key sequence lnk{labelResId=2132019800, callback=gnd@2e35b10, lastModifier=0, keyCodes=[57, 57], actions=[1, 0]}
04-19 22:39:27.231 I/HardKeyTracker(20885): HardKeyTracker.unregisterKeySequence():183 Unregister key sequence lnk{labelResId=0, callback=gnd@f734a2f, lastModifier=0, keyCodes=[58, 58], actions=[1, 0]}
04-19 22:39:27.231 I/AbstractOpenableExtension(20885): AbstractOpenableExtension.maybeDestroyExistingKeyboardGroupManager():538 Destroy existing keyboard group manager in fvq
04-19 22:39:27.232 I/EmojifyExtensionImpl(20885): EmojifyExtensionImpl.onDestroy():605 Destroying Emojify extension ehb@9b5eb6d.
04-19 22:39:27.232 I/AbstractOpenableExtension(20885): AbstractOpenableExtension.maybeDestroyExistingKeyboardGroupManager():538 Destroy existing keyboard group manager in fxu
04-19 22:39:27.234 D/SsBaseTemplateCard( 1099): No text view can be set up
04-19 22:39:27.234 D/SsBaseTemplateCard( 1099): Passed-in item info is null
04-19 22:39:27.234 D/SsBaseTemplateCard( 1099): Passed-in item info is null
04-19 22:39:27.234 D/SsBaseTemplateCard( 1099): Passed-in item info is null
04-19 22:39:27.234 I/SsBaseTemplateCard( 1099): Secondary card pane is null
04-19 22:39:27.234 D/WindowTokenClient(20885): Only apply configuration update to Resources because shouldReportConfigChange is false. context=com.android.inputmethod.latin.LatinIME@6f046a0, config={1.3 ?mcc0mnc [en_US] ldltr sw723dp w1157dp h723dp 354dpi xlrg land finger qwerty/v/v dpad/v winConfig={ mBounds=Rect(0, 0 - 2560, 1600) mAppBounds=Rect(0, 0 - 2560, 1600) mMaxBounds=Rect(0, 0 - 2560, 1600) mDisplayRotation=ROTATION_0 mWindowingMode=fullscreen mActivityType=undefined mAlwaysOnTop=undefined mRotation=ROTATION_0} s.8 fontWeightAdjustment=0}, display ID=0
04-19 22:39:27.234 D/WindowTokenClient(20885): android.window.WindowTokenClient.onConfigurationChanged:161 android.window.WindowTokenClientController.onWindowContextTokenAttached:197 android.window.WindowTokenClientController.attachToDisplayArea:116 android.window.WindowContextController.attachToDisplayArea:108 android.window.WindowProviderService.attachBaseContext:218 
04-19 22:39:27.234 I/GoogleInputMethodService(20885): GoogleInputMethodService.onCreate():1025 
04-19 22:39:27.234 I/JapaneseMozcExtension(20885): JapaneseMozcExtension.onDestroyServiceInternal():81 onDestroyServiceInternal()
04-19 22:39:27.238 I/WindowMetricsNotification(20885): WindowMetricsNotification.notify():106 WindowMetricsNotification{bounds=Rect(0, 53 - 2560, 1600), insets=Rect(0, 0 - 0, 0), densityDpi=354, smallestScreenWidthDp=723, displayWidth=2560, displayHeight=1600, xdpi=320.0, ydpi=320.0}; DisplayMetrics{density=2.2125, width=2560, height=1600, scaledDensity=2.2125, xdpi=320.0, ydpi=320.0}
04-19 22:39:27.238 I/WindowMetricsHelper(20885): WindowMetricsHelper.predictAndNotify():140 Window metrics predicted.
04-19 22:39:27.238 I/InputMethodEntryManager(20885): InputMethodEntryManager.notifyCurrentInputMethodEntryOnContextChanged():521 notifyCurrentInputMethodEntryOnContextChanged()
04-19 22:39:27.238 I/InputMethodEntryManager(20885): InputMethodEntryManager.notifyCurrentInputMethodEntryOnContextChanged():542 Notify current input method entry changed on context change
04-19 22:39:27.238 I/KeyboardContextProvider(20885): KeyboardContextProvider.setBaseContextAndInvalidKeyboardContextCache():88 setBaseContextAndInvalidKeyboardContextCache(): com.android.inputmethod.latin.LatinIME@6f046a0
04-19 22:39:27.239 E/GoogleInputMethodService(20885): GoogleInputMethodService.getAppEditorInfo():2810 App EditorInfo should never be null.
04-19 22:39:27.239 I/StyledKeyboardThemeBuilder(20885): StyledKeyboardThemeBuilder.build():132 Pref: [], themeName: [silk:], darkMode: [false], cacheKey: [overlay_builtin_dynamic_color_light_base.binarypb:dynamic-gm3-light-fffefbff-ff495d92-88aedfe362701b9d56ce578190f21130]
04-19 22:39:27.239 I/KeyboardThemeProvider(20885): KeyboardThemeProvider.applyKeyboardTheme():27 Apply keyboard theme: theme_border_stylesheet_noshadow_pgsans_pillkey_silkpopup_light_tablet_large_keyboard_width_tablet_small_navredesign_600_overlay_builtin_dynamic_color_light_base.binarypb:dynamic-gm3-light-fffefbff-ff495d92-88aedfe362701b9d56ce578190f21130_land
04-19 22:39:27.239 I/KeyboardContextProvider(20885): KeyboardContextProvider$KeyboardContextCache.createKeyboardContext():173 createKeyboardContext(): en-US, jgg@9319301(com.android.inputmethod.latin.LatinIME@6f046a0), {1.3 ?mcc0mnc [en_US] ldltr sw723dp w1157dp h723dp 354dpi xlrg land finger qwerty/v/v dpad/v winConfig={ mBounds=Rect(0, 0 - 2560, 1600) mAppBounds=Rect(0, 0 - 2560, 1600) mMaxBounds=Rect(0, 0 - 2560, 1600) mDisplayRotation=ROTATION_0 mWindowingMode=fullscreen mActivityType=undefined mAlwaysOnTop=undefined mRotation=ROTATION_0} s.8 fontWeightAdjustment=0}
04-19 22:39:27.240 I/KeyboardHeightUtil(20885): KeyboardHeightUtil.calculateMaxKeyboardBodyHeight():45 leave 237 height for app when ime window height:1547, header height:106 and isFullscreenMode:false, so the max keyboard body height is:1204
04-19 22:39:27.240 I/KeyboardHeightUtil(20885): KeyboardHeightUtil.calculateMaxKeyboardBodyHeight():45 leave 237 height for app when ime window height:1547, header height:106 and isFullscreenMode:false, so the max keyboard body height is:1204
04-19 22:39:27.240 I/NormalModeController(20885): NormalModeController.getKeyboardBodyViewHolderPaddingBottom():104 currentPrimeKeyboardType:SOFT systemPaddingBottom:-1
04-19 22:39:27.240 I/GoogleInputMethodService(20885): GoogleInputMethodService.onCurrentInputMethodEntryChanged():3655 onCurrentInputMethodEntryChanged(): imeDefsChanged=false, initializedEntryChanged=true, keyboardContextChanged=true
04-19 22:39:27.240 I/GoogleInputMethodService(20885): GoogleInputMethodService.clearInputMethodServiceData():1613 clearInputMethodServiceData for entryChange
04-19 22:39:27.240 I/KeyboardHeightUtil(20885): KeyboardHeightUtil.calculateMaxKeyboardBodyHeight():45 leave 237 height for app when ime window height:1547, header height:106 and isFullscreenMode:false, so the max keyboard body height is:1204
04-19 22:39:27.240 I/KeyboardHeightUtil(20885): KeyboardHeightUtil.calculateMaxKeyboardBodyHeight():45 leave 237 height for app when ime window height:1547, header height:106 and isFullscreenMode:false, so the max keyboard body height is:1204
04-19 22:39:27.240 I/KeyboardModeManager(20885): KeyboardModeManager.onCurrentInputMethodEntryChanged():1133 Reload data for context change
04-19 22:39:27.240 I/GoogleInputMethodService(20885): GoogleInputMethodService.initializeInputMethodServiceData():1382 initializeInputMethodServiceData for kct{languageTag=en-US, variant=qwerty, hasLocalizedResources=true, conditionCacheKey=_cache_additional_ime_defs_for_condition_change=false_cache_ime_defs_for_condition_change=false_device=tablet_device_size=large_enable_flick_symbols=false_enable_more_candidates_view_for_multilingual=false_enable_number_row=false_enable_preemptive_decode=true_enable_secondary_digits=true_enable_secondary_symbols=false_enable_show_foldable_layout_on_small_tablet=false_expressions=normal_four_or_more_letter_rows=false_keyboard_mode=normal_language=en-US_orientation=landscape_physical_keyboard=qwerty_rtl_layout=false_show_secondary_digits=true_show_suggestions=true_split_with_duplicate_keys=true_variant=qwerty, imeDef.stringId=ime_english_united_states, imeDef.className=com.google.android.apps.inputmethod.libs.latin5.LatinIme, imeDef.languageTag=en-US}
04-19 22:39:27.240 E/GoogleInputMethodService(20885): GoogleInputMethodService.getAppEditorInfo():2810 App EditorInfo should never be null.
04-19 22:39:27.240 I/StyledKeyboardThemeBuilder(20885): StyledKeyboardThemeBuilder.build():132 Pref: [], themeName: [silk:], darkMode: [false], cacheKey: [overlay_builtin_dynamic_color_light_base.binarypb:dynamic-gm3-light-fffefbff-ff495d92-88aedfe362701b9d56ce578190f21130]
04-19 22:39:27.241 I/KeyboardThemeProvider(20885): KeyboardThemeProvider.applyKeyboardTheme():27 Apply keyboard theme: theme_border_stylesheet_noshadow_pgsans_pillkey_silkpopup_light_tablet_large_keyboard_width_tablet_extra_large_navredesign_600_overlay_builtin_dynamic_color_light_base.binarypb:dynamic-gm3-light-fffefbff-ff495d92-88aedfe362701b9d56ce578190f21130_land
04-19 22:39:27.242 I/AndroidIME(20885): InputBundleManager.loadActiveInputBundleId():450 loadActiveInputBundleId: und-Latn-x-password, password
04-19 22:39:27.242 I/SystemSubtypesReportModule(20885): SystemSubtypesReportModule$4.onSetCurrentInputMethodSubtype():160 en_US
04-19 22:39:27.242 I/DeviceModeMonitor(20885): DeviceModeMonitor.calculateDeviceMode():76 Get device mode tablet_large by screen size and smallestScreenWidthDp: 723
04-19 22:39:27.242 I/HardKeyTracker(20885): HardKeyTracker.registerKeySequence():139 Register key sequence lnk{labelResId=2132019809, callback=jjt@ad0a5e1, lastModifier=2, keyCodes=[47], actions=[0]}
04-19 22:39:27.242 I/HardKeyTracker(20885): HardKeyTracker.registerKeySequence():139 Register key sequence lnk{labelResId=0, callback=jwl@1d0bf1d, lastModifier=0, keyCodes=[204], actions=[0]}
04-19 22:39:27.242 I/JapaneseMozcExtension(20885): JapaneseMozcExtension.onCreateServiceInternal():76 onCreateServiceInternal()
04-19 22:39:27.242 I/NetworkInfoNotification(20885): NetworkInfoNotification$Listener.onReceive():112 onNetworkLost: networkState = NO_CONNECTION, isAirplaneModeOn = false
04-19 22:39:27.248 I/NewS3RecognizerModule(20885): NewS3RecognizerModule.onCreate():14 onCreate [news3]
04-19 22:39:27.249 I/EmojifyExtensionImpl(20885): EmojifyExtensionImpl.onCreate():599 Creating Emojify extension ehb@2304869.
04-19 22:39:27.249 I/AbstractOpenableExtension(20885): AbstractOpenableExtension.createKeyboardGroupManagerListenableFuture():120 Create keyboard group manager listenable future in fxu
04-19 22:39:27.249 I/KeyboardGroupDefParser(20885): KeyboardGroupDefParser.parseKeyboardGroupDef():83 parseKeyboardGroupDef() 2132214040 -> 0_resource_name_obfuscated : WaitTime = 0 ms : RunTime = 0 ms
04-19 22:39:27.249 W/ndroid.systemui(  836): ApkAssets: Deleting an ApkAssets object '<empty> and /data/app/~~-ordDuM73zu3Rfi-eQPBlQ==/com.impos2.mixcretailassemblyrn84-9bAmtlm0xRK43pkrPxT76Q==/base.apk' with 3 weak references
04-19 22:39:27.249 I/AbstractOpenableExtension(20885): AbstractOpenableExtension$3.onSuccess():552 KeyboardGroupManager destroyed in fvq.
04-19 22:39:27.250 I/AbstractOpenableExtension(20885): AbstractOpenableExtension$3.onSuccess():552 KeyboardGroupManager destroyed in fxu.
04-19 22:39:27.250 I/OnDevicePackDownloadModule(20885): OnDevicePackDownloadModule.onCreate():60 onCreate()
04-19 22:39:27.250 I/AbstractOpenableExtension(20885): AbstractOpenableExtension.createKeyboardGroupManagerListenableFuture():120 Create keyboard group manager listenable future in fvq
04-19 22:39:27.250 I/NetworkInfoNotification(20885): NetworkInfoNotification$Listener.onReceive():112 onNetworkLost: networkState = NO_CONNECTION, isAirplaneModeOn = false
04-19 22:39:27.250 I/AccessPointsListHolderController(20885): AccessPointsListHolderController.removeAccessPoint():304 The access point textediting is not added
04-19 22:39:27.250 I/AccessPointsListHolderController(20885): AccessPointsListHolderController.removeAccessPoint():304 The access point settings is not added
04-19 22:39:27.250 I/AccessPointsListHolderController(20885): AccessPointsListHolderController.removeAccessPoint():304 The access point theme_setting is not added
04-19 22:39:27.250 I/ClipboardDataHandler(20885): ClipboardDataHandler.updateScreenshotsContentObserver():268 Disable the feature of handling screenshots in the clipboard.
04-19 22:39:27.252 I/KeyboardGroupDefParser(20885): KeyboardGroupDefParser.parseKeyboardGroupDef():83 parseKeyboardGroupDef() 2132214034 -> 0_resource_name_obfuscated : WaitTime = 2 ms : RunTime = 0 ms
04-19 22:39:27.252 I/NetworkInfoNotification(20885): NetworkInfoNotification$Listener.onReceive():112 onNetworkLost: networkState = NO_CONNECTION, isAirplaneModeOn = false
04-19 22:39:27.252 I/NetworkInfoNotification(20885): NetworkInfoNotification$Listener.onReceive():112 onNetworkLost: networkState = NO_CONNECTION, isAirplaneModeOn = false
04-19 22:39:27.252 I/AccessPointsListHolderController(20885): AccessPointsListHolderController.removeAccessPoint():304 The access point one_handed is not added
04-19 22:39:27.253 I/GoogleInputMethodService(20885): GoogleInputMethodService$GoogleInputMethodImpl.attachToken():4209 
04-19 22:39:27.254 I/KeyboardGroupDefParser(20885): KeyboardGroupDefParser.parseKeyboardGroupDef():83 parseKeyboardGroupDef() 2132214033 -> 0_resource_name_obfuscated : WaitTime = 0 ms : RunTime = 4 ms
04-19 22:39:27.254 I/KeyboardGroupDefParser(20885): KeyboardGroupDefParser.parseKeyboardGroupDef():83 parseKeyboardGroupDef() 2132214028 -> 0_resource_name_obfuscated : WaitTime = 2 ms : RunTime = 0 ms
04-19 22:39:27.255 D/InputMethodManagerService(  590): Initializing Handwriting Spy
04-19 22:39:27.255 W/InputManager-JNI(  590): Input channel object 'stylus-handwriting-event-receiver-0 (client)' was disposed without first being removed with the input manager!
04-19 22:39:27.255 I/NetworkInfoNotification(20885): NetworkInfoNotification$Listener.onReceive():112 onNetworkLost: networkState = NO_CONNECTION, isAirplaneModeOn = false
04-19 22:39:27.256 I/SystemSubtypesReportModule(20885): SystemSubtypesReportModule$3.onCurrentInputMethodEntryChanged():136 entry: en-US, source: UNSPECIFIED
04-19 22:39:27.256 I/SystemSubtypesReportModule(20885): SystemSubtypesReportModule.switchToSubtypeByEntry():205 en-US
04-19 22:39:27.257 D/WindowTokenClient(20885): Configuration not dispatch to IME because configuration is up to date. Current config={1.3 ?mcc0mnc [en_US] ldltr sw723dp w1157dp h723dp 354dpi xlrg land finger qwerty/v/v dpad/v winConfig={ mBounds=Rect(0, 0 - 2560, 1600) mAppBounds=Rect(0, 0 - 2560, 1600) mMaxBounds=Rect(0, 0 - 2560, 1600) mDisplayRotation=ROTATION_0 mWindowingMode=fullscreen mActivityType=undefined mAlwaysOnTop=undefined mRotation=ROTATION_0} s.8 fontWeightAdjustment=0}, reported config={1.3 ?mcc0mnc [en_US] ldltr sw723dp w1157dp h723dp 354dpi xlrg land finger qwerty/v/v dpad/v winConfig={ mBounds=Rect(0, 0 - 2560, 1600) mAppBounds=Rect(0, 0 - 2560, 1600) mMaxBounds=Rect(0, 0 - 2560, 1600) mDisplayRotation=ROTATION_0 mWindowingMode=fullscreen mActivityType=undefined mAlwaysOnTop=undefined mRotation=ROTATION_0} s.8 fontWeightAdjustment=0}, updated config={1.3 ?mcc0mnc [en_US] ldltr sw723dp w1157dp h723dp 354dpi xlrg land finger qwerty/v/v dpad/v winConfig={ mBounds=Rect(0, 0 - 2560, 1600) mAppBounds=Rect(0, 0 - 2560, 1600) mMaxBounds=Rect(0, 0 - 2560, 1600) mDisplayRotation=ROTATION_0 mWindowingMode=fullscreen mActivityType=undefined mAlwaysOnTop=undefined mRotation=ROTATION_0} s.8 fontWeightAdjustment=0}, updated display ID=0
04-19 22:39:27.257 D/WindowTokenClient(20885): Configuration not dispatch to IME because configuration is up to date. Current config={1.3 ?mcc0mnc [en_US] ldltr sw723dp w1157dp h723dp 354dpi xlrg land finger qwerty/v/v dpad/v winConfig={ mBounds=Rect(0, 0 - 2560, 1600) mAppBounds=Rect(0, 0 - 2560, 1600) mMaxBounds=Rect(0, 0 - 2560, 1600) mDisplayRotation=ROTATION_0 mWindowingMode=fullscreen mActivityType=undefined mAlwaysOnTop=undefined mRotation=ROTATION_0} s.8 fontWeightAdjustment=0}, reported config={1.3 ?mcc0mnc [en_US] ldltr sw723dp w1157dp h723dp 354dpi xlrg land finger qwerty/v/v dpad/v winConfig={ mBounds=Rect(0, 0 - 2560, 1600) mAppBounds=Rect(0, 0 - 2560, 1600) mMaxBounds=Rect(0, 0 - 2560, 1600) mDisplayRotation=ROTATION_0 mWindowingMode=fullscreen mActivityType=undefined mAlwaysOnTop=undefined mRotation=ROTATION_0} s.8 fontWeightAdjustment=0}, updated config={1.3 ?mcc0mnc [en_US] ldltr sw723dp w1157dp h723dp 354dpi xlrg land finger qwerty/v/v dpad/v winConfig={ mBounds=Rect(0, 0 - 2560, 1600) mAppBounds=Rect(0, 0 - 2560, 1600) mMaxBounds=Rect(0, 0 - 2560, 1600) mDisplayRotation=ROTATION_0 mWindowingMode=fullscreen mActivityType=undefined mAlwaysOnTop=undefined mRotation=ROTATION_0} s.8 fontWeightAdjustment=0}, updated display ID=0
04-19 22:39:27.258 I/GoogleInputMethodService(20885): GoogleInputMethodService.onStartInput():1986 onStartInput(EditorInfo{EditorInfo{packageName=com.google.android.apps.nexuslauncher, inputType=0, inputTypeString=NULL, enableLearning=false, autoCorrection=false, autoComplete=false, imeOptions=0, privateImeOptions=null, actionName=UNSPECIFIED, actionLabel=null, initialSelStart=-1, initialSelEnd=-1, initialCapsMode=0, label=null, fieldId=0, fieldName=null, extras=null, hintText=null, hintLocales=[]}}, false)
04-19 22:39:27.258 I/GoogleInputMethodService(20885): GoogleInputMethodService.updateDeviceLockedStatus():2248 repeatCheckTimes = 1, locked = false
04-19 22:39:27.259 I/AndroidIME(20885): InputBundleManager.loadActiveInputBundleId():450 loadActiveInputBundleId: und-Latn-x-password, password
04-19 22:39:27.259 I/HardKeyTracker(20885): HardKeyTracker.registerKeySequence():139 Register key sequence lnk{labelResId=2132019800, callback=gnd@d4efa1a, lastModifier=0, keyCodes=[57, 57], actions=[1, 0]}
04-19 22:39:27.259 I/HardKeyTracker(20885): HardKeyTracker.registerKeySequence():139 Register key sequence lnk{labelResId=0, callback=gnd@e381441, lastModifier=0, keyCodes=[58, 58], actions=[1, 0]}
04-19 22:39:27.260 W/PackageConfigPersister(  590): App-specific configuration not found for packageName: com.google.android.apps.nexuslauncher and userId: 0
04-19 22:39:27.261 W/ActivityTaskManager(  590): Unable to send transaction to client proc com.impos2.mixcretailassemblyrn84: no app thread
04-19 22:39:27.262 I/Environment(20885): Environment.isPackageInstalled():234 com.bitstrips.imoji is not installed
04-19 22:39:27.262 W/AndroidCreativeStickerFetcherFactory(20885): AndroidCreativeStickerFetcherFactory.createFetcher():19 Empty host or api key
04-19 22:39:27.266 I/SP      (20885): Scheduling job with delay of 0s for {m:b:u:l, bg}, 2 candidates
04-19 22:39:27.269 E/JobScheduler.JobStatus(  590): App com.google.android.inputmethod.latin became active but still in NEVER bucket
04-19 22:39:27.272 I/SP      (20885): Scheduling job with delay of 0s for {W:b:u:l, bg}, 1 candidates
04-19 22:39:27.277 W/ActivityTaskManager(  590): Unable to send transaction to client proc com.impos2.mixcretailassemblyrn84: no app thread
04-19 22:39:27.278 E/JobScheduler.JobStatus(  590): App com.google.android.inputmethod.latin became active but still in NEVER bucket
04-19 22:39:27.282 I/SP      (20885): Scheduling: download registered, 0 started, 0 paused, 3 scheduled, 3 pending: manifests:next-word-predictor-20210507 * {m:b:u:l, bg}, manifests:emoji-2023020111 * {m:b:u:l, bg}, manifests:emoticon_content_description-2022081613 * {W:b:u:l, bg}
04-19 22:39:27.284 I/SuperpacksManagerImpl(20885): SuperpacksManagerImpl$3$1.onFailure():588 emoticon_content_description.registerManifest() cancelled
04-19 22:39:27.284 I/SP      (20885): Registering emoticon_content_description.2022081613, url: https://www.gstatic.com/android/keyboard/emoticon_content_desc/202208161305/superpacks_manifest.json, constraints: W:*:*:*, flags: bg, requested: 2022081613, current: -1
04-19 22:39:27.284 I/SP      (20885): Registering emoticon_content_description.2022081613, url: https://www.gstatic.com/android/keyboard/emoticon_content_desc/202208161305/superpacks_manifest.json, constraints: W:*:*:*, flags: bg, requested: 2022081613, current: -1
04-19 22:39:27.287 I/resolv  (  388): GetAddrInfoHandler::run: {0 262144 0 983040 10144 0}
04-19 22:39:27.287 I/resolv  (  388): GetAddrInfoHandler::run: {0 262144 0 983040 10144 0}
04-19 22:39:27.289 W/A       (21035): CompleteServer request has failed and can't show offline suggestions.
04-19 22:39:27.289 W/A       (21035): com.google.frameworks.client.data.android.ac: Http networking stack error
04-19 22:39:27.289 W/A       (21035): 	at com.google.frameworks.client.data.android.x.run(PG:36)
04-19 22:39:27.289 W/A       (21035): 	at com.google.android.libraries.k.x.run(PG:3)
04-19 22:39:27.289 W/A       (21035): 	at com.google.common.n.c.c.run(PG:50)
04-19 22:39:27.289 W/A       (21035): 	at com.google.android.libraries.k.e.run(PG:8)
04-19 22:39:27.289 W/A       (21035): 	at java.lang.Thread.run(Thread.java:1012)
04-19 22:39:27.289 W/A       (21035): 	at com.google.android.libraries.k.d.b.run(PG:74)
04-19 22:39:27.289 W/A       (21035): Caused by: org.chromium.net.impl.ct: Exception in CronetUrlRequest: net::ERR_INTERNET_DISCONNECTED, ErrorCode=2, InternalErrorCode=-106, Retryable=false
04-19 22:39:27.289 W/A       (21035): 	at org.chromium.net.impl.CronetUrlRequest.onError(PG:80)
04-19 22:39:27.290 W/A       (21035): #getSuggestions failed
04-19 22:39:27.290 W/A       (21035): com.google.frameworks.client.data.android.ac: Http networking stack error
04-19 22:39:27.290 W/A       (21035): 	at com.google.frameworks.client.data.android.x.run(PG:36)
04-19 22:39:27.290 W/A       (21035): 	at com.google.android.libraries.k.x.run(PG:3)
04-19 22:39:27.290 W/A       (21035): 	at com.google.common.n.c.c.run(PG:50)
04-19 22:39:27.290 W/A       (21035): 	at com.google.android.libraries.k.e.run(PG:8)
04-19 22:39:27.290 W/A       (21035): 	at java.lang.Thread.run(Thread.java:1012)
04-19 22:39:27.290 W/A       (21035): 	at com.google.android.libraries.k.d.b.run(PG:74)
04-19 22:39:27.290 W/A       (21035): Caused by: org.chromium.net.impl.ct: Exception in CronetUrlRequest: net::ERR_INTERNET_DISCONNECTED, ErrorCode=2, InternalErrorCode=-106, Retryable=false
04-19 22:39:27.290 W/A       (21035): 	at org.chromium.net.impl.CronetUrlRequest.onError(PG:80)
04-19 22:39:27.292 E/OneSearchSuggestProvider( 1099): Unable to get suggestions from AGA
04-19 22:39:27.292 E/OneSearchSuggestProvider( 1099): io.grpc.StatusRuntimeException: UNKNOWN
04-19 22:39:27.292 E/OneSearchSuggestProvider( 1099): 	at l3.e.a(go/retraceme 6422cbaa18704413bfb3e93ebb8478614d3644845132061bc54b1fae066de31d:77)
04-19 22:39:27.292 E/OneSearchSuggestProvider( 1099): 	at j3.l.b(go/retraceme 6422cbaa18704413bfb3e93ebb8478614d3644845132061bc54b1fae066de31d:43)
04-19 22:39:27.292 E/OneSearchSuggestProvider( 1099): 	at j3.l.a(go/retraceme 6422cbaa18704413bfb3e93ebb8478614d3644845132061bc54b1fae066de31d:27)
04-19 22:39:27.292 E/OneSearchSuggestProvider( 1099): 	at j3.z.run(go/retraceme 6422cbaa18704413bfb3e93ebb8478614d3644845132061bc54b1fae066de31d:7)
04-19 22:39:27.292 E/OneSearchSuggestProvider( 1099): 	at j3.m2.run(go/retraceme 6422cbaa18704413bfb3e93ebb8478614d3644845132061bc54b1fae066de31d:19)
04-19 22:39:27.292 E/OneSearchSuggestProvider( 1099): 	at java.util.concurrent.ThreadPoolExecutor.runWorker(ThreadPoolExecutor.java:1145)
04-19 22:39:27.292 E/OneSearchSuggestProvider( 1099): 	at java.util.concurrent.ThreadPoolExecutor$Worker.run(ThreadPoolExecutor.java:644)
04-19 22:39:27.292 E/OneSearchSuggestProvider( 1099): 	at java.lang.Thread.run(Thread.java:1012)
04-19 22:39:27.293 D/SearchTargetUtil( 1099): query= size=0
04-19 22:39:27.295 I/SP      (20885): Scheduling job with delay of 0s for {m:b:u:l, bg}, 2 candidates
04-19 22:39:27.297 E/JobScheduler.JobStatus(  590): App com.google.android.inputmethod.latin became active but still in NEVER bucket
04-19 22:39:27.305 I/SP      (20885): Scheduling job with delay of 0s for {W:b:u:l, bg}, 1 candidates
04-19 22:39:27.306 E/JobScheduler.JobStatus(  590): App com.google.android.inputmethod.latin became active but still in NEVER bucket
04-19 22:39:27.310 W/ActivityTaskManager(  590): Unable to send transaction to client proc com.impos2.mixcretailassemblyrn84: no app thread
04-19 22:39:27.314 I/SP      (20885): Scheduling: download registered, 0 started, 0 paused, 3 scheduled, 3 pending: manifests:next-word-predictor-20210507 * {m:b:u:l, bg}, manifests:emoji-2023020111 * {m:b:u:l, bg}, manifests:emoticon_content_description-2022081613 * {W:b:u:l, bg}
04-19 22:39:27.314 I/SuperpacksManagerImpl(20885): SuperpacksManagerImpl$3$1.onFailure():588 emoticon_content_description.registerManifest() cancelled
04-19 22:39:27.315 I/SuperpacksManagerImpl(20885): SuperpacksManagerImpl$3$1.onFailure():588 emoticon_content_description.registerManifest() cancelled
04-19 22:39:27.334 I/system_server(  590): NativeAlloc concurrent mark compact GC freed 12MB AllocSpace bytes, 55(1116KB) LOS objects, 44% free, 29MB/53MB, paused 1.827ms,1.229ms total 118.363ms
04-19 22:39:27.336 I/BpBinder(  590): onLastStrongRef automatically unlinking death recipients: 
04-19 22:39:27.337 W/system_server(  590): ApkAssets: Deleting an ApkAssets object '<empty> and /product/priv-app/Velvet/Velvet.apk' with 1 weak references
04-19 22:39:27.338 W/system_server(  590): ApkAssets: Deleting an ApkAssets object '<empty> and /product/app/LatinIMEGooglePrebuilt/LatinIMEGooglePrebuilt.apk' with 1 weak references
04-19 22:39:27.338 W/system_server(  590): ApkAssets: Deleting an ApkAssets object '<empty> and /product/app/GoogleTTS/GoogleTTS.apk' with 1 weak references
04-19 22:39:27.464 W/WindowManager(  590): Failed looking up window session=Session{330fbed 836:u0a10186} callers=com.android.server.wm.WindowManagerService.removeClientToken:2058 com.android.server.wm.Session.remove:274 android.view.IWindowSession$Stub.onTransact:685 
04-19 22:39:27.465 W/WindowManager(  590): Failed looking up window session=Session{330fbed 836:u0a10186} callers=com.android.server.wm.WindowManagerService.removeClientToken:2058 com.android.server.wm.Session.remove:274 android.view.IWindowSession$Stub.onTransact:685 
04-19 22:39:27.466 V/WindowManagerShell(  836): Transition animation finished (aborted=false), notifying core (#471) android.os.BinderProxy@241f485@0
04-19 22:39:27.467 V/WindowManager(  590): Finish Transition (#471): created at 04-19 22:39:27.133 collect-started=0.032ms request-sent=0.136ms started=2.198ms ready=48.134ms sent=65.735ms finished=333.796ms
04-19 22:39:27.467 E/IPCThreadState(  590): Binder transaction failure. id: 40448242, BR_*: 29189, error: -22 (Invalid argument)
04-19 22:39:27.467 W/ActivityManager(  590): pid 590 system sent binder code 7 with flags 1 to frozen apps and got error -32
04-19 22:39:27.467 W/WindowManager(  590): Exception thrown during dispatchAppVisibility Window{f17a23c u0 com.impos2.mixcretailassemblyrn84/com.impos2.mixcretailassemblyrn84.MainActivity EXITING}
04-19 22:39:27.467 W/WindowManager(  590): android.os.DeadObjectException
04-19 22:39:27.467 W/WindowManager(  590): 	at android.os.BinderProxy.transactNative(Native Method)
04-19 22:39:27.467 W/WindowManager(  590): 	at android.os.BinderProxy.transact(BinderProxy.java:586)
04-19 22:39:27.467 W/WindowManager(  590): 	at android.view.IWindow$Stub$Proxy.dispatchAppVisibility(IWindow.java:553)
04-19 22:39:27.467 W/WindowManager(  590): 	at com.android.server.wm.WindowState.sendAppVisibilityToClients(WindowState.java:3253)
04-19 22:39:27.467 W/WindowManager(  590): 	at com.android.server.wm.WindowContainer.sendAppVisibilityToClients(WindowContainer.java:1289)
04-19 22:39:27.467 W/WindowManager(  590): 	at com.android.server.wm.WindowToken.setClientVisible(WindowToken.java:403)
04-19 22:39:27.467 W/WindowManager(  590): 	at com.android.server.wm.ActivityRecord.setClientVisible(ActivityRecord.java:7166)
04-19 22:39:27.467 W/WindowManager(  590): 	at com.android.server.wm.ActivityRecord.postApplyAnimation(ActivityRecord.java:5881)
04-19 22:39:27.467 W/WindowManager(  590): 	at com.android.server.wm.ActivityRecord.commitVisibility(ActivityRecord.java:5823)
04-19 22:39:27.467 W/WindowManager(  590): 	at com.android.server.wm.Transition.finishTransition(Transition.java:1286)
04-19 22:39:27.467 W/WindowManager(  590): 	at com.android.server.wm.TransitionController.finishTransition(TransitionController.java:937)
04-19 22:39:27.467 W/WindowManager(  590): 	at com.android.server.wm.WindowOrganizerController.finishTransition(WindowOrganizerController.java:494)
04-19 22:39:27.467 W/WindowManager(  590): 	at android.window.IWindowOrganizerController$Stub.onTransact(IWindowOrganizerController.java:289)
04-19 22:39:27.467 W/WindowManager(  590): 	at com.android.server.wm.WindowOrganizerController.onTransact(WindowOrganizerController.java:204)
04-19 22:39:27.467 W/WindowManager(  590): 	at android.os.Binder.execTransactInternal(Binder.java:1505)
04-19 22:39:27.467 W/WindowManager(  590): 	at android.os.Binder.execTransact(Binder.java:1444)
04-19 22:39:27.467 W/Process (  590): Unable to open /proc/8761/status
04-19 22:39:27.467 E/IPCThreadState(  590): Binder transaction failure. id: 40448245, BR_*: 29189, error: -22 (Invalid argument)
04-19 22:39:27.467 W/ActivityManager(  590): pid 590 system sent binder code 7 with flags 1 to frozen apps and got error -32
04-19 22:39:27.467 D/ActivityManager(  590): Too many transaction errors, throttling freezer binder callback.
04-19 22:39:27.468 W/WindowManager(  590): Exception thrown during dispatchAppVisibility Window{dfee56 u0 com.impos2.mixcretailassemblyrn84/com.impos2.mixcretailassemblyrn84.SecondaryActivity EXITING}
04-19 22:39:27.468 W/WindowManager(  590): android.os.DeadObjectException
04-19 22:39:27.468 W/WindowManager(  590): 	at android.os.BinderProxy.transactNative(Native Method)
04-19 22:39:27.468 W/WindowManager(  590): 	at android.os.BinderProxy.transact(BinderProxy.java:586)
04-19 22:39:27.468 W/WindowManager(  590): 	at android.view.IWindow$Stub$Proxy.dispatchAppVisibility(IWindow.java:553)
04-19 22:39:27.468 W/WindowManager(  590): 	at com.android.server.wm.WindowState.sendAppVisibilityToClients(WindowState.java:3253)
04-19 22:39:27.468 W/WindowManager(  590): 	at com.android.server.wm.WindowContainer.sendAppVisibilityToClients(WindowContainer.java:1289)
04-19 22:39:27.468 W/WindowManager(  590): 	at com.android.server.wm.WindowToken.setClientVisible(WindowToken.java:403)
04-19 22:39:27.468 W/WindowManager(  590): 	at com.android.server.wm.ActivityRecord.setClientVisible(ActivityRecord.java:7166)
04-19 22:39:27.468 W/WindowManager(  590): 	at com.android.server.wm.ActivityRecord.postApplyAnimation(ActivityRecord.java:5881)
04-19 22:39:27.468 W/WindowManager(  590): 	at com.android.server.wm.ActivityRecord.commitVisibility(ActivityRecord.java:5823)
04-19 22:39:27.468 W/WindowManager(  590): 	at com.android.server.wm.Transition.finishTransition(Transition.java:1286)
04-19 22:39:27.468 W/WindowManager(  590): 	at com.android.server.wm.TransitionController.finishTransition(TransitionController.java:937)
04-19 22:39:27.468 W/WindowManager(  590): 	at com.android.server.wm.WindowOrganizerController.finishTransition(WindowOrganizerController.java:494)
04-19 22:39:27.468 W/WindowManager(  590): 	at android.window.IWindowOrganizerController$Stub.onTransact(IWindowOrganizerController.java:289)
04-19 22:39:27.468 W/WindowManager(  590): 	at com.android.server.wm.WindowOrganizerController.onTransact(WindowOrganizerController.java:204)
04-19 22:39:27.468 W/WindowManager(  590): 	at android.os.Binder.execTransactInternal(Binder.java:1505)
04-19 22:39:27.468 W/WindowManager(  590): 	at android.os.Binder.execTransact(Binder.java:1444)
04-19 22:39:27.468 W/Process (  590): Unable to open /proc/8837/status
04-19 22:39:27.469 I/binder  ( 3326): 3326:590 cannot find target node
04-19 22:39:27.469 I/binder  ( 3326): 590:3326 transaction async to 0:0 failed 40448242/29189/-22, size 64-0 line 3265
04-19 22:39:27.469 I/binder  ( 3326): 3326:590 cannot find target node
04-19 22:39:27.469 I/binder  ( 3326): 590:3326 transaction async to 0:0 failed 40448245/29189/-22, size 64-0 line 3265
04-19 22:39:27.473 V/WindowManagerShell(  836): Track 0 became idle
04-19 22:39:27.473 V/WindowManagerShell(  836): All active transition animations finished
04-19 22:39:27.473 V/ShellDesktopMode(  836): Task Vanished: #824 closed=true
04-19 22:39:27.474 V/ShellDesktopMode(  836): Task Vanished: #823 closed=true
04-19 22:39:27.474 W/UserManagerService(  590): Requested status bar icon for non-badged user 0
04-19 22:39:27.475 W/UserManagerService(  590): Requested status bar icon for non-badged user 0
04-19 22:39:27.476 W/UserManagerService(  590): Requested status bar icon for non-badged user 0
04-19 22:39:27.480 W/UserManagerService(  590): Requested status bar icon for non-badged user 0
04-19 22:39:27.483 I/TopTaskTracker( 1099): onTaskRemoved: taskId=824
04-19 22:39:27.484 I/TopTaskTracker( 1099): onTaskRemoved: taskId=824
04-19 22:39:27.484 I/TopTaskTracker( 1099): onTaskRemoved: taskId=823
04-19 22:39:27.484 I/TopTaskTracker( 1099): onTaskRemoved: taskId=823
04-19 22:39:27.509 E/BpTransactionCompletedListener(  439): Failed to transact (-32)
04-19 22:39:27.510 E/BpTransactionCompletedListener(  439): Failed to transact (-32)
04-19 22:39:27.644 W/FrameTracker( 1099): Missed SF frame:PREDICTION_ERROR, 160118229, 0, CUJ=J<TASKBAR_EXPAND::App to Home>
04-19 22:39:27.645 W/FrameTracker( 1099): Missing HWUI jank callback for vsyncId: 160118229, CUJ=J<TASKBAR_EXPAND::App to Home>
04-19 22:39:27.645 W/FrameTracker( 1099): Missed SF frame:PREDICTION_ERROR, 160118287, 12292298, CUJ=J<TASKBAR_EXPAND::App to Home>
04-19 22:39:27.645 W/FrameTracker( 1099): Missed SF frame:PREDICTION_ERROR, 160118345, 8952674, CUJ=J<TASKBAR_EXPAND::App to Home>
04-19 22:39:27.645 W/FrameTracker( 1099): Missed SF frame:PREDICTION_ERROR, 160118367, 6322133, CUJ=J<TASKBAR_EXPAND::App to Home>
04-19 22:39:27.645 W/FrameTracker( 1099): Missed SF frame:PREDICTION_ERROR, 160118396, 7935842, CUJ=J<TASKBAR_EXPAND::App to Home>
04-19 22:39:27.645 W/FrameTracker( 1099): Missed SF frame:PREDICTION_ERROR, 160118447, 5886552, CUJ=J<TASKBAR_EXPAND::App to Home>
04-19 22:39:27.645 W/FrameTracker( 1099): Missed SF frame:PREDICTION_ERROR, 160118477, 5989470, CUJ=J<TASKBAR_EXPAND::App to Home>
04-19 22:39:27.645 W/FrameTracker( 1099): Missed SF frame:PREDICTION_ERROR, 160118507, 5511972, CUJ=J<TASKBAR_EXPAND::App to Home>
04-19 22:39:27.645 W/FrameTracker( 1099): Missed SF frame:PREDICTION_ERROR, 160118665, 5098479, CUJ=J<TASKBAR_EXPAND::App to Home>
04-19 22:39:27.645 V/PerfettoTrigger( 1099): Not triggering com.android.telemetry.interaction-jank-monitor-60 - not enough time since last trigger
04-19 22:39:28.767 D/EGL_emulation( 1099): app_time_stats: avg=176.83ms min=13.89ms max=1430.07ms count=9
04-19 22:39:28.877 I/AidlLazyServiceRegistrar( 8697): Process has 0 (of 1 available) client(s) in use after notification artd has clients: 0
04-19 22:39:28.877 I/AidlLazyServiceRegistrar( 8697): Trying to shut down the service. No clients in use for any service in process.
04-19 22:39:28.877 I/AidlLazyServiceRegistrar( 8697): Unregistered all clients and exiting
04-19 22:39:28.878 I/servicemanager(  157): Notifying artd they don't (previously: do) have clients when we now have no record of a client
04-19 22:39:28.879 I/servicemanager(  157): Caller(pid=8697,uid=1082,sid=u:r:artd:s0) Unregistering artd
04-19 22:39:28.879 I/BpBinder(  157): onLastStrongRef automatically unlinking death recipients:
04-19 22:39:28.884 I/init    (    1): Service 'artd' (pid 8697) exited with status 0 oneshot service took 68.551003 seconds in background
04-19 22:39:28.884 I/init    (    1): Sending signal 9 to service 'artd' (pid 8697) process group...
04-19 22:39:28.884 I/libprocessgroup(    1): Removed cgroup /sys/fs/cgroup/uid_1082/pid_8697
04-19 22:39:29.034 D/EGL_emulation( 1099): app_time_stats: avg=55.80ms min=14.35ms max=1020.78ms count=33
04-19 22:39:30.983 E/TaskPersister(  590): File error accessing recents directory (directory doesn't exist?).
04-19 22:39:31.016 D/EGL_emulation( 1099): app_time_stats: avg=991.02ms min=980.12ms max=1001.92ms count=2
04-19 22:39:33.013 D/EGL_emulation( 1099): app_time_stats: avg=998.72ms min=997.74ms max=999.70ms count=2
04-19 22:39:34.015 D/EGL_emulation( 1099): app_time_stats: avg=1001.73ms min=1001.73ms max=1001.73ms count=1
04-19 22:39:36.015 D/EGL_emulation( 1099): app_time_stats: avg=999.53ms min=998.64ms max=1000.42ms count=2
04-19 22:39:37.017 D/EGL_emulation( 1099): app_time_stats: avg=1002.18ms min=1002.18ms max=1002.18ms count=1
04-19 22:39:37.201 D/ActivityManager(  590): freezing 22500 com.google.android.apps.wellbeing
04-19 22:39:37.203 D/InetDiagMessage(  590): Destroyed 0 sockets, proto=IPPROTO_TCP, family=AF_INET, states=14
04-19 22:39:37.203 D/InetDiagMessage(  590): Destroyed 0 sockets, proto=IPPROTO_TCP, family=AF_INET6, states=14
04-19 22:39:37.203 D/InetDiagMessage(  590): Destroyed live tcp sockets for uids={10142} in 1ms
04-19 22:39:39.014 D/EGL_emulation( 1099): app_time_stats: avg=998.43ms min=998.05ms max=998.81ms count=2
04-19 22:39:39.819 W/ActivityTaskManager(  590): callingPackage for (uid=2000, pid=8930) has no WPC
04-19 22:39:39.820 W/OptProp (  590): Cannot read opt property android.window.PROPERTY_COMPAT_ALLOW_USER_ASPECT_RATIO_OVERRIDE
04-19 22:39:39.820 W/OptProp (  590): Cannot read opt property android.window.PROPERTY_COMPAT_ALLOW_USER_ASPECT_RATIO_FULLSCREEN_OVERRIDE
04-19 22:39:39.820 W/OptProp (  590): Cannot read opt property android.window.PROPERTY_COMPAT_ALLOW_ORIENTATION_OVERRIDE
04-19 22:39:39.820 V/GrammaticalInflectionUtils(  590): AttributionSource: AttributionSource { uid = 10212, packageName = null, attributionTag = null, token = android.os.Binder@bdb3573, deviceId = 0, next = null } does not have READ_SYSTEM_GRAMMATICAL_GENDER permission.
04-19 22:39:39.821 W/OptProp (  590): Cannot read opt property android.window.PROPERTY_COMPAT_ALLOW_RESIZEABLE_ACTIVITY_OVERRIDES
04-19 22:39:39.821 W/OptProp (  590): Cannot read opt property android.window.PROPERTY_COMPAT_ALLOW_MIN_ASPECT_RATIO_OVERRIDE
04-19 22:39:39.823 W/InputDispatcher(  590): Focused display #0 does not have a focused window.
04-19 22:39:39.823 E/InputDispatcher(  590): But another display has a focused window
04-19 22:39:39.823 E/InputDispatcher(  590):   FocusedWindows:
04-19 22:39:39.823 E/InputDispatcher(  590):     displayId=2, name='57831cd com.google.android.apps.nexuslauncher/com.android.launcher3.secondarydisplay.SecondaryDisplayLauncher'
