--------- beginning of system
04-19 22:39:27.131 I/ActivityManager(  590): Force stopping com.impos2.mixcretailassemblyrn84 appid=10212 user=0: from pid 8916
--------- beginning of main
04-19 22:39:27.132 W/IPCThreadState(  590): Sending oneway calls to frozen process.
04-19 22:39:27.132 I/ActivityManager(  590): Killing 8837:com.impos2.mixcretailassemblyrn84:secondary/u0a212 (adj 0): stop com.impos2.mixcretailassemblyrn84 due to from pid 8916
04-19 22:39:27.133 W/ActivityTaskManager(  590): Force removing ActivityRecord{5c8ad15 u0 com.impos2.mixcretailassemblyrn84/.SecondaryActivity t824 f}}: app died, no saved state
04-19 22:39:27.133 V/WindowManagerShell(  836): Transition requested (#471): android.os.BinderProxy@241f485 TransitionRequestInfo { type = CLOSE, triggerTask = TaskInfo{userId=0 taskId=824 displayId=2 isRunning=false baseIntent=Intent { flg=0x18000000 cmp=com.impos2.mixcretailassemblyrn84/.SecondaryActivity } baseActivity=null topActivity=null origActivity=null realActivity=ComponentInfo{com.impos2.mixcretailassemblyrn84/com.impos2.mixcretailassemblyrn84.SecondaryActivity} numActivities=0 lastActiveTime=250905036 supportsMultiWindow=true resizeMode=1 isResizeable=true minWidth=-1 minHeight=-1 defaultMinSize=220 token=WCT{android.window.IWindowContainerToken$Stub$Proxy@273d2da} topActivityType=1 pictureInPictureParams=null shouldDockBigOverlays=false launchIntoPipHostTaskId=-1 lastParentTaskIdBeforePip=-1 displayCutoutSafeInsets=null topActivityInfo=null launchCookies=[] positionInParent=Point(0, 0) parentTaskId=-1 isFocused=true isVisible=true isVisibleRequested=true isSleeping=false locusId=null displayAreaFeatureId=1 isTopActivityTransparent=false appCompatTaskInfo=AppCompatTaskInfo { topActivityInSizeCompat=false topActivityEligibleForLetterboxEducation= falseisLetterboxEducationEnabled= false isLetterboxDoubleTapEnabled= false topActivityEligibleForUserAspectRatioButton= false topActivityBoundsLetterboxed= false isFromLetterboxDoubleTap= false topActivityLetterboxVerticalPosition= -1 topActivityLetterboxHorizontalPosition= -1 topActivityLetterboxWidth=-1 topActivityLetterboxHeight=-1 isUserFullscreenOverrideEnabled=false isSystemFullscreenOverrideEnabled=false cameraCompatTaskInfo=CameraCompatTaskInfo { cameraCompatControlState=hidden freeformCameraCompatMode=inactive}}}, pipTask = null, remoteTransition = null, displayChange = null, flags = 0, debugId = 471 }
04-19 22:39:27.133 W/InputDispatcher(  590): Focused display #0 does not have a focused window.
04-19 22:39:27.133 E/InputDispatcher(  590): But another display has a focused window
04-19 22:39:27.133 E/InputDispatcher(  590):   FocusedWindows:
04-19 22:39:27.133 E/InputDispatcher(  590):     displayId=2, name='dfee56 com.impos2.mixcretailassemblyrn84/com.impos2.mixcretailassemblyrn84.SecondaryActivity'
04-19 22:39:27.135 D/DisplayManagerService(  590): Drop pending events for gone uid 10212
04-19 22:39:27.141 I/TopTaskTracker( 1099): onTaskMovedToFront: (moved taskInfo to front) taskId=672, baseIntent=Intent { act=android.intent.action.MAIN cat=[android.intent.category.SECONDARY_HOME] flg=0x10000100 pkg=com.google.android.apps.nexuslauncher cmp=com.google.android.apps.nexuslauncher/com.android.launcher3.secondarydisplay.SecondaryDisplayLauncher }
04-19 22:39:27.141 I/TopTaskTracker( 1099): onTaskMovedToFront: (removing top task on home display) taskId=823, baseIntent=Intent { flg=0x10000000 cmp=com.impos2.mixcretailassemblyrn84/.MainActivity }
04-19 22:39:27.141 I/ActivityManager(  590): Killing 8761:com.impos2.mixcretailassemblyrn84/u0a212 (adj 50): stop com.impos2.mixcretailassemblyrn84 due to from pid 8916
04-19 22:39:27.143 I/BpBinder(  439): onLastStrongRef automatically unlinking death recipients: 
04-19 22:39:27.149 W/ForegroundServiceTypeLoggerModule(  590): FGS stop call for: 10212 has no types!
04-19 22:39:27.149 W/ActivityTaskManager(  590): Force removing ActivityRecord{883cbd u0 com.impos2.mixcretailassemblyrn84/.MainActivity t823 f}}: app died, no saved state
04-19 22:39:27.155 I/ImeTracker(  590): com.impos2.mixcretailassemblyrn84:37b05e2d: onRequestHide at ORIGIN_SERVER reason HIDE_REMOVE_CLIENT fromUser false
04-19 22:39:27.155 I/ImeTracker(  590): com.impos2.mixcretailassemblyrn84:37b05e2d: onCancelled at PHASE_SERVER_SHOULD_HIDE
04-19 22:39:27.155 I/adbd    (  443): Remote process closed the socket (on MSG_PEEK)
04-19 22:39:27.156 I/WindowManager(  590): WIN DEATH: Window{dfee56 u0 com.impos2.mixcretailassemblyrn84/com.impos2.mixcretailassemblyrn84.SecondaryActivity}
04-19 22:39:27.156 W/InputManager-JNI(  590): Input channel object 'dfee56 com.impos2.mixcretailassemblyrn84/com.impos2.mixcretailassemblyrn84.SecondaryActivity (client)' was disposed without first being removed with the input manager!
--------- beginning of kernel
04-19 22:39:27.156 W/binder_debug(31800): 97 callbacks suppressed
04-19 22:39:27.156 I/binder  (31800): undelivered transaction 40446824, process died.
04-19 22:39:27.156 I/Zygote  (  389): Process 8837 exited due to signal 9 (Killed)
04-19 22:39:27.157 W/ProcessStats(  590): Tracking association SourceState{e668274 com.google.android.googlequicksearchbox:search/10144 Service #17033} whose proc state 8 is better than process ProcessState{cc910ab com.google.android.webview:sandboxed_process0:org.chromium.content.app.SandboxedProcessService0:0/10144 pkg=com.google.android.googlequicksearchbox} proc state 15 (5 skipped)
04-19 22:39:27.158 I/AppsFilter(  590): interaction: PackageSetting{7cc5e74 com.impos2.adapter.dev/10230} -> PackageSetting{cb81880 com.impos2.mixcretailassemblyrn84/10212} BLOCKED
04-19 22:39:27.158 I/AppsFilter(  590): interaction: PackageSetting{4e89c12 com.impos2.mixcretailrn84v2/10231} -> PackageSetting{cb81880 com.impos2.mixcretailassemblyrn84/10212} BLOCKED
04-19 22:39:27.158 I/AppsFilter(  590): interaction: PackageSetting{e841fe3 com.impos2.mixcretailrn84/10234} -> PackageSetting{cb81880 com.impos2.mixcretailassemblyrn84/10212} BLOCKED
04-19 22:39:27.158 I/AppsFilter(  590): interaction: PackageSetting{c8aede0 com.impos2.posadapter/10229} -> PackageSetting{cb81880 com.impos2.mixcretailassemblyrn84/10212} BLOCKED
04-19 22:39:27.159 W/ActivityManager(  590): setHasOverlayUi called on unknown pid: 8837
04-19 22:39:27.159 V/ActivityManager(  590): Got obituary of 8837:com.impos2.mixcretailassemblyrn84:secondary
04-19 22:39:27.160 W/ActivityTaskManager(  590): Unable to send transaction to client proc com.impos2.mixcretailassemblyrn84:secondary: no app thread
04-19 22:39:27.161 V/WindowManager(  590): Unknown focus tokens, dropping reportFocusChanged
04-19 22:39:27.166 I/AppWidgetServiceImpl(  590): Received broadcast: android.intent.action.PACKAGE_RESTARTED on user 0
04-19 22:39:27.166 I/AppWidgetServiceImpl(  590): Updating package stopped masked state for uid 10212 package com.impos2.mixcretailassemblyrn84 isStopped true
04-19 22:39:27.166 D/InetDiagMessage(  590): Destroyed 0 sockets, proto=IPPROTO_TCP, family=AF_INET, states=14
04-19 22:39:27.167 D/InetDiagMessage(  590): Destroyed 0 sockets, proto=IPPROTO_TCP, family=AF_INET6, states=14
04-19 22:39:27.167 D/InetDiagMessage(  590): Destroyed live tcp sockets for uids={10212} in 1ms
04-19 22:39:27.167 D/InetDiagMessage(  590): Destroyed 0 sockets, proto=IPPROTO_TCP, family=AF_INET, states=14
04-19 22:39:27.167 D/InetDiagMessage(  590): Destroyed 0 sockets, proto=IPPROTO_TCP, family=AF_INET6, states=14
04-19 22:39:27.167 D/InetDiagMessage(  590): Destroyed live tcp sockets for uids={20212} in 0ms
04-19 22:39:27.169 I/Zygote  (  389): Process 8761 exited due to signal 9 (Killed)
04-19 22:39:27.169 I/netd    (  388): tetherGetStats() -> {[]} <2.21ms>
04-19 22:39:27.169 V/ActivityManager(  590): Got obituary of 8761:com.impos2.mixcretailassemblyrn84
04-19 22:39:27.169 I/WindowManager(  590): WIN DEATH: Window{f17a23c u0 com.impos2.mixcretailassemblyrn84/com.impos2.mixcretailassemblyrn84.MainActivity}
04-19 22:39:27.170 W/InputManager-JNI(  590): Input channel object 'f17a23c com.impos2.mixcretailassemblyrn84/com.impos2.mixcretailassemblyrn84.MainActivity (client)' was disposed without first being removed with the input manager!
04-19 22:39:27.170 I/libprocessgroup(  590): Removed cgroup /sys/fs/cgroup/uid_10212/pid_8837
04-19 22:39:27.170 I/libprocessgroup(  590): Removed cgroup /sys/fs/cgroup/uid_10212/pid_8761
04-19 22:39:27.171 W/ActivityManager(  590): setHasOverlayUi called on unknown pid: 8761
04-19 22:39:27.171 I/adbd    (  443): Remote process closed the socket (on MSG_PEEK)
04-19 22:39:27.177 W/.apps.wellbeing(22500): ApkAssets: Deleting an ApkAssets object '<empty> and /product/app/YouTube/YouTube.apk' with 1 weak references
04-19 22:39:27.177 W/.apps.wellbeing(22500): ApkAssets: Deleting an ApkAssets object '<empty> and /product/overlay/DisplayCutoutEmulationCorner/DisplayCutoutEmulationCornerOverlay.apk' with 1 weak references
04-19 22:39:27.177 W/.apps.wellbeing(22500): ApkAssets: Deleting an ApkAssets object '<empty> and /apex/com.android.extservices/priv-app/GoogleExtServices@350820300/GoogleExtServices.apk' with 1 weak references
04-19 22:39:27.177 W/.apps.wellbeing(22500): ApkAssets: Deleting an ApkAssets object '<empty> and /product/priv-app/AndroidMediaShell/AndroidMediaShell.apk' with 1 weak references
04-19 22:39:27.177 W/.apps.wellbeing(22500): ApkAssets: Deleting an ApkAssets object '<empty> and /data/app/~~3N3vn8w5y8ccHDq5787iUQ==/com.impos2.posadapter-DxY_tj3LXZX-sctZUEAa_g==/base.apk' with 1 weak references
04-19 22:39:27.177 W/.apps.wellbeing(22500): ApkAssets: Deleting an ApkAssets object '<empty> and /product/overlay/DisplayCutoutEmulationDouble/DisplayCutoutEmulationDoubleOverlay.apk' with 1 weak references
04-19 22:39:27.177 W/.apps.wellbeing(22500): ApkAssets: Deleting an ApkAssets object '<empty> and /system/priv-app/TelephonyProvider/TelephonyProvider.apk' with 1 weak references
04-19 22:39:27.177 W/.apps.wellbeing(22500): ApkAssets: Deleting an ApkAssets object '/product/overlay/TelephonyProvider__tablet__auto_generated_characteristics_rro.apk' with 1 weak references
04-19 22:39:27.178 W/.apps.wellbeing(22500): ApkAssets: Deleting an ApkAssets object '<empty> and /product/priv-app/CarrierLocation/CarrierLocation.apk' with 1 weak references
04-19 22:39:27.178 W/.apps.wellbeing(22500): ApkAssets: Deleting an ApkAssets object '<empty> and /system/priv-app/DynamicSystemInstallationService/DynamicSystemInstallationService.apk' with 1 weak references
04-19 22:39:27.178 W/.apps.wellbeing(22500): ApkAssets: Deleting an ApkAssets object '<empty> and /product/priv-app/Velvet/Velvet.apk' with 1 weak references
04-19 22:39:27.178 W/.apps.wellbeing(22500): ApkAssets: Deleting an ApkAssets object '<empty> and /system/priv-app/CalendarProvider/CalendarProvider.apk' with 1 weak references
04-19 22:39:27.178 W/.apps.wellbeing(22500): ApkAssets: Deleting an ApkAssets object '<empty> and /product/priv-app/GoogleOneTimeInitializer/GoogleOneTimeInitializer.apk' with 1 weak references
04-19 22:39:27.178 W/.apps.wellbeing(22500): ApkAssets: Deleting an ApkAssets object '<empty> and /system/app/GoogleExtShared/GoogleExtShared.apk' with 1 weak references
04-19 22:39:27.178 W/.apps.wellbeing(22500): ApkAssets: Deleting an ApkAssets object '<empty> and /product/priv-app/CastAuthPrebuilt/CastAuthPrebuilt.apk' with 1 weak references
04-19 22:39:27.178 W/.apps.wellbeing(22500): ApkAssets: Deleting an ApkAssets object '<empty> and /system_ext/priv-app/DockSetup/DockSetup.apk' with 1 weak references
04-19 22:39:27.178 W/.apps.wellbeing(22500): ApkAssets: Deleting an ApkAssets object '/product/overlay/DockSetup__sdk_gtablet_arm64__auto_generated_rro_product.apk' with 1 weak references
04-19 22:39:27.178 W/.apps.wellbeing(22500): ApkAssets: Deleting an ApkAssets object '<empty> and /system/priv-app/ExternalStorageProvider/ExternalStorageProvider.apk' with 1 weak references
04-19 22:39:27.178 W/.apps.wellbeing(22500): ApkAssets: Deleting an ApkAssets object '<empty> and /system/app/HTMLViewer/HTMLViewer.apk' with 1 weak references
04-19 22:39:27.179 W/.apps.wellbeing(22500): ApkAssets: Deleting an ApkAssets object '<empty> and /system/app/CompanionDeviceManager/CompanionDeviceManager.apk' with 1 weak references
04-19 22:39:27.179 W/.apps.wellbeing(22500): ApkAssets: Deleting an ApkAssets object '/product/overlay/CompanionDeviceManager__tablet__auto_generated_characteristics_rro.apk' with 1 weak references
04-19 22:39:27.179 W/.apps.wellbeing(22500): ApkAssets: Deleting an ApkAssets object '<empty> and /system/priv-app/DownloadProvider/DownloadProvider.apk' with 1 weak references
04-19 22:39:27.179 W/.apps.wellbeing(22500): ApkAssets: Deleting an ApkAssets object '<empty> and /product/app/messaging/messaging.apk' with 1 weak references
04-19 22:39:27.179 W/.apps.wellbeing(22500): ApkAssets: Deleting an ApkAssets object '<empty> and /product/app/SoundPickerPrebuilt/SoundPickerPrebuilt.apk' with 1 weak references
04-19 22:39:27.179 W/.apps.wellbeing(22500): ApkAssets: Deleting an ApkAssets object '<empty> and /apex/com.android.mediaprovider/priv-app/MediaProviderGoogle@350820300/MediaProviderGoogle.apk' with 1 weak references
04-19 22:39:27.179 W/.apps.wellbeing(22500): ApkAssets: Deleting an ApkAssets object '<empty> and /data/app/~~-ordDuM73zu3Rfi-eQPBlQ==/com.impos2.mixcretailassemblyrn84-9bAmtlm0xRK43pkrPxT76Q==/base.apk' with 1 weak references
04-19 22:39:27.179 W/.apps.wellbeing(22500): ApkAssets: Deleting an ApkAssets object '<empty> and /system/priv-app/DownloadProviderUi/DownloadProviderUi.apk' with 1 weak references
04-19 22:39:27.179 W/.apps.wellbeing(22500): ApkAssets: Deleting an ApkAssets object '<empty> and /apex/com.android.wifi/app/OsuLoginGoogle@350820300/OsuLoginGoogle.apk' with 1 weak references
04-19 22:39:27.179 W/.apps.wellbeing(22500): ApkAssets: Deleting an ApkAssets object '<empty> and /system/app/PacProcessor/PacProcessor.apk' with 1 weak references
04-19 22:39:27.179 W/.apps.wellbeing(22500): ApkAssets: Deleting an ApkAssets object '<empty> and /system/app/SimAppDialog/SimAppDialog.apk' with 1 weak references
04-19 22:39:27.179 W/.apps.wellbeing(22500): ApkAssets: Deleting an ApkAssets object '<empty> and /apex/com.android.adservices/priv-app/AdServicesApkGoogle@350820260/AdServicesApkGoogle.apk' with 1 weak references
04-19 22:39:27.179 E/WindowManager(  590): Update wallpaper offsets before the system is ready. Aborting
04-19 22:39:27.179 W/.apps.wellbeing(22500): ApkAssets: Deleting an ApkAssets object '<empty> and /product/overlay/DisplayCutoutEmulationHole/DisplayCutoutEmulationHoleOverlay.apk' with 1 weak references
04-19 22:39:27.179 W/.apps.wellbeing(22500): ApkAssets: Deleting an ApkAssets object '<empty> and /product/overlay/DisplayCutoutEmulationTall/DisplayCutoutEmulationTallOverlay.apk' with 1 weak references
04-19 22:39:27.179 W/.apps.wellbeing(22500): ApkAssets: Deleting an ApkAssets object '<empty> and /system/app/CertInstaller/CertInstaller.apk' with 1 weak references
04-19 22:39:27.180 W/.apps.wellbeing(22500): ApkAssets: Deleting an ApkAssets object '<empty> and /product/app/talkback/talkback.apk' with 1 weak references
04-19 22:39:27.180 W/.apps.wellbeing(22500): ApkAssets: Deleting an ApkAssets object '/vendor/overlay/EmulatorTalkBackOverlay/EmulatorTalkBackOverlay.apk' with 1 weak references
04-19 22:39:27.180 W/.apps.wellbeing(22500): ApkAssets: Deleting an ApkAssets object '<empty> and /product/overlay/NavigationBarMode3Button/NavigationBarMode3ButtonOverlay.apk' with 1 weak references
04-19 22:39:27.180 W/.apps.wellbeing(22500): ApkAssets: Deleting an ApkAssets object '<empty> and /product/priv-app/HotwordEnrollmentXGoogleFUSIONPro/HotwordEnrollmentXGoogleFUSIONPro.apk' with 1 weak references
04-19 22:39:27.180 I/AppWidgetServiceImpl(  590): startListening() 0
04-19 22:39:27.180 W/.apps.wellbeing(22500): ApkAssets: Deleting an ApkAssets object '<empty> and /product/app/Camera2/Camera2.apk' with 1 weak references
04-19 22:39:27.180 W/.apps.wellbeing(22500): ApkAssets: Deleting an ApkAssets object '<empty> and /system/app/EasterEgg/EasterEgg.apk' with 1 weak references
04-19 22:39:27.180 W/.apps.wellbeing(22500): ApkAssets: Deleting an ApkAssets object '<empty> and /system/priv-app/MtpService/MtpService.apk' with 1 weak references
04-19 22:39:27.180 W/.apps.wellbeing(22500): ApkAssets: Deleting an ApkAssets object '<empty> and /apex/com.android.nfcservices/priv-app/NfcNciApexGoogle@AE3A.240806.046.T1/NfcNciApexGoogle.apk' with 1 weak references
04-19 22:39:27.180 W/.apps.wellbeing(22500): ApkAssets: Deleting an ApkAssets object '<empty> and /system/app/Stk/Stk.apk' with 1 weak references
04-19 22:39:27.180 W/.apps.wellbeing(22500): ApkAssets: Deleting an ApkAssets object '<empty> and /system_ext/priv-app/TheFlippinApp/TheFlippinApp.apk' with 1 weak references
04-19 22:39:27.180 W/.apps.wellbeing(22500): ApkAssets: Deleting an ApkAssets object '<empty> and /product/app/PrebuiltDeskClockGoogle/PrebuiltDeskClockGoogle.apk' with 1 weak references
04-19 22:39:27.180 D/VRI[NexusLauncherActivity]( 1099): visibilityChanged oldVisibility=false newVisibility=true
04-19 22:39:27.180 W/.apps.wellbeing(22500): ApkAssets: Deleting an ApkAssets object '<empty> and /product/overlay/NavigationBarMode2Button/NavigationBarMode2ButtonOverlay.apk' with 1 weak references
04-19 22:39:27.180 D/NexusLauncherModelDelegate( 1099): notifySmartspaceEvent: SmartspaceTargetEvent{mSmartspaceTarget=null, mSmartspaceActionId='null', mEventType=6}
04-19 22:39:27.180 W/.apps.wellbeing(22500): ApkAssets: Deleting an ApkAssets object '<empty> and /product/priv-app/DevicePersonalizationPrebuiltPixelTablet2023-aiai_20240329.00_RC16/DevicePersonalizationPrebuiltPixelTablet2023-aiai_20240329.00_RC16.apk' with 1 weak references
04-19 22:39:27.181 W/.apps.wellbeing(22500): ApkAssets: Deleting an ApkAssets object '<empty> and /product/app/PrebuiltGmail/PrebuiltGmail.apk' with 1 weak references
04-19 22:39:27.182 W/.apps.wellbeing(22500): ApkAssets: Deleting an ApkAssets object '<empty> and /data/app/~~nQsa2q86KwKnft4F4UFHRw==/com.impos2.mixcretailrn84-XalgpTe7Iu_hGdaeMct8gg==/base.apk' with 1 weak references
04-19 22:39:27.182 W/.apps.wellbeing(22500): ApkAssets: Deleting an ApkAssets object '<empty> and /apex/com.android.permission/priv-app/GooglePermissionController@350820360/GooglePermissionController.apk' with 1 weak references
04-19 22:39:27.182 W/.apps.wellbeing(22500): ApkAssets: Deleting an ApkAssets object '/product/overlay/GooglePermissionControllerOverlay.apk' with 1 weak references
04-19 22:39:27.182 W/.apps.wellbeing(22500): ApkAssets: Deleting an ApkAssets object '<empty> and /apex/com.android.btservices/app/BluetoothGoogle@342010060/BluetoothGoogle.apk' with 1 weak references
04-19 22:39:27.182 W/.apps.wellbeing(22500): ApkAssets: Deleting an ApkAssets object '<empty> and /system/priv-app/SettingsProvider/SettingsProvider.apk' with 1 weak references
04-19 22:39:27.182 W/.apps.wellbeing(22500): ApkAssets: Deleting an ApkAssets object '/vendor/overlay/SettingsProvider__sdk_gtablet_arm64__auto_generated_rro_vendor.apk' with 1 weak references
04-19 22:39:27.182 W/.apps.wellbeing(22500): ApkAssets: Deleting an ApkAssets object '/product/overlay/LargeScreenSettingsProviderOverlay.apk' with 1 weak references
04-19 22:39:27.182 W/.apps.wellbeing(22500): ApkAssets: Deleting an ApkAssets object '/product/overlay/SettingsProvider__sdk_gtablet_arm64__auto_generated_rro_product.apk' with 1 weak references
04-19 22:39:27.182 W/.apps.wellbeing(22500): ApkAssets: Deleting an ApkAssets object '/product/overlay/TitanSettingsProviderOverlay.apk' with 1 weak references
04-19 22:39:27.182 W/.apps.wellbeing(22500): ApkAssets: Deleting an ApkAssets object '<empty> and /system/app/PrintSpooler/PrintSpooler.apk' with 1 weak references
04-19 22:39:27.182 W/.apps.wellbeing(22500): ApkAssets: Deleting an ApkAssets object '<empty> and /product/priv-app/HotwordEnrollmentOKGoogleFUSIONPro/HotwordEnrollmentOKGoogleFUSIONPro.apk' with 1 weak references
04-19 22:39:27.182 W/.apps.wellbeing(22500): ApkAssets: Deleting an ApkAssets object '<empty> and /system/app/BasicDreams/BasicDreams.apk' with 1 weak references
04-19 22:39:27.182 W/.apps.wellbeing(22500): ApkAssets: Deleting an ApkAssets object '<empty> and /product/priv-app/DeviceIntelligenceNetworkPrebuilt-astrea_20240329.00_RC02/DeviceIntelligenceNetworkPrebuilt-astrea_20240329.00_RC02.apk' with 1 weak references
04-19 22:39:27.182 W/.apps.wellbeing(22500): ApkAssets: Deleting an ApkAssets object '<empty> and /system/priv-app/InputDevices/InputDevices.apk' with 1 weak references
04-19 22:39:27.183 W/.apps.wellbeing(22500): ApkAssets: Deleting an ApkAssets object '<empty> and /apex/com.android.devicelock/priv-app/DeviceLockControllerGoogle@AE3A.240806.046.T1/DeviceLockControllerGoogle.apk' with 1 weak references
04-19 22:39:27.183 W/.apps.wellbeing(22500): ApkAssets: Deleting an ApkAssets object '<empty> and /system/priv-app/BuiltInPrintService/BuiltInPrintService.apk' with 1 weak references
04-19 22:39:27.183 W/.apps.wellbeing(22500): ApkAssets: Deleting an ApkAssets object '<empty> and /system/app/CaptivePortalLoginGoogle/CaptivePortalLoginGoogle.apk' with 1 weak references
04-19 22:39:27.183 W/.apps.wellbeing(22500): ApkAssets: Deleting an ApkAssets object '<empty> and /system/priv-app/MusicFX/MusicFX.apk' with 1 weak references
04-19 22:39:27.183 W/.apps.wellbeing(22500): ApkAssets: Deleting an ApkAssets object '<empty> and /product/app/Drive/Drive.apk' with 1 weak references
04-19 22:39:27.183 W/.apps.wellbeing(22500): ApkAssets: Deleting an ApkAssets object '<empty> and /product/app/Maps/Maps.apk' with 1 weak references
04-19 22:39:27.183 W/.apps.wellbeing(22500): ApkAssets: Deleting an ApkAssets object '<empty> and /product/app/ModuleMetadataGoogle/ModuleMetadataGoogle.apk' with 1 weak references
04-19 22:39:27.183 W/.apps.wellbeing(22500): ApkAssets: Deleting an ApkAssets object '<empty> and /product/overlay/DisplayCutoutEmulationEmu01/DisplayCutoutEmulationEmu01Overlay.apk' with 1 weak references
04-19 22:39:27.183 W/.apps.wellbeing(22500): ApkAssets: Deleting an ApkAssets object '<empty> and /system_ext/priv-app/AvatarPickerGoogle/AvatarPickerGoogle.apk' with 1 weak references
04-19 22:39:27.184 W/.apps.wellbeing(22500): ApkAssets: Deleting an ApkAssets object '<empty> and /product/priv-app/KidsHomePrebuilt/KidsHomePrebuilt.apk' with 1 weak references
04-19 22:39:27.184 W/.apps.wellbeing(22500): ApkAssets: Deleting an ApkAssets object '<empty> and /product/app/MarkupGoogle_v2/MarkupGoogle_v2.apk' with 1 weak references
04-19 22:39:27.184 W/.apps.wellbeing(22500): ApkAssets: Deleting an ApkAssets object '<empty> and /system/priv-app/NetworkStackGoogle/NetworkStackGoogle.apk' with 1 weak references
04-19 22:39:27.184 W/.apps.wellbeing(22500): ApkAssets: Deleting an ApkAssets object '<empty> and /apex/com.android.rkpd/priv-app/rkpdapp.google@350820300/rkpdapp.google.apk' with 1 weak references
04-19 22:39:27.184 W/.apps.wellbeing(22500): ApkAssets: Deleting an ApkAssets object '<empty> and /product/app/GoogleContacts/GoogleContacts.apk' with 1 weak references
04-19 22:39:27.184 W/.apps.wellbeing(22500): ApkAssets: Deleting an ApkAssets object '<empty> and /system/priv-app/Telecom/Telecom.apk' with 1 weak references
04-19 22:39:27.184 W/.apps.wellbeing(22500): ApkAssets: Deleting an ApkAssets object '<empty> and /system/app/KeyChain/KeyChain.apk' with 1 weak references
04-19 22:39:27.184 W/.apps.wellbeing(22500): ApkAssets: Deleting an ApkAssets object '<empty> and /data/app/~~jwwipswfUo6k7ZtZC8X7aA==/com.android.chrome-NMopD1rBq8HOO9jbTqHd9w==/Chrome.apk' with 1 weak references
04-19 22:39:27.185 D/WindowManagerShell(  836): setLauncherKeepClearAreaHeight: visible=true, height=223
04-19 22:39:27.185 W/.apps.wellbeing(22500): ApkAssets: Deleting an ApkAssets object '<empty> and /data/app/~~JXob4Tig8lkoK6grnIoRDQ==/com.google.android.trichromelibrary_636771932-v7-OhOMBuMGJ9HOdFxznSA==/TrichromeLibrary.apk' with 1 weak references
04-19 22:39:27.185 W/.apps.wellbeing(22500): ApkAssets: Deleting an ApkAssets object '<empty> and /product/priv-app/Dialer/Dialer.apk' with 1 weak references
04-19 22:39:27.185 W/.apps.wellbeing(22500): ApkAssets: Deleting an ApkAssets object '<empty> and /system/priv-app/GooglePackageInstaller/GooglePackageInstaller.apk' with 1 weak references
04-19 22:39:27.185 W/.apps.wellbeing(22500): ApkAssets: Deleting an ApkAssets object '<empty> and /product/app/PixelThemesStub/PixelThemesStub.apk' with 1 weak references
04-19 22:39:27.185 W/.apps.wellbeing(22500): ApkAssets: Deleting an ApkAssets object '<empty> and /system_ext/priv-app/GoogleServicesFramework/GoogleServicesFramework.apk' with 1 weak references
04-19 22:39:27.185 W/.apps.wellbeing(22500): ApkAssets: Deleting an ApkAssets object '<empty> and /system/priv-app/TagGoogle/TagGoogle.apk' with 1 weak references
04-19 22:39:27.185 W/.apps.wellbeing(22500): ApkAssets: Deleting an ApkAssets object '<empty> and /product/app/GoogleTTS/GoogleTTS.apk' with 1 weak references
04-19 22:39:27.185 W/.apps.wellbeing(22500): ApkAssets: Deleting an ApkAssets object '<empty> and /system/priv-app/CallLogBackup/CallLogBackup.apk' with 1 weak references
04-19 22:39:27.185 W/.apps.wellbeing(22500): ApkAssets: Deleting an ApkAssets object '<empty> and /product/priv-app/PartnerSetupPrebuilt/PartnerSetupPrebuilt.apk' with 1 weak references
04-19 22:39:27.185 W/.apps.wellbeing(22500): ApkAssets: Deleting an ApkAssets object '<empty> and /system/app/CameraExtensionsProxy/CameraExtensionsProxy.apk' with 1 weak references
04-19 22:39:27.185 W/.apps.wellbeing(22500): ApkAssets: Deleting an ApkAssets object '<empty> and /product/app/NexusWallpapersStubPrebuilt2018/NexusWallpapersStubPrebuilt2018.apk' with 1 weak references
04-19 22:39:27.185 W/.apps.wellbeing(22500): ApkAssets: Deleting an ApkAssets object '<empty> and /product/app/PixelWallpapers2023Tablet/PixelWallpapers2023Tablet.apk' with 1 weak references
04-19 22:39:27.185 W/.apps.wellbeing(22500): ApkAssets: Deleting an ApkAssets object '<empty> and /system_ext/priv-app/NexusLauncherRelease/NexusLauncherRelease.apk' with 1 weak references
04-19 22:39:27.186 W/.apps.wellbeing(22500): ApkAssets: Deleting an ApkAssets object '/product/overlay/TitanNexusLauncherOverlay.apk' with 1 weak references
04-19 22:39:27.186 W/.apps.wellbeing(22500): ApkAssets: Deleting an ApkAssets object '<empty> and /system/app/CarrierDefaultApp/CarrierDefaultApp.apk' with 1 weak references
04-19 22:39:27.186 W/.apps.wellbeing(22500): ApkAssets: Deleting an ApkAssets object '<empty> and /system/priv-app/CredentialManager/CredentialManager.apk' with 1 weak references
04-19 22:39:27.186 W/.apps.wellbeing(22500): ApkAssets: Deleting an ApkAssets object '<empty> and /product/overlay/FontNotoSerifSource/FontNotoSerifSourceOverlay.apk' with 1 weak references
04-19 22:39:27.186 W/.apps.wellbeing(22500): ApkAssets: Deleting an ApkAssets object '<empty> and /system/priv-app/DeviceAsWebcam/DeviceAsWebcam.apk' with 1 weak references
04-19 22:39:27.186 W/.apps.wellbeing(22500): ApkAssets: Deleting an ApkAssets object '<empty> and /system/priv-app/ProxyHandler/ProxyHandler.apk' with 1 weak references
04-19 22:39:27.186 W/.apps.wellbeing(22500): ApkAssets: Deleting an ApkAssets object '<empty> and /apex/com.android.permission/priv-app/GoogleSafetyCenterResources@350820360/GoogleSafetyCenterResources.apk' with 1 weak references
04-19 22:39:27.186 W/.apps.wellbeing(22500): ApkAssets: Deleting an ApkAssets object '<empty> and /product/overlay/DisplayCutoutEmulationWaterfall/DisplayCutoutEmulationWaterfallOverlay.apk' with 1 weak references
04-19 22:39:27.186 W/.apps.wellbeing(22500): ApkAssets: Deleting an ApkAssets object '<empty> and /system/priv-app/IntentResolver/IntentResolver.apk' with 1 weak references
04-19 22:39:27.186 W/.apps.wellbeing(22500): ApkAssets: Deleting an ApkAssets object '<empty> and /product/overlay/TransparentNavigationBar/TransparentNavigationBarOverlay.apk' with 1 weak references
04-19 22:39:27.186 W/.apps.wellbeing(22500): ApkAssets: Deleting an ApkAssets object '<empty> and /system/priv-app/E2eeContactKeysProvider/E2eeContactKeysProvider.apk' with 1 weak references
04-19 22:39:27.186 W/.apps.wellbeing(22500): ApkAssets: Deleting an ApkAssets object '<empty> and /apex/com.android.tethering/priv-app/ServiceConnectivityResourcesGoogle@350820300/ServiceConnectivityResourcesGoogle.apk' with 1 weak references
04-19 22:39:27.186 W/.apps.wellbeing(22500): ApkAssets: Deleting an ApkAssets object '/vendor/overlay/goldfish_overlay_connectivity_google.apk' with 1 weak references
04-19 22:39:27.186 W/.apps.wellbeing(22500): ApkAssets: Deleting an ApkAssets object '<empty> and /system_ext/priv-app/GoogleFeedback/GoogleFeedback.apk' with 1 weak references
04-19 22:39:27.186 W/.apps.wellbeing(22500): ApkAssets: Deleting an ApkAssets object '<empty> and /system/app/GooglePrintRecommendationService/GooglePrintRecommendationService.apk' with 1 weak references
04-19 22:39:27.186 W/.apps.wellbeing(22500): ApkAssets: Deleting an ApkAssets object '<empty> and /product/app/Photos/Photos.apk' with 1 weak references
04-19 22:39:27.186 D/BaseDepthController( 1099): setSurface:
04-19 22:39:27.186 D/BaseDepthController( 1099): 	mWaitingOnSurfaceValidity: false
04-19 22:39:27.186 D/BaseDepthController( 1099): 	mSurface: Surface(name=com.google.android.apps.nexuslauncher/com.google.android.apps.nexuslauncher.NexusLauncherActivity)/@0xad0fc95
04-19 22:39:27.187 W/.apps.wellbeing(22500): ApkAssets: Deleting an ApkAssets object '<empty> and /product/app/CalendarGooglePrebuilt/CalendarGooglePrebuilt.apk' with 1 weak references
04-19 22:39:27.187 W/.apps.wellbeing(22500): ApkAssets: Deleting an ApkAssets object '<empty> and /system/priv-app/ManagedProvisioning/ManagedProvisioning.apk' with 1 weak references
04-19 22:39:27.187 W/.apps.wellbeing(22500): ApkAssets: Deleting an ApkAssets object '<empty> and /system/priv-app/SoundPicker/SoundPicker.apk' with 1 weak references
04-19 22:39:27.187 W/.apps.wellbeing(22500): ApkAssets: Deleting an ApkAssets object '<empty> and /system/priv-app/DocumentsUIGoogle/DocumentsUIGoogle.apk' with 1 weak references
04-19 22:39:27.187 W/.apps.wellbeing(22500): ApkAssets: Deleting an ApkAssets object '<empty> and /product/app/PrebuiltGoogleTelemetryTvp/PrebuiltGoogleTelemetryTvp.apk' with 1 weak references
04-19 22:39:27.187 W/.apps.wellbeing(22500): ApkAssets: Deleting an ApkAssets object '<empty> and /system_ext/priv-app/MultiDisplayProvider/MultiDisplayProvider.apk' with 1 weak references
04-19 22:39:27.187 W/.apps.wellbeing(22500): ApkAssets: Deleting an ApkAssets object '<empty> and /system/priv-app/DeviceDiagnostics/DeviceDiagnostics.apk' with 1 weak references
04-19 22:39:27.187 W/.apps.wellbeing(22500): ApkAssets: Deleting an ApkAssets object '/product/overlay/DeviceDiagnostics__sdk_gtablet_arm64__auto_generated_rro_product.apk' with 1 weak references
04-19 22:39:27.187 W/.apps.wellbeing(22500): ApkAssets: Deleting an ApkAssets object '<empty> and /product/overlay/NotesRoleEnabled/NotesRoleEnabledOverlay.apk' with 1 weak references
04-19 22:39:27.187 W/.apps.wellbeing(22500): ApkAssets: Deleting an ApkAssets object '<empty> and /system/priv-app/LiveWallpapersPicker/LiveWallpapersPicker.apk' with 1 weak references
04-19 22:39:27.187 W/.apps.wellbeing(22500): ApkAssets: Deleting an ApkAssets object '<empty> and /product/app/YouTubeKidsPrebuilt/YouTubeKidsPrebuilt.apk' with 1 weak references
04-19 22:39:27.187 W/.apps.wellbeing(22500): ApkAssets: Deleting an ApkAssets object '<empty> and /product/app/PrebuiltGoogleAdservicesTvp/PrebuiltGoogleAdservicesTvp.apk' with 1 weak references
04-19 22:39:27.187 W/.apps.wellbeing(22500): ApkAssets: Deleting an ApkAssets object '<empty> and /data/app/~~1pCknmhMWqPGV0ZgnkjYbw==/com.impos2.mixcretailrn84v2-RzehPSuN1SB3CdhpKIoZ8w==/base.apk' with 1 weak references
04-19 22:39:27.187 W/.apps.wellbeing(22500): ApkAssets: Deleting an ApkAssets object '<empty> and /apex/com.android.healthfitness/priv-app/HealthConnectControllerGoogle@350820300/HealthConnectControllerGoogle.apk' with 1 weak references
04-19 22:39:27.187 W/.apps.wellbeing(22500): ApkAssets: Deleting an ApkAssets object '<empty> and /product/priv-app/KidsSupervisionStub/KidsSupervisionStub.apk' with 1 weak references
04-19 22:39:27.187 W/.apps.wellbeing(22500): ApkAssets: Deleting an ApkAssets object '<empty> and /system_ext/priv-app/StorageManager/StorageManager.apk' with 1 weak references
04-19 22:39:27.187 W/.apps.wellbeing(22500): ApkAssets: Deleting an ApkAssets object '/product/overlay/StorageManager__sdk_gtablet_arm64__auto_generated_rro_product.apk' with 1 weak references
04-19 22:39:27.187 W/.apps.wellbeing(22500): ApkAssets: Deleting an ApkAssets object '<empty> and /system/app/BookmarkProvider/BookmarkProvider.apk' with 1 weak references
04-19 22:39:27.187 W/.apps.wellbeing(22500): ApkAssets: Deleting an ApkAssets object '<empty> and /system_ext/priv-app/SettingsGoogle/SettingsGoogle.apk' with 1 weak references
04-19 22:39:27.187 W/.apps.wellbeing(22500): ApkAssets: Deleting an ApkAssets object '/product/overlay/SettingsGoogle__sdk_gtablet_arm64__auto_generated_rro_product.apk' with 1 weak references
04-19 22:39:27.187 W/.apps.wellbeing(22500): ApkAssets: Deleting an ApkAssets object '/product/overlay/TitanSettingsOverlay.apk' with 1 weak references
04-19 22:39:27.187 W/.apps.wellbeing(22500): ApkAssets: Deleting an ApkAssets object '/product/overlay/SettingsGoogleTangorproOverlay.apk' with 1 weak references
04-19 22:39:27.187 W/.apps.wellbeing(22500): ApkAssets: Deleting an ApkAssets object '<empty> and /product/priv-app/SettingsIntelligenceGooglePrebuilt/SettingsIntelligenceGooglePrebuilt.apk' with 1 weak references
04-19 22:39:27.187 W/.apps.wellbeing(22500): ApkAssets: Deleting an ApkAssets object '<empty> and /product/app/PlayBooksPrebuilt/PlayBooksPrebuilt.apk' with 1 weak references
04-19 22:39:27.188 W/.apps.wellbeing(22500): ApkAssets: Deleting an ApkAssets object '<empty> and /product/priv-app/SCONE-v31427/SCONE-v31427.apk' with 1 weak references
04-19 22:39:27.188 W/.apps.wellbeing(22500): ApkAssets: Deleting an ApkAssets object '<empty> and /apex/com.android.uwb/priv-app/ServiceUwbResourcesGoogle@350820300/ServiceUwbResourcesGoogle.apk' with 1 weak references
04-19 22:39:27.188 W/.apps.wellbeing(22500): ApkAssets: Deleting an ApkAssets object '/product/overlay/UwbOverlayT6pro/PixelUwbOverlayT6pro.apk' with 1 weak references
04-19 22:39:27.188 W/.apps.wellbeing(22500): ApkAssets: Deleting an ApkAssets object '<empty> and /product/priv-app/GoogleHomePrebuilt/GoogleHomePrebuilt.apk' with 1 weak references
04-19 22:39:27.188 W/.apps.wellbeing(22500): ApkAssets: Deleting an ApkAssets object '<empty> and /apex/com.android.wifi/priv-app/ServiceWifiResourcesGoogle@350820300/ServiceWifiResourcesGoogle.apk' with 1 weak references
04-19 22:39:27.188 W/.apps.wellbeing(22500): ApkAssets: Deleting an ApkAssets object '<empty> and /system_ext/priv-app/ThemePicker/ThemePicker.apk' with 1 weak references
04-19 22:39:27.188 W/.apps.wellbeing(22500): ApkAssets: Deleting an ApkAssets object '<empty> and /system_ext/priv-app/WallpaperPickerGoogleRelease/WallpaperPickerGoogleRelease.apk' with 1 weak references
04-19 22:39:27.188 W/.apps.wellbeing(22500): ApkAssets: Deleting an ApkAssets object '<empty> and /product/app/GoogleKeepPrebuilt/GoogleKeepPrebuilt.apk' with 1 weak references
04-19 22:39:27.188 W/.apps.wellbeing(22500): ApkAssets: Deleting an ApkAssets object '<empty> and /product/priv-app/OdadPrebuilt/OdadPrebuilt.apk' with 1 weak references
04-19 22:39:27.188 W/.apps.wellbeing(22500): ApkAssets: Deleting an ApkAssets object '<empty> and /system/priv-app/TeleService/TeleService.apk' with 1 weak references
04-19 22:39:27.188 W/.apps.wellbeing(22500): ApkAssets: Deleting an ApkAssets object '/product/overlay/TeleService__tablet__auto_generated_characteristics_rro.apk' with 1 weak references
04-19 22:39:27.188 W/.apps.wellbeing(22500): ApkAssets: Deleting an ApkAssets object '<empty> and /system/priv-app/Shell/Shell.apk' with 1 weak references
04-19 22:39:27.188 W/.apps.wellbeing(22500): ApkAssets: Deleting an ApkAssets object '<empty> and /system/priv-app/BlockedNumberProvider/BlockedNumberProvider.apk' with 1 weak references
04-19 22:39:27.188 W/.apps.wellbeing(22500): ApkAssets: Deleting an ApkAssets object '<empty> and /system/priv-app/UserDictionaryProvider/UserDictionaryProvider.apk' with 1 weak references
04-19 22:39:27.188 W/.apps.wellbeing(22500): ApkAssets: Deleting an ApkAssets object '<empty> and /system_ext/app/EmergencyInfoGoogleNoUi/EmergencyInfoGoogleNoUi.apk' with 1 weak references
04-19 22:39:27.188 W/.apps.wellbeing(22500): ApkAssets: Deleting an ApkAssets object '<empty> and /product/overlay/NavigationBarModeGestural/NavigationBarModeGesturalOverlay.apk' with 1 weak references
04-19 22:39:27.189 W/.apps.wellbeing(22500): ApkAssets: Deleting an ApkAssets object '<empty> and /system/priv-app/FusedLocation/FusedLocation.apk' with 1 weak references
04-19 22:39:27.189 W/.apps.wellbeing(22500): ApkAssets: Deleting an ApkAssets object '<empty> and /system_ext/priv-app/SystemUITitan/SystemUITitan.apk' with 1 weak references
04-19 22:39:27.189 W/.apps.wellbeing(22500): ApkAssets: Deleting an ApkAssets object '/product/overlay/SystemUITitan__sdk_gtablet_arm64__auto_generated_rro_product.apk' with 1 weak references
04-19 22:39:27.189 W/.apps.wellbeing(22500): ApkAssets: Deleting an ApkAssets object '/product/overlay/TitanSysuiConfigOverlay.apk' with 1 weak references
04-19 22:39:27.189 W/.apps.wellbeing(22500): ApkAssets: Deleting an ApkAssets object '<empty> and /product/app/YouTubeMusicPrebuilt/YouTubeMusicPrebuilt.apk' with 1 weak references
04-19 22:39:27.189 W/.apps.wellbeing(22500): ApkAssets: Deleting an ApkAssets object '<empty> and /system/app/BluetoothMidiService/BluetoothMidiService.apk' with 1 weak references
04-19 22:39:27.189 W/.apps.wellbeing(22500): ApkAssets: Deleting an ApkAssets object '<empty> and /system/app/Traceur/Traceur.apk' with 1 weak references
04-19 22:39:27.189 W/.apps.wellbeing(22500): ApkAssets: Deleting an ApkAssets object '/product/overlay/Traceur__sdk_gtablet_arm64__auto_generated_rro_product.apk' with 1 weak references
04-19 22:39:27.189 W/.apps.wellbeing(22500): ApkAssets: Deleting an ApkAssets object '<empty> and /apex/com.android.cellbroadcast/priv-app/GoogleCellBroadcastApp@350820300/GoogleCellBroadcastApp.apk' with 1 weak references
04-19 22:39:27.189 W/.apps.wellbeing(22500): ApkAssets: Deleting an ApkAssets object '<empty> and /system/priv-app/ContactsProvider/ContactsProvider.apk' with 1 weak references
04-19 22:39:27.189 W/.apps.wellbeing(22500): ApkAssets: Deleting an ApkAssets object '/product/overlay/ContactsProvider__sdk_gtablet_arm64__auto_generated_rro_product.apk' with 1 weak references
04-19 22:39:27.189 W/.apps.wellbeing(22500): ApkAssets: Deleting an ApkAssets object '<empty> and /product/app/LatinIMEGooglePrebuilt/LatinIMEGooglePrebuilt.apk' with 1 weak references
04-19 22:39:27.189 W/.apps.wellbeing(22500): ApkAssets: Deleting an ApkAssets object '<empty> and /product/priv-app/GoogleRestorePrebuilt-v526684/GoogleRestorePrebuilt-v526684.apk' with 1 weak references
04-19 22:39:27.195 D/StatsLog( 1099): LAUNCHER_ONRESUME
04-19 22:39:27.197 W/AppSearchIcing(  590): icing-search-engine.cc:321: Error: 5, Message: Document (com.google.android.googlequicksearchbox$OneSearchZeroStateGoogleSuggestions/default, zp) not found.
04-19 22:39:27.198 D/OneSearchSuggestProvider( 1099): AppSearch 0-state cache not available, fallback to AGA
04-19 22:39:27.198 D/OneSearchSuggestProvider( 1099): java.util.concurrent.CompletionException: java.util.NoSuchElementException: No value present
04-19 22:39:27.198 D/OneSearchSuggestProvider( 1099): 	at java.util.concurrent.CompletableFuture.encodeThrowable(CompletableFuture.java:308)
04-19 22:39:27.198 D/OneSearchSuggestProvider( 1099): 	at java.util.concurrent.CompletableFuture.completeThrowable(CompletableFuture.java:323)
04-19 22:39:27.198 D/OneSearchSuggestProvider( 1099): 	at java.util.concurrent.CompletableFuture$UniAccept.tryFire(CompletableFuture.java:684)
04-19 22:39:27.198 D/OneSearchSuggestProvider( 1099): 	at java.util.concurrent.CompletableFuture.postComplete(CompletableFuture.java:486)
04-19 22:39:27.198 D/OneSearchSuggestProvider( 1099): 	at java.util.concurrent.CompletableFuture.completeExceptionally(CompletableFuture.java:2138)
04-19 22:39:27.198 D/OneSearchSuggestProvider( 1099): 	at com.google.android.apps.nexuslauncher.allapps.E0.onResult(go/retraceme 6422cbaa18704413bfb3e93ebb8478614d3644845132061bc54b1fae066de31d:67)
04-19 22:39:27.198 D/OneSearchSuggestProvider( 1099): 	at android.app.appsearch.SearchSessionUtil$1.lambda$onResult$0(go/retraceme 64eee9e9f568ff45978879ad2ff83146f2618ee8a88278736fbdf5fae931976e:144)
04-19 22:39:27.198 D/OneSearchSuggestProvider( 1099): 	at android.app.appsearch.SearchSessionUtil$1.$r8$lambda$CEk3q8sDAQVhU3rQwVueB8FAj_M(go/retraceme 64eee9e9f568ff45978879ad2ff83146f2618ee8a88278736fbdf5fae931976e:1)
04-19 22:39:27.198 D/OneSearchSuggestProvider( 1099): 	at android.app.appsearch.SearchSessionUtil$1$$ExternalSyntheticLambda0.run(go/retraceme 64eee9e9f568ff45978879ad2ff83146f2618ee8a88278736fbdf5fae931976e:22)
04-19 22:39:27.198 D/OneSearchSuggestProvider( 1099): 	at android.os.Handler.handleCallback(Handler.java:959)
04-19 22:39:27.198 D/OneSearchSuggestProvider( 1099): 	at android.os.Handler.dispatchMessage(Handler.java:100)
04-19 22:39:27.198 D/OneSearchSuggestProvider( 1099): 	at android.os.Looper.loopOnce(Looper.java:232)
04-19 22:39:27.198 D/OneSearchSuggestProvider( 1099): 	at android.os.Looper.loop(Looper.java:317)
04-19 22:39:27.198 D/OneSearchSuggestProvider( 1099): 	at android.os.HandlerThread.run(HandlerThread.java:85)
04-19 22:39:27.198 D/OneSearchSuggestProvider( 1099): Caused by: java.util.NoSuchElementException: No value present
04-19 22:39:27.198 D/OneSearchSuggestProvider( 1099): 	at java.util.Optional.get(Optional.java:143)
04-19 22:39:27.198 D/OneSearchSuggestProvider( 1099): 	at com.google.android.apps.nexuslauncher.allapps.E0.onResult(go/retraceme 6422cbaa18704413bfb3e93ebb8478614d3644845132061bc54b1fae066de31d:28)
04-19 22:39:27.198 D/OneSearchSuggestProvider( 1099): 	... 8 more
04-19 22:39:27.198 D/OneSearchSuggestProvider( 1099): Created the binder channel successfully for end point service =com.google.android.apps.search.googleapp.search.suggest.plugins.onesearch.server.OneSearchSuggestService , mChannel=i1{delegate=f{logId=323, target=directaddress:///AndroidComponentAddress%5BIntent%20%7B%20act=grpc.io.action.BIND%20cmp=com.google.android.googlequicksearchbox/com.google.android.apps.search.googleapp.search.suggest.plugins.onesearch.server.OneSearchSuggestService%20%7D%5D}} , mOneSearchConnection=m2.Z@32354eb
04-19 22:39:27.199 V/WindowManagerShell(  836): onTransitionReady(transaction=2534030741614)
04-19 22:39:27.200 V/WindowManagerShell(  836): onTransitionReady (#471) android.os.BinderProxy@241f485: {id=471 t=CLOSE f=0x0 trk=0 r=[2@Point(0, 0),0@Point(0, 0)] c=[{WCT{android.window.IWindowContainerToken$Stub$Proxy@77b2883} m=TO_FRONT f=SHOW_WALLPAPER|MOVE_TO_TOP leash=Surface(name=Task=671)/@0x42b630b sb=Rect(0, 0 - 2560, 1600) eb=Rect(0, 0 - 2560, 1600) d=2 taskParent=-1},{WCT{android.window.IWindowContainerToken$Stub$Proxy@e1a5a00} m=CLOSE f=NONE leash=Surface(name=Task=824)/@0x428b5e8 sb=Rect(0, 0 - 2560, 1600) eb=Rect(0, 0 - 2560, 1600) d=2 taskParent=-1},{null m=TO_FRONT f=IS_WALLPAPER leash=Surface(name=WallpaperWindowToken{c5135e7 token=android.os.Binder@aebf7a6})/@0x6325401 sb=Rect(0, 0 - 2560, 1600) eb=Rect(0, 0 - 2560, 1600) d=2},{WCT{android.window.IWindowContainerToken$Stub$Proxy@4a48239} m=CLOSE f=NONE leash=Surface(name=Task=823)/@0x2cc42a6 sb=Rect(0, 0 - 2560, 1600) eb=Rect(0, 0 - 2560, 1600) d=0 taskParent=-1},{WCT{android.window.IWindowContainerToken$Stub$Proxy@acf007e} m=TO_FRONT f=SHOW_WALLPAPER leash=Surface(name=Task=1)/@0xfab24e7 sb=Rect(0, 0 - 2560, 1600) eb=Rect(0, 0 - 2560, 1600) d=0 taskParent=-1},{null m=TO_FRONT f=IS_WALLPAPER leash=Surface(name=WallpaperWindowToken{55198b token=android.os.Binder@bf0535a})/@0x2c74894 sb=Rect(0, 0 - 2560, 1600) eb=Rect(0, 0 - 2560, 1600) d=0}]}
04-19 22:39:27.201 D/QuickstepModelDelegate( 1099): notifyAppTargetEvent action=1 launchLocation=workspace/0/[-1,-1]/[1,1]
04-19 22:39:27.201 D/ActivityManager(  590): sync unfroze 21035 com.google.android.googlequicksearchbox:search for 6
04-19 22:39:27.202 D/ActivityManager(  590): sync unfroze 21183 com.google.android.webview:sandboxed_process0:org.chromium.content.app.SandboxedProcessService0:0 for 6
04-19 22:39:27.204 V/WindowManagerShell(  836): Playing animation for (#471) android.os.BinderProxy@241f485@0
04-19 22:39:27.205 V/WindowManagerShell(  836):  try handler com.android.wm.shell.transition.DefaultMixedHandler@a4b4bb1
04-19 22:39:27.205 V/WindowManagerShell(  836):  try handler com.android.wm.shell.keyguard.KeyguardTransitionHandler@f055896
04-19 22:39:27.205 V/WindowManagerShell(  836):  try handler com.android.wm.shell.pip.PipTransition@489c17
04-19 22:39:27.205 V/WindowManagerShell(  836):  try handler com.android.wm.shell.activityembedding.ActivityEmbeddingController@f43a804
04-19 22:39:27.205 V/WindowManagerShell(  836):  try handler com.android.wm.shell.splitscreen.StageCoordinator@417f1ed
04-19 22:39:27.205 V/WindowManagerShell(  836):  try handler com.android.wm.shell.desktopmode.DesktopTasksController@4366822
04-19 22:39:27.205 V/WindowManagerShell(  836):  try handler com.android.wm.shell.recents.RecentsTransitionHandler@b30e2b3
04-19 22:39:27.205 V/ShellRecents(  836): RecentsTransitionHandler.startAnimation: no controller found
04-19 22:39:27.205 V/WindowManagerShell(  836):  try handler com.android.wm.shell.transition.RemoteTransitionHandler@2554070
04-19 22:39:27.205 V/WindowManagerShell(  836): Transition doesn't have explicit remote, search filters for match for {id=471 t=CLOSE f=0x0 trk=0 r=[2@Point(0, 0),0@Point(0, 0)] c=[{WCT{android.window.IWindowContainerToken$Stub$Proxy@77b2883} m=TO_FRONT f=SHOW_WALLPAPER|MOVE_TO_TOP leash=Surface(name=Task=671)/@0x42b630b sb=Rect(0, 0 - 2560, 1600) eb=Rect(0, 0 - 2560, 1600) d=2 taskParent=-1},{WCT{android.window.IWindowContainerToken$Stub$Proxy@e1a5a00} m=CLOSE f=NONE leash=Surface(name=Task=824)/@0x428b5e8 sb=Rect(0, 0 - 2560, 1600) eb=Rect(0, 0 - 2560, 1600) d=2 taskParent=-1},{null m=TO_FRONT f=IS_WALLPAPER leash=Surface(name=WallpaperWindowToken{c5135e7 token=android.os.Binder@aebf7a6})/@0x6325401 sb=Rect(0, 0 - 2560, 1600) eb=Rect(0, 0 - 2560, 1600) d=2},{WCT{android.window.IWindowContainerToken$Stub$Proxy@4a48239} m=CLOSE f=NONE leash=Surface(name=Task=823)/@0x2cc42a6 sb=Rect(0, 0 - 2560, 1600) eb=Rect(0, 0 - 2560, 1600) d=0 taskParent=-1},{WCT{android.window.IWindowContainerToken$Stub$Proxy@acf007e} m=TO_FRONT f=SHOW_WALLPAPER leash=Surface(name=Task=1)/@0xfab24e7 sb=Rect(0, 0 - 2560, 1600) eb=Rect(0, 0 - 2560, 1600) d=0 taskParent=-1},{null m=TO_FRONT f=IS_WALLPAPER leash=Surface(name=WallpaperWindowToken{55198b token=android.os.Binder@bf0535a})/@0x2c74894 sb=Rect(0, 0 - 2560, 1600) eb=Rect(0, 0 - 2560, 1600) d=0}]}
04-19 22:39:27.205 V/WindowManagerShell(  836):  Checking filter Pair{{types=[] flags=0x0] notFlags=0x0 checks=[{atype=undefined independent=true modes=[OPEN,TO_FRONT] flags=IN_TASK_WITH_EMBEDDED_ACTIVITY mustBeTask=false order=ANY topActivity=ComponentInfo{com.google.android.apps.nexuslauncher/com.google.android.apps.nexuslauncher.NexusLauncherActivity} launchCookie=null},{atype=undefined independent=true modes=[CLOSE,TO_BACK] flags=IN_TASK_WITH_EMBEDDED_ACTIVITY mustBeTask=false order=ANY topActivity=null launchCookie=null}]} RemoteTransition { remoteTransition = android.window.IRemoteTransition$Stub$Proxy@e8ebfe9, appThread = android.app.IApplicationThread$Stub$Proxy@876e46e, debugName = OverlaySwipeBack }}
04-19 22:39:27.205 V/WindowManagerShell(  836):  Checking filter Pair{{types=[] flags=0x0] notFlags=0x0 checks=[{atype=dream independent=true modes=[OPEN,TO_FRONT] flags=NONE mustBeTask=false order=ANY topActivity=null launchCookie=null},{atype=home independent=true modes=[CLOSE,TO_BACK] flags=NONE mustBeTask=false order=ANY topActivity=null launchCookie=null}]} RemoteTransition { remoteTransition = android.window.IRemoteTransition$Stub$Proxy@f4cf70f, appThread = android.app.IApplicationThread$Stub$Proxy@ba5f39c, debugName = LauncherToDream }}
04-19 22:39:27.205 V/WindowManagerShell(  836):  Checking filter Pair{{types=[] flags=0x0] notFlags=0x100 checks=[{atype=home independent=true modes=[OPEN,TO_FRONT] flags=NONE mustBeTask=false order=TOP topActivity=ComponentInfo{com.google.android.apps.nexuslauncher/com.google.android.apps.nexuslauncher.NexusLauncherActivity} launchCookie=null},{atype=standard independent=true modes=[CLOSE,TO_BACK] flags=NONE mustBeTask=false order=ANY topActivity=null launchCookie=null}]} RemoteTransition { remoteTransition = android.window.IRemoteTransition$Stub$Proxy@c8a71a5, appThread = android.app.IApplicationThread$Stub$Proxy@30d97a, debugName = QuickstepLaunchHome }}
04-19 22:39:27.205 V/WindowManagerShell(  836):  Delegate animation for (#471) to null
04-19 22:39:27.205 V/WindowManagerShell(  836):  try handler com.android.wm.shell.transition.DefaultTransitionHandler@56bf52b
