04-19 22:22:21.751 I/MMKV    ( 8360): <MMKV_IO.cpp:609::writeActualSize> [mixc-retail-assembly-rn84::state] increase sequence to 11823, crc 2563185548, actualSize 17331
04-19 22:22:21.751 I/MMKV    ( 8360): <MMKV.cpp:1208::sync> MMKV::sync, SyncFlag = 1
04-19 22:22:21.755 I/MMKV    ( 8360): <MMKV_IO.cpp:609::writeActualSize> [mixc-retail-assembly-rn84::state] increase sequence to 11824, crc 1181202756, actualSize 17331
04-19 22:22:21.755 I/MMKV    ( 8360): <MMKV.cpp:1208::sync> MMKV::sync, SyncFlag = 1
04-19 22:22:21.757 I/MMKV    ( 8360): <MMKV_IO.cpp:609::writeActualSize> [mixc-retail-assembly-rn84::state] increase sequence to 11825, crc 2780241199, actualSize 17331
04-19 22:22:21.757 I/MMKV    ( 8360): <MMKV.cpp:1208::sync> MMKV::sync, SyncFlag = 1
04-19 22:22:21.762 I/MMKV    ( 8360): <MMKV_IO.cpp:609::writeActualSize> [mixc-retail-assembly-rn84::state] increase sequence to 11826, crc 1578635966, actualSize 17331
04-19 22:22:21.762 I/MMKV    ( 8360): <MMKV.cpp:1208::sync> MMKV::sync, SyncFlag = 1
04-19 22:22:21.766 I/MMKV    ( 8360): <MMKV_IO.cpp:609::writeActualSize> [mixc-retail-assembly-rn84::state] increase sequence to 11827, crc 293395121, actualSize 17331
04-19 22:22:21.766 I/MMKV    ( 8360): <MMKV.cpp:1208::sync> MMKV::sync, SyncFlag = 1
04-19 22:22:21.774 I/MMKV    ( 8360): <MMKV_IO.cpp:609::writeActualSize> [mixc-retail-assembly-rn84::state] increase sequence to 11828, crc 341498098, actualSize 17331
04-19 22:22:21.774 I/MMKV    ( 8360): <MMKV.cpp:1208::sync> MMKV::sync, SyncFlag = 1
04-19 22:22:21.778 I/MMKV    ( 8360): <MMKV_IO.cpp:609::writeActualSize> [mixc-retail-assembly-rn84::state] increase sequence to 11829, crc 4043019001, actualSize 17331
04-19 22:22:21.778 I/MMKV    ( 8360): <MMKV.cpp:1208::sync> MMKV::sync, SyncFlag = 1
04-19 22:22:21.781 I/MMKV    ( 8360): <MMKV_IO.cpp:609::writeActualSize> [mixc-retail-assembly-rn84::state] increase sequence to 11830, crc 1328211249, actualSize 17331
04-19 22:22:21.781 I/MMKV    ( 8360): <MMKV.cpp:1208::sync> MMKV::sync, SyncFlag = 1
04-19 22:22:21.785 I/MMKV    ( 8360): <MMKV_IO.cpp:609::writeActualSize> [mixc-retail-assembly-rn84::state] increase sequence to 11831, crc 3685175384, actualSize 17331
04-19 22:22:21.785 I/MMKV    ( 8360): <MMKV.cpp:1208::sync> MMKV::sync, SyncFlag = 1
04-19 22:22:21.789 I/MMKV    ( 8360): <MMKV_IO.cpp:609::writeActualSize> [mixc-retail-assembly-rn84::state] increase sequence to 11832, crc 380664975, actualSize 17331
04-19 22:22:21.789 I/MMKV    ( 8360): <MMKV.cpp:1208::sync> MMKV::sync, SyncFlag = 1
04-19 22:22:21.791 I/MMKV    ( 8360): <MMKV_IO.cpp:609::writeActualSize> [mixc-retail-assembly-rn84::state] increase sequence to 11833, crc 3296882365, actualSize 17331
04-19 22:22:21.791 I/MMKV    ( 8360): <MMKV.cpp:1208::sync> MMKV::sync, SyncFlag = 1
04-19 22:22:21.796 I/MMKV    ( 8360): <MMKV_IO.cpp:609::writeActualSize> [mixc-retail-assembly-rn84::state] increase sequence to 11834, crc 2665048441, actualSize 17331
04-19 22:22:21.796 I/MMKV    ( 8360): <MMKV.cpp:1208::sync> MMKV::sync, SyncFlag = 1
04-19 22:22:21.799 I/MMKV    ( 8360): <MMKV_IO.cpp:609::writeActualSize> [mixc-retail-assembly-rn84::state] increase sequence to 11835, crc 75198804, actualSize 17331
04-19 22:22:21.799 I/MMKV    ( 8360): <MMKV.cpp:1208::sync> MMKV::sync, SyncFlag = 1
04-19 22:22:21.803 I/MMKV    ( 8360): <MMKV_IO.cpp:609::writeActualSize> [mixc-retail-assembly-rn84::state] increase sequence to 11836, crc 3169674872, actualSize 17331
04-19 22:22:21.803 I/MMKV    ( 8360): <MMKV.cpp:1208::sync> MMKV::sync, SyncFlag = 1
04-19 22:22:21.806 I/MMKV    ( 8360): <MMKV_IO.cpp:609::writeActualSize> [mixc-retail-assembly-rn84::secure-state] increase sequence to 196, crc 1135876287, actualSize 259
04-19 22:22:21.806 I/MMKV    ( 8360): <MMKV.cpp:1208::sync> MMKV::sync, SyncFlag = 1
04-19 22:22:21.808 I/MMKV    ( 8360): <MMKV_IO.cpp:609::writeActualSize> [mixc-retail-assembly-rn84::state] increase sequence to 11837, crc 1740508639, actualSize 17331
04-19 22:22:21.808 I/MMKV    ( 8360): <MMKV.cpp:1208::sync> MMKV::sync, SyncFlag = 1
04-19 22:22:21.813 I/MMKV    ( 8360): <MMKV_IO.cpp:609::writeActualSize> [mixc-retail-assembly-rn84::state] increase sequence to 11838, crc 3198219661, actualSize 17331
04-19 22:22:21.813 I/MMKV    ( 8360): <MMKV.cpp:1208::sync> MMKV::sync, SyncFlag = 1
04-19 22:22:21.817 I/MMKV    ( 8360): <MMKV_IO.cpp:609::writeActualSize> [mixc-retail-assembly-rn84::state] increase sequence to 11839, crc 1313899411, actualSize 17331
04-19 22:22:21.817 I/MMKV    ( 8360): <MMKV.cpp:1208::sync> MMKV::sync, SyncFlag = 1
04-19 22:22:21.821 I/MMKV    ( 8360): <MMKV_IO.cpp:609::writeActualSize> [mixc-retail-assembly-rn84::state] increase sequence to 11840, crc 2563185548, actualSize 17331
04-19 22:22:21.821 I/MMKV    ( 8360): <MMKV.cpp:1208::sync> MMKV::sync, SyncFlag = 1
04-19 22:22:21.825 I/MMKV    ( 8360): <MMKV_IO.cpp:609::writeActualSize> [mixc-retail-assembly-rn84::state] increase sequence to 11841, crc 1181202756, actualSize 17331
04-19 22:22:21.825 I/MMKV    ( 8360): <MMKV.cpp:1208::sync> MMKV::sync, SyncFlag = 1
04-19 22:22:21.828 I/MMKV    ( 8360): <MMKV_IO.cpp:609::writeActualSize> [mixc-retail-assembly-rn84::state] increase sequence to 11842, crc 2780241199, actualSize 17331
04-19 22:22:21.828 I/MMKV    ( 8360): <MMKV.cpp:1208::sync> MMKV::sync, SyncFlag = 1
04-19 22:22:21.833 I/MMKV    ( 8360): <MMKV_IO.cpp:609::writeActualSize> [mixc-retail-assembly-rn84::state] increase sequence to 11843, crc 1578635966, actualSize 17331
04-19 22:22:21.833 I/MMKV    ( 8360): <MMKV.cpp:1208::sync> MMKV::sync, SyncFlag = 1
04-19 22:22:21.839 I/MMKV    ( 8360): <MMKV_IO.cpp:609::writeActualSize> [mixc-retail-assembly-rn84::state] increase sequence to 11844, crc 293395121, actualSize 17331
04-19 22:22:21.839 I/MMKV    ( 8360): <MMKV.cpp:1208::sync> MMKV::sync, SyncFlag = 1
04-19 22:22:21.843 I/MMKV    ( 8360): <MMKV_IO.cpp:609::writeActualSize> [mixc-retail-assembly-rn84::state] increase sequence to 11845, crc 341498098, actualSize 17331
04-19 22:22:21.843 I/MMKV    ( 8360): <MMKV.cpp:1208::sync> MMKV::sync, SyncFlag = 1
04-19 22:22:21.848 I/MMKV    ( 8360): <MMKV_IO.cpp:609::writeActualSize> [mixc-retail-assembly-rn84::state] increase sequence to 11846, crc 4043019001, actualSize 17331
04-19 22:22:21.848 I/MMKV    ( 8360): <MMKV.cpp:1208::sync> MMKV::sync, SyncFlag = 1
04-19 22:22:21.852 I/MMKV    ( 8360): <MMKV_IO.cpp:609::writeActualSize> [mixc-retail-assembly-rn84::state] increase sequence to 11847, crc 1328211249, actualSize 17331
04-19 22:22:21.852 I/MMKV    ( 8360): <MMKV.cpp:1208::sync> MMKV::sync, SyncFlag = 1
04-19 22:22:21.856 I/MMKV    ( 8360): <MMKV_IO.cpp:609::writeActualSize> [mixc-retail-assembly-rn84::state] increase sequence to 11848, crc 3685175384, actualSize 17331
04-19 22:22:21.856 I/MMKV    ( 8360): <MMKV.cpp:1208::sync> MMKV::sync, SyncFlag = 1
04-19 22:22:21.860 I/MMKV    ( 8360): <MMKV_IO.cpp:609::writeActualSize> [mixc-retail-assembly-rn84::state] increase sequence to 11849, crc 380664975, actualSize 17331
04-19 22:22:21.860 I/MMKV    ( 8360): <MMKV.cpp:1208::sync> MMKV::sync, SyncFlag = 1
04-19 22:22:21.863 I/MMKV    ( 8360): <MMKV_IO.cpp:609::writeActualSize> [mixc-retail-assembly-rn84::state] increase sequence to 11850, crc 3296882365, actualSize 17331
04-19 22:22:21.863 I/MMKV    ( 8360): <MMKV.cpp:1208::sync> MMKV::sync, SyncFlag = 1
04-19 22:22:21.867 I/MMKV    ( 8360): <MMKV_IO.cpp:609::writeActualSize> [mixc-retail-assembly-rn84::state] increase sequence to 11851, crc 2665048441, actualSize 17331
04-19 22:22:21.867 I/MMKV    ( 8360): <MMKV.cpp:1208::sync> MMKV::sync, SyncFlag = 1
04-19 22:22:21.871 I/MMKV    ( 8360): <MMKV_IO.cpp:609::writeActualSize> [mixc-retail-assembly-rn84::state] increase sequence to 11852, crc 75198804, actualSize 17331
04-19 22:22:21.871 I/MMKV    ( 8360): <MMKV.cpp:1208::sync> MMKV::sync, SyncFlag = 1
04-19 22:22:21.875 I/MMKV    ( 8360): <MMKV_IO.cpp:609::writeActualSize> [mixc-retail-assembly-rn84::state] increase sequence to 11853, crc 3169674872, actualSize 17331
04-19 22:22:21.875 I/MMKV    ( 8360): <MMKV.cpp:1208::sync> MMKV::sync, SyncFlag = 1
04-19 22:22:21.879 I/MMKV    ( 8360): <MMKV_IO.cpp:609::writeActualSize> [mixc-retail-assembly-rn84::secure-state] increase sequence to 197, crc 1135876287, actualSize 259
04-19 22:22:21.879 I/MMKV    ( 8360): <MMKV.cpp:1208::sync> MMKV::sync, SyncFlag = 1
04-19 22:22:23.290 E/TaskPersister(  590): File error accessing recents directory (directory doesn't exist?).
04-19 22:22:23.304 D/EGL_emulation( 8360): app_time_stats: avg=879.50ms min=200.93ms max=1558.08ms count=2
04-19 22:22:24.746 I/StartupAudit( 8360): secondary_launch_attempt displayCount=2 displayId=2 pid=8360 time=2026-04-19 22:22:24.745
04-19 22:22:24.749 W/OptProp (  590): Cannot read opt property android.window.PROPERTY_COMPAT_ALLOW_USER_ASPECT_RATIO_OVERRIDE
04-19 22:22:24.749 W/OptProp (  590): Cannot read opt property android.window.PROPERTY_COMPAT_ALLOW_USER_ASPECT_RATIO_FULLSCREEN_OVERRIDE
04-19 22:22:24.749 W/OptProp (  590): Cannot read opt property android.window.PROPERTY_COMPAT_ALLOW_ORIENTATION_OVERRIDE
04-19 22:22:24.749 V/GrammaticalInflectionUtils(  590): AttributionSource: AttributionSource { uid = 10212, packageName = null, attributionTag = null, token = android.os.Binder@bdb3573, deviceId = 0, next = null } does not have READ_SYSTEM_GRAMMATICAL_GENDER permission.
04-19 22:22:24.750 W/OptProp (  590): Cannot read opt property android.window.PROPERTY_COMPAT_ALLOW_RESIZEABLE_ACTIVITY_OVERRIDES
04-19 22:22:24.750 W/OptProp (  590): Cannot read opt property android.window.PROPERTY_COMPAT_ALLOW_MIN_ASPECT_RATIO_OVERRIDE
04-19 22:22:24.754 W/InputDispatcher(  590): Focused display #2 does not have a focused window.
04-19 22:22:24.754 E/InputDispatcher(  590): But another display has a focused window
04-19 22:22:24.754 E/InputDispatcher(  590):   FocusedWindows:
04-19 22:22:24.754 E/InputDispatcher(  590):     displayId=0, name='dba989a com.impos2.mixcretailassemblyrn84/com.impos2.mixcretailassemblyrn84.MainActivity'
04-19 22:22:24.757 V/WindowManagerShell(  836): Transition requested (#467): android.os.BinderProxy@f8bd412 TransitionRequestInfo { type = OPEN, triggerTask = TaskInfo{userId=0 taskId=822 displayId=2 isRunning=true baseIntent=Intent { flg=0x18000000 cmp=com.impos2.mixcretailassemblyrn84/.SecondaryActivity } baseActivity=ComponentInfo{com.impos2.mixcretailassemblyrn84/com.impos2.mixcretailassemblyrn84.SecondaryActivity} topActivity=ComponentInfo{com.impos2.mixcretailassemblyrn84/com.impos2.mixcretailassemblyrn84.SecondaryActivity} origActivity=null realActivity=ComponentInfo{com.impos2.mixcretailassemblyrn84/com.impos2.mixcretailassemblyrn84.SecondaryActivity} numActivities=1 lastActiveTime=249930302 supportsMultiWindow=true resizeMode=1 isResizeable=true minWidth=-1 minHeight=-1 defaultMinSize=220 token=WCT{android.window.IWindowContainerToken$Stub$Proxy@112f7e3} topActivityType=1 pictureInPictureParams=null shouldDockBigOverlays=false launchIntoPipHostTaskId=-1 lastParentTaskIdBeforePip=-1 displayCutoutSafeInsets=null topActivityInfo=ActivityInfo{92ce5e0 com.impos2.mixcretailassemblyrn84.SecondaryActivity} launchCookies=[] positionInParent=Point(0, 0) parentTaskId=-1 isFocused=false isVisible=false isVisibleRequested=true isSleeping=false locusId=null displayAreaFeatureId=1 isTopActivityTransparent=false appCompatTaskInfo=AppCompatTaskInfo { topActivityInSizeCompat=false topActivityEligibleForLetterboxEducation= falseisLetterboxEducationEnabled= true isLetterboxDoubleTapEnabled= false topActivityEligibleForUserAspectRatioButton= false topActivityBoundsLetterboxed= false isFromLetterboxDoubleTap= false topActivityLetterboxVerticalPosition= -1 topActivityLetterboxHorizontalPosition= -1 topActivityLetterboxWidth=2560 topActivityLetterboxHeight=1600 isUserFullscreenOverrideEnabled=false isSystemFullscreenOverrideEnabled=false cameraCompatTaskInfo=CameraCompatTaskInfo { cameraCompatControlState=hidden freeformCameraCompatMode=inactive}}}, pipTask = null, remoteTransition = null, displayChange = null, flags = 0, debugId = 467 }
04-19 22:22:24.757 D/ShellDesktopMode(  836): DesktopTaskRepo: visibleTaskCount= 0
04-19 22:22:24.757 I/ActivityTaskManager(  590): START u0 {flg=0x18000000 cmp=com.impos2.mixcretailassemblyrn84/.SecondaryActivity} with LAUNCH_MULTIPLE from uid 10212 (BAL_ALLOW_VISIBLE_WINDOW) result code=0
04-19 22:22:24.759 D/SplashScreenView(  836): Build android.window.SplashScreenView{baa800c V.E...... ......ID 0,0-0,0}
04-19 22:22:24.759 D/SplashScreenView(  836): Icon: view: null drawable: null size: 0
04-19 22:22:24.759 D/SplashScreenView(  836): Branding: view: android.view.View{fe45d55 G.ED..... ......I. 0,0-0,0 #1020503 android:id/splashscreen_branding_view} drawable: null size w: 0 h: 0
04-19 22:22:24.760 I/BpBinder(  439): onLastStrongRef automatically unlinking death recipients: 
04-19 22:22:24.763 I/TopTaskTracker( 1099): onTaskMovedToFront: (moved taskInfo to front) taskId=822, baseIntent=Intent { flg=0x18000000 cmp=com.impos2.mixcretailassemblyrn84/.SecondaryActivity }
04-19 22:22:24.763 V/GrammaticalInflectionUtils(  590): AttributionSource: AttributionSource { uid = 10212, packageName = null, attributionTag = null, token = android.os.Binder@bdb3573, deviceId = 0, next = null } does not have READ_SYSTEM_GRAMMATICAL_GENDER permission.
04-19 22:22:24.763 I/TopTaskTracker( 1099): onTaskMovedToFront: (removing top task on home display) taskId=821, baseIntent=Intent { flg=0x10000000 cmp=com.impos2.mixcretailassemblyrn84/.MainActivity }
04-19 22:22:24.768 D/Zygote  (  389): Forked child process 8439
04-19 22:22:24.769 I/ActivityManager(  590): Start proc 8439:com.impos2.mixcretailassemblyrn84:secondary/u0a212 for next-top-activity {com.impos2.mixcretailassemblyrn84/com.impos2.mixcretailassemblyrn84.SecondaryActivity}
04-19 22:22:24.777 D/CoreBackPreview(  590): Window{7c65e7c u0 Splash Screen com.impos2.mixcretailassemblyrn84}: Setting back callback OnBackInvokedCallbackInfo{mCallback=android.window.IOnBackInvokedCallback$Stub$Proxy@b876f5a, mPriority=0, mIsAnimationCallback=false}
04-19 22:22:24.777 I/netd    (  388): tetherGetStats() -> {[]} <0.71ms>
04-19 22:22:24.779 I/yrn84:secondary( 8439): Late-enabling -Xcheck:jni
04-19 22:22:24.791 I/yrn84:secondary( 8439): Using CollectorTypeCMC GC.
04-19 22:22:24.794 I/adbd    (  443): jdwp connection from 8439
04-19 22:22:24.796 V/WindowManagerShell(  836): onTransitionReady(transaction=2534030740430)
04-19 22:22:24.796 V/WindowManager(  590): Sent Transition (#467) createdAt=04-19 22:22:24.750 via request=TransitionRequestInfo { type = OPEN, triggerTask = TaskInfo{userId=0 taskId=822 displayId=2 isRunning=true baseIntent=Intent { flg=0x18000000 cmp=com.impos2.mixcretailassemblyrn84/.SecondaryActivity } baseActivity=ComponentInfo{com.impos2.mixcretailassemblyrn84/com.impos2.mixcretailassemblyrn84.SecondaryActivity} topActivity=ComponentInfo{com.impos2.mixcretailassemblyrn84/com.impos2.mixcretailassemblyrn84.SecondaryActivity} origActivity=null realActivity=ComponentInfo{com.impos2.mixcretailassemblyrn84/com.impos2.mixcretailassemblyrn84.SecondaryActivity} numActivities=1 lastActiveTime=249930302 supportsMultiWindow=true resizeMode=1 isResizeable=true minWidth=-1 minHeight=-1 defaultMinSize=220 token=WCT{RemoteToken{27dfa81 Task{f1ba202 #822 type=standard A=10212:com.impos2.mixcretailassemblyrn84}}} topActivityType=1 pictureInPictureParams=null shouldDockBigOverlays=false launchIntoPipHostTaskId=-1 lastParentTaskIdBeforePip=-1 displayCutoutSafeInsets=null topActivityInfo=ActivityInfo{2bd2726 com.impos2.mixcretailassemblyrn84.SecondaryActivity} launchCookies=[] positionInParent=Point(0, 0) parentTaskId=-1 isFocused=false isVisible=false isVisibleRequested=true isSleeping=false locusId=null displayAreaFeatureId=1 isTopActivityTransparent=false appCompatTaskInfo=AppCompatTaskInfo { topActivityInSizeCompat=false topActivityEligibleForLetterboxEducation= falseisLetterboxEducationEnabled= true isLetterboxDoubleTapEnabled= false topActivityEligibleForUserAspectRatioButton= false topActivityBoundsLetterboxed= false isFromLetterboxDoubleTap= false topActivityLetterboxVerticalPosition= -1 topActivityLetterboxHorizontalPosition= -1 topActivityLetterboxWidth=2560 topActivityLetterboxHeight=1600 isUserFullscreenOverrideEnabled=false isSystemFullscreenOverrideEnabled=false cameraCompatTaskInfo=CameraCompatTaskInfo { cameraCompatControlState=hidden freeformCameraCompatMode=inactive}}}, pipTask = null, remoteTransition = null, displayChange = null, flags = 0, debugId = 467 }
04-19 22:22:24.796 V/WindowManager(  590):     startWCT=WindowContainerTransaction { changes = {} hops = [] errorCallbackToken=null taskFragmentOrganizer=null }
04-19 22:22:24.796 V/WindowManager(  590):     info={id=467 t=OPEN f=0x0 trk=0 r=[2@Point(0, 0)] c=[
04-19 22:22:24.796 V/WindowManager(  590):         {WCT{RemoteToken{27dfa81 Task{f1ba202 #822 type=standard A=10212:com.impos2.mixcretailassemblyrn84}}} m=OPEN f=NONE leash=Surface(name=Task=822)/@0x634058b sb=Rect(0, 0 - 2560, 1600) eb=Rect(0, 0 - 2560, 1600) d=2 taskParent=-1},
04-19 22:22:24.796 V/WindowManager(  590):         {WCT{RemoteToken{473bc8f Task{c2f742b #671 type=home}}} m=TO_BACK f=SHOW_WALLPAPER leash=Surface(name=Task=671)/@0x5554f84 sb=Rect(0, 0 - 2560, 1600) eb=Rect(0, 0 - 2560, 1600) d=2 taskParent=-1}
04-19 22:22:24.796 V/WindowManager(  590):     ]}
04-19 22:22:24.797 V/WindowManagerShell(  836): onTransitionReady (#467) android.os.BinderProxy@f8bd412: {id=467 t=OPEN f=0x0 trk=0 r=[2@Point(0, 0)] c=[{WCT{android.window.IWindowContainerToken$Stub$Proxy@fb58710} m=OPEN f=NONE leash=Surface(name=Task=822)/@0x43be20d sb=Rect(0, 0 - 2560, 1600) eb=Rect(0, 0 - 2560, 1600) d=2 taskParent=-1},{WCT{android.window.IWindowContainerToken$Stub$Proxy@5d19209} m=TO_BACK f=SHOW_WALLPAPER leash=Surface(name=Task=671)/@0xf6d65c2 sb=Rect(0, 0 - 2560, 1600) eb=Rect(0, 0 - 2560, 1600) d=2 taskParent=-1}]}
04-19 22:22:24.799 V/WindowManagerShell(  836): Playing animation for (#467) android.os.BinderProxy@f8bd412@0
04-19 22:22:24.799 V/WindowManagerShell(  836):  try handler com.android.wm.shell.transition.DefaultMixedHandler@a4b4bb1
04-19 22:22:24.799 V/WindowManagerShell(  836):  try handler com.android.wm.shell.keyguard.KeyguardTransitionHandler@f055896
04-19 22:22:24.799 V/WindowManagerShell(  836):  try handler com.android.wm.shell.pip.PipTransition@489c17
04-19 22:22:24.799 V/WindowManagerShell(  836):  try handler com.android.wm.shell.activityembedding.ActivityEmbeddingController@f43a804
04-19 22:22:24.799 V/WindowManagerShell(  836):  try handler com.android.wm.shell.splitscreen.StageCoordinator@417f1ed
04-19 22:22:24.799 V/WindowManagerShell(  836):  try handler com.android.wm.shell.desktopmode.DesktopTasksController@4366822
04-19 22:22:24.799 V/WindowManagerShell(  836):  try handler com.android.wm.shell.recents.RecentsTransitionHandler@b30e2b3
04-19 22:22:24.799 V/ShellRecents(  836): RecentsTransitionHandler.startAnimation: no controller found
04-19 22:22:24.799 V/WindowManagerShell(  836):  try handler com.android.wm.shell.transition.RemoteTransitionHandler@2554070
04-19 22:22:24.799 V/WindowManagerShell(  836): Transition doesn't have explicit remote, search filters for match for {id=467 t=OPEN f=0x0 trk=0 r=[2@Point(0, 0)] c=[{WCT{android.window.IWindowContainerToken$Stub$Proxy@fb58710} m=OPEN f=NONE leash=Surface(name=Task=822)/@0x43be20d sb=Rect(0, 0 - 2560, 1600) eb=Rect(0, 0 - 2560, 1600) d=2 taskParent=-1},{WCT{android.window.IWindowContainerToken$Stub$Proxy@5d19209} m=TO_BACK f=SHOW_WALLPAPER leash=Surface(name=Task=671)/@0xf6d65c2 sb=Rect(0, 0 - 2560, 1600) eb=Rect(0, 0 - 2560, 1600) d=2 taskParent=-1}]}
04-19 22:22:24.799 V/WindowManagerShell(  836):  Checking filter Pair{{types=[] flags=0x0] notFlags=0x0 checks=[{atype=undefined independent=true modes=[OPEN,TO_FRONT] flags=IN_TASK_WITH_EMBEDDED_ACTIVITY mustBeTask=false order=ANY topActivity=ComponentInfo{com.google.android.apps.nexuslauncher/com.google.android.apps.nexuslauncher.NexusLauncherActivity} launchCookie=null},{atype=undefined independent=true modes=[CLOSE,TO_BACK] flags=IN_TASK_WITH_EMBEDDED_ACTIVITY mustBeTask=false order=ANY topActivity=null launchCookie=null}]} RemoteTransition { remoteTransition = android.window.IRemoteTransition$Stub$Proxy@e8ebfe9, appThread = android.app.IApplicationThread$Stub$Proxy@876e46e, debugName = OverlaySwipeBack }}
04-19 22:22:24.799 V/WindowManagerShell(  836):  Checking filter Pair{{types=[] flags=0x0] notFlags=0x0 checks=[{atype=dream independent=true modes=[OPEN,TO_FRONT] flags=NONE mustBeTask=false order=ANY topActivity=null launchCookie=null},{atype=home independent=true modes=[CLOSE,TO_BACK] flags=NONE mustBeTask=false order=ANY topActivity=null launchCookie=null}]} RemoteTransition { remoteTransition = android.window.IRemoteTransition$Stub$Proxy@f4cf70f, appThread = android.app.IApplicationThread$Stub$Proxy@ba5f39c, debugName = LauncherToDream }}
04-19 22:22:24.799 V/WindowManagerShell(  836):  Checking filter Pair{{types=[] flags=0x0] notFlags=0x100 checks=[{atype=home independent=true modes=[OPEN,TO_FRONT] flags=NONE mustBeTask=false order=TOP topActivity=ComponentInfo{com.google.android.apps.nexuslauncher/com.google.android.apps.nexuslauncher.NexusLauncherActivity} launchCookie=null},{atype=standard independent=true modes=[CLOSE,TO_BACK] flags=NONE mustBeTask=false order=ANY topActivity=null launchCookie=null}]} RemoteTransition { remoteTransition = android.window.IRemoteTransition$Stub$Proxy@c8a71a5, appThread = android.app.IApplicationThread$Stub$Proxy@30d97a, debugName = QuickstepLaunchHome }}
04-19 22:22:24.799 V/WindowManagerShell(  836):  Delegate animation for (#467) to null
04-19 22:22:24.799 V/WindowManagerShell(  836):  try handler com.android.wm.shell.transition.DefaultTransitionHandler@56bf52b
04-19 22:22:24.799 V/WindowManagerShell(  836): start default transition animation, info = {id=467 t=OPEN f=0x0 trk=0 r=[2@Point(0, 0)] c=[{WCT{android.window.IWindowContainerToken$Stub$Proxy@fb58710} m=OPEN f=NONE leash=Surface(name=Task=822)/@0x43be20d sb=Rect(0, 0 - 2560, 1600) eb=Rect(0, 0 - 2560, 1600) d=2 taskParent=-1},{WCT{android.window.IWindowContainerToken$Stub$Proxy@5d19209} m=TO_BACK f=SHOW_WALLPAPER leash=Surface(name=Task=671)/@0xf6d65c2 sb=Rect(0, 0 - 2560, 1600) eb=Rect(0, 0 - 2560, 1600) d=2 taskParent=-1}]}
04-19 22:22:24.799 V/WindowManagerShell(  836): loadAnimation: anim=android.view.animation.AnimationSet@cfb2828 animAttr=0x13 type=OPEN isEntrance=false
04-19 22:22:24.799 D/nativeloader( 8439): Load libframework-connectivity-tiramisu-jni.so using APEX ns com_android_tethering for caller /apex/com.android.tethering/javalib/framework-connectivity-t.jar: ok
04-19 22:22:24.799 V/WindowManagerShell(  836): loadAnimation: anim=android.view.animation.AnimationSet@19cec27 animAttr=0x12 type=OPEN isEntrance=true
04-19 22:22:24.799 V/WindowManagerShell(  836):  animated by com.android.wm.shell.transition.DefaultTransitionHandler@56bf52b
04-19 22:22:24.801 W/UserManagerService(  590): Requested status bar icon for non-badged user 0
04-19 22:22:24.818 W/ziparchive( 8439): Unable to open '/data/app/~~vM3jUZgBMEfwCGHKVO-Rdg==/com.impos2.mixcretailassemblyrn84-MMHwhy6mo1n558lbNH6NjQ==/base.dm': No such file or directory
04-19 22:22:24.818 W/ziparchive( 8439): Unable to open '/data/app/~~vM3jUZgBMEfwCGHKVO-Rdg==/com.impos2.mixcretailassemblyrn84-MMHwhy6mo1n558lbNH6NjQ==/base.dm': No such file or directory
04-19 22:22:24.956 D/nativeloader( 8439): Configuring clns-7 for other apk /data/app/~~vM3jUZgBMEfwCGHKVO-Rdg==/com.impos2.mixcretailassemblyrn84-MMHwhy6mo1n558lbNH6NjQ==/base.apk. target_sdk_version=36, uses_libraries=, library_path=/data/app/~~vM3jUZgBMEfwCGHKVO-Rdg==/com.impos2.mixcretailassemblyrn84-MMHwhy6mo1n558lbNH6NjQ==/lib/arm64:/data/app/~~vM3jUZgBMEfwCGHKVO-Rdg==/com.impos2.mixcretailassemblyrn84-MMHwhy6mo1n558lbNH6NjQ==/base.apk!/lib/arm64-v8a, permitted_path=/data:/mnt/expand:/data/user/0/com.impos2.mixcretailassemblyrn84
04-19 22:22:24.964 V/GraphicsEnvironment( 8439): Currently set values for:
04-19 22:22:24.964 V/GraphicsEnvironment( 8439):   angle_gl_driver_selection_pkgs=[]
04-19 22:22:24.964 V/GraphicsEnvironment( 8439):   angle_gl_driver_selection_values=[]
04-19 22:22:24.964 V/GraphicsEnvironment( 8439): Global.Settings values are invalid: number of packages: 0, number of values: 0
04-19 22:22:24.964 V/GraphicsEnvironment( 8439): Neither updatable production driver nor prerelease driver is supported.
04-19 22:22:24.972 W/SoLoader( 8439): Initializing SoLoader: 0
04-19 22:22:24.972 W/SoLoader( 8439): Recording new base apk path: /data/app/~~vM3jUZgBMEfwCGHKVO-Rdg==/com.impos2.mixcretailassemblyrn84-MMHwhy6mo1n558lbNH6NjQ==/base.apk
04-19 22:22:24.972 W/SoLoader( 8439): Previously recorded 0 base apk paths.
04-19 22:22:24.973 I/SoLoader( 8439): Preparing SO source: DirectorySoSource[root = /vendor/lib64 flags = 2]
04-19 22:22:24.974 I/SoLoader( 8439): Preparing SO source: DirectorySoSource[root = /system/lib64 flags = 2]
04-19 22:22:24.974 I/SoLoader( 8439): Preparing SO source: DirectApkSoSource[root = [/data/app/~~vM3jUZgBMEfwCGHKVO-Rdg==/com.impos2.mixcretailassemblyrn84-MMHwhy6mo1n558lbNH6NjQ==/base.apk!/lib/arm64-v8a]]
04-19 22:22:25.002 I/SoLoader( 8439): Preparing SO source: ApplicationSoSource[DirectorySoSource[root = /data/app/~~vM3jUZgBMEfwCGHKVO-Rdg==/com.impos2.mixcretailassemblyrn84-MMHwhy6mo1n558lbNH6NjQ==/lib/arm64 flags = 0]]
04-19 22:22:25.002 I/SoLoader( 8439): init finish: 4 SO sources prepared
04-19 22:22:25.002 W/SoLoader( 8439): SoLoader initialized: 8
04-19 22:22:25.034 D/nativeloader( 8439): Load /data/app/~~vM3jUZgBMEfwCGHKVO-Rdg==/com.impos2.mixcretailassemblyrn84-MMHwhy6mo1n558lbNH6NjQ==/base.apk!/lib/arm64-v8a/libc++_shared.so using ns clns-7 from class loader (caller=/data/app/~~vM3jUZgBMEfwCGHKVO-Rdg==/com.impos2.mixcretailassemblyrn84-MMHwhy6mo1n558lbNH6NjQ==/base.apk): ok
04-19 22:22:25.035 D/nativeloader( 8439): Load /data/app/~~vM3jUZgBMEfwCGHKVO-Rdg==/com.impos2.mixcretailassemblyrn84-MMHwhy6mo1n558lbNH6NjQ==/base.apk!/lib/arm64-v8a/libjsi.so using ns clns-7 from class loader (caller=/data/app/~~vM3jUZgBMEfwCGHKVO-Rdg==/com.impos2.mixcretailassemblyrn84-MMHwhy6mo1n558lbNH6NjQ==/base.apk): ok
04-19 22:22:25.037 D/nativeloader( 8439): Load /data/app/~~vM3jUZgBMEfwCGHKVO-Rdg==/com.impos2.mixcretailassemblyrn84-MMHwhy6mo1n558lbNH6NjQ==/base.apk!/lib/arm64-v8a/libfbjni.so using ns clns-7 from class loader (caller=/data/app/~~vM3jUZgBMEfwCGHKVO-Rdg==/com.impos2.mixcretailassemblyrn84-MMHwhy6mo1n558lbNH6NjQ==/base.apk): ok
04-19 22:22:25.039 D/nativeloader( 8439): Load /data/app/~~vM3jUZgBMEfwCGHKVO-Rdg==/com.impos2.mixcretailassemblyrn84-MMHwhy6mo1n558lbNH6NjQ==/base.apk!/lib/arm64-v8a/libreactnative.so using ns clns-7 from class loader (caller=/data/app/~~vM3jUZgBMEfwCGHKVO-Rdg==/com.impos2.mixcretailassemblyrn84-MMHwhy6mo1n558lbNH6NjQ==/base.apk): ok
04-19 22:22:25.039 D/jni_lib_merge( 8439): Entering merged library JNI_OnLoad.
04-19 22:22:25.039 D/jni_lib_merge( 8439): Preparing 12 pre-merged libs (including stub)
04-19 22:22:25.039 D/jni_lib_merge( 8439): Preparing to register libfabricjni_so.  onload_func: 0x73a79ea2ec
04-19 22:22:25.039 D/jni_lib_merge( 8439): Preparing to register libreact_devsupportjni_so.  onload_func: 0x73a7c100f8
04-19 22:22:25.039 D/jni_lib_merge( 8439): Preparing to register libreact_featureflagsjni_so.  onload_func: 0x73a7c22be4
04-19 22:22:25.039 D/jni_lib_merge( 8439): Preparing to register libreact_newarchdefaults_so.  onload_func: 0x73a7cc1fc8
04-19 22:22:25.039 D/jni_lib_merge( 8439): Preparing to register libreactnativeblob_so.  onload_func: 0x73a7ed6668
04-19 22:22:25.039 D/jni_lib_merge( 8439): Preparing to register libreactnativejni_so.  onload_func: 0x73a7f14cdc
04-19 22:22:25.039 D/jni_lib_merge( 8439): Preparing to register libreactnativejni_common_so.  onload_func: 0x73a7f1aa08
04-19 22:22:25.039 D/jni_lib_merge( 8439): Preparing to register librninstance_so.  onload_func: 0x73a7f672cc
04-19 22:22:25.039 D/jni_lib_merge( 8439): Preparing to register libturbomodulejsijni_so.  onload_func: 0x73a80c4b34
04-19 22:22:25.039 D/jni_lib_merge( 8439): Preparing to register libuimanagerjni_so.  onload_func: 0x73a80dc454
04-19 22:22:25.039 D/jni_lib_merge( 8439): Preparing to register libyoga_so.  onload_func: 0x73a80ebed8
04-19 22:22:25.039 D/jni_lib_merge( 8439): About to register 11 actual methods.
04-19 22:22:25.042 D/nativeloader( 8439): Load /data/app/~~vM3jUZgBMEfwCGHKVO-Rdg==/com.impos2.mixcretailassemblyrn84-MMHwhy6mo1n558lbNH6NjQ==/base.apk!/lib/arm64-v8a/libreact_codegen_rnsvg.so using ns clns-7 from class loader (caller=/data/app/~~vM3jUZgBMEfwCGHKVO-Rdg==/com.impos2.mixcretailassemblyrn84-MMHwhy6mo1n558lbNH6NjQ==/base.apk): ok
04-19 22:22:25.043 D/jni_lib_merge( 8439): Entering merged library JNI_OnLoad.
04-19 22:22:25.043 D/jni_lib_merge( 8439): Preparing 12 pre-merged libs (including stub)
04-19 22:22:25.043 D/jni_lib_merge( 8439): Preparing to register libfabricjni_so.  onload_func: 0x73a79ea2ec
04-19 22:22:25.043 D/jni_lib_merge( 8439): Preparing to register libreact_devsupportjni_so.  onload_func: 0x73a7c100f8
04-19 22:22:25.043 D/jni_lib_merge( 8439): Preparing to register libreact_featureflagsjni_so.  onload_func: 0x73a7c22be4
04-19 22:22:25.043 D/jni_lib_merge( 8439): Preparing to register libreact_newarchdefaults_so.  onload_func: 0x73a7cc1fc8
04-19 22:22:25.043 D/jni_lib_merge( 8439): Preparing to register libreactnativeblob_so.  onload_func: 0x73a7ed6668
04-19 22:22:25.043 D/jni_lib_merge( 8439): Preparing to register libreactnativejni_so.  onload_func: 0x73a7f14cdc
04-19 22:22:25.043 D/jni_lib_merge( 8439): Preparing to register libreactnativejni_common_so.  onload_func: 0x73a7f1aa08
04-19 22:22:25.043 D/jni_lib_merge( 8439): Preparing to register librninstance_so.  onload_func: 0x73a7f672cc
04-19 22:22:25.043 D/jni_lib_merge( 8439): Preparing to register libturbomodulejsijni_so.  onload_func: 0x73a80c4b34
04-19 22:22:25.043 D/jni_lib_merge( 8439): Preparing to register libuimanagerjni_so.  onload_func: 0x73a80dc454
04-19 22:22:25.043 D/jni_lib_merge( 8439): Preparing to register libyoga_so.  onload_func: 0x73a80ebed8
04-19 22:22:25.043 D/jni_lib_merge( 8439): About to register 11 actual methods.
04-19 22:22:25.044 D/nativeloader( 8439): Load /data/app/~~vM3jUZgBMEfwCGHKVO-Rdg==/com.impos2.mixcretailassemblyrn84-MMHwhy6mo1n558lbNH6NjQ==/base.apk!/lib/arm64-v8a/libappmodules.so using ns clns-7 from class loader (caller=/data/app/~~vM3jUZgBMEfwCGHKVO-Rdg==/com.impos2.mixcretailassemblyrn84-MMHwhy6mo1n558lbNH6NjQ==/base.apk): ok
04-19 22:22:25.046 W/OptProp (  590): Cannot read opt property android.window.PROPERTY_COMPAT_ENABLE_FAKE_FOCUS
04-19 22:22:25.076 D/AppCompatDelegate( 8439): Checking for metadata for AppLocalesMetadataHolderService : Service not found
04-19 22:22:25.094 V/WindowManagerShell(  836): Transition animation finished (aborted=false), notifying core (#467) android.os.BinderProxy@f8bd412@0
04-19 22:22:25.095 V/WindowManagerShell(  836): Track 0 became idle
04-19 22:22:25.095 V/WindowManagerShell(  836): All active transition animations finished
04-19 22:22:25.095 W/UserManagerService(  590): Requested status bar icon for non-badged user 0
04-19 22:22:25.096 W/UserManagerService(  590): Requested status bar icon for non-badged user 0
04-19 22:22:25.097 V/WindowManager(  590): Finish Transition (#467): created at 04-19 22:22:24.750 collect-started=0.03ms request-sent=5.995ms started=8.99ms ready=43.927ms sent=44.854ms finished=344.068ms
04-19 22:22:25.097 D/VRI[SecondaryDisplayLauncher]( 1099): visibilityChanged oldVisibility=true newVisibility=false
04-19 22:22:25.116 D/FileUtils(  590): Rounded bytes from 3120193536 to 4000000000
04-19 22:22:25.133 D/nativeloader( 8439): Load /data/app/~~vM3jUZgBMEfwCGHKVO-Rdg==/com.impos2.mixcretailassemblyrn84-MMHwhy6mo1n558lbNH6NjQ==/base.apk!/lib/arm64-v8a/libhermesvm.so using ns clns-7 from class loader (caller=/data/app/~~vM3jUZgBMEfwCGHKVO-Rdg==/com.impos2.mixcretailassemblyrn84-MMHwhy6mo1n558lbNH6NjQ==/base.apk): ok
04-19 22:22:25.134 D/nativeloader( 8439): Load /data/app/~~vM3jUZgBMEfwCGHKVO-Rdg==/com.impos2.mixcretailassemblyrn84-MMHwhy6mo1n558lbNH6NjQ==/base.apk!/lib/arm64-v8a/libhermestooling.so using ns clns-7 from class loader (caller=/data/app/~~vM3jUZgBMEfwCGHKVO-Rdg==/com.impos2.mixcretailassemblyrn84-MMHwhy6mo1n558lbNH6NjQ==/base.apk): ok
04-19 22:22:25.134 D/jni_lib_merge( 8439): Entering merged library JNI_OnLoad.
04-19 22:22:25.134 D/jni_lib_merge( 8439): Preparing 4 pre-merged libs (including stub)
04-19 22:22:25.134 D/jni_lib_merge( 8439): Preparing to register libhermes_executor_so.  onload_func: 0x739a75d02c
04-19 22:22:25.134 D/jni_lib_merge( 8439): Preparing to register libhermesinstancejni_so.  onload_func: 0x739a78b1f8
04-19 22:22:25.134 D/jni_lib_merge( 8439): Preparing to register libjsijniprofiler_so.  onload_func: 0x739a78d23c
04-19 22:22:25.134 D/jni_lib_merge( 8439): About to register 3 actual methods.
04-19 22:22:25.188 I/resolv  (  388): GetAddrInfoHandler::run: {0 0 0 983040 10212 0}
04-19 22:22:25.190 D/TrafficStats( 8439): tagSocket(98) with statsTag=0xffffffff, statsUid=-1
04-19 22:22:25.214 W/unknown:BridgelessReact( 8439): ReactHost{0}.startSurface(surfaceId = 0): Schedule
04-19 22:22:25.215 W/unknown:BridgelessReact( 8439): ReactHost{0}.attachSurface(surfaceId = 0)
04-19 22:22:25.215 W/unknown:BridgelessReact( 8439): ReactHost{0}.getOrCreateReactInstanceTask()
04-19 22:22:25.215 W/unknown:BridgelessReact( 8439): ReactHost{0}.getOrCreateReactInstanceTask(): Start
04-19 22:22:25.215 W/unknown:BridgelessReact( 8439): ReactHost{0}.getJSBundleLoader()
04-19 22:22:25.216 W/unknown:BridgelessReact( 8439): ReactHost{0}.isMetroRunning()
04-19 22:22:25.218 D/TrafficStats( 8439): tagSocket(100) with statsTag=0xffffffff, statsUid=-1
04-19 22:22:25.227 W/yrn84:secondary( 8439): Accessing hidden method Landroid/view/ViewGroup;->makeOptionalFitsSystemWindows()V (unsupported, reflection, allowed)
04-19 22:22:25.228 W/unknown:BridgelessReact( 8439): ReactHost{0}.isMetroRunning(): Async result = true
04-19 22:22:25.228 W/unknown:BridgelessReact( 8439): ReactHost{0}.loadJSBundleFromMetro()
04-19 22:22:25.230 I/StartupAudit( 8439): activity_created activity=SecondaryActivity displayIndex=1 pid=8439 time=2026-04-19 22:22:25.228
04-19 22:22:25.238 W/unknown:BridgelessReact( 8439): ReactHost{0}.onHostResume(activity)
04-19 22:22:25.238 W/unknown:ReactNative( 8439): Packager connection already open, nooping.
04-19 22:22:25.242 W/HWUI    ( 8439): Unknown dataspace 0
04-19 22:22:25.255 W/WindowManager(  590): Failed looking up window session=null callers=com.android.server.wm.WindowManagerService.addWindow:1575 com.android.server.wm.Session.addToDisplayAsUser:257 android.view.IWindowSession$Stub.onTransact:640 
04-19 22:22:25.255 W/WindowManager(  590): Attempted to add window with token that is not a window: null.  Aborting.
04-19 22:22:25.256 E/unknown:ReactNative( 8439): Unable to display loading message because react activity isn't active, message: Loading from localhost:8081…
04-19 22:22:25.260 W/WindowManager(  590): Failed looking up window session=null callers=com.android.server.wm.WindowManagerService.addWindow:1575 com.android.server.wm.Session.addToDisplayAsUser:257 android.view.IWindowSession$Stub.onTransact:640 
04-19 22:22:25.260 W/WindowManager(  590): Attempted to add window with token that is not a window: null.  Aborting.
04-19 22:22:25.261 E/unknown:ReactNative( 8439): Unable to display loading message because react activity isn't active, message: Reloading...
04-19 22:22:25.265 D/CoreBackPreview(  590): Window{39f23b0 u0 com.impos2.mixcretailassemblyrn84/com.impos2.mixcretailassemblyrn84.SecondaryActivity}: Setting back callback OnBackInvokedCallbackInfo{mCallback=android.window.IOnBackInvokedCallback$Stub$Proxy@ccacadc, mPriority=0, mIsAnimationCallback=false}
04-19 22:22:25.279 I/EGL_emulation( 8439): Opening libGLESv1_CM_emulation.so
04-19 22:22:25.279 I/EGL_emulation( 8439): Opening libGLESv2_emulation.so
04-19 22:22:25.285 W/HWUI    ( 8439): Failed to choose config with EGL_SWAP_BEHAVIOR_PRESERVED, retrying without...
04-19 22:22:25.285 W/HWUI    ( 8439): Failed to initialize 101010-2 format, error = EGL_SUCCESS
04-19 22:22:25.295 I/hwservicemanager(  162): getTransport: Cannot find entry android.hardware.graphics.mapper@4.0::IMapper/default in either framework or device VINTF manifest.
04-19 22:22:25.295 I/Gralloc4( 8439): mapper 4.x is not supported
04-19 22:22:25.296 I/servicemanager(  157): Caller(pid=8439,uid=10212,sid=u:r:untrusted_app:s0:c212,c256,c512,c768) Could not find android.hardware.graphics.allocator.IAllocator/default in the VINTF manifest. No alternative instances declared in VINTF.
04-19 22:22:25.312 W/ziparchive(  590): Unable to open '/data/app/~~vM3jUZgBMEfwCGHKVO-Rdg==/com.impos2.mixcretailassemblyrn84-MMHwhy6mo1n558lbNH6NjQ==/base.dm': No such file or directory
04-19 22:22:25.315 I/ActivityTaskManager(  590): Displayed com.impos2.mixcretailassemblyrn84/.SecondaryActivity for user 0: +563ms
04-19 22:22:25.354 D/SecondaryActivity( 8439): Skipped RN onWindowFocusChanged before React context is ready: hasFocus=true
04-19 22:22:25.355 I/ImeTracker(  590): com.impos2.mixcretailassemblyrn84:c72e354e: onRequestHide at ORIGIN_SERVER reason HIDE_UNSPECIFIED_WINDOW fromUser false
04-19 22:22:25.355 I/ImeTracker(  590): com.impos2.mixcretailassemblyrn84:c72e354e: onCancelled at PHASE_SERVER_SHOULD_HIDE
04-19 22:22:25.356 W/InputManager-JNI(  590): Input channel object 'f077c03 InputMethod (client)' was disposed without first being removed with the input manager!
04-19 22:22:25.356 I/GoogleInputMethodService(20885): GoogleInputMethodService.onDestroy():1509 
04-19 22:22:25.361 I/GoogleInputMethodService(20885): GoogleInputMethodService.onFinishInput():3157 
04-19 22:22:25.365 I/GoogleInputMethodService(20885): GoogleInputMethodService.updateDeviceLockedStatus():2248 repeatCheckTimes = 0, locked = false
04-19 22:22:25.366 W/WindowManager(  590): Failed looking up window session=Session{11d9fff 20885:u0a10158} callers=com.android.server.wm.WindowManagerService.removeClientToken:2058 com.android.server.wm.Session.remove:274 android.view.IWindowSession$Stub.onTransact:685 
04-19 22:22:25.367 I/GoogleInputMethodService(20885): GoogleInputMethodService.clearInputMethodServiceData():1613 clearInputMethodServiceData for onDestroy
04-19 22:22:25.367 I/GoogleInputMethodService(20885): GoogleInputMethodService.discardAllKeyboardViewAndInputView():1818 discardAllKeyboardViewAndInputView()
04-19 22:22:25.367 I/KeyboardModeManager(20885): KeyboardModeManager.setInputViewKeyboardViewHolderProvider():625 setInputView() : supportsOneHandedMode=false supportsSplitMode=true
04-19 22:22:25.367 I/NormalModeController(20885): NormalModeController.getKeyboardBodyViewHolderPaddingBottom():104 currentPrimeKeyboardType:SOFT systemPaddingBottom:-1
04-19 22:22:25.367 I/KeyboardModeManager(20885): KeyboardModeManager.setInputViewKeyboardViewHolderProvider():613 setInputView() : supportsOneHandedMode=false, supportSplitMode=true
04-19 22:22:25.367 I/InputMethodEntryManager(20885): InputMethodEntryManager.notifyCurrentInputMethodEntryOnContextChanged():521 notifyCurrentInputMethodEntryOnContextChanged()
04-19 22:22:25.367 I/InputMethodEntryManager(20885): InputMethodEntryManager.notifyCurrentInputMethodEntryOnContextChanged():542 Notify current input method entry changed on context change
04-19 22:22:25.368 I/SystemSubtypesReportModule(20885): SystemSubtypesReportModule$3.onCurrentInputMethodEntryChanged():136 entry: en-US, source: UNSPECIFIED
04-19 22:22:25.368 I/KeyboardThemeProvider(20885): KeyboardThemeProvider.reset():40 Reset keyboard theme
04-19 22:22:25.368 I/KeyboardContextProvider(20885): KeyboardContextProvider.setBaseContextAndInvalidKeyboardContextCache():88 setBaseContextAndInvalidKeyboardContextCache(): null
04-19 22:22:25.368 I/DeviceModeMonitor(20885): DeviceModeMonitor.calculateDeviceMode():76 Get device mode tablet_large by screen size and smallestScreenWidthDp: 723
04-19 22:22:25.368 I/HardKeyTracker(20885): HardKeyTracker.unregisterKeySequence():183 Unregister key sequence lnk{labelResId=2132019809, callback=jjt@c1fd517, lastModifier=2, keyCodes=[47], actions=[0]}
04-19 22:22:25.368 I/HardKeyTracker(20885): HardKeyTracker.unregisterKeySequence():183 Unregister key sequence lnk{labelResId=0, callback=jwl@34430e9, lastModifier=0, keyCodes=[204], actions=[0]}
04-19 22:22:25.368 W/AccessPointsManager(20885): AccessPointsManager.removeAccessPoint():834 The holder controller #0x7f0b2078 is not registered
04-19 22:22:25.368 I/AccessPointsListHolderController(20885): AccessPointsListHolderController.removeAccessPoint():304 The access point textediting is not added
04-19 22:22:25.368 I/AccessPointsListHolderController(20885): AccessPointsListHolderController.removeAccessPoint():304 The access point settings is not added
04-19 22:22:25.368 I/AccessPointsListHolderController(20885): AccessPointsListHolderController.removeAccessPoint():304 The access point theme_setting is not added
04-19 22:22:25.368 I/OnDevicePackDownloadModule(20885): OnDevicePackDownloadModule.onDestroy():95 onDestroy()
04-19 22:22:25.368 I/NewS3RecognizerModule(20885): NewS3RecognizerModule.onDestroy():21 onDestroy [news3]
04-19 22:22:25.369 I/HardKeyTracker(20885): HardKeyTracker.unregisterKeySequence():183 Unregister key sequence lnk{labelResId=2132019800, callback=gnd@c05f75a, lastModifier=0, keyCodes=[57, 57], actions=[1, 0]}
04-19 22:22:25.369 I/HardKeyTracker(20885): HardKeyTracker.unregisterKeySequence():183 Unregister key sequence lnk{labelResId=0, callback=gnd@fd42281, lastModifier=0, keyCodes=[58, 58], actions=[1, 0]}
04-19 22:22:25.369 I/AbstractOpenableExtension(20885): AbstractOpenableExtension.maybeDestroyExistingKeyboardGroupManager():538 Destroy existing keyboard group manager in fvq
04-19 22:22:25.369 I/SP      (20885): Registering emoticon_content_description.2022081613, url: https://www.gstatic.com/android/keyboard/emoticon_content_desc/202208161305/superpacks_manifest.json, constraints: W:*:*:*, flags: bg, requested: 2022081613, current: -1
04-19 22:22:25.371 I/EmojifyExtensionImpl(20885): EmojifyExtensionImpl.onDestroy():605 Destroying Emojify extension ehb@9444df.
04-19 22:22:25.371 I/AbstractOpenableExtension(20885): AbstractOpenableExtension.maybeDestroyExistingKeyboardGroupManager():538 Destroy existing keyboard group manager in fxu
04-19 22:22:25.371 I/JapaneseMozcExtension(20885): JapaneseMozcExtension.onDestroyServiceInternal():81 onDestroyServiceInternal()
04-19 22:22:25.371 W/WindowTokenClientController(20885): Can't find attached WindowTokenClient for android.window.WindowTokenClient@f6ff8b0
04-19 22:22:25.372 D/WindowTokenClient(20885): Only apply configuration update to Resources because shouldReportConfigChange is false. context=com.android.inputmethod.latin.LatinIME@105a0e0, config={1.3 ?mcc0mnc [en_US] ldltr sw723dp w1157dp h723dp 354dpi xlrg land finger qwerty/v/v dpad/v winConfig={ mBounds=Rect(0, 0 - 2560, 1600) mAppBounds=Rect(0, 0 - 2560, 1600) mMaxBounds=Rect(0, 0 - 2560, 1600) mDisplayRotation=ROTATION_0 mWindowingMode=fullscreen mActivityType=undefined mAlwaysOnTop=undefined mRotation=ROTATION_0} s.8 fontWeightAdjustment=0}, display ID=0
04-19 22:22:25.372 D/WindowTokenClient(20885): android.window.WindowTokenClient.onConfigurationChanged:161 android.window.WindowTokenClientController.onWindowContextTokenAttached:197 android.window.WindowTokenClientController.attachToDisplayArea:116 android.window.WindowContextController.attachToDisplayArea:108 android.window.WindowProviderService.attachBaseContext:218 
04-19 22:22:25.372 I/GoogleInputMethodService(20885): GoogleInputMethodService.onCreate():1025 
04-19 22:22:25.373 I/WindowMetricsNotification(20885): WindowMetricsNotification.notify():106 WindowMetricsNotification{bounds=Rect(0, 53 - 2560, 1600), insets=Rect(0, 0 - 0, 0), densityDpi=354, smallestScreenWidthDp=723, displayWidth=2560, displayHeight=1600, xdpi=320.0, ydpi=320.0}; DisplayMetrics{density=2.2125, width=2560, height=1600, scaledDensity=2.2125, xdpi=320.0, ydpi=320.0}
04-19 22:22:25.373 I/WindowMetricsHelper(20885): WindowMetricsHelper.predictAndNotify():140 Window metrics predicted.
04-19 22:22:25.373 I/InputMethodEntryManager(20885): InputMethodEntryManager.notifyCurrentInputMethodEntryOnContextChanged():521 notifyCurrentInputMethodEntryOnContextChanged()
04-19 22:22:25.374 I/InputMethodEntryManager(20885): InputMethodEntryManager.notifyCurrentInputMethodEntryOnContextChanged():542 Notify current input method entry changed on context change
04-19 22:22:25.374 I/KeyboardContextProvider(20885): KeyboardContextProvider.setBaseContextAndInvalidKeyboardContextCache():88 setBaseContextAndInvalidKeyboardContextCache(): com.android.inputmethod.latin.LatinIME@105a0e0
04-19 22:22:25.374 E/GoogleInputMethodService(20885): GoogleInputMethodService.getAppEditorInfo():2810 App EditorInfo should never be null.
04-19 22:22:25.374 I/StyledKeyboardThemeBuilder(20885): StyledKeyboardThemeBuilder.build():132 Pref: [], themeName: [silk:], darkMode: [false], cacheKey: [overlay_builtin_dynamic_color_light_base.binarypb:dynamic-gm3-light-fffefbff-ff495d92-88aedfe362701b9d56ce578190f21130]
04-19 22:22:25.374 I/KeyboardThemeProvider(20885): KeyboardThemeProvider.applyKeyboardTheme():27 Apply keyboard theme: theme_border_stylesheet_noshadow_pgsans_pillkey_silkpopup_light_tablet_large_keyboard_width_tablet_small_navredesign_600_overlay_builtin_dynamic_color_light_base.binarypb:dynamic-gm3-light-fffefbff-ff495d92-88aedfe362701b9d56ce578190f21130_land
04-19 22:22:25.374 I/KeyboardContextProvider(20885): KeyboardContextProvider$KeyboardContextCache.createKeyboardContext():173 createKeyboardContext(): en-US, jgg@2cd0328(com.android.inputmethod.latin.LatinIME@105a0e0), {1.3 ?mcc0mnc [en_US] ldltr sw723dp w1157dp h723dp 354dpi xlrg land finger qwerty/v/v dpad/v winConfig={ mBounds=Rect(0, 0 - 2560, 1600) mAppBounds=Rect(0, 0 - 2560, 1600) mMaxBounds=Rect(0, 0 - 2560, 1600) mDisplayRotation=ROTATION_0 mWindowingMode=fullscreen mActivityType=undefined mAlwaysOnTop=undefined mRotation=ROTATION_0} s.8 fontWeightAdjustment=0}
04-19 22:22:25.375 I/KeyboardHeightUtil(20885): KeyboardHeightUtil.calculateMaxKeyboardBodyHeight():45 leave 237 height for app when ime window height:1547, header height:106 and isFullscreenMode:false, so the max keyboard body height is:1204
04-19 22:22:25.375 I/KeyboardHeightUtil(20885): KeyboardHeightUtil.calculateMaxKeyboardBodyHeight():45 leave 237 height for app when ime window height:1547, header height:106 and isFullscreenMode:false, so the max keyboard body height is:1204
04-19 22:22:25.375 I/NormalModeController(20885): NormalModeController.getKeyboardBodyViewHolderPaddingBottom():104 currentPrimeKeyboardType:SOFT systemPaddingBottom:-1
04-19 22:22:25.375 I/GoogleInputMethodService(20885): GoogleInputMethodService.onCurrentInputMethodEntryChanged():3655 onCurrentInputMethodEntryChanged(): imeDefsChanged=false, initializedEntryChanged=true, keyboardContextChanged=true
04-19 22:22:25.375 I/GoogleInputMethodService(20885): GoogleInputMethodService.clearInputMethodServiceData():1613 clearInputMethodServiceData for entryChange
04-19 22:22:25.375 I/KeyboardHeightUtil(20885): KeyboardHeightUtil.calculateMaxKeyboardBodyHeight():45 leave 237 height for app when ime window height:1547, header height:106 and isFullscreenMode:false, so the max keyboard body height is:1204
04-19 22:22:25.375 I/KeyboardHeightUtil(20885): KeyboardHeightUtil.calculateMaxKeyboardBodyHeight():45 leave 237 height for app when ime window height:1547, header height:106 and isFullscreenMode:false, so the max keyboard body height is:1204
04-19 22:22:25.375 I/KeyboardModeManager(20885): KeyboardModeManager.onCurrentInputMethodEntryChanged():1133 Reload data for context change
04-19 22:22:25.375 I/GoogleInputMethodService(20885): GoogleInputMethodService.initializeInputMethodServiceData():1382 initializeInputMethodServiceData for kct{languageTag=en-US, variant=qwerty, hasLocalizedResources=true, conditionCacheKey=_cache_additional_ime_defs_for_condition_change=false_cache_ime_defs_for_condition_change=false_device=tablet_device_size=large_enable_flick_symbols=false_enable_more_candidates_view_for_multilingual=false_enable_number_row=false_enable_preemptive_decode=true_enable_secondary_digits=true_enable_secondary_symbols=false_enable_show_foldable_layout_on_small_tablet=false_expressions=normal_four_or_more_letter_rows=false_keyboard_mode=normal_language=en-US_orientation=landscape_physical_keyboard=qwerty_rtl_layout=false_show_secondary_digits=true_show_suggestions=true_split_with_duplicate_keys=true_variant=qwerty, imeDef.stringId=ime_english_united_states, imeDef.className=com.google.android.apps.inputmethod.libs.latin5.LatinIme, imeDef.languageTag=en-US}
04-19 22:22:25.375 E/GoogleInputMethodService(20885): GoogleInputMethodService.getAppEditorInfo():2810 App EditorInfo should never be null.
04-19 22:22:25.375 I/StyledKeyboardThemeBuilder(20885): StyledKeyboardThemeBuilder.build():132 Pref: [], themeName: [silk:], darkMode: [false], cacheKey: [overlay_builtin_dynamic_color_light_base.binarypb:dynamic-gm3-light-fffefbff-ff495d92-88aedfe362701b9d56ce578190f21130]
04-19 22:22:25.375 I/KeyboardThemeProvider(20885): KeyboardThemeProvider.applyKeyboardTheme():27 Apply keyboard theme: theme_border_stylesheet_noshadow_pgsans_pillkey_silkpopup_light_tablet_large_keyboard_width_tablet_extra_large_navredesign_600_overlay_builtin_dynamic_color_light_base.binarypb:dynamic-gm3-light-fffefbff-ff495d92-88aedfe362701b9d56ce578190f21130_land
04-19 22:22:25.377 I/AndroidIME(20885): InputBundleManager.loadActiveInputBundleId():450 loadActiveInputBundleId: und-Latn-x-password, password
