04-19 22:22:25.377 I/SystemSubtypesReportModule(20885): SystemSubtypesReportModule$4.onSetCurrentInputMethodSubtype():160 en_US
04-19 22:22:25.380 I/DeviceModeMonitor(20885): DeviceModeMonitor.calculateDeviceMode():76 Get device mode tablet_large by screen size and smallestScreenWidthDp: 723
04-19 22:22:25.380 I/HardKeyTracker(20885): HardKeyTracker.registerKeySequence():139 Register key sequence lnk{labelResId=2132019809, callback=jjt@ae93588, lastModifier=2, keyCodes=[47], actions=[0]}
04-19 22:22:25.380 I/JapaneseMozcExtension(20885): JapaneseMozcExtension.onCreateServiceInternal():76 onCreateServiceInternal()
04-19 22:22:25.381 I/HardKeyTracker(20885): HardKeyTracker.registerKeySequence():139 Register key sequence lnk{labelResId=0, callback=jwl@90565d2, lastModifier=0, keyCodes=[204], actions=[0]}
04-19 22:22:25.381 I/NetworkInfoNotification(20885): NetworkInfoNotification$Listener.onReceive():112 onNetworkLost: networkState = NO_CONNECTION, isAirplaneModeOn = false
04-19 22:22:25.381 I/NewS3RecognizerModule(20885): NewS3RecognizerModule.onCreate():14 onCreate [news3]
04-19 22:22:25.381 I/EmojifyExtensionImpl(20885): EmojifyExtensionImpl.onCreate():599 Creating Emojify extension ehb@4d46530.
04-19 22:22:25.382 I/AbstractOpenableExtension(20885): AbstractOpenableExtension.createKeyboardGroupManagerListenableFuture():120 Create keyboard group manager listenable future in fxu
04-19 22:22:25.382 I/KeyboardGroupDefParser(20885): KeyboardGroupDefParser.parseKeyboardGroupDef():83 parseKeyboardGroupDef() 2132214040 -> 0_resource_name_obfuscated : WaitTime = 0 ms : RunTime = 0 ms
04-19 22:22:25.382 I/OnDevicePackDownloadModule(20885): OnDevicePackDownloadModule.onCreate():60 onCreate()
04-19 22:22:25.383 I/SP      (20885): Scheduling job with delay of 0s for {m:b:u:l, bg}, 2 candidates
04-19 22:22:25.383 D/InputMethodManagerService(  590): Initializing Handwriting Spy
04-19 22:22:25.383 W/InputManager-JNI(  590): Input channel object 'stylus-handwriting-event-receiver-0 (client)' was disposed without first being removed with the input manager!
04-19 22:22:25.383 I/AbstractOpenableExtension(20885): AbstractOpenableExtension$3.onSuccess():552 KeyboardGroupManager destroyed in fvq.
04-19 22:22:25.383 I/AbstractOpenableExtension(20885): AbstractOpenableExtension$3.onSuccess():552 KeyboardGroupManager destroyed in fxu.
04-19 22:22:25.383 I/NetworkInfoNotification(20885): NetworkInfoNotification$Listener.onReceive():112 onNetworkLost: networkState = NO_CONNECTION, isAirplaneModeOn = false
04-19 22:22:25.384 I/AbstractOpenableExtension(20885): AbstractOpenableExtension.createKeyboardGroupManagerListenableFuture():120 Create keyboard group manager listenable future in fvq
04-19 22:22:25.384 I/KeyboardGroupDefParser(20885): KeyboardGroupDefParser.parseKeyboardGroupDef():83 parseKeyboardGroupDef() 2132214033 -> 0_resource_name_obfuscated : WaitTime = 0 ms : RunTime = 0 ms
04-19 22:22:25.384 I/KeyboardGroupDefParser(20885): KeyboardGroupDefParser.parseKeyboardGroupDef():83 parseKeyboardGroupDef() 2132214034 -> 0_resource_name_obfuscated : WaitTime = 0 ms : RunTime = 0 ms
04-19 22:22:25.384 E/JobScheduler.JobStatus(  590): App com.google.android.inputmethod.latin became active but still in NEVER bucket
04-19 22:22:25.385 I/NetworkInfoNotification(20885): NetworkInfoNotification$Listener.onReceive():112 onNetworkLost: networkState = NO_CONNECTION, isAirplaneModeOn = false
04-19 22:22:25.385 I/AccessPointsListHolderController(20885): AccessPointsListHolderController.removeAccessPoint():304 The access point one_handed is not added
04-19 22:22:25.385 I/AccessPointsListHolderController(20885): AccessPointsListHolderController.removeAccessPoint():304 The access point textediting is not added
04-19 22:22:25.385 I/AccessPointsListHolderController(20885): AccessPointsListHolderController.removeAccessPoint():304 The access point settings is not added
04-19 22:22:25.385 I/AccessPointsListHolderController(20885): AccessPointsListHolderController.removeAccessPoint():304 The access point theme_setting is not added
04-19 22:22:25.385 I/ClipboardDataHandler(20885): ClipboardDataHandler.updateScreenshotsContentObserver():268 Disable the feature of handling screenshots in the clipboard.
04-19 22:22:25.385 I/Environment(20885): Environment.isPackageInstalled():234 com.bitstrips.imoji is not installed
04-19 22:22:25.385 I/SP      (20885): Scheduling job with delay of 0s for {W:b:u:l, bg}, 1 candidates
04-19 22:22:25.385 W/AndroidCreativeStickerFetcherFactory(20885): AndroidCreativeStickerFetcherFactory.createFetcher():19 Empty host or api key
04-19 22:22:25.385 I/NetworkInfoNotification(20885): NetworkInfoNotification$Listener.onReceive():112 onNetworkLost: networkState = NO_CONNECTION, isAirplaneModeOn = false
04-19 22:22:25.386 I/NetworkInfoNotification(20885): NetworkInfoNotification$Listener.onReceive():112 onNetworkLost: networkState = NO_CONNECTION, isAirplaneModeOn = false
04-19 22:22:25.386 I/GoogleInputMethodService(20885): GoogleInputMethodService$GoogleInputMethodImpl.attachToken():4209 
04-19 22:22:25.386 E/JobScheduler.JobStatus(  590): App com.google.android.inputmethod.latin became active but still in NEVER bucket
04-19 22:22:25.388 I/KeyboardGroupDefParser(20885): KeyboardGroupDefParser.parseKeyboardGroupDef():83 parseKeyboardGroupDef() 2132214028 -> 0_resource_name_obfuscated : WaitTime = 1 ms : RunTime = 1 ms
04-19 22:22:25.389 I/SystemSubtypesReportModule(20885): SystemSubtypesReportModule$3.onCurrentInputMethodEntryChanged():136 entry: en-US, source: UNSPECIFIED
04-19 22:22:25.389 I/SystemSubtypesReportModule(20885): SystemSubtypesReportModule.switchToSubtypeByEntry():205 en-US
04-19 22:22:25.390 D/WindowTokenClient(20885): Configuration not dispatch to IME because configuration is up to date. Current config={1.3 ?mcc0mnc [en_US] ldltr sw723dp w1157dp h723dp 354dpi xlrg land finger qwerty/v/v dpad/v winConfig={ mBounds=Rect(0, 0 - 2560, 1600) mAppBounds=Rect(0, 0 - 2560, 1600) mMaxBounds=Rect(0, 0 - 2560, 1600) mDisplayRotation=ROTATION_0 mWindowingMode=fullscreen mActivityType=undefined mAlwaysOnTop=undefined mRotation=ROTATION_0} s.8 fontWeightAdjustment=0}, reported config={1.3 ?mcc0mnc [en_US] ldltr sw723dp w1157dp h723dp 354dpi xlrg land finger qwerty/v/v dpad/v winConfig={ mBounds=Rect(0, 0 - 2560, 1600) mAppBounds=Rect(0, 0 - 2560, 1600) mMaxBounds=Rect(0, 0 - 2560, 1600) mDisplayRotation=ROTATION_0 mWindowingMode=fullscreen mActivityType=undefined mAlwaysOnTop=undefined mRotation=ROTATION_0} s.8 fontWeightAdjustment=0}, updated config={1.3 ?mcc0mnc [en_US] ldltr sw723dp w1157dp h723dp 354dpi xlrg land finger qwerty/v/v dpad/v winConfig={ mBounds=Rect(0, 0 - 2560, 1600) mAppBounds=Rect(0, 0 - 2560, 1600) mMaxBounds=Rect(0, 0 - 2560, 1600) mDisplayRotation=ROTATION_0 mWindowingMode=fullscreen mActivityType=undefined mAlwaysOnTop=undefined mRotation=ROTATION_0} s.8 fontWeightAdjustment=0}, updated display ID=0
04-19 22:22:25.390 D/WindowTokenClient(20885): Configuration not dispatch to IME because configuration is up to date. Current config={1.3 ?mcc0mnc [en_US] ldltr sw723dp w1157dp h723dp 354dpi xlrg land finger qwerty/v/v dpad/v winConfig={ mBounds=Rect(0, 0 - 2560, 1600) mAppBounds=Rect(0, 0 - 2560, 1600) mMaxBounds=Rect(0, 0 - 2560, 1600) mDisplayRotation=ROTATION_0 mWindowingMode=fullscreen mActivityType=undefined mAlwaysOnTop=undefined mRotation=ROTATION_0} s.8 fontWeightAdjustment=0}, reported config={1.3 ?mcc0mnc [en_US] ldltr sw723dp w1157dp h723dp 354dpi xlrg land finger qwerty/v/v dpad/v winConfig={ mBounds=Rect(0, 0 - 2560, 1600) mAppBounds=Rect(0, 0 - 2560, 1600) mMaxBounds=Rect(0, 0 - 2560, 1600) mDisplayRotation=ROTATION_0 mWindowingMode=fullscreen mActivityType=undefined mAlwaysOnTop=undefined mRotation=ROTATION_0} s.8 fontWeightAdjustment=0}, updated config={1.3 ?mcc0mnc [en_US] ldltr sw723dp w1157dp h723dp 354dpi xlrg land finger qwerty/v/v dpad/v winConfig={ mBounds=Rect(0, 0 - 2560, 1600) mAppBounds=Rect(0, 0 - 2560, 1600) mMaxBounds=Rect(0, 0 - 2560, 1600) mDisplayRotation=ROTATION_0 mWindowingMode=fullscreen mActivityType=undefined mAlwaysOnTop=undefined mRotation=ROTATION_0} s.8 fontWeightAdjustment=0}, updated display ID=0
04-19 22:22:25.390 I/GoogleInputMethodService(20885): GoogleInputMethodService.onStartInput():1986 onStartInput(EditorInfo{EditorInfo{packageName=com.impos2.mixcretailassemblyrn84, inputType=0, inputTypeString=NULL, enableLearning=false, autoCorrection=false, autoComplete=false, imeOptions=0, privateImeOptions=null, actionName=UNSPECIFIED, actionLabel=null, initialSelStart=-1, initialSelEnd=-1, initialCapsMode=0, label=null, fieldId=0, fieldName=null, extras=null, hintText=null, hintLocales=[]}}, false)
04-19 22:22:25.390 I/SP      (20885): Scheduling: download registered, 0 started, 0 paused, 3 scheduled, 3 pending: manifests:next-word-predictor-20210507 * {m:b:u:l, bg}, manifests:emoji-2023020111 * {m:b:u:l, bg}, manifests:emoticon_content_description-2022081613 * {W:b:u:l, bg}
04-19 22:22:25.390 I/SuperpacksManagerImpl(20885): SuperpacksManagerImpl$3$1.onFailure():588 emoticon_content_description.registerManifest() cancelled
04-19 22:22:25.391 I/SP      (20885): Registering emoticon_content_description.2022081613, url: https://www.gstatic.com/android/keyboard/emoticon_content_desc/202208161305/superpacks_manifest.json, constraints: W:*:*:*, flags: bg, requested: 2022081613, current: -1
04-19 22:22:25.391 I/SP      (20885): Registering emoticon_content_description.2022081613, url: https://www.gstatic.com/android/keyboard/emoticon_content_desc/202208161305/superpacks_manifest.json, constraints: W:*:*:*, flags: bg, requested: 2022081613, current: -1
04-19 22:22:25.392 I/GoogleInputMethodService(20885): GoogleInputMethodService.updateDeviceLockedStatus():2248 repeatCheckTimes = 1, locked = false
04-19 22:22:25.392 I/AndroidIME(20885): InputBundleManager.loadActiveInputBundleId():450 loadActiveInputBundleId: und-Latn-x-password, password
04-19 22:22:25.392 W/PackageConfigPersister(  590): App-specific configuration not found for packageName: com.impos2.mixcretailassemblyrn84 and userId: 0
04-19 22:22:25.392 I/HardKeyTracker(20885): HardKeyTracker.registerKeySequence():139 Register key sequence lnk{labelResId=2132019800, callback=gnd@200e244, lastModifier=0, keyCodes=[57, 57], actions=[1, 0]}
04-19 22:22:25.392 I/HardKeyTracker(20885): HardKeyTracker.registerKeySequence():139 Register key sequence lnk{labelResId=0, callback=gnd@30211f3, lastModifier=0, keyCodes=[58, 58], actions=[1, 0]}
04-19 22:22:25.402 I/SP      (20885): Scheduling job with delay of 0s for {m:b:u:l, bg}, 2 candidates
04-19 22:22:25.402 E/JobScheduler.JobStatus(  590): App com.google.android.inputmethod.latin became active but still in NEVER bucket
04-19 22:22:25.402 I/SP      (20885): Scheduling job with delay of 0s for {W:b:u:l, bg}, 1 candidates
04-19 22:22:25.403 E/JobScheduler.JobStatus(  590): App com.google.android.inputmethod.latin became active but still in NEVER bucket
04-19 22:22:25.408 I/SP      (20885): Scheduling: download registered, 0 started, 0 paused, 3 scheduled, 3 pending: manifests:next-word-predictor-20210507 * {m:b:u:l, bg}, manifests:emoji-2023020111 * {m:b:u:l, bg}, manifests:emoticon_content_description-2022081613 * {W:b:u:l, bg}
04-19 22:22:25.408 I/SuperpacksManagerImpl(20885): SuperpacksManagerImpl$3$1.onFailure():588 emoticon_content_description.registerManifest() cancelled
04-19 22:22:25.408 I/SuperpacksManagerImpl(20885): SuperpacksManagerImpl$3$1.onFailure():588 emoticon_content_description.registerManifest() cancelled
04-19 22:22:25.462 I/yrn84:secondary( 8439): Compiler allocated 4206KB to compile void android.widget.TextView.<init>(android.content.Context, android.util.AttributeSet, int, int)
04-19 22:22:25.513 I/yrn84:secondary( 8439): Compiler allocated 5250KB to compile void android.view.ViewRootImpl.performTraversals()
04-19 22:22:25.600 W/WindowOnBackDispatcher(  836): sendCancelIfRunning: isInProgress=false callback=android.view.ViewRootImpl$$ExternalSyntheticLambda11@a8590f8
04-19 22:22:25.601 D/CoreBackPreview(  590): Window{7c65e7c u0 Splash Screen com.impos2.mixcretailassemblyrn84 EXITING}: Setting back callback null
04-19 22:22:25.601 W/InputManager-JNI(  590): Input channel object '7c65e7c Splash Screen com.impos2.mixcretailassemblyrn84 (client)' was disposed without first being removed with the input manager!
04-19 22:22:25.633 W/unknown:BridgelessReact( 8439): ReactHost{0}.loadJSBundleFromMetro(): Creating BundleLoader
04-19 22:22:25.634 W/unknown:BridgelessReact( 8439): ReactHost{0}.getOrCreateReactInstanceTask(): Creating BridgelessReactContext
04-19 22:22:25.635 W/unknown:BridgelessReact( 8439): ReactHost{0}.getOrCreateReactInstanceTask(): Creating ReactInstance
04-19 22:22:25.644 D/TrafficStats( 8439): tagSocket(126) with statsTag=0xffffffff, statsUid=-1
04-19 22:22:25.650 W/FrameTracker(  836): Missed SF frame:PREDICTION_ERROR, 159269076, 5045309, CUJ=J<SPLASHSCREEN_EXIT_ANIM>
04-19 22:22:25.650 W/FrameTracker(  836): Missed SF frame:PREDICTION_ERROR, 159269141, 7303560, CUJ=J<SPLASHSCREEN_EXIT_ANIM>
04-19 22:22:25.650 W/FrameTracker(  836): Missed SF frame:PREDICTION_ERROR, 159269170, 7205311, CUJ=J<SPLASHSCREEN_EXIT_ANIM>
04-19 22:22:25.650 W/FrameTracker(  836): Missed SF frame:PREDICTION_ERROR, 159269199, 5902187, CUJ=J<SPLASHSCREEN_EXIT_ANIM>
04-19 22:22:25.650 W/FrameTracker(  836): Missed SF frame:PREDICTION_ERROR, 159269279, 5781897, CUJ=J<SPLASHSCREEN_EXIT_ANIM>
04-19 22:22:25.650 W/FrameTracker(  836): Missed SF frame:PREDICTION_ERROR, 159269308, 6304565, CUJ=J<SPLASHSCREEN_EXIT_ANIM>
04-19 22:22:25.650 W/FrameTracker(  836): Missed SF frame:PREDICTION_ERROR, 159269345, 5741233, CUJ=J<SPLASHSCREEN_EXIT_ANIM>
04-19 22:22:25.650 W/FrameTracker(  836): Missed SF frame:PREDICTION_ERROR, 159269360, 7028858, CUJ=J<SPLASHSCREEN_EXIT_ANIM>
04-19 22:22:25.650 W/FrameTracker(  836): Missed SF frame:PREDICTION_ERROR, 159269390, 7614235, CUJ=J<SPLASHSCREEN_EXIT_ANIM>
04-19 22:22:25.650 W/FrameTracker(  836): Missed SF frame:PREDICTION_ERROR, 159269405, 6677777, CUJ=J<SPLASHSCREEN_EXIT_ANIM>
04-19 22:22:25.650 W/FrameTracker(  836): Missing HWUI jank callback for vsyncId: 159269420, CUJ=J<SPLASHSCREEN_EXIT_ANIM>
04-19 22:22:25.650 V/PerfettoTrigger(  836): Not triggering com.android.telemetry.interaction-jank-monitor-39 - not enough time since last trigger
04-19 22:22:25.671 W/unknown:BridgelessReact( 8439): ReactHost{0}.getOrCreateReactInstanceTask(): Loading JS Bundle
04-19 22:22:25.689 W/unknown:BridgelessReact( 8439): ReactHost{0}.getOrCreateReactInstanceTask(): DevSupportManager.onNewReactContextCreated()
04-19 22:22:25.691 W/unknown:ReactNative( 8439): Packager connection already open, nooping.
04-19 22:22:25.691 W/unknown:BridgelessReact( 8439): ReactHost{0}.startSurface(surfaceId = 0): Execute
04-19 22:22:25.692 W/unknown:BridgelessReact( 8439): ReactHost{0}.ReactContext.onHostResume()
04-19 22:22:25.692 W/unknown:BridgelessReact( 8439): ReactHost{0}.getOrCreateReactInstanceTask(): Executing ReactInstanceEventListeners
04-19 22:22:25.805 I/WebViewFactory( 8439): Loading com.google.android.webview version 124.0.6367.219 (code 636771932)
04-19 22:22:25.808 V/ResourcesManager( 8439): The following library key has been added: ResourcesKey{ mHash=c8c12262 mResDir=null mSplitDirs=[] mOverlayDirs=[/product/overlay/NavigationBarModeGestural/NavigationBarModeGesturalOverlay.apk,/data/resource-cache/com.android.systemui-neutral-vw0M.frro,/data/resource-cache/com.android.systemui-accent-rQ5e.frro,/data/resource-cache/com.android.systemui-dynamic-RCbR.frro] mLibDirs=[/data/app/~~j4BrjP0JsvTGmjdLkkfrgg==/com.google.android.webview-lp5hhYzxsBeFuV03zuxwaw==/WebViewGoogle.apk,/data/app/~~JXob4Tig8lkoK6grnIoRDQ==/com.google.android.trichromelibrary_636771932-v7-OhOMBuMGJ9HOdFxznSA==/TrichromeLibrary.apk,/system_ext/framework/androidx.window.extensions.jar] mDisplayId=0 mOverrideConfig=v35 mCompatInfo={320dpi always-compat} mLoaders=[]}
04-19 22:22:25.812 W/ziparchive( 8439): Unable to open '/data/app/~~JXob4Tig8lkoK6grnIoRDQ==/com.google.android.trichromelibrary_636771932-v7-OhOMBuMGJ9HOdFxznSA==/TrichromeLibrary.dm': No such file or directory
04-19 22:22:25.813 W/ziparchive( 8439): Unable to open '/data/app/~~JXob4Tig8lkoK6grnIoRDQ==/com.google.android.trichromelibrary_636771932-v7-OhOMBuMGJ9HOdFxznSA==/TrichromeLibrary.dm': No such file or directory
04-19 22:22:25.813 W/yrn84:secondary( 8439): Entry not found
04-19 22:22:25.814 D/nativeloader( 8439): Configuring clns-8 for other apk /data/app/~~JXob4Tig8lkoK6grnIoRDQ==/com.google.android.trichromelibrary_636771932-v7-OhOMBuMGJ9HOdFxznSA==/TrichromeLibrary.apk. target_sdk_version=34, uses_libraries=ALL, library_path=/data/app/~~j4BrjP0JsvTGmjdLkkfrgg==/com.google.android.webview-lp5hhYzxsBeFuV03zuxwaw==/lib/arm64:/data/app/~~j4BrjP0JsvTGmjdLkkfrgg==/com.google.android.webview-lp5hhYzxsBeFuV03zuxwaw==/WebViewGoogle.apk!/lib/arm64-v8a:/data/app/~~JXob4Tig8lkoK6grnIoRDQ==/com.google.android.trichromelibrary_636771932-v7-OhOMBuMGJ9HOdFxznSA==/TrichromeLibrary.apk!/lib/arm64-v8a, permitted_path=/data:/mnt/expand
04-19 22:22:25.814 D/ApplicationLoaders( 8439): Returning zygote-cached class loader: /system_ext/framework/androidx.window.extensions.jar
04-19 22:22:25.816 D/nativeloader( 8439): Configuring clns-9 for other apk /data/app/~~j4BrjP0JsvTGmjdLkkfrgg==/com.google.android.webview-lp5hhYzxsBeFuV03zuxwaw==/WebViewGoogle.apk. target_sdk_version=34, uses_libraries=, library_path=/data/app/~~j4BrjP0JsvTGmjdLkkfrgg==/com.google.android.webview-lp5hhYzxsBeFuV03zuxwaw==/lib/arm64:/data/app/~~j4BrjP0JsvTGmjdLkkfrgg==/com.google.android.webview-lp5hhYzxsBeFuV03zuxwaw==/WebViewGoogle.apk!/lib/arm64-v8a:/data/app/~~JXob4Tig8lkoK6grnIoRDQ==/com.google.android.trichromelibrary_636771932-v7-OhOMBuMGJ9HOdFxznSA==/TrichromeLibrary.apk!/lib/arm64-v8a, permitted_path=/data:/mnt/expand
04-19 22:22:25.816 I/AppsFilter(  590): interaction: PackageSetting{35f2b1a com.impos2.mixcretailassemblyrn84/10212} -> PackageSetting{2c3e051 com.android.cts.priv.ctsshim/10197} BLOCKED
04-19 22:22:25.816 I/AppsFilter(  590): interaction: PackageSetting{35f2b1a com.impos2.mixcretailassemblyrn84/10212} -> PackageSetting{b6560b6 com.google.android.youtube/10169} BLOCKED
04-19 22:22:25.816 I/AppsFilter(  590): interaction: PackageSetting{35f2b1a com.impos2.mixcretailassemblyrn84/10212} -> PackageSetting{65d1b7 com.android.internal.display.cutout.emulation.corner/10003} BLOCKED
04-19 22:22:25.816 I/AppsFilter(  590): interaction: PackageSetting{35f2b1a com.impos2.mixcretailassemblyrn84/10212} -> PackageSetting{bca3d24 com.google.android.apps.mediashell/10124} BLOCKED
04-19 22:22:25.816 I/AppsFilter(  590): interaction: PackageSetting{35f2b1a com.impos2.mixcretailassemblyrn84/10212} -> PackageSetting{c8aede0 com.impos2.posadapter/10229} BLOCKED
04-19 22:22:25.816 I/AppsFilter(  590): interaction: PackageSetting{35f2b1a com.impos2.mixcretailassemblyrn84/10212} -> PackageSetting{195308d com.android.internal.display.cutout.emulation.double/10004} BLOCKED
04-19 22:22:25.816 I/AppsFilter(  590): interaction: PackageSetting{35f2b1a com.impos2.mixcretailassemblyrn84/10212} -> PackageSetting{b5ed242 com.google.android.carrierlocation/10119} BLOCKED
04-19 22:22:25.816 I/AppsFilter(  590): interaction: PackageSetting{35f2b1a com.impos2.mixcretailassemblyrn84/10212} -> PackageSetting{c7bd253 com.google.android.googlequicksearchbox/10144} BLOCKED
04-19 22:22:25.816 I/AppsFilter(  590): interaction: PackageSetting{35f2b1a com.impos2.mixcretailassemblyrn84/10212} -> PackageSetting{a000790 com.android.settings.overlay.tangorpro/10044} BLOCKED
04-19 22:22:25.816 I/AppsFilter(  590): interaction: PackageSetting{35f2b1a com.impos2.mixcretailassemblyrn84/10212} -> PackageSetting{db14889 com.google.android.onetimeinitializer/10126} BLOCKED
04-19 22:22:25.816 I/AppsFilter(  590): interaction: PackageSetting{35f2b1a com.impos2.mixcretailassemblyrn84/10212} -> PackageSetting{b8bd08e com.google.android.ext.shared/10109} BLOCKED
04-19 22:22:25.817 I/AppsFilter(  590): interaction: PackageSetting{35f2b1a com.impos2.mixcretailassemblyrn84/10212} -> PackageSetting{fe740af com.android.virtualmachine.res/10195} BLOCKED
04-19 22:22:25.817 I/AppsFilter(  590): interaction: PackageSetting{35f2b1a com.impos2.mixcretailassemblyrn84/10212} -> PackageSetting{1860cbc com.android.managedprovisioning.auto_generated_rro_product__/10034} BLOCKED
04-19 22:22:25.817 I/AppsFilter(  590): interaction: PackageSetting{35f2b1a com.impos2.mixcretailassemblyrn84/10212} -> PackageSetting{35ce445 com.google.android.apps.nest.castauth/10121} BLOCKED
04-19 22:22:25.817 I/AppsFilter(  590): interaction: PackageSetting{35f2b1a com.impos2.mixcretailassemblyrn84/10212} -> PackageSetting{e78679a com.google.android.server.deviceconfig.resources/10191} BLOCKED
04-19 22:22:25.817 I/AppsFilter(  590): interaction: PackageSetting{35f2b1a com.impos2.mixcretailassemblyrn84/10212} -> PackageSetting{3f138cb com.android.systemui.emulation.pixel_3_xl/10048} BLOCKED
04-19 22:22:25.817 I/AppsFilter(  590): interaction: PackageSetting{35f2b1a com.impos2.mixcretailassemblyrn84/10212} -> PackageSetting{50538a8 com.android.systemui.emulation.pixel_4_xl/10051} BLOCKED
04-19 22:22:25.817 I/AppsFilter(  590): interaction: PackageSetting{35f2b1a com.impos2.mixcretailassemblyrn84/10212} -> PackageSetting{46c7fc1 com.android.systemui.emulation.pixel_fold/10064} BLOCKED
04-19 22:22:25.817 I/AppsFilter(  590): interaction: PackageSetting{35f2b1a com.impos2.mixcretailassemblyrn84/10212} -> PackageSetting{1656366 com.android.providers.telephony.auto_generated_characteristics_rro/10067} BLOCKED
04-19 22:22:25.817 I/AppsFilter(  590): interaction: PackageSetting{35f2b1a com.impos2.mixcretailassemblyrn84/10212} -> PackageSetting{35896a7 com.android.htmlviewer/10114} BLOCKED
04-19 22:22:25.817 I/AppsFilter(  590): interaction: PackageSetting{35f2b1a com.impos2.mixcretailassemblyrn84/10212} -> PackageSetting{6c93754 com.google.android.health.connect.backuprestore/10211} BLOCKED
04-19 22:22:25.817 I/AppsFilter(  590): interaction: PackageSetting{35f2b1a com.impos2.mixcretailassemblyrn84/10212} -> PackageSetting{18056fd com.android.systemui.auto_generated_rro_product__/10065} BLOCKED
04-19 22:22:25.817 I/AppsFilter(  590): interaction: PackageSetting{35f2b1a com.impos2.mixcretailassemblyrn84/10212} -> PackageSetting{2d44ff2 com.google.android.soundpicker/10166} BLOCKED
04-19 22:22:25.817 I/AppsFilter(  590): interaction: PackageSetting{35f2b1a com.impos2.mixcretailassemblyrn84/10212} -> PackageSetting{bedf643 com.google.android.marvin.talkbackoverlay/10079} BLOCKED
04-19 22:22:25.817 I/AppsFilter(  590): interaction: PackageSetting{35f2b1a com.impos2.mixcretailassemblyrn84/10212} -> PackageSetting{2c74c0 com.google.android.configupdater/10122} BLOCKED
04-19 22:22:25.817 I/AppsFilter(  590): interaction: PackageSetting{35f2b1a com.impos2.mixcretailassemblyrn84/10212} -> PackageSetting{b0065f9 com.android.internal.emulation.pixel_3a_xl/10036} BLOCKED
04-19 22:22:25.817 I/AppsFilter(  590): interaction: PackageSetting{35f2b1a com.impos2.mixcretailassemblyrn84/10212} -> PackageSetting{5d3793e com.android.internal.emulation.pixel_6_pro/10018} BLOCKED
04-19 22:22:25.817 I/AppsFilter(  590): interaction: PackageSetting{35f2b1a com.impos2.mixcretailassemblyrn84/10212} -> PackageSetting{defb39f com.android.internal.emulation.pixel_7_pro/10021} BLOCKED
04-19 22:22:25.817 I/AppsFilter(  590): interaction: PackageSetting{35f2b1a com.impos2.mixcretailassemblyrn84/10212} -> PackageSetting{3c41cec com.android.internal.emulation.pixel_8_pro/10024} BLOCKED
04-19 22:22:25.817 I/AppsFilter(  590): interaction: PackageSetting{35f2b1a com.impos2.mixcretailassemblyrn84/10212} -> PackageSetting{5d868b5 com.android.internal.emulation.pixel_3a/10013} BLOCKED
04-19 22:22:25.817 I/AppsFilter(  590): interaction: PackageSetting{35f2b1a com.impos2.mixcretailassemblyrn84/10212} -> PackageSetting{e09eb4a com.android.internal.emulation.pixel_4a/10017} BLOCKED
04-19 22:22:25.817 I/AppsFilter(  590): interaction: PackageSetting{35f2b1a com.impos2.mixcretailassemblyrn84/10212} -> PackageSetting{525eabb com.android.internal.emulation.pixel_6a/10019} BLOCKED
04-19 22:22:25.817 I/AppsFilter(  590): interaction: PackageSetting{35f2b1a com.impos2.mixcretailassemblyrn84/10212} -> PackageSetting{64c1bd8 com.android.internal.emulation.pixel_7a/10022} BLOCKED
04-19 22:22:25.817 I/AppsFilter(  590): interaction: PackageSetting{35f2b1a com.impos2.mixcretailassemblyrn84/10212} -> PackageSetting{ff3db31 com.android.internal.emulation.pixel_8a/10025} BLOCKED
04-19 22:22:25.817 I/AppsFilter(  590): interaction: PackageSetting{35f2b1a com.impos2.mixcretailassemblyrn84/10212} -> PackageSetting{837216 com.google.android.overlay.googlewebview/10032} BLOCKED
04-19 22:22:25.817 I/AppsFilter(  590): interaction: PackageSetting{35f2b1a com.impos2.mixcretailassemblyrn84/10212} -> PackageSetting{7be7797 com.google.android.hotspot2.osulogin/10202} BLOCKED
04-19 22:22:25.817 I/AppsFilter(  590): interaction: PackageSetting{35f2b1a com.impos2.mixcretailassemblyrn84/10212} -> PackageSetting{a531d84 com.android.simappdialog/10115} BLOCKED
04-19 22:22:25.817 I/AppsFilter(  590): interaction: PackageSetting{35f2b1a com.impos2.mixcretailassemblyrn84/10212} -> PackageSetting{79f96d com.android.internal.display.cutout.emulation.hole/10006} BLOCKED
04-19 22:22:25.817 I/AppsFilter(  590): interaction: PackageSetting{35f2b1a com.impos2.mixcretailassemblyrn84/10212} -> PackageSetting{53c99a2 com.android.internal.display.cutout.emulation.tall/10007} BLOCKED
04-19 22:22:25.817 I/AppsFilter(  590): interaction: PackageSetting{35f2b1a com.impos2.mixcretailassemblyrn84/10212} -> PackageSetting{6e8f633 com.android.internal.systemui.navbar.threebutton/10037} BLOCKED
04-19 22:22:25.817 I/AppsFilter(  590): interaction: PackageSetting{35f2b1a com.impos2.mixcretailassemblyrn84/10212} -> PackageSetting{aa68df0 com.android.hotwordenrollment.xgoogle/10131} BLOCKED
04-19 22:22:25.817 I/AppsFilter(  590): interaction: PackageSetting{35f2b1a com.impos2.mixcretailassemblyrn84/10212} -> PackageSetting{fc9bf69 com.android.camera2/10146} BLOCKED
04-19 22:22:25.817 I/AppsFilter(  590): interaction: PackageSetting{35f2b1a com.impos2.mixcretailassemblyrn84/10212} -> PackageSetting{56eadee com.android.internal.ranchu.commonoverlay/10042} BLOCKED
04-19 22:22:25.817 I/AppsFilter(  590): interaction: PackageSetting{35f2b1a com.impos2.mixcretailassemblyrn84/10212} -> PackageSetting{d32c28f com.google.android.docksetup.auto_generated_rro_product__/10009} BLOCKED
04-19 22:22:25.817 I/AppsFilter(  590): interaction: PackageSetting{35f2b1a com.impos2.mixcretailassemblyrn84/10212} -> PackageSetting{f7e991c com.google.android.deskclock/10163} BLOCKED
04-19 22:22:25.817 I/AppsFilter(  590): interaction: PackageSetting{35f2b1a com.impos2.mixcretailassemblyrn84/10212} -> PackageSetting{335e925 com.android.internal.systemui.navbar.twobutton/10035} BLOCKED
04-19 22:22:25.817 I/AppsFilter(  590): interaction: PackageSetting{35f2b1a com.impos2.mixcretailassemblyrn84/10212} -> PackageSetting{29bbafa com.google.android.as/10130} BLOCKED
04-19 22:22:25.817 I/AppsFilter(  590): interaction: PackageSetting{35f2b1a com.impos2.mixcretailassemblyrn84/10212} -> PackageSetting{6a2f8ab com.google.android.gm/10172} BLOCKED
04-19 22:22:25.817 I/AppsFilter(  590): interaction: PackageSetting{35f2b1a com.impos2.mixcretailassemblyrn84/10212} -> PackageSetting{e841fe3 com.impos2.mixcretailrn84/10234} BLOCKED
04-19 22:22:25.817 I/AppsFilter(  590): interaction: PackageSetting{35f2b1a com.impos2.mixcretailassemblyrn84/10212} -> PackageSetting{a6a2b08 com.android.systemui.emulation.pixel_3/10047} BLOCKED
04-19 22:22:25.817 I/AppsFilter(  590): interaction: PackageSetting{35f2b1a com.impos2.mixcretailassemblyrn84/10212} -> PackageSetting{880f2a1 com.android.systemui.emulation.pixel_4/10052} BLOCKED
04-19 22:22:25.817 I/AppsFilter(  590): interaction: PackageSetting{35f2b1a com.impos2.mixcretailassemblyrn84/10212} -> PackageSetting{25a8cc6 com.android.systemui.emulation.pixel_5/10054} BLOCKED
04-19 22:22:25.817 I/AppsFilter(  590): interaction: PackageSetting{35f2b1a com.impos2.mixcretailassemblyrn84/10212} -> PackageSetting{e967487 com.android.systemui.emulation.pixel_6/10055} BLOCKED
04-19 22:22:25.817 I/AppsFilter(  590): interaction: PackageSetting{35f2b1a com.impos2.mixcretailassemblyrn84/10212} -> PackageSetting{4faefb4 com.android.systemui.emulation.pixel_7/10062} BLOCKED
04-19 22:22:25.817 I/AppsFilter(  590): interaction: PackageSetting{35f2b1a com.impos2.mixcretailassemblyrn84/10212} -> PackageSetting{d1917dd com.android.systemui.emulation.pixel_8/10061} BLOCKED
04-19 22:22:25.817 I/AppsFilter(  590): interaction: PackageSetting{35f2b1a com.impos2.mixcretailassemblyrn84/10212} -> PackageSetting{ae2af52 com.android.printspooler/10116} BLOCKED
04-19 22:22:25.817 I/AppsFilter(  590): interaction: PackageSetting{35f2b1a com.impos2.mixcretailassemblyrn84/10212} -> PackageSetting{f5bd223 com.android.hotwordenrollment.okgoogle/10129} BLOCKED
04-19 22:22:25.817 I/AppsFilter(  590): interaction: PackageSetting{35f2b1a com.impos2.mixcretailassemblyrn84/10212} -> PackageSetting{e315320 com.google.android.connectivity.resources.goldfish.overlay/10080} BLOCKED
04-19 22:22:25.817 I/AppsFilter(  590): interaction: PackageSetting{35f2b1a com.impos2.mixcretailassemblyrn84/10212} -> PackageSetting{d1454d9 com.android.dreams.basic/10103} BLOCKED
04-19 22:22:25.817 I/AppsFilter(  590): interaction: PackageSetting{35f2b1a com.impos2.mixcretailassemblyrn84/10212} -> PackageSetting{c586e9e com.google.android.networkstack.tethering.emulator/10029} BLOCKED
04-19 22:22:25.817 I/AppsFilter(  590): interaction: PackageSetting{35f2b1a com.impos2.mixcretailassemblyrn84/10212} -> PackageSetting{f8f6d7f com.android.providers.settings.auto_generated_rro_product__/10045} BLOCKED
04-19 22:22:25.817 I/AppsFilter(  590): interaction: PackageSetting{35f2b1a com.impos2.mixcretailassemblyrn84/10212} -> PackageSetting{2a8814c com.google.android.as.oss/10125} BLOCKED
04-19 22:22:25.817 I/AppsFilter(  590): interaction: PackageSetting{35f2b1a com.impos2.mixcretailassemblyrn84/10212} -> PackageSetting{5ec6595 com.android.traceur.auto_generated_rro_product__/10073} BLOCKED
04-19 22:22:25.817 I/AppsFilter(  590): interaction: PackageSetting{35f2b1a com.impos2.mixcretailassemblyrn84/10212} -> PackageSetting{2d8d6aa com.google.android.devicelockcontroller/10192} BLOCKED
04-19 22:22:25.817 I/AppsFilter(  590): interaction: PackageSetting{35f2b1a com.impos2.mixcretailassemblyrn84/10212} -> PackageSetting{937629b com.android.internal.emulation.pixel_3/10011} BLOCKED
04-19 22:22:25.817 I/AppsFilter(  590): interaction: PackageSetting{35f2b1a com.impos2.mixcretailassemblyrn84/10212} -> PackageSetting{b826638 com.android.internal.emulation.pixel_4/10014} BLOCKED
04-19 22:22:25.817 I/AppsFilter(  590): interaction: PackageSetting{35f2b1a com.impos2.mixcretailassemblyrn84/10212} -> PackageSetting{8fac611 com.android.internal.emulation.pixel_5/10016} BLOCKED
04-19 22:22:25.817 I/AppsFilter(  590): interaction: PackageSetting{35f2b1a com.impos2.mixcretailassemblyrn84/10212} -> PackageSetting{d45b376 com.android.internal.emulation.pixel_6/10027} BLOCKED
04-19 22:22:25.817 I/AppsFilter(  590): interaction: PackageSetting{35f2b1a com.impos2.mixcretailassemblyrn84/10212} -> PackageSetting{69f8d77 com.android.internal.emulation.pixel_7/10020} BLOCKED
04-19 22:22:25.817 I/AppsFilter(  590): interaction: PackageSetting{35f2b1a com.impos2.mixcretailassemblyrn84/10212} -> PackageSetting{13ade4 com.android.internal.emulation.pixel_8/10023} BLOCKED
04-19 22:22:25.817 I/AppsFilter(  590): interaction: PackageSetting{35f2b1a com.impos2.mixcretailassemblyrn84/10212} -> PackageSetting{9b4b24d com.google.android.captiveportallogin/10107} BLOCKED
04-19 22:22:25.817 I/AppsFilter(  590): interaction: PackageSetting{35f2b1a com.impos2.mixcretailassemblyrn84/10212} -> PackageSetting{4d19102 android.auto_generated_characteristics_rro/10077} BLOCKED
04-19 22:22:25.817 I/AppsFilter(  590): interaction: PackageSetting{35f2b1a com.impos2.mixcretailassemblyrn84/10212} -> PackageSetting{f58a13 com.google.android.appsearch.apk/10190} BLOCKED
04-19 22:22:25.817 I/AppsFilter(  590): interaction: PackageSetting{35f2b1a com.impos2.mixcretailassemblyrn84/10212} -> PackageSetting{64fc450 com.android.musicfx/10096} BLOCKED
04-19 22:22:25.817 I/AppsFilter(  590): interaction: PackageSetting{35f2b1a com.impos2.mixcretailassemblyrn84/10212} -> PackageSetting{ddde19f com.google.android.apps.docs/10150} BLOCKED
04-19 22:22:25.817 I/AppsFilter(  590): interaction: PackageSetting{35f2b1a com.impos2.mixcretailassemblyrn84/10212} -> PackageSetting{cbcb94e com.google.android.apps.maps/10157} BLOCKED
04-19 22:22:25.817 I/AppsFilter(  590): interaction: PackageSetting{35f2b1a com.impos2.mixcretailassemblyrn84/10212} -> PackageSetting{14bbb4e com.google.android.apps.kids.home/10136} BLOCKED
04-19 22:22:25.817 I/AppsFilter(  590): interaction: PackageSetting{35f2b1a com.impos2.mixcretailassemblyrn84/10212} -> PackageSetting{ca4b46f com.google.android.markup/10154} BLOCKED
04-19 22:22:25.817 I/AppsFilter(  590): interaction: PackageSetting{35f2b1a com.impos2.mixcretailassemblyrn84/10212} -> PackageSetting{df4d57c com.android.providers.settings.auto_generated_rro_vendor__/10078} BLOCKED
04-19 22:22:25.817 I/AppsFilter(  590): interaction: PackageSetting{35f2b1a com.impos2.mixcretailassemblyrn84/10212} -> PackageSetting{432de05 com.google.android.apps.carrier.log/10120} BLOCKED
04-19 22:22:25.817 I/AppsFilter(  590): interaction: PackageSetting{35f2b1a com.impos2.mixcretailassemblyrn84/10212} -> PackageSetting{62c3e5a com.google.android.rkpdapp/10205} BLOCKED
04-19 22:22:25.817 I/AppsFilter(  590): interaction: PackageSetting{35f2b1a com.impos2.mixcretailassemblyrn84/10212} -> PackageSetting{f72288b com.google.android.contacts/10149} BLOCKED
04-19 22:22:25.817 I/AppsFilter(  590): interaction: PackageSetting{35f2b1a com.impos2.mixcretailassemblyrn84/10212} -> PackageSetting{277cd68 com.android.phone.auto_generated_characteristics_rro/10066} BLOCKED
04-19 22:22:25.817 I/AppsFilter(  590): interaction: PackageSetting{35f2b1a com.impos2.mixcretailassemblyrn84/10212} -> PackageSetting{4085581 com.google.android.overlay.googleconfig/10030} BLOCKED
04-19 22:22:25.817 I/AppsFilter(  590): interaction: PackageSetting{35f2b1a com.impos2.mixcretailassemblyrn84/10212} -> PackageSetting{45fe626 com.android.chrome/10145} BLOCKED
04-19 22:22:25.817 I/AppsFilter(  590): interaction: PackageSetting{35f2b1a com.impos2.mixcretailassemblyrn84/10212} -> PackageSetting{c58c267 com.android.dialer/10127} BLOCKED
04-19 22:22:25.817 I/AppsFilter(  590): interaction: PackageSetting{35f2b1a com.impos2.mixcretailassemblyrn84/10212} -> PackageSetting{fb05814 com.google.android.apps.customization.pixel/10155} BLOCKED
04-19 22:22:25.817 I/AppsFilter(  590): interaction: PackageSetting{35f2b1a com.impos2.mixcretailassemblyrn84/10212} -> PackageSetting{c63c8bd com.google.android.tag/10099} BLOCKED
04-19 22:22:25.817 I/AppsFilter(  590): interaction: PackageSetting{35f2b1a com.impos2.mixcretailassemblyrn84/10212} -> PackageSetting{cd43eb2 com.google.android.overlay.permissioncontroller/10031} BLOCKED
04-19 22:22:25.817 I/AppsFilter(  590): interaction: PackageSetting{35f2b1a com.impos2.mixcretailassemblyrn84/10212} -> PackageSetting{1251e03 com.google.android.partnersetup/10135} BLOCKED
04-19 22:22:25.817 I/AppsFilter(  590): interaction: PackageSetting{35f2b1a com.impos2.mixcretailassemblyrn84/10212} -> PackageSetting{544e180 com.google.android.apps.wallpaper.nexus/10153} BLOCKED
04-19 22:22:25.817 I/AppsFilter(  590): interaction: PackageSetting{35f2b1a com.impos2.mixcretailassemblyrn84/10212} -> PackageSetting{40933b9 com.google.android.apps.wallpaper.pixel/10156} BLOCKED
04-19 22:22:25.817 I/AppsFilter(  590): interaction: PackageSetting{35f2b1a com.impos2.mixcretailassemblyrn84/10212} -> PackageSetting{fc393fe com.google.android.apps.nexuslauncher/10180} BLOCKED
04-19 22:22:25.817 I/AppsFilter(  590): interaction: PackageSetting{35f2b1a com.impos2.mixcretailassemblyrn84/10212} -> PackageSetting{1d1975f com.android.theme.font.notoserifsource/10028} BLOCKED
04-19 22:22:25.817 I/AppsFilter(  590): interaction: PackageSetting{35f2b1a com.impos2.mixcretailassemblyrn84/10212} -> PackageSetting{4d695ac com.google.android.safetycenter.resources/10206} BLOCKED
04-19 22:22:25.817 I/AppsFilter(  590): interaction: PackageSetting{35f2b1a com.impos2.mixcretailassemblyrn84/10212} -> PackageSetting{5275 com.android.internal.display.cutout.emulation.waterfall/10008} BLOCKED
04-19 22:22:25.817 I/AppsFilter(  590): interaction: PackageSetting{35f2b1a com.impos2.mixcretailassemblyrn84/10212} -> PackageSetting{4c0f20a com.android.internal.systemui.navbar.transparent/10074} BLOCKED
04-19 22:22:25.817 I/AppsFilter(  590): interaction: PackageSetting{35f2b1a com.impos2.mixcretailassemblyrn84/10212} -> PackageSetting{da24a7b com.google.android.connectivity.resources/10193} BLOCKED
04-19 22:22:25.817 I/AppsFilter(  590): interaction: PackageSetting{35f2b1a com.impos2.mixcretailassemblyrn84/10212} -> PackageSetting{6ed6098 com.android.providers.contacts.auto_generated_rro_product__/10001} BLOCKED
04-19 22:22:25.817 I/AppsFilter(  590): interaction: PackageSetting{35f2b1a com.impos2.mixcretailassemblyrn84/10212} -> PackageSetting{410a0f1 com.google.android.feedback/10175} BLOCKED
04-19 22:22:25.817 I/AppsFilter(  590): interaction: PackageSetting{35f2b1a com.impos2.mixcretailassemblyrn84/10212} -> PackageSetting{78424d6 com.google.android.printservice.recommendation/10111} BLOCKED
04-19 22:22:25.817 I/AppsFilter(  590): interaction: PackageSetting{35f2b1a com.impos2.mixcretailassemblyrn84/10212} -> PackageSetting{a011357 com.google.android.apps.photos/10168} BLOCKED
04-19 22:22:25.817 I/AppsFilter(  590): interaction: PackageSetting{35f2b1a com.impos2.mixcretailassemblyrn84/10212} -> PackageSetting{e8eaf02 com.google.android.calendar/10147} BLOCKED
04-19 22:22:25.817 I/AppsFilter(  590): interaction: PackageSetting{35f2b1a com.impos2.mixcretailassemblyrn84/10212} -> PackageSetting{2a3ee44 com.google.android.documentsui/10090} BLOCKED
04-19 22:22:25.817 I/AppsFilter(  590): interaction: PackageSetting{35f2b1a com.impos2.mixcretailassemblyrn84/10212} -> PackageSetting{efd5b2d com.google.android.overlay.titanconfig/10068} BLOCKED
04-19 22:22:25.817 I/AppsFilter(  590): interaction: PackageSetting{35f2b1a com.impos2.mixcretailassemblyrn84/10212} -> PackageSetting{575b862 com.android.systemui.emulation.pixel_3a_xl/10050} BLOCKED
04-19 22:22:25.817 I/AppsFilter(  590): interaction: PackageSetting{35f2b1a com.impos2.mixcretailassemblyrn84/10212} -> PackageSetting{f198df3 com.android.systemui.emulation.pixel_6_pro/10056} BLOCKED
04-19 22:22:25.817 I/AppsFilter(  590): interaction: PackageSetting{35f2b1a com.impos2.mixcretailassemblyrn84/10212} -> PackageSetting{413aab0 com.android.systemui.emulation.pixel_7_pro/10058} BLOCKED
04-19 22:22:25.817 I/AppsFilter(  590): interaction: PackageSetting{35f2b1a com.impos2.mixcretailassemblyrn84/10212} -> PackageSetting{e817d29 com.android.systemui.emulation.pixel_8_pro/10059} BLOCKED
04-19 22:22:25.817 I/AppsFilter(  590): interaction: PackageSetting{35f2b1a com.impos2.mixcretailassemblyrn84/10212} -> PackageSetting{7faf8ae com.android.devicediagnostics.auto_generated_rro_product__/10002} BLOCKED
04-19 22:22:25.817 I/AppsFilter(  590): interaction: PackageSetting{35f2b1a com.impos2.mixcretailassemblyrn84/10212} -> PackageSetting{235164f com.android.providers.partnerbookmarks/10112} BLOCKED
04-19 22:22:25.817 I/AppsFilter(  590): interaction: PackageSetting{35f2b1a com.impos2.mixcretailassemblyrn84/10212} -> PackageSetting{d80c1dc com.android.wallpaper.livepicker/10095} BLOCKED
04-19 22:22:25.817 I/AppsFilter(  590): interaction: PackageSetting{35f2b1a com.impos2.mixcretailassemblyrn84/10212} -> PackageSetting{70bc2e5 com.google.android.apps.youtube.kids/10167} BLOCKED
04-19 22:22:25.817 I/AppsFilter(  590): interaction: PackageSetting{35f2b1a com.impos2.mixcretailassemblyrn84/10212} -> PackageSetting{781f1ba com.google.android.apps.safetyhub.hideapps/10162} BLOCKED
04-19 22:22:25.817 I/AppsFilter(  590): interaction: PackageSetting{35f2b1a com.impos2.mixcretailassemblyrn84/10212} -> PackageSetting{9d6c86b com.android.imsserviceentitlement/10133} BLOCKED
04-19 22:22:25.817 I/AppsFilter(  590): interaction: PackageSetting{35f2b1a com.impos2.mixcretailassemblyrn84/10212} -> PackageSetting{f461fc8 com.google.assistant.hubui/10139} BLOCKED
04-19 22:22:25.817 I/AppsFilter(  590): interaction: PackageSetting{35f2b1a com.impos2.mixcretailassemblyrn84/10212} -> PackageSetting{4e89c12 com.impos2.mixcretailrn84v2/10231} BLOCKED
04-19 22:22:25.817 I/AppsFilter(  590): interaction: PackageSetting{35f2b1a com.impos2.mixcretailassemblyrn84/10212} -> PackageSetting{b3aa861 com.google.android.healthconnect.controller/10210} BLOCKED
04-19 22:22:25.817 I/AppsFilter(  590): interaction: PackageSetting{35f2b1a com.impos2.mixcretailassemblyrn84/10212} -> PackageSetting{7cc5e74 com.impos2.adapter.dev/10230} BLOCKED
04-19 22:22:25.817 I/AppsFilter(  590): interaction: PackageSetting{35f2b1a com.impos2.mixcretailassemblyrn84/10212} -> PackageSetting{34d6f86 com.android.internal.emulation.pixel_2_xl/10010} BLOCKED
04-19 22:22:25.817 I/AppsFilter(  590): interaction: PackageSetting{35f2b1a com.impos2.mixcretailassemblyrn84/10212} -> PackageSetting{7978047 com.android.internal.emulation.pixel_3_xl/10012} BLOCKED
04-19 22:22:25.817 I/AppsFilter(  590): interaction: PackageSetting{35f2b1a com.impos2.mixcretailassemblyrn84/10212} -> PackageSetting{2817074 com.android.internal.emulation.pixel_4_xl/10015} BLOCKED
04-19 22:22:25.817 I/AppsFilter(  590): interaction: PackageSetting{35f2b1a com.impos2.mixcretailassemblyrn84/10212} -> PackageSetting{f18699d com.android.internal.emulation.pixel_fold/10026} BLOCKED
04-19 22:22:25.817 I/AppsFilter(  590): interaction: PackageSetting{35f2b1a com.impos2.mixcretailassemblyrn84/10212} -> PackageSetting{a00fe12 com.android.bookmarkprovider/10101} BLOCKED
04-19 22:22:25.817 I/AppsFilter(  590): interaction: PackageSetting{35f2b1a com.impos2.mixcretailassemblyrn84/10212} -> PackageSetting{3c1d9e3 com.google.android.overlay.pixelconfigcommon/10038} BLOCKED
04-19 22:22:25.817 I/AppsFilter(  590): interaction: PackageSetting{35f2b1a com.impos2.mixcretailassemblyrn84/10212} -> PackageSetting{27f1fe0 com.android.systemui.emulation.pixel_3a/10049} BLOCKED
04-19 22:22:25.817 I/AppsFilter(  590): interaction: PackageSetting{35f2b1a com.impos2.mixcretailassemblyrn84/10212} -> PackageSetting{3170299 com.android.systemui.emulation.pixel_4a/10053} BLOCKED
04-19 22:22:25.817 I/AppsFilter(  590): interaction: PackageSetting{35f2b1a com.impos2.mixcretailassemblyrn84/10212} -> PackageSetting{eece95e com.android.systemui.emulation.pixel_6a/10057} BLOCKED
04-19 22:22:25.817 I/AppsFilter(  590): interaction: PackageSetting{35f2b1a com.impos2.mixcretailassemblyrn84/10212} -> PackageSetting{6ae313f com.android.systemui.emulation.pixel_7a/10060} BLOCKED
04-19 22:22:25.817 I/AppsFilter(  590): interaction: PackageSetting{35f2b1a com.impos2.mixcretailassemblyrn84/10212} -> PackageSetting{e65a0c com.android.systemui.emulation.pixel_8a/10063} BLOCKED
04-19 22:22:25.817 I/AppsFilter(  590): interaction: PackageSetting{35f2b1a com.impos2.mixcretailassemblyrn84/10212} -> PackageSetting{2cc2f55 com.google.android.settings.intelligence/10138} BLOCKED
04-19 22:22:25.817 I/AppsFilter(  590): interaction: PackageSetting{35f2b1a com.impos2.mixcretailassemblyrn84/10212} -> PackageSetting{81a3d6a com.google.android.apps.books/10159} BLOCKED
04-19 22:22:25.817 I/AppsFilter(  590): interaction: PackageSetting{35f2b1a com.impos2.mixcretailassemblyrn84/10212} -> PackageSetting{819d662 com.google.android.projection.gearhead/10123} BLOCKED
04-19 22:22:25.817 I/AppsFilter(  590): interaction: PackageSetting{35f2b1a com.impos2.mixcretailassemblyrn84/10212} -> PackageSetting{bdea25b com.google.android.apps.scone/10137} BLOCKED
04-19 22:22:25.817 I/AppsFilter(  590): interaction: PackageSetting{35f2b1a com.impos2.mixcretailassemblyrn84/10212} -> PackageSetting{a50af8 com.google.android.uwb.resources/10196} BLOCKED
04-19 22:22:25.817 I/AppsFilter(  590): interaction: PackageSetting{35f2b1a com.impos2.mixcretailassemblyrn84/10212} -> PackageSetting{36d6bd1 com.google.android.apps.chromecast.app/10140} BLOCKED
04-19 22:22:25.817 I/AppsFilter(  590): interaction: PackageSetting{35f2b1a com.impos2.mixcretailassemblyrn84/10212} -> PackageSetting{41e53f3 com.android.cts.ctsshim/10198} BLOCKED
04-19 22:22:25.817 I/AppsFilter(  590): interaction: PackageSetting{35f2b1a com.impos2.mixcretailassemblyrn84/10212} -> PackageSetting{116c636 com.google.android.wifi.resources/10201} BLOCKED
04-19 22:22:25.817 I/AppsFilter(  590): interaction: PackageSetting{35f2b1a com.impos2.mixcretailassemblyrn84/10212} -> PackageSetting{adb0937 com.google.android.wifi.dialog/10203} BLOCKED
04-19 22:22:25.817 I/AppsFilter(  590): interaction: PackageSetting{35f2b1a com.impos2.mixcretailassemblyrn84/10212} -> PackageSetting{39bdea4 com.android.wallpaper/10184} BLOCKED
04-19 22:22:25.817 I/AppsFilter(  590): interaction: PackageSetting{35f2b1a com.impos2.mixcretailassemblyrn84/10212} -> PackageSetting{e0bf40d com.google.android.apps.wallpaper/10185} BLOCKED
04-19 22:22:25.817 I/AppsFilter(  590): interaction: PackageSetting{35f2b1a com.impos2.mixcretailassemblyrn84/10212} -> PackageSetting{e810fc2 com.google.android.keep/10148} BLOCKED
04-19 22:22:25.817 I/AppsFilter(  590): interaction: PackageSetting{35f2b1a com.impos2.mixcretailassemblyrn84/10212} -> PackageSetting{1cd01d3 com.google.android.odad/10134} BLOCKED
04-19 22:22:25.817 I/AppsFilter(  590): interaction: PackageSetting{35f2b1a com.impos2.mixcretailassemblyrn84/10212} -> PackageSetting{70a4110 com.android.settings.auto_generated_rro_product__/10043} BLOCKED
04-19 22:22:25.817 I/AppsFilter(  590): interaction: PackageSetting{35f2b1a com.impos2.mixcretailassemblyrn84/10212} -> PackageSetting{190c409 com.android.companiondevicemanager.auto_generated_characteristics_rro/10000} BLOCKED
04-19 22:22:25.817 I/AppsFilter(  590): interaction: PackageSetting{35f2b1a com.impos2.mixcretailassemblyrn84/10212} -> PackageSetting{e54660e com.android.internal.systemui.navbar.gestural/10040} BLOCKED
04-19 22:22:25.817 I/AppsFilter(  590): interaction: PackageSetting{35f2b1a com.impos2.mixcretailassemblyrn84/10212} -> PackageSetting{ddbe82f com.google.android.apps.youtube.music/10171} BLOCKED
04-19 22:22:25.817 I/AppsFilter(  590): interaction: PackageSetting{35f2b1a com.impos2.mixcretailassemblyrn84/10212} -> PackageSetting{aba5e3c com.android.bluetoothmidiservice/10104} BLOCKED
04-19 22:22:25.817 I/AppsFilter(  590): interaction: PackageSetting{35f2b1a com.impos2.mixcretailassemblyrn84/10212} -> PackageSetting{87897c5 com.android.storagemanager.auto_generated_rro_product__/10046} BLOCKED
04-19 22:22:25.817 I/AppsFilter(  590): interaction: PackageSetting{35f2b1a com.impos2.mixcretailassemblyrn84/10212} -> PackageSetting{f4d51a com.google.android.cellbroadcastreceiver/10189} BLOCKED
04-19 22:22:25.817 I/AppsFilter(  590): interaction: PackageSetting{35f2b1a com.impos2.mixcretailassemblyrn84/10212} -> PackageSetting{d48d84b android.auto_generated_rro_product__/10075} BLOCKED
04-19 22:22:25.817 I/AppsFilter(  590): interaction: PackageSetting{35f2b1a com.impos2.mixcretailassemblyrn84/10212} -> PackageSetting{eed2228 com.google.android.inputmethod.latin/10158} BLOCKED
04-19 22:22:25.817 I/AppsFilter(  590): interaction: PackageSetting{35f2b1a com.impos2.mixcretailassemblyrn84/10212} -> PackageSetting{e4feb41 android.auto_generated_rro_vendor__/10081} BLOCKED
04-19 22:22:25.817 I/AppsFilter(  590): interaction: PackageSetting{35f2b1a com.impos2.mixcretailassemblyrn84/10212} -> PackageSetting{6fb28e6 com.google.android.apps.restore/10128} BLOCKED
04-19 22:22:25.827 I/cr_WVCFactoryProvider( 8439): Loaded version=124.0.6367.219 minSdkVersion=29 isBundle=false multiprocess=true packageId=2
04-19 22:22:25.833 D/nativeloader( 8439): Load /data/app/~~JXob4Tig8lkoK6grnIoRDQ==/com.google.android.trichromelibrary_636771932-v7-OhOMBuMGJ9HOdFxznSA==/TrichromeLibrary.apk!/lib/arm64-v8a/libmonochrome_64.so using ns clns-9 from class loader (caller=/data/app/~~j4BrjP0JsvTGmjdLkkfrgg==/com.google.android.webview-lp5hhYzxsBeFuV03zuxwaw==/WebViewGoogle.apk): ok
04-19 22:22:25.835 D/nativeloader( 8439): Load /system/lib64/libwebviewchromium_plat_support.so using ns clns-9 from class loader (caller=/data/app/~~j4BrjP0JsvTGmjdLkkfrgg==/com.google.android.webview-lp5hhYzxsBeFuV03zuxwaw==/WebViewGoogle.apk): ok
04-19 22:22:25.837 E/chromium( 8439): [0419/222225.837304:ERROR:variations_seed_loader.cc(37)] Seed missing signature.
04-19 22:22:25.837 I/cr_VariationsUtils( 8439): Failed reading seed file "/data/user/0/com.impos2.mixcretailassemblyrn84/app_webview/variations_seed_new"
04-19 22:22:25.837 I/chromium( 8439): [0419/222225.837374:INFO:variations_seed_loader.cc(66)] Failed to open file for reading.: No such file or directory (2)
04-19 22:22:25.837 I/cr_VariationsUtils( 8439): Failed reading seed file "/data/user/0/com.impos2.mixcretailassemblyrn84/app_webview/variations_seed"
04-19 22:22:25.842 I/cr_LibraryLoader( 8439): Successfully loaded native library
04-19 22:22:25.842 I/cr_CachingUmaRecorder( 8439): Flushed 6 samples from 6 histograms, 0 samples were dropped.
