04-19 22:22:33.429 W/adbd    (  443): timeout expired while flushing socket, closing
04-19 22:22:35.867 W/yrn84:secondary( 8439): ApkAssets: Deleting an ApkAssets object '<empty> and /data/app/~~j4BrjP0JsvTGmjdLkkfrgg==/com.google.android.webview-lp5hhYzxsBeFuV03zuxwaw==/WebViewGoogle.apk' with 2 weak references
04-19 22:22:47.207 D/TrafficStats( 8360): tagSocket(5) with statsTag=0xffffffff, statsUid=-1
04-19 22:22:47.213 D/TrafficStats( 8360): tagSocket(5) with statsTag=0xffffffff, statsUid=-1
04-19 22:22:47.329 D/CoreBackPreview(  590): Window{a8599f6 u0 PopupWindow:31c3df0}: Setting back callback OnBackInvokedCallbackInfo{mCallback=android.window.IOnBackInvokedCallback$Stub$Proxy@8837693, mPriority=0, mIsAnimationCallback=false}
04-19 22:22:47.340 D/CoreBackPreview(  590): Window{1a8aacd u0 PopupWindow:de4121b}: Setting back callback OnBackInvokedCallbackInfo{mCallback=android.window.IOnBackInvokedCallback$Stub$Proxy@6cc76d0, mPriority=0, mIsAnimationCallback=false}
04-19 22:22:47.353 W/WindowOnBackDispatcher( 8439): sendCancelIfRunning: isInProgress=false callback=android.view.ViewRootImpl$$ExternalSyntheticLambda11@c0d925
04-19 22:22:47.355 D/CoreBackPreview(  590): Window{a8599f6 u0 PopupWindow:31c3df0}: Setting back callback null
04-19 22:22:47.357 W/InputManager-JNI(  590): Input channel object 'a8599f6 PopupWindow:31c3df0 (client)' was disposed without first being removed with the input manager!
04-19 22:22:47.358 W/WindowOnBackDispatcher( 8360): sendCancelIfRunning: isInProgress=false callback=android.view.ViewRootImpl$$ExternalSyntheticLambda11@e27b4f7
04-19 22:22:47.364 W/InputManager-JNI(  590): Input channel object '1a8aacd PopupWindow:de4121b (client)' was disposed without first being removed with the input manager!
04-19 22:22:47.365 W/WindowManager(  590): Failed looking up window session=Session{3004daf 8360:u0a10212} callers=com.android.server.wm.WindowManagerService.windowForClientLocked:6311 com.android.server.wm.WindowManagerService.finishDrawingWindow:2854 com.android.server.wm.Session.finishDrawing:350 
04-19 22:22:47.365 W/WindowManager(  590): Failed looking up window session=Session{3004daf 8360:u0a10212} callers=com.android.server.wm.WindowManagerService.windowForClientLocked:6311 com.android.server.wm.Session.setOnBackInvokedCallbackInfo:1020 android.view.IWindowSession$Stub.onTransact:1199 
04-19 22:22:47.365 I/WindowManager(  590): setOnBackInvokedCallback(): No window state for package:com.impos2.mixcretailassemblyrn84
04-19 22:22:47.503 D/TrafficStats( 8439): tagSocket(5) with statsTag=0xffffffff, statsUid=-1
04-19 22:22:47.504 D/TrafficStats( 8439): tagSocket(113) with statsTag=0xffffffff, statsUid=-1
04-19 22:22:47.505 D/TrafficStats( 8360): tagSocket(5) with statsTag=0xffffffff, statsUid=-1
04-19 22:22:47.508 D/TrafficStats( 8439): tagSocket(5) with statsTag=0xffffffff, statsUid=-1
04-19 22:22:47.509 D/TrafficStats( 8360): tagSocket(5) with statsTag=0xffffffff, statsUid=-1
04-19 22:22:47.509 D/TrafficStats( 8439): tagSocket(113) with statsTag=0xffffffff, statsUid=-1
04-19 22:22:47.527 W/InputManager-JNI(  590): Input channel object '61f5cda PopupWindow:e8f1d83 (client)' was disposed without first being removed with the input manager!
04-19 22:22:47.528 W/InputManager-JNI(  590): Input channel object '9d2e601 PopupWindow:aa0b611 (client)' was disposed without first being removed with the input manager!
04-19 22:22:47.590 W/InputManager-JNI(  590): Input channel object '5855439 PopupWindow:8c6988b (client)' was disposed without first being removed with the input manager!
04-19 22:22:47.594 D/CoreBackPreview(  590): Window{73cad32 u0 PopupWindow:b384ead}: Setting back callback OnBackInvokedCallbackInfo{mCallback=android.window.IOnBackInvokedCallback$Stub$Proxy@7f7902c, mPriority=0, mIsAnimationCallback=false}
04-19 22:22:47.601 W/WindowOnBackDispatcher( 8360): sendCancelIfRunning: isInProgress=false callback=android.view.ViewRootImpl$$ExternalSyntheticLambda11@23828a9
04-19 22:22:47.601 D/CoreBackPreview(  590): Window{73cad32 u0 PopupWindow:b384ead}: Setting back callback null
04-19 22:22:47.602 W/InputManager-JNI(  590): Input channel object '73cad32 PopupWindow:b384ead (client)' was disposed without first being removed with the input manager!
04-19 22:22:59.749 W/healthd (  397): battery l=47 v=5000 t=25.0 h=2 st=4 c=900000 fc=3000000 cc=10 chg=a
04-19 22:23:00.006 I/AiAiEcho( 1389): Predicting[0]:  [CONTEXT sampling_count=5 ]
04-19 22:23:00.006 I/AiAiEcho( 1389): EchoTargets: 
04-19 22:23:00.006 I/AiAiEcho( 1389): Filtered by AiAi flag check: 
04-19 22:23:00.006 I/AiAiEcho( 1389): [CONTEXT ratelimit_period="10 SECONDS" ]
04-19 22:23:00.006 I/AiAiEcho( 1389): Ranked targets strategy: SORT, count: 0, ranking metadata:  [CONTEXT ratelimit_period="10 SECONDS" ]
04-19 22:23:00.006 I/AiAiEcho( 1389): #remoteViewsTwiddler: feature disabled.
04-19 22:23:00.006 I/AiAiEcho( 1389): Predicting[0]:  [CONTEXT sampling_count=5 ]
04-19 22:23:00.006 I/AiAiEcho( 1389): EchoTargets: 
04-19 22:23:00.006 I/AiAiEcho( 1389): Filtered by AiAi flag check: 
04-19 22:23:00.006 I/AiAiEcho( 1389): [CONTEXT ratelimit_period="10 SECONDS" ]
04-19 22:23:00.006 I/AiAiEcho( 1389): Ranked targets strategy: SORT, count: 0, ranking metadata:  [CONTEXT ratelimit_period="10 SECONDS" ]
04-19 22:23:00.006 I/AiAiEcho( 1389): #remoteViewsTwiddler: feature disabled.
04-19 22:23:00.006 I/AiAiEcho( 1389): #postPredictionTargets: Sending updates to UISurface lockscreen with targets# 0 (types=[])
04-19 22:23:00.006 I/AiAiEcho( 1389): #postPredictionTargets: Sending updates to UISurface home with targets# 0 (types=[])
04-19 22:23:00.007 D/SsBaseTemplateCard( 1099): No text view can be set up
04-19 22:23:00.007 D/SsBaseTemplateCard( 1099): Passed-in item info is null
04-19 22:23:00.007 D/SsBaseTemplateCard( 1099): Passed-in item info is null
04-19 22:23:00.007 D/SsBaseTemplateCard( 1099): Passed-in item info is null
04-19 22:23:00.007 I/SsBaseTemplateCard( 1099): Secondary card pane is null
04-19 22:23:00.013 W/PageIndicator(  836): Total number of pages invalid: 0. Assuming 1 page.
04-19 22:23:00.030 D/EGL_emulation(  836): app_time_stats: avg=3906.36ms min=11.20ms max=38917.36ms count=10
04-19 22:23:00.904 I/logd    (  167): logdr: UID=2000 GID=2000 PID=8508 n tail=0 logMask=99 pid=0 start=0ns deadline=0ns
