--------- beginning of main
04-19 22:22:05.095 W/IPCThreadState(  590): Sending oneway calls to frozen process.
04-19 22:22:05.098 W/InputDispatcher(  590): Focused display #0 does not have a focused window.
04-19 22:22:05.098 E/InputDispatcher(  590): But another display has a focused window
04-19 22:22:05.098 E/InputDispatcher(  590):   FocusedWindows:
04-19 22:22:05.098 E/InputDispatcher(  590):     displayId=2, name='b43920a com.impos2.mixcretailassemblyrn84/com.impos2.mixcretailassemblyrn84.SecondaryActivity'
04-19 22:22:05.109 D/InetDiagMessage(  590): Destroyed 0 sockets, proto=IPPROTO_TCP, family=AF_INET, states=14
04-19 22:22:05.109 I/BpBinder(  439): onLastStrongRef automatically unlinking death recipients: 
04-19 22:22:05.115 D/InetDiagMessage(  590): Destroyed 0 sockets, proto=IPPROTO_TCP, family=AF_INET6, states=14
04-19 22:22:05.115 D/InetDiagMessage(  590): Destroyed live tcp sockets for uids={10212} in 6ms
04-19 22:22:05.115 D/InetDiagMessage(  590): Destroyed 0 sockets, proto=IPPROTO_TCP, family=AF_INET, states=14
04-19 22:22:05.115 D/InetDiagMessage(  590): Destroyed 0 sockets, proto=IPPROTO_TCP, family=AF_INET6, states=14
04-19 22:22:05.115 D/InetDiagMessage(  590): Destroyed live tcp sockets for uids={20212} in 0ms
04-19 22:22:05.117 I/netd    (  388): tetherGetStats() -> {[]} <0.23ms>
04-19 22:22:05.118 W/InputManager-JNI(  590): Input channel object 'b43920a com.impos2.mixcretailassemblyrn84/com.impos2.mixcretailassemblyrn84.SecondaryActivity (client)' was disposed without first being removed with the input manager!
04-19 22:22:05.119 I/Zygote  (  389): Process 8251 exited due to signal 9 (Killed)
04-19 22:22:05.119 I/ImeTracker(  590): com.impos2.mixcretailassemblyrn84:c5f7ebe: onRequestHide at ORIGIN_SERVER reason HIDE_REMOVE_CLIENT fromUser false
04-19 22:22:05.119 I/ImeTracker(  590): com.impos2.mixcretailassemblyrn84:c5f7ebe: onCancelled at PHASE_SERVER_SHOULD_HIDE
04-19 22:22:05.119 I/adbd    (  443): Remote process closed the socket (on MSG_PEEK)
--------- beginning of system
04-19 22:22:05.123 V/WindowManager(  590): Unknown focus tokens, dropping reportFocusChanged
04-19 22:22:05.127 W/ActivityTaskManager(  590): Unable to send transaction to client proc com.impos2.mixcretailassemblyrn84:secondary: no app thread
04-19 22:22:05.128 I/TopTaskTracker( 1099): onTaskMovedToFront: (moved taskInfo to front) taskId=672, baseIntent=Intent { act=android.intent.action.MAIN cat=[android.intent.category.SECONDARY_HOME] flg=0x10000100 pkg=com.google.android.apps.nexuslauncher cmp=com.google.android.apps.nexuslauncher/com.android.launcher3.secondarydisplay.SecondaryDisplayLauncher }
04-19 22:22:05.128 I/TopTaskTracker( 1099): onTaskMovedToFront: (removing top task on home display) taskId=819, baseIntent=Intent { flg=0x10000000 cmp=com.impos2.mixcretailassemblyrn84/.MainActivity }
04-19 22:22:05.129 I/libprocessgroup(  590): Removed cgroup /sys/fs/cgroup/uid_10212/pid_8251
04-19 22:22:05.129 I/AppWidgetServiceImpl(  590): startListening() 0
04-19 22:22:05.129 D/NexusLauncherModelDelegate( 1099): notifySmartspaceEvent: SmartspaceTargetEvent{mSmartspaceTarget=null, mSmartspaceActionId='null', mEventType=6}
04-19 22:22:05.130 D/WindowManagerShell(  836): setLauncherKeepClearAreaHeight: visible=true, height=223
04-19 22:22:05.130 E/WindowManager(  590): Update wallpaper offsets before the system is ready. Aborting
04-19 22:22:05.133 V/ActivityManager(  590): Got obituary of 8172:com.impos2.mixcretailassemblyrn84
04-19 22:22:05.133 I/WindowManager(  590): WIN DEATH: Window{7b7a790 u0 com.impos2.mixcretailassemblyrn84/com.impos2.mixcretailassemblyrn84.MainActivity}
04-19 22:22:05.133 W/InputManager-JNI(  590): Input channel object '7b7a790 com.impos2.mixcretailassemblyrn84/com.impos2.mixcretailassemblyrn84.MainActivity (client)' was disposed without first being removed with the input manager!
04-19 22:22:05.134 W/ActivityManager(  590): setHasOverlayUi called on unknown pid: 8172
04-19 22:22:05.135 I/adbd    (  443): Remote process closed the socket (on MSG_PEEK)
04-19 22:22:05.135 I/Zygote  (  389): Process 8172 exited due to signal 9 (Killed)
04-19 22:22:05.136 I/libprocessgroup(  590): Removed cgroup /sys/fs/cgroup/uid_10212/pid_8172
04-19 22:22:05.136 D/BaseDepthController( 1099): setSurface:
04-19 22:22:05.136 D/BaseDepthController( 1099): 	mWaitingOnSurfaceValidity: false
04-19 22:22:05.136 D/BaseDepthController( 1099): 	mSurface: Surface(name=com.google.android.apps.nexuslauncher/com.google.android.apps.nexuslauncher.NexusLauncherActivity)/@0xad0fc95
04-19 22:22:05.142 D/StatsLog( 1099): LAUNCHER_ONRESUME
04-19 22:22:05.143 W/AppSearchIcing(  590): icing-search-engine.cc:321: Error: 5, Message: Document (com.google.android.googlequicksearchbox$OneSearchZeroStateGoogleSuggestions/default, zp) not found.
04-19 22:22:05.144 D/QuickstepModelDelegate( 1099): notifyAppTargetEvent action=1 launchLocation=workspace/0/[-1,-1]/[1,1]
04-19 22:22:05.145 D/OneSearchSuggestProvider( 1099): AppSearch 0-state cache not available, fallback to AGA
04-19 22:22:05.145 D/OneSearchSuggestProvider( 1099): java.util.concurrent.CompletionException: java.util.NoSuchElementException: No value present
04-19 22:22:05.145 D/OneSearchSuggestProvider( 1099): 	at java.util.concurrent.CompletableFuture.encodeThrowable(CompletableFuture.java:308)
04-19 22:22:05.145 D/OneSearchSuggestProvider( 1099): 	at java.util.concurrent.CompletableFuture.completeThrowable(CompletableFuture.java:323)
04-19 22:22:05.145 D/OneSearchSuggestProvider( 1099): 	at java.util.concurrent.CompletableFuture$UniAccept.tryFire(CompletableFuture.java:684)
04-19 22:22:05.145 D/OneSearchSuggestProvider( 1099): 	at java.util.concurrent.CompletableFuture.postComplete(CompletableFuture.java:486)
04-19 22:22:05.145 D/OneSearchSuggestProvider( 1099): 	at java.util.concurrent.CompletableFuture.completeExceptionally(CompletableFuture.java:2138)
04-19 22:22:05.145 D/OneSearchSuggestProvider( 1099): 	at com.google.android.apps.nexuslauncher.allapps.E0.onResult(go/retraceme 6422cbaa18704413bfb3e93ebb8478614d3644845132061bc54b1fae066de31d:67)
04-19 22:22:05.145 D/OneSearchSuggestProvider( 1099): 	at android.app.appsearch.SearchSessionUtil$1.lambda$onResult$0(go/retraceme 64eee9e9f568ff45978879ad2ff83146f2618ee8a88278736fbdf5fae931976e:144)
04-19 22:22:05.145 D/OneSearchSuggestProvider( 1099): 	at android.app.appsearch.SearchSessionUtil$1.$r8$lambda$CEk3q8sDAQVhU3rQwVueB8FAj_M(go/retraceme 64eee9e9f568ff45978879ad2ff83146f2618ee8a88278736fbdf5fae931976e:1)
04-19 22:22:05.145 D/OneSearchSuggestProvider( 1099): 	at android.app.appsearch.SearchSessionUtil$1$$ExternalSyntheticLambda0.run(go/retraceme 64eee9e9f568ff45978879ad2ff83146f2618ee8a88278736fbdf5fae931976e:22)
04-19 22:22:05.145 D/OneSearchSuggestProvider( 1099): 	at android.os.Handler.handleCallback(Handler.java:959)
04-19 22:22:05.145 D/OneSearchSuggestProvider( 1099): 	at android.os.Handler.dispatchMessage(Handler.java:100)
04-19 22:22:05.145 D/OneSearchSuggestProvider( 1099): 	at android.os.Looper.loopOnce(Looper.java:232)
04-19 22:22:05.145 D/OneSearchSuggestProvider( 1099): 	at android.os.Looper.loop(Looper.java:317)
04-19 22:22:05.145 D/OneSearchSuggestProvider( 1099): 	at android.os.HandlerThread.run(HandlerThread.java:85)
04-19 22:22:05.145 D/OneSearchSuggestProvider( 1099): Caused by: java.util.NoSuchElementException: No value present
04-19 22:22:05.145 D/OneSearchSuggestProvider( 1099): 	at java.util.Optional.get(Optional.java:143)
04-19 22:22:05.145 D/OneSearchSuggestProvider( 1099): 	at com.google.android.apps.nexuslauncher.allapps.E0.onResult(go/retraceme 6422cbaa18704413bfb3e93ebb8478614d3644845132061bc54b1fae066de31d:28)
04-19 22:22:05.145 D/OneSearchSuggestProvider( 1099): 	... 8 more
04-19 22:22:05.146 D/OneSearchSuggestProvider( 1099): Created the binder channel successfully for end point service =com.google.android.apps.search.googleapp.search.suggest.plugins.onesearch.server.OneSearchSuggestService , mChannel=i1{delegate=f{logId=315, target=directaddress:///AndroidComponentAddress%5BIntent%20%7B%20act=grpc.io.action.BIND%20cmp=com.google.android.googlequicksearchbox/com.google.android.apps.search.googleapp.search.suggest.plugins.onesearch.server.OneSearchSuggestService%20%7D%5D}} , mOneSearchConnection=m2.Z@f99d31
04-19 22:22:05.147 V/WindowManagerShell(  836): onTransitionReady(transaction=2534030740323)
04-19 22:22:05.147 V/WindowManagerShell(  836): onTransitionReady (#464) android.os.BinderProxy@4cef801: {id=464 t=CLOSE f=0x0 trk=0 r=[2@Point(0, 0),0@Point(0, 0)] c=[{WCT{android.window.IWindowContainerToken$Stub$Proxy@1c98ddf} m=TO_FRONT f=SHOW_WALLPAPER|MOVE_TO_TOP leash=Surface(name=Task=671)/@0x9268e7 sb=Rect(0, 0 - 2560, 1600) eb=Rect(0, 0 - 2560, 1600) d=2 taskParent=-1},{WCT{android.window.IWindowContainerToken$Stub$Proxy@5858a2c} m=CLOSE f=NONE leash=Surface(name=Task=820)/@0x3f73c94 sb=Rect(0, 0 - 2560, 1600) eb=Rect(0, 0 - 2560, 1600) d=2 taskParent=-1},{null m=TO_FRONT f=IS_WALLPAPER leash=Surface(name=WallpaperWindowToken{c5135e7 token=android.os.Binder@aebf7a6})/@0x332133d sb=Rect(0, 0 - 2560, 1600) eb=Rect(0, 0 - 2560, 1600) d=2},{WCT{android.window.IWindowContainerToken$Stub$Proxy@3fd6cf5} m=CLOSE f=NONE leash=Surface(name=Task=819)/@0xc5cf732 sb=Rect(0, 0 - 2560, 1600) eb=Rect(0, 0 - 2560, 1600) d=0 taskParent=-1},{WCT{android.window.IWindowContainerToken$Stub$Proxy@4983a8a} m=TO_FRONT f=SHOW_WALLPAPER leash=Surface(name=Task=1)/@0x992ac83 sb=Rect(0, 0 - 2560, 1600) eb=Rect(0, 0 - 2560, 1600) d=0 taskParent=-1},{null m=TO_FRONT f=IS_WALLPAPER leash=Surface(name=WallpaperWindowToken{55198b token=android.os.Binder@bf0535a})/@0x4558e00 sb=Rect(0, 0 - 2560, 1600) eb=Rect(0, 0 - 2560, 1600) d=0}]}
04-19 22:22:05.150 D/ActivityManager(  590): sync unfroze 21035 com.google.android.googlequicksearchbox:search for 6
04-19 22:22:05.152 D/ActivityManager(  590): sync unfroze 21183 com.google.android.webview:sandboxed_process0:org.chromium.content.app.SandboxedProcessService0:0 for 6
04-19 22:22:05.152 V/WindowManagerShell(  836): Playing animation for (#464) android.os.BinderProxy@4cef801@0
04-19 22:22:05.152 V/WindowManagerShell(  836):  try handler com.android.wm.shell.transition.DefaultMixedHandler@a4b4bb1
04-19 22:22:05.152 V/WindowManagerShell(  836):  try handler com.android.wm.shell.keyguard.KeyguardTransitionHandler@f055896
04-19 22:22:05.152 V/WindowManagerShell(  836):  try handler com.android.wm.shell.pip.PipTransition@489c17
04-19 22:22:05.152 V/WindowManagerShell(  836):  try handler com.android.wm.shell.activityembedding.ActivityEmbeddingController@f43a804
04-19 22:22:05.152 V/WindowManagerShell(  836):  try handler com.android.wm.shell.splitscreen.StageCoordinator@417f1ed
04-19 22:22:05.152 V/WindowManagerShell(  836):  try handler com.android.wm.shell.desktopmode.DesktopTasksController@4366822
04-19 22:22:05.152 V/WindowManagerShell(  836):  try handler com.android.wm.shell.recents.RecentsTransitionHandler@b30e2b3
04-19 22:22:05.152 V/ShellRecents(  836): RecentsTransitionHandler.startAnimation: no controller found
04-19 22:22:05.152 V/WindowManagerShell(  836):  try handler com.android.wm.shell.transition.RemoteTransitionHandler@2554070
04-19 22:22:05.152 V/WindowManagerShell(  836): Transition doesn't have explicit remote, search filters for match for {id=464 t=CLOSE f=0x0 trk=0 r=[2@Point(0, 0),0@Point(0, 0)] c=[{WCT{android.window.IWindowContainerToken$Stub$Proxy@1c98ddf} m=TO_FRONT f=SHOW_WALLPAPER|MOVE_TO_TOP leash=Surface(name=Task=671)/@0x9268e7 sb=Rect(0, 0 - 2560, 1600) eb=Rect(0, 0 - 2560, 1600) d=2 taskParent=-1},{WCT{android.window.IWindowContainerToken$Stub$Proxy@5858a2c} m=CLOSE f=NONE leash=Surface(name=Task=820)/@0x3f73c94 sb=Rect(0, 0 - 2560, 1600) eb=Rect(0, 0 - 2560, 1600) d=2 taskParent=-1},{null m=TO_FRONT f=IS_WALLPAPER leash=Surface(name=WallpaperWindowToken{c5135e7 token=android.os.Binder@aebf7a6})/@0x332133d sb=Rect(0, 0 - 2560, 1600) eb=Rect(0, 0 - 2560, 1600) d=2},{WCT{android.window.IWindowContainerToken$Stub$Proxy@3fd6cf5} m=CLOSE f=NONE leash=Surface(name=Task=819)/@0xc5cf732 sb=Rect(0, 0 - 2560, 1600) eb=Rect(0, 0 - 2560, 1600) d=0 taskParent=-1},{WCT{android.window.IWindowContainerToken$Stub$Proxy@4983a8a} m=TO_FRONT f=SHOW_WALLPAPER leash=Surface(name=Task=1)/@0x992ac83 sb=Rect(0, 0 - 2560, 1600) eb=Rect(0, 0 - 2560, 1600) d=0 taskParent=-1},{null m=TO_FRONT f=IS_WALLPAPER leash=Surface(name=WallpaperWindowToken{55198b token=android.os.Binder@bf0535a})/@0x4558e00 sb=Rect(0, 0 - 2560, 1600) eb=Rect(0, 0 - 2560, 1600) d=0}]}
04-19 22:22:05.152 V/WindowManagerShell(  836):  Checking filter Pair{{types=[] flags=0x0] notFlags=0x0 checks=[{atype=undefined independent=true modes=[OPEN,TO_FRONT] flags=IN_TASK_WITH_EMBEDDED_ACTIVITY mustBeTask=false order=ANY topActivity=ComponentInfo{com.google.android.apps.nexuslauncher/com.google.android.apps.nexuslauncher.NexusLauncherActivity} launchCookie=null},{atype=undefined independent=true modes=[CLOSE,TO_BACK] flags=IN_TASK_WITH_EMBEDDED_ACTIVITY mustBeTask=false order=ANY topActivity=null launchCookie=null}]} RemoteTransition { remoteTransition = android.window.IRemoteTransition$Stub$Proxy@e8ebfe9, appThread = android.app.IApplicationThread$Stub$Proxy@876e46e, debugName = OverlaySwipeBack }}
04-19 22:22:05.152 V/WindowManagerShell(  836):  Checking filter Pair{{types=[] flags=0x0] notFlags=0x0 checks=[{atype=dream independent=true modes=[OPEN,TO_FRONT] flags=NONE mustBeTask=false order=ANY topActivity=null launchCookie=null},{atype=home independent=true modes=[CLOSE,TO_BACK] flags=NONE mustBeTask=false order=ANY topActivity=null launchCookie=null}]} RemoteTransition { remoteTransition = android.window.IRemoteTransition$Stub$Proxy@f4cf70f, appThread = android.app.IApplicationThread$Stub$Proxy@ba5f39c, debugName = LauncherToDream }}
04-19 22:22:05.152 V/WindowManagerShell(  836):  Checking filter Pair{{types=[] flags=0x0] notFlags=0x100 checks=[{atype=home independent=true modes=[OPEN,TO_FRONT] flags=NONE mustBeTask=false order=TOP topActivity=ComponentInfo{com.google.android.apps.nexuslauncher/com.google.android.apps.nexuslauncher.NexusLauncherActivity} launchCookie=null},{atype=standard independent=true modes=[CLOSE,TO_BACK] flags=NONE mustBeTask=false order=ANY topActivity=null launchCookie=null}]} RemoteTransition { remoteTransition = android.window.IRemoteTransition$Stub$Proxy@c8a71a5, appThread = android.app.IApplicationThread$Stub$Proxy@30d97a, debugName = QuickstepLaunchHome }}
04-19 22:22:05.152 V/WindowManagerShell(  836):  Delegate animation for (#464) to null
04-19 22:22:05.152 V/WindowManagerShell(  836):  try handler com.android.wm.shell.transition.DefaultTransitionHandler@56bf52b
04-19 22:22:05.152 V/WindowManagerShell(  836): start default transition animation, info = {id=464 t=CLOSE f=0x0 trk=0 r=[2@Point(0, 0),0@Point(0, 0)] c=[{WCT{android.window.IWindowContainerToken$Stub$Proxy@1c98ddf} m=TO_FRONT f=SHOW_WALLPAPER|MOVE_TO_TOP leash=Surface(name=Task=671)/@0x9268e7 sb=Rect(0, 0 - 2560, 1600) eb=Rect(0, 0 - 2560, 1600) d=2 taskParent=-1},{WCT{android.window.IWindowContainerToken$Stub$Proxy@5858a2c} m=CLOSE f=NONE leash=Surface(name=Task=820)/@0x3f73c94 sb=Rect(0, 0 - 2560, 1600) eb=Rect(0, 0 - 2560, 1600) d=2 taskParent=-1},{null m=TO_FRONT f=IS_WALLPAPER leash=Surface(name=WallpaperWindowToken{c5135e7 token=android.os.Binder@aebf7a6})/@0x332133d sb=Rect(0, 0 - 2560, 1600) eb=Rect(0, 0 - 2560, 1600) d=2},{WCT{android.window.IWindowContainerToken$Stub$Proxy@3fd6cf5} m=CLOSE f=NONE leash=Surface(name=Task=819)/@0xc5cf732 sb=Rect(0, 0 - 2560, 1600) eb=Rect(0, 0 - 2560, 1600) d=0 taskParent=-1},{WCT{android.window.IWindowContainerToken$Stub$Proxy@4983a8a} m=TO_FRONT f=SHOW_WALLPAPER leash=Surface(name=Task=1)/@0x992ac83 sb=Rect(0, 0 - 2560, 1600) eb=Rect(0, 0 - 2560, 1600) d=0 taskParent=-1},{null m=TO_FRONT f=IS_WALLPAPER leash=Surface(name=WallpaperWindowToken{55198b token=android.os.Binder@bf0535a})/@0x4558e00 sb=Rect(0, 0 - 2560, 1600) eb=Rect(0, 0 - 2560, 1600) d=0}]}
04-19 22:22:05.152 V/WindowManagerShell(  836): loadAnimation: anim=android.view.animation.AnimationSet@8d71d18 animAttr=0x10 type=CLOSE isEntrance=true
04-19 22:22:05.155 V/WindowManager(  590): Sent Transition (#464) createdAt=04-19 22:22:05.097 via request=TransitionRequestInfo { type = CLOSE, triggerTask = TaskInfo{userId=0 taskId=820 displayId=2 isRunning=false baseIntent=Intent { flg=0x18000000 cmp=com.impos2.mixcretailassemblyrn84/.SecondaryActivity } baseActivity=null topActivity=null origActivity=null realActivity=ComponentInfo{com.impos2.mixcretailassemblyrn84/com.impos2.mixcretailassemblyrn84.SecondaryActivity} numActivities=0 lastActiveTime=249740713 supportsMultiWindow=true resizeMode=1 isResizeable=true minWidth=-1 minHeight=-1 defaultMinSize=220 token=WCT{RemoteToken{967aa13 Task{932214c #820 type=standard A=10212:com.impos2.mixcretailassemblyrn84}}} topActivityType=1 pictureInPictureParams=null shouldDockBigOverlays=false launchIntoPipHostTaskId=-1 lastParentTaskIdBeforePip=-1 displayCutoutSafeInsets=null topActivityInfo=null launchCookies=[] positionInParent=Point(0, 0) parentTaskId=-1 isFocused=true isVisible=true isVisibleRequested=true isSleeping=false locusId=null displayAreaFeatureId=1 isTopActivityTransparent=false appCompatTaskInfo=AppCompatTaskInfo { topActivityInSizeCompat=false topActivityEligibleForLetterboxEducation= falseisLetterboxEducationEnabled= false isLetterboxDoubleTapEnabled= false topActivityEligibleForUserAspectRatioButton= false topActivityBoundsLetterboxed= false isFromLetterboxDoubleTap= false topActivityLetterboxVerticalPosition= -1 topActivityLetterboxHorizontalPosition= -1 topActivityLetterboxWidth=-1 topActivityLetterboxHeight=-1 isUserFullscreenOverrideEnabled=false isSystemFullscreenOverrideEnabled=false cameraCompatTaskInfo=CameraCompatTaskInfo { cameraCompatControlState=hidden freeformCameraCompatMode=inactive}}}, pipTask = null, remoteTransition = null, displayChange = null, flags = 0, debugId = 464 }
04-19 22:22:05.155 V/WindowManager(  590):     startWCT=WindowContainerTransaction { changes = {} hops = [] errorCallbackToken=null taskFragmentOrganizer=null }
04-19 22:22:05.156 V/WindowManager(  590):     info={id=464 t=CLOSE f=0x0 trk=0 r=[2@Point(0, 0),0@Point(0, 0)] c=[
04-19 22:22:05.156 V/WindowManager(  590):         {WCT{RemoteToken{473bc8f Task{c2f742b #671 type=home}}} m=TO_FRONT f=SHOW_WALLPAPER|MOVE_TO_TOP leash=Surface(name=Task=671)/@0x5554f84 sb=Rect(0, 0 - 2560, 1600) eb=Rect(0, 0 - 2560, 1600) d=2 taskParent=-1},
04-19 22:22:05.156 V/WindowManager(  590):         {WCT{RemoteToken{967aa13 Task{932214c #820 type=standard A=10212:com.impos2.mixcretailassemblyrn84}}} m=CLOSE f=NONE leash=Surface(name=Task=820)/@0xf11d24d sb=Rect(0, 0 - 2560, 1600) eb=Rect(0, 0 - 2560, 1600) d=2 taskParent=-1},
04-19 22:22:05.156 V/WindowManager(  590):         {null m=TO_FRONT f=IS_WALLPAPER leash=Surface(name=WallpaperWindowToken{c5135e7 token=android.os.Binder@aebf7a6})/@0x479d416 sb=Rect(0, 0 - 2560, 1600) eb=Rect(0, 0 - 2560, 1600) d=2},
04-19 22:22:05.156 V/WindowManager(  590):         {WCT{RemoteToken{6f83e73 Task{529c53d #819 type=standard A=10212:com.impos2.mixcretailassemblyrn84}}} m=CLOSE f=NONE leash=Surface(name=Task=819)/@0xd7b77ad sb=Rect(0, 0 - 2560, 1600) eb=Rect(0, 0 - 2560, 1600) d=0 taskParent=-1},
04-19 22:22:05.156 V/WindowManager(  590):         {WCT{RemoteToken{eecd609 Task{403a6f7 #1 type=home}}} m=TO_FRONT f=SHOW_WALLPAPER leash=Surface(name=Task=1)/@0x27bc150 sb=Rect(0, 0 - 2560, 1600) eb=Rect(0, 0 - 2560, 1600) d=0 taskParent=-1},
04-19 22:22:05.156 V/WindowManager(  590):         {null m=TO_FRONT f=IS_WALLPAPER leash=Surface(name=WallpaperWindowToken{55198b token=android.os.Binder@bf0535a})/@0x6a378e3 sb=Rect(0, 0 - 2560, 1600) eb=Rect(0, 0 - 2560, 1600) d=0}
04-19 22:22:05.156 V/WindowManager(  590):     ]}
04-19 22:22:05.157 I/A       (21035): (REDACTED) Created gRPC endpoint for service %s
04-19 22:22:05.158 V/WindowManagerShell(  836): loadAnimation: anim=android.view.animation.AnimationSet@53159d7 animAttr=0x11 type=CLOSE isEntrance=false
04-19 22:22:05.158 V/WindowManagerShell(  836): loadAnimation: anim=android.view.animation.AnimationSet@2acf2c4 animAttr=0x11 type=CLOSE isEntrance=false
04-19 22:22:05.158 V/WindowManagerShell(  836): loadAnimation: anim=android.view.animation.AnimationSet@d3345ad animAttr=0x10 type=CLOSE isEntrance=true
04-19 22:22:05.160 V/WindowManagerShell(  836):  animated by com.android.wm.shell.transition.DefaultTransitionHandler@56bf52b
04-19 22:22:05.161 W/UserManagerService(  590): Requested status bar icon for non-badged user 0
04-19 22:22:05.165 I/AiAiEcho( 1389): Predicting[0]:  [CONTEXT sampling_count=5 ]
04-19 22:22:05.165 I/AiAiEcho( 1389): EchoTargets: 
04-19 22:22:05.165 I/AiAiEcho( 1389): Filtered by AiAi flag check: 
04-19 22:22:05.165 I/AiAiEcho( 1389): [CONTEXT ratelimit_period="10 SECONDS" ]
04-19 22:22:05.165 I/AiAiEcho( 1389): Ranked targets strategy: SORT, count: 0, ranking metadata:  [CONTEXT ratelimit_period="10 SECONDS" ]
04-19 22:22:05.165 I/AiAiEcho( 1389): #remoteViewsTwiddler: feature disabled.
04-19 22:22:05.165 I/ImeTracker(  590): com.google.android.apps.nexuslauncher:eb573510: onRequestHide at ORIGIN_SERVER reason HIDE_UNSPECIFIED_WINDOW fromUser false
04-19 22:22:05.165 I/ImeTracker(  590): com.google.android.apps.nexuslauncher:eb573510: onCancelled at PHASE_SERVER_SHOULD_HIDE
04-19 22:22:05.167 D/EGL_emulation( 1099): app_time_stats: avg=6483.87ms min=11.31ms max=174620.00ms count=27
04-19 22:22:05.167 W/InputManager-JNI(  590): Input channel object '4597ea4 InputMethod (client)' was disposed without first being removed with the input manager!
04-19 22:22:05.167 I/GoogleInputMethodService(20885): GoogleInputMethodService.onDestroy():1509 
04-19 22:22:05.167 I/AiAiEcho( 1389): #postPredictionTargets: Sending updates to UISurface home with targets# 0 (types=[])
04-19 22:22:05.168 I/GoogleInputMethodService(20885): GoogleInputMethodService.onFinishInput():3157 
04-19 22:22:05.169 I/GoogleInputMethodService(20885): GoogleInputMethodService.updateDeviceLockedStatus():2248 repeatCheckTimes = 0, locked = false
04-19 22:22:05.170 W/WindowManager(  590): Failed looking up window session=Session{11d9fff 20885:u0a10158} callers=com.android.server.wm.WindowManagerService.removeClientToken:2058 com.android.server.wm.Session.remove:274 android.view.IWindowSession$Stub.onTransact:685 
04-19 22:22:05.170 I/GoogleInputMethodService(20885): GoogleInputMethodService.clearInputMethodServiceData():1613 clearInputMethodServiceData for onDestroy
04-19 22:22:05.170 I/GoogleInputMethodService(20885): GoogleInputMethodService.discardAllKeyboardViewAndInputView():1818 discardAllKeyboardViewAndInputView()
04-19 22:22:05.171 I/KeyboardModeManager(20885): KeyboardModeManager.setInputViewKeyboardViewHolderProvider():625 setInputView() : supportsOneHandedMode=false supportsSplitMode=true
04-19 22:22:05.171 I/NormalModeController(20885): NormalModeController.getKeyboardBodyViewHolderPaddingBottom():104 currentPrimeKeyboardType:SOFT systemPaddingBottom:-1
04-19 22:22:05.171 I/KeyboardModeManager(20885): KeyboardModeManager.setInputViewKeyboardViewHolderProvider():613 setInputView() : supportsOneHandedMode=false, supportSplitMode=true
04-19 22:22:05.171 I/InputMethodEntryManager(20885): InputMethodEntryManager.notifyCurrentInputMethodEntryOnContextChanged():521 notifyCurrentInputMethodEntryOnContextChanged()
04-19 22:22:05.171 I/InputMethodEntryManager(20885): InputMethodEntryManager.notifyCurrentInputMethodEntryOnContextChanged():542 Notify current input method entry changed on context change
04-19 22:22:05.171 I/SystemSubtypesReportModule(20885): SystemSubtypesReportModule$3.onCurrentInputMethodEntryChanged():136 entry: en-US, source: UNSPECIFIED
04-19 22:22:05.171 I/KeyboardThemeProvider(20885): KeyboardThemeProvider.reset():40 Reset keyboard theme
04-19 22:22:05.171 I/KeyboardContextProvider(20885): KeyboardContextProvider.setBaseContextAndInvalidKeyboardContextCache():88 setBaseContextAndInvalidKeyboardContextCache(): null
04-19 22:22:05.171 I/DeviceModeMonitor(20885): DeviceModeMonitor.calculateDeviceMode():76 Get device mode tablet_large by screen size and smallestScreenWidthDp: 723
04-19 22:22:05.171 I/HardKeyTracker(20885): HardKeyTracker.unregisterKeySequence():183 Unregister key sequence lnk{labelResId=2132019809, callback=jjt@b150a41, lastModifier=2, keyCodes=[47], actions=[0]}
04-19 22:22:05.171 I/HardKeyTracker(20885): HardKeyTracker.unregisterKeySequence():183 Unregister key sequence lnk{labelResId=0, callback=jwl@2dea940, lastModifier=0, keyCodes=[204], actions=[0]}
04-19 22:22:05.171 W/AccessPointsManager(20885): AccessPointsManager.removeAccessPoint():834 The holder controller #0x7f0b2078 is not registered
04-19 22:22:05.171 I/AccessPointsListHolderController(20885): AccessPointsListHolderController.removeAccessPoint():304 The access point textediting is not added
04-19 22:22:05.171 I/AccessPointsListHolderController(20885): AccessPointsListHolderController.removeAccessPoint():304 The access point settings is not added
04-19 22:22:05.172 I/AccessPointsListHolderController(20885): AccessPointsListHolderController.removeAccessPoint():304 The access point theme_setting is not added
04-19 22:22:05.172 I/OnDevicePackDownloadModule(20885): OnDevicePackDownloadModule.onDestroy():95 onDestroy()
04-19 22:22:05.172 I/NewS3RecognizerModule(20885): NewS3RecognizerModule.onDestroy():21 onDestroy [news3]
04-19 22:22:05.172 I/HardKeyTracker(20885): HardKeyTracker.unregisterKeySequence():183 Unregister key sequence lnk{labelResId=2132019800, callback=gnd@a3bf438, lastModifier=0, keyCodes=[57, 57], actions=[1, 0]}
04-19 22:22:05.172 I/HardKeyTracker(20885): HardKeyTracker.unregisterKeySequence():183 Unregister key sequence lnk{labelResId=0, callback=gnd@a18f377, lastModifier=0, keyCodes=[58, 58], actions=[1, 0]}
04-19 22:22:05.173 I/AbstractOpenableExtension(20885): AbstractOpenableExtension.maybeDestroyExistingKeyboardGroupManager():538 Destroy existing keyboard group manager in fvq
04-19 22:22:05.173 I/SP      (20885): Registering emoticon_content_description.2022081613, url: https://www.gstatic.com/android/keyboard/emoticon_content_desc/202208161305/superpacks_manifest.json, constraints: W:*:*:*, flags: bg, requested: 2022081613, current: -1
04-19 22:22:05.173 I/EmojifyExtensionImpl(20885): EmojifyExtensionImpl.onDestroy():605 Destroying Emojify extension ehb@19271e8.
04-19 22:22:05.173 I/AbstractOpenableExtension(20885): AbstractOpenableExtension.maybeDestroyExistingKeyboardGroupManager():538 Destroy existing keyboard group manager in fxu
04-19 22:22:05.173 W/WindowTokenClientController(20885): Can't find attached WindowTokenClient for android.window.WindowTokenClient@eb69f50
04-19 22:22:05.174 I/JapaneseMozcExtension(20885): JapaneseMozcExtension.onDestroyServiceInternal():81 onDestroyServiceInternal()
04-19 22:22:05.175 D/WindowTokenClient(20885): Only apply configuration update to Resources because shouldReportConfigChange is false. context=com.android.inputmethod.latin.LatinIME@d53efdc, config={1.3 ?mcc0mnc [en_US] ldltr sw723dp w1157dp h723dp 354dpi xlrg land finger qwerty/v/v dpad/v winConfig={ mBounds=Rect(0, 0 - 2560, 1600) mAppBounds=Rect(0, 0 - 2560, 1600) mMaxBounds=Rect(0, 0 - 2560, 1600) mDisplayRotation=ROTATION_0 mWindowingMode=fullscreen mActivityType=undefined mAlwaysOnTop=undefined mRotation=ROTATION_0} s.8 fontWeightAdjustment=0}, display ID=0
04-19 22:22:05.175 D/WindowTokenClient(20885): android.window.WindowTokenClient.onConfigurationChanged:161 android.window.WindowTokenClientController.onWindowContextTokenAttached:197 android.window.WindowTokenClientController.attachToDisplayArea:116 android.window.WindowContextController.attachToDisplayArea:108 android.window.WindowProviderService.attachBaseContext:218 
04-19 22:22:05.175 I/GoogleInputMethodService(20885): GoogleInputMethodService.onCreate():1025 
04-19 22:22:05.178 I/WindowMetricsNotification(20885): WindowMetricsNotification.notify():106 WindowMetricsNotification{bounds=Rect(0, 53 - 2560, 1600), insets=Rect(0, 0 - 0, 0), densityDpi=354, smallestScreenWidthDp=723, displayWidth=2560, displayHeight=1600, xdpi=320.0, ydpi=320.0}; DisplayMetrics{density=2.2125, width=2560, height=1600, scaledDensity=2.2125, xdpi=320.0, ydpi=320.0}
04-19 22:22:05.181 I/WindowMetricsHelper(20885): WindowMetricsHelper.predictAndNotify():140 Window metrics predicted.
04-19 22:22:05.181 I/InputMethodEntryManager(20885): InputMethodEntryManager.notifyCurrentInputMethodEntryOnContextChanged():521 notifyCurrentInputMethodEntryOnContextChanged()
04-19 22:22:05.181 I/InputMethodEntryManager(20885): InputMethodEntryManager.notifyCurrentInputMethodEntryOnContextChanged():542 Notify current input method entry changed on context change
04-19 22:22:05.181 I/KeyboardContextProvider(20885): KeyboardContextProvider.setBaseContextAndInvalidKeyboardContextCache():88 setBaseContextAndInvalidKeyboardContextCache(): com.android.inputmethod.latin.LatinIME@d53efdc
04-19 22:22:05.182 E/GoogleInputMethodService(20885): GoogleInputMethodService.getAppEditorInfo():2810 App EditorInfo should never be null.
04-19 22:22:05.183 I/StyledKeyboardThemeBuilder(20885): StyledKeyboardThemeBuilder.build():132 Pref: [], themeName: [silk:], darkMode: [false], cacheKey: [overlay_builtin_dynamic_color_light_base.binarypb:dynamic-gm3-light-fffefbff-ff495d92-88aedfe362701b9d56ce578190f21130]
04-19 22:22:05.183 I/KeyboardThemeProvider(20885): KeyboardThemeProvider.applyKeyboardTheme():27 Apply keyboard theme: theme_border_stylesheet_noshadow_pgsans_pillkey_silkpopup_light_tablet_large_keyboard_width_tablet_small_navredesign_600_overlay_builtin_dynamic_color_light_base.binarypb:dynamic-gm3-light-fffefbff-ff495d92-88aedfe362701b9d56ce578190f21130_land
04-19 22:22:05.183 I/KeyboardContextProvider(20885): KeyboardContextProvider$KeyboardContextCache.createKeyboardContext():173 createKeyboardContext(): en-US, jgg@92a6f37(com.android.inputmethod.latin.LatinIME@d53efdc), {1.3 ?mcc0mnc [en_US] ldltr sw723dp w1157dp h723dp 354dpi xlrg land finger qwerty/v/v dpad/v winConfig={ mBounds=Rect(0, 0 - 2560, 1600) mAppBounds=Rect(0, 0 - 2560, 1600) mMaxBounds=Rect(0, 0 - 2560, 1600) mDisplayRotation=ROTATION_0 mWindowingMode=fullscreen mActivityType=undefined mAlwaysOnTop=undefined mRotation=ROTATION_0} s.8 fontWeightAdjustment=0}
04-19 22:22:05.183 I/KeyboardHeightUtil(20885): KeyboardHeightUtil.calculateMaxKeyboardBodyHeight():45 leave 237 height for app when ime window height:1547, header height:106 and isFullscreenMode:false, so the max keyboard body height is:1204
04-19 22:22:05.183 I/KeyboardHeightUtil(20885): KeyboardHeightUtil.calculateMaxKeyboardBodyHeight():45 leave 237 height for app when ime window height:1547, header height:106 and isFullscreenMode:false, so the max keyboard body height is:1204
04-19 22:22:05.183 I/NormalModeController(20885): NormalModeController.getKeyboardBodyViewHolderPaddingBottom():104 currentPrimeKeyboardType:SOFT systemPaddingBottom:-1
04-19 22:22:05.183 I/GoogleInputMethodService(20885): GoogleInputMethodService.onCurrentInputMethodEntryChanged():3655 onCurrentInputMethodEntryChanged(): imeDefsChanged=false, initializedEntryChanged=true, keyboardContextChanged=true
04-19 22:22:05.183 I/GoogleInputMethodService(20885): GoogleInputMethodService.clearInputMethodServiceData():1613 clearInputMethodServiceData for entryChange
04-19 22:22:05.183 I/KeyboardHeightUtil(20885): KeyboardHeightUtil.calculateMaxKeyboardBodyHeight():45 leave 237 height for app when ime window height:1547, header height:106 and isFullscreenMode:false, so the max keyboard body height is:1204
04-19 22:22:05.183 I/KeyboardHeightUtil(20885): KeyboardHeightUtil.calculateMaxKeyboardBodyHeight():45 leave 237 height for app when ime window height:1547, header height:106 and isFullscreenMode:false, so the max keyboard body height is:1204
04-19 22:22:05.184 I/KeyboardModeManager(20885): KeyboardModeManager.onCurrentInputMethodEntryChanged():1133 Reload data for context change
04-19 22:22:05.184 I/GoogleInputMethodService(20885): GoogleInputMethodService.initializeInputMethodServiceData():1382 initializeInputMethodServiceData for kct{languageTag=en-US, variant=qwerty, hasLocalizedResources=true, conditionCacheKey=_cache_additional_ime_defs_for_condition_change=false_cache_ime_defs_for_condition_change=false_device=tablet_device_size=large_enable_flick_symbols=false_enable_more_candidates_view_for_multilingual=false_enable_number_row=false_enable_preemptive_decode=true_enable_secondary_digits=true_enable_secondary_symbols=false_enable_show_foldable_layout_on_small_tablet=false_expressions=normal_four_or_more_letter_rows=false_keyboard_mode=normal_language=en-US_orientation=landscape_physical_keyboard=qwerty_rtl_layout=false_show_secondary_digits=true_show_suggestions=true_split_with_duplicate_keys=true_variant=qwerty, imeDef.stringId=ime_english_united_states, imeDef.className=com.google.android.apps.inputmethod.libs.latin5.LatinIme, imeDef.languageTag=en-US}
04-19 22:22:05.184 E/GoogleInputMethodService(20885): GoogleInputMethodService.getAppEditorInfo():2810 App EditorInfo should never be null.
04-19 22:22:05.184 I/StyledKeyboardThemeBuilder(20885): StyledKeyboardThemeBuilder.build():132 Pref: [], themeName: [silk:], darkMode: [false], cacheKey: [overlay_builtin_dynamic_color_light_base.binarypb:dynamic-gm3-light-fffefbff-ff495d92-88aedfe362701b9d56ce578190f21130]
04-19 22:22:05.184 I/KeyboardThemeProvider(20885): KeyboardThemeProvider.applyKeyboardTheme():27 Apply keyboard theme: theme_border_stylesheet_noshadow_pgsans_pillkey_silkpopup_light_tablet_large_keyboard_width_tablet_extra_large_navredesign_600_overlay_builtin_dynamic_color_light_base.binarypb:dynamic-gm3-light-fffefbff-ff495d92-88aedfe362701b9d56ce578190f21130_land
04-19 22:22:05.188 I/AndroidIME(20885): InputBundleManager.loadActiveInputBundleId():450 loadActiveInputBundleId: und-Latn-x-password, password
04-19 22:22:05.189 I/SystemSubtypesReportModule(20885): SystemSubtypesReportModule$4.onSetCurrentInputMethodSubtype():160 en_US
04-19 22:22:05.189 I/JapaneseMozcExtension(20885): JapaneseMozcExtension.onCreateServiceInternal():76 onCreateServiceInternal()
04-19 22:22:05.189 I/DeviceModeMonitor(20885): DeviceModeMonitor.calculateDeviceMode():76 Get device mode tablet_large by screen size and smallestScreenWidthDp: 723
04-19 22:22:05.189 I/HardKeyTracker(20885): HardKeyTracker.registerKeySequence():139 Register key sequence lnk{labelResId=2132019809, callback=jjt@c1fd517, lastModifier=2, keyCodes=[47], actions=[0]}
04-19 22:22:05.189 I/HardKeyTracker(20885): HardKeyTracker.registerKeySequence():139 Register key sequence lnk{labelResId=0, callback=jwl@34430e9, lastModifier=0, keyCodes=[204], actions=[0]}
04-19 22:22:05.189 I/NetworkInfoNotification(20885): NetworkInfoNotification$Listener.onReceive():112 onNetworkLost: networkState = NO_CONNECTION, isAirplaneModeOn = false
04-19 22:22:05.190 I/NewS3RecognizerModule(20885): NewS3RecognizerModule.onCreate():14 onCreate [news3]
04-19 22:22:05.190 I/EmojifyExtensionImpl(20885): EmojifyExtensionImpl.onCreate():599 Creating Emojify extension ehb@9444df.
04-19 22:22:05.190 D/SsBaseTemplateCard( 1099): No text view can be set up
04-19 22:22:05.190 D/SsBaseTemplateCard( 1099): Passed-in item info is null
04-19 22:22:05.190 D/SsBaseTemplateCard( 1099): Passed-in item info is null
04-19 22:22:05.190 D/SsBaseTemplateCard( 1099): Passed-in item info is null
04-19 22:22:05.190 I/SsBaseTemplateCard( 1099): Secondary card pane is null
04-19 22:22:05.190 I/AbstractOpenableExtension(20885): AbstractOpenableExtension$3.onSuccess():552 KeyboardGroupManager destroyed in fvq.
04-19 22:22:05.190 I/AbstractOpenableExtension(20885): AbstractOpenableExtension$3.onSuccess():552 KeyboardGroupManager destroyed in fxu.
04-19 22:22:05.191 I/AccessPointsListHolderController(20885): AccessPointsListHolderController.removeAccessPoint():304 The access point one_handed is not added
04-19 22:22:05.191 I/AbstractOpenableExtension(20885): AbstractOpenableExtension.createKeyboardGroupManagerListenableFuture():120 Create keyboard group manager listenable future in fvq
04-19 22:22:05.193 I/KeyboardGroupDefParser(20885): KeyboardGroupDefParser.parseKeyboardGroupDef():83 parseKeyboardGroupDef() 2132214033 -> 0_resource_name_obfuscated : WaitTime = 0 ms : RunTime = 0 ms
04-19 22:22:05.196 I/AbstractOpenableExtension(20885): AbstractOpenableExtension.createKeyboardGroupManagerListenableFuture():120 Create keyboard group manager listenable future in fxu
04-19 22:22:05.197 I/NetworkInfoNotification(20885): NetworkInfoNotification$Listener.onReceive():112 onNetworkLost: networkState = NO_CONNECTION, isAirplaneModeOn = false
04-19 22:22:05.197 I/AccessPointsListHolderController(20885): AccessPointsListHolderController.removeAccessPoint():304 The access point textediting is not added
04-19 22:22:05.197 D/InputMethodManagerService(  590): Initializing Handwriting Spy
04-19 22:22:05.197 W/InputManager-JNI(  590): Input channel object 'stylus-handwriting-event-receiver-0 (client)' was disposed without first being removed with the input manager!
04-19 22:22:05.198 I/AccessPointsListHolderController(20885): AccessPointsListHolderController.removeAccessPoint():304 The access point settings is not added
04-19 22:22:05.198 I/SP      (20885): Scheduling job with delay of 0s for {m:b:u:l, bg}, 2 candidates
04-19 22:22:05.199 I/AccessPointsListHolderController(20885): AccessPointsListHolderController.removeAccessPoint():304 The access point theme_setting is not added
04-19 22:22:05.199 I/ClipboardDataHandler(20885): ClipboardDataHandler.updateScreenshotsContentObserver():268 Disable the feature of handling screenshots in the clipboard.
04-19 22:22:05.199 E/JobScheduler.JobStatus(  590): App com.google.android.inputmethod.latin became active but still in NEVER bucket
04-19 22:22:05.199 I/KeyboardGroupDefParser(20885): KeyboardGroupDefParser.parseKeyboardGroupDef():83 parseKeyboardGroupDef() 2132214040 -> 0_resource_name_obfuscated : WaitTime = 0 ms : RunTime = 0 ms
04-19 22:22:05.199 I/SP      (20885): Scheduling job with delay of 0s for {W:b:u:l, bg}, 1 candidates
04-19 22:22:05.200 E/JobScheduler.JobStatus(  590): App com.google.android.inputmethod.latin became active but still in NEVER bucket
04-19 22:22:05.201 I/KeyboardGroupDefParser(20885): KeyboardGroupDefParser.parseKeyboardGroupDef():83 parseKeyboardGroupDef() 2132214034 -> 0_resource_name_obfuscated : WaitTime = 4 ms : RunTime = 0 ms
04-19 22:22:05.205 I/KeyboardGroupDefParser(20885): KeyboardGroupDefParser.parseKeyboardGroupDef():83 parseKeyboardGroupDef() 2132214028 -> 0_resource_name_obfuscated : WaitTime = 4 ms : RunTime = 0 ms
04-19 22:22:05.205 I/NetworkInfoNotification(20885): NetworkInfoNotification$Listener.onReceive():112 onNetworkLost: networkState = NO_CONNECTION, isAirplaneModeOn = false
04-19 22:22:05.205 I/NetworkInfoNotification(20885): NetworkInfoNotification$Listener.onReceive():112 onNetworkLost: networkState = NO_CONNECTION, isAirplaneModeOn = false
04-19 22:22:05.205 I/GoogleInputMethodService(20885): GoogleInputMethodService$GoogleInputMethodImpl.attachToken():4209 
04-19 22:22:05.206 I/OnDevicePackDownloadModule(20885): OnDevicePackDownloadModule.onCreate():60 onCreate()
04-19 22:22:05.206 I/NetworkInfoNotification(20885): NetworkInfoNotification$Listener.onReceive():112 onNetworkLost: networkState = NO_CONNECTION, isAirplaneModeOn = false
04-19 22:22:05.207 I/Environment(20885): Environment.isPackageInstalled():234 com.bitstrips.imoji is not installed
04-19 22:22:05.207 W/AndroidCreativeStickerFetcherFactory(20885): AndroidCreativeStickerFetcherFactory.createFetcher():19 Empty host or api key
04-19 22:22:05.209 I/SystemSubtypesReportModule(20885): SystemSubtypesReportModule$3.onCurrentInputMethodEntryChanged():136 entry: en-US, source: UNSPECIFIED
04-19 22:22:05.209 I/SystemSubtypesReportModule(20885): SystemSubtypesReportModule.switchToSubtypeByEntry():205 en-US
04-19 22:22:05.209 W/ActivityTaskManager(  590): Unable to send transaction to client proc com.impos2.mixcretailassemblyrn84: no app thread
04-19 22:22:05.215 D/WindowTokenClient(20885): Configuration not dispatch to IME because configuration is up to date. Current config={1.3 ?mcc0mnc [en_US] ldltr sw723dp w1157dp h723dp 354dpi xlrg land finger qwerty/v/v dpad/v winConfig={ mBounds=Rect(0, 0 - 2560, 1600) mAppBounds=Rect(0, 0 - 2560, 1600) mMaxBounds=Rect(0, 0 - 2560, 1600) mDisplayRotation=ROTATION_0 mWindowingMode=fullscreen mActivityType=undefined mAlwaysOnTop=undefined mRotation=ROTATION_0} s.8 fontWeightAdjustment=0}, reported config={1.3 ?mcc0mnc [en_US] ldltr sw723dp w1157dp h723dp 354dpi xlrg land finger qwerty/v/v dpad/v winConfig={ mBounds=Rect(0, 0 - 2560, 1600) mAppBounds=Rect(0, 0 - 2560, 1600) mMaxBounds=Rect(0, 0 - 2560, 1600) mDisplayRotation=ROTATION_0 mWindowingMode=fullscreen mActivityType=undefined mAlwaysOnTop=undefined mRotation=ROTATION_0} s.8 fontWeightAdjustment=0}, updated config={1.3 ?mcc0mnc [en_US] ldltr sw723dp w1157dp h723dp 354dpi xlrg land finger qwerty/v/v dpad/v winConfig={ mBounds=Rect(0, 0 - 2560, 1600) mAppBounds=Rect(0, 0 - 2560, 1600) mMaxBounds=Rect(0, 0 - 2560, 1600) mDisplayRotation=ROTATION_0 mWindowingMode=fullscreen mActivityType=undefined mAlwaysOnTop=undefined mRotation=ROTATION_0} s.8 fontWeightAdjustment=0}, updated display ID=0
04-19 22:22:05.215 D/WindowTokenClient(20885): Configuration not dispatch to IME because configuration is up to date. Current config={1.3 ?mcc0mnc [en_US] ldltr sw723dp w1157dp h723dp 354dpi xlrg land finger qwerty/v/v dpad/v winConfig={ mBounds=Rect(0, 0 - 2560, 1600) mAppBounds=Rect(0, 0 - 2560, 1600) mMaxBounds=Rect(0, 0 - 2560, 1600) mDisplayRotation=ROTATION_0 mWindowingMode=fullscreen mActivityType=undefined mAlwaysOnTop=undefined mRotation=ROTATION_0} s.8 fontWeightAdjustment=0}, reported config={1.3 ?mcc0mnc [en_US] ldltr sw723dp w1157dp h723dp 354dpi xlrg land finger qwerty/v/v dpad/v winConfig={ mBounds=Rect(0, 0 - 2560, 1600) mAppBounds=Rect(0, 0 - 2560, 1600) mMaxBounds=Rect(0, 0 - 2560, 1600) mDisplayRotation=ROTATION_0 mWindowingMode=fullscreen mActivityType=undefined mAlwaysOnTop=undefined mRotation=ROTATION_0} s.8 fontWeightAdjustment=0}, updated config={1.3 ?mcc0mnc [en_US] ldltr sw723dp w1157dp h723dp 354dpi xlrg land finger qwerty/v/v dpad/v winConfig={ mBounds=Rect(0, 0 - 2560, 1600) mAppBounds=Rect(0, 0 - 2560, 1600) mMaxBounds=Rect(0, 0 - 2560, 1600) mDisplayRotation=ROTATION_0 mWindowingMode=fullscreen mActivityType=undefined mAlwaysOnTop=undefined mRotation=ROTATION_0} s.8 fontWeightAdjustment=0}, updated display ID=0
04-19 22:22:05.217 I/GoogleInputMethodService(20885): GoogleInputMethodService.onStartInput():1986 onStartInput(EditorInfo{EditorInfo{packageName=com.google.android.apps.nexuslauncher, inputType=0, inputTypeString=NULL, enableLearning=false, autoCorrection=false, autoComplete=false, imeOptions=0, privateImeOptions=null, actionName=UNSPECIFIED, actionLabel=null, initialSelStart=-1, initialSelEnd=-1, initialCapsMode=0, label=null, fieldId=0, fieldName=null, extras=null, hintText=null, hintLocales=[]}}, false)
04-19 22:22:05.218 I/GoogleInputMethodService(20885): GoogleInputMethodService.updateDeviceLockedStatus():2248 repeatCheckTimes = 1, locked = false
04-19 22:22:05.218 I/AndroidIME(20885): InputBundleManager.loadActiveInputBundleId():450 loadActiveInputBundleId: und-Latn-x-password, password
04-19 22:22:05.219 W/PackageConfigPersister(  590): App-specific configuration not found for packageName: com.google.android.apps.nexuslauncher and userId: 0
04-19 22:22:05.219 I/HardKeyTracker(20885): HardKeyTracker.registerKeySequence():139 Register key sequence lnk{labelResId=2132019800, callback=gnd@c05f75a, lastModifier=0, keyCodes=[57, 57], actions=[1, 0]}
04-19 22:22:05.219 I/HardKeyTracker(20885): HardKeyTracker.registerKeySequence():139 Register key sequence lnk{labelResId=0, callback=gnd@fd42281, lastModifier=0, keyCodes=[58, 58], actions=[1, 0]}
04-19 22:22:05.220 I/resolv  (  388): GetAddrInfoHandler::run: {0 262144 0 983040 10144 0}
04-19 22:22:05.221 I/resolv  (  388): GetAddrInfoHandler::run: {0 262144 0 983040 10144 0}
04-19 22:22:05.222 W/A       (21035): CompleteServer request has failed and can't show offline suggestions.
04-19 22:22:05.222 W/A       (21035): com.google.frameworks.client.data.android.ac: Http networking stack error
04-19 22:22:05.222 W/A       (21035): 	at com.google.frameworks.client.data.android.x.run(PG:36)
04-19 22:22:05.222 W/A       (21035): 	at com.google.android.libraries.k.x.run(PG:3)
04-19 22:22:05.222 W/A       (21035): 	at com.google.common.n.c.c.run(PG:50)
04-19 22:22:05.222 W/A       (21035): 	at com.google.android.libraries.k.e.run(PG:8)
04-19 22:22:05.222 W/A       (21035): 	at java.lang.Thread.run(Thread.java:1012)
04-19 22:22:05.222 W/A       (21035): 	at com.google.android.libraries.k.d.b.run(PG:74)
04-19 22:22:05.222 W/A       (21035): Caused by: org.chromium.net.impl.ct: Exception in CronetUrlRequest: net::ERR_INTERNET_DISCONNECTED, ErrorCode=2, InternalErrorCode=-106, Retryable=false
04-19 22:22:05.222 W/A       (21035): 	at org.chromium.net.impl.CronetUrlRequest.onError(PG:80)
04-19 22:22:05.223 W/A       (21035): #getSuggestions failed
04-19 22:22:05.223 W/A       (21035): com.google.frameworks.client.data.android.ac: Http networking stack error
04-19 22:22:05.223 W/A       (21035): 	at com.google.frameworks.client.data.android.x.run(PG:36)
04-19 22:22:05.223 W/A       (21035): 	at com.google.android.libraries.k.x.run(PG:3)
04-19 22:22:05.223 W/A       (21035): 	at com.google.common.n.c.c.run(PG:50)
04-19 22:22:05.223 W/A       (21035): 	at com.google.android.libraries.k.e.run(PG:8)
04-19 22:22:05.223 W/A       (21035): 	at java.lang.Thread.run(Thread.java:1012)
04-19 22:22:05.223 W/A       (21035): 	at com.google.android.libraries.k.d.b.run(PG:74)
04-19 22:22:05.223 W/A       (21035): Caused by: org.chromium.net.impl.ct: Exception in CronetUrlRequest: net::ERR_INTERNET_DISCONNECTED, ErrorCode=2, InternalErrorCode=-106, Retryable=false
04-19 22:22:05.223 W/A       (21035): 	at org.chromium.net.impl.CronetUrlRequest.onError(PG:80)
04-19 22:22:05.224 E/OneSearchSuggestProvider( 1099): Unable to get suggestions from AGA
04-19 22:22:05.224 E/OneSearchSuggestProvider( 1099): io.grpc.StatusRuntimeException: UNKNOWN
04-19 22:22:05.224 E/OneSearchSuggestProvider( 1099): 	at l3.e.a(go/retraceme 6422cbaa18704413bfb3e93ebb8478614d3644845132061bc54b1fae066de31d:77)
04-19 22:22:05.224 E/OneSearchSuggestProvider( 1099): 	at j3.l.b(go/retraceme 6422cbaa18704413bfb3e93ebb8478614d3644845132061bc54b1fae066de31d:43)
04-19 22:22:05.224 E/OneSearchSuggestProvider( 1099): 	at j3.l.a(go/retraceme 6422cbaa18704413bfb3e93ebb8478614d3644845132061bc54b1fae066de31d:27)
04-19 22:22:05.224 E/OneSearchSuggestProvider( 1099): 	at j3.z.run(go/retraceme 6422cbaa18704413bfb3e93ebb8478614d3644845132061bc54b1fae066de31d:7)
04-19 22:22:05.224 E/OneSearchSuggestProvider( 1099): 	at j3.m2.run(go/retraceme 6422cbaa18704413bfb3e93ebb8478614d3644845132061bc54b1fae066de31d:19)
04-19 22:22:05.224 E/OneSearchSuggestProvider( 1099): 	at java.util.concurrent.ThreadPoolExecutor.runWorker(ThreadPoolExecutor.java:1145)
04-19 22:22:05.224 E/OneSearchSuggestProvider( 1099): 	at java.util.concurrent.ThreadPoolExecutor$Worker.run(ThreadPoolExecutor.java:644)
04-19 22:22:05.224 E/OneSearchSuggestProvider( 1099): 	at java.lang.Thread.run(Thread.java:1012)
04-19 22:22:05.224 W/ndroid.systemui(  836): ApkAssets: Deleting an ApkAssets object '<empty> and /data/app/~~vM3jUZgBMEfwCGHKVO-Rdg==/com.impos2.mixcretailassemblyrn84-MMHwhy6mo1n558lbNH6NjQ==/base.apk' with 3 weak references
04-19 22:22:05.226 I/SP      (20885): Scheduling: download registered, 0 started, 0 paused, 3 scheduled, 3 pending: manifests:next-word-predictor-20210507 * {m:b:u:l, bg}, manifests:emoji-2023020111 * {m:b:u:l, bg}, manifests:emoticon_content_description-2022081613 * {W:b:u:l, bg}
04-19 22:22:05.226 W/ActivityTaskManager(  590): Unable to send transaction to client proc com.impos2.mixcretailassemblyrn84: no app thread
04-19 22:22:05.228 I/SuperpacksManagerImpl(20885): SuperpacksManagerImpl$3$1.onFailure():588 emoticon_content_description.registerManifest() cancelled
04-19 22:22:05.228 I/SP      (20885): Registering emoticon_content_description.2022081613, url: https://www.gstatic.com/android/keyboard/emoticon_content_desc/202208161305/superpacks_manifest.json, constraints: W:*:*:*, flags: bg, requested: 2022081613, current: -1
04-19 22:22:05.228 I/SP      (20885): Registering emoticon_content_description.2022081613, url: https://www.gstatic.com/android/keyboard/emoticon_content_desc/202208161305/superpacks_manifest.json, constraints: W:*:*:*, flags: bg, requested: 2022081613, current: -1
04-19 22:22:05.232 D/SearchTargetUtil( 1099): query= size=0
04-19 22:22:05.238 I/SP      (20885): Scheduling job with delay of 0s for {m:b:u:l, bg}, 2 candidates
04-19 22:22:05.239 E/JobScheduler.JobStatus(  590): App com.google.android.inputmethod.latin became active but still in NEVER bucket
04-19 22:22:05.239 I/SP      (20885): Scheduling job with delay of 0s for {W:b:u:l, bg}, 1 candidates
04-19 22:22:05.240 E/JobScheduler.JobStatus(  590): App com.google.android.inputmethod.latin became active but still in NEVER bucket
04-19 22:22:05.247 I/SP      (20885): Scheduling: download registered, 0 started, 0 paused, 3 scheduled, 3 pending: manifests:next-word-predictor-20210507 * {m:b:u:l, bg}, manifests:emoji-2023020111 * {m:b:u:l, bg}, manifests:emoticon_content_description-2022081613 * {W:b:u:l, bg}
04-19 22:22:05.247 I/SuperpacksManagerImpl(20885): SuperpacksManagerImpl$3$1.onFailure():588 emoticon_content_description.registerManifest() cancelled
