04-19 22:19:15.313 D/TrafficStats( 8251): tagSocket(98) with statsTag=0xffffffff, statsUid=-1
04-19 22:19:15.336 W/unknown:BridgelessReact( 8251): ReactHost{0}.startSurface(surfaceId = 0): Schedule
04-19 22:19:15.336 W/unknown:BridgelessReact( 8251): ReactHost{0}.attachSurface(surfaceId = 0)
04-19 22:19:15.337 W/unknown:BridgelessReact( 8251): ReactHost{0}.getOrCreateReactInstanceTask()
04-19 22:19:15.337 W/unknown:BridgelessReact( 8251): ReactHost{0}.getOrCreateReactInstanceTask(): Start
04-19 22:19:15.337 W/unknown:BridgelessReact( 8251): ReactHost{0}.getJSBundleLoader()
04-19 22:19:15.338 W/unknown:BridgelessReact( 8251): ReactHost{0}.isMetroRunning()
04-19 22:19:15.341 D/TrafficStats( 8251): tagSocket(100) with statsTag=0xffffffff, statsUid=-1
04-19 22:19:15.345 W/unknown:BridgelessReact( 8251): ReactHost{0}.isMetroRunning(): Async result = true
04-19 22:19:15.346 W/unknown:BridgelessReact( 8251): ReactHost{0}.loadJSBundleFromMetro()
04-19 22:19:15.353 W/yrn84:secondary( 8251): Accessing hidden method Landroid/view/ViewGroup;->makeOptionalFitsSystemWindows()V (unsupported, reflection, allowed)
04-19 22:19:15.357 I/StartupAudit( 8251): activity_created activity=SecondaryActivity displayIndex=1 pid=8251 time=2026-04-19 22:19:15.355
04-19 22:19:15.364 W/unknown:BridgelessReact( 8251): ReactHost{0}.onHostResume(activity)
04-19 22:19:15.364 W/unknown:ReactNative( 8251): Packager connection already open, nooping.
04-19 22:19:15.368 W/HWUI    ( 8251): Unknown dataspace 0
04-19 22:19:15.380 W/WindowManager(  590): Failed looking up window session=null callers=com.android.server.wm.WindowManagerService.addWindow:1575 com.android.server.wm.Session.addToDisplayAsUser:257 android.view.IWindowSession$Stub.onTransact:640 
04-19 22:19:15.380 W/WindowManager(  590): Attempted to add window with token that is not a window: null.  Aborting.
04-19 22:19:15.381 E/unknown:ReactNative( 8251): Unable to display loading message because react activity isn't active, message: Loading from localhost:8081…
04-19 22:19:15.393 W/WindowManager(  590): Failed looking up window session=null callers=com.android.server.wm.WindowManagerService.addWindow:1575 com.android.server.wm.Session.addToDisplayAsUser:257 android.view.IWindowSession$Stub.onTransact:640 
04-19 22:19:15.393 W/WindowManager(  590): Attempted to add window with token that is not a window: null.  Aborting.
04-19 22:19:15.395 E/unknown:ReactNative( 8251): Unable to display loading message because react activity isn't active, message: Reloading...
04-19 22:19:15.400 D/CoreBackPreview(  590): Window{b43920a u0 com.impos2.mixcretailassemblyrn84/com.impos2.mixcretailassemblyrn84.SecondaryActivity}: Setting back callback OnBackInvokedCallbackInfo{mCallback=android.window.IOnBackInvokedCallback$Stub$Proxy@390c4d6, mPriority=0, mIsAnimationCallback=false}
04-19 22:19:15.406 I/EGL_emulation( 8251): Opening libGLESv1_CM_emulation.so
04-19 22:19:15.406 I/EGL_emulation( 8251): Opening libGLESv2_emulation.so
04-19 22:19:15.412 W/HWUI    ( 8251): Failed to choose config with EGL_SWAP_BEHAVIOR_PRESERVED, retrying without...
04-19 22:19:15.412 W/HWUI    ( 8251): Failed to initialize 101010-2 format, error = EGL_SUCCESS
04-19 22:19:15.419 I/hwservicemanager(  162): getTransport: Cannot find entry android.hardware.graphics.mapper@4.0::IMapper/default in either framework or device VINTF manifest.
04-19 22:19:15.419 I/Gralloc4( 8251): mapper 4.x is not supported
04-19 22:19:15.421 I/servicemanager(  157): Caller(pid=8251,uid=10212,sid=u:r:untrusted_app:s0:c212,c256,c512,c768) Could not find android.hardware.graphics.allocator.IAllocator/default in the VINTF manifest. No alternative instances declared in VINTF.
04-19 22:19:15.430 W/ziparchive(  590): Unable to open '/data/app/~~vM3jUZgBMEfwCGHKVO-Rdg==/com.impos2.mixcretailassemblyrn84-MMHwhy6mo1n558lbNH6NjQ==/base.dm': No such file or directory
04-19 22:19:15.431 I/ActivityTaskManager(  590): Displayed com.impos2.mixcretailassemblyrn84/.SecondaryActivity for user 0: +575ms
04-19 22:19:15.466 D/SecondaryActivity( 8251): Skipped RN onWindowFocusChanged before React context is ready: hasFocus=true
04-19 22:19:15.467 I/ImeTracker(  590): com.impos2.mixcretailassemblyrn84:8740c963: onRequestHide at ORIGIN_SERVER reason HIDE_UNSPECIFIED_WINDOW fromUser false
04-19 22:19:15.467 I/ImeTracker(  590): com.impos2.mixcretailassemblyrn84:8740c963: onCancelled at PHASE_SERVER_SHOULD_HIDE
04-19 22:19:15.468 W/InputManager-JNI(  590): Input channel object '599ca7 InputMethod (client)' was disposed without first being removed with the input manager!
04-19 22:19:15.468 I/GoogleInputMethodService(20885): GoogleInputMethodService.onDestroy():1509 
04-19 22:19:15.469 I/GoogleInputMethodService(20885): GoogleInputMethodService.onFinishInput():3157 
04-19 22:19:15.470 I/GoogleInputMethodService(20885): GoogleInputMethodService.updateDeviceLockedStatus():2248 repeatCheckTimes = 0, locked = false
04-19 22:19:15.471 W/WindowManager(  590): Failed looking up window session=Session{11d9fff 20885:u0a10158} callers=com.android.server.wm.WindowManagerService.removeClientToken:2058 com.android.server.wm.Session.remove:274 android.view.IWindowSession$Stub.onTransact:685 
04-19 22:19:15.473 I/GoogleInputMethodService(20885): GoogleInputMethodService.clearInputMethodServiceData():1613 clearInputMethodServiceData for onDestroy
04-19 22:19:15.473 I/GoogleInputMethodService(20885): GoogleInputMethodService.discardAllKeyboardViewAndInputView():1818 discardAllKeyboardViewAndInputView()
04-19 22:19:15.473 I/KeyboardModeManager(20885): KeyboardModeManager.setInputViewKeyboardViewHolderProvider():625 setInputView() : supportsOneHandedMode=false supportsSplitMode=true
04-19 22:19:15.473 I/NormalModeController(20885): NormalModeController.getKeyboardBodyViewHolderPaddingBottom():104 currentPrimeKeyboardType:SOFT systemPaddingBottom:-1
04-19 22:19:15.473 I/KeyboardModeManager(20885): KeyboardModeManager.setInputViewKeyboardViewHolderProvider():613 setInputView() : supportsOneHandedMode=false, supportSplitMode=true
04-19 22:19:15.473 I/InputMethodEntryManager(20885): InputMethodEntryManager.notifyCurrentInputMethodEntryOnContextChanged():521 notifyCurrentInputMethodEntryOnContextChanged()
04-19 22:19:15.473 I/InputMethodEntryManager(20885): InputMethodEntryManager.notifyCurrentInputMethodEntryOnContextChanged():542 Notify current input method entry changed on context change
04-19 22:19:15.473 I/SystemSubtypesReportModule(20885): SystemSubtypesReportModule$3.onCurrentInputMethodEntryChanged():136 entry: en-US, source: UNSPECIFIED
04-19 22:19:15.473 I/KeyboardThemeProvider(20885): KeyboardThemeProvider.reset():40 Reset keyboard theme
04-19 22:19:15.473 I/KeyboardContextProvider(20885): KeyboardContextProvider.setBaseContextAndInvalidKeyboardContextCache():88 setBaseContextAndInvalidKeyboardContextCache(): null
04-19 22:19:15.473 I/DeviceModeMonitor(20885): DeviceModeMonitor.calculateDeviceMode():76 Get device mode tablet_large by screen size and smallestScreenWidthDp: 723
04-19 22:19:15.474 I/SP      (20885): Registering emoticon_content_description.2022081613, url: https://www.gstatic.com/android/keyboard/emoticon_content_desc/202208161305/superpacks_manifest.json, constraints: W:*:*:*, flags: bg, requested: 2022081613, current: -1
04-19 22:19:15.474 I/HardKeyTracker(20885): HardKeyTracker.unregisterKeySequence():183 Unregister key sequence lnk{labelResId=2132019809, callback=jjt@1da0847, lastModifier=2, keyCodes=[47], actions=[0]}
04-19 22:19:15.474 I/HardKeyTracker(20885): HardKeyTracker.unregisterKeySequence():183 Unregister key sequence lnk{labelResId=0, callback=jwl@a054a99, lastModifier=0, keyCodes=[204], actions=[0]}
04-19 22:19:15.474 W/AccessPointsManager(20885): AccessPointsManager.removeAccessPoint():834 The holder controller #0x7f0b2078 is not registered
04-19 22:19:15.474 I/AccessPointsListHolderController(20885): AccessPointsListHolderController.removeAccessPoint():304 The access point textediting is not added
04-19 22:19:15.474 I/AccessPointsListHolderController(20885): AccessPointsListHolderController.removeAccessPoint():304 The access point settings is not added
04-19 22:19:15.474 I/AccessPointsListHolderController(20885): AccessPointsListHolderController.removeAccessPoint():304 The access point theme_setting is not added
04-19 22:19:15.475 I/OnDevicePackDownloadModule(20885): OnDevicePackDownloadModule.onDestroy():95 onDestroy()
04-19 22:19:15.475 I/NewS3RecognizerModule(20885): NewS3RecognizerModule.onDestroy():21 onDestroy [news3]
04-19 22:19:15.475 I/HardKeyTracker(20885): HardKeyTracker.unregisterKeySequence():183 Unregister key sequence lnk{labelResId=2132019800, callback=gnd@e2516d8, lastModifier=0, keyCodes=[57, 57], actions=[1, 0]}
04-19 22:19:15.476 I/HardKeyTracker(20885): HardKeyTracker.unregisterKeySequence():183 Unregister key sequence lnk{labelResId=0, callback=gnd@b7bee97, lastModifier=0, keyCodes=[58, 58], actions=[1, 0]}
04-19 22:19:15.476 I/AbstractOpenableExtension(20885): AbstractOpenableExtension.maybeDestroyExistingKeyboardGroupManager():538 Destroy existing keyboard group manager in fvq
04-19 22:19:15.480 I/EmojifyExtensionImpl(20885): EmojifyExtensionImpl.onDestroy():605 Destroying Emojify extension ehb@bead3a6.
04-19 22:19:15.480 I/AbstractOpenableExtension(20885): AbstractOpenableExtension.maybeDestroyExistingKeyboardGroupManager():538 Destroy existing keyboard group manager in fxu
04-19 22:19:15.481 W/WindowTokenClientController(20885): Can't find attached WindowTokenClient for android.window.WindowTokenClient@8d5169e
04-19 22:19:15.482 I/JapaneseMozcExtension(20885): JapaneseMozcExtension.onDestroyServiceInternal():81 onDestroyServiceInternal()
04-19 22:19:15.485 D/WindowTokenClient(20885): Only apply configuration update to Resources because shouldReportConfigChange is false. context=com.android.inputmethod.latin.LatinIME@9398e4e, config={1.3 ?mcc0mnc [en_US] ldltr sw723dp w1157dp h723dp 354dpi xlrg land finger qwerty/v/v dpad/v winConfig={ mBounds=Rect(0, 0 - 2560, 1600) mAppBounds=Rect(0, 0 - 2560, 1600) mMaxBounds=Rect(0, 0 - 2560, 1600) mDisplayRotation=ROTATION_0 mWindowingMode=fullscreen mActivityType=undefined mAlwaysOnTop=undefined mRotation=ROTATION_0} s.8 fontWeightAdjustment=0}, display ID=0
04-19 22:19:15.485 D/WindowTokenClient(20885): android.window.WindowTokenClient.onConfigurationChanged:161 android.window.WindowTokenClientController.onWindowContextTokenAttached:197 android.window.WindowTokenClientController.attachToDisplayArea:116 android.window.WindowContextController.attachToDisplayArea:108 android.window.WindowProviderService.attachBaseContext:218 
04-19 22:19:15.485 I/GoogleInputMethodService(20885): GoogleInputMethodService.onCreate():1025 
04-19 22:19:15.488 I/WindowMetricsNotification(20885): WindowMetricsNotification.notify():106 WindowMetricsNotification{bounds=Rect(0, 53 - 2560, 1600), insets=Rect(0, 0 - 0, 0), densityDpi=354, smallestScreenWidthDp=723, displayWidth=2560, displayHeight=1600, xdpi=320.0, ydpi=320.0}; DisplayMetrics{density=2.2125, width=2560, height=1600, scaledDensity=2.2125, xdpi=320.0, ydpi=320.0}
04-19 22:19:15.488 I/WindowMetricsHelper(20885): WindowMetricsHelper.predictAndNotify():140 Window metrics predicted.
04-19 22:19:15.488 I/InputMethodEntryManager(20885): InputMethodEntryManager.notifyCurrentInputMethodEntryOnContextChanged():521 notifyCurrentInputMethodEntryOnContextChanged()
04-19 22:19:15.488 I/InputMethodEntryManager(20885): InputMethodEntryManager.notifyCurrentInputMethodEntryOnContextChanged():542 Notify current input method entry changed on context change
04-19 22:19:15.488 I/KeyboardContextProvider(20885): KeyboardContextProvider.setBaseContextAndInvalidKeyboardContextCache():88 setBaseContextAndInvalidKeyboardContextCache(): com.android.inputmethod.latin.LatinIME@9398e4e
04-19 22:19:15.489 E/GoogleInputMethodService(20885): GoogleInputMethodService.getAppEditorInfo():2810 App EditorInfo should never be null.
04-19 22:19:15.489 I/StyledKeyboardThemeBuilder(20885): StyledKeyboardThemeBuilder.build():132 Pref: [], themeName: [silk:], darkMode: [false], cacheKey: [overlay_builtin_dynamic_color_light_base.binarypb:dynamic-gm3-light-fffefbff-ff495d92-88aedfe362701b9d56ce578190f21130]
04-19 22:19:15.489 I/KeyboardThemeProvider(20885): KeyboardThemeProvider.applyKeyboardTheme():27 Apply keyboard theme: theme_border_stylesheet_noshadow_pgsans_pillkey_silkpopup_light_tablet_large_keyboard_width_tablet_small_navredesign_600_overlay_builtin_dynamic_color_light_base.binarypb:dynamic-gm3-light-fffefbff-ff495d92-88aedfe362701b9d56ce578190f21130_land
04-19 22:19:15.489 I/KeyboardContextProvider(20885): KeyboardContextProvider$KeyboardContextCache.createKeyboardContext():173 createKeyboardContext(): en-US, jgg@54e4bae(com.android.inputmethod.latin.LatinIME@9398e4e), {1.3 ?mcc0mnc [en_US] ldltr sw723dp w1157dp h723dp 354dpi xlrg land finger qwerty/v/v dpad/v winConfig={ mBounds=Rect(0, 0 - 2560, 1600) mAppBounds=Rect(0, 0 - 2560, 1600) mMaxBounds=Rect(0, 0 - 2560, 1600) mDisplayRotation=ROTATION_0 mWindowingMode=fullscreen mActivityType=undefined mAlwaysOnTop=undefined mRotation=ROTATION_0} s.8 fontWeightAdjustment=0}
04-19 22:19:15.490 I/KeyboardHeightUtil(20885): KeyboardHeightUtil.calculateMaxKeyboardBodyHeight():45 leave 237 height for app when ime window height:1547, header height:106 and isFullscreenMode:false, so the max keyboard body height is:1204
04-19 22:19:15.490 I/KeyboardHeightUtil(20885): KeyboardHeightUtil.calculateMaxKeyboardBodyHeight():45 leave 237 height for app when ime window height:1547, header height:106 and isFullscreenMode:false, so the max keyboard body height is:1204
04-19 22:19:15.490 I/NormalModeController(20885): NormalModeController.getKeyboardBodyViewHolderPaddingBottom():104 currentPrimeKeyboardType:SOFT systemPaddingBottom:-1
04-19 22:19:15.490 I/GoogleInputMethodService(20885): GoogleInputMethodService.onCurrentInputMethodEntryChanged():3655 onCurrentInputMethodEntryChanged(): imeDefsChanged=false, initializedEntryChanged=true, keyboardContextChanged=true
04-19 22:19:15.490 I/GoogleInputMethodService(20885): GoogleInputMethodService.clearInputMethodServiceData():1613 clearInputMethodServiceData for entryChange
04-19 22:19:15.490 I/KeyboardHeightUtil(20885): KeyboardHeightUtil.calculateMaxKeyboardBodyHeight():45 leave 237 height for app when ime window height:1547, header height:106 and isFullscreenMode:false, so the max keyboard body height is:1204
04-19 22:19:15.490 I/KeyboardHeightUtil(20885): KeyboardHeightUtil.calculateMaxKeyboardBodyHeight():45 leave 237 height for app when ime window height:1547, header height:106 and isFullscreenMode:false, so the max keyboard body height is:1204
04-19 22:19:15.490 I/KeyboardModeManager(20885): KeyboardModeManager.onCurrentInputMethodEntryChanged():1133 Reload data for context change
04-19 22:19:15.490 I/GoogleInputMethodService(20885): GoogleInputMethodService.initializeInputMethodServiceData():1382 initializeInputMethodServiceData for kct{languageTag=en-US, variant=qwerty, hasLocalizedResources=true, conditionCacheKey=_cache_additional_ime_defs_for_condition_change=false_cache_ime_defs_for_condition_change=false_device=tablet_device_size=large_enable_flick_symbols=false_enable_more_candidates_view_for_multilingual=false_enable_number_row=false_enable_preemptive_decode=true_enable_secondary_digits=true_enable_secondary_symbols=false_enable_show_foldable_layout_on_small_tablet=false_expressions=normal_four_or_more_letter_rows=false_keyboard_mode=normal_language=en-US_orientation=landscape_physical_keyboard=qwerty_rtl_layout=false_show_secondary_digits=true_show_suggestions=true_split_with_duplicate_keys=true_variant=qwerty, imeDef.stringId=ime_english_united_states, imeDef.className=com.google.android.apps.inputmethod.libs.latin5.LatinIme, imeDef.languageTag=en-US}
04-19 22:19:15.490 E/GoogleInputMethodService(20885): GoogleInputMethodService.getAppEditorInfo():2810 App EditorInfo should never be null.
04-19 22:19:15.490 I/StyledKeyboardThemeBuilder(20885): StyledKeyboardThemeBuilder.build():132 Pref: [], themeName: [silk:], darkMode: [false], cacheKey: [overlay_builtin_dynamic_color_light_base.binarypb:dynamic-gm3-light-fffefbff-ff495d92-88aedfe362701b9d56ce578190f21130]
04-19 22:19:15.490 I/KeyboardThemeProvider(20885): KeyboardThemeProvider.applyKeyboardTheme():27 Apply keyboard theme: theme_border_stylesheet_noshadow_pgsans_pillkey_silkpopup_light_tablet_large_keyboard_width_tablet_extra_large_navredesign_600_overlay_builtin_dynamic_color_light_base.binarypb:dynamic-gm3-light-fffefbff-ff495d92-88aedfe362701b9d56ce578190f21130_land
04-19 22:19:15.491 I/AndroidIME(20885): InputBundleManager.loadActiveInputBundleId():450 loadActiveInputBundleId: und-Latn-x-password, password
04-19 22:19:15.492 I/SystemSubtypesReportModule(20885): SystemSubtypesReportModule$4.onSetCurrentInputMethodSubtype():160 en_US
04-19 22:19:15.492 I/DeviceModeMonitor(20885): DeviceModeMonitor.calculateDeviceMode():76 Get device mode tablet_large by screen size and smallestScreenWidthDp: 723
04-19 22:19:15.493 I/HardKeyTracker(20885): HardKeyTracker.registerKeySequence():139 Register key sequence lnk{labelResId=2132019809, callback=jjt@b150a41, lastModifier=2, keyCodes=[47], actions=[0]}
04-19 22:19:15.497 I/HardKeyTracker(20885): HardKeyTracker.registerKeySequence():139 Register key sequence lnk{labelResId=0, callback=jwl@2dea940, lastModifier=0, keyCodes=[204], actions=[0]}
04-19 22:19:15.497 I/NetworkInfoNotification(20885): NetworkInfoNotification$Listener.onReceive():112 onNetworkLost: networkState = NO_CONNECTION, isAirplaneModeOn = false
04-19 22:19:15.498 I/NewS3RecognizerModule(20885): NewS3RecognizerModule.onCreate():14 onCreate [news3]
04-19 22:19:15.498 I/EmojifyExtensionImpl(20885): EmojifyExtensionImpl.onCreate():599 Creating Emojify extension ehb@19271e8.
04-19 22:19:15.498 I/AbstractOpenableExtension(20885): AbstractOpenableExtension.createKeyboardGroupManagerListenableFuture():120 Create keyboard group manager listenable future in fxu
04-19 22:19:15.499 I/KeyboardGroupDefParser(20885): KeyboardGroupDefParser.parseKeyboardGroupDef():83 parseKeyboardGroupDef() 2132214040 -> 0_resource_name_obfuscated : WaitTime = 0 ms : RunTime = 0 ms
04-19 22:19:15.499 I/SP      (20885): Scheduling job with delay of 0s for {m:b:u:l, bg}, 2 candidates
04-19 22:19:15.500 I/AbstractOpenableExtension(20885): AbstractOpenableExtension$3.onSuccess():552 KeyboardGroupManager destroyed in fvq.
04-19 22:19:15.500 I/AbstractOpenableExtension(20885): AbstractOpenableExtension$3.onSuccess():552 KeyboardGroupManager destroyed in fxu.
04-19 22:19:15.501 I/NetworkInfoNotification(20885): NetworkInfoNotification$Listener.onReceive():112 onNetworkLost: networkState = NO_CONNECTION, isAirplaneModeOn = false
04-19 22:19:15.501 I/AccessPointsListHolderController(20885): AccessPointsListHolderController.removeAccessPoint():304 The access point one_handed is not added
04-19 22:19:15.501 I/AccessPointsListHolderController(20885): AccessPointsListHolderController.removeAccessPoint():304 The access point textediting is not added
04-19 22:19:15.501 I/AccessPointsListHolderController(20885): AccessPointsListHolderController.removeAccessPoint():304 The access point settings is not added
04-19 22:19:15.501 I/AccessPointsListHolderController(20885): AccessPointsListHolderController.removeAccessPoint():304 The access point theme_setting is not added
04-19 22:19:15.501 I/ClipboardDataHandler(20885): ClipboardDataHandler.updateScreenshotsContentObserver():268 Disable the feature of handling screenshots in the clipboard.
04-19 22:19:15.502 I/AbstractOpenableExtension(20885): AbstractOpenableExtension.createKeyboardGroupManagerListenableFuture():120 Create keyboard group manager listenable future in fvq
04-19 22:19:15.502 I/KeyboardGroupDefParser(20885): KeyboardGroupDefParser.parseKeyboardGroupDef():83 parseKeyboardGroupDef() 2132214033 -> 0_resource_name_obfuscated : WaitTime = 0 ms : RunTime = 0 ms
04-19 22:19:15.502 D/InputMethodManagerService(  590): Initializing Handwriting Spy
04-19 22:19:15.502 W/InputManager-JNI(  590): Input channel object 'stylus-handwriting-event-receiver-0 (client)' was disposed without first being removed with the input manager!
04-19 22:19:15.502 I/KeyboardGroupDefParser(20885): KeyboardGroupDefParser.parseKeyboardGroupDef():83 parseKeyboardGroupDef() 2132214034 -> 0_resource_name_obfuscated : WaitTime = 1 ms : RunTime = 0 ms
04-19 22:19:15.502 I/JapaneseMozcExtension(20885): JapaneseMozcExtension.onCreateServiceInternal():76 onCreateServiceInternal()
04-19 22:19:15.503 I/OnDevicePackDownloadModule(20885): OnDevicePackDownloadModule.onCreate():60 onCreate()
04-19 22:19:15.504 E/JobScheduler.JobStatus(  590): App com.google.android.inputmethod.latin became active but still in NEVER bucket
04-19 22:19:15.505 I/NetworkInfoNotification(20885): NetworkInfoNotification$Listener.onReceive():112 onNetworkLost: networkState = NO_CONNECTION, isAirplaneModeOn = false
04-19 22:19:15.505 I/NetworkInfoNotification(20885): NetworkInfoNotification$Listener.onReceive():112 onNetworkLost: networkState = NO_CONNECTION, isAirplaneModeOn = false
04-19 22:19:15.506 I/KeyboardGroupDefParser(20885): KeyboardGroupDefParser.parseKeyboardGroupDef():83 parseKeyboardGroupDef() 2132214028 -> 0_resource_name_obfuscated : WaitTime = 1 ms : RunTime = 0 ms
04-19 22:19:15.506 I/GoogleInputMethodService(20885): GoogleInputMethodService$GoogleInputMethodImpl.attachToken():4209 
04-19 22:19:15.508 E/JobScheduler.JobStatus(  590): App com.google.android.inputmethod.latin became active but still in NEVER bucket
04-19 22:19:15.508 I/SP      (20885): Scheduling job with delay of 0s for {W:b:u:l, bg}, 1 candidates
04-19 22:19:15.508 I/NetworkInfoNotification(20885): NetworkInfoNotification$Listener.onReceive():112 onNetworkLost: networkState = NO_CONNECTION, isAirplaneModeOn = false
04-19 22:19:15.509 I/Environment(20885): Environment.isPackageInstalled():234 com.bitstrips.imoji is not installed
04-19 22:19:15.509 W/BestClock(  590): java.time.DateTimeException: Missing network time fix
04-19 22:19:15.509 W/BestClock(  590): java.time.DateTimeException: Missing network time fix
04-19 22:19:15.509 W/BestClock(  590): java.time.DateTimeException: Missing network time fix
04-19 22:19:15.509 W/BestClock(  590): java.time.DateTimeException: Missing network time fix
04-19 22:19:15.510 I/SystemSubtypesReportModule(20885): SystemSubtypesReportModule$3.onCurrentInputMethodEntryChanged():136 entry: en-US, source: UNSPECIFIED
04-19 22:19:15.510 I/SystemSubtypesReportModule(20885): SystemSubtypesReportModule.switchToSubtypeByEntry():205 en-US
04-19 22:19:15.510 D/WindowTokenClient(20885): Configuration not dispatch to IME because configuration is up to date. Current config={1.3 ?mcc0mnc [en_US] ldltr sw723dp w1157dp h723dp 354dpi xlrg land finger qwerty/v/v dpad/v winConfig={ mBounds=Rect(0, 0 - 2560, 1600) mAppBounds=Rect(0, 0 - 2560, 1600) mMaxBounds=Rect(0, 0 - 2560, 1600) mDisplayRotation=ROTATION_0 mWindowingMode=fullscreen mActivityType=undefined mAlwaysOnTop=undefined mRotation=ROTATION_0} s.8 fontWeightAdjustment=0}, reported config={1.3 ?mcc0mnc [en_US] ldltr sw723dp w1157dp h723dp 354dpi xlrg land finger qwerty/v/v dpad/v winConfig={ mBounds=Rect(0, 0 - 2560, 1600) mAppBounds=Rect(0, 0 - 2560, 1600) mMaxBounds=Rect(0, 0 - 2560, 1600) mDisplayRotation=ROTATION_0 mWindowingMode=fullscreen mActivityType=undefined mAlwaysOnTop=undefined mRotation=ROTATION_0} s.8 fontWeightAdjustment=0}, updated config={1.3 ?mcc0mnc [en_US] ldltr sw723dp w1157dp h723dp 354dpi xlrg land finger qwerty/v/v dpad/v winConfig={ mBounds=Rect(0, 0 - 2560, 1600) mAppBounds=Rect(0, 0 - 2560, 1600) mMaxBounds=Rect(0, 0 - 2560, 1600) mDisplayRotation=ROTATION_0 mWindowingMode=fullscreen mActivityType=undefined mAlwaysOnTop=undefined mRotation=ROTATION_0} s.8 fontWeightAdjustment=0}, updated display ID=0
04-19 22:19:15.510 D/WindowTokenClient(20885): Configuration not dispatch to IME because configuration is up to date. Current config={1.3 ?mcc0mnc [en_US] ldltr sw723dp w1157dp h723dp 354dpi xlrg land finger qwerty/v/v dpad/v winConfig={ mBounds=Rect(0, 0 - 2560, 1600) mAppBounds=Rect(0, 0 - 2560, 1600) mMaxBounds=Rect(0, 0 - 2560, 1600) mDisplayRotation=ROTATION_0 mWindowingMode=fullscreen mActivityType=undefined mAlwaysOnTop=undefined mRotation=ROTATION_0} s.8 fontWeightAdjustment=0}, reported config={1.3 ?mcc0mnc [en_US] ldltr sw723dp w1157dp h723dp 354dpi xlrg land finger qwerty/v/v dpad/v winConfig={ mBounds=Rect(0, 0 - 2560, 1600) mAppBounds=Rect(0, 0 - 2560, 1600) mMaxBounds=Rect(0, 0 - 2560, 1600) mDisplayRotation=ROTATION_0 mWindowingMode=fullscreen mActivityType=undefined mAlwaysOnTop=undefined mRotation=ROTATION_0} s.8 fontWeightAdjustment=0}, updated config={1.3 ?mcc0mnc [en_US] ldltr sw723dp w1157dp h723dp 354dpi xlrg land finger qwerty/v/v dpad/v winConfig={ mBounds=Rect(0, 0 - 2560, 1600) mAppBounds=Rect(0, 0 - 2560, 1600) mMaxBounds=Rect(0, 0 - 2560, 1600) mDisplayRotation=ROTATION_0 mWindowingMode=fullscreen mActivityType=undefined mAlwaysOnTop=undefined mRotation=ROTATION_0} s.8 fontWeightAdjustment=0}, updated display ID=0
04-19 22:19:15.511 W/AndroidCreativeStickerFetcherFactory(20885): AndroidCreativeStickerFetcherFactory.createFetcher():19 Empty host or api key
04-19 22:19:15.514 W/BestClock(  590): java.time.DateTimeException: Missing network time fix
04-19 22:19:15.517 E/JobScheduler.JobStatus(  590): App com.google.android.inputmethod.latin became active but still in NEVER bucket
04-19 22:19:15.518 I/GoogleInputMethodService(20885): GoogleInputMethodService.onStartInput():1986 onStartInput(EditorInfo{EditorInfo{packageName=com.impos2.mixcretailassemblyrn84, inputType=0, inputTypeString=NULL, enableLearning=false, autoCorrection=false, autoComplete=false, imeOptions=0, privateImeOptions=null, actionName=UNSPECIFIED, actionLabel=null, initialSelStart=-1, initialSelEnd=-1, initialCapsMode=0, label=null, fieldId=0, fieldName=null, extras=null, hintText=null, hintLocales=[]}}, false)
04-19 22:19:15.519 W/BestClock(  590): java.time.DateTimeException: Missing network time fix
04-19 22:19:15.519 W/BestClock(  590): java.time.DateTimeException: Missing network time fix
04-19 22:19:15.519 I/GoogleInputMethodService(20885): GoogleInputMethodService.updateDeviceLockedStatus():2248 repeatCheckTimes = 1, locked = false
04-19 22:19:15.519 W/BestClock(  590): java.time.DateTimeException: Missing network time fix
04-19 22:19:15.519 W/BestClock(  590): java.time.DateTimeException: Missing network time fix
04-19 22:19:15.519 I/AndroidIME(20885): InputBundleManager.loadActiveInputBundleId():450 loadActiveInputBundleId: und-Latn-x-password, password
04-19 22:19:15.519 I/HardKeyTracker(20885): HardKeyTracker.registerKeySequence():139 Register key sequence lnk{labelResId=2132019800, callback=gnd@a3bf438, lastModifier=0, keyCodes=[57, 57], actions=[1, 0]}
04-19 22:19:15.519 I/HardKeyTracker(20885): HardKeyTracker.registerKeySequence():139 Register key sequence lnk{labelResId=0, callback=gnd@a18f377, lastModifier=0, keyCodes=[58, 58], actions=[1, 0]}
04-19 22:19:15.519 W/PackageConfigPersister(  590): App-specific configuration not found for packageName: com.impos2.mixcretailassemblyrn84 and userId: 0
04-19 22:19:15.520 E/JobScheduler.JobStatus(  590): App com.google.android.inputmethod.latin became active but still in NEVER bucket
04-19 22:19:15.520 I/SP      (20885): Scheduling: download registered, 0 started, 0 paused, 3 scheduled, 3 pending: manifests:next-word-predictor-20210507 * {m:b:u:l, bg}, manifests:emoji-2023020111 * {m:b:u:l, bg}, manifests:emoticon_content_description-2022081613 * {W:b:u:l, bg}
04-19 22:19:15.521 I/SuperpacksManagerImpl(20885): SuperpacksManagerImpl$3$1.onFailure():588 emoticon_content_description.registerManifest() cancelled
04-19 22:19:15.521 I/SP      (20885): Registering emoticon_content_description.2022081613, url: https://www.gstatic.com/android/keyboard/emoticon_content_desc/202208161305/superpacks_manifest.json, constraints: W:*:*:*, flags: bg, requested: 2022081613, current: -1
04-19 22:19:15.521 I/SP      (20885): Registering emoticon_content_description.2022081613, url: https://www.gstatic.com/android/keyboard/emoticon_content_desc/202208161305/superpacks_manifest.json, constraints: W:*:*:*, flags: bg, requested: 2022081613, current: -1
04-19 22:19:15.528 I/SP      (20885): Scheduling job with delay of 0s for {m:b:u:l, bg}, 2 candidates
04-19 22:19:15.529 E/JobScheduler.JobStatus(  590): App com.google.android.inputmethod.latin became active but still in NEVER bucket
04-19 22:19:15.529 I/SP      (20885): Scheduling job with delay of 0s for {W:b:u:l, bg}, 1 candidates
04-19 22:19:15.529 E/JobScheduler.JobStatus(  590): App com.google.android.inputmethod.latin became active but still in NEVER bucket
04-19 22:19:15.529 I/SP      (20885): Scheduling: download registered, 0 started, 0 paused, 3 scheduled, 3 pending: manifests:next-word-predictor-20210507 * {m:b:u:l, bg}, manifests:emoji-2023020111 * {m:b:u:l, bg}, manifests:emoticon_content_description-2022081613 * {W:b:u:l, bg}
04-19 22:19:15.530 I/SuperpacksManagerImpl(20885): SuperpacksManagerImpl$3$1.onFailure():588 emoticon_content_description.registerManifest() cancelled
04-19 22:19:15.530 I/SuperpacksManagerImpl(20885): SuperpacksManagerImpl$3$1.onFailure():588 emoticon_content_description.registerManifest() cancelled
04-19 22:19:15.606 I/yrn84:secondary( 8251): Compiler allocated 4206KB to compile void android.widget.TextView.<init>(android.content.Context, android.util.AttributeSet, int, int)
04-19 22:19:15.668 I/yrn84:secondary( 8251): Compiler allocated 5250KB to compile void android.view.ViewRootImpl.performTraversals()
04-19 22:19:15.715 W/WindowOnBackDispatcher(  836): sendCancelIfRunning: isInProgress=false callback=android.view.ViewRootImpl$$ExternalSyntheticLambda11@9d0fd49
04-19 22:19:15.715 W/InputManager-JNI(  590): Input channel object 'cc5e611 Splash Screen com.impos2.mixcretailassemblyrn84 (client)' was disposed without first being removed with the input manager!
04-19 22:19:15.715 D/CoreBackPreview(  590): Window{cc5e611 u0 Splash Screen com.impos2.mixcretailassemblyrn84 EXITING}: Setting back callback null
04-19 22:19:15.723 W/unknown:BridgelessReact( 8251): ReactHost{0}.loadJSBundleFromMetro(): Creating BundleLoader
04-19 22:19:15.724 W/unknown:BridgelessReact( 8251): ReactHost{0}.getOrCreateReactInstanceTask(): Creating BridgelessReactContext
04-19 22:19:15.725 W/unknown:BridgelessReact( 8251): ReactHost{0}.getOrCreateReactInstanceTask(): Creating ReactInstance
04-19 22:19:15.738 D/TrafficStats( 8251): tagSocket(126) with statsTag=0xffffffff, statsUid=-1
04-19 22:19:15.765 W/FrameTracker(  836): Missed SF frame:PREDICTION_ERROR, 159121416, 6342498, CUJ=J<SPLASHSCREEN_EXIT_ANIM>
04-19 22:19:15.765 W/FrameTracker(  836): Missed SF frame:PREDICTION_ERROR, 159121452, 6094749, CUJ=J<SPLASHSCREEN_EXIT_ANIM>
04-19 22:19:15.765 W/FrameTracker(  836): Missed SF frame:PREDICTION_ERROR, 159121488, 12832041, CUJ=J<SPLASHSCREEN_EXIT_ANIM>
04-19 22:19:15.765 W/FrameTracker(  836): Missed SF frame:PREDICTION_ERROR, 159121561, 5543210, CUJ=J<SPLASHSCREEN_EXIT_ANIM>
04-19 22:19:15.765 W/FrameTracker(  836): Missed SF frame:PREDICTION_ERROR, 159121700, 5097089, CUJ=J<SPLASHSCREEN_EXIT_ANIM>
04-19 22:19:15.765 W/FrameTracker(  836): Missed SF frame:PREDICTION_ERROR, 159121715, 5594423, CUJ=J<SPLASHSCREEN_EXIT_ANIM>
04-19 22:19:15.765 W/FrameTracker(  836): Missed SF frame:PREDICTION_ERROR, 159121730, 5607757, CUJ=J<SPLASHSCREEN_EXIT_ANIM>
04-19 22:19:15.765 W/FrameTracker(  836): Missed SF frame:PREDICTION_ERROR, 159121760, 0, CUJ=J<SPLASHSCREEN_EXIT_ANIM>
04-19 22:19:15.765 W/FrameTracker(  836): Missing HWUI jank callback for vsyncId: 159121760, CUJ=J<SPLASHSCREEN_EXIT_ANIM>
04-19 22:19:15.766 V/PerfettoTrigger(  836): Not triggering com.android.telemetry.interaction-jank-monitor-39 - not enough time since last trigger
04-19 22:19:15.777 W/unknown:BridgelessReact( 8251): ReactHost{0}.getOrCreateReactInstanceTask(): Loading JS Bundle
04-19 22:19:15.809 W/unknown:BridgelessReact( 8251): ReactHost{0}.getOrCreateReactInstanceTask(): DevSupportManager.onNewReactContextCreated()
04-19 22:19:15.812 W/unknown:BridgelessReact( 8251): ReactHost{0}.startSurface(surfaceId = 0): Execute
04-19 22:19:15.813 W/unknown:ReactNative( 8251): Packager connection already open, nooping.
04-19 22:19:15.813 W/unknown:BridgelessReact( 8251): ReactHost{0}.ReactContext.onHostResume()
04-19 22:19:15.813 W/unknown:BridgelessReact( 8251): ReactHost{0}.getOrCreateReactInstanceTask(): Executing ReactInstanceEventListeners
04-19 22:19:15.923 I/WebViewFactory( 8251): Loading com.google.android.webview version 124.0.6367.219 (code 636771932)
04-19 22:19:15.927 V/ResourcesManager( 8251): The following library key has been added: ResourcesKey{ mHash=c8c12262 mResDir=null mSplitDirs=[] mOverlayDirs=[/product/overlay/NavigationBarModeGestural/NavigationBarModeGesturalOverlay.apk,/data/resource-cache/com.android.systemui-neutral-vw0M.frro,/data/resource-cache/com.android.systemui-accent-rQ5e.frro,/data/resource-cache/com.android.systemui-dynamic-RCbR.frro] mLibDirs=[/data/app/~~j4BrjP0JsvTGmjdLkkfrgg==/com.google.android.webview-lp5hhYzxsBeFuV03zuxwaw==/WebViewGoogle.apk,/data/app/~~JXob4Tig8lkoK6grnIoRDQ==/com.google.android.trichromelibrary_636771932-v7-OhOMBuMGJ9HOdFxznSA==/TrichromeLibrary.apk,/system_ext/framework/androidx.window.extensions.jar] mDisplayId=0 mOverrideConfig=v35 mCompatInfo={320dpi always-compat} mLoaders=[]}
04-19 22:19:15.929 W/ziparchive( 8251): Unable to open '/data/app/~~JXob4Tig8lkoK6grnIoRDQ==/com.google.android.trichromelibrary_636771932-v7-OhOMBuMGJ9HOdFxznSA==/TrichromeLibrary.dm': No such file or directory
04-19 22:19:15.929 W/ziparchive( 8251): Unable to open '/data/app/~~JXob4Tig8lkoK6grnIoRDQ==/com.google.android.trichromelibrary_636771932-v7-OhOMBuMGJ9HOdFxznSA==/TrichromeLibrary.dm': No such file or directory
04-19 22:19:15.929 W/yrn84:secondary( 8251): Entry not found
04-19 22:19:15.930 D/nativeloader( 8251): Configuring clns-8 for other apk /data/app/~~JXob4Tig8lkoK6grnIoRDQ==/com.google.android.trichromelibrary_636771932-v7-OhOMBuMGJ9HOdFxznSA==/TrichromeLibrary.apk. target_sdk_version=34, uses_libraries=ALL, library_path=/data/app/~~j4BrjP0JsvTGmjdLkkfrgg==/com.google.android.webview-lp5hhYzxsBeFuV03zuxwaw==/lib/arm64:/data/app/~~j4BrjP0JsvTGmjdLkkfrgg==/com.google.android.webview-lp5hhYzxsBeFuV03zuxwaw==/WebViewGoogle.apk!/lib/arm64-v8a:/data/app/~~JXob4Tig8lkoK6grnIoRDQ==/com.google.android.trichromelibrary_636771932-v7-OhOMBuMGJ9HOdFxznSA==/TrichromeLibrary.apk!/lib/arm64-v8a, permitted_path=/data:/mnt/expand
04-19 22:19:15.930 D/ApplicationLoaders( 8251): Returning zygote-cached class loader: /system_ext/framework/androidx.window.extensions.jar
04-19 22:19:15.933 D/nativeloader( 8251): Configuring clns-9 for other apk /data/app/~~j4BrjP0JsvTGmjdLkkfrgg==/com.google.android.webview-lp5hhYzxsBeFuV03zuxwaw==/WebViewGoogle.apk. target_sdk_version=34, uses_libraries=, library_path=/data/app/~~j4BrjP0JsvTGmjdLkkfrgg==/com.google.android.webview-lp5hhYzxsBeFuV03zuxwaw==/lib/arm64:/data/app/~~j4BrjP0JsvTGmjdLkkfrgg==/com.google.android.webview-lp5hhYzxsBeFuV03zuxwaw==/WebViewGoogle.apk!/lib/arm64-v8a:/data/app/~~JXob4Tig8lkoK6grnIoRDQ==/com.google.android.trichromelibrary_636771932-v7-OhOMBuMGJ9HOdFxznSA==/TrichromeLibrary.apk!/lib/arm64-v8a, permitted_path=/data:/mnt/expand
04-19 22:19:15.933 I/AppsFilter(  590): interaction: PackageSetting{c727839 com.impos2.mixcretailassemblyrn84/10212} -> PackageSetting{2c3e051 com.android.cts.priv.ctsshim/10197} BLOCKED
04-19 22:19:15.933 I/AppsFilter(  590): interaction: PackageSetting{c727839 com.impos2.mixcretailassemblyrn84/10212} -> PackageSetting{b6560b6 com.google.android.youtube/10169} BLOCKED
04-19 22:19:15.933 I/AppsFilter(  590): interaction: PackageSetting{c727839 com.impos2.mixcretailassemblyrn84/10212} -> PackageSetting{65d1b7 com.android.internal.display.cutout.emulation.corner/10003} BLOCKED
04-19 22:19:15.933 I/AppsFilter(  590): interaction: PackageSetting{c727839 com.impos2.mixcretailassemblyrn84/10212} -> PackageSetting{bca3d24 com.google.android.apps.mediashell/10124} BLOCKED
04-19 22:19:15.933 I/AppsFilter(  590): interaction: PackageSetting{c727839 com.impos2.mixcretailassemblyrn84/10212} -> PackageSetting{c8aede0 com.impos2.posadapter/10229} BLOCKED
04-19 22:19:15.933 I/AppsFilter(  590): interaction: PackageSetting{c727839 com.impos2.mixcretailassemblyrn84/10212} -> PackageSetting{195308d com.android.internal.display.cutout.emulation.double/10004} BLOCKED
04-19 22:19:15.933 I/AppsFilter(  590): interaction: PackageSetting{c727839 com.impos2.mixcretailassemblyrn84/10212} -> PackageSetting{b5ed242 com.google.android.carrierlocation/10119} BLOCKED
04-19 22:19:15.933 I/AppsFilter(  590): interaction: PackageSetting{c727839 com.impos2.mixcretailassemblyrn84/10212} -> PackageSetting{c7bd253 com.google.android.googlequicksearchbox/10144} BLOCKED
04-19 22:19:15.933 I/AppsFilter(  590): interaction: PackageSetting{c727839 com.impos2.mixcretailassemblyrn84/10212} -> PackageSetting{a000790 com.android.settings.overlay.tangorpro/10044} BLOCKED
04-19 22:19:15.933 I/AppsFilter(  590): interaction: PackageSetting{c727839 com.impos2.mixcretailassemblyrn84/10212} -> PackageSetting{db14889 com.google.android.onetimeinitializer/10126} BLOCKED
04-19 22:19:15.933 I/AppsFilter(  590): interaction: PackageSetting{c727839 com.impos2.mixcretailassemblyrn84/10212} -> PackageSetting{b8bd08e com.google.android.ext.shared/10109} BLOCKED
04-19 22:19:15.933 I/AppsFilter(  590): interaction: PackageSetting{c727839 com.impos2.mixcretailassemblyrn84/10212} -> PackageSetting{fe740af com.android.virtualmachine.res/10195} BLOCKED
04-19 22:19:15.933 I/AppsFilter(  590): interaction: PackageSetting{c727839 com.impos2.mixcretailassemblyrn84/10212} -> PackageSetting{1860cbc com.android.managedprovisioning.auto_generated_rro_product__/10034} BLOCKED
04-19 22:19:15.933 I/AppsFilter(  590): interaction: PackageSetting{c727839 com.impos2.mixcretailassemblyrn84/10212} -> PackageSetting{35ce445 com.google.android.apps.nest.castauth/10121} BLOCKED
04-19 22:19:15.933 I/AppsFilter(  590): interaction: PackageSetting{c727839 com.impos2.mixcretailassemblyrn84/10212} -> PackageSetting{e78679a com.google.android.server.deviceconfig.resources/10191} BLOCKED
04-19 22:19:15.933 I/AppsFilter(  590): interaction: PackageSetting{c727839 com.impos2.mixcretailassemblyrn84/10212} -> PackageSetting{3f138cb com.android.systemui.emulation.pixel_3_xl/10048} BLOCKED
04-19 22:19:15.933 I/AppsFilter(  590): interaction: PackageSetting{c727839 com.impos2.mixcretailassemblyrn84/10212} -> PackageSetting{50538a8 com.android.systemui.emulation.pixel_4_xl/10051} BLOCKED
04-19 22:19:15.933 I/AppsFilter(  590): interaction: PackageSetting{c727839 com.impos2.mixcretailassemblyrn84/10212} -> PackageSetting{46c7fc1 com.android.systemui.emulation.pixel_fold/10064} BLOCKED
04-19 22:19:15.933 I/AppsFilter(  590): interaction: PackageSetting{c727839 com.impos2.mixcretailassemblyrn84/10212} -> PackageSetting{1656366 com.android.providers.telephony.auto_generated_characteristics_rro/10067} BLOCKED
04-19 22:19:15.933 I/AppsFilter(  590): interaction: PackageSetting{c727839 com.impos2.mixcretailassemblyrn84/10212} -> PackageSetting{35896a7 com.android.htmlviewer/10114} BLOCKED
04-19 22:19:15.933 I/AppsFilter(  590): interaction: PackageSetting{c727839 com.impos2.mixcretailassemblyrn84/10212} -> PackageSetting{6c93754 com.google.android.health.connect.backuprestore/10211} BLOCKED
04-19 22:19:15.933 I/AppsFilter(  590): interaction: PackageSetting{c727839 com.impos2.mixcretailassemblyrn84/10212} -> PackageSetting{18056fd com.android.systemui.auto_generated_rro_product__/10065} BLOCKED
04-19 22:19:15.933 I/AppsFilter(  590): interaction: PackageSetting{c727839 com.impos2.mixcretailassemblyrn84/10212} -> PackageSetting{2d44ff2 com.google.android.soundpicker/10166} BLOCKED
04-19 22:19:15.933 I/AppsFilter(  590): interaction: PackageSetting{c727839 com.impos2.mixcretailassemblyrn84/10212} -> PackageSetting{bedf643 com.google.android.marvin.talkbackoverlay/10079} BLOCKED
04-19 22:19:15.933 I/AppsFilter(  590): interaction: PackageSetting{c727839 com.impos2.mixcretailassemblyrn84/10212} -> PackageSetting{2c74c0 com.google.android.configupdater/10122} BLOCKED
04-19 22:19:15.933 I/AppsFilter(  590): interaction: PackageSetting{c727839 com.impos2.mixcretailassemblyrn84/10212} -> PackageSetting{b0065f9 com.android.internal.emulation.pixel_3a_xl/10036} BLOCKED
04-19 22:19:15.933 I/AppsFilter(  590): interaction: PackageSetting{c727839 com.impos2.mixcretailassemblyrn84/10212} -> PackageSetting{5d3793e com.android.internal.emulation.pixel_6_pro/10018} BLOCKED
04-19 22:19:15.933 I/AppsFilter(  590): interaction: PackageSetting{c727839 com.impos2.mixcretailassemblyrn84/10212} -> PackageSetting{defb39f com.android.internal.emulation.pixel_7_pro/10021} BLOCKED
04-19 22:19:15.933 I/AppsFilter(  590): interaction: PackageSetting{c727839 com.impos2.mixcretailassemblyrn84/10212} -> PackageSetting{3c41cec com.android.internal.emulation.pixel_8_pro/10024} BLOCKED
04-19 22:19:15.933 I/AppsFilter(  590): interaction: PackageSetting{c727839 com.impos2.mixcretailassemblyrn84/10212} -> PackageSetting{5d868b5 com.android.internal.emulation.pixel_3a/10013} BLOCKED
04-19 22:19:15.933 I/AppsFilter(  590): interaction: PackageSetting{c727839 com.impos2.mixcretailassemblyrn84/10212} -> PackageSetting{e09eb4a com.android.internal.emulation.pixel_4a/10017} BLOCKED
04-19 22:19:15.933 I/AppsFilter(  590): interaction: PackageSetting{c727839 com.impos2.mixcretailassemblyrn84/10212} -> PackageSetting{525eabb com.android.internal.emulation.pixel_6a/10019} BLOCKED
04-19 22:19:15.933 I/AppsFilter(  590): interaction: PackageSetting{c727839 com.impos2.mixcretailassemblyrn84/10212} -> PackageSetting{64c1bd8 com.android.internal.emulation.pixel_7a/10022} BLOCKED
04-19 22:19:15.933 I/AppsFilter(  590): interaction: PackageSetting{c727839 com.impos2.mixcretailassemblyrn84/10212} -> PackageSetting{ff3db31 com.android.internal.emulation.pixel_8a/10025} BLOCKED
04-19 22:19:15.933 I/AppsFilter(  590): interaction: PackageSetting{c727839 com.impos2.mixcretailassemblyrn84/10212} -> PackageSetting{837216 com.google.android.overlay.googlewebview/10032} BLOCKED
04-19 22:19:15.933 I/AppsFilter(  590): interaction: PackageSetting{c727839 com.impos2.mixcretailassemblyrn84/10212} -> PackageSetting{7be7797 com.google.android.hotspot2.osulogin/10202} BLOCKED
04-19 22:19:15.933 I/AppsFilter(  590): interaction: PackageSetting{c727839 com.impos2.mixcretailassemblyrn84/10212} -> PackageSetting{a531d84 com.android.simappdialog/10115} BLOCKED
04-19 22:19:15.933 I/AppsFilter(  590): interaction: PackageSetting{c727839 com.impos2.mixcretailassemblyrn84/10212} -> PackageSetting{79f96d com.android.internal.display.cutout.emulation.hole/10006} BLOCKED
04-19 22:19:15.933 I/AppsFilter(  590): interaction: PackageSetting{c727839 com.impos2.mixcretailassemblyrn84/10212} -> PackageSetting{53c99a2 com.android.internal.display.cutout.emulation.tall/10007} BLOCKED
04-19 22:19:15.933 I/AppsFilter(  590): interaction: PackageSetting{c727839 com.impos2.mixcretailassemblyrn84/10212} -> PackageSetting{6e8f633 com.android.internal.systemui.navbar.threebutton/10037} BLOCKED
04-19 22:19:15.933 I/AppsFilter(  590): interaction: PackageSetting{c727839 com.impos2.mixcretailassemblyrn84/10212} -> PackageSetting{aa68df0 com.android.hotwordenrollment.xgoogle/10131} BLOCKED
04-19 22:19:15.933 I/AppsFilter(  590): interaction: PackageSetting{c727839 com.impos2.mixcretailassemblyrn84/10212} -> PackageSetting{fc9bf69 com.android.camera2/10146} BLOCKED
04-19 22:19:15.933 I/AppsFilter(  590): interaction: PackageSetting{c727839 com.impos2.mixcretailassemblyrn84/10212} -> PackageSetting{56eadee com.android.internal.ranchu.commonoverlay/10042} BLOCKED
04-19 22:19:15.933 I/AppsFilter(  590): interaction: PackageSetting{c727839 com.impos2.mixcretailassemblyrn84/10212} -> PackageSetting{d32c28f com.google.android.docksetup.auto_generated_rro_product__/10009} BLOCKED
04-19 22:19:15.933 I/AppsFilter(  590): interaction: PackageSetting{c727839 com.impos2.mixcretailassemblyrn84/10212} -> PackageSetting{f7e991c com.google.android.deskclock/10163} BLOCKED
04-19 22:19:15.933 I/AppsFilter(  590): interaction: PackageSetting{c727839 com.impos2.mixcretailassemblyrn84/10212} -> PackageSetting{335e925 com.android.internal.systemui.navbar.twobutton/10035} BLOCKED
04-19 22:19:15.933 I/AppsFilter(  590): interaction: PackageSetting{c727839 com.impos2.mixcretailassemblyrn84/10212} -> PackageSetting{29bbafa com.google.android.as/10130} BLOCKED
04-19 22:19:15.933 I/AppsFilter(  590): interaction: PackageSetting{c727839 com.impos2.mixcretailassemblyrn84/10212} -> PackageSetting{6a2f8ab com.google.android.gm/10172} BLOCKED
04-19 22:19:15.933 I/AppsFilter(  590): interaction: PackageSetting{c727839 com.impos2.mixcretailassemblyrn84/10212} -> PackageSetting{e841fe3 com.impos2.mixcretailrn84/10234} BLOCKED
04-19 22:19:15.933 I/AppsFilter(  590): interaction: PackageSetting{c727839 com.impos2.mixcretailassemblyrn84/10212} -> PackageSetting{a6a2b08 com.android.systemui.emulation.pixel_3/10047} BLOCKED
04-19 22:19:15.933 I/AppsFilter(  590): interaction: PackageSetting{c727839 com.impos2.mixcretailassemblyrn84/10212} -> PackageSetting{880f2a1 com.android.systemui.emulation.pixel_4/10052} BLOCKED
04-19 22:19:15.933 I/AppsFilter(  590): interaction: PackageSetting{c727839 com.impos2.mixcretailassemblyrn84/10212} -> PackageSetting{25a8cc6 com.android.systemui.emulation.pixel_5/10054} BLOCKED
04-19 22:19:15.933 I/AppsFilter(  590): interaction: PackageSetting{c727839 com.impos2.mixcretailassemblyrn84/10212} -> PackageSetting{e967487 com.android.systemui.emulation.pixel_6/10055} BLOCKED
04-19 22:19:15.933 I/AppsFilter(  590): interaction: PackageSetting{c727839 com.impos2.mixcretailassemblyrn84/10212} -> PackageSetting{4faefb4 com.android.systemui.emulation.pixel_7/10062} BLOCKED
04-19 22:19:15.933 I/AppsFilter(  590): interaction: PackageSetting{c727839 com.impos2.mixcretailassemblyrn84/10212} -> PackageSetting{d1917dd com.android.systemui.emulation.pixel_8/10061} BLOCKED
04-19 22:19:15.933 I/AppsFilter(  590): interaction: PackageSetting{c727839 com.impos2.mixcretailassemblyrn84/10212} -> PackageSetting{ae2af52 com.android.printspooler/10116} BLOCKED
04-19 22:19:15.933 I/AppsFilter(  590): interaction: PackageSetting{c727839 com.impos2.mixcretailassemblyrn84/10212} -> PackageSetting{f5bd223 com.android.hotwordenrollment.okgoogle/10129} BLOCKED
04-19 22:19:15.933 I/AppsFilter(  590): interaction: PackageSetting{c727839 com.impos2.mixcretailassemblyrn84/10212} -> PackageSetting{e315320 com.google.android.connectivity.resources.goldfish.overlay/10080} BLOCKED
04-19 22:19:15.933 I/AppsFilter(  590): interaction: PackageSetting{c727839 com.impos2.mixcretailassemblyrn84/10212} -> PackageSetting{d1454d9 com.android.dreams.basic/10103} BLOCKED
04-19 22:19:15.933 I/AppsFilter(  590): interaction: PackageSetting{c727839 com.impos2.mixcretailassemblyrn84/10212} -> PackageSetting{c586e9e com.google.android.networkstack.tethering.emulator/10029} BLOCKED
04-19 22:19:15.933 I/AppsFilter(  590): interaction: PackageSetting{c727839 com.impos2.mixcretailassemblyrn84/10212} -> PackageSetting{f8f6d7f com.android.providers.settings.auto_generated_rro_product__/10045} BLOCKED
04-19 22:19:15.933 I/AppsFilter(  590): interaction: PackageSetting{c727839 com.impos2.mixcretailassemblyrn84/10212} -> PackageSetting{2a8814c com.google.android.as.oss/10125} BLOCKED
04-19 22:19:15.933 I/AppsFilter(  590): interaction: PackageSetting{c727839 com.impos2.mixcretailassemblyrn84/10212} -> PackageSetting{5ec6595 com.android.traceur.auto_generated_rro_product__/10073} BLOCKED
04-19 22:19:15.933 I/AppsFilter(  590): interaction: PackageSetting{c727839 com.impos2.mixcretailassemblyrn84/10212} -> PackageSetting{2d8d6aa com.google.android.devicelockcontroller/10192} BLOCKED
04-19 22:19:15.933 I/AppsFilter(  590): interaction: PackageSetting{c727839 com.impos2.mixcretailassemblyrn84/10212} -> PackageSetting{937629b com.android.internal.emulation.pixel_3/10011} BLOCKED
04-19 22:19:15.933 I/AppsFilter(  590): interaction: PackageSetting{c727839 com.impos2.mixcretailassemblyrn84/10212} -> PackageSetting{b826638 com.android.internal.emulation.pixel_4/10014} BLOCKED
04-19 22:19:15.933 I/AppsFilter(  590): interaction: PackageSetting{c727839 com.impos2.mixcretailassemblyrn84/10212} -> PackageSetting{8fac611 com.android.internal.emulation.pixel_5/10016} BLOCKED
04-19 22:19:15.933 I/AppsFilter(  590): interaction: PackageSetting{c727839 com.impos2.mixcretailassemblyrn84/10212} -> PackageSetting{d45b376 com.android.internal.emulation.pixel_6/10027} BLOCKED
04-19 22:19:15.933 I/AppsFilter(  590): interaction: PackageSetting{c727839 com.impos2.mixcretailassemblyrn84/10212} -> PackageSetting{69f8d77 com.android.internal.emulation.pixel_7/10020} BLOCKED
04-19 22:19:15.933 I/AppsFilter(  590): interaction: PackageSetting{c727839 com.impos2.mixcretailassemblyrn84/10212} -> PackageSetting{13ade4 com.android.internal.emulation.pixel_8/10023} BLOCKED
04-19 22:19:15.933 I/AppsFilter(  590): interaction: PackageSetting{c727839 com.impos2.mixcretailassemblyrn84/10212} -> PackageSetting{9b4b24d com.google.android.captiveportallogin/10107} BLOCKED
04-19 22:19:15.933 I/AppsFilter(  590): interaction: PackageSetting{c727839 com.impos2.mixcretailassemblyrn84/10212} -> PackageSetting{4d19102 android.auto_generated_characteristics_rro/10077} BLOCKED
04-19 22:19:15.933 I/AppsFilter(  590): interaction: PackageSetting{c727839 com.impos2.mixcretailassemblyrn84/10212} -> PackageSetting{f58a13 com.google.android.appsearch.apk/10190} BLOCKED
