--------- beginning of main
04-19 22:18:56.130 D/InetDiagMessage(  590): Destroyed 0 sockets, proto=IPPROTO_TCP, family=AF_INET, states=14
04-19 22:18:56.130 D/InetDiagMessage(  590): Destroyed 0 sockets, proto=IPPROTO_TCP, family=AF_INET6, states=14
04-19 22:18:56.130 D/InetDiagMessage(  590): Destroyed live tcp sockets for uids={10142} in 1ms
04-19 22:18:56.130 D/InetDiagMessage(  590): Destroyed 0 sockets, proto=IPPROTO_TCP, family=AF_INET, states=14
04-19 22:18:56.131 D/InetDiagMessage(  590): Destroyed 0 sockets, proto=IPPROTO_TCP, family=AF_INET6, states=14
04-19 22:18:56.131 D/InetDiagMessage(  590): Destroyed live tcp sockets for uids={20142} in 0ms
04-19 22:18:57.015 D/EGL_emulation( 1099): app_time_stats: avg=999.21ms min=997.37ms max=1001.06ms count=2
04-19 22:18:58.032 D/EGL_emulation( 1099): app_time_stats: avg=1016.12ms min=1016.12ms max=1016.12ms count=1
04-19 22:18:59.739 I/netd    (  388): tetherGetStats() -> {[]} <0.88ms>
--------- beginning of kernel
04-19 22:18:59.748 W/healthd (  397): battery l=47 v=5000 t=25.0 h=2 st=4 c=900000 fc=3000000 cc=10 chg=a
04-19 22:19:00.008 I/AiAiEcho( 1389): Predicting[0]:  [CONTEXT sampling_count=5 ]
04-19 22:19:00.008 I/AiAiEcho( 1389): EchoTargets: 
04-19 22:19:00.008 I/AiAiEcho( 1389): Filtered by AiAi flag check: 
04-19 22:19:00.008 I/AiAiEcho( 1389): [CONTEXT ratelimit_period="10 SECONDS" ]
04-19 22:19:00.009 I/AiAiEcho( 1389): Ranked targets strategy: SORT, count: 0, ranking metadata:  [CONTEXT ratelimit_period="10 SECONDS" ]
04-19 22:19:00.009 I/AiAiEcho( 1389): #remoteViewsTwiddler: feature disabled.
04-19 22:19:00.009 I/AiAiEcho( 1389): Predicting[0]:  [CONTEXT sampling_count=5 ]
04-19 22:19:00.009 I/AiAiEcho( 1389): EchoTargets: 
04-19 22:19:00.009 I/AiAiEcho( 1389): Filtered by AiAi flag check: 
04-19 22:19:00.009 I/AiAiEcho( 1389): [CONTEXT ratelimit_period="10 SECONDS" ]
04-19 22:19:00.009 I/AiAiEcho( 1389): Ranked targets strategy: SORT, count: 0, ranking metadata:  [CONTEXT ratelimit_period="10 SECONDS" ]
04-19 22:19:00.009 I/AiAiEcho( 1389): #remoteViewsTwiddler: feature disabled.
04-19 22:19:00.010 I/AiAiEcho( 1389): #postPredictionTargets: Sending updates to UISurface lockscreen with targets# 0 (types=[])
04-19 22:19:00.010 I/AiAiEcho( 1389): #postPredictionTargets: Sending updates to UISurface home with targets# 0 (types=[])
04-19 22:19:00.012 D/SsBaseTemplateCard( 1099): No text view can be set up
04-19 22:19:00.012 D/SsBaseTemplateCard( 1099): Passed-in item info is null
04-19 22:19:00.012 D/SsBaseTemplateCard( 1099): Passed-in item info is null
04-19 22:19:00.012 D/SsBaseTemplateCard( 1099): Passed-in item info is null
04-19 22:19:00.012 I/SsBaseTemplateCard( 1099): Secondary card pane is null
04-19 22:19:00.014 W/PageIndicator(  836): Total number of pages invalid: 0. Assuming 1 page.
04-19 22:19:00.015 D/EGL_emulation( 1099): app_time_stats: avg=991.79ms min=983.52ms max=1000.07ms count=2
04-19 22:19:00.018 D/EGL_emulation(  836): app_time_stats: avg=59987.87ms min=59987.87ms max=59987.87ms count=1
04-19 22:19:00.200 D/BoundBrokerSvc( 4607): onUnbind: Intent { act=com.google.android.gms.feedback.internal.IFeedbackService dat=chimera-action:/... cmp=com.google.android.gms/.chimera.GmsBoundBrokerService }
04-19 22:19:00.216 W/gle.android.gms( 4607): ApkAssets: Deleting an ApkAssets object '<empty> and /data/app/~~vM3jUZgBMEfwCGHKVO-Rdg==/com.impos2.mixcretailassemblyrn84-MMHwhy6mo1n558lbNH6NjQ==/base.apk' with 1 weak references
04-19 22:19:00.228 D/BoundBrokerSvc(  937): onUnbind: Intent { act=com.google.android.gms.phenotype.service.START dat=chimera-action:/... cmp=com.google.android.gms/.chimera.PersistentApiService }
04-19 22:19:01.017 D/EGL_emulation( 1099): app_time_stats: avg=1001.63ms min=1001.63ms max=1001.63ms count=1
04-19 22:19:02.018 D/EGL_emulation( 1099): app_time_stats: avg=1000.84ms min=1000.84ms max=1000.84ms count=1
04-19 22:19:04.018 D/EGL_emulation( 1099): app_time_stats: avg=999.48ms min=998.45ms max=1000.50ms count=2
--------- beginning of system
04-19 22:19:04.690 D/ActivityManager(  590): freezing 21463 com.google.android.permissioncontroller
04-19 22:19:04.693 D/InetDiagMessage(  590): Destroyed 0 sockets, proto=IPPROTO_TCP, family=AF_INET, states=14
04-19 22:19:04.693 D/InetDiagMessage(  590): Destroyed 0 sockets, proto=IPPROTO_TCP, family=AF_INET6, states=14
04-19 22:19:04.693 D/InetDiagMessage(  590): Destroyed live tcp sockets for uids={10207} in 1ms
04-19 22:19:06.021 D/EGL_emulation( 1099): app_time_stats: avg=1001.49ms min=999.03ms max=1003.96ms count=2
04-19 22:19:07.474 I/netd    (  388): tetherGetStats() -> {[]} <0.63ms>
04-19 22:19:07.573 I/BistoHotwordHelper( 1413): (REDACTED) getHotwordActive::active query: %s, watch: %s, devices connected: %s
04-19 22:19:08.018 D/EGL_emulation( 1099): app_time_stats: avg=998.43ms min=994.45ms max=1002.41ms count=2
04-19 22:19:10.015 D/EGL_emulation( 1099): app_time_stats: avg=998.67ms min=997.63ms max=999.71ms count=2
04-19 22:19:10.053 W/ActivityTaskManager(  590): callingPackage for (uid=2000, pid=8169) has no WPC
04-19 22:19:10.054 W/OptProp (  590): Cannot read opt property android.window.PROPERTY_COMPAT_ALLOW_USER_ASPECT_RATIO_OVERRIDE
04-19 22:19:10.054 W/OptProp (  590): Cannot read opt property android.window.PROPERTY_COMPAT_ALLOW_USER_ASPECT_RATIO_FULLSCREEN_OVERRIDE
04-19 22:19:10.054 W/OptProp (  590): Cannot read opt property android.window.PROPERTY_COMPAT_ALLOW_ORIENTATION_OVERRIDE
04-19 22:19:10.054 V/GrammaticalInflectionUtils(  590): AttributionSource: AttributionSource { uid = 10212, packageName = null, attributionTag = null, token = android.os.Binder@bdb3573, deviceId = 0, next = null } does not have READ_SYSTEM_GRAMMATICAL_GENDER permission.
04-19 22:19:10.054 W/OptProp (  590): Cannot read opt property android.window.PROPERTY_COMPAT_ALLOW_RESIZEABLE_ACTIVITY_OVERRIDES
04-19 22:19:10.054 W/OptProp (  590): Cannot read opt property android.window.PROPERTY_COMPAT_ALLOW_MIN_ASPECT_RATIO_OVERRIDE
04-19 22:19:10.058 V/WindowManagerShell(  836): Transition requested (#462): android.os.BinderProxy@e76e024 TransitionRequestInfo { type = OPEN, triggerTask = TaskInfo{userId=0 taskId=819 displayId=0 isRunning=true baseIntent=Intent { flg=0x10000000 cmp=com.impos2.mixcretailassemblyrn84/.MainActivity } baseActivity=ComponentInfo{com.impos2.mixcretailassemblyrn84/com.impos2.mixcretailassemblyrn84.MainActivity} topActivity=ComponentInfo{com.impos2.mixcretailassemblyrn84/com.impos2.mixcretailassemblyrn84.MainActivity} origActivity=null realActivity=ComponentInfo{com.impos2.mixcretailassemblyrn84/com.impos2.mixcretailassemblyrn84.MainActivity} numActivities=1 lastActiveTime=249735605 supportsMultiWindow=true resizeMode=1 isResizeable=true minWidth=-1 minHeight=-1 defaultMinSize=220 token=WCT{android.window.IWindowContainerToken$Stub$Proxy@c0978d} topActivityType=1 pictureInPictureParams=null shouldDockBigOverlays=false launchIntoPipHostTaskId=-1 lastParentTaskIdBeforePip=-1 displayCutoutSafeInsets=null topActivityInfo=ActivityInfo{43bad42 com.impos2.mixcretailassemblyrn84.MainActivity} launchCookies=[] positionInParent=Point(0, 0) parentTaskId=-1 isFocused=false isVisible=false isVisibleRequested=false isSleeping=false locusId=null displayAreaFeatureId=1 isTopActivityTransparent=false appCompatTaskInfo=AppCompatTaskInfo { topActivityInSizeCompat=false topActivityEligibleForLetterboxEducation= falseisLetterboxEducationEnabled= true isLetterboxDoubleTapEnabled= false topActivityEligibleForUserAspectRatioButton= true topActivityBoundsLetterboxed= false isFromLetterboxDoubleTap= false topActivityLetterboxVerticalPosition= -1 topActivityLetterboxHorizontalPosition= -1 topActivityLetterboxWidth=2560 topActivityLetterboxHeight=1600 isUserFullscreenOverrideEnabled=false isSystemFullscreenOverrideEnabled=false cameraCompatTaskInfo=CameraCompatTaskInfo { cameraCompatControlState=hidden freeformCameraCompatMode=inactive}}}, pipTask = null, remoteTransition = null, displayChange = null, flags = 0, debugId = 462 }
04-19 22:19:10.058 I/ActivityTaskManager(  590): START u0 {flg=0x10000000 cmp=com.impos2.mixcretailassemblyrn84/.MainActivity} with LAUNCH_SINGLE_TASK from uid 2000 (BAL_ALLOW_PERMISSION) result code=0
04-19 22:19:10.058 V/GrammaticalInflectionUtils(  590): AttributionSource: AttributionSource { uid = 10212, packageName = null, attributionTag = null, token = android.os.Binder@bdb3573, deviceId = 0, next = null } does not have READ_SYSTEM_GRAMMATICAL_GENDER permission.
04-19 22:19:10.058 D/ShellDesktopMode(  836): DesktopTaskRepo: visibleTaskCount= 0
04-19 22:19:10.058 W/SplitSelectStateCtor( 1099): Missing session instanceIds
04-19 22:19:10.058 D/StatsLog( 1099): LAUNCHER_SPLIT_SELECTION_EXIT_INTERRUPTED
04-19 22:19:10.059 D/SplashScreenView(  836): Build android.window.SplashScreenView{1ac1f89 V.E...... ......ID 0,0-0,0}
04-19 22:19:10.059 D/SplashScreenView(  836): Icon: view: android.widget.ImageView{4db5b8e V.ED..... ......I. 0,0-0,0 #1020504 android:id/splashscreen_icon_view} drawable: com.android.wm.shell.startingsurface.SplashscreenIconDrawableFactory$ImmobileIconDrawable@51f6faf size: 424
04-19 22:19:10.059 D/SplashScreenView(  836): Branding: view: android.view.View{2c40fbc G.ED..... ......I. 0,0-0,0 #1020503 android:id/splashscreen_branding_view} drawable: null size w: 0 h: 0
04-19 22:19:10.059 I/AppsFilter(  590): interaction: PackageSetting{7cc5e74 com.impos2.adapter.dev/10230} -> PackageSetting{c727839 com.impos2.mixcretailassemblyrn84/10212} BLOCKED
04-19 22:19:10.059 I/AppsFilter(  590): interaction: PackageSetting{4e89c12 com.impos2.mixcretailrn84v2/10231} -> PackageSetting{c727839 com.impos2.mixcretailassemblyrn84/10212} BLOCKED
04-19 22:19:10.059 I/AppsFilter(  590): interaction: PackageSetting{e841fe3 com.impos2.mixcretailrn84/10234} -> PackageSetting{c727839 com.impos2.mixcretailassemblyrn84/10212} BLOCKED
04-19 22:19:10.059 I/AppsFilter(  590): interaction: PackageSetting{c8aede0 com.impos2.posadapter/10229} -> PackageSetting{c727839 com.impos2.mixcretailassemblyrn84/10212} BLOCKED
04-19 22:19:10.060 I/BpBinder(  439): onLastStrongRef automatically unlinking death recipients: 
04-19 22:19:10.061 I/TopTaskTracker( 1099): onTaskMovedToFront: (moved taskInfo to front) taskId=819, baseIntent=Intent { flg=0x10000000 cmp=com.impos2.mixcretailassemblyrn84/.MainActivity }
04-19 22:19:10.062 D/WindowManagerShell(  836): setLauncherKeepClearAreaHeight: visible=false, height=223
04-19 22:19:10.063 I/AppWidgetServiceImpl(  590): Received broadcast: android.intent.action.PACKAGE_UNSTOPPED on user 0
04-19 22:19:10.063 I/AppWidgetServiceImpl(  590): Updating package stopped masked state for uid 10212 package com.impos2.mixcretailassemblyrn84 isStopped false
04-19 22:19:10.063 W/OptProp (  590): Cannot read opt property android.window.PROPERTY_COMPAT_ALLOW_DISPLAY_ORIENTATION_OVERRIDE
04-19 22:19:10.064 D/Zygote  (  389): Forked child process 8172
04-19 22:19:10.065 I/ActivityManager(  590): Start proc 8172:com.impos2.mixcretailassemblyrn84/u0a212 for next-top-activity {com.impos2.mixcretailassemblyrn84/com.impos2.mixcretailassemblyrn84.MainActivity}
04-19 22:19:10.066 W/ProcessStats(  590): Tracking association SourceState{e668274 com.google.android.googlequicksearchbox:search/10144 BTop #16742} whose proc state 2 is better than process ProcessState{cc910ab com.google.android.webview:sandboxed_process0:org.chromium.content.app.SandboxedProcessService0:0/10144 pkg=com.google.android.googlequicksearchbox} proc state 8 (3 skipped)
04-19 22:19:10.078 D/CoreBackPreview(  590): Window{812042c u0 Splash Screen com.impos2.mixcretailassemblyrn84}: Setting back callback OnBackInvokedCallbackInfo{mCallback=android.window.IOnBackInvokedCallback$Stub$Proxy@70eacc4, mPriority=0, mIsAnimationCallback=false}
04-19 22:19:10.081 I/netd    (  388): tetherGetStats() -> {[]} <0.47ms>
04-19 22:19:10.082 I/ailassemblyrn84( 8172): Late-enabling -Xcheck:jni
04-19 22:19:10.090 V/WindowManager(  590): Sent Transition (#462) createdAt=04-19 22:19:10.054 via request=TransitionRequestInfo { type = OPEN, triggerTask = TaskInfo{userId=0 taskId=819 displayId=0 isRunning=true baseIntent=Intent { flg=0x10000000 cmp=com.impos2.mixcretailassemblyrn84/.MainActivity } baseActivity=ComponentInfo{com.impos2.mixcretailassemblyrn84/com.impos2.mixcretailassemblyrn84.MainActivity} topActivity=ComponentInfo{com.impos2.mixcretailassemblyrn84/com.impos2.mixcretailassemblyrn84.MainActivity} origActivity=null realActivity=ComponentInfo{com.impos2.mixcretailassemblyrn84/com.impos2.mixcretailassemblyrn84.MainActivity} numActivities=1 lastActiveTime=249735605 supportsMultiWindow=true resizeMode=1 isResizeable=true minWidth=-1 minHeight=-1 defaultMinSize=220 token=WCT{RemoteToken{6f83e73 Task{529c53d #819 type=standard A=10212:com.impos2.mixcretailassemblyrn84}}} topActivityType=1 pictureInPictureParams=null shouldDockBigOverlays=false launchIntoPipHostTaskId=-1 lastParentTaskIdBeforePip=-1 displayCutoutSafeInsets=null topActivityInfo=ActivityInfo{aabd130 com.impos2.mixcretailassemblyrn84.MainActivity} launchCookies=[] positionInParent=Point(0, 0) parentTaskId=-1 isFocused=false isVisible=false isVisibleRequested=false isSleeping=false locusId=null displayAreaFeatureId=1 isTopActivityTransparent=false appCompatTaskInfo=AppCompatTaskInfo { topActivityInSizeCompat=false topActivityEligibleForLetterboxEducation= falseisLetterboxEducationEnabled= true isLetterboxDoubleTapEnabled= false topActivityEligibleForUserAspectRatioButton= true topActivityBoundsLetterboxed= false isFromLetterboxDoubleTap= false topActivityLetterboxVerticalPosition= -1 topActivityLetterboxHorizontalPosition= -1 topActivityLetterboxWidth=2560 topActivityLetterboxHeight=1600 isUserFullscreenOverrideEnabled=false isSystemFullscreenOverrideEnabled=false cameraCompatTaskInfo=CameraCompatTaskInfo { cameraCompatControlState=hidden freeformCameraCompatMode=inactive}}}, pipTask = null, remoteTransition = null, displayChange = null, flags = 0, debugId = 462 }
04-19 22:19:10.090 V/WindowManager(  590):     startWCT=WindowContainerTransaction { changes = {} hops = [] errorCallbackToken=null taskFragmentOrganizer=null }
04-19 22:19:10.090 V/WindowManager(  590):     info={id=462 t=OPEN f=0x0 trk=0 r=[0@Point(0, 0)] c=[
04-19 22:19:10.090 V/WindowManager(  590):         {WCT{RemoteToken{6f83e73 Task{529c53d #819 type=standard A=10212:com.impos2.mixcretailassemblyrn84}}} m=OPEN f=NONE leash=Surface(name=Task=819)/@0xd7b77ad sb=Rect(0, 0 - 2560, 1600) eb=Rect(0, 0 - 2560, 1600) d=0 taskParent=-1},
04-19 22:19:10.090 V/WindowManager(  590):         {WCT{RemoteToken{eecd609 Task{403a6f7 #1 type=home}}} m=TO_BACK f=SHOW_WALLPAPER leash=Surface(name=Task=1)/@0x27bc150 sb=Rect(0, 0 - 2560, 1600) eb=Rect(0, 0 - 2560, 1600) d=0 taskParent=-1}
04-19 22:19:10.090 V/WindowManager(  590):     ]}
04-19 22:19:10.092 W/UserManagerService(  590): Requested status bar icon for non-badged user 0
04-19 22:19:10.097 I/ailassemblyrn84( 8172): Using CollectorTypeCMC GC.
04-19 22:19:10.098 V/WindowManagerShell(  836): onTransitionReady(transaction=2534030740152)
04-19 22:19:10.098 D/EGL_emulation(  836): app_time_stats: avg=10080.55ms min=10080.55ms max=10080.55ms count=1
04-19 22:19:10.099 V/WindowManagerShell(  836): onTransitionReady (#462) android.os.BinderProxy@e76e024: {id=462 t=OPEN f=0x0 trk=0 r=[0@Point(0, 0)] c=[{WCT{android.window.IWindowContainerToken$Stub$Proxy@e08dfec} m=OPEN f=NONE leash=Surface(name=Task=819)/@0x1d37dfd sb=Rect(0, 0 - 2560, 1600) eb=Rect(0, 0 - 2560, 1600) d=0 taskParent=-1},{WCT{android.window.IWindowContainerToken$Stub$Proxy@a896fb5} m=TO_BACK f=SHOW_WALLPAPER leash=Surface(name=Task=1)/@0x61deaf2 sb=Rect(0, 0 - 2560, 1600) eb=Rect(0, 0 - 2560, 1600) d=0 taskParent=-1}]}
04-19 22:19:10.100 I/adbd    (  443): jdwp connection from 8172
04-19 22:19:10.101 D/EGL_emulation( 1099): app_time_stats: avg=1060.20ms min=2.28ms max=25190.15ms count=24
04-19 22:19:10.103 V/WindowManagerShell(  836): Playing animation for (#462) android.os.BinderProxy@e76e024@0
04-19 22:19:10.103 V/WindowManagerShell(  836):  try handler com.android.wm.shell.transition.DefaultMixedHandler@a4b4bb1
04-19 22:19:10.103 V/WindowManagerShell(  836):  try handler com.android.wm.shell.keyguard.KeyguardTransitionHandler@f055896
04-19 22:19:10.103 V/WindowManagerShell(  836):  try handler com.android.wm.shell.pip.PipTransition@489c17
04-19 22:19:10.103 V/WindowManagerShell(  836):  try handler com.android.wm.shell.activityembedding.ActivityEmbeddingController@f43a804
04-19 22:19:10.103 V/WindowManagerShell(  836):  try handler com.android.wm.shell.splitscreen.StageCoordinator@417f1ed
04-19 22:19:10.103 V/WindowManagerShell(  836):  try handler com.android.wm.shell.desktopmode.DesktopTasksController@4366822
04-19 22:19:10.103 V/WindowManagerShell(  836):  try handler com.android.wm.shell.recents.RecentsTransitionHandler@b30e2b3
04-19 22:19:10.103 V/ShellRecents(  836): RecentsTransitionHandler.startAnimation: no controller found
04-19 22:19:10.103 V/WindowManagerShell(  836):  try handler com.android.wm.shell.transition.RemoteTransitionHandler@2554070
04-19 22:19:10.103 V/WindowManagerShell(  836): Transition doesn't have explicit remote, search filters for match for {id=462 t=OPEN f=0x0 trk=0 r=[0@Point(0, 0)] c=[{WCT{android.window.IWindowContainerToken$Stub$Proxy@e08dfec} m=OPEN f=NONE leash=Surface(name=Task=819)/@0x1d37dfd sb=Rect(0, 0 - 2560, 1600) eb=Rect(0, 0 - 2560, 1600) d=0 taskParent=-1},{WCT{android.window.IWindowContainerToken$Stub$Proxy@a896fb5} m=TO_BACK f=SHOW_WALLPAPER leash=Surface(name=Task=1)/@0x61deaf2 sb=Rect(0, 0 - 2560, 1600) eb=Rect(0, 0 - 2560, 1600) d=0 taskParent=-1}]}
04-19 22:19:10.104 V/WindowManagerShell(  836):  Checking filter Pair{{types=[] flags=0x0] notFlags=0x0 checks=[{atype=undefined independent=true modes=[OPEN,TO_FRONT] flags=IN_TASK_WITH_EMBEDDED_ACTIVITY mustBeTask=false order=ANY topActivity=ComponentInfo{com.google.android.apps.nexuslauncher/com.google.android.apps.nexuslauncher.NexusLauncherActivity} launchCookie=null},{atype=undefined independent=true modes=[CLOSE,TO_BACK] flags=IN_TASK_WITH_EMBEDDED_ACTIVITY mustBeTask=false order=ANY topActivity=null launchCookie=null}]} RemoteTransition { remoteTransition = android.window.IRemoteTransition$Stub$Proxy@e8ebfe9, appThread = android.app.IApplicationThread$Stub$Proxy@876e46e, debugName = OverlaySwipeBack }}
04-19 22:19:10.104 V/WindowManagerShell(  836):  Checking filter Pair{{types=[] flags=0x0] notFlags=0x0 checks=[{atype=dream independent=true modes=[OPEN,TO_FRONT] flags=NONE mustBeTask=false order=ANY topActivity=null launchCookie=null},{atype=home independent=true modes=[CLOSE,TO_BACK] flags=NONE mustBeTask=false order=ANY topActivity=null launchCookie=null}]} RemoteTransition { remoteTransition = android.window.IRemoteTransition$Stub$Proxy@f4cf70f, appThread = android.app.IApplicationThread$Stub$Proxy@ba5f39c, debugName = LauncherToDream }}
04-19 22:19:10.104 V/WindowManagerShell(  836):  Checking filter Pair{{types=[] flags=0x0] notFlags=0x100 checks=[{atype=home independent=true modes=[OPEN,TO_FRONT] flags=NONE mustBeTask=false order=TOP topActivity=ComponentInfo{com.google.android.apps.nexuslauncher/com.google.android.apps.nexuslauncher.NexusLauncherActivity} launchCookie=null},{atype=standard independent=true modes=[CLOSE,TO_BACK] flags=NONE mustBeTask=false order=ANY topActivity=null launchCookie=null}]} RemoteTransition { remoteTransition = android.window.IRemoteTransition$Stub$Proxy@c8a71a5, appThread = android.app.IApplicationThread$Stub$Proxy@30d97a, debugName = QuickstepLaunchHome }}
04-19 22:19:10.104 V/WindowManagerShell(  836):  Delegate animation for (#462) to null
04-19 22:19:10.104 V/WindowManagerShell(  836):  try handler com.android.wm.shell.transition.DefaultTransitionHandler@56bf52b
04-19 22:19:10.104 V/WindowManagerShell(  836): start default transition animation, info = {id=462 t=OPEN f=0x0 trk=0 r=[0@Point(0, 0)] c=[{WCT{android.window.IWindowContainerToken$Stub$Proxy@e08dfec} m=OPEN f=NONE leash=Surface(name=Task=819)/@0x1d37dfd sb=Rect(0, 0 - 2560, 1600) eb=Rect(0, 0 - 2560, 1600) d=0 taskParent=-1},{WCT{android.window.IWindowContainerToken$Stub$Proxy@a896fb5} m=TO_BACK f=SHOW_WALLPAPER leash=Surface(name=Task=1)/@0x61deaf2 sb=Rect(0, 0 - 2560, 1600) eb=Rect(0, 0 - 2560, 1600) d=0 taskParent=-1}]}
04-19 22:19:10.104 V/WindowManagerShell(  836): loadAnimation: anim=android.view.animation.AnimationSet@a0d4084 animAttr=0x13 type=OPEN isEntrance=false
04-19 22:19:10.104 V/WindowManagerShell(  836): loadAnimation: anim=android.view.animation.AnimationSet@e37b533 animAttr=0x12 type=OPEN isEntrance=true
04-19 22:19:10.105 V/WindowManagerShell(  836):  animated by com.android.wm.shell.transition.DefaultTransitionHandler@56bf52b
04-19 22:19:10.106 D/nativeloader( 8172): Load libframework-connectivity-tiramisu-jni.so using APEX ns com_android_tethering for caller /apex/com.android.tethering/javalib/framework-connectivity-t.jar: ok
04-19 22:19:10.131 W/ziparchive( 8172): Unable to open '/data/app/~~vM3jUZgBMEfwCGHKVO-Rdg==/com.impos2.mixcretailassemblyrn84-MMHwhy6mo1n558lbNH6NjQ==/base.dm': No such file or directory
04-19 22:19:10.131 W/ziparchive( 8172): Unable to open '/data/app/~~vM3jUZgBMEfwCGHKVO-Rdg==/com.impos2.mixcretailassemblyrn84-MMHwhy6mo1n558lbNH6NjQ==/base.dm': No such file or directory
04-19 22:19:10.173 W/HWUI    (  590): Failed to choose config with EGL_SWAP_BEHAVIOR_PRESERVED, retrying without...
04-19 22:19:10.174 W/HWUI    (  590): Failed to initialize 101010-2 format, error = EGL_SUCCESS
04-19 22:19:10.252 D/ActivityManager(  590): freezing 4607 com.google.android.gms
04-19 22:19:10.276 D/nativeloader( 8172): Configuring clns-7 for other apk /data/app/~~vM3jUZgBMEfwCGHKVO-Rdg==/com.impos2.mixcretailassemblyrn84-MMHwhy6mo1n558lbNH6NjQ==/base.apk. target_sdk_version=36, uses_libraries=, library_path=/data/app/~~vM3jUZgBMEfwCGHKVO-Rdg==/com.impos2.mixcretailassemblyrn84-MMHwhy6mo1n558lbNH6NjQ==/lib/arm64:/data/app/~~vM3jUZgBMEfwCGHKVO-Rdg==/com.impos2.mixcretailassemblyrn84-MMHwhy6mo1n558lbNH6NjQ==/base.apk!/lib/arm64-v8a, permitted_path=/data:/mnt/expand:/data/user/0/com.impos2.mixcretailassemblyrn84
04-19 22:19:10.284 V/GraphicsEnvironment( 8172): Currently set values for:
04-19 22:19:10.284 V/GraphicsEnvironment( 8172):   angle_gl_driver_selection_pkgs=[]
04-19 22:19:10.285 V/GraphicsEnvironment( 8172):   angle_gl_driver_selection_values=[]
04-19 22:19:10.285 V/GraphicsEnvironment( 8172): Global.Settings values are invalid: number of packages: 0, number of values: 0
04-19 22:19:10.285 V/GraphicsEnvironment( 8172): Neither updatable production driver nor prerelease driver is supported.
04-19 22:19:10.317 W/SoLoader( 8172): Initializing SoLoader: 0
04-19 22:19:10.318 W/SoLoader( 8172): Recording new base apk path: /data/app/~~vM3jUZgBMEfwCGHKVO-Rdg==/com.impos2.mixcretailassemblyrn84-MMHwhy6mo1n558lbNH6NjQ==/base.apk
04-19 22:19:10.318 W/SoLoader( 8172): Previously recorded 0 base apk paths.
04-19 22:19:10.319 I/SoLoader( 8172): Preparing SO source: DirectorySoSource[root = /vendor/lib64 flags = 2]
04-19 22:19:10.319 I/SoLoader( 8172): Preparing SO source: DirectorySoSource[root = /system/lib64 flags = 2]
04-19 22:19:10.319 I/SoLoader( 8172): Preparing SO source: DirectApkSoSource[root = [/data/app/~~vM3jUZgBMEfwCGHKVO-Rdg==/com.impos2.mixcretailassemblyrn84-MMHwhy6mo1n558lbNH6NjQ==/base.apk!/lib/arm64-v8a]]
04-19 22:19:10.353 I/SoLoader( 8172): Preparing SO source: ApplicationSoSource[DirectorySoSource[root = /data/app/~~vM3jUZgBMEfwCGHKVO-Rdg==/com.impos2.mixcretailassemblyrn84-MMHwhy6mo1n558lbNH6NjQ==/lib/arm64 flags = 0]]
04-19 22:19:10.353 I/SoLoader( 8172): init finish: 4 SO sources prepared
04-19 22:19:10.353 W/SoLoader( 8172): SoLoader initialized: 8
04-19 22:19:10.378 D/nativeloader( 8172): Load /data/app/~~vM3jUZgBMEfwCGHKVO-Rdg==/com.impos2.mixcretailassemblyrn84-MMHwhy6mo1n558lbNH6NjQ==/base.apk!/lib/arm64-v8a/libc++_shared.so using ns clns-7 from class loader (caller=/data/app/~~vM3jUZgBMEfwCGHKVO-Rdg==/com.impos2.mixcretailassemblyrn84-MMHwhy6mo1n558lbNH6NjQ==/base.apk): ok
04-19 22:19:10.381 D/nativeloader( 8172): Load /data/app/~~vM3jUZgBMEfwCGHKVO-Rdg==/com.impos2.mixcretailassemblyrn84-MMHwhy6mo1n558lbNH6NjQ==/base.apk!/lib/arm64-v8a/libjsi.so using ns clns-7 from class loader (caller=/data/app/~~vM3jUZgBMEfwCGHKVO-Rdg==/com.impos2.mixcretailassemblyrn84-MMHwhy6mo1n558lbNH6NjQ==/base.apk): ok
04-19 22:19:10.383 D/nativeloader( 8172): Load /data/app/~~vM3jUZgBMEfwCGHKVO-Rdg==/com.impos2.mixcretailassemblyrn84-MMHwhy6mo1n558lbNH6NjQ==/base.apk!/lib/arm64-v8a/libfbjni.so using ns clns-7 from class loader (caller=/data/app/~~vM3jUZgBMEfwCGHKVO-Rdg==/com.impos2.mixcretailassemblyrn84-MMHwhy6mo1n558lbNH6NjQ==/base.apk): ok
04-19 22:19:10.386 D/nativeloader( 8172): Load /data/app/~~vM3jUZgBMEfwCGHKVO-Rdg==/com.impos2.mixcretailassemblyrn84-MMHwhy6mo1n558lbNH6NjQ==/base.apk!/lib/arm64-v8a/libreactnative.so using ns clns-7 from class loader (caller=/data/app/~~vM3jUZgBMEfwCGHKVO-Rdg==/com.impos2.mixcretailassemblyrn84-MMHwhy6mo1n558lbNH6NjQ==/base.apk): ok
04-19 22:19:10.386 D/jni_lib_merge( 8172): Entering merged library JNI_OnLoad.
04-19 22:19:10.386 D/jni_lib_merge( 8172): Preparing 12 pre-merged libs (including stub)
04-19 22:19:10.386 D/jni_lib_merge( 8172): Preparing to register libfabricjni_so.  onload_func: 0x73a8b932ec
04-19 22:19:10.386 D/jni_lib_merge( 8172): Preparing to register libreact_devsupportjni_so.  onload_func: 0x73a8db90f8
04-19 22:19:10.386 D/jni_lib_merge( 8172): Preparing to register libreact_featureflagsjni_so.  onload_func: 0x73a8dcbbe4
04-19 22:19:10.386 D/jni_lib_merge( 8172): Preparing to register libreact_newarchdefaults_so.  onload_func: 0x73a8e6afc8
04-19 22:19:10.386 D/jni_lib_merge( 8172): Preparing to register libreactnativeblob_so.  onload_func: 0x73a907f668
04-19 22:19:10.386 D/jni_lib_merge( 8172): Preparing to register libreactnativejni_so.  onload_func: 0x73a90bdcdc
04-19 22:19:10.386 D/jni_lib_merge( 8172): Preparing to register libreactnativejni_common_so.  onload_func: 0x73a90c3a08
04-19 22:19:10.386 D/jni_lib_merge( 8172): Preparing to register librninstance_so.  onload_func: 0x73a91102cc
04-19 22:19:10.386 D/jni_lib_merge( 8172): Preparing to register libturbomodulejsijni_so.  onload_func: 0x73a926db34
04-19 22:19:10.386 D/jni_lib_merge( 8172): Preparing to register libuimanagerjni_so.  onload_func: 0x73a9285454
04-19 22:19:10.386 D/jni_lib_merge( 8172): Preparing to register libyoga_so.  onload_func: 0x73a9294ed8
04-19 22:19:10.386 D/jni_lib_merge( 8172): About to register 11 actual methods.
04-19 22:19:10.390 D/nativeloader( 8172): Load /data/app/~~vM3jUZgBMEfwCGHKVO-Rdg==/com.impos2.mixcretailassemblyrn84-MMHwhy6mo1n558lbNH6NjQ==/base.apk!/lib/arm64-v8a/libreact_codegen_rnsvg.so using ns clns-7 from class loader (caller=/data/app/~~vM3jUZgBMEfwCGHKVO-Rdg==/com.impos2.mixcretailassemblyrn84-MMHwhy6mo1n558lbNH6NjQ==/base.apk): ok
04-19 22:19:10.390 D/jni_lib_merge( 8172): Entering merged library JNI_OnLoad.
04-19 22:19:10.390 D/jni_lib_merge( 8172): Preparing 12 pre-merged libs (including stub)
04-19 22:19:10.390 D/jni_lib_merge( 8172): Preparing to register libfabricjni_so.  onload_func: 0x73a8b932ec
04-19 22:19:10.390 D/jni_lib_merge( 8172): Preparing to register libreact_devsupportjni_so.  onload_func: 0x73a8db90f8
04-19 22:19:10.390 D/jni_lib_merge( 8172): Preparing to register libreact_featureflagsjni_so.  onload_func: 0x73a8dcbbe4
04-19 22:19:10.390 D/jni_lib_merge( 8172): Preparing to register libreact_newarchdefaults_so.  onload_func: 0x73a8e6afc8
04-19 22:19:10.390 D/jni_lib_merge( 8172): Preparing to register libreactnativeblob_so.  onload_func: 0x73a907f668
04-19 22:19:10.390 D/jni_lib_merge( 8172): Preparing to register libreactnativejni_so.  onload_func: 0x73a90bdcdc
04-19 22:19:10.390 D/jni_lib_merge( 8172): Preparing to register libreactnativejni_common_so.  onload_func: 0x73a90c3a08
04-19 22:19:10.390 D/jni_lib_merge( 8172): Preparing to register librninstance_so.  onload_func: 0x73a91102cc
04-19 22:19:10.390 D/jni_lib_merge( 8172): Preparing to register libturbomodulejsijni_so.  onload_func: 0x73a926db34
04-19 22:19:10.390 D/jni_lib_merge( 8172): Preparing to register libuimanagerjni_so.  onload_func: 0x73a9285454
04-19 22:19:10.390 D/jni_lib_merge( 8172): Preparing to register libyoga_so.  onload_func: 0x73a9294ed8
04-19 22:19:10.390 D/jni_lib_merge( 8172): About to register 11 actual methods.
04-19 22:19:10.391 D/nativeloader( 8172): Load /data/app/~~vM3jUZgBMEfwCGHKVO-Rdg==/com.impos2.mixcretailassemblyrn84-MMHwhy6mo1n558lbNH6NjQ==/base.apk!/lib/arm64-v8a/libappmodules.so using ns clns-7 from class loader (caller=/data/app/~~vM3jUZgBMEfwCGHKVO-Rdg==/com.impos2.mixcretailassemblyrn84-MMHwhy6mo1n558lbNH6NjQ==/base.apk): ok
04-19 22:19:10.392 W/OptProp (  590): Cannot read opt property android.window.PROPERTY_COMPAT_ENABLE_FAKE_FOCUS
04-19 22:19:10.394 V/WindowManagerShell(  836): Transition animation finished (aborted=false), notifying core (#462) android.os.BinderProxy@e76e024@0
04-19 22:19:10.395 V/WindowManager(  590): Finish Transition (#462): created at 04-19 22:19:10.054 collect-started=0.009ms request-sent=2.847ms started=4.05ms ready=34.064ms sent=34.73ms finished=340.583ms
04-19 22:19:10.396 D/VRI[NexusLauncherActivity]( 1099): visibilityChanged oldVisibility=true newVisibility=false
04-19 22:19:10.397 V/WindowManagerShell(  836): Track 0 became idle
04-19 22:19:10.397 V/WindowManagerShell(  836): All active transition animations finished
04-19 22:19:10.397 W/UserManagerService(  590): Requested status bar icon for non-badged user 0
04-19 22:19:10.398 W/UserManagerService(  590): Requested status bar icon for non-badged user 0
04-19 22:19:10.409 D/NexusLauncherModelDelegate( 1099): notifySmartspaceEvent: SmartspaceTargetEvent{mSmartspaceTarget=null, mSmartspaceActionId='null', mEventType=7}
04-19 22:19:10.420 D/AppCompatDelegate( 8172): Checking for metadata for AppLocalesMetadataHolderService : Service not found
04-19 22:19:10.441 I/StartupAudit( 8172): activity_created activity=MainActivity displayIndex=0 pid=8172 time=2026-04-19 22:19:10.440
04-19 22:19:10.465 D/FileUtils(  590): Rounded bytes from 3120193536 to 4000000000
04-19 22:19:10.486 D/nativeloader( 8172): Load /data/app/~~vM3jUZgBMEfwCGHKVO-Rdg==/com.impos2.mixcretailassemblyrn84-MMHwhy6mo1n558lbNH6NjQ==/base.apk!/lib/arm64-v8a/libhermesvm.so using ns clns-7 from class loader (caller=/data/app/~~vM3jUZgBMEfwCGHKVO-Rdg==/com.impos2.mixcretailassemblyrn84-MMHwhy6mo1n558lbNH6NjQ==/base.apk): ok
04-19 22:19:10.486 D/nativeloader( 8172): Load /data/app/~~vM3jUZgBMEfwCGHKVO-Rdg==/com.impos2.mixcretailassemblyrn84-MMHwhy6mo1n558lbNH6NjQ==/base.apk!/lib/arm64-v8a/libhermestooling.so using ns clns-7 from class loader (caller=/data/app/~~vM3jUZgBMEfwCGHKVO-Rdg==/com.impos2.mixcretailassemblyrn84-MMHwhy6mo1n558lbNH6NjQ==/base.apk): ok
04-19 22:19:10.486 D/jni_lib_merge( 8172): Entering merged library JNI_OnLoad.
04-19 22:19:10.486 D/jni_lib_merge( 8172): Preparing 4 pre-merged libs (including stub)
04-19 22:19:10.486 D/jni_lib_merge( 8172): Preparing to register libhermes_executor_so.  onload_func: 0x73aa27702c
04-19 22:19:10.486 D/jni_lib_merge( 8172): Preparing to register libhermesinstancejni_so.  onload_func: 0x73aa2a51f8
04-19 22:19:10.486 D/jni_lib_merge( 8172): Preparing to register libjsijniprofiler_so.  onload_func: 0x73aa2a723c
04-19 22:19:10.486 D/jni_lib_merge( 8172): About to register 3 actual methods.
04-19 22:19:10.565 I/resolv  (  388): GetAddrInfoHandler::run: {0 0 0 983040 10212 0}
04-19 22:19:10.568 D/TrafficStats( 8172): tagSocket(100) with statsTag=0xffffffff, statsUid=-1
04-19 22:19:10.596 W/unknown:BridgelessReact( 8172): ReactHost{0}.startSurface(surfaceId = 0): Schedule
04-19 22:19:10.596 W/unknown:BridgelessReact( 8172): ReactHost{0}.attachSurface(surfaceId = 0)
04-19 22:19:10.596 W/unknown:BridgelessReact( 8172): ReactHost{0}.getOrCreateReactInstanceTask()
04-19 22:19:10.597 W/unknown:BridgelessReact( 8172): ReactHost{0}.getOrCreateReactInstanceTask(): Start
04-19 22:19:10.597 W/unknown:BridgelessReact( 8172): ReactHost{0}.getJSBundleLoader()
04-19 22:19:10.597 W/unknown:BridgelessReact( 8172): ReactHost{0}.isMetroRunning()
04-19 22:19:10.599 D/TrafficStats( 8172): tagSocket(102) with statsTag=0xffffffff, statsUid=-1
04-19 22:19:10.604 W/unknown:BridgelessReact( 8172): ReactHost{0}.isMetroRunning(): Async result = true
04-19 22:19:10.605 W/unknown:BridgelessReact( 8172): ReactHost{0}.loadJSBundleFromMetro()
04-19 22:19:10.605 W/ailassemblyrn84( 8172): Accessing hidden method Landroid/view/ViewGroup;->makeOptionalFitsSystemWindows()V (unsupported, reflection, allowed)
04-19 22:19:10.616 W/unknown:BridgelessReact( 8172): ReactHost{0}.onHostResume(activity)
04-19 22:19:10.616 W/unknown:ReactNative( 8172): Packager connection already open, nooping.
04-19 22:19:10.619 W/HWUI    ( 8172): Unknown dataspace 0
04-19 22:19:10.637 W/WindowManager(  590): Failed looking up window session=null callers=com.android.server.wm.WindowManagerService.addWindow:1575 com.android.server.wm.Session.addToDisplayAsUser:257 android.view.IWindowSession$Stub.onTransact:640 
04-19 22:19:10.637 W/WindowManager(  590): Attempted to add window with token that is not a window: null.  Aborting.
04-19 22:19:10.638 E/unknown:ReactNative( 8172): Unable to display loading message because react activity isn't active, message: Loading from localhost:8081…
04-19 22:19:10.647 W/WindowManager(  590): Failed looking up window session=null callers=com.android.server.wm.WindowManagerService.addWindow:1575 com.android.server.wm.Session.addToDisplayAsUser:257 android.view.IWindowSession$Stub.onTransact:640 
04-19 22:19:10.647 W/WindowManager(  590): Attempted to add window with token that is not a window: null.  Aborting.
04-19 22:19:10.648 E/unknown:ReactNative( 8172): Unable to display loading message because react activity isn't active, message: Reloading...
04-19 22:19:10.652 D/CoreBackPreview(  590): Window{7b7a790 u0 com.impos2.mixcretailassemblyrn84/com.impos2.mixcretailassemblyrn84.MainActivity}: Setting back callback OnBackInvokedCallbackInfo{mCallback=android.window.IOnBackInvokedCallback$Stub$Proxy@317acbc, mPriority=0, mIsAnimationCallback=false}
04-19 22:19:10.657 I/EGL_emulation( 8172): Opening libGLESv1_CM_emulation.so
04-19 22:19:10.657 I/EGL_emulation( 8172): Opening libGLESv2_emulation.so
04-19 22:19:10.663 W/HWUI    ( 8172): Failed to choose config with EGL_SWAP_BEHAVIOR_PRESERVED, retrying without...
04-19 22:19:10.663 W/HWUI    ( 8172): Failed to initialize 101010-2 format, error = EGL_SUCCESS
04-19 22:19:10.673 I/hwservicemanager(  162): getTransport: Cannot find entry android.hardware.graphics.mapper@4.0::IMapper/default in either framework or device VINTF manifest.
04-19 22:19:10.673 I/Gralloc4( 8172): mapper 4.x is not supported
04-19 22:19:10.675 I/servicemanager(  157): Caller(pid=8172,uid=10212,sid=u:r:untrusted_app:s0:c212,c256,c512,c768) Could not find android.hardware.graphics.allocator.IAllocator/default in the VINTF manifest. No alternative instances declared in VINTF.
04-19 22:19:10.680 W/FrameTracker( 1099): Missed SF frame:PREDICTION_ERROR, 159117778, 0, CUJ=J<TASKBAR_COLLAPSE::Home to App>
04-19 22:19:10.680 W/FrameTracker( 1099): Missing HWUI jank callback for vsyncId: 159117778, CUJ=J<TASKBAR_COLLAPSE::Home to App>
04-19 22:19:10.680 W/FrameTracker( 1099): Missed SF frame:PREDICTION_ERROR, 159117975, 4530497, CUJ=J<TASKBAR_COLLAPSE::Home to App>
04-19 22:19:10.681 W/FrameTracker( 1099): Missed SF frame:PREDICTION_ERROR, 159117997, 5361081, CUJ=J<TASKBAR_COLLAPSE::Home to App>
04-19 22:19:10.681 W/FrameTracker( 1099): Missed SF frame:PREDICTION_ERROR, 159118041, 4344499, CUJ=J<TASKBAR_COLLAPSE::Home to App>
04-19 22:19:10.681 W/FrameTracker( 1099): Missed SF frame:PREDICTION_ERROR, 159118182, 4705963, CUJ=J<TASKBAR_COLLAPSE::Home to App>
04-19 22:19:10.681 W/FrameTracker( 1099): Missed SF frame:PREDICTION_ERROR, 159118204, 5248963, CUJ=J<TASKBAR_COLLAPSE::Home to App>
04-19 22:19:10.681 W/FrameTracker( 1099): Missed SF frame:PREDICTION_ERROR, 159118219, 6377422, CUJ=J<TASKBAR_COLLAPSE::Home to App>
04-19 22:19:10.681 W/FrameTracker( 1099): Missed SF frame:PREDICTION_ERROR, 159118227, 8386423, CUJ=J<TASKBAR_COLLAPSE::Home to App>
04-19 22:19:10.681 W/FrameTracker( 1099): Missed SF frame:PREDICTION_ERROR, 159118235, 4894299, CUJ=J<TASKBAR_COLLAPSE::Home to App>
04-19 22:19:10.681 W/FrameTracker( 1099): Missed SF frame:PREDICTION_ERROR, 159118243, 4018674, CUJ=J<TASKBAR_COLLAPSE::Home to App>
04-19 22:19:10.681 V/PerfettoTrigger( 1099): Triggering /system/bin/trigger_perfetto com.android.telemetry.interaction-jank-monitor-61
04-19 22:19:10.703 W/ziparchive(  590): Unable to open '/data/app/~~vM3jUZgBMEfwCGHKVO-Rdg==/com.impos2.mixcretailassemblyrn84-MMHwhy6mo1n558lbNH6NjQ==/base.dm': No such file or directory
04-19 22:19:10.703 I/ActivityTaskManager(  590): Displayed com.impos2.mixcretailassemblyrn84/.MainActivity for user 0: +649ms
04-19 22:19:10.706 I/BpBinder(  439): onLastStrongRef automatically unlinking death recipients: 
04-19 22:19:10.714 D/BaseDepthController( 1099): setSurface:
04-19 22:19:10.714 D/BaseDepthController( 1099): 	mWaitingOnSurfaceValidity: false
04-19 22:19:10.714 D/BaseDepthController( 1099): 	mSurface: null
04-19 22:19:10.714 D/BaseDepthController( 1099): mSurface is null and mCurrentBlur is: 0
04-19 22:19:10.714 D/StateManager( 1099): goToState - fromState: Normal, toState: Normal, partial trace:
04-19 22:19:10.714 D/StateManager( 1099): 	at com.android.launcher3.statemanager.StateManager.moveToRestState(go/retraceme 6422cbaa18704413bfb3e93ebb8478614d3644845132061bc54b1fae066de31d:4)
04-19 22:19:10.714 D/StateManager( 1099): 	at com.android.launcher3.statemanager.StateManager.moveToRestState(go/retraceme 6422cbaa18704413bfb3e93ebb8478614d3644845132061bc54b1fae066de31d:1)
04-19 22:19:10.714 D/StateManager( 1099): 	at com.android.launcher3.statemanager.StatefulActivity.onStop(go/retraceme 6422cbaa18704413bfb3e93ebb8478614d3644845132061bc54b1fae066de31d:34)
04-19 22:19:10.715 D/StatsLog( 1099): LAUNCHER_ONSTOP
04-19 22:19:10.715 I/AppWidgetServiceImpl(  590): setAppWidgetHidden() 0
04-19 22:19:10.715 D/StatsLog( 1099): LAUNCHER_GOOGLE_SEARCH_RESTORE_LIST_SIZE_AFTER_ACTIVITY_RESTART
04-19 22:19:10.716 D/OneSearchSuggestProvider( 1099): Shut down the binder channel
04-19 22:19:10.717 I/IPCThreadState( 1099): oneway function results for code 2 on binder at 0xb4000075db32fd80 will be dropped but finished with status UNKNOWN_TRANSACTION
04-19 22:19:10.729 D/MainActivity( 8172): Skipped RN onWindowFocusChanged before React context is ready: hasFocus=true
04-19 22:19:10.731 I/ImeTracker(  590): com.impos2.mixcretailassemblyrn84:fed185b6: onRequestHide at ORIGIN_SERVER reason HIDE_UNSPECIFIED_WINDOW fromUser false
04-19 22:19:10.731 I/ImeTracker(  590): com.impos2.mixcretailassemblyrn84:fed185b6: onCancelled at PHASE_SERVER_SHOULD_HIDE
04-19 22:19:10.732 I/GoogleInputMethodService(20885): GoogleInputMethodService.onFinishInput():3157 
04-19 22:19:10.733 I/GoogleInputMethodService(20885): GoogleInputMethodService.updateDeviceLockedStatus():2248 repeatCheckTimes = 0, locked = false
04-19 22:19:10.733 I/GoogleInputMethodService(20885): GoogleInputMethodService.onStartInput():1986 onStartInput(EditorInfo{EditorInfo{packageName=com.impos2.mixcretailassemblyrn84, inputType=0, inputTypeString=NULL, enableLearning=false, autoCorrection=false, autoComplete=false, imeOptions=0, privateImeOptions=null, actionName=UNSPECIFIED, actionLabel=null, initialSelStart=-1, initialSelEnd=-1, initialCapsMode=0, label=null, fieldId=0, fieldName=null, extras=null, hintText=null, hintLocales=[]}}, false)
04-19 22:19:10.733 I/GoogleInputMethodService(20885): GoogleInputMethodService.updateDeviceLockedStatus():2248 repeatCheckTimes = 1, locked = false
04-19 22:19:10.734 I/AndroidIME(20885): InputBundleManager.loadActiveInputBundleId():450 loadActiveInputBundleId: und-Latn-x-password, password
04-19 22:19:10.734 W/PackageConfigPersister(  590): App-specific configuration not found for packageName: com.impos2.mixcretailassemblyrn84 and userId: 0
04-19 22:19:10.855 I/ailassemblyrn84( 8172): Compiler allocated 4206KB to compile void android.widget.TextView.<init>(android.content.Context, android.util.AttributeSet, int, int)
04-19 22:19:10.903 I/ailassemblyrn84( 8172): Compiler allocated 5250KB to compile void android.view.ViewRootImpl.performTraversals()
04-19 22:19:11.007 W/unknown:BridgelessReact( 8172): ReactHost{0}.loadJSBundleFromMetro(): Creating BundleLoader
04-19 22:19:11.008 W/unknown:BridgelessReact( 8172): ReactHost{0}.getOrCreateReactInstanceTask(): Creating BridgelessReactContext
04-19 22:19:11.009 W/unknown:BridgelessReact( 8172): ReactHost{0}.getOrCreateReactInstanceTask(): Creating ReactInstance
04-19 22:19:11.026 D/TrafficStats( 8172): tagSocket(134) with statsTag=0xffffffff, statsUid=-1
04-19 22:19:11.049 W/unknown:BridgelessReact( 8172): ReactHost{0}.getOrCreateReactInstanceTask(): Loading JS Bundle
04-19 22:19:11.049 W/unknown:BridgelessReact( 8172): ReactHost{0}.getOrCreateReactInstanceTask(): DevSupportManager.onNewReactContextCreated()
04-19 22:19:11.053 W/unknown:ReactNative( 8172): Packager connection already open, nooping.
04-19 22:19:11.053 W/unknown:BridgelessReact( 8172): ReactHost{0}.startSurface(surfaceId = 0): Execute
04-19 22:19:11.054 W/unknown:BridgelessReact( 8172): ReactHost{0}.ReactContext.onHostResume()
04-19 22:19:11.054 W/unknown:BridgelessReact( 8172): ReactHost{0}.getOrCreateReactInstanceTask(): Executing ReactInstanceEventListeners
04-19 22:19:11.062 W/InteractionJankMonitor( 8172): Initializing without READ_DEVICE_CONFIG permission. enabled=true, interval=1, missedFrameThreshold=3, frameTimeThreshold=64, package=com.impos2.mixcretailassemblyrn84
04-19 22:19:11.063 W/WindowOnBackDispatcher(  836): sendCancelIfRunning: isInProgress=false callback=android.view.ViewRootImpl$$ExternalSyntheticLambda11@fa06ba8
04-19 22:19:11.063 D/CoreBackPreview(  590): Window{812042c u0 Splash Screen com.impos2.mixcretailassemblyrn84 EXITING}: Setting back callback null
04-19 22:19:11.063 W/InputManager-JNI(  590): Input channel object '812042c Splash Screen com.impos2.mixcretailassemblyrn84 (client)' was disposed without first being removed with the input manager!
04-19 22:19:11.081 I/netd    (  388): tetherGetStats() -> {[]} <0.37ms>
04-19 22:19:11.113 W/FrameTracker(  836): Missed SF frame:PREDICTION_ERROR, 159118437, 6038350, CUJ=J<SPLASHSCREEN_EXIT_ANIM>
04-19 22:19:11.113 W/FrameTracker(  836): Missed SF frame:PREDICTION_ERROR, 159118495, 4832768, CUJ=J<SPLASHSCREEN_EXIT_ANIM>
04-19 22:19:11.113 W/FrameTracker(  836): Missed SF frame:PREDICTION_ERROR, 159118605, 0, CUJ=J<SPLASHSCREEN_EXIT_ANIM>
04-19 22:19:11.113 W/FrameTracker(  836): Missing HWUI jank callback for vsyncId: 159118605, CUJ=J<SPLASHSCREEN_EXIT_ANIM>
04-19 22:19:11.113 W/FrameTracker(  836): Missed SF frame:PREDICTION_ERROR, 159118671, 3628149, CUJ=J<SPLASHSCREEN_EXIT_ANIM>
04-19 22:19:11.113 W/FrameTracker(  836): Missing HWUI jank callback for vsyncId: 159118759, CUJ=J<SPLASHSCREEN_EXIT_ANIM>
04-19 22:19:11.113 W/FrameTracker(  836): Missing HWUI jank callback for vsyncId: 159118825, CUJ=J<SPLASHSCREEN_EXIT_ANIM>
04-19 22:19:11.113 V/PerfettoTrigger(  836): Triggering /system/bin/trigger_perfetto com.android.telemetry.interaction-jank-monitor-39
04-19 22:19:11.123 I/FontLog (  937): Received query Noto Color Emoji Compat, URI content://com.google.android.gms.fonts [CONTEXT service_id=132 ]
04-19 22:19:11.123 I/FontLog (  937): Query [emojicompat-emoji-font] resolved to {Noto Color Emoji Compat, wdth 100.0, wght 400, ital 0.0, bestEffort false} [CONTEXT service_id=132 ]
04-19 22:19:11.124 I/FontLog (  937): Fetch {Noto Color Emoji Compat, wdth 100.0, wght 400, ital 0.0, bestEffort false} end status Status{statusCode=SUCCESS, resolution=null} [CONTEXT service_id=132 ]
04-19 22:19:11.128 I/FontLog (  937): Pulling font file for id = 11, cache size = 4 [CONTEXT service_id=132 ]
04-19 22:19:11.132 I/FontLog (  937): Pulling font file for id = 11, cache size = 4 [CONTEXT service_id=132 ]
04-19 22:19:11.190 I/WebViewFactory( 8172): Loading com.google.android.webview version 124.0.6367.219 (code 636771932)
04-19 22:19:11.194 V/ResourcesManager( 8172): The following library key has been added: ResourcesKey{ mHash=c8c12262 mResDir=null mSplitDirs=[] mOverlayDirs=[/product/overlay/NavigationBarModeGestural/NavigationBarModeGesturalOverlay.apk,/data/resource-cache/com.android.systemui-neutral-vw0M.frro,/data/resource-cache/com.android.systemui-accent-rQ5e.frro,/data/resource-cache/com.android.systemui-dynamic-RCbR.frro] mLibDirs=[/data/app/~~j4BrjP0JsvTGmjdLkkfrgg==/com.google.android.webview-lp5hhYzxsBeFuV03zuxwaw==/WebViewGoogle.apk,/data/app/~~JXob4Tig8lkoK6grnIoRDQ==/com.google.android.trichromelibrary_636771932-v7-OhOMBuMGJ9HOdFxznSA==/TrichromeLibrary.apk,/system_ext/framework/androidx.window.extensions.jar] mDisplayId=0 mOverrideConfig=v35 mCompatInfo={320dpi always-compat} mLoaders=[]}
04-19 22:19:11.194 W/ziparchive( 8172): Unable to open '/data/app/~~JXob4Tig8lkoK6grnIoRDQ==/com.google.android.trichromelibrary_636771932-v7-OhOMBuMGJ9HOdFxznSA==/TrichromeLibrary.dm': No such file or directory
04-19 22:19:11.194 W/ziparchive( 8172): Unable to open '/data/app/~~JXob4Tig8lkoK6grnIoRDQ==/com.google.android.trichromelibrary_636771932-v7-OhOMBuMGJ9HOdFxznSA==/TrichromeLibrary.dm': No such file or directory
04-19 22:19:11.194 W/ailassemblyrn84( 8172): Entry not found
04-19 22:19:11.195 D/nativeloader( 8172): Configuring clns-8 for other apk /data/app/~~JXob4Tig8lkoK6grnIoRDQ==/com.google.android.trichromelibrary_636771932-v7-OhOMBuMGJ9HOdFxznSA==/TrichromeLibrary.apk. target_sdk_version=34, uses_libraries=ALL, library_path=/data/app/~~j4BrjP0JsvTGmjdLkkfrgg==/com.google.android.webview-lp5hhYzxsBeFuV03zuxwaw==/lib/arm64:/data/app/~~j4BrjP0JsvTGmjdLkkfrgg==/com.google.android.webview-lp5hhYzxsBeFuV03zuxwaw==/WebViewGoogle.apk!/lib/arm64-v8a:/data/app/~~JXob4Tig8lkoK6grnIoRDQ==/com.google.android.trichromelibrary_636771932-v7-OhOMBuMGJ9HOdFxznSA==/TrichromeLibrary.apk!/lib/arm64-v8a, permitted_path=/data:/mnt/expand
04-19 22:19:11.195 D/ApplicationLoaders( 8172): Returning zygote-cached class loader: /system_ext/framework/androidx.window.extensions.jar
04-19 22:19:11.195 D/nativeloader( 8172): Configuring clns-9 for other apk /data/app/~~j4BrjP0JsvTGmjdLkkfrgg==/com.google.android.webview-lp5hhYzxsBeFuV03zuxwaw==/WebViewGoogle.apk. target_sdk_version=34, uses_libraries=, library_path=/data/app/~~j4BrjP0JsvTGmjdLkkfrgg==/com.google.android.webview-lp5hhYzxsBeFuV03zuxwaw==/lib/arm64:/data/app/~~j4BrjP0JsvTGmjdLkkfrgg==/com.google.android.webview-lp5hhYzxsBeFuV03zuxwaw==/WebViewGoogle.apk!/lib/arm64-v8a:/data/app/~~JXob4Tig8lkoK6grnIoRDQ==/com.google.android.trichromelibrary_636771932-v7-OhOMBuMGJ9HOdFxznSA==/TrichromeLibrary.apk!/lib/arm64-v8a, permitted_path=/data:/mnt/expand
04-19 22:19:11.196 I/AppsFilter(  590): interaction: PackageSetting{c727839 com.impos2.mixcretailassemblyrn84/10212} -> PackageSetting{2c3e051 com.android.cts.priv.ctsshim/10197} BLOCKED
04-19 22:19:11.196 I/AppsFilter(  590): interaction: PackageSetting{c727839 com.impos2.mixcretailassemblyrn84/10212} -> PackageSetting{b6560b6 com.google.android.youtube/10169} BLOCKED
04-19 22:19:11.196 I/AppsFilter(  590): interaction: PackageSetting{c727839 com.impos2.mixcretailassemblyrn84/10212} -> PackageSetting{65d1b7 com.android.internal.display.cutout.emulation.corner/10003} BLOCKED
04-19 22:19:11.196 I/AppsFilter(  590): interaction: PackageSetting{c727839 com.impos2.mixcretailassemblyrn84/10212} -> PackageSetting{bca3d24 com.google.android.apps.mediashell/10124} BLOCKED
04-19 22:19:11.196 I/AppsFilter(  590): interaction: PackageSetting{c727839 com.impos2.mixcretailassemblyrn84/10212} -> PackageSetting{c8aede0 com.impos2.posadapter/10229} BLOCKED
04-19 22:19:11.196 I/AppsFilter(  590): interaction: PackageSetting{c727839 com.impos2.mixcretailassemblyrn84/10212} -> PackageSetting{195308d com.android.internal.display.cutout.emulation.double/10004} BLOCKED
04-19 22:19:11.196 I/AppsFilter(  590): interaction: PackageSetting{c727839 com.impos2.mixcretailassemblyrn84/10212} -> PackageSetting{b5ed242 com.google.android.carrierlocation/10119} BLOCKED
04-19 22:19:11.196 I/AppsFilter(  590): interaction: PackageSetting{c727839 com.impos2.mixcretailassemblyrn84/10212} -> PackageSetting{c7bd253 com.google.android.googlequicksearchbox/10144} BLOCKED
04-19 22:19:11.196 I/AppsFilter(  590): interaction: PackageSetting{c727839 com.impos2.mixcretailassemblyrn84/10212} -> PackageSetting{a000790 com.android.settings.overlay.tangorpro/10044} BLOCKED
04-19 22:19:11.196 I/AppsFilter(  590): interaction: PackageSetting{c727839 com.impos2.mixcretailassemblyrn84/10212} -> PackageSetting{db14889 com.google.android.onetimeinitializer/10126} BLOCKED
04-19 22:19:11.196 I/AppsFilter(  590): interaction: PackageSetting{c727839 com.impos2.mixcretailassemblyrn84/10212} -> PackageSetting{b8bd08e com.google.android.ext.shared/10109} BLOCKED
04-19 22:19:11.196 I/AppsFilter(  590): interaction: PackageSetting{c727839 com.impos2.mixcretailassemblyrn84/10212} -> PackageSetting{fe740af com.android.virtualmachine.res/10195} BLOCKED
04-19 22:19:11.196 I/AppsFilter(  590): interaction: PackageSetting{c727839 com.impos2.mixcretailassemblyrn84/10212} -> PackageSetting{1860cbc com.android.managedprovisioning.auto_generated_rro_product__/10034} BLOCKED
04-19 22:19:11.196 I/AppsFilter(  590): interaction: PackageSetting{c727839 com.impos2.mixcretailassemblyrn84/10212} -> PackageSetting{35ce445 com.google.android.apps.nest.castauth/10121} BLOCKED
