04-19 22:19:14.865 I/TopTaskTracker( 1099): onTaskMovedToFront: (removing top task on home display) taskId=819, baseIntent=Intent { flg=0x10000000 cmp=com.impos2.mixcretailassemblyrn84/.MainActivity }
04-19 22:19:14.871 D/Zygote  (  389): Forked child process 8251
04-19 22:19:14.871 I/ActivityManager(  590): Start proc 8251:com.impos2.mixcretailassemblyrn84:secondary/u0a212 for next-top-activity {com.impos2.mixcretailassemblyrn84/com.impos2.mixcretailassemblyrn84.SecondaryActivity}
04-19 22:19:14.876 I/BpBinder(  439): onLastStrongRef automatically unlinking death recipients: 
04-19 22:19:14.877 D/CoreBackPreview(  590): Window{cc5e611 u0 Splash Screen com.impos2.mixcretailassemblyrn84}: Setting back callback OnBackInvokedCallbackInfo{mCallback=android.window.IOnBackInvokedCallback$Stub$Proxy@a314de4, mPriority=0, mIsAnimationCallback=false}
04-19 22:19:14.881 W/.apps.wellbeing(22500): ApkAssets: Deleting an ApkAssets object '<empty> and /product/app/YouTube/YouTube.apk' with 1 weak references
04-19 22:19:14.881 I/netd    (  388): tetherGetStats() -> {[]} <0.27ms>
04-19 22:19:14.881 W/.apps.wellbeing(22500): ApkAssets: Deleting an ApkAssets object '<empty> and /product/overlay/DisplayCutoutEmulationCorner/DisplayCutoutEmulationCornerOverlay.apk' with 1 weak references
04-19 22:19:14.881 W/.apps.wellbeing(22500): ApkAssets: Deleting an ApkAssets object '<empty> and /apex/com.android.extservices/priv-app/GoogleExtServices@350820300/GoogleExtServices.apk' with 1 weak references
04-19 22:19:14.881 W/.apps.wellbeing(22500): ApkAssets: Deleting an ApkAssets object '<empty> and /product/priv-app/AndroidMediaShell/AndroidMediaShell.apk' with 1 weak references
04-19 22:19:14.881 W/.apps.wellbeing(22500): ApkAssets: Deleting an ApkAssets object '<empty> and /data/app/~~3N3vn8w5y8ccHDq5787iUQ==/com.impos2.posadapter-DxY_tj3LXZX-sctZUEAa_g==/base.apk' with 1 weak references
04-19 22:19:14.881 W/.apps.wellbeing(22500): ApkAssets: Deleting an ApkAssets object '<empty> and /product/overlay/DisplayCutoutEmulationDouble/DisplayCutoutEmulationDoubleOverlay.apk' with 1 weak references
04-19 22:19:14.881 W/.apps.wellbeing(22500): ApkAssets: Deleting an ApkAssets object '<empty> and /system/priv-app/TelephonyProvider/TelephonyProvider.apk' with 1 weak references
04-19 22:19:14.881 W/.apps.wellbeing(22500): ApkAssets: Deleting an ApkAssets object '/product/overlay/TelephonyProvider__tablet__auto_generated_characteristics_rro.apk' with 1 weak references
04-19 22:19:14.881 W/.apps.wellbeing(22500): ApkAssets: Deleting an ApkAssets object '<empty> and /product/priv-app/CarrierLocation/CarrierLocation.apk' with 1 weak references
04-19 22:19:14.881 W/.apps.wellbeing(22500): ApkAssets: Deleting an ApkAssets object '<empty> and /system/priv-app/DynamicSystemInstallationService/DynamicSystemInstallationService.apk' with 1 weak references
04-19 22:19:14.881 W/.apps.wellbeing(22500): ApkAssets: Deleting an ApkAssets object '<empty> and /product/priv-app/Velvet/Velvet.apk' with 1 weak references
04-19 22:19:14.881 W/.apps.wellbeing(22500): ApkAssets: Deleting an ApkAssets object '<empty> and /system/priv-app/CalendarProvider/CalendarProvider.apk' with 1 weak references
04-19 22:19:14.882 W/.apps.wellbeing(22500): ApkAssets: Deleting an ApkAssets object '<empty> and /product/priv-app/GoogleOneTimeInitializer/GoogleOneTimeInitializer.apk' with 1 weak references
04-19 22:19:14.882 W/.apps.wellbeing(22500): ApkAssets: Deleting an ApkAssets object '<empty> and /system/app/GoogleExtShared/GoogleExtShared.apk' with 1 weak references
04-19 22:19:14.882 W/.apps.wellbeing(22500): ApkAssets: Deleting an ApkAssets object '<empty> and /product/priv-app/CastAuthPrebuilt/CastAuthPrebuilt.apk' with 1 weak references
04-19 22:19:14.882 W/.apps.wellbeing(22500): ApkAssets: Deleting an ApkAssets object '<empty> and /system_ext/priv-app/DockSetup/DockSetup.apk' with 1 weak references
04-19 22:19:14.882 W/.apps.wellbeing(22500): ApkAssets: Deleting an ApkAssets object '/product/overlay/DockSetup__sdk_gtablet_arm64__auto_generated_rro_product.apk' with 1 weak references
04-19 22:19:14.882 W/.apps.wellbeing(22500): ApkAssets: Deleting an ApkAssets object '<empty> and /system/priv-app/ExternalStorageProvider/ExternalStorageProvider.apk' with 1 weak references
04-19 22:19:14.882 W/.apps.wellbeing(22500): ApkAssets: Deleting an ApkAssets object '<empty> and /system/app/HTMLViewer/HTMLViewer.apk' with 1 weak references
04-19 22:19:14.882 W/.apps.wellbeing(22500): ApkAssets: Deleting an ApkAssets object '<empty> and /system/app/CompanionDeviceManager/CompanionDeviceManager.apk' with 1 weak references
04-19 22:19:14.882 W/.apps.wellbeing(22500): ApkAssets: Deleting an ApkAssets object '/product/overlay/CompanionDeviceManager__tablet__auto_generated_characteristics_rro.apk' with 1 weak references
04-19 22:19:14.882 W/.apps.wellbeing(22500): ApkAssets: Deleting an ApkAssets object '<empty> and /system/priv-app/DownloadProvider/DownloadProvider.apk' with 1 weak references
04-19 22:19:14.882 W/.apps.wellbeing(22500): ApkAssets: Deleting an ApkAssets object '<empty> and /product/app/messaging/messaging.apk' with 1 weak references
04-19 22:19:14.882 W/.apps.wellbeing(22500): ApkAssets: Deleting an ApkAssets object '<empty> and /product/app/SoundPickerPrebuilt/SoundPickerPrebuilt.apk' with 1 weak references
04-19 22:19:14.882 W/.apps.wellbeing(22500): ApkAssets: Deleting an ApkAssets object '<empty> and /apex/com.android.mediaprovider/priv-app/MediaProviderGoogle@350820300/MediaProviderGoogle.apk' with 1 weak references
04-19 22:19:14.882 W/.apps.wellbeing(22500): ApkAssets: Deleting an ApkAssets object '<empty> and /data/app/~~vM3jUZgBMEfwCGHKVO-Rdg==/com.impos2.mixcretailassemblyrn84-MMHwhy6mo1n558lbNH6NjQ==/base.apk' with 1 weak references
04-19 22:19:14.882 W/.apps.wellbeing(22500): ApkAssets: Deleting an ApkAssets object '<empty> and /system/priv-app/DownloadProviderUi/DownloadProviderUi.apk' with 1 weak references
04-19 22:19:14.882 W/.apps.wellbeing(22500): ApkAssets: Deleting an ApkAssets object '<empty> and /apex/com.android.wifi/app/OsuLoginGoogle@350820300/OsuLoginGoogle.apk' with 1 weak references
04-19 22:19:14.882 W/.apps.wellbeing(22500): ApkAssets: Deleting an ApkAssets object '<empty> and /system/app/PacProcessor/PacProcessor.apk' with 1 weak references
04-19 22:19:14.882 W/.apps.wellbeing(22500): ApkAssets: Deleting an ApkAssets object '<empty> and /system/app/SimAppDialog/SimAppDialog.apk' with 1 weak references
04-19 22:19:14.882 W/.apps.wellbeing(22500): ApkAssets: Deleting an ApkAssets object '<empty> and /apex/com.android.adservices/priv-app/AdServicesApkGoogle@350820260/AdServicesApkGoogle.apk' with 1 weak references
04-19 22:19:14.882 W/.apps.wellbeing(22500): ApkAssets: Deleting an ApkAssets object '<empty> and /product/overlay/DisplayCutoutEmulationHole/DisplayCutoutEmulationHoleOverlay.apk' with 1 weak references
04-19 22:19:14.882 W/.apps.wellbeing(22500): ApkAssets: Deleting an ApkAssets object '<empty> and /product/overlay/DisplayCutoutEmulationTall/DisplayCutoutEmulationTallOverlay.apk' with 1 weak references
04-19 22:19:14.882 W/.apps.wellbeing(22500): ApkAssets: Deleting an ApkAssets object '<empty> and /system/app/CertInstaller/CertInstaller.apk' with 1 weak references
04-19 22:19:14.882 W/.apps.wellbeing(22500): ApkAssets: Deleting an ApkAssets object '<empty> and /product/app/talkback/talkback.apk' with 1 weak references
04-19 22:19:14.883 W/.apps.wellbeing(22500): ApkAssets: Deleting an ApkAssets object '/vendor/overlay/EmulatorTalkBackOverlay/EmulatorTalkBackOverlay.apk' with 1 weak references
04-19 22:19:14.883 W/.apps.wellbeing(22500): ApkAssets: Deleting an ApkAssets object '<empty> and /product/overlay/NavigationBarMode3Button/NavigationBarMode3ButtonOverlay.apk' with 1 weak references
04-19 22:19:14.883 W/.apps.wellbeing(22500): ApkAssets: Deleting an ApkAssets object '<empty> and /product/priv-app/HotwordEnrollmentXGoogleFUSIONPro/HotwordEnrollmentXGoogleFUSIONPro.apk' with 1 weak references
04-19 22:19:14.883 W/.apps.wellbeing(22500): ApkAssets: Deleting an ApkAssets object '<empty> and /product/app/Camera2/Camera2.apk' with 1 weak references
04-19 22:19:14.883 W/.apps.wellbeing(22500): ApkAssets: Deleting an ApkAssets object '<empty> and /system/app/EasterEgg/EasterEgg.apk' with 1 weak references
04-19 22:19:14.883 W/.apps.wellbeing(22500): ApkAssets: Deleting an ApkAssets object '<empty> and /system/priv-app/MtpService/MtpService.apk' with 1 weak references
04-19 22:19:14.883 W/.apps.wellbeing(22500): ApkAssets: Deleting an ApkAssets object '<empty> and /apex/com.android.nfcservices/priv-app/NfcNciApexGoogle@AE3A.240806.046.T1/NfcNciApexGoogle.apk' with 1 weak references
04-19 22:19:14.883 W/.apps.wellbeing(22500): ApkAssets: Deleting an ApkAssets object '<empty> and /system/app/Stk/Stk.apk' with 1 weak references
04-19 22:19:14.883 W/.apps.wellbeing(22500): ApkAssets: Deleting an ApkAssets object '<empty> and /system_ext/priv-app/TheFlippinApp/TheFlippinApp.apk' with 1 weak references
04-19 22:19:14.883 W/.apps.wellbeing(22500): ApkAssets: Deleting an ApkAssets object '<empty> and /product/app/PrebuiltDeskClockGoogle/PrebuiltDeskClockGoogle.apk' with 1 weak references
04-19 22:19:14.883 W/.apps.wellbeing(22500): ApkAssets: Deleting an ApkAssets object '<empty> and /product/overlay/NavigationBarMode2Button/NavigationBarMode2ButtonOverlay.apk' with 1 weak references
04-19 22:19:14.883 W/.apps.wellbeing(22500): ApkAssets: Deleting an ApkAssets object '<empty> and /product/priv-app/DevicePersonalizationPrebuiltPixelTablet2023-aiai_20240329.00_RC16/DevicePersonalizationPrebuiltPixelTablet2023-aiai_20240329.00_RC16.apk' with 1 weak references
04-19 22:19:14.883 W/.apps.wellbeing(22500): ApkAssets: Deleting an ApkAssets object '<empty> and /product/app/PrebuiltGmail/PrebuiltGmail.apk' with 1 weak references
04-19 22:19:14.883 W/.apps.wellbeing(22500): ApkAssets: Deleting an ApkAssets object '<empty> and /data/app/~~nQsa2q86KwKnft4F4UFHRw==/com.impos2.mixcretailrn84-XalgpTe7Iu_hGdaeMct8gg==/base.apk' with 1 weak references
04-19 22:19:14.883 W/.apps.wellbeing(22500): ApkAssets: Deleting an ApkAssets object '<empty> and /apex/com.android.permission/priv-app/GooglePermissionController@350820360/GooglePermissionController.apk' with 1 weak references
04-19 22:19:14.884 W/.apps.wellbeing(22500): ApkAssets: Deleting an ApkAssets object '/product/overlay/GooglePermissionControllerOverlay.apk' with 1 weak references
04-19 22:19:14.884 W/.apps.wellbeing(22500): ApkAssets: Deleting an ApkAssets object '<empty> and /apex/com.android.btservices/app/BluetoothGoogle@342010060/BluetoothGoogle.apk' with 1 weak references
04-19 22:19:14.884 W/.apps.wellbeing(22500): ApkAssets: Deleting an ApkAssets object '<empty> and /system/priv-app/SettingsProvider/SettingsProvider.apk' with 1 weak references
04-19 22:19:14.884 W/.apps.wellbeing(22500): ApkAssets: Deleting an ApkAssets object '/vendor/overlay/SettingsProvider__sdk_gtablet_arm64__auto_generated_rro_vendor.apk' with 1 weak references
04-19 22:19:14.884 W/.apps.wellbeing(22500): ApkAssets: Deleting an ApkAssets object '/product/overlay/LargeScreenSettingsProviderOverlay.apk' with 1 weak references
04-19 22:19:14.884 W/.apps.wellbeing(22500): ApkAssets: Deleting an ApkAssets object '/product/overlay/SettingsProvider__sdk_gtablet_arm64__auto_generated_rro_product.apk' with 1 weak references
04-19 22:19:14.884 W/.apps.wellbeing(22500): ApkAssets: Deleting an ApkAssets object '/product/overlay/TitanSettingsProviderOverlay.apk' with 1 weak references
04-19 22:19:14.884 W/.apps.wellbeing(22500): ApkAssets: Deleting an ApkAssets object '<empty> and /system/app/PrintSpooler/PrintSpooler.apk' with 1 weak references
04-19 22:19:14.884 W/.apps.wellbeing(22500): ApkAssets: Deleting an ApkAssets object '<empty> and /product/priv-app/HotwordEnrollmentOKGoogleFUSIONPro/HotwordEnrollmentOKGoogleFUSIONPro.apk' with 1 weak references
04-19 22:19:14.884 W/.apps.wellbeing(22500): ApkAssets: Deleting an ApkAssets object '<empty> and /system/app/BasicDreams/BasicDreams.apk' with 1 weak references
04-19 22:19:14.884 W/.apps.wellbeing(22500): ApkAssets: Deleting an ApkAssets object '<empty> and /product/priv-app/DeviceIntelligenceNetworkPrebuilt-astrea_20240329.00_RC02/DeviceIntelligenceNetworkPrebuilt-astrea_20240329.00_RC02.apk' with 1 weak references
04-19 22:19:14.884 W/.apps.wellbeing(22500): ApkAssets: Deleting an ApkAssets object '<empty> and /system/priv-app/InputDevices/InputDevices.apk' with 1 weak references
04-19 22:19:14.884 W/.apps.wellbeing(22500): ApkAssets: Deleting an ApkAssets object '<empty> and /apex/com.android.devicelock/priv-app/DeviceLockControllerGoogle@AE3A.240806.046.T1/DeviceLockControllerGoogle.apk' with 1 weak references
04-19 22:19:14.884 W/.apps.wellbeing(22500): ApkAssets: Deleting an ApkAssets object '<empty> and /system/priv-app/BuiltInPrintService/BuiltInPrintService.apk' with 1 weak references
04-19 22:19:14.884 W/.apps.wellbeing(22500): ApkAssets: Deleting an ApkAssets object '<empty> and /system/app/CaptivePortalLoginGoogle/CaptivePortalLoginGoogle.apk' with 1 weak references
04-19 22:19:14.884 W/.apps.wellbeing(22500): ApkAssets: Deleting an ApkAssets object '<empty> and /system/priv-app/MusicFX/MusicFX.apk' with 1 weak references
04-19 22:19:14.884 W/.apps.wellbeing(22500): ApkAssets: Deleting an ApkAssets object '<empty> and /product/app/Drive/Drive.apk' with 1 weak references
04-19 22:19:14.886 I/yrn84:secondary( 8251): Late-enabling -Xcheck:jni
04-19 22:19:14.886 W/.apps.wellbeing(22500): ApkAssets: Deleting an ApkAssets object '<empty> and /product/app/Maps/Maps.apk' with 1 weak references
04-19 22:19:14.886 W/.apps.wellbeing(22500): ApkAssets: Deleting an ApkAssets object '<empty> and /product/app/ModuleMetadataGoogle/ModuleMetadataGoogle.apk' with 1 weak references
04-19 22:19:14.887 W/.apps.wellbeing(22500): ApkAssets: Deleting an ApkAssets object '<empty> and /product/overlay/DisplayCutoutEmulationEmu01/DisplayCutoutEmulationEmu01Overlay.apk' with 1 weak references
04-19 22:19:14.887 W/.apps.wellbeing(22500): ApkAssets: Deleting an ApkAssets object '<empty> and /system_ext/priv-app/AvatarPickerGoogle/AvatarPickerGoogle.apk' with 1 weak references
04-19 22:19:14.887 W/.apps.wellbeing(22500): ApkAssets: Deleting an ApkAssets object '<empty> and /product/priv-app/KidsHomePrebuilt/KidsHomePrebuilt.apk' with 1 weak references
04-19 22:19:14.887 W/.apps.wellbeing(22500): ApkAssets: Deleting an ApkAssets object '<empty> and /product/app/MarkupGoogle_v2/MarkupGoogle_v2.apk' with 1 weak references
04-19 22:19:14.887 W/.apps.wellbeing(22500): ApkAssets: Deleting an ApkAssets object '<empty> and /system/priv-app/NetworkStackGoogle/NetworkStackGoogle.apk' with 1 weak references
04-19 22:19:14.887 W/.apps.wellbeing(22500): ApkAssets: Deleting an ApkAssets object '<empty> and /apex/com.android.rkpd/priv-app/rkpdapp.google@350820300/rkpdapp.google.apk' with 1 weak references
04-19 22:19:14.887 W/.apps.wellbeing(22500): ApkAssets: Deleting an ApkAssets object '<empty> and /product/app/GoogleContacts/GoogleContacts.apk' with 1 weak references
04-19 22:19:14.887 W/.apps.wellbeing(22500): ApkAssets: Deleting an ApkAssets object '<empty> and /system/priv-app/Telecom/Telecom.apk' with 1 weak references
04-19 22:19:14.887 W/.apps.wellbeing(22500): ApkAssets: Deleting an ApkAssets object '<empty> and /system/app/KeyChain/KeyChain.apk' with 1 weak references
04-19 22:19:14.887 W/.apps.wellbeing(22500): ApkAssets: Deleting an ApkAssets object '<empty> and /data/app/~~jwwipswfUo6k7ZtZC8X7aA==/com.android.chrome-NMopD1rBq8HOO9jbTqHd9w==/Chrome.apk' with 1 weak references
04-19 22:19:14.887 W/.apps.wellbeing(22500): ApkAssets: Deleting an ApkAssets object '<empty> and /data/app/~~JXob4Tig8lkoK6grnIoRDQ==/com.google.android.trichromelibrary_636771932-v7-OhOMBuMGJ9HOdFxznSA==/TrichromeLibrary.apk' with 1 weak references
04-19 22:19:14.887 W/.apps.wellbeing(22500): ApkAssets: Deleting an ApkAssets object '<empty> and /product/priv-app/Dialer/Dialer.apk' with 1 weak references
04-19 22:19:14.887 W/.apps.wellbeing(22500): ApkAssets: Deleting an ApkAssets object '<empty> and /system/priv-app/GooglePackageInstaller/GooglePackageInstaller.apk' with 1 weak references
04-19 22:19:14.887 W/.apps.wellbeing(22500): ApkAssets: Deleting an ApkAssets object '<empty> and /product/app/PixelThemesStub/PixelThemesStub.apk' with 1 weak references
04-19 22:19:14.887 W/.apps.wellbeing(22500): ApkAssets: Deleting an ApkAssets object '<empty> and /system_ext/priv-app/GoogleServicesFramework/GoogleServicesFramework.apk' with 1 weak references
04-19 22:19:14.888 W/.apps.wellbeing(22500): ApkAssets: Deleting an ApkAssets object '<empty> and /system/priv-app/TagGoogle/TagGoogle.apk' with 1 weak references
04-19 22:19:14.888 W/.apps.wellbeing(22500): ApkAssets: Deleting an ApkAssets object '<empty> and /product/app/GoogleTTS/GoogleTTS.apk' with 1 weak references
04-19 22:19:14.888 W/.apps.wellbeing(22500): ApkAssets: Deleting an ApkAssets object '<empty> and /system/priv-app/CallLogBackup/CallLogBackup.apk' with 1 weak references
04-19 22:19:14.888 W/.apps.wellbeing(22500): ApkAssets: Deleting an ApkAssets object '<empty> and /product/priv-app/PartnerSetupPrebuilt/PartnerSetupPrebuilt.apk' with 1 weak references
04-19 22:19:14.888 W/.apps.wellbeing(22500): ApkAssets: Deleting an ApkAssets object '<empty> and /system/app/CameraExtensionsProxy/CameraExtensionsProxy.apk' with 1 weak references
04-19 22:19:14.888 W/.apps.wellbeing(22500): ApkAssets: Deleting an ApkAssets object '<empty> and /product/app/NexusWallpapersStubPrebuilt2018/NexusWallpapersStubPrebuilt2018.apk' with 1 weak references
04-19 22:19:14.888 W/.apps.wellbeing(22500): ApkAssets: Deleting an ApkAssets object '<empty> and /product/app/PixelWallpapers2023Tablet/PixelWallpapers2023Tablet.apk' with 1 weak references
04-19 22:19:14.888 W/.apps.wellbeing(22500): ApkAssets: Deleting an ApkAssets object '<empty> and /system_ext/priv-app/NexusLauncherRelease/NexusLauncherRelease.apk' with 1 weak references
04-19 22:19:14.888 W/.apps.wellbeing(22500): ApkAssets: Deleting an ApkAssets object '/product/overlay/TitanNexusLauncherOverlay.apk' with 1 weak references
04-19 22:19:14.888 W/.apps.wellbeing(22500): ApkAssets: Deleting an ApkAssets object '<empty> and /system/app/CarrierDefaultApp/CarrierDefaultApp.apk' with 1 weak references
04-19 22:19:14.888 W/.apps.wellbeing(22500): ApkAssets: Deleting an ApkAssets object '<empty> and /system/priv-app/CredentialManager/CredentialManager.apk' with 1 weak references
04-19 22:19:14.888 W/.apps.wellbeing(22500): ApkAssets: Deleting an ApkAssets object '<empty> and /product/overlay/FontNotoSerifSource/FontNotoSerifSourceOverlay.apk' with 1 weak references
04-19 22:19:14.888 W/.apps.wellbeing(22500): ApkAssets: Deleting an ApkAssets object '<empty> and /system/priv-app/DeviceAsWebcam/DeviceAsWebcam.apk' with 1 weak references
04-19 22:19:14.888 W/.apps.wellbeing(22500): ApkAssets: Deleting an ApkAssets object '<empty> and /system/priv-app/ProxyHandler/ProxyHandler.apk' with 1 weak references
04-19 22:19:14.888 W/.apps.wellbeing(22500): ApkAssets: Deleting an ApkAssets object '<empty> and /apex/com.android.permission/priv-app/GoogleSafetyCenterResources@350820360/GoogleSafetyCenterResources.apk' with 1 weak references
04-19 22:19:14.888 W/.apps.wellbeing(22500): ApkAssets: Deleting an ApkAssets object '<empty> and /product/overlay/DisplayCutoutEmulationWaterfall/DisplayCutoutEmulationWaterfallOverlay.apk' with 1 weak references
04-19 22:19:14.888 W/.apps.wellbeing(22500): ApkAssets: Deleting an ApkAssets object '<empty> and /system/priv-app/IntentResolver/IntentResolver.apk' with 1 weak references
04-19 22:19:14.888 W/.apps.wellbeing(22500): ApkAssets: Deleting an ApkAssets object '<empty> and /product/overlay/TransparentNavigationBar/TransparentNavigationBarOverlay.apk' with 1 weak references
04-19 22:19:14.888 W/.apps.wellbeing(22500): ApkAssets: Deleting an ApkAssets object '<empty> and /system/priv-app/E2eeContactKeysProvider/E2eeContactKeysProvider.apk' with 1 weak references
04-19 22:19:14.888 W/.apps.wellbeing(22500): ApkAssets: Deleting an ApkAssets object '<empty> and /apex/com.android.tethering/priv-app/ServiceConnectivityResourcesGoogle@350820300/ServiceConnectivityResourcesGoogle.apk' with 1 weak references
04-19 22:19:14.888 W/.apps.wellbeing(22500): ApkAssets: Deleting an ApkAssets object '/vendor/overlay/goldfish_overlay_connectivity_google.apk' with 1 weak references
04-19 22:19:14.889 W/.apps.wellbeing(22500): ApkAssets: Deleting an ApkAssets object '<empty> and /system_ext/priv-app/GoogleFeedback/GoogleFeedback.apk' with 1 weak references
04-19 22:19:14.889 W/.apps.wellbeing(22500): ApkAssets: Deleting an ApkAssets object '<empty> and /system/app/GooglePrintRecommendationService/GooglePrintRecommendationService.apk' with 1 weak references
04-19 22:19:14.889 W/.apps.wellbeing(22500): ApkAssets: Deleting an ApkAssets object '<empty> and /product/app/Photos/Photos.apk' with 1 weak references
04-19 22:19:14.889 W/.apps.wellbeing(22500): ApkAssets: Deleting an ApkAssets object '<empty> and /product/app/CalendarGooglePrebuilt/CalendarGooglePrebuilt.apk' with 1 weak references
04-19 22:19:14.889 W/.apps.wellbeing(22500): ApkAssets: Deleting an ApkAssets object '<empty> and /system/priv-app/ManagedProvisioning/ManagedProvisioning.apk' with 1 weak references
04-19 22:19:14.889 W/.apps.wellbeing(22500): ApkAssets: Deleting an ApkAssets object '<empty> and /system/priv-app/SoundPicker/SoundPicker.apk' with 1 weak references
04-19 22:19:14.889 W/.apps.wellbeing(22500): ApkAssets: Deleting an ApkAssets object '<empty> and /system/priv-app/DocumentsUIGoogle/DocumentsUIGoogle.apk' with 1 weak references
04-19 22:19:14.889 W/.apps.wellbeing(22500): ApkAssets: Deleting an ApkAssets object '<empty> and /product/app/PrebuiltGoogleTelemetryTvp/PrebuiltGoogleTelemetryTvp.apk' with 1 weak references
04-19 22:19:14.889 W/.apps.wellbeing(22500): ApkAssets: Deleting an ApkAssets object '<empty> and /system_ext/priv-app/MultiDisplayProvider/MultiDisplayProvider.apk' with 1 weak references
04-19 22:19:14.889 W/.apps.wellbeing(22500): ApkAssets: Deleting an ApkAssets object '<empty> and /system/priv-app/DeviceDiagnostics/DeviceDiagnostics.apk' with 1 weak references
04-19 22:19:14.890 W/.apps.wellbeing(22500): ApkAssets: Deleting an ApkAssets object '/product/overlay/DeviceDiagnostics__sdk_gtablet_arm64__auto_generated_rro_product.apk' with 1 weak references
04-19 22:19:14.890 W/.apps.wellbeing(22500): ApkAssets: Deleting an ApkAssets object '<empty> and /product/overlay/NotesRoleEnabled/NotesRoleEnabledOverlay.apk' with 1 weak references
04-19 22:19:14.890 W/.apps.wellbeing(22500): ApkAssets: Deleting an ApkAssets object '<empty> and /system/priv-app/LiveWallpapersPicker/LiveWallpapersPicker.apk' with 1 weak references
04-19 22:19:14.890 W/.apps.wellbeing(22500): ApkAssets: Deleting an ApkAssets object '<empty> and /product/app/YouTubeKidsPrebuilt/YouTubeKidsPrebuilt.apk' with 1 weak references
04-19 22:19:14.890 W/.apps.wellbeing(22500): ApkAssets: Deleting an ApkAssets object '<empty> and /product/app/PrebuiltGoogleAdservicesTvp/PrebuiltGoogleAdservicesTvp.apk' with 1 weak references
04-19 22:19:14.890 W/.apps.wellbeing(22500): ApkAssets: Deleting an ApkAssets object '<empty> and /data/app/~~1pCknmhMWqPGV0ZgnkjYbw==/com.impos2.mixcretailrn84v2-RzehPSuN1SB3CdhpKIoZ8w==/base.apk' with 1 weak references
04-19 22:19:14.890 W/.apps.wellbeing(22500): ApkAssets: Deleting an ApkAssets object '<empty> and /apex/com.android.healthfitness/priv-app/HealthConnectControllerGoogle@350820300/HealthConnectControllerGoogle.apk' with 1 weak references
04-19 22:19:14.890 W/.apps.wellbeing(22500): ApkAssets: Deleting an ApkAssets object '<empty> and /product/priv-app/KidsSupervisionStub/KidsSupervisionStub.apk' with 1 weak references
04-19 22:19:14.890 W/.apps.wellbeing(22500): ApkAssets: Deleting an ApkAssets object '<empty> and /system_ext/priv-app/StorageManager/StorageManager.apk' with 1 weak references
04-19 22:19:14.890 W/.apps.wellbeing(22500): ApkAssets: Deleting an ApkAssets object '/product/overlay/StorageManager__sdk_gtablet_arm64__auto_generated_rro_product.apk' with 1 weak references
04-19 22:19:14.890 W/.apps.wellbeing(22500): ApkAssets: Deleting an ApkAssets object '<empty> and /system/app/BookmarkProvider/BookmarkProvider.apk' with 1 weak references
04-19 22:19:14.890 W/.apps.wellbeing(22500): ApkAssets: Deleting an ApkAssets object '<empty> and /system_ext/priv-app/SettingsGoogle/SettingsGoogle.apk' with 1 weak references
04-19 22:19:14.891 W/.apps.wellbeing(22500): ApkAssets: Deleting an ApkAssets object '/product/overlay/SettingsGoogle__sdk_gtablet_arm64__auto_generated_rro_product.apk' with 1 weak references
04-19 22:19:14.891 W/.apps.wellbeing(22500): ApkAssets: Deleting an ApkAssets object '/product/overlay/TitanSettingsOverlay.apk' with 1 weak references
04-19 22:19:14.891 W/.apps.wellbeing(22500): ApkAssets: Deleting an ApkAssets object '/product/overlay/SettingsGoogleTangorproOverlay.apk' with 1 weak references
04-19 22:19:14.891 W/.apps.wellbeing(22500): ApkAssets: Deleting an ApkAssets object '<empty> and /product/priv-app/SettingsIntelligenceGooglePrebuilt/SettingsIntelligenceGooglePrebuilt.apk' with 1 weak references
04-19 22:19:14.891 W/.apps.wellbeing(22500): ApkAssets: Deleting an ApkAssets object '<empty> and /product/app/PlayBooksPrebuilt/PlayBooksPrebuilt.apk' with 1 weak references
04-19 22:19:14.891 W/.apps.wellbeing(22500): ApkAssets: Deleting an ApkAssets object '<empty> and /product/priv-app/SCONE-v31427/SCONE-v31427.apk' with 1 weak references
04-19 22:19:14.891 W/.apps.wellbeing(22500): ApkAssets: Deleting an ApkAssets object '<empty> and /apex/com.android.uwb/priv-app/ServiceUwbResourcesGoogle@350820300/ServiceUwbResourcesGoogle.apk' with 1 weak references
04-19 22:19:14.891 W/.apps.wellbeing(22500): ApkAssets: Deleting an ApkAssets object '/product/overlay/UwbOverlayT6pro/PixelUwbOverlayT6pro.apk' with 1 weak references
04-19 22:19:14.891 W/.apps.wellbeing(22500): ApkAssets: Deleting an ApkAssets object '<empty> and /product/priv-app/GoogleHomePrebuilt/GoogleHomePrebuilt.apk' with 1 weak references
04-19 22:19:14.891 W/.apps.wellbeing(22500): ApkAssets: Deleting an ApkAssets object '<empty> and /apex/com.android.wifi/priv-app/ServiceWifiResourcesGoogle@350820300/ServiceWifiResourcesGoogle.apk' with 1 weak references
04-19 22:19:14.892 W/.apps.wellbeing(22500): ApkAssets: Deleting an ApkAssets object '<empty> and /system_ext/priv-app/ThemePicker/ThemePicker.apk' with 1 weak references
04-19 22:19:14.892 W/.apps.wellbeing(22500): ApkAssets: Deleting an ApkAssets object '<empty> and /system_ext/priv-app/WallpaperPickerGoogleRelease/WallpaperPickerGoogleRelease.apk' with 1 weak references
04-19 22:19:14.893 W/.apps.wellbeing(22500): ApkAssets: Deleting an ApkAssets object '<empty> and /product/app/GoogleKeepPrebuilt/GoogleKeepPrebuilt.apk' with 1 weak references
04-19 22:19:14.893 W/.apps.wellbeing(22500): ApkAssets: Deleting an ApkAssets object '<empty> and /product/priv-app/OdadPrebuilt/OdadPrebuilt.apk' with 1 weak references
04-19 22:19:14.893 W/.apps.wellbeing(22500): ApkAssets: Deleting an ApkAssets object '<empty> and /system/priv-app/TeleService/TeleService.apk' with 1 weak references
04-19 22:19:14.893 W/.apps.wellbeing(22500): ApkAssets: Deleting an ApkAssets object '/product/overlay/TeleService__tablet__auto_generated_characteristics_rro.apk' with 1 weak references
04-19 22:19:14.893 W/.apps.wellbeing(22500): ApkAssets: Deleting an ApkAssets object '<empty> and /system/priv-app/Shell/Shell.apk' with 1 weak references
04-19 22:19:14.893 W/.apps.wellbeing(22500): ApkAssets: Deleting an ApkAssets object '<empty> and /system/priv-app/BlockedNumberProvider/BlockedNumberProvider.apk' with 1 weak references
04-19 22:19:14.893 W/.apps.wellbeing(22500): ApkAssets: Deleting an ApkAssets object '<empty> and /system/priv-app/UserDictionaryProvider/UserDictionaryProvider.apk' with 1 weak references
04-19 22:19:14.893 W/.apps.wellbeing(22500): ApkAssets: Deleting an ApkAssets object '<empty> and /system_ext/app/EmergencyInfoGoogleNoUi/EmergencyInfoGoogleNoUi.apk' with 1 weak references
04-19 22:19:14.893 W/.apps.wellbeing(22500): ApkAssets: Deleting an ApkAssets object '<empty> and /product/overlay/NavigationBarModeGestural/NavigationBarModeGesturalOverlay.apk' with 1 weak references
04-19 22:19:14.893 W/.apps.wellbeing(22500): ApkAssets: Deleting an ApkAssets object '<empty> and /system/priv-app/FusedLocation/FusedLocation.apk' with 1 weak references
04-19 22:19:14.893 W/.apps.wellbeing(22500): ApkAssets: Deleting an ApkAssets object '<empty> and /system_ext/priv-app/SystemUITitan/SystemUITitan.apk' with 1 weak references
04-19 22:19:14.893 W/.apps.wellbeing(22500): ApkAssets: Deleting an ApkAssets object '/product/overlay/SystemUITitan__sdk_gtablet_arm64__auto_generated_rro_product.apk' with 1 weak references
04-19 22:19:14.893 W/.apps.wellbeing(22500): ApkAssets: Deleting an ApkAssets object '/product/overlay/TitanSysuiConfigOverlay.apk' with 1 weak references
04-19 22:19:14.893 W/.apps.wellbeing(22500): ApkAssets: Deleting an ApkAssets object '<empty> and /product/app/YouTubeMusicPrebuilt/YouTubeMusicPrebuilt.apk' with 1 weak references
04-19 22:19:14.893 W/.apps.wellbeing(22500): ApkAssets: Deleting an ApkAssets object '<empty> and /system/app/BluetoothMidiService/BluetoothMidiService.apk' with 1 weak references
04-19 22:19:14.894 W/.apps.wellbeing(22500): ApkAssets: Deleting an ApkAssets object '<empty> and /system/app/Traceur/Traceur.apk' with 1 weak references
04-19 22:19:14.894 W/.apps.wellbeing(22500): ApkAssets: Deleting an ApkAssets object '/product/overlay/Traceur__sdk_gtablet_arm64__auto_generated_rro_product.apk' with 1 weak references
04-19 22:19:14.894 W/.apps.wellbeing(22500): ApkAssets: Deleting an ApkAssets object '<empty> and /apex/com.android.cellbroadcast/priv-app/GoogleCellBroadcastApp@350820300/GoogleCellBroadcastApp.apk' with 1 weak references
04-19 22:19:14.894 W/.apps.wellbeing(22500): ApkAssets: Deleting an ApkAssets object '<empty> and /system/priv-app/ContactsProvider/ContactsProvider.apk' with 1 weak references
04-19 22:19:14.894 W/.apps.wellbeing(22500): ApkAssets: Deleting an ApkAssets object '/product/overlay/ContactsProvider__sdk_gtablet_arm64__auto_generated_rro_product.apk' with 1 weak references
04-19 22:19:14.894 W/.apps.wellbeing(22500): ApkAssets: Deleting an ApkAssets object '<empty> and /product/app/LatinIMEGooglePrebuilt/LatinIMEGooglePrebuilt.apk' with 1 weak references
04-19 22:19:14.894 W/.apps.wellbeing(22500): ApkAssets: Deleting an ApkAssets object '<empty> and /product/priv-app/GoogleRestorePrebuilt-v526684/GoogleRestorePrebuilt-v526684.apk' with 1 weak references
04-19 22:19:14.901 I/yrn84:secondary( 8251): Using CollectorTypeCMC GC.
04-19 22:19:14.902 I/adbd    (  443): jdwp connection from 8251
04-19 22:19:14.907 V/WindowManager(  590): Sent Transition (#463) createdAt=04-19 22:19:14.858 via request=TransitionRequestInfo { type = OPEN, triggerTask = TaskInfo{userId=0 taskId=820 displayId=2 isRunning=true baseIntent=Intent { flg=0x18000000 cmp=com.impos2.mixcretailassemblyrn84/.SecondaryActivity } baseActivity=ComponentInfo{com.impos2.mixcretailassemblyrn84/com.impos2.mixcretailassemblyrn84.SecondaryActivity} topActivity=ComponentInfo{com.impos2.mixcretailassemblyrn84/com.impos2.mixcretailassemblyrn84.SecondaryActivity} origActivity=null realActivity=ComponentInfo{com.impos2.mixcretailassemblyrn84/com.impos2.mixcretailassemblyrn84.SecondaryActivity} numActivities=1 lastActiveTime=249740409 supportsMultiWindow=true resizeMode=1 isResizeable=true minWidth=-1 minHeight=-1 defaultMinSize=220 token=WCT{RemoteToken{967aa13 Task{932214c #820 type=standard A=10212:com.impos2.mixcretailassemblyrn84}}} topActivityType=1 pictureInPictureParams=null shouldDockBigOverlays=false launchIntoPipHostTaskId=-1 lastParentTaskIdBeforePip=-1 displayCutoutSafeInsets=null topActivityInfo=ActivityInfo{4a76450 com.impos2.mixcretailassemblyrn84.SecondaryActivity} launchCookies=[] positionInParent=Point(0, 0) parentTaskId=-1 isFocused=false isVisible=false isVisibleRequested=true isSleeping=false locusId=null displayAreaFeatureId=1 isTopActivityTransparent=false appCompatTaskInfo=AppCompatTaskInfo { topActivityInSizeCompat=false topActivityEligibleForLetterboxEducation= falseisLetterboxEducationEnabled= true isLetterboxDoubleTapEnabled= false topActivityEligibleForUserAspectRatioButton= false topActivityBoundsLetterboxed= false isFromLetterboxDoubleTap= false topActivityLetterboxVerticalPosition= -1 topActivityLetterboxHorizontalPosition= -1 topActivityLetterboxWidth=2560 topActivityLetterboxHeight=1600 isUserFullscreenOverrideEnabled=false isSystemFullscreenOverrideEnabled=false cameraCompatTaskInfo=CameraCompatTaskInfo { cameraCompatControlState=hidden freeformCameraCompatMode=inactive}}}, pipTask = null, remoteTransition = null, displayChange = null, flags = 0, debugId = 463 }
04-19 22:19:14.907 V/WindowManager(  590):     startWCT=WindowContainerTransaction { changes = {} hops = [] errorCallbackToken=null taskFragmentOrganizer=null }
04-19 22:19:14.907 V/WindowManager(  590):     info={id=463 t=OPEN f=0x0 trk=0 r=[2@Point(0, 0)] c=[
04-19 22:19:14.907 V/WindowManager(  590):         {WCT{RemoteToken{967aa13 Task{932214c #820 type=standard A=10212:com.impos2.mixcretailassemblyrn84}}} m=OPEN f=NONE leash=Surface(name=Task=820)/@0xf11d24d sb=Rect(0, 0 - 2560, 1600) eb=Rect(0, 0 - 2560, 1600) d=2 taskParent=-1},
04-19 22:19:14.907 V/WindowManager(  590):         {WCT{RemoteToken{473bc8f Task{c2f742b #671 type=home}}} m=TO_BACK f=SHOW_WALLPAPER leash=Surface(name=Task=671)/@0x5554f84 sb=Rect(0, 0 - 2560, 1600) eb=Rect(0, 0 - 2560, 1600) d=2 taskParent=-1}
04-19 22:19:14.907 V/WindowManager(  590):     ]}
04-19 22:19:14.907 D/nativeloader( 8251): Load libframework-connectivity-tiramisu-jni.so using APEX ns com_android_tethering for caller /apex/com.android.tethering/javalib/framework-connectivity-t.jar: ok
04-19 22:19:14.908 V/WindowManagerShell(  836): onTransitionReady(transaction=2534030740210)
04-19 22:19:14.908 V/WindowManagerShell(  836): onTransitionReady (#463) android.os.BinderProxy@264c19b: {id=463 t=OPEN f=0x0 trk=0 r=[2@Point(0, 0)] c=[{WCT{android.window.IWindowContainerToken$Stub$Proxy@cb60c81} m=OPEN f=NONE leash=Surface(name=Task=820)/@0x99c795a sb=Rect(0, 0 - 2560, 1600) eb=Rect(0, 0 - 2560, 1600) d=2 taskParent=-1},{WCT{android.window.IWindowContainerToken$Stub$Proxy@e18d126} m=TO_BACK f=SHOW_WALLPAPER leash=Surface(name=Task=671)/@0xa35478b sb=Rect(0, 0 - 2560, 1600) eb=Rect(0, 0 - 2560, 1600) d=2 taskParent=-1}]}
04-19 22:19:14.910 V/WindowManagerShell(  836): Playing animation for (#463) android.os.BinderProxy@264c19b@0
04-19 22:19:14.910 V/WindowManagerShell(  836):  try handler com.android.wm.shell.transition.DefaultMixedHandler@a4b4bb1
04-19 22:19:14.910 V/WindowManagerShell(  836):  try handler com.android.wm.shell.keyguard.KeyguardTransitionHandler@f055896
04-19 22:19:14.910 V/WindowManagerShell(  836):  try handler com.android.wm.shell.pip.PipTransition@489c17
04-19 22:19:14.910 V/WindowManagerShell(  836):  try handler com.android.wm.shell.activityembedding.ActivityEmbeddingController@f43a804
04-19 22:19:14.910 V/WindowManagerShell(  836):  try handler com.android.wm.shell.splitscreen.StageCoordinator@417f1ed
04-19 22:19:14.910 V/WindowManagerShell(  836):  try handler com.android.wm.shell.desktopmode.DesktopTasksController@4366822
04-19 22:19:14.910 V/WindowManagerShell(  836):  try handler com.android.wm.shell.recents.RecentsTransitionHandler@b30e2b3
04-19 22:19:14.910 V/ShellRecents(  836): RecentsTransitionHandler.startAnimation: no controller found
04-19 22:19:14.910 V/WindowManagerShell(  836):  try handler com.android.wm.shell.transition.RemoteTransitionHandler@2554070
04-19 22:19:14.910 V/WindowManagerShell(  836): Transition doesn't have explicit remote, search filters for match for {id=463 t=OPEN f=0x0 trk=0 r=[2@Point(0, 0)] c=[{WCT{android.window.IWindowContainerToken$Stub$Proxy@cb60c81} m=OPEN f=NONE leash=Surface(name=Task=820)/@0x99c795a sb=Rect(0, 0 - 2560, 1600) eb=Rect(0, 0 - 2560, 1600) d=2 taskParent=-1},{WCT{android.window.IWindowContainerToken$Stub$Proxy@e18d126} m=TO_BACK f=SHOW_WALLPAPER leash=Surface(name=Task=671)/@0xa35478b sb=Rect(0, 0 - 2560, 1600) eb=Rect(0, 0 - 2560, 1600) d=2 taskParent=-1}]}
04-19 22:19:14.910 V/WindowManagerShell(  836):  Checking filter Pair{{types=[] flags=0x0] notFlags=0x0 checks=[{atype=undefined independent=true modes=[OPEN,TO_FRONT] flags=IN_TASK_WITH_EMBEDDED_ACTIVITY mustBeTask=false order=ANY topActivity=ComponentInfo{com.google.android.apps.nexuslauncher/com.google.android.apps.nexuslauncher.NexusLauncherActivity} launchCookie=null},{atype=undefined independent=true modes=[CLOSE,TO_BACK] flags=IN_TASK_WITH_EMBEDDED_ACTIVITY mustBeTask=false order=ANY topActivity=null launchCookie=null}]} RemoteTransition { remoteTransition = android.window.IRemoteTransition$Stub$Proxy@e8ebfe9, appThread = android.app.IApplicationThread$Stub$Proxy@876e46e, debugName = OverlaySwipeBack }}
04-19 22:19:14.910 V/WindowManagerShell(  836):  Checking filter Pair{{types=[] flags=0x0] notFlags=0x0 checks=[{atype=dream independent=true modes=[OPEN,TO_FRONT] flags=NONE mustBeTask=false order=ANY topActivity=null launchCookie=null},{atype=home independent=true modes=[CLOSE,TO_BACK] flags=NONE mustBeTask=false order=ANY topActivity=null launchCookie=null}]} RemoteTransition { remoteTransition = android.window.IRemoteTransition$Stub$Proxy@f4cf70f, appThread = android.app.IApplicationThread$Stub$Proxy@ba5f39c, debugName = LauncherToDream }}
04-19 22:19:14.910 V/WindowManagerShell(  836):  Checking filter Pair{{types=[] flags=0x0] notFlags=0x100 checks=[{atype=home independent=true modes=[OPEN,TO_FRONT] flags=NONE mustBeTask=false order=TOP topActivity=ComponentInfo{com.google.android.apps.nexuslauncher/com.google.android.apps.nexuslauncher.NexusLauncherActivity} launchCookie=null},{atype=standard independent=true modes=[CLOSE,TO_BACK] flags=NONE mustBeTask=false order=ANY topActivity=null launchCookie=null}]} RemoteTransition { remoteTransition = android.window.IRemoteTransition$Stub$Proxy@c8a71a5, appThread = android.app.IApplicationThread$Stub$Proxy@30d97a, debugName = QuickstepLaunchHome }}
04-19 22:19:14.910 V/WindowManagerShell(  836):  Delegate animation for (#463) to null
04-19 22:19:14.910 V/WindowManagerShell(  836):  try handler com.android.wm.shell.transition.DefaultTransitionHandler@56bf52b
04-19 22:19:14.910 V/WindowManagerShell(  836): start default transition animation, info = {id=463 t=OPEN f=0x0 trk=0 r=[2@Point(0, 0)] c=[{WCT{android.window.IWindowContainerToken$Stub$Proxy@cb60c81} m=OPEN f=NONE leash=Surface(name=Task=820)/@0x99c795a sb=Rect(0, 0 - 2560, 1600) eb=Rect(0, 0 - 2560, 1600) d=2 taskParent=-1},{WCT{android.window.IWindowContainerToken$Stub$Proxy@e18d126} m=TO_BACK f=SHOW_WALLPAPER leash=Surface(name=Task=671)/@0xa35478b sb=Rect(0, 0 - 2560, 1600) eb=Rect(0, 0 - 2560, 1600) d=2 taskParent=-1}]}
04-19 22:19:14.910 V/WindowManagerShell(  836): loadAnimation: anim=android.view.animation.AnimationSet@fd6cab9 animAttr=0x13 type=OPEN isEntrance=false
04-19 22:19:14.911 V/WindowManagerShell(  836): loadAnimation: anim=android.view.animation.AnimationSet@31658ac animAttr=0x12 type=OPEN isEntrance=true
04-19 22:19:14.911 W/UserManagerService(  590): Requested status bar icon for non-badged user 0
04-19 22:19:14.911 V/WindowManagerShell(  836):  animated by com.android.wm.shell.transition.DefaultTransitionHandler@56bf52b
04-19 22:19:14.923 W/ziparchive( 8251): Unable to open '/data/app/~~vM3jUZgBMEfwCGHKVO-Rdg==/com.impos2.mixcretailassemblyrn84-MMHwhy6mo1n558lbNH6NjQ==/base.dm': No such file or directory
04-19 22:19:14.923 W/ziparchive( 8251): Unable to open '/data/app/~~vM3jUZgBMEfwCGHKVO-Rdg==/com.impos2.mixcretailassemblyrn84-MMHwhy6mo1n558lbNH6NjQ==/base.dm': No such file or directory
04-19 22:19:15.068 D/nativeloader( 8251): Configuring clns-7 for other apk /data/app/~~vM3jUZgBMEfwCGHKVO-Rdg==/com.impos2.mixcretailassemblyrn84-MMHwhy6mo1n558lbNH6NjQ==/base.apk. target_sdk_version=36, uses_libraries=, library_path=/data/app/~~vM3jUZgBMEfwCGHKVO-Rdg==/com.impos2.mixcretailassemblyrn84-MMHwhy6mo1n558lbNH6NjQ==/lib/arm64:/data/app/~~vM3jUZgBMEfwCGHKVO-Rdg==/com.impos2.mixcretailassemblyrn84-MMHwhy6mo1n558lbNH6NjQ==/base.apk!/lib/arm64-v8a, permitted_path=/data:/mnt/expand:/data/user/0/com.impos2.mixcretailassemblyrn84
04-19 22:19:15.073 V/GraphicsEnvironment( 8251): Currently set values for:
04-19 22:19:15.073 V/GraphicsEnvironment( 8251):   angle_gl_driver_selection_pkgs=[]
04-19 22:19:15.073 V/GraphicsEnvironment( 8251):   angle_gl_driver_selection_values=[]
04-19 22:19:15.073 V/GraphicsEnvironment( 8251): Global.Settings values are invalid: number of packages: 0, number of values: 0
04-19 22:19:15.074 V/GraphicsEnvironment( 8251): Neither updatable production driver nor prerelease driver is supported.
04-19 22:19:15.084 W/SoLoader( 8251): Initializing SoLoader: 0
04-19 22:19:15.084 W/SoLoader( 8251): Recording new base apk path: /data/app/~~vM3jUZgBMEfwCGHKVO-Rdg==/com.impos2.mixcretailassemblyrn84-MMHwhy6mo1n558lbNH6NjQ==/base.apk
04-19 22:19:15.084 W/SoLoader( 8251): Previously recorded 0 base apk paths.
04-19 22:19:15.085 I/SoLoader( 8251): Preparing SO source: DirectorySoSource[root = /vendor/lib64 flags = 2]
04-19 22:19:15.086 I/SoLoader( 8251): Preparing SO source: DirectorySoSource[root = /system/lib64 flags = 2]
04-19 22:19:15.086 I/SoLoader( 8251): Preparing SO source: DirectApkSoSource[root = [/data/app/~~vM3jUZgBMEfwCGHKVO-Rdg==/com.impos2.mixcretailassemblyrn84-MMHwhy6mo1n558lbNH6NjQ==/base.apk!/lib/arm64-v8a]]
04-19 22:19:15.111 I/SoLoader( 8251): Preparing SO source: ApplicationSoSource[DirectorySoSource[root = /data/app/~~vM3jUZgBMEfwCGHKVO-Rdg==/com.impos2.mixcretailassemblyrn84-MMHwhy6mo1n558lbNH6NjQ==/lib/arm64 flags = 0]]
04-19 22:19:15.111 I/SoLoader( 8251): init finish: 4 SO sources prepared
04-19 22:19:15.111 W/SoLoader( 8251): SoLoader initialized: 8
04-19 22:19:15.150 D/nativeloader( 8251): Load /data/app/~~vM3jUZgBMEfwCGHKVO-Rdg==/com.impos2.mixcretailassemblyrn84-MMHwhy6mo1n558lbNH6NjQ==/base.apk!/lib/arm64-v8a/libc++_shared.so using ns clns-7 from class loader (caller=/data/app/~~vM3jUZgBMEfwCGHKVO-Rdg==/com.impos2.mixcretailassemblyrn84-MMHwhy6mo1n558lbNH6NjQ==/base.apk): ok
04-19 22:19:15.152 D/nativeloader( 8251): Load /data/app/~~vM3jUZgBMEfwCGHKVO-Rdg==/com.impos2.mixcretailassemblyrn84-MMHwhy6mo1n558lbNH6NjQ==/base.apk!/lib/arm64-v8a/libjsi.so using ns clns-7 from class loader (caller=/data/app/~~vM3jUZgBMEfwCGHKVO-Rdg==/com.impos2.mixcretailassemblyrn84-MMHwhy6mo1n558lbNH6NjQ==/base.apk): ok
04-19 22:19:15.154 D/nativeloader( 8251): Load /data/app/~~vM3jUZgBMEfwCGHKVO-Rdg==/com.impos2.mixcretailassemblyrn84-MMHwhy6mo1n558lbNH6NjQ==/base.apk!/lib/arm64-v8a/libfbjni.so using ns clns-7 from class loader (caller=/data/app/~~vM3jUZgBMEfwCGHKVO-Rdg==/com.impos2.mixcretailassemblyrn84-MMHwhy6mo1n558lbNH6NjQ==/base.apk): ok
04-19 22:19:15.156 D/nativeloader( 8251): Load /data/app/~~vM3jUZgBMEfwCGHKVO-Rdg==/com.impos2.mixcretailassemblyrn84-MMHwhy6mo1n558lbNH6NjQ==/base.apk!/lib/arm64-v8a/libreactnative.so using ns clns-7 from class loader (caller=/data/app/~~vM3jUZgBMEfwCGHKVO-Rdg==/com.impos2.mixcretailassemblyrn84-MMHwhy6mo1n558lbNH6NjQ==/base.apk): ok
04-19 22:19:15.156 D/jni_lib_merge( 8251): Entering merged library JNI_OnLoad.
04-19 22:19:15.156 D/jni_lib_merge( 8251): Preparing 12 pre-merged libs (including stub)
04-19 22:19:15.156 D/jni_lib_merge( 8251): Preparing to register libfabricjni_so.  onload_func: 0x73a6d5f2ec
04-19 22:19:15.156 D/jni_lib_merge( 8251): Preparing to register libreact_devsupportjni_so.  onload_func: 0x73a6f850f8
04-19 22:19:15.156 D/jni_lib_merge( 8251): Preparing to register libreact_featureflagsjni_so.  onload_func: 0x73a6f97be4
04-19 22:19:15.156 D/jni_lib_merge( 8251): Preparing to register libreact_newarchdefaults_so.  onload_func: 0x73a7036fc8
04-19 22:19:15.156 D/jni_lib_merge( 8251): Preparing to register libreactnativeblob_so.  onload_func: 0x73a724b668
04-19 22:19:15.156 D/jni_lib_merge( 8251): Preparing to register libreactnativejni_so.  onload_func: 0x73a7289cdc
04-19 22:19:15.156 D/jni_lib_merge( 8251): Preparing to register libreactnativejni_common_so.  onload_func: 0x73a728fa08
04-19 22:19:15.156 D/jni_lib_merge( 8251): Preparing to register librninstance_so.  onload_func: 0x73a72dc2cc
04-19 22:19:15.156 D/jni_lib_merge( 8251): Preparing to register libturbomodulejsijni_so.  onload_func: 0x73a7439b34
04-19 22:19:15.156 D/jni_lib_merge( 8251): Preparing to register libuimanagerjni_so.  onload_func: 0x73a7451454
04-19 22:19:15.156 D/jni_lib_merge( 8251): Preparing to register libyoga_so.  onload_func: 0x73a7460ed8
04-19 22:19:15.156 D/jni_lib_merge( 8251): About to register 11 actual methods.
04-19 22:19:15.162 D/nativeloader( 8251): Load /data/app/~~vM3jUZgBMEfwCGHKVO-Rdg==/com.impos2.mixcretailassemblyrn84-MMHwhy6mo1n558lbNH6NjQ==/base.apk!/lib/arm64-v8a/libreact_codegen_rnsvg.so using ns clns-7 from class loader (caller=/data/app/~~vM3jUZgBMEfwCGHKVO-Rdg==/com.impos2.mixcretailassemblyrn84-MMHwhy6mo1n558lbNH6NjQ==/base.apk): ok
04-19 22:19:15.162 D/jni_lib_merge( 8251): Entering merged library JNI_OnLoad.
04-19 22:19:15.162 D/jni_lib_merge( 8251): Preparing 12 pre-merged libs (including stub)
04-19 22:19:15.162 D/jni_lib_merge( 8251): Preparing to register libfabricjni_so.  onload_func: 0x73a6d5f2ec
04-19 22:19:15.162 D/jni_lib_merge( 8251): Preparing to register libreact_devsupportjni_so.  onload_func: 0x73a6f850f8
04-19 22:19:15.162 D/jni_lib_merge( 8251): Preparing to register libreact_featureflagsjni_so.  onload_func: 0x73a6f97be4
04-19 22:19:15.162 D/jni_lib_merge( 8251): Preparing to register libreact_newarchdefaults_so.  onload_func: 0x73a7036fc8
04-19 22:19:15.162 D/jni_lib_merge( 8251): Preparing to register libreactnativeblob_so.  onload_func: 0x73a724b668
04-19 22:19:15.162 D/jni_lib_merge( 8251): Preparing to register libreactnativejni_so.  onload_func: 0x73a7289cdc
04-19 22:19:15.162 D/jni_lib_merge( 8251): Preparing to register libreactnativejni_common_so.  onload_func: 0x73a728fa08
04-19 22:19:15.162 D/jni_lib_merge( 8251): Preparing to register librninstance_so.  onload_func: 0x73a72dc2cc
04-19 22:19:15.162 D/jni_lib_merge( 8251): Preparing to register libturbomodulejsijni_so.  onload_func: 0x73a7439b34
04-19 22:19:15.162 D/jni_lib_merge( 8251): Preparing to register libuimanagerjni_so.  onload_func: 0x73a7451454
04-19 22:19:15.162 D/jni_lib_merge( 8251): Preparing to register libyoga_so.  onload_func: 0x73a7460ed8
04-19 22:19:15.162 D/jni_lib_merge( 8251): About to register 11 actual methods.
04-19 22:19:15.163 D/nativeloader( 8251): Load /data/app/~~vM3jUZgBMEfwCGHKVO-Rdg==/com.impos2.mixcretailassemblyrn84-MMHwhy6mo1n558lbNH6NjQ==/base.apk!/lib/arm64-v8a/libappmodules.so using ns clns-7 from class loader (caller=/data/app/~~vM3jUZgBMEfwCGHKVO-Rdg==/com.impos2.mixcretailassemblyrn84-MMHwhy6mo1n558lbNH6NjQ==/base.apk): ok
04-19 22:19:15.165 W/OptProp (  590): Cannot read opt property android.window.PROPERTY_COMPAT_ENABLE_FAKE_FOCUS
04-19 22:19:15.166 W/InputDispatcher(  590): Focused display #2 does not have a focused window.
04-19 22:19:15.167 V/WindowManager(  590): Unknown focus tokens, dropping reportFocusChanged
04-19 22:19:15.191 D/AppCompatDelegate( 8251): Checking for metadata for AppLocalesMetadataHolderService : Service not found
04-19 22:19:15.213 V/WindowManagerShell(  836): Transition animation finished (aborted=false), notifying core (#463) android.os.BinderProxy@264c19b@0
04-19 22:19:15.214 V/WindowManager(  590): Finish Transition (#463): created at 04-19 22:19:14.858 collect-started=0.048ms request-sent=4.124ms started=5.384ms ready=47.316ms sent=47.931ms finished=355.645ms
04-19 22:19:15.215 D/VRI[SecondaryDisplayLauncher]( 1099): visibilityChanged oldVisibility=true newVisibility=false
04-19 22:19:15.216 V/WindowManagerShell(  836): Track 0 became idle
04-19 22:19:15.216 V/WindowManagerShell(  836): All active transition animations finished
04-19 22:19:15.216 W/UserManagerService(  590): Requested status bar icon for non-badged user 0
04-19 22:19:15.217 W/UserManagerService(  590): Requested status bar icon for non-badged user 0
04-19 22:19:15.229 D/FileUtils(  590): Rounded bytes from 3120193536 to 4000000000
04-19 22:19:15.250 D/nativeloader( 8251): Load /data/app/~~vM3jUZgBMEfwCGHKVO-Rdg==/com.impos2.mixcretailassemblyrn84-MMHwhy6mo1n558lbNH6NjQ==/base.apk!/lib/arm64-v8a/libhermesvm.so using ns clns-7 from class loader (caller=/data/app/~~vM3jUZgBMEfwCGHKVO-Rdg==/com.impos2.mixcretailassemblyrn84-MMHwhy6mo1n558lbNH6NjQ==/base.apk): ok
04-19 22:19:15.251 D/nativeloader( 8251): Load /data/app/~~vM3jUZgBMEfwCGHKVO-Rdg==/com.impos2.mixcretailassemblyrn84-MMHwhy6mo1n558lbNH6NjQ==/base.apk!/lib/arm64-v8a/libhermestooling.so using ns clns-7 from class loader (caller=/data/app/~~vM3jUZgBMEfwCGHKVO-Rdg==/com.impos2.mixcretailassemblyrn84-MMHwhy6mo1n558lbNH6NjQ==/base.apk): ok
04-19 22:19:15.251 D/jni_lib_merge( 8251): Entering merged library JNI_OnLoad.
04-19 22:19:15.251 D/jni_lib_merge( 8251): Preparing 4 pre-merged libs (including stub)
04-19 22:19:15.251 D/jni_lib_merge( 8251): Preparing to register libhermes_executor_so.  onload_func: 0x73a915202c
04-19 22:19:15.251 D/jni_lib_merge( 8251): Preparing to register libhermesinstancejni_so.  onload_func: 0x73a91801f8
04-19 22:19:15.251 D/jni_lib_merge( 8251): Preparing to register libjsijniprofiler_so.  onload_func: 0x73a918223c
04-19 22:19:15.251 D/jni_lib_merge( 8251): About to register 3 actual methods.
04-19 22:19:15.312 I/resolv  (  388): GetAddrInfoHandler::run: {0 0 0 983040 10212 0}
