--------- beginning of system
04-21 13:18:31.211   888  1083 D CompatibilityChangeReporter: Compat change id reported: 161252188; UID 10139; state: DISABLED
04-21 13:18:31.211   888  1083 W APP_LOCK: ===isSecureForCommon  defaultLauncher:null===
04-21 13:18:31.211   888  1083 W APP_LOCK: ===isSecureForCommon  callingPackage:com.android.shell===
04-21 13:18:31.211   888  1083 W APP_LOCK: ===isSecureForCommon  === defaultLauncher:com.android.launcher3===
04-21 13:18:31.211   888  1083 W APP_LOCK: ===isSecureForCommon  isDefaultApp:false=== packageName : com.impos2.mixcretailassemblyrn84
--------- beginning of main
04-21 13:18:31.232   688   688 W android.hardwar: type=1400 audit(0.0:8761): avc:  denied  { read } for  name="u:object_r:vendor_sculptor_prop:s0" dev="tmpfs" ino=383 scontext=u:r:hal_power_default:s0 tcontext=u:object_r:vendor_sculptor_prop:s0 tclass=file permissive=0
04-21 13:18:31.212   888  1083 I Camera  : callprocess:com.impos2.mixcretailassemblyrn84
04-21 13:18:31.212   888  1083 W ActivityTaskManager: callingPackage for (uid=2000, pid=30895) has no WPC
04-21 13:18:31.214   888  1083 D CompatibilityChangeReporter: Compat change id reported: 265464455; UID 10139; state: DISABLED
04-21 13:18:31.214   888  1083 D CompatibilityChangeReporter: Compat change id reported: 265452344; UID 10139; state: DISABLED
04-21 13:18:31.214   888  1083 D CompatibilityChangeReporter: Compat change id reported: 266124927; UID 10139; state: DISABLED
04-21 13:18:31.214   888  1083 D CompatibilityChangeReporter: Compat change id reported: 265451093; UID 10139; state: DISABLED
04-21 13:18:31.215   888  1083 D CompatibilityChangeReporter: Compat change id reported: 265456536; UID 10139; state: DISABLED
04-21 13:18:31.215   888  1083 D CompatibilityChangeReporter: Compat change id reported: 255940284; UID 10139; state: DISABLED
04-21 13:18:31.215   888  1083 D CompatibilityChangeReporter: Compat change id reported: 236283604; UID 10139; state: DISABLED
04-21 13:18:31.215   888  1083 D CompatibilityChangeReporter: Compat change id reported: 263959004; UID 10139; state: DISABLED
04-21 13:18:31.215   888  1083 D CompatibilityChangeReporter: Compat change id reported: 264304459; UID 10139; state: DISABLED
04-21 13:18:31.215   888  1083 D CompatibilityChangeReporter: Compat change id reported: 264301586; UID 10139; state: DISABLED
04-21 13:18:31.216   888  1083 D CompatibilityChangeReporter: Compat change id reported: 254631730; UID 10139; state: DISABLED
04-21 13:18:31.216   888  1083 D CompatibilityChangeReporter: Compat change id reported: 273509367; UID 10139; state: DISABLED
04-21 13:18:31.216   888  1083 D CompatibilityChangeReporter: Compat change id reported: 263259275; UID 10139; state: DISABLED
04-21 13:18:31.216   888  1083 D CompatibilityChangeReporter: Compat change id reported: 174042980; UID 10139; state: DISABLED
04-21 13:18:31.216   888  1083 D CompatibilityChangeReporter: Compat change id reported: 174042936; UID 10139; state: DISABLED
04-21 13:18:31.216   888  1083 D CompatibilityChangeReporter: Compat change id reported: 181136395; UID 10139; state: DISABLED
04-21 13:18:31.220   888  1083 D CompatibilityChangeReporter: Compat change id reported: 194480991; UID 10139; state: ENABLED
04-21 13:18:31.223   888  1083 E ActivityTaskManager: startResult ================ 0
04-21 13:18:31.228   888  1083 D CompatibilityChangeReporter: Compat change id reported: 184838306; UID 10139; state: DISABLED
04-21 13:18:31.228   888  1083 D CompatibilityChangeReporter: Compat change id reported: 185004937; UID 10139; state: DISABLED
04-21 13:18:31.230   888  1083 D CompatibilityChangeReporter: Compat change id reported: 197654537; UID 10139; state: ENABLED
04-21 13:18:31.233   688   688 W libc    : Access denied finding property "vendor.sculptor.enable"
04-21 13:18:31.234   888  1083 D CompatibilityChangeReporter: Compat change id reported: 205907456; UID 10139; state: ENABLED
04-21 13:18:31.235   888  1083 I Camera  : callprocess:com.impos2.mixcretailassemblyrn84
04-21 13:18:31.236   888  1083 I APP_LOCK: com.impos2.mixcretailassemblyrn84 common is  not locked
04-21 13:18:31.236   888  1083 W APP_LOCK:   isCustomizedAppLockEnabled is false
04-21 13:18:31.240   888  1083 I ActivityTaskManager: START u0 {flg=0x10000000 cmp=com.impos2.mixcretailassemblyrn84/.MainActivity} with LAUNCH_SINGLE_TASK from uid 2000 (BAL_ALLOW_PERMISSION) result code=0
04-21 13:18:31.241   888   918 W libprocessgroup: SetCgroup::ExecuteForProcess: failed to open /dev/stune/top-app/cgroup.procs: No such file or directory
04-21 13:18:31.241  1104  1128 V WindowManagerShell: Transition requested: android.os.BinderProxy@e539b8d TransitionRequestInfo { type = 1, triggerTask = TaskInfo{userId=0 taskId=234 displayId=0 isRunning=true baseIntent=Intent { flg=0x10000000 cmp=com.impos2.mixcretailassemblyrn84/.MainActivity } baseActivity=ComponentInfo{com.impos2.mixcretailassemblyrn84/com.impos2.mixcretailassemblyrn84.MainActivity} topActivity=ComponentInfo{com.impos2.mixcretailassemblyrn84/com.impos2.mixcretailassemblyrn84.MainActivity} origActivity=null realActivity=ComponentInfo{com.impos2.mixcretailassemblyrn84/com.impos2.mixcretailassemblyrn84.MainActivity} numActivities=1 lastActiveTime=4820761434 supportsMultiWindow=true resizeMode=1 isResizeable=true minWidth=-1 minHeight=-1 defaultMinSize=220 token=WCT{android.window.IWindowContainerToken$Stub$Proxy@f0c6142} topActivityType=1 pictureInPictureParams=null shouldDockBigOverlays=false launchIntoPipHostTaskId=-1 lastParentTaskIdBeforePip=-1 displayCutoutSafeInsets=null topActivityInfo=ActivityInfo{8f3b553 com.impos2.mixcretailassemblyrn84.MainActivity} launchCookies=[] positionInParent=Point(0, 0) parentTaskId=-1 isFocused=false isVisible=false isVisibleRequested=false isSleeping=false topActivityInSizeCompat=false topActivityEligibleForLetterboxEducation= false isLetterboxDoubleTapEnabled= false topActivityEligibleForUserAspectRatioButton= false topActivityBoundsLetterboxed= false isFromLetterboxDoubleTap= false topActivityLetterboxVerticalPosition= -1 topActivityLetterboxHorizontalPosition= -1 topActivityLetterboxWidth=-1 topActivityLetterboxHeight=-1 isUserFullscreenOverrideEnabled=false isTopActivityTransparent=false locusId=null displayAreaFeatureId=1 cameraCompatControlState=hidden}, remoteTransition = null, displayChange = null, flags = 0 }
04-21 13:18:31.247   888   907 D CompatibilityChangeReporter: Compat change id reported: 135634846; UID 10139; state: DISABLED
04-21 13:18:31.248   888   907 D CompatibilityChangeReporter: Compat change id reported: 177438394; UID 10139; state: DISABLED
04-21 13:18:31.248   888   907 D CompatibilityChangeReporter: Compat change id reported: 135772972; UID 10139; state: DISABLED
04-21 13:18:31.248   888   907 D CompatibilityChangeReporter: Compat change id reported: 135754954; UID 10139; state: ENABLED
04-21 13:18:31.249   888   914 D CompatibilityChangeReporter: Compat change id reported: 143937733; UID 10139; state: ENABLED
04-21 13:18:31.249   888  5540 D CoreBackPreview: Window{ea9b5c8 u0 Splash Screen com.impos2.mixcretailassemblyrn84}: Setting back callback OnBackInvokedCallbackInfo{mCallback=android.window.IOnBackInvokedCallback$Stub$Proxy@9288e47, mPriority=0, mIsAnimationCallback=false}
04-21 13:18:31.249 26864 26864 W ElapsedTimeUtils: getElapsedTime: sSuwFinishedTimeStamp is null
04-21 13:18:31.254   888  7642 I Camera  : callprocess:com.impos2.mixcretailassemblyrn84
04-21 13:18:31.255   888  7642 I Camera  : callprocess:com.impos2.mixcretailassemblyrn84
04-21 13:18:31.257   342   342 I android.hardware.graphics.allocator-V1-service: alloc_format: RGBA_8888 + AFBC + SPLIT + WIDE + SPARSE + Datatype: UNORM
04-21 13:18:31.257   342   342 I android.hardware.graphics.allocator-V1-service: mali_gralloc_adjust_dimensions: alloc_format=RGBA_8888 + AFBC + SPLIT + WIDE + SPARSE + Datatype: UNORM usage=TEXTURE + RENDER + HWC alloc_width=1920, alloc_height=1088
04-21 13:18:31.258   342   342 I android.hardware.graphics.allocator-V1-service: Writing AFBC header layout 0 for format 1, n_headers: 8160
04-21 13:18:31.258   342   342 D android.hardware.graphics.allocator-V1-service: got new private_handle_t instance for buffer 'VRI[mixcretailassemblyrn84]#642(BLAST Consumer)642'. share_fd : 10, share_attr_fd : 11, width : 1920, height : 1080, req_format : 0x1, producer_usage : 0xb00, consumer_usage : 0xb00, , stride : 0, alloc_format_base: 1, alloc_format_modifiers: 0x04190000, size : 8486912, layer_count : 1, backing_store_id: 0x1560000611e
04-21 13:18:31.258   342   342 D android.hardware.graphics.allocator-V1-service: plane_info[0]: offset : 0, byte_stride : 7680, alloc_width : 1920, alloc_height : 1088
04-21 13:18:31.258   342   342 D android.hardware.graphics.allocator-V1-service: plane_info[1]: offset : 0, byte_stride : 0, alloc_width : 0, alloc_height : 0
04-21 13:18:31.259   342   342 I android.hardware.graphics.allocator-V1-service: alloc_format: RGBA_8888 + AFBC + SPLIT + WIDE + SPARSE + Datatype: UNORM
04-21 13:18:31.259   342   342 I android.hardware.graphics.allocator-V1-service: mali_gralloc_adjust_dimensions: alloc_format=RGBA_8888 + AFBC + SPLIT + WIDE + SPARSE + Datatype: UNORM usage=TEXTURE + RENDER + HWC alloc_width=1920, alloc_height=1088
04-21 13:18:31.260   342   342 I android.hardware.graphics.allocator-V1-service: Writing AFBC header layout 0 for format 1, n_headers: 8160
04-21 13:18:31.261   342   342 D android.hardware.graphics.allocator-V1-service: got new private_handle_t instance for buffer 'VRI[mixcretailassemblyrn84]#642(BLAST Consumer)642'. share_fd : 10, share_attr_fd : 11, width : 1920, height : 1080, req_format : 0x1, producer_usage : 0xb00, consumer_usage : 0xb00, , stride : 0, alloc_format_base: 1, alloc_format_modifiers: 0x04190000, size : 8486912, layer_count : 1, backing_store_id: 0x1560000611f
04-21 13:18:31.261   342   342 D android.hardware.graphics.allocator-V1-service: plane_info[0]: offset : 0, byte_stride : 7680, alloc_width : 1920, alloc_height : 1088
04-21 13:18:31.261   342   342 D android.hardware.graphics.allocator-V1-service: plane_info[1]: offset : 0, byte_stride : 0, alloc_width : 0, alloc_height : 0
04-21 13:18:31.261   342   342 I android.hardware.graphics.allocator-V1-service: alloc_format: RGBA_8888 + AFBC + SPLIT + WIDE + SPARSE + Datatype: UNORM
04-21 13:18:31.261   342   342 I android.hardware.graphics.allocator-V1-service: mali_gralloc_adjust_dimensions: alloc_format=RGBA_8888 + AFBC + SPLIT + WIDE + SPARSE + Datatype: UNORM usage=TEXTURE + RENDER + HWC alloc_width=1920, alloc_height=1088
04-21 13:18:31.261 26864 26864 W ElapsedTimeUtils: getElapsedTime: sSuwFinishedTimeStamp is null
04-21 13:18:31.264   342   342 I android.hardware.graphics.allocator-V1-service: Writing AFBC header layout 0 for format 1, n_headers: 8160
04-21 13:18:31.264   888  6114 I Camera  : callprocess:com.impos2.mixcretailassemblyrn84
04-21 13:18:31.264   888  6114 I APP_LOCK: com.impos2.mixcretailassemblyrn84 common is  not locked
04-21 13:18:31.264   888  6114 W APP_LOCK:   isCustomizedAppLockEnabled is false
04-21 13:18:31.265   638   638 D Zygote  : Forked child process 30900
04-21 13:18:31.265   342   342 D android.hardware.graphics.allocator-V1-service: got new private_handle_t instance for buffer 'VRI[mixcretailassemblyrn84]#642(BLAST Consumer)642'. share_fd : 10, share_attr_fd : 11, width : 1920, height : 1080, req_format : 0x1, producer_usage : 0xb00, consumer_usage : 0xb00, , stride : 0, alloc_format_base: 1, alloc_format_modifiers: 0x04190000, size : 8486912, layer_count : 1, backing_store_id: 0x15600006120
04-21 13:18:31.265   342   342 D android.hardware.graphics.allocator-V1-service: plane_info[0]: offset : 0, byte_stride : 7680, alloc_width : 1920, alloc_height : 1088
04-21 13:18:31.265   342   342 D android.hardware.graphics.allocator-V1-service: plane_info[1]: offset : 0, byte_stride : 0, alloc_width : 0, alloc_height : 0
04-21 13:18:31.265   888   957 D CompatibilityChangeReporter: Compat change id reported: 265195908; UID 10139; state: ENABLED
04-21 13:18:31.267 19702 19702 E adbd    : failed to connect to socket 'tcp:18584': Connection refused
04-21 13:18:31.269   888   908 D WmsExtImpl: config_supportAutoRotation false
04-21 13:18:31.270   888   914 I ActivityManager: Start proc 30900:com.impos2.mixcretailassemblyrn84/u0a139 for next-top-activity {com.impos2.mixcretailassemblyrn84/com.impos2.mixcretailassemblyrn84.MainActivity}
04-21 13:18:31.274   342   342 I android.hardware.graphics.allocator-V1-service: alloc_format: RGBA_8888 + Datatype: UNORM
04-21 13:18:31.274   342   342 I android.hardware.graphics.allocator-V1-service: mali_gralloc_adjust_dimensions: alloc_format=RGBA_8888 + Datatype: UNORM usage=CPU-RoWo + TEXTURE + RENDER + HWC alloc_width=1920, alloc_height=1080
04-21 13:18:31.274   342   342 D android.hardware.graphics.allocator-V1-service: got new private_handle_t instance for buffer 'screenshot'. share_fd : 10, share_attr_fd : 11, width : 1920, height : 1080, req_format : 0x1, producer_usage : 0xb33, consumer_usage : 0xb33, , stride : 1920, alloc_format_base: 1, alloc_format_modifiers: 0x00000000, size : 8294400, layer_count : 1, backing_store_id: 0x15600006121
04-21 13:18:31.274   342   342 D android.hardware.graphics.allocator-V1-service: plane_info[0]: offset : 0, byte_stride : 7680, alloc_width : 1920, alloc_height : 1080
04-21 13:18:31.274   342   342 D android.hardware.graphics.allocator-V1-service: plane_info[1]: offset : 0, byte_stride : 0, alloc_width : 0, alloc_height : 0
04-21 13:18:31.280   346   346 I BpBinder: onLastStrongRef automatically unlinking death recipients: 
04-21 13:18:31.280   888   904 V WindowManager: Sent Transition #660 createdAt=04-21 13:18:31.221 via request=TransitionRequestInfo { type = 1, triggerTask = TaskInfo{userId=0 taskId=234 displayId=0 isRunning=true baseIntent=Intent { flg=0x10000000 cmp=com.impos2.mixcretailassemblyrn84/.MainActivity } baseActivity=ComponentInfo{com.impos2.mixcretailassemblyrn84/com.impos2.mixcretailassemblyrn84.MainActivity} topActivity=ComponentInfo{com.impos2.mixcretailassemblyrn84/com.impos2.mixcretailassemblyrn84.MainActivity} origActivity=null realActivity=ComponentInfo{com.impos2.mixcretailassemblyrn84/com.impos2.mixcretailassemblyrn84.MainActivity} numActivities=1 lastActiveTime=4820761434 supportsMultiWindow=true resizeMode=1 isResizeable=true minWidth=-1 minHeight=-1 defaultMinSize=220 token=WCT{RemoteToken{bff75e0 Task{d94c0e5 #234 type=standard A=10139:com.impos2.mixcretailassemblyrn84}}} topActivityType=1 pictureInPictureParams=null shouldDockBigOverlays=false launchIntoPipHostTaskId=-1 lastParentTaskIdBeforePip=-1 displayCutoutSafeInsets=null topActivityInfo=ActivityInfo{cefa099 com.impos2.mixcretailassemblyrn84.MainActivity} launchCookies=[] positionInParent=Point(0, 0) parentTaskId=-1 isFocused=false isVisible=false isVisibleRequested=false isSleeping=false topActivityInSizeCompat=false topActivityEligibleForLetterboxEducation= false isLetterboxDoubleTapEnabled= false topActivityEligibleForUserAspectRatioButton= false topActivityBoundsLetterboxed= false isFromLetterboxDoubleTap= false topActivityLetterboxVerticalPosition= -1 topActivityLetterboxHorizontalPosition= -1 topActivityLetterboxWidth=-1 topActivityLetterboxHeight=-1 isUserFullscreenOverrideEnabled=false isTopActivityTransparent=false locusId=null displayAreaFeatureId=1 cameraCompatControlState=hidden}, remoteTransition = null, displayChange = null, flags = 0 }
04-21 13:18:31.280   888   904 V WindowManager:     startWCT=WindowContainerTransaction { changes = {} hops = [] errorCallbackToken=null taskFragmentOrganizer=null }
04-21 13:18:31.281   888   904 V WindowManager:     info={id=660 t=OPEN f=0x0 trk=0 r=[0@Point(0, 0)] c=[{WCT{RemoteToken{bff75e0 Task{d94c0e5 #234 type=standard A=10139:com.impos2.mixcretailassemblyrn84}}} m=OPEN f=NONE leash=Surface(name=Task=234)/@0x203279d sb=Rect(0, 0 - 1920, 1080) eb=Rect(0, 0 - 1920, 1080) d=0},{WCT{RemoteToken{1542320 TaskFragment{3370754 mode=multi-window}}} m=TO_BACK f=IN_TASK_WITH_EMBEDDED_ACTIVITY p=WCT{RemoteToken{d503a74 Task{28d9475 #199 type=standard A=1000:com.android.settings.root}}} leash=Surface(name=TaskFragment{3370754 mode=fullscreen})/@0x674ff52 sb=Rect(720, 0 - 1920, 1080) eb=Rect(720, 0 - 1920, 1080) eo=Point(720, 0) d=0},{WCT{RemoteToken{4852a84 TaskFragment{984640c mode=multi-window}}} m=TO_BACK f=IN_TASK_WITH_EMBEDDED_ACTIVITY p=WCT{RemoteToken{d503a74 Task{28d9475 #199 type=standard A=1000:com.android.settings.root}}} leash=Surface(name=TaskFragment{984640c mode=fullscreen})/@0xb83fbbb sb=Rect(0, 0 - 720, 1080) eb=Rect(0, 0 - 720, 1080) d=0},{WCT{RemoteToken{d503a74 Task{28d9475 #199 type=standard A=1000:com.android.settings.root}}} m=TO_BACK f=NONE leash=Surface(name=Task=199)/@0x5f68a61 sb=Rect(0, 0 - 1920, 1080) eb=Rect(0, 0 - 1920, 1080) d=0}]}
04-21 13:18:31.281  1104  1128 V WindowManagerShell: onTransitionReady android.os.BinderProxy@e539b8d: {id=660 t=OPEN f=0x0 trk=0 r=[0@Point(0, 0)] c=[{WCT{android.window.IWindowContainerToken$Stub$Proxy@d5e2e54} m=OPEN f=NONE leash=Surface(name=Task=234)/@0x5227bcb sb=Rect(0, 0 - 1920, 1080) eb=Rect(0, 0 - 1920, 1080) d=0},{WCT{android.window.IWindowContainerToken$Stub$Proxy@c2f81fd} m=TO_BACK f=IN_TASK_WITH_EMBEDDED_ACTIVITY p=WCT{android.window.IWindowContainerToken$Stub$Proxy@839ef2} leash=Surface(name=TaskFragment{3370754 mode=fullscreen})/@0xb68bfa8 sb=Rect(720, 0 - 1920, 1080) eb=Rect(720, 0 - 1920, 1080) eo=Point(720, 0) d=0},{WCT{android.window.IWindowContainerToken$Stub$Proxy@3a49943} m=TO_BACK f=IN_TASK_WITH_EMBEDDED_ACTIVITY p=WCT{android.window.IWindowContainerToken$Stub$Proxy@99dbc0} leash=Surface(name=TaskFragment{984640c mode=fullscreen})/@0x9eefac1 sb=Rect(0, 0 - 720, 1080) eb=Rect(0, 0 - 720, 1080) d=0},{WCT{android.window.IWindowContainerToken$Stub$Proxy@8f740f9} m=TO_BACK f=NONE leash=Surface(name=Task=199)/@0xd6dc266 sb=Rect(0, 0 - 1920, 1080) eb=Rect(0, 0 - 1920, 1080) d=0}]}
04-21 13:18:31.282  1104  1128 V WindowManagerShell: Playing animation for (#660)android.os.BinderProxy@e539b8d@0
04-21 13:18:31.282  1104  1128 V WindowManagerShell:  try handler com.android.wm.shell.transition.DefaultMixedHandler@7b709ff
04-21 13:18:31.282  1104  1128 V WindowManagerShell:  try handler com.android.wm.shell.keyguard.KeyguardTransitionHandler@83523cc
04-21 13:18:31.282  1104  1128 V WindowManagerShell:  try handler com.android.wm.shell.pip.PipTransition@b509615
04-21 13:18:31.282  1104  1128 V WindowManagerShell:  try handler com.android.wm.shell.activityembedding.ActivityEmbeddingController@8487d2a
04-21 13:18:31.282  1104  1128 V WindowManagerShell:  try handler com.android.wm.shell.recents.RecentsTransitionHandler@57c471b
04-21 13:18:31.282  1104  1128 V ShellRecents: RecentsTransitionHandler.startAnimation: no controller found
04-21 13:18:31.282  1104  1128 V WindowManagerShell:  try handler com.android.wm.shell.splitscreen.StageCoordinator@d76b0b8
04-21 13:18:31.282  1104  1128 V WindowManagerShell:  try handler com.android.wm.shell.transition.RemoteTransitionHandler@bb17e91
04-21 13:18:31.282  1104  1128 V WindowManagerShell: Transition doesn't have explicit remote, search filters for match for {id=660 t=OPEN f=0x0 trk=0 r=[0@Point(0, 0)] c=[{WCT{android.window.IWindowContainerToken$Stub$Proxy@d5e2e54} m=OPEN f=NONE leash=Surface(name=Task=234)/@0x5227bcb sb=Rect(0, 0 - 1920, 1080) eb=Rect(0, 0 - 1920, 1080) d=0},{WCT{android.window.IWindowContainerToken$Stub$Proxy@c2f81fd} m=TO_BACK f=IN_TASK_WITH_EMBEDDED_ACTIVITY p=WCT{android.window.IWindowContainerToken$Stub$Proxy@839ef2} leash=Surface(name=TaskFragment{3370754 mode=fullscreen})/@0xb68bfa8 sb=Rect(720, 0 - 1920, 1080) eb=Rect(720, 0 - 1920, 1080) eo=Point(720, 0) d=0},{WCT{android.window.IWindowContainerToken$Stub$Proxy@3a49943} m=TO_BACK f=IN_TASK_WITH_EMBEDDED_ACTIVITY p=WCT{android.window.IWindowContainerToken$Stub$Proxy@99dbc0} leash=Surface(name=TaskFragment{984640c mode=fullscreen})/@0x9eefac1 sb=Rect(0, 0 - 720, 1080) eb=Rect(0, 0 - 720, 1080) d=0},{WCT{android.window.IWindowContainerToken$Stub$Proxy@8f740f9} m=TO_BACK f=NONE leash=Surface(name=Task=199)/@0xd6dc266 sb=Rect(0, 0 - 1920, 1080) eb=Rect(0, 0 - 1920, 1080) d=0}]}
04-21 13:18:31.282  1104  1128 V WindowManagerShell:  Checking filter Pair{{types=[] flags=0x0] notFlags=0x100 checks=[{atype=home independent=true modes=[OPEN,TO_FRONT] flags=NONE mustBeTask=false order=TOP topActivity=ComponentInfo{com.android.launcher3/com.android.launcher3.uioverrides.QuickstepLauncher}},{atype=standard independent=true modes=[CLOSE,TO_BACK] flags=NONE mustBeTask=false order=ANY topActivity=null}]} RemoteTransition { remoteTransition = android.window.IRemoteTransition$Stub$Proxy@93729c5, appThread = android.app.IApplicationThread$Stub$Proxy@e94ff1a, debugName = QuickstepLaunchHome }}
04-21 13:18:31.282  1104  1128 V WindowManagerShell:  Delegate animation for #660 to null
04-21 13:18:31.282  1104  1128 V WindowManagerShell:  try handler com.android.wm.shell.transition.DefaultTransitionHandler@44941f6
04-21 13:18:31.283  1104  1128 V WindowManagerShell: start default transition animation, info = {id=660 t=OPEN f=0x0 trk=0 r=[0@Point(0, 0)] c=[{WCT{android.window.IWindowContainerToken$Stub$Proxy@d5e2e54} m=OPEN f=NONE leash=Surface(name=Task=234)/@0x5227bcb sb=Rect(0, 0 - 1920, 1080) eb=Rect(0, 0 - 1920, 1080) d=0},{WCT{android.window.IWindowContainerToken$Stub$Proxy@c2f81fd} m=TO_BACK f=IN_TASK_WITH_EMBEDDED_ACTIVITY p=WCT{android.window.IWindowContainerToken$Stub$Proxy@839ef2} leash=Surface(name=TaskFragment{3370754 mode=fullscreen})/@0xb68bfa8 sb=Rect(720, 0 - 1920, 1080) eb=Rect(720, 0 - 1920, 1080) eo=Point(720, 0) d=0},{WCT{android.window.IWindowContainerToken$Stub$Proxy@3a49943} m=TO_BACK f=IN_TASK_WITH_EMBEDDED_ACTIVITY p=WCT{android.window.IWindowContainerToken$Stub$Proxy@99dbc0} leash=Surface(name=TaskFragment{984640c mode=fullscreen})/@0x9eefac1 sb=Rect(0, 0 - 720, 1080) eb=Rect(0, 0 - 720, 1080) d=0},{WCT{android.window.IWindowContainerToken$Stub$Proxy@8f740f9} m=TO_BACK f=NONE leash=Surface(name=Task=199)/@0xd6dc266 sb=Rect(0, 0 - 1920, 1080) eb=Rect(0, 0 - 1920, 1080) d=0}]}
04-21 13:18:31.284   888  6114 I ImeTracker: com.android.settings:2de0d16f: onRequestHide at ORIGIN_SERVER_HIDE_INPUT reason HIDE_UNSPECIFIED_WINDOW
04-21 13:18:31.284  1104  1128 V WindowManagerShell: loadAnimation: anim=android.view.animation.AnimationSet@be1f3b5 animAttr=0x9 type=OPEN isEntrance=false
04-21 13:18:31.284   888  6114 I ImeTracker: com.android.settings:2de0d16f: onCancelled at PHASE_SERVER_SHOULD_HIDE
04-21 13:18:31.284 30900 30900 I ailassemblyrn84: Using CollectorTypeCMC GC.
04-21 13:18:31.285  1104  1128 V WindowManagerShell: loadAnimation: anim=android.view.animation.AnimationSet@2adedbb animAttr=0x8 type=OPEN isEntrance=true
04-21 13:18:31.285  1750  1750 I GoogleInputMethodService: GoogleInputMethodService.onDestroy():1487 
04-21 13:18:31.285   888   918 W libprocessgroup: SetCgroup::ExecuteForProcess: failed to open /dev/stune/background/cgroup.procs: No such file or directory
04-21 13:18:31.285  1750  1750 I HardKeyTracker: HardKeyTracker.unregisterKeySequence():183 Unregister key sequence lmm{labelResId=2132019861, callback=bzi@5f9ba98, lastModifier=2, keyCodes=[47], actions=[0]}
04-21 13:18:31.286  1750  1750 I ModuleManager: ModuleManager$ModuleInitListener.maybeUnloadModuleOnUnavailable():1288 module dlu is unavailable
04-21 13:18:31.286  1750  1750 I ModuleManager: ModuleManager$ModuleInitListener.maybeUnloadModuleOnUnavailable():1288 module kde is unavailable
04-21 13:18:31.287  1750  1750 I ModuleManager: ModuleManager$ModuleInitListener.maybeUnloadModuleOnUnavailable():1288 module kof is unavailable
04-21 13:18:31.287  1750  1750 I HardKeyTracker: HardKeyTracker.unregisterKeySequence():183 Unregister key sequence lmm{labelResId=0, callback=jvl@1d4b557, lastModifier=0, keyCodes=[204], actions=[0]}
04-21 13:18:31.287   888   918 W libprocessgroup: SetCgroup::ExecuteForProcess: failed to open /dev/stune/top-app/cgroup.procs: No such file or directory
04-21 13:18:31.287  1750  1750 I ModuleManager: ModuleManager$ModuleInitListener.maybeUnloadModuleOnUnavailable():1288 module koj is unavailable
04-21 13:18:31.287  1750  1750 I ModuleManager: ModuleManager$ModuleInitListener.maybeUnloadModuleOnUnavailable():1288 module lqb is unavailable
04-21 13:18:31.287  1750  1750 I ModuleManager: ModuleManager$ModuleInitListener.maybeUnloadModuleOnUnavailable():1288 module jia is unavailable
04-21 13:18:31.287  1104  1128 V WindowManagerShell:  animated by com.android.wm.shell.transition.DefaultTransitionHandler@44941f6
04-21 13:18:31.289  1750  1750 I EmojifyExtensionImpl: EmojifyExtensionImpl.onDestroy():603 Destroying Emojify extension egx@653da4b.
04-21 13:18:31.289  1750  1750 I ModuleManager: ModuleManager$ModuleInitListener.maybeUnloadModuleOnUnavailable():1288 module dog is unavailable
04-21 13:18:31.289  1750  1750 I ModuleManager: ModuleManager$ModuleInitListener.maybeUnloadModuleOnUnavailable():1288 module gqs is unavailable
04-21 13:18:31.290  1750  1750 I ModuleManager: ModuleManager$ModuleInitListener.maybeUnloadModuleOnUnavailable():1288 module ech is unavailable
04-21 13:18:31.290  1750  1750 W AccessPointsManager: AccessPointsManager.removeAccessPoint():918 The holder controller #0x7f0b2098 is not registered
04-21 13:18:31.290  1750  1750 I ModuleManager: ModuleManager$ModuleInitListener.maybeUnloadModuleOnUnavailable():1288 module dlz is unavailable
04-21 13:18:31.290  1750  1750 I AccessPointsListHolderController: AccessPointsListHolderController.removeAccessPoint():345 The access point textediting is not added
04-21 13:18:31.290  1750  1750 I ModuleManager: ModuleManager$ModuleInitListener.maybeUnloadModuleOnUnavailable():1288 module gmv is unavailable
04-21 13:18:31.291  1750  1750 I AccessPointsListHolderController: AccessPointsListHolderController.removeAccessPoint():345 The access point settings is not added
04-21 13:18:31.291  1750  1750 I ModuleManager: ModuleManager$ModuleInitListener.maybeUnloadModuleOnUnavailable():1288 module llz is unavailable
04-21 13:18:31.291  1750  1750 I AccessPointsListHolderController: AccessPointsListHolderController.removeAccessPoint():345 The access point theme_setting is not added
04-21 13:18:31.291  1750  1750 I ModuleManager: ModuleManager$ModuleInitListener.maybeUnloadModuleOnUnavailable():1288 module ltc is unavailable
04-21 13:18:31.291  1750  1750 I ModuleManager: ModuleManager$ModuleInitListener.maybeUnloadModuleOnUnavailable():1288 module fxu is unavailable
04-21 13:18:31.291  1750  1750 I ModuleManager: ModuleManager$ModuleInitListener.maybeUnloadModuleOnUnavailable():1288 module eol is unavailable
04-21 13:18:31.291  1750  1750 I ModuleManager: ModuleManager$ModuleInitListener.maybeUnloadModuleOnUnavailable():1288 module egk is unavailable
04-21 13:18:31.291  1750  1750 I AbstractOpenableExtension: AbstractOpenableExtension.maybeDestroyExistingKeyboardGroupManager():535 Destroy existing keyboard group manager in fxd
04-21 13:18:31.291  1750  1750 I ModuleManager: ModuleManager$ModuleInitListener.maybeUnloadModuleOnUnavailable():1288 module FastAccessBarExtension is unavailable
04-21 13:18:31.291  1750  1750 I ModuleManager: ModuleManager$ModuleInitListener.maybeUnloadModuleOnUnavailable():1288 module IBitmojiExtension is unavailable
04-21 13:18:31.291  1750  1750 I ModuleManager: ModuleManager$ModuleInitListener.maybeUnloadModuleOnUnavailable():1288 module ftp is unavailable
04-21 13:18:31.291  1750  1750 I ModuleManager: ModuleManager$ModuleInitListener.maybeUnloadModuleOnUnavailable():1288 module IUniversalMediaExtension is unavailable
04-21 13:18:31.292  1750  1750 I ModuleManager: ModuleManager$ModuleInitListener.maybeUnloadModuleOnUnavailable():1288 module fhh is unavailable
04-21 13:18:31.292  1750  1750 I ModuleManager: ModuleManager$ModuleInitListener.maybeUnloadModuleOnUnavailable():1288 module edj is unavailable
04-21 13:18:31.292 30900 30900 E ailassemblyrn84: Not starting debugger since process cannot load the jdwp agent.
04-21 13:18:31.292  1750  1750 I ModuleManager: ModuleManager$ModuleInitListener.maybeUnloadModuleOnUnavailable():1288 module eff is unavailable
04-21 13:18:31.292  1750  1750 I ModuleManager: ModuleManager$ModuleInitListener.maybeUnloadModuleOnUnavailable():1288 module eyf is unavailable
04-21 13:18:31.293  1750  1750 I ModuleManager: ModuleManager$ModuleInitListener.maybeUnloadModuleOnUnavailable():1288 module ffu is unavailable
04-21 13:18:31.293  1750  2067 I InputActionMetricsProcessor: InputActionMetricsProcessor.onDetached():96 Detached from metrics manager.
04-21 13:18:31.293  1750  1750 I JapaneseMozcExtension: JapaneseMozcExtension.onDestroy():52 
04-21 13:18:31.293  1750  1750 I ModuleManager: ModuleManager$ModuleInitListener.maybeUnloadModuleOnUnavailable():1288 module fkk is unavailable
04-21 13:18:31.293  1750  1750 I ModuleManager: ModuleManager$ModuleInitListener.maybeUnloadModuleOnUnavailable():1288 module frr is unavailable
04-21 13:18:31.294  1750  1750 I ModuleManager: ModuleManager$ModuleInitListener.maybeUnloadModuleOnUnavailable():1288 module fsu is unavailable
04-21 13:18:31.294  1750  1750 I ModuleManager: ModuleManager$ModuleInitListener.maybeUnloadModuleOnUnavailable():1288 module IEmojiOrGifExtension is unavailable
04-21 13:18:31.294  1750  1750 I ModuleManager: ModuleManager$ModuleInitListener.maybeUnloadModuleOnUnavailable():1288 module IEmoticonExtension is unavailable
04-21 13:18:31.294  1750  1750 I ModuleManager: ModuleManager$ModuleInitListener.maybeUnloadModuleOnUnavailable():1288 module fwa is unavailable
04-21 13:18:31.295  1750  1750 I ModuleManager: ModuleManager$ModuleInitListener.maybeUnloadModuleOnUnavailable():1288 module fzk is unavailable
04-21 13:18:31.295  1750  1750 I ModuleManager: ModuleManager$ModuleInitListener.maybeUnloadModuleOnUnavailable():1288 module gru is unavailable
04-21 13:18:31.295  1750  1750 I OnDevicePackDownloadModule: OnDevicePackDownloadModule.onDestroy():95 onDestroy()
04-21 13:18:31.295  1750  1750 I ModuleManager: ModuleManager$ModuleInitListener.maybeUnloadModuleOnUnavailable():1288 module gwv is unavailable
04-21 13:18:31.295  1750  1750 I NewS3RecognizerModule: NewS3RecognizerModule.onDestroy():21 onDestroy [news3]
04-21 13:18:31.295  1750  1750 I ModuleManager: ModuleManager$ModuleInitListener.maybeUnloadModuleOnUnavailable():1288 module gza is unavailable
04-21 13:18:31.296  1750  1750 I ModuleManager: ModuleManager$ModuleInitListener.maybeUnloadModuleOnUnavailable():1288 module fuf is unavailable
04-21 13:18:31.296  1750  1750 I ModuleManager: ModuleManager$ModuleInitListener.maybeUnloadModuleOnUnavailable():1288 module fuj is unavailable
04-21 13:18:31.296  1750  1750 I ModuleManager: ModuleManager$ModuleInitListener.maybeUnloadModuleOnUnavailable():1288 module kob is unavailable
04-21 13:18:31.297  1750  1750 I ModuleManager: ModuleManager$ModuleInitListener.maybeUnloadModuleOnUnavailable():1288 module inr is unavailable
04-21 13:18:31.297  1750  1750 I ModuleManager: ModuleManager$ModuleInitListener.maybeUnloadModuleOnUnavailable():1288 module IBannerExtension is unavailable
04-21 13:18:31.298  1750  1750 I ModuleManager: ModuleManager$ModuleInitListener.maybeUnloadModuleOnUnavailable():1288 module dpl is unavailable
04-21 13:18:31.299  1750  1750 I ModuleManager: ModuleManager$ModuleInitListener.maybeUnloadModuleOnUnavailable():1288 module IGifKeyboardExtension is unavailable
04-21 13:18:31.299  1750  1750 I ModuleManager: ModuleManager$ModuleInitListener.maybeUnloadModuleOnUnavailable():1288 module gmu is unavailable
04-21 13:18:31.299  1750  1750 I ModuleManager: ModuleManager$ModuleInitListener.maybeUnloadModuleOnUnavailable():1288 module IStickerExtension is unavailable
04-21 13:18:31.299  1750  1750 I ModuleManager: ModuleManager$ModuleInitListener.maybeUnloadModuleOnUnavailable():1288 module ITranslateUIExtension is unavailable
04-21 13:18:31.299  1750  1750 I HardKeyTracker: HardKeyTracker.unregisterKeySequence():183 Unregister key sequence lmm{labelResId=2132019852, callback=fpg@c392bf4, lastModifier=0, keyCodes=[57, 57], actions=[1, 0]}
04-21 13:18:31.299  1750  1750 I HardKeyTracker: HardKeyTracker.unregisterKeySequence():183 Unregister key sequence lmm{labelResId=0, callback=fpg@ddb6b63, lastModifier=0, keyCodes=[58, 58], actions=[1, 0]}
04-21 13:18:31.300  1750  1750 I AbstractOpenableExtension: AbstractOpenableExtension.maybeDestroyExistingKeyboardGroupManager():535 Destroy existing keyboard group manager in fvb
04-21 13:18:31.300  1750  1750 I ModuleManager: ModuleManager$ModuleInitListener.maybeUnloadModuleOnUnavailable():1288 module IEmojiSearchExtension is unavailable
04-21 13:18:31.301  1750  1750 I ModuleManager: ModuleManager$ModuleInitListener.maybeUnloadModuleOnUnavailable():1288 module ecc is unavailable
04-21 13:18:31.303  1750  1750 I GoogleInputMethodService: GoogleInputMethodService.onDestroy():1522 Maybe update OEM display config because of service destruction
04-21 13:18:31.303  1750  2123 W GoogleApiManager: The service for hgg is not available: hgq{statusCode=SERVICE_DISABLED, resolution=null, message=null}
04-21 13:18:31.304  1750  1750 I GoogleInputMethodService: GoogleInputMethodService.onFinishInput():3184 
04-21 13:18:31.305  1750  1750 I GoogleInputMethodService: GoogleInputMethodService.updateDeviceLockedStatus():2246 repeatCheckTimes = 0, locked = false
04-21 13:18:31.306   888  6114 W InputManager-JNI: Input channel object 'd3b024c InputMethod (client)' was disposed without first being removed with the input manager!
04-21 13:18:31.310  1750  1750 I GoogleInputMethodService: GoogleInputMethodService.clearInputMethodServiceData():1603 clearInputMethodServiceData for onDestroy
04-21 13:18:31.311  1750  1750 I GoogleInputMethodService: GoogleInputMethodService.discardAllKeyboardViewAndInputView():1813 discardAllKeyboardViewAndInputView()
04-21 13:18:31.311   888   918 W libprocessgroup: SetCgroup::ExecuteForProcess: failed to open /dev/stune/top-app/cgroup.procs: No such file or directory
04-21 13:18:31.311  1750  1750 I KeyboardModeManager: KeyboardModeManager.setInputViewKeyboardViewHolderProvider():618 setInputView() : supportsOneHandedMode=false supportsSplitMode=true
04-21 13:18:31.312  1750  1750 I NormalModeController: NormalModeController.getKeyboardBodyViewHolderPaddingBottom():104 currentPrimeKeyboardType:HARD_QWERTY systemPaddingBottom:-1
04-21 13:18:31.312  1750  1750 I KeyboardModeManager: KeyboardModeManager.setInputViewKeyboardViewHolderProvider():606 setInputView() : supportsOneHandedMode=false, supportSplitMode=true
04-21 13:18:31.312  1750  1750 I InputMethodEntryManager: InputMethodEntryManager.notifyCurrentInputMethodEntryOnContextChanged():539 notifyCurrentInputMethodEntryOnContextChanged()
04-21 13:18:31.312  1750  1750 I InputMethodEntryManager: InputMethodEntryManager.notifyCurrentInputMethodEntryOnContextChanged():560 Notify current input method entry changed on context change
04-21 13:18:31.312  1750  1750 I KeyboardThemeProvider: KeyboardThemeProvider.reset():40 Reset keyboard theme
04-21 13:18:31.313  1750  1750 I KeyboardContextProvider: KeyboardContextProvider.setBaseContextAndInvalidKeyboardContextCache():88 setBaseContextAndInvalidKeyboardContextCache(): null
04-21 13:18:31.315 30900 30900 D CompatibilityChangeReporter: Compat change id reported: 171979766; UID 10139; state: ENABLED
04-21 13:18:31.316 30900 30900 D CompatibilityChangeReporter: Compat change id reported: 242716250; UID 10139; state: ENABLED
04-21 13:18:31.319   888  7642 D CompatibilityChangeReporter: Compat change id reported: 170503758; UID 10139; state: ENABLED
04-21 13:18:31.322  1750  1750 I GoogleInputMethodService: GoogleInputMethodService.onCreate():1009 
04-21 13:18:31.323   888   918 W libprocessgroup: SetCgroup::ExecuteForProcess: failed to open /dev/stune/background/cgroup.procs: No such file or directory
04-21 13:18:31.325   888   888 D AlarmManager: setImplLocked() callingPackage=android
04-21 13:18:31.327   888  7642 D AlarmManager: setImplLocked() callingPackage=android
04-21 13:18:31.330  1750  1750 I GoogleInputMethodService: GoogleInputMethodService.onCreate():1019 Maybe update OEM display config because of service creation
04-21 13:18:31.331  1750  1750 I WindowMetricsNotification: WindowMetricsNotification.notify():134 WindowMetricsNotification{bounds=Rect(0, 36 - 1920, 1080), insets=Rect(0, 0 - 0, 36), densityDpi=240, smallestScreenWidthDp=720, displayWidth=1920, displayHeight=1080, xdpi=320.0, ydpi=320.0, isTrustable=true}; DisplayMetrics{density=1.5, width=1920, height=1080, scaledDensity=1.5, xdpi=320.0, ydpi=320.0}
04-21 13:18:31.331  1750  1750 I WindowMetricsHelper: WindowMetricsHelper.predictAndNotify():140 Window metrics predicted.
04-21 13:18:31.332  1750  1750 I InputMethodEntryManager: InputMethodEntryManager.notifyCurrentInputMethodEntryOnContextChanged():539 notifyCurrentInputMethodEntryOnContextChanged()
04-21 13:18:31.332  1750  1750 I InputMethodEntryManager: InputMethodEntryManager.notifyCurrentInputMethodEntryOnContextChanged():560 Notify current input method entry changed on context change
04-21 13:18:31.332  1750  1750 I KeyboardContextProvider: KeyboardContextProvider.setBaseContextAndInvalidKeyboardContextCache():88 setBaseContextAndInvalidKeyboardContextCache(): com.android.inputmethod.latin.LatinIME@acc08d8
04-21 13:18:31.333   888  7642 D AlarmManager: setImplLocked() callingPackage=android
04-21 13:18:31.333 30900 30900 I ailassemblyrn84: Failed to add image file: Failed to find OatDexFile for DexFile /data/app/~~TtAnbsjwNLbzyCIaYmH89g==/com.impos2.mixcretailassemblyrn84-Ee4iVJNVH4McdKHKWJvjTA==/base.apk (canonical path /data/app/~~TtAnbsjwNLbzyCIaYmH89g==/com.impos2.mixcretailassemblyrn84-Ee4iVJNVH4McdKHKWJvjTA==/base.apk) in OatFile /data/app/~~qJT4Ifp0O2e6_YaMK2zwCQ==/com.impos2.mixcretailassemblyrn84-QY-_F1DOvthFOI7WM1TOVg==/oat/arm64/base.odex
04-21 13:18:31.333  1750  1750 E GoogleInputMethodService: GoogleInputMethodService.getAppEditorInfo():2853 App EditorInfo should never be null.
04-21 13:18:31.336  1750  1750 I StyledKeyboardThemeBuilder: StyledKeyboardThemeBuilder.build():147 Pref: [], themeName: [silk:], darkMode: [false], cacheKey: [overlay_builtin_dynamic_color_light_base.binarypb:dynamic-gm3-light-fffdfcff-ff3a608f-319763b53e9f733d8531a842cf65c071]
04-21 13:18:31.337   888  7642 W JobScheduler: Job didn't exist in JobStore: 229314d #u0a79/1556 woyou.market/com.sunmi.appstore.core.TimeJobService
04-21 13:18:31.337 30900 30900 D nativeloader: Configuring clns-6 for other apk /data/app/~~qJT4Ifp0O2e6_YaMK2zwCQ==/com.impos2.mixcretailassemblyrn84-QY-_F1DOvthFOI7WM1TOVg==/base.apk. target_sdk_version=36, uses_libraries=, library_path=/data/app/~~qJT4Ifp0O2e6_YaMK2zwCQ==/com.impos2.mixcretailassemblyrn84-QY-_F1DOvthFOI7WM1TOVg==/lib/arm64:/data/app/~~qJT4Ifp0O2e6_YaMK2zwCQ==/com.impos2.mixcretailassemblyrn84-QY-_F1DOvthFOI7WM1TOVg==/base.apk!/lib/arm64-v8a, permitted_path=/data:/mnt/expand:/data/user/0/com.impos2.mixcretailassemblyrn84
04-21 13:18:31.338  1750  1750 I KeyboardThemeProvider: KeyboardThemeProvider.applyKeyboardTheme():27 Apply keyboard theme: theme_border_keyboard_mode_screen_size_5_5_keyboard_mode_screen_width_large_stylesheet_noshadow_gsans_pillkey_silkpopup_light_tablet_keyboard_width_tablet_extra_large_navredesign_600_overlay_builtin_dynamic_color_light_base.binarypb:dynamic-gm3-light-fffdfcff-ff3a608f-319763b53e9f733d8531a842cf65c071_land
04-21 13:18:31.338   888   888 D AlarmManager: setImplLocked() callingPackage=android
04-21 13:18:31.339  1750  1750 I KeyboardContextProvider: KeyboardContextProvider$KeyboardContextCache.createKeyboardContext():173 createKeyboardContext(): zh-CN, jey@75ecb4(com.android.inputmethod.latin.LatinIME@acc08d8), {1.0 ?mcc0mnc [zh_CN] ldltr sw720dp w1280dp h648dp 240dpi lrg long land finger qwerty/v/v -nav/h winConfig={ mBounds=Rect(0, 0 - 1920, 1080) mAppBounds=Rect(0, 0 - 1920, 1008) mMaxBounds=Rect(0, 0 - 1920, 1080) mDisplayRotation=ROTATION_0 mWindowingMode=fullscreen mDisplayWindowingMode=fullscreen mActivityType=undefined mAlwaysOnTop=undefined mRotation=ROTATION_0} s.54 fontWeightAdjustment=0}
04-21 13:18:31.342  1750  2123 W GoogleApiManager: The service for hgg is not available: hgq{statusCode=SERVICE_DISABLED, resolution=null, message=null}
04-21 13:18:31.342  1750  1750 I KeyboardHeightUtil: KeyboardHeightUtil.calculateMaxKeyboardBodyHeight():45 leave 161 height for app when ime window height:1008, header height:81 and isFullscreenMode:false, so the max keyboard body height is:766
04-21 13:18:31.342  1750  2123 W GoogleApiManager: The service for hgg is not available: hgq{statusCode=SERVICE_DISABLED, resolution=null, message=null}
04-21 13:18:31.342  1750  1750 I KeyboardHeightUtil: KeyboardHeightUtil.calculateMaxKeyboardBodyHeight():45 leave 161 height for app when ime window height:1008, header height:81 and isFullscreenMode:false, so the max keyboard body height is:766
04-21 13:18:31.342  1750  1750 I NormalModeController: NormalModeController.getKeyboardBodyViewHolderPaddingBottom():104 currentPrimeKeyboardType:SOFT systemPaddingBottom:-1
04-21 13:18:31.343  1750  1750 I GoogleInputMethodService: GoogleInputMethodService.onCurrentInputMethodEntryChanged():3666 onCurrentInputMethodEntryChanged(): imeDefsChanged=false, initializedEntryChanged=true, keyboardContextChanged=true
04-21 13:18:31.343  1750  1750 I GoogleInputMethodService: GoogleInputMethodService.clearInputMethodServiceData():1603 clearInputMethodServiceData for entryChange
04-21 13:18:31.343  1750  1750 I KeyboardHeightUtil: KeyboardHeightUtil.calculateMaxKeyboardBodyHeight():45 leave 161 height for app when ime window height:1008, header height:81 and isFullscreenMode:false, so the max keyboard body height is:766
04-21 13:18:31.343  1750  2123 W GoogleApiManager: The service for hgg is not available: hgq{statusCode=SERVICE_DISABLED, resolution=null, message=null}
04-21 13:18:31.343  1750  1750 I KeyboardHeightUtil: KeyboardHeightUtil.calculateMaxKeyboardBodyHeight():45 leave 161 height for app when ime window height:1008, header height:81 and isFullscreenMode:false, so the max keyboard body height is:766
04-21 13:18:31.343  1750  1750 I KeyboardModeManager: KeyboardModeManager.onCurrentInputMethodEntryChanged():1112 Reload data for context change
04-21 13:18:31.343  1750  1750 I GoogleInputMethodService: GoogleInputMethodService.initializeInputMethodServiceData():1361 initializeInputMethodServiceData for kbr{languageTag=zh-CN, variant=qwerty, hasLocalizedResources=true, conditionCacheKey=_app_first_start_timestamp=1766456477730_cache_additional_ime_defs_for_condition_change=false_cache_ime_defs_for_condition_change=false_device=tablet_device_size=default_enable_chinese_9key_foldable_split=false_enable_chinese_inline_composing_shape_based=false_enable_chinese_inline_composing_zh_cn=false_enable_flick_symbols=false_enable_more_candidates_view_for_multilingual=false_enable_number_row=false_enable_preemptive_decode=true_enable_secondary_digits=true_enable_secondary_symbols=false_enable_show_foldable_layout_on_small_tablet=false_enable_transliteration_tablet_floating_ui_v2=false_enable_voice_in_chinese=false_expressions=normal_four_or_more_letter_rows=false_keyboard_mode=normal_language=zh-CN_orientation=landscape_physical_keyboard=qwerty_pref_enable_chinese_inline_composing_cn=false_rtl_layout=false_show_secondary_digits=true_show_suggestions=true_split_keyboard_handedness_zh=right_split_with_duplicate_keys=true_variant=qwerty, imeDef.stringId=ime_zh_cn, imeDef.className=com.google.android.apps.inputmethod.libs.chinese.ime.AsyncChineseProcessorBasedIme, imeDef.languageTag=zh-CN}
04-21 13:18:31.343  1750  1750 E GoogleInputMethodService: GoogleInputMethodService.getAppEditorInfo():2853 App EditorInfo should never be null.
04-21 13:18:31.346  1750  1750 I StyledKeyboardThemeBuilder: StyledKeyboardThemeBuilder.build():147 Pref: [], themeName: [silk:], darkMode: [false], cacheKey: [overlay_builtin_dynamic_color_light_base.binarypb:dynamic-gm3-light-fffdfcff-ff3a608f-319763b53e9f733d8531a842cf65c071]
04-21 13:18:31.348  1750  1750 I KeyboardThemeProvider: KeyboardThemeProvider.applyKeyboardTheme():27 Apply keyboard theme: theme_border_keyboard_mode_screen_size_5_5_keyboard_mode_screen_width_large_stylesheet_noshadow_gsans_pillkey_silkpopup_light_tablet_keyboard_width_tablet_extra_large_navredesign_600_overlay_builtin_dynamic_color_light_base.binarypb:dynamic-gm3-light-fffdfcff-ff3a608f-319763b53e9f733d8531a842cf65c071_land
04-21 13:18:31.352  1750  1750 I AndroidIME: InputBundleManager.loadActiveInputBundleId():450 loadActiveInputBundleId: und-Latn-x-password, password_floating_hard_qwerty
04-21 13:18:31.353  1750  1750 I SystemSubtypesReportModule: SystemSubtypesReportModule$4.onSetCurrentInputMethodSubtype():160 zh_CN
04-21 13:18:31.353  1750  1750 I DeviceModeMonitor: DeviceModeMonitor.calculateDeviceMode():79 Get device mode tablet by screen size and smallestScreenWidthDp: 720
04-21 13:18:31.354  1750  1750 I HardKeyTracker: HardKeyTracker.registerKeySequence():139 Register key sequence lmm{labelResId=2132019861, callback=bzi@cf8a457, lastModifier=2, keyCodes=[47], actions=[0]}
04-21 13:18:31.355  1750  1750 I HardKeyTracker: HardKeyTracker.registerKeySequence():139 Register key sequence lmm{labelResId=0, callback=jvl@9fb3d62, lastModifier=0, keyCodes=[204], actions=[0]}
04-21 13:18:31.356  1750 30927 I NetworkInfoNotification: NetworkInfoNotification$Listener.onReceive():107 onNetworkAvailable: networkState = NON_METERED, isAirplaneModeOn = false
04-21 13:18:31.357  1750  2067 I OnDevicePackDownloadModule: OnDevicePackDownloadModule.onCreate():60 onCreate()
04-21 13:18:31.357  1750 30929 I NewS3RecognizerModule: NewS3RecognizerModule.onCreate():14 onCreate [news3]
04-21 13:18:31.358  1750  2067 I InputActionMetricsProcessor: InputActionMetricsProcessor.onAttached():91 Attached to metrics manager.
04-21 13:18:31.358  1750  2067 W MetricsManager: MetricsManager.addProcessorImpl():581 Processor fgc@a9c4721 already exists.
04-21 13:18:31.358  1750  2074 I SP      : Registering emoticon_content_description.2022081613, url: https://www.gstatic.com/android/keyboard/emoticon_content_desc/202208161305/superpacks_manifest.json, constraints: W:*:*:*, flags: bg, requested: 2022081613, current: 2022081613
04-21 13:18:31.359  1750 30927 I EmojifyExtensionImpl: EmojifyExtensionImpl.onCreate():597 Creating Emojify extension egx@27f9215.
04-21 13:18:31.359  1750 30931 I JapaneseMozcExtension: JapaneseMozcExtension.onCreate():44 
04-21 13:18:31.359  1750 30927 I AbstractOpenableExtension: AbstractOpenableExtension.createKeyboardGroupManagerListenableFuture():120 Create keyboard group manager listenable future in fxd
04-21 13:18:31.360  1750  2074 I SP      : Registering emoticon_content_description.2022081613, url: https://www.gstatic.com/android/keyboard/emoticon_content_desc/202208161305/superpacks_manifest.json, constraints: W:*:*:*, flags: bg, requested: 2022081613, current: 2022081613
04-21 13:18:31.360  1750  2067 I NetworkInfoNotification: NetworkInfoNotification$Listener.onReceive():107 onNetworkAvailable: networkState = NON_METERED, isAirplaneModeOn = false
04-21 13:18:31.360  1750 30931 I KeyboardGroupDefParser: KeyboardGroupDefParser.parseKeyboardGroupDef():83 parseKeyboardGroupDef() 2132214040 -> 0_resource_name_obfuscated : WaitTime = 1 ms : RunTime = 0 ms
04-21 13:18:31.361  1750  1750 I AbstractOpenableExtension: AbstractOpenableExtension$3.onSuccess():549 KeyboardGroupManager destroyed in fxd.
04-21 13:18:31.362  1750  1750 I AbstractOpenableExtension: AbstractOpenableExtension$3.onSuccess():549 KeyboardGroupManager destroyed in fvb.
04-21 13:18:31.362  1750  2067 I Environment: Environment.isPackageInstalled():234 com.bitstrips.imoji is not installed
04-21 13:18:31.363  1750  2067 W AndroidCreativeStickerFetcherFactory: AndroidCreativeStickerFetcherFactory.createFetcher():19 Empty host or api key
04-21 13:18:31.363  1750  2074 I SP      : Syncing emoticon_content_description (2022081613) with slices: [7a635888cb828dfa2fc744b7b9b50f04, 3c27e76d2c13b8d849a3711831ff8dbd], metadata: false
04-21 13:18:31.363  1750  1750 I NetworkInfoNotification: NetworkInfoNotification$Listener.onReceive():107 onNetworkAvailable: networkState = NON_METERED, isAirplaneModeOn = false
04-21 13:18:31.363  1750  1750 I NetworkInfoNotification: NetworkInfoNotification$Listener.onReceive():107 onNetworkAvailable: networkState = NON_METERED, isAirplaneModeOn = false
04-21 13:18:31.364  1750  2123 W GoogleApiManager: The service for hgg is not available: hgq{statusCode=SERVICE_DISABLED, resolution=null, message=null}
04-21 13:18:31.364  1750  1750 I AccessPointsListHolderController: AccessPointsListHolderController.removeAccessPoint():345 The access point textediting is not added
04-21 13:18:31.365  1750  1750 I AccessPointsListHolderController: AccessPointsListHolderController.removeAccessPoint():345 The access point theme_setting is not added
04-21 13:18:31.365  1750  1750 I NetworkInfoNotification: NetworkInfoNotification$Listener.onReceive():107 onNetworkAvailable: networkState = NON_METERED, isAirplaneModeOn = false
04-21 13:18:31.366  1750  1750 I AccessPointsListHolderController: AccessPointsListHolderController.removeAccessPoint():345 The access point settings is not added
04-21 13:18:31.367  1750  1750 I ClipboardDataHandler: ClipboardDataHandler.updateScreenshotsContentObserver():283 Disable the feature of handling screenshots in the clipboard.
04-21 13:18:31.369 30900 30900 V GraphicsEnvironment: Currently set values for:
04-21 13:18:31.369 30900 30900 V GraphicsEnvironment:   angle_gl_driver_selection_pkgs=[]
04-21 13:18:31.369 30900 30900 V GraphicsEnvironment:   angle_gl_driver_selection_values=[]
