04-21 13:18:32.607 30900 30952 I MMKV    : <MMKV.cpp:1208::sync> MMKV::sync, SyncFlag = 1
04-21 13:18:32.634 30900 30952 I MMKV    : <MMKV_IO.cpp:609::writeActualSize> [mixc-retail-assembly-rn84::state] increase sequence to 241, crc 1535561328, actualSize 27990
04-21 13:18:32.634 30900 30952 I MMKV    : <MMKV.cpp:1208::sync> MMKV::sync, SyncFlag = 1
04-21 13:18:32.658 30900 30952 I MMKV    : <MMKV_IO.cpp:609::writeActualSize> [mixc-retail-assembly-rn84::state] increase sequence to 242, crc 1597329239, actualSize 27990
04-21 13:18:32.658 30900 30952 I MMKV    : <MMKV.cpp:1208::sync> MMKV::sync, SyncFlag = 1
04-21 13:18:32.680 30900 30952 I MMKV    : <MMKV_IO.cpp:609::writeActualSize> [mixc-retail-assembly-rn84::state] increase sequence to 243, crc 1323526825, actualSize 27990
04-21 13:18:32.680 30900 30952 I MMKV    : <MMKV.cpp:1208::sync> MMKV::sync, SyncFlag = 1
04-21 13:18:32.709 30900 30952 I MMKV    : <MMKV_IO.cpp:609::writeActualSize> [mixc-retail-assembly-rn84::state] increase sequence to 244, crc 1535561328, actualSize 27990
04-21 13:18:32.709 30900 30952 I MMKV    : <MMKV.cpp:1208::sync> MMKV::sync, SyncFlag = 1
04-21 13:18:32.726 30900 30952 I assembly.assembly.android.mixc-retail-rn84: [assembly.topology] Native topology host already matches desired lifecycle state {"displayCount":2,"displayIndex":0,"deviceId":"2N4QS8GYRS","instanceMode":"MASTER","enableSlave":true,"running":false,"reason":"not-master-or-single-primary-host"}
04-21 13:18:32.736 30900 30952 I MMKV    : <MMKV_IO.cpp:609::writeActualSize> [mixc-retail-assembly-rn84::state] increase sequence to 245, crc 1597329239, actualSize 27990
04-21 13:18:32.736 30900 30952 I MMKV    : <MMKV.cpp:1208::sync> MMKV::sync, SyncFlag = 1
04-21 13:18:32.746 30900 30952 I assembly.assembly.android.mixc-retail-rn84.hot-update.PrepareHotUpdateRestart: [assembly.hot-update] Preparing hot update restart countdown {"releaseId":"release_89kru0wv9hfm","packageId":"pkg_2b80b6g19hff","bundleVersion":"1.0.0+ota.14","mode":"idle","overlayId":"assembly.hot-update.progress","countdownSeconds":3}
04-21 13:18:32.754 30900 30952 I assembly.assembly.android.mixc-retail-rn84: [assembly.topology] Native topology host already matches desired lifecycle state {"displayCount":2,"displayIndex":0,"deviceId":"2N4QS8GYRS","instanceMode":"MASTER","enableSlave":true,"running":false,"reason":"not-master-or-single-primary-host"}
04-21 13:18:32.754 30900 30952 I assembly.assembly.android.mixc-retail-rn84: [assembly.topology] Native topology host already matches desired lifecycle state {"displayCount":2,"displayIndex":0,"deviceId":"2N4QS8GYRS","instanceMode":"MASTER","enableSlave":true,"running":false,"reason":"not-master-or-single-primary-host"}
04-21 13:18:32.754 30900 30952 I assembly.assembly.android.mixc-retail-rn84.hot-update.PrepareHotUpdateRestart: [assembly.hot-update] Hot update progress overlay opened {"overlayId":"assembly.hot-update.progress"}
04-21 13:18:32.755 30900 30952 I assembly.assembly.android.mixc-retail-rn84: [assembly.topology] Native topology host already matches desired lifecycle state {"displayCount":2,"displayIndex":0,"deviceId":"2N4QS8GYRS","instanceMode":"MASTER","enableSlave":true,"running":false,"reason":"not-master-or-single-primary-host"}
04-21 13:18:32.755 30900 30952 I assembly.assembly.android.mixc-retail-rn84: [assembly.topology] Native topology host already matches desired lifecycle state {"displayCount":2,"displayIndex":0,"deviceId":"2N4QS8GYRS","instanceMode":"MASTER","enableSlave":true,"running":false,"reason":"not-master-or-single-primary-host"}
04-21 13:18:32.773 30900 30952 I MMKV    : <MMKV_IO.cpp:609::writeActualSize> [mixc-retail-assembly-rn84::state] increase sequence to 246, crc 98507274, actualSize 29654
04-21 13:18:32.773 30900 30952 I MMKV    : <MMKV.cpp:1208::sync> MMKV::sync, SyncFlag = 1
04-21 13:18:32.797 30900 30952 I MMKV    : <MMKV_IO.cpp:609::writeActualSize> [mixc-retail-assembly-rn84::state] increase sequence to 247, crc 2470180937, actualSize 29872
04-21 13:18:32.797 30900 30952 I MMKV    : <MMKV.cpp:1208::sync> MMKV::sync, SyncFlag = 1
04-21 13:18:32.827 30900 30952 I MMKV    : <MMKV_IO.cpp:609::writeActualSize> [mixc-retail-assembly-rn84::state] increase sequence to 248, crc 3687958090, actualSize 29872
04-21 13:18:32.827 30900 30952 I MMKV    : <MMKV.cpp:1208::sync> MMKV::sync, SyncFlag = 1
04-21 13:18:32.848 30900 30952 I MMKV    : <MMKV_IO.cpp:609::writeActualSize> [mixc-retail-assembly-rn84::state] increase sequence to 249, crc 3832182898, actualSize 29872
04-21 13:18:32.848 30900 30952 I MMKV    : <MMKV.cpp:1208::sync> MMKV::sync, SyncFlag = 1
04-21 13:18:32.857 30900 30952 I MMKV    : <MMKV_IO.cpp:609::writeActualSize> [mixc-retail-assembly-rn84::secure-state] increase sequence to 19, crc 2155980727, actualSize 259
04-21 13:18:32.857 30900 30952 I MMKV    : <MMKV.cpp:1208::sync> MMKV::sync, SyncFlag = 1
04-21 13:18:32.869 30900 30952 I MMKV    : <MMKV_IO.cpp:609::writeActualSize> [mixc-retail-assembly-rn84::state] increase sequence to 250, crc 1868066490, actualSize 29872
04-21 13:18:32.869 30900 30952 I MMKV    : <MMKV.cpp:1208::sync> MMKV::sync, SyncFlag = 1
04-21 13:18:32.887 30900 30952 I MMKV    : <MMKV_IO.cpp:609::writeActualSize> [mixc-retail-assembly-rn84::state] increase sequence to 251, crc 3370389567, actualSize 29872
04-21 13:18:32.887 30900 30952 I MMKV    : <MMKV.cpp:1208::sync> MMKV::sync, SyncFlag = 1
04-21 13:18:32.903 30900 30952 I MMKV    : <MMKV_IO.cpp:609::writeActualSize> [mixc-retail-assembly-rn84::state] increase sequence to 252, crc 1218143560, actualSize 29872
04-21 13:18:32.903 30900 30952 I MMKV    : <MMKV.cpp:1208::sync> MMKV::sync, SyncFlag = 1
04-21 13:18:32.921 30900 30952 I MMKV    : <MMKV_IO.cpp:609::writeActualSize> [mixc-retail-assembly-rn84::state] increase sequence to 253, crc 2470180937, actualSize 29872
04-21 13:18:32.921 30900 30952 I MMKV    : <MMKV.cpp:1208::sync> MMKV::sync, SyncFlag = 1
04-21 13:18:32.950 30900 30952 I MMKV    : <MMKV_IO.cpp:609::writeActualSize> [mixc-retail-assembly-rn84::state] increase sequence to 254, crc 3687958090, actualSize 29872
04-21 13:18:32.950 30900 30952 I MMKV    : <MMKV.cpp:1208::sync> MMKV::sync, SyncFlag = 1
04-21 13:18:32.972 30900 30952 I MMKV    : <MMKV_IO.cpp:609::writeActualSize> [mixc-retail-assembly-rn84::state] increase sequence to 255, crc 3832182898, actualSize 29872
04-21 13:18:32.973 30900 30952 I MMKV    : <MMKV.cpp:1208::sync> MMKV::sync, SyncFlag = 1
04-21 13:18:32.992 30900 30952 I MMKV    : <MMKV_IO.cpp:609::writeActualSize> [mixc-retail-assembly-rn84::state] increase sequence to 256, crc 1868066490, actualSize 29872
04-21 13:18:32.993 30900 30952 I MMKV    : <MMKV.cpp:1208::sync> MMKV::sync, SyncFlag = 1
04-21 13:18:34.823   888  1023 E WifiStaIfaceAidlImpl: getLinkLayerStats failed with service-specific exception: android.os.ServiceSpecificException: unknown error (code 9)
04-21 13:18:35.252   888  1819 E TaskPersister: File error accessing recents directory (directory doesn't exist?).
04-21 13:18:35.388 30900 30900 I StartupAudit: secondary_launch_attempt displayCount=2 displayId=2 pid=30900 time=2026-04-21 13:18:35.387
04-21 13:18:35.393   888  6114 W APP_LOCK: ===isSecureForCommon  defaultLauncher:null===
04-21 13:18:35.393   888  6114 W APP_LOCK: ===isSecureForCommon  callingPackage:com.impos2.mixcretailassemblyrn84===
04-21 13:18:35.393   888  6114 W APP_LOCK: ===isSecureForCommon  === defaultLauncher:com.android.launcher3===
04-21 13:18:35.393   888  6114 W APP_LOCK: ===isSecureForCommon  isDefaultApp:false=== packageName : com.impos2.mixcretailassemblyrn84
04-21 13:18:35.395   888  6114 I Camera  : callprocess:com.impos2.mixcretailassemblyrn84
04-21 13:18:35.407   888  6114 E ActivityTaskManager: startResult ================ 0
04-21 13:18:35.420   688   688 W android.hardwar: type=1400 audit(0.0:8764): avc:  denied  { read } for  name="u:object_r:vendor_sculptor_prop:s0" dev="tmpfs" ino=383 scontext=u:r:hal_power_default:s0 tcontext=u:object_r:vendor_sculptor_prop:s0 tclass=file permissive=0
04-21 13:18:35.425   688   688 W libc    : Access denied finding property "vendor.sculptor.enable"
04-21 13:18:35.430   888  6114 I Camera  : callprocess:com.impos2.mixcretailassemblyrn84
04-21 13:18:35.431   888  6114 I APP_LOCK: com.impos2.mixcretailassemblyrn84 common is  not locked
04-21 13:18:35.431   888  6114 W APP_LOCK:   isCustomizedAppLockEnabled is false
04-21 13:18:35.433   888  6114 I Camera  : callprocess:com.impos2.mixcretailassemblyrn84
04-21 13:18:35.434   888  6114 D WmsExtImpl: config_supportAutoRotation false
04-21 13:18:35.437  1104  1128 V WindowManagerShell: Transition requested: android.os.BinderProxy@adceda1 TransitionRequestInfo { type = 1, triggerTask = TaskInfo{userId=0 taskId=235 displayId=2 isRunning=true baseIntent=Intent { flg=0x18000000 cmp=com.impos2.mixcretailassemblyrn84/.SecondaryActivity } baseActivity=ComponentInfo{com.impos2.mixcretailassemblyrn84/com.impos2.mixcretailassemblyrn84.SecondaryActivity} topActivity=ComponentInfo{com.impos2.mixcretailassemblyrn84/com.impos2.mixcretailassemblyrn84.SecondaryActivity} origActivity=null realActivity=ComponentInfo{com.impos2.mixcretailassemblyrn84/com.impos2.mixcretailassemblyrn84.SecondaryActivity} numActivities=1 lastActiveTime=4820765628 supportsMultiWindow=true resizeMode=1 isResizeable=true minWidth=-1 minHeight=-1 defaultMinSize=220 token=WCT{android.window.IWindowContainerToken$Stub$Proxy@bfe6bc6} topActivityType=1 pictureInPictureParams=null shouldDockBigOverlays=false launchIntoPipHostTaskId=-1 lastParentTaskIdBeforePip=-1 displayCutoutSafeInsets=null topActivityInfo=ActivityInfo{14e6787 com.impos2.mixcretailassemblyrn84.SecondaryActivity} launchCookies=[] positionInParent=Point(0, 0) parentTaskId=-1 isFocused=false isVisible=false isVisibleRequested=true isSleeping=false topActivityInSizeCompat=false topActivityEligibleForLetterboxEducation= false isLetterboxDoubleTapEnabled= false topActivityEligibleForUserAspectRatioButton= false topActivityBoundsLetterboxed= false isFromLetterboxDoubleTap= false topActivityLetterboxVerticalPosition= -1 topActivityLetterboxHorizontalPosition= -1 topActivityLetterboxWidth=-1 topActivityLetterboxHeight=-1 isUserFullscreenOverrideEnabled=false isTopActivityTransparent=false locusId=null displayAreaFeatureId=1 cameraCompatControlState=hidden}, remoteTransition = null, displayChange = null, flags = 0 }
04-21 13:18:35.439   888  6114 I ActivityTaskManager: START u0 {flg=0x18000000 cmp=com.impos2.mixcretailassemblyrn84/.SecondaryActivity} with LAUNCH_MULTIPLE from uid 10139 (BAL_ALLOW_VISIBLE_WINDOW) result code=0
04-21 13:18:35.440   888   918 W libprocessgroup: SetCgroup::ExecuteForProcess: failed to open /dev/stune/top-app/cgroup.procs: No such file or directory
04-21 13:18:35.443   888   907 D CompatibilityChangeReporter: Compat change id reported: 135634846; UID 10139; state: DISABLED
04-21 13:18:35.443   888   907 D CompatibilityChangeReporter: Compat change id reported: 177438394; UID 10139; state: DISABLED
04-21 13:18:35.443   888   907 D CompatibilityChangeReporter: Compat change id reported: 135772972; UID 10139; state: DISABLED
04-21 13:18:35.443   888   907 D CompatibilityChangeReporter: Compat change id reported: 135754954; UID 10139; state: ENABLED
04-21 13:18:35.444   888   914 D CompatibilityChangeReporter: Compat change id reported: 143937733; UID 10139; state: ENABLED
04-21 13:18:35.446   888  5540 D CoreBackPreview: Window{7a71763 u0 Splash Screen com.impos2.mixcretailassemblyrn84}: Setting back callback OnBackInvokedCallbackInfo{mCallback=android.window.IOnBackInvokedCallback$Stub$Proxy@ab64de, mPriority=0, mIsAnimationCallback=false}
04-21 13:18:35.453   342   342 I android.hardware.graphics.allocator-V1-service: alloc_format: RGBA_8888 + AFBC + SPLIT + WIDE + SPARSE + Datatype: UNORM
04-21 13:18:35.453   342   342 I android.hardware.graphics.allocator-V1-service: mali_gralloc_adjust_dimensions: alloc_format=RGBA_8888 + AFBC + SPLIT + WIDE + SPARSE + Datatype: UNORM usage=TEXTURE + RENDER + HWC alloc_width=1920, alloc_height=1088
04-21 13:18:35.455   342   342 I android.hardware.graphics.allocator-V1-service: Writing AFBC header layout 0 for format 1, n_headers: 8160
04-21 13:18:35.455   342   342 D android.hardware.graphics.allocator-V1-service: got new private_handle_t instance for buffer 'VRI[mixcretailassemblyrn84]#643(BLAST Consumer)643'. share_fd : 10, share_attr_fd : 11, width : 1920, height : 1080, req_format : 0x1, producer_usage : 0xb00, consumer_usage : 0xb00, , stride : 0, alloc_format_base: 1, alloc_format_modifiers: 0x04190000, size : 8486912, layer_count : 1, backing_store_id: 0x15600006128
04-21 13:18:35.455   342   342 D android.hardware.graphics.allocator-V1-service: plane_info[0]: offset : 0, byte_stride : 7680, alloc_width : 1920, alloc_height : 1088
04-21 13:18:35.455   342   342 D android.hardware.graphics.allocator-V1-service: plane_info[1]: offset : 0, byte_stride : 0, alloc_width : 0, alloc_height : 0
04-21 13:18:35.455   342   342 I android.hardware.graphics.allocator-V1-service: alloc_format: RGBA_8888 + AFBC + SPLIT + WIDE + SPARSE + Datatype: UNORM
04-21 13:18:35.455   342   342 I android.hardware.graphics.allocator-V1-service: mali_gralloc_adjust_dimensions: alloc_format=RGBA_8888 + AFBC + SPLIT + WIDE + SPARSE + Datatype: UNORM usage=TEXTURE + RENDER + HWC alloc_width=1920, alloc_height=1088
04-21 13:18:35.457   342   342 I android.hardware.graphics.allocator-V1-service: Writing AFBC header layout 0 for format 1, n_headers: 8160
04-21 13:18:35.457   342   342 D android.hardware.graphics.allocator-V1-service: got new private_handle_t instance for buffer 'VRI[mixcretailassemblyrn84]#643(BLAST Consumer)643'. share_fd : 10, share_attr_fd : 11, width : 1920, height : 1080, req_format : 0x1, producer_usage : 0xb00, consumer_usage : 0xb00, , stride : 0, alloc_format_base: 1, alloc_format_modifiers: 0x04190000, size : 8486912, layer_count : 1, backing_store_id: 0x15600006129
04-21 13:18:35.457   342   342 D android.hardware.graphics.allocator-V1-service: plane_info[0]: offset : 0, byte_stride : 7680, alloc_width : 1920, alloc_height : 1088
04-21 13:18:35.457   342   342 D android.hardware.graphics.allocator-V1-service: plane_info[1]: offset : 0, byte_stride : 0, alloc_width : 0, alloc_height : 0
04-21 13:18:35.458   342   342 I android.hardware.graphics.allocator-V1-service: alloc_format: RGBA_8888 + AFBC + SPLIT + WIDE + SPARSE + Datatype: UNORM
04-21 13:18:35.458   342   342 I android.hardware.graphics.allocator-V1-service: mali_gralloc_adjust_dimensions: alloc_format=RGBA_8888 + AFBC + SPLIT + WIDE + SPARSE + Datatype: UNORM usage=TEXTURE + RENDER + HWC alloc_width=1920, alloc_height=1088
04-21 13:18:35.458   638   638 D Zygote  : Forked child process 30999
04-21 13:18:35.459   888   914 I ActivityManager: Start proc 30999:com.impos2.mixcretailassemblyrn84:secondary/u0a139 for top-activity {com.impos2.mixcretailassemblyrn84/com.impos2.mixcretailassemblyrn84.SecondaryActivity}
04-21 13:18:35.460   342   342 I android.hardware.graphics.allocator-V1-service: Writing AFBC header layout 0 for format 1, n_headers: 8160
04-21 13:18:35.460   342   342 D android.hardware.graphics.allocator-V1-service: got new private_handle_t instance for buffer 'VRI[mixcretailassemblyrn84]#643(BLAST Consumer)643'. share_fd : 10, share_attr_fd : 11, width : 1920, height : 1080, req_format : 0x1, producer_usage : 0xb00, consumer_usage : 0xb00, , stride : 0, alloc_format_base: 1, alloc_format_modifiers: 0x04190000, size : 8486912, layer_count : 1, backing_store_id: 0x1560000612a
04-21 13:18:35.460   342   342 D android.hardware.graphics.allocator-V1-service: plane_info[0]: offset : 0, byte_stride : 7680, alloc_width : 1920, alloc_height : 1088
04-21 13:18:35.460   342   342 D android.hardware.graphics.allocator-V1-service: plane_info[1]: offset : 0, byte_stride : 0, alloc_width : 0, alloc_height : 0
04-21 13:18:35.462   888   904 V WindowManager: Sent Transition #662 createdAt=04-21 13:18:35.404 via request=TransitionRequestInfo { type = 1, triggerTask = TaskInfo{userId=0 taskId=235 displayId=2 isRunning=true baseIntent=Intent { flg=0x18000000 cmp=com.impos2.mixcretailassemblyrn84/.SecondaryActivity } baseActivity=ComponentInfo{com.impos2.mixcretailassemblyrn84/com.impos2.mixcretailassemblyrn84.SecondaryActivity} topActivity=ComponentInfo{com.impos2.mixcretailassemblyrn84/com.impos2.mixcretailassemblyrn84.SecondaryActivity} origActivity=null realActivity=ComponentInfo{com.impos2.mixcretailassemblyrn84/com.impos2.mixcretailassemblyrn84.SecondaryActivity} numActivities=1 lastActiveTime=4820765628 supportsMultiWindow=true resizeMode=1 isResizeable=true minWidth=-1 minHeight=-1 defaultMinSize=220 token=WCT{RemoteToken{eab80d5 Task{78da7f4 #235 type=standard A=10139:com.impos2.mixcretailassemblyrn84}}} topActivityType=1 pictureInPictureParams=null shouldDockBigOverlays=false launchIntoPipHostTaskId=-1 lastParentTaskIdBeforePip=-1 displayCutoutSafeInsets=null topActivityInfo=ActivityInfo{a04f0ea com.impos2.mixcretailassemblyrn84.SecondaryActivity} launchCookies=[] positionInParent=Point(0, 0) parentTaskId=-1 isFocused=false isVisible=false isVisibleRequested=true isSleeping=false topActivityInSizeCompat=false topActivityEligibleForLetterboxEducation= false isLetterboxDoubleTapEnabled= false topActivityEligibleForUserAspectRatioButton= false topActivityBoundsLetterboxed= false isFromLetterboxDoubleTap= false topActivityLetterboxVerticalPosition= -1 topActivityLetterboxHorizontalPosition= -1 topActivityLetterboxWidth=-1 topActivityLetterboxHeight=-1 isUserFullscreenOverrideEnabled=false isTopActivityTransparent=false locusId=null displayAreaFeatureId=1 cameraCompatControlState=hidden}, remoteTransition = null, displayChange = null, flags = 0 }
04-21 13:18:35.462   888   904 V WindowManager:     startWCT=WindowContainerTransaction { changes = {} hops = [] errorCallbackToken=null taskFragmentOrganizer=null }
04-21 13:18:35.463   888   904 V WindowManager:     info={id=662 t=OPEN f=0x0 trk=0 r=[2@Point(0, 0)] c=[{WCT{RemoteToken{eab80d5 Task{78da7f4 #235 type=standard A=10139:com.impos2.mixcretailassemblyrn84}}} m=OPEN f=NONE p=WCT{RemoteToken{6626e47 DefaultTaskDisplayArea@235898909}} leash=Surface(name=Task=235)/@0x369c6bf sb=Rect(0, 0 - 1920, 1080) eb=Rect(0, 0 - 1920, 1080) d=2},{WCT{RemoteToken{6626e47 DefaultTaskDisplayArea@235898909}} m=TO_FRONT f=NONE leash=Surface(name=DefaultTaskDisplayArea)/@0xb1977ba sb=Rect(0, 0 - 1920, 1080) eb=Rect(0, 0 - 1920, 1080) d=2}]}
04-21 13:18:35.463  1104  1128 V WindowManagerShell: onTransitionReady android.os.BinderProxy@adceda1: {id=662 t=OPEN f=0x0 trk=0 r=[2@Point(0, 0)] c=[{WCT{android.window.IWindowContainerToken$Stub$Proxy@e852d38} m=OPEN f=NONE p=WCT{android.window.IWindowContainerToken$Stub$Proxy@3cb8111} leash=Surface(name=Task=235)/@0x9977095 sb=Rect(0, 0 - 1920, 1080) eb=Rect(0, 0 - 1920, 1080) d=2},{WCT{android.window.IWindowContainerToken$Stub$Proxy@31f5276} m=TO_FRONT f=NONE leash=Surface(name=DefaultTaskDisplayArea)/@0x20685aa sb=Rect(0, 0 - 1920, 1080) eb=Rect(0, 0 - 1920, 1080) d=2}]}
04-21 13:18:35.463  1104  1128 V WindowManagerShell: Playing animation for (#662)android.os.BinderProxy@adceda1@0
04-21 13:18:35.463  1104  1128 V WindowManagerShell:  try handler com.android.wm.shell.transition.DefaultMixedHandler@7b709ff
04-21 13:18:35.463  1104  1128 V WindowManagerShell:  try handler com.android.wm.shell.keyguard.KeyguardTransitionHandler@83523cc
04-21 13:18:35.463  1104  1128 V WindowManagerShell:  try handler com.android.wm.shell.pip.PipTransition@b509615
04-21 13:18:35.463  1104  1128 V WindowManagerShell:  try handler com.android.wm.shell.activityembedding.ActivityEmbeddingController@8487d2a
04-21 13:18:35.463  1104  1128 V WindowManagerShell:  try handler com.android.wm.shell.recents.RecentsTransitionHandler@57c471b
04-21 13:18:35.463  1104  1128 V ShellRecents: RecentsTransitionHandler.startAnimation: no controller found
04-21 13:18:35.463  1104  1128 V WindowManagerShell:  try handler com.android.wm.shell.splitscreen.StageCoordinator@d76b0b8
04-21 13:18:35.463  1104  1128 V WindowManagerShell:  try handler com.android.wm.shell.transition.RemoteTransitionHandler@bb17e91
04-21 13:18:35.463  1104  1128 V WindowManagerShell: Transition doesn't have explicit remote, search filters for match for {id=662 t=OPEN f=0x0 trk=0 r=[2@Point(0, 0)] c=[{WCT{android.window.IWindowContainerToken$Stub$Proxy@e852d38} m=OPEN f=NONE p=WCT{android.window.IWindowContainerToken$Stub$Proxy@3cb8111} leash=Surface(name=Task=235)/@0x9977095 sb=Rect(0, 0 - 1920, 1080) eb=Rect(0, 0 - 1920, 1080) d=2},{WCT{android.window.IWindowContainerToken$Stub$Proxy@31f5276} m=TO_FRONT f=NONE leash=Surface(name=DefaultTaskDisplayArea)/@0x20685aa sb=Rect(0, 0 - 1920, 1080) eb=Rect(0, 0 - 1920, 1080) d=2}]}
04-21 13:18:35.463  1104  1128 V WindowManagerShell:  Checking filter Pair{{types=[] flags=0x0] notFlags=0x100 checks=[{atype=home independent=true modes=[OPEN,TO_FRONT] flags=NONE mustBeTask=false order=TOP topActivity=ComponentInfo{com.android.launcher3/com.android.launcher3.uioverrides.QuickstepLauncher}},{atype=standard independent=true modes=[CLOSE,TO_BACK] flags=NONE mustBeTask=false order=ANY topActivity=null}]} RemoteTransition { remoteTransition = android.window.IRemoteTransition$Stub$Proxy@93729c5, appThread = android.app.IApplicationThread$Stub$Proxy@e94ff1a, debugName = QuickstepLaunchHome }}
04-21 13:18:35.463  1104  1128 V WindowManagerShell:  Delegate animation for #662 to null
04-21 13:18:35.463  1104  1128 V WindowManagerShell:  try handler com.android.wm.shell.transition.DefaultTransitionHandler@44941f6
04-21 13:18:35.463  1104  1128 V WindowManagerShell: start default transition animation, info = {id=662 t=OPEN f=0x0 trk=0 r=[2@Point(0, 0)] c=[{WCT{android.window.IWindowContainerToken$Stub$Proxy@e852d38} m=OPEN f=NONE p=WCT{android.window.IWindowContainerToken$Stub$Proxy@3cb8111} leash=Surface(name=Task=235)/@0x9977095 sb=Rect(0, 0 - 1920, 1080) eb=Rect(0, 0 - 1920, 1080) d=2},{WCT{android.window.IWindowContainerToken$Stub$Proxy@31f5276} m=TO_FRONT f=NONE leash=Surface(name=DefaultTaskDisplayArea)/@0x20685aa sb=Rect(0, 0 - 1920, 1080) eb=Rect(0, 0 - 1920, 1080) d=2}]}
04-21 13:18:35.464   888   908 V WindowManager: Content Recording: Display 2 has content (true) so pause recording
04-21 13:18:35.464   346   346 I BpBinder: onLastStrongRef automatically unlinking death recipients: 
04-21 13:18:35.464  1104  1128 V WindowManagerShell: loadAnimation: anim=android.view.animation.AnimationSet@561d4d animAttr=0x4 type=OPEN isEntrance=true
04-21 13:18:35.467   888   907 I InputManager-JNI: Viewport [0] to add: local:0, isActive: true
04-21 13:18:35.467   888   907 I InputManager-JNI: Viewport [1] to add: local:1, isActive: true
04-21 13:18:35.468   888   982 I InputReader: Reconfiguring input devices, changes=DISPLAY_INFO
04-21 13:18:35.468   888   982 I InputReader: Device reconfigured: id=9, name='ilitek_second_ts', size 1920x1080, orientation 0, mode 1, display id 2
04-21 13:18:35.475 30999 30999 I yrn84:secondary: Using CollectorTypeCMC GC.
04-21 13:18:35.481   342   342 I android.hardware.graphics.allocator-V1-service: alloc_format: RGBA_8888 + Datatype: UNORM
04-21 13:18:35.481   342   342 I android.hardware.graphics.allocator-V1-service: mali_gralloc_adjust_dimensions: alloc_format=RGBA_8888 + Datatype: UNORM usage=CPU-RoWo + TEXTURE + RENDER + HWC alloc_width=1, alloc_height=1080
04-21 13:18:35.482   342   342 D android.hardware.graphics.allocator-V1-service: got new private_handle_t instance for buffer 'screenshot'. share_fd : 10, share_attr_fd : 11, width : 1, height : 1080, req_format : 0x1, producer_usage : 0xb33, consumer_usage : 0xb33, , stride : 16, alloc_format_base: 1, alloc_format_modifiers: 0x00000000, size : 69120, layer_count : 1, backing_store_id: 0x1560000612b
04-21 13:18:35.482   342   342 D android.hardware.graphics.allocator-V1-service: plane_info[0]: offset : 0, byte_stride : 64, alloc_width : 1, alloc_height : 1080
04-21 13:18:35.482   342   342 D android.hardware.graphics.allocator-V1-service: plane_info[1]: offset : 0, byte_stride : 0, alloc_width : 0, alloc_height : 0
04-21 13:18:35.482 30999 30999 E yrn84:secondary: Not starting debugger since process cannot load the jdwp agent.
04-21 13:18:35.496   888   918 W libprocessgroup: SetCgroup::ExecuteForProcess: failed to open /dev/stune/top-app/cgroup.procs: No such file or directory
04-21 13:18:35.497 30999 30999 D CompatibilityChangeReporter: Compat change id reported: 171979766; UID 10139; state: ENABLED
04-21 13:18:35.497 30999 30999 D CompatibilityChangeReporter: Compat change id reported: 242716250; UID 10139; state: ENABLED
04-21 13:18:35.506 30999 30999 I yrn84:secondary: Failed to add image file: Failed to find OatDexFile for DexFile /data/app/~~TtAnbsjwNLbzyCIaYmH89g==/com.impos2.mixcretailassemblyrn84-Ee4iVJNVH4McdKHKWJvjTA==/base.apk (canonical path /data/app/~~TtAnbsjwNLbzyCIaYmH89g==/com.impos2.mixcretailassemblyrn84-Ee4iVJNVH4McdKHKWJvjTA==/base.apk) in OatFile /data/app/~~qJT4Ifp0O2e6_YaMK2zwCQ==/com.impos2.mixcretailassemblyrn84-QY-_F1DOvthFOI7WM1TOVg==/oat/arm64/base.odex
04-21 13:18:35.508 30999 30999 D nativeloader: Configuring clns-6 for other apk /data/app/~~qJT4Ifp0O2e6_YaMK2zwCQ==/com.impos2.mixcretailassemblyrn84-QY-_F1DOvthFOI7WM1TOVg==/base.apk. target_sdk_version=36, uses_libraries=, library_path=/data/app/~~qJT4Ifp0O2e6_YaMK2zwCQ==/com.impos2.mixcretailassemblyrn84-QY-_F1DOvthFOI7WM1TOVg==/lib/arm64:/data/app/~~qJT4Ifp0O2e6_YaMK2zwCQ==/com.impos2.mixcretailassemblyrn84-QY-_F1DOvthFOI7WM1TOVg==/base.apk!/lib/arm64-v8a, permitted_path=/data:/mnt/expand:/data/user/0/com.impos2.mixcretailassemblyrn84
04-21 13:18:35.509   342   342 I android.hardware.graphics.allocator-V1-service: alloc_format: RGBA_8888 + Datatype: UNORM
04-21 13:18:35.509   342   342 I android.hardware.graphics.allocator-V1-service: mali_gralloc_adjust_dimensions: alloc_format=RGBA_8888 + Datatype: UNORM usage=TEXTURE + RENDER + HWC alloc_width=144, alloc_height=1080
04-21 13:18:35.509   342   342 D android.hardware.graphics.allocator-V1-service: got new private_handle_t instance for buffer 'bbq-adapter#644(BLAST Consumer)644'. share_fd : 10, share_attr_fd : 11, width : 144, height : 1080, req_format : 0x1, producer_usage : 0xb00, consumer_usage : 0xb00, , stride : 0, alloc_format_base: 1, alloc_format_modifiers: 0x00000000, size : 622080, layer_count : 1, backing_store_id: 0x1560000612c
04-21 13:18:35.509   342   342 D android.hardware.graphics.allocator-V1-service: plane_info[0]: offset : 0, byte_stride : 576, alloc_width : 144, alloc_height : 1080
04-21 13:18:35.509   342   342 D android.hardware.graphics.allocator-V1-service: plane_info[1]: offset : 0, byte_stride : 0, alloc_width : 0, alloc_height : 0
04-21 13:18:35.514  1104  1128 V WindowManagerShell:  animated by com.android.wm.shell.transition.DefaultTransitionHandler@44941f6
04-21 13:18:35.526 30999 30999 V GraphicsEnvironment: Currently set values for:
04-21 13:18:35.526 30999 30999 V GraphicsEnvironment:   angle_gl_driver_selection_pkgs=[]
04-21 13:18:35.526 30999 30999 V GraphicsEnvironment:   angle_gl_driver_selection_values=[]
04-21 13:18:35.526 30999 30999 V GraphicsEnvironment: ANGLE GameManagerService for com.impos2.mixcretailassemblyrn84: false
04-21 13:18:35.526 30999 30999 V GraphicsEnvironment: com.impos2.mixcretailassemblyrn84 is not listed in per-application setting
04-21 13:18:35.526 30999 30999 V GraphicsEnvironment: Neither updatable production driver nor prerelease driver is supported.
04-21 13:18:35.531 30999 30999 I LoadedApk: No resource references to update in package com.sunmi
04-21 13:18:35.534 30999 30999 W SoLoader: Initializing SoLoader: 0
04-21 13:18:35.534 30999 30999 W SoLoader: Recording new base apk path: /data/app/~~qJT4Ifp0O2e6_YaMK2zwCQ==/com.impos2.mixcretailassemblyrn84-QY-_F1DOvthFOI7WM1TOVg==/base.apk
04-21 13:18:35.534 30999 30999 W SoLoader: Previously recorded 0 base apk paths.
04-21 13:18:35.535 30999 30999 I SoLoader: Preparing SO source: DirectorySoSource[root = /vendor/lib64 flags = 2]
04-21 13:18:35.535 30999 30999 I SoLoader: Preparing SO source: DirectorySoSource[root = /system/lib64 flags = 2]
04-21 13:18:35.535 30999 30999 I SoLoader: Preparing SO source: DirectApkSoSource[root = [/data/app/~~qJT4Ifp0O2e6_YaMK2zwCQ==/com.impos2.mixcretailassemblyrn84-QY-_F1DOvthFOI7WM1TOVg==/base.apk!/lib/arm64-v8a]]
04-21 13:18:35.544 30999 30999 I SoLoader: Preparing SO source: ApplicationSoSource[DirectorySoSource[root = /data/app/~~qJT4Ifp0O2e6_YaMK2zwCQ==/com.impos2.mixcretailassemblyrn84-QY-_F1DOvthFOI7WM1TOVg==/lib/arm64 flags = 0]]
04-21 13:18:35.544 30999 30999 I SoLoader: init finish: 4 SO sources prepared
04-21 13:18:35.544 30999 30999 W SoLoader: SoLoader initialized: 8
04-21 13:18:35.576 30999 30999 D jni_lib_merge: Entering merged library JNI_OnLoad.
04-21 13:18:35.576 30999 30999 D jni_lib_merge: Preparing 12 pre-merged libs (including stub)
04-21 13:18:35.576 30999 30999 D jni_lib_merge: Preparing to register libfabricjni_so.  onload_func: 0x7754f90a50
04-21 13:18:35.576 30999 30999 D jni_lib_merge: Preparing to register libreact_devsupportjni_so.  onload_func: 0x775505436c
04-21 13:18:35.576 30999 30999 D jni_lib_merge: Preparing to register libreact_featureflagsjni_so.  onload_func: 0x775506eba8
04-21 13:18:35.576 30999 30999 D jni_lib_merge: Preparing to register libreact_newarchdefaults_so.  onload_func: 0x77550acd74
04-21 13:18:35.576 30999 30999 D jni_lib_merge: Preparing to register libreactnativeblob_so.  onload_func: 0x775514da4c
04-21 13:18:35.576 30999 30999 D jni_lib_merge: Preparing to register libreactnativejni_so.  onload_func: 0x77551629e4
04-21 13:18:35.576 30999 30999 D jni_lib_merge: Preparing to register libreactnativejni_common_so.  onload_func: 0x7755165be0
04-21 13:18:35.576 30999 30999 D jni_lib_merge: Preparing to register librninstance_so.  onload_func: 0x7755182778
04-21 13:18:35.576 30999 30999 D jni_lib_merge: Preparing to register libturbomodulejsijni_so.  onload_func: 0x775522c0e0
04-21 13:18:35.576 30999 30999 D jni_lib_merge: Preparing to register libuimanagerjni_so.  onload_func: 0x7755232b00
04-21 13:18:35.576 30999 30999 D jni_lib_merge: Preparing to register libyoga_so.  onload_func: 0x775523a0c4
04-21 13:18:35.576 30999 30999 D jni_lib_merge: About to register 11 actual methods.
04-21 13:18:35.589 30999 30999 D jni_lib_merge: Entering merged library JNI_OnLoad.
04-21 13:18:35.589 30999 30999 D jni_lib_merge: Preparing 12 pre-merged libs (including stub)
04-21 13:18:35.589 30999 30999 D jni_lib_merge: Preparing to register libfabricjni_so.  onload_func: 0x7754f90a50
04-21 13:18:35.589 30999 30999 D jni_lib_merge: Preparing to register libreact_devsupportjni_so.  onload_func: 0x775505436c
04-21 13:18:35.589 30999 30999 D jni_lib_merge: Preparing to register libreact_featureflagsjni_so.  onload_func: 0x775506eba8
04-21 13:18:35.589 30999 30999 D jni_lib_merge: Preparing to register libreact_newarchdefaults_so.  onload_func: 0x77550acd74
04-21 13:18:35.589 30999 30999 D jni_lib_merge: Preparing to register libreactnativeblob_so.  onload_func: 0x775514da4c
04-21 13:18:35.589 30999 30999 D jni_lib_merge: Preparing to register libreactnativejni_so.  onload_func: 0x77551629e4
04-21 13:18:35.589 30999 30999 D jni_lib_merge: Preparing to register libreactnativejni_common_so.  onload_func: 0x7755165be0
04-21 13:18:35.589 30999 30999 D jni_lib_merge: Preparing to register librninstance_so.  onload_func: 0x7755182778
04-21 13:18:35.589 30999 30999 D jni_lib_merge: Preparing to register libturbomodulejsijni_so.  onload_func: 0x775522c0e0
04-21 13:18:35.589 30999 30999 D jni_lib_merge: Preparing to register libuimanagerjni_so.  onload_func: 0x7755232b00
04-21 13:18:35.589 30999 30999 D jni_lib_merge: Preparing to register libyoga_so.  onload_func: 0x775523a0c4
04-21 13:18:35.589 30999 30999 D jni_lib_merge: About to register 11 actual methods.
04-21 13:18:35.592   888  6114 D WmsExtImpl: config_supportAutoRotation false
04-21 13:18:35.594   888  6114 W InputDispatcher: Focused display #2 does not have a focused window.
04-21 13:18:35.595   888   907 V WindowManager: Unknown focus tokens, dropping reportFocusChanged
04-21 13:18:35.600 30999 31020 D vulkan  : searching for layers in '/data/app/~~qJT4Ifp0O2e6_YaMK2zwCQ==/com.impos2.mixcretailassemblyrn84-QY-_F1DOvthFOI7WM1TOVg==/lib/arm64'
04-21 13:18:35.601 30999 31020 D vulkan  : searching for layers in '/data/app/~~qJT4Ifp0O2e6_YaMK2zwCQ==/com.impos2.mixcretailassemblyrn84-QY-_F1DOvthFOI7WM1TOVg==/base.apk!/lib/arm64-v8a'
04-21 13:18:35.603 30999 31020 I mali_so : [File] : hardware/arm/mali/driver/product/base/src/mali_base_kbase.c; [Line] : 1407; [Func] : base_context_deal_with_version_affairs_rk_ext;
04-21 13:18:35.603 30999 31020 I mali_so : arm_release_ver of this mali_so is 'g25p0-00eac0', rk_so_ver is '2'.
04-21 13:18:35.604 30999 31020 I mali_so : [File] : hardware/arm/mali/driver/product/base/src/mali_base_kbase.c; [Line] : 1423; [Func] : base_context_deal_with_version_affairs_rk_ext;
04-21 13:18:35.604 30999 31020 I mali_so : arm_release_vers are match. to set the full mali_ver 'g25p0-00eac0-2' as value of 'sys.gmali.version'.
04-21 13:18:35.604 30999 31020 W libc    : Unable to set property "sys.gmali.version" to "g25p0-00eac0-2": connection failed; errno=13 (Permission denied)
04-21 13:18:35.608 30999 31020 I mali_so : [File] : hardware/arm/mali/driver/product/base/src/mali_base_kbase.c; [Line] : 1407; [Func] : base_context_deal_with_version_affairs_rk_ext;
04-21 13:18:35.608 30999 31020 I mali_so : arm_release_ver of this mali_so is 'g25p0-00eac0', rk_so_ver is '2'.
04-21 13:18:35.608 30999 31020 I mali_so : [File] : hardware/arm/mali/driver/product/base/src/mali_base_kbase.c; [Line] : 1423; [Func] : base_context_deal_with_version_affairs_rk_ext;
04-21 13:18:35.608 30999 31020 I mali_so : arm_release_vers are match. to set the full mali_ver 'g25p0-00eac0-2' as value of 'sys.gmali.version'.
04-21 13:18:35.608 30999 31020 W libc    : Unable to set property "sys.gmali.version" to "g25p0-00eac0-2": connection failed; errno=13 (Permission denied)
04-21 13:18:35.608 30999 30999 D AppCompatDelegate: Checking for metadata for AppLocalesMetadataHolderService : Service not found
04-21 13:18:35.631   888  5540 D FileUtils: Rounded bytes from 4073672704 to 8000000000
04-21 13:18:35.651 30999 30999 D jni_lib_merge: Entering merged library JNI_OnLoad.
04-21 13:18:35.652 30999 30999 D jni_lib_merge: Preparing 4 pre-merged libs (including stub)
04-21 13:18:35.652 30999 30999 D jni_lib_merge: Preparing to register libhermes_executor_so.  onload_func: 0x7757e61728
04-21 13:18:35.652 30999 30999 D jni_lib_merge: Preparing to register libhermesinstancejni_so.  onload_func: 0x7757e68d44
04-21 13:18:35.652 30999 30999 D jni_lib_merge: Preparing to register libjsijniprofiler_so.  onload_func: 0x7757e69530
04-21 13:18:35.652 30999 30999 D jni_lib_merge: About to register 3 actual methods.
04-21 13:18:35.656 30999 30999 I HotUpdateBundleResolver: bundle_resolved source=secondary-boot bundleFile=/data/user/0/com.impos2.mixcretailassemblyrn84/files/hot-updates/packages/pkg_2b80b6g19hff/index.android.bundle bundleVersion=1.0.0+ota.14 packageId=pkg_2b80b6g19hff bootAttempt=0 pid=30999
04-21 13:18:35.657 30999 30999 I MainApplication: getJSBundleFile process=com.impos2.mixcretailassemblyrn84:secondary isPrimaryProcess=false resolvedBundle=/data/user/0/com.impos2.mixcretailassemblyrn84/files/hot-updates/packages/pkg_2b80b6g19hff/index.android.bundle fallbackBundle=null selectedBundle=/data/user/0/com.impos2.mixcretailassemblyrn84/files/hot-updates/packages/pkg_2b80b6g19hff/index.android.bundle
04-21 13:18:35.675 30999 30999 W unknown:BridgelessReact: ReactHost{0}.startSurface(surfaceId = 0): Schedule
04-21 13:18:35.675 30999 30999 W unknown:BridgelessReact: ReactHost{0}.attachSurface(surfaceId = 0)
04-21 13:18:35.676 30999 31036 W unknown:BridgelessReact: ReactHost{0}.getOrCreateReactInstanceTask()
04-21 13:18:35.676 30999 31036 W unknown:BridgelessReact: ReactHost{0}.getOrCreateReactInstanceTask(): Start
04-21 13:18:35.676 30999 31036 W unknown:BridgelessReact: ReactHost{0}.getJSBundleLoader()
04-21 13:18:35.677 30999 31036 W unknown:BridgelessReact: ReactHost{0}.getOrCreateReactInstanceTask(): Creating BridgelessReactContext
04-21 13:18:35.678 30999 31036 W unknown:BridgelessReact: ReactHost{0}.getOrCreateReactInstanceTask(): Creating ReactInstance
04-21 13:18:35.686 30999 30999 I StartupAudit: activity_created activity=SecondaryActivity displayIndex=1 pid=30999 time=2026-04-21 13:18:35.686
04-21 13:18:35.696   888  6114 D SunmiCustomerManagerService: onTransact
04-21 13:18:35.697   888  6114 V AtmsExtImpl_KioskMode: Kiosk Mode isKioskApp: false
04-21 13:18:35.698 30999 30999 W unknown:BridgelessReact: ReactHost{0}.onHostResume(activity)
04-21 13:18:35.698 30999 30999 W unknown:BridgelessReact: ReactHost{0}.ReactContext.onHostResume()
04-21 13:18:35.703 30999 30999 D CompatibilityChangeReporter: Compat change id reported: 237531167; UID 10139; state: DISABLED
04-21 13:18:35.704 30999 30999 W OpenGLRenderer: Unknown dataspace 0
04-21 13:18:35.709   888  6114 D ScenePolicyTrigger: activityResumed PassThronght com.impos2.mixcretailassemblyrn84
04-21 13:18:35.710   888  6114 I android_os_HwBinder: HwBinder: Starting thread pool for getting: com.sunmi.hyper_engine@1.0::IHyperEngine/default
04-21 13:18:35.711   684   684 I HyperEngine: notifyHyperFactor {"para1":"10","para2":"10","appInfo":{"packageName":"com.impos2.mixcretailassemblyrn84","pid":30999}}
04-21 13:18:35.711   684   684 I HyperEngine: last packageName: com.impos2.mixcretailassemblyrn84
04-21 13:18:35.711   684   684 I HyperEngine: onHyperFactorChanged XmlLoader::mCurrentConfigDir = /vendor/etc/hyperengine/rk3576/
04-21 13:18:35.711   684   684 I HyperEngine: onHyperFactorChanged scenario type Normal: apply policy 0x00
04-21 13:18:35.711   684   684 I HyperEngine: applyPolicy CpusetConfig, id: 0x00
04-21 13:18:35.711   684   684 I HyperEngine: applyPolicy DeviceFreqConfig, id: 0x00
04-21 13:18:35.711   684   684 I HyperEngine: applyPolicy IOConfig, id: 0x00
04-21 13:18:35.711   684   684 I HyperEngine: applyPolicy SchedConfig, id: 0x00
04-21 13:18:35.712   684   684 I HyperEngine: requestAction : {"eventType":"WindowsAnimation","eventInfo":{"packageName":"com.impos2.mixcretailassemblyrn84"}}
04-21 13:18:35.713   888  6114 D ScenePolicyTrigger: requestAction: {"eventType":"WindowsAnimation","eventInfo":{"packageName":"com.impos2.mixcretailassemblyrn84"}}
04-21 13:18:35.713   888  6114 I android_os_HwBinder: HwBinder: Starting thread pool for getting: com.sunmi.hyper_engine@1.0::IHyperEngine/default
04-21 13:18:35.714   684   684 I HyperEngine: requestAction : {"eventType":"SqliteMode","eventInfo":{"packageName":"com.impos2.mixcretailassemblyrn84"}}
04-21 13:18:35.714   888  6114 I ScenePolicyTrigger: isSqliteMode return:{"method":"SqliteMode","return_code":false,"return_msg":"ok"}
04-21 13:18:35.742 30999 31036 W unknown:BridgelessReact: ReactHost{0}.getOrCreateReactInstanceTask(): Loading JS Bundle
04-21 13:18:35.742 30999 31036 W unknown:BridgelessReact: ReactHost{0}.getOrCreateReactInstanceTask(): DevSupportManager.onNewReactContextCreated()
04-21 13:18:35.742   888  6114 D CoreBackPreview: Window{15ea5cb u0 com.impos2.mixcretailassemblyrn84/com.impos2.mixcretailassemblyrn84.SecondaryActivity}: Setting back callback OnBackInvokedCallbackInfo{mCallback=android.window.IOnBackInvokedCallback$Stub$Proxy@3e034c1, mPriority=0, mIsAnimationCallback=false}
04-21 13:18:35.743 30999 31036 W unknown:BridgelessReact: ReactHost{0}.startSurface(surfaceId = 0): Execute
04-21 13:18:35.754 30999 31037 I ReactNativeJS: Running "MixcRetailAssemblyRN84"
04-21 13:18:35.756   287   287 I hwservicemanager: getTransport: Cannot find entry android.hardware.graphics.allocator@4.0::IAllocator/default in either framework or device VINTF manifest.
04-21 13:18:35.757   342   342 I android.hardware.graphics.allocator-V1-service: alloc_format: RGBA_8888 + AFBC + SPLIT + WIDE + SPARSE + Datatype: UNORM
04-21 13:18:35.757   342   342 I android.hardware.graphics.allocator-V1-service: mali_gralloc_adjust_dimensions: alloc_format=RGBA_8888 + AFBC + SPLIT + WIDE + SPARSE + Datatype: UNORM usage=TEXTURE + RENDER + HWC alloc_width=1920, alloc_height=1088
04-21 13:18:35.759   342   342 I android.hardware.graphics.allocator-V1-service: Writing AFBC header layout 0 for format 1, n_headers: 8160
04-21 13:18:35.759   342   342 D android.hardware.graphics.allocator-V1-service: got new private_handle_t instance for buffer 'VRI[SecondaryActivity]#0(BLAST Consumer)0'. share_fd : 10, share_attr_fd : 11, width : 1920, height : 1080, req_format : 0x1, producer_usage : 0xb00, consumer_usage : 0xb00, , stride : 0, alloc_format_base: 1, alloc_format_modifiers: 0x04190000, size : 8486912, layer_count : 1, backing_store_id: 0x1560000612d
04-21 13:18:35.759   342   342 D android.hardware.graphics.allocator-V1-service: plane_info[0]: offset : 0, byte_stride : 7680, alloc_width : 1920, alloc_height : 1088
04-21 13:18:35.759   342   342 D android.hardware.graphics.allocator-V1-service: plane_info[1]: offset : 0, byte_stride : 0, alloc_width : 0, alloc_height : 0
04-21 13:18:35.759   342   342 I android.hardware.graphics.allocator-V1-service: alloc_format: RGBA_8888 + AFBC + SPLIT + WIDE + SPARSE + Datatype: UNORM
04-21 13:18:35.759   342   342 I android.hardware.graphics.allocator-V1-service: mali_gralloc_adjust_dimensions: alloc_format=RGBA_8888 + AFBC + SPLIT + WIDE + SPARSE + Datatype: UNORM usage=TEXTURE + RENDER + HWC alloc_width=1920, alloc_height=1088
04-21 13:18:35.761 30999 31037 W unknown:ViewManagerPropertyUpdater: Could not find generated setter for class com.horcrux.svg.RenderableViewManager$DefsViewManager
04-21 13:18:35.761   342   342 I android.hardware.graphics.allocator-V1-service: Writing AFBC header layout 0 for format 1, n_headers: 8160
04-21 13:18:35.762   342   342 D android.hardware.graphics.allocator-V1-service: got new private_handle_t instance for buffer 'VRI[SecondaryActivity]#0(BLAST Consumer)0'. share_fd : 10, share_attr_fd : 11, width : 1920, height : 1080, req_format : 0x1, producer_usage : 0xb00, consumer_usage : 0xb00, , stride : 0, alloc_format_base: 1, alloc_format_modifiers: 0x04190000, size : 8486912, layer_count : 1, backing_store_id: 0x1560000612e
04-21 13:18:35.762   342   342 D android.hardware.graphics.allocator-V1-service: plane_info[0]: offset : 0, byte_stride : 7680, alloc_width : 1920, alloc_height : 1088
04-21 13:18:35.762   342   342 D android.hardware.graphics.allocator-V1-service: plane_info[1]: offset : 0, byte_stride : 0, alloc_width : 0, alloc_height : 0
04-21 13:18:35.762   342   342 I android.hardware.graphics.allocator-V1-service: alloc_format: RGBA_8888 + AFBC + SPLIT + WIDE + SPARSE + Datatype: UNORM
04-21 13:18:35.762   342   342 I android.hardware.graphics.allocator-V1-service: mali_gralloc_adjust_dimensions: alloc_format=RGBA_8888 + AFBC + SPLIT + WIDE + SPARSE + Datatype: UNORM usage=TEXTURE + RENDER + HWC alloc_width=1920, alloc_height=1088
04-21 13:18:35.764 30900 30952 I assembly.assembly.android.mixc-retail-rn84.hot-update.PrepareHotUpdateRestart: [assembly.hot-update] Hot update progress countdown finished {"overlayId":"assembly.hot-update.progress"}
04-21 13:18:35.764   342   342 I android.hardware.graphics.allocator-V1-service: Writing AFBC header layout 0 for format 1, n_headers: 8160
04-21 13:18:35.765   342   342 D android.hardware.graphics.allocator-V1-service: got new private_handle_t instance for buffer 'VRI[SecondaryActivity]#0(BLAST Consumer)0'. share_fd : 10, share_attr_fd : 11, width : 1920, height : 1080, req_format : 0x1, producer_usage : 0xb00, consumer_usage : 0xb00, , stride : 0, alloc_format_base: 1, alloc_format_modifiers: 0x04190000, size : 8486912, layer_count : 1, backing_store_id: 0x1560000612f
04-21 13:18:35.765   342   342 D android.hardware.graphics.allocator-V1-service: plane_info[0]: offset : 0, byte_stride : 7680, alloc_width : 1920, alloc_height : 1088
04-21 13:18:35.765   342   342 D android.hardware.graphics.allocator-V1-service: plane_info[1]: offset : 0, byte_stride : 0, alloc_width : 0, alloc_height : 0
04-21 13:18:35.769 30999 31037 W unknown:ViewManagerPropertyUpdater: Could not find generated setter for class com.horcrux.svg.VirtualViewManager$c
04-21 13:18:35.773 30999 31037 W unknown:ViewManagerPropertyUpdater: Could not find generated setter for class com.horcrux.svg.RenderableViewManager$FeMergeManager
04-21 13:18:35.777 30999 31037 W unknown:ViewManagerPropertyUpdater: Could not find generated setter for class com.facebook.react.views.safeareaview.ReactSafeAreaViewManager
04-21 13:18:35.778 30999 31037 W unknown:ViewManagerPropertyUpdater: Could not find generated setter for class com.facebook.react.uimanager.V
04-21 13:18:35.780 30999 31037 W unknown:ViewManagerPropertyUpdater: Could not find generated setter for class com.horcrux.svg.RenderableViewManager$LinearGradientManager
04-21 13:18:35.784 30999 31037 W unknown:ViewManagerPropertyUpdater: Could not find generated setter for class com.horcrux.svg.RenderableViewManager$FeGaussianBlurManager
04-21 13:18:35.787 30999 31037 W unknown:ViewManagerPropertyUpdater: Could not find generated setter for class com.facebook.react.views.progressbar.ReactProgressBarViewManager
04-21 13:18:35.788 30999 31037 W unknown:ViewManagerPropertyUpdater: Could not find generated setter for class com.facebook.react.views.progressbar.b
04-21 13:18:35.790 30999 31037 W unknown:ViewManagerPropertyUpdater: Could not find generated setter for class com.facebook.react.views.scroll.ReactHorizontalScrollViewManager
04-21 13:18:35.795 30999 31037 W unknown:ViewManagerPropertyUpdater: Could not find generated setter for class com.facebook.react.views.text.ReactTextViewManager
04-21 13:18:35.797 30900 30952 I assembly.assembly.android.mixc-retail-rn84: [assembly.topology] Native topology host already matches desired lifecycle state {"displayCount":2,"displayIndex":0,"deviceId":"2N4QS8GYRS","instanceMode":"MASTER","enableSlave":true,"running":false,"reason":"not-master-or-single-primary-host"}
04-21 13:18:35.798 30900 30952 I assembly.assembly.android.mixc-retail-rn84.hot-update.PrepareHotUpdateRestart: [assembly.hot-update] Dispatched hot update progress overlay close command {"overlayId":"assembly.hot-update.progress"}
04-21 13:18:35.798 30900 30952 I assembly.assembly.android.mixc-retail-rn84.hot-update.PrepareHotUpdateRestart: [assembly.hot-update] Hot update progress overlay removed before restart {"overlayId":"assembly.hot-update.progress"}
04-21 13:18:35.798 30999 31037 W unknown:ViewManagerPropertyUpdater: Could not find generated setter for class com.facebook.react.views.text.j
04-21 13:18:35.802 30999 31037 W unknown:ViewManagerPropertyUpdater: Could not find generated setter for class com.horcrux.svg.RenderableViewManager$FeColorMatrixManager
04-21 13:18:35.805 30900 30900 I StartupAudit: restart_requested hasSecondary=true pid=30900 time=2026-04-21 13:18:35.804
04-21 13:18:35.805 30900 30900 I StartupAudit: topology_host_stopping pid=30900 time=2026-04-21 13:18:35.805
04-21 13:18:35.806 30999 31037 W unknown:ViewManagerPropertyUpdater: Could not find generated setter for class com.facebook.react.views.scroll.ReactHorizontalScrollContainerViewManager
04-21 13:18:35.806 30999 30999 W unknown:BridgelessReact: ReactHost{0}.ReactContext.onHostResume()
04-21 13:18:35.806 30999 30999 W unknown:BridgelessReact: ReactHost{0}.getOrCreateReactInstanceTask(): Executing ReactInstanceEventListeners
04-21 13:18:35.807   888  5540 V WindowManager: getPackagePerformanceMode -- ComponentInfo{com.impos2.mixcretailassemblyrn84/com.impos2.mixcretailassemblyrn84.MainActivity} -- com.impos2.mixcretailassemblyrn84 -- mode=0
04-21 13:18:35.809 30900 30952 I assembly.assembly.android.mixc-retail-rn84: [assembly.topology] Native topology host already matches desired lifecycle state {"displayCount":2,"displayIndex":0,"deviceId":"2N4QS8GYRS","instanceMode":"MASTER","enableSlave":true,"running":false,"reason":"not-master-or-single-primary-host"}
04-21 13:18:35.809 30999 31037 W unknown:ViewManagerPropertyUpdater: Could not find generated setter for class com.horcrux.svg.RenderableViewManager$ClipPathViewManager
04-21 13:18:35.811   688   688 W libc    : Access denied finding property "vendor.sculptor.enable"
04-21 13:18:35.812 30900 30900 I StartupAudit: topology_host_stopped pid=30900 time=2026-04-21 13:18:35.811
04-21 13:18:35.808   688   688 W android.hardwar: type=1400 audit(0.0:8765): avc:  denied  { read } for  name="u:object_r:vendor_sculptor_prop:s0" dev="tmpfs" ino=383 scontext=u:r:hal_power_default:s0 tcontext=u:object_r:vendor_sculptor_prop:s0 tclass=file permissive=0
04-21 13:18:35.815 30999 31037 W unknown:ViewManagerPropertyUpdater: Could not find generated setter for class com.horcrux.svg.RenderableViewManager$SymbolManager
04-21 13:18:35.816 30900 30900 I HotUpdateBundleResolver: bundle_resolved source=restart-peek bundleFile=/data/user/0/com.impos2.mixcretailassemblyrn84/files/hot-updates/packages/pkg_2b80b6g19hff/index.android.bundle bundleVersion=1.0.0+ota.14 packageId=pkg_2b80b6g19hff bootAttempt=0 pid=30900
04-21 13:18:35.817 30900 30900 I StartupAudit: hot_update_process_relaunch_requested bundleFile=/data/user/0/com.impos2.mixcretailassemblyrn84/files/hot-updates/packages/pkg_2b80b6g19hff/index.android.bundle pid=30900 time=2026-04-21 13:18:35.816
04-21 13:18:35.819 30999 31037 W unknown:ViewManagerPropertyUpdater: Could not find generated setter for class com.horcrux.svg.RenderableViewManager$PatternManager
04-21 13:18:35.820   888   904 I ActivityTaskManager: Displayed com.impos2.mixcretailassemblyrn84/.SecondaryActivity for user 0: +425ms
