04-21 13:18:31.370 30900 30900 V GraphicsEnvironment: ANGLE GameManagerService for com.impos2.mixcretailassemblyrn84: false
04-21 13:18:31.370 30900 30900 V GraphicsEnvironment: com.impos2.mixcretailassemblyrn84 is not listed in per-application setting
04-21 13:18:31.370 30900 30900 V GraphicsEnvironment: Neither updatable production driver nor prerelease driver is supported.
04-21 13:18:31.371  1750 30928 I AbstractOpenableExtension: AbstractOpenableExtension.createKeyboardGroupManagerListenableFuture():120 Create keyboard group manager listenable future in fvb
04-21 13:18:31.372  1750  1750 I AccessPointsListHolderController: AccessPointsListHolderController.removeAccessPoint():345 The access point one_handed is not added
04-21 13:18:31.372  1750 30929 I KeyboardGroupDefParser: KeyboardGroupDefParser.parseKeyboardGroupDef():83 parseKeyboardGroupDef() 2132214033 -> 0_resource_name_obfuscated : WaitTime = 0 ms : RunTime = 1 ms
04-21 13:18:31.372  1750  1750 I AccessPointsListHolderController: AccessPointsListHolderController.removeAccessPoint():345 The access point split is not added
04-21 13:18:31.372  1750 30931 I KeyboardGroupDefParser: KeyboardGroupDefParser.parseKeyboardGroupDef():83 parseKeyboardGroupDef() 2132214025 -> 0_resource_name_obfuscated : WaitTime = 0 ms : RunTime = 1 ms
04-21 13:18:31.372  1750 30914 I KeyboardGroupDefParser: KeyboardGroupDefParser.parseKeyboardGroupDef():83 parseKeyboardGroupDef() 2132214034 -> 0_resource_name_obfuscated : WaitTime = 0 ms : RunTime = 0 ms
04-21 13:18:31.373  1750  1750 I GoogleInputMethodService: GoogleInputMethodService$GoogleInputMethodImpl.attachToken():4229 
04-21 13:18:31.376 30900 30900 I LoadedApk: No resource references to update in package com.sunmi
04-21 13:18:31.381  1750  2074 I SP      : Syncing emoticon_content_description (2022081613) with slices: [7a635888cb828dfa2fc744b7b9b50f04, 3c27e76d2c13b8d849a3711831ff8dbd], metadata: false
04-21 13:18:31.382  1750  1750 I SystemSubtypesReportModule: SystemSubtypesReportModule$3.onCurrentInputMethodEntryChanged():136 entry: zh-CN, source: UNSPECIFIED
04-21 13:18:31.382  1750  1750 I SystemSubtypesReportModule: SystemSubtypesReportModule.switchToSubtypeByEntry():205 zh-CN
04-21 13:18:31.382   888  5540 D CompatibilityChangeReporter: Compat change id reported: 161252188; UID 10139; state: DISABLED
04-21 13:18:31.383   888  5540 W APP_LOCK: ===isSecureForCommon  defaultLauncher:null===
04-21 13:18:31.383   888  5540 W APP_LOCK: ===isSecureForCommon  callingPackage:com.android.shell===
04-21 13:18:31.383   888  5540 W APP_LOCK: ===isSecureForCommon  === defaultLauncher:com.android.launcher3===
04-21 13:18:31.383   888  5540 W APP_LOCK: ===isSecureForCommon  isDefaultApp:false=== packageName : com.impos2.mixcretailassemblyrn84
04-21 13:18:31.383   888  5540 I Camera  : callprocess:com.impos2.mixcretailassemblyrn84
04-21 13:18:31.384   888  5540 W ActivityTaskManager: callingPackage for (uid=2000, pid=30925) has no WPC
04-21 13:18:31.388   888  5540 E ActivityTaskManager: startResult ================ 0
04-21 13:18:31.388   688   688 W android.hardwar: type=1400 audit(0.0:8762): avc:  denied  { read } for  name="u:object_r:vendor_sculptor_prop:s0" dev="tmpfs" ino=383 scontext=u:r:hal_power_default:s0 tcontext=u:object_r:vendor_sculptor_prop:s0 tclass=file permissive=0
04-21 13:18:31.389   688   688 W libc    : Access denied finding property "vendor.sculptor.enable"
04-21 13:18:31.391   888  5540 I Camera  : callprocess:com.impos2.mixcretailassemblyrn84
04-21 13:18:31.391   888  5540 I APP_LOCK: com.impos2.mixcretailassemblyrn84 common is  not locked
04-21 13:18:31.391   888  5540 W APP_LOCK:   isCustomizedAppLockEnabled is false
04-21 13:18:31.393   888  5540 D WmsExtImpl: config_supportAutoRotation false
04-21 13:18:31.397 30900 30900 W SoLoader: Initializing SoLoader: 0
04-21 13:18:31.398 30900 30900 W SoLoader: Recording new base apk path: /data/app/~~qJT4Ifp0O2e6_YaMK2zwCQ==/com.impos2.mixcretailassemblyrn84-QY-_F1DOvthFOI7WM1TOVg==/base.apk
04-21 13:18:31.398 30900 30900 W SoLoader: Previously recorded 0 base apk paths.
04-21 13:18:31.398  1104 13566 D KeyguardService: setOccluded(false)
04-21 13:18:31.398  1104 13566 D KeyguardViewMediator: setOccluded(false)
04-21 13:18:31.398  1104  1104 D KeyguardViewMediator: handleSetOccluded(false)
04-21 13:18:31.398   888  5540 I ActivityTaskManager: START u0 {flg=0x10000000 cmp=com.impos2.mixcretailassemblyrn84/.MainActivity} with LAUNCH_SINGLE_TASK from uid 2000 (BAL_ALLOW_PERMISSION) result code=3
04-21 13:18:31.398  1750  2074 I SP      : GC for 'emoticon_content_description' (10) with ttl of 0 ms took 0 ms (0/0/0)
04-21 13:18:31.399  1750  2074 I AbstractSyncResultCallback: AbstractSyncResultCallback.onFailure():38 onFailure(): emoticon_content_description.sync cancelled; expected if new request supersedes pending one.
04-21 13:18:31.398  1104  1104 D KeyguardViewMediator: KeyguardViewMediator queue processing message: SET_OCCLUDED
04-21 13:18:31.399  1104  1128 D WindowManagerShell: onActivityRestartAttempt: ComponentInfo{com.impos2.mixcretailassemblyrn84/com.impos2.mixcretailassemblyrn84.MainActivity}
04-21 13:18:31.400 30900 30900 I SoLoader: Preparing SO source: DirectorySoSource[root = /vendor/lib64 flags = 2]
04-21 13:18:31.400 30900 30900 I SoLoader: Preparing SO source: DirectorySoSource[root = /system/lib64 flags = 2]
04-21 13:18:31.400 30900 30900 I SoLoader: Preparing SO source: DirectApkSoSource[root = [/data/app/~~qJT4Ifp0O2e6_YaMK2zwCQ==/com.impos2.mixcretailassemblyrn84-QY-_F1DOvthFOI7WM1TOVg==/base.apk!/lib/arm64-v8a]]
04-21 13:18:31.408  1750  2074 I SP      : Sync for emoticon_content_description succeeded in 29 ms: no changes
04-21 13:18:31.408  1750  2074 I SP      : GC for 'emoticon_content_description' (10) with ttl of 0 ms took 0 ms (0/0/0)
04-21 13:18:31.410  1750  1750 I AppBase : AppBase.onConfigurationChanged():446 onConfigurationChanged() : NewConfig = {1.0 ?mcc0mnc [zh_CN_#Hans] ldltr sw720dp w1280dp h648dp 240dpi lrg long land finger qwerty/v/v -nav/h winConfig={ mBounds=Rect(0, 0 - 1920, 1080) mAppBounds=Rect(0, 0 - 1920, 1008) mMaxBounds=Rect(0, 0 - 1920, 1080) mDisplayRotation=ROTATION_0 mWindowingMode=fullscreen mDisplayWindowingMode=fullscreen mActivityType=undefined mAlwaysOnTop=undefined mRotation=ROTATION_0} s.1064 fontWeightAdjustment=0}
04-21 13:18:31.410  1750  1750 I GoogleInputMethodService: GoogleInputMethodService.onStartInput():1982 onStartInput(EditorInfo{EditorInfo{packageName=com.android.settings, inputType=0, inputTypeString=NULL, enableLearning=false, autoCorrection=false, autoComplete=false, imeOptions=0, privateImeOptions=null, actionName=UNSPECIFIED, actionLabel=null, initialSelStart=-1, initialSelEnd=-1, initialCapsMode=0, label=null, fieldId=0, fieldName=null, extras=null, hintText=null, hintLocales=[]}}, false)
04-21 13:18:31.411 30900 30900 I SoLoader: Preparing SO source: ApplicationSoSource[DirectorySoSource[root = /data/app/~~qJT4Ifp0O2e6_YaMK2zwCQ==/com.impos2.mixcretailassemblyrn84-QY-_F1DOvthFOI7WM1TOVg==/lib/arm64 flags = 0]]
04-21 13:18:31.411 30900 30900 I SoLoader: init finish: 4 SO sources prepared
04-21 13:18:31.411  1750  1750 I GoogleInputMethodService: GoogleInputMethodService.updateDeviceLockedStatus():2246 repeatCheckTimes = 1, locked = false
04-21 13:18:31.411 30900 30900 W SoLoader: SoLoader initialized: 8
04-21 13:18:31.411  1750  1750 I AndroidIME: InputBundleManager.loadActiveInputBundleId():450 loadActiveInputBundleId: und-Latn-x-password, password_floating_hard_qwerty
04-21 13:18:31.411  1750  1750 W EmojiCompatManager: EmojiCompatManager.getEmojiCompatIfLoaded():335 EmojiCompat failed to load.
04-21 13:18:31.412  1750  1750 I HardKeyTracker: HardKeyTracker.registerKeySequence():139 Register key sequence lmm{labelResId=2132019852, callback=fpg@80f6051, lastModifier=0, keyCodes=[57, 57], actions=[1, 0]}
04-21 13:18:31.412  1750  1750 I HardKeyTracker: HardKeyTracker.registerKeySequence():139 Register key sequence lmm{labelResId=0, callback=fpg@c2bbd24, lastModifier=0, keyCodes=[58, 58], actions=[1, 0]}
04-21 13:18:31.413   888  5540 W PackageConfigPersister: App-specific configuration not found for packageName: com.android.settings and userId: 0
04-21 13:18:31.419 19702 19702 E adbd    : failed to connect to socket 'tcp:18585': Connection refused
04-21 13:18:31.449 30900 30900 D jni_lib_merge: Entering merged library JNI_OnLoad.
04-21 13:18:31.449 30900 30900 D jni_lib_merge: Preparing 12 pre-merged libs (including stub)
04-21 13:18:31.449 30900 30900 D jni_lib_merge: Preparing to register libfabricjni_so.  onload_func: 0x7755350a50
04-21 13:18:31.449 30900 30900 D jni_lib_merge: Preparing to register libreact_devsupportjni_so.  onload_func: 0x775541436c
04-21 13:18:31.449 30900 30900 D jni_lib_merge: Preparing to register libreact_featureflagsjni_so.  onload_func: 0x775542eba8
04-21 13:18:31.449 30900 30900 D jni_lib_merge: Preparing to register libreact_newarchdefaults_so.  onload_func: 0x775546cd74
04-21 13:18:31.449 30900 30900 D jni_lib_merge: Preparing to register libreactnativeblob_so.  onload_func: 0x775550da4c
04-21 13:18:31.449 30900 30900 D jni_lib_merge: Preparing to register libreactnativejni_so.  onload_func: 0x77555229e4
04-21 13:18:31.449 30900 30900 D jni_lib_merge: Preparing to register libreactnativejni_common_so.  onload_func: 0x7755525be0
04-21 13:18:31.449 30900 30900 D jni_lib_merge: Preparing to register librninstance_so.  onload_func: 0x7755542778
04-21 13:18:31.449 30900 30900 D jni_lib_merge: Preparing to register libturbomodulejsijni_so.  onload_func: 0x77555ec0e0
04-21 13:18:31.449 30900 30900 D jni_lib_merge: Preparing to register libuimanagerjni_so.  onload_func: 0x77555f2b00
04-21 13:18:31.449 30900 30900 D jni_lib_merge: Preparing to register libyoga_so.  onload_func: 0x77555fa0c4
04-21 13:18:31.449 30900 30900 D jni_lib_merge: About to register 11 actual methods.
04-21 13:18:31.459 19702 19702 E adbd    : failed to connect to socket 'tcp:18584': Connection refused
04-21 13:18:31.464 30900 30900 D jni_lib_merge: Entering merged library JNI_OnLoad.
04-21 13:18:31.464 30900 30900 D jni_lib_merge: Preparing 12 pre-merged libs (including stub)
04-21 13:18:31.464 30900 30900 D jni_lib_merge: Preparing to register libfabricjni_so.  onload_func: 0x7755350a50
04-21 13:18:31.464 30900 30900 D jni_lib_merge: Preparing to register libreact_devsupportjni_so.  onload_func: 0x775541436c
04-21 13:18:31.464 30900 30900 D jni_lib_merge: Preparing to register libreact_featureflagsjni_so.  onload_func: 0x775542eba8
04-21 13:18:31.464 30900 30900 D jni_lib_merge: Preparing to register libreact_newarchdefaults_so.  onload_func: 0x775546cd74
04-21 13:18:31.464 30900 30900 D jni_lib_merge: Preparing to register libreactnativeblob_so.  onload_func: 0x775550da4c
04-21 13:18:31.464 30900 30900 D jni_lib_merge: Preparing to register libreactnativejni_so.  onload_func: 0x77555229e4
04-21 13:18:31.464 30900 30900 D jni_lib_merge: Preparing to register libreactnativejni_common_so.  onload_func: 0x7755525be0
04-21 13:18:31.464 30900 30900 D jni_lib_merge: Preparing to register librninstance_so.  onload_func: 0x7755542778
04-21 13:18:31.464 30900 30900 D jni_lib_merge: Preparing to register libturbomodulejsijni_so.  onload_func: 0x77555ec0e0
04-21 13:18:31.464 30900 30900 D jni_lib_merge: Preparing to register libuimanagerjni_so.  onload_func: 0x77555f2b00
04-21 13:18:31.464 30900 30900 D jni_lib_merge: Preparing to register libyoga_so.  onload_func: 0x77555fa0c4
04-21 13:18:31.464 30900 30900 D jni_lib_merge: About to register 11 actual methods.
04-21 13:18:31.473 30900 30934 D vulkan  : searching for layers in '/data/app/~~qJT4Ifp0O2e6_YaMK2zwCQ==/com.impos2.mixcretailassemblyrn84-QY-_F1DOvthFOI7WM1TOVg==/lib/arm64'
04-21 13:18:31.473 30900 30934 D vulkan  : searching for layers in '/data/app/~~qJT4Ifp0O2e6_YaMK2zwCQ==/com.impos2.mixcretailassemblyrn84-QY-_F1DOvthFOI7WM1TOVg==/base.apk!/lib/arm64-v8a'
04-21 13:18:31.475 30900 30934 I mali_so : [File] : hardware/arm/mali/driver/product/base/src/mali_base_kbase.c; [Line] : 1407; [Func] : base_context_deal_with_version_affairs_rk_ext;
04-21 13:18:31.475 30900 30934 I mali_so : arm_release_ver of this mali_so is 'g25p0-00eac0', rk_so_ver is '2'.
04-21 13:18:31.475 30900 30934 I mali_so : [File] : hardware/arm/mali/driver/product/base/src/mali_base_kbase.c; [Line] : 1423; [Func] : base_context_deal_with_version_affairs_rk_ext;
04-21 13:18:31.475 30900 30934 I mali_so : arm_release_vers are match. to set the full mali_ver 'g25p0-00eac0-2' as value of 'sys.gmali.version'.
04-21 13:18:31.475 30900 30934 W libc    : Unable to set property "sys.gmali.version" to "g25p0-00eac0-2": connection failed; errno=13 (Permission denied)
04-21 13:18:31.478 30900 30934 I mali_so : [File] : hardware/arm/mali/driver/product/base/src/mali_base_kbase.c; [Line] : 1407; [Func] : base_context_deal_with_version_affairs_rk_ext;
04-21 13:18:31.478 30900 30934 I mali_so : arm_release_ver of this mali_so is 'g25p0-00eac0', rk_so_ver is '2'.
04-21 13:18:31.478 30900 30934 I mali_so : [File] : hardware/arm/mali/driver/product/base/src/mali_base_kbase.c; [Line] : 1423; [Func] : base_context_deal_with_version_affairs_rk_ext;
04-21 13:18:31.478 30900 30934 I mali_so : arm_release_vers are match. to set the full mali_ver 'g25p0-00eac0-2' as value of 'sys.gmali.version'.
04-21 13:18:31.478 30900 30934 W libc    : Unable to set property "sys.gmali.version" to "g25p0-00eac0-2": connection failed; errno=13 (Permission denied)
04-21 13:18:31.482 30900 30900 D AppCompatDelegate: Checking for metadata for AppLocalesMetadataHolderService : Service not found
04-21 13:18:31.499 19702 19702 E adbd    : failed to connect to socket 'tcp:18585': Connection refused
04-21 13:18:31.503 30900 30900 I StartupAudit: activity_created activity=MainActivity displayIndex=0 pid=30900 time=2026-04-21 13:18:31.502
04-21 13:18:31.518   888  5540 D FileUtils: Rounded bytes from 4073672704 to 8000000000
04-21 13:18:31.539 19702 19702 E adbd    : failed to connect to socket 'tcp:18584': Connection refused
04-21 13:18:31.539 30900 30900 D jni_lib_merge: Entering merged library JNI_OnLoad.
04-21 13:18:31.539 30900 30900 D jni_lib_merge: Preparing 4 pre-merged libs (including stub)
04-21 13:18:31.539 30900 30900 D jni_lib_merge: Preparing to register libhermes_executor_so.  onload_func: 0x77556e0728
04-21 13:18:31.539 30900 30900 D jni_lib_merge: Preparing to register libhermesinstancejni_so.  onload_func: 0x77556e7d44
04-21 13:18:31.539 30900 30900 D jni_lib_merge: Preparing to register libjsijniprofiler_so.  onload_func: 0x77556e8530
04-21 13:18:31.539 30900 30900 D jni_lib_merge: About to register 3 actual methods.
04-21 13:18:31.551 30900 30900 I HotUpdateBundleResolver: bundle_resolved source=primary-boot bundleFile=/data/user/0/com.impos2.mixcretailassemblyrn84/files/hot-updates/packages/pkg_g68snyt84bbd/index.android.bundle bundleVersion=1.0.0+ota.13 packageId=pkg_g68snyt84bbd bootAttempt=1 pid=30900
04-21 13:18:31.551 30900 30900 I MainApplication: getJSBundleFile process=com.impos2.mixcretailassemblyrn84 isPrimaryProcess=true resolvedBundle=/data/user/0/com.impos2.mixcretailassemblyrn84/files/hot-updates/packages/pkg_g68snyt84bbd/index.android.bundle fallbackBundle=null selectedBundle=/data/user/0/com.impos2.mixcretailassemblyrn84/files/hot-updates/packages/pkg_g68snyt84bbd/index.android.bundle
04-21 13:18:31.567 30900 30900 W unknown:BridgelessReact: ReactHost{0}.startSurface(surfaceId = 0): Schedule
04-21 13:18:31.567 30900 30900 W unknown:BridgelessReact: ReactHost{0}.attachSurface(surfaceId = 0)
04-21 13:18:31.568 30900 30950 W unknown:BridgelessReact: ReactHost{0}.getOrCreateReactInstanceTask()
04-21 13:18:31.568 30900 30950 W unknown:BridgelessReact: ReactHost{0}.getOrCreateReactInstanceTask(): Start
04-21 13:18:31.569 30900 30950 W unknown:BridgelessReact: ReactHost{0}.getJSBundleLoader()
04-21 13:18:31.569 30900 30950 W unknown:BridgelessReact: ReactHost{0}.getOrCreateReactInstanceTask(): Creating BridgelessReactContext
04-21 13:18:31.570 30900 30950 W unknown:BridgelessReact: ReactHost{0}.getOrCreateReactInstanceTask(): Creating ReactInstance
04-21 13:18:31.574   888  5540 D CompatibilityChangeReporter: Compat change id reported: 161145287; UID 10139; state: ENABLED
04-21 13:18:31.581 19702 19702 E adbd    : failed to connect to socket 'tcp:18585': Connection refused
04-21 13:18:31.586   888  6114 D SunmiCustomerManagerService: onTransact
04-21 13:18:31.587   888  6114 V AtmsExtImpl_KioskMode: Kiosk Mode isKioskApp: false
04-21 13:18:31.588 30900 30900 W unknown:BridgelessReact: ReactHost{0}.onHostResume(activity)
04-21 13:18:31.588 30900 30900 W unknown:BridgelessReact: ReactHost{0}.ReactContext.onHostResume()
04-21 13:18:31.592 30900 30900 D CompatibilityChangeReporter: Compat change id reported: 237531167; UID 10139; state: DISABLED
04-21 13:18:31.592 30900 30900 W OpenGLRenderer: Unknown dataspace 0
04-21 13:18:31.598   888  6114 D ScenePolicyTrigger: activityResumed PassThronght com.impos2.mixcretailassemblyrn84
04-21 13:18:31.600   888  6114 I android_os_HwBinder: HwBinder: Starting thread pool for getting: com.sunmi.hyper_engine@1.0::IHyperEngine/default
04-21 13:18:31.601   684   684 I HyperEngine: notifyHyperFactor {"para1":"10","para2":"10","appInfo":{"packageName":"com.impos2.mixcretailassemblyrn84","pid":30900}}
04-21 13:18:31.601   684   684 I HyperEngine: last packageName: com.android.settings
04-21 13:18:31.601   684   684 I HyperEngine: onHyperFactorChanged XmlLoader::mCurrentConfigDir = /vendor/etc/hyperengine/rk3576/
04-21 13:18:31.601   684   684 I HyperEngine: onHyperFactorChanged scenario type Normal: apply policy 0x00
04-21 13:18:31.601   684   684 I HyperEngine: applyPolicy CpusetConfig, id: 0x00
04-21 13:18:31.602   684   684 I HyperEngine: applyPolicy DeviceFreqConfig, id: 0x00
04-21 13:18:31.602   684   684 I HyperEngine: applyPolicy IOConfig, id: 0x00
04-21 13:18:31.602   684   684 I HyperEngine: applyPolicy SchedConfig, id: 0x00
04-21 13:18:31.604   684   684 I HyperEngine: requestAction : {"eventType":"WindowsAnimation","eventInfo":{"packageName":"com.impos2.mixcretailassemblyrn84"}}
04-21 13:18:31.605   888  6114 D ScenePolicyTrigger: requestAction: {"eventType":"WindowsAnimation","eventInfo":{"packageName":"com.impos2.mixcretailassemblyrn84"}}
04-21 13:18:31.606   888  6114 I android_os_HwBinder: HwBinder: Starting thread pool for getting: com.sunmi.hyper_engine@1.0::IHyperEngine/default
04-21 13:18:31.606   684   684 I HyperEngine: requestAction : {"eventType":"SqliteMode","eventInfo":{"packageName":"com.impos2.mixcretailassemblyrn84"}}
04-21 13:18:31.607   888  6114 I ScenePolicyTrigger: isSqliteMode return:{"method":"SqliteMode","return_code":false,"return_msg":"ok"}
04-21 13:18:31.614   888  5540 D CoreBackPreview: Window{97982ff u0 com.impos2.mixcretailassemblyrn84/com.impos2.mixcretailassemblyrn84.MainActivity}: Setting back callback OnBackInvokedCallbackInfo{mCallback=android.window.IOnBackInvokedCallback$Stub$Proxy@4f82f91, mPriority=0, mIsAnimationCallback=false}
04-21 13:18:31.622 19702 19702 E adbd    : failed to connect to socket 'tcp:18584': Connection refused
04-21 13:18:31.624   287   287 I hwservicemanager: getTransport: Cannot find entry android.hardware.graphics.allocator@4.0::IAllocator/default in either framework or device VINTF manifest.
04-21 13:18:31.624   342   342 I android.hardware.graphics.allocator-V1-service: alloc_format: RGBA_8888 + AFBC + SPLIT + WIDE + SPARSE + Datatype: UNORM
04-21 13:18:31.625   342   342 I android.hardware.graphics.allocator-V1-service: mali_gralloc_adjust_dimensions: alloc_format=RGBA_8888 + AFBC + SPLIT + WIDE + SPARSE + Datatype: UNORM usage=TEXTURE + RENDER + HWC alloc_width=1920, alloc_height=1088
04-21 13:18:31.626   342   342 I android.hardware.graphics.allocator-V1-service: Writing AFBC header layout 0 for format 1, n_headers: 8160
04-21 13:18:31.626   342   342 D android.hardware.graphics.allocator-V1-service: got new private_handle_t instance for buffer 'VRI[MainActivity]#0(BLAST Consumer)0'. share_fd : 10, share_attr_fd : 11, width : 1920, height : 1080, req_format : 0x1, producer_usage : 0xb00, consumer_usage : 0xb00, , stride : 0, alloc_format_base: 1, alloc_format_modifiers: 0x04190000, size : 8486912, layer_count : 1, backing_store_id: 0x15600006122
04-21 13:18:31.627   342   342 D android.hardware.graphics.allocator-V1-service: plane_info[0]: offset : 0, byte_stride : 7680, alloc_width : 1920, alloc_height : 1088
04-21 13:18:31.627   342   342 D android.hardware.graphics.allocator-V1-service: plane_info[1]: offset : 0, byte_stride : 0, alloc_width : 0, alloc_height : 0
04-21 13:18:31.627 30900 30950 W unknown:BridgelessReact: ReactHost{0}.getOrCreateReactInstanceTask(): Loading JS Bundle
04-21 13:18:31.627 30900 30950 W unknown:BridgelessReact: ReactHost{0}.getOrCreateReactInstanceTask(): DevSupportManager.onNewReactContextCreated()
04-21 13:18:31.627   342   342 I android.hardware.graphics.allocator-V1-service: alloc_format: RGBA_8888 + AFBC + SPLIT + WIDE + SPARSE + Datatype: UNORM
04-21 13:18:31.627   342   342 I android.hardware.graphics.allocator-V1-service: mali_gralloc_adjust_dimensions: alloc_format=RGBA_8888 + AFBC + SPLIT + WIDE + SPARSE + Datatype: UNORM usage=TEXTURE + RENDER + HWC alloc_width=1920, alloc_height=1088
04-21 13:18:31.628 30900 30950 W unknown:BridgelessReact: ReactHost{0}.startSurface(surfaceId = 0): Execute
04-21 13:18:31.629   342   342 I android.hardware.graphics.allocator-V1-service: Writing AFBC header layout 0 for format 1, n_headers: 8160
04-21 13:18:31.629   342   342 D android.hardware.graphics.allocator-V1-service: got new private_handle_t instance for buffer 'VRI[MainActivity]#0(BLAST Consumer)0'. share_fd : 10, share_attr_fd : 11, width : 1920, height : 1080, req_format : 0x1, producer_usage : 0xb00, consumer_usage : 0xb00, , stride : 0, alloc_format_base: 1, alloc_format_modifiers: 0x04190000, size : 8486912, layer_count : 1, backing_store_id: 0x15600006123
04-21 13:18:31.630   342   342 D android.hardware.graphics.allocator-V1-service: plane_info[0]: offset : 0, byte_stride : 7680, alloc_width : 1920, alloc_height : 1088
04-21 13:18:31.630   342   342 D android.hardware.graphics.allocator-V1-service: plane_info[1]: offset : 0, byte_stride : 0, alloc_width : 0, alloc_height : 0
04-21 13:18:31.630   342   342 I android.hardware.graphics.allocator-V1-service: alloc_format: RGBA_8888 + AFBC + SPLIT + WIDE + SPARSE + Datatype: UNORM
04-21 13:18:31.630   342   342 I android.hardware.graphics.allocator-V1-service: mali_gralloc_adjust_dimensions: alloc_format=RGBA_8888 + AFBC + SPLIT + WIDE + SPARSE + Datatype: UNORM usage=TEXTURE + RENDER + HWC alloc_width=1920, alloc_height=1088
04-21 13:18:31.632   342   342 I android.hardware.graphics.allocator-V1-service: Writing AFBC header layout 0 for format 1, n_headers: 8160
04-21 13:18:31.632   342   342 D android.hardware.graphics.allocator-V1-service: got new private_handle_t instance for buffer 'VRI[MainActivity]#0(BLAST Consumer)0'. share_fd : 10, share_attr_fd : 11, width : 1920, height : 1080, req_format : 0x1, producer_usage : 0xb00, consumer_usage : 0xb00, , stride : 0, alloc_format_base: 1, alloc_format_modifiers: 0x04190000, size : 8486912, layer_count : 1, backing_store_id: 0x15600006124
04-21 13:18:31.632   342   342 D android.hardware.graphics.allocator-V1-service: plane_info[0]: offset : 0, byte_stride : 7680, alloc_width : 1920, alloc_height : 1088
04-21 13:18:31.632   342   342 D android.hardware.graphics.allocator-V1-service: plane_info[1]: offset : 0, byte_stride : 0, alloc_width : 0, alloc_height : 0
04-21 13:18:31.641 30900 30951 I ReactNativeJS: Running "MixcRetailAssemblyRN84"
04-21 13:18:31.652 30900 30951 W unknown:ViewManagerPropertyUpdater: Could not find generated setter for class com.horcrux.svg.RenderableViewManager$DefsViewManager
04-21 13:18:31.663 30900 30951 W unknown:ViewManagerPropertyUpdater: Could not find generated setter for class com.horcrux.svg.VirtualViewManager$c
04-21 13:18:31.663 19702 19702 E adbd    : failed to connect to socket 'tcp:18584': Connection refused
04-21 13:18:31.672 30900 30900 D CompatibilityChangeReporter: Compat change id reported: 210923482; UID 10139; state: ENABLED
04-21 13:18:31.672 30900 30951 W unknown:ViewManagerPropertyUpdater: Could not find generated setter for class com.horcrux.svg.RenderableViewManager$FeMergeManager
04-21 13:18:31.676   888   904 I ActivityTaskManager: Displayed com.impos2.mixcretailassemblyrn84/.MainActivity for user 0: +461ms
04-21 13:18:31.677 30900 30951 W unknown:ViewManagerPropertyUpdater: Could not find generated setter for class com.facebook.react.views.safeareaview.ReactSafeAreaViewManager
04-21 13:18:31.677 30900 30951 W unknown:ViewManagerPropertyUpdater: Could not find generated setter for class com.facebook.react.uimanager.V
04-21 13:18:31.684 30900 30951 W unknown:ViewManagerPropertyUpdater: Could not find generated setter for class com.horcrux.svg.RenderableViewManager$LinearGradientManager
04-21 13:18:31.690 30900 30900 W unknown:BridgelessReact: ReactHost{0}.ReactContext.onHostResume()
04-21 13:18:31.691 30900 30900 W unknown:BridgelessReact: ReactHost{0}.getOrCreateReactInstanceTask(): Executing ReactInstanceEventListeners
04-21 13:18:31.692 30900 30900 W unknown:ViewManagerPropertyUpdater: Could not find generated setter for class com.facebook.react.uimanager.RootViewManager
04-21 13:18:31.692 30900 30951 W unknown:ViewManagerPropertyUpdater: Could not find generated setter for class com.horcrux.svg.RenderableViewManager$FeGaussianBlurManager
04-21 13:18:31.694   342   342 I android.hardware.graphics.allocator-V1-service: alloc_format: RGBA_8888 + AFBC + SPLIT + WIDE + SPARSE + Datatype: UNORM
04-21 13:18:31.694   342   342 I android.hardware.graphics.allocator-V1-service: mali_gralloc_adjust_dimensions: alloc_format=RGBA_8888 + AFBC + SPLIT + WIDE + SPARSE + Datatype: UNORM usage=TEXTURE + RENDER + HWC alloc_width=1920, alloc_height=1088
04-21 13:18:31.696   342   342 I android.hardware.graphics.allocator-V1-service: Writing AFBC header layout 0 for format 1, n_headers: 8160
04-21 13:18:31.696   342   342 D android.hardware.graphics.allocator-V1-service: got new private_handle_t instance for buffer 'VRI[mixcretailassemblyrn84]#642(BLAST Consumer)642'. share_fd : 10, share_attr_fd : 11, width : 1920, height : 1080, req_format : 0x1, producer_usage : 0xb00, consumer_usage : 0xb00, , stride : 0, alloc_format_base: 1, alloc_format_modifiers: 0x04190000, size : 8486912, layer_count : 1, backing_store_id: 0x15600006125
04-21 13:18:31.696   342   342 D android.hardware.graphics.allocator-V1-service: plane_info[0]: offset : 0, byte_stride : 7680, alloc_width : 1920, alloc_height : 1088
04-21 13:18:31.696   342   342 D android.hardware.graphics.allocator-V1-service: plane_info[1]: offset : 0, byte_stride : 0, alloc_width : 0, alloc_height : 0
04-21 13:18:31.697 30900 30951 W unknown:ViewManagerPropertyUpdater: Could not find generated setter for class com.facebook.react.views.progressbar.ReactProgressBarViewManager
04-21 13:18:31.700 30900 30951 W unknown:ViewManagerPropertyUpdater: Could not find generated setter for class com.facebook.react.views.progressbar.b
04-21 13:18:31.705 30900 30951 W unknown:ViewManagerPropertyUpdater: Could not find generated setter for class com.facebook.react.views.scroll.ReactHorizontalScrollViewManager
04-21 13:18:31.707 19702 19702 E adbd    : failed to connect to socket 'tcp:18585': Connection refused
04-21 13:18:31.709   342   342 I android.hardware.graphics.allocator-V1-service: alloc_format: RGBA_8888 + AFBC + SPLIT + WIDE + SPARSE + Datatype: UNORM
04-21 13:18:31.709   342   342 I android.hardware.graphics.allocator-V1-service: mali_gralloc_adjust_dimensions: alloc_format=RGBA_8888 + AFBC + SPLIT + WIDE + SPARSE + Datatype: UNORM usage=TEXTURE + RENDER + HWC alloc_width=1920, alloc_height=1088
04-21 13:18:31.710 30900 30951 W unknown:ViewManagerPropertyUpdater: Could not find generated setter for class com.facebook.react.views.text.ReactTextViewManager
04-21 13:18:31.711 30900 30951 W unknown:ViewManagerPropertyUpdater: Could not find generated setter for class com.facebook.react.views.text.j
04-21 13:18:31.712   342   342 I android.hardware.graphics.allocator-V1-service: Writing AFBC header layout 0 for format 1, n_headers: 8160
04-21 13:18:31.712   342   342 D android.hardware.graphics.allocator-V1-service: got new private_handle_t instance for buffer 'VRI[mixcretailassemblyrn84]#642(BLAST Consumer)642'. share_fd : 10, share_attr_fd : 11, width : 1920, height : 1080, req_format : 0x1, producer_usage : 0xb00, consumer_usage : 0xb00, , stride : 0, alloc_format_base: 1, alloc_format_modifiers: 0x04190000, size : 8486912, layer_count : 1, backing_store_id: 0x15600006126
04-21 13:18:31.712   342   342 D android.hardware.graphics.allocator-V1-service: plane_info[0]: offset : 0, byte_stride : 7680, alloc_width : 1920, alloc_height : 1088
04-21 13:18:31.712   342   342 D android.hardware.graphics.allocator-V1-service: plane_info[1]: offset : 0, byte_stride : 0, alloc_width : 0, alloc_height : 0
04-21 13:18:31.716   888  6114 D CompatibilityChangeReporter: Compat change id reported: 214016041; UID 10139; state: ENABLED
04-21 13:18:31.716   888  6114 I ImeTracker: com.impos2.mixcretailassemblyrn84:8cec35f5: onRequestHide at ORIGIN_SERVER_HIDE_INPUT reason HIDE_UNSPECIFIED_WINDOW
04-21 13:18:31.716   888  6114 I ImeTracker: com.impos2.mixcretailassemblyrn84:8cec35f5: onCancelled at PHASE_SERVER_SHOULD_HIDE
04-21 13:18:31.722   342   342 I android.hardware.graphics.allocator-V1-service: alloc_format: RGBA_8888 + AFBC + SPLIT + WIDE + SPARSE + Datatype: UNORM
04-21 13:18:31.722   342   342 I android.hardware.graphics.allocator-V1-service: mali_gralloc_adjust_dimensions: alloc_format=RGBA_8888 + AFBC + SPLIT + WIDE + SPARSE + Datatype: UNORM usage=TEXTURE + RENDER + HWC alloc_width=1920, alloc_height=1088
04-21 13:18:31.723 30900 30951 W unknown:ViewManagerPropertyUpdater: Could not find generated setter for class com.horcrux.svg.RenderableViewManager$FeColorMatrixManager
04-21 13:18:31.724   342   342 I android.hardware.graphics.allocator-V1-service: Writing AFBC header layout 0 for format 1, n_headers: 8160
04-21 13:18:31.724   342   342 D android.hardware.graphics.allocator-V1-service: got new private_handle_t instance for buffer 'VRI[mixcretailassemblyrn84]#642(BLAST Consumer)642'. share_fd : 10, share_attr_fd : 11, width : 1920, height : 1080, req_format : 0x1, producer_usage : 0xb00, consumer_usage : 0xb00, , stride : 0, alloc_format_base: 1, alloc_format_modifiers: 0x04190000, size : 8486912, layer_count : 1, backing_store_id: 0x15600006127
04-21 13:18:31.724   342   342 D android.hardware.graphics.allocator-V1-service: plane_info[0]: offset : 0, byte_stride : 7680, alloc_width : 1920, alloc_height : 1088
04-21 13:18:31.724   342   342 D android.hardware.graphics.allocator-V1-service: plane_info[1]: offset : 0, byte_stride : 0, alloc_width : 0, alloc_height : 0
04-21 13:18:31.725  1750  1750 I GoogleInputMethodService: GoogleInputMethodService.onFinishInput():3184 
04-21 13:18:31.726 30900 30951 W unknown:ViewManagerPropertyUpdater: Could not find generated setter for class com.facebook.react.views.scroll.ReactHorizontalScrollContainerViewManager
04-21 13:18:31.726  1750  1750 I GoogleInputMethodService: GoogleInputMethodService.updateDeviceLockedStatus():2246 repeatCheckTimes = 0, locked = false
04-21 13:18:31.727  1750  1750 I GoogleInputMethodService: GoogleInputMethodService.onStartInput():1982 onStartInput(EditorInfo{EditorInfo{packageName=com.impos2.mixcretailassemblyrn84, inputType=0, inputTypeString=NULL, enableLearning=false, autoCorrection=false, autoComplete=false, imeOptions=0, privateImeOptions=null, actionName=UNSPECIFIED, actionLabel=null, initialSelStart=-1, initialSelEnd=-1, initialCapsMode=0, label=null, fieldId=0, fieldName=null, extras=null, hintText=null, hintLocales=[]}}, false)
04-21 13:18:31.727  1750  1750 I GoogleInputMethodService: GoogleInputMethodService.updateDeviceLockedStatus():2246 repeatCheckTimes = 1, locked = false
04-21 13:18:31.727  1750  1750 I AndroidIME: InputBundleManager.loadActiveInputBundleId():450 loadActiveInputBundleId: und-Latn-x-password, password_floating_hard_qwerty
04-21 13:18:31.728  1750  1750 W EmojiCompatManager: EmojiCompatManager.getEmojiCompatIfLoaded():335 EmojiCompat failed to load.
04-21 13:18:31.728   888  6114 W PackageConfigPersister: App-specific configuration not found for packageName: com.impos2.mixcretailassemblyrn84 and userId: 0
04-21 13:18:31.732 30900 30951 W unknown:ViewManagerPropertyUpdater: Could not find generated setter for class com.horcrux.svg.RenderableViewManager$ClipPathViewManager
04-21 13:18:31.739 30900 30951 W unknown:ViewManagerPropertyUpdater: Could not find generated setter for class com.horcrux.svg.RenderableViewManager$SymbolManager
04-21 13:18:31.744 30900 30951 W unknown:ViewManagerPropertyUpdater: Could not find generated setter for class com.horcrux.svg.RenderableViewManager$PatternManager
04-21 13:18:31.747   888  5540 V WindowManager: getPackagePerformanceMode -- ComponentInfo{com.impos2.mixcretailassemblyrn84/com.impos2.mixcretailassemblyrn84.MainActivity} -- com.impos2.mixcretailassemblyrn84 -- mode=0
04-21 13:18:31.748   688   688 W libc    : Access denied finding property "vendor.sculptor.enable"
04-21 13:18:31.748 30900 30951 W unknown:ViewManagerPropertyUpdater: Could not find generated setter for class com.horcrux.svg.RenderableViewManager$FeBlendManager
04-21 13:18:31.744   688   688 W android.hardwar: type=1400 audit(0.0:8763): avc:  denied  { read } for  name="u:object_r:vendor_sculptor_prop:s0" dev="tmpfs" ino=383 scontext=u:r:hal_power_default:s0 tcontext=u:object_r:vendor_sculptor_prop:s0 tclass=file permissive=0
04-21 13:18:31.752 30900 30951 W unknown:ViewManagerPropertyUpdater: Could not find generated setter for class com.facebook.react.views.view.ReactViewManager
04-21 13:18:31.757 30900 30951 W unknown:ViewManagerPropertyUpdater: Could not find generated setter for class com.horcrux.svg.SvgViewManager
04-21 13:18:31.761 30900 30951 W unknown:ViewManagerPropertyUpdater: Could not find generated setter for class com.facebook.react.views.switchview.ReactSwitchManager
04-21 13:18:31.762 30900 30951 W unknown:ViewManagerPropertyUpdater: Could not find generated setter for class com.facebook.react.views.switchview.d
04-21 13:18:31.765 30900 30951 W unknown:ViewManagerPropertyUpdater: Could not find generated setter for class com.horcrux.svg.RenderableViewManager$UseViewManager
04-21 13:18:31.771 30900 30951 W unknown:ViewManagerPropertyUpdater: Could not find generated setter for class com.horcrux.svg.RenderableViewManager$CircleViewManager
04-21 13:18:31.775 30900 30951 W unknown:ViewManagerPropertyUpdater: Could not find generated setter for class com.horcrux.svg.RenderableViewManager$TSpanViewManager
04-21 13:18:31.780 30900 30951 W unknown:ViewManagerPropertyUpdater: Could not find generated setter for class com.horcrux.svg.RenderableViewManager$FilterManager
04-21 13:18:31.783 30900 30951 W unknown:ViewManagerPropertyUpdater: Could not find generated setter for class com.horcrux.svg.RenderableViewManager$MarkerManager
04-21 13:18:31.790 30900 30951 W unknown:ViewManagerPropertyUpdater: Could not find generated setter for class com.facebook.react.views.modal.ReactModalHostManager
04-21 13:18:31.793 30900 30951 W unknown:ViewManagerPropertyUpdater: Could not find generated setter for class com.horcrux.svg.RenderableViewManager$ForeignObjectManager
04-21 13:18:31.797 30900 30951 W unknown:ViewManagerPropertyUpdater: Could not find generated setter for class com.horcrux.svg.RenderableViewManager$EllipseViewManager
04-21 13:18:31.797  1104  1128 V WindowManagerShell: Transition animation finished (aborted=false), notifying core (#660)android.os.BinderProxy@e539b8d@0
04-21 13:18:31.799   888   904 V WindowManager: Finish Transition #660: created at 04-21 13:18:31.221 collect-started=0.084ms request-sent=18.51ms started=22.539ms ready=48.982ms sent=57.755ms finished=577.375ms
04-21 13:18:31.801   888  5540 V WindowManager: getPackagePerformanceMode -- ComponentInfo{com.impos2.mixcretailassemblyrn84/com.impos2.mixcretailassemblyrn84.MainActivity} -- com.impos2.mixcretailassemblyrn84 -- mode=0
04-21 13:18:31.802 30900 30951 W unknown:ViewManagerPropertyUpdater: Could not find generated setter for class com.horcrux.svg.RenderableViewManager$LineViewManager
04-21 13:18:31.803  1104  1128 V WindowManagerShell: Track 0 became idle
04-21 13:18:31.803  1104  1128 V WindowManagerShell: All active transition animations finished
04-21 13:18:31.804   888   907 V WindowManager: getPackagePerformanceMode -- ComponentInfo{com.impos2.mixcretailassemblyrn84/com.impos2.mixcretailassemblyrn84.MainActivity} -- com.impos2.mixcretailassemblyrn84 -- mode=0
04-21 13:18:31.808   888   918 W libprocessgroup: SetCgroup::ExecuteForProcess: failed to open /dev/stune/background/cgroup.procs: No such file or directory
04-21 13:18:31.808 30900 30951 W unknown:ViewManagerPropertyUpdater: Could not find generated setter for class com.facebook.react.views.text.frescosupport.FrescoBasedReactTextInlineImageViewManager
04-21 13:18:31.809 30900 30951 W unknown:ViewManagerPropertyUpdater: Could not find generated setter for class com.facebook.react.views.text.frescosupport.a
04-21 13:18:31.811 30900 30951 W unknown:ViewManagerPropertyUpdater: Could not find generated setter for class com.horcrux.svg.RenderableViewManager$FeFloodManager
04-21 13:18:31.815 30900 30951 W unknown:ViewManagerPropertyUpdater: Could not find generated setter for class com.horcrux.svg.RenderableViewManager$GroupViewManager
04-21 13:18:31.815   888  1023 E WifiStaIfaceAidlImpl: getLinkLayerStats failed with service-specific exception: android.os.ServiceSpecificException: unknown error (code 9)
04-21 13:18:31.821 30900 30951 W unknown:ViewManagerPropertyUpdater: Could not find generated setter for class com.horcrux.svg.RenderableViewManager$TextViewManager
04-21 13:18:31.828 30900 30951 W unknown:ViewManagerPropertyUpdater: Could not find generated setter for class com.horcrux.svg.RenderableViewManager$ImageViewManager
04-21 13:18:31.833 30900 30951 W unknown:ViewManagerPropertyUpdater: Could not find generated setter for class com.horcrux.svg.RenderableViewManager$FeCompositeManager
04-21 13:18:31.840 30900 30951 W unknown:ViewManagerPropertyUpdater: Could not find generated setter for class com.facebook.react.views.image.ReactImageManager
04-21 13:18:31.848 30900 30951 W unknown:ViewManagerPropertyUpdater: Could not find generated setter for class com.horcrux.svg.RenderableViewManager$RadialGradientManager
04-21 13:18:31.853 30900 30951 W unknown:ViewManagerPropertyUpdater: Could not find generated setter for class com.horcrux.svg.RenderableViewManager$MaskManager
04-21 13:18:31.858 30900 30951 W unknown:ViewManagerPropertyUpdater: Could not find generated setter for class com.facebook.react.views.unimplementedview.ReactUnimplementedViewManager
04-21 13:18:31.861 30900 30951 W unknown:ViewManagerPropertyUpdater: Could not find generated setter for class com.horcrux.svg.RenderableViewManager$RectViewManager
04-21 13:18:31.866 30900 30951 W unknown:ViewManagerPropertyUpdater: Could not find generated setter for class com.horcrux.svg.RenderableViewManager$TextPathViewManager
04-21 13:18:31.871 30900 30951 W unknown:ViewManagerPropertyUpdater: Could not find generated setter for class com.facebook.react.views.scroll.ReactScrollViewManager
04-21 13:18:31.875 30900 30951 W unknown:ViewManagerPropertyUpdater: Could not find generated setter for class com.horcrux.svg.RenderableViewManager$FeOffsetManager
04-21 13:18:31.878 30900 30951 W unknown:ViewManagerPropertyUpdater: Could not find generated setter for class com.horcrux.svg.RenderableViewManager$PathViewManager
04-21 13:18:31.882 30900 30951 W unknown:ViewManagerPropertyUpdater: Could not find generated setter for class com.facebook.react.views.drawer.ReactDrawerLayoutManager
04-21 13:18:31.886 30900 30951 W unknown:ViewManagerPropertyUpdater: Could not find generated setter for class com.facebook.react.views.swiperefresh.SwipeRefreshLayoutManager
04-21 13:18:31.891 30900 30951 W unknown:ViewManagerPropertyUpdater: Could not find generated setter for class com.facebook.react.views.textinput.ReactTextInputManager
04-21 13:18:31.894 30900 30951 W unknown:ViewManagerPropertyUpdater: Could not find generated setter for class com.facebook.react.views.textinput.F
04-21 13:18:31.899  1104  1137 W WindowOnBackDispatcher: sendCancelIfRunning: isInProgress=falsecallback=android.view.ViewRootImpl$$ExternalSyntheticLambda17@e034f8e
04-21 13:18:31.899   888  5540 D CoreBackPreview: Window{ea9b5c8 u0 Splash Screen com.impos2.mixcretailassemblyrn84 EXITING}: Setting back callback null
04-21 13:18:31.900   888  6114 W InputManager-JNI: Input channel object 'ea9b5c8 Splash Screen com.impos2.mixcretailassemblyrn84 (client)' was disposed without first being removed with the input manager!
04-21 13:18:31.916 30900 30951 I ConnectorManager: connector initialized
04-21 13:18:31.928 30900 30952 I assembly.android.mixc-retail-rn84.boot: {"stage":"resolve-topology:start","displayIndex":0,"displayCount":2,"topologyRole":"master","topologyWsUrl":"ws://127.0.0.1:8888/mockMasterServer/ws"}
04-21 13:18:31.936   888  6114 I ActivityManager: Background started FGS: Allowed [callingPackage: com.impos2.mixcretailassemblyrn84; callingUid: 10139; uidState: TOP ; uidBFSL: [BFSL]; intent: Intent { cmp=com.impos2.mixcretailassemblyrn84/com.impos2.adapterv2.topologyhostv3.TopologyHostV3Service }; code:PROC_STATE_TOP; tempAllowListReason:<null>; targetSdkVersion:36; callerTargetSdkVersion:36; startForegroundCount:0; bindFromPackage:null: isBindService:false]
04-21 13:18:31.939   888  5540 D CompatibilityChangeReporter: Compat change id reported: 261072174; UID 10139; state: ENABLED
04-21 13:18:31.942   888  5540 D CompatibilityChangeReporter: Compat change id reported: 170668199; UID 10139; state: ENABLED
04-21 13:18:31.942   888  5540 I ActivityManager: Background started FGS: Allowed [callingPackage: com.impos2.mixcretailassemblyrn84; callingUid: 10139; uidState: TOP ; uidBFSL: [BFSL]; intent: Intent { cmp=com.impos2.mixcretailassemblyrn84/com.impos2.adapterv2.topologyhostv3.TopologyHostV3Service }; code:PROC_STATE_TOP; tempAllowListReason:<null>; targetSdkVersion:36; callerTargetSdkVersion:36; startForegroundCount:0; bindFromPackage:null: isBindService:true]
04-21 13:18:31.942   888  5540 D CompatibilityChangeReporter: Compat change id reported: 255659651; UID 10139; state: DISABLED
04-21 13:18:31.942   888  5540 D CompatibilityChangeReporter: Compat change id reported: 255039210; UID 10139; state: DISABLED
04-21 13:18:31.943   888  5540 W ForegroundServiceTypeLoggerModule: Foreground service start for UID: 10139 does not have any types
04-21 13:18:31.952   888  6114 D FileUtils: Rounded bytes from 4073672704 to 8000000000
04-21 13:18:31.956 30900 30952 D TrafficStats: tagSocket(128) with statsTag=0xffffffff, statsUid=-1
04-21 13:18:31.959 30900 30952 I assembly.android.mixc-retail-rn84.boot: {"stage":"resolve-topology:done","displayIndex":0,"displayCount":2,"topologyRole":"master","topologyWsUrl":"ws://127.0.0.1:8888/mockMasterServer/ws","resolvedRole":"master","resolvedWsUrl":"ws://127.0.0.1:8888/mockMasterServer/ws"}
04-21 13:18:31.960 30900 30952 I assembly.android.mixc-retail-rn84.boot: {"stage":"create-app:start","displayIndex":0,"displayCount":2,"topologyRole":"master","topologyWsUrl":"ws://127.0.0.1:8888/mockMasterServer/ws"}
04-21 13:18:31.987 30900 30952 I assembly.kernel.base.runtime-shell-v2.state-runtime: [runtime.load] load kernel.base.runtime-shell-v2 {"slices":["kernel.base.runtime-shell-v2.error-catalog","kernel.base.runtime-shell-v2.parameter-catalog","kernel.base.topology-runtime-v3.config","kernel.base.topology-runtime-v3.context","kernel.base.topology-runtime-v3.connection","kernel.base.topology-runtime-v3.peer","kernel.base.topology-runtime-v3.sync","kernel.base.topology-runtime-v3.request-mirror","kernel.base.topology-runtime-v3.demo.master","kernel.base.topology-runtime-v3.demo.slave","kernel.base.tcp-control-runtime-v2.identity","kernel.base.tcp-control-runtime-v2.credential","kernel.base.tcp-control-runtime-v2.binding","kernel.base.tcp-control-runtime-v2.sandbox","kernel.base.tcp-control-runtime-v2.runtime","kernel.base.tdp-sync-runtime-v2.session","kernel.base.tdp-sync-runtime-v2.sync","kernel.base.tdp-sync-runtime-v2.projection","kernel.base.tdp-sync-runtime-v2.command-inbox","kernel.base.tdp-sync-runtime-v2.control-signals","kernel.base.tdp-sync-runtime-v2.hot-update","kernel.base.ui-runtime-v2.screen.main","kernel.base.ui-runtime-v2.screen.branch","kernel.base.ui-runtime-v2.overlay.main","kernel.base.ui-runtime-v2.overlay.branch","kernel.base.ui-runtime-v2.ui-variable.main","kernel.base.ui-runtime-v2.ui-variable.branch","ui.base.admin-console.console"],"persistableSlices":["kernel.base.runtime-shell-v2.error-catalog","kernel.base.runtime-shell-v2.parameter-catalog","kernel.base.topology-runtime-v3.config","kernel.base.tcp-control-runtime-v2.identity","kernel.base.tcp-control-runtime-v2.credential","kernel.base.tcp-control-runtime-v2.binding","kernel.base.tcp-control-runtime-v2.sandbox","kernel.base.tdp-sync-runtime-v2.sync","kernel.base.tdp-sync-runtime-v2.projection","kernel.base.tdp-sync-runtime-v2.hot-update","kernel.base.ui-runtime-v2.screen.main","kernel.base.ui-runtime-v2.screen.branch","kernel.base.ui-runtime-v2.overlay.main","kernel.base.ui-runtime-v2.overlay.branch","kernel.base.ui-runtime-v2.ui-variable.main","kernel.base.ui-runtime-v2.ui-variable.branch","ui.base.admin-console.console"],"persistenceEnabled":true}
04-21 13:18:31.988 30900 30952 I assembly.android.mixc-retail-rn84.boot: {"stage":"create-app:done","displayIndex":0,"displayCount":2,"topologyRole":"master","topologyWsUrl":"ws://127.0.0.1:8888/mockMasterServer/ws"}
04-21 13:18:31.988 30900 30952 I assembly.android.mixc-retail-rn84.boot: {"stage":"runtime.start:start","displayIndex":0,"displayCount":2,"topologyRole":"master","topologyWsUrl":"ws://127.0.0.1:8888/mockMasterServer/ws"}
04-21 13:18:31.988 30900 30952 I assembly.kernel.base.runtime-shell-v2.application.KernelRuntimeAppV2: [runtime.load] created kernel runtime app v2 {"runtimeName":"assembly.android.mixc-retail-rn84","runtimeId":"run_mo86b48f_w4xpk32c96hlly6a","localNodeId":"master:2N4QS8GYRS","moduleNames":["assembly.android.mixc-retail-rn84","kernel.base.topology-runtime-v3","kernel.base.tcp-control-runtime-v2","kernel.base.tdp-sync-runtime-v2","kernel.base.ui-runtime-v2","ui.base.runtime-react","ui.base.input-runtime","ui.base.admin-console","ui.base.terminal-console","ui.integration.retail-shell"]}
04-21 13:18:31.989 30900 30952 I assembly.kernel.base.runtime-shell-v2.application.KernelRuntimeAppV2: [runtime.load] start kernel runtime app v2 pre-setup {"runtimeName":"assembly.android.mixc-retail-rn84","moduleNames":["assembly.android.mixc-retail-rn84","kernel.base.topology-runtime-v3","kernel.base.tcp-control-runtime-v2","kernel.base.tdp-sync-runtime-v2","kernel.base.ui-runtime-v2","ui.base.runtime-react","ui.base.input-runtime","ui.base.admin-console","ui.base.terminal-console","ui.integration.retail-shell"]}
04-21 13:18:31.990 30900 30952 I assembly.assembly.android.mixc-retail-rn84: [runtime.load] pre-setup assembly.android.mixc-retail-rn84 {"moduleName":"assembly.android.mixc-retail-rn84","runtimeNodeId":"master:2N4QS8GYRS","knownModules":["assembly.android.mixc-retail-rn84","kernel.base.topology-runtime-v3","kernel.base.tcp-control-runtime-v2","kernel.base.tdp-sync-runtime-v2","kernel.base.ui-runtime-v2","ui.base.runtime-react","ui.base.input-runtime","ui.base.admin-console","ui.base.terminal-console","ui.integration.retail-shell"]}
04-21 13:18:31.991 30900 30952 I assembly.kernel.base.runtime-shell-v2.application.KernelRuntimeAppV2: [runtime.load] completed module pre-setup {"moduleName":"assembly.android.mixc-retail-rn84","packageVersion":"1.0.0","dependencies":[],"stateSliceNames":[],"commandNames":[],"actorKeys":["assembly.android.mixc-retail-rn84.AssemblyRuntimeInitializeActor"],"errorKeys":[],"parameterKeys":[],"hasInstall":true,"hasPreSetup":true}
04-21 13:18:31.991 30900 30952 I assembly.assembly.android.mixc-retail-rn84: [runtime.load] pre-setup kernel.base.topology-runtime-v3 {"moduleName":"kernel.base.topology-runtime-v3","runtimeNodeId":"master:2N4QS8GYRS","knownModules":["assembly.android.mixc-retail-rn84","kernel.base.topology-runtime-v3","kernel.base.tcp-control-runtime-v2","kernel.base.tdp-sync-runtime-v2","kernel.base.ui-runtime-v2","ui.base.runtime-react","ui.base.input-runtime","ui.base.admin-console","ui.base.terminal-console","ui.integration.retail-shell"]}
