04-21 13:18:40.085  1750  1750 I ModuleManager: ModuleManager$ModuleInitListener.maybeUnloadModuleOnUnavailable():1288 module kob is unavailable
04-21 13:18:40.085  1750  1750 I ModuleManager: ModuleManager$ModuleInitListener.maybeUnloadModuleOnUnavailable():1288 module inr is unavailable
04-21 13:18:40.085  1750  1750 I ModuleManager: ModuleManager$ModuleInitListener.maybeUnloadModuleOnUnavailable():1288 module IBannerExtension is unavailable
04-21 13:18:40.087  1750  1750 I ModuleManager: ModuleManager$ModuleInitListener.maybeUnloadModuleOnUnavailable():1288 module dpl is unavailable
04-21 13:18:40.087  1750  1750 I ModuleManager: ModuleManager$ModuleInitListener.maybeUnloadModuleOnUnavailable():1288 module IGifKeyboardExtension is unavailable
04-21 13:18:40.087  1750  1750 I ModuleManager: ModuleManager$ModuleInitListener.maybeUnloadModuleOnUnavailable():1288 module gmu is unavailable
04-21 13:18:40.087  1750  1750 I ModuleManager: ModuleManager$ModuleInitListener.maybeUnloadModuleOnUnavailable():1288 module IStickerExtension is unavailable
04-21 13:18:40.087  1750  1750 I ModuleManager: ModuleManager$ModuleInitListener.maybeUnloadModuleOnUnavailable():1288 module ITranslateUIExtension is unavailable
04-21 13:18:40.087  1750  1750 I HardKeyTracker: HardKeyTracker.unregisterKeySequence():183 Unregister key sequence lmm{labelResId=2132019852, callback=fpg@80f6051, lastModifier=0, keyCodes=[57, 57], actions=[1, 0]}
04-21 13:18:40.087  1750  1750 I HardKeyTracker: HardKeyTracker.unregisterKeySequence():183 Unregister key sequence lmm{labelResId=0, callback=fpg@c2bbd24, lastModifier=0, keyCodes=[58, 58], actions=[1, 0]}
04-21 13:18:40.087  1750  1750 I AbstractOpenableExtension: AbstractOpenableExtension.maybeDestroyExistingKeyboardGroupManager():535 Destroy existing keyboard group manager in fvb
04-21 13:18:40.088  1750  1750 I ModuleManager: ModuleManager$ModuleInitListener.maybeUnloadModuleOnUnavailable():1288 module IEmojiSearchExtension is unavailable
04-21 13:18:40.088  1750  1750 I ModuleManager: ModuleManager$ModuleInitListener.maybeUnloadModuleOnUnavailable():1288 module ecc is unavailable
04-21 13:18:40.090  1750  2123 W GoogleApiManager: The service for hgg is not available: hgq{statusCode=SERVICE_DISABLED, resolution=null, message=null}
04-21 13:18:40.090  1750  1750 I GoogleInputMethodService: GoogleInputMethodService.onDestroy():1522 Maybe update OEM display config because of service destruction
04-21 13:18:40.091  1750  1750 I GoogleInputMethodService: GoogleInputMethodService.onFinishInput():3184 
04-21 13:18:40.092  1750  1750 I GoogleInputMethodService: GoogleInputMethodService.updateDeviceLockedStatus():2246 repeatCheckTimes = 0, locked = false
04-21 13:18:40.093   888  6114 W InputManager-JNI: Input channel object '6a5baed InputMethod (client)' was disposed without first being removed with the input manager!
04-21 13:18:40.097  1750  1750 I GoogleInputMethodService: GoogleInputMethodService.clearInputMethodServiceData():1603 clearInputMethodServiceData for onDestroy
04-21 13:18:40.097  1750  1750 I GoogleInputMethodService: GoogleInputMethodService.discardAllKeyboardViewAndInputView():1813 discardAllKeyboardViewAndInputView()
04-21 13:18:40.098  1750  1750 I KeyboardModeManager: KeyboardModeManager.setInputViewKeyboardViewHolderProvider():618 setInputView() : supportsOneHandedMode=false supportsSplitMode=true
04-21 13:18:40.098  1750  1750 I NormalModeController: NormalModeController.getKeyboardBodyViewHolderPaddingBottom():104 currentPrimeKeyboardType:HARD_QWERTY systemPaddingBottom:-1
04-21 13:18:40.098  1750  1750 I KeyboardModeManager: KeyboardModeManager.setInputViewKeyboardViewHolderProvider():606 setInputView() : supportsOneHandedMode=false, supportSplitMode=true
04-21 13:18:40.098  1750  1750 I InputMethodEntryManager: InputMethodEntryManager.notifyCurrentInputMethodEntryOnContextChanged():539 notifyCurrentInputMethodEntryOnContextChanged()
04-21 13:18:40.098  1750  1750 I InputMethodEntryManager: InputMethodEntryManager.notifyCurrentInputMethodEntryOnContextChanged():560 Notify current input method entry changed on context change
04-21 13:18:40.099  1750  1750 I KeyboardThemeProvider: KeyboardThemeProvider.reset():40 Reset keyboard theme
04-21 13:18:40.099  1750  1750 I KeyboardContextProvider: KeyboardContextProvider.setBaseContextAndInvalidKeyboardContextCache():88 setBaseContextAndInvalidKeyboardContextCache(): null
04-21 13:18:40.106  1750  1750 I GoogleInputMethodService: GoogleInputMethodService.onCreate():1009 
04-21 13:18:40.112  1750  1750 I GoogleInputMethodService: GoogleInputMethodService.onCreate():1019 Maybe update OEM display config because of service creation
04-21 13:18:40.114  1750  1750 I WindowMetricsNotification: WindowMetricsNotification.notify():134 WindowMetricsNotification{bounds=Rect(0, 36 - 1920, 1080), insets=Rect(0, 0 - 0, 0), densityDpi=240, smallestScreenWidthDp=720, displayWidth=1920, displayHeight=1080, xdpi=717.176, ydpi=226.71, isTrustable=true}; DisplayMetrics{density=1.5, width=1920, height=1080, scaledDensity=1.5, xdpi=717.176, ydpi=226.71}
04-21 13:18:40.114  1750  1750 I WindowMetricsHelper: WindowMetricsHelper.predictAndNotify():140 Window metrics predicted.
04-21 13:18:40.114  1750  1750 I InputMethodEntryManager: InputMethodEntryManager.notifyCurrentInputMethodEntryOnContextChanged():539 notifyCurrentInputMethodEntryOnContextChanged()
04-21 13:18:40.114  1750  1750 I InputMethodEntryManager: InputMethodEntryManager.notifyCurrentInputMethodEntryOnContextChanged():560 Notify current input method entry changed on context change
04-21 13:18:40.114  1750  1750 I KeyboardContextProvider: KeyboardContextProvider.setBaseContextAndInvalidKeyboardContextCache():88 setBaseContextAndInvalidKeyboardContextCache(): com.android.inputmethod.latin.LatinIME@fa19a2
04-21 13:18:40.116  1750  1750 E GoogleInputMethodService: GoogleInputMethodService.getAppEditorInfo():2853 App EditorInfo should never be null.
04-21 13:18:40.118  1750  1750 I StyledKeyboardThemeBuilder: StyledKeyboardThemeBuilder.build():147 Pref: [], themeName: [silk:], darkMode: [false], cacheKey: [overlay_builtin_dynamic_color_light_base.binarypb:dynamic-gm3-light-fffdfcff-ff3a608f-319763b53e9f733d8531a842cf65c071]
04-21 13:18:40.120  1750  1750 I KeyboardThemeProvider: KeyboardThemeProvider.applyKeyboardTheme():27 Apply keyboard theme: theme_border_keyboard_mode_screen_size_5_5_keyboard_mode_screen_width_large_stylesheet_noshadow_gsans_pillkey_silkpopup_light_tablet_keyboard_width_tablet_extra_large_navredesign_600_overlay_builtin_dynamic_color_light_base.binarypb:dynamic-gm3-light-fffdfcff-ff3a608f-319763b53e9f733d8531a842cf65c071_land
04-21 13:18:40.121  1750  1750 I KeyboardContextProvider: KeyboardContextProvider$KeyboardContextCache.createKeyboardContext():173 createKeyboardContext(): zh-CN, jey@b3c97dd(com.android.inputmethod.latin.LatinIME@fa19a2), {1.0 ?mcc0mnc [zh_CN] ldltr sw720dp w1280dp h720dp 240dpi xlrg long land finger qwerty/v/v -nav/h winConfig={ mBounds=Rect(0, 0 - 1920, 1080) mAppBounds=Rect(0, 0 - 1920, 1080) mMaxBounds=Rect(0, 0 - 1920, 1080) mDisplayRotation=ROTATION_0 mWindowingMode=fullscreen mDisplayWindowingMode=fullscreen mActivityType=undefined mAlwaysOnTop=undefined mRotation=ROTATION_0} s.911 fontWeightAdjustment=0}
04-21 13:18:40.122  1750  2123 W GoogleApiManager: The service for hgg is not available: hgq{statusCode=SERVICE_DISABLED, resolution=null, message=null}
04-21 13:18:40.122  1750  2123 W GoogleApiManager: The service for hgg is not available: hgq{statusCode=SERVICE_DISABLED, resolution=null, message=null}
04-21 13:18:40.125  1750  1750 I KeyboardHeightUtil: KeyboardHeightUtil.calculateMaxKeyboardBodyHeight():45 leave 161 height for app when ime window height:1044, header height:81 and isFullscreenMode:false, so the max keyboard body height is:802
04-21 13:18:40.125  1750  1750 I KeyboardHeightUtil: KeyboardHeightUtil.calculateMaxKeyboardBodyHeight():45 leave 161 height for app when ime window height:1044, header height:81 and isFullscreenMode:false, so the max keyboard body height is:802
04-21 13:18:40.125  1750  1750 I NormalModeController: NormalModeController.getKeyboardBodyViewHolderPaddingBottom():104 currentPrimeKeyboardType:SOFT systemPaddingBottom:-1
04-21 13:18:40.126  1750  1750 I GoogleInputMethodService: GoogleInputMethodService.onCurrentInputMethodEntryChanged():3666 onCurrentInputMethodEntryChanged(): imeDefsChanged=false, initializedEntryChanged=true, keyboardContextChanged=true
04-21 13:18:40.126  1750  1750 I GoogleInputMethodService: GoogleInputMethodService.clearInputMethodServiceData():1603 clearInputMethodServiceData for entryChange
04-21 13:18:40.126  1750  2123 W GoogleApiManager: The service for hgg is not available: hgq{statusCode=SERVICE_DISABLED, resolution=null, message=null}
04-21 13:18:40.126  1750  1750 I KeyboardHeightUtil: KeyboardHeightUtil.calculateMaxKeyboardBodyHeight():45 leave 161 height for app when ime window height:1044, header height:81 and isFullscreenMode:false, so the max keyboard body height is:802
04-21 13:18:40.127  1750  1750 I KeyboardHeightUtil: KeyboardHeightUtil.calculateMaxKeyboardBodyHeight():45 leave 161 height for app when ime window height:1044, header height:81 and isFullscreenMode:false, so the max keyboard body height is:802
04-21 13:18:40.127  1750  1750 I KeyboardModeManager: KeyboardModeManager.onCurrentInputMethodEntryChanged():1112 Reload data for context change
04-21 13:18:40.127  1750  1750 I GoogleInputMethodService: GoogleInputMethodService.initializeInputMethodServiceData():1361 initializeInputMethodServiceData for kbr{languageTag=zh-CN, variant=qwerty, hasLocalizedResources=true, conditionCacheKey=_app_first_start_timestamp=1766456477730_cache_additional_ime_defs_for_condition_change=false_cache_ime_defs_for_condition_change=false_device=tablet_device_size=default_enable_chinese_9key_foldable_split=false_enable_chinese_inline_composing_shape_based=false_enable_chinese_inline_composing_zh_cn=false_enable_flick_symbols=false_enable_more_candidates_view_for_multilingual=false_enable_number_row=false_enable_preemptive_decode=true_enable_secondary_digits=true_enable_secondary_symbols=false_enable_show_foldable_layout_on_small_tablet=false_enable_transliteration_tablet_floating_ui_v2=false_enable_voice_in_chinese=false_expressions=normal_four_or_more_letter_rows=false_keyboard_mode=normal_language=zh-CN_orientation=landscape_physical_keyboard=qwerty_pref_enable_chinese_inline_composing_cn=false_rtl_layout=false_show_secondary_digits=true_show_suggestions=true_split_keyboard_handedness_zh=right_split_with_duplicate_keys=true_variant=qwerty, imeDef.stringId=ime_zh_cn, imeDef.className=com.google.android.apps.inputmethod.libs.chinese.ime.AsyncChineseProcessorBasedIme, imeDef.languageTag=zh-CN}
04-21 13:18:40.127  1750  1750 E GoogleInputMethodService: GoogleInputMethodService.getAppEditorInfo():2853 App EditorInfo should never be null.
04-21 13:18:40.130  1750  1750 I StyledKeyboardThemeBuilder: StyledKeyboardThemeBuilder.build():147 Pref: [], themeName: [silk:], darkMode: [false], cacheKey: [overlay_builtin_dynamic_color_light_base.binarypb:dynamic-gm3-light-fffdfcff-ff3a608f-319763b53e9f733d8531a842cf65c071]
04-21 13:18:40.131 30999 31038 I assembly.android.mixc-retail-rn84.boot: {"stage":"runtime.start:done","displayIndex":1,"displayCount":2,"topologyRole":"slave","topologyWsUrl":"ws://127.0.0.1:8888/mockMasterServer/ws"}
04-21 13:18:40.132 30999 31038 I assembly.assembly.android.mixc-retail-rn84: [assembly.topology] Native topology host already matches desired lifecycle state {"displayCount":2,"displayIndex":1,"deviceId":"2N4QS8GYRS","instanceMode":"SLAVE","enableSlave":false,"running":false,"reason":"not-master-or-single-primary-host"}
04-21 13:18:40.133  1750  1750 I KeyboardThemeProvider: KeyboardThemeProvider.applyKeyboardTheme():27 Apply keyboard theme: theme_border_keyboard_mode_screen_size_5_5_keyboard_mode_screen_width_large_stylesheet_noshadow_gsans_pillkey_silkpopup_light_tablet_keyboard_width_tablet_extra_large_navredesign_600_overlay_builtin_dynamic_color_light_base.binarypb:dynamic-gm3-light-fffdfcff-ff3a608f-319763b53e9f733d8531a842cf65c071_land
04-21 13:18:40.137 30999 31038 I assembly.assembly.android.mixc-retail-rn84: [assembly.topology] Native topology host already matches desired lifecycle state {"displayCount":2,"displayIndex":1,"deviceId":"2N4QS8GYRS","instanceMode":"SLAVE","enableSlave":false,"running":false,"reason":"not-master-or-single-primary-host"}
04-21 13:18:40.137 30999 31038 I assembly.assembly.android.mixc-retail-rn84: [assembly.topology] Native topology host already matches desired lifecycle state {"displayCount":2,"displayIndex":1,"deviceId":"2N4QS8GYRS","instanceMode":"SLAVE","enableSlave":false,"running":false,"reason":"not-master-or-single-primary-host"}
04-21 13:18:40.138 30999 31038 I assembly.assembly.android.mixc-retail-rn84: [assembly.topology] Native topology host already matches desired lifecycle state {"displayCount":2,"displayIndex":1,"deviceId":"2N4QS8GYRS","instanceMode":"SLAVE","enableSlave":false,"running":false,"reason":"not-master-or-single-primary-host"}
04-21 13:18:40.138 30999 31038 I assembly.android.mixc-retail-rn84.boot: {"stage":"automation.host:start","displayIndex":1,"displayCount":2,"topologyRole":"slave","topologyWsUrl":"ws://127.0.0.1:8888/mockMasterServer/ws","target":"secondary","host":"127.0.0.1","port":18585,"generation":"automation-host-3-4820770326922000"}
04-21 13:18:40.139  1750  1750 I AndroidIME: InputBundleManager.loadActiveInputBundleId():450 loadActiveInputBundleId: und-Latn-x-password, password_floating_hard_qwerty
04-21 13:18:40.140  1750  1750 I SystemSubtypesReportModule: SystemSubtypesReportModule$4.onSetCurrentInputMethodSubtype():160 zh_CN
04-21 13:18:40.140 31049 31100 I assembly.assembly.android.mixc-retail-rn84: [assembly.topology] Native topology host already matches desired lifecycle state {"displayCount":2,"displayIndex":0,"deviceId":"2N4QS8GYRS","instanceMode":"MASTER","enableSlave":true,"running":false,"reason":"not-master-or-single-primary-host"}
04-21 13:18:40.140  1750  1750 I DeviceModeMonitor: DeviceModeMonitor.calculateDeviceMode():79 Get device mode tablet by screen size and smallestScreenWidthDp: 720
04-21 13:18:40.140 31049 31100 I assembly.assembly.android.mixc-retail-rn84: [assembly.topology] Native topology host already matches desired lifecycle state {"displayCount":2,"displayIndex":0,"deviceId":"2N4QS8GYRS","instanceMode":"MASTER","enableSlave":true,"running":false,"reason":"not-master-or-single-primary-host"}
04-21 13:18:40.141 31049 31100 I assembly.assembly.android.mixc-retail-rn84: [assembly.topology] Native topology host already matches desired lifecycle state {"displayCount":2,"displayIndex":0,"deviceId":"2N4QS8GYRS","instanceMode":"MASTER","enableSlave":true,"running":false,"reason":"not-master-or-single-primary-host"}
04-21 13:18:40.142  1750  1750 I HardKeyTracker: HardKeyTracker.registerKeySequence():139 Register key sequence lmm{labelResId=2132019861, callback=bzi@4c815ac, lastModifier=2, keyCodes=[47], actions=[0]}
04-21 13:18:40.142  1750  1750 I HardKeyTracker: HardKeyTracker.registerKeySequence():139 Register key sequence lmm{labelResId=0, callback=jvl@d61ca7b, lastModifier=0, keyCodes=[204], actions=[0]}
04-21 13:18:40.143  1750 30914 I NetworkInfoNotification: NetworkInfoNotification$Listener.onReceive():107 onNetworkAvailable: networkState = NON_METERED, isAirplaneModeOn = false
04-21 13:18:40.143 31049 31099 I ReactNativeJS: '[runtime-state-sync-apply]', '{"direction":"slave-to-master","incomingSliceNames":["kernel.base.topology-runtime-v3.demo.slave","kernel.base.ui-runtime-v2.screen.branch","kernel.base.ui-runtime-v2.overlay.branch","kernel.base.ui-runtime-v2.ui-variable.branch"],"appliedSliceNames":["kernel.base.topology-runtime-v3.demo.slave","kernel.base.ui-runtime-v2.screen.branch","kernel.base.ui-runtime-v2.overlay.branch","kernel.base.ui-runtime-v2.ui-variable.branch"],"skippedSliceReasons":[]}'
04-21 13:18:40.144  1750 30930 I NewS3RecognizerModule: NewS3RecognizerModule.onCreate():14 onCreate [news3]
04-21 13:18:40.144  1750 30929 I JapaneseMozcExtension: JapaneseMozcExtension.onCreate():44 
04-21 13:18:40.145  1750  2067 I OnDevicePackDownloadModule: OnDevicePackDownloadModule.onCreate():60 onCreate()
04-21 13:18:40.145  1750 30931 I EmojifyExtensionImpl: EmojifyExtensionImpl.onCreate():597 Creating Emojify extension egx@522551a.
04-21 13:18:40.147  1750 30930 I AbstractOpenableExtension: AbstractOpenableExtension.createKeyboardGroupManagerListenableFuture():120 Create keyboard group manager listenable future in fxd
04-21 13:18:40.147 31049 31100 I assembly.assembly.android.mixc-retail-rn84: [assembly.topology] Native topology host already matches desired lifecycle state {"displayCount":2,"displayIndex":0,"deviceId":"2N4QS8GYRS","instanceMode":"MASTER","enableSlave":true,"running":false,"reason":"not-master-or-single-primary-host"}
04-21 13:18:40.148  1104  1114 I ndroid.systemui: NativeAlloc concurrent mark compact GC freed 195330(9185KB) AllocSpace objects, 0(0B) LOS objects, 49% free, 13MB/26MB, paused 725us,3.947ms total 145.733ms
04-21 13:18:40.148  1104  1114 W ndroid.systemui: Reducing the number of considered missed Gc histogram windows from 126 to 100
04-21 13:18:40.148  1750 30930 I KeyboardGroupDefParser: KeyboardGroupDefParser.parseKeyboardGroupDef():83 parseKeyboardGroupDef() 2132214040 -> 0_resource_name_obfuscated : WaitTime = 0 ms : RunTime = 1 ms
04-21 13:18:40.148 31049 31100 I assembly.assembly.android.mixc-retail-rn84: [assembly.topology] Native topology host already matches desired lifecycle state {"displayCount":2,"displayIndex":0,"deviceId":"2N4QS8GYRS","instanceMode":"MASTER","enableSlave":true,"running":false,"reason":"not-master-or-single-primary-host"}
04-21 13:18:40.150  1750  1750 I AbstractOpenableExtension: AbstractOpenableExtension$3.onSuccess():549 KeyboardGroupManager destroyed in fxd.
04-21 13:18:40.151  1750  1750 I AbstractOpenableExtension: AbstractOpenableExtension$3.onSuccess():549 KeyboardGroupManager destroyed in fvb.
04-21 13:18:40.152  1750  1750 I NetworkInfoNotification: NetworkInfoNotification$Listener.onReceive():107 onNetworkAvailable: networkState = NON_METERED, isAirplaneModeOn = false
04-21 13:18:40.153  1750  1750 I NetworkInfoNotification: NetworkInfoNotification$Listener.onReceive():107 onNetworkAvailable: networkState = NON_METERED, isAirplaneModeOn = false
04-21 13:18:40.154  1750  1750 I AccessPointsListHolderController: AccessPointsListHolderController.removeAccessPoint():345 The access point textediting is not added
04-21 13:18:40.154  1750  2067 I InputActionMetricsProcessor: InputActionMetricsProcessor.onAttached():91 Attached to metrics manager.
04-21 13:18:40.154  1750  2067 W MetricsManager: MetricsManager.addProcessorImpl():581 Processor fgc@8ab221b already exists.
04-21 13:18:40.155  1104  1116 W System  : A resource failed to call release. 
04-21 13:18:40.155  1750  1750 I AccessPointsListHolderController: AccessPointsListHolderController.removeAccessPoint():345 The access point theme_setting is not added
04-21 13:18:40.155  1104  1116 W System  : A resource failed to call release. 
04-21 13:18:40.155  1104  1116 W System  : A resource failed to call release. 
04-21 13:18:40.155  1104  1116 W System  : A resource failed to call release. 
04-21 13:18:40.155  1104  1116 W System  : A resource failed to call release. 
04-21 13:18:40.155  1750  2074 I SP      : Registering emoticon_content_description.2022081613, url: https://www.gstatic.com/android/keyboard/emoticon_content_desc/202208161305/superpacks_manifest.json, constraints: W:*:*:*, flags: bg, requested: 2022081613, current: 2022081613
04-21 13:18:40.155  1750  2067 I NetworkInfoNotification: NetworkInfoNotification$Listener.onReceive():107 onNetworkAvailable: networkState = NON_METERED, isAirplaneModeOn = false
04-21 13:18:40.155  1750  1750 I NetworkInfoNotification: NetworkInfoNotification$Listener.onReceive():107 onNetworkAvailable: networkState = NON_METERED, isAirplaneModeOn = false
04-21 13:18:40.155  1750  1750 I AccessPointsListHolderController: AccessPointsListHolderController.removeAccessPoint():345 The access point settings is not added
04-21 13:18:40.156  1750  1750 I ClipboardDataHandler: ClipboardDataHandler.updateScreenshotsContentObserver():283 Disable the feature of handling screenshots in the clipboard.
04-21 13:18:40.157  1750  2067 I Environment: Environment.isPackageInstalled():234 com.bitstrips.imoji is not installed
04-21 13:18:40.157  1750  2067 W AndroidCreativeStickerFetcherFactory: AndroidCreativeStickerFetcherFactory.createFetcher():19 Empty host or api key
04-21 13:18:40.158  1750  2074 I SP      : Syncing emoticon_content_description (2022081613) with slices: [7a635888cb828dfa2fc744b7b9b50f04, 3c27e76d2c13b8d849a3711831ff8dbd], metadata: false
04-21 13:18:40.158 30999 31037 I ReactNativeJS: '[runtime-state-sync-apply]', '{"direction":"master-to-slave","incomingSliceNames":["kernel.base.topology-runtime-v3.demo.master","kernel.base.tcp-control-runtime-v2.identity","kernel.base.tcp-control-runtime-v2.credential","kernel.base.tcp-control-runtime-v2.binding","kernel.base.tcp-control-runtime-v2.sandbox","kernel.base.tdp-sync-runtime-v2.hot-update","kernel.base.ui-runtime-v2.screen.main","kernel.base.ui-runtime-v2.overlay.main","kernel.base.ui-runtime-v2.ui-variable.main"],"appliedSliceNames":["kernel.base.topology-runtime-v3.demo.master","kernel.base.tcp-control-runtime-v2.identity","kernel.base.tcp-control-runtime-v2.credential","kernel.base.tcp-control-runtime-v2.binding","kernel.base.tcp-control-runtime-v2.sandbox","kernel.base.tdp-sync-runtime-v2.hot-update","kernel.base.ui-runtime-v2.screen.main","kernel.base.ui-runtime-v2.overlay.main","kernel.base.ui-runtime-v2.ui-variable.main"],"skippedSliceReasons":[]}'
04-21 13:18:40.159  1750 30931 I KeyboardGroupDefParser: KeyboardGroupDefParser.parseKeyboardGroupDef():83 parseKeyboardGroupDef() 2132214025 -> 0_resource_name_obfuscated : WaitTime = 0 ms : RunTime = 0 ms
04-21 13:18:40.159  1750 30914 I AbstractOpenableExtension: AbstractOpenableExtension.createKeyboardGroupManagerListenableFuture():120 Create keyboard group manager listenable future in fvb
04-21 13:18:40.160  1750  2123 W GoogleApiManager: The service for hgg is not available: hgq{statusCode=SERVICE_DISABLED, resolution=null, message=null}
04-21 13:18:40.160  1104  1116 W System  : A resource failed to call release. 
04-21 13:18:40.160  1104  1116 W System  : A resource failed to call release. 
04-21 13:18:40.160  1104  1116 W System  : A resource failed to call release. 
04-21 13:18:40.160  1104  1116 W System  : A resource failed to call release. 
04-21 13:18:40.160  1750 30928 I KeyboardGroupDefParser: KeyboardGroupDefParser.parseKeyboardGroupDef():83 parseKeyboardGroupDef() 2132214033 -> 0_resource_name_obfuscated : WaitTime = 0 ms : RunTime = 0 ms
04-21 13:18:40.160  1104  1116 W System  : A resource failed to call release. 
04-21 13:18:40.160  1104  1116 W System  : A resource failed to call release. 
04-21 13:18:40.160  1104  1116 W System  : A resource failed to call HardwareBuffer.close. 
04-21 13:18:40.161  1750 30930 I KeyboardGroupDefParser: KeyboardGroupDefParser.parseKeyboardGroupDef():83 parseKeyboardGroupDef() 2132214034 -> 0_resource_name_obfuscated : WaitTime = 0 ms : RunTime = 0 ms
04-21 13:18:40.161  1750  1750 I AccessPointsListHolderController: AccessPointsListHolderController.removeAccessPoint():345 The access point one_handed is not added
04-21 13:18:40.161  1750  1750 I AccessPointsListHolderController: AccessPointsListHolderController.removeAccessPoint():345 The access point split is not added
04-21 13:18:40.161  1750  1750 I GoogleInputMethodService: GoogleInputMethodService$GoogleInputMethodImpl.attachToken():4229 
04-21 13:18:40.172 30999 31038 I assembly.assembly.android.mixc-retail-rn84: [assembly.topology] Native topology host already matches desired lifecycle state {"displayCount":2,"displayIndex":1,"deviceId":"2N4QS8GYRS","instanceMode":"SLAVE","enableSlave":false,"running":false,"reason":"not-master-or-single-primary-host"}
04-21 13:18:40.173 30999 31038 I assembly.assembly.android.mixc-retail-rn84: [assembly.topology] Native topology host already matches desired lifecycle state {"displayCount":2,"displayIndex":1,"deviceId":"2N4QS8GYRS","instanceMode":"SLAVE","enableSlave":false,"running":false,"reason":"not-master-or-single-primary-host"}
04-21 13:18:40.173  1750  1750 I SystemSubtypesReportModule: SystemSubtypesReportModule$3.onCurrentInputMethodEntryChanged():136 entry: zh-CN, source: UNSPECIFIED
04-21 13:18:40.173  1750  1750 I SystemSubtypesReportModule: SystemSubtypesReportModule.switchToSubtypeByEntry():205 zh-CN
04-21 13:18:40.173 30999 31038 I assembly.android.mixc-retail-rn84.boot: {"stage":"app-load-complete:start","displayIndex":1}
04-21 13:18:40.175  1750  2074 I SP      : Registering emoticon_content_description.2022081613, url: https://www.gstatic.com/android/keyboard/emoticon_content_desc/202208161305/superpacks_manifest.json, constraints: W:*:*:*, flags: bg, requested: 2022081613, current: 2022081613
04-21 13:18:40.177  1104  1116 W System  : A resource failed to call release. 
04-21 13:18:40.177  1104  1116 W System  : A resource failed to call release. 
04-21 13:18:40.177  1104  1116 W System  : A resource failed to call release. 
04-21 13:18:40.177  1104  1116 W System  : A resource failed to call release. 
04-21 13:18:40.177  1104  1116 W System  : A resource failed to call release. 
04-21 13:18:40.177  1104  1116 W System  : A resource failed to call release. 
04-21 13:18:40.178  1104  1116 W System  : A resource failed to call HardwareBuffer.close. 
04-21 13:18:40.178  1104  1116 W System  : A resource failed to call release. 
04-21 13:18:40.178  1104  1116 W System  : A resource failed to call release. 
04-21 13:18:40.178  1104  1116 W System  : A resource failed to call HardwareBuffer.close. 
04-21 13:18:40.179  1104  1116 W System  : A resource failed to call HardwareBuffer.close. 
04-21 13:18:40.184 30999 31155 D TrafficStats: tagSocket(132) with statsTag=0xffffffff, statsUid=-1
04-21 13:18:40.185  1750  1750 I AppBase : AppBase.onConfigurationChanged():446 onConfigurationChanged() : NewConfig = {1.0 ?mcc0mnc [zh_CN_#Hans] ldltr sw720dp w1280dp h720dp 240dpi xlrg long land finger qwerty/v/v -nav/h winConfig={ mBounds=Rect(0, 0 - 1920, 1080) mAppBounds=Rect(0, 0 - 1920, 1080) mMaxBounds=Rect(0, 0 - 1920, 1080) mDisplayRotation=ROTATION_0 mWindowingMode=fullscreen mDisplayWindowingMode=fullscreen mActivityType=undefined mAlwaysOnTop=undefined mRotation=ROTATION_0} s.1067 fontWeightAdjustment=0}
04-21 13:18:40.187  1750  1750 I GoogleInputMethodService: GoogleInputMethodService.onStartInput():1982 onStartInput(EditorInfo{EditorInfo{packageName=com.impos2.mixcretailassemblyrn84, inputType=0, inputTypeString=NULL, enableLearning=false, autoCorrection=false, autoComplete=false, imeOptions=0, privateImeOptions=null, actionName=UNSPECIFIED, actionLabel=null, initialSelStart=-1, initialSelEnd=-1, initialCapsMode=0, label=null, fieldId=0, fieldName=null, extras=null, hintText=null, hintLocales=[]}}, false)
04-21 13:18:40.189  1750  1750 I GoogleInputMethodService: GoogleInputMethodService.updateDeviceLockedStatus():2246 repeatCheckTimes = 1, locked = false
04-21 13:18:40.189  1750  2074 I SP      : Sync for emoticon_content_description succeeded in 33 ms: no changes
04-21 13:18:40.189  1750  1750 I AndroidIME: InputBundleManager.loadActiveInputBundleId():450 loadActiveInputBundleId: und-Latn-x-password, password_floating_hard_qwerty
04-21 13:18:40.189  1750  1750 W EmojiCompatManager: EmojiCompatManager.getEmojiCompatIfLoaded():335 EmojiCompat failed to load.
04-21 13:18:40.189  1750  2074 I SP      : GC for 'emoticon_content_description' (10) with ttl of 0 ms took 0 ms (0/0/0)
04-21 13:18:40.190   888  4056 W PackageConfigPersister: App-specific configuration not found for packageName: com.impos2.mixcretailassemblyrn84 and userId: 0
04-21 13:18:40.190  1750  1750 I HardKeyTracker: HardKeyTracker.registerKeySequence():139 Register key sequence lmm{labelResId=2132019852, callback=fpg@67cd3e1, lastModifier=0, keyCodes=[57, 57], actions=[1, 0]}
04-21 13:18:40.190  1750  1750 I HardKeyTracker: HardKeyTracker.registerKeySequence():139 Register key sequence lmm{labelResId=0, callback=fpg@dbc31f4, lastModifier=0, keyCodes=[58, 58], actions=[1, 0]}
04-21 13:18:40.191  1750  2074 I SP      : Syncing emoticon_content_description (2022081613) with slices: [7a635888cb828dfa2fc744b7b9b50f04, 3c27e76d2c13b8d849a3711831ff8dbd], metadata: false
04-21 13:18:40.206  1104  1137 W WindowOnBackDispatcher: sendCancelIfRunning: isInProgress=falsecallback=android.view.ViewRootImpl$$ExternalSyntheticLambda17@11c843f
04-21 13:18:40.207   888  5800 D CoreBackPreview: Window{5c55455 u0 Splash Screen com.impos2.mixcretailassemblyrn84 EXITING}: Setting back callback null
04-21 13:18:40.207   888  6114 V WindowManager: getPackagePerformanceMode -- ComponentInfo{com.impos2.mixcretailassemblyrn84/com.impos2.mixcretailassemblyrn84.MainActivity} -- com.impos2.mixcretailassemblyrn84 -- mode=0
04-21 13:18:40.208   888  6114 W InputManager-JNI: Input channel object '5c55455 Splash Screen com.impos2.mixcretailassemblyrn84 (client)' was disposed without first being removed with the input manager!
04-21 13:18:40.210  1750  2074 I SP      : Sync for emoticon_content_description succeeded in 21 ms: no changes
04-21 13:18:40.211  1750  2074 I SP      : GC for 'emoticon_content_description' (10) with ttl of 0 ms took 1 ms (0/1/0)
04-21 13:18:40.215 30999 31038 I assembly.assembly.android.mixc-retail-rn84: [assembly.topology] Native topology host already matches desired lifecycle state {"displayCount":2,"displayIndex":1,"deviceId":"2N4QS8GYRS","instanceMode":"SLAVE","enableSlave":false,"running":false,"reason":"not-master-or-single-primary-host"}
04-21 13:18:40.215   888   907 V WindowManager: getPackagePerformanceMode -- ComponentInfo{com.impos2.mixcretailassemblyrn84/com.impos2.mixcretailassemblyrn84.MainActivity} -- com.impos2.mixcretailassemblyrn84 -- mode=0
04-21 13:18:40.216 30999 31038 I assembly.android.mixc-retail-rn84.boot: {"stage":"app-load-complete:done","displayIndex":1}
04-21 13:18:40.223 30999 31156 D TrafficStats: tagSocket(137) with statsTag=0xffffffff, statsUid=-1
04-21 13:18:40.517  1104  1128 V WindowManagerShell: Transition animation finished (aborted=false), notifying core (#664)android.os.BinderProxy@a6acd12@0
04-21 13:18:40.520   888   904 V WindowManager: Finish Transition #664: created at 04-21 13:18:39.896 collect-started=0.3ms request-sent=50.912ms started=68.493ms ready=68.448ms sent=105.167ms finished=623.134ms
04-21 13:18:40.523   888  5800 V WindowManager: getPackagePerformanceMode -- ComponentInfo{com.impos2.mixcretailassemblyrn84/com.impos2.mixcretailassemblyrn84.MainActivity} -- com.impos2.mixcretailassemblyrn84 -- mode=0
04-21 13:18:40.527  1104  1128 V WindowManagerShell: Track 0 became idle
04-21 13:18:40.527  1104  1128 V WindowManagerShell: All active transition animations finished
04-21 13:18:40.528   888   907 V WindowManager: getPackagePerformanceMode -- ComponentInfo{com.impos2.mixcretailassemblyrn84/com.impos2.mixcretailassemblyrn84.MainActivity} -- com.impos2.mixcretailassemblyrn84 -- mode=0
04-21 13:18:40.847   888  1023 E WifiStaIfaceAidlImpl: getLinkLayerStats failed with service-specific exception: android.os.ServiceSpecificException: unknown error (code 9)
04-21 13:18:41.276 31049 31158 D ProfileInstaller: Installing profile for com.impos2.mixcretailassemblyrn84
04-21 13:18:42.249   344   374 E android.hardware.graphics.composer3-service.rockchip: wait,line=113 wait callback timeout
04-21 13:18:42.950   888  1819 E TaskPersister: File error accessing recents directory (directory doesn't exist?).
04-21 13:18:43.858   888  1023 E WifiStaIfaceAidlImpl: getLinkLayerStats failed with service-specific exception: android.os.ServiceSpecificException: unknown error (code 9)
04-21 13:18:45.840  9420  9444 I DispatchControl: 线程Id = 41，进程id = 9420，handleMessage  bean.name:app_state_info source:com.sunmi.dataService    type:1     description:APP 操作明细 task_count:2
04-21 13:18:45.844  9420  9444 I TaskControl: TaskControl 采集:app_state_info     description:APP 操作明细
04-21 13:18:45.870  9420  9444 I nmi.dataService: Explicit concurrent mark compact GC freed 1478(137KB) AllocSpace objects, 0(0B) LOS objects, 24% free, 2989KB/3985KB, paused 256us,3.386ms total 23.709ms
04-21 13:18:45.871  9420  9430 W nmi.dataService: ApkAssets: Deleting an ApkAssets object '<empty> and /data/app/~~qJT4Ifp0O2e6_YaMK2zwCQ==/com.impos2.mixcretailassemblyrn84-QY-_F1DOvthFOI7WM1TOVg==/base.apk' with 1 weak references
04-21 13:18:46.867   888  1023 E WifiStaIfaceAidlImpl: getLinkLayerStats failed with service-specific exception: android.os.ServiceSpecificException: unknown error (code 9)
04-21 13:18:47.047  2731  2731 E SdkStatusContentProvider: SdkSettingPreferences onSharedPreferenceChanged key = isp
04-21 13:18:47.048  2731  2731 E SdkStatusContentProvider: SdkSettingPreferences onSharedPreferenceChanged key = isp
04-21 13:18:47.051  2731  2877 E ActivityThread: Failed to find provider info for com.alipay.iot.settings.SettingsProvider
04-21 13:18:47.052  2731  2877 E ActivityThread: Failed to find provider info for com.alipay.iot.settings.SettingsProvider
04-21 13:18:47.056   888  5800 I UsbExtImpl: default allow  uid:10099pid:2731  processName=com.alipay.iot.service to use PC Camera
04-21 13:18:47.056   888  5800 V UsbExtImpl: smconf processName:com.alipay.iot.service
04-21 13:18:47.056   888  5800 I UsbExtImpl: smconf disallow  uid:10099pid:2731  processName=com.alipay.iot.service to use GD32-USB_Printer
04-21 13:18:47.057   888  5800 I UsbExtImpl: default allow  uid:10099pid:2731  processName=com.alipay.iot.service to use NS021 USB HID Keyboard
04-21 13:18:47.059   888  5800 I UsbExtImpl: default allow  uid:10099pid:2731  processName=com.alipay.iot.service to use PC Camera
04-21 13:18:47.059   888  5800 V UsbExtImpl: smconf processName:com.alipay.iot.service
04-21 13:18:47.059   888  5800 I UsbExtImpl: smconf disallow  uid:10099pid:2731  processName=com.alipay.iot.service to use GD32-USB_Printer
04-21 13:18:47.059   888  5800 I UsbExtImpl: default allow  uid:10099pid:2731  processName=com.alipay.iot.service to use NS021 USB HID Keyboard
04-21 13:18:47.061   888  5800 I UsbExtImpl: default allow  uid:10099pid:2731  processName=com.alipay.iot.service to use PC Camera
04-21 13:18:47.061   888  5800 V UsbExtImpl: smconf processName:com.alipay.iot.service
04-21 13:18:47.061   888  5800 I UsbExtImpl: smconf disallow  uid:10099pid:2731  processName=com.alipay.iot.service to use GD32-USB_Printer
04-21 13:18:47.062   888  5800 I UsbExtImpl: default allow  uid:10099pid:2731  processName=com.alipay.iot.service to use NS021 USB HID Keyboard
04-21 13:18:47.063   888  5800 I UsbExtImpl: default allow  uid:10099pid:2731  processName=com.alipay.iot.service to use PC Camera
04-21 13:18:47.064   888  5800 V UsbExtImpl: smconf processName:com.alipay.iot.service
04-21 13:18:47.064   888  5800 I UsbExtImpl: smconf disallow  uid:10099pid:2731  processName=com.alipay.iot.service to use GD32-USB_Printer
04-21 13:18:47.064   888  5800 I UsbExtImpl: default allow  uid:10099pid:2731  processName=com.alipay.iot.service to use NS021 USB HID Keyboard
04-21 13:18:47.065   888  5800 I UsbExtImpl: default allow  uid:10099pid:2731  processName=com.alipay.iot.service to use PC Camera
04-21 13:18:47.066   888  5800 V UsbExtImpl: smconf processName:com.alipay.iot.service
04-21 13:18:47.066   888  5800 I UsbExtImpl: smconf disallow  uid:10099pid:2731  processName=com.alipay.iot.service to use GD32-USB_Printer
04-21 13:18:47.066   888  5800 I UsbExtImpl: default allow  uid:10099pid:2731  processName=com.alipay.iot.service to use NS021 USB HID Keyboard
04-21 13:18:49.875   888  1023 E WifiStaIfaceAidlImpl: getLinkLayerStats failed with service-specific exception: android.os.ServiceSpecificException: unknown error (code 9)
04-21 13:18:52.887   888  1023 E WifiStaIfaceAidlImpl: getLinkLayerStats failed with service-specific exception: android.os.ServiceSpecificException: unknown error (code 9)
04-21 13:18:55.140 31049 31059 W ailassemblyrn84: ApkAssets: Deleting an ApkAssets object '<empty> and /product/app/webview/webview.apk' with 1 weak references
04-21 13:18:55.899   888  1023 E WifiStaIfaceAidlImpl: getLinkLayerStats failed with service-specific exception: android.os.ServiceSpecificException: unknown error (code 9)
04-21 13:18:56.199 30999 31037 I ReactNativeJS: '[assembly.android.mixc-retail-rn84.websocket] connect', { url: 'ws://127.0.0.1:8888/mockMasterServer/ws',
04-21 13:18:56.199 30999 31037 I ReactNativeJS:   protocol: 'ws',
04-21 13:18:56.199 30999 31037 I ReactNativeJS:   host: '127.0.0.1:8888',
04-21 13:18:56.199 30999 31037 I ReactNativeJS:   pathname: '/mockMasterServer/ws' }
04-21 13:18:56.200 30999 31038 I assembly.assembly.android.mixc-retail-rn84.transport.ws.SocketRuntime: [transport.ws] Socket connect started: assembly.android.mixc-retail-rn84.topology {"profileName":"assembly.android.mixc-retail-rn84.topology","serverName":"dual-topology-host-v3","addressName":"dynamic-topology-host"}
04-21 13:18:56.204 30999 31038 I assembly.assembly.android.mixc-retail-rn84: [assembly.topology] Native topology host already matches desired lifecycle state {"displayCount":2,"displayIndex":1,"deviceId":"2N4QS8GYRS","instanceMode":"SLAVE","enableSlave":false,"running":false,"reason":"not-master-or-single-primary-host"}
04-21 13:18:56.204 30999 31038 I assembly.assembly.android.mixc-retail-rn84: [assembly.topology] Native topology host already matches desired lifecycle state {"displayCount":2,"displayIndex":1,"deviceId":"2N4QS8GYRS","instanceMode":"SLAVE","enableSlave":false,"running":false,"reason":"not-master-or-single-primary-host"}
04-21 13:18:56.205 30999 31162 D TrafficStats: tagSocket(93) with statsTag=0xffffffff, statsUid=-1
04-21 13:18:56.207 31049 31115 D TrafficStats: tagSocket(5) with statsTag=0xffffffff, statsUid=-1
04-21 13:18:56.212 30999 31038 I assembly.assembly.android.mixc-retail-rn84: [assembly.topology] Native topology host already matches desired lifecycle state {"displayCount":2,"displayIndex":1,"deviceId":"2N4QS8GYRS","instanceMode":"SLAVE","enableSlave":false,"running":false,"reason":"not-master-or-single-primary-host"}
04-21 13:18:56.218 30999 31038 I assembly.assembly.android.mixc-retail-rn84: [assembly.topology] Native topology host already matches desired lifecycle state {"displayCount":2,"displayIndex":1,"deviceId":"2N4QS8GYRS","instanceMode":"SLAVE","enableSlave":false,"running":false,"reason":"not-master-or-single-primary-host"}
04-21 13:18:56.219 30999 31038 I assembly.assembly.android.mixc-retail-rn84: [assembly.topology] Native topology host already matches desired lifecycle state {"displayCount":2,"displayIndex":1,"deviceId":"2N4QS8GYRS","instanceMode":"SLAVE","enableSlave":false,"running":false,"reason":"not-master-or-single-primary-host"}
04-21 13:18:56.219 30999 31038 I assembly.assembly.android.mixc-retail-rn84: [assembly.topology] Native topology host already matches desired lifecycle state {"displayCount":2,"displayIndex":1,"deviceId":"2N4QS8GYRS","instanceMode":"SLAVE","enableSlave":false,"running":false,"reason":"not-master-or-single-primary-host"}
04-21 13:18:56.221 31049 31100 I assembly.assembly.android.mixc-retail-rn84: [assembly.topology] Native topology host already matches desired lifecycle state {"displayCount":2,"displayIndex":0,"deviceId":"2N4QS8GYRS","instanceMode":"MASTER","enableSlave":true,"running":false,"reason":"not-master-or-single-primary-host"}
04-21 13:18:56.222 31049 31100 I assembly.assembly.android.mixc-retail-rn84: [assembly.topology] Native topology host already matches desired lifecycle state {"displayCount":2,"displayIndex":0,"deviceId":"2N4QS8GYRS","instanceMode":"MASTER","enableSlave":true,"running":false,"reason":"not-master-or-single-primary-host"}
04-21 13:18:56.222 31049 31100 I assembly.assembly.android.mixc-retail-rn84: [assembly.topology] Native topology host already matches desired lifecycle state {"displayCount":2,"displayIndex":0,"deviceId":"2N4QS8GYRS","instanceMode":"MASTER","enableSlave":true,"running":false,"reason":"not-master-or-single-primary-host"}
04-21 13:18:56.223 31049 31099 I ReactNativeJS: '[runtime-state-sync-apply]', '{"direction":"slave-to-master","incomingSliceNames":["kernel.base.topology-runtime-v3.demo.slave","kernel.base.ui-runtime-v2.screen.branch","kernel.base.ui-runtime-v2.overlay.branch","kernel.base.ui-runtime-v2.ui-variable.branch"],"appliedSliceNames":["kernel.base.topology-runtime-v3.demo.slave","kernel.base.ui-runtime-v2.screen.branch","kernel.base.ui-runtime-v2.overlay.branch","kernel.base.ui-runtime-v2.ui-variable.branch"],"skippedSliceReasons":[]}'
04-21 13:18:56.226 30999 31037 I ReactNativeJS: '[runtime-state-sync-apply]', '{"direction":"master-to-slave","incomingSliceNames":["kernel.base.topology-runtime-v3.demo.master","kernel.base.tcp-control-runtime-v2.identity","kernel.base.tcp-control-runtime-v2.credential","kernel.base.tcp-control-runtime-v2.binding","kernel.base.tcp-control-runtime-v2.sandbox","kernel.base.tdp-sync-runtime-v2.hot-update","kernel.base.ui-runtime-v2.screen.main","kernel.base.ui-runtime-v2.overlay.main","kernel.base.ui-runtime-v2.ui-variable.main"],"appliedSliceNames":["kernel.base.topology-runtime-v3.demo.master","kernel.base.tcp-control-runtime-v2.identity","kernel.base.tcp-control-runtime-v2.credential","kernel.base.tcp-control-runtime-v2.binding","kernel.base.tcp-control-runtime-v2.sandbox","kernel.base.tdp-sync-runtime-v2.hot-update","kernel.base.ui-runtime-v2.screen.main","kernel.base.ui-runtime-v2.overlay.main","kernel.base.ui-runtime-v2.ui-variable.main"],"skippedSliceReasons":[]}'
04-21 13:18:56.228 31049 31100 I assembly.assembly.android.mixc-retail-rn84: [assembly.topology] Native topology host already matches desired lifecycle state {"displayCount":2,"displayIndex":0,"deviceId":"2N4QS8GYRS","instanceMode":"MASTER","enableSlave":true,"running":false,"reason":"not-master-or-single-primary-host"}
04-21 13:18:56.228 31049 31100 I assembly.assembly.android.mixc-retail-rn84: [assembly.topology] Native topology host already matches desired lifecycle state {"displayCount":2,"displayIndex":0,"deviceId":"2N4QS8GYRS","instanceMode":"MASTER","enableSlave":true,"running":false,"reason":"not-master-or-single-primary-host"}
04-21 13:18:56.234 30999 31156 D TrafficStats: tagSocket(92) with statsTag=0xffffffff, statsUid=-1
04-21 13:18:56.234 30999 31038 I assembly.assembly.android.mixc-retail-rn84: [assembly.topology] Native topology host already matches desired lifecycle state {"displayCount":2,"displayIndex":1,"deviceId":"2N4QS8GYRS","instanceMode":"SLAVE","enableSlave":false,"running":false,"reason":"not-master-or-single-primary-host"}
04-21 13:18:56.235 30999 31038 I assembly.assembly.android.mixc-retail-rn84: [assembly.topology] Native topology host already matches desired lifecycle state {"displayCount":2,"displayIndex":1,"deviceId":"2N4QS8GYRS","instanceMode":"SLAVE","enableSlave":false,"running":false,"reason":"not-master-or-single-primary-host"}
04-21 13:18:56.258 31049 31100 I MMKV    : <MMKV_IO.cpp:609::writeActualSize> [mixc-retail-assembly-rn84::state] increase sequence to 292, crc 3123979427, actualSize 27980
04-21 13:18:56.258 31049 31100 I MMKV    : <MMKV.cpp:1208::sync> MMKV::sync, SyncFlag = 1
04-21 13:18:58.911   888  1023 E WifiStaIfaceAidlImpl: getLinkLayerStats failed with service-specific exception: android.os.ServiceSpecificException: unknown error (code 9)
04-21 13:19:00.000   888   972 D AlarmManager: setImplLocked() callingPackage=android
04-21 13:19:01.926   888  1023 E WifiStaIfaceAidlImpl: getLinkLayerStats failed with service-specific exception: android.os.ServiceSpecificException: unknown error (code 9)
04-21 13:19:02.249   344   374 E android.hardware.graphics.composer3-service.rockchip: wait,line=113 wait callback timeout
04-21 13:19:03.572 30999 31009 W yrn84:secondary: ApkAssets: Deleting an ApkAssets object '<empty> and /product/app/webview/webview.apk' with 1 weak references
04-21 13:19:04.939   888  1023 E WifiStaIfaceAidlImpl: getLinkLayerStats failed with service-specific exception: android.os.ServiceSpecificException: unknown error (code 9)
04-21 13:19:05.865  9420  9444 I DispatchControl: 线程Id = 35，进程id = 9420，handleMessage  bean.name:app_state_info source:com.sunmi.dataService    type:2     description:APP 操作明细 task_count:2
04-21 13:19:05.869  9420  9444 I StoreControl: StoreControl 存储:app_state_info source:com.sunmi.dataService     time:1776748681  elapsedRealtime:0
04-21 13:19:05.875  9420  9444 I clh     : insertOriginData name:app_state_info   isOk:true
04-21 13:19:05.878  9420  9444 I clh     : name:com.sunmi.dataService   source:app_state_info useSize:154
04-21 13:19:05.890  9420  9444 I clh     : putStateUse isOk:792    sourceKey:com.sunmi.dataService_app_state_info
04-21 13:19:05.927  9420  9444 I nmi.dataService: Explicit concurrent mark compact GC freed 3065(319KB) AllocSpace objects, 0(0B) LOS objects, 24% free, 2997KB/3996KB, paused 1.046ms,4.401ms total 31.907ms
04-21 13:19:07.951   888  1023 E WifiStaIfaceAidlImpl: getLinkLayerStats failed with service-specific exception: android.os.ServiceSpecificException: unknown error (code 9)
04-21 13:19:10.505 31049 31139 D TrafficStats: tagSocket(108) with statsTag=0xffffffff, statsUid=-1
04-21 13:19:10.514 31049 31139 D TrafficStats: tagSocket(108) with statsTag=0xffffffff, statsUid=-1
04-21 13:19:10.521 31049 31139 D TrafficStats: tagSocket(108) with statsTag=0xffffffff, statsUid=-1
04-21 13:19:10.528 31049 31139 D TrafficStats: tagSocket(108) with statsTag=0xffffffff, statsUid=-1
04-21 13:19:10.961   888  1023 E WifiStaIfaceAidlImpl: getLinkLayerStats failed with service-specific exception: android.os.ServiceSpecificException: unknown error (code 9)
04-21 13:19:13.967   888  1023 E WifiStaIfaceAidlImpl: getLinkLayerStats failed with service-specific exception: android.os.ServiceSpecificException: unknown error (code 9)
04-21 13:19:16.978   888  1023 E WifiStaIfaceAidlImpl: getLinkLayerStats failed with service-specific exception: android.os.ServiceSpecificException: unknown error (code 9)
04-21 13:19:19.987   888  1023 E WifiStaIfaceAidlImpl: getLinkLayerStats failed with service-specific exception: android.os.ServiceSpecificException: unknown error (code 9)
04-21 13:19:22.250   344   374 E android.hardware.graphics.composer3-service.rockchip: wait,line=113 wait callback timeout
04-21 13:19:22.998   888  1023 E WifiStaIfaceAidlImpl: getLinkLayerStats failed with service-specific exception: android.os.ServiceSpecificException: unknown error (code 9)
04-21 13:19:24.199   888  5800 D AlarmManager: setImplLocked() callingPackage=sunmi.remotemanager
04-21 13:19:25.913  9420  9444 I DispatchControl: 线程Id = 35，进程id = 9420，handleMessage  bean.name:sunmi_action_check_size source:com.sunmi.dataService    type:1     description:检测数据库原始数据表的size task_count:2
04-21 13:19:25.916  9420  9444 I TaskControl: TaskControl 采集:sunmi_action_check_size     description:检测数据库原始数据表的size
04-21 13:19:25.942  9420  9444 I nmi.dataService: Explicit concurrent mark compact GC freed 1111(105KB) AllocSpace objects, 0(0B) LOS objects, 24% free, 2989KB/3985KB, paused 252us,3.359ms total 23.445ms
04-21 13:19:26.005   888  1023 E WifiStaIfaceAidlImpl: getLinkLayerStats failed with service-specific exception: android.os.ServiceSpecificException: unknown error (code 9)
04-21 13:19:29.013   888  1023 E WifiStaIfaceAidlImpl: getLinkLayerStats failed with service-specific exception: android.os.ServiceSpecificException: unknown error (code 9)
04-21 13:19:29.271  1235  1244 I rkstack.process: Background concurrent mark compact GC freed 43634(3256KB) AllocSpace objects, 0(0B) LOS objects, 49% free, 3369KB/6738KB, paused 369us,5.370ms total 44.964ms
04-21 13:19:29.272  1235  1244 W rkstack.process: Reducing the number of considered missed Gc histogram windows from 105 to 100
04-21 13:19:32.025   888  1023 E WifiStaIfaceAidlImpl: getLinkLayerStats failed with service-specific exception: android.os.ServiceSpecificException: unknown error (code 9)
04-21 13:19:35.037   888  1023 E WifiStaIfaceAidlImpl: getLinkLayerStats failed with service-specific exception: android.os.ServiceSpecificException: unknown error (code 9)
04-21 13:19:38.049   888  1023 E WifiStaIfaceAidlImpl: getLinkLayerStats failed with service-specific exception: android.os.ServiceSpecificException: unknown error (code 9)
04-21 13:19:41.061   888  1023 E WifiStaIfaceAidlImpl: getLinkLayerStats failed with service-specific exception: android.os.ServiceSpecificException: unknown error (code 9)
04-21 13:19:42.050 31049 31139 D TrafficStats: tagSocket(108) with statsTag=0xffffffff, statsUid=-1
04-21 13:19:42.058 31049 31139 D TrafficStats: tagSocket(108) with statsTag=0xffffffff, statsUid=-1
04-21 13:19:42.069 31049 31139 D TrafficStats: tagSocket(108) with statsTag=0xffffffff, statsUid=-1
04-21 13:19:42.079 31049 31139 D TrafficStats: tagSocket(112) with statsTag=0xffffffff, statsUid=-1
04-21 13:19:42.250   344   374 E android.hardware.graphics.composer3-service.rockchip: wait,line=113 wait callback timeout
04-21 13:19:42.472 30999 31097 D TrafficStats: tagSocket(5) with statsTag=0xffffffff, statsUid=-1
04-21 13:19:42.481 30999 31097 D TrafficStats: tagSocket(5) with statsTag=0xffffffff, statsUid=-1
04-21 13:19:42.488 30999 31097 D TrafficStats: tagSocket(5) with statsTag=0xffffffff, statsUid=-1
04-21 13:19:42.495 30999 31097 D TrafficStats: tagSocket(5) with statsTag=0xffffffff, statsUid=-1
