--- errors/fatals/exceptions
04-21 13:18:31.815   888  1023 E WifiStaIfaceAidlImpl: getLinkLayerStats failed with service-specific exception: android.os.ServiceSpecificException: unknown error (code 9)
04-21 13:18:34.823   888  1023 E WifiStaIfaceAidlImpl: getLinkLayerStats failed with service-specific exception: android.os.ServiceSpecificException: unknown error (code 9)
04-21 13:18:36.272   888  4056 W WindowManager: android.os.DeadObjectException
04-21 13:18:36.409   888   908 W WindowManager: android.os.DeadObjectException
04-21 13:18:36.601   888   948 W WindowManager: Exception thrown during dispatchAppVisibility Window{97982ff u0 com.impos2.mixcretailassemblyrn84/com.impos2.mixcretailassemblyrn84.MainActivity EXITING}
04-21 13:18:36.601   888   948 W WindowManager: android.os.DeadObjectException
04-21 13:18:37.835   888  1023 E WifiStaIfaceAidlImpl: getLinkLayerStats failed with service-specific exception: android.os.ServiceSpecificException: unknown error (code 9)
04-21 13:18:40.847   888  1023 E WifiStaIfaceAidlImpl: getLinkLayerStats failed with service-specific exception: android.os.ServiceSpecificException: unknown error (code 9)
04-21 13:18:43.858   888  1023 E WifiStaIfaceAidlImpl: getLinkLayerStats failed with service-specific exception: android.os.ServiceSpecificException: unknown error (code 9)
04-21 13:18:46.867   888  1023 E WifiStaIfaceAidlImpl: getLinkLayerStats failed with service-specific exception: android.os.ServiceSpecificException: unknown error (code 9)
04-21 13:18:49.875   888  1023 E WifiStaIfaceAidlImpl: getLinkLayerStats failed with service-specific exception: android.os.ServiceSpecificException: unknown error (code 9)
04-21 13:18:52.887   888  1023 E WifiStaIfaceAidlImpl: getLinkLayerStats failed with service-specific exception: android.os.ServiceSpecificException: unknown error (code 9)
04-21 13:18:55.899   888  1023 E WifiStaIfaceAidlImpl: getLinkLayerStats failed with service-specific exception: android.os.ServiceSpecificException: unknown error (code 9)
04-21 13:18:58.911   888  1023 E WifiStaIfaceAidlImpl: getLinkLayerStats failed with service-specific exception: android.os.ServiceSpecificException: unknown error (code 9)
04-21 13:19:01.926   888  1023 E WifiStaIfaceAidlImpl: getLinkLayerStats failed with service-specific exception: android.os.ServiceSpecificException: unknown error (code 9)
04-21 13:19:04.939   888  1023 E WifiStaIfaceAidlImpl: getLinkLayerStats failed with service-specific exception: android.os.ServiceSpecificException: unknown error (code 9)
04-21 13:19:07.951   888  1023 E WifiStaIfaceAidlImpl: getLinkLayerStats failed with service-specific exception: android.os.ServiceSpecificException: unknown error (code 9)
04-21 13:19:10.961   888  1023 E WifiStaIfaceAidlImpl: getLinkLayerStats failed with service-specific exception: android.os.ServiceSpecificException: unknown error (code 9)
04-21 13:19:13.967   888  1023 E WifiStaIfaceAidlImpl: getLinkLayerStats failed with service-specific exception: android.os.ServiceSpecificException: unknown error (code 9)
04-21 13:19:16.978   888  1023 E WifiStaIfaceAidlImpl: getLinkLayerStats failed with service-specific exception: android.os.ServiceSpecificException: unknown error (code 9)
04-21 13:19:19.987   888  1023 E WifiStaIfaceAidlImpl: getLinkLayerStats failed with service-specific exception: android.os.ServiceSpecificException: unknown error (code 9)
04-21 13:19:22.998   888  1023 E WifiStaIfaceAidlImpl: getLinkLayerStats failed with service-specific exception: android.os.ServiceSpecificException: unknown error (code 9)
04-21 13:19:26.005   888  1023 E WifiStaIfaceAidlImpl: getLinkLayerStats failed with service-specific exception: android.os.ServiceSpecificException: unknown error (code 9)
04-21 13:19:29.013   888  1023 E WifiStaIfaceAidlImpl: getLinkLayerStats failed with service-specific exception: android.os.ServiceSpecificException: unknown error (code 9)
04-21 13:19:32.025   888  1023 E WifiStaIfaceAidlImpl: getLinkLayerStats failed with service-specific exception: android.os.ServiceSpecificException: unknown error (code 9)
04-21 13:19:35.037   888  1023 E WifiStaIfaceAidlImpl: getLinkLayerStats failed with service-specific exception: android.os.ServiceSpecificException: unknown error (code 9)
04-21 13:19:38.049   888  1023 E WifiStaIfaceAidlImpl: getLinkLayerStats failed with service-specific exception: android.os.ServiceSpecificException: unknown error (code 9)
04-21 13:19:41.061   888  1023 E WifiStaIfaceAidlImpl: getLinkLayerStats failed with service-specific exception: android.os.ServiceSpecificException: unknown error (code 9)
04-21 13:19:44.073   888  1023 E WifiStaIfaceAidlImpl: getLinkLayerStats failed with service-specific exception: android.os.ServiceSpecificException: unknown error (code 9)
04-21 13:19:47.083   888  1023 E WifiStaIfaceAidlImpl: getLinkLayerStats failed with service-specific exception: android.os.ServiceSpecificException: unknown error (code 9)
04-21 13:19:50.089   888  1023 E WifiStaIfaceAidlImpl: getLinkLayerStats failed with service-specific exception: android.os.ServiceSpecificException: unknown error (code 9)
04-21 13:19:53.100   888  1023 E WifiStaIfaceAidlImpl: getLinkLayerStats failed with service-specific exception: android.os.ServiceSpecificException: unknown error (code 9)
04-21 13:19:56.112   888  1023 E WifiStaIfaceAidlImpl: getLinkLayerStats failed with service-specific exception: android.os.ServiceSpecificException: unknown error (code 9)
04-21 13:19:59.123   888  1023 E WifiStaIfaceAidlImpl: getLinkLayerStats failed with service-specific exception: android.os.ServiceSpecificException: unknown error (code 9)
04-21 13:20:02.133   888  1023 E WifiStaIfaceAidlImpl: getLinkLayerStats failed with service-specific exception: android.os.ServiceSpecificException: unknown error (code 9)
04-21 13:20:05.140   888  1023 E WifiStaIfaceAidlImpl: getLinkLayerStats failed with service-specific exception: android.os.ServiceSpecificException: unknown error (code 9)
04-21 13:20:08.151   888  1023 E WifiStaIfaceAidlImpl: getLinkLayerStats failed with service-specific exception: android.os.ServiceSpecificException: unknown error (code 9)
04-21 13:20:11.159   888  1023 E WifiStaIfaceAidlImpl: getLinkLayerStats failed with service-specific exception: android.os.ServiceSpecificException: unknown error (code 9)
04-21 13:20:14.168   888  1023 E WifiStaIfaceAidlImpl: getLinkLayerStats failed with service-specific exception: android.os.ServiceSpecificException: unknown error (code 9)
04-21 13:20:17.179   888  1023 E WifiStaIfaceAidlImpl: getLinkLayerStats failed with service-specific exception: android.os.ServiceSpecificException: unknown error (code 9)
04-21 13:20:20.190   888  1023 E WifiStaIfaceAidlImpl: getLinkLayerStats failed with service-specific exception: android.os.ServiceSpecificException: unknown error (code 9)
04-21 13:20:23.203   888  1023 E WifiStaIfaceAidlImpl: getLinkLayerStats failed with service-specific exception: android.os.ServiceSpecificException: unknown error (code 9)
04-21 13:20:26.215   888  1023 E WifiStaIfaceAidlImpl: getLinkLayerStats failed with service-specific exception: android.os.ServiceSpecificException: unknown error (code 9)
04-21 13:20:29.226   888  1023 E WifiStaIfaceAidlImpl: getLinkLayerStats failed with service-specific exception: android.os.ServiceSpecificException: unknown error (code 9)
04-21 13:20:32.235   888  1023 E WifiStaIfaceAidlImpl: getLinkLayerStats failed with service-specific exception: android.os.ServiceSpecificException: unknown error (code 9)
04-21 13:20:35.247   888  1023 E WifiStaIfaceAidlImpl: getLinkLayerStats failed with service-specific exception: android.os.ServiceSpecificException: unknown error (code 9)
04-21 13:20:38.258   888  1023 E WifiStaIfaceAidlImpl: getLinkLayerStats failed with service-specific exception: android.os.ServiceSpecificException: unknown error (code 9)
04-21 13:20:41.267   888  1023 E WifiStaIfaceAidlImpl: getLinkLayerStats failed with service-specific exception: android.os.ServiceSpecificException: unknown error (code 9)
04-21 13:20:44.279   888  1023 E WifiStaIfaceAidlImpl: getLinkLayerStats failed with service-specific exception: android.os.ServiceSpecificException: unknown error (code 9)
04-21 13:20:47.290   888  1023 E WifiStaIfaceAidlImpl: getLinkLayerStats failed with service-specific exception: android.os.ServiceSpecificException: unknown error (code 9)
04-21 13:20:50.303   888  1023 E WifiStaIfaceAidlImpl: getLinkLayerStats failed with service-specific exception: android.os.ServiceSpecificException: unknown error (code 9)
04-21 13:20:53.315   888  1023 E WifiStaIfaceAidlImpl: getLinkLayerStats failed with service-specific exception: android.os.ServiceSpecificException: unknown error (code 9)
04-21 13:20:56.323   888  1023 E WifiStaIfaceAidlImpl: getLinkLayerStats failed with service-specific exception: android.os.ServiceSpecificException: unknown error (code 9)
04-21 13:20:59.331   888  1023 E WifiStaIfaceAidlImpl: getLinkLayerStats failed with service-specific exception: android.os.ServiceSpecificException: unknown error (code 9)
04-21 13:21:02.343   888  1023 E WifiStaIfaceAidlImpl: getLinkLayerStats failed with service-specific exception: android.os.ServiceSpecificException: unknown error (code 9)
04-21 13:21:05.355   888  1023 E WifiStaIfaceAidlImpl: getLinkLayerStats failed with service-specific exception: android.os.ServiceSpecificException: unknown error (code 9)
04-21 13:21:08.367   888  1023 E WifiStaIfaceAidlImpl: getLinkLayerStats failed with service-specific exception: android.os.ServiceSpecificException: unknown error (code 9)
04-21 13:21:11.379   888  1023 E WifiStaIfaceAidlImpl: getLinkLayerStats failed with service-specific exception: android.os.ServiceSpecificException: unknown error (code 9)
04-21 13:21:14.390   888  1023 E WifiStaIfaceAidlImpl: getLinkLayerStats failed with service-specific exception: android.os.ServiceSpecificException: unknown error (code 9)
04-21 13:21:17.402   888  1023 E WifiStaIfaceAidlImpl: getLinkLayerStats failed with service-specific exception: android.os.ServiceSpecificException: unknown error (code 9)
04-21 13:21:20.415   888  1023 E WifiStaIfaceAidlImpl: getLinkLayerStats failed with service-specific exception: android.os.ServiceSpecificException: unknown error (code 9)
04-21 13:21:23.423   888  1023 E WifiStaIfaceAidlImpl: getLinkLayerStats failed with service-specific exception: android.os.ServiceSpecificException: unknown error (code 9)
04-21 13:21:26.431   888  1023 E WifiStaIfaceAidlImpl: getLinkLayerStats failed with service-specific exception: android.os.ServiceSpecificException: unknown error (code 9)
04-21 13:21:29.443   888  1023 E WifiStaIfaceAidlImpl: getLinkLayerStats failed with service-specific exception: android.os.ServiceSpecificException: unknown error (code 9)
04-21 13:21:32.455   888  1023 E WifiStaIfaceAidlImpl: getLinkLayerStats failed with service-specific exception: android.os.ServiceSpecificException: unknown error (code 9)
04-21 13:21:35.466   888  1023 E WifiStaIfaceAidlImpl: getLinkLayerStats failed with service-specific exception: android.os.ServiceSpecificException: unknown error (code 9)
04-21 13:21:38.477   888  1023 E WifiStaIfaceAidlImpl: getLinkLayerStats failed with service-specific exception: android.os.ServiceSpecificException: unknown error (code 9)
04-21 13:21:41.487   888  1023 E WifiStaIfaceAidlImpl: getLinkLayerStats failed with service-specific exception: android.os.ServiceSpecificException: unknown error (code 9)
04-21 13:21:44.499   888  1023 E WifiStaIfaceAidlImpl: getLinkLayerStats failed with service-specific exception: android.os.ServiceSpecificException: unknown error (code 9)
04-21 13:21:47.507   888  1023 E WifiStaIfaceAidlImpl: getLinkLayerStats failed with service-specific exception: android.os.ServiceSpecificException: unknown error (code 9)
04-21 13:21:50.519   888  1023 E WifiStaIfaceAidlImpl: getLinkLayerStats failed with service-specific exception: android.os.ServiceSpecificException: unknown error (code 9)
04-21 13:21:53.527   888  1023 E WifiStaIfaceAidlImpl: getLinkLayerStats failed with service-specific exception: android.os.ServiceSpecificException: unknown error (code 9)
04-21 13:21:56.539   888  1023 E WifiStaIfaceAidlImpl: getLinkLayerStats failed with service-specific exception: android.os.ServiceSpecificException: unknown error (code 9)
04-21 13:21:59.547   888  1023 E WifiStaIfaceAidlImpl: getLinkLayerStats failed with service-specific exception: android.os.ServiceSpecificException: unknown error (code 9)
04-21 13:22:02.558   888  1023 E WifiStaIfaceAidlImpl: getLinkLayerStats failed with service-specific exception: android.os.ServiceSpecificException: unknown error (code 9)
04-21 13:22:05.579   888  1023 E WifiStaIfaceAidlImpl: getLinkLayerStats failed with service-specific exception: android.os.ServiceSpecificException: unknown error (code 9)
04-21 13:22:08.587   888  1023 E WifiStaIfaceAidlImpl: getLinkLayerStats failed with service-specific exception: android.os.ServiceSpecificException: unknown error (code 9)
04-21 13:22:11.599   888  1023 E WifiStaIfaceAidlImpl: getLinkLayerStats failed with service-specific exception: android.os.ServiceSpecificException: unknown error (code 9)
04-21 13:22:14.606   888  1023 E WifiStaIfaceAidlImpl: getLinkLayerStats failed with service-specific exception: android.os.ServiceSpecificException: unknown error (code 9)
04-21 13:22:17.615   888  1023 E WifiStaIfaceAidlImpl: getLinkLayerStats failed with service-specific exception: android.os.ServiceSpecificException: unknown error (code 9)
04-21 13:22:20.627   888  1023 E WifiStaIfaceAidlImpl: getLinkLayerStats failed with service-specific exception: android.os.ServiceSpecificException: unknown error (code 9)
04-21 13:22:23.639   888  1023 E WifiStaIfaceAidlImpl: getLinkLayerStats failed with service-specific exception: android.os.ServiceSpecificException: unknown error (code 9)
04-21 13:22:26.647   888  1023 E WifiStaIfaceAidlImpl: getLinkLayerStats failed with service-specific exception: android.os.ServiceSpecificException: unknown error (code 9)
04-21 13:22:29.658   888  1023 E WifiStaIfaceAidlImpl: getLinkLayerStats failed with service-specific exception: android.os.ServiceSpecificException: unknown error (code 9)
04-21 13:22:32.667   888  1023 E WifiStaIfaceAidlImpl: getLinkLayerStats failed with service-specific exception: android.os.ServiceSpecificException: unknown error (code 9)
04-21 13:22:35.679   888  1023 E WifiStaIfaceAidlImpl: getLinkLayerStats failed with service-specific exception: android.os.ServiceSpecificException: unknown error (code 9)
04-21 13:22:38.691   888  1023 E WifiStaIfaceAidlImpl: getLinkLayerStats failed with service-specific exception: android.os.ServiceSpecificException: unknown error (code 9)
04-21 13:22:41.703   888  1023 E WifiStaIfaceAidlImpl: getLinkLayerStats failed with service-specific exception: android.os.ServiceSpecificException: unknown error (code 9)
04-21 13:22:44.715   888  1023 E WifiStaIfaceAidlImpl: getLinkLayerStats failed with service-specific exception: android.os.ServiceSpecificException: unknown error (code 9)
04-21 13:22:47.727   888  1023 E WifiStaIfaceAidlImpl: getLinkLayerStats failed with service-specific exception: android.os.ServiceSpecificException: unknown error (code 9)
04-21 13:22:50.738   888  1023 E WifiStaIfaceAidlImpl: getLinkLayerStats failed with service-specific exception: android.os.ServiceSpecificException: unknown error (code 9)
04-21 13:22:53.747   888  1023 E WifiStaIfaceAidlImpl: getLinkLayerStats failed with service-specific exception: android.os.ServiceSpecificException: unknown error (code 9)
04-21 13:22:56.758   888  1023 E WifiStaIfaceAidlImpl: getLinkLayerStats failed with service-specific exception: android.os.ServiceSpecificException: unknown error (code 9)
04-21 13:22:59.767   888  1023 E WifiStaIfaceAidlImpl: getLinkLayerStats failed with service-specific exception: android.os.ServiceSpecificException: unknown error (code 9)
04-21 13:23:02.779   888  1023 E WifiStaIfaceAidlImpl: getLinkLayerStats failed with service-specific exception: android.os.ServiceSpecificException: unknown error (code 9)
04-21 13:23:05.791   888  1023 E WifiStaIfaceAidlImpl: getLinkLayerStats failed with service-specific exception: android.os.ServiceSpecificException: unknown error (code 9)
04-21 13:23:08.803   888  1023 E WifiStaIfaceAidlImpl: getLinkLayerStats failed with service-specific exception: android.os.ServiceSpecificException: unknown error (code 9)
04-21 13:23:11.815   888  1023 E WifiStaIfaceAidlImpl: getLinkLayerStats failed with service-specific exception: android.os.ServiceSpecificException: unknown error (code 9)
04-21 13:23:14.827   888  1023 E WifiStaIfaceAidlImpl: getLinkLayerStats failed with service-specific exception: android.os.ServiceSpecificException: unknown error (code 9)
04-21 13:23:17.835   888  1023 E WifiStaIfaceAidlImpl: getLinkLayerStats failed with service-specific exception: android.os.ServiceSpecificException: unknown error (code 9)
04-21 13:23:20.847   888  1023 E WifiStaIfaceAidlImpl: getLinkLayerStats failed with service-specific exception: android.os.ServiceSpecificException: unknown error (code 9)
04-21 13:23:23.858   888  1023 E WifiStaIfaceAidlImpl: getLinkLayerStats failed with service-specific exception: android.os.ServiceSpecificException: unknown error (code 9)
04-21 13:23:26.870   888  1023 E WifiStaIfaceAidlImpl: getLinkLayerStats failed with service-specific exception: android.os.ServiceSpecificException: unknown error (code 9)
04-21 13:23:29.879   888  1023 E WifiStaIfaceAidlImpl: getLinkLayerStats failed with service-specific exception: android.os.ServiceSpecificException: unknown error (code 9)
04-21 13:23:32.889   888  1023 E WifiStaIfaceAidlImpl: getLinkLayerStats failed with service-specific exception: android.os.ServiceSpecificException: unknown error (code 9)
04-21 13:23:35.899   888  1023 E WifiStaIfaceAidlImpl: getLinkLayerStats failed with service-specific exception: android.os.ServiceSpecificException: unknown error (code 9)
04-21 13:23:38.907   888  1023 E WifiStaIfaceAidlImpl: getLinkLayerStats failed with service-specific exception: android.os.ServiceSpecificException: unknown error (code 9)
04-21 13:23:41.918   888  1023 E WifiStaIfaceAidlImpl: getLinkLayerStats failed with service-specific exception: android.os.ServiceSpecificException: unknown error (code 9)
04-21 13:23:44.928   888  1023 E WifiStaIfaceAidlImpl: getLinkLayerStats failed with service-specific exception: android.os.ServiceSpecificException: unknown error (code 9)
04-21 13:23:47.939   888  1023 E WifiStaIfaceAidlImpl: getLinkLayerStats failed with service-specific exception: android.os.ServiceSpecificException: unknown error (code 9)
04-21 13:23:50.947   888  1023 E WifiStaIfaceAidlImpl: getLinkLayerStats failed with service-specific exception: android.os.ServiceSpecificException: unknown error (code 9)
04-21 13:23:51.752   888  5781 W WindowManager: android.os.DeadObjectException
04-21 13:23:51.963   888  7786 W WindowManager: android.os.DeadObjectException
04-21 13:23:51.975   888   908 W WindowManager: android.os.DeadObjectException
04-21 13:23:52.116   888  7786 W WindowManager: Exception thrown during dispatchAppVisibility Window{25a7202 u0 com.impos2.mixcretailassemblyrn84/com.impos2.mixcretailassemblyrn84.MainActivity EXITING}
04-21 13:23:52.116   888  7786 W WindowManager: android.os.DeadObjectException
04-21 13:23:53.956   888  1023 E WifiStaIfaceAidlImpl: getLinkLayerStats failed with service-specific exception: android.os.ServiceSpecificException: unknown error (code 9)
04-21 13:23:56.963   888  1023 E WifiStaIfaceAidlImpl: getLinkLayerStats failed with service-specific exception: android.os.ServiceSpecificException: unknown error (code 9)
04-21 13:23:59.976   888  1023 E WifiStaIfaceAidlImpl: getLinkLayerStats failed with service-specific exception: android.os.ServiceSpecificException: unknown error (code 9)
04-21 13:24:02.987   888  1023 E WifiStaIfaceAidlImpl: getLinkLayerStats failed with service-specific exception: android.os.ServiceSpecificException: unknown error (code 9)
04-21 13:24:05.999   888  1023 E WifiStaIfaceAidlImpl: getLinkLayerStats failed with service-specific exception: android.os.ServiceSpecificException: unknown error (code 9)
04-21 13:24:09.010   888  1023 E WifiStaIfaceAidlImpl: getLinkLayerStats failed with service-specific exception: android.os.ServiceSpecificException: unknown error (code 9)
04-21 13:24:12.023   888  1023 E WifiStaIfaceAidlImpl: getLinkLayerStats failed with service-specific exception: android.os.ServiceSpecificException: unknown error (code 9)
04-21 13:24:15.035   888  1023 E WifiStaIfaceAidlImpl: getLinkLayerStats failed with service-specific exception: android.os.ServiceSpecificException: unknown error (code 9)
04-21 13:24:18.047   888  1023 E WifiStaIfaceAidlImpl: getLinkLayerStats failed with service-specific exception: android.os.ServiceSpecificException: unknown error (code 9)
04-21 13:24:21.059   888  1023 E WifiStaIfaceAidlImpl: getLinkLayerStats failed with service-specific exception: android.os.ServiceSpecificException: unknown error (code 9)
04-21 13:24:24.071   888  1023 E WifiStaIfaceAidlImpl: getLinkLayerStats failed with service-specific exception: android.os.ServiceSpecificException: unknown error (code 9)
04-21 13:24:27.083   888  1023 E WifiStaIfaceAidlImpl: getLinkLayerStats failed with service-specific exception: android.os.ServiceSpecificException: unknown error (code 9)
04-21 13:24:30.095   888  1023 E WifiStaIfaceAidlImpl: getLinkLayerStats failed with service-specific exception: android.os.ServiceSpecificException: unknown error (code 9)
04-21 13:24:33.107   888  1023 E WifiStaIfaceAidlImpl: getLinkLayerStats failed with service-specific exception: android.os.ServiceSpecificException: unknown error (code 9)
04-21 13:24:36.119   888  1023 E WifiStaIfaceAidlImpl: getLinkLayerStats failed with service-specific exception: android.os.ServiceSpecificException: unknown error (code 9)
04-21 13:24:39.131   888  1023 E WifiStaIfaceAidlImpl: getLinkLayerStats failed with service-specific exception: android.os.ServiceSpecificException: unknown error (code 9)
04-21 13:24:42.142   888  1023 E WifiStaIfaceAidlImpl: getLinkLayerStats failed with service-specific exception: android.os.ServiceSpecificException: unknown error (code 9)
04-21 13:24:45.155   888  1023 E WifiStaIfaceAidlImpl: getLinkLayerStats failed with service-specific exception: android.os.ServiceSpecificException: unknown error (code 9)
04-21 13:24:48.165   888  1023 E WifiStaIfaceAidlImpl: getLinkLayerStats failed with service-specific exception: android.os.ServiceSpecificException: unknown error (code 9)
04-21 13:24:51.174   888  1023 E WifiStaIfaceAidlImpl: getLinkLayerStats failed with service-specific exception: android.os.ServiceSpecificException: unknown error (code 9)
04-21 13:24:54.186   888  1023 E WifiStaIfaceAidlImpl: getLinkLayerStats failed with service-specific exception: android.os.ServiceSpecificException: unknown error (code 9)
04-21 13:24:57.198   888  1023 E WifiStaIfaceAidlImpl: getLinkLayerStats failed with service-specific exception: android.os.ServiceSpecificException: unknown error (code 9)
04-21 13:25:00.207   888  1023 E WifiStaIfaceAidlImpl: getLinkLayerStats failed with service-specific exception: android.os.ServiceSpecificException: unknown error (code 9)
04-21 13:25:03.219   888  1023 E WifiStaIfaceAidlImpl: getLinkLayerStats failed with service-specific exception: android.os.ServiceSpecificException: unknown error (code 9)
04-21 13:25:06.231   888  1023 E WifiStaIfaceAidlImpl: getLinkLayerStats failed with service-specific exception: android.os.ServiceSpecificException: unknown error (code 9)
04-21 13:25:09.243   888  1023 E WifiStaIfaceAidlImpl: getLinkLayerStats failed with service-specific exception: android.os.ServiceSpecificException: unknown error (code 9)
04-21 13:25:12.251   888  1023 E WifiStaIfaceAidlImpl: getLinkLayerStats failed with service-specific exception: android.os.ServiceSpecificException: unknown error (code 9)
04-21 13:25:15.263   888  1023 E WifiStaIfaceAidlImpl: getLinkLayerStats failed with service-specific exception: android.os.ServiceSpecificException: unknown error (code 9)
04-21 13:25:18.275   888  1023 E WifiStaIfaceAidlImpl: getLinkLayerStats failed with service-specific exception: android.os.ServiceSpecificException: unknown error (code 9)
04-21 13:25:21.287   888  1023 E WifiStaIfaceAidlImpl: getLinkLayerStats failed with service-specific exception: android.os.ServiceSpecificException: unknown error (code 9)
--- warns
04-21 13:18:31.211   888  1083 W APP_LOCK: ===isSecureForCommon  defaultLauncher:null===
04-21 13:18:31.211   888  1083 W APP_LOCK: ===isSecureForCommon  callingPackage:com.android.shell===
04-21 13:18:31.211   888  1083 W APP_LOCK: ===isSecureForCommon  === defaultLauncher:com.android.launcher3===
04-21 13:18:31.211   888  1083 W APP_LOCK: ===isSecureForCommon  isDefaultApp:false=== packageName : com.impos2.mixcretailassemblyrn84
04-21 13:18:31.232   688   688 W android.hardwar: type=1400 audit(0.0:8761): avc:  denied  { read } for  name="u:object_r:vendor_sculptor_prop:s0" dev="tmpfs" ino=383 scontext=u:r:hal_power_default:s0 tcontext=u:object_r:vendor_sculptor_prop:s0 tclass=file permissive=0
04-21 13:18:31.212   888  1083 W ActivityTaskManager: callingPackage for (uid=2000, pid=30895) has no WPC
04-21 13:18:31.233   688   688 W libc    : Access denied finding property "vendor.sculptor.enable"
04-21 13:18:31.236   888  1083 W APP_LOCK:   isCustomizedAppLockEnabled is false
04-21 13:18:31.241   888   918 W libprocessgroup: SetCgroup::ExecuteForProcess: failed to open /dev/stune/top-app/cgroup.procs: No such file or directory
04-21 13:18:31.249 26864 26864 W ElapsedTimeUtils: getElapsedTime: sSuwFinishedTimeStamp is null
04-21 13:18:31.261 26864 26864 W ElapsedTimeUtils: getElapsedTime: sSuwFinishedTimeStamp is null
04-21 13:18:31.264   888  6114 W APP_LOCK:   isCustomizedAppLockEnabled is false
04-21 13:18:31.285   888   918 W libprocessgroup: SetCgroup::ExecuteForProcess: failed to open /dev/stune/background/cgroup.procs: No such file or directory
04-21 13:18:31.287   888   918 W libprocessgroup: SetCgroup::ExecuteForProcess: failed to open /dev/stune/top-app/cgroup.procs: No such file or directory
04-21 13:18:31.290  1750  1750 W AccessPointsManager: AccessPointsManager.removeAccessPoint():918 The holder controller #0x7f0b2098 is not registered
04-21 13:18:31.303  1750  2123 W GoogleApiManager: The service for hgg is not available: hgq{statusCode=SERVICE_DISABLED, resolution=null, message=null}
04-21 13:18:31.306   888  6114 W InputManager-JNI: Input channel object 'd3b024c InputMethod (client)' was disposed without first being removed with the input manager!
04-21 13:18:31.311   888   918 W libprocessgroup: SetCgroup::ExecuteForProcess: failed to open /dev/stune/top-app/cgroup.procs: No such file or directory
04-21 13:18:31.323   888   918 W libprocessgroup: SetCgroup::ExecuteForProcess: failed to open /dev/stune/background/cgroup.procs: No such file or directory
04-21 13:18:31.337   888  7642 W JobScheduler: Job didn't exist in JobStore: 229314d #u0a79/1556 woyou.market/com.sunmi.appstore.core.TimeJobService
04-21 13:18:31.342  1750  2123 W GoogleApiManager: The service for hgg is not available: hgq{statusCode=SERVICE_DISABLED, resolution=null, message=null}
04-21 13:18:31.342  1750  2123 W GoogleApiManager: The service for hgg is not available: hgq{statusCode=SERVICE_DISABLED, resolution=null, message=null}
04-21 13:18:31.343  1750  2123 W GoogleApiManager: The service for hgg is not available: hgq{statusCode=SERVICE_DISABLED, resolution=null, message=null}
04-21 13:18:31.358  1750  2067 W MetricsManager: MetricsManager.addProcessorImpl():581 Processor fgc@a9c4721 already exists.
04-21 13:18:31.363  1750  2067 W AndroidCreativeStickerFetcherFactory: AndroidCreativeStickerFetcherFactory.createFetcher():19 Empty host or api key
04-21 13:18:31.364  1750  2123 W GoogleApiManager: The service for hgg is not available: hgq{statusCode=SERVICE_DISABLED, resolution=null, message=null}
04-21 13:18:31.383   888  5540 W APP_LOCK: ===isSecureForCommon  defaultLauncher:null===
04-21 13:18:31.383   888  5540 W APP_LOCK: ===isSecureForCommon  callingPackage:com.android.shell===
04-21 13:18:31.383   888  5540 W APP_LOCK: ===isSecureForCommon  === defaultLauncher:com.android.launcher3===
04-21 13:18:31.383   888  5540 W APP_LOCK: ===isSecureForCommon  isDefaultApp:false=== packageName : com.impos2.mixcretailassemblyrn84
04-21 13:18:31.384   888  5540 W ActivityTaskManager: callingPackage for (uid=2000, pid=30925) has no WPC
04-21 13:18:31.388   688   688 W android.hardwar: type=1400 audit(0.0:8762): avc:  denied  { read } for  name="u:object_r:vendor_sculptor_prop:s0" dev="tmpfs" ino=383 scontext=u:r:hal_power_default:s0 tcontext=u:object_r:vendor_sculptor_prop:s0 tclass=file permissive=0
04-21 13:18:31.389   688   688 W libc    : Access denied finding property "vendor.sculptor.enable"
04-21 13:18:31.391   888  5540 W APP_LOCK:   isCustomizedAppLockEnabled is false
04-21 13:18:31.397 30900 30900 W SoLoader: Initializing SoLoader: 0
04-21 13:18:31.398 30900 30900 W SoLoader: Recording new base apk path: /data/app/~~qJT4Ifp0O2e6_YaMK2zwCQ==/com.impos2.mixcretailassemblyrn84-QY-_F1DOvthFOI7WM1TOVg==/base.apk
04-21 13:18:31.398 30900 30900 W SoLoader: Previously recorded 0 base apk paths.
04-21 13:18:31.411 30900 30900 W SoLoader: SoLoader initialized: 8
04-21 13:18:31.411  1750  1750 W EmojiCompatManager: EmojiCompatManager.getEmojiCompatIfLoaded():335 EmojiCompat failed to load.
04-21 13:18:31.413   888  5540 W PackageConfigPersister: App-specific configuration not found for packageName: com.android.settings and userId: 0
04-21 13:18:31.475 30900 30934 W libc    : Unable to set property "sys.gmali.version" to "g25p0-00eac0-2": connection failed; errno=13 (Permission denied)
04-21 13:18:31.478 30900 30934 W libc    : Unable to set property "sys.gmali.version" to "g25p0-00eac0-2": connection failed; errno=13 (Permission denied)
04-21 13:18:31.567 30900 30900 W unknown:BridgelessReact: ReactHost{0}.startSurface(surfaceId = 0): Schedule
04-21 13:18:31.567 30900 30900 W unknown:BridgelessReact: ReactHost{0}.attachSurface(surfaceId = 0)
04-21 13:18:31.568 30900 30950 W unknown:BridgelessReact: ReactHost{0}.getOrCreateReactInstanceTask()
04-21 13:18:31.568 30900 30950 W unknown:BridgelessReact: ReactHost{0}.getOrCreateReactInstanceTask(): Start
04-21 13:18:31.569 30900 30950 W unknown:BridgelessReact: ReactHost{0}.getJSBundleLoader()
04-21 13:18:31.569 30900 30950 W unknown:BridgelessReact: ReactHost{0}.getOrCreateReactInstanceTask(): Creating BridgelessReactContext
04-21 13:18:31.570 30900 30950 W unknown:BridgelessReact: ReactHost{0}.getOrCreateReactInstanceTask(): Creating ReactInstance
04-21 13:18:31.588 30900 30900 W unknown:BridgelessReact: ReactHost{0}.onHostResume(activity)
04-21 13:18:31.588 30900 30900 W unknown:BridgelessReact: ReactHost{0}.ReactContext.onHostResume()
04-21 13:18:31.592 30900 30900 W OpenGLRenderer: Unknown dataspace 0
04-21 13:18:31.627 30900 30950 W unknown:BridgelessReact: ReactHost{0}.getOrCreateReactInstanceTask(): Loading JS Bundle
04-21 13:18:31.627 30900 30950 W unknown:BridgelessReact: ReactHost{0}.getOrCreateReactInstanceTask(): DevSupportManager.onNewReactContextCreated()
04-21 13:18:31.628 30900 30950 W unknown:BridgelessReact: ReactHost{0}.startSurface(surfaceId = 0): Execute
04-21 13:18:31.652 30900 30951 W unknown:ViewManagerPropertyUpdater: Could not find generated setter for class com.horcrux.svg.RenderableViewManager$DefsViewManager
04-21 13:18:31.663 30900 30951 W unknown:ViewManagerPropertyUpdater: Could not find generated setter for class com.horcrux.svg.VirtualViewManager$c
04-21 13:18:31.672 30900 30951 W unknown:ViewManagerPropertyUpdater: Could not find generated setter for class com.horcrux.svg.RenderableViewManager$FeMergeManager
04-21 13:18:31.677 30900 30951 W unknown:ViewManagerPropertyUpdater: Could not find generated setter for class com.facebook.react.views.safeareaview.ReactSafeAreaViewManager
04-21 13:18:31.677 30900 30951 W unknown:ViewManagerPropertyUpdater: Could not find generated setter for class com.facebook.react.uimanager.V
04-21 13:18:31.684 30900 30951 W unknown:ViewManagerPropertyUpdater: Could not find generated setter for class com.horcrux.svg.RenderableViewManager$LinearGradientManager
04-21 13:18:31.690 30900 30900 W unknown:BridgelessReact: ReactHost{0}.ReactContext.onHostResume()
04-21 13:18:31.691 30900 30900 W unknown:BridgelessReact: ReactHost{0}.getOrCreateReactInstanceTask(): Executing ReactInstanceEventListeners
04-21 13:18:31.692 30900 30900 W unknown:ViewManagerPropertyUpdater: Could not find generated setter for class com.facebook.react.uimanager.RootViewManager
04-21 13:18:31.692 30900 30951 W unknown:ViewManagerPropertyUpdater: Could not find generated setter for class com.horcrux.svg.RenderableViewManager$FeGaussianBlurManager
04-21 13:18:31.697 30900 30951 W unknown:ViewManagerPropertyUpdater: Could not find generated setter for class com.facebook.react.views.progressbar.ReactProgressBarViewManager
04-21 13:18:31.700 30900 30951 W unknown:ViewManagerPropertyUpdater: Could not find generated setter for class com.facebook.react.views.progressbar.b
04-21 13:18:31.705 30900 30951 W unknown:ViewManagerPropertyUpdater: Could not find generated setter for class com.facebook.react.views.scroll.ReactHorizontalScrollViewManager
04-21 13:18:31.710 30900 30951 W unknown:ViewManagerPropertyUpdater: Could not find generated setter for class com.facebook.react.views.text.ReactTextViewManager
04-21 13:18:31.711 30900 30951 W unknown:ViewManagerPropertyUpdater: Could not find generated setter for class com.facebook.react.views.text.j
04-21 13:18:31.723 30900 30951 W unknown:ViewManagerPropertyUpdater: Could not find generated setter for class com.horcrux.svg.RenderableViewManager$FeColorMatrixManager
04-21 13:18:31.726 30900 30951 W unknown:ViewManagerPropertyUpdater: Could not find generated setter for class com.facebook.react.views.scroll.ReactHorizontalScrollContainerViewManager
04-21 13:18:31.728  1750  1750 W EmojiCompatManager: EmojiCompatManager.getEmojiCompatIfLoaded():335 EmojiCompat failed to load.
04-21 13:18:31.728   888  6114 W PackageConfigPersister: App-specific configuration not found for packageName: com.impos2.mixcretailassemblyrn84 and userId: 0
04-21 13:18:31.732 30900 30951 W unknown:ViewManagerPropertyUpdater: Could not find generated setter for class com.horcrux.svg.RenderableViewManager$ClipPathViewManager
04-21 13:18:31.739 30900 30951 W unknown:ViewManagerPropertyUpdater: Could not find generated setter for class com.horcrux.svg.RenderableViewManager$SymbolManager
04-21 13:18:31.744 30900 30951 W unknown:ViewManagerPropertyUpdater: Could not find generated setter for class com.horcrux.svg.RenderableViewManager$PatternManager
04-21 13:18:31.748   688   688 W libc    : Access denied finding property "vendor.sculptor.enable"
04-21 13:18:31.748 30900 30951 W unknown:ViewManagerPropertyUpdater: Could not find generated setter for class com.horcrux.svg.RenderableViewManager$FeBlendManager
04-21 13:18:31.744   688   688 W android.hardwar: type=1400 audit(0.0:8763): avc:  denied  { read } for  name="u:object_r:vendor_sculptor_prop:s0" dev="tmpfs" ino=383 scontext=u:r:hal_power_default:s0 tcontext=u:object_r:vendor_sculptor_prop:s0 tclass=file permissive=0
04-21 13:18:31.752 30900 30951 W unknown:ViewManagerPropertyUpdater: Could not find generated setter for class com.facebook.react.views.view.ReactViewManager
04-21 13:18:31.757 30900 30951 W unknown:ViewManagerPropertyUpdater: Could not find generated setter for class com.horcrux.svg.SvgViewManager
04-21 13:18:31.761 30900 30951 W unknown:ViewManagerPropertyUpdater: Could not find generated setter for class com.facebook.react.views.switchview.ReactSwitchManager
04-21 13:18:31.762 30900 30951 W unknown:ViewManagerPropertyUpdater: Could not find generated setter for class com.facebook.react.views.switchview.d
04-21 13:18:31.765 30900 30951 W unknown:ViewManagerPropertyUpdater: Could not find generated setter for class com.horcrux.svg.RenderableViewManager$UseViewManager
04-21 13:18:31.771 30900 30951 W unknown:ViewManagerPropertyUpdater: Could not find generated setter for class com.horcrux.svg.RenderableViewManager$CircleViewManager
04-21 13:18:31.775 30900 30951 W unknown:ViewManagerPropertyUpdater: Could not find generated setter for class com.horcrux.svg.RenderableViewManager$TSpanViewManager
04-21 13:18:31.780 30900 30951 W unknown:ViewManagerPropertyUpdater: Could not find generated setter for class com.horcrux.svg.RenderableViewManager$FilterManager
04-21 13:18:31.783 30900 30951 W unknown:ViewManagerPropertyUpdater: Could not find generated setter for class com.horcrux.svg.RenderableViewManager$MarkerManager
04-21 13:18:31.790 30900 30951 W unknown:ViewManagerPropertyUpdater: Could not find generated setter for class com.facebook.react.views.modal.ReactModalHostManager
04-21 13:18:31.793 30900 30951 W unknown:ViewManagerPropertyUpdater: Could not find generated setter for class com.horcrux.svg.RenderableViewManager$ForeignObjectManager
04-21 13:18:31.797 30900 30951 W unknown:ViewManagerPropertyUpdater: Could not find generated setter for class com.horcrux.svg.RenderableViewManager$EllipseViewManager
04-21 13:18:31.802 30900 30951 W unknown:ViewManagerPropertyUpdater: Could not find generated setter for class com.horcrux.svg.RenderableViewManager$LineViewManager
04-21 13:18:31.808   888   918 W libprocessgroup: SetCgroup::ExecuteForProcess: failed to open /dev/stune/background/cgroup.procs: No such file or directory
04-21 13:18:31.808 30900 30951 W unknown:ViewManagerPropertyUpdater: Could not find generated setter for class com.facebook.react.views.text.frescosupport.FrescoBasedReactTextInlineImageViewManager
04-21 13:18:31.809 30900 30951 W unknown:ViewManagerPropertyUpdater: Could not find generated setter for class com.facebook.react.views.text.frescosupport.a
04-21 13:18:31.811 30900 30951 W unknown:ViewManagerPropertyUpdater: Could not find generated setter for class com.horcrux.svg.RenderableViewManager$FeFloodManager
04-21 13:18:31.815 30900 30951 W unknown:ViewManagerPropertyUpdater: Could not find generated setter for class com.horcrux.svg.RenderableViewManager$GroupViewManager
04-21 13:18:31.821 30900 30951 W unknown:ViewManagerPropertyUpdater: Could not find generated setter for class com.horcrux.svg.RenderableViewManager$TextViewManager
04-21 13:18:31.828 30900 30951 W unknown:ViewManagerPropertyUpdater: Could not find generated setter for class com.horcrux.svg.RenderableViewManager$ImageViewManager
04-21 13:18:31.833 30900 30951 W unknown:ViewManagerPropertyUpdater: Could not find generated setter for class com.horcrux.svg.RenderableViewManager$FeCompositeManager
04-21 13:18:31.840 30900 30951 W unknown:ViewManagerPropertyUpdater: Could not find generated setter for class com.facebook.react.views.image.ReactImageManager
04-21 13:18:31.848 30900 30951 W unknown:ViewManagerPropertyUpdater: Could not find generated setter for class com.horcrux.svg.RenderableViewManager$RadialGradientManager
04-21 13:18:31.853 30900 30951 W unknown:ViewManagerPropertyUpdater: Could not find generated setter for class com.horcrux.svg.RenderableViewManager$MaskManager
04-21 13:18:31.858 30900 30951 W unknown:ViewManagerPropertyUpdater: Could not find generated setter for class com.facebook.react.views.unimplementedview.ReactUnimplementedViewManager
04-21 13:18:31.861 30900 30951 W unknown:ViewManagerPropertyUpdater: Could not find generated setter for class com.horcrux.svg.RenderableViewManager$RectViewManager
04-21 13:18:31.866 30900 30951 W unknown:ViewManagerPropertyUpdater: Could not find generated setter for class com.horcrux.svg.RenderableViewManager$TextPathViewManager
04-21 13:18:31.871 30900 30951 W unknown:ViewManagerPropertyUpdater: Could not find generated setter for class com.facebook.react.views.scroll.ReactScrollViewManager
04-21 13:18:31.875 30900 30951 W unknown:ViewManagerPropertyUpdater: Could not find generated setter for class com.horcrux.svg.RenderableViewManager$FeOffsetManager
04-21 13:18:31.878 30900 30951 W unknown:ViewManagerPropertyUpdater: Could not find generated setter for class com.horcrux.svg.RenderableViewManager$PathViewManager
04-21 13:18:31.882 30900 30951 W unknown:ViewManagerPropertyUpdater: Could not find generated setter for class com.facebook.react.views.drawer.ReactDrawerLayoutManager
04-21 13:18:31.886 30900 30951 W unknown:ViewManagerPropertyUpdater: Could not find generated setter for class com.facebook.react.views.swiperefresh.SwipeRefreshLayoutManager
04-21 13:18:31.891 30900 30951 W unknown:ViewManagerPropertyUpdater: Could not find generated setter for class com.facebook.react.views.textinput.ReactTextInputManager
04-21 13:18:31.894 30900 30951 W unknown:ViewManagerPropertyUpdater: Could not find generated setter for class com.facebook.react.views.textinput.F
04-21 13:18:31.899  1104  1137 W WindowOnBackDispatcher: sendCancelIfRunning: isInProgress=falsecallback=android.view.ViewRootImpl$$ExternalSyntheticLambda17@e034f8e
04-21 13:18:31.900   888  6114 W InputManager-JNI: Input channel object 'ea9b5c8 Splash Screen com.impos2.mixcretailassemblyrn84 (client)' was disposed without first being removed with the input manager!
04-21 13:18:31.943   888  5540 W ForegroundServiceTypeLoggerModule: Foreground service start for UID: 10139 does not have any types
04-21 13:18:35.393   888  6114 W APP_LOCK: ===isSecureForCommon  defaultLauncher:null===
04-21 13:18:35.393   888  6114 W APP_LOCK: ===isSecureForCommon  callingPackage:com.impos2.mixcretailassemblyrn84===
04-21 13:18:35.393   888  6114 W APP_LOCK: ===isSecureForCommon  === defaultLauncher:com.android.launcher3===
04-21 13:18:35.393   888  6114 W APP_LOCK: ===isSecureForCommon  isDefaultApp:false=== packageName : com.impos2.mixcretailassemblyrn84
04-21 13:18:35.420   688   688 W android.hardwar: type=1400 audit(0.0:8764): avc:  denied  { read } for  name="u:object_r:vendor_sculptor_prop:s0" dev="tmpfs" ino=383 scontext=u:r:hal_power_default:s0 tcontext=u:object_r:vendor_sculptor_prop:s0 tclass=file permissive=0
04-21 13:18:35.425   688   688 W libc    : Access denied finding property "vendor.sculptor.enable"
04-21 13:18:35.431   888  6114 W APP_LOCK:   isCustomizedAppLockEnabled is false
04-21 13:18:35.440   888   918 W libprocessgroup: SetCgroup::ExecuteForProcess: failed to open /dev/stune/top-app/cgroup.procs: No such file or directory
04-21 13:18:35.496   888   918 W libprocessgroup: SetCgroup::ExecuteForProcess: failed to open /dev/stune/top-app/cgroup.procs: No such file or directory
04-21 13:18:35.534 30999 30999 W SoLoader: Initializing SoLoader: 0
04-21 13:18:35.534 30999 30999 W SoLoader: Recording new base apk path: /data/app/~~qJT4Ifp0O2e6_YaMK2zwCQ==/com.impos2.mixcretailassemblyrn84-QY-_F1DOvthFOI7WM1TOVg==/base.apk
04-21 13:18:35.534 30999 30999 W SoLoader: Previously recorded 0 base apk paths.
04-21 13:18:35.544 30999 30999 W SoLoader: SoLoader initialized: 8
04-21 13:18:35.594   888  6114 W InputDispatcher: Focused display #2 does not have a focused window.
04-21 13:18:35.604 30999 31020 W libc    : Unable to set property "sys.gmali.version" to "g25p0-00eac0-2": connection failed; errno=13 (Permission denied)
04-21 13:18:35.608 30999 31020 W libc    : Unable to set property "sys.gmali.version" to "g25p0-00eac0-2": connection failed; errno=13 (Permission denied)
04-21 13:18:35.675 30999 30999 W unknown:BridgelessReact: ReactHost{0}.startSurface(surfaceId = 0): Schedule
04-21 13:18:35.675 30999 30999 W unknown:BridgelessReact: ReactHost{0}.attachSurface(surfaceId = 0)
04-21 13:18:35.676 30999 31036 W unknown:BridgelessReact: ReactHost{0}.getOrCreateReactInstanceTask()
04-21 13:18:35.676 30999 31036 W unknown:BridgelessReact: ReactHost{0}.getOrCreateReactInstanceTask(): Start
04-21 13:18:35.676 30999 31036 W unknown:BridgelessReact: ReactHost{0}.getJSBundleLoader()
04-21 13:18:35.677 30999 31036 W unknown:BridgelessReact: ReactHost{0}.getOrCreateReactInstanceTask(): Creating BridgelessReactContext
04-21 13:18:35.678 30999 31036 W unknown:BridgelessReact: ReactHost{0}.getOrCreateReactInstanceTask(): Creating ReactInstance
04-21 13:18:35.698 30999 30999 W unknown:BridgelessReact: ReactHost{0}.onHostResume(activity)
04-21 13:18:35.698 30999 30999 W unknown:BridgelessReact: ReactHost{0}.ReactContext.onHostResume()
04-21 13:18:35.704 30999 30999 W OpenGLRenderer: Unknown dataspace 0
04-21 13:18:35.742 30999 31036 W unknown:BridgelessReact: ReactHost{0}.getOrCreateReactInstanceTask(): Loading JS Bundle
04-21 13:18:35.742 30999 31036 W unknown:BridgelessReact: ReactHost{0}.getOrCreateReactInstanceTask(): DevSupportManager.onNewReactContextCreated()
04-21 13:18:35.743 30999 31036 W unknown:BridgelessReact: ReactHost{0}.startSurface(surfaceId = 0): Execute
04-21 13:18:35.761 30999 31037 W unknown:ViewManagerPropertyUpdater: Could not find generated setter for class com.horcrux.svg.RenderableViewManager$DefsViewManager
04-21 13:18:35.769 30999 31037 W unknown:ViewManagerPropertyUpdater: Could not find generated setter for class com.horcrux.svg.VirtualViewManager$c
04-21 13:18:35.773 30999 31037 W unknown:ViewManagerPropertyUpdater: Could not find generated setter for class com.horcrux.svg.RenderableViewManager$FeMergeManager
04-21 13:18:35.777 30999 31037 W unknown:ViewManagerPropertyUpdater: Could not find generated setter for class com.facebook.react.views.safeareaview.ReactSafeAreaViewManager
04-21 13:18:35.778 30999 31037 W unknown:ViewManagerPropertyUpdater: Could not find generated setter for class com.facebook.react.uimanager.V
04-21 13:18:35.780 30999 31037 W unknown:ViewManagerPropertyUpdater: Could not find generated setter for class com.horcrux.svg.RenderableViewManager$LinearGradientManager
04-21 13:18:35.784 30999 31037 W unknown:ViewManagerPropertyUpdater: Could not find generated setter for class com.horcrux.svg.RenderableViewManager$FeGaussianBlurManager
04-21 13:18:35.787 30999 31037 W unknown:ViewManagerPropertyUpdater: Could not find generated setter for class com.facebook.react.views.progressbar.ReactProgressBarViewManager
04-21 13:18:35.788 30999 31037 W unknown:ViewManagerPropertyUpdater: Could not find generated setter for class com.facebook.react.views.progressbar.b
04-21 13:18:35.790 30999 31037 W unknown:ViewManagerPropertyUpdater: Could not find generated setter for class com.facebook.react.views.scroll.ReactHorizontalScrollViewManager
04-21 13:18:35.795 30999 31037 W unknown:ViewManagerPropertyUpdater: Could not find generated setter for class com.facebook.react.views.text.ReactTextViewManager
04-21 13:18:35.798 30999 31037 W unknown:ViewManagerPropertyUpdater: Could not find generated setter for class com.facebook.react.views.text.j
04-21 13:18:35.802 30999 31037 W unknown:ViewManagerPropertyUpdater: Could not find generated setter for class com.horcrux.svg.RenderableViewManager$FeColorMatrixManager
04-21 13:18:35.806 30999 31037 W unknown:ViewManagerPropertyUpdater: Could not find generated setter for class com.facebook.react.views.scroll.ReactHorizontalScrollContainerViewManager
04-21 13:18:35.806 30999 30999 W unknown:BridgelessReact: ReactHost{0}.ReactContext.onHostResume()
04-21 13:18:35.806 30999 30999 W unknown:BridgelessReact: ReactHost{0}.getOrCreateReactInstanceTask(): Executing ReactInstanceEventListeners
04-21 13:18:35.809 30999 31037 W unknown:ViewManagerPropertyUpdater: Could not find generated setter for class com.horcrux.svg.RenderableViewManager$ClipPathViewManager
04-21 13:18:35.811   688   688 W libc    : Access denied finding property "vendor.sculptor.enable"
04-21 13:18:35.808   688   688 W android.hardwar: type=1400 audit(0.0:8765): avc:  denied  { read } for  name="u:object_r:vendor_sculptor_prop:s0" dev="tmpfs" ino=383 scontext=u:r:hal_power_default:s0 tcontext=u:object_r:vendor_sculptor_prop:s0 tclass=file permissive=0
04-21 13:18:35.815 30999 31037 W unknown:ViewManagerPropertyUpdater: Could not find generated setter for class com.horcrux.svg.RenderableViewManager$SymbolManager
04-21 13:18:35.819 30999 31037 W unknown:ViewManagerPropertyUpdater: Could not find generated setter for class com.horcrux.svg.RenderableViewManager$PatternManager
04-21 13:18:35.823   888  6114 W APP_LOCK: ===isSecureForCommon  defaultLauncher:null===
04-21 13:18:35.823   888  6114 W APP_LOCK: ===isSecureForCommon  callingPackage:com.impos2.mixcretailassemblyrn84===
04-21 13:18:35.823   888  6114 W APP_LOCK: ===isSecureForCommon  === defaultLauncher:com.android.launcher3===
04-21 13:18:35.823   888  6114 W APP_LOCK: ===isSecureForCommon  isDefaultApp:false=== packageName : com.impos2.mixcretailassemblyrn84
04-21 13:18:35.824 30999 31037 W unknown:ViewManagerPropertyUpdater: Could not find generated setter for class com.horcrux.svg.RenderableViewManager$FeBlendManager
04-21 13:18:35.827 30999 31037 W unknown:ViewManagerPropertyUpdater: Could not find generated setter for class com.facebook.react.views.view.ReactViewManager
04-21 13:18:35.830 30999 31037 W unknown:ViewManagerPropertyUpdater: Could not find generated setter for class com.horcrux.svg.SvgViewManager
04-21 13:18:35.834   888  6114 W InputDispatcher: Focused display #0 does not have a focused window.
04-21 13:18:35.836 30999 31037 W unknown:ViewManagerPropertyUpdater: Could not find generated setter for class com.facebook.react.views.switchview.ReactSwitchManager
04-21 13:18:35.836   688   688 W libc    : Access denied finding property "vendor.sculptor.enable"
