04-21 09:41:36.408   342   342 D android.hardware.graphics.allocator-V1-service: plane_info[0]: offset : 0, byte_stride : 2496, alloc_width : 615, alloc_height : 80
04-21 09:41:36.408   342   342 D android.hardware.graphics.allocator-V1-service: plane_info[1]: offset : 0, byte_stride : 0, alloc_width : 0, alloc_height : 0
04-21 09:41:36.409   342   342 I android.hardware.graphics.allocator-V1-service: alloc_format: RGBA_8888 + Datatype: UNORM
04-21 09:41:36.409   342   342 I android.hardware.graphics.allocator-V1-service: mali_gralloc_adjust_dimensions: alloc_format=RGBA_8888 + Datatype: UNORM usage=TEXTURE + RENDER + HWC alloc_width=615, alloc_height=80
04-21 09:41:36.409   342   342 D android.hardware.graphics.allocator-V1-service: got new private_handle_t instance for buffer 'VRI[Toast]#604(BLAST Consumer)604'. share_fd : 10, share_attr_fd : 11, width : 615, height : 80, req_format : 0x1, producer_usage : 0xb00, consumer_usage : 0xb00, , stride : 0, alloc_format_base: 1, alloc_format_modifiers: 0x00000000, size : 199680, layer_count : 1, backing_store_id: 0x1560000601a
04-21 09:41:36.409   342   342 D android.hardware.graphics.allocator-V1-service: plane_info[0]: offset : 0, byte_stride : 2496, alloc_width : 615, alloc_height : 80
04-21 09:41:36.409   342   342 D android.hardware.graphics.allocator-V1-service: plane_info[1]: offset : 0, byte_stride : 0, alloc_width : 0, alloc_height : 0
04-21 09:41:36.410   342   342 I android.hardware.graphics.allocator-V1-service: alloc_format: RGBA_8888 + Datatype: UNORM
04-21 09:41:36.410   342   342 I android.hardware.graphics.allocator-V1-service: mali_gralloc_adjust_dimensions: alloc_format=RGBA_8888 + Datatype: UNORM usage=TEXTURE + RENDER + HWC alloc_width=615, alloc_height=80
04-21 09:41:36.410   342   342 D android.hardware.graphics.allocator-V1-service: got new private_handle_t instance for buffer 'VRI[Toast]#604(BLAST Consumer)604'. share_fd : 10, share_attr_fd : 11, width : 615, height : 80, req_format : 0x1, producer_usage : 0xb00, consumer_usage : 0xb00, , stride : 0, alloc_format_base: 1, alloc_format_modifiers: 0x00000000, size : 199680, layer_count : 1, backing_store_id: 0x1560000601b
04-21 09:41:36.411   342   342 D android.hardware.graphics.allocator-V1-service: plane_info[0]: offset : 0, byte_stride : 2496, alloc_width : 615, alloc_height : 80
04-21 09:41:36.411   342   342 D android.hardware.graphics.allocator-V1-service: plane_info[1]: offset : 0, byte_stride : 0, alloc_width : 0, alloc_height : 0
04-21 09:41:36.447  1104  1128 V WindowManagerShell: Transition animation finished (aborted=false), notifying core (#620)android.os.BinderProxy@8b91a60@0
04-21 09:41:36.451   888   904 V WindowManager: Finish Transition #620: created at 04-21 09:41:35.671 collect-started=0.086ms request-sent=0.364ms started=4.318ms ready=181.325ms sent=233.444ms finished=780.434ms
04-21 09:41:36.452   888  1622 W ActivityManager: pid 888 system sent binder code 7 with flags 1 to frozen apps and got error -32
04-21 09:41:36.452   888  1622 D ActivityManager: Too many transaction errors, throttling freezer binder callback.
04-21 09:41:36.452   888  1622 W WindowManager: Exception thrown during dispatchAppVisibility Window{72e08de u0 com.impos2.mixcretailrn84v2/com.impos2.mixcretailrn84v2.MainActivity EXITING}
04-21 09:41:36.452   888  1622 W WindowManager: android.os.DeadObjectException
04-21 09:41:36.452   888  1622 W WindowManager: 	at android.os.BinderProxy.transactNative(Native Method)
04-21 09:41:36.452   888  1622 W WindowManager: 	at android.os.BinderProxy.transact(BinderProxy.java:584)
04-21 09:41:36.452   888  1622 W WindowManager: 	at android.view.IWindow$Stub$Proxy.dispatchAppVisibility(IWindow.java:546)
04-21 09:41:36.452   888  1622 W WindowManager: 	at com.android.server.wm.WindowState.sendAppVisibilityToClients(WindowState.java:3309)
04-21 09:41:36.452   888  1622 W WindowManager: 	at com.android.server.wm.WindowContainer.sendAppVisibilityToClients(WindowContainer.java:1299)
04-21 09:41:36.452   888  1622 W WindowManager: 	at com.android.server.wm.WindowToken.setClientVisible(WindowToken.java:409)
04-21 09:41:36.452   888  1622 W WindowManager: 	at com.android.server.wm.ActivityRecord.setClientVisible(ActivityRecord.java:6993)
04-21 09:41:36.452   888  1622 W WindowManager: 	at com.android.server.wm.ActivityRecord.postApplyAnimation(ActivityRecord.java:5686)
04-21 09:41:36.452   888  1622 W WindowManager: 	at com.android.server.wm.ActivityRecord.commitVisibility(ActivityRecord.java:5628)
04-21 09:41:36.452   888  1622 W WindowManager: 	at com.android.server.wm.Transition.finishTransition(Transition.java:1200)
04-21 09:41:36.452   888  1622 W WindowManager: 	at com.android.server.wm.TransitionController.finishTransition(TransitionController.java:886)
04-21 09:41:36.452   888  1622 W WindowManager: 	at com.android.server.wm.WindowOrganizerController.finishTransition(WindowOrganizerController.java:419)
04-21 09:41:36.452   888  1622 W WindowManager: 	at android.window.IWindowOrganizerController$Stub.onTransact(IWindowOrganizerController.java:280)
04-21 09:41:36.452   888  1622 W WindowManager: 	at com.android.server.wm.WindowOrganizerController.onTransact(WindowOrganizerController.java:183)
04-21 09:41:36.452   888  1622 W WindowManager: 	at android.os.Binder.execTransactInternal(Binder.java:1363)
04-21 09:41:36.452   888  1622 W WindowManager: 	at android.os.Binder.execTransact(Binder.java:1304)
04-21 09:41:36.452   888  1622 I Process : Sending signal. PID: 30252 SIG: 9
04-21 09:41:36.453   888  1622 W ActivityManager: pid 888 system sent binder code 7 with flags 1 to frozen apps and got error -32
04-21 09:41:36.453   888  1622 D ActivityManager: Too many transaction errors, throttling freezer binder callback.
04-21 09:41:36.453   888  1622 W WindowManager: Exception thrown during dispatchAppVisibility Window{7574024 u0 com.impos2.mixcretailrn84v2/com.impos2.mixcretailrn84v2.SecondaryActivity EXITING}
04-21 09:41:36.453   888  1622 W WindowManager: android.os.DeadObjectException
04-21 09:41:36.453   888  1622 W WindowManager: 	at android.os.BinderProxy.transactNative(Native Method)
04-21 09:41:36.453   888  1622 W WindowManager: 	at android.os.BinderProxy.transact(BinderProxy.java:584)
04-21 09:41:36.453   888  1622 W WindowManager: 	at android.view.IWindow$Stub$Proxy.dispatchAppVisibility(IWindow.java:546)
04-21 09:41:36.453   888  1622 W WindowManager: 	at com.android.server.wm.WindowState.sendAppVisibilityToClients(WindowState.java:3309)
04-21 09:41:36.453   888  1622 W WindowManager: 	at com.android.server.wm.WindowContainer.sendAppVisibilityToClients(WindowContainer.java:1299)
04-21 09:41:36.453   888  1622 W WindowManager: 	at com.android.server.wm.WindowToken.setClientVisible(WindowToken.java:409)
04-21 09:41:36.453   888  1622 W WindowManager: 	at com.android.server.wm.ActivityRecord.setClientVisible(ActivityRecord.java:6993)
04-21 09:41:36.453   888  1622 W WindowManager: 	at com.android.server.wm.ActivityRecord.postApplyAnimation(ActivityRecord.java:5686)
04-21 09:41:36.453   888  1622 W WindowManager: 	at com.android.server.wm.ActivityRecord.commitVisibility(ActivityRecord.java:5628)
04-21 09:41:36.453   888  1622 W WindowManager: 	at com.android.server.wm.Transition.finishTransition(Transition.java:1200)
04-21 09:41:36.453   888  1622 W WindowManager: 	at com.android.server.wm.TransitionController.finishTransition(TransitionController.java:886)
04-21 09:41:36.453   888  1622 W WindowManager: 	at com.android.server.wm.WindowOrganizerController.finishTransition(WindowOrganizerController.java:419)
04-21 09:41:36.453   888  1622 W WindowManager: 	at android.window.IWindowOrganizerController$Stub.onTransact(IWindowOrganizerController.java:280)
04-21 09:41:36.453   888  1622 W WindowManager: 	at com.android.server.wm.WindowOrganizerController.onTransact(WindowOrganizerController.java:183)
04-21 09:41:36.453   888  1622 W WindowManager: 	at android.os.Binder.execTransactInternal(Binder.java:1363)
04-21 09:41:36.453   888  1622 W WindowManager: 	at android.os.Binder.execTransact(Binder.java:1304)
04-21 09:41:36.453   888  1622 I Process : Sending signal. PID: 30333 SIG: 9
04-21 09:41:36.454   888  1622 V WindowManager: Content Recording: Display 2 has no content and is on, so start recording for state 2
04-21 09:41:36.455   888  1622 V WindowManager: Content Recording: Apply transformations of shift 0 x 0, scale 1.0, crop (aka recorded content size) 1920 x 1080 for display 2; display has size 1280 x 720; surface has size 1920 x 1080
04-21 09:41:36.458   888   907 I InputManager-JNI: Viewport [0] to add: local:0, isActive: true
04-21 09:41:36.458   888   907 I InputManager-JNI: Viewport [1] to add: local:1, isActive: true
04-21 09:41:36.459   888   982 I InputReader: Reconfiguring input devices, changes=DISPLAY_INFO
04-21 09:41:36.459   888   982 I InputReader: Device reconfigured: id=9, name='ilitek_second_ts', size 1920x1080, orientation 0, mode 1, display id 2
04-21 09:41:36.460   888  1622 W ActivityManager: pid 888 system sent binder code 3 with flags 1 to frozen apps and got error -32
04-21 09:41:36.460   888  1622 D ActivityManager: Too many transaction errors, throttling freezer binder callback.
04-21 09:41:36.460   888  1622 W WindowManager: Failed to deliver inset control state change to w=Window{72e08de u0 com.impos2.mixcretailrn84v2/com.impos2.mixcretailrn84v2.MainActivity EXITING}
04-21 09:41:36.460   888  1622 W WindowManager: android.os.DeadObjectException
04-21 09:41:36.460   888  1622 W WindowManager: 	at android.os.BinderProxy.transactNative(Native Method)
04-21 09:41:36.460   888  1622 W WindowManager: 	at android.os.BinderProxy.transact(BinderProxy.java:584)
04-21 09:41:36.460   888  1622 W WindowManager: 	at android.view.IWindow$Stub$Proxy.insetsControlChanged(IWindow.java:479)
04-21 09:41:36.460   888  1622 W WindowManager: 	at com.android.server.wm.WindowState.notifyInsetsControlChanged(WindowState.java:3840)
04-21 09:41:36.460   888  1622 W WindowManager: 	at com.android.server.wm.InsetsStateController.lambda$notifyPendingInsetsControlChanged$3(InsetsStateController.java:369)
04-21 09:41:36.460   888  1622 W WindowManager: 	at com.android.server.wm.InsetsStateController.$r8$lambda$8yykPRG1GyNq_J17QvL9d5xANMc(InsetsStateController.java:0)
04-21 09:41:36.460   888  1622 W WindowManager: 	at com.android.server.wm.InsetsStateController$$ExternalSyntheticLambda2.run(R8$$SyntheticClass:0)
04-21 09:41:36.460   888  1622 W WindowManager: 	at com.android.server.wm.WindowAnimator.executeAfterPrepareSurfacesRunnables(WindowAnimator.java:294)
04-21 09:41:36.460   888  1622 W WindowManager: 	at com.android.server.wm.RootWindowContainer.performSurfacePlacementNoTrace(RootWindowContainer.java:814)
04-21 09:41:36.460   888  1622 W WindowManager: 	at com.android.server.wm.RootWindowContainer.performSurfacePlacement(RootWindowContainer.java:759)
04-21 09:41:36.460   888  1622 W WindowManager: 	at com.android.server.wm.WindowSurfacePlacer.performSurfacePlacementLoop(WindowSurfacePlacer.java:177)
04-21 09:41:36.460   888  1622 W WindowManager: 	at com.android.server.wm.WindowSurfacePlacer.performSurfacePlacement(WindowSurfacePlacer.java:126)
04-21 09:41:36.460   888  1622 W WindowManager: 	at com.android.server.wm.WindowSurfacePlacer.performSurfacePlacement(WindowSurfacePlacer.java:115)
04-21 09:41:36.460   888  1622 W WindowManager: 	at com.android.server.wm.WindowState.setupWindowForRemoveOnExit(WindowState.java:2562)
04-21 09:41:36.460   888  1622 W WindowManager: 	at com.android.server.wm.WindowState.removeIfPossible(WindowState.java:2522)
04-21 09:41:36.460   888  1622 W WindowManager: 	at com.android.server.wm.WindowToken.removeAllWindowsIfPossible(WindowToken.java:249)
04-21 09:41:36.460   888  1622 W WindowManager: 	at com.android.server.wm.ActivityRecord.removeIfPossible(ActivityRecord.java:4299)
04-21 09:41:36.460   888  1622 W WindowManager: 	at com.android.server.wm.ActivityRecord.handleCompleteDeferredRemoval(ActivityRecord.java:4306)
04-21 09:41:36.460   888  1622 W WindowManager: 	at com.android.server.wm.WindowContainer.handleCompleteDeferredRemoval(WindowContainer.java:1474)
04-21 09:41:36.460   888  1622 W WindowManager: 	at com.android.server.wm.TaskFragment.handleCompleteDeferredRemoval(TaskFragment.java:2883)
04-21 09:41:36.460   888  1622 W WindowManager: 	at com.android.server.wm.WindowContainer.handleCompleteDeferredRemoval(WindowContainer.java:1474)
04-21 09:41:36.460   888  1622 W WindowManager: 	at com.android.server.wm.WindowContainer.handleCompleteDeferredRemoval(WindowContainer.java:1474)
04-21 09:41:36.460   888  1622 W WindowManager: 	at com.android.server.wm.WindowContainer.handleCompleteDeferredRemoval(WindowContainer.java:1474)
04-21 09:41:36.460   888  1622 W WindowManager: 	at com.android.server.wm.WindowContainer.handleCompleteDeferredRemoval(WindowContainer.java:1474)
04-21 09:41:36.460   888  1622 W WindowManager: 	at com.android.server.wm.WindowContainer.handleCompleteDeferredRemoval(WindowContainer.java:1474)
04-21 09:41:36.460   888  1622 W WindowManager: 	at com.android.server.wm.WindowContainer.handleCompleteDeferredRemoval(WindowContainer.java:1474)
04-21 09:41:36.460   888  1622 W WindowManager: 	at com.android.server.wm.DisplayContent.handleCompleteDeferredRemoval(DisplayContent.java:3432)
04-21 09:41:36.460   888  1622 W WindowManager: 	at com.android.server.wm.Transition.finishTransition(Transition.java:1382)
04-21 09:41:36.460   888  1622 W WindowManager: 	at com.android.server.wm.TransitionController.finishTransition(TransitionController.java:886)
04-21 09:41:36.460   888  1622 W WindowManager: 	at com.android.server.wm.WindowOrganizerController.finishTransition(WindowOrganizerController.java:419)
04-21 09:41:36.460   888  1622 W WindowManager: 	at android.window.IWindowOrganizerController$Stub.onTransact(IWindowOrganizerController.java:280)
04-21 09:41:36.460   888  1622 W WindowManager: 	at com.android.server.wm.WindowOrganizerController.onTransact(WindowOrganizerController.java:183)
04-21 09:41:36.460   888  1622 W WindowManager: 	at android.os.Binder.execTransactInternal(Binder.java:1363)
04-21 09:41:36.460   888  1622 W WindowManager: 	at android.os.Binder.execTransact(Binder.java:1304)
04-21 09:41:36.473   342   342 I android.hardware.graphics.allocator-V1-service: alloc_format: RGBA_8888 + Datatype: UNORM
04-21 09:41:36.473   342   342 I android.hardware.graphics.allocator-V1-service: mali_gralloc_adjust_dimensions: alloc_format=RGBA_8888 + Datatype: UNORM usage=RENDER + FRAMEBUFFER + HWC + Unknown usage: 0x20000000 alloc_width=1920, alloc_height=1080
04-21 09:41:36.474   342   342 D android.hardware.graphics.allocator-V1-service: got new private_handle_t instance for buffer 'FramebufferSurface'. share_fd : 10, share_attr_fd : 11, width : 1920, height : 1080, req_format : 0x1, producer_usage : 0x20001a00, consumer_usage : 0x20001a00, , stride : 0, alloc_format_base: 1, alloc_format_modifiers: 0x00000000, size : 8294400, layer_count : 1, backing_store_id: 0x1560000601c
04-21 09:41:36.475   342   342 D android.hardware.graphics.allocator-V1-service: plane_info[0]: offset : 0, byte_stride : 7680, alloc_width : 1920, alloc_height : 1080
04-21 09:41:36.475   342   342 D android.hardware.graphics.allocator-V1-service: plane_info[1]: offset : 0, byte_stride : 0, alloc_width : 0, alloc_height : 0
04-21 09:41:36.495   342   342 I android.hardware.graphics.allocator-V1-service: alloc_format: RGBA_8888 + Datatype: UNORM
04-21 09:41:36.496   342   342 I android.hardware.graphics.allocator-V1-service: mali_gralloc_adjust_dimensions: alloc_format=RGBA_8888 + Datatype: UNORM usage=RENDER + FRAMEBUFFER + HWC + Unknown usage: 0x20000000 alloc_width=1920, alloc_height=1080
04-21 09:41:36.496  1104  1128 V WindowManagerShell: Track 0 became idle
04-21 09:41:36.496  1104  1128 V WindowManagerShell: All active transition animations finished
04-21 09:41:36.497   342   342 D android.hardware.graphics.allocator-V1-service: got new private_handle_t instance for buffer 'FramebufferSurface'. share_fd : 10, share_attr_fd : 11, width : 1920, height : 1080, req_format : 0x1, producer_usage : 0x20001a00, consumer_usage : 0x20001a00, , stride : 0, alloc_format_base: 1, alloc_format_modifiers: 0x00000000, size : 8294400, layer_count : 1, backing_store_id: 0x1560000601d
04-21 09:41:36.497   342   342 D android.hardware.graphics.allocator-V1-service: plane_info[0]: offset : 0, byte_stride : 7680, alloc_width : 1920, alloc_height : 1080
04-21 09:41:36.497   342   342 D android.hardware.graphics.allocator-V1-service: plane_info[1]: offset : 0, byte_stride : 0, alloc_width : 0, alloc_height : 0
04-21 09:41:36.505   888   907 W ActivityManager: setHasOverlayUi called on unknown pid: 30252
04-21 09:41:36.506   888   907 I KioskMode: stop Kiosk Mode 
04-21 09:41:36.506   888   907 I KioskMode: com.sunmi.server.wm.AtmsExtImpl.stopKioskModeForSunmi:71 com.android.server.wm.ActivityTaskManagerServiceExtImpl.onPerformStopLockTask:213 com.android.server.wm.LockTaskController.performStopLockTask:619 com.android.server.wm.LockTaskController.lambda$removeLockedTask$2:604 com.android.server.wm.LockTaskController.$r8$lambda$8gpjCNcwHJ5wIg7LftqKqZB8uPc:0 
04-21 09:41:36.511   888   907 W ActivityManager: setHasOverlayUi called on unknown pid: 30333
04-21 09:41:36.511   346   346 E BpTransactionCompletedListener: Failed to transact (-32)
04-21 09:41:36.520   342   342 I android.hardware.graphics.allocator-V1-service: alloc_format: RGBA_8888 + Datatype: UNORM
04-21 09:41:36.520   342   342 I android.hardware.graphics.allocator-V1-service: mali_gralloc_adjust_dimensions: alloc_format=RGBA_8888 + Datatype: UNORM usage=RENDER + FRAMEBUFFER + HWC + Unknown usage: 0x20000000 alloc_width=1920, alloc_height=1080
04-21 09:41:36.522   342   342 D android.hardware.graphics.allocator-V1-service: got new private_handle_t instance for buffer 'FramebufferSurface'. share_fd : 10, share_attr_fd : 11, width : 1920, height : 1080, req_format : 0x1, producer_usage : 0x20001a00, consumer_usage : 0x20001a00, , stride : 0, alloc_format_base: 1, alloc_format_modifiers: 0x00000000, size : 8294400, layer_count : 1, backing_store_id: 0x1560000601e
04-21 09:41:36.522   342   342 D android.hardware.graphics.allocator-V1-service: plane_info[0]: offset : 0, byte_stride : 7680, alloc_width : 1920, alloc_height : 1080
04-21 09:41:36.522   342   342 D android.hardware.graphics.allocator-V1-service: plane_info[1]: offset : 0, byte_stride : 0, alloc_width : 0, alloc_height : 0
04-21 09:41:36.539   346   346 E BpTransactionCompletedListener: Failed to transact (-32)
04-21 09:41:38.439   888  1023 E WifiStaIfaceAidlImpl: getLinkLayerStats failed with service-specific exception: android.os.ServiceSpecificException: unknown error (code 9)
04-21 09:41:38.901   649  1548 I libbt_vendor: AICBTDBG(LOGINFO)	op for 7
04-21 09:41:38.902   649  1548 I bt_hwcfg_uart: AICBTDBG(LOGINFO)	set_wake_stat 0
04-21 09:41:38.902   649  1548 I bt_upio : AICBTDBG(LOGINFO)	upio_set : pio 0 action 1, polarity 1
04-21 09:41:39.737   888  1819 E TaskPersister: File error accessing recents directory (directory doesn't exist?).
04-21 09:41:40.366  1104  1104 W WindowOnBackDispatcher: sendCancelIfRunning: isInProgress=falsecallback=android.view.ViewRootImpl$$ExternalSyntheticLambda17@9bd869b
04-21 09:41:40.367   888  1622 D CoreBackPreview: Window{a4a6446 u0 Toast}: Setting back callback null
04-21 09:41:40.379   888  1622 W InputManager-JNI: Input channel object 'a4a6446 Toast (client)' was disposed without first being removed with the input manager!
04-21 09:41:40.388   888  1622 W NotificationService: Toast already killed. pkg=com.android.systemui token=android.os.BinderProxy@7b5e63d
04-21 09:41:40.409   342   342 I android.hardware.graphics.allocator-V1-service: alloc_format: RGBA_8888 + AFBC + SPLIT + WIDE + SPARSE + Datatype: UNORM
04-21 09:41:40.409   342   342 I android.hardware.graphics.allocator-V1-service: mali_gralloc_adjust_dimensions: alloc_format=RGBA_8888 + AFBC + SPLIT + WIDE + SPARSE + Datatype: UNORM usage=RENDER + FRAMEBUFFER + HWC alloc_width=1920, alloc_height=1088
04-21 09:41:40.413   342   342 I android.hardware.graphics.allocator-V1-service: Writing AFBC header layout 0 for format 1, n_headers: 8160
04-21 09:41:40.413   342   342 D android.hardware.graphics.allocator-V1-service: got new private_handle_t instance for buffer 'FramebufferSurface'. share_fd : 10, share_attr_fd : 11, width : 1920, height : 1080, req_format : 0x1, producer_usage : 0x1a00, consumer_usage : 0x1a00, , stride : 0, alloc_format_base: 1, alloc_format_modifiers: 0x04190000, size : 8486912, layer_count : 1, backing_store_id: 0x1560000601f
04-21 09:41:40.413   342   342 D android.hardware.graphics.allocator-V1-service: plane_info[0]: offset : 0, byte_stride : 7680, alloc_width : 1920, alloc_height : 1088
04-21 09:41:40.413   342   342 D android.hardware.graphics.allocator-V1-service: plane_info[1]: offset : 0, byte_stride : 0, alloc_width : 0, alloc_height : 0
04-21 09:41:40.433   888  1622 D CoreBackPreview: Window{6923783 u0 Toast}: Setting back callback OnBackInvokedCallbackInfo{mCallback=android.window.IOnBackInvokedCallback$Stub$Proxy@8209b7e, mPriority=0, mIsAnimationCallback=false}
04-21 09:41:40.438   342   342 I android.hardware.graphics.allocator-V1-service: alloc_format: RGBA_8888 + Datatype: UNORM
04-21 09:41:40.438   342   342 I android.hardware.graphics.allocator-V1-service: mali_gralloc_adjust_dimensions: alloc_format=RGBA_8888 + Datatype: UNORM usage=TEXTURE + RENDER + HWC alloc_width=207, alloc_height=80
04-21 09:41:40.438   342   342 D android.hardware.graphics.allocator-V1-service: got new private_handle_t instance for buffer 'VRI[Toast]#605(BLAST Consumer)605'. share_fd : 10, share_attr_fd : 11, width : 207, height : 80, req_format : 0x1, producer_usage : 0xb00, consumer_usage : 0xb00, , stride : 0, alloc_format_base: 1, alloc_format_modifiers: 0x00000000, size : 66560, layer_count : 1, backing_store_id: 0x15600006020
04-21 09:41:40.438   342   342 D android.hardware.graphics.allocator-V1-service: plane_info[0]: offset : 0, byte_stride : 832, alloc_width : 207, alloc_height : 80
04-21 09:41:40.438   342   342 D android.hardware.graphics.allocator-V1-service: plane_info[1]: offset : 0, byte_stride : 0, alloc_width : 0, alloc_height : 0
04-21 09:41:40.439   342   342 I android.hardware.graphics.allocator-V1-service: alloc_format: RGBA_8888 + Datatype: UNORM
04-21 09:41:40.439   342   342 I android.hardware.graphics.allocator-V1-service: mali_gralloc_adjust_dimensions: alloc_format=RGBA_8888 + Datatype: UNORM usage=TEXTURE + RENDER + HWC alloc_width=207, alloc_height=80
04-21 09:41:40.439   342   342 D android.hardware.graphics.allocator-V1-service: got new private_handle_t instance for buffer 'VRI[Toast]#605(BLAST Consumer)605'. share_fd : 10, share_attr_fd : 11, width : 207, height : 80, req_format : 0x1, producer_usage : 0xb00, consumer_usage : 0xb00, , stride : 0, alloc_format_base: 1, alloc_format_modifiers: 0x00000000, size : 66560, layer_count : 1, backing_store_id: 0x15600006021
04-21 09:41:40.439   342   342 D android.hardware.graphics.allocator-V1-service: plane_info[0]: offset : 0, byte_stride : 832, alloc_width : 207, alloc_height : 80
04-21 09:41:40.439   342   342 D android.hardware.graphics.allocator-V1-service: plane_info[1]: offset : 0, byte_stride : 0, alloc_width : 0, alloc_height : 0
04-21 09:41:40.439   342   342 I android.hardware.graphics.allocator-V1-service: alloc_format: RGBA_8888 + AFBC + SPLIT + WIDE + SPARSE + Datatype: UNORM
04-21 09:41:40.439   342   342 I android.hardware.graphics.allocator-V1-service: mali_gralloc_adjust_dimensions: alloc_format=RGBA_8888 + AFBC + SPLIT + WIDE + SPARSE + Datatype: UNORM usage=RENDER + FRAMEBUFFER + HWC alloc_width=1920, alloc_height=1088
04-21 09:41:40.441   342   342 I android.hardware.graphics.allocator-V1-service: Writing AFBC header layout 0 for format 1, n_headers: 8160
04-21 09:41:40.442   342   342 D android.hardware.graphics.allocator-V1-service: got new private_handle_t instance for buffer 'FramebufferSurface'. share_fd : 10, share_attr_fd : 11, width : 1920, height : 1080, req_format : 0x1, producer_usage : 0x1a00, consumer_usage : 0x1a00, , stride : 0, alloc_format_base: 1, alloc_format_modifiers: 0x04190000, size : 8486912, layer_count : 1, backing_store_id: 0x15600006022
04-21 09:41:40.442   342   342 D android.hardware.graphics.allocator-V1-service: plane_info[0]: offset : 0, byte_stride : 7680, alloc_width : 1920, alloc_height : 1088
04-21 09:41:40.442   342   342 D android.hardware.graphics.allocator-V1-service: plane_info[1]: offset : 0, byte_stride : 0, alloc_width : 0, alloc_height : 0
04-21 09:41:40.442   342   342 I android.hardware.graphics.allocator-V1-service: alloc_format: RGBA_8888 + Datatype: UNORM
04-21 09:41:40.442   342   342 I android.hardware.graphics.allocator-V1-service: mali_gralloc_adjust_dimensions: alloc_format=RGBA_8888 + Datatype: UNORM usage=TEXTURE + RENDER + HWC alloc_width=207, alloc_height=80
04-21 09:41:40.443   342   342 D android.hardware.graphics.allocator-V1-service: got new private_handle_t instance for buffer 'VRI[Toast]#605(BLAST Consumer)605'. share_fd : 10, share_attr_fd : 11, width : 207, height : 80, req_format : 0x1, producer_usage : 0xb00, consumer_usage : 0xb00, , stride : 0, alloc_format_base: 1, alloc_format_modifiers: 0x00000000, size : 66560, layer_count : 1, backing_store_id: 0x15600006023
04-21 09:41:40.443   342   342 D android.hardware.graphics.allocator-V1-service: plane_info[0]: offset : 0, byte_stride : 832, alloc_width : 207, alloc_height : 80
04-21 09:41:40.443   342   342 D android.hardware.graphics.allocator-V1-service: plane_info[1]: offset : 0, byte_stride : 0, alloc_width : 0, alloc_height : 0
04-21 09:41:40.487   342   342 I android.hardware.graphics.allocator-V1-service: alloc_format: RGBA_8888 + Datatype: UNORM
04-21 09:41:40.487   342   342 I android.hardware.graphics.allocator-V1-service: mali_gralloc_adjust_dimensions: alloc_format=RGBA_8888 + Datatype: UNORM usage=RENDER + FRAMEBUFFER + HWC + Unknown usage: 0x20000000 alloc_width=1920, alloc_height=1080
04-21 09:41:40.489   342   342 D android.hardware.graphics.allocator-V1-service: got new private_handle_t instance for buffer 'FramebufferSurface'. share_fd : 10, share_attr_fd : 11, width : 1920, height : 1080, req_format : 0x1, producer_usage : 0x20001a00, consumer_usage : 0x20001a00, , stride : 0, alloc_format_base: 1, alloc_format_modifiers: 0x00000000, size : 8294400, layer_count : 1, backing_store_id: 0x15600006024
04-21 09:41:40.489   342   342 D android.hardware.graphics.allocator-V1-service: plane_info[0]: offset : 0, byte_stride : 7680, alloc_width : 1920, alloc_height : 1080
04-21 09:41:40.489   342   342 D android.hardware.graphics.allocator-V1-service: plane_info[1]: offset : 0, byte_stride : 0, alloc_width : 0, alloc_height : 0
04-21 09:41:40.510   342   342 I android.hardware.graphics.allocator-V1-service: alloc_format: RGBA_8888 + Datatype: UNORM
04-21 09:41:40.510   342   342 I android.hardware.graphics.allocator-V1-service: mali_gralloc_adjust_dimensions: alloc_format=RGBA_8888 + Datatype: UNORM usage=RENDER + FRAMEBUFFER + HWC + Unknown usage: 0x20000000 alloc_width=1920, alloc_height=1080
04-21 09:41:40.512   342   342 D android.hardware.graphics.allocator-V1-service: got new private_handle_t instance for buffer 'FramebufferSurface'. share_fd : 10, share_attr_fd : 11, width : 1920, height : 1080, req_format : 0x1, producer_usage : 0x20001a00, consumer_usage : 0x20001a00, , stride : 0, alloc_format_base: 1, alloc_format_modifiers: 0x00000000, size : 8294400, layer_count : 1, backing_store_id: 0x15600006025
04-21 09:41:40.512   342   342 D android.hardware.graphics.allocator-V1-service: plane_info[0]: offset : 0, byte_stride : 7680, alloc_width : 1920, alloc_height : 1080
04-21 09:41:40.512   342   342 D android.hardware.graphics.allocator-V1-service: plane_info[1]: offset : 0, byte_stride : 0, alloc_width : 0, alloc_height : 0
04-21 09:41:41.451   888  1023 E WifiStaIfaceAidlImpl: getLinkLayerStats failed with service-specific exception: android.os.ServiceSpecificException: unknown error (code 9)
04-21 09:41:41.878  2731  2731 E SdkStatusContentProvider: SdkSettingPreferences onSharedPreferenceChanged key = isp
04-21 09:41:41.878  2731  2731 E SdkStatusContentProvider: SdkSettingPreferences onSharedPreferenceChanged key = isp
04-21 09:41:41.879  2731  2877 E ActivityThread: Failed to find provider info for com.alipay.iot.settings.SettingsProvider
04-21 09:41:41.880  2731  2877 E ActivityThread: Failed to find provider info for com.alipay.iot.settings.SettingsProvider
04-21 09:41:41.882   888  1622 I UsbExtImpl: default allow  uid:10099pid:2731  processName=com.alipay.iot.service to use PC Camera
04-21 09:41:41.882   888  1622 V UsbExtImpl: smconf processName:com.alipay.iot.service
04-21 09:41:41.882   888  1622 I UsbExtImpl: smconf disallow  uid:10099pid:2731  processName=com.alipay.iot.service to use GD32-USB_Printer
04-21 09:41:41.882   888  1622 I UsbExtImpl: default allow  uid:10099pid:2731  processName=com.alipay.iot.service to use NS021 USB HID Keyboard
04-21 09:41:41.884   888  1622 I UsbExtImpl: default allow  uid:10099pid:2731  processName=com.alipay.iot.service to use PC Camera
04-21 09:41:41.884   888  1622 V UsbExtImpl: smconf processName:com.alipay.iot.service
04-21 09:41:41.884   888  1622 I UsbExtImpl: smconf disallow  uid:10099pid:2731  processName=com.alipay.iot.service to use GD32-USB_Printer
04-21 09:41:41.884   888  1622 I UsbExtImpl: default allow  uid:10099pid:2731  processName=com.alipay.iot.service to use NS021 USB HID Keyboard
04-21 09:41:41.886   888  1622 I UsbExtImpl: default allow  uid:10099pid:2731  processName=com.alipay.iot.service to use PC Camera
04-21 09:41:41.886   888  1622 V UsbExtImpl: smconf processName:com.alipay.iot.service
04-21 09:41:41.886   888  1622 I UsbExtImpl: smconf disallow  uid:10099pid:2731  processName=com.alipay.iot.service to use GD32-USB_Printer
04-21 09:41:41.886   888  1622 I UsbExtImpl: default allow  uid:10099pid:2731  processName=com.alipay.iot.service to use NS021 USB HID Keyboard
04-21 09:41:41.887   888  1622 I UsbExtImpl: default allow  uid:10099pid:2731  processName=com.alipay.iot.service to use PC Camera
04-21 09:41:41.888   888  1622 V UsbExtImpl: smconf processName:com.alipay.iot.service
04-21 09:41:41.888   888  1622 I UsbExtImpl: smconf disallow  uid:10099pid:2731  processName=com.alipay.iot.service to use GD32-USB_Printer
04-21 09:41:41.888   888  1622 I UsbExtImpl: default allow  uid:10099pid:2731  processName=com.alipay.iot.service to use NS021 USB HID Keyboard
04-21 09:41:41.889   888  1622 I UsbExtImpl: default allow  uid:10099pid:2731  processName=com.alipay.iot.service to use PC Camera
04-21 09:41:41.890   888  1622 V UsbExtImpl: smconf processName:com.alipay.iot.service
04-21 09:41:41.890   888  1622 I UsbExtImpl: smconf disallow  uid:10099pid:2731  processName=com.alipay.iot.service to use GD32-USB_Printer
04-21 09:41:41.890   888  1622 I UsbExtImpl: default allow  uid:10099pid:2731  processName=com.alipay.iot.service to use NS021 USB HID Keyboard
04-21 09:41:41.989   344   374 E android.hardware.graphics.composer3-service.rockchip: wait,line=113 wait callback timeout
04-21 09:41:43.170   342   342 I android.hardware.graphics.allocator-V1-service: alloc_format: RGBA_8888 + AFBC + SPLIT + WIDE + SPARSE + Datatype: UNORM
04-21 09:41:43.170   342   342 I android.hardware.graphics.allocator-V1-service: mali_gralloc_adjust_dimensions: alloc_format=RGBA_8888 + AFBC + SPLIT + WIDE + SPARSE + Datatype: UNORM usage=RENDER + FRAMEBUFFER + HWC alloc_width=1920, alloc_height=1088
04-21 09:41:43.176   342   342 I android.hardware.graphics.allocator-V1-service: Writing AFBC header layout 0 for format 1, n_headers: 8160
04-21 09:41:43.177   342   342 D android.hardware.graphics.allocator-V1-service: got new private_handle_t instance for buffer 'FramebufferSurface'. share_fd : 10, share_attr_fd : 11, width : 1920, height : 1080, req_format : 0x1, producer_usage : 0x1a00, consumer_usage : 0x1a00, , stride : 0, alloc_format_base: 1, alloc_format_modifiers: 0x04190000, size : 8486912, layer_count : 1, backing_store_id: 0x15600006026
04-21 09:41:43.177   342   342 D android.hardware.graphics.allocator-V1-service: plane_info[0]: offset : 0, byte_stride : 7680, alloc_width : 1920, alloc_height : 1088
04-21 09:41:43.177   342   342 D android.hardware.graphics.allocator-V1-service: plane_info[1]: offset : 0, byte_stride : 0, alloc_width : 0, alloc_height : 0
04-21 09:41:44.420   342   342 I android.hardware.graphics.allocator-V1-service: alloc_format: RGBA_8888 + Datatype: UNORM
04-21 09:41:44.420   342   342 I android.hardware.graphics.allocator-V1-service: mali_gralloc_adjust_dimensions: alloc_format=RGBA_8888 + Datatype: UNORM usage=RENDER + FRAMEBUFFER + HWC + Unknown usage: 0x20000000 alloc_width=1920, alloc_height=1080
04-21 09:41:44.424   342   342 D android.hardware.graphics.allocator-V1-service: got new private_handle_t instance for buffer 'FramebufferSurface'. share_fd : 10, share_attr_fd : 11, width : 1920, height : 1080, req_format : 0x1, producer_usage : 0x20001a00, consumer_usage : 0x20001a00, , stride : 0, alloc_format_base: 1, alloc_format_modifiers: 0x00000000, size : 8294400, layer_count : 1, backing_store_id: 0x15600006027
04-21 09:41:44.424   342   342 D android.hardware.graphics.allocator-V1-service: plane_info[0]: offset : 0, byte_stride : 7680, alloc_width : 1920, alloc_height : 1080
04-21 09:41:44.424   342   342 D android.hardware.graphics.allocator-V1-service: plane_info[1]: offset : 0, byte_stride : 0, alloc_width : 0, alloc_height : 0
04-21 09:41:44.464   888  1023 E WifiStaIfaceAidlImpl: getLinkLayerStats failed with service-specific exception: android.os.ServiceSpecificException: unknown error (code 9)
04-21 09:41:44.468  1104  1104 W WindowOnBackDispatcher: sendCancelIfRunning: isInProgress=falsecallback=android.view.ViewRootImpl$$ExternalSyntheticLambda17@166716a
04-21 09:41:44.470   888  1622 D CoreBackPreview: Window{6923783 u0 Toast}: Setting back callback null
04-21 09:41:44.498   888  1622 W InputManager-JNI: Input channel object '6923783 Toast (client)' was disposed without first being removed with the input manager!
04-21 09:41:44.522   888  1622 W NotificationService: Toast already killed. pkg=com.android.systemui token=android.os.BinderProxy@4c89ff5
04-21 09:41:44.535   342   342 I android.hardware.graphics.allocator-V1-service: alloc_format: RGBA_8888 + AFBC + SPLIT + WIDE + SPARSE + Datatype: UNORM
04-21 09:41:44.535   342   342 I android.hardware.graphics.allocator-V1-service: mali_gralloc_adjust_dimensions: alloc_format=RGBA_8888 + AFBC + SPLIT + WIDE + SPARSE + Datatype: UNORM usage=RENDER + FRAMEBUFFER + HWC alloc_width=1920, alloc_height=1088
04-21 09:41:44.538   342   342 I android.hardware.graphics.allocator-V1-service: Writing AFBC header layout 0 for format 1, n_headers: 8160
04-21 09:41:44.539   342   342 D android.hardware.graphics.allocator-V1-service: got new private_handle_t instance for buffer 'FramebufferSurface'. share_fd : 10, share_attr_fd : 11, width : 1920, height : 1080, req_format : 0x1, producer_usage : 0x1a00, consumer_usage : 0x1a00, , stride : 0, alloc_format_base: 1, alloc_format_modifiers: 0x04190000, size : 8486912, layer_count : 1, backing_store_id: 0x15600006028
04-21 09:41:44.539   342   342 D android.hardware.graphics.allocator-V1-service: plane_info[0]: offset : 0, byte_stride : 7680, alloc_width : 1920, alloc_height : 1088
04-21 09:41:44.539   342   342 D android.hardware.graphics.allocator-V1-service: plane_info[1]: offset : 0, byte_stride : 0, alloc_width : 0, alloc_height : 0
04-21 09:41:44.574   342   342 I android.hardware.graphics.allocator-V1-service: alloc_format: RGBA_8888 + AFBC + SPLIT + WIDE + SPARSE + Datatype: UNORM
04-21 09:41:44.574   342   342 I android.hardware.graphics.allocator-V1-service: mali_gralloc_adjust_dimensions: alloc_format=RGBA_8888 + AFBC + SPLIT + WIDE + SPARSE + Datatype: UNORM usage=RENDER + FRAMEBUFFER + HWC alloc_width=1920, alloc_height=1088
04-21 09:41:44.580   342   342 I android.hardware.graphics.allocator-V1-service: Writing AFBC header layout 0 for format 1, n_headers: 8160
04-21 09:41:44.581   342   342 D android.hardware.graphics.allocator-V1-service: got new private_handle_t instance for buffer 'FramebufferSurface'. share_fd : 10, share_attr_fd : 11, width : 1920, height : 1080, req_format : 0x1, producer_usage : 0x1a00, consumer_usage : 0x1a00, , stride : 0, alloc_format_base: 1, alloc_format_modifiers: 0x04190000, size : 8486912, layer_count : 1, backing_store_id: 0x15600006029
04-21 09:41:44.581   342   342 D android.hardware.graphics.allocator-V1-service: plane_info[0]: offset : 0, byte_stride : 7680, alloc_width : 1920, alloc_height : 1088
04-21 09:41:44.581   342   342 D android.hardware.graphics.allocator-V1-service: plane_info[1]: offset : 0, byte_stride : 0, alloc_width : 0, alloc_height : 0
04-21 09:41:45.854   888   967 D ActivityManager: freezing 29246 com.android.gallery3d
04-21 09:41:45.856   888   967 D ActivityManager: freezing 29147 com.android.externalstorage
04-21 09:41:46.383  9420  9444 I DispatchControl: 线程Id = 41，进程id = 9420，handleMessage  bean.name:app_state_info source:com.sunmi.dataService    type:1     description:APP 操作明细 task_count:2
04-21 09:41:46.386  9420  9444 I TaskControl: TaskControl 采集:app_state_info     description:APP 操作明细
04-21 09:41:46.413  9420  9444 I nmi.dataService: Explicit concurrent mark compact GC freed 1401(165KB) AllocSpace objects, 0(0B) LOS objects, 24% free, 2985KB/3980KB, paused 263us,3.367ms total 23.840ms
04-21 09:41:46.414  9420  9430 W nmi.dataService: ApkAssets: Deleting an ApkAssets object '<empty> and /data/app/~~2yUhXmWZ1nR_P2fvFZkZTg==/com.impos2.mixcretailassemblyrn84-WW2nx2rej28k2CfL9aF4AA==/base.apk' with 1 weak references
04-21 09:41:47.139   342   342 I android.hardware.graphics.allocator-V1-service: alloc_format: RGBA_8888 + AFBC + SPLIT + WIDE + SPARSE + Datatype: UNORM
04-21 09:41:47.139   342   342 I android.hardware.graphics.allocator-V1-service: mali_gralloc_adjust_dimensions: alloc_format=RGBA_8888 + AFBC + SPLIT + WIDE + SPARSE + Datatype: UNORM usage=RENDER + FRAMEBUFFER + HWC alloc_width=1920, alloc_height=1088
04-21 09:41:47.145   342   342 I android.hardware.graphics.allocator-V1-service: Writing AFBC header layout 0 for format 1, n_headers: 8160
04-21 09:41:47.146   342   342 D android.hardware.graphics.allocator-V1-service: got new private_handle_t instance for buffer 'FramebufferSurface'. share_fd : 10, share_attr_fd : 11, width : 1920, height : 1080, req_format : 0x1, producer_usage : 0x1a00, consumer_usage : 0x1a00, , stride : 0, alloc_format_base: 1, alloc_format_modifiers: 0x04190000, size : 8486912, layer_count : 1, backing_store_id: 0x1560000602a
04-21 09:41:47.146   342   342 D android.hardware.graphics.allocator-V1-service: plane_info[0]: offset : 0, byte_stride : 7680, alloc_width : 1920, alloc_height : 1088
04-21 09:41:47.146   342   342 D android.hardware.graphics.allocator-V1-service: plane_info[1]: offset : 0, byte_stride : 0, alloc_width : 0, alloc_height : 0
04-21 09:41:47.475   888  1023 E WifiStaIfaceAidlImpl: getLinkLayerStats failed with service-specific exception: android.os.ServiceSpecificException: unknown error (code 9)
04-21 09:41:50.487   888  1023 E WifiStaIfaceAidlImpl: getLinkLayerStats failed with service-specific exception: android.os.ServiceSpecificException: unknown error (code 9)
04-21 09:41:53.498   888  1023 E WifiStaIfaceAidlImpl: getLinkLayerStats failed with service-specific exception: android.os.ServiceSpecificException: unknown error (code 9)
04-21 09:41:56.510   888  1023 E WifiStaIfaceAidlImpl: getLinkLayerStats failed with service-specific exception: android.os.ServiceSpecificException: unknown error (code 9)
04-21 09:41:59.519   888  1023 E WifiStaIfaceAidlImpl: getLinkLayerStats failed with service-specific exception: android.os.ServiceSpecificException: unknown error (code 9)
04-21 09:42:00.000   888   972 D AlarmManager: setImplLocked() callingPackage=android
04-21 09:42:01.989   344   374 E android.hardware.graphics.composer3-service.rockchip: wait,line=113 wait callback timeout
04-21 09:42:02.530   888  1023 E WifiStaIfaceAidlImpl: getLinkLayerStats failed with service-specific exception: android.os.ServiceSpecificException: unknown error (code 9)
04-21 09:42:05.539   888  1023 E WifiStaIfaceAidlImpl: getLinkLayerStats failed with service-specific exception: android.os.ServiceSpecificException: unknown error (code 9)
04-21 09:42:06.410  9420  9444 I DispatchControl: 线程Id = 35，进程id = 9420，handleMessage  bean.name:app_state_info source:com.sunmi.dataService    type:2     description:APP 操作明细 task_count:2
04-21 09:42:06.414  9420  9444 I StoreControl: StoreControl 存储:app_state_info source:com.sunmi.dataService     time:1776735662  elapsedRealtime:0
04-21 09:42:06.420  9420  9444 I clh     : insertOriginData name:app_state_info   isOk:true
04-21 09:42:06.425  9420  9444 I clh     : name:com.sunmi.dataService   source:app_state_info useSize:154
04-21 09:42:06.434  9420  9444 I clh     : putStateUse isOk:792    sourceKey:com.sunmi.dataService_app_state_info
04-21 09:42:06.471  9420  9444 I nmi.dataService: Explicit concurrent mark compact GC freed 2660(291KB) AllocSpace objects, 0(0B) LOS objects, 24% free, 2993KB/3991KB, paused 332us,4.383ms total 31.145ms
04-21 09:42:07.075   888  5540 D AlarmManager: setImplLocked() callingPackage=sunmi.remotemanager
04-21 09:42:08.550   888  1023 E WifiStaIfaceAidlImpl: getLinkLayerStats failed with service-specific exception: android.os.ServiceSpecificException: unknown error (code 9)
