04-21 09:42:27.857   888   907 D CompatibilityChangeReporter: Compat change id reported: 177438394; UID 10139; state: DISABLED
04-21 09:42:27.857   888   907 D CompatibilityChangeReporter: Compat change id reported: 135772972; UID 10139; state: DISABLED
04-21 09:42:27.857   888   907 D CompatibilityChangeReporter: Compat change id reported: 135754954; UID 10139; state: ENABLED
04-21 09:42:27.858   342   342 I android.hardware.graphics.allocator-V1-service: Writing AFBC header layout 0 for format 1, n_headers: 8160
04-21 09:42:27.858   342   342 D android.hardware.graphics.allocator-V1-service: got new private_handle_t instance for buffer 'VRI[mixcretailassemblyrn84]#606(BLAST Consumer)606'. share_fd : 10, share_attr_fd : 11, width : 1920, height : 1080, req_format : 0x1, producer_usage : 0xb00, consumer_usage : 0xb00, , stride : 0, alloc_format_base: 1, alloc_format_modifiers: 0x04190000, size : 8486912, layer_count : 1, backing_store_id: 0x1560000602b
04-21 09:42:27.858   342   342 D android.hardware.graphics.allocator-V1-service: plane_info[0]: offset : 0, byte_stride : 7680, alloc_width : 1920, alloc_height : 1088
04-21 09:42:27.858   342   342 D android.hardware.graphics.allocator-V1-service: plane_info[1]: offset : 0, byte_stride : 0, alloc_width : 0, alloc_height : 0
04-21 09:42:27.858 19702 19702 E adbd    : failed to connect to socket 'tcp:18584': Connection refused
04-21 09:42:27.858   888   914 D CompatibilityChangeReporter: Compat change id reported: 143937733; UID 10139; state: ENABLED
04-21 09:42:27.859   342   342 I android.hardware.graphics.allocator-V1-service: alloc_format: RGBA_8888 + AFBC + SPLIT + WIDE + SPARSE + Datatype: UNORM
04-21 09:42:27.859   342   342 I android.hardware.graphics.allocator-V1-service: mali_gralloc_adjust_dimensions: alloc_format=RGBA_8888 + AFBC + SPLIT + WIDE + SPARSE + Datatype: UNORM usage=TEXTURE + RENDER + HWC alloc_width=1920, alloc_height=1088
04-21 09:42:27.860   342   342 I android.hardware.graphics.allocator-V1-service: Writing AFBC header layout 0 for format 1, n_headers: 8160
04-21 09:42:27.861   342   342 D android.hardware.graphics.allocator-V1-service: got new private_handle_t instance for buffer 'VRI[mixcretailassemblyrn84]#606(BLAST Consumer)606'. share_fd : 10, share_attr_fd : 11, width : 1920, height : 1080, req_format : 0x1, producer_usage : 0xb00, consumer_usage : 0xb00, , stride : 0, alloc_format_base: 1, alloc_format_modifiers: 0x04190000, size : 8486912, layer_count : 1, backing_store_id: 0x1560000602c
04-21 09:42:27.861   342   342 D android.hardware.graphics.allocator-V1-service: plane_info[0]: offset : 0, byte_stride : 7680, alloc_width : 1920, alloc_height : 1088
04-21 09:42:27.861   342   342 D android.hardware.graphics.allocator-V1-service: plane_info[1]: offset : 0, byte_stride : 0, alloc_width : 0, alloc_height : 0
04-21 09:42:27.861   342   342 I android.hardware.graphics.allocator-V1-service: alloc_format: RGBA_8888 + AFBC + SPLIT + WIDE + SPARSE + Datatype: UNORM
04-21 09:42:27.861   342   342 I android.hardware.graphics.allocator-V1-service: mali_gralloc_adjust_dimensions: alloc_format=RGBA_8888 + AFBC + SPLIT + WIDE + SPARSE + Datatype: UNORM usage=TEXTURE + RENDER + HWC alloc_width=1920, alloc_height=1088
04-21 09:42:27.862   342   342 I android.hardware.graphics.allocator-V1-service: Writing AFBC header layout 0 for format 1, n_headers: 8160
04-21 09:42:27.863   342   342 D android.hardware.graphics.allocator-V1-service: got new private_handle_t instance for buffer 'VRI[mixcretailassemblyrn84]#606(BLAST Consumer)606'. share_fd : 10, share_attr_fd : 11, width : 1920, height : 1080, req_format : 0x1, producer_usage : 0xb00, consumer_usage : 0xb00, , stride : 0, alloc_format_base: 1, alloc_format_modifiers: 0x04190000, size : 8486912, layer_count : 1, backing_store_id: 0x1560000602d
04-21 09:42:27.863   342   342 D android.hardware.graphics.allocator-V1-service: plane_info[0]: offset : 0, byte_stride : 7680, alloc_width : 1920, alloc_height : 1088
04-21 09:42:27.863   342   342 D android.hardware.graphics.allocator-V1-service: plane_info[1]: offset : 0, byte_stride : 0, alloc_width : 0, alloc_height : 0
04-21 09:42:27.866   888  5540 I Camera  : callprocess:com.impos2.mixcretailassemblyrn84
04-21 09:42:27.866   888  5540 I Camera  : callprocess:com.impos2.mixcretailassemblyrn84
04-21 09:42:27.868  1104  1128 D WindowManagerShell: onActivityRestartAttempt: ComponentInfo{com.impos2.mixcretailassemblyrn84/com.impos2.mixcretailassemblyrn84.MainActivity}
04-21 09:42:27.870 26864 26864 W ElapsedTimeUtils: getElapsedTime: sSuwFinishedTimeStamp is null
04-21 09:42:27.871   888  5540 I Camera  : callprocess:com.impos2.mixcretailassemblyrn84
04-21 09:42:27.871   888  5540 I APP_LOCK: com.impos2.mixcretailassemblyrn84 common is  not locked
04-21 09:42:27.871   888  5540 W APP_LOCK:   isCustomizedAppLockEnabled is false
04-21 09:42:27.875   888   908 D WmsExtImpl: config_supportAutoRotation false
04-21 09:42:27.877   638   638 D Zygote  : Forked child process 28319
04-21 09:42:27.877 19702 19702 E adbd    : failed to connect to socket 'tcp:18585': Connection refused
04-21 09:42:27.878   888   914 I ActivityManager: Start proc 28319:com.impos2.mixcretailassemblyrn84/u0a139 for next-top-activity {com.impos2.mixcretailassemblyrn84/com.impos2.mixcretailassemblyrn84.MainActivity}
04-21 09:42:27.880   342   342 I android.hardware.graphics.allocator-V1-service: alloc_format: RGBA_8888 + Datatype: UNORM
04-21 09:42:27.880   342   342 I android.hardware.graphics.allocator-V1-service: mali_gralloc_adjust_dimensions: alloc_format=RGBA_8888 + Datatype: UNORM usage=CPU-RoWo + TEXTURE + RENDER + HWC alloc_width=1920, alloc_height=1080
04-21 09:42:27.880   342   342 D android.hardware.graphics.allocator-V1-service: got new private_handle_t instance for buffer 'screenshot'. share_fd : 10, share_attr_fd : 11, width : 1920, height : 1080, req_format : 0x1, producer_usage : 0xb33, consumer_usage : 0xb33, , stride : 1920, alloc_format_base: 1, alloc_format_modifiers: 0x00000000, size : 8294400, layer_count : 1, backing_store_id: 0x1560000602e
04-21 09:42:27.880   342   342 D android.hardware.graphics.allocator-V1-service: plane_info[0]: offset : 0, byte_stride : 7680, alloc_width : 1920, alloc_height : 1080
04-21 09:42:27.880   342   342 D android.hardware.graphics.allocator-V1-service: plane_info[1]: offset : 0, byte_stride : 0, alloc_width : 0, alloc_height : 0
04-21 09:42:27.881   346   346 I BpBinder: onLastStrongRef automatically unlinking death recipients: 
04-21 09:42:27.890 28319 28319 I ailassemblyrn84: Using CollectorTypeCMC GC.
04-21 09:42:27.893   888   904 V WindowManager: Sent Transition #622 createdAt=04-21 09:42:27.810 via request=TransitionRequestInfo { type = 1, triggerTask = TaskInfo{userId=0 taskId=220 displayId=0 isRunning=true baseIntent=Intent { flg=0x10000000 cmp=com.impos2.mixcretailassemblyrn84/.MainActivity } baseActivity=ComponentInfo{com.impos2.mixcretailassemblyrn84/com.impos2.mixcretailassemblyrn84.MainActivity} topActivity=ComponentInfo{com.impos2.mixcretailassemblyrn84/com.impos2.mixcretailassemblyrn84.MainActivity} origActivity=null realActivity=ComponentInfo{com.impos2.mixcretailassemblyrn84/com.impos2.mixcretailassemblyrn84.MainActivity} numActivities=1 lastActiveTime=4807798017 supportsMultiWindow=true resizeMode=1 isResizeable=true minWidth=-1 minHeight=-1 defaultMinSize=220 token=WCT{RemoteToken{d67c1cb Task{aa0c706 #220 type=standard A=10139:com.impos2.mixcretailassemblyrn84}}} topActivityType=1 pictureInPictureParams=null shouldDockBigOverlays=false launchIntoPipHostTaskId=-1 lastParentTaskIdBeforePip=-1 displayCutoutSafeInsets=null topActivityInfo=ActivityInfo{3b8da8 com.impos2.mixcretailassemblyrn84.MainActivity} launchCookies=[] positionInParent=Point(0, 0) parentTaskId=-1 isFocused=false isVisible=false isVisibleRequested=false isSleeping=false topActivityInSizeCompat=false topActivityEligibleForLetterboxEducation= false isLetterboxDoubleTapEnabled= false topActivityEligibleForUserAspectRatioButton= false topActivityBoundsLetterboxed= false isFromLetterboxDoubleTap= false topActivityLetterboxVerticalPosition= -1 topActivityLetterboxHorizontalPosition= -1 topActivityLetterboxWidth=-1 topActivityLetterboxHeight=-1 isUserFullscreenOverrideEnabled=false isTopActivityTransparent=false locusId=null displayAreaFeatureId=1 cameraCompatControlState=hidden}, remoteTransition = null, displayChange = null, flags = 0 }
04-21 09:42:27.893   888   904 V WindowManager:     startWCT=WindowContainerTransaction { changes = {} hops = [] errorCallbackToken=null taskFragmentOrganizer=null }
04-21 09:42:27.893   888   904 V WindowManager:     info={id=622 t=OPEN f=0x0 trk=0 r=[0@Point(0, 0)] c=[{WCT{RemoteToken{d67c1cb Task{aa0c706 #220 type=standard A=10139:com.impos2.mixcretailassemblyrn84}}} m=OPEN f=NONE leash=Surface(name=Task=220)/@0x2940545 sb=Rect(0, 0 - 1920, 1080) eb=Rect(0, 0 - 1920, 1080) d=0},{WCT{RemoteToken{1542320 TaskFragment{3370754 mode=multi-window}}} m=TO_BACK f=IN_TASK_WITH_EMBEDDED_ACTIVITY p=WCT{RemoteToken{d503a74 Task{28d9475 #199 type=standard A=1000:com.android.settings.root}}} leash=Surface(name=TaskFragment{3370754 mode=fullscreen})/@0x674ff52 sb=Rect(720, 0 - 1920, 1080) eb=Rect(720, 0 - 1920, 1080) eo=Point(720, 0) d=0},{WCT{RemoteToken{4852a84 TaskFragment{984640c mode=multi-window}}} m=TO_BACK f=IN_TASK_WITH_EMBEDDED_ACTIVITY p=WCT{RemoteToken{d503a74 Task{28d9475 #199 type=standard A=1000:com.android.settings.root}}} leash=Surface(name=TaskFragment{984640c mode=fullscreen})/@0xb83fbbb sb=Rect(0, 0 - 720, 1080) eb=Rect(0, 0 - 720, 1080) d=0},{WCT{RemoteToken{d503a74 Task{28d9475 #199 type=standard A=1000:com.android.settings.root}}} m=TO_BACK f=NONE leash=Surface(name=Task=199)/@0x5f68a61 sb=Rect(0, 0 - 1920, 1080) eb=Rect(0, 0 - 1920, 1080) d=0}]}
04-21 09:42:27.894  1104  1128 V WindowManagerShell: onTransitionReady android.os.BinderProxy@c8ff76e: {id=622 t=OPEN f=0x0 trk=0 r=[0@Point(0, 0)] c=[{WCT{android.window.IWindowContainerToken$Stub$Proxy@11f181e} m=OPEN f=NONE leash=Surface(name=Task=220)/@0xc937f5d sb=Rect(0, 0 - 1920, 1080) eb=Rect(0, 0 - 1920, 1080) d=0},{WCT{android.window.IWindowContainerToken$Stub$Proxy@8ca98ff} m=TO_BACK f=IN_TASK_WITH_EMBEDDED_ACTIVITY p=WCT{android.window.IWindowContainerToken$Stub$Proxy@d1b06cc} leash=Surface(name=TaskFragment{3370754 mode=fullscreen})/@0xa89c0d2 sb=Rect(720, 0 - 1920, 1080) eb=Rect(720, 0 - 1920, 1080) eo=Point(720, 0) d=0},{WCT{android.window.IWindowContainerToken$Stub$Proxy@e5c3d15} m=TO_BACK f=IN_TASK_WITH_EMBEDDED_ACTIVITY p=WCT{android.window.IWindowContainerToken$Stub$Proxy@b20982a} leash=Surface(name=TaskFragment{984640c mode=fullscreen})/@0x9d345a3 sb=Rect(0, 0 - 720, 1080) eb=Rect(0, 0 - 720, 1080) d=0},{WCT{android.window.IWindowContainerToken$Stub$Proxy@5b9c61b} m=TO_BACK f=NONE leash=Surface(name=Task=199)/@0xd3e80a0 sb=Rect(0, 0 - 1920, 1080) eb=Rect(0, 0 - 1920, 1080) d=0}]}
04-21 09:42:27.894  1104  1128 V WindowManagerShell: Playing animation for (#622)android.os.BinderProxy@c8ff76e@0
04-21 09:42:27.894 28319 28319 E ailassemblyrn84: Not starting debugger since process cannot load the jdwp agent.
04-21 09:42:27.894  1104  1128 V WindowManagerShell:  try handler com.android.wm.shell.transition.DefaultMixedHandler@7b709ff
04-21 09:42:27.894  1104  1128 V WindowManagerShell:  try handler com.android.wm.shell.keyguard.KeyguardTransitionHandler@83523cc
04-21 09:42:27.894  1104  1128 V WindowManagerShell:  try handler com.android.wm.shell.pip.PipTransition@b509615
04-21 09:42:27.894  1104  1128 V WindowManagerShell:  try handler com.android.wm.shell.activityembedding.ActivityEmbeddingController@8487d2a
04-21 09:42:27.894  1104  1128 V WindowManagerShell:  try handler com.android.wm.shell.recents.RecentsTransitionHandler@57c471b
04-21 09:42:27.894  1104  1128 V ShellRecents: RecentsTransitionHandler.startAnimation: no controller found
04-21 09:42:27.894  1104  1128 V WindowManagerShell:  try handler com.android.wm.shell.splitscreen.StageCoordinator@d76b0b8
04-21 09:42:27.894  1104  1128 V WindowManagerShell:  try handler com.android.wm.shell.transition.RemoteTransitionHandler@bb17e91
04-21 09:42:27.895  1104  1128 V WindowManagerShell: Transition doesn't have explicit remote, search filters for match for {id=622 t=OPEN f=0x0 trk=0 r=[0@Point(0, 0)] c=[{WCT{android.window.IWindowContainerToken$Stub$Proxy@11f181e} m=OPEN f=NONE leash=Surface(name=Task=220)/@0xc937f5d sb=Rect(0, 0 - 1920, 1080) eb=Rect(0, 0 - 1920, 1080) d=0},{WCT{android.window.IWindowContainerToken$Stub$Proxy@8ca98ff} m=TO_BACK f=IN_TASK_WITH_EMBEDDED_ACTIVITY p=WCT{android.window.IWindowContainerToken$Stub$Proxy@d1b06cc} leash=Surface(name=TaskFragment{3370754 mode=fullscreen})/@0xa89c0d2 sb=Rect(720, 0 - 1920, 1080) eb=Rect(720, 0 - 1920, 1080) eo=Point(720, 0) d=0},{WCT{android.window.IWindowContainerToken$Stub$Proxy@e5c3d15} m=TO_BACK f=IN_TASK_WITH_EMBEDDED_ACTIVITY p=WCT{android.window.IWindowContainerToken$Stub$Proxy@b20982a} leash=Surface(name=TaskFragment{984640c mode=fullscreen})/@0x9d345a3 sb=Rect(0, 0 - 720, 1080) eb=Rect(0, 0 - 720, 1080) d=0},{WCT{android.window.IWindowContainerToken$Stub$Proxy@5b9c61b} m=TO_BACK f=NONE leash=Surface(name=Task=199)/@0xd3e80a0 sb=Rect(0, 0 - 1920, 1080) eb=Rect(0, 0 - 1920, 1080) d=0}]}
04-21 09:42:27.895  1104  1128 V WindowManagerShell:  Checking filter Pair{{types=[] flags=0x0] notFlags=0x100 checks=[{atype=home independent=true modes=[OPEN,TO_FRONT] flags=NONE mustBeTask=false order=TOP topActivity=ComponentInfo{com.android.launcher3/com.android.launcher3.uioverrides.QuickstepLauncher}},{atype=standard independent=true modes=[CLOSE,TO_BACK] flags=NONE mustBeTask=false order=ANY topActivity=null}]} RemoteTransition { remoteTransition = android.window.IRemoteTransition$Stub$Proxy@93729c5, appThread = android.app.IApplicationThread$Stub$Proxy@e94ff1a, debugName = QuickstepLaunchHome }}
04-21 09:42:27.895  1104  1128 V WindowManagerShell:  Delegate animation for #622 to null
04-21 09:42:27.895  1104  1128 V WindowManagerShell:  try handler com.android.wm.shell.transition.DefaultTransitionHandler@44941f6
04-21 09:42:27.895  1104  1128 V WindowManagerShell: start default transition animation, info = {id=622 t=OPEN f=0x0 trk=0 r=[0@Point(0, 0)] c=[{WCT{android.window.IWindowContainerToken$Stub$Proxy@11f181e} m=OPEN f=NONE leash=Surface(name=Task=220)/@0xc937f5d sb=Rect(0, 0 - 1920, 1080) eb=Rect(0, 0 - 1920, 1080) d=0},{WCT{android.window.IWindowContainerToken$Stub$Proxy@8ca98ff} m=TO_BACK f=IN_TASK_WITH_EMBEDDED_ACTIVITY p=WCT{android.window.IWindowContainerToken$Stub$Proxy@d1b06cc} leash=Surface(name=TaskFragment{3370754 mode=fullscreen})/@0xa89c0d2 sb=Rect(720, 0 - 1920, 1080) eb=Rect(720, 0 - 1920, 1080) eo=Point(720, 0) d=0},{WCT{android.window.IWindowContainerToken$Stub$Proxy@e5c3d15} m=TO_BACK f=IN_TASK_WITH_EMBEDDED_ACTIVITY p=WCT{android.window.IWindowContainerToken$Stub$Proxy@b20982a} leash=Surface(name=TaskFragment{984640c mode=fullscreen})/@0x9d345a3 sb=Rect(0, 0 - 720, 1080) eb=Rect(0, 0 - 720, 1080) d=0},{WCT{android.window.IWindowContainerToken$Stub$Proxy@5b9c61b} m=TO_BACK f=NONE leash=Surface(name=Task=199)/@0xd3e80a0 sb=Rect(0, 0 - 1920, 1080) eb=Rect(0, 0 - 1920, 1080) d=0}]}
04-21 09:42:27.896  1104  1128 V WindowManagerShell: loadAnimation: anim=android.view.animation.AnimationSet@c080cf6 animAttr=0x9 type=OPEN isEntrance=false
04-21 09:42:27.897  1104  1128 V WindowManagerShell: loadAnimation: anim=android.view.animation.AnimationSet@657f9cd animAttr=0x8 type=OPEN isEntrance=true
04-21 09:42:27.899  1104  1128 V WindowManagerShell:  animated by com.android.wm.shell.transition.DefaultTransitionHandler@44941f6
04-21 09:42:27.901   888   957 D CompatibilityChangeReporter: Compat change id reported: 265195908; UID 10139; state: ENABLED
04-21 09:42:27.908   888   918 W libprocessgroup: SetCgroup::ExecuteForProcess: failed to open /dev/stune/top-app/cgroup.procs: No such file or directory
04-21 09:42:27.910 28319 28319 D CompatibilityChangeReporter: Compat change id reported: 171979766; UID 10139; state: ENABLED
04-21 09:42:27.910 28319 28319 D CompatibilityChangeReporter: Compat change id reported: 242716250; UID 10139; state: ENABLED
04-21 09:42:27.912   888  5540 D CompatibilityChangeReporter: Compat change id reported: 170503758; UID 10139; state: ENABLED
04-21 09:42:27.918 28319 28319 D nativeloader: Configuring clns-6 for other apk /data/app/~~2yUhXmWZ1nR_P2fvFZkZTg==/com.impos2.mixcretailassemblyrn84-WW2nx2rej28k2CfL9aF4AA==/base.apk. target_sdk_version=36, uses_libraries=, library_path=/data/app/~~2yUhXmWZ1nR_P2fvFZkZTg==/com.impos2.mixcretailassemblyrn84-WW2nx2rej28k2CfL9aF4AA==/lib/arm64:/data/app/~~2yUhXmWZ1nR_P2fvFZkZTg==/com.impos2.mixcretailassemblyrn84-WW2nx2rej28k2CfL9aF4AA==/base.apk!/lib/arm64-v8a, permitted_path=/data:/mnt/expand:/data/user/0/com.impos2.mixcretailassemblyrn84
04-21 09:42:27.936 28319 28319 V GraphicsEnvironment: Currently set values for:
04-21 09:42:27.936 28319 28319 V GraphicsEnvironment:   angle_gl_driver_selection_pkgs=[]
04-21 09:42:27.936 28319 28319 V GraphicsEnvironment:   angle_gl_driver_selection_values=[]
04-21 09:42:27.937 28319 28319 V GraphicsEnvironment: ANGLE GameManagerService for com.impos2.mixcretailassemblyrn84: false
04-21 09:42:27.937 28319 28319 V GraphicsEnvironment: com.impos2.mixcretailassemblyrn84 is not listed in per-application setting
04-21 09:42:27.937 28319 28319 V GraphicsEnvironment: Neither updatable production driver nor prerelease driver is supported.
04-21 09:42:27.942 28319 28319 I LoadedApk: No resource references to update in package com.sunmi
04-21 09:42:27.959 28319 28319 W SoLoader: Initializing SoLoader: 0
04-21 09:42:27.959 28319 28319 W SoLoader: Recording new base apk path: /data/app/~~2yUhXmWZ1nR_P2fvFZkZTg==/com.impos2.mixcretailassemblyrn84-WW2nx2rej28k2CfL9aF4AA==/base.apk
04-21 09:42:27.959 28319 28319 W SoLoader: Previously recorded 0 base apk paths.
04-21 09:42:27.960 28319 28319 I SoLoader: Preparing SO source: DirectorySoSource[root = /vendor/lib64 flags = 2]
04-21 09:42:27.960 28319 28319 I SoLoader: Preparing SO source: DirectorySoSource[root = /system/lib64 flags = 2]
04-21 09:42:27.960 28319 28319 I SoLoader: Preparing SO source: DirectApkSoSource[root = [/data/app/~~2yUhXmWZ1nR_P2fvFZkZTg==/com.impos2.mixcretailassemblyrn84-WW2nx2rej28k2CfL9aF4AA==/base.apk!/lib/arm64-v8a]]
04-21 09:42:27.970 28319 28319 I SoLoader: Preparing SO source: ApplicationSoSource[DirectorySoSource[root = /data/app/~~2yUhXmWZ1nR_P2fvFZkZTg==/com.impos2.mixcretailassemblyrn84-WW2nx2rej28k2CfL9aF4AA==/lib/arm64 flags = 0]]
04-21 09:42:27.970 28319 28319 I SoLoader: init finish: 4 SO sources prepared
04-21 09:42:27.970 28319 28319 W SoLoader: SoLoader initialized: 8
04-21 09:42:28.005 28319 28319 D jni_lib_merge: Entering merged library JNI_OnLoad.
04-21 09:42:28.005 28319 28319 D jni_lib_merge: Preparing 12 pre-merged libs (including stub)
04-21 09:42:28.005 28319 28319 D jni_lib_merge: Preparing to register libfabricjni_so.  onload_func: 0x775868da50
04-21 09:42:28.005 28319 28319 D jni_lib_merge: Preparing to register libreact_devsupportjni_so.  onload_func: 0x775875136c
04-21 09:42:28.005 28319 28319 D jni_lib_merge: Preparing to register libreact_featureflagsjni_so.  onload_func: 0x775876bba8
04-21 09:42:28.005 28319 28319 D jni_lib_merge: Preparing to register libreact_newarchdefaults_so.  onload_func: 0x77587a9d74
04-21 09:42:28.005 28319 28319 D jni_lib_merge: Preparing to register libreactnativeblob_so.  onload_func: 0x775884aa4c
04-21 09:42:28.005 28319 28319 D jni_lib_merge: Preparing to register libreactnativejni_so.  onload_func: 0x775885f9e4
04-21 09:42:28.005 28319 28319 D jni_lib_merge: Preparing to register libreactnativejni_common_so.  onload_func: 0x7758862be0
04-21 09:42:28.005 28319 28319 D jni_lib_merge: Preparing to register librninstance_so.  onload_func: 0x775887f778
04-21 09:42:28.005 28319 28319 D jni_lib_merge: Preparing to register libturbomodulejsijni_so.  onload_func: 0x77589290e0
04-21 09:42:28.005 28319 28319 D jni_lib_merge: Preparing to register libuimanagerjni_so.  onload_func: 0x775892fb00
04-21 09:42:28.005 28319 28319 D jni_lib_merge: Preparing to register libyoga_so.  onload_func: 0x77589370c4
04-21 09:42:28.005 28319 28319 D jni_lib_merge: About to register 11 actual methods.
04-21 09:42:28.018 28319 28319 D jni_lib_merge: Entering merged library JNI_OnLoad.
04-21 09:42:28.018 28319 28319 D jni_lib_merge: Preparing 12 pre-merged libs (including stub)
04-21 09:42:28.018 28319 28319 D jni_lib_merge: Preparing to register libfabricjni_so.  onload_func: 0x775868da50
04-21 09:42:28.018 28319 28319 D jni_lib_merge: Preparing to register libreact_devsupportjni_so.  onload_func: 0x775875136c
04-21 09:42:28.018 28319 28319 D jni_lib_merge: Preparing to register libreact_featureflagsjni_so.  onload_func: 0x775876bba8
04-21 09:42:28.018 28319 28319 D jni_lib_merge: Preparing to register libreact_newarchdefaults_so.  onload_func: 0x77587a9d74
04-21 09:42:28.018 28319 28319 D jni_lib_merge: Preparing to register libreactnativeblob_so.  onload_func: 0x775884aa4c
04-21 09:42:28.018 28319 28319 D jni_lib_merge: Preparing to register libreactnativejni_so.  onload_func: 0x775885f9e4
04-21 09:42:28.018 28319 28319 D jni_lib_merge: Preparing to register libreactnativejni_common_so.  onload_func: 0x7758862be0
04-21 09:42:28.018 28319 28319 D jni_lib_merge: Preparing to register librninstance_so.  onload_func: 0x775887f778
04-21 09:42:28.018 28319 28319 D jni_lib_merge: Preparing to register libturbomodulejsijni_so.  onload_func: 0x77589290e0
04-21 09:42:28.018 28319 28319 D jni_lib_merge: Preparing to register libuimanagerjni_so.  onload_func: 0x775892fb00
04-21 09:42:28.018 28319 28319 D jni_lib_merge: Preparing to register libyoga_so.  onload_func: 0x77589370c4
04-21 09:42:28.018 28319 28319 D jni_lib_merge: About to register 11 actual methods.
04-21 09:42:28.021   888  5540 D WmsExtImpl: config_supportAutoRotation false
04-21 09:42:28.031 28319 28336 D vulkan  : searching for layers in '/data/app/~~2yUhXmWZ1nR_P2fvFZkZTg==/com.impos2.mixcretailassemblyrn84-WW2nx2rej28k2CfL9aF4AA==/lib/arm64'
04-21 09:42:28.031 28319 28336 D vulkan  : searching for layers in '/data/app/~~2yUhXmWZ1nR_P2fvFZkZTg==/com.impos2.mixcretailassemblyrn84-WW2nx2rej28k2CfL9aF4AA==/base.apk!/lib/arm64-v8a'
04-21 09:42:28.033 28319 28336 I mali_so : [File] : hardware/arm/mali/driver/product/base/src/mali_base_kbase.c; [Line] : 1407; [Func] : base_context_deal_with_version_affairs_rk_ext;
04-21 09:42:28.033 28319 28336 I mali_so : arm_release_ver of this mali_so is 'g25p0-00eac0', rk_so_ver is '2'.
04-21 09:42:28.033 28319 28336 I mali_so : [File] : hardware/arm/mali/driver/product/base/src/mali_base_kbase.c; [Line] : 1423; [Func] : base_context_deal_with_version_affairs_rk_ext;
04-21 09:42:28.033 28319 28336 I mali_so : arm_release_vers are match. to set the full mali_ver 'g25p0-00eac0-2' as value of 'sys.gmali.version'.
04-21 09:42:28.033 28319 28336 W libc    : Unable to set property "sys.gmali.version" to "g25p0-00eac0-2": connection failed; errno=13 (Permission denied)
04-21 09:42:28.037 28319 28336 I mali_so : [File] : hardware/arm/mali/driver/product/base/src/mali_base_kbase.c; [Line] : 1407; [Func] : base_context_deal_with_version_affairs_rk_ext;
04-21 09:42:28.037 28319 28336 I mali_so : arm_release_ver of this mali_so is 'g25p0-00eac0', rk_so_ver is '2'.
04-21 09:42:28.037 28319 28336 I mali_so : [File] : hardware/arm/mali/driver/product/base/src/mali_base_kbase.c; [Line] : 1423; [Func] : base_context_deal_with_version_affairs_rk_ext;
04-21 09:42:28.037 28319 28336 I mali_so : arm_release_vers are match. to set the full mali_ver 'g25p0-00eac0-2' as value of 'sys.gmali.version'.
04-21 09:42:28.037 28319 28336 W libc    : Unable to set property "sys.gmali.version" to "g25p0-00eac0-2": connection failed; errno=13 (Permission denied)
04-21 09:42:28.042 28319 28319 D AppCompatDelegate: Checking for metadata for AppLocalesMetadataHolderService : Service not found
04-21 09:42:28.059 28319 28319 I StartupAudit: activity_created activity=MainActivity displayIndex=0 pid=28319 time=2026-04-21 09:42:28.058
04-21 09:42:28.076   888  1622 D FileUtils: Rounded bytes from 4073672704 to 8000000000
04-21 09:42:28.095 28319 28319 D jni_lib_merge: Entering merged library JNI_OnLoad.
04-21 09:42:28.095 28319 28319 D jni_lib_merge: Preparing 4 pre-merged libs (including stub)
04-21 09:42:28.095 28319 28319 D jni_lib_merge: Preparing to register libhermes_executor_so.  onload_func: 0x775c069728
04-21 09:42:28.095 28319 28319 D jni_lib_merge: Preparing to register libhermesinstancejni_so.  onload_func: 0x775c070d44
04-21 09:42:28.095 28319 28319 D jni_lib_merge: Preparing to register libjsijniprofiler_so.  onload_func: 0x775c071530
04-21 09:42:28.095 28319 28319 D jni_lib_merge: About to register 3 actual methods.
04-21 09:42:28.099 28319 28319 I HotUpdateBundleResolver: no_active_marker isPrimaryProcess=true pid=28319
04-21 09:42:28.099 28319 28319 I MainApplication: getJSBundleFile process=com.impos2.mixcretailassemblyrn84 isPrimaryProcess=true resolvedBundle=null fallbackBundle=null selectedBundle=null
04-21 09:42:28.114 28319 28319 W unknown:BridgelessReact: ReactHost{0}.startSurface(surfaceId = 0): Schedule
04-21 09:42:28.114 28319 28319 W unknown:BridgelessReact: ReactHost{0}.attachSurface(surfaceId = 0)
04-21 09:42:28.115 28319 28353 W unknown:BridgelessReact: ReactHost{0}.getOrCreateReactInstanceTask()
04-21 09:42:28.116 28319 28353 W unknown:BridgelessReact: ReactHost{0}.getOrCreateReactInstanceTask(): Start
04-21 09:42:28.116 28319 28353 W unknown:BridgelessReact: ReactHost{0}.getJSBundleLoader()
04-21 09:42:28.117 28319 28353 W unknown:BridgelessReact: ReactHost{0}.getOrCreateReactInstanceTask(): Creating BridgelessReactContext
04-21 09:42:28.118 28319 28353 W unknown:BridgelessReact: ReactHost{0}.getOrCreateReactInstanceTask(): Creating ReactInstance
04-21 09:42:28.121   888  1622 D CompatibilityChangeReporter: Compat change id reported: 161145287; UID 10139; state: ENABLED
04-21 09:42:28.131   888  1622 D SunmiCustomerManagerService: onTransact
04-21 09:42:28.132   888  1622 V AtmsExtImpl_KioskMode: Kiosk Mode isKioskApp: false
04-21 09:42:28.133 28319 28319 W unknown:BridgelessReact: ReactHost{0}.onHostResume(activity)
04-21 09:42:28.133 28319 28319 W unknown:BridgelessReact: ReactHost{0}.ReactContext.onHostResume()
04-21 09:42:28.136 28319 28319 D CompatibilityChangeReporter: Compat change id reported: 237531167; UID 10139; state: DISABLED
04-21 09:42:28.136 28319 28319 W OpenGLRenderer: Unknown dataspace 0
04-21 09:42:28.142   888  1622 D ScenePolicyTrigger: activityResumed PassThronght com.impos2.mixcretailassemblyrn84
04-21 09:42:28.143   888  1622 I android_os_HwBinder: HwBinder: Starting thread pool for getting: com.sunmi.hyper_engine@1.0::IHyperEngine/default
04-21 09:42:28.144   684   684 I HyperEngine: notifyHyperFactor {"para1":"10","para2":"10","appInfo":{"packageName":"com.impos2.mixcretailassemblyrn84","pid":28319}}
04-21 09:42:28.144   684   684 I HyperEngine: last packageName: com.android.settings
04-21 09:42:28.144   684   684 I HyperEngine: onHyperFactorChanged XmlLoader::mCurrentConfigDir = /vendor/etc/hyperengine/rk3576/
04-21 09:42:28.145 28319 28319 D CompatibilityChangeReporter: Compat change id reported: 210923482; UID 10139; state: ENABLED
04-21 09:42:28.145   684   684 I HyperEngine: onHyperFactorChanged scenario type Normal: apply policy 0x00
04-21 09:42:28.145   684   684 I HyperEngine: applyPolicy CpusetConfig, id: 0x00
04-21 09:42:28.145   684   684 I HyperEngine: applyPolicy DeviceFreqConfig, id: 0x00
04-21 09:42:28.145   684   684 I HyperEngine: applyPolicy IOConfig, id: 0x00
04-21 09:42:28.145   684   684 I HyperEngine: applyPolicy SchedConfig, id: 0x00
04-21 09:42:28.150   684   684 I HyperEngine: requestAction : {"eventType":"WindowsAnimation","eventInfo":{"packageName":"com.impos2.mixcretailassemblyrn84"}}
04-21 09:42:28.150   888  1622 D ScenePolicyTrigger: requestAction: {"eventType":"WindowsAnimation","eventInfo":{"packageName":"com.impos2.mixcretailassemblyrn84"}}
04-21 09:42:28.151   888  1622 I android_os_HwBinder: HwBinder: Starting thread pool for getting: com.sunmi.hyper_engine@1.0::IHyperEngine/default
04-21 09:42:28.152   684   684 I HyperEngine: requestAction : {"eventType":"SqliteMode","eventInfo":{"packageName":"com.impos2.mixcretailassemblyrn84"}}
04-21 09:42:28.152   888  1622 I ScenePolicyTrigger: isSqliteMode return:{"method":"SqliteMode","return_code":false,"return_msg":"ok"}
04-21 09:42:28.154   888  5540 D CoreBackPreview: Window{75a3a1 u0 com.impos2.mixcretailassemblyrn84/com.impos2.mixcretailassemblyrn84.MainActivity}: Setting back callback OnBackInvokedCallbackInfo{mCallback=android.window.IOnBackInvokedCallback$Stub$Proxy@66d0d87, mPriority=0, mIsAnimationCallback=false}
04-21 09:42:28.165   346   387 W ServiceManagerCppClient: Permission failure: android.permission.ROTATE_SURFACE_FLINGER from uid=10139 pid=28319
04-21 09:42:28.165   346   387 D PermissionCache: checking android.permission.ROTATE_SURFACE_FLINGER for uid=10139 => denied (457 us)
04-21 09:42:28.165   346   387 W ServiceManagerCppClient: Permission failure: android.permission.INTERNAL_SYSTEM_WINDOW from uid=10139 pid=28319
04-21 09:42:28.165   346   387 D PermissionCache: checking android.permission.INTERNAL_SYSTEM_WINDOW for uid=10139 => denied (193 us)
04-21 09:42:28.165   346   388 W ServiceManagerCppClient: Permission failure: android.permission.ROTATE_SURFACE_FLINGER from uid=10139 pid=0
04-21 09:42:28.165   346   387 W ServiceManagerCppClient: Permission failure: android.permission.ACCESS_SURFACE_FLINGER from uid=10139 pid=28319
04-21 09:42:28.165   346   388 D PermissionCache: checking android.permission.ROTATE_SURFACE_FLINGER for uid=10139 => denied (1124 us)
04-21 09:42:28.165   346   387 D PermissionCache: checking android.permission.ACCESS_SURFACE_FLINGER for uid=10139 => denied (158 us)
04-21 09:42:28.170   287   287 I hwservicemanager: getTransport: Cannot find entry android.hardware.graphics.allocator@4.0::IAllocator/default in either framework or device VINTF manifest.
04-21 09:42:28.171   342   342 I android.hardware.graphics.allocator-V1-service: alloc_format: RGBA_8888 + AFBC + SPLIT + WIDE + SPARSE + Datatype: UNORM
04-21 09:42:28.171   342   342 I android.hardware.graphics.allocator-V1-service: mali_gralloc_adjust_dimensions: alloc_format=RGBA_8888 + AFBC + SPLIT + WIDE + SPARSE + Datatype: UNORM usage=TEXTURE + RENDER + HWC alloc_width=1920, alloc_height=1088
04-21 09:42:28.173   342   342 I android.hardware.graphics.allocator-V1-service: Writing AFBC header layout 0 for format 1, n_headers: 8160
04-21 09:42:28.173   342   342 D android.hardware.graphics.allocator-V1-service: got new private_handle_t instance for buffer 'VRI[MainActivity]#0(BLAST Consumer)0'. share_fd : 10, share_attr_fd : 11, width : 1920, height : 1080, req_format : 0x1, producer_usage : 0xb00, consumer_usage : 0xb00, , stride : 0, alloc_format_base: 1, alloc_format_modifiers: 0x04190000, size : 8486912, layer_count : 1, backing_store_id: 0x1560000602f
04-21 09:42:28.173   342   342 D android.hardware.graphics.allocator-V1-service: plane_info[0]: offset : 0, byte_stride : 7680, alloc_width : 1920, alloc_height : 1088
04-21 09:42:28.173   342   342 D android.hardware.graphics.allocator-V1-service: plane_info[1]: offset : 0, byte_stride : 0, alloc_width : 0, alloc_height : 0
04-21 09:42:28.173   342   342 I android.hardware.graphics.allocator-V1-service: alloc_format: RGBA_8888 + AFBC + SPLIT + WIDE + SPARSE + Datatype: UNORM
04-21 09:42:28.174   342   342 I android.hardware.graphics.allocator-V1-service: mali_gralloc_adjust_dimensions: alloc_format=RGBA_8888 + AFBC + SPLIT + WIDE + SPARSE + Datatype: UNORM usage=TEXTURE + RENDER + HWC alloc_width=1920, alloc_height=1088
04-21 09:42:28.175   342   342 I android.hardware.graphics.allocator-V1-service: Writing AFBC header layout 0 for format 1, n_headers: 8160
04-21 09:42:28.175   342   342 D android.hardware.graphics.allocator-V1-service: got new private_handle_t instance for buffer 'VRI[MainActivity]#0(BLAST Consumer)0'. share_fd : 10, share_attr_fd : 11, width : 1920, height : 1080, req_format : 0x1, producer_usage : 0xb00, consumer_usage : 0xb00, , stride : 0, alloc_format_base: 1, alloc_format_modifiers: 0x04190000, size : 8486912, layer_count : 1, backing_store_id: 0x15600006030
04-21 09:42:28.175   342   342 D android.hardware.graphics.allocator-V1-service: plane_info[0]: offset : 0, byte_stride : 7680, alloc_width : 1920, alloc_height : 1088
04-21 09:42:28.175   342   342 D android.hardware.graphics.allocator-V1-service: plane_info[1]: offset : 0, byte_stride : 0, alloc_width : 0, alloc_height : 0
04-21 09:42:28.176   342   342 I android.hardware.graphics.allocator-V1-service: alloc_format: RGBA_8888 + AFBC + SPLIT + WIDE + SPARSE + Datatype: UNORM
04-21 09:42:28.176   342   342 I android.hardware.graphics.allocator-V1-service: mali_gralloc_adjust_dimensions: alloc_format=RGBA_8888 + AFBC + SPLIT + WIDE + SPARSE + Datatype: UNORM usage=TEXTURE + RENDER + HWC alloc_width=1920, alloc_height=1088
04-21 09:42:28.178   342   342 I android.hardware.graphics.allocator-V1-service: Writing AFBC header layout 0 for format 1, n_headers: 8160
04-21 09:42:28.178   342   342 D android.hardware.graphics.allocator-V1-service: got new private_handle_t instance for buffer 'VRI[MainActivity]#0(BLAST Consumer)0'. share_fd : 10, share_attr_fd : 11, width : 1920, height : 1080, req_format : 0x1, producer_usage : 0xb00, consumer_usage : 0xb00, , stride : 0, alloc_format_base: 1, alloc_format_modifiers: 0x04190000, size : 8486912, layer_count : 1, backing_store_id: 0x15600006031
04-21 09:42:28.178   342   342 D android.hardware.graphics.allocator-V1-service: plane_info[0]: offset : 0, byte_stride : 7680, alloc_width : 1920, alloc_height : 1088
04-21 09:42:28.178   342   342 D android.hardware.graphics.allocator-V1-service: plane_info[1]: offset : 0, byte_stride : 0, alloc_width : 0, alloc_height : 0
04-21 09:42:28.184 28319 28353 W unknown:BridgelessReact: ReactHost{0}.getOrCreateReactInstanceTask(): Loading JS Bundle
04-21 09:42:28.184 28319 28353 W unknown:BridgelessReact: ReactHost{0}.getOrCreateReactInstanceTask(): DevSupportManager.onNewReactContextCreated()
04-21 09:42:28.185 28319 28353 W unknown:BridgelessReact: ReactHost{0}.startSurface(surfaceId = 0): Execute
04-21 09:42:28.193 28319 28354 I ReactNativeJS: Running "MixcRetailAssemblyRN84"
04-21 09:42:28.201 28319 28354 W unknown:ViewManagerPropertyUpdater: Could not find generated setter for class com.horcrux.svg.RenderableViewManager$DefsViewManager
04-21 09:42:28.207 28319 28354 W unknown:ViewManagerPropertyUpdater: Could not find generated setter for class com.horcrux.svg.VirtualViewManager$c
04-21 09:42:28.212 28319 28354 W unknown:ViewManagerPropertyUpdater: Could not find generated setter for class com.horcrux.svg.RenderableViewManager$FeMergeManager
04-21 09:42:28.217 28319 28354 W unknown:ViewManagerPropertyUpdater: Could not find generated setter for class com.facebook.react.views.safeareaview.ReactSafeAreaViewManager
04-21 09:42:28.217 28319 28354 W unknown:ViewManagerPropertyUpdater: Could not find generated setter for class com.facebook.react.uimanager.V
04-21 09:42:28.220 28319 28354 W unknown:ViewManagerPropertyUpdater: Could not find generated setter for class com.horcrux.svg.RenderableViewManager$LinearGradientManager
04-21 09:42:28.225 28319 28354 W unknown:ViewManagerPropertyUpdater: Could not find generated setter for class com.horcrux.svg.RenderableViewManager$FeGaussianBlurManager
04-21 09:42:28.229 28319 28354 W unknown:ViewManagerPropertyUpdater: Could not find generated setter for class com.facebook.react.views.progressbar.ReactProgressBarViewManager
04-21 09:42:28.230 28319 28354 W unknown:ViewManagerPropertyUpdater: Could not find generated setter for class com.facebook.react.views.progressbar.b
04-21 09:42:28.233 28319 28354 W unknown:ViewManagerPropertyUpdater: Could not find generated setter for class com.facebook.react.views.scroll.ReactHorizontalScrollViewManager
04-21 09:42:28.238 28319 28354 W unknown:ViewManagerPropertyUpdater: Could not find generated setter for class com.facebook.react.views.text.ReactTextViewManager
04-21 09:42:28.240 28319 28354 W unknown:ViewManagerPropertyUpdater: Could not find generated setter for class com.facebook.react.views.text.j
04-21 09:42:28.242   888  5540 W ServiceManagerCppClient: Permission failure: android.permission.ROTATE_SURFACE_FLINGER from uid=10139 pid=0
04-21 09:42:28.242   888  5540 D PermissionCache: checking android.permission.ROTATE_SURFACE_FLINGER for uid=10139 => denied (290 us)
04-21 09:42:28.243   888  5540 W ServiceManagerCppClient: Permission failure: android.permission.INTERNAL_SYSTEM_WINDOW from uid=10139 pid=0
04-21 09:42:28.243   888  5540 D PermissionCache: checking android.permission.INTERNAL_SYSTEM_WINDOW for uid=10139 => denied (99 us)
04-21 09:42:28.243   888  5540 W ServiceManagerCppClient: Permission failure: android.permission.ACCESS_SURFACE_FLINGER from uid=10139 pid=0
04-21 09:42:28.243   888  5540 D PermissionCache: checking android.permission.ACCESS_SURFACE_FLINGER for uid=10139 => denied (67 us)
04-21 09:42:28.244 28319 28354 W unknown:ViewManagerPropertyUpdater: Could not find generated setter for class com.horcrux.svg.RenderableViewManager$FeColorMatrixManager
04-21 09:42:28.248 28319 28319 W unknown:BridgelessReact: ReactHost{0}.ReactContext.onHostResume()
04-21 09:42:28.248 28319 28319 W unknown:BridgelessReact: ReactHost{0}.getOrCreateReactInstanceTask(): Executing ReactInstanceEventListeners
04-21 09:42:28.248 28319 28354 W unknown:ViewManagerPropertyUpdater: Could not find generated setter for class com.facebook.react.views.scroll.ReactHorizontalScrollContainerViewManager
04-21 09:42:28.249 28319 28319 W unknown:ViewManagerPropertyUpdater: Could not find generated setter for class com.facebook.react.uimanager.RootViewManager
04-21 09:42:28.251   888   904 I ActivityTaskManager: Displayed com.impos2.mixcretailassemblyrn84/.MainActivity for user 0: +440ms
04-21 09:42:28.252   888  1622 V WindowManager: getPackagePerformanceMode -- ComponentInfo{com.impos2.mixcretailassemblyrn84/com.impos2.mixcretailassemblyrn84.MainActivity} -- com.impos2.mixcretailassemblyrn84 -- mode=0
04-21 09:42:28.254 28319 28354 W unknown:ViewManagerPropertyUpdater: Could not find generated setter for class com.horcrux.svg.RenderableViewManager$ClipPathViewManager
04-21 09:42:28.252   688   688 W android.hardwar: type=1400 audit(0.0:8685): avc:  denied  { read } for  name="u:object_r:vendor_sculptor_prop:s0" dev="tmpfs" ino=383 scontext=u:r:hal_power_default:s0 tcontext=u:object_r:vendor_sculptor_prop:s0 tclass=file permissive=0
04-21 09:42:28.254   688   688 W libc    : Access denied finding property "vendor.sculptor.enable"
04-21 09:42:28.258 28319 28354 W unknown:ViewManagerPropertyUpdater: Could not find generated setter for class com.horcrux.svg.RenderableViewManager$SymbolManager
04-21 09:42:28.263 28319 28354 W unknown:ViewManagerPropertyUpdater: Could not find generated setter for class com.horcrux.svg.RenderableViewManager$PatternManager
04-21 09:42:28.268   888  1622 D CompatibilityChangeReporter: Compat change id reported: 214016041; UID 10139; state: ENABLED
04-21 09:42:28.268   888  1622 I ImeTracker: com.impos2.mixcretailassemblyrn84:6f05ee75: onRequestHide at ORIGIN_SERVER_HIDE_INPUT reason HIDE_UNSPECIFIED_WINDOW
04-21 09:42:28.268 28319 28354 W unknown:ViewManagerPropertyUpdater: Could not find generated setter for class com.horcrux.svg.RenderableViewManager$FeBlendManager
04-21 09:42:28.269   888  1622 I ImeTracker: com.impos2.mixcretailassemblyrn84:6f05ee75: onCancelled at PHASE_SERVER_SHOULD_HIDE
04-21 09:42:28.271   342   342 I android.hardware.graphics.allocator-V1-service: alloc_format: RGBA_8888 + AFBC + SPLIT + WIDE + SPARSE + Datatype: UNORM
04-21 09:42:28.271   342   342 I android.hardware.graphics.allocator-V1-service: mali_gralloc_adjust_dimensions: alloc_format=RGBA_8888 + AFBC + SPLIT + WIDE + SPARSE + Datatype: UNORM usage=TEXTURE + RENDER + HWC alloc_width=1920, alloc_height=1088
04-21 09:42:28.272 28319 28354 W unknown:ViewManagerPropertyUpdater: Could not find generated setter for class com.facebook.react.views.view.ReactViewManager
04-21 09:42:28.273   342   342 I android.hardware.graphics.allocator-V1-service: Writing AFBC header layout 0 for format 1, n_headers: 8160
04-21 09:42:28.273   342   342 D android.hardware.graphics.allocator-V1-service: got new private_handle_t instance for buffer 'VRI[mixcretailassemblyrn84]#606(BLAST Consumer)606'. share_fd : 10, share_attr_fd : 11, width : 1920, height : 1080, req_format : 0x1, producer_usage : 0xb00, consumer_usage : 0xb00, , stride : 0, alloc_format_base: 1, alloc_format_modifiers: 0x04190000, size : 8486912, layer_count : 1, backing_store_id: 0x15600006032
04-21 09:42:28.273   342   342 D android.hardware.graphics.allocator-V1-service: plane_info[0]: offset : 0, byte_stride : 7680, alloc_width : 1920, alloc_height : 1088
04-21 09:42:28.273   342   342 D android.hardware.graphics.allocator-V1-service: plane_info[1]: offset : 0, byte_stride : 0, alloc_width : 0, alloc_height : 0
04-21 09:42:28.275  1750  1750 I GoogleInputMethodService: GoogleInputMethodService.onFinishInput():3184 
04-21 09:42:28.275 28319 28354 W unknown:ViewManagerPropertyUpdater: Could not find generated setter for class com.horcrux.svg.SvgViewManager
04-21 09:42:28.278  1750  1750 I GoogleInputMethodService: GoogleInputMethodService.updateDeviceLockedStatus():2246 repeatCheckTimes = 0, locked = false
04-21 09:42:28.278  1750  1750 I GoogleInputMethodService: GoogleInputMethodService.onStartInput():1982 onStartInput(EditorInfo{EditorInfo{packageName=com.impos2.mixcretailassemblyrn84, inputType=0, inputTypeString=NULL, enableLearning=false, autoCorrection=false, autoComplete=false, imeOptions=0, privateImeOptions=null, actionName=UNSPECIFIED, actionLabel=null, initialSelStart=-1, initialSelEnd=-1, initialCapsMode=0, label=null, fieldId=0, fieldName=null, extras=null, hintText=null, hintLocales=[]}}, false)
04-21 09:42:28.280  1750  1750 I GoogleInputMethodService: GoogleInputMethodService.updateDeviceLockedStatus():2246 repeatCheckTimes = 1, locked = false
04-21 09:42:28.280  1750  1750 I AndroidIME: InputBundleManager.loadActiveInputBundleId():450 loadActiveInputBundleId: und-Latn-x-password, password_floating_hard_qwerty
04-21 09:42:28.280  1750  1750 W EmojiCompatManager: EmojiCompatManager.getEmojiCompatIfLoaded():335 EmojiCompat failed to load.
04-21 09:42:28.281   888  1622 W PackageConfigPersister: App-specific configuration not found for packageName: com.impos2.mixcretailassemblyrn84 and userId: 0
04-21 09:42:28.282 28319 28354 W unknown:ViewManagerPropertyUpdater: Could not find generated setter for class com.facebook.react.views.switchview.ReactSwitchManager
04-21 09:42:28.284 28319 28354 W unknown:ViewManagerPropertyUpdater: Could not find generated setter for class com.facebook.react.views.switchview.d
04-21 09:42:28.286   342   342 I android.hardware.graphics.allocator-V1-service: alloc_format: RGBA_8888 + AFBC + SPLIT + WIDE + SPARSE + Datatype: UNORM
04-21 09:42:28.286   342   342 I android.hardware.graphics.allocator-V1-service: mali_gralloc_adjust_dimensions: alloc_format=RGBA_8888 + AFBC + SPLIT + WIDE + SPARSE + Datatype: UNORM usage=TEXTURE + RENDER + HWC alloc_width=1920, alloc_height=1088
04-21 09:42:28.287 28319 28354 W unknown:ViewManagerPropertyUpdater: Could not find generated setter for class com.horcrux.svg.RenderableViewManager$UseViewManager
04-21 09:42:28.287   342   342 I android.hardware.graphics.allocator-V1-service: Writing AFBC header layout 0 for format 1, n_headers: 8160
04-21 09:42:28.288   342   342 D android.hardware.graphics.allocator-V1-service: got new private_handle_t instance for buffer 'VRI[mixcretailassemblyrn84]#606(BLAST Consumer)606'. share_fd : 10, share_attr_fd : 11, width : 1920, height : 1080, req_format : 0x1, producer_usage : 0xb00, consumer_usage : 0xb00, , stride : 0, alloc_format_base: 1, alloc_format_modifiers: 0x04190000, size : 8486912, layer_count : 1, backing_store_id: 0x15600006033
04-21 09:42:28.288   342   342 D android.hardware.graphics.allocator-V1-service: plane_info[0]: offset : 0, byte_stride : 7680, alloc_width : 1920, alloc_height : 1088
04-21 09:42:28.288   342   342 D android.hardware.graphics.allocator-V1-service: plane_info[1]: offset : 0, byte_stride : 0, alloc_width : 0, alloc_height : 0
04-21 09:42:28.291 28319 28354 W unknown:ViewManagerPropertyUpdater: Could not find generated setter for class com.horcrux.svg.RenderableViewManager$CircleViewManager
04-21 09:42:28.296 28319 28354 W unknown:ViewManagerPropertyUpdater: Could not find generated setter for class com.horcrux.svg.RenderableViewManager$TSpanViewManager
04-21 09:42:28.296   342   342 I android.hardware.graphics.allocator-V1-service: alloc_format: RGBA_8888 + AFBC + SPLIT + WIDE + SPARSE + Datatype: UNORM
04-21 09:42:28.296   342   342 I android.hardware.graphics.allocator-V1-service: mali_gralloc_adjust_dimensions: alloc_format=RGBA_8888 + AFBC + SPLIT + WIDE + SPARSE + Datatype: UNORM usage=TEXTURE + RENDER + HWC alloc_width=1920, alloc_height=1088
04-21 09:42:28.298   342   342 I android.hardware.graphics.allocator-V1-service: Writing AFBC header layout 0 for format 1, n_headers: 8160
04-21 09:42:28.298   342   342 D android.hardware.graphics.allocator-V1-service: got new private_handle_t instance for buffer 'VRI[mixcretailassemblyrn84]#606(BLAST Consumer)606'. share_fd : 10, share_attr_fd : 11, width : 1920, height : 1080, req_format : 0x1, producer_usage : 0xb00, consumer_usage : 0xb00, , stride : 0, alloc_format_base: 1, alloc_format_modifiers: 0x04190000, size : 8486912, layer_count : 1, backing_store_id: 0x15600006034
04-21 09:42:28.298   342   342 D android.hardware.graphics.allocator-V1-service: plane_info[0]: offset : 0, byte_stride : 7680, alloc_width : 1920, alloc_height : 1088
04-21 09:42:28.298   342   342 D android.hardware.graphics.allocator-V1-service: plane_info[1]: offset : 0, byte_stride : 0, alloc_width : 0, alloc_height : 0
04-21 09:42:28.301 28319 28354 W unknown:ViewManagerPropertyUpdater: Could not find generated setter for class com.horcrux.svg.RenderableViewManager$FilterManager
04-21 09:42:28.305 28319 28354 W unknown:ViewManagerPropertyUpdater: Could not find generated setter for class com.horcrux.svg.RenderableViewManager$MarkerManager
04-21 09:42:28.309 28319 28354 W unknown:ViewManagerPropertyUpdater: Could not find generated setter for class com.facebook.react.views.modal.ReactModalHostManager
04-21 09:42:28.313 28319 28354 W unknown:ViewManagerPropertyUpdater: Could not find generated setter for class com.horcrux.svg.RenderableViewManager$ForeignObjectManager
04-21 09:42:28.317 28319 28354 W unknown:ViewManagerPropertyUpdater: Could not find generated setter for class com.horcrux.svg.RenderableViewManager$EllipseViewManager
04-21 09:42:28.321 28319 28354 W unknown:ViewManagerPropertyUpdater: Could not find generated setter for class com.horcrux.svg.RenderableViewManager$LineViewManager
04-21 09:42:28.325 28319 28354 W unknown:ViewManagerPropertyUpdater: Could not find generated setter for class com.facebook.react.views.text.frescosupport.FrescoBasedReactTextInlineImageViewManager
04-21 09:42:28.325 28319 28354 W unknown:ViewManagerPropertyUpdater: Could not find generated setter for class com.facebook.react.views.text.frescosupport.a
04-21 09:42:28.328 28319 28354 W unknown:ViewManagerPropertyUpdater: Could not find generated setter for class com.horcrux.svg.RenderableViewManager$FeFloodManager
04-21 09:42:28.332 28319 28354 W unknown:ViewManagerPropertyUpdater: Could not find generated setter for class com.horcrux.svg.RenderableViewManager$GroupViewManager
04-21 09:42:28.335 28319 28354 W unknown:ViewManagerPropertyUpdater: Could not find generated setter for class com.horcrux.svg.RenderableViewManager$TextViewManager
04-21 09:42:28.339 28319 28354 W unknown:ViewManagerPropertyUpdater: Could not find generated setter for class com.horcrux.svg.RenderableViewManager$ImageViewManager
04-21 09:42:28.343 28319 28354 W unknown:ViewManagerPropertyUpdater: Could not find generated setter for class com.horcrux.svg.RenderableViewManager$FeCompositeManager
04-21 09:42:28.347 28319 28354 W unknown:ViewManagerPropertyUpdater: Could not find generated setter for class com.facebook.react.views.image.ReactImageManager
04-21 09:42:28.351 28319 28354 W unknown:ViewManagerPropertyUpdater: Could not find generated setter for class com.horcrux.svg.RenderableViewManager$RadialGradientManager
04-21 09:42:28.354 28319 28354 W unknown:ViewManagerPropertyUpdater: Could not find generated setter for class com.horcrux.svg.RenderableViewManager$MaskManager
04-21 09:42:28.360 28319 28354 W unknown:ViewManagerPropertyUpdater: Could not find generated setter for class com.facebook.react.views.unimplementedview.ReactUnimplementedViewManager
04-21 09:42:28.363 28319 28354 W unknown:ViewManagerPropertyUpdater: Could not find generated setter for class com.horcrux.svg.RenderableViewManager$RectViewManager
04-21 09:42:28.367 28319 28354 W unknown:ViewManagerPropertyUpdater: Could not find generated setter for class com.horcrux.svg.RenderableViewManager$TextPathViewManager
04-21 09:42:28.371 28319 28354 W unknown:ViewManagerPropertyUpdater: Could not find generated setter for class com.facebook.react.views.scroll.ReactScrollViewManager
04-21 09:42:28.376 28319 28354 W unknown:ViewManagerPropertyUpdater: Could not find generated setter for class com.horcrux.svg.RenderableViewManager$FeOffsetManager
