04-21 09:45:42.432 28319 28355 I MMKV    : <MMKV_IO.cpp:609::writeActualSize> [mixc-retail-assembly-rn84::secure-state] increase sequence to 2, crc 0, actualSize 0
04-21 09:45:42.433 28319 28355 I MMKV    : <MMKV.cpp:340::clearMemoryCache> clearMemoryCache [mixc-retail-assembly-rn84::secure-state]
04-21 09:45:42.433 28319 28355 I MMKV    : <MemoryFile.cpp:109::close> closing fd[5], /data/data/com.impos2.mixcretailassemblyrn84/files/mmkv/specialCharacter/c08c20d895f199f98a40164528d2f6a6
04-21 09:45:42.433 28319 28355 I MMKV    : <MMKV_IO.cpp:287::loadMetaInfoAndCheck> meta file [mixc-retail-assembly-rn84::secure-state] has flag [0]
04-21 09:45:42.433 28319 28355 I MMKV    : <MemoryFile.cpp:103::open> open fd[5], flag 0x7, /data/data/com.impos2.mixcretailassemblyrn84/files/mmkv/specialCharacter/c08c20d895f199f98a40164528d2f6a6
04-21 09:45:42.433 28319 28355 I MMKV    : <MemoryFile.cpp:250::mmapOrCleanup> mmap to address [0x7acbe82000], oldPtr [0x0], [/data/data/com.impos2.mixcretailassemblyrn84/files/mmkv/specialCharacter/c08c20d895f199f98a40164528d2f6a6]
04-21 09:45:42.433 28319 28355 I MMKV    : <MemoryFile.cpp:109::close> closing fd[5], /data/data/com.impos2.mixcretailassemblyrn84/files/mmkv/specialCharacter/c08c20d895f199f98a40164528d2f6a6
04-21 09:45:42.433 28319 28355 I MMKV    : <MMKV_IO.cpp:94::loadFromFile> loading [mixc-retail-assembly-rn84::secure-state] with 0 actual size, file size 4096, InterProcess 0, meta info version:4
04-21 09:45:42.434 28319 28355 I MMKV    : <MMKV_IO.cpp:145::loadFromFile> loaded [mixc-retail-assembly-rn84::secure-state] with 0 key-values
04-21 09:45:42.460 28319 28355 I assembly.assembly.android.mixc-retail-rn84: [assembly.topology] Native topology host already matches desired lifecycle state {"displayCount":2,"displayIndex":0,"deviceId":"2N4QS8GYRS","instanceMode":"MASTER","enableSlave":false,"running":false,"reason":"not-master-or-single-primary-host"}
04-21 09:45:42.462 28319 28355 I MMKV    : <MMKV_IO.cpp:609::writeActualSize> [mixc-retail-assembly-rn84::state] increase sequence to 42, crc 2055714869, actualSize 4
04-21 09:45:42.465 28319 28355 I assembly.assembly.android.mixc-retail-rn84: [assembly.topology] Native topology host already matches desired lifecycle state {"displayCount":2,"displayIndex":0,"deviceId":"2N4QS8GYRS","instanceMode":"MASTER","enableSlave":false,"running":false,"reason":"not-master-or-single-primary-host"}
04-21 09:45:42.467 28319 28355 I MMKV    : <MMKV_IO.cpp:609::writeActualSize> [mixc-retail-assembly-rn84::state] increase sequence to 43, crc 569966404, actualSize 2526
04-21 09:45:42.467 28319 28355 I MMKV    : <MMKV.cpp:1208::sync> MMKV::sync, SyncFlag = 1
04-21 09:45:42.497 28319 28355 I assembly.assembly.android.mixc-retail-rn84: [assembly.topology] Native topology host already matches desired lifecycle state {"displayCount":2,"displayIndex":0,"deviceId":"2N4QS8GYRS","instanceMode":"MASTER","enableSlave":true,"running":false,"reason":"not-master-or-single-primary-host"}
04-21 09:45:42.498 28319 28355 I assembly.assembly.android.mixc-retail-rn84: [assembly.topology] Native topology host already matches desired lifecycle state {"displayCount":2,"displayIndex":0,"deviceId":"2N4QS8GYRS","instanceMode":"MASTER","enableSlave":true,"running":false,"reason":"not-master-or-single-primary-host"}
04-21 09:45:42.501 28319 28355 I assembly.assembly.android.mixc-retail-rn84: [assembly.topology] Native topology host already matches desired lifecycle state {"displayCount":2,"displayIndex":0,"deviceId":"2N4QS8GYRS","instanceMode":"MASTER","enableSlave":true,"running":false,"reason":"not-master-or-single-primary-host"}
04-21 09:45:42.502 28319 28354 I ReactNativeJS: '[tcp-bootstrap-state-written]', '{"nodeId":"master:2N4QS8GYRS","runtimeId":"run_mo7yl9jv_zxhk5vm7swwsvgvu","displayIndex":0,"requestId":"req_mo7ypf84_nz3rjyujhjpazdo2","commandId":"cmd_mo7ypf8l_fd4o4twpta9wun6o","nextDeviceFingerprint":"2N4QS8GYRS","nextDeviceInfo":{"id":"2N4QS8GYRS","model":"Mixc Retail Android RN84"},"previousIdentity":{"activationStatus":"UNACTIVATED"}}'
04-21 09:45:42.517 28319 28355 I assembly.assembly.android.mixc-retail-rn84: [assembly.topology] Native topology host already matches desired lifecycle state {"displayCount":2,"displayIndex":0,"deviceId":"2N4QS8GYRS","instanceMode":"MASTER","enableSlave":true,"running":false,"reason":"not-master-or-single-primary-host"}
04-21 09:45:42.520 28319 28355 I assembly.assembly.android.mixc-retail-rn84: [assembly.topology] Native topology host already matches desired lifecycle state {"displayCount":2,"displayIndex":0,"deviceId":"2N4QS8GYRS","instanceMode":"MASTER","enableSlave":true,"running":false,"reason":"not-master-or-single-primary-host"}
04-21 09:45:42.521 28319 28355 I assembly.assembly.android.mixc-retail-rn84: [assembly.topology] Native topology host already matches desired lifecycle state {"displayCount":2,"displayIndex":0,"deviceId":"2N4QS8GYRS","instanceMode":"MASTER","enableSlave":true,"running":false,"reason":"not-master-or-single-primary-host"}
04-21 09:45:42.523 28319 28355 I assembly.assembly.android.mixc-retail-rn84: [assembly.topology] Native topology host already matches desired lifecycle state {"displayCount":2,"displayIndex":0,"deviceId":"2N4QS8GYRS","instanceMode":"MASTER","enableSlave":true,"running":false,"reason":"not-master-or-single-primary-host"}
04-21 09:45:42.524 28319 28355 I assembly.assembly.android.mixc-retail-rn84: [assembly.topology] Native topology host already matches desired lifecycle state {"displayCount":2,"displayIndex":0,"deviceId":"2N4QS8GYRS","instanceMode":"MASTER","enableSlave":true,"running":false,"reason":"not-master-or-single-primary-host"}
04-21 09:45:42.524 28319 28355 I assembly.assembly.android.mixc-retail-rn84: [assembly.topology] Native topology host already matches desired lifecycle state {"displayCount":2,"displayIndex":0,"deviceId":"2N4QS8GYRS","instanceMode":"MASTER","enableSlave":true,"running":false,"reason":"not-master-or-single-primary-host"}
04-21 09:45:42.525 28319 28355 I assembly.assembly.android.mixc-retail-rn84: [assembly.topology] Native topology host already matches desired lifecycle state {"displayCount":2,"displayIndex":0,"deviceId":"2N4QS8GYRS","instanceMode":"MASTER","enableSlave":true,"running":false,"reason":"not-master-or-single-primary-host"}
04-21 09:45:42.525 28319 28355 I assembly.assembly.android.mixc-retail-rn84: [assembly.topology] Native topology host already matches desired lifecycle state {"displayCount":2,"displayIndex":0,"deviceId":"2N4QS8GYRS","instanceMode":"MASTER","enableSlave":true,"running":false,"reason":"not-master-or-single-primary-host"}
04-21 09:45:42.525 28319 28355 I assembly.assembly.android.mixc-retail-rn84: [assembly.topology] Native topology host already matches desired lifecycle state {"displayCount":2,"displayIndex":0,"deviceId":"2N4QS8GYRS","instanceMode":"MASTER","enableSlave":true,"running":false,"reason":"not-master-or-single-primary-host"}
04-21 09:45:42.526 28319 28355 I assembly.assembly.android.mixc-retail-rn84: [assembly.topology] Native topology host already matches desired lifecycle state {"displayCount":2,"displayIndex":0,"deviceId":"2N4QS8GYRS","instanceMode":"MASTER","enableSlave":true,"running":false,"reason":"not-master-or-single-primary-host"}
04-21 09:45:42.526 28319 28355 I assembly.assembly.android.mixc-retail-rn84: [assembly.topology] Native topology host already matches desired lifecycle state {"displayCount":2,"displayIndex":0,"deviceId":"2N4QS8GYRS","instanceMode":"MASTER","enableSlave":true,"running":false,"reason":"not-master-or-single-primary-host"}
04-21 09:45:42.526 28319 28355 I assembly.assembly.android.mixc-retail-rn84: [assembly.topology] Native topology host already matches desired lifecycle state {"displayCount":2,"displayIndex":0,"deviceId":"2N4QS8GYRS","instanceMode":"MASTER","enableSlave":true,"running":false,"reason":"not-master-or-single-primary-host"}
04-21 09:45:42.526 28319 28355 I assembly.assembly.android.mixc-retail-rn84: [assembly.topology] Native topology host already matches desired lifecycle state {"displayCount":2,"displayIndex":0,"deviceId":"2N4QS8GYRS","instanceMode":"MASTER","enableSlave":true,"running":false,"reason":"not-master-or-single-primary-host"}
04-21 09:45:42.527 28319 28355 I assembly.assembly.android.mixc-retail-rn84: [assembly.topology] Native topology host already matches desired lifecycle state {"displayCount":2,"displayIndex":0,"deviceId":"2N4QS8GYRS","instanceMode":"MASTER","enableSlave":true,"running":false,"reason":"not-master-or-single-primary-host"}
04-21 09:45:42.527 28319 28355 I assembly.assembly.android.mixc-retail-rn84: [assembly.topology] Native topology host already matches desired lifecycle state {"displayCount":2,"displayIndex":0,"deviceId":"2N4QS8GYRS","instanceMode":"MASTER","enableSlave":true,"running":false,"reason":"not-master-or-single-primary-host"}
04-21 09:45:42.527 28319 28355 I assembly.assembly.android.mixc-retail-rn84: [assembly.topology] Native topology host already matches desired lifecycle state {"displayCount":2,"displayIndex":0,"deviceId":"2N4QS8GYRS","instanceMode":"MASTER","enableSlave":true,"running":false,"reason":"not-master-or-single-primary-host"}
04-21 09:45:42.528 28319 28355 I assembly.assembly.android.mixc-retail-rn84: [assembly.topology] Native topology host already matches desired lifecycle state {"displayCount":2,"displayIndex":0,"deviceId":"2N4QS8GYRS","instanceMode":"MASTER","enableSlave":true,"running":false,"reason":"not-master-or-single-primary-host"}
04-21 09:45:42.528 28401 28435 I assembly.assembly.android.mixc-retail-rn84: [assembly.topology] Native topology host already matches desired lifecycle state {"displayCount":2,"displayIndex":1,"deviceId":"2N4QS8GYRS","instanceMode":"SLAVE","enableSlave":false,"running":false,"reason":"not-master-or-single-primary-host"}
04-21 09:45:42.528 28319 28355 I assembly.assembly.android.mixc-retail-rn84: [assembly.topology] Native topology host already matches desired lifecycle state {"displayCount":2,"displayIndex":0,"deviceId":"2N4QS8GYRS","instanceMode":"MASTER","enableSlave":true,"running":false,"reason":"not-master-or-single-primary-host"}
04-21 09:45:42.528 28401 28435 I assembly.assembly.android.mixc-retail-rn84: [assembly.topology] Native topology host already matches desired lifecycle state {"displayCount":2,"displayIndex":1,"deviceId":"2N4QS8GYRS","instanceMode":"SLAVE","enableSlave":false,"running":false,"reason":"not-master-or-single-primary-host"}
04-21 09:45:42.529 28401 28435 I assembly.assembly.android.mixc-retail-rn84: [assembly.topology] Native topology host already matches desired lifecycle state {"displayCount":2,"displayIndex":1,"deviceId":"2N4QS8GYRS","instanceMode":"SLAVE","enableSlave":false,"running":false,"reason":"not-master-or-single-primary-host"}
04-21 09:45:42.529 28319 28355 I assembly.assembly.android.mixc-retail-rn84: [assembly.topology] Native topology host already matches desired lifecycle state {"displayCount":2,"displayIndex":0,"deviceId":"2N4QS8GYRS","instanceMode":"MASTER","enableSlave":true,"running":false,"reason":"not-master-or-single-primary-host"}
04-21 09:45:42.529 28319 28355 I assembly.assembly.android.mixc-retail-rn84: [assembly.topology] Native topology host already matches desired lifecycle state {"displayCount":2,"displayIndex":0,"deviceId":"2N4QS8GYRS","instanceMode":"MASTER","enableSlave":true,"running":false,"reason":"not-master-or-single-primary-host"}
04-21 09:45:42.530 28319 28355 I assembly.assembly.android.mixc-retail-rn84: [assembly.topology] Native topology host already matches desired lifecycle state {"displayCount":2,"displayIndex":0,"deviceId":"2N4QS8GYRS","instanceMode":"MASTER","enableSlave":true,"running":false,"reason":"not-master-or-single-primary-host"}
04-21 09:45:42.530 28319 28355 I assembly.assembly.android.mixc-retail-rn84: [assembly.topology] Native topology host already matches desired lifecycle state {"displayCount":2,"displayIndex":0,"deviceId":"2N4QS8GYRS","instanceMode":"MASTER","enableSlave":true,"running":false,"reason":"not-master-or-single-primary-host"}
04-21 09:45:42.530 28319 28355 I assembly.assembly.android.mixc-retail-rn84: [assembly.topology] Native topology host already matches desired lifecycle state {"displayCount":2,"displayIndex":0,"deviceId":"2N4QS8GYRS","instanceMode":"MASTER","enableSlave":true,"running":false,"reason":"not-master-or-single-primary-host"}
04-21 09:45:42.531 28319 28355 I assembly.assembly.android.mixc-retail-rn84: [assembly.topology] Native topology host already matches desired lifecycle state {"displayCount":2,"displayIndex":0,"deviceId":"2N4QS8GYRS","instanceMode":"MASTER","enableSlave":true,"running":false,"reason":"not-master-or-single-primary-host"}
04-21 09:45:42.531 28319 28355 I assembly.assembly.android.mixc-retail-rn84: [assembly.topology] Native topology host already matches desired lifecycle state {"displayCount":2,"displayIndex":0,"deviceId":"2N4QS8GYRS","instanceMode":"MASTER","enableSlave":true,"running":false,"reason":"not-master-or-single-primary-host"}
04-21 09:45:42.531 28319 28355 I assembly.assembly.android.mixc-retail-rn84: [assembly.topology] Native topology host already matches desired lifecycle state {"displayCount":2,"displayIndex":0,"deviceId":"2N4QS8GYRS","instanceMode":"MASTER","enableSlave":true,"running":false,"reason":"not-master-or-single-primary-host"}
04-21 09:45:42.532 28319 28355 I assembly.assembly.android.mixc-retail-rn84: [assembly.topology] Native topology host already matches desired lifecycle state {"displayCount":2,"displayIndex":0,"deviceId":"2N4QS8GYRS","instanceMode":"MASTER","enableSlave":true,"running":false,"reason":"not-master-or-single-primary-host"}
04-21 09:45:42.532 28319 28355 I assembly.assembly.android.mixc-retail-rn84: [assembly.topology] Native topology host already matches desired lifecycle state {"displayCount":2,"displayIndex":0,"deviceId":"2N4QS8GYRS","instanceMode":"MASTER","enableSlave":true,"running":false,"reason":"not-master-or-single-primary-host"}
04-21 09:45:42.532 28319 28355 I assembly.assembly.android.mixc-retail-rn84: [assembly.topology] Native topology host already matches desired lifecycle state {"displayCount":2,"displayIndex":0,"deviceId":"2N4QS8GYRS","instanceMode":"MASTER","enableSlave":true,"running":false,"reason":"not-master-or-single-primary-host"}
04-21 09:45:42.533 28319 28355 I assembly.assembly.android.mixc-retail-rn84: [assembly.topology] Native topology host already matches desired lifecycle state {"displayCount":2,"displayIndex":0,"deviceId":"2N4QS8GYRS","instanceMode":"MASTER","enableSlave":true,"running":false,"reason":"not-master-or-single-primary-host"}
04-21 09:45:42.533 28319 28355 I assembly.assembly.android.mixc-retail-rn84: [assembly.topology] Native topology host already matches desired lifecycle state {"displayCount":2,"displayIndex":0,"deviceId":"2N4QS8GYRS","instanceMode":"MASTER","enableSlave":true,"running":false,"reason":"not-master-or-single-primary-host"}
04-21 09:45:42.533 28319 28355 I assembly.assembly.android.mixc-retail-rn84: [assembly.topology] Native topology host already matches desired lifecycle state {"displayCount":2,"displayIndex":0,"deviceId":"2N4QS8GYRS","instanceMode":"MASTER","enableSlave":true,"running":false,"reason":"not-master-or-single-primary-host"}
04-21 09:45:42.534 28319 28355 I assembly.assembly.android.mixc-retail-rn84: [assembly.topology] Native topology host already matches desired lifecycle state {"displayCount":2,"displayIndex":0,"deviceId":"2N4QS8GYRS","instanceMode":"MASTER","enableSlave":true,"running":false,"reason":"not-master-or-single-primary-host"}
04-21 09:45:42.534 28319 28355 I assembly.assembly.android.mixc-retail-rn84: [assembly.topology] Native topology host already matches desired lifecycle state {"displayCount":2,"displayIndex":0,"deviceId":"2N4QS8GYRS","instanceMode":"MASTER","enableSlave":true,"running":false,"reason":"not-master-or-single-primary-host"}
04-21 09:45:42.534 28319 28355 I assembly.assembly.android.mixc-retail-rn84: [assembly.topology] Native topology host already matches desired lifecycle state {"displayCount":2,"displayIndex":0,"deviceId":"2N4QS8GYRS","instanceMode":"MASTER","enableSlave":true,"running":false,"reason":"not-master-or-single-primary-host"}
04-21 09:45:42.535 28319 28355 I assembly.assembly.android.mixc-retail-rn84: [assembly.topology] Native topology host already matches desired lifecycle state {"displayCount":2,"displayIndex":0,"deviceId":"2N4QS8GYRS","instanceMode":"MASTER","enableSlave":true,"running":false,"reason":"not-master-or-single-primary-host"}
04-21 09:45:42.535 28319 28355 I assembly.assembly.android.mixc-retail-rn84: [assembly.topology] Native topology host already matches desired lifecycle state {"displayCount":2,"displayIndex":0,"deviceId":"2N4QS8GYRS","instanceMode":"MASTER","enableSlave":true,"running":false,"reason":"not-master-or-single-primary-host"}
04-21 09:45:42.535 28319 28355 I assembly.assembly.android.mixc-retail-rn84: [assembly.topology] Native topology host already matches desired lifecycle state {"displayCount":2,"displayIndex":0,"deviceId":"2N4QS8GYRS","instanceMode":"MASTER","enableSlave":true,"running":false,"reason":"not-master-or-single-primary-host"}
04-21 09:45:42.538 28319 28355 I MMKV    : <MMKV_IO.cpp:530::expandAndWriteBack> extending [mixc-retail-assembly-rn84::state] file size from 4096 to 8192, incoming size:328, future usage:1770
04-21 09:45:42.538 28319 28355 I MMKV    : <MemoryFile.cpp:103::open> open fd[5], flag 0x7, /data/data/com.impos2.mixcretailassemblyrn84/files/mmkv/specialCharacter/cac4ff37f0f9b0189974948d3d3aa0fe
04-21 09:45:42.538 28319 28355 I MMKV    : <MemoryFile.cpp:250::mmapOrCleanup> mmap to address [0x7acbdd1000], oldPtr [0x7acbe83000], [/data/data/com.impos2.mixcretailassemblyrn84/files/mmkv/specialCharacter/cac4ff37f0f9b0189974948d3d3aa0fe]
04-21 09:45:42.538 28319 28355 I MMKV    : <MemoryFile.cpp:109::close> closing fd[5], /data/data/com.impos2.mixcretailassemblyrn84/files/mmkv/specialCharacter/cac4ff37f0f9b0189974948d3d3aa0fe
04-21 09:45:42.538 28319 28355 I MMKV    : <MMKV_IO.cpp:609::writeActualSize> [mixc-retail-assembly-rn84::state] increase sequence to 44, crc 894725084, actualSize 3205
04-21 09:45:42.538 28319 28355 I MMKV    : <MMKV.cpp:1208::sync> MMKV::sync, SyncFlag = 1
04-21 09:45:42.540 28319 28355 I MMKV    : <MMKV_IO.cpp:530::expandAndWriteBack> extending [mixc-retail-assembly-rn84::state] file size from 8192 to 16384, incoming size:326, future usage:4046
04-21 09:45:42.541 28319 28355 I MMKV    : <MemoryFile.cpp:103::open> open fd[5], flag 0x7, /data/data/com.impos2.mixcretailassemblyrn84/files/mmkv/specialCharacter/cac4ff37f0f9b0189974948d3d3aa0fe
04-21 09:45:42.541 28319 28355 I MMKV    : <MemoryFile.cpp:250::mmapOrCleanup> mmap to address [0x7acbdcf000], oldPtr [0x7acbdd1000], [/data/data/com.impos2.mixcretailassemblyrn84/files/mmkv/specialCharacter/cac4ff37f0f9b0189974948d3d3aa0fe]
04-21 09:45:42.541 28319 28355 I MMKV    : <MemoryFile.cpp:109::close> closing fd[5], /data/data/com.impos2.mixcretailassemblyrn84/files/mmkv/specialCharacter/cac4ff37f0f9b0189974948d3d3aa0fe
04-21 09:45:42.541 28319 28355 I MMKV    : <MMKV_IO.cpp:609::writeActualSize> [mixc-retail-assembly-rn84::state] increase sequence to 45, crc 2083133082, actualSize 7992
04-21 09:45:42.541 28319 28355 I MMKV    : <MMKV.cpp:1208::sync> MMKV::sync, SyncFlag = 1
04-21 09:45:42.543 28319 28355 I MMKV    : <MMKV_IO.cpp:530::expandAndWriteBack> extending [mixc-retail-assembly-rn84::state] file size from 16384 to 32768, incoming size:126, future usage:7306
04-21 09:45:42.544 28319 28355 I MMKV    : <MemoryFile.cpp:103::open> open fd[5], flag 0x7, /data/data/com.impos2.mixcretailassemblyrn84/files/mmkv/specialCharacter/cac4ff37f0f9b0189974948d3d3aa0fe
04-21 09:45:42.544 28319 28355 I MMKV    : <MemoryFile.cpp:250::mmapOrCleanup> mmap to address [0x7acba3c000], oldPtr [0x7acbdcf000], [/data/data/com.impos2.mixcretailassemblyrn84/files/mmkv/specialCharacter/cac4ff37f0f9b0189974948d3d3aa0fe]
04-21 09:45:42.544 28319 28355 I MMKV    : <MemoryFile.cpp:109::close> closing fd[5], /data/data/com.impos2.mixcretailassemblyrn84/files/mmkv/specialCharacter/cac4ff37f0f9b0189974948d3d3aa0fe
04-21 09:45:42.544 28319 28355 I MMKV    : <MMKV_IO.cpp:609::writeActualSize> [mixc-retail-assembly-rn84::state] increase sequence to 46, crc 2358454827, actualSize 14437
04-21 09:45:42.544 28319 28355 I MMKV    : <MMKV.cpp:1208::sync> MMKV::sync, SyncFlag = 1
04-21 09:45:42.546 28319 28355 I assembly.assembly.android.mixc-retail-rn84: [assembly.topology] Native topology host already matches desired lifecycle state {"displayCount":2,"displayIndex":0,"deviceId":"2N4QS8GYRS","instanceMode":"MASTER","enableSlave":true,"running":false,"reason":"not-master-or-single-primary-host"}
04-21 09:45:42.546 28319 28355 I assembly.assembly.android.mixc-retail-rn84: [assembly.topology] Native topology host already matches desired lifecycle state {"displayCount":2,"displayIndex":0,"deviceId":"2N4QS8GYRS","instanceMode":"MASTER","enableSlave":true,"running":false,"reason":"not-master-or-single-primary-host"}
04-21 09:45:42.547 28319 28355 I assembly.assembly.android.mixc-retail-rn84: [assembly.topology] Native topology host already matches desired lifecycle state {"displayCount":2,"displayIndex":0,"deviceId":"2N4QS8GYRS","instanceMode":"MASTER","enableSlave":true,"running":false,"reason":"not-master-or-single-primary-host"}
04-21 09:45:42.550 28401 28434 I ReactNativeJS: '[runtime-state-sync-apply]', '{"direction":"master-to-slave","incomingSliceNames":["kernel.base.topology-runtime-v3.demo.master","kernel.base.tcp-control-runtime-v2.identity","kernel.base.tcp-control-runtime-v2.credential","kernel.base.tcp-control-runtime-v2.binding","kernel.base.tcp-control-runtime-v2.sandbox","kernel.base.tdp-sync-runtime-v2.hot-update","kernel.base.ui-runtime-v2.screen.main","kernel.base.ui-runtime-v2.overlay.main","kernel.base.ui-runtime-v2.ui-variable.main"],"appliedSliceNames":["kernel.base.topology-runtime-v3.demo.master","kernel.base.tcp-control-runtime-v2.identity","kernel.base.tcp-control-runtime-v2.credential","kernel.base.tcp-control-runtime-v2.binding","kernel.base.tcp-control-runtime-v2.sandbox","kernel.base.tdp-sync-runtime-v2.hot-update","kernel.base.ui-runtime-v2.screen.main","kernel.base.ui-runtime-v2.overlay.main","kernel.base.ui-runtime-v2.ui-variable.main"],"skippedSliceReasons":[]}'
04-21 09:45:42.553 28319 28354 I ReactNativeJS: '[runtime-state-sync-apply]', '{"direction":"slave-to-master","incomingSliceNames":["kernel.base.topology-runtime-v3.demo.slave","kernel.base.ui-runtime-v2.screen.branch","kernel.base.ui-runtime-v2.overlay.branch","kernel.base.ui-runtime-v2.ui-variable.branch"],"appliedSliceNames":["kernel.base.topology-runtime-v3.demo.slave","kernel.base.ui-runtime-v2.screen.branch","kernel.base.ui-runtime-v2.overlay.branch","kernel.base.ui-runtime-v2.ui-variable.branch"],"skippedSliceReasons":[]}'
04-21 09:45:42.555 28401 28435 I assembly.assembly.android.mixc-retail-rn84: [assembly.topology] Native topology host already matches desired lifecycle state {"displayCount":2,"displayIndex":1,"deviceId":"2N4QS8GYRS","instanceMode":"SLAVE","enableSlave":false,"running":false,"reason":"not-master-or-single-primary-host"}
04-21 09:45:42.556 28401 28435 I assembly.assembly.android.mixc-retail-rn84: [assembly.topology] Native topology host already matches desired lifecycle state {"displayCount":2,"displayIndex":1,"deviceId":"2N4QS8GYRS","instanceMode":"SLAVE","enableSlave":false,"running":false,"reason":"not-master-or-single-primary-host"}
04-21 09:45:42.556 28319 28355 I assembly.assembly.android.mixc-retail-rn84: [assembly.topology] Native topology host already matches desired lifecycle state {"displayCount":2,"displayIndex":0,"deviceId":"2N4QS8GYRS","instanceMode":"MASTER","enableSlave":true,"running":false,"reason":"not-master-or-single-primary-host"}
04-21 09:45:42.556 28319 28355 I assembly.assembly.android.mixc-retail-rn84: [assembly.topology] Native topology host already matches desired lifecycle state {"displayCount":2,"displayIndex":0,"deviceId":"2N4QS8GYRS","instanceMode":"MASTER","enableSlave":true,"running":false,"reason":"not-master-or-single-primary-host"}
04-21 09:45:42.560 28319 28355 I MMKV    : <MMKV_IO.cpp:609::writeActualSize> [mixc-retail-assembly-rn84::state] increase sequence to 47, crc 1480025039, actualSize 14488
04-21 09:45:42.560 28319 28355 I MMKV    : <MMKV.cpp:1208::sync> MMKV::sync, SyncFlag = 1
04-21 09:45:42.567 28319 28355 I MMKV    : <MMKV_IO.cpp:609::writeActualSize> [mixc-retail-assembly-rn84::state] increase sequence to 48, crc 2707756582, actualSize 14488
04-21 09:45:42.567 28319 28355 I MMKV    : <MMKV.cpp:1208::sync> MMKV::sync, SyncFlag = 1
04-21 09:45:42.586 28319 28355 I MMKV    : <MMKV_IO.cpp:609::writeActualSize> [mixc-retail-assembly-rn84::state] increase sequence to 49, crc 1373461606, actualSize 14488
04-21 09:45:42.586 28319 28355 I MMKV    : <MMKV.cpp:1208::sync> MMKV::sync, SyncFlag = 1
04-21 09:45:42.593 28319 28355 I MMKV    : <MMKV_IO.cpp:609::writeActualSize> [mixc-retail-assembly-rn84::state] increase sequence to 50, crc 2881049797, actualSize 14488
04-21 09:45:42.593 28319 28355 I MMKV    : <MMKV.cpp:1208::sync> MMKV::sync, SyncFlag = 1
04-21 09:45:42.605 28319 28355 I MMKV    : <MMKV_IO.cpp:609::writeActualSize> [mixc-retail-assembly-rn84::state] increase sequence to 51, crc 435664235, actualSize 14488
04-21 09:45:42.605 28319 28355 I MMKV    : <MMKV.cpp:1208::sync> MMKV::sync, SyncFlag = 1
04-21 09:45:42.612 28319 28355 I MMKV    : <MMKV_IO.cpp:609::writeActualSize> [mixc-retail-assembly-rn84::state] increase sequence to 52, crc 4289061054, actualSize 14488
04-21 09:45:42.612 28319 28355 I MMKV    : <MMKV.cpp:1208::sync> MMKV::sync, SyncFlag = 1
04-21 09:45:42.619 28319 28355 I MMKV    : <MMKV_IO.cpp:609::writeActualSize> [mixc-retail-assembly-rn84::state] increase sequence to 53, crc 1373461606, actualSize 14488
04-21 09:45:42.619 28319 28355 I MMKV    : <MMKV.cpp:1208::sync> MMKV::sync, SyncFlag = 1
04-21 09:45:42.627 28319 28355 I MMKV    : <MMKV_IO.cpp:609::writeActualSize> [mixc-retail-assembly-rn84::state] increase sequence to 54, crc 2881049797, actualSize 14488
04-21 09:45:42.627 28319 28355 I MMKV    : <MMKV.cpp:1208::sync> MMKV::sync, SyncFlag = 1
04-21 09:45:42.640 28319 28355 I MMKV    : <MMKV_IO.cpp:609::writeActualSize> [mixc-retail-assembly-rn84::state] increase sequence to 55, crc 435664235, actualSize 14488
04-21 09:45:42.640 28319 28355 I MMKV    : <MMKV.cpp:1208::sync> MMKV::sync, SyncFlag = 1
04-21 09:45:42.647 28319 28355 I MMKV    : <MMKV_IO.cpp:609::writeActualSize> [mixc-retail-assembly-rn84::state] increase sequence to 56, crc 4289061054, actualSize 14488
04-21 09:45:42.647 28319 28355 I MMKV    : <MMKV.cpp:1208::sync> MMKV::sync, SyncFlag = 1
04-21 09:45:42.654 28319 28355 I MMKV    : <MMKV_IO.cpp:609::writeActualSize> [mixc-retail-assembly-rn84::state] increase sequence to 57, crc 1373461606, actualSize 14488
04-21 09:45:42.654 28319 28355 I MMKV    : <MMKV.cpp:1208::sync> MMKV::sync, SyncFlag = 1
04-21 09:45:42.661 28319 28355 I MMKV    : <MMKV_IO.cpp:609::writeActualSize> [mixc-retail-assembly-rn84::state] increase sequence to 58, crc 2881049797, actualSize 14488
04-21 09:45:42.661 28319 28355 I MMKV    : <MMKV.cpp:1208::sync> MMKV::sync, SyncFlag = 1
04-21 09:45:42.671 28319 28355 I MMKV    : <MMKV_IO.cpp:609::writeActualSize> [mixc-retail-assembly-rn84::state] increase sequence to 59, crc 435664235, actualSize 14488
04-21 09:45:42.671 28319 28355 I MMKV    : <MMKV.cpp:1208::sync> MMKV::sync, SyncFlag = 1
04-21 09:45:42.679 28319 28355 I MMKV    : <MMKV_IO.cpp:609::writeActualSize> [mixc-retail-assembly-rn84::state] increase sequence to 60, crc 4289061054, actualSize 14488
04-21 09:45:42.679 28319 28355 I MMKV    : <MMKV.cpp:1208::sync> MMKV::sync, SyncFlag = 1
04-21 09:45:42.686 28319 28355 I MMKV    : <MMKV_IO.cpp:609::writeActualSize> [mixc-retail-assembly-rn84::state] increase sequence to 61, crc 1373461606, actualSize 14488
04-21 09:45:42.686 28319 28355 I MMKV    : <MMKV.cpp:1208::sync> MMKV::sync, SyncFlag = 1
04-21 09:45:42.694 28319 28355 I MMKV    : <MMKV_IO.cpp:609::writeActualSize> [mixc-retail-assembly-rn84::state] increase sequence to 62, crc 2881049797, actualSize 14488
04-21 09:45:42.694 28319 28355 I MMKV    : <MMKV.cpp:1208::sync> MMKV::sync, SyncFlag = 1
04-21 09:45:42.705 28319 28355 I MMKV    : <MMKV_IO.cpp:609::writeActualSize> [mixc-retail-assembly-rn84::state] increase sequence to 63, crc 435664235, actualSize 14488
04-21 09:45:42.705 28319 28355 I MMKV    : <MMKV.cpp:1208::sync> MMKV::sync, SyncFlag = 1
04-21 09:45:42.712 28319 28355 I MMKV    : <MMKV_IO.cpp:609::writeActualSize> [mixc-retail-assembly-rn84::state] increase sequence to 64, crc 4289061054, actualSize 14488
04-21 09:45:42.712 28319 28355 I MMKV    : <MMKV.cpp:1208::sync> MMKV::sync, SyncFlag = 1
04-21 09:45:42.720 28319 28355 I MMKV    : <MMKV_IO.cpp:609::writeActualSize> [mixc-retail-assembly-rn84::state] increase sequence to 65, crc 1373461606, actualSize 14488
04-21 09:45:42.720 28319 28355 I MMKV    : <MMKV.cpp:1208::sync> MMKV::sync, SyncFlag = 1
04-21 09:45:42.729 28319 28355 I MMKV    : <MMKV_IO.cpp:609::writeActualSize> [mixc-retail-assembly-rn84::state] increase sequence to 66, crc 2881049797, actualSize 14488
04-21 09:45:42.729 28319 28355 I MMKV    : <MMKV.cpp:1208::sync> MMKV::sync, SyncFlag = 1
04-21 09:45:42.740 28319 28355 I MMKV    : <MMKV_IO.cpp:609::writeActualSize> [mixc-retail-assembly-rn84::state] increase sequence to 67, crc 435664235, actualSize 14488
04-21 09:45:42.740 28319 28355 I MMKV    : <MMKV.cpp:1208::sync> MMKV::sync, SyncFlag = 1
04-21 09:45:42.747 28319 28355 I MMKV    : <MMKV_IO.cpp:609::writeActualSize> [mixc-retail-assembly-rn84::state] increase sequence to 68, crc 4289061054, actualSize 14488
04-21 09:45:42.747 28319 28355 I MMKV    : <MMKV.cpp:1208::sync> MMKV::sync, SyncFlag = 1
04-21 09:45:42.755 28319 28355 I MMKV    : <MMKV_IO.cpp:609::writeActualSize> [mixc-retail-assembly-rn84::state] increase sequence to 69, crc 1373461606, actualSize 14488
04-21 09:45:42.755 28319 28355 I MMKV    : <MMKV.cpp:1208::sync> MMKV::sync, SyncFlag = 1
04-21 09:45:42.763 28319 28355 I MMKV    : <MMKV_IO.cpp:609::writeActualSize> [mixc-retail-assembly-rn84::state] increase sequence to 70, crc 2881049797, actualSize 14488
04-21 09:45:42.763 28319 28355 I MMKV    : <MMKV.cpp:1208::sync> MMKV::sync, SyncFlag = 1
04-21 09:45:42.775 28319 28355 I MMKV    : <MMKV_IO.cpp:609::writeActualSize> [mixc-retail-assembly-rn84::state] increase sequence to 71, crc 435664235, actualSize 14488
04-21 09:45:42.775 28319 28355 I MMKV    : <MMKV.cpp:1208::sync> MMKV::sync, SyncFlag = 1
04-21 09:45:45.339   888  1023 E WifiStaIfaceAidlImpl: getLinkLayerStats failed with service-specific exception: android.os.ServiceSpecificException: unknown error (code 9)
04-21 09:45:48.351   888  1023 E WifiStaIfaceAidlImpl: getLinkLayerStats failed with service-specific exception: android.os.ServiceSpecificException: unknown error (code 9)
04-21 09:45:51.362   888  1023 E WifiStaIfaceAidlImpl: getLinkLayerStats failed with service-specific exception: android.os.ServiceSpecificException: unknown error (code 9)
04-21 09:45:54.375   888  1023 E WifiStaIfaceAidlImpl: getLinkLayerStats failed with service-specific exception: android.os.ServiceSpecificException: unknown error (code 9)
04-21 09:45:57.387   888  1023 E WifiStaIfaceAidlImpl: getLinkLayerStats failed with service-specific exception: android.os.ServiceSpecificException: unknown error (code 9)
04-21 09:45:58.892   698  1880 D audioserver: logFgsApiBegin: FGS Logger Transaction failed, -129
04-21 09:45:58.894   698   849 E AudioFlinger: no wake lock to update, but system ready!
04-21 09:45:59.050 28319 28355 I assembly.assembly.android.mixc-retail-rn84: [assembly.topology] Native topology host already matches desired lifecycle state {"displayCount":2,"displayIndex":0,"deviceId":"2N4QS8GYRS","instanceMode":"MASTER","enableSlave":true,"running":false,"reason":"not-master-or-single-primary-host"}
04-21 09:45:59.052 28319 28355 I MMKV    : <MMKV_IO.cpp:609::writeActualSize> [mixc-retail-assembly-rn84::state] increase sequence to 72, crc 839971767, actualSize 14488
04-21 09:45:59.052 28319 28355 I MMKV    : <MMKV.cpp:1208::sync> MMKV::sync, SyncFlag = 1
04-21 09:45:59.075   698   849 D audioserver: logFgsApiEnd: FGS Logger Transaction failed, -129
04-21 09:45:59.075   698   849 E AudioFlinger: no wake lock to update, but system ready!
04-21 09:45:59.076   698   821 I APM::AudioPolicyEngine: getDevicesForStrategyInt no device found for strategy 9
04-21 09:46:00.000   888   972 D AlarmManager: setImplLocked() callingPackage=android
04-21 09:46:00.067   698  1880 D audioserver: logFgsApiBegin: FGS Logger Transaction failed, -129
04-21 09:46:00.074   698   849 E AudioFlinger: no wake lock to update, but system ready!
04-21 09:46:00.088   888 14813 D FileUtils: Rounded bytes from 4073672704 to 8000000000
04-21 09:46:00.096   888 14813 D FileUtils: Rounded bytes from 4073672704 to 8000000000
04-21 09:46:00.104   888 14813 D FileUtils: Rounded bytes from 4073672704 to 8000000000
04-21 09:46:00.111   888 14813 D FileUtils: Rounded bytes from 4073672704 to 8000000000
04-21 09:46:00.199   888  4056 D CompatibilityChangeReporter: Compat change id reported: 161145287; UID 10139; state: ENABLED
04-21 09:46:00.200   888  4056 I UsbExtImpl: default allow  uid:10139pid:28319  processName=com.impos2.mixcretailassemblyrn84 to use PC Camera
04-21 09:46:00.201   888  4056 V UsbExtImpl: smconf processName:com.impos2.mixcretailassemblyrn84
04-21 09:46:00.201   888  4056 I UsbExtImpl: smconf disallow  uid:10139pid:28319  processName=com.impos2.mixcretailassemblyrn84 to use GD32-USB_Printer
04-21 09:46:00.201   888  4056 I UsbExtImpl: default allow  uid:10139pid:28319  processName=com.impos2.mixcretailassemblyrn84 to use NS021 USB HID Keyboard
04-21 09:46:00.255   698   849 D audioserver: logFgsApiEnd: FGS Logger Transaction failed, -129
04-21 09:46:00.255   698   849 E AudioFlinger: no wake lock to update, but system ready!
04-21 09:46:00.256   698   821 I APM::AudioPolicyEngine: getDevicesForStrategyInt no device found for strategy 9
04-21 09:46:00.323 28319 28355 I assembly.assembly.android.mixc-retail-rn84: [assembly.topology] Native topology host already matches desired lifecycle state {"displayCount":2,"displayIndex":0,"deviceId":"2N4QS8GYRS","instanceMode":"MASTER","enableSlave":true,"running":false,"reason":"not-master-or-single-primary-host"}
04-21 09:46:00.325 28319 28355 I MMKV    : <MMKV_IO.cpp:609::writeActualSize> [mixc-retail-assembly-rn84::state] increase sequence to 73, crc 3758001632, actualSize 14488
04-21 09:46:00.325 28319 28355 I MMKV    : <MMKV.cpp:1208::sync> MMKV::sync, SyncFlag = 1
04-21 09:46:00.398   888  1023 E WifiStaIfaceAidlImpl: getLinkLayerStats failed with service-specific exception: android.os.ServiceSpecificException: unknown error (code 9)
04-21 09:46:00.649 28319 28329 W ailassemblyrn84: ApkAssets: Deleting an ApkAssets object '<empty> and /apex/com.android.adservices/priv-app/AdServicesApk@UQ1A.240205.004.B1/AdServicesApk.apk' with 1 weak references
04-21 09:46:00.651 28319 28329 W ailassemblyrn84: ApkAssets: Deleting an ApkAssets object '<empty> and /system/priv-app/TelephonyProvider/TelephonyProvider.apk' with 1 weak references
04-21 09:46:00.651 28319 28329 W ailassemblyrn84: ApkAssets: Deleting an ApkAssets object '<empty> and /system/priv-app/DynamicSystemInstallationService/DynamicSystemInstallationService.apk' with 1 weak references
04-21 09:46:00.651 28319 28329 W ailassemblyrn84: ApkAssets: Deleting an ApkAssets object '<empty> and /system/priv-app/CalendarProvider/CalendarProvider.apk' with 1 weak references
04-21 09:46:00.651 28319 28329 W ailassemblyrn84: ApkAssets: Deleting an ApkAssets object '<empty> and /system/priv-app/DocumentsUI/DocumentsUI.apk' with 1 weak references
04-21 09:46:00.651 28319 28329 W ailassemblyrn84: ApkAssets: Deleting an ApkAssets object '<empty> and /system/priv-app/ExternalStorageProvider/ExternalStorageProvider.apk' with 1 weak references
04-21 09:46:00.651 28319 28329 W ailassemblyrn84: ApkAssets: Deleting an ApkAssets object '<empty> and /system/app/CompanionDeviceManager/CompanionDeviceManager.apk' with 1 weak references
04-21 09:46:00.652 28319 28329 W ailassemblyrn84: ApkAssets: Deleting an ApkAssets object '<empty> and /system/priv-app/DownloadProvider/DownloadProvider.apk' with 1 weak references
04-21 09:46:00.652 28319 28329 W ailassemblyrn84: ApkAssets: Deleting an ApkAssets object '<empty> and /system_ext/priv-app/SunmiToolBox_privapp_v5.1.17_sunmi_release/SunmiToolBox_privapp_v5.1.17_sunmi_release.apk' with 1 weak references
04-21 09:46:00.652 28319 28329 W ailassemblyrn84: ApkAssets: Deleting an ApkAssets object '<empty> and /system/priv-app/DownloadProviderUi/DownloadProviderUi.apk' with 1 weak references
04-21 09:46:00.652 28319 28329 W ailassemblyrn84: ApkAssets: Deleting an ApkAssets object '<empty> and /product/priv-app/Phonesky/Phonesky.apk' with 1 weak references
04-21 09:46:00.653 28319 28329 W ailassemblyrn84: ApkAssets: Deleting an ApkAssets object '<empty> and /system/app/PacProcessor/PacProcessor.apk' with 1 weak references
04-21 09:46:00.653 28319 28329 W ailassemblyrn84: ApkAssets: Deleting an ApkAssets object '<empty> and /system/priv-app/NetworkStack/NetworkStack.apk' with 1 weak references
04-21 09:46:00.654 28319 28329 W ailassemblyrn84: ApkAssets: Deleting an ApkAssets object '<empty> and /system/app/CertInstaller/CertInstaller.apk' with 1 weak references
04-21 09:46:00.654 28319 28329 W ailassemblyrn84: ApkAssets: Deleting an ApkAssets object '<empty> and /system/app/RKUpdateService/RKUpdateService.apk' with 1 weak references
04-21 09:46:00.654 28319 28329 W ailassemblyrn84: ApkAssets: Deleting an ApkAssets object '<empty> and /system/framework/framework-res.apk' with 1 weak references
04-21 09:46:00.654 28319 28329 W ailassemblyrn84: ApkAssets: Deleting an ApkAssets object '<empty> and /system/app/Camera2/Camera2.apk' with 1 weak references
04-21 09:46:00.655 28319 28329 W ailassemblyrn84: ApkAssets: Deleting an ApkAssets object '<empty> and /system/app/EasterEgg/EasterEgg.apk' with 1 weak references
04-21 09:46:00.655 28319 28329 W ailassemblyrn84: ApkAssets: Deleting an ApkAssets object '<empty> and /system/priv-app/MtpService/MtpService.apk' with 1 weak references
04-21 09:46:00.655 28319 28329 W ailassemblyrn84: ApkAssets: Deleting an ApkAssets object '<empty> and /system/app/NfcNci/NfcNci.apk' with 1 weak references
04-21 09:46:00.655 28319 28329 W ailassemblyrn84: ApkAssets: Deleting an ApkAssets object '<empty> and /system/priv-app/SettingsProvider/SettingsProvider.apk' with 1 weak references
04-21 09:46:00.656 28319 28329 W ailassemblyrn84: ApkAssets: Deleting an ApkAssets object '<empty> and /system/priv-app/InputDevices/InputDevices.apk' with 1 weak references
04-21 09:46:00.656 28319 28329 W ailassemblyrn84: ApkAssets: Deleting an ApkAssets object '<empty> and /system/priv-app/BuiltInPrintService/BuiltInPrintService.apk' with 1 weak references
04-21 09:46:00.656 28319 28329 W ailassemblyrn84: ApkAssets: Deleting an ApkAssets object '<empty> and /system/priv-app/Telecom/Telecom.apk' with 1 weak references
04-21 09:46:00.656 28319 28329 W ailassemblyrn84: ApkAssets: Deleting an ApkAssets object '<empty> and /system/app/KeyChain/KeyChain.apk' with 1 weak references
04-21 09:46:00.657 28319 28329 W ailassemblyrn84: ApkAssets: Deleting an ApkAssets object '<empty> and /product/priv-app/GmsCore/GmsCore.apk' with 1 weak references
04-21 09:46:00.659 28319 28329 W ailassemblyrn84: ApkAssets: Deleting an ApkAssets object '<empty> and /system_ext/priv-app/GoogleServicesFramework/GoogleServicesFramework.apk' with 1 weak references
04-21 09:46:00.659 28319 28329 W ailassemblyrn84: ApkAssets: Deleting an ApkAssets object '<empty> and /product/app/SpeechServicesByGoogle/SpeechServicesByGoogle.apk' with 1 weak references
04-21 09:46:00.660 28319 28329 W ailassemblyrn84: ApkAssets: Deleting an ApkAssets object '<empty> and /apex/com.android.extservices/priv-app/ExtServices@UQ1A.240205.004.B1/ExtServices.apk' with 1 weak references
04-21 09:46:00.660 28319 28329 W ailassemblyrn84: ApkAssets: Deleting an ApkAssets object '<empty> and /system/app/CameraExtensionsProxy/CameraExtensionsProxy.apk' with 1 weak references
04-21 09:46:00.660 28319 28329 W ailassemblyrn84: ApkAssets: Deleting an ApkAssets object '<empty> and /system/priv-app/PackageInstaller/PackageInstaller.apk' with 1 weak references
04-21 09:46:00.660 28319 28329 W ailassemblyrn84: ApkAssets: Deleting an ApkAssets object '<empty> and /system/priv-app/CredentialManager/CredentialManager.apk' with 1 weak references
04-21 09:46:00.660 28319 28329 W ailassemblyrn84: ApkAssets: Deleting an ApkAssets object '<empty> and /system/priv-app/DeviceAsWebcam/DeviceAsWebcam.apk' with 1 weak references
04-21 09:46:00.661 28319 28329 W ailassemblyrn84: ApkAssets: Deleting an ApkAssets object '<empty> and /system/priv-app/ProxyHandler/ProxyHandler.apk' with 1 weak references
04-21 09:46:00.661 28319 28329 W ailassemblyrn84: ApkAssets: Deleting an ApkAssets object '<empty> and /system/priv-app/IntentResolver/IntentResolver.apk' with 1 weak references
04-21 09:46:00.661 28319 28329 W ailassemblyrn84: ApkAssets: Deleting an ApkAssets object '<empty> and /system/priv-app/ManagedProvisioning/ManagedProvisioning.apk' with 1 weak references
04-21 09:46:00.661 28319 28329 W ailassemblyrn84: ApkAssets: Deleting an ApkAssets object '<empty> and /system/priv-app/SoundPicker/SoundPicker.apk' with 1 weak references
04-21 09:46:00.661 28319 28329 W ailassemblyrn84: ApkAssets: Deleting an ApkAssets object '<empty> and /product/overlay/NotesRoleEnabled/NotesRoleEnabledOverlay.apk' with 1 weak references
04-21 09:46:00.661 28319 28329 W ailassemblyrn84: ApkAssets: Deleting an ApkAssets object '<empty> and /system/priv-app/StressTest/StressTest.apk' with 1 weak references
04-21 09:46:00.661 28319 28329 W ailassemblyrn84: ApkAssets: Deleting an ApkAssets object '<empty> and /system/framework/sunmi-res.apk' with 1 weak references
04-21 09:46:00.662 28319 28329 W ailassemblyrn84: ApkAssets: Deleting an ApkAssets object '<empty> and /system_ext/priv-app/StorageManager/StorageManager.apk' with 1 weak references
04-21 09:46:00.662 28319 28329 W ailassemblyrn84: ApkAssets: Deleting an ApkAssets object '<empty> and /system_ext/priv-app/Settings/Settings.apk' with 1 weak references
04-21 09:46:00.663 28319 28329 W ailassemblyrn84: ApkAssets: Deleting an ApkAssets object '<empty> and /system/priv-app/TeleService/TeleService.apk' with 1 weak references
04-21 09:46:00.663 28319 28329 W ailassemblyrn84: ApkAssets: Deleting an ApkAssets object '<empty> and /system/priv-app/Shell/Shell.apk' with 1 weak references
04-21 09:46:00.664 28319 28329 W ailassemblyrn84: ApkAssets: Deleting an ApkAssets object '<empty> and /system/priv-app/BlockedNumberProvider/BlockedNumberProvider.apk' with 1 weak references
04-21 09:46:00.664 28319 28329 W ailassemblyrn84: ApkAssets: Deleting an ApkAssets object '<empty> and /system/priv-app/UserDictionaryProvider/UserDictionaryProvider.apk' with 1 weak references
04-21 09:46:00.664 28319 28329 W ailassemblyrn84: ApkAssets: Deleting an ApkAssets object '<empty> and /apex/com.android.mediaprovider/priv-app/MediaProvider@UQ1A.240205.004.B1/MediaProvider.apk' with 1 weak references
04-21 09:46:00.664 28319 28329 W ailassemblyrn84: ApkAssets: Deleting an ApkAssets object '<empty> and /system/priv-app/FusedLocation/FusedLocation.apk' with 1 weak references
04-21 09:46:00.664 28319 28329 W ailassemblyrn84: ApkAssets: Deleting an ApkAssets object '<empty> and /system_ext/priv-app/SystemUI/SystemUI.apk' with 1 weak references
04-21 09:46:00.665 28319 28329 W ailassemblyrn84: ApkAssets: Deleting an ApkAssets object '<empty> and /apex/com.android.permission/priv-app/PermissionController@UQ1A.240205.004.B1/PermissionController.apk' with 1 weak references
04-21 09:46:00.666 28319 28329 W ailassemblyrn84: ApkAssets: Deleting an ApkAssets object '<empty> and /system_ext/priv-app/ScannerHead_privapp_v4.7.9_release/ScannerHead_privapp_v4.7.9_release.apk' with 1 weak references
04-21 09:46:00.666 28319 28329 W ailassemblyrn84: ApkAssets: Deleting an ApkAssets object '<empty> and /system/app/Traceur/Traceur.apk' with 1 weak references
04-21 09:46:00.666 28319 28329 W ailassemblyrn84: ApkAssets: Deleting an ApkAssets object '<empty> and /apex/com.android.btservices/app/Bluetooth@UQ1A.240205.004.B1/Bluetooth.apk' with 1 weak references
04-21 09:46:00.666 28319 28329 W ailassemblyrn84: ApkAssets: Deleting an ApkAssets object '<empty> and /system/priv-app/ContactsProvider/ContactsProvider.apk' with 1 weak references
04-21 09:46:00.667 28319 28329 W ailassemblyrn84: ApkAssets: Deleting an ApkAssets object '<empty> and /apex/com.android.devicelock/priv-app/DeviceLockController@UQ1A.240205.004.B1/DeviceLockController.apk' with 1 weak references
04-21 09:46:00.667 28319 28329 W ailassemblyrn84: ApkAssets: Deleting an ApkAssets object '<empty> and /apex/com.android.extservices/priv-app/AdExtServicesApk@UQ1A.240205.004.B1/AdExtServicesApk.apk' with 1 weak references
04-21 09:46:00.923   698  1880 D audioserver: logFgsApiBegin: FGS Logger Transaction failed, -129
04-21 09:46:00.924   698   849 E AudioFlinger: no wake lock to update, but system ready!
04-21 09:46:01.016 28319 28355 I assembly.assembly.android.mixc-retail-rn84: [assembly.topology] Native topology host already matches desired lifecycle state {"displayCount":2,"displayIndex":0,"deviceId":"2N4QS8GYRS","instanceMode":"MASTER","enableSlave":true,"running":false,"reason":"not-master-or-single-primary-host"}
04-21 09:46:01.020 28319 28355 I MMKV    : <MMKV_IO.cpp:609::writeActualSize> [mixc-retail-assembly-rn84::state] increase sequence to 74, crc 1155822634, actualSize 14488
04-21 09:46:01.020 28319 28355 I MMKV    : <MMKV.cpp:1208::sync> MMKV::sync, SyncFlag = 1
04-21 09:46:01.095   698   849 D audioserver: logFgsApiEnd: FGS Logger Transaction failed, -129
04-21 09:46:01.095   698   849 E AudioFlinger: no wake lock to update, but system ready!
04-21 09:46:01.096   698   821 I APM::AudioPolicyEngine: getDevicesForStrategyInt no device found for strategy 9
04-21 09:46:01.971   698  1880 D audioserver: logFgsApiBegin: FGS Logger Transaction failed, -129
04-21 09:46:01.974   698   849 E AudioFlinger: no wake lock to update, but system ready!
04-21 09:46:01.993   888 14813 D FileUtils: Rounded bytes from 4073672704 to 8000000000
04-21 09:46:01.994   344   374 E android.hardware.graphics.composer3-service.rockchip: wait,line=113 wait callback timeout
04-21 09:46:02.000   888 14813 D FileUtils: Rounded bytes from 4073672704 to 8000000000
04-21 09:46:02.007   888 14813 D FileUtils: Rounded bytes from 4073672704 to 8000000000
04-21 09:46:02.013   888 14813 D FileUtils: Rounded bytes from 4073672704 to 8000000000
04-21 09:46:02.016   888 14813 I UsbExtImpl: default allow  uid:10139pid:28319  processName=com.impos2.mixcretailassemblyrn84 to use PC Camera
04-21 09:46:02.017   888 14813 V UsbExtImpl: smconf processName:com.impos2.mixcretailassemblyrn84
04-21 09:46:02.017   888 14813 I UsbExtImpl: smconf disallow  uid:10139pid:28319  processName=com.impos2.mixcretailassemblyrn84 to use GD32-USB_Printer
04-21 09:46:02.017   888 14813 I UsbExtImpl: default allow  uid:10139pid:28319  processName=com.impos2.mixcretailassemblyrn84 to use NS021 USB HID Keyboard
04-21 09:46:02.129 28319 28355 I assembly.assembly.android.mixc-retail-rn84: [assembly.topology] Native topology host already matches desired lifecycle state {"displayCount":2,"displayIndex":0,"deviceId":"2N4QS8GYRS","instanceMode":"MASTER","enableSlave":true,"running":false,"reason":"not-master-or-single-primary-host"}
04-21 09:46:02.155   698   849 D audioserver: logFgsApiEnd: FGS Logger Transaction failed, -129
04-21 09:46:02.155   698   849 E AudioFlinger: no wake lock to update, but system ready!
04-21 09:46:02.156   698   821 I APM::AudioPolicyEngine: getDevicesForStrategyInt no device found for strategy 9
04-21 09:46:03.402   888  1023 E WifiStaIfaceAidlImpl: getLinkLayerStats failed with service-specific exception: android.os.ServiceSpecificException: unknown error (code 9)
04-21 09:46:04.652   698  1880 D audioserver: logFgsApiBegin: FGS Logger Transaction failed, -129
04-21 09:46:04.654   698   849 E AudioFlinger: no wake lock to update, but system ready!
04-21 09:46:04.723 28319 28355 I assembly.assembly.android.mixc-retail-rn84: [assembly.topology] Native topology host already matches desired lifecycle state {"displayCount":2,"displayIndex":0,"deviceId":"2N4QS8GYRS","instanceMode":"MASTER","enableSlave":true,"running":false,"reason":"not-master-or-single-primary-host"}
04-21 09:46:04.724 28319 28355 I MMKV    : <MMKV_IO.cpp:609::writeActualSize> [mixc-retail-assembly-rn84::state] increase sequence to 75, crc 542255373, actualSize 14486
04-21 09:46:04.725 28319 28355 I MMKV    : <MMKV.cpp:1208::sync> MMKV::sync, SyncFlag = 1
04-21 09:46:04.835   698   849 D audioserver: logFgsApiEnd: FGS Logger Transaction failed, -129
04-21 09:46:04.835   698   849 E AudioFlinger: no wake lock to update, but system ready!
04-21 09:46:04.836   698   821 I APM::AudioPolicyEngine: getDevicesForStrategyInt no device found for strategy 9
04-21 09:46:04.838 28319 28329 W ailassemblyrn84: ApkAssets: Deleting an ApkAssets object '<empty> and /apex/com.android.adservices/priv-app/AdServicesApk@UQ1A.240205.004.B1/AdServicesApk.apk' with 1 weak references
04-21 09:46:04.840 28319 28329 W ailassemblyrn84: ApkAssets: Deleting an ApkAssets object '<empty> and /system/priv-app/TelephonyProvider/TelephonyProvider.apk' with 1 weak references
