04-21 09:43:02.860  1750  1750 I JapaneseMozcExtension: JapaneseMozcExtension.onDestroy():52 
04-21 09:43:02.860  1750  1750 I ModuleManager: ModuleManager$ModuleInitListener.maybeUnloadModuleOnUnavailable():1288 module fkk is unavailable
04-21 09:43:02.860  1750  1750 I ModuleManager: ModuleManager$ModuleInitListener.maybeUnloadModuleOnUnavailable():1288 module frr is unavailable
04-21 09:43:02.861  1750  1750 I ModuleManager: ModuleManager$ModuleInitListener.maybeUnloadModuleOnUnavailable():1288 module fsu is unavailable
04-21 09:43:02.861  1750  1750 I ModuleManager: ModuleManager$ModuleInitListener.maybeUnloadModuleOnUnavailable():1288 module IEmojiOrGifExtension is unavailable
04-21 09:43:02.861  1750  1750 I ModuleManager: ModuleManager$ModuleInitListener.maybeUnloadModuleOnUnavailable():1288 module IEmoticonExtension is unavailable
04-21 09:43:02.861  1750  1750 I ModuleManager: ModuleManager$ModuleInitListener.maybeUnloadModuleOnUnavailable():1288 module fwa is unavailable
04-21 09:43:02.861  1750  1750 I ModuleManager: ModuleManager$ModuleInitListener.maybeUnloadModuleOnUnavailable():1288 module fzk is unavailable
04-21 09:43:02.862  1750  1750 I ModuleManager: ModuleManager$ModuleInitListener.maybeUnloadModuleOnUnavailable():1288 module gru is unavailable
04-21 09:43:02.862  1750  1750 I OnDevicePackDownloadModule: OnDevicePackDownloadModule.onDestroy():95 onDestroy()
04-21 09:43:02.862  1750  1750 I ModuleManager: ModuleManager$ModuleInitListener.maybeUnloadModuleOnUnavailable():1288 module gwv is unavailable
04-21 09:43:02.862  1750  1750 I NewS3RecognizerModule: NewS3RecognizerModule.onDestroy():21 onDestroy [news3]
04-21 09:43:02.862  1750  1750 I ModuleManager: ModuleManager$ModuleInitListener.maybeUnloadModuleOnUnavailable():1288 module gza is unavailable
04-21 09:43:02.863  1750  1750 I ModuleManager: ModuleManager$ModuleInitListener.maybeUnloadModuleOnUnavailable():1288 module fuf is unavailable
04-21 09:43:02.863  1750  1750 I ModuleManager: ModuleManager$ModuleInitListener.maybeUnloadModuleOnUnavailable():1288 module fuj is unavailable
04-21 09:43:02.864  1750  1750 I ModuleManager: ModuleManager$ModuleInitListener.maybeUnloadModuleOnUnavailable():1288 module kob is unavailable
04-21 09:43:02.865  1750  1750 I ModuleManager: ModuleManager$ModuleInitListener.maybeUnloadModuleOnUnavailable():1288 module inr is unavailable
04-21 09:43:02.865  1750  1750 I ModuleManager: ModuleManager$ModuleInitListener.maybeUnloadModuleOnUnavailable():1288 module IBannerExtension is unavailable
04-21 09:43:02.867  1750  1750 I ModuleManager: ModuleManager$ModuleInitListener.maybeUnloadModuleOnUnavailable():1288 module dpl is unavailable
04-21 09:43:02.867  1750  1750 I ModuleManager: ModuleManager$ModuleInitListener.maybeUnloadModuleOnUnavailable():1288 module IGifKeyboardExtension is unavailable
04-21 09:43:02.867  1750  1750 I ModuleManager: ModuleManager$ModuleInitListener.maybeUnloadModuleOnUnavailable():1288 module gmu is unavailable
04-21 09:43:02.868  1750  1750 I ModuleManager: ModuleManager$ModuleInitListener.maybeUnloadModuleOnUnavailable():1288 module IStickerExtension is unavailable
04-21 09:43:02.868  1750  1750 I ModuleManager: ModuleManager$ModuleInitListener.maybeUnloadModuleOnUnavailable():1288 module ITranslateUIExtension is unavailable
04-21 09:43:02.869  1750  1750 I HardKeyTracker: HardKeyTracker.unregisterKeySequence():183 Unregister key sequence lmm{labelResId=2132019852, callback=fpg@21ddbfb, lastModifier=0, keyCodes=[57, 57], actions=[1, 0]}
04-21 09:43:02.869  1750  1750 I HardKeyTracker: HardKeyTracker.unregisterKeySequence():183 Unregister key sequence lmm{labelResId=0, callback=fpg@d3c0456, lastModifier=0, keyCodes=[58, 58], actions=[1, 0]}
04-21 09:43:02.869  1750  1750 I AbstractOpenableExtension: AbstractOpenableExtension.maybeDestroyExistingKeyboardGroupManager():535 Destroy existing keyboard group manager in fvb
04-21 09:43:02.869  1750  1750 I ModuleManager: ModuleManager$ModuleInitListener.maybeUnloadModuleOnUnavailable():1288 module IEmojiSearchExtension is unavailable
04-21 09:43:02.871  1750  1750 I ModuleManager: ModuleManager$ModuleInitListener.maybeUnloadModuleOnUnavailable():1288 module ecc is unavailable
04-21 09:43:02.872  1750  1750 I GoogleInputMethodService: GoogleInputMethodService.onDestroy():1522 Maybe update OEM display config because of service destruction
04-21 09:43:02.874  1750  1750 I GoogleInputMethodService: GoogleInputMethodService.onFinishInput():3184 
04-21 09:43:02.875  1750  2123 W GoogleApiManager: The service for hgg is not available: hgq{statusCode=SERVICE_DISABLED, resolution=null, message=null}
04-21 09:43:02.875  1750  1750 I GoogleInputMethodService: GoogleInputMethodService.updateDeviceLockedStatus():2246 repeatCheckTimes = 0, locked = false
04-21 09:43:02.876   888  4056 W InputManager-JNI: Input channel object '111612b InputMethod (client)' was disposed without first being removed with the input manager!
04-21 09:43:02.884   888 14813 V WindowManager: getPackagePerformanceMode -- ComponentInfo{com.impos2.mixcretailassemblyrn84/com.impos2.mixcretailassemblyrn84.SecondaryActivity} -- com.impos2.mixcretailassemblyrn84 -- mode=0
04-21 09:43:02.885  1750  1750 I GoogleInputMethodService: GoogleInputMethodService.clearInputMethodServiceData():1603 clearInputMethodServiceData for onDestroy
04-21 09:43:02.885  1750  1750 I GoogleInputMethodService: GoogleInputMethodService.discardAllKeyboardViewAndInputView():1813 discardAllKeyboardViewAndInputView()
04-21 09:43:02.886  1750  1750 I KeyboardModeManager: KeyboardModeManager.setInputViewKeyboardViewHolderProvider():618 setInputView() : supportsOneHandedMode=false supportsSplitMode=true
04-21 09:43:02.886  1750  1750 I NormalModeController: NormalModeController.getKeyboardBodyViewHolderPaddingBottom():104 currentPrimeKeyboardType:HARD_QWERTY systemPaddingBottom:-1
04-21 09:43:02.886  1750  1750 I KeyboardModeManager: KeyboardModeManager.setInputViewKeyboardViewHolderProvider():606 setInputView() : supportsOneHandedMode=false, supportSplitMode=true
04-21 09:43:02.886  1750  1750 I InputMethodEntryManager: InputMethodEntryManager.notifyCurrentInputMethodEntryOnContextChanged():539 notifyCurrentInputMethodEntryOnContextChanged()
04-21 09:43:02.886  1750  1750 I InputMethodEntryManager: InputMethodEntryManager.notifyCurrentInputMethodEntryOnContextChanged():560 Notify current input method entry changed on context change
04-21 09:43:02.887  1750  1750 I KeyboardThemeProvider: KeyboardThemeProvider.reset():40 Reset keyboard theme
04-21 09:43:02.887  1750  1750 I KeyboardContextProvider: KeyboardContextProvider.setBaseContextAndInvalidKeyboardContextCache():88 setBaseContextAndInvalidKeyboardContextCache(): null
04-21 09:43:02.888  1750  1750 I AbstractOpenableExtension: AbstractOpenableExtension$3.onSuccess():549 KeyboardGroupManager destroyed in fxd.
04-21 09:43:02.894  1750  1750 I GoogleInputMethodService: GoogleInputMethodService.onCreate():1009 
04-21 09:43:02.902  1750  1750 I GoogleInputMethodService: GoogleInputMethodService.onCreate():1019 Maybe update OEM display config because of service creation
04-21 09:43:02.904  1750  1750 I WindowMetricsNotification: WindowMetricsNotification.notify():134 WindowMetricsNotification{bounds=Rect(0, 36 - 1920, 1080), insets=Rect(0, 0 - 0, 36), densityDpi=240, smallestScreenWidthDp=720, displayWidth=1920, displayHeight=1080, xdpi=320.0, ydpi=320.0, isTrustable=true}; DisplayMetrics{density=1.5, width=1920, height=1080, scaledDensity=1.5, xdpi=320.0, ydpi=320.0}
04-21 09:43:02.904  1750  1750 I WindowMetricsHelper: WindowMetricsHelper.predictAndNotify():140 Window metrics predicted.
04-21 09:43:02.904  1750  1750 I InputMethodEntryManager: InputMethodEntryManager.notifyCurrentInputMethodEntryOnContextChanged():539 notifyCurrentInputMethodEntryOnContextChanged()
04-21 09:43:02.904  1750  1750 I InputMethodEntryManager: InputMethodEntryManager.notifyCurrentInputMethodEntryOnContextChanged():560 Notify current input method entry changed on context change
04-21 09:43:02.904  1750  1750 I KeyboardContextProvider: KeyboardContextProvider.setBaseContextAndInvalidKeyboardContextCache():88 setBaseContextAndInvalidKeyboardContextCache(): com.android.inputmethod.latin.LatinIME@a5b6189
04-21 09:43:02.906  1750  1750 E GoogleInputMethodService: GoogleInputMethodService.getAppEditorInfo():2853 App EditorInfo should never be null.
04-21 09:43:02.910  1750  1750 I StyledKeyboardThemeBuilder: StyledKeyboardThemeBuilder.build():147 Pref: [], themeName: [silk:], darkMode: [false], cacheKey: [overlay_builtin_dynamic_color_light_base.binarypb:dynamic-gm3-light-fffdfcff-ff3a608f-319763b53e9f733d8531a842cf65c071]
04-21 09:43:02.913  1750  1750 I KeyboardThemeProvider: KeyboardThemeProvider.applyKeyboardTheme():27 Apply keyboard theme: theme_border_keyboard_mode_screen_size_5_5_keyboard_mode_screen_width_large_stylesheet_noshadow_gsans_pillkey_silkpopup_light_tablet_keyboard_width_tablet_extra_large_navredesign_600_overlay_builtin_dynamic_color_light_base.binarypb:dynamic-gm3-light-fffdfcff-ff3a608f-319763b53e9f733d8531a842cf65c071_land
04-21 09:43:02.914  1750  1750 I KeyboardContextProvider: KeyboardContextProvider$KeyboardContextCache.createKeyboardContext():173 createKeyboardContext(): zh-CN, jey@751b5(com.android.inputmethod.latin.LatinIME@a5b6189), {1.0 ?mcc0mnc [zh_CN] ldltr sw720dp w1280dp h648dp 240dpi lrg long land finger qwerty/v/v -nav/h winConfig={ mBounds=Rect(0, 0 - 1920, 1080) mAppBounds=Rect(0, 0 - 1920, 1008) mMaxBounds=Rect(0, 0 - 1920, 1080) mDisplayRotation=ROTATION_0 mWindowingMode=fullscreen mDisplayWindowingMode=fullscreen mActivityType=undefined mAlwaysOnTop=undefined mRotation=ROTATION_0} s.54 fontWeightAdjustment=0}
04-21 09:43:02.916  1750  2123 W GoogleApiManager: The service for hgg is not available: hgq{statusCode=SERVICE_DISABLED, resolution=null, message=null}
04-21 09:43:02.917  1750  2123 W GoogleApiManager: The service for hgg is not available: hgq{statusCode=SERVICE_DISABLED, resolution=null, message=null}
04-21 09:43:02.919  1750  1750 I KeyboardHeightUtil: KeyboardHeightUtil.calculateMaxKeyboardBodyHeight():45 leave 161 height for app when ime window height:1008, header height:81 and isFullscreenMode:false, so the max keyboard body height is:766
04-21 09:43:02.920  1750  1750 I KeyboardHeightUtil: KeyboardHeightUtil.calculateMaxKeyboardBodyHeight():45 leave 161 height for app when ime window height:1008, header height:81 and isFullscreenMode:false, so the max keyboard body height is:766
04-21 09:43:02.920  1750  1750 I NormalModeController: NormalModeController.getKeyboardBodyViewHolderPaddingBottom():104 currentPrimeKeyboardType:SOFT systemPaddingBottom:-1
04-21 09:43:02.920  1750  1750 I GoogleInputMethodService: GoogleInputMethodService.onCurrentInputMethodEntryChanged():3666 onCurrentInputMethodEntryChanged(): imeDefsChanged=false, initializedEntryChanged=true, keyboardContextChanged=true
04-21 09:43:02.920  1750  1750 I GoogleInputMethodService: GoogleInputMethodService.clearInputMethodServiceData():1603 clearInputMethodServiceData for entryChange
04-21 09:43:02.920  1750  1750 I KeyboardHeightUtil: KeyboardHeightUtil.calculateMaxKeyboardBodyHeight():45 leave 161 height for app when ime window height:1008, header height:81 and isFullscreenMode:false, so the max keyboard body height is:766
04-21 09:43:02.920  1750  1750 I KeyboardHeightUtil: KeyboardHeightUtil.calculateMaxKeyboardBodyHeight():45 leave 161 height for app when ime window height:1008, header height:81 and isFullscreenMode:false, so the max keyboard body height is:766
04-21 09:43:02.921  1750  1750 I KeyboardModeManager: KeyboardModeManager.onCurrentInputMethodEntryChanged():1112 Reload data for context change
04-21 09:43:02.921  1750  2123 W GoogleApiManager: The service for hgg is not available: hgq{statusCode=SERVICE_DISABLED, resolution=null, message=null}
04-21 09:43:02.921  1750  1750 I GoogleInputMethodService: GoogleInputMethodService.initializeInputMethodServiceData():1361 initializeInputMethodServiceData for kbr{languageTag=zh-CN, variant=qwerty, hasLocalizedResources=true, conditionCacheKey=_app_first_start_timestamp=1766456477730_cache_additional_ime_defs_for_condition_change=false_cache_ime_defs_for_condition_change=false_device=tablet_device_size=default_enable_chinese_9key_foldable_split=false_enable_chinese_inline_composing_shape_based=false_enable_chinese_inline_composing_zh_cn=false_enable_flick_symbols=false_enable_more_candidates_view_for_multilingual=false_enable_number_row=false_enable_preemptive_decode=true_enable_secondary_digits=true_enable_secondary_symbols=false_enable_show_foldable_layout_on_small_tablet=false_enable_transliteration_tablet_floating_ui_v2=false_enable_voice_in_chinese=false_expressions=normal_four_or_more_letter_rows=false_keyboard_mode=normal_language=zh-CN_orientation=landscape_physical_keyboard=qwerty_pref_enable_chinese_inline_composing_cn=false_rtl_layout=false_show_secondary_digits=true_show_suggestions=true_split_keyboard_handedness_zh=right_split_with_duplicate_keys=true_variant=qwerty, imeDef.stringId=ime_zh_cn, imeDef.className=com.google.android.apps.inputmethod.libs.chinese.ime.AsyncChineseProcessorBasedIme, imeDef.languageTag=zh-CN}
04-21 09:43:02.921  1750  1750 E GoogleInputMethodService: GoogleInputMethodService.getAppEditorInfo():2853 App EditorInfo should never be null.
04-21 09:43:02.924  1750  1750 I StyledKeyboardThemeBuilder: StyledKeyboardThemeBuilder.build():147 Pref: [], themeName: [silk:], darkMode: [false], cacheKey: [overlay_builtin_dynamic_color_light_base.binarypb:dynamic-gm3-light-fffdfcff-ff3a608f-319763b53e9f733d8531a842cf65c071]
04-21 09:43:02.926  1750  1750 I KeyboardThemeProvider: KeyboardThemeProvider.applyKeyboardTheme():27 Apply keyboard theme: theme_border_keyboard_mode_screen_size_5_5_keyboard_mode_screen_width_large_stylesheet_noshadow_gsans_pillkey_silkpopup_light_tablet_keyboard_width_tablet_extra_large_navredesign_600_overlay_builtin_dynamic_color_light_base.binarypb:dynamic-gm3-light-fffdfcff-ff3a608f-319763b53e9f733d8531a842cf65c071_land
04-21 09:43:02.932  1750  1750 I AndroidIME: InputBundleManager.loadActiveInputBundleId():450 loadActiveInputBundleId: und-Latn-x-password, password_floating_hard_qwerty
04-21 09:43:02.933  1750  1750 I SystemSubtypesReportModule: SystemSubtypesReportModule$4.onSetCurrentInputMethodSubtype():160 zh_CN
04-21 09:43:02.934  1750  1750 I DeviceModeMonitor: DeviceModeMonitor.calculateDeviceMode():79 Get device mode tablet by screen size and smallestScreenWidthDp: 720
04-21 09:43:02.935  1750  1750 I HardKeyTracker: HardKeyTracker.registerKeySequence():139 Register key sequence lmm{labelResId=2132019861, callback=bzi@b368705, lastModifier=2, keyCodes=[47], actions=[0]}
04-21 09:43:02.936  1750  1750 I HardKeyTracker: HardKeyTracker.registerKeySequence():139 Register key sequence lmm{labelResId=0, callback=jvl@d2a4a68, lastModifier=0, keyCodes=[204], actions=[0]}
04-21 09:43:02.936  1750 28443 I NetworkInfoNotification: NetworkInfoNotification$Listener.onReceive():107 onNetworkAvailable: networkState = NON_METERED, isAirplaneModeOn = false
04-21 09:43:02.937  1750  2067 I OnDevicePackDownloadModule: OnDevicePackDownloadModule.onCreate():60 onCreate()
04-21 09:43:02.937  1750 28447 I NewS3RecognizerModule: NewS3RecognizerModule.onCreate():14 onCreate [news3]
04-21 09:43:02.938  1750  2067 I InputActionMetricsProcessor: InputActionMetricsProcessor.onAttached():91 Attached to metrics manager.
04-21 09:43:02.938  1750  2067 W MetricsManager: MetricsManager.addProcessorImpl():581 Processor fgc@c62441 already exists.
04-21 09:43:02.938  1750  2074 I SP      : Registering emoticon_content_description.2022081613, url: https://www.gstatic.com/android/keyboard/emoticon_content_desc/202208161305/superpacks_manifest.json, constraints: W:*:*:*, flags: bg, requested: 2022081613, current: 2022081613
04-21 09:43:02.938  1750 28445 I JapaneseMozcExtension: JapaneseMozcExtension.onCreate():44 
04-21 09:43:02.939  1750 28445 I EmojifyExtensionImpl: EmojifyExtensionImpl.onCreate():597 Creating Emojify extension egx@8fd85ed.
04-21 09:43:02.939  1750 28445 I AbstractOpenableExtension: AbstractOpenableExtension.createKeyboardGroupManagerListenableFuture():120 Create keyboard group manager listenable future in fxd
04-21 09:43:02.939  1750  2074 I SP      : Registering emoticon_content_description.2022081613, url: https://www.gstatic.com/android/keyboard/emoticon_content_desc/202208161305/superpacks_manifest.json, constraints: W:*:*:*, flags: bg, requested: 2022081613, current: 2022081613
04-21 09:43:02.939  1750 28449 I KeyboardGroupDefParser: KeyboardGroupDefParser.parseKeyboardGroupDef():83 parseKeyboardGroupDef() 2132214040 -> 0_resource_name_obfuscated : WaitTime = 0 ms : RunTime = 0 ms
04-21 09:43:02.939  1750  2067 I NetworkInfoNotification: NetworkInfoNotification$Listener.onReceive():107 onNetworkAvailable: networkState = NON_METERED, isAirplaneModeOn = false
04-21 09:43:02.940  1750  1750 I AbstractOpenableExtension: AbstractOpenableExtension$3.onSuccess():549 KeyboardGroupManager destroyed in fvb.
04-21 09:43:02.941  1750  2067 I Environment: Environment.isPackageInstalled():234 com.bitstrips.imoji is not installed
04-21 09:43:02.942  1750  2067 W AndroidCreativeStickerFetcherFactory: AndroidCreativeStickerFetcherFactory.createFetcher():19 Empty host or api key
04-21 09:43:02.942  1750  2074 I SP      : Syncing emoticon_content_description (2022081613) with slices: [7a635888cb828dfa2fc744b7b9b50f04, 3c27e76d2c13b8d849a3711831ff8dbd], metadata: false
04-21 09:43:02.942  1750  1750 I NetworkInfoNotification: NetworkInfoNotification$Listener.onReceive():107 onNetworkAvailable: networkState = NON_METERED, isAirplaneModeOn = false
04-21 09:43:02.942  1750  1750 I NetworkInfoNotification: NetworkInfoNotification$Listener.onReceive():107 onNetworkAvailable: networkState = NON_METERED, isAirplaneModeOn = false
04-21 09:43:02.944  1750  1750 I AccessPointsListHolderController: AccessPointsListHolderController.removeAccessPoint():345 The access point textediting is not added
04-21 09:43:02.944  1750  1750 I AccessPointsListHolderController: AccessPointsListHolderController.removeAccessPoint():345 The access point theme_setting is not added
04-21 09:43:02.945  1750  1750 I NetworkInfoNotification: NetworkInfoNotification$Listener.onReceive():107 onNetworkAvailable: networkState = NON_METERED, isAirplaneModeOn = false
04-21 09:43:02.946  1750  1750 I AccessPointsListHolderController: AccessPointsListHolderController.removeAccessPoint():345 The access point settings is not added
04-21 09:43:02.947  1750  1750 I ClipboardDataHandler: ClipboardDataHandler.updateScreenshotsContentObserver():283 Disable the feature of handling screenshots in the clipboard.
04-21 09:43:02.947  1750  2123 W GoogleApiManager: The service for hgg is not available: hgq{statusCode=SERVICE_DISABLED, resolution=null, message=null}
04-21 09:43:02.949  1750 28448 I AbstractOpenableExtension: AbstractOpenableExtension.createKeyboardGroupManagerListenableFuture():120 Create keyboard group manager listenable future in fvb
04-21 09:43:02.949  1750 28446 I KeyboardGroupDefParser: KeyboardGroupDefParser.parseKeyboardGroupDef():83 parseKeyboardGroupDef() 2132214025 -> 0_resource_name_obfuscated : WaitTime = 0 ms : RunTime = 1 ms
04-21 09:43:02.950  1750 28445 I KeyboardGroupDefParser: KeyboardGroupDefParser.parseKeyboardGroupDef():83 parseKeyboardGroupDef() 2132214033 -> 0_resource_name_obfuscated : WaitTime = 0 ms : RunTime = 0 ms
04-21 09:43:02.950  1750  1750 I AccessPointsListHolderController: AccessPointsListHolderController.removeAccessPoint():345 The access point one_handed is not added
04-21 09:43:02.950  1750 28448 I KeyboardGroupDefParser: KeyboardGroupDefParser.parseKeyboardGroupDef():83 parseKeyboardGroupDef() 2132214034 -> 0_resource_name_obfuscated : WaitTime = 0 ms : RunTime = 1 ms
04-21 09:43:02.950  1750  1750 I AccessPointsListHolderController: AccessPointsListHolderController.removeAccessPoint():345 The access point split is not added
04-21 09:43:02.950  1750  1750 I GoogleInputMethodService: GoogleInputMethodService$GoogleInputMethodImpl.attachToken():4229 
04-21 09:43:02.957  1750  1750 I SystemSubtypesReportModule: SystemSubtypesReportModule$3.onCurrentInputMethodEntryChanged():136 entry: zh-CN, source: UNSPECIFIED
04-21 09:43:02.957  1750  1750 I SystemSubtypesReportModule: SystemSubtypesReportModule.switchToSubtypeByEntry():205 zh-CN
04-21 09:43:02.959  1750  2074 I SP      : Syncing emoticon_content_description (2022081613) with slices: [7a635888cb828dfa2fc744b7b9b50f04, 3c27e76d2c13b8d849a3711831ff8dbd], metadata: false
04-21 09:43:02.967  1750  1750 I AppBase : AppBase.onConfigurationChanged():446 onConfigurationChanged() : NewConfig = {1.0 ?mcc0mnc [zh_CN_#Hans] ldltr sw720dp w1280dp h648dp 240dpi lrg long land finger qwerty/v/v -nav/h winConfig={ mBounds=Rect(0, 0 - 1920, 1080) mAppBounds=Rect(0, 0 - 1920, 1008) mMaxBounds=Rect(0, 0 - 1920, 1080) mDisplayRotation=ROTATION_0 mWindowingMode=fullscreen mDisplayWindowingMode=fullscreen mActivityType=undefined mAlwaysOnTop=undefined mRotation=ROTATION_0} s.1035 fontWeightAdjustment=0}
04-21 09:43:02.968  1750  1750 I GoogleInputMethodService: GoogleInputMethodService.onStartInput():1982 onStartInput(EditorInfo{EditorInfo{packageName=com.impos2.mixcretailassemblyrn84, inputType=0, inputTypeString=NULL, enableLearning=false, autoCorrection=false, autoComplete=false, imeOptions=0, privateImeOptions=null, actionName=UNSPECIFIED, actionLabel=null, initialSelStart=-1, initialSelEnd=-1, initialCapsMode=0, label=null, fieldId=0, fieldName=null, extras=null, hintText=null, hintLocales=[]}}, false)
04-21 09:43:02.969  1750  1750 I GoogleInputMethodService: GoogleInputMethodService.updateDeviceLockedStatus():2246 repeatCheckTimes = 1, locked = false
04-21 09:43:02.970  1750  1750 I AndroidIME: InputBundleManager.loadActiveInputBundleId():450 loadActiveInputBundleId: und-Latn-x-password, password_floating_hard_qwerty
04-21 09:43:02.970  1750  1750 W EmojiCompatManager: EmojiCompatManager.getEmojiCompatIfLoaded():335 EmojiCompat failed to load.
04-21 09:43:02.970  1750  1750 I HardKeyTracker: HardKeyTracker.registerKeySequence():139 Register key sequence lmm{labelResId=2132019852, callback=fpg@9f4e571, lastModifier=0, keyCodes=[57, 57], actions=[1, 0]}
04-21 09:43:02.970  1750  1750 I HardKeyTracker: HardKeyTracker.registerKeySequence():139 Register key sequence lmm{labelResId=0, callback=fpg@1d65cc4, lastModifier=0, keyCodes=[58, 58], actions=[1, 0]}
04-21 09:43:02.971   888 14813 W PackageConfigPersister: App-specific configuration not found for packageName: com.impos2.mixcretailassemblyrn84 and userId: 0
04-21 09:43:02.972  1750  2074 I SP      : GC for 'emoticon_content_description' (10) with ttl of 0 ms took 0 ms (0/0/0)
04-21 09:43:02.973  1750  2074 I AbstractSyncResultCallback: AbstractSyncResultCallback.onFailure():38 onFailure(): emoticon_content_description.sync cancelled; expected if new request supersedes pending one.
04-21 09:43:02.981  1750  2074 I SP      : Sync for emoticon_content_description succeeded in 24 ms: no changes
04-21 09:43:02.981  1750  2074 I SP      : GC for 'emoticon_content_description' (10) with ttl of 0 ms took 0 ms (0/0/0)
04-21 09:43:05.753   888  1023 E WifiStaIfaceAidlImpl: getLinkLayerStats failed with service-specific exception: android.os.ServiceSpecificException: unknown error (code 9)
04-21 09:43:05.822   888  1819 E TaskPersister: File error accessing recents directory (directory doesn't exist?).
04-21 09:43:07.154   888 14813 D AlarmManager: setImplLocked() callingPackage=sunmi.remotemanager
04-21 09:43:08.766   888  1023 E WifiStaIfaceAidlImpl: getLinkLayerStats failed with service-specific exception: android.os.ServiceSpecificException: unknown error (code 9)
04-21 09:43:11.777   888  1023 E WifiStaIfaceAidlImpl: getLinkLayerStats failed with service-specific exception: android.os.ServiceSpecificException: unknown error (code 9)
04-21 09:43:14.787   888  1023 E WifiStaIfaceAidlImpl: getLinkLayerStats failed with service-specific exception: android.os.ServiceSpecificException: unknown error (code 9)
04-21 09:43:17.798   888  1023 E WifiStaIfaceAidlImpl: getLinkLayerStats failed with service-specific exception: android.os.ServiceSpecificException: unknown error (code 9)
04-21 09:43:20.811   888  1023 E WifiStaIfaceAidlImpl: getLinkLayerStats failed with service-specific exception: android.os.ServiceSpecificException: unknown error (code 9)
04-21 09:43:21.991   344   374 E android.hardware.graphics.composer3-service.rockchip: wait,line=113 wait callback timeout
04-21 09:43:23.824   888  1023 E WifiStaIfaceAidlImpl: getLinkLayerStats failed with service-specific exception: android.os.ServiceSpecificException: unknown error (code 9)
04-21 09:43:26.837   888  1023 E WifiStaIfaceAidlImpl: getLinkLayerStats failed with service-specific exception: android.os.ServiceSpecificException: unknown error (code 9)
04-21 09:43:29.847   888  1023 E WifiStaIfaceAidlImpl: getLinkLayerStats failed with service-specific exception: android.os.ServiceSpecificException: unknown error (code 9)
04-21 09:43:30.259 28401 28472 D TrafficStats: tagSocket(5) with statsTag=0xffffffff, statsUid=-1
04-21 09:43:30.261 28401 28472 D TrafficStats: tagSocket(99) with statsTag=0xffffffff, statsUid=-1
04-21 09:43:30.264 28319 28394 D TrafficStats: tagSocket(5) with statsTag=0xffffffff, statsUid=-1
04-21 09:43:30.266 28319 28394 D TrafficStats: tagSocket(124) with statsTag=0xffffffff, statsUid=-1
04-21 09:43:30.277 28401 28472 D TrafficStats: tagSocket(5) with statsTag=0xffffffff, statsUid=-1
04-21 09:43:30.279 28319 28394 D TrafficStats: tagSocket(5) with statsTag=0xffffffff, statsUid=-1
04-21 09:43:32.857   888  1023 E WifiStaIfaceAidlImpl: getLinkLayerStats failed with service-specific exception: android.os.ServiceSpecificException: unknown error (code 9)
04-21 09:43:35.865   888  1023 E WifiStaIfaceAidlImpl: getLinkLayerStats failed with service-specific exception: android.os.ServiceSpecificException: unknown error (code 9)
04-21 09:43:38.877   888  1023 E WifiStaIfaceAidlImpl: getLinkLayerStats failed with service-specific exception: android.os.ServiceSpecificException: unknown error (code 9)
04-21 09:43:41.887   888  1023 E WifiStaIfaceAidlImpl: getLinkLayerStats failed with service-specific exception: android.os.ServiceSpecificException: unknown error (code 9)
04-21 09:43:41.917  2731  2731 E SdkStatusContentProvider: SdkSettingPreferences onSharedPreferenceChanged key = isp
04-21 09:43:41.917  2731  2731 E SdkStatusContentProvider: SdkSettingPreferences onSharedPreferenceChanged key = isp
04-21 09:43:41.918  2731  2877 E ActivityThread: Failed to find provider info for com.alipay.iot.settings.SettingsProvider
04-21 09:43:41.919  2731  2877 E ActivityThread: Failed to find provider info for com.alipay.iot.settings.SettingsProvider
04-21 09:43:41.921   888 14813 I UsbExtImpl: default allow  uid:10099pid:2731  processName=com.alipay.iot.service to use PC Camera
04-21 09:43:41.921   888 14813 V UsbExtImpl: smconf processName:com.alipay.iot.service
04-21 09:43:41.921   888 14813 I UsbExtImpl: smconf disallow  uid:10099pid:2731  processName=com.alipay.iot.service to use GD32-USB_Printer
04-21 09:43:41.921   888 14813 I UsbExtImpl: default allow  uid:10099pid:2731  processName=com.alipay.iot.service to use NS021 USB HID Keyboard
04-21 09:43:41.923   888 14813 I UsbExtImpl: default allow  uid:10099pid:2731  processName=com.alipay.iot.service to use PC Camera
04-21 09:43:41.923   888 14813 V UsbExtImpl: smconf processName:com.alipay.iot.service
04-21 09:43:41.923   888 14813 I UsbExtImpl: smconf disallow  uid:10099pid:2731  processName=com.alipay.iot.service to use GD32-USB_Printer
04-21 09:43:41.924   888 14813 I UsbExtImpl: default allow  uid:10099pid:2731  processName=com.alipay.iot.service to use NS021 USB HID Keyboard
04-21 09:43:41.925   888 14813 I UsbExtImpl: default allow  uid:10099pid:2731  processName=com.alipay.iot.service to use PC Camera
04-21 09:43:41.925   888 14813 V UsbExtImpl: smconf processName:com.alipay.iot.service
04-21 09:43:41.925   888 14813 I UsbExtImpl: smconf disallow  uid:10099pid:2731  processName=com.alipay.iot.service to use GD32-USB_Printer
04-21 09:43:41.926   888 14813 I UsbExtImpl: default allow  uid:10099pid:2731  processName=com.alipay.iot.service to use NS021 USB HID Keyboard
04-21 09:43:41.927   888 14813 I UsbExtImpl: default allow  uid:10099pid:2731  processName=com.alipay.iot.service to use PC Camera
04-21 09:43:41.927   888 14813 V UsbExtImpl: smconf processName:com.alipay.iot.service
04-21 09:43:41.927   888 14813 I UsbExtImpl: smconf disallow  uid:10099pid:2731  processName=com.alipay.iot.service to use GD32-USB_Printer
04-21 09:43:41.928   888 14813 I UsbExtImpl: default allow  uid:10099pid:2731  processName=com.alipay.iot.service to use NS021 USB HID Keyboard
04-21 09:43:41.929   888 14813 I UsbExtImpl: default allow  uid:10099pid:2731  processName=com.alipay.iot.service to use PC Camera
04-21 09:43:41.929   888 14813 V UsbExtImpl: smconf processName:com.alipay.iot.service
04-21 09:43:41.929   888 14813 I UsbExtImpl: smconf disallow  uid:10099pid:2731  processName=com.alipay.iot.service to use GD32-USB_Printer
04-21 09:43:41.930   888 14813 I UsbExtImpl: default allow  uid:10099pid:2731  processName=com.alipay.iot.service to use NS021 USB HID Keyboard
04-21 09:43:41.991   344   374 E android.hardware.graphics.composer3-service.rockchip: wait,line=113 wait callback timeout
04-21 09:43:44.899   888  1023 E WifiStaIfaceAidlImpl: getLinkLayerStats failed with service-specific exception: android.os.ServiceSpecificException: unknown error (code 9)
04-21 09:43:47.911   888  1023 E WifiStaIfaceAidlImpl: getLinkLayerStats failed with service-specific exception: android.os.ServiceSpecificException: unknown error (code 9)
04-21 09:43:50.925   888  1023 E WifiStaIfaceAidlImpl: getLinkLayerStats failed with service-specific exception: android.os.ServiceSpecificException: unknown error (code 9)
04-21 09:43:53.935   888  1023 E WifiStaIfaceAidlImpl: getLinkLayerStats failed with service-specific exception: android.os.ServiceSpecificException: unknown error (code 9)
04-21 09:43:56.947   888  1023 E WifiStaIfaceAidlImpl: getLinkLayerStats failed with service-specific exception: android.os.ServiceSpecificException: unknown error (code 9)
04-21 09:43:59.959   888  1023 E WifiStaIfaceAidlImpl: getLinkLayerStats failed with service-specific exception: android.os.ServiceSpecificException: unknown error (code 9)
04-21 09:44:00.000   888   972 D AlarmManager: setImplLocked() callingPackage=android
04-21 09:44:01.992   344   374 E android.hardware.graphics.composer3-service.rockchip: wait,line=113 wait callback timeout
04-21 09:44:02.971   888  1023 E WifiStaIfaceAidlImpl: getLinkLayerStats failed with service-specific exception: android.os.ServiceSpecificException: unknown error (code 9)
04-21 09:44:03.150 28319 28394 D TrafficStats: tagSocket(5) with statsTag=0xffffffff, statsUid=-1
04-21 09:44:03.157 28319 28394 D TrafficStats: tagSocket(5) with statsTag=0xffffffff, statsUid=-1
04-21 09:44:03.166 28401 28472 D TrafficStats: tagSocket(5) with statsTag=0xffffffff, statsUid=-1
04-21 09:44:03.174 28401 28472 D TrafficStats: tagSocket(5) with statsTag=0xffffffff, statsUid=-1
04-21 09:44:03.408 28319 28394 D TrafficStats: tagSocket(5) with statsTag=0xffffffff, statsUid=-1
04-21 09:44:03.414 28401 28472 D TrafficStats: tagSocket(5) with statsTag=0xffffffff, statsUid=-1
04-21 09:44:03.421 28319 28394 D TrafficStats: tagSocket(134) with statsTag=0xffffffff, statsUid=-1
04-21 09:44:03.424 28401 28472 D TrafficStats: tagSocket(99) with statsTag=0xffffffff, statsUid=-1
04-21 09:44:03.425 28319 28394 D TrafficStats: tagSocket(155) with statsTag=0xffffffff, statsUid=-1
04-21 09:44:03.428 28401 28472 D TrafficStats: tagSocket(5) with statsTag=0xffffffff, statsUid=-1
04-21 09:44:03.437 28319 28394 D TrafficStats: tagSocket(5) with statsTag=0xffffffff, statsUid=-1
04-21 09:44:03.439 28401 28472 D TrafficStats: tagSocket(99) with statsTag=0xffffffff, statsUid=-1
04-21 09:44:05.983   888  1023 E WifiStaIfaceAidlImpl: getLinkLayerStats failed with service-specific exception: android.os.ServiceSpecificException: unknown error (code 9)
04-21 09:44:07.235   888 14813 D AlarmManager: setImplLocked() callingPackage=sunmi.remotemanager
04-21 09:44:08.994   888  1023 E WifiStaIfaceAidlImpl: getLinkLayerStats failed with service-specific exception: android.os.ServiceSpecificException: unknown error (code 9)
04-21 09:44:12.003   888  1023 E WifiStaIfaceAidlImpl: getLinkLayerStats failed with service-specific exception: android.os.ServiceSpecificException: unknown error (code 9)
04-21 09:44:15.016   888  1023 E WifiStaIfaceAidlImpl: getLinkLayerStats failed with service-specific exception: android.os.ServiceSpecificException: unknown error (code 9)
04-21 09:44:18.027   888  1023 E WifiStaIfaceAidlImpl: getLinkLayerStats failed with service-specific exception: android.os.ServiceSpecificException: unknown error (code 9)
04-21 09:44:21.037   888  1023 E WifiStaIfaceAidlImpl: getLinkLayerStats failed with service-specific exception: android.os.ServiceSpecificException: unknown error (code 9)
04-21 09:44:21.992   344   374 E android.hardware.graphics.composer3-service.rockchip: wait,line=113 wait callback timeout
04-21 09:44:24.047   888  1023 E WifiStaIfaceAidlImpl: getLinkLayerStats failed with service-specific exception: android.os.ServiceSpecificException: unknown error (code 9)
04-21 09:44:27.059   888  1023 E WifiStaIfaceAidlImpl: getLinkLayerStats failed with service-specific exception: android.os.ServiceSpecificException: unknown error (code 9)
04-21 09:44:30.067   888  1023 E WifiStaIfaceAidlImpl: getLinkLayerStats failed with service-specific exception: android.os.ServiceSpecificException: unknown error (code 9)
04-21 09:44:33.079   888  1023 E WifiStaIfaceAidlImpl: getLinkLayerStats failed with service-specific exception: android.os.ServiceSpecificException: unknown error (code 9)
04-21 09:44:36.087   888  1023 E WifiStaIfaceAidlImpl: getLinkLayerStats failed with service-specific exception: android.os.ServiceSpecificException: unknown error (code 9)
04-21 09:44:38.717   888 14813 W APP_LOCK: ===isSecureForCommon  defaultLauncher:null===
04-21 09:44:38.717   888 14813 W APP_LOCK: ===isSecureForCommon  callingPackage:com.android.shell===
04-21 09:44:38.717   888 14813 W APP_LOCK: ===isSecureForCommon  === defaultLauncher:com.android.launcher3===
04-21 09:44:38.717   888 14813 W APP_LOCK: ===isSecureForCommon  isDefaultApp:false=== packageName : com.impos2.mixcretailassemblyrn84
04-21 09:44:38.718   888 14813 I Camera  : callprocess:com.impos2.mixcretailassemblyrn84
04-21 09:44:38.718   888 14813 W ActivityTaskManager: callingPackage for (uid=2000, pid=28503) has no WPC
04-21 09:44:38.722   888 14813 E ActivityTaskManager: startResult ================ 0
04-21 09:44:38.724   888 14813 I Camera  : callprocess:com.impos2.mixcretailassemblyrn84
04-21 09:44:38.724 28319 28319 W unknown:BridgelessReact: ReactHost{0}.onHostPause(activity)
04-21 09:44:38.724 28319 28319 W unknown:BridgelessReact: ReactHost{0}.ReactContext.onHostPause()
04-21 09:44:38.726   888 14813 I Camera  : callprocess:com.impos2.mixcretailassemblyrn84
04-21 09:44:38.726   888  4056 V AtmsExtImpl_KioskMode: Kiosk Mode isKioskApp: false
04-21 09:44:38.726 28319 28319 W unknown:BridgelessReact: ReactHost{0}.onHostResume(activity)
04-21 09:44:38.726 28319 28319 W unknown:BridgelessReact: ReactHost{0}.ReactContext.onHostResume()
04-21 09:44:38.727   888 14813 I Camera  : callprocess:com.impos2.mixcretailassemblyrn84
04-21 09:44:38.728  1104  6761 D KeyguardService: setOccluded(false)
04-21 09:44:38.728  1104  6761 D KeyguardViewMediator: setOccluded(false)
04-21 09:44:38.728  1104  1104 D KeyguardViewMediator: handleSetOccluded(false)
04-21 09:44:38.728  1104  1104 D KeyguardViewMediator: KeyguardViewMediator queue processing message: SET_OCCLUDED
04-21 09:44:38.729   888 14813 I ActivityTaskManager: START u0 {flg=0x10000000 cmp=com.impos2.mixcretailassemblyrn84/.MainActivity} with LAUNCH_SINGLE_TASK from uid 2000 (BAL_ALLOW_PERMISSION) result code=3
04-21 09:44:38.730  1104  1128 D WindowManagerShell: onActivityRestartAttempt: ComponentInfo{com.impos2.mixcretailassemblyrn84/com.impos2.mixcretailassemblyrn84.MainActivity}
04-21 09:44:38.765   888  4056 V WindowManager: getPackagePerformanceMode -- ComponentInfo{com.impos2.mixcretailassemblyrn84/com.impos2.mixcretailassemblyrn84.SecondaryActivity} -- com.impos2.mixcretailassemblyrn84 -- mode=0
04-21 09:44:38.989 28319 28394 D TrafficStats: tagSocket(5) with statsTag=0xffffffff, statsUid=-1
04-21 09:44:38.999 28319 28394 D TrafficStats: tagSocket(5) with statsTag=0xffffffff, statsUid=-1
04-21 09:44:39.008 28319 28394 D TrafficStats: tagSocket(5) with statsTag=0xffffffff, statsUid=-1
04-21 09:44:39.099   888  1023 E WifiStaIfaceAidlImpl: getLinkLayerStats failed with service-specific exception: android.os.ServiceSpecificException: unknown error (code 9)
04-21 09:44:39.270 28319 28394 D TrafficStats: tagSocket(136) with statsTag=0xffffffff, statsUid=-1
04-21 09:44:39.277 28319 28394 D TrafficStats: tagSocket(124) with statsTag=0xffffffff, statsUid=-1
04-21 09:44:39.295 28319 28394 D TrafficStats: tagSocket(124) with statsTag=0xffffffff, statsUid=-1
04-21 09:44:39.307 28319 28394 D TrafficStats: tagSocket(124) with statsTag=0xffffffff, statsUid=-1
04-21 09:44:39.385 28319 28394 D TrafficStats: tagSocket(109) with statsTag=0xffffffff, statsUid=-1
04-21 09:44:39.395 28319 28394 D TrafficStats: tagSocket(109) with statsTag=0xffffffff, statsUid=-1
04-21 09:44:39.404 28319 28394 D TrafficStats: tagSocket(110) with statsTag=0xffffffff, statsUid=-1
04-21 09:44:39.483 28319 28394 D TrafficStats: tagSocket(109) with statsTag=0xffffffff, statsUid=-1
04-21 09:44:39.490 28319 28394 D TrafficStats: tagSocket(109) with statsTag=0xffffffff, statsUid=-1
04-21 09:44:39.498 28319 28394 D TrafficStats: tagSocket(109) with statsTag=0xffffffff, statsUid=-1
04-21 09:44:39.583 28319 28394 D TrafficStats: tagSocket(107) with statsTag=0xffffffff, statsUid=-1
04-21 09:44:39.596 28319 28394 D TrafficStats: tagSocket(107) with statsTag=0xffffffff, statsUid=-1
04-21 09:44:39.603 28319 28394 D TrafficStats: tagSocket(107) with statsTag=0xffffffff, statsUid=-1
04-21 09:44:39.681 28319 28394 D TrafficStats: tagSocket(5) with statsTag=0xffffffff, statsUid=-1
04-21 09:44:39.690 28319 28394 D TrafficStats: tagSocket(5) with statsTag=0xffffffff, statsUid=-1
04-21 09:44:39.698 28319 28394 D TrafficStats: tagSocket(5) with statsTag=0xffffffff, statsUid=-1
04-21 09:44:39.774 28319 28394 D TrafficStats: tagSocket(5) with statsTag=0xffffffff, statsUid=-1
04-21 09:44:39.783 28319 28394 D TrafficStats: tagSocket(5) with statsTag=0xffffffff, statsUid=-1
04-21 09:44:39.790 28319 28394 D TrafficStats: tagSocket(107) with statsTag=0xffffffff, statsUid=-1
04-21 09:44:39.870 28319 28394 D TrafficStats: tagSocket(5) with statsTag=0xffffffff, statsUid=-1
04-21 09:44:39.879 28319 28394 D TrafficStats: tagSocket(5) with statsTag=0xffffffff, statsUid=-1
04-21 09:44:39.889 28319 28394 D TrafficStats: tagSocket(5) with statsTag=0xffffffff, statsUid=-1
04-21 09:44:39.966 28319 28394 D TrafficStats: tagSocket(5) with statsTag=0xffffffff, statsUid=-1
04-21 09:44:39.973 28319 28394 D TrafficStats: tagSocket(116) with statsTag=0xffffffff, statsUid=-1
04-21 09:44:39.981 28319 28394 D TrafficStats: tagSocket(5) with statsTag=0xffffffff, statsUid=-1
04-21 09:44:40.058 28319 28394 D TrafficStats: tagSocket(5) with statsTag=0xffffffff, statsUid=-1
04-21 09:44:40.069 28319 28394 D TrafficStats: tagSocket(109) with statsTag=0xffffffff, statsUid=-1
04-21 09:44:40.079 28319 28394 D TrafficStats: tagSocket(5) with statsTag=0xffffffff, statsUid=-1
04-21 09:44:40.166 28319 28394 D TrafficStats: tagSocket(5) with statsTag=0xffffffff, statsUid=-1
04-21 09:44:40.174 28319 28394 D TrafficStats: tagSocket(5) with statsTag=0xffffffff, statsUid=-1
04-21 09:44:40.183 28319 28394 D TrafficStats: tagSocket(5) with statsTag=0xffffffff, statsUid=-1
04-21 09:44:40.269 28319 28394 D TrafficStats: tagSocket(5) with statsTag=0xffffffff, statsUid=-1
04-21 09:44:40.281 28319 28394 D TrafficStats: tagSocket(5) with statsTag=0xffffffff, statsUid=-1
04-21 09:44:40.289 28319 28394 D TrafficStats: tagSocket(5) with statsTag=0xffffffff, statsUid=-1
04-21 09:44:40.366 28319 28394 D TrafficStats: tagSocket(5) with statsTag=0xffffffff, statsUid=-1
04-21 09:44:40.382 28319 28394 D TrafficStats: tagSocket(5) with statsTag=0xffffffff, statsUid=-1
04-21 09:44:40.390 28319 28394 D TrafficStats: tagSocket(5) with statsTag=0xffffffff, statsUid=-1
04-21 09:44:40.469 28319 28394 D TrafficStats: tagSocket(5) with statsTag=0xffffffff, statsUid=-1
04-21 09:44:40.479 28319 28394 D TrafficStats: tagSocket(5) with statsTag=0xffffffff, statsUid=-1
04-21 09:44:40.486 28319 28394 D TrafficStats: tagSocket(5) with statsTag=0xffffffff, statsUid=-1
04-21 09:44:40.562 28319 28394 D TrafficStats: tagSocket(5) with statsTag=0xffffffff, statsUid=-1
04-21 09:44:40.570 28319 28394 D TrafficStats: tagSocket(5) with statsTag=0xffffffff, statsUid=-1
04-21 09:44:40.579 28319 28394 D TrafficStats: tagSocket(5) with statsTag=0xffffffff, statsUid=-1
04-21 09:44:40.655 28319 28394 D TrafficStats: tagSocket(5) with statsTag=0xffffffff, statsUid=-1
04-21 09:44:40.665 28319 28394 D TrafficStats: tagSocket(113) with statsTag=0xffffffff, statsUid=-1
04-21 09:44:40.672 28319 28394 D TrafficStats: tagSocket(5) with statsTag=0xffffffff, statsUid=-1
04-21 09:44:40.757 28319 28394 D TrafficStats: tagSocket(5) with statsTag=0xffffffff, statsUid=-1
04-21 09:44:40.769 28319 28394 D TrafficStats: tagSocket(5) with statsTag=0xffffffff, statsUid=-1
04-21 09:44:40.779 28319 28394 D TrafficStats: tagSocket(5) with statsTag=0xffffffff, statsUid=-1
04-21 09:44:40.866 28319 28394 D TrafficStats: tagSocket(5) with statsTag=0xffffffff, statsUid=-1
04-21 09:44:40.873 28319 28394 D TrafficStats: tagSocket(5) with statsTag=0xffffffff, statsUid=-1
04-21 09:44:40.882 28319 28394 D TrafficStats: tagSocket(108) with statsTag=0xffffffff, statsUid=-1
04-21 09:44:40.970 28319 28394 D TrafficStats: tagSocket(5) with statsTag=0xffffffff, statsUid=-1
04-21 09:44:40.980 28319 28394 D TrafficStats: tagSocket(5) with statsTag=0xffffffff, statsUid=-1
04-21 09:44:40.988 28319 28394 D TrafficStats: tagSocket(5) with statsTag=0xffffffff, statsUid=-1
04-21 09:44:41.064 28319 28394 D TrafficStats: tagSocket(5) with statsTag=0xffffffff, statsUid=-1
04-21 09:44:41.071 28319 28394 D TrafficStats: tagSocket(115) with statsTag=0xffffffff, statsUid=-1
04-21 09:44:41.079 28319 28394 D TrafficStats: tagSocket(107) with statsTag=0xffffffff, statsUid=-1
04-21 09:44:41.156 28319 28394 D TrafficStats: tagSocket(5) with statsTag=0xffffffff, statsUid=-1
04-21 09:44:41.164 28319 28394 D TrafficStats: tagSocket(107) with statsTag=0xffffffff, statsUid=-1
04-21 09:44:41.172 28319 28394 D TrafficStats: tagSocket(5) with statsTag=0xffffffff, statsUid=-1
04-21 09:44:41.249 28319 28394 D TrafficStats: tagSocket(5) with statsTag=0xffffffff, statsUid=-1
04-21 09:44:41.270 28319 28394 D TrafficStats: tagSocket(5) with statsTag=0xffffffff, statsUid=-1
04-21 09:44:41.283 28319 28394 D TrafficStats: tagSocket(5) with statsTag=0xffffffff, statsUid=-1
04-21 09:44:41.368 28319 28394 D TrafficStats: tagSocket(5) with statsTag=0xffffffff, statsUid=-1
04-21 09:44:41.376 28319 28394 D TrafficStats: tagSocket(5) with statsTag=0xffffffff, statsUid=-1
04-21 09:44:41.385 28319 28394 D TrafficStats: tagSocket(5) with statsTag=0xffffffff, statsUid=-1
04-21 09:44:41.469 28319 28394 D TrafficStats: tagSocket(5) with statsTag=0xffffffff, statsUid=-1
04-21 09:44:41.483 28319 28394 D TrafficStats: tagSocket(5) with statsTag=0xffffffff, statsUid=-1
04-21 09:44:41.498 28319 28394 D TrafficStats: tagSocket(5) with statsTag=0xffffffff, statsUid=-1
04-21 09:44:41.578 28319 28394 D TrafficStats: tagSocket(5) with statsTag=0xffffffff, statsUid=-1
04-21 09:44:41.587 28319 28394 D TrafficStats: tagSocket(5) with statsTag=0xffffffff, statsUid=-1
04-21 09:44:41.597 28319 28394 D TrafficStats: tagSocket(5) with statsTag=0xffffffff, statsUid=-1
04-21 09:44:41.680 28319 28394 D TrafficStats: tagSocket(5) with statsTag=0xffffffff, statsUid=-1
04-21 09:44:41.689 28319 28394 D TrafficStats: tagSocket(5) with statsTag=0xffffffff, statsUid=-1
04-21 09:44:41.697 28319 28394 D TrafficStats: tagSocket(5) with statsTag=0xffffffff, statsUid=-1
04-21 09:44:41.938  2731  2731 E SdkStatusContentProvider: SdkSettingPreferences onSharedPreferenceChanged key = isp
04-21 09:44:41.938  2731  2731 E SdkStatusContentProvider: SdkSettingPreferences onSharedPreferenceChanged key = isp
04-21 09:44:41.939  2731  2877 E ActivityThread: Failed to find provider info for com.alipay.iot.settings.SettingsProvider
04-21 09:44:41.940  2731  2877 E ActivityThread: Failed to find provider info for com.alipay.iot.settings.SettingsProvider
04-21 09:44:41.942   888 14813 I UsbExtImpl: default allow  uid:10099pid:2731  processName=com.alipay.iot.service to use PC Camera
04-21 09:44:41.942   888 14813 V UsbExtImpl: smconf processName:com.alipay.iot.service
04-21 09:44:41.942   888 14813 I UsbExtImpl: smconf disallow  uid:10099pid:2731  processName=com.alipay.iot.service to use GD32-USB_Printer
04-21 09:44:41.942   888 14813 I UsbExtImpl: default allow  uid:10099pid:2731  processName=com.alipay.iot.service to use NS021 USB HID Keyboard
04-21 09:44:41.944   888 14813 I UsbExtImpl: default allow  uid:10099pid:2731  processName=com.alipay.iot.service to use PC Camera
04-21 09:44:41.944   888 14813 V UsbExtImpl: smconf processName:com.alipay.iot.service
04-21 09:44:41.944   888 14813 I UsbExtImpl: smconf disallow  uid:10099pid:2731  processName=com.alipay.iot.service to use GD32-USB_Printer
04-21 09:44:41.944   888 14813 I UsbExtImpl: default allow  uid:10099pid:2731  processName=com.alipay.iot.service to use NS021 USB HID Keyboard
04-21 09:44:41.946   888 14813 I UsbExtImpl: default allow  uid:10099pid:2731  processName=com.alipay.iot.service to use PC Camera
04-21 09:44:41.946   888 14813 V UsbExtImpl: smconf processName:com.alipay.iot.service
04-21 09:44:41.946   888 14813 I UsbExtImpl: smconf disallow  uid:10099pid:2731  processName=com.alipay.iot.service to use GD32-USB_Printer
04-21 09:44:41.946   888 14813 I UsbExtImpl: default allow  uid:10099pid:2731  processName=com.alipay.iot.service to use NS021 USB HID Keyboard
04-21 09:44:41.948   888 14813 I UsbExtImpl: default allow  uid:10099pid:2731  processName=com.alipay.iot.service to use PC Camera
04-21 09:44:41.948   888 14813 V UsbExtImpl: smconf processName:com.alipay.iot.service
04-21 09:44:41.948   888 14813 I UsbExtImpl: smconf disallow  uid:10099pid:2731  processName=com.alipay.iot.service to use GD32-USB_Printer
04-21 09:44:41.948   888 14813 I UsbExtImpl: default allow  uid:10099pid:2731  processName=com.alipay.iot.service to use NS021 USB HID Keyboard
04-21 09:44:41.949   888 14813 I UsbExtImpl: default allow  uid:10099pid:2731  processName=com.alipay.iot.service to use PC Camera
04-21 09:44:41.950   888 14813 V UsbExtImpl: smconf processName:com.alipay.iot.service
04-21 09:44:41.950   888 14813 I UsbExtImpl: smconf disallow  uid:10099pid:2731  processName=com.alipay.iot.service to use GD32-USB_Printer
04-21 09:44:41.950   888 14813 I UsbExtImpl: default allow  uid:10099pid:2731  processName=com.alipay.iot.service to use NS021 USB HID Keyboard
04-21 09:44:41.992   344   374 E android.hardware.graphics.composer3-service.rockchip: wait,line=113 wait callback timeout
04-21 09:44:42.018 28319 28394 D TrafficStats: tagSocket(5) with statsTag=0xffffffff, statsUid=-1
04-21 09:44:42.034 28319 28394 D TrafficStats: tagSocket(107) with statsTag=0xffffffff, statsUid=-1
04-21 09:44:42.050 28319 28394 D TrafficStats: tagSocket(5) with statsTag=0xffffffff, statsUid=-1
04-21 09:44:42.106   888  1023 E WifiStaIfaceAidlImpl: getLinkLayerStats failed with service-specific exception: android.os.ServiceSpecificException: unknown error (code 9)
04-21 09:44:42.280 28319 28394 D TrafficStats: tagSocket(114) with statsTag=0xffffffff, statsUid=-1
04-21 09:44:42.288 28319 28394 D TrafficStats: tagSocket(5) with statsTag=0xffffffff, statsUid=-1
04-21 09:44:42.314 28319 28394 D TrafficStats: tagSocket(5) with statsTag=0xffffffff, statsUid=-1
04-21 09:44:42.322 28319 28394 D TrafficStats: tagSocket(5) with statsTag=0xffffffff, statsUid=-1
04-21 09:44:42.406 28319 28394 D TrafficStats: tagSocket(5) with statsTag=0xffffffff, statsUid=-1
04-21 09:44:42.416 28319 28394 D TrafficStats: tagSocket(107) with statsTag=0xffffffff, statsUid=-1
04-21 09:44:42.430 28319 28394 D TrafficStats: tagSocket(5) with statsTag=0xffffffff, statsUid=-1
04-21 09:44:42.503 28319 28394 D TrafficStats: tagSocket(5) with statsTag=0xffffffff, statsUid=-1
04-21 09:44:42.519 28319 28394 D TrafficStats: tagSocket(5) with statsTag=0xffffffff, statsUid=-1
04-21 09:44:42.534 28319 28394 D TrafficStats: tagSocket(5) with statsTag=0xffffffff, statsUid=-1
04-21 09:44:42.633 28319 28394 D TrafficStats: tagSocket(5) with statsTag=0xffffffff, statsUid=-1
04-21 09:44:42.651 28319 28394 D TrafficStats: tagSocket(5) with statsTag=0xffffffff, statsUid=-1
04-21 09:44:42.664 28319 28394 D TrafficStats: tagSocket(5) with statsTag=0xffffffff, statsUid=-1
04-21 09:44:42.750 28319 28394 D TrafficStats: tagSocket(5) with statsTag=0xffffffff, statsUid=-1
04-21 09:44:42.764 28319 28394 D TrafficStats: tagSocket(115) with statsTag=0xffffffff, statsUid=-1
04-21 09:44:42.772 28319 28394 D TrafficStats: tagSocket(107) with statsTag=0xffffffff, statsUid=-1
04-21 09:44:42.866 28319 28394 D TrafficStats: tagSocket(5) with statsTag=0xffffffff, statsUid=-1
