--------- beginning of main
04-21 09:46:45.943   342   342 D android.hardware.graphics.allocator-V1-service: got new private_handle_t instance for buffer 'VRI[SubSettings]#27(BLAST Consumer)27'. share_fd : 10, share_attr_fd : 11, width : 1200, height : 1080, req_format : 0x1, producer_usage : 0xb00, consumer_usage : 0xb00, , stride : 0, alloc_format_base: 1, alloc_format_modifiers: 0x04190000, size : 5374976, layer_count : 1, backing_store_id: 0x1560000603e
04-21 09:46:45.943   342   342 D android.hardware.graphics.allocator-V1-service: plane_info[0]: offset : 0, byte_stride : 4864, alloc_width : 1216, alloc_height : 1088
04-21 09:46:45.943   342   342 D android.hardware.graphics.allocator-V1-service: plane_info[1]: offset : 0, byte_stride : 0, alloc_width : 0, alloc_height : 0
04-21 09:46:45.943   342   342 I android.hardware.graphics.allocator-V1-service: alloc_format: RGBA_8888 + AFBC + SPLIT + WIDE + SPARSE + Datatype: UNORM
04-21 09:46:45.944   342   342 I android.hardware.graphics.allocator-V1-service: mali_gralloc_adjust_dimensions: alloc_format=RGBA_8888 + AFBC + SPLIT + WIDE + SPARSE + Datatype: UNORM usage=TEXTURE + RENDER + HWC alloc_width=1200, alloc_height=1088
04-21 09:46:45.944   888  4056 W InputManager-JNI: Input channel object '75a3a1 com.impos2.mixcretailassemblyrn84/com.impos2.mixcretailassemblyrn84.MainActivity (client)' was disposed without first being removed with the input manager!
04-21 09:46:45.944   888  5781 I ImeTracker: com.impos2.mixcretailassemblyrn84:f450926c: onRequestHide at ORIGIN_SERVER_HIDE_INPUT reason HIDE_REMOVE_CLIENT
04-21 09:46:45.944   888  5781 I ImeTracker: com.impos2.mixcretailassemblyrn84:f450926c: onCancelled at PHASE_SERVER_SHOULD_HIDE
04-21 09:46:45.944   638   638 I Zygote  : Process 28319 exited due to signal 9 (Killed)
04-21 09:46:45.947   342   342 I android.hardware.graphics.allocator-V1-service: Writing AFBC header layout 0 for format 1, n_headers: 5168
04-21 09:46:45.947   342   342 D android.hardware.graphics.allocator-V1-service: got new private_handle_t instance for buffer 'VRI[SubSettings]#27(BLAST Consumer)27'. share_fd : 10, share_attr_fd : 11, width : 1200, height : 1080, req_format : 0x1, producer_usage : 0xb00, consumer_usage : 0xb00, , stride : 0, alloc_format_base: 1, alloc_format_modifiers: 0x04190000, size : 5374976, layer_count : 1, backing_store_id: 0x1560000603f
04-21 09:46:45.947   342   342 D android.hardware.graphics.allocator-V1-service: plane_info[0]: offset : 0, byte_stride : 4864, alloc_width : 1216, alloc_height : 1088
04-21 09:46:45.947   342   342 D android.hardware.graphics.allocator-V1-service: plane_info[1]: offset : 0, byte_stride : 0, alloc_width : 0, alloc_height : 0
04-21 09:46:45.963 26864 26864 D BatteryBroadcastRcvr: updateBatteryStatus: action=android.intent.action.BATTERY_CHANGED
04-21 09:46:45.964 26864 26864 D BatteryBroadcastRcvr: Battery changed: level: 50%| status: 未知| chargingStatus: 0| health: 1
04-21 09:46:45.964 26864 26864 W BatteryBroadcastRcvr: Problem reading the battery meter.
04-21 09:46:45.964 26864 26864 D TopLvBatteryPrefControl: onBatteryChanged: type=6
04-21 09:46:45.968 26864 28544 D BatteryInfo: time for getStats: 0ms
04-21 09:46:45.969 26864 28544 D BatteryInfo: time for regular BatteryInfo: 1ms
04-21 09:46:45.970 26864 28544 D BatteryInfo: time for getBatteryInfo: 1ms
--------- beginning of system
04-21 09:46:45.979   888  4706 V AtmsExtImpl_KioskMode: Kiosk Mode isKioskApp: false
04-21 09:46:45.980 26864 26864 D ActivityEmbeddingUtils: isEmbeddingActivityEnabled = true
04-21 09:46:45.980 26864 26864 W ElapsedTimeUtils: getElapsedTime: sSuwFinishedTimeStamp is null
04-21 09:46:45.983   888  4706 D FileUtils: Rounded bytes from 54261411840 to 64000000000
04-21 09:46:45.983 26864 26864 D DashboardFragment: Cannot find preference with key top_level_accounts in Controller TopLevelAccountEntryPreferenceController
04-21 09:46:45.986   888  4706 D PkmsExtImpl: updateApplicationInfoForRemovable packageName :com.alipay.zoloz.smile
04-21 09:46:45.987   888  4706 D PkmsExtImpl: updateApplicationInfoForRemovable packageName :com.alipay.iot.service
04-21 09:46:45.990   888  4056 D ScenePolicyTrigger: activityResumed PassThronght com.android.settings
04-21 09:46:45.991   888  4056 I android_os_HwBinder: HwBinder: Starting thread pool for getting: com.sunmi.hyper_engine@1.0::IHyperEngine/default
04-21 09:46:45.992   684   684 I HyperEngine: notifyHyperFactor {"para1":"10","para2":"10","appInfo":{"packageName":"com.android.settings","pid":26864}}
04-21 09:46:45.993   684   684 I HyperEngine: requestAction : {"eventType":"WindowsAnimation","eventInfo":{"packageName":"com.android.settings"}}
04-21 09:46:45.993   888  4056 D ScenePolicyTrigger: requestAction: {"eventType":"WindowsAnimation","eventInfo":{"packageName":"com.android.settings"}}
04-21 09:46:45.994   888  4056 I android_os_HwBinder: HwBinder: Starting thread pool for getting: com.sunmi.hyper_engine@1.0::IHyperEngine/default
04-21 09:46:45.995   684   684 I HyperEngine: requestAction : {"eventType":"SqliteMode","eventInfo":{"packageName":"com.android.settings"}}
04-21 09:46:45.995   888  4056 I ScenePolicyTrigger: isSqliteMode return:{"method":"SqliteMode","return_code":false,"return_msg":"ok"}
04-21 09:46:45.998   888  1680 W ProcessStats: Tracking association SourceState{2704416 com.android.settings/1000 BTop #185145} whose proc state 2 is better than process ProcessState{9e4b46f com.android.permissioncontroller/10105 pkg=com.android.permissioncontroller} proc state 5 (2 skipped)
04-21 09:46:46.005   888  1680 D FileUtils: Rounded bytes from 4073672704 to 8000000000
04-21 09:46:46.019 26864 26901 W ProcStatsManager: No process woyou.market/10079 for service com.sunmi.appstore.core.StoreService
04-21 09:46:46.019 26864 26901 W ProcStatsManager: No process woyou.market/10079 for service com.sunmi.appstore.core.TimeJobService
04-21 09:46:46.019 26864 26901 W ProcStatsManager: No process android.rockchip.update.service/1000 for service android.rockchip.update.service.RKUpdateService
04-21 09:46:46.019 26864 26901 W ProcStatsManager: No process system/1000 for service com.android.providers.settings.WriteFallbackSettingsFilesJobService
04-21 09:46:46.019 26864 26901 W ProcStatsManager: No process com.android.webview:webview_service/10068 for service org.chromium.android_webview.services.MetricsBridgeService
04-21 09:46:46.019 26864 26901 W ProcStatsManager: No process com.android.webview:webview_service/10068 for service org.chromium.android_webview.services.AwVariationsSeedFetcher
04-21 09:46:46.019 26864 26901 W ProcStatsManager: No process com.android.webview:webview_service/10068 for service org.chromium.android_webview.services.VariationsSeedServer
04-21 09:46:46.019 26864 26901 W ProcStatsManager: No process system/1000 for service com.android.server.telecom.components.TelecomService
04-21 09:46:46.019 26864 26901 W ProcStatsManager: No process com.android.gallery3d/10061 for service com.android.gallery3d.app.PackagesMonitor$AsyncService
04-21 09:46:46.019 26864 26901 W ProcStatsManager: No process system/1000 for service com.android.location.fused.FusedLocationService
04-21 09:46:46.020 26864 26901 W ProcStatsManager: No process com.sunmi.ota/10085 for service com.sunmi.ota.UpdateService
04-21 09:46:46.028   342   342 I android.hardware.graphics.allocator-V1-service: alloc_format: RGBA_8888 + AFBC + SPLIT + WIDE + SPARSE + Datatype: UNORM
04-21 09:46:46.029   342   342 I android.hardware.graphics.allocator-V1-service: mali_gralloc_adjust_dimensions: alloc_format=RGBA_8888 + AFBC + SPLIT + WIDE + SPARSE + Datatype: UNORM usage=TEXTURE + RENDER + HWC alloc_width=720, alloc_height=1088
04-21 09:46:46.030   342   342 I android.hardware.graphics.allocator-V1-service: Writing AFBC header layout 0 for format 1, n_headers: 3128
04-21 09:46:46.030   342   342 D android.hardware.graphics.allocator-V1-service: got new private_handle_t instance for buffer 'VRI[Settings]#28(BLAST Consumer)28'. share_fd : 10, share_attr_fd : 11, width : 720, height : 1080, req_format : 0x1, producer_usage : 0xb00, consumer_usage : 0xb00, , stride : 0, alloc_format_base: 1, alloc_format_modifiers: 0x04190000, size : 3253248, layer_count : 1, backing_store_id: 0x15600006040
04-21 09:46:46.030   342   342 D android.hardware.graphics.allocator-V1-service: plane_info[0]: offset : 0, byte_stride : 2944, alloc_width : 736, alloc_height : 1088
04-21 09:46:46.030   342   342 D android.hardware.graphics.allocator-V1-service: plane_info[1]: offset : 0, byte_stride : 0, alloc_width : 0, alloc_height : 0
04-21 09:46:46.030   342   342 I android.hardware.graphics.allocator-V1-service: alloc_format: RGBA_8888 + AFBC + SPLIT + WIDE + SPARSE + Datatype: UNORM
04-21 09:46:46.030   342   342 I android.hardware.graphics.allocator-V1-service: mali_gralloc_adjust_dimensions: alloc_format=RGBA_8888 + AFBC + SPLIT + WIDE + SPARSE + Datatype: UNORM usage=TEXTURE + RENDER + HWC alloc_width=720, alloc_height=1088
04-21 09:46:46.031   342   342 I android.hardware.graphics.allocator-V1-service: Writing AFBC header layout 0 for format 1, n_headers: 3128
04-21 09:46:46.031   342   342 D android.hardware.graphics.allocator-V1-service: got new private_handle_t instance for buffer 'VRI[Settings]#28(BLAST Consumer)28'. share_fd : 10, share_attr_fd : 11, width : 720, height : 1080, req_format : 0x1, producer_usage : 0xb00, consumer_usage : 0xb00, , stride : 0, alloc_format_base: 1, alloc_format_modifiers: 0x04190000, size : 3253248, layer_count : 1, backing_store_id: 0x15600006041
04-21 09:46:46.031   342   342 D android.hardware.graphics.allocator-V1-service: plane_info[0]: offset : 0, byte_stride : 2944, alloc_width : 736, alloc_height : 1088
04-21 09:46:46.031   342   342 D android.hardware.graphics.allocator-V1-service: plane_info[1]: offset : 0, byte_stride : 0, alloc_width : 0, alloc_height : 0
04-21 09:46:46.032   342   342 I android.hardware.graphics.allocator-V1-service: alloc_format: RGBA_8888 + AFBC + SPLIT + WIDE + SPARSE + Datatype: UNORM
04-21 09:46:46.032   342   342 I android.hardware.graphics.allocator-V1-service: mali_gralloc_adjust_dimensions: alloc_format=RGBA_8888 + AFBC + SPLIT + WIDE + SPARSE + Datatype: UNORM usage=TEXTURE + RENDER + HWC alloc_width=720, alloc_height=1088
04-21 09:46:46.033   342   342 I android.hardware.graphics.allocator-V1-service: Writing AFBC header layout 0 for format 1, n_headers: 3128
04-21 09:46:46.033   342   342 D android.hardware.graphics.allocator-V1-service: got new private_handle_t instance for buffer 'VRI[Settings]#28(BLAST Consumer)28'. share_fd : 10, share_attr_fd : 11, width : 720, height : 1080, req_format : 0x1, producer_usage : 0xb00, consumer_usage : 0xb00, , stride : 0, alloc_format_base: 1, alloc_format_modifiers: 0x04190000, size : 3253248, layer_count : 1, backing_store_id: 0x15600006042
04-21 09:46:46.033   342   342 D android.hardware.graphics.allocator-V1-service: plane_info[0]: offset : 0, byte_stride : 2944, alloc_width : 736, alloc_height : 1088
04-21 09:46:46.033   342   342 D android.hardware.graphics.allocator-V1-service: plane_info[1]: offset : 0, byte_stride : 0, alloc_width : 0, alloc_height : 0
04-21 09:46:46.039 26864 26864 D BatteryBroadcastRcvr: updateBatteryStatus: action=android.intent.action.BATTERY_CHANGED
04-21 09:46:46.040 26864 26864 D BatteryBroadcastRcvr: Battery changed: level: 50%| status: 未知| chargingStatus: 0| health: 1
04-21 09:46:46.040 26864 26864 W BatteryBroadcastRcvr: Problem reading the battery meter.
04-21 09:46:46.040 26864 26864 D TopLvBatteryPrefControl: onBatteryChanged: type=6
04-21 09:46:46.040 26864 26864 D BatteryBroadcastRcvr: updateBatteryStatus: action=android.intent.action.BATTERY_CHANGED
04-21 09:46:46.041 26864 26864 D BatteryBroadcastRcvr: Battery changed: level: 50%| status: 未知| chargingStatus: 0| health: 1
04-21 09:46:46.041 26864 26864 W BatteryBroadcastRcvr: Problem reading the battery meter.
04-21 09:46:46.041 26864 26864 D TopLvBatteryPrefControl: onBatteryChanged: type=6
04-21 09:46:46.042 26864 26864 D TopLvBatteryPrefControl: getBatteryInfo: com.android.settings.fuelgauge.BatteryInfo@8a177aa
04-21 09:46:46.042 26864 26864 D BatteryInfo: time for callback: 0ms
04-21 09:46:46.044 26864 28277 D BatteryInfo: time for getStats: 0ms
04-21 09:46:46.045 26864 28277 D BatteryInfo: time for regular BatteryInfo: 1ms
04-21 09:46:46.047   342   342 I android.hardware.graphics.allocator-V1-service: alloc_format: RGBA_8888 + Datatype: UNORM
04-21 09:46:46.047   342   342 I android.hardware.graphics.allocator-V1-service: mali_gralloc_adjust_dimensions: alloc_format=RGBA_8888 + Datatype: UNORM usage=CPU-RoWo + TEXTURE + RENDER + HWC alloc_width=1920, alloc_height=1080
04-21 09:46:46.048 26864 28544 D BatteryInfo: time for getStats: 0ms
04-21 09:46:46.048   342   342 D android.hardware.graphics.allocator-V1-service: got new private_handle_t instance for buffer 'screenshot'. share_fd : 10, share_attr_fd : 11, width : 1920, height : 1080, req_format : 0x1, producer_usage : 0xb33, consumer_usage : 0xb33, , stride : 1920, alloc_format_base: 1, alloc_format_modifiers: 0x00000000, size : 8294400, layer_count : 1, backing_store_id: 0x15600006043
04-21 09:46:46.048   342   342 D android.hardware.graphics.allocator-V1-service: plane_info[0]: offset : 0, byte_stride : 7680, alloc_width : 1920, alloc_height : 1080
04-21 09:46:46.048   342   342 D android.hardware.graphics.allocator-V1-service: plane_info[1]: offset : 0, byte_stride : 0, alloc_width : 0, alloc_height : 0
04-21 09:46:46.049   888  4706 D PkmsExtImpl: updateApplicationInfoForRemovable packageName :com.alipay.zoloz.smile
04-21 09:46:46.049 26864 28544 D BatteryInfo: time for regular BatteryInfo: 1ms
04-21 09:46:46.050   888  4706 D PkmsExtImpl: updateApplicationInfoForRemovable packageName :com.alipay.iot.service
04-21 09:46:46.050 26864 28277 D BatteryInfo: time for getBatteryInfo: 5ms
04-21 09:46:46.055   342   342 I android.hardware.graphics.allocator-V1-service: alloc_format: RGBA_8888 + Datatype: UNORM
04-21 09:46:46.055   342   342 I android.hardware.graphics.allocator-V1-service: mali_gralloc_adjust_dimensions: alloc_format=RGBA_8888 + Datatype: UNORM usage=CPU-RoWo + TEXTURE + RENDER + HWC alloc_width=1920, alloc_height=1080
04-21 09:46:46.055   888  4706 D StorageStatsService: getFreeBytes: 50387099648
04-21 09:46:46.056   342   342 D android.hardware.graphics.allocator-V1-service: got new private_handle_t instance for buffer 'screenshot'. share_fd : 10, share_attr_fd : 11, width : 1920, height : 1080, req_format : 0x1, producer_usage : 0xb33, consumer_usage : 0xb33, , stride : 1920, alloc_format_base: 1, alloc_format_modifiers: 0x00000000, size : 8294400, layer_count : 1, backing_store_id: 0x15600006044
04-21 09:46:46.056   342   342 D android.hardware.graphics.allocator-V1-service: plane_info[0]: offset : 0, byte_stride : 7680, alloc_width : 1920, alloc_height : 1080
04-21 09:46:46.056   342   342 D android.hardware.graphics.allocator-V1-service: plane_info[1]: offset : 0, byte_stride : 0, alloc_width : 0, alloc_height : 0
04-21 09:46:46.059 26864 28544 D BatteryInfo: time for getBatteryInfo: 10ms
04-21 09:46:46.065   888   904 V WindowManager: Sent Transition #627 createdAt=04-21 09:46:45.827 via request=TransitionRequestInfo { type = 2, triggerTask = TaskInfo{userId=0 taskId=221 displayId=2 isRunning=false baseIntent=Intent { flg=0x18000000 cmp=com.impos2.mixcretailassemblyrn84/.SecondaryActivity } baseActivity=null topActivity=null origActivity=null realActivity=ComponentInfo{com.impos2.mixcretailassemblyrn84/com.impos2.mixcretailassemblyrn84.SecondaryActivity} numActivities=0 lastActiveTime=4807802337 supportsMultiWindow=true resizeMode=1 isResizeable=true minWidth=-1 minHeight=-1 defaultMinSize=220 token=WCT{RemoteToken{1a61ff8 Task{4ba02e3 #221 type=standard A=10139:com.impos2.mixcretailassemblyrn84}}} topActivityType=1 pictureInPictureParams=null shouldDockBigOverlays=false launchIntoPipHostTaskId=-1 lastParentTaskIdBeforePip=-1 displayCutoutSafeInsets=null topActivityInfo=null launchCookies=[] positionInParent=Point(0, 0) parentTaskId=-1 isFocused=true isVisible=true isVisibleRequested=true isSleeping=false topActivityInSizeCompat=false topActivityEligibleForLetterboxEducation= false isLetterboxDoubleTapEnabled= false topActivityEligibleForUserAspectRatioButton= false topActivityBoundsLetterboxed= false isFromLetterboxDoubleTap= false topActivityLetterboxVerticalPosition= -1 topActivityLetterboxHorizontalPosition= -1 topActivityLetterboxWidth=-1 topActivityLetterboxHeight=-1 isUserFullscreenOverrideEnabled=false isTopActivityTransparent=false locusId=null displayAreaFeatureId=1 cameraCompatControlState=hidden}, remoteTransition = null, displayChange = null, flags = 0 }
04-21 09:46:46.065   888   904 V WindowManager:     startWCT=WindowContainerTransaction { changes = {} hops = [] errorCallbackToken=null taskFragmentOrganizer=null }
04-21 09:46:46.066   888   904 V WindowManager:     info={id=627 t=CLOSE f=0x0 trk=0 r=[0@Point(0, 0),2@Point(0, 0)] c=[{WCT{RemoteToken{d67c1cb Task{aa0c706 #220 type=standard A=10139:com.impos2.mixcretailassemblyrn84}}} m=CLOSE f=NONE leash=Surface(name=Task=220)/@0x2940545 sb=Rect(0, 0 - 1920, 1080) eb=Rect(0, 0 - 1920, 1080) d=0},{WCT{RemoteToken{1542320 TaskFragment{3370754 mode=multi-window}}} m=TO_FRONT f=IN_TASK_WITH_EMBEDDED_ACTIVITY p=WCT{RemoteToken{d503a74 Task{28d9475 #199 type=standard A=1000:com.android.settings.root}}} leash=Surface(name=TaskFragment{3370754 mode=fullscreen})/@0x674ff52 sb=Rect(720, 0 - 1920, 1080) eb=Rect(720, 0 - 1920, 1080) eo=Point(720, 0) d=0},{WCT{RemoteToken{4852a84 TaskFragment{984640c mode=multi-window}}} m=TO_FRONT f=IN_TASK_WITH_EMBEDDED_ACTIVITY p=WCT{RemoteToken{d503a74 Task{28d9475 #199 type=standard A=1000:com.android.settings.root}}} leash=Surface(name=TaskFragment{984640c mode=fullscreen})/@0xb83fbbb sb=Rect(0, 0 - 720, 1080) eb=Rect(0, 0 - 720, 1080) d=0},{WCT{RemoteToken{d503a74 Task{28d9475 #199 type=standard A=1000:com.android.settings.root}}} m=TO_FRONT f=NONE leash=Surface(name=Task=199)/@0x5f68a61 sb=Rect(0, 0 - 1920, 1080) eb=Rect(0, 0 - 1920, 1080) d=0},{WCT{RemoteToken{1a61ff8 Task{4ba02e3 #221 type=standard A=10139:com.impos2.mixcretailassemblyrn84}}} m=CLOSE f=NONE p=WCT{RemoteToken{6626e47 DefaultTaskDisplayArea@235898909}} leash=Surface(name=Task=221)/@0xf3e0a6a sb=Rect(0, 0 - 1920, 1080) eb=Rect(0, 0 - 1920, 1080) d=2},{WCT{RemoteToken{6626e47 DefaultTaskDisplayArea@235898909}} m=TO_BACK f=NONE leash=Surface(name=DefaultTaskDisplayArea)/@0xb1977ba sb=Rect(0, 0 - 1920, 1080) eb=Rect(0, 0 - 1920, 1080) d=2}]}
04-21 09:46:46.068  1104  1128 V WindowManagerShell: onTransitionReady android.os.BinderProxy@eab8c6a: {id=627 t=CLOSE f=0x0 trk=0 r=[0@Point(0, 0),2@Point(0, 0)] c=[{WCT{android.window.IWindowContainerToken$Stub$Proxy@9cf8810} m=CLOSE f=NONE leash=Surface(name=Task=220)/@0x9c471f8 sb=Rect(0, 0 - 1920, 1080) eb=Rect(0, 0 - 1920, 1080) d=0},{WCT{android.window.IWindowContainerToken$Stub$Proxy@531ff09} m=TO_FRONT f=IN_TASK_WITH_EMBEDDED_ACTIVITY p=WCT{android.window.IWindowContainerToken$Stub$Proxy@bf4850e} leash=Surface(name=TaskFragment{3370754 mode=fullscreen})/@0x12e46d1 sb=Rect(720, 0 - 1920, 1080) eb=Rect(720, 0 - 1920, 1080) eo=Point(720, 0) d=0},{WCT{android.window.IWindowContainerToken$Stub$Proxy@e7b1b2f} m=TO_FRONT f=IN_TASK_WITH_EMBEDDED_ACTIVITY p=WCT{android.window.IWindowContainerToken$Stub$Proxy@20d153c} leash=Surface(name=TaskFragment{984640c mode=fullscreen})/@0xee0536 sb=Rect(0, 0 - 720, 1080) eb=Rect(0, 0 - 720, 1080) d=0},{WCT{android.window.IWindowContainerToken$Stub$Proxy@47282c5} m=TO_FRONT f=NONE leash=Surface(name=Task=199)/@0x8b2dc37 sb=Rect(0, 0 - 1920, 1080) eb=Rect(0, 0 - 1920, 1080) d=0},{WCT{android.window.IWindowContainerToken$Stub$Proxy@1f7e41a} m=CLOSE f=NONE p=WCT{android.window.IWindowContainerToken$Stub$Proxy@4283b4b} leash=Surface(name=Task=221)/@0xccab5a4 sb=Rect(0, 0 - 1920, 1080) eb=Rect(0, 0 - 1920, 1080) d=2},{WCT{android.window.IWindowContainerToken$Stub$Proxy@e344928} m=TO_BACK f=NONE leash=Surface(name=DefaultTaskDisplayArea)/@0x67f7f0d sb=Rect(0, 0 - 1920, 1080) eb=Rect(0, 0 - 1920, 1080) d=2}]}
04-21 09:46:46.068  1104  1128 V WindowManagerShell: Playing animation for (#627)android.os.BinderProxy@eab8c6a@0
04-21 09:46:46.068  1104  1128 V WindowManagerShell:  try handler com.android.wm.shell.transition.DefaultMixedHandler@7b709ff
04-21 09:46:46.068  1104  1128 V WindowManagerShell:  try handler com.android.wm.shell.keyguard.KeyguardTransitionHandler@83523cc
04-21 09:46:46.068  1104  1128 V WindowManagerShell:  try handler com.android.wm.shell.pip.PipTransition@b509615
04-21 09:46:46.068  1104  1128 V WindowManagerShell:  try handler com.android.wm.shell.activityembedding.ActivityEmbeddingController@8487d2a
04-21 09:46:46.068  1104  1128 V WindowManagerShell:  try handler com.android.wm.shell.recents.RecentsTransitionHandler@57c471b
04-21 09:46:46.068  1104  1128 V ShellRecents: RecentsTransitionHandler.startAnimation: no controller found
04-21 09:46:46.068  1104  1128 V WindowManagerShell:  try handler com.android.wm.shell.splitscreen.StageCoordinator@d76b0b8
04-21 09:46:46.068  1104  1128 V WindowManagerShell:  try handler com.android.wm.shell.transition.RemoteTransitionHandler@bb17e91
04-21 09:46:46.068  1104  1128 V WindowManagerShell: Transition doesn't have explicit remote, search filters for match for {id=627 t=CLOSE f=0x0 trk=0 r=[0@Point(0, 0),2@Point(0, 0)] c=[{WCT{android.window.IWindowContainerToken$Stub$Proxy@9cf8810} m=CLOSE f=NONE leash=Surface(name=Task=220)/@0x9c471f8 sb=Rect(0, 0 - 1920, 1080) eb=Rect(0, 0 - 1920, 1080) d=0},{WCT{android.window.IWindowContainerToken$Stub$Proxy@531ff09} m=TO_FRONT f=IN_TASK_WITH_EMBEDDED_ACTIVITY p=WCT{android.window.IWindowContainerToken$Stub$Proxy@bf4850e} leash=Surface(name=TaskFragment{3370754 mode=fullscreen})/@0x12e46d1 sb=Rect(720, 0 - 1920, 1080) eb=Rect(720, 0 - 1920, 1080) eo=Point(720, 0) d=0},{WCT{android.window.IWindowContainerToken$Stub$Proxy@e7b1b2f} m=TO_FRONT f=IN_TASK_WITH_EMBEDDED_ACTIVITY p=WCT{android.window.IWindowContainerToken$Stub$Proxy@20d153c} leash=Surface(name=TaskFragment{984640c mode=fullscreen})/@0xee0536 sb=Rect(0, 0 - 720, 1080) eb=Rect(0, 0 - 720, 1080) d=0},{WCT{android.window.IWindowContainerToken$Stub$Proxy@47282c5} m=TO_FRONT f=NONE leash=Surface(name=Task=199)/@0x8b2dc37 sb=Rect(0, 0 - 1920, 1080) eb=Rect(0, 0 - 1920, 1080) d=0},{WCT{android.window.IWindowContainerToken$Stub$Proxy@1f7e41a} m=CLOSE f=NONE p=WCT{android.window.IWindowContainerToken$Stub$Proxy@4283b4b} leash=Surface(name=Task=221)/@0xccab5a4 sb=Rect(0, 0 - 1920, 1080) eb=Rect(0, 0 - 1920, 1080) d=2},{WCT{android.window.IWindowContainerToken$Stub$Proxy@e344928} m=TO_BACK f=NONE leash=Surface(name=DefaultTaskDisplayArea)/@0x67f7f0d sb=Rect(0, 0 - 1920, 1080) eb=Rect(0, 0 - 1920, 1080) d=2}]}
04-21 09:46:46.068  1104  1128 V WindowManagerShell:  Checking filter Pair{{types=[] flags=0x0] notFlags=0x100 checks=[{atype=home independent=true modes=[OPEN,TO_FRONT] flags=NONE mustBeTask=false order=TOP topActivity=ComponentInfo{com.android.launcher3/com.android.launcher3.uioverrides.QuickstepLauncher}},{atype=standard independent=true modes=[CLOSE,TO_BACK] flags=NONE mustBeTask=false order=ANY topActivity=null}]} RemoteTransition { remoteTransition = android.window.IRemoteTransition$Stub$Proxy@93729c5, appThread = android.app.IApplicationThread$Stub$Proxy@e94ff1a, debugName = QuickstepLaunchHome }}
04-21 09:46:46.069  1104  1128 V WindowManagerShell:  Delegate animation for #627 to null
04-21 09:46:46.069  1104  1128 V WindowManagerShell:  try handler com.android.wm.shell.transition.DefaultTransitionHandler@44941f6
04-21 09:46:46.069  1104  1128 V WindowManagerShell: start default transition animation, info = {id=627 t=CLOSE f=0x0 trk=0 r=[0@Point(0, 0),2@Point(0, 0)] c=[{WCT{android.window.IWindowContainerToken$Stub$Proxy@9cf8810} m=CLOSE f=NONE leash=Surface(name=Task=220)/@0x9c471f8 sb=Rect(0, 0 - 1920, 1080) eb=Rect(0, 0 - 1920, 1080) d=0},{WCT{android.window.IWindowContainerToken$Stub$Proxy@531ff09} m=TO_FRONT f=IN_TASK_WITH_EMBEDDED_ACTIVITY p=WCT{android.window.IWindowContainerToken$Stub$Proxy@bf4850e} leash=Surface(name=TaskFragment{3370754 mode=fullscreen})/@0x12e46d1 sb=Rect(720, 0 - 1920, 1080) eb=Rect(720, 0 - 1920, 1080) eo=Point(720, 0) d=0},{WCT{android.window.IWindowContainerToken$Stub$Proxy@e7b1b2f} m=TO_FRONT f=IN_TASK_WITH_EMBEDDED_ACTIVITY p=WCT{android.window.IWindowContainerToken$Stub$Proxy@20d153c} leash=Surface(name=TaskFragment{984640c mode=fullscreen})/@0xee0536 sb=Rect(0, 0 - 720, 1080) eb=Rect(0, 0 - 720, 1080) d=0},{WCT{android.window.IWindowContainerToken$Stub$Proxy@47282c5} m=TO_FRONT f=NONE leash=Surface(name=Task=199)/@0x8b2dc37 sb=Rect(0, 0 - 1920, 1080) eb=Rect(0, 0 - 1920, 1080) d=0},{WCT{android.window.IWindowContainerToken$Stub$Proxy@1f7e41a} m=CLOSE f=NONE p=WCT{android.window.IWindowContainerToken$Stub$Proxy@4283b4b} leash=Surface(name=Task=221)/@0xccab5a4 sb=Rect(0, 0 - 1920, 1080) eb=Rect(0, 0 - 1920, 1080) d=2},{WCT{android.window.IWindowContainerToken$Stub$Proxy@e344928} m=TO_BACK f=NONE leash=Surface(name=DefaultTaskDisplayArea)/@0x67f7f0d sb=Rect(0, 0 - 1920, 1080) eb=Rect(0, 0 - 1920, 1080) d=2}]}
04-21 09:46:46.070  1104  1128 V WindowManagerShell: loadAnimation: anim=android.view.animation.AnimationSet@3d4127 animAttr=0x7 type=CLOSE isEntrance=false
04-21 09:46:46.071   342   342 I android.hardware.graphics.allocator-V1-service: alloc_format: RGBA_8888 + Datatype: UNORM
04-21 09:46:46.071   342   342 I android.hardware.graphics.allocator-V1-service: mali_gralloc_adjust_dimensions: alloc_format=RGBA_8888 + Datatype: UNORM usage=CPU-RoWo + TEXTURE + RENDER + HWC alloc_width=1, alloc_height=1080
04-21 09:46:46.071   342   342 D android.hardware.graphics.allocator-V1-service: got new private_handle_t instance for buffer 'screenshot'. share_fd : 10, share_attr_fd : 11, width : 1, height : 1080, req_format : 0x1, producer_usage : 0xb33, consumer_usage : 0xb33, , stride : 16, alloc_format_base: 1, alloc_format_modifiers: 0x00000000, size : 69120, layer_count : 1, backing_store_id: 0x15600006045
04-21 09:46:46.071   342   342 D android.hardware.graphics.allocator-V1-service: plane_info[0]: offset : 0, byte_stride : 64, alloc_width : 1, alloc_height : 1080
04-21 09:46:46.071   342   342 D android.hardware.graphics.allocator-V1-service: plane_info[1]: offset : 0, byte_stride : 0, alloc_width : 0, alloc_height : 0
04-21 09:46:46.072 26864 26864 D ActivityEmbeddingUtils: isEmbeddingActivityEnabled = true
04-21 09:46:46.072 26864 26864 D ActivityEmbeddingUtils: isEmbeddingActivityEnabled = true
04-21 09:46:46.073 26864 26864 D ActivityEmbeddingUtils: isEmbeddingActivityEnabled = true
04-21 09:46:46.076 26864 26864 D ActivityEmbeddingUtils: isEmbeddingActivityEnabled = true
04-21 09:46:46.076 26864 26864 D ActivityEmbeddingUtils: isEmbeddingActivityEnabled = true
04-21 09:46:46.076 26864 26864 D ActivityEmbeddingUtils: isEmbeddingActivityEnabled = true
04-21 09:46:46.077   342   342 I android.hardware.graphics.allocator-V1-service: alloc_format: RGBA_8888 + Datatype: UNORM
04-21 09:46:46.077   342   342 I android.hardware.graphics.allocator-V1-service: mali_gralloc_adjust_dimensions: alloc_format=RGBA_8888 + Datatype: UNORM usage=TEXTURE + RENDER + HWC alloc_width=144, alloc_height=1080
04-21 09:46:46.078   342   342 D android.hardware.graphics.allocator-V1-service: got new private_handle_t instance for buffer 'bbq-adapter#609(BLAST Consumer)609'. share_fd : 10, share_attr_fd : 11, width : 144, height : 1080, req_format : 0x1, producer_usage : 0xb00, consumer_usage : 0xb00, , stride : 0, alloc_format_base: 1, alloc_format_modifiers: 0x00000000, size : 622080, layer_count : 1, backing_store_id: 0x15600006046
04-21 09:46:46.078   342   342 D android.hardware.graphics.allocator-V1-service: plane_info[0]: offset : 0, byte_stride : 576, alloc_width : 144, alloc_height : 1080
04-21 09:46:46.078   342   342 D android.hardware.graphics.allocator-V1-service: plane_info[1]: offset : 0, byte_stride : 0, alloc_width : 0, alloc_height : 0
04-21 09:46:46.081 26864 26864 D ActivityEmbeddingUtils: isEmbeddingActivityEnabled = true
04-21 09:46:46.081 26864 26864 D ActivityEmbeddingUtils: isEmbeddingActivityEnabled = true
04-21 09:46:46.081 26864 26864 D ActivityEmbeddingUtils: isEmbeddingActivityEnabled = true
04-21 09:46:46.084  1104  1128 V WindowManagerShell: loadAnimation: anim=android.view.animation.AnimationSet@e36dc72 animAttr=0xa type=CLOSE isEntrance=true
04-21 09:46:46.085  1104  1128 V WindowManagerShell: loadAnimation: anim=android.view.animation.AnimationSet@d1d1540 animAttr=0xb type=CLOSE isEntrance=false
04-21 09:46:46.088  1104  1128 V WindowManagerShell:  animated by com.android.wm.shell.transition.DefaultTransitionHandler@44941f6
04-21 09:46:46.130 26864 26864 D TopLvBatteryPrefControl: usbPort: UsbPort{id=usb_otg, supportedModes=dual, supportedContaminantProtectionModes=4, supportsEnableContaminantPresenceProtection=false, supportsEnableContaminantPresenceDetection=true, supportsComplianceWarnings=false
04-21 09:46:46.131 26864 26864 D TopLvBatteryPrefControl: getBatteryInfo: com.android.settings.fuelgauge.BatteryInfo@950a305
04-21 09:46:46.131 26864 26864 D BatteryInfo: time for callback: 0ms
04-21 09:46:46.133 26864 26864 D TopLvBatteryPrefControl: getBatteryInfo: com.android.settings.fuelgauge.BatteryInfo@3df1f5a
04-21 09:46:46.133 26864 26864 D BatteryInfo: time for callback: 0ms
04-21 09:46:46.146   888  8106 I ImeTracker: com.android.settings:cd975c46: onRequestHide at ORIGIN_SERVER_HIDE_INPUT reason HIDE_UNSPECIFIED_WINDOW
04-21 09:46:46.147   888  8106 I ImeTracker: com.android.settings:cd975c46: onCancelled at PHASE_SERVER_SHOULD_HIDE
04-21 09:46:46.151 26864 26864 D TopLvBatteryPrefControl: usbPort: UsbPort{id=usb_otg, supportedModes=dual, supportedContaminantProtectionModes=4, supportsEnableContaminantPresenceProtection=false, supportsEnableContaminantPresenceDetection=true, supportsComplianceWarnings=false
04-21 09:46:46.151 26864 26864 D TopLvBatteryPrefControl: usbPort: UsbPort{id=usb_otg, supportedModes=dual, supportedContaminantProtectionModes=4, supportsEnableContaminantPresenceProtection=false, supportsEnableContaminantPresenceDetection=true, supportsComplianceWarnings=false
04-21 09:46:46.152  1750  1750 I GoogleInputMethodService: GoogleInputMethodService.onFinishInput():3184 
04-21 09:46:46.153  1750  1750 I GoogleInputMethodService: GoogleInputMethodService.updateDeviceLockedStatus():2246 repeatCheckTimes = 0, locked = false
04-21 09:46:46.154  1750  1750 I GoogleInputMethodService: GoogleInputMethodService.onStartInput():1982 onStartInput(EditorInfo{EditorInfo{packageName=com.android.settings, inputType=0, inputTypeString=NULL, enableLearning=false, autoCorrection=false, autoComplete=false, imeOptions=0, privateImeOptions=null, actionName=UNSPECIFIED, actionLabel=null, initialSelStart=-1, initialSelEnd=-1, initialCapsMode=0, label=null, fieldId=0, fieldName=null, extras=null, hintText=null, hintLocales=[]}}, false)
04-21 09:46:46.154  1750  1750 I GoogleInputMethodService: GoogleInputMethodService.updateDeviceLockedStatus():2246 repeatCheckTimes = 1, locked = false
04-21 09:46:46.155  1750  1750 I AndroidIME: InputBundleManager.loadActiveInputBundleId():450 loadActiveInputBundleId: und-Latn-x-password, password_floating_hard_qwerty
04-21 09:46:46.155  1750  1750 W EmojiCompatManager: EmojiCompatManager.getEmojiCompatIfLoaded():335 EmojiCompat failed to load.
04-21 09:46:46.156   888  4706 W PackageConfigPersister: App-specific configuration not found for packageName: com.android.settings and userId: 0
04-21 09:46:46.158   888   908 W ActivityManager: pid 888 system sent binder code 3 with flags 1 to frozen apps and got error -32
04-21 09:46:46.159   888   908 W WindowManager: Failed to deliver inset control state change to w=Window{75a3a1 u0 com.impos2.mixcretailassemblyrn84/com.impos2.mixcretailassemblyrn84.MainActivity EXITING}
04-21 09:46:46.159   888   908 W WindowManager: android.os.DeadObjectException
04-21 09:46:46.159   888   908 W WindowManager: 	at android.os.BinderProxy.transactNative(Native Method)
04-21 09:46:46.159   888   908 W WindowManager: 	at android.os.BinderProxy.transact(BinderProxy.java:584)
04-21 09:46:46.159   888   908 W WindowManager: 	at android.view.IWindow$Stub$Proxy.insetsControlChanged(IWindow.java:479)
04-21 09:46:46.159   888   908 W WindowManager: 	at com.android.server.wm.WindowState.notifyInsetsControlChanged(WindowState.java:3840)
04-21 09:46:46.159   888   908 W WindowManager: 	at com.android.server.wm.InsetsStateController.lambda$notifyPendingInsetsControlChanged$3(InsetsStateController.java:369)
04-21 09:46:46.159   888   908 W WindowManager: 	at com.android.server.wm.InsetsStateController.$r8$lambda$8yykPRG1GyNq_J17QvL9d5xANMc(InsetsStateController.java:0)
04-21 09:46:46.159   888   908 W WindowManager: 	at com.android.server.wm.InsetsStateController$$ExternalSyntheticLambda2.run(R8$$SyntheticClass:0)
04-21 09:46:46.159   888   908 W WindowManager: 	at com.android.server.wm.WindowAnimator.executeAfterPrepareSurfacesRunnables(WindowAnimator.java:294)
04-21 09:46:46.159   888   908 W WindowManager: 	at com.android.server.wm.RootWindowContainer.performSurfacePlacementNoTrace(RootWindowContainer.java:814)
04-21 09:46:46.159   888   908 W WindowManager: 	at com.android.server.wm.RootWindowContainer.performSurfacePlacement(RootWindowContainer.java:759)
04-21 09:46:46.159   888   908 W WindowManager: 	at com.android.server.wm.WindowSurfacePlacer.performSurfacePlacementLoop(WindowSurfacePlacer.java:177)
04-21 09:46:46.159   888   908 W WindowManager: 	at com.android.server.wm.WindowSurfacePlacer.performSurfacePlacement(WindowSurfacePlacer.java:126)
04-21 09:46:46.159   888   908 W WindowManager: 	at com.android.server.wm.WindowSurfacePlacer.performSurfacePlacement(WindowSurfacePlacer.java:115)
04-21 09:46:46.159   888   908 W WindowManager: 	at com.android.server.wm.WindowSurfacePlacer$Traverser.run(WindowSurfacePlacer.java:57)
04-21 09:46:46.159   888   908 W WindowManager: 	at android.os.Handler.handleCallback(Handler.java:958)
04-21 09:46:46.159   888   908 W WindowManager: 	at android.os.Handler.dispatchMessage(Handler.java:99)
04-21 09:46:46.159   888   908 W WindowManager: 	at android.os.Looper.loopOnce(Looper.java:205)
04-21 09:46:46.159   888   908 W WindowManager: 	at android.os.Looper.loop(Looper.java:294)
04-21 09:46:46.159   888   908 W WindowManager: 	at android.os.HandlerThread.run(HandlerThread.java:67)
04-21 09:46:46.159   888   908 W WindowManager: 	at com.android.server.ServiceThread.run(ServiceThread.java:46)
04-21 09:46:46.225  1104  1114 I ndroid.systemui: NativeAlloc concurrent mark compact GC freed 177676(8721KB) AllocSpace objects, 0(0B) LOS objects, 49% free, 13MB/26MB, paused 796us,9.900ms total 150.555ms
04-21 09:46:46.225  1104  1114 W ndroid.systemui: Reducing the number of considered missed Gc histogram windows from 118 to 100
04-21 09:46:46.228 28548 28548 D AndroidRuntime: >>>>>> START com.android.internal.os.RuntimeInit uid 2000 <<<<<<
04-21 09:46:46.230  1104  1116 W System  : A resource failed to call release. 
04-21 09:46:46.230  1104  1116 W System  : A resource failed to call release. 
04-21 09:46:46.231  1104  1116 W ndroid.systemui: ApkAssets: Deleting an ApkAssets object '<empty> and /data/app/~~DuOpJVcOPvw5x-z9Jmlxmw==/com.impos2.mixcretailrn84v2-bgIyYbWu6kE_-3ytCHDd9A==/base.apk' with 1 weak references
04-21 09:46:46.240 28548 28548 I AndroidRuntime: Using default boot image
04-21 09:46:46.240 28548 28548 I AndroidRuntime: Leaving lock profiling enabled
04-21 09:46:46.243  1104  1116 W System  : A resource failed to call release. 
04-21 09:46:46.243  1104  1116 W System  : A resource failed to call release. 
04-21 09:46:46.243  1104  1116 W System  : A resource failed to call release. 
04-21 09:46:46.243  1104  1116 W System  : A resource failed to call release. 
04-21 09:46:46.243  1104  1116 W System  : A resource failed to call release. 
04-21 09:46:46.243  1104  1116 W System  : A resource failed to call release. 
04-21 09:46:46.243  1104  1116 W System  : A resource failed to call HardwareBuffer.close. 
04-21 09:46:46.245  1104  1116 W ndroid.systemui: ApkAssets: Deleting an ApkAssets object '<empty> and /data/app/~~2yUhXmWZ1nR_P2fvFZkZTg==/com.impos2.mixcretailassemblyrn84-WW2nx2rej28k2CfL9aF4AA==/base.apk' with 3 weak references
04-21 09:46:46.245  1104  1116 W System  : A resource failed to call release. 
04-21 09:46:46.245  1104  1116 W System  : A resource failed to call release. 
04-21 09:46:46.245  1104  1116 W System  : A resource failed to call release. 
04-21 09:46:46.245  1104  1116 W System  : A resource failed to call release. 
04-21 09:46:46.247 28548 28548 I app_process: Using CollectorTypeCMC GC.
04-21 09:46:46.247  1104  1116 W System  : A resource failed to call release. 
04-21 09:46:46.247  1104  1116 W System  : A resource failed to call release. 
04-21 09:46:46.247  1104  1116 W System  : A resource failed to call HardwareBuffer.close. 
04-21 09:46:46.267 28548 28548 E app_process: Error reading named image component header for /system/framework/boot.art, error: Failed to open oat file '/system/framework/arm64/boot-framework-adservices.oat' when validating it for image '/system/framework/boot-framework-adservices.art': In oat file '/system/framework/boot-framework-adservices.oat', dex file checksum 0xde995531 does not match checksum 0xe3e2b570 of external dex file '/apex/com.android.sdkext/javalib/framework-sdkextensions.jar'
04-21 09:46:46.313   888   897 I system_server: NativeAlloc concurrent mark compact GC freed 435157(19MB) AllocSpace objects, 43(1364KB) LOS objects, 43% free, 30MB/54MB, paused 1.736ms,14.323ms total 259.691ms
04-21 09:46:46.319   888   899 W system_server: ApkAssets: Deleting an ApkAssets object '<empty> and /system/priv-app/PackageInstaller/PackageInstaller.apk' with 1 weak references
04-21 09:46:46.319   888   899 W System  : A resource failed to call HardwareBuffer.close. 
04-21 09:46:46.320   888   899 W system_server: ApkAssets: Deleting an ApkAssets object '<empty> and /product/app/GBoard/GBoard.apk' with 1 weak references
04-21 09:46:46.320   888   899 W system_server: ApkAssets: Deleting an ApkAssets object '<empty> and /system/priv-app/InputDevices/InputDevices.apk' with 1 weak references
04-21 09:46:46.322   888   899 W System  : A resource failed to call HardwareBuffer.close. 
04-21 09:46:46.322   888   899 W System  : A resource failed to call HardwareBuffer.close. 
04-21 09:46:46.323   888   899 W System  : A resource failed to call release. 
04-21 09:46:46.324   888   899 W System  : A resource failed to call release. 
04-21 09:46:46.422 28548 28548 D nativeloader: InitDefaultPublicLibraries for_preload=1: libandroid.so:libaaudio.so:libamidi.so:libbinder_ndk.so:libc.so:libcamera2ndk.so:libdl.so:libEGL.so:libGLESv1_CM.so:libGLESv2.so:libGLESv3.so:libicu.so:libicui18n.so:libicuuc.so:libjnigraphics.so:liblog.so:libmediandk.so:libm.so:libnativehelper.so:libnativewindow.so:libOpenMAXAL.so:libOpenSLES.so:libRS.so:libstdc++.so:libsync.so:libvulkan.so:libwebviewchromium_plat_support.so:libz.so
04-21 09:46:46.443 28548 28548 D app_process: Time zone APEX ICU file found: /apex/com.android.tzdata/etc/icu/icu_tzdata.dat
04-21 09:46:46.443 28548 28548 D app_process: I18n APEX ICU file found: /apex/com.android.i18n/etc/icu/icudt72l.dat
04-21 09:46:46.486 28548 28548 W libc    : Access denied finding property "ro.product.name_for_attestation"
04-21 09:46:46.487 28548 28548 W libc    : Access denied finding property "ro.product.device_for_attestation"
04-21 09:46:46.487 28548 28548 W libc    : Access denied finding property "ro.product.manufacturer_for_attestation"
04-21 09:46:46.487 28548 28548 W libc    : Access denied finding property "ro.product.brand_for_attestation"
04-21 09:46:46.484 28548 28548 W main    : type=1400 audit(0.0:8688): avc:  denied  { read } for  name="u:object_r:build_attestation_prop:s0" dev="tmpfs" ino=128 scontext=u:r:shell:s0 tcontext=u:object_r:build_attestation_prop:s0 tclass=file permissive=0
04-21 09:46:46.487 28548 28548 W libc    : Access denied finding property "ro.product.model_for_attestation"
04-21 09:46:46.484 28548 28548 W main    : type=1400 audit(0.0:8689): avc:  denied  { read } for  name="u:object_r:build_attestation_prop:s0" dev="tmpfs" ino=128 scontext=u:r:shell:s0 tcontext=u:object_r:build_attestation_prop:s0 tclass=file permissive=0
04-21 09:46:46.484 28548 28548 W main    : type=1400 audit(0.0:8690): avc:  denied  { read } for  name="u:object_r:build_attestation_prop:s0" dev="tmpfs" ino=128 scontext=u:r:shell:s0 tcontext=u:object_r:build_attestation_prop:s0 tclass=file permissive=0
04-21 09:46:46.484 28548 28548 W main    : type=1400 audit(0.0:8691): avc:  denied  { read } for  name="u:object_r:build_attestation_prop:s0" dev="tmpfs" ino=128 scontext=u:r:shell:s0 tcontext=u:object_r:build_attestation_prop:s0 tclass=file permissive=0
04-21 09:46:46.484 28548 28548 W main    : type=1400 audit(0.0:8692): avc:  denied  { read } for  name="u:object_r:build_attestation_prop:s0" dev="tmpfs" ino=128 scontext=u:r:shell:s0 tcontext=u:object_r:build_attestation_prop:s0 tclass=file permissive=0
04-21 09:46:46.491 28548 28548 D AndroidRuntime: Calling main entry com.android.commands.monkey.Monkey
04-21 09:46:46.492 28548 28548 W Monkey  : args: [-p, com.impos2.mixcretailassemblyrn84, -c, android.intent.category.LAUNCHER, 1]
04-21 09:46:46.492 28548 28548 W Monkey  :  arg: "-p"
04-21 09:46:46.492 28548 28548 W Monkey  :  arg: "com.impos2.mixcretailassemblyrn84"
04-21 09:46:46.492 28548 28548 W Monkey  :  arg: "-c"
04-21 09:46:46.493 28548 28548 W Monkey  :  arg: "android.intent.category.LAUNCHER"
04-21 09:46:46.493 28548 28548 W Monkey  :  arg: "1"
04-21 09:46:46.493 28548 28548 W Monkey  : data="com.impos2.mixcretailassemblyrn84"
04-21 09:46:46.493 28548 28548 W Monkey  : data="android.intent.category.LAUNCHER"
04-21 09:46:46.510 28548 28548 I AppOpsManager: getReadDeviceIdentifiersDefault allow
04-21 09:46:46.513   888  1680 W ActivityManager: registerReceiverWithFeature: no app for null
04-21 09:46:46.517 28548 28548 W System  : No Compatibility callbacks set! Querying change 263076149
04-21 09:46:46.517 28548 28548 W System  : No Compatibility callbacks set! Querying change 263076149
04-21 09:46:46.517 28548 28548 W System  : No Compatibility callbacks set! Querying change 263076149
04-21 09:46:46.523   888  1680 D PackageManager: collectAppOpen(): pkg = com.impos2.mixcretailassemblyrn84
04-21 09:46:46.523   888  1680 I RegisterController: type=0
04-21 09:46:46.524   888  1680 W APP_LOCK: ===isSecureForCommon  defaultLauncher:null===
04-21 09:46:46.524   888  1680 W APP_LOCK: ===isSecureForCommon  callingPackage:com.android.shell===
04-21 09:46:46.524   888  1680 W APP_LOCK: ===isSecureForCommon  === defaultLauncher:com.android.launcher3===
04-21 09:46:46.524   888  1680 W APP_LOCK: ===isSecureForCommon  isDefaultApp:false=== packageName : com.impos2.mixcretailassemblyrn84
04-21 09:46:46.524   888  1680 I Camera  : callprocess:com.impos2.mixcretailassemblyrn84
04-21 09:46:46.524   888  1680 W ActivityTaskManager: callingPackage for (uid=2000, pid=28548) has no WPC
04-21 09:46:46.527   888  1680 E ActivityTaskManager: startResult ================ 0
04-21 09:46:46.532   688   688 W libc    : Access denied finding property "vendor.sculptor.enable"
04-21 09:46:46.528   688   688 W android.hardwar: type=1400 audit(0.0:8693): avc:  denied  { read } for  name="u:object_r:vendor_sculptor_prop:s0" dev="tmpfs" ino=383 scontext=u:r:hal_power_default:s0 tcontext=u:object_r:vendor_sculptor_prop:s0 tclass=file permissive=0
04-21 09:46:46.533   888  1680 D CompatibilityChangeReporter: Compat change id reported: 205907456; UID 10139; state: ENABLED
04-21 09:46:46.534   888  1680 I Camera  : callprocess:com.impos2.mixcretailassemblyrn84
04-21 09:46:46.534   888  1680 I APP_LOCK: com.impos2.mixcretailassemblyrn84 common is  not locked
04-21 09:46:46.534   888  1680 W APP_LOCK:   isCustomizedAppLockEnabled is false
04-21 09:46:46.536   888  1680 I ActivityTaskManager: Add Task{aa0c706 #220 type=standard A=10139:com.impos2.mixcretailassemblyrn84} to hidden list because adding Task{ff0a138 #222 type=standard A=10139:com.impos2.mixcretailassemblyrn84}
04-21 09:46:46.537   888  1680 D CompatibilityChangeReporter: Compat change id reported: 194833441; UID 10139; state: ENABLED
04-21 09:46:46.537   888  1680 I ActivityTaskManager: START u0 {act=android.intent.action.MAIN cat=[android.intent.category.LAUNCHER] flg=0x10200000 cmp=com.impos2.mixcretailassemblyrn84/.MainActivity} with LAUNCH_SINGLE_TASK from uid 2000 (BAL_ALLOW_PERMISSION) result code=0
04-21 09:46:46.539 28548 28548 I Monkey  : Events injected: 1
04-21 09:46:46.540  1104  1128 V WindowManagerShell: Transition requested: android.os.BinderProxy@a7cc7a5 TransitionRequestInfo { type = 1, triggerTask = TaskInfo{userId=0 taskId=222 displayId=0 isRunning=true baseIntent=Intent { act=android.intent.action.MAIN cat=[android.intent.category.LAUNCHER] flg=0x10200000 cmp=com.impos2.mixcretailassemblyrn84/.MainActivity } baseActivity=ComponentInfo{com.impos2.mixcretailassemblyrn84/com.impos2.mixcretailassemblyrn84.MainActivity} topActivity=ComponentInfo{com.impos2.mixcretailassemblyrn84/com.impos2.mixcretailassemblyrn84.MainActivity} origActivity=null realActivity=ComponentInfo{com.impos2.mixcretailassemblyrn84/com.impos2.mixcretailassemblyrn84.MainActivity} numActivities=1 lastActiveTime=4808056731 supportsMultiWindow=true resizeMode=1 isResizeable=true minWidth=-1 minHeight=-1 defaultMinSize=220 token=WCT{android.window.IWindowContainerToken$Stub$Proxy@a93777a} topActivityType=1 pictureInPictureParams=null shouldDockBigOverlays=false launchIntoPipHostTaskId=-1 lastParentTaskIdBeforePip=-1 displayCutoutSafeInsets=null topActivityInfo=ActivityInfo{18d3b2b com.impos2.mixcretailassemblyrn84.MainActivity} launchCookies=[] positionInParent=Point(0, 0) parentTaskId=-1 isFocused=false isVisible=false isVisibleRequested=false isSleeping=false topActivityInSizeCompat=false topActivityEligibleForLetterboxEducation= false isLetterboxDoubleTapEnabled= false topActivityEligibleForUserAspectRatioButton= false topActivityBoundsLetterboxed= false isFromLetterboxDoubleTap= false topActivityLetterboxVerticalPosition= -1 topActivityLetterboxHorizontalPosition= -1 topActivityLetterboxWidth=-1 topActivityLetterboxHeight=-1 isUserFullscreenOverrideEnabled=false isTopActivityTransparent=false locusId=null displayAreaFeatureId=1 cameraCompatControlState=hidden}, remoteTransition = null, displayChange = null, flags = 0 }
04-21 09:46:46.541   888   907 D CompatibilityChangeReporter: Compat change id reported: 135634846; UID 10139; state: DISABLED
04-21 09:46:46.541   888   907 D CompatibilityChangeReporter: Compat change id reported: 177438394; UID 10139; state: DISABLED
04-21 09:46:46.541   888   907 D CompatibilityChangeReporter: Compat change id reported: 135772972; UID 10139; state: DISABLED
04-21 09:46:46.541   888   907 D CompatibilityChangeReporter: Compat change id reported: 135754954; UID 10139; state: ENABLED
04-21 09:46:46.542   888   914 D CompatibilityChangeReporter: Compat change id reported: 143937733; UID 10139; state: ENABLED
04-21 09:46:46.543   888   918 W libprocessgroup: SetCgroup::ExecuteForProcess: failed to open /dev/stune/top-app/cgroup.procs: No such file or directory
04-21 09:46:46.548   888  8106 D WmsExtImpl: config_supportAutoRotation false
04-21 09:46:46.548   888  8106 D WmsExtImpl: config_supportAutoRotation false
04-21 09:46:46.548   888 11608 D CoreBackPreview: Window{caa98e4 u0 Splash Screen com.impos2.mixcretailassemblyrn84}: Setting back callback OnBackInvokedCallbackInfo{mCallback=android.window.IOnBackInvokedCallback$Stub$Proxy@e15f402, mPriority=0, mIsAnimationCallback=false}
04-21 09:46:46.556   342   342 I android.hardware.graphics.allocator-V1-service: alloc_format: RGBA_8888 + AFBC + SPLIT + WIDE + SPARSE + Datatype: UNORM
04-21 09:46:46.556   342   342 I android.hardware.graphics.allocator-V1-service: mali_gralloc_adjust_dimensions: alloc_format=RGBA_8888 + AFBC + SPLIT + WIDE + SPARSE + Datatype: UNORM usage=TEXTURE + RENDER + HWC alloc_width=1920, alloc_height=1088
04-21 09:46:46.556   888   905 D WmsExtImpl: config_supportAutoRotation false
04-21 09:46:46.557   888   905 D WmsExtImpl: config_supportAutoRotation false
04-21 09:46:46.557   342   342 I android.hardware.graphics.allocator-V1-service: Writing AFBC header layout 0 for format 1, n_headers: 8160
04-21 09:46:46.557   638   638 D Zygote  : Forked child process 28566
04-21 09:46:46.558   342   342 D android.hardware.graphics.allocator-V1-service: got new private_handle_t instance for buffer 'VRI[mixcretailassemblyrn84]#610(BLAST Consumer)610'. share_fd : 10, share_attr_fd : 11, width : 1920, height : 1080, req_format : 0x1, producer_usage : 0xb00, consumer_usage : 0xb00, , stride : 0, alloc_format_base: 1, alloc_format_modifiers: 0x04190000, size : 8486912, layer_count : 1, backing_store_id: 0x15600006047
04-21 09:46:46.558   342   342 D android.hardware.graphics.allocator-V1-service: plane_info[0]: offset : 0, byte_stride : 7680, alloc_width : 1920, alloc_height : 1088
04-21 09:46:46.558   342   342 D android.hardware.graphics.allocator-V1-service: plane_info[1]: offset : 0, byte_stride : 0, alloc_width : 0, alloc_height : 0
04-21 09:46:46.558   342   342 I android.hardware.graphics.allocator-V1-service: alloc_format: RGBA_8888 + AFBC + SPLIT + WIDE + SPARSE + Datatype: UNORM
04-21 09:46:46.558   342   342 I android.hardware.graphics.allocator-V1-service: mali_gralloc_adjust_dimensions: alloc_format=RGBA_8888 + AFBC + SPLIT + WIDE + SPARSE + Datatype: UNORM usage=TEXTURE + RENDER + HWC alloc_width=1920, alloc_height=1088
