04-21 09:46:46.558   888   914 I ActivityManager: Start proc 28566:com.impos2.mixcretailassemblyrn84/u0a139 for next-top-activity {com.impos2.mixcretailassemblyrn84/com.impos2.mixcretailassemblyrn84.MainActivity}
04-21 09:46:46.559   888  8106 D WmsExtImpl: config_supportAutoRotation false
04-21 09:46:46.559   888  8106 D WmsExtImpl: config_supportAutoRotation false
04-21 09:46:46.560   342   342 I android.hardware.graphics.allocator-V1-service: Writing AFBC header layout 0 for format 1, n_headers: 8160
04-21 09:46:46.560   888   905 D WmsExtImpl: config_supportAutoRotation false
04-21 09:46:46.560   342   342 D android.hardware.graphics.allocator-V1-service: got new private_handle_t instance for buffer 'VRI[mixcretailassemblyrn84]#610(BLAST Consumer)610'. share_fd : 10, share_attr_fd : 11, width : 1920, height : 1080, req_format : 0x1, producer_usage : 0xb00, consumer_usage : 0xb00, , stride : 0, alloc_format_base: 1, alloc_format_modifiers: 0x04190000, size : 8486912, layer_count : 1, backing_store_id: 0x15600006048
04-21 09:46:46.560   342   342 D android.hardware.graphics.allocator-V1-service: plane_info[0]: offset : 0, byte_stride : 7680, alloc_width : 1920, alloc_height : 1088
04-21 09:46:46.560   342   342 D android.hardware.graphics.allocator-V1-service: plane_info[1]: offset : 0, byte_stride : 0, alloc_width : 0, alloc_height : 0
04-21 09:46:46.560   342   342 I android.hardware.graphics.allocator-V1-service: alloc_format: RGBA_8888 + AFBC + SPLIT + WIDE + SPARSE + Datatype: UNORM
04-21 09:46:46.560   342   342 I android.hardware.graphics.allocator-V1-service: mali_gralloc_adjust_dimensions: alloc_format=RGBA_8888 + AFBC + SPLIT + WIDE + SPARSE + Datatype: UNORM usage=TEXTURE + RENDER + HWC alloc_width=1920, alloc_height=1088
04-21 09:46:46.560   888   905 D WmsExtImpl: config_supportAutoRotation false
04-21 09:46:46.564   342   342 I android.hardware.graphics.allocator-V1-service: Writing AFBC header layout 0 for format 1, n_headers: 8160
04-21 09:46:46.564 28548 28548 I Monkey  : ## Network stats: elapsed time=39ms (0ms mobile, 0ms wifi, 39ms not connected)
04-21 09:46:46.564   342   342 D android.hardware.graphics.allocator-V1-service: got new private_handle_t instance for buffer 'VRI[mixcretailassemblyrn84]#610(BLAST Consumer)610'. share_fd : 10, share_attr_fd : 11, width : 1920, height : 1080, req_format : 0x1, producer_usage : 0xb00, consumer_usage : 0xb00, , stride : 0, alloc_format_base: 1, alloc_format_modifiers: 0x04190000, size : 8486912, layer_count : 1, backing_store_id: 0x15600006049
04-21 09:46:46.565   342   342 D android.hardware.graphics.allocator-V1-service: plane_info[0]: offset : 0, byte_stride : 7680, alloc_width : 1920, alloc_height : 1088
04-21 09:46:46.565   342   342 D android.hardware.graphics.allocator-V1-service: plane_info[1]: offset : 0, byte_stride : 0, alloc_width : 0, alloc_height : 0
04-21 09:46:46.565 26864 26864 W ElapsedTimeUtils: getElapsedTime: sSuwFinishedTimeStamp is null
04-21 09:46:46.565 28548 28548 I app_process: System.exit called, status: 0
04-21 09:46:46.565 28548 28548 I AndroidRuntime: VM exiting with result code 0.
04-21 09:46:46.568   888  8106 I Camera  : callprocess:com.impos2.mixcretailassemblyrn84
04-21 09:46:46.569   888  8106 I Camera  : callprocess:com.impos2.mixcretailassemblyrn84
04-21 09:46:46.570 28566 28566 I ailassemblyrn84: Using CollectorTypeCMC GC.
04-21 09:46:46.574   888  8106 D WmsExtImpl: config_supportAutoRotation false
04-21 09:46:46.575 28566 28566 E ailassemblyrn84: Not starting debugger since process cannot load the jdwp agent.
04-21 09:46:46.580 26864 26864 W ElapsedTimeUtils: getElapsedTime: sSuwFinishedTimeStamp is null
04-21 09:46:46.582   888  4706 I Camera  : callprocess:com.impos2.mixcretailassemblyrn84
04-21 09:46:46.582   888  4706 I APP_LOCK: com.impos2.mixcretailassemblyrn84 common is  not locked
04-21 09:46:46.582   888  4706 W APP_LOCK:   isCustomizedAppLockEnabled is false
04-21 09:46:46.584   888   957 D CompatibilityChangeReporter: Compat change id reported: 265195908; UID 10139; state: ENABLED
04-21 09:46:46.591   342   342 I android.hardware.graphics.allocator-V1-service: alloc_format: RGBA_8888 + Datatype: UNORM
04-21 09:46:46.591   342   342 I android.hardware.graphics.allocator-V1-service: mali_gralloc_adjust_dimensions: alloc_format=RGBA_8888 + Datatype: UNORM usage=CPU-RoWo + TEXTURE + RENDER + HWC alloc_width=1920, alloc_height=1080
04-21 09:46:46.591   342   342 D android.hardware.graphics.allocator-V1-service: got new private_handle_t instance for buffer 'screenshot'. share_fd : 10, share_attr_fd : 11, width : 1920, height : 1080, req_format : 0x1, producer_usage : 0xb33, consumer_usage : 0xb33, , stride : 1920, alloc_format_base: 1, alloc_format_modifiers: 0x00000000, size : 8294400, layer_count : 1, backing_store_id: 0x1560000604a
04-21 09:46:46.591   342   342 D android.hardware.graphics.allocator-V1-service: plane_info[0]: offset : 0, byte_stride : 7680, alloc_width : 1920, alloc_height : 1080
04-21 09:46:46.591   342   342 D android.hardware.graphics.allocator-V1-service: plane_info[1]: offset : 0, byte_stride : 0, alloc_width : 0, alloc_height : 0
04-21 09:46:46.595   888   908 I WindowManager: Queue is too deep! Purged item with index=221
04-21 09:46:46.597   888   904 V WindowManager: Sent Transition #628 createdAt=04-21 09:46:46.526 via request=TransitionRequestInfo { type = 1, triggerTask = TaskInfo{userId=0 taskId=222 displayId=0 isRunning=true baseIntent=Intent { act=android.intent.action.MAIN cat=[android.intent.category.LAUNCHER] flg=0x10200000 cmp=com.impos2.mixcretailassemblyrn84/.MainActivity } baseActivity=ComponentInfo{com.impos2.mixcretailassemblyrn84/com.impos2.mixcretailassemblyrn84.MainActivity} topActivity=ComponentInfo{com.impos2.mixcretailassemblyrn84/com.impos2.mixcretailassemblyrn84.MainActivity} origActivity=null realActivity=ComponentInfo{com.impos2.mixcretailassemblyrn84/com.impos2.mixcretailassemblyrn84.MainActivity} numActivities=1 lastActiveTime=4808056731 supportsMultiWindow=true resizeMode=1 isResizeable=true minWidth=-1 minHeight=-1 defaultMinSize=220 token=WCT{RemoteToken{31e207c Task{ff0a138 #222 type=standard A=10139:com.impos2.mixcretailassemblyrn84}}} topActivityType=1 pictureInPictureParams=null shouldDockBigOverlays=false launchIntoPipHostTaskId=-1 lastParentTaskIdBeforePip=-1 displayCutoutSafeInsets=null topActivityInfo=ActivityInfo{da1cd05 com.impos2.mixcretailassemblyrn84.MainActivity} launchCookies=[] positionInParent=Point(0, 0) parentTaskId=-1 isFocused=false isVisible=false isVisibleRequested=false isSleeping=false topActivityInSizeCompat=false topActivityEligibleForLetterboxEducation= false isLetterboxDoubleTapEnabled= false topActivityEligibleForUserAspectRatioButton= false topActivityBoundsLetterboxed= false isFromLetterboxDoubleTap= false topActivityLetterboxVerticalPosition= -1 topActivityLetterboxHorizontalPosition= -1 topActivityLetterboxWidth=-1 topActivityLetterboxHeight=-1 isUserFullscreenOverrideEnabled=false isTopActivityTransparent=false locusId=null displayAreaFeatureId=1 cameraCompatControlState=hidden}, remoteTransition = null, displayChange = null, flags = 0 }
04-21 09:46:46.597   888   904 V WindowManager:     startWCT=WindowContainerTransaction { changes = {} hops = [] errorCallbackToken=null taskFragmentOrganizer=null }
04-21 09:46:46.597  1104  1128 V WindowManagerShell: Transition animation finished (aborted=false), notifying core (#627)android.os.BinderProxy@eab8c6a@0
04-21 09:46:46.597   888   904 V WindowManager:     info={id=628 t=OPEN f=0x0 trk=0 r=[0@Point(0, 0)] c=[{WCT{RemoteToken{31e207c Task{ff0a138 #222 type=standard A=10139:com.impos2.mixcretailassemblyrn84}}} m=OPEN f=NONE leash=Surface(name=Task=222)/@0xdf34e4e sb=Rect(0, 0 - 1920, 1080) eb=Rect(0, 0 - 1920, 1080) d=0},{WCT{RemoteToken{1542320 TaskFragment{3370754 mode=multi-window}}} m=TO_BACK f=IN_TASK_WITH_EMBEDDED_ACTIVITY p=WCT{RemoteToken{d503a74 Task{28d9475 #199 type=standard A=1000:com.android.settings.root}}} leash=Surface(name=TaskFragment{3370754 mode=fullscreen})/@0x674ff52 sb=Rect(720, 0 - 1920, 1080) eb=Rect(720, 0 - 1920, 1080) eo=Point(720, 0) d=0},{WCT{RemoteToken{4852a84 TaskFragment{984640c mode=multi-window}}} m=TO_BACK f=IN_TASK_WITH_EMBEDDED_ACTIVITY p=WCT{RemoteToken{d503a74 Task{28d9475 #199 type=standard A=1000:com.android.settings.root}}} leash=Surface(name=TaskFragment{984640c mode=fullscreen})/@0xb83fbbb sb=Rect(0, 0 - 720, 1080) eb=Rect(0, 0 - 720, 1080) d=0},{WCT{RemoteToken{d503a74 Task{28d9475 #199 type=standard A=1000:com.android.settings.root}}} m=TO_BACK f=NONE leash=Surface(name=Task=199)/@0x5f68a61 sb=Rect(0, 0 - 1920, 1080) eb=Rect(0, 0 - 1920, 1080) d=0}]}
04-21 09:46:46.600   888   904 V WindowManager: Finish Transition #627: created at 04-21 09:46:45.827 collect-started=0.052ms request-sent=0.273ms started=5.112ms ready=169.228ms sent=235.741ms finished=773.101ms
04-21 09:46:46.601   888  8106 W ActivityManager: pid 888 system sent binder code 7 with flags 1 to frozen apps and got error -32
04-21 09:46:46.601   888  8106 D ActivityManager: Too many transaction errors, throttling freezer binder callback.
04-21 09:46:46.602   888  8106 W WindowManager: Exception thrown during dispatchAppVisibility Window{75a3a1 u0 com.impos2.mixcretailassemblyrn84/com.impos2.mixcretailassemblyrn84.MainActivity EXITING}
04-21 09:46:46.602   888  8106 W WindowManager: android.os.DeadObjectException
04-21 09:46:46.602   888  8106 W WindowManager: 	at android.os.BinderProxy.transactNative(Native Method)
04-21 09:46:46.602   888  8106 W WindowManager: 	at android.os.BinderProxy.transact(BinderProxy.java:584)
04-21 09:46:46.602   888  8106 W WindowManager: 	at android.view.IWindow$Stub$Proxy.dispatchAppVisibility(IWindow.java:546)
04-21 09:46:46.602   888  8106 W WindowManager: 	at com.android.server.wm.WindowState.sendAppVisibilityToClients(WindowState.java:3309)
04-21 09:46:46.602   888  8106 W WindowManager: 	at com.android.server.wm.WindowContainer.sendAppVisibilityToClients(WindowContainer.java:1299)
04-21 09:46:46.602   888  8106 W WindowManager: 	at com.android.server.wm.WindowToken.setClientVisible(WindowToken.java:409)
04-21 09:46:46.602   888  8106 W WindowManager: 	at com.android.server.wm.ActivityRecord.setClientVisible(ActivityRecord.java:6993)
04-21 09:46:46.602   888  8106 W WindowManager: 	at com.android.server.wm.ActivityRecord.postApplyAnimation(ActivityRecord.java:5686)
04-21 09:46:46.602   888  8106 W WindowManager: 	at com.android.server.wm.ActivityRecord.commitVisibility(ActivityRecord.java:5628)
04-21 09:46:46.602   888  8106 W WindowManager: 	at com.android.server.wm.Transition.finishTransition(Transition.java:1200)
04-21 09:46:46.602   888  8106 W WindowManager: 	at com.android.server.wm.TransitionController.finishTransition(TransitionController.java:886)
04-21 09:46:46.602   888  8106 W WindowManager: 	at com.android.server.wm.WindowOrganizerController.finishTransition(WindowOrganizerController.java:419)
04-21 09:46:46.602   888  8106 W WindowManager: 	at android.window.IWindowOrganizerController$Stub.onTransact(IWindowOrganizerController.java:280)
04-21 09:46:46.602   888  8106 W WindowManager: 	at com.android.server.wm.WindowOrganizerController.onTransact(WindowOrganizerController.java:183)
04-21 09:46:46.602   888  8106 W WindowManager: 	at android.os.Binder.execTransactInternal(Binder.java:1363)
04-21 09:46:46.602   888  8106 W WindowManager: 	at android.os.Binder.execTransact(Binder.java:1304)
04-21 09:46:46.602   888  8106 I Process : Sending signal. PID: 28319 SIG: 9
04-21 09:46:46.602   888  8106 W ActivityManager: pid 888 system sent binder code 7 with flags 1 to frozen apps and got error -32
04-21 09:46:46.602   888  8106 D ActivityManager: Too many transaction errors, throttling freezer binder callback.
04-21 09:46:46.603   888  8106 W WindowManager: Exception thrown during dispatchAppVisibility Window{5a2c727 u0 com.impos2.mixcretailassemblyrn84/com.impos2.mixcretailassemblyrn84.SecondaryActivity EXITING}
04-21 09:46:46.603   888  8106 W WindowManager: android.os.DeadObjectException
04-21 09:46:46.603   888  8106 W WindowManager: 	at android.os.BinderProxy.transactNative(Native Method)
04-21 09:46:46.603   888  8106 W WindowManager: 	at android.os.BinderProxy.transact(BinderProxy.java:584)
04-21 09:46:46.603   888  8106 W WindowManager: 	at android.view.IWindow$Stub$Proxy.dispatchAppVisibility(IWindow.java:546)
04-21 09:46:46.603   888  8106 W WindowManager: 	at com.android.server.wm.WindowState.sendAppVisibilityToClients(WindowState.java:3309)
04-21 09:46:46.603   888  8106 W WindowManager: 	at com.android.server.wm.WindowContainer.sendAppVisibilityToClients(WindowContainer.java:1299)
04-21 09:46:46.603   888  8106 W WindowManager: 	at com.android.server.wm.WindowToken.setClientVisible(WindowToken.java:409)
04-21 09:46:46.603   888  8106 W WindowManager: 	at com.android.server.wm.ActivityRecord.setClientVisible(ActivityRecord.java:6993)
04-21 09:46:46.603   888  8106 W WindowManager: 	at com.android.server.wm.ActivityRecord.postApplyAnimation(ActivityRecord.java:5686)
04-21 09:46:46.603   888  8106 W WindowManager: 	at com.android.server.wm.ActivityRecord.commitVisibility(ActivityRecord.java:5628)
04-21 09:46:46.603   888  8106 W WindowManager: 	at com.android.server.wm.Transition.finishTransition(Transition.java:1200)
04-21 09:46:46.603   888  8106 W WindowManager: 	at com.android.server.wm.TransitionController.finishTransition(TransitionController.java:886)
04-21 09:46:46.603   888  8106 W WindowManager: 	at com.android.server.wm.WindowOrganizerController.finishTransition(WindowOrganizerController.java:419)
04-21 09:46:46.603   888  8106 W WindowManager: 	at android.window.IWindowOrganizerController$Stub.onTransact(IWindowOrganizerController.java:280)
04-21 09:46:46.603   888  8106 W WindowManager: 	at com.android.server.wm.WindowOrganizerController.onTransact(WindowOrganizerController.java:183)
04-21 09:46:46.603   888  8106 W WindowManager: 	at android.os.Binder.execTransactInternal(Binder.java:1363)
04-21 09:46:46.603   888  8106 W WindowManager: 	at android.os.Binder.execTransact(Binder.java:1304)
04-21 09:46:46.603   888  8106 I Process : Sending signal. PID: 28401 SIG: 9
04-21 09:46:46.605   888  8106 V WindowManager: Content Recording: Display 2 has no content and is on, so start recording for state 2
04-21 09:46:46.606   888  8106 V WindowManager: Content Recording: Apply transformations of shift 0 x 0, scale 1.0, crop (aka recorded content size) 1920 x 1080 for display 2; display has size 1280 x 720; surface has size 1920 x 1080
04-21 09:46:46.610   888   907 I InputManager-JNI: Viewport [0] to add: local:0, isActive: true
04-21 09:46:46.610   888   907 I InputManager-JNI: Viewport [1] to add: local:1, isActive: true
04-21 09:46:46.611   888   982 I InputReader: Reconfiguring input devices, changes=DISPLAY_INFO
04-21 09:46:46.611   888   982 I InputReader: Device reconfigured: id=9, name='ilitek_second_ts', size 1920x1080, orientation 0, mode 1, display id 2
04-21 09:46:46.612   888  8106 W ActivityManager: pid 888 system sent binder code 3 with flags 1 to frozen apps and got error -32
04-21 09:46:46.612   888  8106 D ActivityManager: Too many transaction errors, throttling freezer binder callback.
04-21 09:46:46.613   888  8106 W WindowManager: Failed to deliver inset control state change to w=Window{75a3a1 u0 com.impos2.mixcretailassemblyrn84/com.impos2.mixcretailassemblyrn84.MainActivity EXITING}
04-21 09:46:46.613   888  8106 W WindowManager: android.os.DeadObjectException
04-21 09:46:46.613   888  8106 W WindowManager: 	at android.os.BinderProxy.transactNative(Native Method)
04-21 09:46:46.613   888  8106 W WindowManager: 	at android.os.BinderProxy.transact(BinderProxy.java:584)
04-21 09:46:46.613   888  8106 W WindowManager: 	at android.view.IWindow$Stub$Proxy.insetsControlChanged(IWindow.java:479)
04-21 09:46:46.613   888  8106 W WindowManager: 	at com.android.server.wm.WindowState.notifyInsetsControlChanged(WindowState.java:3840)
04-21 09:46:46.613   888  8106 W WindowManager: 	at com.android.server.wm.InsetsStateController.lambda$notifyPendingInsetsControlChanged$3(InsetsStateController.java:369)
04-21 09:46:46.613   888  8106 W WindowManager: 	at com.android.server.wm.InsetsStateController.$r8$lambda$8yykPRG1GyNq_J17QvL9d5xANMc(InsetsStateController.java:0)
04-21 09:46:46.613   888  8106 W WindowManager: 	at com.android.server.wm.InsetsStateController$$ExternalSyntheticLambda2.run(R8$$SyntheticClass:0)
04-21 09:46:46.613   888  8106 W WindowManager: 	at com.android.server.wm.WindowAnimator.executeAfterPrepareSurfacesRunnables(WindowAnimator.java:294)
04-21 09:46:46.613   888  8106 W WindowManager: 	at com.android.server.wm.RootWindowContainer.performSurfacePlacementNoTrace(RootWindowContainer.java:814)
04-21 09:46:46.613   888  8106 W WindowManager: 	at com.android.server.wm.RootWindowContainer.performSurfacePlacement(RootWindowContainer.java:759)
04-21 09:46:46.613   888  8106 W WindowManager: 	at com.android.server.wm.WindowSurfacePlacer.performSurfacePlacementLoop(WindowSurfacePlacer.java:177)
04-21 09:46:46.613   888  8106 W WindowManager: 	at com.android.server.wm.WindowSurfacePlacer.performSurfacePlacement(WindowSurfacePlacer.java:126)
04-21 09:46:46.613   888  8106 W WindowManager: 	at com.android.server.wm.WindowSurfacePlacer.performSurfacePlacement(WindowSurfacePlacer.java:115)
04-21 09:46:46.613   888  8106 W WindowManager: 	at com.android.server.wm.WindowState.setupWindowForRemoveOnExit(WindowState.java:2562)
04-21 09:46:46.613   888  8106 W WindowManager: 	at com.android.server.wm.WindowState.removeIfPossible(WindowState.java:2522)
04-21 09:46:46.613   888  8106 W WindowManager: 	at com.android.server.wm.WindowToken.removeAllWindowsIfPossible(WindowToken.java:249)
04-21 09:46:46.613   888  8106 W WindowManager: 	at com.android.server.wm.ActivityRecord.removeIfPossible(ActivityRecord.java:4299)
04-21 09:46:46.613   888  8106 W WindowManager: 	at com.android.server.wm.ActivityRecord.handleCompleteDeferredRemoval(ActivityRecord.java:4306)
04-21 09:46:46.613   888  8106 W WindowManager: 	at com.android.server.wm.WindowContainer.handleCompleteDeferredRemoval(WindowContainer.java:1474)
04-21 09:46:46.613   888  8106 W WindowManager: 	at com.android.server.wm.TaskFragment.handleCompleteDeferredRemoval(TaskFragment.java:2883)
04-21 09:46:46.613   888  8106 W WindowManager: 	at com.android.server.wm.WindowContainer.handleCompleteDeferredRemoval(WindowContainer.java:1474)
04-21 09:46:46.613   888  8106 W WindowManager: 	at com.android.server.wm.WindowContainer.handleCompleteDeferredRemoval(WindowContainer.java:1474)
04-21 09:46:46.613   888  8106 W WindowManager: 	at com.android.server.wm.WindowContainer.handleCompleteDeferredRemoval(WindowContainer.java:1474)
04-21 09:46:46.613   888  8106 W WindowManager: 	at com.android.server.wm.WindowContainer.handleCompleteDeferredRemoval(WindowContainer.java:1474)
04-21 09:46:46.613   888  8106 W WindowManager: 	at com.android.server.wm.WindowContainer.handleCompleteDeferredRemoval(WindowContainer.java:1474)
04-21 09:46:46.613   888  8106 W WindowManager: 	at com.android.server.wm.WindowContainer.handleCompleteDeferredRemoval(WindowContainer.java:1474)
04-21 09:46:46.613   888  8106 W WindowManager: 	at com.android.server.wm.DisplayContent.handleCompleteDeferredRemoval(DisplayContent.java:3432)
04-21 09:46:46.613   888  8106 W WindowManager: 	at com.android.server.wm.Transition.finishTransition(Transition.java:1382)
04-21 09:46:46.613   888  8106 W WindowManager: 	at com.android.server.wm.TransitionController.finishTransition(TransitionController.java:886)
04-21 09:46:46.613   888  8106 W WindowManager: 	at com.android.server.wm.WindowOrganizerController.finishTransition(WindowOrganizerController.java:419)
04-21 09:46:46.613   888  8106 W WindowManager: 	at android.window.IWindowOrganizerController$Stub.onTransact(IWindowOrganizerController.java:280)
04-21 09:46:46.613   888  8106 W WindowManager: 	at com.android.server.wm.WindowOrganizerController.onTransact(WindowOrganizerController.java:183)
04-21 09:46:46.613   888  8106 W WindowManager: 	at android.os.Binder.execTransactInternal(Binder.java:1363)
04-21 09:46:46.613   888  8106 W WindowManager: 	at android.os.Binder.execTransact(Binder.java:1304)
04-21 09:46:46.628  1104  1128 V WindowManagerShell: Track 0 became idle
04-21 09:46:46.629  1104  1128 V WindowManagerShell: onTransitionReady android.os.BinderProxy@a7cc7a5: {id=628 t=OPEN f=0x0 trk=0 r=[0@Point(0, 0)] c=[{WCT{android.window.IWindowContainerToken$Stub$Proxy@83b17f7} m=OPEN f=NONE leash=Surface(name=Task=222)/@0xffbe4a3 sb=Rect(0, 0 - 1920, 1080) eb=Rect(0, 0 - 1920, 1080) d=0},{WCT{android.window.IWindowContainerToken$Stub$Proxy@280a664} m=TO_BACK f=IN_TASK_WITH_EMBEDDED_ACTIVITY p=WCT{android.window.IWindowContainerToken$Stub$Proxy@8d180cd} leash=Surface(name=TaskFragment{3370754 mode=fullscreen})/@0x6fc33a0 sb=Rect(720, 0 - 1920, 1080) eb=Rect(720, 0 - 1920, 1080) eo=Point(720, 0) d=0},{WCT{android.window.IWindowContainerToken$Stub$Proxy@2007d82} m=TO_BACK f=IN_TASK_WITH_EMBEDDED_ACTIVITY p=WCT{android.window.IWindowContainerToken$Stub$Proxy@4ff3c93} leash=Surface(name=TaskFragment{984640c mode=fullscreen})/@0xedceb59 sb=Rect(0, 0 - 720, 1080) eb=Rect(0, 0 - 720, 1080) d=0},{WCT{android.window.IWindowContainerToken$Stub$Proxy@1d3c4d0} m=TO_BACK f=NONE leash=Surface(name=Task=199)/@0x39b831e sb=Rect(0, 0 - 1920, 1080) eb=Rect(0, 0 - 1920, 1080) d=0}]}
04-21 09:46:46.629  1104  1128 V WindowManagerShell: Playing animation for (#628)android.os.BinderProxy@a7cc7a5@0
04-21 09:46:46.629  1104  1128 V WindowManagerShell:  try handler com.android.wm.shell.transition.DefaultMixedHandler@7b709ff
04-21 09:46:46.629  1104  1128 V WindowManagerShell:  try handler com.android.wm.shell.keyguard.KeyguardTransitionHandler@83523cc
04-21 09:46:46.629  1104  1128 V WindowManagerShell:  try handler com.android.wm.shell.pip.PipTransition@b509615
04-21 09:46:46.629  1104  1128 V WindowManagerShell:  try handler com.android.wm.shell.activityembedding.ActivityEmbeddingController@8487d2a
04-21 09:46:46.629  1104  1128 V WindowManagerShell:  try handler com.android.wm.shell.recents.RecentsTransitionHandler@57c471b
04-21 09:46:46.629  1104  1128 V ShellRecents: RecentsTransitionHandler.startAnimation: no controller found
04-21 09:46:46.629  1104  1128 V WindowManagerShell:  try handler com.android.wm.shell.splitscreen.StageCoordinator@d76b0b8
04-21 09:46:46.629  1104  1128 V WindowManagerShell:  try handler com.android.wm.shell.transition.RemoteTransitionHandler@bb17e91
04-21 09:46:46.630  1104  1128 V WindowManagerShell: Transition doesn't have explicit remote, search filters for match for {id=628 t=OPEN f=0x0 trk=0 r=[0@Point(0, 0)] c=[{WCT{android.window.IWindowContainerToken$Stub$Proxy@83b17f7} m=OPEN f=NONE leash=Surface(name=Task=222)/@0xffbe4a3 sb=Rect(0, 0 - 1920, 1080) eb=Rect(0, 0 - 1920, 1080) d=0},{WCT{android.window.IWindowContainerToken$Stub$Proxy@280a664} m=TO_BACK f=IN_TASK_WITH_EMBEDDED_ACTIVITY p=WCT{android.window.IWindowContainerToken$Stub$Proxy@8d180cd} leash=Surface(name=TaskFragment{3370754 mode=fullscreen})/@0x6fc33a0 sb=Rect(720, 0 - 1920, 1080) eb=Rect(720, 0 - 1920, 1080) eo=Point(720, 0) d=0},{WCT{android.window.IWindowContainerToken$Stub$Proxy@2007d82} m=TO_BACK f=IN_TASK_WITH_EMBEDDED_ACTIVITY p=WCT{android.window.IWindowContainerToken$Stub$Proxy@4ff3c93} leash=Surface(name=TaskFragment{984640c mode=fullscreen})/@0xedceb59 sb=Rect(0, 0 - 720, 1080) eb=Rect(0, 0 - 720, 1080) d=0},{WCT{android.window.IWindowContainerToken$Stub$Proxy@1d3c4d0} m=TO_BACK f=NONE leash=Surface(name=Task=199)/@0x39b831e sb=Rect(0, 0 - 1920, 1080) eb=Rect(0, 0 - 1920, 1080) d=0}]}
04-21 09:46:46.630  1104  1128 V WindowManagerShell:  Checking filter Pair{{types=[] flags=0x0] notFlags=0x100 checks=[{atype=home independent=true modes=[OPEN,TO_FRONT] flags=NONE mustBeTask=false order=TOP topActivity=ComponentInfo{com.android.launcher3/com.android.launcher3.uioverrides.QuickstepLauncher}},{atype=standard independent=true modes=[CLOSE,TO_BACK] flags=NONE mustBeTask=false order=ANY topActivity=null}]} RemoteTransition { remoteTransition = android.window.IRemoteTransition$Stub$Proxy@93729c5, appThread = android.app.IApplicationThread$Stub$Proxy@e94ff1a, debugName = QuickstepLaunchHome }}
04-21 09:46:46.630  1104  1128 V WindowManagerShell:  Delegate animation for #628 to null
04-21 09:46:46.630  1104  1128 V WindowManagerShell:  try handler com.android.wm.shell.transition.DefaultTransitionHandler@44941f6
04-21 09:46:46.630  1104  1128 V WindowManagerShell: start default transition animation, info = {id=628 t=OPEN f=0x0 trk=0 r=[0@Point(0, 0)] c=[{WCT{android.window.IWindowContainerToken$Stub$Proxy@83b17f7} m=OPEN f=NONE leash=Surface(name=Task=222)/@0xffbe4a3 sb=Rect(0, 0 - 1920, 1080) eb=Rect(0, 0 - 1920, 1080) d=0},{WCT{android.window.IWindowContainerToken$Stub$Proxy@280a664} m=TO_BACK f=IN_TASK_WITH_EMBEDDED_ACTIVITY p=WCT{android.window.IWindowContainerToken$Stub$Proxy@8d180cd} leash=Surface(name=TaskFragment{3370754 mode=fullscreen})/@0x6fc33a0 sb=Rect(720, 0 - 1920, 1080) eb=Rect(720, 0 - 1920, 1080) eo=Point(720, 0) d=0},{WCT{android.window.IWindowContainerToken$Stub$Proxy@2007d82} m=TO_BACK f=IN_TASK_WITH_EMBEDDED_ACTIVITY p=WCT{android.window.IWindowContainerToken$Stub$Proxy@4ff3c93} leash=Surface(name=TaskFragment{984640c mode=fullscreen})/@0xedceb59 sb=Rect(0, 0 - 720, 1080) eb=Rect(0, 0 - 720, 1080) d=0},{WCT{android.window.IWindowContainerToken$Stub$Proxy@1d3c4d0} m=TO_BACK f=NONE leash=Surface(name=Task=199)/@0x39b831e sb=Rect(0, 0 - 1920, 1080) eb=Rect(0, 0 - 1920, 1080) d=0}]}
04-21 09:46:46.631  1104  1128 V WindowManagerShell: loadAnimation: anim=android.view.animation.AnimationSet@fd70eef animAttr=0x9 type=OPEN isEntrance=false
04-21 09:46:46.636   888   918 W libprocessgroup: SetCgroup::ExecuteForProcess: failed to open /dev/stune/top-app/cgroup.procs: No such file or directory
04-21 09:46:46.639  1104  1128 V WindowManagerShell: loadAnimation: anim=android.view.animation.AnimationSet@3bc3ada animAttr=0x8 type=OPEN isEntrance=true
04-21 09:46:46.639   888  4706 W ActivityManager: Slow operation: 51ms so far, now at attachApplicationLocked: after updateOomAdjLocked
04-21 09:46:46.640   888   907 W ActivityManager: setHasOverlayUi called on unknown pid: 28319
04-21 09:46:46.640   888   907 W ActivityManager: setHasOverlayUi called on unknown pid: 28401
04-21 09:46:46.641 28566 28566 D CompatibilityChangeReporter: Compat change id reported: 171979766; UID 10139; state: ENABLED
04-21 09:46:46.641 28566 28566 D CompatibilityChangeReporter: Compat change id reported: 242716250; UID 10139; state: ENABLED
04-21 09:46:46.641  1104  1128 V WindowManagerShell:  animated by com.android.wm.shell.transition.DefaultTransitionHandler@44941f6
04-21 09:46:46.643   888  4706 D CompatibilityChangeReporter: Compat change id reported: 170503758; UID 10139; state: ENABLED
04-21 09:46:46.646   346   346 E BpTransactionCompletedListener: Failed to transact (-32)
04-21 09:46:46.646   346   346 E BpTransactionCompletedListener: Failed to transact (-32)
04-21 09:46:46.654 28566 28566 D nativeloader: Configuring clns-6 for other apk /data/app/~~2yUhXmWZ1nR_P2fvFZkZTg==/com.impos2.mixcretailassemblyrn84-WW2nx2rej28k2CfL9aF4AA==/base.apk. target_sdk_version=36, uses_libraries=, library_path=/data/app/~~2yUhXmWZ1nR_P2fvFZkZTg==/com.impos2.mixcretailassemblyrn84-WW2nx2rej28k2CfL9aF4AA==/lib/arm64:/data/app/~~2yUhXmWZ1nR_P2fvFZkZTg==/com.impos2.mixcretailassemblyrn84-WW2nx2rej28k2CfL9aF4AA==/base.apk!/lib/arm64-v8a, permitted_path=/data:/mnt/expand:/data/user/0/com.impos2.mixcretailassemblyrn84
04-21 09:46:46.659   342   342 I android.hardware.graphics.allocator-V1-service: alloc_format: RGBA_8888 + AFBC + SPLIT + WIDE + SPARSE + Datatype: UNORM
04-21 09:46:46.659   342   342 I android.hardware.graphics.allocator-V1-service: mali_gralloc_adjust_dimensions: alloc_format=RGBA_8888 + AFBC + SPLIT + WIDE + SPARSE + Datatype: UNORM usage=TEXTURE + RENDER + HWC alloc_width=1920, alloc_height=1088
04-21 09:46:46.660   342   342 I android.hardware.graphics.allocator-V1-service: Writing AFBC header layout 0 for format 1, n_headers: 8160
04-21 09:46:46.661   342   342 D android.hardware.graphics.allocator-V1-service: got new private_handle_t instance for buffer 'VRI[mixcretailassemblyrn84]#610(BLAST Consumer)610'. share_fd : 10, share_attr_fd : 11, width : 1920, height : 1080, req_format : 0x1, producer_usage : 0xb00, consumer_usage : 0xb00, , stride : 0, alloc_format_base: 1, alloc_format_modifiers: 0x04190000, size : 8486912, layer_count : 1, backing_store_id: 0x1560000604b
04-21 09:46:46.661   342   342 D android.hardware.graphics.allocator-V1-service: plane_info[0]: offset : 0, byte_stride : 7680, alloc_width : 1920, alloc_height : 1088
04-21 09:46:46.661   342   342 D android.hardware.graphics.allocator-V1-service: plane_info[1]: offset : 0, byte_stride : 0, alloc_width : 0, alloc_height : 0
04-21 09:46:46.678 28566 28566 V GraphicsEnvironment: Currently set values for:
04-21 09:46:46.678 28566 28566 V GraphicsEnvironment:   angle_gl_driver_selection_pkgs=[]
04-21 09:46:46.678 28566 28566 V GraphicsEnvironment:   angle_gl_driver_selection_values=[]
04-21 09:46:46.679 28566 28566 V GraphicsEnvironment: ANGLE GameManagerService for com.impos2.mixcretailassemblyrn84: false
04-21 09:46:46.679 28566 28566 V GraphicsEnvironment: com.impos2.mixcretailassemblyrn84 is not listed in per-application setting
04-21 09:46:46.679 28566 28566 V GraphicsEnvironment: Neither updatable production driver nor prerelease driver is supported.
04-21 09:46:46.686 28566 28566 I LoadedApk: No resource references to update in package com.sunmi
04-21 09:46:46.702 28566 28566 W SoLoader: Initializing SoLoader: 0
04-21 09:46:46.702 28566 28566 W SoLoader: Recording new base apk path: /data/app/~~2yUhXmWZ1nR_P2fvFZkZTg==/com.impos2.mixcretailassemblyrn84-WW2nx2rej28k2CfL9aF4AA==/base.apk
04-21 09:46:46.702 28566 28566 W SoLoader: Previously recorded 0 base apk paths.
04-21 09:46:46.703 28566 28566 I SoLoader: Preparing SO source: DirectorySoSource[root = /vendor/lib64 flags = 2]
04-21 09:46:46.703 28566 28566 I SoLoader: Preparing SO source: DirectorySoSource[root = /system/lib64 flags = 2]
04-21 09:46:46.703 28566 28566 I SoLoader: Preparing SO source: DirectApkSoSource[root = [/data/app/~~2yUhXmWZ1nR_P2fvFZkZTg==/com.impos2.mixcretailassemblyrn84-WW2nx2rej28k2CfL9aF4AA==/base.apk!/lib/arm64-v8a]]
04-21 09:46:46.713 28566 28566 I SoLoader: Preparing SO source: ApplicationSoSource[DirectorySoSource[root = /data/app/~~2yUhXmWZ1nR_P2fvFZkZTg==/com.impos2.mixcretailassemblyrn84-WW2nx2rej28k2CfL9aF4AA==/lib/arm64 flags = 0]]
04-21 09:46:46.713 28566 28566 I SoLoader: init finish: 4 SO sources prepared
04-21 09:46:46.713 28566 28566 W SoLoader: SoLoader initialized: 8
04-21 09:46:46.749 28566 28566 D jni_lib_merge: Entering merged library JNI_OnLoad.
04-21 09:46:46.749 28566 28566 D jni_lib_merge: Preparing 12 pre-merged libs (including stub)
04-21 09:46:46.749 28566 28566 D jni_lib_merge: Preparing to register libfabricjni_so.  onload_func: 0x7756362a50
04-21 09:46:46.750 28566 28566 D jni_lib_merge: Preparing to register libreact_devsupportjni_so.  onload_func: 0x775642636c
04-21 09:46:46.750 28566 28566 D jni_lib_merge: Preparing to register libreact_featureflagsjni_so.  onload_func: 0x7756440ba8
04-21 09:46:46.750 28566 28566 D jni_lib_merge: Preparing to register libreact_newarchdefaults_so.  onload_func: 0x775647ed74
04-21 09:46:46.750 28566 28566 D jni_lib_merge: Preparing to register libreactnativeblob_so.  onload_func: 0x775651fa4c
04-21 09:46:46.750 28566 28566 D jni_lib_merge: Preparing to register libreactnativejni_so.  onload_func: 0x77565349e4
04-21 09:46:46.750 28566 28566 D jni_lib_merge: Preparing to register libreactnativejni_common_so.  onload_func: 0x7756537be0
04-21 09:46:46.750 28566 28566 D jni_lib_merge: Preparing to register librninstance_so.  onload_func: 0x7756554778
04-21 09:46:46.750 28566 28566 D jni_lib_merge: Preparing to register libturbomodulejsijni_so.  onload_func: 0x77565fe0e0
04-21 09:46:46.750 28566 28566 D jni_lib_merge: Preparing to register libuimanagerjni_so.  onload_func: 0x7756604b00
04-21 09:46:46.750 28566 28566 D jni_lib_merge: Preparing to register libyoga_so.  onload_func: 0x775660c0c4
04-21 09:46:46.750 28566 28566 D jni_lib_merge: About to register 11 actual methods.
04-21 09:46:46.764 28566 28566 D jni_lib_merge: Entering merged library JNI_OnLoad.
04-21 09:46:46.764 28566 28566 D jni_lib_merge: Preparing 12 pre-merged libs (including stub)
04-21 09:46:46.764 28566 28566 D jni_lib_merge: Preparing to register libfabricjni_so.  onload_func: 0x7756362a50
04-21 09:46:46.764 28566 28566 D jni_lib_merge: Preparing to register libreact_devsupportjni_so.  onload_func: 0x775642636c
04-21 09:46:46.764 28566 28566 D jni_lib_merge: Preparing to register libreact_featureflagsjni_so.  onload_func: 0x7756440ba8
04-21 09:46:46.764 28566 28566 D jni_lib_merge: Preparing to register libreact_newarchdefaults_so.  onload_func: 0x775647ed74
04-21 09:46:46.764 28566 28566 D jni_lib_merge: Preparing to register libreactnativeblob_so.  onload_func: 0x775651fa4c
04-21 09:46:46.764 28566 28566 D jni_lib_merge: Preparing to register libreactnativejni_so.  onload_func: 0x77565349e4
04-21 09:46:46.764 28566 28566 D jni_lib_merge: Preparing to register libreactnativejni_common_so.  onload_func: 0x7756537be0
04-21 09:46:46.764 28566 28566 D jni_lib_merge: Preparing to register librninstance_so.  onload_func: 0x7756554778
04-21 09:46:46.764 28566 28566 D jni_lib_merge: Preparing to register libturbomodulejsijni_so.  onload_func: 0x77565fe0e0
04-21 09:46:46.764 28566 28566 D jni_lib_merge: Preparing to register libuimanagerjni_so.  onload_func: 0x7756604b00
04-21 09:46:46.764 28566 28566 D jni_lib_merge: Preparing to register libyoga_so.  onload_func: 0x775660c0c4
04-21 09:46:46.764 28566 28566 D jni_lib_merge: About to register 11 actual methods.
04-21 09:46:46.769   888 11608 D WmsExtImpl: config_supportAutoRotation false
04-21 09:46:46.777 28566 28584 D vulkan  : searching for layers in '/data/app/~~2yUhXmWZ1nR_P2fvFZkZTg==/com.impos2.mixcretailassemblyrn84-WW2nx2rej28k2CfL9aF4AA==/lib/arm64'
04-21 09:46:46.777 28566 28584 D vulkan  : searching for layers in '/data/app/~~2yUhXmWZ1nR_P2fvFZkZTg==/com.impos2.mixcretailassemblyrn84-WW2nx2rej28k2CfL9aF4AA==/base.apk!/lib/arm64-v8a'
04-21 09:46:46.780 28566 28584 I mali_so : [File] : hardware/arm/mali/driver/product/base/src/mali_base_kbase.c; [Line] : 1407; [Func] : base_context_deal_with_version_affairs_rk_ext;
04-21 09:46:46.780 28566 28584 I mali_so : arm_release_ver of this mali_so is 'g25p0-00eac0', rk_so_ver is '2'.
04-21 09:46:46.780 28566 28584 I mali_so : [File] : hardware/arm/mali/driver/product/base/src/mali_base_kbase.c; [Line] : 1423; [Func] : base_context_deal_with_version_affairs_rk_ext;
04-21 09:46:46.780 28566 28584 I mali_so : arm_release_vers are match. to set the full mali_ver 'g25p0-00eac0-2' as value of 'sys.gmali.version'.
04-21 09:46:46.780 28566 28584 W libc    : Unable to set property "sys.gmali.version" to "g25p0-00eac0-2": connection failed; errno=13 (Permission denied)
04-21 09:46:46.781 28566 28566 D AppCompatDelegate: Checking for metadata for AppLocalesMetadataHolderService : Service not found
04-21 09:46:46.785 28566 28584 I mali_so : [File] : hardware/arm/mali/driver/product/base/src/mali_base_kbase.c; [Line] : 1407; [Func] : base_context_deal_with_version_affairs_rk_ext;
04-21 09:46:46.785 28566 28584 I mali_so : arm_release_ver of this mali_so is 'g25p0-00eac0', rk_so_ver is '2'.
04-21 09:46:46.785 28566 28584 I mali_so : [File] : hardware/arm/mali/driver/product/base/src/mali_base_kbase.c; [Line] : 1423; [Func] : base_context_deal_with_version_affairs_rk_ext;
04-21 09:46:46.785 28566 28584 I mali_so : arm_release_vers are match. to set the full mali_ver 'g25p0-00eac0-2' as value of 'sys.gmali.version'.
04-21 09:46:46.785 28566 28584 W libc    : Unable to set property "sys.gmali.version" to "g25p0-00eac0-2": connection failed; errno=13 (Permission denied)
04-21 09:46:46.796 28566 28566 I StartupAudit: activity_created activity=MainActivity displayIndex=0 pid=28566 time=2026-04-21 09:46:46.796
04-21 09:46:46.806   888  4706 D FileUtils: Rounded bytes from 4073672704 to 8000000000
04-21 09:46:46.825 28566 28566 D jni_lib_merge: Entering merged library JNI_OnLoad.
04-21 09:46:46.825 28566 28566 D jni_lib_merge: Preparing 4 pre-merged libs (including stub)
04-21 09:46:46.825 28566 28566 D jni_lib_merge: Preparing to register libhermes_executor_so.  onload_func: 0x775985e728
04-21 09:46:46.825 28566 28566 D jni_lib_merge: Preparing to register libhermesinstancejni_so.  onload_func: 0x7759865d44
04-21 09:46:46.825 28566 28566 D jni_lib_merge: Preparing to register libjsijniprofiler_so.  onload_func: 0x7759866530
04-21 09:46:46.825 28566 28566 D jni_lib_merge: About to register 3 actual methods.
04-21 09:46:46.827 28566 28566 I HotUpdateBundleResolver: no_active_marker isPrimaryProcess=true pid=28566
04-21 09:46:46.827 28566 28566 I MainApplication: getJSBundleFile process=com.impos2.mixcretailassemblyrn84 isPrimaryProcess=true resolvedBundle=null fallbackBundle=null selectedBundle=null
04-21 09:46:46.840 28566 28566 W unknown:BridgelessReact: ReactHost{0}.startSurface(surfaceId = 0): Schedule
04-21 09:46:46.840 28566 28566 W unknown:BridgelessReact: ReactHost{0}.attachSurface(surfaceId = 0)
04-21 09:46:46.841 28566 28600 W unknown:BridgelessReact: ReactHost{0}.getOrCreateReactInstanceTask()
04-21 09:46:46.841 28566 28600 W unknown:BridgelessReact: ReactHost{0}.getOrCreateReactInstanceTask(): Start
04-21 09:46:46.841 28566 28600 W unknown:BridgelessReact: ReactHost{0}.getJSBundleLoader()
04-21 09:46:46.842 28566 28600 W unknown:BridgelessReact: ReactHost{0}.getOrCreateReactInstanceTask(): Creating BridgelessReactContext
04-21 09:46:46.842 28566 28600 W unknown:BridgelessReact: ReactHost{0}.getOrCreateReactInstanceTask(): Creating ReactInstance
04-21 09:46:46.853   888 11608 D SunmiCustomerManagerService: onTransact
04-21 09:46:46.854   888 11608 V AtmsExtImpl_KioskMode: Kiosk Mode isKioskApp: false
04-21 09:46:46.854 28566 28566 W unknown:BridgelessReact: ReactHost{0}.onHostResume(activity)
04-21 09:46:46.854 28566 28566 W unknown:BridgelessReact: ReactHost{0}.ReactContext.onHostResume()
04-21 09:46:46.858 28566 28566 D CompatibilityChangeReporter: Compat change id reported: 237531167; UID 10139; state: DISABLED
04-21 09:46:46.859 28566 28566 W OpenGLRenderer: Unknown dataspace 0
04-21 09:46:46.864   888 11608 D ScenePolicyTrigger: activityResumed PassThronght com.impos2.mixcretailassemblyrn84
04-21 09:46:46.865   888 11608 I android_os_HwBinder: HwBinder: Starting thread pool for getting: com.sunmi.hyper_engine@1.0::IHyperEngine/default
04-21 09:46:46.865 28566 28566 D CompatibilityChangeReporter: Compat change id reported: 210923482; UID 10139; state: ENABLED
04-21 09:46:46.865   684   684 I HyperEngine: notifyHyperFactor {"para1":"10","para2":"10","appInfo":{"packageName":"com.impos2.mixcretailassemblyrn84","pid":28566}}
04-21 09:46:46.866   684   684 I HyperEngine: last packageName: com.android.settings
04-21 09:46:46.866   684   684 I HyperEngine: onHyperFactorChanged XmlLoader::mCurrentConfigDir = /vendor/etc/hyperengine/rk3576/
04-21 09:46:46.866   684   684 I HyperEngine: onHyperFactorChanged scenario type Normal: apply policy 0x00
04-21 09:46:46.866   684   684 I HyperEngine: applyPolicy CpusetConfig, id: 0x00
04-21 09:46:46.866   684   684 I HyperEngine: applyPolicy DeviceFreqConfig, id: 0x00
04-21 09:46:46.866   684   684 I HyperEngine: applyPolicy IOConfig, id: 0x00
04-21 09:46:46.866   684   684 I HyperEngine: applyPolicy SchedConfig, id: 0x00
04-21 09:46:46.867   684   684 I HyperEngine: requestAction : {"eventType":"WindowsAnimation","eventInfo":{"packageName":"com.impos2.mixcretailassemblyrn84"}}
04-21 09:46:46.868   888 11608 D ScenePolicyTrigger: requestAction: {"eventType":"WindowsAnimation","eventInfo":{"packageName":"com.impos2.mixcretailassemblyrn84"}}
04-21 09:46:46.870   888 11608 I android_os_HwBinder: HwBinder: Starting thread pool for getting: com.sunmi.hyper_engine@1.0::IHyperEngine/default
04-21 09:46:46.870   684   684 I HyperEngine: requestAction : {"eventType":"SqliteMode","eventInfo":{"packageName":"com.impos2.mixcretailassemblyrn84"}}
04-21 09:46:46.871   888 11608 I ScenePolicyTrigger: isSqliteMode return:{"method":"SqliteMode","return_code":false,"return_msg":"ok"}
04-21 09:46:46.896 28566 28600 W unknown:BridgelessReact: ReactHost{0}.getOrCreateReactInstanceTask(): Loading JS Bundle
04-21 09:46:46.897 28566 28600 W unknown:BridgelessReact: ReactHost{0}.getOrCreateReactInstanceTask(): DevSupportManager.onNewReactContextCreated()
04-21 09:46:46.897 28566 28600 W unknown:BridgelessReact: ReactHost{0}.startSurface(surfaceId = 0): Execute
04-21 09:46:46.899   888 11608 D CoreBackPreview: Window{2a79b62 u0 com.impos2.mixcretailassemblyrn84/com.impos2.mixcretailassemblyrn84.MainActivity}: Setting back callback OnBackInvokedCallbackInfo{mCallback=android.window.IOnBackInvokedCallback$Stub$Proxy@617c5b0, mPriority=0, mIsAnimationCallback=false}
04-21 09:46:46.907 28566 28601 I ReactNativeJS: Running "MixcRetailAssemblyRN84"
04-21 09:46:46.914 28566 28601 W unknown:ViewManagerPropertyUpdater: Could not find generated setter for class com.horcrux.svg.RenderableViewManager$DefsViewManager
04-21 09:46:46.918 28566 28601 W unknown:ViewManagerPropertyUpdater: Could not find generated setter for class com.horcrux.svg.VirtualViewManager$c
04-21 09:46:46.921   287   287 I hwservicemanager: getTransport: Cannot find entry android.hardware.graphics.allocator@4.0::IAllocator/default in either framework or device VINTF manifest.
04-21 09:46:46.923   342   342 I android.hardware.graphics.allocator-V1-service: alloc_format: RGBA_8888 + AFBC + SPLIT + WIDE + SPARSE + Datatype: UNORM
04-21 09:46:46.923   342   342 I android.hardware.graphics.allocator-V1-service: mali_gralloc_adjust_dimensions: alloc_format=RGBA_8888 + AFBC + SPLIT + WIDE + SPARSE + Datatype: UNORM usage=TEXTURE + RENDER + HWC alloc_width=1920, alloc_height=1088
04-21 09:46:46.924 28566 28601 W unknown:ViewManagerPropertyUpdater: Could not find generated setter for class com.horcrux.svg.RenderableViewManager$FeMergeManager
04-21 09:46:46.925   342   342 I android.hardware.graphics.allocator-V1-service: Writing AFBC header layout 0 for format 1, n_headers: 8160
04-21 09:46:46.925   342   342 D android.hardware.graphics.allocator-V1-service: got new private_handle_t instance for buffer 'VRI[MainActivity]#0(BLAST Consumer)0'. share_fd : 10, share_attr_fd : 11, width : 1920, height : 1080, req_format : 0x1, producer_usage : 0xb00, consumer_usage : 0xb00, , stride : 0, alloc_format_base: 1, alloc_format_modifiers: 0x04190000, size : 8486912, layer_count : 1, backing_store_id: 0x1560000604c
04-21 09:46:46.925   342   342 D android.hardware.graphics.allocator-V1-service: plane_info[0]: offset : 0, byte_stride : 7680, alloc_width : 1920, alloc_height : 1088
04-21 09:46:46.925   342   342 D android.hardware.graphics.allocator-V1-service: plane_info[1]: offset : 0, byte_stride : 0, alloc_width : 0, alloc_height : 0
04-21 09:46:46.926   342   342 I android.hardware.graphics.allocator-V1-service: alloc_format: RGBA_8888 + AFBC + SPLIT + WIDE + SPARSE + Datatype: UNORM
04-21 09:46:46.926   342   342 I android.hardware.graphics.allocator-V1-service: mali_gralloc_adjust_dimensions: alloc_format=RGBA_8888 + AFBC + SPLIT + WIDE + SPARSE + Datatype: UNORM usage=TEXTURE + RENDER + HWC alloc_width=1920, alloc_height=1088
04-21 09:46:46.926 28566 28601 W unknown:ViewManagerPropertyUpdater: Could not find generated setter for class com.facebook.react.views.safeareaview.ReactSafeAreaViewManager
04-21 09:46:46.926 28566 28601 W unknown:ViewManagerPropertyUpdater: Could not find generated setter for class com.facebook.react.uimanager.V
04-21 09:46:46.927   342   342 I android.hardware.graphics.allocator-V1-service: Writing AFBC header layout 0 for format 1, n_headers: 8160
04-21 09:46:46.928   342   342 D android.hardware.graphics.allocator-V1-service: got new private_handle_t instance for buffer 'VRI[MainActivity]#0(BLAST Consumer)0'. share_fd : 10, share_attr_fd : 11, width : 1920, height : 1080, req_format : 0x1, producer_usage : 0xb00, consumer_usage : 0xb00, , stride : 0, alloc_format_base: 1, alloc_format_modifiers: 0x04190000, size : 8486912, layer_count : 1, backing_store_id: 0x1560000604d
04-21 09:46:46.928   342   342 D android.hardware.graphics.allocator-V1-service: plane_info[0]: offset : 0, byte_stride : 7680, alloc_width : 1920, alloc_height : 1088
04-21 09:46:46.928   342   342 D android.hardware.graphics.allocator-V1-service: plane_info[1]: offset : 0, byte_stride : 0, alloc_width : 0, alloc_height : 0
04-21 09:46:46.928   342   342 I android.hardware.graphics.allocator-V1-service: alloc_format: RGBA_8888 + AFBC + SPLIT + WIDE + SPARSE + Datatype: UNORM
04-21 09:46:46.928   342   342 I android.hardware.graphics.allocator-V1-service: mali_gralloc_adjust_dimensions: alloc_format=RGBA_8888 + AFBC + SPLIT + WIDE + SPARSE + Datatype: UNORM usage=TEXTURE + RENDER + HWC alloc_width=1920, alloc_height=1088
04-21 09:46:46.930 28566 28601 W unknown:ViewManagerPropertyUpdater: Could not find generated setter for class com.horcrux.svg.RenderableViewManager$LinearGradientManager
04-21 09:46:46.930   342   342 I android.hardware.graphics.allocator-V1-service: Writing AFBC header layout 0 for format 1, n_headers: 8160
04-21 09:46:46.930   342   342 D android.hardware.graphics.allocator-V1-service: got new private_handle_t instance for buffer 'VRI[MainActivity]#0(BLAST Consumer)0'. share_fd : 10, share_attr_fd : 11, width : 1920, height : 1080, req_format : 0x1, producer_usage : 0xb00, consumer_usage : 0xb00, , stride : 0, alloc_format_base: 1, alloc_format_modifiers: 0x04190000, size : 8486912, layer_count : 1, backing_store_id: 0x1560000604e
04-21 09:46:46.930   342   342 D android.hardware.graphics.allocator-V1-service: plane_info[0]: offset : 0, byte_stride : 7680, alloc_width : 1920, alloc_height : 1088
04-21 09:46:46.930   342   342 D android.hardware.graphics.allocator-V1-service: plane_info[1]: offset : 0, byte_stride : 0, alloc_width : 0, alloc_height : 0
04-21 09:46:46.933 28566 28601 W unknown:ViewManagerPropertyUpdater: Could not find generated setter for class com.horcrux.svg.RenderableViewManager$FeGaussianBlurManager
04-21 09:46:46.936 28566 28601 W unknown:ViewManagerPropertyUpdater: Could not find generated setter for class com.facebook.react.views.progressbar.ReactProgressBarViewManager
04-21 09:46:46.937 28566 28601 W unknown:ViewManagerPropertyUpdater: Could not find generated setter for class com.facebook.react.views.progressbar.b
04-21 09:46:46.939 28566 28601 W unknown:ViewManagerPropertyUpdater: Could not find generated setter for class com.facebook.react.views.scroll.ReactHorizontalScrollViewManager
04-21 09:46:46.943 28566 28601 W unknown:ViewManagerPropertyUpdater: Could not find generated setter for class com.facebook.react.views.text.ReactTextViewManager
04-21 09:46:46.944 28566 28601 W unknown:ViewManagerPropertyUpdater: Could not find generated setter for class com.facebook.react.views.text.j
04-21 09:46:46.947 28566 28601 W unknown:ViewManagerPropertyUpdater: Could not find generated setter for class com.horcrux.svg.RenderableViewManager$FeColorMatrixManager
04-21 09:46:46.950 28566 28601 W unknown:ViewManagerPropertyUpdater: Could not find generated setter for class com.facebook.react.views.scroll.ReactHorizontalScrollContainerViewManager
04-21 09:46:46.955 28566 28601 W unknown:ViewManagerPropertyUpdater: Could not find generated setter for class com.horcrux.svg.RenderableViewManager$ClipPathViewManager
04-21 09:46:46.959 28566 28601 W unknown:ViewManagerPropertyUpdater: Could not find generated setter for class com.horcrux.svg.RenderableViewManager$SymbolManager
04-21 09:46:46.962 28566 28601 W unknown:ViewManagerPropertyUpdater: Could not find generated setter for class com.horcrux.svg.RenderableViewManager$PatternManager
04-21 09:46:46.967 28566 28601 W unknown:ViewManagerPropertyUpdater: Could not find generated setter for class com.horcrux.svg.RenderableViewManager$FeBlendManager
04-21 09:46:46.969 28566 28601 W unknown:ViewManagerPropertyUpdater: Could not find generated setter for class com.facebook.react.views.view.ReactViewManager
04-21 09:46:46.972 28566 28601 W unknown:ViewManagerPropertyUpdater: Could not find generated setter for class com.horcrux.svg.SvgViewManager
04-21 09:46:46.975 28566 28601 W unknown:ViewManagerPropertyUpdater: Could not find generated setter for class com.facebook.react.views.switchview.ReactSwitchManager
04-21 09:46:46.976 28566 28601 W unknown:ViewManagerPropertyUpdater: Could not find generated setter for class com.facebook.react.views.switchview.d
04-21 09:46:46.979 28566 28601 W unknown:ViewManagerPropertyUpdater: Could not find generated setter for class com.horcrux.svg.RenderableViewManager$UseViewManager
04-21 09:46:46.979 28566 28566 W unknown:BridgelessReact: ReactHost{0}.ReactContext.onHostResume()
04-21 09:46:46.979 28566 28566 W unknown:BridgelessReact: ReactHost{0}.getOrCreateReactInstanceTask(): Executing ReactInstanceEventListeners
04-21 09:46:46.980 28566 28566 W unknown:ViewManagerPropertyUpdater: Could not find generated setter for class com.facebook.react.uimanager.RootViewManager
04-21 09:46:46.983 28566 28601 W unknown:ViewManagerPropertyUpdater: Could not find generated setter for class com.horcrux.svg.RenderableViewManager$CircleViewManager
04-21 09:46:46.985   888   904 I ActivityTaskManager: Displayed com.impos2.mixcretailassemblyrn84/.MainActivity for user 0: +458ms
