04-21 09:46:47.293 28566 28602 D nativeloader: InitVndkspLibrariesProduct: android.hardware.common-V2-ndk.so:android.hardware.common.fmq-V1-ndk.so:android.hardware.graphics.allocator-V2-ndk.so:android.hardware.graphics.common-V4-ndk.so:android.hardware.graphics.common@1.0.so:android.hardware.graphics.common@1.1.so:android.hardware.graphics.common@1.2.so:android.hardware.graphics.composer3-V1-ndk.so:android.hardware.graphics.mapper@2.0.so:android.hardware.graphics.mapper@2.1.so:android.hardware.graphics.mapper@3.0.so:android.hardware.graphics.mapper@4.0.so:android.hardware.renderscript@1.0.so:android.hidl.memory.token@1.0.so:android.hidl.memory@1.0-impl.so:android.hidl.memory@1.0.so:android.hidl.safe_union@1.0.so:libRSCpuRef.so:libRSDriver.so:libRS_internal.so:libbase.so:libbcinfo.so:libblas.so:libc++.so:libcompiler_rt.so:libcutils.so:libdmabufheap.so:libgralloctypes.so:libhardware.so:libhidlbase.so:libhidlmemory.so:libion.so:libjsoncpp.so:liblzma.so:libprocessgroup.so:libunwindstack.so:libutils.so:libutilscallstack.so:libz.so
04-21 09:46:47.306 28566 28602 I cr_WVCFactoryProvider: Loaded version=116.0.5845.195 minSdkVersion=1 isBundle=false multiprocess=true packageId=2
04-21 09:46:47.320 28566 28602 I cr_LibraryLoader: Successfully loaded native library
04-21 09:46:47.321 28566 28602 I cr_CachingUmaRecorder: Flushed 7 samples from 7 histograms, 0 samples were dropped.
04-21 09:46:47.328 28566 28602 I assembly.kernel.base.runtime-shell-v2.application.KernelRuntimeAppV2: [runtime.load] kernel runtime app v2 started {"runtimeName":"assembly.android.mixc-retail-rn84","moduleDescriptors":[{"moduleName":"assembly.android.mixc-retail-rn84","packageVersion":"1.0.0","dependencies":[],"stateSliceNames":[],"commandNames":[],"actorKeys":["assembly.android.mixc-retail-rn84.AssemblyRuntimeInitializeActor"],"errorKeys":[],"parameterKeys":[],"hasInstall":true,"hasPreSetup":true},{"moduleName":"kernel.base.topology-runtime-v3","packageVersion":"0.0.1","dependencies":[],"stateSliceNames":["kernel.base.topology-runtime-v3.config","kernel.base.topology-runtime-v3.context","kernel.base.topology-runtime-v3.connection","kernel.base.topology-runtime-v3.peer","kernel.base.topology-runtime-v3.sync","kernel.base.topology-runtime-v3.request-mirror","kernel.base.topology-runtime-v3.demo.master","kernel.base.topology-runtime-v3.demo.slave"],"commandNames":["kernel.base.topology-runtime-v3.set-instance-mode","kernel.base.topology-runtime-v3.set-display-mode","kernel.base.topology-runtime-v3.set-enable-slave","kernel.base.topology-runtime-v3.set-master-locator","kernel.base.topology-runtime-v3.clear-master-locator","kernel.base.topology-runtime-v3.refresh-topology-context","kernel.base.topology-runtime-v3.start-topology-connection","kernel.base.topology-runtime-v3.stop-topology-connection","kernel.base.topology-runtime-v3.restart-topology-connection","kernel.base.topology-runtime-v3.upsert-demo-master-entry","kernel.base.topology-runtime-v3.remove-demo-master-entry","kernel.base.topology-runtime-v3.reset-demo-master-state","kernel.base.topology-runtime-v3.upsert-demo-slave-entry","kernel.base.topology-runtime-v3.remove-demo-slave-entry","kernel.base.topology-runtime-v3.reset-demo-slave-state"],"actorKeys":["kernel.base.topology-runtime-v3.TopologyContextActor","kernel.base.topology-runtime-v3.TopologyConnectionActor","kernel.base.topology-runtime-v3.TopologyDemoSyncActor"],"errorKeys":["kernel.base.topology-runtime-v3.display_context_required","kernel.base.topology-runtime-v3.orchestrator_required","kernel.base.topology-runtime-v3.socket_binding_required","kernel.base.topology-runtime-v3.hello_runtime_required","kernel.base.topology-runtime-v3.action_not_allowed"],"parameterKeys":["kernel.base.topology-runtime-v3.reconnect-interval-ms"],"hasInstall":true,"hasPreSetup":true},{"moduleName":"kernel.base.tcp-control-runtime-v2","packageVersion":"0.0.1","dependencies":[],"stateSliceNames":["kernel.base.tcp-control-runtime-v2.identity","kernel.base.tcp-control-runtime-v2.credential","kernel.base.tcp-control-runtime-v2.binding","kernel.base.tcp-control-runtime-v2.sandbox","kernel.base.tcp-control-runtime-v2.runtime"],"commandNames":["kernel.base.tcp-control-runtime-v2.bootstrap-tcp-control","kernel.base.tcp-control-runtime-v2.bootstrap-tcp-control-succeeded","kernel.base.tcp-control-runtime-v2.activate-terminal","kernel.base.tcp-control-runtime-v2.activate-terminal-succeeded","kernel.base.tcp-control-runtime-v2.refresh-credential","kernel.base.tcp-control-runtime-v2.credential-refreshed","kernel.base.tcp-control-runtime-v2.deactivate-terminal","kernel.base.tcp-control-runtime-v2.deactivate-terminal-succeeded","kernel.base.tcp-control-runtime-v2.report-task-result","kernel.base.tcp-control-runtime-v2.task-result-reported","kernel.base.tcp-control-runtime-v2.reset-tcp-control"],"actorKeys":["kernel.base.tcp-control-runtime-v2.TcpBootstrapActor","kernel.base.tcp-control-runtime-v2.TcpActivationActor","kernel.base.tcp-control-runtime-v2.TcpCredentialActor","kernel.base.tcp-control-runtime-v2.TcpDeactivationActor","kernel.base.tcp-control-runtime-v2.TcpTaskReportActor","kernel.base.tcp-control-runtime-v2.TcpStateMutationActor"],"errorKeys":["kernel.base.tcp-control-runtime-v2.activation_code_invalid","kernel.base.tcp-control-runtime-v2.activation_failed","kernel.base.tcp-control-runtime-v2.credential_missing","kernel.base.tcp-control-runtime-v2.credential_expired","kernel.base.tcp-control-runtime-v2.refresh_failed","kernel.base.tcp
04-21 09:46:47.330 28566 28633 D TrafficStats: tagSocket(147) with statsTag=0xffffffff, statsUid=-1
04-21 09:46:47.332 28566 28619 D TrafficStats: tagSocket(148) with statsTag=0xffffffff, statsUid=-1
04-21 09:46:47.333 28566 28602 I MMKV    : <MMKV_IO.cpp:609::writeActualSize> [mixc-retail-assembly-rn84::state] increase sequence to 85, crc 3191589568, actualSize 14486
04-21 09:46:47.333 28566 28602 I MMKV    : <MMKV.cpp:1208::sync> MMKV::sync, SyncFlag = 1
04-21 09:46:47.341 28566 28602 I MMKV    : <MMKV_IO.cpp:609::writeActualSize> [mixc-retail-assembly-rn84::state] increase sequence to 86, crc 2167054368, actualSize 14486
04-21 09:46:47.341 28566 28602 I MMKV    : <MMKV.cpp:1208::sync> MMKV::sync, SyncFlag = 1
04-21 09:46:47.342 28566 28602 I assembly.android.mixc-retail-rn84.boot: {"stage":"runtime.start:done","displayIndex":0,"displayCount":2,"topologyRole":"master","topologyWsUrl":"ws://127.0.0.1:8888/mockMasterServer/ws"}
04-21 09:46:47.343 28566 28602 D TrafficStats: tagSocket(149) with statsTag=0xffffffff, statsUid=-1
04-21 09:46:47.343 28566 28602 I assembly.assembly.android.mixc-retail-rn84: [assembly.topology] Native topology host already matches desired lifecycle state {"displayCount":2,"displayIndex":0,"deviceId":"2N4QS8GYRS","instanceMode":"MASTER","enableSlave":true,"running":false,"reason":"not-master-or-single-primary-host"}
04-21 09:46:47.344 28566 28602 I assembly.assembly.android.mixc-retail-rn84: [assembly.topology] Native topology host already matches desired lifecycle state {"displayCount":2,"displayIndex":0,"deviceId":"2N4QS8GYRS","instanceMode":"MASTER","enableSlave":true,"running":false,"reason":"not-master-or-single-primary-host"}
04-21 09:46:47.352 28566 28602 I assembly.android.mixc-retail-rn84.boot: {"stage":"automation.host:start","displayIndex":0,"displayCount":2,"topologyRole":"master","topologyWsUrl":"ws://127.0.0.1:8888/mockMasterServer/ws","target":"primary","host":"127.0.0.1","port":18584}
04-21 09:46:47.357 28566 28602 I assembly.assembly.android.mixc-retail-rn84: [assembly.topology] Native topology host already matches desired lifecycle state {"displayCount":2,"displayIndex":0,"deviceId":"2N4QS8GYRS","instanceMode":"MASTER","enableSlave":true,"running":false,"reason":"not-master-or-single-primary-host"}
04-21 09:46:47.357 28566 28602 I assembly.assembly.android.mixc-retail-rn84: [assembly.topology] Native topology host already matches desired lifecycle state {"displayCount":2,"displayIndex":0,"deviceId":"2N4QS8GYRS","instanceMode":"MASTER","enableSlave":true,"running":false,"reason":"not-master-or-single-primary-host"}
04-21 09:46:47.357 28566 28602 I assembly.assembly.android.mixc-retail-rn84: [assembly.topology] Native topology host already matches desired lifecycle state {"displayCount":2,"displayIndex":0,"deviceId":"2N4QS8GYRS","instanceMode":"MASTER","enableSlave":true,"running":false,"reason":"not-master-or-single-primary-host"}
04-21 09:46:47.362 28566 28602 I MMKV    : <MMKV_IO.cpp:609::writeActualSize> [mixc-retail-assembly-rn84::state] increase sequence to 87, crc 3400183564, actualSize 14486
04-21 09:46:47.362 28566 28602 I MMKV    : <MMKV.cpp:1208::sync> MMKV::sync, SyncFlag = 1
04-21 09:46:47.371 28566 28602 I MMKV    : <MMKV_IO.cpp:609::writeActualSize> [mixc-retail-assembly-rn84::state] increase sequence to 88, crc 448231242, actualSize 14486
04-21 09:46:47.371 28566 28602 I MMKV    : <MMKV.cpp:1208::sync> MMKV::sync, SyncFlag = 1
04-21 09:46:47.380 28566 28602 I MMKV    : <MMKV_IO.cpp:609::writeActualSize> [mixc-retail-assembly-rn84::state] increase sequence to 89, crc 3938419895, actualSize 14486
04-21 09:46:47.380 28566 28602 I MMKV    : <MMKV.cpp:1208::sync> MMKV::sync, SyncFlag = 1
04-21 09:46:47.388 28566 28602 I MMKV    : <MMKV_IO.cpp:609::writeActualSize> [mixc-retail-assembly-rn84::state] increase sequence to 90, crc 2167054368, actualSize 14486
04-21 09:46:47.388 28566 28602 I MMKV    : <MMKV.cpp:1208::sync> MMKV::sync, SyncFlag = 1
04-21 09:46:47.445 28566 28602 I MMKV    : <MMKV_IO.cpp:609::writeActualSize> [mixc-retail-assembly-rn84::state] increase sequence to 91, crc 3400183564, actualSize 14486
04-21 09:46:47.445 28566 28602 I MMKV    : <MMKV.cpp:1208::sync> MMKV::sync, SyncFlag = 1
04-21 09:46:47.453 28566 28602 I MMKV    : <MMKV_IO.cpp:609::writeActualSize> [mixc-retail-assembly-rn84::state] increase sequence to 92, crc 448231242, actualSize 14486
04-21 09:46:47.453 28566 28602 I MMKV    : <MMKV.cpp:1208::sync> MMKV::sync, SyncFlag = 1
04-21 09:46:47.463 28566 28602 I MMKV    : <MMKV_IO.cpp:609::writeActualSize> [mixc-retail-assembly-rn84::state] increase sequence to 93, crc 3938419895, actualSize 14486
04-21 09:46:47.463 28566 28602 I MMKV    : <MMKV.cpp:1208::sync> MMKV::sync, SyncFlag = 1
04-21 09:46:47.474 28566 28602 I MMKV    : <MMKV_IO.cpp:609::writeActualSize> [mixc-retail-assembly-rn84::state] increase sequence to 94, crc 2167054368, actualSize 14486
04-21 09:46:47.474 28566 28602 I MMKV    : <MMKV.cpp:1208::sync> MMKV::sync, SyncFlag = 1
04-21 09:46:47.487 28566 28602 I MMKV    : <MMKV_IO.cpp:609::writeActualSize> [mixc-retail-assembly-rn84::state] increase sequence to 95, crc 3400183564, actualSize 14486
04-21 09:46:47.487 28566 28602 I MMKV    : <MMKV.cpp:1208::sync> MMKV::sync, SyncFlag = 1
04-21 09:46:47.496 28566 28602 I MMKV    : <MMKV_IO.cpp:609::writeActualSize> [mixc-retail-assembly-rn84::state] increase sequence to 96, crc 448231242, actualSize 14486
04-21 09:46:47.496 28566 28602 I MMKV    : <MMKV.cpp:1208::sync> MMKV::sync, SyncFlag = 1
04-21 09:46:47.505 28566 28602 I MMKV    : <MMKV_IO.cpp:609::writeActualSize> [mixc-retail-assembly-rn84::state] increase sequence to 97, crc 3938419895, actualSize 14486
04-21 09:46:47.505 28566 28602 I MMKV    : <MMKV.cpp:1208::sync> MMKV::sync, SyncFlag = 1
04-21 09:46:47.517 28566 28602 I MMKV    : <MMKV_IO.cpp:609::writeActualSize> [mixc-retail-assembly-rn84::state] increase sequence to 98, crc 2167054368, actualSize 14486
04-21 09:46:47.517 28566 28602 I MMKV    : <MMKV.cpp:1208::sync> MMKV::sync, SyncFlag = 1
04-21 09:46:47.531 28566 28602 I MMKV    : <MMKV_IO.cpp:609::writeActualSize> [mixc-retail-assembly-rn84::state] increase sequence to 99, crc 3400183564, actualSize 14486
04-21 09:46:47.531 28566 28602 I MMKV    : <MMKV.cpp:1208::sync> MMKV::sync, SyncFlag = 1
04-21 09:46:47.544 28566 28602 I MMKV    : <MMKV_IO.cpp:609::writeActualSize> [mixc-retail-assembly-rn84::state] increase sequence to 100, crc 448231242, actualSize 14486
04-21 09:46:47.544 28566 28602 I MMKV    : <MMKV.cpp:1208::sync> MMKV::sync, SyncFlag = 1
04-21 09:46:47.554 28566 28602 I MMKV    : <MMKV_IO.cpp:609::writeActualSize> [mixc-retail-assembly-rn84::state] increase sequence to 101, crc 3938419895, actualSize 14486
04-21 09:46:47.554 28566 28602 I MMKV    : <MMKV.cpp:1208::sync> MMKV::sync, SyncFlag = 1
04-21 09:46:47.565 28566 28602 I MMKV    : <MMKV_IO.cpp:609::writeActualSize> [mixc-retail-assembly-rn84::state] increase sequence to 102, crc 2167054368, actualSize 14486
04-21 09:46:47.565 28566 28602 I MMKV    : <MMKV.cpp:1208::sync> MMKV::sync, SyncFlag = 1
04-21 09:46:47.579 28566 28602 I MMKV    : <MMKV_IO.cpp:609::writeActualSize> [mixc-retail-assembly-rn84::state] increase sequence to 103, crc 3400183564, actualSize 14486
04-21 09:46:47.579 28566 28602 I MMKV    : <MMKV.cpp:1208::sync> MMKV::sync, SyncFlag = 1
04-21 09:46:47.587 28566 28602 I MMKV    : <MMKV_IO.cpp:609::writeActualSize> [mixc-retail-assembly-rn84::state] increase sequence to 104, crc 448231242, actualSize 14486
04-21 09:46:47.587 28566 28602 I MMKV    : <MMKV.cpp:1208::sync> MMKV::sync, SyncFlag = 1
04-21 09:46:47.597 28566 28602 I MMKV    : <MMKV_IO.cpp:609::writeActualSize> [mixc-retail-assembly-rn84::state] increase sequence to 105, crc 3938419895, actualSize 14486
04-21 09:46:47.597 28566 28602 I MMKV    : <MMKV.cpp:1208::sync> MMKV::sync, SyncFlag = 1
04-21 09:46:47.606 28566 28602 I MMKV    : <MMKV_IO.cpp:609::writeActualSize> [mixc-retail-assembly-rn84::state] increase sequence to 106, crc 2167054368, actualSize 14486
04-21 09:46:47.606 28566 28602 I MMKV    : <MMKV.cpp:1208::sync> MMKV::sync, SyncFlag = 1
04-21 09:46:47.621 28566 28602 I MMKV    : <MMKV_IO.cpp:609::writeActualSize> [mixc-retail-assembly-rn84::state] increase sequence to 107, crc 3400183564, actualSize 14486
04-21 09:46:47.621 28566 28602 I MMKV    : <MMKV.cpp:1208::sync> MMKV::sync, SyncFlag = 1
04-21 09:46:47.630 28566 28602 I MMKV    : <MMKV_IO.cpp:609::writeActualSize> [mixc-retail-assembly-rn84::state] increase sequence to 108, crc 448231242, actualSize 14486
04-21 09:46:47.630 28566 28602 I MMKV    : <MMKV.cpp:1208::sync> MMKV::sync, SyncFlag = 1
04-21 09:46:47.635 28566 28602 I assembly.android.mixc-retail-rn84.boot: {"stage":"app-load-complete:start","displayIndex":0}
04-21 09:46:47.635 28566 28602 I StartupAudit: app_load_complete displayIndex=0 pid=28566 time=2026-04-21 09:46:47.635
04-21 09:46:47.635 28566 28602 I StartupAudit: secondary_launch_scheduled pid=28566 time=2026-04-21 09:46:47.635
04-21 09:46:47.638 28566 28602 I assembly.android.mixc-retail-rn84.boot: {"stage":"app-load-complete:done","displayIndex":0}
04-21 09:46:48.563   888  1023 E WifiStaIfaceAidlImpl: getLinkLayerStats failed with service-specific exception: android.os.ServiceSpecificException: unknown error (code 9)
04-21 09:46:50.386   888  1819 E TaskPersister: File error accessing recents directory (directory doesn't exist?).
04-21 09:46:50.639 28566 28566 I StartupAudit: secondary_launch_attempt displayCount=2 displayId=2 pid=28566 time=2026-04-21 09:46:50.638
04-21 09:46:50.642   888  4706 W APP_LOCK: ===isSecureForCommon  defaultLauncher:null===
04-21 09:46:50.642   888  4706 W APP_LOCK: ===isSecureForCommon  callingPackage:com.impos2.mixcretailassemblyrn84===
04-21 09:46:50.642   888  4706 W APP_LOCK: ===isSecureForCommon  === defaultLauncher:com.android.launcher3===
04-21 09:46:50.642   888  4706 W APP_LOCK: ===isSecureForCommon  isDefaultApp:false=== packageName : com.impos2.mixcretailassemblyrn84
04-21 09:46:50.664   688   688 W android.hardwar: type=1400 audit(0.0:8695): avc:  denied  { read } for  name="u:object_r:vendor_sculptor_prop:s0" dev="tmpfs" ino=383 scontext=u:r:hal_power_default:s0 tcontext=u:object_r:vendor_sculptor_prop:s0 tclass=file permissive=0
04-21 09:46:50.644   888  4706 I Camera  : callprocess:com.impos2.mixcretailassemblyrn84
04-21 09:46:50.651   888  4706 E ActivityTaskManager: startResult ================ 0
04-21 09:46:50.667   688   688 W libc    : Access denied finding property "vendor.sculptor.enable"
04-21 09:46:50.670   888  4706 I Camera  : callprocess:com.impos2.mixcretailassemblyrn84
04-21 09:46:50.670   888  4706 I APP_LOCK: com.impos2.mixcretailassemblyrn84 common is  not locked
04-21 09:46:50.671   888  4706 W APP_LOCK:   isCustomizedAppLockEnabled is false
04-21 09:46:50.673   888  4706 I Camera  : callprocess:com.impos2.mixcretailassemblyrn84
04-21 09:46:50.674   888  4706 D WmsExtImpl: config_supportAutoRotation false
04-21 09:46:50.678  1104  1128 V WindowManagerShell: Transition requested: android.os.BinderProxy@e890e8a TransitionRequestInfo { type = 1, triggerTask = TaskInfo{userId=0 taskId=223 displayId=2 isRunning=true baseIntent=Intent { flg=0x18000000 cmp=com.impos2.mixcretailassemblyrn84/.SecondaryActivity } baseActivity=ComponentInfo{com.impos2.mixcretailassemblyrn84/com.impos2.mixcretailassemblyrn84.SecondaryActivity} topActivity=ComponentInfo{com.impos2.mixcretailassemblyrn84/com.impos2.mixcretailassemblyrn84.SecondaryActivity} origActivity=null realActivity=ComponentInfo{com.impos2.mixcretailassemblyrn84/com.impos2.mixcretailassemblyrn84.SecondaryActivity} numActivities=1 lastActiveTime=4808060868 supportsMultiWindow=true resizeMode=1 isResizeable=true minWidth=-1 minHeight=-1 defaultMinSize=220 token=WCT{android.window.IWindowContainerToken$Stub$Proxy@b856cfb} topActivityType=1 pictureInPictureParams=null shouldDockBigOverlays=false launchIntoPipHostTaskId=-1 lastParentTaskIdBeforePip=-1 displayCutoutSafeInsets=null topActivityInfo=ActivityInfo{4261118 com.impos2.mixcretailassemblyrn84.SecondaryActivity} launchCookies=[] positionInParent=Point(0, 0) parentTaskId=-1 isFocused=false isVisible=false isVisibleRequested=true isSleeping=false topActivityInSizeCompat=false topActivityEligibleForLetterboxEducation= false isLetterboxDoubleTapEnabled= false topActivityEligibleForUserAspectRatioButton= false topActivityBoundsLetterboxed= false isFromLetterboxDoubleTap= false topActivityLetterboxVerticalPosition= -1 topActivityLetterboxHorizontalPosition= -1 topActivityLetterboxWidth=-1 topActivityLetterboxHeight=-1 isUserFullscreenOverrideEnabled=false isTopActivityTransparent=false locusId=null displayAreaFeatureId=1 cameraCompatControlState=hidden}, remoteTransition = null, displayChange = null, flags = 0 }
04-21 09:46:50.680   888   918 W libprocessgroup: SetCgroup::ExecuteForProcess: failed to open /dev/stune/top-app/cgroup.procs: No such file or directory
04-21 09:46:50.681   888  4706 I ActivityTaskManager: START u0 {flg=0x18000000 cmp=com.impos2.mixcretailassemblyrn84/.SecondaryActivity} with LAUNCH_MULTIPLE from uid 10139 (BAL_ALLOW_VISIBLE_WINDOW) result code=0
04-21 09:46:50.687   888   907 D CompatibilityChangeReporter: Compat change id reported: 135634846; UID 10139; state: DISABLED
04-21 09:46:50.687   888   907 D CompatibilityChangeReporter: Compat change id reported: 177438394; UID 10139; state: DISABLED
04-21 09:46:50.687   888   907 D CompatibilityChangeReporter: Compat change id reported: 135772972; UID 10139; state: DISABLED
04-21 09:46:50.687   888   907 D CompatibilityChangeReporter: Compat change id reported: 135754954; UID 10139; state: ENABLED
04-21 09:46:50.688   888   914 D CompatibilityChangeReporter: Compat change id reported: 143937733; UID 10139; state: ENABLED
04-21 09:46:50.699   888  4056 D CoreBackPreview: Window{10a4a96 u0 Splash Screen com.impos2.mixcretailassemblyrn84}: Setting back callback OnBackInvokedCallbackInfo{mCallback=android.window.IOnBackInvokedCallback$Stub$Proxy@d4f0bed, mPriority=0, mIsAnimationCallback=false}
04-21 09:46:50.702   342   342 I android.hardware.graphics.allocator-V1-service: alloc_format: RGBA_8888 + AFBC + SPLIT + WIDE + SPARSE + Datatype: UNORM
04-21 09:46:50.702   342   342 I android.hardware.graphics.allocator-V1-service: mali_gralloc_adjust_dimensions: alloc_format=RGBA_8888 + AFBC + SPLIT + WIDE + SPARSE + Datatype: UNORM usage=TEXTURE + RENDER + HWC alloc_width=1920, alloc_height=1088
04-21 09:46:50.702   638   638 D Zygote  : Forked child process 28642
04-21 09:46:50.703   888   914 I ActivityManager: Start proc 28642:com.impos2.mixcretailassemblyrn84:secondary/u0a139 for top-activity {com.impos2.mixcretailassemblyrn84/com.impos2.mixcretailassemblyrn84.SecondaryActivity}
04-21 09:46:50.704   342   342 I android.hardware.graphics.allocator-V1-service: Writing AFBC header layout 0 for format 1, n_headers: 8160
04-21 09:46:50.704   342   342 D android.hardware.graphics.allocator-V1-service: got new private_handle_t instance for buffer 'VRI[mixcretailassemblyrn84]#611(BLAST Consumer)611'. share_fd : 10, share_attr_fd : 11, width : 1920, height : 1080, req_format : 0x1, producer_usage : 0xb00, consumer_usage : 0xb00, , stride : 0, alloc_format_base: 1, alloc_format_modifiers: 0x04190000, size : 8486912, layer_count : 1, backing_store_id: 0x15600006051
04-21 09:46:50.704   342   342 D android.hardware.graphics.allocator-V1-service: plane_info[0]: offset : 0, byte_stride : 7680, alloc_width : 1920, alloc_height : 1088
04-21 09:46:50.704   342   342 D android.hardware.graphics.allocator-V1-service: plane_info[1]: offset : 0, byte_stride : 0, alloc_width : 0, alloc_height : 0
04-21 09:46:50.705   342   342 I android.hardware.graphics.allocator-V1-service: alloc_format: RGBA_8888 + AFBC + SPLIT + WIDE + SPARSE + Datatype: UNORM
04-21 09:46:50.705   342   342 I android.hardware.graphics.allocator-V1-service: mali_gralloc_adjust_dimensions: alloc_format=RGBA_8888 + AFBC + SPLIT + WIDE + SPARSE + Datatype: UNORM usage=TEXTURE + RENDER + HWC alloc_width=1920, alloc_height=1088
04-21 09:46:50.706   342   342 I android.hardware.graphics.allocator-V1-service: Writing AFBC header layout 0 for format 1, n_headers: 8160
04-21 09:46:50.706   342   342 D android.hardware.graphics.allocator-V1-service: got new private_handle_t instance for buffer 'VRI[mixcretailassemblyrn84]#611(BLAST Consumer)611'. share_fd : 10, share_attr_fd : 11, width : 1920, height : 1080, req_format : 0x1, producer_usage : 0xb00, consumer_usage : 0xb00, , stride : 0, alloc_format_base: 1, alloc_format_modifiers: 0x04190000, size : 8486912, layer_count : 1, backing_store_id: 0x15600006052
04-21 09:46:50.706   342   342 D android.hardware.graphics.allocator-V1-service: plane_info[0]: offset : 0, byte_stride : 7680, alloc_width : 1920, alloc_height : 1088
04-21 09:46:50.706   342   342 D android.hardware.graphics.allocator-V1-service: plane_info[1]: offset : 0, byte_stride : 0, alloc_width : 0, alloc_height : 0
04-21 09:46:50.707   342   342 I android.hardware.graphics.allocator-V1-service: alloc_format: RGBA_8888 + AFBC + SPLIT + WIDE + SPARSE + Datatype: UNORM
04-21 09:46:50.707   342   342 I android.hardware.graphics.allocator-V1-service: mali_gralloc_adjust_dimensions: alloc_format=RGBA_8888 + AFBC + SPLIT + WIDE + SPARSE + Datatype: UNORM usage=TEXTURE + RENDER + HWC alloc_width=1920, alloc_height=1088
04-21 09:46:50.708   342   342 I android.hardware.graphics.allocator-V1-service: Writing AFBC header layout 0 for format 1, n_headers: 8160
04-21 09:46:50.709   342   342 D android.hardware.graphics.allocator-V1-service: got new private_handle_t instance for buffer 'VRI[mixcretailassemblyrn84]#611(BLAST Consumer)611'. share_fd : 10, share_attr_fd : 11, width : 1920, height : 1080, req_format : 0x1, producer_usage : 0xb00, consumer_usage : 0xb00, , stride : 0, alloc_format_base: 1, alloc_format_modifiers: 0x04190000, size : 8486912, layer_count : 1, backing_store_id: 0x15600006053
04-21 09:46:50.709   342   342 D android.hardware.graphics.allocator-V1-service: plane_info[0]: offset : 0, byte_stride : 7680, alloc_width : 1920, alloc_height : 1088
04-21 09:46:50.709   342   342 D android.hardware.graphics.allocator-V1-service: plane_info[1]: offset : 0, byte_stride : 0, alloc_width : 0, alloc_height : 0
04-21 09:46:50.713 28642 28642 I yrn84:secondary: Using CollectorTypeCMC GC.
04-21 09:46:50.713   346   346 I BpBinder: onLastStrongRef automatically unlinking death recipients: 
04-21 09:46:50.715  1104  1128 V WindowManagerShell: onTransitionReady android.os.BinderProxy@e890e8a: {id=629 t=OPEN f=0x0 trk=0 r=[2@Point(0, 0)] c=[{WCT{android.window.IWindowContainerToken$Stub$Proxy@f952165} m=OPEN f=NONE p=WCT{android.window.IWindowContainerToken$Stub$Proxy@bca2e3a} leash=Surface(name=Task=223)/@0xa206d2e sb=Rect(0, 0 - 1920, 1080) eb=Rect(0, 0 - 1920, 1080) d=2},{WCT{android.window.IWindowContainerToken$Stub$Proxy@a078aeb} m=TO_FRONT f=NONE leash=Surface(name=DefaultTaskDisplayArea)/@0xa6b0cf sb=Rect(0, 0 - 1920, 1080) eb=Rect(0, 0 - 1920, 1080) d=2}]}
04-21 09:46:50.715  1104  1128 V WindowManagerShell: Playing animation for (#629)android.os.BinderProxy@e890e8a@0
04-21 09:46:50.715  1104  1128 V WindowManagerShell:  try handler com.android.wm.shell.transition.DefaultMixedHandler@7b709ff
04-21 09:46:50.715  1104  1128 V WindowManagerShell:  try handler com.android.wm.shell.keyguard.KeyguardTransitionHandler@83523cc
04-21 09:46:50.715  1104  1128 V WindowManagerShell:  try handler com.android.wm.shell.pip.PipTransition@b509615
04-21 09:46:50.715  1104  1128 V WindowManagerShell:  try handler com.android.wm.shell.activityembedding.ActivityEmbeddingController@8487d2a
04-21 09:46:50.715  1104  1128 V WindowManagerShell:  try handler com.android.wm.shell.recents.RecentsTransitionHandler@57c471b
04-21 09:46:50.716  1104  1128 V ShellRecents: RecentsTransitionHandler.startAnimation: no controller found
04-21 09:46:50.716  1104  1128 V WindowManagerShell:  try handler com.android.wm.shell.splitscreen.StageCoordinator@d76b0b8
04-21 09:46:50.716  1104  1128 V WindowManagerShell:  try handler com.android.wm.shell.transition.RemoteTransitionHandler@bb17e91
04-21 09:46:50.716  1104  1128 V WindowManagerShell: Transition doesn't have explicit remote, search filters for match for {id=629 t=OPEN f=0x0 trk=0 r=[2@Point(0, 0)] c=[{WCT{android.window.IWindowContainerToken$Stub$Proxy@f952165} m=OPEN f=NONE p=WCT{android.window.IWindowContainerToken$Stub$Proxy@bca2e3a} leash=Surface(name=Task=223)/@0xa206d2e sb=Rect(0, 0 - 1920, 1080) eb=Rect(0, 0 - 1920, 1080) d=2},{WCT{android.window.IWindowContainerToken$Stub$Proxy@a078aeb} m=TO_FRONT f=NONE leash=Surface(name=DefaultTaskDisplayArea)/@0xa6b0cf sb=Rect(0, 0 - 1920, 1080) eb=Rect(0, 0 - 1920, 1080) d=2}]}
04-21 09:46:50.716  1104  1128 V WindowManagerShell:  Checking filter Pair{{types=[] flags=0x0] notFlags=0x100 checks=[{atype=home independent=true modes=[OPEN,TO_FRONT] flags=NONE mustBeTask=false order=TOP topActivity=ComponentInfo{com.android.launcher3/com.android.launcher3.uioverrides.QuickstepLauncher}},{atype=standard independent=true modes=[CLOSE,TO_BACK] flags=NONE mustBeTask=false order=ANY topActivity=null}]} RemoteTransition { remoteTransition = android.window.IRemoteTransition$Stub$Proxy@93729c5, appThread = android.app.IApplicationThread$Stub$Proxy@e94ff1a, debugName = QuickstepLaunchHome }}
04-21 09:46:50.716  1104  1128 V WindowManagerShell:  Delegate animation for #629 to null
04-21 09:46:50.716  1104  1128 V WindowManagerShell:  try handler com.android.wm.shell.transition.DefaultTransitionHandler@44941f6
04-21 09:46:50.716  1104  1128 V WindowManagerShell: start default transition animation, info = {id=629 t=OPEN f=0x0 trk=0 r=[2@Point(0, 0)] c=[{WCT{android.window.IWindowContainerToken$Stub$Proxy@f952165} m=OPEN f=NONE p=WCT{android.window.IWindowContainerToken$Stub$Proxy@bca2e3a} leash=Surface(name=Task=223)/@0xa206d2e sb=Rect(0, 0 - 1920, 1080) eb=Rect(0, 0 - 1920, 1080) d=2},{WCT{android.window.IWindowContainerToken$Stub$Proxy@a078aeb} m=TO_FRONT f=NONE leash=Surface(name=DefaultTaskDisplayArea)/@0xa6b0cf sb=Rect(0, 0 - 1920, 1080) eb=Rect(0, 0 - 1920, 1080) d=2}]}
04-21 09:46:50.716   888   904 V WindowManager: Sent Transition #629 createdAt=04-21 09:46:50.649 via request=TransitionRequestInfo { type = 1, triggerTask = TaskInfo{userId=0 taskId=223 displayId=2 isRunning=true baseIntent=Intent { flg=0x18000000 cmp=com.impos2.mixcretailassemblyrn84/.SecondaryActivity } baseActivity=ComponentInfo{com.impos2.mixcretailassemblyrn84/com.impos2.mixcretailassemblyrn84.SecondaryActivity} topActivity=ComponentInfo{com.impos2.mixcretailassemblyrn84/com.impos2.mixcretailassemblyrn84.SecondaryActivity} origActivity=null realActivity=ComponentInfo{com.impos2.mixcretailassemblyrn84/com.impos2.mixcretailassemblyrn84.SecondaryActivity} numActivities=1 lastActiveTime=4808060868 supportsMultiWindow=true resizeMode=1 isResizeable=true minWidth=-1 minHeight=-1 defaultMinSize=220 token=WCT{RemoteToken{d1d79e9 Task{d59313b #223 type=standard A=10139:com.impos2.mixcretailassemblyrn84}}} topActivityType=1 pictureInPictureParams=null shouldDockBigOverlays=false launchIntoPipHostTaskId=-1 lastParentTaskIdBeforePip=-1 displayCutoutSafeInsets=null topActivityInfo=ActivityInfo{3e8166e com.impos2.mixcretailassemblyrn84.SecondaryActivity} launchCookies=[] positionInParent=Point(0, 0) parentTaskId=-1 isFocused=false isVisible=false isVisibleRequested=true isSleeping=false topActivityInSizeCompat=false topActivityEligibleForLetterboxEducation= false isLetterboxDoubleTapEnabled= false topActivityEligibleForUserAspectRatioButton= false topActivityBoundsLetterboxed= false isFromLetterboxDoubleTap= false topActivityLetterboxVerticalPosition= -1 topActivityLetterboxHorizontalPosition= -1 topActivityLetterboxWidth=-1 topActivityLetterboxHeight=-1 isUserFullscreenOverrideEnabled=false isTopActivityTransparent=false locusId=null displayAreaFeatureId=1 cameraCompatControlState=hidden}, remoteTransition = null, displayChange = null, flags = 0 }
04-21 09:46:50.717   888   904 V WindowManager:     startWCT=WindowContainerTransaction { changes = {} hops = [] errorCallbackToken=null taskFragmentOrganizer=null }
04-21 09:46:50.717  1104  1128 V WindowManagerShell: loadAnimation: anim=android.view.animation.AnimationSet@d1cf406 animAttr=0x4 type=OPEN isEntrance=true
04-21 09:46:50.717   888   904 V WindowManager:     info={id=629 t=OPEN f=0x0 trk=0 r=[2@Point(0, 0)] c=[{WCT{RemoteToken{d1d79e9 Task{d59313b #223 type=standard A=10139:com.impos2.mixcretailassemblyrn84}}} m=OPEN f=NONE p=WCT{RemoteToken{6626e47 DefaultTaskDisplayArea@235898909}} leash=Surface(name=Task=223)/@0xc6e8cb3 sb=Rect(0, 0 - 1920, 1080) eb=Rect(0, 0 - 1920, 1080) d=2},{WCT{RemoteToken{6626e47 DefaultTaskDisplayArea@235898909}} m=TO_FRONT f=NONE leash=Surface(name=DefaultTaskDisplayArea)/@0xb1977ba sb=Rect(0, 0 - 1920, 1080) eb=Rect(0, 0 - 1920, 1080) d=2}]}
04-21 09:46:50.720   888   908 V WindowManager: Content Recording: Display 2 has content (true) so pause recording
04-21 09:46:50.720 28642 28642 E yrn84:secondary: Not starting debugger since process cannot load the jdwp agent.
04-21 09:46:50.722   888   907 I InputManager-JNI: Viewport [0] to add: local:0, isActive: true
04-21 09:46:50.722   888   907 I InputManager-JNI: Viewport [1] to add: local:1, isActive: true
04-21 09:46:50.723   888   982 I InputReader: Reconfiguring input devices, changes=DISPLAY_INFO
04-21 09:46:50.723   888   982 I InputReader: Device reconfigured: id=9, name='ilitek_second_ts', size 1920x1080, orientation 0, mode 1, display id 2
04-21 09:46:50.731   342   342 I android.hardware.graphics.allocator-V1-service: alloc_format: RGBA_8888 + Datatype: UNORM
04-21 09:46:50.731   342   342 I android.hardware.graphics.allocator-V1-service: mali_gralloc_adjust_dimensions: alloc_format=RGBA_8888 + Datatype: UNORM usage=CPU-RoWo + TEXTURE + RENDER + HWC alloc_width=1, alloc_height=1080
04-21 09:46:50.731   342   342 D android.hardware.graphics.allocator-V1-service: got new private_handle_t instance for buffer 'screenshot'. share_fd : 10, share_attr_fd : 11, width : 1, height : 1080, req_format : 0x1, producer_usage : 0xb33, consumer_usage : 0xb33, , stride : 16, alloc_format_base: 1, alloc_format_modifiers: 0x00000000, size : 69120, layer_count : 1, backing_store_id: 0x15600006054
04-21 09:46:50.731   342   342 D android.hardware.graphics.allocator-V1-service: plane_info[0]: offset : 0, byte_stride : 64, alloc_width : 1, alloc_height : 1080
04-21 09:46:50.731   342   342 D android.hardware.graphics.allocator-V1-service: plane_info[1]: offset : 0, byte_stride : 0, alloc_width : 0, alloc_height : 0
04-21 09:46:50.732   888   918 W libprocessgroup: SetCgroup::ExecuteForProcess: failed to open /dev/stune/top-app/cgroup.procs: No such file or directory
04-21 09:46:50.734 28642 28642 D CompatibilityChangeReporter: Compat change id reported: 171979766; UID 10139; state: ENABLED
04-21 09:46:50.734 28642 28642 D CompatibilityChangeReporter: Compat change id reported: 242716250; UID 10139; state: ENABLED
04-21 09:46:50.743 28642 28642 D nativeloader: Configuring clns-6 for other apk /data/app/~~2yUhXmWZ1nR_P2fvFZkZTg==/com.impos2.mixcretailassemblyrn84-WW2nx2rej28k2CfL9aF4AA==/base.apk. target_sdk_version=36, uses_libraries=, library_path=/data/app/~~2yUhXmWZ1nR_P2fvFZkZTg==/com.impos2.mixcretailassemblyrn84-WW2nx2rej28k2CfL9aF4AA==/lib/arm64:/data/app/~~2yUhXmWZ1nR_P2fvFZkZTg==/com.impos2.mixcretailassemblyrn84-WW2nx2rej28k2CfL9aF4AA==/base.apk!/lib/arm64-v8a, permitted_path=/data:/mnt/expand:/data/user/0/com.impos2.mixcretailassemblyrn84
04-21 09:46:50.754   342   342 I android.hardware.graphics.allocator-V1-service: alloc_format: RGBA_8888 + Datatype: UNORM
04-21 09:46:50.754   342   342 I android.hardware.graphics.allocator-V1-service: mali_gralloc_adjust_dimensions: alloc_format=RGBA_8888 + Datatype: UNORM usage=TEXTURE + RENDER + HWC alloc_width=144, alloc_height=1080
04-21 09:46:50.755   342   342 D android.hardware.graphics.allocator-V1-service: got new private_handle_t instance for buffer 'bbq-adapter#612(BLAST Consumer)612'. share_fd : 10, share_attr_fd : 11, width : 144, height : 1080, req_format : 0x1, producer_usage : 0xb00, consumer_usage : 0xb00, , stride : 0, alloc_format_base: 1, alloc_format_modifiers: 0x00000000, size : 622080, layer_count : 1, backing_store_id: 0x15600006055
04-21 09:46:50.755   342   342 D android.hardware.graphics.allocator-V1-service: plane_info[0]: offset : 0, byte_stride : 576, alloc_width : 144, alloc_height : 1080
04-21 09:46:50.755   342   342 D android.hardware.graphics.allocator-V1-service: plane_info[1]: offset : 0, byte_stride : 0, alloc_width : 0, alloc_height : 0
04-21 09:46:50.759  1104  1128 V WindowManagerShell:  animated by com.android.wm.shell.transition.DefaultTransitionHandler@44941f6
04-21 09:46:50.761 28642 28642 V GraphicsEnvironment: Currently set values for:
04-21 09:46:50.761 28642 28642 V GraphicsEnvironment:   angle_gl_driver_selection_pkgs=[]
04-21 09:46:50.761 28642 28642 V GraphicsEnvironment:   angle_gl_driver_selection_values=[]
04-21 09:46:50.761 28642 28642 V GraphicsEnvironment: ANGLE GameManagerService for com.impos2.mixcretailassemblyrn84: false
04-21 09:46:50.762 28642 28642 V GraphicsEnvironment: com.impos2.mixcretailassemblyrn84 is not listed in per-application setting
04-21 09:46:50.762 28642 28642 V GraphicsEnvironment: Neither updatable production driver nor prerelease driver is supported.
04-21 09:46:50.766 28642 28642 I LoadedApk: No resource references to update in package com.sunmi
04-21 09:46:50.768 28642 28642 W SoLoader: Initializing SoLoader: 0
04-21 09:46:50.768 28642 28642 W SoLoader: Recording new base apk path: /data/app/~~2yUhXmWZ1nR_P2fvFZkZTg==/com.impos2.mixcretailassemblyrn84-WW2nx2rej28k2CfL9aF4AA==/base.apk
04-21 09:46:50.768 28642 28642 W SoLoader: Previously recorded 0 base apk paths.
04-21 09:46:50.769 28642 28642 I SoLoader: Preparing SO source: DirectorySoSource[root = /vendor/lib64 flags = 2]
04-21 09:46:50.769 28642 28642 I SoLoader: Preparing SO source: DirectorySoSource[root = /system/lib64 flags = 2]
04-21 09:46:50.769 28642 28642 I SoLoader: Preparing SO source: DirectApkSoSource[root = [/data/app/~~2yUhXmWZ1nR_P2fvFZkZTg==/com.impos2.mixcretailassemblyrn84-WW2nx2rej28k2CfL9aF4AA==/base.apk!/lib/arm64-v8a]]
04-21 09:46:50.777 28642 28642 I SoLoader: Preparing SO source: ApplicationSoSource[DirectorySoSource[root = /data/app/~~2yUhXmWZ1nR_P2fvFZkZTg==/com.impos2.mixcretailassemblyrn84-WW2nx2rej28k2CfL9aF4AA==/lib/arm64 flags = 0]]
04-21 09:46:50.777 28642 28642 I SoLoader: init finish: 4 SO sources prepared
04-21 09:46:50.778 28642 28642 W SoLoader: SoLoader initialized: 8
04-21 09:46:50.808 28642 28642 D jni_lib_merge: Entering merged library JNI_OnLoad.
04-21 09:46:50.808 28642 28642 D jni_lib_merge: Preparing 12 pre-merged libs (including stub)
04-21 09:46:50.808 28642 28642 D jni_lib_merge: Preparing to register libfabricjni_so.  onload_func: 0x7757930a50
04-21 09:46:50.808 28642 28642 D jni_lib_merge: Preparing to register libreact_devsupportjni_so.  onload_func: 0x77579f436c
04-21 09:46:50.808 28642 28642 D jni_lib_merge: Preparing to register libreact_featureflagsjni_so.  onload_func: 0x7757a0eba8
04-21 09:46:50.808 28642 28642 D jni_lib_merge: Preparing to register libreact_newarchdefaults_so.  onload_func: 0x7757a4cd74
04-21 09:46:50.808 28642 28642 D jni_lib_merge: Preparing to register libreactnativeblob_so.  onload_func: 0x7757aeda4c
04-21 09:46:50.808 28642 28642 D jni_lib_merge: Preparing to register libreactnativejni_so.  onload_func: 0x7757b029e4
04-21 09:46:50.808 28642 28642 D jni_lib_merge: Preparing to register libreactnativejni_common_so.  onload_func: 0x7757b05be0
04-21 09:46:50.808 28642 28642 D jni_lib_merge: Preparing to register librninstance_so.  onload_func: 0x7757b22778
04-21 09:46:50.808 28642 28642 D jni_lib_merge: Preparing to register libturbomodulejsijni_so.  onload_func: 0x7757bcc0e0
04-21 09:46:50.808 28642 28642 D jni_lib_merge: Preparing to register libuimanagerjni_so.  onload_func: 0x7757bd2b00
04-21 09:46:50.808 28642 28642 D jni_lib_merge: Preparing to register libyoga_so.  onload_func: 0x7757bda0c4
04-21 09:46:50.808 28642 28642 D jni_lib_merge: About to register 11 actual methods.
04-21 09:46:50.821 28642 28642 D jni_lib_merge: Entering merged library JNI_OnLoad.
04-21 09:46:50.821 28642 28642 D jni_lib_merge: Preparing 12 pre-merged libs (including stub)
04-21 09:46:50.821 28642 28642 D jni_lib_merge: Preparing to register libfabricjni_so.  onload_func: 0x7757930a50
04-21 09:46:50.821 28642 28642 D jni_lib_merge: Preparing to register libreact_devsupportjni_so.  onload_func: 0x77579f436c
04-21 09:46:50.821 28642 28642 D jni_lib_merge: Preparing to register libreact_featureflagsjni_so.  onload_func: 0x7757a0eba8
04-21 09:46:50.821 28642 28642 D jni_lib_merge: Preparing to register libreact_newarchdefaults_so.  onload_func: 0x7757a4cd74
04-21 09:46:50.821 28642 28642 D jni_lib_merge: Preparing to register libreactnativeblob_so.  onload_func: 0x7757aeda4c
04-21 09:46:50.821 28642 28642 D jni_lib_merge: Preparing to register libreactnativejni_so.  onload_func: 0x7757b029e4
04-21 09:46:50.821 28642 28642 D jni_lib_merge: Preparing to register libreactnativejni_common_so.  onload_func: 0x7757b05be0
04-21 09:46:50.821 28642 28642 D jni_lib_merge: Preparing to register librninstance_so.  onload_func: 0x7757b22778
04-21 09:46:50.821 28642 28642 D jni_lib_merge: Preparing to register libturbomodulejsijni_so.  onload_func: 0x7757bcc0e0
04-21 09:46:50.821 28642 28642 D jni_lib_merge: Preparing to register libuimanagerjni_so.  onload_func: 0x7757bd2b00
04-21 09:46:50.821 28642 28642 D jni_lib_merge: Preparing to register libyoga_so.  onload_func: 0x7757bda0c4
04-21 09:46:50.821 28642 28642 D jni_lib_merge: About to register 11 actual methods.
04-21 09:46:50.824   888  8106 D WmsExtImpl: config_supportAutoRotation false
04-21 09:46:50.827   888  8106 W InputDispatcher: Focused display #2 does not have a focused window.
04-21 09:46:50.830   888   907 V WindowManager: Unknown focus tokens, dropping reportFocusChanged
04-21 09:46:50.833 28642 28660 D vulkan  : searching for layers in '/data/app/~~2yUhXmWZ1nR_P2fvFZkZTg==/com.impos2.mixcretailassemblyrn84-WW2nx2rej28k2CfL9aF4AA==/lib/arm64'
04-21 09:46:50.833 28642 28660 D vulkan  : searching for layers in '/data/app/~~2yUhXmWZ1nR_P2fvFZkZTg==/com.impos2.mixcretailassemblyrn84-WW2nx2rej28k2CfL9aF4AA==/base.apk!/lib/arm64-v8a'
04-21 09:46:50.835 28642 28660 I mali_so : [File] : hardware/arm/mali/driver/product/base/src/mali_base_kbase.c; [Line] : 1407; [Func] : base_context_deal_with_version_affairs_rk_ext;
04-21 09:46:50.835 28642 28660 I mali_so : arm_release_ver of this mali_so is 'g25p0-00eac0', rk_so_ver is '2'.
04-21 09:46:50.835 28642 28660 I mali_so : [File] : hardware/arm/mali/driver/product/base/src/mali_base_kbase.c; [Line] : 1423; [Func] : base_context_deal_with_version_affairs_rk_ext;
04-21 09:46:50.835 28642 28660 I mali_so : arm_release_vers are match. to set the full mali_ver 'g25p0-00eac0-2' as value of 'sys.gmali.version'.
04-21 09:46:50.836 28642 28660 W libc    : Unable to set property "sys.gmali.version" to "g25p0-00eac0-2": connection failed; errno=13 (Permission denied)
04-21 09:46:50.837 28642 28642 D AppCompatDelegate: Checking for metadata for AppLocalesMetadataHolderService : Service not found
04-21 09:46:50.839 28642 28660 I mali_so : [File] : hardware/arm/mali/driver/product/base/src/mali_base_kbase.c; [Line] : 1407; [Func] : base_context_deal_with_version_affairs_rk_ext;
04-21 09:46:50.839 28642 28660 I mali_so : arm_release_ver of this mali_so is 'g25p0-00eac0', rk_so_ver is '2'.
04-21 09:46:50.839 28642 28660 I mali_so : [File] : hardware/arm/mali/driver/product/base/src/mali_base_kbase.c; [Line] : 1423; [Func] : base_context_deal_with_version_affairs_rk_ext;
04-21 09:46:50.839 28642 28660 I mali_so : arm_release_vers are match. to set the full mali_ver 'g25p0-00eac0-2' as value of 'sys.gmali.version'.
04-21 09:46:50.839 28642 28660 W libc    : Unable to set property "sys.gmali.version" to "g25p0-00eac0-2": connection failed; errno=13 (Permission denied)
04-21 09:46:50.852   888  4056 D FileUtils: Rounded bytes from 4073672704 to 8000000000
04-21 09:46:50.871 28642 28642 D jni_lib_merge: Entering merged library JNI_OnLoad.
04-21 09:46:50.871 28642 28642 D jni_lib_merge: Preparing 4 pre-merged libs (including stub)
04-21 09:46:50.871 28642 28642 D jni_lib_merge: Preparing to register libhermes_executor_so.  onload_func: 0x775ac58728
04-21 09:46:50.871 28642 28642 D jni_lib_merge: Preparing to register libhermesinstancejni_so.  onload_func: 0x775ac5fd44
04-21 09:46:50.871 28642 28642 D jni_lib_merge: Preparing to register libjsijniprofiler_so.  onload_func: 0x775ac60530
04-21 09:46:50.871 28642 28642 D jni_lib_merge: About to register 3 actual methods.
04-21 09:46:50.872 28642 28642 I HotUpdateBundleResolver: no_active_marker isPrimaryProcess=false pid=28642
04-21 09:46:50.873 28642 28642 I MainApplication: getJSBundleFile process=com.impos2.mixcretailassemblyrn84:secondary isPrimaryProcess=false resolvedBundle=null fallbackBundle=null selectedBundle=null
04-21 09:46:50.886 28642 28642 W unknown:BridgelessReact: ReactHost{0}.startSurface(surfaceId = 0): Schedule
04-21 09:46:50.886 28642 28642 W unknown:BridgelessReact: ReactHost{0}.attachSurface(surfaceId = 0)
04-21 09:46:50.887 28642 28676 W unknown:BridgelessReact: ReactHost{0}.getOrCreateReactInstanceTask()
04-21 09:46:50.887 28642 28676 W unknown:BridgelessReact: ReactHost{0}.getOrCreateReactInstanceTask(): Start
04-21 09:46:50.887 28642 28676 W unknown:BridgelessReact: ReactHost{0}.getJSBundleLoader()
04-21 09:46:50.887 28642 28676 W unknown:BridgelessReact: ReactHost{0}.getOrCreateReactInstanceTask(): Creating BridgelessReactContext
04-21 09:46:50.888 28642 28676 W unknown:BridgelessReact: ReactHost{0}.getOrCreateReactInstanceTask(): Creating ReactInstance
04-21 09:46:50.893 28642 28642 I StartupAudit: activity_created activity=SecondaryActivity displayIndex=1 pid=28642 time=2026-04-21 09:46:50.893
04-21 09:46:50.902   888  4056 D SunmiCustomerManagerService: onTransact
04-21 09:46:50.903   888  4056 V AtmsExtImpl_KioskMode: Kiosk Mode isKioskApp: false
04-21 09:46:50.903 28642 28642 W unknown:BridgelessReact: ReactHost{0}.onHostResume(activity)
04-21 09:46:50.903 28642 28642 W unknown:BridgelessReact: ReactHost{0}.ReactContext.onHostResume()
04-21 09:46:50.907 28642 28642 D CompatibilityChangeReporter: Compat change id reported: 237531167; UID 10139; state: DISABLED
04-21 09:46:50.907 28642 28642 W OpenGLRenderer: Unknown dataspace 0
04-21 09:46:50.911   888  4056 D ScenePolicyTrigger: activityResumed PassThronght com.impos2.mixcretailassemblyrn84
04-21 09:46:50.912   888  4056 I android_os_HwBinder: HwBinder: Starting thread pool for getting: com.sunmi.hyper_engine@1.0::IHyperEngine/default
04-21 09:46:50.913   684   684 I HyperEngine: notifyHyperFactor {"para1":"10","para2":"10","appInfo":{"packageName":"com.impos2.mixcretailassemblyrn84","pid":28642}}
04-21 09:46:50.913   684   684 I HyperEngine: last packageName: com.impos2.mixcretailassemblyrn84
04-21 09:46:50.913   684   684 I HyperEngine: onHyperFactorChanged XmlLoader::mCurrentConfigDir = /vendor/etc/hyperengine/rk3576/
04-21 09:46:50.913   684   684 I HyperEngine: onHyperFactorChanged scenario type Normal: apply policy 0x00
04-21 09:46:50.913   684   684 I HyperEngine: applyPolicy CpusetConfig, id: 0x00
04-21 09:46:50.913   684   684 I HyperEngine: applyPolicy DeviceFreqConfig, id: 0x00
04-21 09:46:50.913   684   684 I HyperEngine: applyPolicy IOConfig, id: 0x00
04-21 09:46:50.913   684   684 I HyperEngine: applyPolicy SchedConfig, id: 0x00
04-21 09:46:50.915   684   684 I HyperEngine: requestAction : {"eventType":"WindowsAnimation","eventInfo":{"packageName":"com.impos2.mixcretailassemblyrn84"}}
04-21 09:46:50.915   888  4056 D ScenePolicyTrigger: requestAction: {"eventType":"WindowsAnimation","eventInfo":{"packageName":"com.impos2.mixcretailassemblyrn84"}}
04-21 09:46:50.916   888  4056 I android_os_HwBinder: HwBinder: Starting thread pool for getting: com.sunmi.hyper_engine@1.0::IHyperEngine/default
04-21 09:46:50.917   684   684 I HyperEngine: requestAction : {"eventType":"SqliteMode","eventInfo":{"packageName":"com.impos2.mixcretailassemblyrn84"}}
04-21 09:46:50.917   888  4056 I ScenePolicyTrigger: isSqliteMode return:{"method":"SqliteMode","return_code":false,"return_msg":"ok"}
04-21 09:46:50.942 28642 28676 W unknown:BridgelessReact: ReactHost{0}.getOrCreateReactInstanceTask(): Loading JS Bundle
04-21 09:46:50.942 28642 28676 W unknown:BridgelessReact: ReactHost{0}.getOrCreateReactInstanceTask(): DevSupportManager.onNewReactContextCreated()
04-21 09:46:50.942 28642 28676 W unknown:BridgelessReact: ReactHost{0}.startSurface(surfaceId = 0): Execute
04-21 09:46:50.942   888  4056 D CoreBackPreview: Window{a3cf71e u0 com.impos2.mixcretailassemblyrn84/com.impos2.mixcretailassemblyrn84.SecondaryActivity}: Setting back callback OnBackInvokedCallbackInfo{mCallback=android.window.IOnBackInvokedCallback$Stub$Proxy@817dcc, mPriority=0, mIsAnimationCallback=false}
04-21 09:46:50.955   287   287 I hwservicemanager: getTransport: Cannot find entry android.hardware.graphics.allocator@4.0::IAllocator/default in either framework or device VINTF manifest.
04-21 09:46:50.956   342   342 I android.hardware.graphics.allocator-V1-service: alloc_format: RGBA_8888 + AFBC + SPLIT + WIDE + SPARSE + Datatype: UNORM
04-21 09:46:50.956   342   342 I android.hardware.graphics.allocator-V1-service: mali_gralloc_adjust_dimensions: alloc_format=RGBA_8888 + AFBC + SPLIT + WIDE + SPARSE + Datatype: UNORM usage=TEXTURE + RENDER + HWC alloc_width=1920, alloc_height=1088
04-21 09:46:50.957   342   342 I android.hardware.graphics.allocator-V1-service: Writing AFBC header layout 0 for format 1, n_headers: 8160
04-21 09:46:50.957   342   342 D android.hardware.graphics.allocator-V1-service: got new private_handle_t instance for buffer 'VRI[SecondaryActivity]#0(BLAST Consumer)0'. share_fd : 10, share_attr_fd : 11, width : 1920, height : 1080, req_format : 0x1, producer_usage : 0xb00, consumer_usage : 0xb00, , stride : 0, alloc_format_base: 1, alloc_format_modifiers: 0x04190000, size : 8486912, layer_count : 1, backing_store_id: 0x15600006056
04-21 09:46:50.957   342   342 D android.hardware.graphics.allocator-V1-service: plane_info[0]: offset : 0, byte_stride : 7680, alloc_width : 1920, alloc_height : 1088
04-21 09:46:50.958   342   342 D android.hardware.graphics.allocator-V1-service: plane_info[1]: offset : 0, byte_stride : 0, alloc_width : 0, alloc_height : 0
04-21 09:46:50.958   342   342 I android.hardware.graphics.allocator-V1-service: alloc_format: RGBA_8888 + AFBC + SPLIT + WIDE + SPARSE + Datatype: UNORM
04-21 09:46:50.958   342   342 I android.hardware.graphics.allocator-V1-service: mali_gralloc_adjust_dimensions: alloc_format=RGBA_8888 + AFBC + SPLIT + WIDE + SPARSE + Datatype: UNORM usage=TEXTURE + RENDER + HWC alloc_width=1920, alloc_height=1088
04-21 09:46:50.959 28642 28677 I ReactNativeJS: Running "MixcRetailAssemblyRN84"
04-21 09:46:50.959   342   342 I android.hardware.graphics.allocator-V1-service: Writing AFBC header layout 0 for format 1, n_headers: 8160
04-21 09:46:50.960   342   342 D android.hardware.graphics.allocator-V1-service: got new private_handle_t instance for buffer 'VRI[SecondaryActivity]#0(BLAST Consumer)0'. share_fd : 10, share_attr_fd : 11, width : 1920, height : 1080, req_format : 0x1, producer_usage : 0xb00, consumer_usage : 0xb00, , stride : 0, alloc_format_base: 1, alloc_format_modifiers: 0x04190000, size : 8486912, layer_count : 1, backing_store_id: 0x15600006057
04-21 09:46:50.960   342   342 D android.hardware.graphics.allocator-V1-service: plane_info[0]: offset : 0, byte_stride : 7680, alloc_width : 1920, alloc_height : 1088
04-21 09:46:50.960   342   342 D android.hardware.graphics.allocator-V1-service: plane_info[1]: offset : 0, byte_stride : 0, alloc_width : 0, alloc_height : 0
04-21 09:46:50.960   342   342 I android.hardware.graphics.allocator-V1-service: alloc_format: RGBA_8888 + AFBC + SPLIT + WIDE + SPARSE + Datatype: UNORM
