--------- beginning of main
04-21 10:07:54.147   342   342 D android.hardware.graphics.allocator-V1-service: got new private_handle_t instance for buffer 'screenshot'. share_fd : 10, share_attr_fd : 11, width : 1, height : 1080, req_format : 0x1, producer_usage : 0xb33, consumer_usage : 0xb33, , stride : 16, alloc_format_base: 1, alloc_format_modifiers: 0x00000000, size : 69120, layer_count : 1, backing_store_id: 0x1560000605e
04-21 10:07:54.147   342   342 D android.hardware.graphics.allocator-V1-service: plane_info[0]: offset : 0, byte_stride : 64, alloc_width : 1, alloc_height : 1080
04-21 10:07:54.147   342   342 D android.hardware.graphics.allocator-V1-service: plane_info[1]: offset : 0, byte_stride : 0, alloc_width : 0, alloc_height : 0
04-21 10:07:54.149 28903 28903 I StartupAudit: activity_created activity=MainActivity displayIndex=0 pid=28903 time=2026-04-21 10:07:54.148
04-21 10:07:54.154   342   342 I android.hardware.graphics.allocator-V1-service: alloc_format: RGBA_8888 + Datatype: UNORM
04-21 10:07:54.154   342   342 I android.hardware.graphics.allocator-V1-service: mali_gralloc_adjust_dimensions: alloc_format=RGBA_8888 + Datatype: UNORM usage=TEXTURE + RENDER + HWC alloc_width=144, alloc_height=1080
04-21 10:07:54.154   342   342 D android.hardware.graphics.allocator-V1-service: got new private_handle_t instance for buffer 'bbq-adapter#615(BLAST Consumer)615'. share_fd : 10, share_attr_fd : 11, width : 144, height : 1080, req_format : 0x1, producer_usage : 0xb00, consumer_usage : 0xb00, , stride : 0, alloc_format_base: 1, alloc_format_modifiers: 0x00000000, size : 622080, layer_count : 1, backing_store_id: 0x1560000605f
04-21 10:07:54.154   342   342 D android.hardware.graphics.allocator-V1-service: plane_info[0]: offset : 0, byte_stride : 576, alloc_width : 144, alloc_height : 1080
04-21 10:07:54.154   342   342 D android.hardware.graphics.allocator-V1-service: plane_info[1]: offset : 0, byte_stride : 0, alloc_width : 0, alloc_height : 0
--------- beginning of system
04-21 10:07:54.158  1104  1128 V WindowManagerShell:  animated by com.android.wm.shell.transition.DefaultTransitionHandler@44941f6
04-21 10:07:54.158   888   949 D FileUtils: Rounded bytes from 4073672704 to 8000000000
04-21 10:07:54.177 28903 28903 D jni_lib_merge: Entering merged library JNI_OnLoad.
04-21 10:07:54.177 28903 28903 D jni_lib_merge: Preparing 4 pre-merged libs (including stub)
04-21 10:07:54.177 28903 28903 D jni_lib_merge: Preparing to register libhermes_executor_so.  onload_func: 0x775a5da728
04-21 10:07:54.177 28903 28903 D jni_lib_merge: Preparing to register libhermesinstancejni_so.  onload_func: 0x775a5e1d44
04-21 10:07:54.177 28903 28903 D jni_lib_merge: Preparing to register libjsijniprofiler_so.  onload_func: 0x775a5e2530
04-21 10:07:54.177 28903 28903 D jni_lib_merge: About to register 3 actual methods.
04-21 10:07:54.188 28903 28903 I HotUpdateBundleResolver: bundle_resolved source=primary-boot bundleFile=/data/user/0/com.impos2.mixcretailassemblyrn84/files/hot-updates/packages/pkg_nlci2cxph6xe/index.android.bundle bundleVersion=1.0.0+ota.10 packageId=pkg_nlci2cxph6xe bootAttempt=1 pid=28903
04-21 10:07:54.188 28903 28903 I MainApplication: getJSBundleFile process=com.impos2.mixcretailassemblyrn84 isPrimaryProcess=true resolvedBundle=/data/user/0/com.impos2.mixcretailassemblyrn84/files/hot-updates/packages/pkg_nlci2cxph6xe/index.android.bundle fallbackBundle=null selectedBundle=/data/user/0/com.impos2.mixcretailassemblyrn84/files/hot-updates/packages/pkg_nlci2cxph6xe/index.android.bundle
04-21 10:07:54.198 28903 28903 W unknown:BridgelessReact: ReactHost{0}.startSurface(surfaceId = 0): Schedule
04-21 10:07:54.199 28903 28903 W unknown:BridgelessReact: ReactHost{0}.attachSurface(surfaceId = 0)
04-21 10:07:54.199 28903 28936 W unknown:BridgelessReact: ReactHost{0}.getOrCreateReactInstanceTask()
04-21 10:07:54.200 28903 28936 W unknown:BridgelessReact: ReactHost{0}.getOrCreateReactInstanceTask(): Start
04-21 10:07:54.200 28903 28936 W unknown:BridgelessReact: ReactHost{0}.getJSBundleLoader()
04-21 10:07:54.200 28903 28936 W unknown:BridgelessReact: ReactHost{0}.getOrCreateReactInstanceTask(): Creating BridgelessReactContext
04-21 10:07:54.201 28903 28936 W unknown:BridgelessReact: ReactHost{0}.getOrCreateReactInstanceTask(): Creating ReactInstance
04-21 10:07:54.202   888   949 D CompatibilityChangeReporter: Compat change id reported: 161145287; UID 10139; state: ENABLED
04-21 10:07:54.210   888   949 D SunmiCustomerManagerService: onTransact
04-21 10:07:54.211   888   949 V AtmsExtImpl_KioskMode: Kiosk Mode isKioskApp: false
04-21 10:07:54.212 28903 28903 W unknown:BridgelessReact: ReactHost{0}.onHostResume(activity)
04-21 10:07:54.212 28903 28903 W unknown:BridgelessReact: ReactHost{0}.ReactContext.onHostResume()
04-21 10:07:54.219 28903 28903 D CompatibilityChangeReporter: Compat change id reported: 237531167; UID 10139; state: DISABLED
04-21 10:07:54.220 28903 28903 W OpenGLRenderer: Unknown dataspace 0
04-21 10:07:54.226   888  4056 D ScenePolicyTrigger: activityResumed PassThronght com.impos2.mixcretailassemblyrn84
04-21 10:07:54.227   888  4056 I android_os_HwBinder: HwBinder: Starting thread pool for getting: com.sunmi.hyper_engine@1.0::IHyperEngine/default
04-21 10:07:54.228   684   684 I HyperEngine: notifyHyperFactor {"para1":"10","para2":"10","appInfo":{"packageName":"com.impos2.mixcretailassemblyrn84","pid":28903}}
04-21 10:07:54.228   684   684 I HyperEngine: last packageName: com.impos2.mixcretailassemblyrn84
04-21 10:07:54.228   684   684 I HyperEngine: onHyperFactorChanged XmlLoader::mCurrentConfigDir = /vendor/etc/hyperengine/rk3576/
04-21 10:07:54.228   684   684 I HyperEngine: onHyperFactorChanged scenario type Normal: apply policy 0x00
04-21 10:07:54.228   684   684 I HyperEngine: applyPolicy CpusetConfig, id: 0x00
04-21 10:07:54.228   684   684 I HyperEngine: applyPolicy DeviceFreqConfig, id: 0x00
04-21 10:07:54.228   684   684 I HyperEngine: applyPolicy IOConfig, id: 0x00
04-21 10:07:54.228   684   684 I HyperEngine: applyPolicy SchedConfig, id: 0x00
04-21 10:07:54.230   684   684 I HyperEngine: requestAction : {"eventType":"WindowsAnimation","eventInfo":{"packageName":"com.impos2.mixcretailassemblyrn84"}}
04-21 10:07:54.231   888  4056 D ScenePolicyTrigger: requestAction: {"eventType":"WindowsAnimation","eventInfo":{"packageName":"com.impos2.mixcretailassemblyrn84"}}
04-21 10:07:54.232   888  4056 I android_os_HwBinder: HwBinder: Starting thread pool for getting: com.sunmi.hyper_engine@1.0::IHyperEngine/default
04-21 10:07:54.232   684   684 I HyperEngine: requestAction : {"eventType":"SqliteMode","eventInfo":{"packageName":"com.impos2.mixcretailassemblyrn84"}}
04-21 10:07:54.233   888  4056 I ScenePolicyTrigger: isSqliteMode return:{"method":"SqliteMode","return_code":false,"return_msg":"ok"}
04-21 10:07:54.235   888  8106 D CompatibilityChangeReporter: Compat change id reported: 170668199; UID 10139; state: ENABLED
04-21 10:07:54.236   888  8106 D CompatibilityChangeReporter: Compat change id reported: 255659651; UID 10139; state: DISABLED
04-21 10:07:54.236   888  8106 D CompatibilityChangeReporter: Compat change id reported: 255039210; UID 10139; state: DISABLED
04-21 10:07:54.239 28903 28903 D CompatibilityChangeReporter: Compat change id reported: 210923482; UID 10139; state: ENABLED
04-21 10:07:54.249   342   342 I android.hardware.graphics.allocator-V1-service: alloc_format: RGBA_8888 + Datatype: UNORM
04-21 10:07:54.249   342   342 I android.hardware.graphics.allocator-V1-service: mali_gralloc_adjust_dimensions: alloc_format=RGBA_8888 + Datatype: UNORM usage=RENDER + FRAMEBUFFER + HWC + Unknown usage: 0x20000000 alloc_width=1920, alloc_height=1080
04-21 10:07:54.251   342   342 D android.hardware.graphics.allocator-V1-service: got new private_handle_t instance for buffer 'FramebufferSurface'. share_fd : 10, share_attr_fd : 11, width : 1920, height : 1080, req_format : 0x1, producer_usage : 0x20001a00, consumer_usage : 0x20001a00, , stride : 0, alloc_format_base: 1, alloc_format_modifiers: 0x00000000, size : 8294400, layer_count : 1, backing_store_id: 0x15600006060
04-21 10:07:54.251   342   342 D android.hardware.graphics.allocator-V1-service: plane_info[0]: offset : 0, byte_stride : 7680, alloc_width : 1920, alloc_height : 1080
04-21 10:07:54.251   342   342 D android.hardware.graphics.allocator-V1-service: plane_info[1]: offset : 0, byte_stride : 0, alloc_width : 0, alloc_height : 0
04-21 10:07:54.253 28903 28936 W unknown:BridgelessReact: ReactHost{0}.getOrCreateReactInstanceTask(): Loading JS Bundle
04-21 10:07:54.253 28903 28936 W unknown:BridgelessReact: ReactHost{0}.getOrCreateReactInstanceTask(): DevSupportManager.onNewReactContextCreated()
04-21 10:07:54.253 28903 28936 W unknown:BridgelessReact: ReactHost{0}.startSurface(surfaceId = 0): Execute
04-21 10:07:54.254   888  8106 D CoreBackPreview: Window{e1f6cee u0 com.impos2.mixcretailassemblyrn84/com.impos2.mixcretailassemblyrn84.MainActivity}: Setting back callback OnBackInvokedCallbackInfo{mCallback=android.window.IOnBackInvokedCallback$Stub$Proxy@e2f01c, mPriority=0, mIsAnimationCallback=false}
04-21 10:07:54.266   342   342 I android.hardware.graphics.allocator-V1-service: alloc_format: RGBA_8888 + Datatype: UNORM
04-21 10:07:54.266   342   342 I android.hardware.graphics.allocator-V1-service: mali_gralloc_adjust_dimensions: alloc_format=RGBA_8888 + Datatype: UNORM usage=RENDER + FRAMEBUFFER + HWC + Unknown usage: 0x20000000 alloc_width=1920, alloc_height=1080
04-21 10:07:54.267   342   342 D android.hardware.graphics.allocator-V1-service: got new private_handle_t instance for buffer 'FramebufferSurface'. share_fd : 10, share_attr_fd : 11, width : 1920, height : 1080, req_format : 0x1, producer_usage : 0x20001a00, consumer_usage : 0x20001a00, , stride : 0, alloc_format_base: 1, alloc_format_modifiers: 0x00000000, size : 8294400, layer_count : 1, backing_store_id: 0x15600006061
04-21 10:07:54.267   342   342 D android.hardware.graphics.allocator-V1-service: plane_info[0]: offset : 0, byte_stride : 7680, alloc_width : 1920, alloc_height : 1080
04-21 10:07:54.267   342   342 D android.hardware.graphics.allocator-V1-service: plane_info[1]: offset : 0, byte_stride : 0, alloc_width : 0, alloc_height : 0
04-21 10:07:54.270   888  8106 W ActivityManager: pid 888 system sent binder code 3 with flags 1 to frozen apps and got error -32
04-21 10:07:54.273   888  8106 W WindowManager: Failed to deliver inset control state change to w=Window{2a79b62 u0 com.impos2.mixcretailassemblyrn84/com.impos2.mixcretailassemblyrn84.MainActivity EXITING}
04-21 10:07:54.273   888  8106 W WindowManager: android.os.DeadObjectException
04-21 10:07:54.273   888  8106 W WindowManager: 	at android.os.BinderProxy.transactNative(Native Method)
04-21 10:07:54.273   888  8106 W WindowManager: 	at android.os.BinderProxy.transact(BinderProxy.java:584)
04-21 10:07:54.273   888  8106 W WindowManager: 	at android.view.IWindow$Stub$Proxy.insetsControlChanged(IWindow.java:479)
04-21 10:07:54.273   888  8106 W WindowManager: 	at com.android.server.wm.WindowState.notifyInsetsControlChanged(WindowState.java:3840)
04-21 10:07:54.273   888  8106 W WindowManager: 	at com.android.server.wm.InsetsStateController.lambda$notifyPendingInsetsControlChanged$3(InsetsStateController.java:369)
04-21 10:07:54.273   888  8106 W WindowManager: 	at com.android.server.wm.InsetsStateController.$r8$lambda$8yykPRG1GyNq_J17QvL9d5xANMc(InsetsStateController.java:0)
04-21 10:07:54.273   888  8106 W WindowManager: 	at com.android.server.wm.InsetsStateController$$ExternalSyntheticLambda2.run(R8$$SyntheticClass:0)
04-21 10:07:54.273   888  8106 W WindowManager: 	at com.android.server.wm.WindowAnimator.executeAfterPrepareSurfacesRunnables(WindowAnimator.java:294)
04-21 10:07:54.273   888  8106 W WindowManager: 	at com.android.server.wm.RootWindowContainer.performSurfacePlacementNoTrace(RootWindowContainer.java:814)
04-21 10:07:54.273   888  8106 W WindowManager: 	at com.android.server.wm.RootWindowContainer.performSurfacePlacement(RootWindowContainer.java:759)
04-21 10:07:54.273   888  8106 W WindowManager: 	at com.android.server.wm.WindowSurfacePlacer.performSurfacePlacementLoop(WindowSurfacePlacer.java:177)
04-21 10:07:54.273   888  8106 W WindowManager: 	at com.android.server.wm.WindowSurfacePlacer.performSurfacePlacement(WindowSurfacePlacer.java:126)
04-21 10:07:54.273   888  8106 W WindowManager: 	at com.android.server.wm.WindowManagerService.relayoutWindow(WindowManagerService.java:2398)
04-21 10:07:54.273   888  8106 W WindowManager: 	at com.android.server.wm.Session.relayout(Session.java:254)
04-21 10:07:54.273   888  8106 W WindowManager: 	at android.view.IWindowSession$Stub.onTransact(IWindowSession.java:701)
04-21 10:07:54.273   888  8106 W WindowManager: 	at com.android.server.wm.Session.onTransact(Session.java:183)
04-21 10:07:54.273   888  8106 W WindowManager: 	at android.os.Binder.execTransactInternal(Binder.java:1358)
04-21 10:07:54.273   888  8106 W WindowManager: 	at android.os.Binder.execTransact(Binder.java:1304)
04-21 10:07:54.274 28903 28937 I ReactNativeJS: Running "MixcRetailAssemblyRN84"
04-21 10:07:54.283   342   342 I android.hardware.graphics.allocator-V1-service: alloc_format: RGBA_8888 + Datatype: UNORM
04-21 10:07:54.283   342   342 I android.hardware.graphics.allocator-V1-service: mali_gralloc_adjust_dimensions: alloc_format=RGBA_8888 + Datatype: UNORM usage=RENDER + FRAMEBUFFER + HWC + Unknown usage: 0x20000000 alloc_width=1920, alloc_height=1080
04-21 10:07:54.284   342   342 D android.hardware.graphics.allocator-V1-service: got new private_handle_t instance for buffer 'FramebufferSurface'. share_fd : 10, share_attr_fd : 11, width : 1920, height : 1080, req_format : 0x1, producer_usage : 0x20001a00, consumer_usage : 0x20001a00, , stride : 0, alloc_format_base: 1, alloc_format_modifiers: 0x00000000, size : 8294400, layer_count : 1, backing_store_id: 0x15600006062
04-21 10:07:54.284   342   342 D android.hardware.graphics.allocator-V1-service: plane_info[0]: offset : 0, byte_stride : 7680, alloc_width : 1920, alloc_height : 1080
04-21 10:07:54.284   342   342 D android.hardware.graphics.allocator-V1-service: plane_info[1]: offset : 0, byte_stride : 0, alloc_width : 0, alloc_height : 0
04-21 10:07:54.288 28903 28937 W unknown:ViewManagerPropertyUpdater: Could not find generated setter for class com.horcrux.svg.RenderableViewManager$DefsViewManager
04-21 10:07:54.294 28903 28937 W unknown:ViewManagerPropertyUpdater: Could not find generated setter for class com.horcrux.svg.VirtualViewManager$c
04-21 10:07:54.301 28903 28937 W unknown:ViewManagerPropertyUpdater: Could not find generated setter for class com.horcrux.svg.RenderableViewManager$FeMergeManager
04-21 10:07:54.304   342   342 I android.hardware.graphics.allocator-V1-service: alloc_format: RGBA_8888 + AFBC + SPLIT + WIDE + SPARSE + Datatype: UNORM
04-21 10:07:54.304   342   342 I android.hardware.graphics.allocator-V1-service: mali_gralloc_adjust_dimensions: alloc_format=RGBA_8888 + AFBC + SPLIT + WIDE + SPARSE + Datatype: UNORM usage=TEXTURE + RENDER + HWC alloc_width=1920, alloc_height=1088
04-21 10:07:54.305   342   342 I android.hardware.graphics.allocator-V1-service: Writing AFBC header layout 0 for format 1, n_headers: 8160
04-21 10:07:54.306   342   342 D android.hardware.graphics.allocator-V1-service: got new private_handle_t instance for buffer 'VRI[mixcretailassemblyrn84]#613(BLAST Consumer)613'. share_fd : 10, share_attr_fd : 11, width : 1920, height : 1080, req_format : 0x1, producer_usage : 0xb00, consumer_usage : 0xb00, , stride : 0, alloc_format_base: 1, alloc_format_modifiers: 0x04190000, size : 8486912, layer_count : 1, backing_store_id: 0x15600006063
04-21 10:07:54.306   342   342 D android.hardware.graphics.allocator-V1-service: plane_info[0]: offset : 0, byte_stride : 7680, alloc_width : 1920, alloc_height : 1088
04-21 10:07:54.306   342   342 D android.hardware.graphics.allocator-V1-service: plane_info[1]: offset : 0, byte_stride : 0, alloc_width : 0, alloc_height : 0
04-21 10:07:54.306 28903 28937 W unknown:ViewManagerPropertyUpdater: Could not find generated setter for class com.facebook.react.views.safeareaview.ReactSafeAreaViewManager
04-21 10:07:54.306 28903 28937 W unknown:ViewManagerPropertyUpdater: Could not find generated setter for class com.facebook.react.uimanager.V
04-21 10:07:54.310 28903 28937 W unknown:ViewManagerPropertyUpdater: Could not find generated setter for class com.horcrux.svg.RenderableViewManager$LinearGradientManager
04-21 10:07:54.315   287   287 I hwservicemanager: getTransport: Cannot find entry android.hardware.graphics.allocator@4.0::IAllocator/default in either framework or device VINTF manifest.
04-21 10:07:54.316 28903 28937 W unknown:ViewManagerPropertyUpdater: Could not find generated setter for class com.horcrux.svg.RenderableViewManager$FeGaussianBlurManager
04-21 10:07:54.316   342   342 I android.hardware.graphics.allocator-V1-service: alloc_format: RGBA_8888 + AFBC + SPLIT + WIDE + SPARSE + Datatype: UNORM
04-21 10:07:54.316   342   342 I android.hardware.graphics.allocator-V1-service: mali_gralloc_adjust_dimensions: alloc_format=RGBA_8888 + AFBC + SPLIT + WIDE + SPARSE + Datatype: UNORM usage=TEXTURE + RENDER + HWC alloc_width=1920, alloc_height=1088
04-21 10:07:54.318   342   342 I android.hardware.graphics.allocator-V1-service: Writing AFBC header layout 0 for format 1, n_headers: 8160
04-21 10:07:54.318   342   342 D android.hardware.graphics.allocator-V1-service: got new private_handle_t instance for buffer 'VRI[MainActivity]#0(BLAST Consumer)0'. share_fd : 10, share_attr_fd : 11, width : 1920, height : 1080, req_format : 0x1, producer_usage : 0xb00, consumer_usage : 0xb00, , stride : 0, alloc_format_base: 1, alloc_format_modifiers: 0x04190000, size : 8486912, layer_count : 1, backing_store_id: 0x15600006064
04-21 10:07:54.318   342   342 D android.hardware.graphics.allocator-V1-service: plane_info[0]: offset : 0, byte_stride : 7680, alloc_width : 1920, alloc_height : 1088
04-21 10:07:54.318   342   342 D android.hardware.graphics.allocator-V1-service: plane_info[1]: offset : 0, byte_stride : 0, alloc_width : 0, alloc_height : 0
04-21 10:07:54.319   342   342 I android.hardware.graphics.allocator-V1-service: alloc_format: RGBA_8888 + AFBC + SPLIT + WIDE + SPARSE + Datatype: UNORM
04-21 10:07:54.319   342   342 I android.hardware.graphics.allocator-V1-service: mali_gralloc_adjust_dimensions: alloc_format=RGBA_8888 + AFBC + SPLIT + WIDE + SPARSE + Datatype: UNORM usage=TEXTURE + RENDER + HWC alloc_width=1920, alloc_height=1088
04-21 10:07:54.320 28903 28937 W unknown:ViewManagerPropertyUpdater: Could not find generated setter for class com.facebook.react.views.progressbar.ReactProgressBarViewManager
04-21 10:07:54.320 28903 28937 W unknown:ViewManagerPropertyUpdater: Could not find generated setter for class com.facebook.react.views.progressbar.b
04-21 10:07:54.321   342   342 I android.hardware.graphics.allocator-V1-service: Writing AFBC header layout 0 for format 1, n_headers: 8160
04-21 10:07:54.322   342   342 D android.hardware.graphics.allocator-V1-service: got new private_handle_t instance for buffer 'VRI[MainActivity]#0(BLAST Consumer)0'. share_fd : 10, share_attr_fd : 11, width : 1920, height : 1080, req_format : 0x1, producer_usage : 0xb00, consumer_usage : 0xb00, , stride : 0, alloc_format_base: 1, alloc_format_modifiers: 0x04190000, size : 8486912, layer_count : 1, backing_store_id: 0x15600006065
04-21 10:07:54.322   342   342 D android.hardware.graphics.allocator-V1-service: plane_info[0]: offset : 0, byte_stride : 7680, alloc_width : 1920, alloc_height : 1088
04-21 10:07:54.322   342   342 D android.hardware.graphics.allocator-V1-service: plane_info[1]: offset : 0, byte_stride : 0, alloc_width : 0, alloc_height : 0
04-21 10:07:54.323   342   342 I android.hardware.graphics.allocator-V1-service: alloc_format: RGBA_8888 + AFBC + SPLIT + WIDE + SPARSE + Datatype: UNORM
04-21 10:07:54.323   342   342 I android.hardware.graphics.allocator-V1-service: mali_gralloc_adjust_dimensions: alloc_format=RGBA_8888 + AFBC + SPLIT + WIDE + SPARSE + Datatype: UNORM usage=TEXTURE + RENDER + HWC alloc_width=1920, alloc_height=1088
04-21 10:07:54.323 28903 28937 W unknown:ViewManagerPropertyUpdater: Could not find generated setter for class com.facebook.react.views.scroll.ReactHorizontalScrollViewManager
04-21 10:07:54.326   342   342 I android.hardware.graphics.allocator-V1-service: Writing AFBC header layout 0 for format 1, n_headers: 8160
04-21 10:07:54.326   342   342 D android.hardware.graphics.allocator-V1-service: got new private_handle_t instance for buffer 'VRI[MainActivity]#0(BLAST Consumer)0'. share_fd : 10, share_attr_fd : 11, width : 1920, height : 1080, req_format : 0x1, producer_usage : 0xb00, consumer_usage : 0xb00, , stride : 0, alloc_format_base: 1, alloc_format_modifiers: 0x04190000, size : 8486912, layer_count : 1, backing_store_id: 0x15600006066
04-21 10:07:54.326   342   342 D android.hardware.graphics.allocator-V1-service: plane_info[0]: offset : 0, byte_stride : 7680, alloc_width : 1920, alloc_height : 1088
04-21 10:07:54.326   342   342 D android.hardware.graphics.allocator-V1-service: plane_info[1]: offset : 0, byte_stride : 0, alloc_width : 0, alloc_height : 0
04-21 10:07:54.326 28903 28937 W unknown:ViewManagerPropertyUpdater: Could not find generated setter for class com.facebook.react.views.text.ReactTextViewManager
04-21 10:07:54.327 28903 28937 W unknown:ViewManagerPropertyUpdater: Could not find generated setter for class com.facebook.react.views.text.j
04-21 10:07:54.332 28903 28937 W unknown:ViewManagerPropertyUpdater: Could not find generated setter for class com.horcrux.svg.RenderableViewManager$FeColorMatrixManager
04-21 10:07:54.334 28903 28937 W unknown:ViewManagerPropertyUpdater: Could not find generated setter for class com.facebook.react.views.scroll.ReactHorizontalScrollContainerViewManager
04-21 10:07:54.338 28903 28937 W unknown:ViewManagerPropertyUpdater: Could not find generated setter for class com.horcrux.svg.RenderableViewManager$ClipPathViewManager
04-21 10:07:54.341 28903 28937 W unknown:ViewManagerPropertyUpdater: Could not find generated setter for class com.horcrux.svg.RenderableViewManager$SymbolManager
04-21 10:07:54.344 28903 28937 W unknown:ViewManagerPropertyUpdater: Could not find generated setter for class com.horcrux.svg.RenderableViewManager$PatternManager
04-21 10:07:54.348 28903 28937 W unknown:ViewManagerPropertyUpdater: Could not find generated setter for class com.horcrux.svg.RenderableViewManager$FeBlendManager
04-21 10:07:54.351 28903 28937 W unknown:ViewManagerPropertyUpdater: Could not find generated setter for class com.facebook.react.views.view.ReactViewManager
04-21 10:07:54.354 28903 28937 W unknown:ViewManagerPropertyUpdater: Could not find generated setter for class com.horcrux.svg.SvgViewManager
04-21 10:07:54.357 28903 28937 W unknown:ViewManagerPropertyUpdater: Could not find generated setter for class com.facebook.react.views.switchview.ReactSwitchManager
04-21 10:07:54.357 28903 28937 W unknown:ViewManagerPropertyUpdater: Could not find generated setter for class com.facebook.react.views.switchview.d
04-21 10:07:54.359 28903 28937 W unknown:ViewManagerPropertyUpdater: Could not find generated setter for class com.horcrux.svg.RenderableViewManager$UseViewManager
04-21 10:07:54.363 28903 28937 W unknown:ViewManagerPropertyUpdater: Could not find generated setter for class com.horcrux.svg.RenderableViewManager$CircleViewManager
04-21 10:07:54.366 28903 28937 W unknown:ViewManagerPropertyUpdater: Could not find generated setter for class com.horcrux.svg.RenderableViewManager$TSpanViewManager
04-21 10:07:54.369 28903 28937 W unknown:ViewManagerPropertyUpdater: Could not find generated setter for class com.horcrux.svg.RenderableViewManager$FilterManager
04-21 10:07:54.372 28903 28937 W unknown:ViewManagerPropertyUpdater: Could not find generated setter for class com.horcrux.svg.RenderableViewManager$MarkerManager
04-21 10:07:54.376 28903 28937 W unknown:ViewManagerPropertyUpdater: Could not find generated setter for class com.facebook.react.views.modal.ReactModalHostManager
04-21 10:07:54.379 28903 28903 W unknown:BridgelessReact: ReactHost{0}.ReactContext.onHostResume()
04-21 10:07:54.379 28903 28937 W unknown:ViewManagerPropertyUpdater: Could not find generated setter for class com.horcrux.svg.RenderableViewManager$ForeignObjectManager
04-21 10:07:54.379 28903 28903 W unknown:BridgelessReact: ReactHost{0}.getOrCreateReactInstanceTask(): Executing ReactInstanceEventListeners
04-21 10:07:54.380 28903 28903 W unknown:ViewManagerPropertyUpdater: Could not find generated setter for class com.facebook.react.uimanager.RootViewManager
04-21 10:07:54.382   888   904 I ActivityTaskManager: Displayed com.impos2.mixcretailassemblyrn84/.MainActivity for user 0: +502ms
04-21 10:07:54.383 28903 28937 W unknown:ViewManagerPropertyUpdater: Could not find generated setter for class com.horcrux.svg.RenderableViewManager$EllipseViewManager
04-21 10:07:54.387 28903 28937 W unknown:ViewManagerPropertyUpdater: Could not find generated setter for class com.horcrux.svg.RenderableViewManager$LineViewManager
04-21 10:07:54.389   888   907 W ActivityTaskManager: Activity top resumed state loss timeout for ActivityRecord{9fd9aa u0 com.impos2.mixcretailassemblyrn84/.MainActivity t222 f} isExiting}
04-21 10:07:54.391 28903 28937 W unknown:ViewManagerPropertyUpdater: Could not find generated setter for class com.facebook.react.views.text.frescosupport.FrescoBasedReactTextInlineImageViewManager
04-21 10:07:54.391 28903 28937 W unknown:ViewManagerPropertyUpdater: Could not find generated setter for class com.facebook.react.views.text.frescosupport.a
04-21 10:07:54.394 28903 28937 W unknown:ViewManagerPropertyUpdater: Could not find generated setter for class com.horcrux.svg.RenderableViewManager$FeFloodManager
04-21 10:07:54.397 28903 28937 W unknown:ViewManagerPropertyUpdater: Could not find generated setter for class com.horcrux.svg.RenderableViewManager$GroupViewManager
04-21 10:07:54.401 28903 28937 W unknown:ViewManagerPropertyUpdater: Could not find generated setter for class com.horcrux.svg.RenderableViewManager$TextViewManager
04-21 10:07:54.403   342   342 I android.hardware.graphics.allocator-V1-service: alloc_format: RGBA_8888 + AFBC + SPLIT + WIDE + SPARSE + Datatype: UNORM
04-21 10:07:54.403   342   342 I android.hardware.graphics.allocator-V1-service: mali_gralloc_adjust_dimensions: alloc_format=RGBA_8888 + AFBC + SPLIT + WIDE + SPARSE + Datatype: UNORM usage=TEXTURE + RENDER + HWC alloc_width=1920, alloc_height=1088
04-21 10:07:54.406   342   342 I android.hardware.graphics.allocator-V1-service: Writing AFBC header layout 0 for format 1, n_headers: 8160
04-21 10:07:54.406   342   342 D android.hardware.graphics.allocator-V1-service: got new private_handle_t instance for buffer 'VRI[mixcretailassemblyrn84]#613(BLAST Consumer)613'. share_fd : 10, share_attr_fd : 11, width : 1920, height : 1080, req_format : 0x1, producer_usage : 0xb00, consumer_usage : 0xb00, , stride : 0, alloc_format_base: 1, alloc_format_modifiers: 0x04190000, size : 8486912, layer_count : 1, backing_store_id: 0x15600006067
04-21 10:07:54.406   342   342 D android.hardware.graphics.allocator-V1-service: plane_info[0]: offset : 0, byte_stride : 7680, alloc_width : 1920, alloc_height : 1088
04-21 10:07:54.406   342   342 D android.hardware.graphics.allocator-V1-service: plane_info[1]: offset : 0, byte_stride : 0, alloc_width : 0, alloc_height : 0
04-21 10:07:54.406 28903 28937 W unknown:ViewManagerPropertyUpdater: Could not find generated setter for class com.horcrux.svg.RenderableViewManager$ImageViewManager
04-21 10:07:54.406   888   949 D CompatibilityChangeReporter: Compat change id reported: 214016041; UID 10139; state: ENABLED
04-21 10:07:54.407   888   949 I ImeTracker: com.impos2.mixcretailassemblyrn84:57713ef: onRequestHide at ORIGIN_SERVER_HIDE_INPUT reason HIDE_UNSPECIFIED_WINDOW
04-21 10:07:54.407   888   949 I ImeTracker: com.impos2.mixcretailassemblyrn84:57713ef: onCancelled at PHASE_SERVER_SHOULD_HIDE
04-21 10:07:54.410 28903 28937 W unknown:ViewManagerPropertyUpdater: Could not find generated setter for class com.horcrux.svg.RenderableViewManager$FeCompositeManager
04-21 10:07:54.410  1750  1750 I GoogleInputMethodService: GoogleInputMethodService.onFinishInput():3184 
04-21 10:07:54.411  1750  1750 I GoogleInputMethodService: GoogleInputMethodService.updateDeviceLockedStatus():2246 repeatCheckTimes = 0, locked = false
04-21 10:07:54.411  1750  1750 I GoogleInputMethodService: GoogleInputMethodService.onStartInput():1982 onStartInput(EditorInfo{EditorInfo{packageName=com.impos2.mixcretailassemblyrn84, inputType=0, inputTypeString=NULL, enableLearning=false, autoCorrection=false, autoComplete=false, imeOptions=0, privateImeOptions=null, actionName=UNSPECIFIED, actionLabel=null, initialSelStart=-1, initialSelEnd=-1, initialCapsMode=0, label=null, fieldId=0, fieldName=null, extras=null, hintText=null, hintLocales=[]}}, false)
04-21 10:07:54.411  1750  1750 I GoogleInputMethodService: GoogleInputMethodService.updateDeviceLockedStatus():2246 repeatCheckTimes = 1, locked = false
04-21 10:07:54.412  1750  1750 I AndroidIME: InputBundleManager.loadActiveInputBundleId():450 loadActiveInputBundleId: und-Latn-x-password, password_floating_hard_qwerty
04-21 10:07:54.412  1750  1750 W EmojiCompatManager: EmojiCompatManager.getEmojiCompatIfLoaded():335 EmojiCompat failed to load.
04-21 10:07:54.412   888   949 W PackageConfigPersister: App-specific configuration not found for packageName: com.impos2.mixcretailassemblyrn84 and userId: 0
04-21 10:07:54.413   342   342 I android.hardware.graphics.allocator-V1-service: alloc_format: RGBA_8888 + AFBC + SPLIT + WIDE + SPARSE + Datatype: UNORM
04-21 10:07:54.413   342   342 I android.hardware.graphics.allocator-V1-service: mali_gralloc_adjust_dimensions: alloc_format=RGBA_8888 + AFBC + SPLIT + WIDE + SPARSE + Datatype: UNORM usage=TEXTURE + RENDER + HWC alloc_width=1920, alloc_height=1088
04-21 10:07:54.413 28903 28937 W unknown:ViewManagerPropertyUpdater: Could not find generated setter for class com.facebook.react.views.image.ReactImageManager
04-21 10:07:54.415   342   342 I android.hardware.graphics.allocator-V1-service: Writing AFBC header layout 0 for format 1, n_headers: 8160
04-21 10:07:54.415   342   342 D android.hardware.graphics.allocator-V1-service: got new private_handle_t instance for buffer 'VRI[mixcretailassemblyrn84]#613(BLAST Consumer)613'. share_fd : 10, share_attr_fd : 11, width : 1920, height : 1080, req_format : 0x1, producer_usage : 0xb00, consumer_usage : 0xb00, , stride : 0, alloc_format_base: 1, alloc_format_modifiers: 0x04190000, size : 8486912, layer_count : 1, backing_store_id: 0x15600006068
04-21 10:07:54.415   342   342 D android.hardware.graphics.allocator-V1-service: plane_info[0]: offset : 0, byte_stride : 7680, alloc_width : 1920, alloc_height : 1088
04-21 10:07:54.415   342   342 D android.hardware.graphics.allocator-V1-service: plane_info[1]: offset : 0, byte_stride : 0, alloc_width : 0, alloc_height : 0
04-21 10:07:54.416   888  4056 W ActivityManager: pid 888 system sent binder code 3 with flags 1 to frozen apps and got error -32
04-21 10:07:54.416   888  4056 D ActivityManager: Too many transaction errors, throttling freezer binder callback.
04-21 10:07:54.417 28903 28937 W unknown:ViewManagerPropertyUpdater: Could not find generated setter for class com.horcrux.svg.RenderableViewManager$RadialGradientManager
04-21 10:07:54.417   888  4056 W WindowManager: Failed to deliver inset control state change to w=Window{2a79b62 u0 com.impos2.mixcretailassemblyrn84/com.impos2.mixcretailassemblyrn84.MainActivity EXITING}
04-21 10:07:54.417   888  4056 W WindowManager: android.os.DeadObjectException
04-21 10:07:54.417   888  4056 W WindowManager: 	at android.os.BinderProxy.transactNative(Native Method)
04-21 10:07:54.417   888  4056 W WindowManager: 	at android.os.BinderProxy.transact(BinderProxy.java:584)
04-21 10:07:54.417   888  4056 W WindowManager: 	at android.view.IWindow$Stub$Proxy.insetsControlChanged(IWindow.java:479)
04-21 10:07:54.417   888  4056 W WindowManager: 	at com.android.server.wm.WindowState.notifyInsetsControlChanged(WindowState.java:3840)
04-21 10:07:54.417   888  4056 W WindowManager: 	at com.android.server.wm.InsetsStateController.lambda$notifyPendingInsetsControlChanged$3(InsetsStateController.java:369)
04-21 10:07:54.417   888  4056 W WindowManager: 	at com.android.server.wm.InsetsStateController.$r8$lambda$8yykPRG1GyNq_J17QvL9d5xANMc(InsetsStateController.java:0)
04-21 10:07:54.417   888  4056 W WindowManager: 	at com.android.server.wm.InsetsStateController$$ExternalSyntheticLambda2.run(R8$$SyntheticClass:0)
04-21 10:07:54.417   888  4056 W WindowManager: 	at com.android.server.wm.WindowAnimator.executeAfterPrepareSurfacesRunnables(WindowAnimator.java:294)
04-21 10:07:54.417   888  4056 W WindowManager: 	at com.android.server.wm.RootWindowContainer.performSurfacePlacementNoTrace(RootWindowContainer.java:814)
04-21 10:07:54.417   888  4056 W WindowManager: 	at com.android.server.wm.RootWindowContainer.performSurfacePlacement(RootWindowContainer.java:759)
04-21 10:07:54.417   888  4056 W WindowManager: 	at com.android.server.wm.WindowSurfacePlacer.performSurfacePlacementLoop(WindowSurfacePlacer.java:177)
04-21 10:07:54.417   888  4056 W WindowManager: 	at com.android.server.wm.WindowSurfacePlacer.performSurfacePlacement(WindowSurfacePlacer.java:126)
04-21 10:07:54.417   888  4056 W WindowManager: 	at com.android.server.wm.WindowManagerService.relayoutWindow(WindowManagerService.java:2398)
04-21 10:07:54.417   888  4056 W WindowManager: 	at com.android.server.wm.Session.relayout(Session.java:254)
04-21 10:07:54.417   888  4056 W WindowManager: 	at com.android.server.wm.Session.relayoutAsync(Session.java:268)
04-21 10:07:54.417   888  4056 W WindowManager: 	at android.view.IWindowSession$Stub.onTransact(IWindowSession.java:731)
04-21 10:07:54.417   888  4056 W WindowManager: 	at com.android.server.wm.Session.onTransact(Session.java:183)
04-21 10:07:54.417   888  4056 W WindowManager: 	at android.os.Binder.execTransactInternal(Binder.java:1363)
04-21 10:07:54.417   888  4056 W WindowManager: 	at android.os.Binder.execTransact(Binder.java:1304)
04-21 10:07:54.421 28903 28937 W unknown:ViewManagerPropertyUpdater: Could not find generated setter for class com.horcrux.svg.RenderableViewManager$MaskManager
04-21 10:07:54.425 28903 28937 W unknown:ViewManagerPropertyUpdater: Could not find generated setter for class com.facebook.react.views.unimplementedview.ReactUnimplementedViewManager
04-21 10:07:54.427 28903 28937 W unknown:ViewManagerPropertyUpdater: Could not find generated setter for class com.horcrux.svg.RenderableViewManager$RectViewManager
04-21 10:07:54.430 28903 28937 W unknown:ViewManagerPropertyUpdater: Could not find generated setter for class com.horcrux.svg.RenderableViewManager$TextPathViewManager
04-21 10:07:54.431   888   949 V WindowManager: getPackagePerformanceMode -- ComponentInfo{com.impos2.mixcretailassemblyrn84/com.impos2.mixcretailassemblyrn84.SecondaryActivity} -- com.impos2.mixcretailassemblyrn84 -- mode=0
04-21 10:07:54.435 28903 28937 W unknown:ViewManagerPropertyUpdater: Could not find generated setter for class com.facebook.react.views.scroll.ReactScrollViewManager
04-21 10:07:54.435   688   688 W libc    : Access denied finding property "vendor.sculptor.enable"
04-21 10:07:54.432   688   688 W android.hardwar: type=1400 audit(0.0:8698): avc:  denied  { read } for  name="u:object_r:vendor_sculptor_prop:s0" dev="tmpfs" ino=383 scontext=u:r:hal_power_default:s0 tcontext=u:object_r:vendor_sculptor_prop:s0 tclass=file permissive=0
04-21 10:07:54.438 28903 28937 W unknown:ViewManagerPropertyUpdater: Could not find generated setter for class com.horcrux.svg.RenderableViewManager$FeOffsetManager
04-21 10:07:54.441 28903 28937 W unknown:ViewManagerPropertyUpdater: Could not find generated setter for class com.horcrux.svg.RenderableViewManager$PathViewManager
04-21 10:07:54.444 28903 28937 W unknown:ViewManagerPropertyUpdater: Could not find generated setter for class com.facebook.react.views.drawer.ReactDrawerLayoutManager
04-21 10:07:54.447 28903 28937 W unknown:ViewManagerPropertyUpdater: Could not find generated setter for class com.facebook.react.views.swiperefresh.SwipeRefreshLayoutManager
04-21 10:07:54.450 28903 28937 W unknown:ViewManagerPropertyUpdater: Could not find generated setter for class com.facebook.react.views.textinput.ReactTextInputManager
04-21 10:07:54.452 28903 28937 W unknown:ViewManagerPropertyUpdater: Could not find generated setter for class com.facebook.react.views.textinput.F
04-21 10:07:54.466   342   342 I android.hardware.graphics.allocator-V1-service: alloc_format: RGBA_8888 + AFBC + SPLIT + WIDE + SPARSE + Datatype: UNORM
04-21 10:07:54.466   342   342 I android.hardware.graphics.allocator-V1-service: mali_gralloc_adjust_dimensions: alloc_format=RGBA_8888 + AFBC + SPLIT + WIDE + SPARSE + Datatype: UNORM usage=RENDER + FRAMEBUFFER + HWC alloc_width=1920, alloc_height=1088
04-21 10:07:54.468   342   342 I android.hardware.graphics.allocator-V1-service: Writing AFBC header layout 0 for format 1, n_headers: 8160
04-21 10:07:54.468   342   342 D android.hardware.graphics.allocator-V1-service: got new private_handle_t instance for buffer 'FramebufferSurface'. share_fd : 10, share_attr_fd : 11, width : 1920, height : 1080, req_format : 0x1, producer_usage : 0x1a00, consumer_usage : 0x1a00, , stride : 0, alloc_format_base: 1, alloc_format_modifiers: 0x04190000, size : 8486912, layer_count : 1, backing_store_id: 0x15600006069
04-21 10:07:54.468   342   342 D android.hardware.graphics.allocator-V1-service: plane_info[0]: offset : 0, byte_stride : 7680, alloc_width : 1920, alloc_height : 1088
04-21 10:07:54.468   342   342 D android.hardware.graphics.allocator-V1-service: plane_info[1]: offset : 0, byte_stride : 0, alloc_width : 0, alloc_height : 0
04-21 10:07:54.469 28903 28937 I ConnectorManager: connector initialized
04-21 10:07:54.475 28903 28938 I assembly.android.mixc-retail-rn84.boot: {"stage":"resolve-topology:start","displayIndex":0,"displayCount":2,"topologyRole":"master","topologyWsUrl":"ws://127.0.0.1:8888/mockMasterServer/ws"}
04-21 10:07:54.480   888  4056 D CompatibilityChangeReporter: Compat change id reported: 261072174; UID 10139; state: ENABLED
04-21 10:07:54.484   342   342 I android.hardware.graphics.allocator-V1-service: alloc_format: RGBA_8888 + AFBC + SPLIT + WIDE + SPARSE + Datatype: UNORM
04-21 10:07:54.484   342   342 I android.hardware.graphics.allocator-V1-service: mali_gralloc_adjust_dimensions: alloc_format=RGBA_8888 + AFBC + SPLIT + WIDE + SPARSE + Datatype: UNORM usage=RENDER + FRAMEBUFFER + HWC alloc_width=1920, alloc_height=1088
04-21 10:07:54.486   342   342 I android.hardware.graphics.allocator-V1-service: Writing AFBC header layout 0 for format 1, n_headers: 8160
04-21 10:07:54.486   342   342 D android.hardware.graphics.allocator-V1-service: got new private_handle_t instance for buffer 'FramebufferSurface'. share_fd : 10, share_attr_fd : 11, width : 1920, height : 1080, req_format : 0x1, producer_usage : 0x1a00, consumer_usage : 0x1a00, , stride : 0, alloc_format_base: 1, alloc_format_modifiers: 0x04190000, size : 8486912, layer_count : 1, backing_store_id: 0x1560000606a
04-21 10:07:54.486   342   342 D android.hardware.graphics.allocator-V1-service: plane_info[0]: offset : 0, byte_stride : 7680, alloc_width : 1920, alloc_height : 1088
04-21 10:07:54.486   342   342 D android.hardware.graphics.allocator-V1-service: plane_info[1]: offset : 0, byte_stride : 0, alloc_width : 0, alloc_height : 0
04-21 10:07:54.493   888  8106 D FileUtils: Rounded bytes from 4073672704 to 8000000000
04-21 10:07:54.499 28903 28938 D TrafficStats: tagSocket(103) with statsTag=0xffffffff, statsUid=-1
04-21 10:07:54.501   342   342 I android.hardware.graphics.allocator-V1-service: alloc_format: RGBA_8888 + AFBC + SPLIT + WIDE + SPARSE + Datatype: UNORM
04-21 10:07:54.501   342   342 I android.hardware.graphics.allocator-V1-service: mali_gralloc_adjust_dimensions: alloc_format=RGBA_8888 + AFBC + SPLIT + WIDE + SPARSE + Datatype: UNORM usage=RENDER + FRAMEBUFFER + HWC alloc_width=1920, alloc_height=1088
04-21 10:07:54.502   342   342 I android.hardware.graphics.allocator-V1-service: Writing AFBC header layout 0 for format 1, n_headers: 8160
04-21 10:07:54.502   342   342 D android.hardware.graphics.allocator-V1-service: got new private_handle_t instance for buffer 'FramebufferSurface'. share_fd : 10, share_attr_fd : 11, width : 1920, height : 1080, req_format : 0x1, producer_usage : 0x1a00, consumer_usage : 0x1a00, , stride : 0, alloc_format_base: 1, alloc_format_modifiers: 0x04190000, size : 8486912, layer_count : 1, backing_store_id: 0x1560000606b
04-21 10:07:54.502   342   342 D android.hardware.graphics.allocator-V1-service: plane_info[0]: offset : 0, byte_stride : 7680, alloc_width : 1920, alloc_height : 1088
04-21 10:07:54.502   342   342 D android.hardware.graphics.allocator-V1-service: plane_info[1]: offset : 0, byte_stride : 0, alloc_width : 0, alloc_height : 0
04-21 10:07:54.506 28903 28938 I assembly.android.mixc-retail-rn84.boot: {"stage":"resolve-topology:done","displayIndex":0,"displayCount":2,"topologyRole":"master","topologyWsUrl":"ws://127.0.0.1:8888/mockMasterServer/ws","resolvedRole":"master","resolvedWsUrl":"ws://127.0.0.1:8888/mockMasterServer/ws"}
04-21 10:07:54.507 28903 28938 I assembly.android.mixc-retail-rn84.boot: {"stage":"create-app:start","displayIndex":0,"displayCount":2,"topologyRole":"master","topologyWsUrl":"ws://127.0.0.1:8888/mockMasterServer/ws"}
04-21 10:07:54.532 28903 28938 I assembly.kernel.base.runtime-shell-v2.state-runtime: [runtime.load] load kernel.base.runtime-shell-v2 {"slices":["kernel.base.runtime-shell-v2.error-catalog","kernel.base.runtime-shell-v2.parameter-catalog","kernel.base.topology-runtime-v3.config","kernel.base.topology-runtime-v3.context","kernel.base.topology-runtime-v3.connection","kernel.base.topology-runtime-v3.peer","kernel.base.topology-runtime-v3.sync","kernel.base.topology-runtime-v3.request-mirror","kernel.base.topology-runtime-v3.demo.master","kernel.base.topology-runtime-v3.demo.slave","kernel.base.tcp-control-runtime-v2.identity","kernel.base.tcp-control-runtime-v2.credential","kernel.base.tcp-control-runtime-v2.binding","kernel.base.tcp-control-runtime-v2.sandbox","kernel.base.tcp-control-runtime-v2.runtime","kernel.base.tdp-sync-runtime-v2.session","kernel.base.tdp-sync-runtime-v2.sync","kernel.base.tdp-sync-runtime-v2.projection","kernel.base.tdp-sync-runtime-v2.command-inbox","kernel.base.tdp-sync-runtime-v2.control-signals","kernel.base.tdp-sync-runtime-v2.hot-update","kernel.base.ui-runtime-v2.screen.main","kernel.base.ui-runtime-v2.screen.branch","kernel.base.ui-runtime-v2.overlay.main","kernel.base.ui-runtime-v2.overlay.branch","kernel.base.ui-runtime-v2.ui-variable.main","kernel.base.ui-runtime-v2.ui-variable.branch","ui.base.admin-console.console"],"persistableSlices":["kernel.base.runtime-shell-v2.error-catalog","kernel.base.runtime-shell-v2.parameter-catalog","kernel.base.topology-runtime-v3.config","kernel.base.tcp-control-runtime-v2.identity","kernel.base.tcp-control-runtime-v2.credential","kernel.base.tcp-control-runtime-v2.binding","kernel.base.tcp-control-runtime-v2.sandbox","kernel.base.tdp-sync-runtime-v2.sync","kernel.base.tdp-sync-runtime-v2.projection","kernel.base.tdp-sync-runtime-v2.hot-update","kernel.base.ui-runtime-v2.screen.main","kernel.base.ui-runtime-v2.screen.branch","kernel.base.ui-runtime-v2.overlay.main","kernel.base.ui-runtime-v2.overlay.branch","kernel.base.ui-runtime-v2.ui-variable.main","kernel.base.ui-runtime-v2.ui-variable.branch","ui.base.admin-console.console"],"persistenceEnabled":true}
04-21 10:07:54.533 28903 28938 I assembly.android.mixc-retail-rn84.boot: {"stage":"create-app:done","displayIndex":0,"displayCount":2,"topologyRole":"master","topologyWsUrl":"ws://127.0.0.1:8888/mockMasterServer/ws"}
04-21 10:07:54.535  1104  1137 W WindowOnBackDispatcher: sendCancelIfRunning: isInProgress=falsecallback=android.view.ViewRootImpl$$ExternalSyntheticLambda17@56d6e8
04-21 10:07:54.536   888  8106 D CoreBackPreview: Window{6138266 u0 Splash Screen com.impos2.mixcretailassemblyrn84 EXITING}: Setting back callback null
04-21 10:07:54.536   888  4056 W InputManager-JNI: Input channel object '6138266 Splash Screen com.impos2.mixcretailassemblyrn84 (client)' was disposed without first being removed with the input manager!
04-21 10:07:54.536 28903 28938 I assembly.android.mixc-retail-rn84.boot: {"stage":"runtime.start:start","displayIndex":0,"displayCount":2,"topologyRole":"master","topologyWsUrl":"ws://127.0.0.1:8888/mockMasterServer/ws"}
04-21 10:07:54.537 28903 28938 I assembly.kernel.base.runtime-shell-v2.application.KernelRuntimeAppV2: [runtime.load] created kernel runtime app v2 {"runtimeName":"assembly.android.mixc-retail-rn84","runtimeId":"run_mo7zhz1c_oi3u178ue6ci1c3j","localNodeId":"master:2N4QS8GYRS","moduleNames":["assembly.android.mixc-retail-rn84","kernel.base.topology-runtime-v3","kernel.base.tcp-control-runtime-v2","kernel.base.tdp-sync-runtime-v2","kernel.base.ui-runtime-v2","ui.base.runtime-react","ui.base.input-runtime","ui.base.admin-console","ui.base.terminal-console","ui.integration.retail-shell"]}
04-21 10:07:54.537 28903 28938 I assembly.kernel.base.runtime-shell-v2.application.KernelRuntimeAppV2: [runtime.load] start kernel runtime app v2 pre-setup {"runtimeName":"assembly.android.mixc-retail-rn84","moduleNames":["assembly.android.mixc-retail-rn84","kernel.base.topology-runtime-v3","kernel.base.tcp-control-runtime-v2","kernel.base.tdp-sync-runtime-v2","kernel.base.ui-runtime-v2","ui.base.runtime-react","ui.base.input-runtime","ui.base.admin-console","ui.base.terminal-console","ui.integration.retail-shell"]}
04-21 10:07:54.538 28903 28938 I assembly.assembly.android.mixc-retail-rn84: [runtime.load] pre-setup assembly.android.mixc-retail-rn84 {"moduleName":"assembly.android.mixc-retail-rn84","runtimeNodeId":"master:2N4QS8GYRS","knownModules":["assembly.android.mixc-retail-rn84","kernel.base.topology-runtime-v3","kernel.base.tcp-control-runtime-v2","kernel.base.tdp-sync-runtime-v2","kernel.base.ui-runtime-v2","ui.base.runtime-react","ui.base.input-runtime","ui.base.admin-console","ui.base.terminal-console","ui.integration.retail-shell"]}
04-21 10:07:54.538 28903 28938 I assembly.kernel.base.runtime-shell-v2.application.KernelRuntimeAppV2: [runtime.load] completed module pre-setup {"moduleName":"assembly.android.mixc-retail-rn84","packageVersion":"1.0.0","dependencies":[],"stateSliceNames":[],"commandNames":[],"actorKeys":["assembly.android.mixc-retail-rn84.AssemblyRuntimeInitializeActor"],"errorKeys":[],"parameterKeys":[],"hasInstall":true,"hasPreSetup":true}
04-21 10:07:54.539 28903 28938 I assembly.assembly.android.mixc-retail-rn84: [runtime.load] pre-setup kernel.base.topology-runtime-v3 {"moduleName":"kernel.base.topology-runtime-v3","runtimeNodeId":"master:2N4QS8GYRS","knownModules":["assembly.android.mixc-retail-rn84","kernel.base.topology-runtime-v3","kernel.base.tcp-control-runtime-v2","kernel.base.tdp-sync-runtime-v2","kernel.base.ui-runtime-v2","ui.base.runtime-react","ui.base.input-runtime","ui.base.admin-console","ui.base.terminal-console","ui.integration.retail-shell"]}
04-21 10:07:54.539 28903 28938 I assembly.kernel.base.runtime-shell-v2.application.KernelRuntimeAppV2: [runtime.load] completed module pre-setup {"moduleName":"kernel.base.topology-runtime-v3","packageVersion":"0.0.1","dependencies":[],"stateSliceNames":["kernel.base.topology-runtime-v3.config","kernel.base.topology-runtime-v3.context","kernel.base.topology-runtime-v3.connection","kernel.base.topology-runtime-v3.peer","kernel.base.topology-runtime-v3.sync","kernel.base.topology-runtime-v3.request-mirror","kernel.base.topology-runtime-v3.demo.master","kernel.base.topology-runtime-v3.demo.slave"],"commandNames":["kernel.base.topology-runtime-v3.set-instance-mode","kernel.base.topology-runtime-v3.set-display-mode","kernel.base.topology-runtime-v3.set-enable-slave","kernel.base.topology-runtime-v3.set-master-locator","kernel.base.topology-runtime-v3.clear-master-locator","kernel.base.topology-runtime-v3.refresh-topology-context","kernel.base.topology-runtime-v3.start-topology-connection","kernel.base.topology-runtime-v3.stop-topology-connection","kernel.base.topology-runtime-v3.restart-topology-connection","kernel.base.topology-runtime-v3.upsert-demo-master-entry","kernel.base.topology-runtime-v3.remove-demo-master-entry","kernel.base.topology-runtime-v3.reset-demo-master-state","kernel.base.topology-runtime-v3.upsert-demo-slave-entry","kernel.base.topology-runtime-v3.remove-demo-slave-entry","kernel.base.topology-runtime-v3.reset-demo-slave-state"],"actorKeys":["kernel.base.topology-runtime-v3.TopologyContextActor","kernel.base.topology-runtime-v3.TopologyConnectionActor","kernel.base.topology-runtime-v3.TopologyDemoSyncActor"],"errorKeys":["kernel.base.topology-runtime-v3.display_context_required","kernel.base.topology-runtime-v3.orchestrator_required","kernel.base.topology-runtime-v3.socket_binding_required","kernel.base.topology-runtime-v3.hello_runtime_required","kernel.base.topology-runtime-v3.action_not_allowed"],"parameterKeys":["kernel.base.topology-runtime-v3.reconnect-interval-ms"],"hasInstall":true,"hasPreSetup":true}
