04-21 10:07:57.963   342   342 D android.hardware.graphics.allocator-V1-service: got new private_handle_t instance for buffer 'VRI[SecondaryActivity]#1(BLAST Consumer)1'. share_fd : 10, share_attr_fd : 11, width : 1920, height : 1080, req_format : 0x1, producer_usage : 0xb00, consumer_usage : 0xb00, , stride : 0, alloc_format_base: 1, alloc_format_modifiers: 0x04190000, size : 8486912, layer_count : 1, backing_store_id: 0x15600006070
04-21 10:07:57.963   342   342 D android.hardware.graphics.allocator-V1-service: plane_info[0]: offset : 0, byte_stride : 7680, alloc_width : 1920, alloc_height : 1088
04-21 10:07:57.963   342   342 D android.hardware.graphics.allocator-V1-service: plane_info[1]: offset : 0, byte_stride : 0, alloc_width : 0, alloc_height : 0
04-21 10:07:57.964   342   342 I android.hardware.graphics.allocator-V1-service: alloc_format: RGBA_8888 + AFBC + SPLIT + WIDE + SPARSE + Datatype: UNORM
04-21 10:07:57.964   342   342 I android.hardware.graphics.allocator-V1-service: mali_gralloc_adjust_dimensions: alloc_format=RGBA_8888 + AFBC + SPLIT + WIDE + SPARSE + Datatype: UNORM usage=TEXTURE + RENDER + HWC alloc_width=1920, alloc_height=1088
04-21 10:07:57.966   342   342 I android.hardware.graphics.allocator-V1-service: Writing AFBC header layout 0 for format 1, n_headers: 8160
04-21 10:07:57.966   342   342 D android.hardware.graphics.allocator-V1-service: got new private_handle_t instance for buffer 'VRI[SecondaryActivity]#1(BLAST Consumer)1'. share_fd : 10, share_attr_fd : 11, width : 1920, height : 1080, req_format : 0x1, producer_usage : 0xb00, consumer_usage : 0xb00, , stride : 0, alloc_format_base: 1, alloc_format_modifiers: 0x04190000, size : 8486912, layer_count : 1, backing_store_id: 0x15600006071
04-21 10:07:57.966   342   342 D android.hardware.graphics.allocator-V1-service: plane_info[0]: offset : 0, byte_stride : 7680, alloc_width : 1920, alloc_height : 1088
04-21 10:07:57.967   342   342 D android.hardware.graphics.allocator-V1-service: plane_info[1]: offset : 0, byte_stride : 0, alloc_width : 0, alloc_height : 0
04-21 10:07:57.969   342   342 I android.hardware.graphics.allocator-V1-service: alloc_format: RGBA_8888 + AFBC + SPLIT + WIDE + SPARSE + Datatype: UNORM
04-21 10:07:57.969   342   342 I android.hardware.graphics.allocator-V1-service: mali_gralloc_adjust_dimensions: alloc_format=RGBA_8888 + AFBC + SPLIT + WIDE + SPARSE + Datatype: UNORM usage=TEXTURE + RENDER + HWC alloc_width=1920, alloc_height=1088
04-21 10:07:57.972   342   342 I android.hardware.graphics.allocator-V1-service: Writing AFBC header layout 0 for format 1, n_headers: 8160
04-21 10:07:57.972   342   342 D android.hardware.graphics.allocator-V1-service: got new private_handle_t instance for buffer 'VRI[SecondaryActivity]#1(BLAST Consumer)1'. share_fd : 10, share_attr_fd : 11, width : 1920, height : 1080, req_format : 0x1, producer_usage : 0xb00, consumer_usage : 0xb00, , stride : 0, alloc_format_base: 1, alloc_format_modifiers: 0x04190000, size : 8486912, layer_count : 1, backing_store_id: 0x15600006072
04-21 10:07:57.972   342   342 D android.hardware.graphics.allocator-V1-service: plane_info[0]: offset : 0, byte_stride : 7680, alloc_width : 1920, alloc_height : 1088
04-21 10:07:57.972   342   342 D android.hardware.graphics.allocator-V1-service: plane_info[1]: offset : 0, byte_stride : 0, alloc_width : 0, alloc_height : 0
04-21 10:07:57.976 28642 28651 I yrn84:secondary: Background concurrent mark compact GC freed 121113(3776KB) AllocSpace objects, 20(400KB) LOS objects, 49% free, 3749KB/7499KB, paused 940us,5.138ms total 58.197ms
04-21 10:07:57.979   888   904 I ActivityTaskManager: Displayed com.impos2.mixcretailassemblyrn84/.SecondaryActivity for user 0: +157ms
04-21 10:07:57.980 28642 28678 I assembly.assembly.android.mixc-retail-rn84.transport.ws.SocketRuntime: [transport.ws] Socket connect started: assembly.android.mixc-retail-rn84.topology {"profileName":"assembly.android.mixc-retail-rn84.topology","serverName":"dual-topology-host-v3","addressName":"dynamic-topology-host"}
04-21 10:07:57.981 28642 28677 I ReactNativeJS: '[assembly.android.mixc-retail-rn84.websocket] connect', { url: 'ws://127.0.0.1:8888/mockMasterServer/ws',
04-21 10:07:57.981 28642 28677 I ReactNativeJS:   protocol: 'ws',
04-21 10:07:57.981 28642 28677 I ReactNativeJS:   host: '127.0.0.1:8888',
04-21 10:07:57.981 28642 28677 I ReactNativeJS:   pathname: '/mockMasterServer/ws' }
04-21 10:07:57.985   888   949 V WindowManager: getPackagePerformanceMode -- ComponentInfo{com.impos2.mixcretailassemblyrn84/com.impos2.mixcretailassemblyrn84.MainActivity} -- com.impos2.mixcretailassemblyrn84 -- mode=0
04-21 10:07:57.986   688   688 W libc    : Access denied finding property "vendor.sculptor.enable"
04-21 10:07:57.984   688   688 W android.hardwar: type=1400 audit(0.0:8700): avc:  denied  { read } for  name="u:object_r:vendor_sculptor_prop:s0" dev="tmpfs" ino=383 scontext=u:r:hal_power_default:s0 tcontext=u:object_r:vendor_sculptor_prop:s0 tclass=file permissive=0
04-21 10:07:57.987 28642 28678 I assembly.kernel.base.runtime-shell-v2.application.KernelRuntimeAppV2: [runtime.load] kernel runtime app v2 started {"runtimeName":"assembly.android.mixc-retail-rn84","moduleDescriptors":[{"moduleName":"assembly.android.mixc-retail-rn84","packageVersion":"1.0.0","dependencies":[],"stateSliceNames":[],"commandNames":[],"actorKeys":["assembly.android.mixc-retail-rn84.AssemblyRuntimeInitializeActor"],"errorKeys":[],"parameterKeys":[],"hasInstall":true,"hasPreSetup":true},{"moduleName":"kernel.base.topology-runtime-v3","packageVersion":"0.0.1","dependencies":[],"stateSliceNames":["kernel.base.topology-runtime-v3.config","kernel.base.topology-runtime-v3.context","kernel.base.topology-runtime-v3.connection","kernel.base.topology-runtime-v3.peer","kernel.base.topology-runtime-v3.sync","kernel.base.topology-runtime-v3.request-mirror","kernel.base.topology-runtime-v3.demo.master","kernel.base.topology-runtime-v3.demo.slave"],"commandNames":["kernel.base.topology-runtime-v3.set-instance-mode","kernel.base.topology-runtime-v3.set-display-mode","kernel.base.topology-runtime-v3.set-enable-slave","kernel.base.topology-runtime-v3.set-master-locator","kernel.base.topology-runtime-v3.clear-master-locator","kernel.base.topology-runtime-v3.refresh-topology-context","kernel.base.topology-runtime-v3.start-topology-connection","kernel.base.topology-runtime-v3.stop-topology-connection","kernel.base.topology-runtime-v3.restart-topology-connection","kernel.base.topology-runtime-v3.upsert-demo-master-entry","kernel.base.topology-runtime-v3.remove-demo-master-entry","kernel.base.topology-runtime-v3.reset-demo-master-state","kernel.base.topology-runtime-v3.upsert-demo-slave-entry","kernel.base.topology-runtime-v3.remove-demo-slave-entry","kernel.base.topology-runtime-v3.reset-demo-slave-state"],"actorKeys":["kernel.base.topology-runtime-v3.TopologyContextActor","kernel.base.topology-runtime-v3.TopologyConnectionActor","kernel.base.topology-runtime-v3.TopologyDemoSyncActor"],"errorKeys":["kernel.base.topology-runtime-v3.display_context_required","kernel.base.topology-runtime-v3.orchestrator_required","kernel.base.topology-runtime-v3.socket_binding_required","kernel.base.topology-runtime-v3.hello_runtime_required","kernel.base.topology-runtime-v3.action_not_allowed"],"parameterKeys":["kernel.base.topology-runtime-v3.reconnect-interval-ms"],"hasInstall":true,"hasPreSetup":true},{"moduleName":"kernel.base.tcp-control-runtime-v2","packageVersion":"0.0.1","dependencies":[],"stateSliceNames":["kernel.base.tcp-control-runtime-v2.identity","kernel.base.tcp-control-runtime-v2.credential","kernel.base.tcp-control-runtime-v2.binding","kernel.base.tcp-control-runtime-v2.sandbox","kernel.base.tcp-control-runtime-v2.runtime"],"commandNames":["kernel.base.tcp-control-runtime-v2.bootstrap-tcp-control","kernel.base.tcp-control-runtime-v2.bootstrap-tcp-control-succeeded","kernel.base.tcp-control-runtime-v2.activate-terminal","kernel.base.tcp-control-runtime-v2.activate-terminal-succeeded","kernel.base.tcp-control-runtime-v2.refresh-credential","kernel.base.tcp-control-runtime-v2.credential-refreshed","kernel.base.tcp-control-runtime-v2.deactivate-terminal","kernel.base.tcp-control-runtime-v2.deactivate-terminal-succeeded","kernel.base.tcp-control-runtime-v2.report-task-result","kernel.base.tcp-control-runtime-v2.task-result-reported","kernel.base.tcp-control-runtime-v2.reset-tcp-control"],"actorKeys":["kernel.base.tcp-control-runtime-v2.TcpBootstrapActor","kernel.base.tcp-control-runtime-v2.TcpActivationActor","kernel.base.tcp-control-runtime-v2.TcpCredentialActor","kernel.base.tcp-control-runtime-v2.TcpDeactivationActor","kernel.base.tcp-control-runtime-v2.TcpTaskReportActor","kernel.base.tcp-control-runtime-v2.TcpStateMutationActor"],"errorKeys":["kernel.base.tcp-control-runtime-v2.activation_code_invalid","kernel.base.tcp-control-runtime-v2.activation_failed","kernel.base.tcp-control-runtime-v2.credential_missing","kernel.base.tcp-control-runtime-v2.credential_expired","kernel.base.tcp-control-runtime-v2.refresh_failed","kernel.base.tcp
04-21 10:07:57.987   888   949 W ActivityTaskManager: Request to remove task ignored for non-existent task 218
04-21 10:07:57.987 28642 28983 D TrafficStats: tagSocket(144) with statsTag=0xffffffff, statsUid=-1
04-21 10:07:57.988 28903 28953 D TrafficStats: tagSocket(101) with statsTag=0xffffffff, statsUid=-1
04-21 10:07:58.000   888  4056 I ImeTracker: com.impos2.mixcretailassemblyrn84:cc3ee049: onRequestHide at ORIGIN_SERVER_HIDE_INPUT reason HIDE_UNSPECIFIED_WINDOW
04-21 10:07:58.000   888  4056 I ImeTracker: com.impos2.mixcretailassemblyrn84:cc3ee049: onCancelled at PHASE_SERVER_SHOULD_HIDE
04-21 10:07:58.002   888   918 W libprocessgroup: SetCgroup::ExecuteForProcess: failed to open /dev/stune/background/cgroup.procs: No such file or directory
04-21 10:07:58.002  1750  1750 I GoogleInputMethodService: GoogleInputMethodService.onDestroy():1487 
04-21 10:07:58.003  1750  1750 I HardKeyTracker: HardKeyTracker.unregisterKeySequence():183 Unregister key sequence lmm{labelResId=2132019861, callback=bzi@9a5b64e, lastModifier=2, keyCodes=[47], actions=[0]}
04-21 10:07:58.003  1750  1750 I ModuleManager: ModuleManager$ModuleInitListener.maybeUnloadModuleOnUnavailable():1288 module dlu is unavailable
04-21 10:07:58.003  1750  1750 I ModuleManager: ModuleManager$ModuleInitListener.maybeUnloadModuleOnUnavailable():1288 module kde is unavailable
04-21 10:07:58.004  1750  1750 I ModuleManager: ModuleManager$ModuleInitListener.maybeUnloadModuleOnUnavailable():1288 module kof is unavailable
04-21 10:07:58.005   888   918 W libprocessgroup: SetCgroup::ExecuteForProcess: failed to open /dev/stune/top-app/cgroup.procs: No such file or directory
04-21 10:07:58.006  1750  1750 I HardKeyTracker: HardKeyTracker.unregisterKeySequence():183 Unregister key sequence lmm{labelResId=0, callback=jvl@f255505, lastModifier=0, keyCodes=[204], actions=[0]}
04-21 10:07:58.006  1750  1750 I ModuleManager: ModuleManager$ModuleInitListener.maybeUnloadModuleOnUnavailable():1288 module koj is unavailable
04-21 10:07:58.006  1750  1750 I ModuleManager: ModuleManager$ModuleInitListener.maybeUnloadModuleOnUnavailable():1288 module lqb is unavailable
04-21 10:07:58.007  1750  1750 I ModuleManager: ModuleManager$ModuleInitListener.maybeUnloadModuleOnUnavailable():1288 module jia is unavailable
04-21 10:07:58.007  1750  1750 I EmojifyExtensionImpl: EmojifyExtensionImpl.onDestroy():603 Destroying Emojify extension egx@9a3816c.
04-21 10:07:58.008  1750  1750 I ModuleManager: ModuleManager$ModuleInitListener.maybeUnloadModuleOnUnavailable():1288 module dog is unavailable
04-21 10:07:58.008  1750  1750 I ModuleManager: ModuleManager$ModuleInitListener.maybeUnloadModuleOnUnavailable():1288 module gqs is unavailable
04-21 10:07:58.008  1750  1750 I ModuleManager: ModuleManager$ModuleInitListener.maybeUnloadModuleOnUnavailable():1288 module ech is unavailable
04-21 10:07:58.008  1750  1750 W AccessPointsManager: AccessPointsManager.removeAccessPoint():918 The holder controller #0x7f0b2098 is not registered
04-21 10:07:58.008  1750  1750 I ModuleManager: ModuleManager$ModuleInitListener.maybeUnloadModuleOnUnavailable():1288 module dlz is unavailable
04-21 10:07:58.008  1750  1750 I AccessPointsListHolderController: AccessPointsListHolderController.removeAccessPoint():345 The access point textediting is not added
04-21 10:07:58.008  1750  1750 I ModuleManager: ModuleManager$ModuleInitListener.maybeUnloadModuleOnUnavailable():1288 module gmv is unavailable
04-21 10:07:58.008  1750  1750 I AccessPointsListHolderController: AccessPointsListHolderController.removeAccessPoint():345 The access point settings is not added
04-21 10:07:58.008  1750  1750 I ModuleManager: ModuleManager$ModuleInitListener.maybeUnloadModuleOnUnavailable():1288 module llz is unavailable
04-21 10:07:58.008  1750  1750 I AccessPointsListHolderController: AccessPointsListHolderController.removeAccessPoint():345 The access point theme_setting is not added
04-21 10:07:58.009  1750  1750 I ModuleManager: ModuleManager$ModuleInitListener.maybeUnloadModuleOnUnavailable():1288 module ltc is unavailable
04-21 10:07:58.009  1750  1750 I ModuleManager: ModuleManager$ModuleInitListener.maybeUnloadModuleOnUnavailable():1288 module fxu is unavailable
04-21 10:07:58.009  1750  1750 I ModuleManager: ModuleManager$ModuleInitListener.maybeUnloadModuleOnUnavailable():1288 module eol is unavailable
04-21 10:07:58.009  1750  1750 I ModuleManager: ModuleManager$ModuleInitListener.maybeUnloadModuleOnUnavailable():1288 module egk is unavailable
04-21 10:07:58.009  1750  1750 I AbstractOpenableExtension: AbstractOpenableExtension.maybeDestroyExistingKeyboardGroupManager():535 Destroy existing keyboard group manager in fxd
04-21 10:07:58.009  1750  1750 I ModuleManager: ModuleManager$ModuleInitListener.maybeUnloadModuleOnUnavailable():1288 module FastAccessBarExtension is unavailable
04-21 10:07:58.009  1750  1750 I ModuleManager: ModuleManager$ModuleInitListener.maybeUnloadModuleOnUnavailable():1288 module IBitmojiExtension is unavailable
04-21 10:07:58.009  1750  1750 I ModuleManager: ModuleManager$ModuleInitListener.maybeUnloadModuleOnUnavailable():1288 module ftp is unavailable
04-21 10:07:58.009  1750  1750 I ModuleManager: ModuleManager$ModuleInitListener.maybeUnloadModuleOnUnavailable():1288 module IUniversalMediaExtension is unavailable
04-21 10:07:58.009  1750  1750 I ModuleManager: ModuleManager$ModuleInitListener.maybeUnloadModuleOnUnavailable():1288 module fhh is unavailable
04-21 10:07:58.009  1750  1750 I ModuleManager: ModuleManager$ModuleInitListener.maybeUnloadModuleOnUnavailable():1288 module edj is unavailable
04-21 10:07:58.009  1750  1750 I ModuleManager: ModuleManager$ModuleInitListener.maybeUnloadModuleOnUnavailable():1288 module eff is unavailable
04-21 10:07:58.010  1750  1750 I ModuleManager: ModuleManager$ModuleInitListener.maybeUnloadModuleOnUnavailable():1288 module eyf is unavailable
04-21 10:07:58.010  1750  1750 I ModuleManager: ModuleManager$ModuleInitListener.maybeUnloadModuleOnUnavailable():1288 module ffu is unavailable
04-21 10:07:58.010  1750  2067 I InputActionMetricsProcessor: InputActionMetricsProcessor.onDetached():96 Detached from metrics manager.
04-21 10:07:58.010  1750  1750 I JapaneseMozcExtension: JapaneseMozcExtension.onDestroy():52 
04-21 10:07:58.010  1750  1750 I ModuleManager: ModuleManager$ModuleInitListener.maybeUnloadModuleOnUnavailable():1288 module fkk is unavailable
04-21 10:07:58.010  1750  1750 I ModuleManager: ModuleManager$ModuleInitListener.maybeUnloadModuleOnUnavailable():1288 module frr is unavailable
04-21 10:07:58.010  1750  1750 I ModuleManager: ModuleManager$ModuleInitListener.maybeUnloadModuleOnUnavailable():1288 module fsu is unavailable
04-21 10:07:58.010  1750  1750 I ModuleManager: ModuleManager$ModuleInitListener.maybeUnloadModuleOnUnavailable():1288 module IEmojiOrGifExtension is unavailable
04-21 10:07:58.011  1750  1750 I ModuleManager: ModuleManager$ModuleInitListener.maybeUnloadModuleOnUnavailable():1288 module IEmoticonExtension is unavailable
04-21 10:07:58.011  1750  1750 I ModuleManager: ModuleManager$ModuleInitListener.maybeUnloadModuleOnUnavailable():1288 module fwa is unavailable
04-21 10:07:58.011  1750  1750 I ModuleManager: ModuleManager$ModuleInitListener.maybeUnloadModuleOnUnavailable():1288 module fzk is unavailable
04-21 10:07:58.011  1750  1750 I ModuleManager: ModuleManager$ModuleInitListener.maybeUnloadModuleOnUnavailable():1288 module gru is unavailable
04-21 10:07:58.011  1750  1750 I OnDevicePackDownloadModule: OnDevicePackDownloadModule.onDestroy():95 onDestroy()
04-21 10:07:58.011  1750  1750 I ModuleManager: ModuleManager$ModuleInitListener.maybeUnloadModuleOnUnavailable():1288 module gwv is unavailable
04-21 10:07:58.011  1750  1750 I NewS3RecognizerModule: NewS3RecognizerModule.onDestroy():21 onDestroy [news3]
04-21 10:07:58.011  1750  1750 I ModuleManager: ModuleManager$ModuleInitListener.maybeUnloadModuleOnUnavailable():1288 module gza is unavailable
04-21 10:07:58.012  1750  1750 I ModuleManager: ModuleManager$ModuleInitListener.maybeUnloadModuleOnUnavailable():1288 module fuf is unavailable
04-21 10:07:58.012  1750  1750 I ModuleManager: ModuleManager$ModuleInitListener.maybeUnloadModuleOnUnavailable():1288 module fuj is unavailable
04-21 10:07:58.012  1750  1750 I ModuleManager: ModuleManager$ModuleInitListener.maybeUnloadModuleOnUnavailable():1288 module kob is unavailable
04-21 10:07:58.012  1750  1750 I ModuleManager: ModuleManager$ModuleInitListener.maybeUnloadModuleOnUnavailable():1288 module inr is unavailable
04-21 10:07:58.012  1750  1750 I ModuleManager: ModuleManager$ModuleInitListener.maybeUnloadModuleOnUnavailable():1288 module IBannerExtension is unavailable
04-21 10:07:58.014  1750  1750 I ModuleManager: ModuleManager$ModuleInitListener.maybeUnloadModuleOnUnavailable():1288 module dpl is unavailable
04-21 10:07:58.014  1750  1750 I ModuleManager: ModuleManager$ModuleInitListener.maybeUnloadModuleOnUnavailable():1288 module IGifKeyboardExtension is unavailable
04-21 10:07:58.014  1750  1750 I ModuleManager: ModuleManager$ModuleInitListener.maybeUnloadModuleOnUnavailable():1288 module gmu is unavailable
04-21 10:07:58.014  1750  1750 I ModuleManager: ModuleManager$ModuleInitListener.maybeUnloadModuleOnUnavailable():1288 module IStickerExtension is unavailable
04-21 10:07:58.014  1750  1750 I ModuleManager: ModuleManager$ModuleInitListener.maybeUnloadModuleOnUnavailable():1288 module ITranslateUIExtension is unavailable
04-21 10:07:58.015  1750  1750 I HardKeyTracker: HardKeyTracker.unregisterKeySequence():183 Unregister key sequence lmm{labelResId=2132019852, callback=fpg@3df0d18, lastModifier=0, keyCodes=[57, 57], actions=[1, 0]}
04-21 10:07:58.015  1750  1750 I HardKeyTracker: HardKeyTracker.unregisterKeySequence():183 Unregister key sequence lmm{labelResId=0, callback=fpg@60e09d7, lastModifier=0, keyCodes=[58, 58], actions=[1, 0]}
04-21 10:07:58.015  1750  1750 I AbstractOpenableExtension: AbstractOpenableExtension.maybeDestroyExistingKeyboardGroupManager():535 Destroy existing keyboard group manager in fvb
04-21 10:07:58.015  1750  1750 I ModuleManager: ModuleManager$ModuleInitListener.maybeUnloadModuleOnUnavailable():1288 module IEmojiSearchExtension is unavailable
04-21 10:07:58.016  1750  1750 I ModuleManager: ModuleManager$ModuleInitListener.maybeUnloadModuleOnUnavailable():1288 module ecc is unavailable
04-21 10:07:58.017  1750  2123 W GoogleApiManager: The service for hgg is not available: hgq{statusCode=SERVICE_DISABLED, resolution=null, message=null}
04-21 10:07:58.017  1750  1750 I GoogleInputMethodService: GoogleInputMethodService.onDestroy():1522 Maybe update OEM display config because of service destruction
04-21 10:07:58.019  1750  1750 I GoogleInputMethodService: GoogleInputMethodService.onFinishInput():3184 
04-21 10:07:58.020  1750  1750 I GoogleInputMethodService: GoogleInputMethodService.updateDeviceLockedStatus():2246 repeatCheckTimes = 0, locked = false
04-21 10:07:58.021   888   949 W InputManager-JNI: Input channel object 'dbbe166 InputMethod (client)' was disposed without first being removed with the input manager!
04-21 10:07:58.026  1750  1750 I GoogleInputMethodService: GoogleInputMethodService.clearInputMethodServiceData():1603 clearInputMethodServiceData for onDestroy
04-21 10:07:58.026  1750  1750 I GoogleInputMethodService: GoogleInputMethodService.discardAllKeyboardViewAndInputView():1813 discardAllKeyboardViewAndInputView()
04-21 10:07:58.027  1750  1750 I KeyboardModeManager: KeyboardModeManager.setInputViewKeyboardViewHolderProvider():618 setInputView() : supportsOneHandedMode=false supportsSplitMode=true
04-21 10:07:58.027  1750  1750 I NormalModeController: NormalModeController.getKeyboardBodyViewHolderPaddingBottom():104 currentPrimeKeyboardType:HARD_QWERTY systemPaddingBottom:-1
04-21 10:07:58.027  1750  1750 I KeyboardModeManager: KeyboardModeManager.setInputViewKeyboardViewHolderProvider():606 setInputView() : supportsOneHandedMode=false, supportSplitMode=true
04-21 10:07:58.027  1750  1750 I InputMethodEntryManager: InputMethodEntryManager.notifyCurrentInputMethodEntryOnContextChanged():539 notifyCurrentInputMethodEntryOnContextChanged()
04-21 10:07:58.027  1750  1750 I InputMethodEntryManager: InputMethodEntryManager.notifyCurrentInputMethodEntryOnContextChanged():560 Notify current input method entry changed on context change
04-21 10:07:58.027  1750  1750 I KeyboardThemeProvider: KeyboardThemeProvider.reset():40 Reset keyboard theme
04-21 10:07:58.027  1750  1750 I KeyboardContextProvider: KeyboardContextProvider.setBaseContextAndInvalidKeyboardContextCache():88 setBaseContextAndInvalidKeyboardContextCache(): null
04-21 10:07:58.031  1750  1750 I GoogleInputMethodService: GoogleInputMethodService.onCreate():1009 
04-21 10:07:58.039  1750  1750 I GoogleInputMethodService: GoogleInputMethodService.onCreate():1019 Maybe update OEM display config because of service creation
04-21 10:07:58.041  1750  1750 I WindowMetricsNotification: WindowMetricsNotification.notify():134 WindowMetricsNotification{bounds=Rect(0, 36 - 1920, 1080), insets=Rect(0, 0 - 0, 0), densityDpi=240, smallestScreenWidthDp=720, displayWidth=1920, displayHeight=1080, xdpi=717.176, ydpi=226.71, isTrustable=true}; DisplayMetrics{density=1.5, width=1920, height=1080, scaledDensity=1.5, xdpi=717.176, ydpi=226.71}
04-21 10:07:58.041  1750  1750 I WindowMetricsHelper: WindowMetricsHelper.predictAndNotify():140 Window metrics predicted.
04-21 10:07:58.041  1750  1750 I InputMethodEntryManager: InputMethodEntryManager.notifyCurrentInputMethodEntryOnContextChanged():539 notifyCurrentInputMethodEntryOnContextChanged()
04-21 10:07:58.041  1750  1750 I InputMethodEntryManager: InputMethodEntryManager.notifyCurrentInputMethodEntryOnContextChanged():560 Notify current input method entry changed on context change
04-21 10:07:58.041  1750  1750 I KeyboardContextProvider: KeyboardContextProvider.setBaseContextAndInvalidKeyboardContextCache():88 setBaseContextAndInvalidKeyboardContextCache(): com.android.inputmethod.latin.LatinIME@4c54689
04-21 10:07:58.043  1750  1750 E GoogleInputMethodService: GoogleInputMethodService.getAppEditorInfo():2853 App EditorInfo should never be null.
04-21 10:07:58.045  1750  1750 I StyledKeyboardThemeBuilder: StyledKeyboardThemeBuilder.build():147 Pref: [], themeName: [silk:], darkMode: [false], cacheKey: [overlay_builtin_dynamic_color_light_base.binarypb:dynamic-gm3-light-fffdfcff-ff3a608f-319763b53e9f733d8531a842cf65c071]
04-21 10:07:58.047 28642 28678 I assembly.android.mixc-retail-rn84.boot: {"stage":"runtime.start:done","displayIndex":1,"displayCount":2,"topologyRole":"slave","topologyWsUrl":"ws://127.0.0.1:8888/mockMasterServer/ws"}
04-21 10:07:58.048 28642 28678 I assembly.assembly.android.mixc-retail-rn84: [assembly.topology] Native topology host already matches desired lifecycle state {"displayCount":2,"displayIndex":1,"deviceId":"2N4QS8GYRS","instanceMode":"SLAVE","enableSlave":false,"running":false,"reason":"not-master-or-single-primary-host"}
04-21 10:07:58.048  1750  1750 I KeyboardThemeProvider: KeyboardThemeProvider.applyKeyboardTheme():27 Apply keyboard theme: theme_border_keyboard_mode_screen_size_5_5_keyboard_mode_screen_width_large_stylesheet_noshadow_gsans_pillkey_silkpopup_light_tablet_keyboard_width_tablet_extra_large_navredesign_600_overlay_builtin_dynamic_color_light_base.binarypb:dynamic-gm3-light-fffdfcff-ff3a608f-319763b53e9f733d8531a842cf65c071_land
04-21 10:07:58.049  1750  1750 I KeyboardContextProvider: KeyboardContextProvider$KeyboardContextCache.createKeyboardContext():173 createKeyboardContext(): zh-CN, jey@3f32ac0(com.android.inputmethod.latin.LatinIME@4c54689), {1.0 ?mcc0mnc [zh_CN] ldltr sw720dp w1280dp h720dp 240dpi xlrg long land finger qwerty/v/v -nav/h winConfig={ mBounds=Rect(0, 0 - 1920, 1080) mAppBounds=Rect(0, 0 - 1920, 1080) mMaxBounds=Rect(0, 0 - 1920, 1080) mDisplayRotation=ROTATION_0 mWindowingMode=fullscreen mDisplayWindowingMode=fullscreen mActivityType=undefined mAlwaysOnTop=undefined mRotation=ROTATION_0} s.911 fontWeightAdjustment=0}
04-21 10:07:58.050  1750  2123 W GoogleApiManager: The service for hgg is not available: hgq{statusCode=SERVICE_DISABLED, resolution=null, message=null}
04-21 10:07:58.050 28903 28938 I assembly.assembly.android.mixc-retail-rn84: [assembly.topology] Native topology host already matches desired lifecycle state {"displayCount":2,"displayIndex":0,"deviceId":"2N4QS8GYRS","instanceMode":"MASTER","enableSlave":true,"running":false,"reason":"not-master-or-single-primary-host"}
04-21 10:07:58.051 28642 28678 I assembly.assembly.android.mixc-retail-rn84: [assembly.topology] Native topology host already matches desired lifecycle state {"displayCount":2,"displayIndex":1,"deviceId":"2N4QS8GYRS","instanceMode":"SLAVE","enableSlave":false,"running":false,"reason":"not-master-or-single-primary-host"}
04-21 10:07:58.051 28903 28938 I assembly.assembly.android.mixc-retail-rn84: [assembly.topology] Native topology host already matches desired lifecycle state {"displayCount":2,"displayIndex":0,"deviceId":"2N4QS8GYRS","instanceMode":"MASTER","enableSlave":true,"running":false,"reason":"not-master-or-single-primary-host"}
04-21 10:07:58.052 28642 28678 I assembly.assembly.android.mixc-retail-rn84: [assembly.topology] Native topology host already matches desired lifecycle state {"displayCount":2,"displayIndex":1,"deviceId":"2N4QS8GYRS","instanceMode":"SLAVE","enableSlave":false,"running":false,"reason":"not-master-or-single-primary-host"}
04-21 10:07:58.053 28903 28937 I ReactNativeJS: '[runtime-state-sync-apply]', '{"direction":"slave-to-master","incomingSliceNames":["kernel.base.topology-runtime-v3.demo.slave","kernel.base.ui-runtime-v2.screen.branch","kernel.base.ui-runtime-v2.overlay.branch","kernel.base.ui-runtime-v2.ui-variable.branch"],"appliedSliceNames":["kernel.base.topology-runtime-v3.demo.slave","kernel.base.ui-runtime-v2.screen.branch","kernel.base.ui-runtime-v2.overlay.branch","kernel.base.ui-runtime-v2.ui-variable.branch"],"skippedSliceReasons":[]}'
04-21 10:07:58.053 28642 28678 I assembly.assembly.android.mixc-retail-rn84: [assembly.topology] Native topology host already matches desired lifecycle state {"displayCount":2,"displayIndex":1,"deviceId":"2N4QS8GYRS","instanceMode":"SLAVE","enableSlave":false,"running":false,"reason":"not-master-or-single-primary-host"}
04-21 10:07:58.054 28903 28938 I assembly.assembly.android.mixc-retail-rn84: [assembly.topology] Native topology host already matches desired lifecycle state {"displayCount":2,"displayIndex":0,"deviceId":"2N4QS8GYRS","instanceMode":"MASTER","enableSlave":true,"running":false,"reason":"not-master-or-single-primary-host"}
04-21 10:07:58.053 28642 28678 I assembly.android.mixc-retail-rn84.boot: {"stage":"automation.host:start","displayIndex":1,"displayCount":2,"topologyRole":"slave","topologyWsUrl":"ws://127.0.0.1:8888/mockMasterServer/ws","target":"secondary","host":"127.0.0.1","port":18585}
04-21 10:07:58.056  1750  1750 I KeyboardHeightUtil: KeyboardHeightUtil.calculateMaxKeyboardBodyHeight():45 leave 161 height for app when ime window height:1044, header height:81 and isFullscreenMode:false, so the max keyboard body height is:802
04-21 10:07:58.056  1750  1750 I KeyboardHeightUtil: KeyboardHeightUtil.calculateMaxKeyboardBodyHeight():45 leave 161 height for app when ime window height:1044, header height:81 and isFullscreenMode:false, so the max keyboard body height is:802
04-21 10:07:58.056  1750  1750 I NormalModeController: NormalModeController.getKeyboardBodyViewHolderPaddingBottom():104 currentPrimeKeyboardType:SOFT systemPaddingBottom:-1
04-21 10:07:58.057 28903 28938 I assembly.assembly.android.mixc-retail-rn84: [assembly.topology] Native topology host already matches desired lifecycle state {"displayCount":2,"displayIndex":0,"deviceId":"2N4QS8GYRS","instanceMode":"MASTER","enableSlave":true,"running":false,"reason":"not-master-or-single-primary-host"}
04-21 10:07:58.057 28903 28938 I assembly.assembly.android.mixc-retail-rn84: [assembly.topology] Native topology host already matches desired lifecycle state {"displayCount":2,"displayIndex":0,"deviceId":"2N4QS8GYRS","instanceMode":"MASTER","enableSlave":true,"running":false,"reason":"not-master-or-single-primary-host"}
04-21 10:07:58.057  1750  1750 I GoogleInputMethodService: GoogleInputMethodService.onCurrentInputMethodEntryChanged():3666 onCurrentInputMethodEntryChanged(): imeDefsChanged=false, initializedEntryChanged=true, keyboardContextChanged=true
04-21 10:07:58.058  1750  1750 I GoogleInputMethodService: GoogleInputMethodService.clearInputMethodServiceData():1603 clearInputMethodServiceData for entryChange
04-21 10:07:58.058  1750  1750 I KeyboardHeightUtil: KeyboardHeightUtil.calculateMaxKeyboardBodyHeight():45 leave 161 height for app when ime window height:1044, header height:81 and isFullscreenMode:false, so the max keyboard body height is:802
04-21 10:07:58.058  1750  1750 I KeyboardHeightUtil: KeyboardHeightUtil.calculateMaxKeyboardBodyHeight():45 leave 161 height for app when ime window height:1044, header height:81 and isFullscreenMode:false, so the max keyboard body height is:802
04-21 10:07:58.058  1750  2123 W GoogleApiManager: The service for hgg is not available: hgq{statusCode=SERVICE_DISABLED, resolution=null, message=null}
04-21 10:07:58.058  1750  1750 I KeyboardModeManager: KeyboardModeManager.onCurrentInputMethodEntryChanged():1112 Reload data for context change
04-21 10:07:58.058  1750  1750 I GoogleInputMethodService: GoogleInputMethodService.initializeInputMethodServiceData():1361 initializeInputMethodServiceData for kbr{languageTag=zh-CN, variant=qwerty, hasLocalizedResources=true, conditionCacheKey=_app_first_start_timestamp=1766456477730_cache_additional_ime_defs_for_condition_change=false_cache_ime_defs_for_condition_change=false_device=tablet_device_size=default_enable_chinese_9key_foldable_split=false_enable_chinese_inline_composing_shape_based=false_enable_chinese_inline_composing_zh_cn=false_enable_flick_symbols=false_enable_more_candidates_view_for_multilingual=false_enable_number_row=false_enable_preemptive_decode=true_enable_secondary_digits=true_enable_secondary_symbols=false_enable_show_foldable_layout_on_small_tablet=false_enable_transliteration_tablet_floating_ui_v2=false_enable_voice_in_chinese=false_expressions=normal_four_or_more_letter_rows=false_keyboard_mode=normal_language=zh-CN_orientation=landscape_physical_keyboard=qwerty_pref_enable_chinese_inline_composing_cn=false_rtl_layout=false_show_secondary_digits=true_show_suggestions=true_split_keyboard_handedness_zh=right_split_with_duplicate_keys=true_variant=qwerty, imeDef.stringId=ime_zh_cn, imeDef.className=com.google.android.apps.inputmethod.libs.chinese.ime.AsyncChineseProcessorBasedIme, imeDef.languageTag=zh-CN}
04-21 10:07:58.058  1750  1750 E GoogleInputMethodService: GoogleInputMethodService.getAppEditorInfo():2853 App EditorInfo should never be null.
04-21 10:07:58.060  1750  1750 I StyledKeyboardThemeBuilder: StyledKeyboardThemeBuilder.build():147 Pref: [], themeName: [silk:], darkMode: [false], cacheKey: [overlay_builtin_dynamic_color_light_base.binarypb:dynamic-gm3-light-fffdfcff-ff3a608f-319763b53e9f733d8531a842cf65c071]
04-21 10:07:58.061  1750  1750 I KeyboardThemeProvider: KeyboardThemeProvider.applyKeyboardTheme():27 Apply keyboard theme: theme_border_keyboard_mode_screen_size_5_5_keyboard_mode_screen_width_large_stylesheet_noshadow_gsans_pillkey_silkpopup_light_tablet_keyboard_width_tablet_extra_large_navredesign_600_overlay_builtin_dynamic_color_light_base.binarypb:dynamic-gm3-light-fffdfcff-ff3a608f-319763b53e9f733d8531a842cf65c071_land
04-21 10:07:58.064 28642 28677 I ReactNativeJS: '[runtime-state-sync-apply]', '{"direction":"master-to-slave","incomingSliceNames":["kernel.base.topology-runtime-v3.demo.master","kernel.base.tcp-control-runtime-v2.identity","kernel.base.tcp-control-runtime-v2.credential","kernel.base.tcp-control-runtime-v2.binding","kernel.base.tcp-control-runtime-v2.sandbox","kernel.base.tdp-sync-runtime-v2.hot-update","kernel.base.ui-runtime-v2.screen.main","kernel.base.ui-runtime-v2.overlay.main","kernel.base.ui-runtime-v2.ui-variable.main"],"appliedSliceNames":["kernel.base.topology-runtime-v3.demo.master","kernel.base.tcp-control-runtime-v2.identity","kernel.base.tcp-control-runtime-v2.credential","kernel.base.tcp-control-runtime-v2.binding","kernel.base.tcp-control-runtime-v2.sandbox","kernel.base.tdp-sync-runtime-v2.hot-update","kernel.base.ui-runtime-v2.screen.main","kernel.base.ui-runtime-v2.overlay.main","kernel.base.ui-runtime-v2.ui-variable.main"],"skippedSliceReasons":[]}'
04-21 10:07:58.065  1750  1750 I AndroidIME: InputBundleManager.loadActiveInputBundleId():450 loadActiveInputBundleId: und-Latn-x-password, password_floating_hard_qwerty
04-21 10:07:58.066  1750  1750 I SystemSubtypesReportModule: SystemSubtypesReportModule$4.onSetCurrentInputMethodSubtype():160 zh_CN
04-21 10:07:58.066  1750  1750 I DeviceModeMonitor: DeviceModeMonitor.calculateDeviceMode():79 Get device mode tablet by screen size and smallestScreenWidthDp: 720
04-21 10:07:58.067  1750  1750 I HardKeyTracker: HardKeyTracker.registerKeySequence():139 Register key sequence lmm{labelResId=2132019861, callback=bzi@b9cdc38, lastModifier=2, keyCodes=[47], actions=[0]}
04-21 10:07:58.068  1750  1750 I HardKeyTracker: HardKeyTracker.registerKeySequence():139 Register key sequence lmm{labelResId=0, callback=jvl@5fcfb77, lastModifier=0, keyCodes=[204], actions=[0]}
04-21 10:07:58.069  1750 28989 I NetworkInfoNotification: NetworkInfoNotification$Listener.onReceive():107 onNetworkAvailable: networkState = NON_METERED, isAirplaneModeOn = false
04-21 10:07:58.069 28642 28678 I assembly.assembly.android.mixc-retail-rn84: [assembly.topology] Native topology host already matches desired lifecycle state {"displayCount":2,"displayIndex":1,"deviceId":"2N4QS8GYRS","instanceMode":"SLAVE","enableSlave":false,"running":false,"reason":"not-master-or-single-primary-host"}
04-21 10:07:58.070  1750  1750 I ExtensionManager: ExtensionManager.updateExtensionWrappersMap():205 The same notification is already processed
04-21 10:07:58.070 28642 28678 I assembly.assembly.android.mixc-retail-rn84: [assembly.topology] Native topology host already matches desired lifecycle state {"displayCount":2,"displayIndex":1,"deviceId":"2N4QS8GYRS","instanceMode":"SLAVE","enableSlave":false,"running":false,"reason":"not-master-or-single-primary-host"}
04-21 10:07:58.071  1750  2067 I OnDevicePackDownloadModule: OnDevicePackDownloadModule.onCreate():60 onCreate()
04-21 10:07:58.072  1750 28991 I NewS3RecognizerModule: NewS3RecognizerModule.onCreate():14 onCreate [news3]
04-21 10:07:58.072 28642 28678 I assembly.android.mixc-retail-rn84.boot: {"stage":"app-load-complete:start","displayIndex":1}
04-21 10:07:58.072  1750  2067 I InputActionMetricsProcessor: InputActionMetricsProcessor.onAttached():91 Attached to metrics manager.
04-21 10:07:58.072 28642 28988 D TrafficStats: tagSocket(5) with statsTag=0xffffffff, statsUid=-1
04-21 10:07:58.072  1750  2067 W MetricsManager: MetricsManager.addProcessorImpl():581 Processor fgc@d771828 already exists.
04-21 10:07:58.073  1750 28985 I EmojifyExtensionImpl: EmojifyExtensionImpl.onCreate():597 Creating Emojify extension egx@a0ac440.
04-21 10:07:58.073  1750 28993 I JapaneseMozcExtension: JapaneseMozcExtension.onCreate():44 
04-21 10:07:58.074  1750  2074 I SP      : Registering emoticon_content_description.2022081613, url: https://www.gstatic.com/android/keyboard/emoticon_content_desc/202208161305/superpacks_manifest.json, constraints: W:*:*:*, flags: bg, requested: 2022081613, current: 2022081613
04-21 10:07:58.074  1750 28991 I AbstractOpenableExtension: AbstractOpenableExtension.createKeyboardGroupManagerListenableFuture():120 Create keyboard group manager listenable future in fxd
04-21 10:07:58.074  1750  2074 I SP      : Registering emoticon_content_description.2022081613, url: https://www.gstatic.com/android/keyboard/emoticon_content_desc/202208161305/superpacks_manifest.json, constraints: W:*:*:*, flags: bg, requested: 2022081613, current: 2022081613
04-21 10:07:58.074  1750 28992 I KeyboardGroupDefParser: KeyboardGroupDefParser.parseKeyboardGroupDef():83 parseKeyboardGroupDef() 2132214040 -> 0_resource_name_obfuscated : WaitTime = 0 ms : RunTime = 0 ms
04-21 10:07:58.075  1750  2067 I NetworkInfoNotification: NetworkInfoNotification$Listener.onReceive():107 onNetworkAvailable: networkState = NON_METERED, isAirplaneModeOn = false
04-21 10:07:58.075  1750  1750 I AbstractOpenableExtension: AbstractOpenableExtension$3.onSuccess():549 KeyboardGroupManager destroyed in fxd.
04-21 10:07:58.075  1750  1750 I AbstractOpenableExtension: AbstractOpenableExtension$3.onSuccess():549 KeyboardGroupManager destroyed in fvb.
04-21 10:07:58.076  1750  2067 I Environment: Environment.isPackageInstalled():234 com.bitstrips.imoji is not installed
04-21 10:07:58.076  1750  1750 I NetworkInfoNotification: NetworkInfoNotification$Listener.onReceive():107 onNetworkAvailable: networkState = NON_METERED, isAirplaneModeOn = false
04-21 10:07:58.076  1750  2067 W AndroidCreativeStickerFetcherFactory: AndroidCreativeStickerFetcherFactory.createFetcher():19 Empty host or api key
04-21 10:07:58.077  1750  1750 I NetworkInfoNotification: NetworkInfoNotification$Listener.onReceive():107 onNetworkAvailable: networkState = NON_METERED, isAirplaneModeOn = false
04-21 10:07:58.077  1750  2123 W GoogleApiManager: The service for hgg is not available: hgq{statusCode=SERVICE_DISABLED, resolution=null, message=null}
04-21 10:07:58.078  1750  1750 I AccessPointsListHolderController: AccessPointsListHolderController.removeAccessPoint():345 The access point textediting is not added
04-21 10:07:58.078  1750  1750 I AccessPointsListHolderController: AccessPointsListHolderController.removeAccessPoint():345 The access point theme_setting is not added
04-21 10:07:58.078  1750  2074 I SP      : Syncing emoticon_content_description (2022081613) with slices: [7a635888cb828dfa2fc744b7b9b50f04, 3c27e76d2c13b8d849a3711831ff8dbd], metadata: false
04-21 10:07:58.078  1750  1750 I NetworkInfoNotification: NetworkInfoNotification$Listener.onReceive():107 onNetworkAvailable: networkState = NON_METERED, isAirplaneModeOn = false
04-21 10:07:58.079  1750  1750 I AccessPointsListHolderController: AccessPointsListHolderController.removeAccessPoint():345 The access point settings is not added
04-21 10:07:58.080  1750  1750 I ClipboardDataHandler: ClipboardDataHandler.updateScreenshotsContentObserver():283 Disable the feature of handling screenshots in the clipboard.
04-21 10:07:58.081  1750  2074 I SP      : Syncing emoticon_content_description (2022081613) with slices: [7a635888cb828dfa2fc744b7b9b50f04, 3c27e76d2c13b8d849a3711831ff8dbd], metadata: false
04-21 10:07:58.083  1750  1750 I ExtensionManager: ExtensionManager.updateExtensionWrappersMap():205 The same notification is already processed
04-21 10:07:58.083  1750  1750 I AccessPointsListHolderController: AccessPointsListHolderController.removeAccessPoint():345 The access point one_handed is not added
04-21 10:07:58.084  1750  1750 I AccessPointsListHolderController: AccessPointsListHolderController.removeAccessPoint():345 The access point split is not added
04-21 10:07:58.084  1750 28993 I AbstractOpenableExtension: AbstractOpenableExtension.createKeyboardGroupManagerListenableFuture():120 Create keyboard group manager listenable future in fvb
04-21 10:07:58.084  1750  1750 I GoogleInputMethodService: GoogleInputMethodService$GoogleInputMethodImpl.attachToken():4229 
04-21 10:07:58.084  1750 28992 I KeyboardGroupDefParser: KeyboardGroupDefParser.parseKeyboardGroupDef():83 parseKeyboardGroupDef() 2132214033 -> 0_resource_name_obfuscated : WaitTime = 0 ms : RunTime = 0 ms
04-21 10:07:58.084  1750 28991 I KeyboardGroupDefParser: KeyboardGroupDefParser.parseKeyboardGroupDef():83 parseKeyboardGroupDef() 2132214025 -> 0_resource_name_obfuscated : WaitTime = 2 ms : RunTime = 0 ms
04-21 10:07:58.085  1750 28985 I KeyboardGroupDefParser: KeyboardGroupDefParser.parseKeyboardGroupDef():83 parseKeyboardGroupDef() 2132214034 -> 0_resource_name_obfuscated : WaitTime = 0 ms : RunTime = 1 ms
04-21 10:07:58.091 28642 28678 I assembly.assembly.android.mixc-retail-rn84: [assembly.topology] Native topology host already matches desired lifecycle state {"displayCount":2,"displayIndex":1,"deviceId":"2N4QS8GYRS","instanceMode":"SLAVE","enableSlave":false,"running":false,"reason":"not-master-or-single-primary-host"}
04-21 10:07:58.092  1750  1750 I SystemSubtypesReportModule: SystemSubtypesReportModule$3.onCurrentInputMethodEntryChanged():136 entry: zh-CN, source: UNSPECIFIED
04-21 10:07:58.093  1750  1750 I SystemSubtypesReportModule: SystemSubtypesReportModule.switchToSubtypeByEntry():205 zh-CN
04-21 10:07:58.093 28642 28678 I assembly.android.mixc-retail-rn84.boot: {"stage":"app-load-complete:done","displayIndex":1}
04-21 10:07:58.101 28642 28994 D TrafficStats: tagSocket(146) with statsTag=0xffffffff, statsUid=-1
04-21 10:07:58.101  1750  2074 I SP      : GC for 'emoticon_content_description' (10) with ttl of 0 ms took 0 ms (0/0/0)
04-21 10:07:58.102  1750  2074 I AbstractSyncResultCallback: AbstractSyncResultCallback.onFailure():38 onFailure(): emoticon_content_description.sync cancelled; expected if new request supersedes pending one.
04-21 10:07:58.102  1750  1750 I AppBase : AppBase.onConfigurationChanged():446 onConfigurationChanged() : NewConfig = {1.0 ?mcc0mnc [zh_CN_#Hans] ldltr sw720dp w1280dp h720dp 240dpi xlrg long land finger qwerty/v/v -nav/h winConfig={ mBounds=Rect(0, 0 - 1920, 1080) mAppBounds=Rect(0, 0 - 1920, 1080) mMaxBounds=Rect(0, 0 - 1920, 1080) mDisplayRotation=ROTATION_0 mWindowingMode=fullscreen mDisplayWindowingMode=fullscreen mActivityType=undefined mAlwaysOnTop=undefined mRotation=ROTATION_0} s.1041 fontWeightAdjustment=0}
04-21 10:07:58.104  1750  1750 I GoogleInputMethodService: GoogleInputMethodService.onStartInput():1982 onStartInput(EditorInfo{EditorInfo{packageName=com.impos2.mixcretailassemblyrn84, inputType=0, inputTypeString=NULL, enableLearning=false, autoCorrection=false, autoComplete=false, imeOptions=0, privateImeOptions=null, actionName=UNSPECIFIED, actionLabel=null, initialSelStart=-1, initialSelEnd=-1, initialCapsMode=0, label=null, fieldId=0, fieldName=null, extras=null, hintText=null, hintLocales=[]}}, false)
04-21 10:07:58.105  1750  1750 I GoogleInputMethodService: GoogleInputMethodService.updateDeviceLockedStatus():2246 repeatCheckTimes = 1, locked = false
04-21 10:07:58.105  1750  1750 I AndroidIME: InputBundleManager.loadActiveInputBundleId():450 loadActiveInputBundleId: und-Latn-x-password, password_floating_hard_qwerty
04-21 10:07:58.105  1750  1750 W EmojiCompatManager: EmojiCompatManager.getEmojiCompatIfLoaded():335 EmojiCompat failed to load.
04-21 10:07:58.105  1750  1750 I HardKeyTracker: HardKeyTracker.registerKeySequence():139 Register key sequence lmm{labelResId=2132019852, callback=fpg@5d34cdf, lastModifier=0, keyCodes=[57, 57], actions=[1, 0]}
04-21 10:07:58.106  1750  1750 I HardKeyTracker: HardKeyTracker.registerKeySequence():139 Register key sequence lmm{labelResId=0, callback=fpg@ac0458a, lastModifier=0, keyCodes=[58, 58], actions=[1, 0]}
04-21 10:07:58.106   888   949 W PackageConfigPersister: App-specific configuration not found for packageName: com.impos2.mixcretailassemblyrn84 and userId: 0
04-21 10:07:58.111  1750  2074 I SP      : Sync for emoticon_content_description succeeded in 35 ms: no changes
04-21 10:07:58.112  1750  2074 I SP      : GC for 'emoticon_content_description' (10) with ttl of 0 ms took 1 ms (0/1/0)
04-21 10:07:58.138  1104  1137 W WindowOnBackDispatcher: sendCancelIfRunning: isInProgress=falsecallback=android.view.ViewRootImpl$$ExternalSyntheticLambda17@7e09960
04-21 10:07:58.139   888   949 D CoreBackPreview: Window{5ef9bf1 u0 Splash Screen com.impos2.mixcretailassemblyrn84 EXITING}: Setting back callback null
04-21 10:07:58.140   888  1680 V WindowManager: getPackagePerformanceMode -- ComponentInfo{com.impos2.mixcretailassemblyrn84/com.impos2.mixcretailassemblyrn84.MainActivity} -- com.impos2.mixcretailassemblyrn84 -- mode=0
04-21 10:07:58.140   888  1680 W InputManager-JNI: Input channel object '5ef9bf1 Splash Screen com.impos2.mixcretailassemblyrn84 (client)' was disposed without first being removed with the input manager!
04-21 10:07:58.145   888   907 V WindowManager: getPackagePerformanceMode -- ComponentInfo{com.impos2.mixcretailassemblyrn84/com.impos2.mixcretailassemblyrn84.MainActivity} -- com.impos2.mixcretailassemblyrn84 -- mode=0
04-21 10:07:58.451  1104  1128 V WindowManagerShell: Transition animation finished (aborted=false), notifying core (#636)android.os.BinderProxy@df4f7c7@0
04-21 10:07:58.458   888   904 V WindowManager: Finish Transition #636: created at 04-21 10:07:57.832 collect-started=0.212ms request-sent=42.876ms started=47.462ms ready=53.932ms sent=85.896ms finished=623.346ms
04-21 10:07:58.464   888   949 V WindowManager: getPackagePerformanceMode -- ComponentInfo{com.impos2.mixcretailassemblyrn84/com.impos2.mixcretailassemblyrn84.MainActivity} -- com.impos2.mixcretailassemblyrn84 -- mode=0
04-21 10:07:58.469  1104  1128 V WindowManagerShell: Track 0 became idle
04-21 10:07:58.469  1104  1128 V WindowManagerShell: All active transition animations finished
04-21 10:07:58.471   888   907 V WindowManager: getPackagePerformanceMode -- ComponentInfo{com.impos2.mixcretailassemblyrn84/com.impos2.mixcretailassemblyrn84.MainActivity} -- com.impos2.mixcretailassemblyrn84 -- mode=0
04-21 10:07:58.739   888   897 I system_server: NativeAlloc concurrent mark compact GC freed 472204(21MB) AllocSpace objects, 18(456KB) LOS objects, 44% free, 30MB/54MB, paused 1.239ms,9.998ms total 207.560ms
04-21 10:07:58.739   888   897 W system_server: Reducing the number of considered missed Gc histogram windows from 127 to 100
04-21 10:07:58.745   888   899 W System  : A resource failed to call HardwareBuffer.close. 
04-21 10:07:58.745   888   899 W System  : A resource failed to call HardwareBuffer.close. 
04-21 10:07:58.746   888   899 W System  : A resource failed to call HardwareBuffer.close. 
04-21 10:07:58.746   888   899 W System  : A resource failed to call release. 
04-21 10:07:58.747   888   899 W System  : A resource failed to call release. 
04-21 10:07:58.747   888   899 W System  : A resource failed to call release. 
04-21 10:07:59.191   888  1023 E WifiStaIfaceAidlImpl: getLinkLayerStats failed with service-specific exception: android.os.ServiceSpecificException: unknown error (code 9)
04-21 10:08:00.000   888   972 D AlarmManager: setImplLocked() callingPackage=android
04-21 10:08:00.104 28903 28996 D ProfileInstaller: Skipping profile installation for com.impos2.mixcretailassemblyrn84
04-21 10:08:01.387   888  1819 E TaskPersister: File error accessing recents directory (directory doesn't exist?).
04-21 10:08:02.020   344   374 E android.hardware.graphics.composer3-service.rockchip: wait,line=113 wait callback timeout
04-21 10:08:02.203   888  1023 E WifiStaIfaceAidlImpl: getLinkLayerStats failed with service-specific exception: android.os.ServiceSpecificException: unknown error (code 9)
04-21 10:08:03.914  9420  9444 I DispatchControl: 线程Id = 41，进程id = 9420，handleMessage  bean.name:app_state_info source:com.sunmi.dataService    type:1     description:APP 操作明细 task_count:2
04-21 10:08:03.918  9420  9444 I TaskControl: TaskControl 采集:app_state_info     description:APP 操作明细
04-21 10:08:03.951  9420  9444 I nmi.dataService: Explicit concurrent mark compact GC freed 1391(137KB) AllocSpace objects, 0(0B) LOS objects, 24% free, 2985KB/3980KB, paused 333us,4.259ms total 29.998ms
04-21 10:08:03.951  9420  9444 W nmi.dataService: Reducing the number of considered missed Gc histogram windows from 121 to 100
04-21 10:08:03.951  9420  9430 W nmi.dataService: ApkAssets: Deleting an ApkAssets object '<empty> and /data/app/~~2yUhXmWZ1nR_P2fvFZkZTg==/com.impos2.mixcretailassemblyrn84-WW2nx2rej28k2CfL9aF4AA==/base.apk' with 1 weak references
04-21 10:08:05.214   888  1023 E WifiStaIfaceAidlImpl: getLinkLayerStats failed with service-specific exception: android.os.ServiceSpecificException: unknown error (code 9)
04-21 10:08:08.225   888  1023 E WifiStaIfaceAidlImpl: getLinkLayerStats failed with service-specific exception: android.os.ServiceSpecificException: unknown error (code 9)
04-21 10:08:08.861   888  1680 D AlarmManager: setImplLocked() callingPackage=sunmi.remotemanager
04-21 10:08:11.237   888  1023 E WifiStaIfaceAidlImpl: getLinkLayerStats failed with service-specific exception: android.os.ServiceSpecificException: unknown error (code 9)
