04-21 10:09:32.641 28642 28678 I assembly.assembly.android.mixc-retail-rn84: [assembly.topology] Native topology host already matches desired lifecycle state {"displayCount":2,"displayIndex":1,"deviceId":"2N4QS8GYRS","instanceMode":"SLAVE","enableSlave":false,"running":false,"reason":"not-master-or-single-primary-host"}
04-21 10:09:32.659 28903 28938 I MMKV    : <MMKV_IO.cpp:609::writeActualSize> [mixc-retail-assembly-rn84::state] increase sequence to 186, crc 3363348703, actualSize 20533
04-21 10:09:32.659 28903 28938 I MMKV    : <MMKV.cpp:1208::sync> MMKV::sync, SyncFlag = 1
04-21 10:09:32.682 28903 28938 I MMKV    : <MMKV_IO.cpp:609::writeActualSize> [mixc-retail-assembly-rn84::state] increase sequence to 187, crc 3608314657, actualSize 20521
04-21 10:09:32.682 28903 28938 I MMKV    : <MMKV.cpp:1208::sync> MMKV::sync, SyncFlag = 1
04-21 10:09:32.686 28903 28938 I MMKV    : <MMKV_IO.cpp:1533::clearAll> cleaning all key-values from [mixc-retail-assembly-rn84::state]
04-21 10:09:32.686 28903 28938 I MMKV    : <MemoryFile.cpp:103::open> open fd[5], flag 0x7, /data/data/com.impos2.mixcretailassemblyrn84/files/mmkv/specialCharacter/cac4ff37f0f9b0189974948d3d3aa0fe
04-21 10:09:32.686 28903 28938 I MMKV    : <MemoryFile.cpp:250::mmapOrCleanup> mmap to address [0x7ab4a6e000], oldPtr [0x7ab4a6e000], [/data/data/com.impos2.mixcretailassemblyrn84/files/mmkv/specialCharacter/cac4ff37f0f9b0189974948d3d3aa0fe]
04-21 10:09:32.686 28903 28938 I MMKV    : <MemoryFile.cpp:109::close> closing fd[5], /data/data/com.impos2.mixcretailassemblyrn84/files/mmkv/specialCharacter/cac4ff37f0f9b0189974948d3d3aa0fe
04-21 10:09:32.686 28903 28938 I MMKV    : <MMKV_IO.cpp:609::writeActualSize> [mixc-retail-assembly-rn84::state] increase sequence to 188, crc 0, actualSize 0
04-21 10:09:32.687 28903 28938 I MMKV    : <MMKV.cpp:340::clearMemoryCache> clearMemoryCache [mixc-retail-assembly-rn84::state]
04-21 10:09:32.687 28903 28938 I MMKV    : <MMKV_IO.cpp:287::loadMetaInfoAndCheck> meta file [mixc-retail-assembly-rn84::state] has flag [0]
04-21 10:09:32.687 28903 28938 I MMKV    : <MemoryFile.cpp:103::open> open fd[5], flag 0x7, /data/data/com.impos2.mixcretailassemblyrn84/files/mmkv/specialCharacter/cac4ff37f0f9b0189974948d3d3aa0fe
04-21 10:09:32.687 28903 28938 I MMKV    : <MemoryFile.cpp:250::mmapOrCleanup> mmap to address [0x7acbe83000], oldPtr [0x0], [/data/data/com.impos2.mixcretailassemblyrn84/files/mmkv/specialCharacter/cac4ff37f0f9b0189974948d3d3aa0fe]
04-21 10:09:32.687 28903 28938 I MMKV    : <MemoryFile.cpp:109::close> closing fd[5], /data/data/com.impos2.mixcretailassemblyrn84/files/mmkv/specialCharacter/cac4ff37f0f9b0189974948d3d3aa0fe
04-21 10:09:32.687 28903 28938 I MMKV    : <MMKV_IO.cpp:94::loadFromFile> loading [mixc-retail-assembly-rn84::state] with 0 actual size, file size 4096, InterProcess 0, meta info version:4
04-21 10:09:32.687 28903 28938 I MMKV    : <MMKV_IO.cpp:145::loadFromFile> loaded [mixc-retail-assembly-rn84::state] with 0 key-values
04-21 10:09:32.688 28903 28938 I MMKV    : <MMKV_IO.cpp:1533::clearAll> cleaning all key-values from [mixc-retail-assembly-rn84::secure-state]
04-21 10:09:32.688 28903 28938 I MMKV    : <MemoryFile.cpp:103::open> open fd[5], flag 0x7, /data/data/com.impos2.mixcretailassemblyrn84/files/mmkv/specialCharacter/c08c20d895f199f98a40164528d2f6a6
04-21 10:09:32.688 28903 28938 I MMKV    : <MMKV_IO.cpp:609::writeActualSize> [mixc-retail-assembly-rn84::secure-state] increase sequence to 9, crc 0, actualSize 0
04-21 10:09:32.689 28903 28938 I MMKV    : <MMKV.cpp:340::clearMemoryCache> clearMemoryCache [mixc-retail-assembly-rn84::secure-state]
04-21 10:09:32.689 28903 28938 I MMKV    : <MemoryFile.cpp:109::close> closing fd[5], /data/data/com.impos2.mixcretailassemblyrn84/files/mmkv/specialCharacter/c08c20d895f199f98a40164528d2f6a6
04-21 10:09:32.689 28903 28938 I MMKV    : <MMKV_IO.cpp:287::loadMetaInfoAndCheck> meta file [mixc-retail-assembly-rn84::secure-state] has flag [0]
04-21 10:09:32.689 28903 28938 I MMKV    : <MemoryFile.cpp:103::open> open fd[5], flag 0x7, /data/data/com.impos2.mixcretailassemblyrn84/files/mmkv/specialCharacter/c08c20d895f199f98a40164528d2f6a6
04-21 10:09:32.689 28903 28938 I MMKV    : <MemoryFile.cpp:250::mmapOrCleanup> mmap to address [0x7acbe82000], oldPtr [0x0], [/data/data/com.impos2.mixcretailassemblyrn84/files/mmkv/specialCharacter/c08c20d895f199f98a40164528d2f6a6]
04-21 10:09:32.689 28903 28938 I MMKV    : <MemoryFile.cpp:109::close> closing fd[5], /data/data/com.impos2.mixcretailassemblyrn84/files/mmkv/specialCharacter/c08c20d895f199f98a40164528d2f6a6
04-21 10:09:32.689 28903 28938 I MMKV    : <MMKV_IO.cpp:94::loadFromFile> loading [mixc-retail-assembly-rn84::secure-state] with 0 actual size, file size 4096, InterProcess 0, meta info version:4
04-21 10:09:32.689 28903 28938 I MMKV    : <MMKV_IO.cpp:145::loadFromFile> loaded [mixc-retail-assembly-rn84::secure-state] with 0 key-values
04-21 10:09:32.719 28903 28938 I assembly.assembly.android.mixc-retail-rn84: [assembly.topology] Native topology host already matches desired lifecycle state {"displayCount":2,"displayIndex":0,"deviceId":"2N4QS8GYRS","instanceMode":"MASTER","enableSlave":false,"running":false,"reason":"not-master-or-single-primary-host"}
04-21 10:09:32.720 28903 28938 I MMKV    : <MMKV_IO.cpp:609::writeActualSize> [mixc-retail-assembly-rn84::state] increase sequence to 189, crc 2389986989, actualSize 4
04-21 10:09:32.725 28903 28938 I assembly.assembly.android.mixc-retail-rn84: [assembly.topology] Native topology host already matches desired lifecycle state {"displayCount":2,"displayIndex":0,"deviceId":"2N4QS8GYRS","instanceMode":"MASTER","enableSlave":false,"running":false,"reason":"not-master-or-single-primary-host"}
04-21 10:09:32.726 28903 28938 I MMKV    : <MMKV_IO.cpp:530::expandAndWriteBack> extending [mixc-retail-assembly-rn84::state] file size from 4096 to 8192, incoming size:126, future usage:1458
04-21 10:09:32.727 28903 28938 I MMKV    : <MemoryFile.cpp:103::open> open fd[109], flag 0x7, /data/data/com.impos2.mixcretailassemblyrn84/files/mmkv/specialCharacter/cac4ff37f0f9b0189974948d3d3aa0fe
04-21 10:09:32.727 28903 28938 I MMKV    : <MemoryFile.cpp:250::mmapOrCleanup> mmap to address [0x7acbe80000], oldPtr [0x7acbe83000], [/data/data/com.impos2.mixcretailassemblyrn84/files/mmkv/specialCharacter/cac4ff37f0f9b0189974948d3d3aa0fe]
04-21 10:09:32.727 28903 28938 I MMKV    : <MemoryFile.cpp:109::close> closing fd[109], /data/data/com.impos2.mixcretailassemblyrn84/files/mmkv/specialCharacter/cac4ff37f0f9b0189974948d3d3aa0fe
04-21 10:09:32.727 28903 28938 I MMKV    : <MMKV_IO.cpp:609::writeActualSize> [mixc-retail-assembly-rn84::state] increase sequence to 190, crc 2227590152, actualSize 2770
04-21 10:09:32.727 28903 28938 I MMKV    : <MMKV.cpp:1208::sync> MMKV::sync, SyncFlag = 1
04-21 10:09:32.759 28903 28938 I assembly.assembly.android.mixc-retail-rn84: [assembly.topology] Native topology host already matches desired lifecycle state {"displayCount":2,"displayIndex":0,"deviceId":"2N4QS8GYRS","instanceMode":"MASTER","enableSlave":true,"running":false,"reason":"not-master-or-single-primary-host"}
04-21 10:09:32.759 28903 28938 I assembly.assembly.android.mixc-retail-rn84: [assembly.topology] Native topology host already matches desired lifecycle state {"displayCount":2,"displayIndex":0,"deviceId":"2N4QS8GYRS","instanceMode":"MASTER","enableSlave":true,"running":false,"reason":"not-master-or-single-primary-host"}
04-21 10:09:32.763 28903 28937 I ReactNativeJS: '[tcp-bootstrap-state-written]', '{"nodeId":"master:2N4QS8GYRS","runtimeId":"run_mo7zhz1c_oi3u178ue6ci1c3j","displayIndex":0,"requestId":"req_mo7zk2th_yzsad12d9if7m6qa","commandId":"cmd_mo7zk2u2_zuc2j035m59w83b4","nextDeviceFingerprint":"2N4QS8GYRS","nextDeviceInfo":{"id":"2N4QS8GYRS","model":"Mixc Retail Android RN84"},"previousIdentity":{"activationStatus":"UNACTIVATED"}}'
04-21 10:09:32.765 28903 28938 I assembly.assembly.android.mixc-retail-rn84: [assembly.topology] Native topology host already matches desired lifecycle state {"displayCount":2,"displayIndex":0,"deviceId":"2N4QS8GYRS","instanceMode":"MASTER","enableSlave":true,"running":false,"reason":"not-master-or-single-primary-host"}
04-21 10:09:32.779 28903 28938 I assembly.assembly.android.mixc-retail-rn84: [assembly.topology] Native topology host already matches desired lifecycle state {"displayCount":2,"displayIndex":0,"deviceId":"2N4QS8GYRS","instanceMode":"MASTER","enableSlave":true,"running":false,"reason":"not-master-or-single-primary-host"}
04-21 10:09:32.779 28903 28938 I assembly.assembly.android.mixc-retail-rn84: [assembly.topology] Native topology host already matches desired lifecycle state {"displayCount":2,"displayIndex":0,"deviceId":"2N4QS8GYRS","instanceMode":"MASTER","enableSlave":true,"running":false,"reason":"not-master-or-single-primary-host"}
04-21 10:09:32.780 28903 28938 I assembly.assembly.android.mixc-retail-rn84: [assembly.topology] Native topology host already matches desired lifecycle state {"displayCount":2,"displayIndex":0,"deviceId":"2N4QS8GYRS","instanceMode":"MASTER","enableSlave":true,"running":false,"reason":"not-master-or-single-primary-host"}
04-21 10:09:32.782 28903 28938 I assembly.assembly.android.mixc-retail-rn84: [assembly.topology] Native topology host already matches desired lifecycle state {"displayCount":2,"displayIndex":0,"deviceId":"2N4QS8GYRS","instanceMode":"MASTER","enableSlave":true,"running":false,"reason":"not-master-or-single-primary-host"}
04-21 10:09:32.783 28903 28938 I assembly.assembly.android.mixc-retail-rn84: [assembly.topology] Native topology host already matches desired lifecycle state {"displayCount":2,"displayIndex":0,"deviceId":"2N4QS8GYRS","instanceMode":"MASTER","enableSlave":true,"running":false,"reason":"not-master-or-single-primary-host"}
04-21 10:09:32.784 28903 28938 I assembly.assembly.android.mixc-retail-rn84: [assembly.topology] Native topology host already matches desired lifecycle state {"displayCount":2,"displayIndex":0,"deviceId":"2N4QS8GYRS","instanceMode":"MASTER","enableSlave":true,"running":false,"reason":"not-master-or-single-primary-host"}
04-21 10:09:32.784 28903 28938 I assembly.assembly.android.mixc-retail-rn84: [assembly.topology] Native topology host already matches desired lifecycle state {"displayCount":2,"displayIndex":0,"deviceId":"2N4QS8GYRS","instanceMode":"MASTER","enableSlave":true,"running":false,"reason":"not-master-or-single-primary-host"}
04-21 10:09:32.785 28903 28938 I assembly.assembly.android.mixc-retail-rn84: [assembly.topology] Native topology host already matches desired lifecycle state {"displayCount":2,"displayIndex":0,"deviceId":"2N4QS8GYRS","instanceMode":"MASTER","enableSlave":true,"running":false,"reason":"not-master-or-single-primary-host"}
04-21 10:09:32.785 28903 28938 I assembly.assembly.android.mixc-retail-rn84: [assembly.topology] Native topology host already matches desired lifecycle state {"displayCount":2,"displayIndex":0,"deviceId":"2N4QS8GYRS","instanceMode":"MASTER","enableSlave":true,"running":false,"reason":"not-master-or-single-primary-host"}
04-21 10:09:32.786 28903 28938 I assembly.assembly.android.mixc-retail-rn84: [assembly.topology] Native topology host already matches desired lifecycle state {"displayCount":2,"displayIndex":0,"deviceId":"2N4QS8GYRS","instanceMode":"MASTER","enableSlave":true,"running":false,"reason":"not-master-or-single-primary-host"}
04-21 10:09:32.786 28903 28938 I assembly.assembly.android.mixc-retail-rn84: [assembly.topology] Native topology host already matches desired lifecycle state {"displayCount":2,"displayIndex":0,"deviceId":"2N4QS8GYRS","instanceMode":"MASTER","enableSlave":true,"running":false,"reason":"not-master-or-single-primary-host"}
04-21 10:09:32.787 28903 28938 I assembly.assembly.android.mixc-retail-rn84: [assembly.topology] Native topology host already matches desired lifecycle state {"displayCount":2,"displayIndex":0,"deviceId":"2N4QS8GYRS","instanceMode":"MASTER","enableSlave":true,"running":false,"reason":"not-master-or-single-primary-host"}
04-21 10:09:32.787 28642 28678 I assembly.assembly.android.mixc-retail-rn84: [assembly.topology] Native topology host already matches desired lifecycle state {"displayCount":2,"displayIndex":1,"deviceId":"2N4QS8GYRS","instanceMode":"SLAVE","enableSlave":false,"running":false,"reason":"not-master-or-single-primary-host"}
04-21 10:09:32.787 28903 28938 I assembly.assembly.android.mixc-retail-rn84: [assembly.topology] Native topology host already matches desired lifecycle state {"displayCount":2,"displayIndex":0,"deviceId":"2N4QS8GYRS","instanceMode":"MASTER","enableSlave":true,"running":false,"reason":"not-master-or-single-primary-host"}
04-21 10:09:32.787 28642 28678 I assembly.assembly.android.mixc-retail-rn84: [assembly.topology] Native topology host already matches desired lifecycle state {"displayCount":2,"displayIndex":1,"deviceId":"2N4QS8GYRS","instanceMode":"SLAVE","enableSlave":false,"running":false,"reason":"not-master-or-single-primary-host"}
04-21 10:09:32.788 28642 28678 I assembly.assembly.android.mixc-retail-rn84: [assembly.topology] Native topology host already matches desired lifecycle state {"displayCount":2,"displayIndex":1,"deviceId":"2N4QS8GYRS","instanceMode":"SLAVE","enableSlave":false,"running":false,"reason":"not-master-or-single-primary-host"}
04-21 10:09:32.788 28903 28938 I assembly.assembly.android.mixc-retail-rn84: [assembly.topology] Native topology host already matches desired lifecycle state {"displayCount":2,"displayIndex":0,"deviceId":"2N4QS8GYRS","instanceMode":"MASTER","enableSlave":true,"running":false,"reason":"not-master-or-single-primary-host"}
04-21 10:09:32.789 28903 28938 I assembly.assembly.android.mixc-retail-rn84: [assembly.topology] Native topology host already matches desired lifecycle state {"displayCount":2,"displayIndex":0,"deviceId":"2N4QS8GYRS","instanceMode":"MASTER","enableSlave":true,"running":false,"reason":"not-master-or-single-primary-host"}
04-21 10:09:32.789 28903 28938 I assembly.assembly.android.mixc-retail-rn84: [assembly.topology] Native topology host already matches desired lifecycle state {"displayCount":2,"displayIndex":0,"deviceId":"2N4QS8GYRS","instanceMode":"MASTER","enableSlave":true,"running":false,"reason":"not-master-or-single-primary-host"}
04-21 10:09:32.790 28903 28938 I assembly.assembly.android.mixc-retail-rn84: [assembly.topology] Native topology host already matches desired lifecycle state {"displayCount":2,"displayIndex":0,"deviceId":"2N4QS8GYRS","instanceMode":"MASTER","enableSlave":true,"running":false,"reason":"not-master-or-single-primary-host"}
04-21 10:09:32.790 28903 28938 I assembly.assembly.android.mixc-retail-rn84: [assembly.topology] Native topology host already matches desired lifecycle state {"displayCount":2,"displayIndex":0,"deviceId":"2N4QS8GYRS","instanceMode":"MASTER","enableSlave":true,"running":false,"reason":"not-master-or-single-primary-host"}
04-21 10:09:32.790 28903 28938 I assembly.assembly.android.mixc-retail-rn84: [assembly.topology] Native topology host already matches desired lifecycle state {"displayCount":2,"displayIndex":0,"deviceId":"2N4QS8GYRS","instanceMode":"MASTER","enableSlave":true,"running":false,"reason":"not-master-or-single-primary-host"}
04-21 10:09:32.791 28903 28938 I assembly.assembly.android.mixc-retail-rn84: [assembly.topology] Native topology host already matches desired lifecycle state {"displayCount":2,"displayIndex":0,"deviceId":"2N4QS8GYRS","instanceMode":"MASTER","enableSlave":true,"running":false,"reason":"not-master-or-single-primary-host"}
04-21 10:09:32.791 28903 28938 I assembly.assembly.android.mixc-retail-rn84: [assembly.topology] Native topology host already matches desired lifecycle state {"displayCount":2,"displayIndex":0,"deviceId":"2N4QS8GYRS","instanceMode":"MASTER","enableSlave":true,"running":false,"reason":"not-master-or-single-primary-host"}
04-21 10:09:32.792 28903 28938 I assembly.assembly.android.mixc-retail-rn84: [assembly.topology] Native topology host already matches desired lifecycle state {"displayCount":2,"displayIndex":0,"deviceId":"2N4QS8GYRS","instanceMode":"MASTER","enableSlave":true,"running":false,"reason":"not-master-or-single-primary-host"}
04-21 10:09:32.792 28903 28938 I assembly.assembly.android.mixc-retail-rn84: [assembly.topology] Native topology host already matches desired lifecycle state {"displayCount":2,"displayIndex":0,"deviceId":"2N4QS8GYRS","instanceMode":"MASTER","enableSlave":true,"running":false,"reason":"not-master-or-single-primary-host"}
04-21 10:09:32.792 28903 28938 I assembly.assembly.android.mixc-retail-rn84: [assembly.topology] Native topology host already matches desired lifecycle state {"displayCount":2,"displayIndex":0,"deviceId":"2N4QS8GYRS","instanceMode":"MASTER","enableSlave":true,"running":false,"reason":"not-master-or-single-primary-host"}
04-21 10:09:32.793 28903 28938 I assembly.assembly.android.mixc-retail-rn84: [assembly.topology] Native topology host already matches desired lifecycle state {"displayCount":2,"displayIndex":0,"deviceId":"2N4QS8GYRS","instanceMode":"MASTER","enableSlave":true,"running":false,"reason":"not-master-or-single-primary-host"}
04-21 10:09:32.793 28903 28938 I assembly.assembly.android.mixc-retail-rn84: [assembly.topology] Native topology host already matches desired lifecycle state {"displayCount":2,"displayIndex":0,"deviceId":"2N4QS8GYRS","instanceMode":"MASTER","enableSlave":true,"running":false,"reason":"not-master-or-single-primary-host"}
04-21 10:09:32.794 28903 28938 I assembly.assembly.android.mixc-retail-rn84: [assembly.topology] Native topology host already matches desired lifecycle state {"displayCount":2,"displayIndex":0,"deviceId":"2N4QS8GYRS","instanceMode":"MASTER","enableSlave":true,"running":false,"reason":"not-master-or-single-primary-host"}
04-21 10:09:32.794 28903 28938 I assembly.assembly.android.mixc-retail-rn84: [assembly.topology] Native topology host already matches desired lifecycle state {"displayCount":2,"displayIndex":0,"deviceId":"2N4QS8GYRS","instanceMode":"MASTER","enableSlave":true,"running":false,"reason":"not-master-or-single-primary-host"}
04-21 10:09:32.794 28903 28938 I assembly.assembly.android.mixc-retail-rn84: [assembly.topology] Native topology host already matches desired lifecycle state {"displayCount":2,"displayIndex":0,"deviceId":"2N4QS8GYRS","instanceMode":"MASTER","enableSlave":true,"running":false,"reason":"not-master-or-single-primary-host"}
04-21 10:09:32.794 28903 28938 I assembly.assembly.android.mixc-retail-rn84: [assembly.topology] Native topology host already matches desired lifecycle state {"displayCount":2,"displayIndex":0,"deviceId":"2N4QS8GYRS","instanceMode":"MASTER","enableSlave":true,"running":false,"reason":"not-master-or-single-primary-host"}
04-21 10:09:32.795 28903 28938 I assembly.assembly.android.mixc-retail-rn84: [assembly.topology] Native topology host already matches desired lifecycle state {"displayCount":2,"displayIndex":0,"deviceId":"2N4QS8GYRS","instanceMode":"MASTER","enableSlave":true,"running":false,"reason":"not-master-or-single-primary-host"}
04-21 10:09:32.795 28903 28938 I assembly.assembly.android.mixc-retail-rn84: [assembly.topology] Native topology host already matches desired lifecycle state {"displayCount":2,"displayIndex":0,"deviceId":"2N4QS8GYRS","instanceMode":"MASTER","enableSlave":true,"running":false,"reason":"not-master-or-single-primary-host"}
04-21 10:09:32.795 28903 28938 I assembly.assembly.android.mixc-retail-rn84: [assembly.topology] Native topology host already matches desired lifecycle state {"displayCount":2,"displayIndex":0,"deviceId":"2N4QS8GYRS","instanceMode":"MASTER","enableSlave":true,"running":false,"reason":"not-master-or-single-primary-host"}
04-21 10:09:32.795 28903 28938 I assembly.assembly.android.mixc-retail-rn84: [assembly.topology] Native topology host already matches desired lifecycle state {"displayCount":2,"displayIndex":0,"deviceId":"2N4QS8GYRS","instanceMode":"MASTER","enableSlave":true,"running":false,"reason":"not-master-or-single-primary-host"}
04-21 10:09:32.796 28903 28938 I assembly.assembly.android.mixc-retail-rn84: [assembly.topology] Native topology host already matches desired lifecycle state {"displayCount":2,"displayIndex":0,"deviceId":"2N4QS8GYRS","instanceMode":"MASTER","enableSlave":true,"running":false,"reason":"not-master-or-single-primary-host"}
04-21 10:09:32.796 28903 28938 I assembly.assembly.android.mixc-retail-rn84: [assembly.topology] Native topology host already matches desired lifecycle state {"displayCount":2,"displayIndex":0,"deviceId":"2N4QS8GYRS","instanceMode":"MASTER","enableSlave":true,"running":false,"reason":"not-master-or-single-primary-host"}
04-21 10:09:32.796 28903 28938 I assembly.assembly.android.mixc-retail-rn84: [assembly.topology] Native topology host already matches desired lifecycle state {"displayCount":2,"displayIndex":0,"deviceId":"2N4QS8GYRS","instanceMode":"MASTER","enableSlave":true,"running":false,"reason":"not-master-or-single-primary-host"}
04-21 10:09:32.797 28903 28938 I assembly.assembly.android.mixc-retail-rn84: [assembly.topology] Native topology host already matches desired lifecycle state {"displayCount":2,"displayIndex":0,"deviceId":"2N4QS8GYRS","instanceMode":"MASTER","enableSlave":true,"running":false,"reason":"not-master-or-single-primary-host"}
04-21 10:09:32.799 28903 28938 I MMKV    : <MMKV_IO.cpp:530::expandAndWriteBack> extending [mixc-retail-assembly-rn84::state] file size from 8192 to 16384, incoming size:318, future usage:3555
04-21 10:09:32.799 28903 28938 I MMKV    : <MemoryFile.cpp:103::open> open fd[5], flag 0x7, /data/data/com.impos2.mixcretailassemblyrn84/files/mmkv/specialCharacter/cac4ff37f0f9b0189974948d3d3aa0fe
04-21 10:09:32.799 28903 28938 I MMKV    : <MemoryFile.cpp:250::mmapOrCleanup> mmap to address [0x7acbdd8000], oldPtr [0x7acbe80000], [/data/data/com.impos2.mixcretailassemblyrn84/files/mmkv/specialCharacter/cac4ff37f0f9b0189974948d3d3aa0fe]
04-21 10:09:32.799 28903 28938 I MMKV    : <MemoryFile.cpp:109::close> closing fd[5], /data/data/com.impos2.mixcretailassemblyrn84/files/mmkv/specialCharacter/cac4ff37f0f9b0189974948d3d3aa0fe
04-21 10:09:32.799 28903 28938 I MMKV    : <MMKV_IO.cpp:609::writeActualSize> [mixc-retail-assembly-rn84::state] increase sequence to 191, crc 4239806521, actualSize 7009
04-21 10:09:32.799 28903 28938 I MMKV    : <MMKV.cpp:1208::sync> MMKV::sync, SyncFlag = 1
04-21 10:09:32.802 28903 28938 I MMKV    : <MMKV_IO.cpp:530::expandAndWriteBack> extending [mixc-retail-assembly-rn84::state] file size from 16384 to 32768, incoming size:580, future usage:7410
04-21 10:09:32.803 28903 28938 I MMKV    : <MemoryFile.cpp:103::open> open fd[5], flag 0x7, /data/data/com.impos2.mixcretailassemblyrn84/files/mmkv/specialCharacter/cac4ff37f0f9b0189974948d3d3aa0fe
04-21 10:09:32.803 28903 28938 I MMKV    : <MemoryFile.cpp:250::mmapOrCleanup> mmap to address [0x7acbdd4000], oldPtr [0x7acbdd8000], [/data/data/com.impos2.mixcretailassemblyrn84/files/mmkv/specialCharacter/cac4ff37f0f9b0189974948d3d3aa0fe]
04-21 10:09:32.803 28903 28938 I MMKV    : <MemoryFile.cpp:109::close> closing fd[5], /data/data/com.impos2.mixcretailassemblyrn84/files/mmkv/specialCharacter/cac4ff37f0f9b0189974948d3d3aa0fe
04-21 10:09:32.803 28903 28938 I MMKV    : <MMKV_IO.cpp:609::writeActualSize> [mixc-retail-assembly-rn84::state] increase sequence to 192, crc 73085579, actualSize 14231
04-21 10:09:32.803 28903 28938 I MMKV    : <MMKV.cpp:1208::sync> MMKV::sync, SyncFlag = 1
04-21 10:09:32.805 28903 28938 I assembly.assembly.android.mixc-retail-rn84: [assembly.topology] Native topology host already matches desired lifecycle state {"displayCount":2,"displayIndex":0,"deviceId":"2N4QS8GYRS","instanceMode":"MASTER","enableSlave":true,"running":false,"reason":"not-master-or-single-primary-host"}
04-21 10:09:32.806 28903 28938 I assembly.assembly.android.mixc-retail-rn84: [assembly.topology] Native topology host already matches desired lifecycle state {"displayCount":2,"displayIndex":0,"deviceId":"2N4QS8GYRS","instanceMode":"MASTER","enableSlave":true,"running":false,"reason":"not-master-or-single-primary-host"}
04-21 10:09:32.806 28903 28938 I assembly.assembly.android.mixc-retail-rn84: [assembly.topology] Native topology host already matches desired lifecycle state {"displayCount":2,"displayIndex":0,"deviceId":"2N4QS8GYRS","instanceMode":"MASTER","enableSlave":true,"running":false,"reason":"not-master-or-single-primary-host"}
04-21 10:09:32.809 28642 28677 I ReactNativeJS: '[runtime-state-sync-apply]', '{"direction":"master-to-slave","incomingSliceNames":["kernel.base.topology-runtime-v3.demo.master","kernel.base.tcp-control-runtime-v2.identity","kernel.base.tcp-control-runtime-v2.credential","kernel.base.tcp-control-runtime-v2.binding","kernel.base.tcp-control-runtime-v2.sandbox","kernel.base.tdp-sync-runtime-v2.hot-update","kernel.base.ui-runtime-v2.screen.main","kernel.base.ui-runtime-v2.overlay.main","kernel.base.ui-runtime-v2.ui-variable.main"],"appliedSliceNames":["kernel.base.topology-runtime-v3.demo.master","kernel.base.tcp-control-runtime-v2.identity","kernel.base.tcp-control-runtime-v2.credential","kernel.base.tcp-control-runtime-v2.binding","kernel.base.tcp-control-runtime-v2.sandbox","kernel.base.tdp-sync-runtime-v2.hot-update","kernel.base.ui-runtime-v2.screen.main","kernel.base.ui-runtime-v2.overlay.main","kernel.base.ui-runtime-v2.ui-variable.main"],"skippedSliceReasons":[]}'
04-21 10:09:32.814 28903 28937 I ReactNativeJS: '[runtime-state-sync-apply]', '{"direction":"slave-to-master","incomingSliceNames":["kernel.base.topology-runtime-v3.demo.slave","kernel.base.ui-runtime-v2.screen.branch","kernel.base.ui-runtime-v2.overlay.branch","kernel.base.ui-runtime-v2.ui-variable.branch"],"appliedSliceNames":["kernel.base.topology-runtime-v3.demo.slave","kernel.base.ui-runtime-v2.screen.branch","kernel.base.ui-runtime-v2.overlay.branch","kernel.base.ui-runtime-v2.ui-variable.branch"],"skippedSliceReasons":[]}'
04-21 10:09:32.815 28642 28678 I assembly.assembly.android.mixc-retail-rn84: [assembly.topology] Native topology host already matches desired lifecycle state {"displayCount":2,"displayIndex":1,"deviceId":"2N4QS8GYRS","instanceMode":"SLAVE","enableSlave":false,"running":false,"reason":"not-master-or-single-primary-host"}
04-21 10:09:32.816 28642 28678 I assembly.assembly.android.mixc-retail-rn84: [assembly.topology] Native topology host already matches desired lifecycle state {"displayCount":2,"displayIndex":1,"deviceId":"2N4QS8GYRS","instanceMode":"SLAVE","enableSlave":false,"running":false,"reason":"not-master-or-single-primary-host"}
04-21 10:09:32.817 28903 28938 I assembly.assembly.android.mixc-retail-rn84: [assembly.topology] Native topology host already matches desired lifecycle state {"displayCount":2,"displayIndex":0,"deviceId":"2N4QS8GYRS","instanceMode":"MASTER","enableSlave":true,"running":false,"reason":"not-master-or-single-primary-host"}
04-21 10:09:32.818 28903 28938 I assembly.assembly.android.mixc-retail-rn84: [assembly.topology] Native topology host already matches desired lifecycle state {"displayCount":2,"displayIndex":0,"deviceId":"2N4QS8GYRS","instanceMode":"MASTER","enableSlave":true,"running":false,"reason":"not-master-or-single-primary-host"}
04-21 10:09:32.821 28903 28938 I MMKV    : <MMKV_IO.cpp:609::writeActualSize> [mixc-retail-assembly-rn84::state] increase sequence to 193, crc 1533692403, actualSize 14732
04-21 10:09:32.821 28903 28938 I MMKV    : <MMKV.cpp:1208::sync> MMKV::sync, SyncFlag = 1
04-21 10:09:32.828 28903 28938 I MMKV    : <MMKV_IO.cpp:609::writeActualSize> [mixc-retail-assembly-rn84::state] increase sequence to 194, crc 1447012539, actualSize 14732
04-21 10:09:32.828 28903 28938 I MMKV    : <MMKV.cpp:1208::sync> MMKV::sync, SyncFlag = 1
04-21 10:09:32.846 28903 28938 I MMKV    : <MMKV_IO.cpp:609::writeActualSize> [mixc-retail-assembly-rn84::state] increase sequence to 195, crc 2424667816, actualSize 14732
04-21 10:09:32.846 28903 28938 I MMKV    : <MMKV.cpp:1208::sync> MMKV::sync, SyncFlag = 1
04-21 10:09:32.853 28903 28938 I MMKV    : <MMKV_IO.cpp:609::writeActualSize> [mixc-retail-assembly-rn84::state] increase sequence to 196, crc 2289839851, actualSize 14732
04-21 10:09:32.853 28903 28938 I MMKV    : <MMKV.cpp:1208::sync> MMKV::sync, SyncFlag = 1
04-21 10:09:32.864 28903 28938 I MMKV    : <MMKV_IO.cpp:609::writeActualSize> [mixc-retail-assembly-rn84::state] increase sequence to 197, crc 1362328286, actualSize 14732
04-21 10:09:32.864 28903 28938 I MMKV    : <MMKV.cpp:1208::sync> MMKV::sync, SyncFlag = 1
04-21 10:09:32.872 28903 28938 I MMKV    : <MMKV_IO.cpp:609::writeActualSize> [mixc-retail-assembly-rn84::state] increase sequence to 198, crc 236693967, actualSize 14732
04-21 10:09:32.872 28903 28938 I MMKV    : <MMKV.cpp:1208::sync> MMKV::sync, SyncFlag = 1
04-21 10:09:32.881 28903 28938 I MMKV    : <MMKV_IO.cpp:609::writeActualSize> [mixc-retail-assembly-rn84::state] increase sequence to 199, crc 955254269, actualSize 14732
04-21 10:09:32.881 28903 28938 I MMKV    : <MMKV.cpp:1208::sync> MMKV::sync, SyncFlag = 1
04-21 10:09:32.889 28903 28938 I MMKV    : <MMKV_IO.cpp:609::writeActualSize> [mixc-retail-assembly-rn84::state] increase sequence to 200, crc 4024057803, actualSize 14732
04-21 10:09:32.889 28903 28938 I MMKV    : <MMKV.cpp:1208::sync> MMKV::sync, SyncFlag = 1
04-21 10:09:32.896 28903 28938 I MMKV    : <MMKV_IO.cpp:609::writeActualSize> [mixc-retail-assembly-rn84::state] increase sequence to 201, crc 1272764964, actualSize 14732
04-21 10:09:32.896 28903 28938 I MMKV    : <MMKV.cpp:1208::sync> MMKV::sync, SyncFlag = 1
04-21 10:09:32.906 28903 28938 I MMKV    : <MMKV_IO.cpp:609::writeActualSize> [mixc-retail-assembly-rn84::state] increase sequence to 202, crc 58050718, actualSize 14732
04-21 10:09:32.906 28903 28938 I MMKV    : <MMKV.cpp:1208::sync> MMKV::sync, SyncFlag = 1
04-21 10:09:32.913 28903 28938 I MMKV    : <MMKV_IO.cpp:609::writeActualSize> [mixc-retail-assembly-rn84::state] increase sequence to 203, crc 2094102399, actualSize 14732
04-21 10:09:32.913 28903 28938 I MMKV    : <MMKV.cpp:1208::sync> MMKV::sync, SyncFlag = 1
04-21 10:09:32.920 28903 28938 I MMKV    : <MMKV_IO.cpp:609::writeActualSize> [mixc-retail-assembly-rn84::state] increase sequence to 204, crc 3650580364, actualSize 14732
04-21 10:09:32.920 28903 28938 I MMKV    : <MMKV.cpp:1208::sync> MMKV::sync, SyncFlag = 1
04-21 10:09:32.927 28903 28938 I MMKV    : <MMKV_IO.cpp:609::writeActualSize> [mixc-retail-assembly-rn84::state] increase sequence to 205, crc 2769790413, actualSize 14732
04-21 10:09:32.927 28903 28938 I MMKV    : <MMKV.cpp:1208::sync> MMKV::sync, SyncFlag = 1
04-21 10:09:32.934 28903 28938 I MMKV    : <MMKV_IO.cpp:609::writeActualSize> [mixc-retail-assembly-rn84::state] increase sequence to 206, crc 1272764964, actualSize 14732
04-21 10:09:32.934 28903 28938 I MMKV    : <MMKV.cpp:1208::sync> MMKV::sync, SyncFlag = 1
04-21 10:09:32.944 28903 28938 I MMKV    : <MMKV_IO.cpp:609::writeActualSize> [mixc-retail-assembly-rn84::state] increase sequence to 207, crc 58050718, actualSize 14732
04-21 10:09:32.944 28903 28938 I MMKV    : <MMKV.cpp:1208::sync> MMKV::sync, SyncFlag = 1
04-21 10:09:32.951 28903 28938 I MMKV    : <MMKV_IO.cpp:609::writeActualSize> [mixc-retail-assembly-rn84::state] increase sequence to 208, crc 2094102399, actualSize 14732
04-21 10:09:32.951 28903 28938 I MMKV    : <MMKV.cpp:1208::sync> MMKV::sync, SyncFlag = 1
04-21 10:09:32.958 28903 28938 I MMKV    : <MMKV_IO.cpp:609::writeActualSize> [mixc-retail-assembly-rn84::state] increase sequence to 209, crc 3650580364, actualSize 14732
04-21 10:09:32.958 28903 28938 I MMKV    : <MMKV.cpp:1208::sync> MMKV::sync, SyncFlag = 1
04-21 10:09:32.968 28903 28938 I MMKV    : <MMKV_IO.cpp:609::writeActualSize> [mixc-retail-assembly-rn84::state] increase sequence to 210, crc 2769790413, actualSize 14732
04-21 10:09:32.968 28903 28938 I MMKV    : <MMKV.cpp:1208::sync> MMKV::sync, SyncFlag = 1
04-21 10:09:32.975 28903 28938 I MMKV    : <MMKV_IO.cpp:609::writeActualSize> [mixc-retail-assembly-rn84::state] increase sequence to 211, crc 1272764964, actualSize 14732
04-21 10:09:32.975 28903 28938 I MMKV    : <MMKV.cpp:1208::sync> MMKV::sync, SyncFlag = 1
04-21 10:09:32.986 28903 28938 I MMKV    : <MMKV_IO.cpp:609::writeActualSize> [mixc-retail-assembly-rn84::state] increase sequence to 212, crc 58050718, actualSize 14732
04-21 10:09:32.986 28903 28938 I MMKV    : <MMKV.cpp:1208::sync> MMKV::sync, SyncFlag = 1
04-21 10:09:32.993 28903 28938 I MMKV    : <MMKV_IO.cpp:609::writeActualSize> [mixc-retail-assembly-rn84::state] increase sequence to 213, crc 2094102399, actualSize 14732
04-21 10:09:32.994 28903 28938 I MMKV    : <MMKV.cpp:1208::sync> MMKV::sync, SyncFlag = 1
04-21 10:09:33.001 28903 28938 I MMKV    : <MMKV_IO.cpp:609::writeActualSize> [mixc-retail-assembly-rn84::state] increase sequence to 214, crc 2724071589, actualSize 14732
04-21 10:09:33.001 28903 28938 I MMKV    : <MMKV.cpp:1208::sync> MMKV::sync, SyncFlag = 1
04-21 10:09:33.008 28903 28938 I MMKV    : <MMKV_IO.cpp:609::writeActualSize> [mixc-retail-assembly-rn84::state] increase sequence to 215, crc 3739140836, actualSize 14732
04-21 10:09:33.008 28903 28938 I MMKV    : <MMKV.cpp:1208::sync> MMKV::sync, SyncFlag = 1
04-21 10:09:33.016 28903 28938 I MMKV    : <MMKV_IO.cpp:609::writeActualSize> [mixc-retail-assembly-rn84::state] increase sequence to 216, crc 806731021, actualSize 14732
04-21 10:09:33.016 28903 28938 I MMKV    : <MMKV.cpp:1208::sync> MMKV::sync, SyncFlag = 1
04-21 10:09:33.026 28903 28938 I MMKV    : <MMKV_IO.cpp:609::writeActualSize> [mixc-retail-assembly-rn84::state] increase sequence to 217, crc 2025631671, actualSize 14732
04-21 10:09:33.026 28903 28938 I MMKV    : <MMKV.cpp:1208::sync> MMKV::sync, SyncFlag = 1
04-21 10:09:33.034 28903 28938 I MMKV    : <MMKV_IO.cpp:609::writeActualSize> [mixc-retail-assembly-rn84::state] increase sequence to 218, crc 119017558, actualSize 14732
04-21 10:09:33.034 28903 28938 I MMKV    : <MMKV.cpp:1208::sync> MMKV::sync, SyncFlag = 1
04-21 10:09:33.751   888  1819 E TaskPersister: File error accessing recents directory (directory doesn't exist?).
04-21 10:09:35.543   888  1023 E WifiStaIfaceAidlImpl: getLinkLayerStats failed with service-specific exception: android.os.ServiceSpecificException: unknown error (code 9)
04-21 10:09:38.555   888  1023 E WifiStaIfaceAidlImpl: getLinkLayerStats failed with service-specific exception: android.os.ServiceSpecificException: unknown error (code 9)
04-21 10:09:41.567   888  1023 E WifiStaIfaceAidlImpl: getLinkLayerStats failed with service-specific exception: android.os.ServiceSpecificException: unknown error (code 9)
04-21 10:09:42.022   344   374 E android.hardware.graphics.composer3-service.rockchip: wait,line=113 wait callback timeout
04-21 10:09:42.517  2731  2731 E SdkStatusContentProvider: SdkSettingPreferences onSharedPreferenceChanged key = isp
04-21 10:09:42.517  2731  2731 E SdkStatusContentProvider: SdkSettingPreferences onSharedPreferenceChanged key = isp
04-21 10:09:42.518  2731  2877 E ActivityThread: Failed to find provider info for com.alipay.iot.settings.SettingsProvider
04-21 10:09:42.519  2731  2877 E ActivityThread: Failed to find provider info for com.alipay.iot.settings.SettingsProvider
04-21 10:09:42.521   888  1680 I UsbExtImpl: default allow  uid:10099pid:2731  processName=com.alipay.iot.service to use PC Camera
04-21 10:09:42.521   888  1680 V UsbExtImpl: smconf processName:com.alipay.iot.service
04-21 10:09:42.521   888  1680 I UsbExtImpl: smconf disallow  uid:10099pid:2731  processName=com.alipay.iot.service to use GD32-USB_Printer
04-21 10:09:42.522   888  1680 I UsbExtImpl: default allow  uid:10099pid:2731  processName=com.alipay.iot.service to use NS021 USB HID Keyboard
04-21 10:09:42.523   888  1680 I UsbExtImpl: default allow  uid:10099pid:2731  processName=com.alipay.iot.service to use PC Camera
04-21 10:09:42.523   888  1680 V UsbExtImpl: smconf processName:com.alipay.iot.service
04-21 10:09:42.523   888  1680 I UsbExtImpl: smconf disallow  uid:10099pid:2731  processName=com.alipay.iot.service to use GD32-USB_Printer
04-21 10:09:42.524   888  1680 I UsbExtImpl: default allow  uid:10099pid:2731  processName=com.alipay.iot.service to use NS021 USB HID Keyboard
04-21 10:09:42.525   888  1680 I UsbExtImpl: default allow  uid:10099pid:2731  processName=com.alipay.iot.service to use PC Camera
04-21 10:09:42.525   888  1680 V UsbExtImpl: smconf processName:com.alipay.iot.service
04-21 10:09:42.525   888  1680 I UsbExtImpl: smconf disallow  uid:10099pid:2731  processName=com.alipay.iot.service to use GD32-USB_Printer
04-21 10:09:42.526   888  1680 I UsbExtImpl: default allow  uid:10099pid:2731  processName=com.alipay.iot.service to use NS021 USB HID Keyboard
04-21 10:09:42.527   888  1680 I UsbExtImpl: default allow  uid:10099pid:2731  processName=com.alipay.iot.service to use PC Camera
04-21 10:09:42.527   888  1680 V UsbExtImpl: smconf processName:com.alipay.iot.service
04-21 10:09:42.527   888  1680 I UsbExtImpl: smconf disallow  uid:10099pid:2731  processName=com.alipay.iot.service to use GD32-USB_Printer
04-21 10:09:42.528   888  1680 I UsbExtImpl: default allow  uid:10099pid:2731  processName=com.alipay.iot.service to use NS021 USB HID Keyboard
04-21 10:09:42.529   888  1680 I UsbExtImpl: default allow  uid:10099pid:2731  processName=com.alipay.iot.service to use PC Camera
04-21 10:09:42.529   888  1680 V UsbExtImpl: smconf processName:com.alipay.iot.service
04-21 10:09:42.529   888  1680 I UsbExtImpl: smconf disallow  uid:10099pid:2731  processName=com.alipay.iot.service to use GD32-USB_Printer
04-21 10:09:42.529   888  1680 I UsbExtImpl: default allow  uid:10099pid:2731  processName=com.alipay.iot.service to use NS021 USB HID Keyboard
04-21 10:09:44.579   888  1023 E WifiStaIfaceAidlImpl: getLinkLayerStats failed with service-specific exception: android.os.ServiceSpecificException: unknown error (code 9)
04-21 10:09:47.590   888  1023 E WifiStaIfaceAidlImpl: getLinkLayerStats failed with service-specific exception: android.os.ServiceSpecificException: unknown error (code 9)
04-21 10:09:50.600   888  1023 E WifiStaIfaceAidlImpl: getLinkLayerStats failed with service-specific exception: android.os.ServiceSpecificException: unknown error (code 9)
04-21 10:09:53.613   888  1023 E WifiStaIfaceAidlImpl: getLinkLayerStats failed with service-specific exception: android.os.ServiceSpecificException: unknown error (code 9)
04-21 10:09:56.622   888  1023 E WifiStaIfaceAidlImpl: getLinkLayerStats failed with service-specific exception: android.os.ServiceSpecificException: unknown error (code 9)
04-21 10:09:59.634   888  1023 E WifiStaIfaceAidlImpl: getLinkLayerStats failed with service-specific exception: android.os.ServiceSpecificException: unknown error (code 9)
04-21 10:10:00.000   888   972 D AlarmManager: setImplLocked() callingPackage=android
04-21 10:10:02.022   344   374 E android.hardware.graphics.composer3-service.rockchip: wait,line=113 wait callback timeout
04-21 10:10:02.643   888  1023 E WifiStaIfaceAidlImpl: getLinkLayerStats failed with service-specific exception: android.os.ServiceSpecificException: unknown error (code 9)
04-21 10:10:02.657 28903 28975 D TrafficStats: tagSocket(5) with statsTag=0xffffffff, statsUid=-1
04-21 10:10:02.672 28903 28975 D TrafficStats: tagSocket(158) with statsTag=0xffffffff, statsUid=-1
04-21 10:10:02.719 28642 28711 D TrafficStats: tagSocket(91) with statsTag=0xffffffff, statsUid=-1
04-21 10:10:02.726 28642 28711 D TrafficStats: tagSocket(91) with statsTag=0xffffffff, statsUid=-1
