04-21 10:10:18.372 29057 29094 D nativeloader: InitVndkspLibrariesProduct: android.hardware.common-V2-ndk.so:android.hardware.common.fmq-V1-ndk.so:android.hardware.graphics.allocator-V2-ndk.so:android.hardware.graphics.common-V4-ndk.so:android.hardware.graphics.common@1.0.so:android.hardware.graphics.common@1.1.so:android.hardware.graphics.common@1.2.so:android.hardware.graphics.composer3-V1-ndk.so:android.hardware.graphics.mapper@2.0.so:android.hardware.graphics.mapper@2.1.so:android.hardware.graphics.mapper@3.0.so:android.hardware.graphics.mapper@4.0.so:android.hardware.renderscript@1.0.so:android.hidl.memory.token@1.0.so:android.hidl.memory@1.0-impl.so:android.hidl.memory@1.0.so:android.hidl.safe_union@1.0.so:libRSCpuRef.so:libRSDriver.so:libRS_internal.so:libbase.so:libbcinfo.so:libblas.so:libc++.so:libcompiler_rt.so:libcutils.so:libdmabufheap.so:libgralloctypes.so:libhardware.so:libhidlbase.so:libhidlmemory.so:libion.so:libjsoncpp.so:liblzma.so:libprocessgroup.so:libunwindstack.so:libutils.so:libutilscallstack.so:libz.so
04-21 10:10:18.390 29057 29094 I cr_WVCFactoryProvider: Loaded version=116.0.5845.195 minSdkVersion=1 isBundle=false multiprocess=true packageId=2
04-21 10:10:18.407 29057 29094 I cr_LibraryLoader: Successfully loaded native library
04-21 10:10:18.407 29057 29094 I cr_CachingUmaRecorder: Flushed 7 samples from 7 histograms, 0 samples were dropped.
04-21 10:10:18.416 29057 29094 I assembly.kernel.base.runtime-shell-v2.application.KernelRuntimeAppV2: [runtime.load] kernel runtime app v2 started {"runtimeName":"assembly.android.mixc-retail-rn84","moduleDescriptors":[{"moduleName":"assembly.android.mixc-retail-rn84","packageVersion":"1.0.0","dependencies":[],"stateSliceNames":[],"commandNames":[],"actorKeys":["assembly.android.mixc-retail-rn84.AssemblyRuntimeInitializeActor"],"errorKeys":[],"parameterKeys":[],"hasInstall":true,"hasPreSetup":true},{"moduleName":"kernel.base.topology-runtime-v3","packageVersion":"0.0.1","dependencies":[],"stateSliceNames":["kernel.base.topology-runtime-v3.config","kernel.base.topology-runtime-v3.context","kernel.base.topology-runtime-v3.connection","kernel.base.topology-runtime-v3.peer","kernel.base.topology-runtime-v3.sync","kernel.base.topology-runtime-v3.request-mirror","kernel.base.topology-runtime-v3.demo.master","kernel.base.topology-runtime-v3.demo.slave"],"commandNames":["kernel.base.topology-runtime-v3.set-instance-mode","kernel.base.topology-runtime-v3.set-display-mode","kernel.base.topology-runtime-v3.set-enable-slave","kernel.base.topology-runtime-v3.set-master-locator","kernel.base.topology-runtime-v3.clear-master-locator","kernel.base.topology-runtime-v3.refresh-topology-context","kernel.base.topology-runtime-v3.start-topology-connection","kernel.base.topology-runtime-v3.stop-topology-connection","kernel.base.topology-runtime-v3.restart-topology-connection","kernel.base.topology-runtime-v3.upsert-demo-master-entry","kernel.base.topology-runtime-v3.remove-demo-master-entry","kernel.base.topology-runtime-v3.reset-demo-master-state","kernel.base.topology-runtime-v3.upsert-demo-slave-entry","kernel.base.topology-runtime-v3.remove-demo-slave-entry","kernel.base.topology-runtime-v3.reset-demo-slave-state"],"actorKeys":["kernel.base.topology-runtime-v3.TopologyContextActor","kernel.base.topology-runtime-v3.TopologyConnectionActor","kernel.base.topology-runtime-v3.TopologyDemoSyncActor"],"errorKeys":["kernel.base.topology-runtime-v3.display_context_required","kernel.base.topology-runtime-v3.orchestrator_required","kernel.base.topology-runtime-v3.socket_binding_required","kernel.base.topology-runtime-v3.hello_runtime_required","kernel.base.topology-runtime-v3.action_not_allowed"],"parameterKeys":["kernel.base.topology-runtime-v3.reconnect-interval-ms"],"hasInstall":true,"hasPreSetup":true},{"moduleName":"kernel.base.tcp-control-runtime-v2","packageVersion":"0.0.1","dependencies":[],"stateSliceNames":["kernel.base.tcp-control-runtime-v2.identity","kernel.base.tcp-control-runtime-v2.credential","kernel.base.tcp-control-runtime-v2.binding","kernel.base.tcp-control-runtime-v2.sandbox","kernel.base.tcp-control-runtime-v2.runtime"],"commandNames":["kernel.base.tcp-control-runtime-v2.bootstrap-tcp-control","kernel.base.tcp-control-runtime-v2.bootstrap-tcp-control-succeeded","kernel.base.tcp-control-runtime-v2.activate-terminal","kernel.base.tcp-control-runtime-v2.activate-terminal-succeeded","kernel.base.tcp-control-runtime-v2.refresh-credential","kernel.base.tcp-control-runtime-v2.credential-refreshed","kernel.base.tcp-control-runtime-v2.deactivate-terminal","kernel.base.tcp-control-runtime-v2.deactivate-terminal-succeeded","kernel.base.tcp-control-runtime-v2.report-task-result","kernel.base.tcp-control-runtime-v2.task-result-reported","kernel.base.tcp-control-runtime-v2.reset-tcp-control"],"actorKeys":["kernel.base.tcp-control-runtime-v2.TcpBootstrapActor","kernel.base.tcp-control-runtime-v2.TcpActivationActor","kernel.base.tcp-control-runtime-v2.TcpCredentialActor","kernel.base.tcp-control-runtime-v2.TcpDeactivationActor","kernel.base.tcp-control-runtime-v2.TcpTaskReportActor","kernel.base.tcp-control-runtime-v2.TcpStateMutationActor"],"errorKeys":["kernel.base.tcp-control-runtime-v2.activation_code_invalid","kernel.base.tcp-control-runtime-v2.activation_failed","kernel.base.tcp-control-runtime-v2.credential_missing","kernel.base.tcp-control-runtime-v2.credential_expired","kernel.base.tcp-control-runtime-v2.refresh_failed","kernel.base.tcp
04-21 10:10:18.418 29057 29125 D TrafficStats: tagSocket(149) with statsTag=0xffffffff, statsUid=-1
04-21 10:10:18.421 29057 29110 D TrafficStats: tagSocket(150) with statsTag=0xffffffff, statsUid=-1
04-21 10:10:18.421 29057 29094 I MMKV    : <MMKV_IO.cpp:609::writeActualSize> [mixc-retail-assembly-rn84::state] increase sequence to 220, crc 3669505571, actualSize 14732
04-21 10:10:18.421 29057 29094 I MMKV    : <MMKV.cpp:1208::sync> MMKV::sync, SyncFlag = 1
04-21 10:10:18.431 29057 29094 I MMKV    : <MMKV_IO.cpp:609::writeActualSize> [mixc-retail-assembly-rn84::state] increase sequence to 221, crc 1442564668, actualSize 14732
04-21 10:10:18.431 29057 29094 I MMKV    : <MMKV.cpp:1208::sync> MMKV::sync, SyncFlag = 1
04-21 10:10:18.434 29057 29094 I assembly.android.mixc-retail-rn84.boot: {"stage":"runtime.start:done","displayIndex":0,"displayCount":2,"topologyRole":"master","topologyWsUrl":"ws://127.0.0.1:8888/mockMasterServer/ws"}
04-21 10:10:18.434 29057 29094 D TrafficStats: tagSocket(152) with statsTag=0xffffffff, statsUid=-1
04-21 10:10:18.435 29057 29094 I assembly.assembly.android.mixc-retail-rn84: [assembly.topology] Native topology host already matches desired lifecycle state {"displayCount":2,"displayIndex":0,"deviceId":"2N4QS8GYRS","instanceMode":"MASTER","enableSlave":true,"running":false,"reason":"not-master-or-single-primary-host"}
04-21 10:10:18.444 29057 29094 I assembly.android.mixc-retail-rn84.boot: {"stage":"automation.host:start","displayIndex":0,"displayCount":2,"topologyRole":"master","topologyWsUrl":"ws://127.0.0.1:8888/mockMasterServer/ws","target":"primary","host":"127.0.0.1","port":18584}
04-21 10:10:18.447 29057 29094 I assembly.assembly.android.mixc-retail-rn84: [assembly.topology] Native topology host already matches desired lifecycle state {"displayCount":2,"displayIndex":0,"deviceId":"2N4QS8GYRS","instanceMode":"MASTER","enableSlave":true,"running":false,"reason":"not-master-or-single-primary-host"}
04-21 10:10:18.448 29057 29094 I assembly.assembly.android.mixc-retail-rn84: [assembly.topology] Native topology host already matches desired lifecycle state {"displayCount":2,"displayIndex":0,"deviceId":"2N4QS8GYRS","instanceMode":"MASTER","enableSlave":true,"running":false,"reason":"not-master-or-single-primary-host"}
04-21 10:10:18.448 29057 29094 I assembly.assembly.android.mixc-retail-rn84: [assembly.topology] Native topology host already matches desired lifecycle state {"displayCount":2,"displayIndex":0,"deviceId":"2N4QS8GYRS","instanceMode":"MASTER","enableSlave":true,"running":false,"reason":"not-master-or-single-primary-host"}
04-21 10:10:18.451 29057 29094 I MMKV    : <MMKV_IO.cpp:609::writeActualSize> [mixc-retail-assembly-rn84::state] increase sequence to 222, crc 3079877607, actualSize 14732
04-21 10:10:18.451 29057 29094 I MMKV    : <MMKV.cpp:1208::sync> MMKV::sync, SyncFlag = 1
04-21 10:10:18.459 29057 29094 I MMKV    : <MMKV_IO.cpp:609::writeActualSize> [mixc-retail-assembly-rn84::state] increase sequence to 223, crc 3340056252, actualSize 14732
04-21 10:10:18.459 29057 29094 I MMKV    : <MMKV.cpp:1208::sync> MMKV::sync, SyncFlag = 1
04-21 10:10:18.468 29057 29094 I MMKV    : <MMKV_IO.cpp:609::writeActualSize> [mixc-retail-assembly-rn84::state] increase sequence to 224, crc 1383430408, actualSize 14732
04-21 10:10:18.468 29057 29094 I MMKV    : <MMKV.cpp:1208::sync> MMKV::sync, SyncFlag = 1
04-21 10:10:18.477 29057 29094 I MMKV    : <MMKV_IO.cpp:609::writeActualSize> [mixc-retail-assembly-rn84::state] increase sequence to 225, crc 29607064, actualSize 14732
04-21 10:10:18.477 29057 29094 I MMKV    : <MMKV.cpp:1208::sync> MMKV::sync, SyncFlag = 1
04-21 10:10:18.485 29057 29094 I MMKV    : <MMKV_IO.cpp:609::writeActualSize> [mixc-retail-assembly-rn84::state] increase sequence to 226, crc 3479022663, actualSize 14732
04-21 10:10:18.485 29057 29094 I MMKV    : <MMKV.cpp:1208::sync> MMKV::sync, SyncFlag = 1
04-21 10:10:18.497 29057 29094 I MMKV    : <MMKV_IO.cpp:609::writeActualSize> [mixc-retail-assembly-rn84::state] increase sequence to 227, crc 3079877607, actualSize 14732
04-21 10:10:18.497 29057 29094 I MMKV    : <MMKV.cpp:1208::sync> MMKV::sync, SyncFlag = 1
04-21 10:10:18.505 29057 29094 I MMKV    : <MMKV_IO.cpp:609::writeActualSize> [mixc-retail-assembly-rn84::state] increase sequence to 228, crc 3340056252, actualSize 14732
04-21 10:10:18.505 29057 29094 I MMKV    : <MMKV.cpp:1208::sync> MMKV::sync, SyncFlag = 1
04-21 10:10:18.513 29057 29094 I MMKV    : <MMKV_IO.cpp:609::writeActualSize> [mixc-retail-assembly-rn84::state] increase sequence to 229, crc 1383430408, actualSize 14732
04-21 10:10:18.513 29057 29094 I MMKV    : <MMKV.cpp:1208::sync> MMKV::sync, SyncFlag = 1
04-21 10:10:18.521 29057 29094 I MMKV    : <MMKV_IO.cpp:609::writeActualSize> [mixc-retail-assembly-rn84::state] increase sequence to 230, crc 29607064, actualSize 14732
04-21 10:10:18.521 29057 29094 I MMKV    : <MMKV.cpp:1208::sync> MMKV::sync, SyncFlag = 1
04-21 10:10:18.529 29057 29094 I MMKV    : <MMKV_IO.cpp:609::writeActualSize> [mixc-retail-assembly-rn84::state] increase sequence to 231, crc 3479022663, actualSize 14732
04-21 10:10:18.529 29057 29094 I MMKV    : <MMKV.cpp:1208::sync> MMKV::sync, SyncFlag = 1
04-21 10:10:18.541 29057 29094 I MMKV    : <MMKV_IO.cpp:609::writeActualSize> [mixc-retail-assembly-rn84::state] increase sequence to 232, crc 3079877607, actualSize 14732
04-21 10:10:18.541 29057 29094 I MMKV    : <MMKV.cpp:1208::sync> MMKV::sync, SyncFlag = 1
04-21 10:10:18.550 29057 29094 I MMKV    : <MMKV_IO.cpp:609::writeActualSize> [mixc-retail-assembly-rn84::state] increase sequence to 233, crc 3340056252, actualSize 14732
04-21 10:10:18.550 29057 29094 I MMKV    : <MMKV.cpp:1208::sync> MMKV::sync, SyncFlag = 1
04-21 10:10:18.559 29057 29094 I MMKV    : <MMKV_IO.cpp:609::writeActualSize> [mixc-retail-assembly-rn84::state] increase sequence to 234, crc 1383430408, actualSize 14732
04-21 10:10:18.559 29057 29094 I MMKV    : <MMKV.cpp:1208::sync> MMKV::sync, SyncFlag = 1
04-21 10:10:18.568 29057 29094 I MMKV    : <MMKV_IO.cpp:609::writeActualSize> [mixc-retail-assembly-rn84::state] increase sequence to 235, crc 29607064, actualSize 14732
04-21 10:10:18.568 29057 29094 I MMKV    : <MMKV.cpp:1208::sync> MMKV::sync, SyncFlag = 1
04-21 10:10:18.579 29057 29094 I MMKV    : <MMKV_IO.cpp:609::writeActualSize> [mixc-retail-assembly-rn84::state] increase sequence to 236, crc 3479022663, actualSize 14732
04-21 10:10:18.579 29057 29094 I MMKV    : <MMKV.cpp:1208::sync> MMKV::sync, SyncFlag = 1
04-21 10:10:18.592 29057 29094 I MMKV    : <MMKV_IO.cpp:609::writeActualSize> [mixc-retail-assembly-rn84::state] increase sequence to 237, crc 3079877607, actualSize 14732
04-21 10:10:18.592 29057 29094 I MMKV    : <MMKV.cpp:1208::sync> MMKV::sync, SyncFlag = 1
04-21 10:10:18.601 29057 29094 I MMKV    : <MMKV_IO.cpp:609::writeActualSize> [mixc-retail-assembly-rn84::state] increase sequence to 238, crc 3340056252, actualSize 14732
04-21 10:10:18.601 29057 29094 I MMKV    : <MMKV.cpp:1208::sync> MMKV::sync, SyncFlag = 1
04-21 10:10:18.611 29057 29094 I MMKV    : <MMKV_IO.cpp:609::writeActualSize> [mixc-retail-assembly-rn84::state] increase sequence to 239, crc 1383430408, actualSize 14732
04-21 10:10:18.611 29057 29094 I MMKV    : <MMKV.cpp:1208::sync> MMKV::sync, SyncFlag = 1
04-21 10:10:18.621 29057 29094 I MMKV    : <MMKV_IO.cpp:609::writeActualSize> [mixc-retail-assembly-rn84::state] increase sequence to 240, crc 29607064, actualSize 14732
04-21 10:10:18.621 29057 29094 I MMKV    : <MMKV.cpp:1208::sync> MMKV::sync, SyncFlag = 1
04-21 10:10:18.630 29057 29094 I MMKV    : <MMKV_IO.cpp:609::writeActualSize> [mixc-retail-assembly-rn84::state] increase sequence to 241, crc 3479022663, actualSize 14732
04-21 10:10:18.630 29057 29094 I MMKV    : <MMKV.cpp:1208::sync> MMKV::sync, SyncFlag = 1
04-21 10:10:18.642 29057 29094 I MMKV    : <MMKV_IO.cpp:609::writeActualSize> [mixc-retail-assembly-rn84::state] increase sequence to 242, crc 3079877607, actualSize 14732
04-21 10:10:18.642 29057 29094 I MMKV    : <MMKV.cpp:1208::sync> MMKV::sync, SyncFlag = 1
04-21 10:10:18.651 29057 29094 I MMKV    : <MMKV_IO.cpp:609::writeActualSize> [mixc-retail-assembly-rn84::state] increase sequence to 243, crc 3340056252, actualSize 14732
04-21 10:10:18.651 29057 29094 I MMKV    : <MMKV.cpp:1208::sync> MMKV::sync, SyncFlag = 1
04-21 10:10:18.660 29057 29094 I MMKV    : <MMKV_IO.cpp:609::writeActualSize> [mixc-retail-assembly-rn84::state] increase sequence to 244, crc 1383430408, actualSize 14732
04-21 10:10:18.660 29057 29094 I MMKV    : <MMKV.cpp:1208::sync> MMKV::sync, SyncFlag = 1
04-21 10:10:18.669 29057 29094 I MMKV    : <MMKV_IO.cpp:609::writeActualSize> [mixc-retail-assembly-rn84::state] increase sequence to 245, crc 29607064, actualSize 14732
04-21 10:10:18.669 29057 29094 I MMKV    : <MMKV.cpp:1208::sync> MMKV::sync, SyncFlag = 1
04-21 10:10:18.722 29057 29094 I assembly.android.mixc-retail-rn84.boot: {"stage":"app-load-complete:start","displayIndex":0}
04-21 10:10:18.723 29057 29094 I StartupAudit: app_load_complete displayIndex=0 pid=29057 time=2026-04-21 10:10:18.723
04-21 10:10:18.723 29057 29094 I StartupAudit: secondary_launch_scheduled pid=29057 time=2026-04-21 10:10:18.723
04-21 10:10:18.732 29057 29094 I assembly.assembly.android.mixc-retail-rn84: [assembly.topology] Native topology host already matches desired lifecycle state {"displayCount":2,"displayIndex":0,"deviceId":"2N4QS8GYRS","instanceMode":"MASTER","enableSlave":true,"running":false,"reason":"not-master-or-single-primary-host"}
04-21 10:10:18.737 29057 29094 I MMKV    : <MMKV_IO.cpp:609::writeActualSize> [mixc-retail-assembly-rn84::state] increase sequence to 246, crc 3146663238, actualSize 14732
04-21 10:10:18.737 29057 29094 I MMKV    : <MMKV.cpp:1208::sync> MMKV::sync, SyncFlag = 1
04-21 10:10:18.738 29057 29094 I assembly.android.mixc-retail-rn84.boot: {"stage":"app-load-complete:done","displayIndex":0}
04-21 10:10:18.739 29057 29094 I assembly.assembly.android.mixc-retail-rn84: [assembly.topology] Native topology host already matches desired lifecycle state {"displayCount":2,"displayIndex":0,"deviceId":"2N4QS8GYRS","instanceMode":"MASTER","enableSlave":true,"running":false,"reason":"not-master-or-single-primary-host"}
04-21 10:10:20.110   649  1548 I libbt_vendor: AICBTDBG(LOGINFO)	op for 7
04-21 10:10:20.110   649  1548 I bt_hwcfg_uart: AICBTDBG(LOGINFO)	set_wake_stat 0
04-21 10:10:20.110   649  1548 I bt_upio : AICBTDBG(LOGINFO)	upio_set : pio 0 action 1, polarity 1
04-21 10:10:20.698   888  1023 E WifiStaIfaceAidlImpl: getLinkLayerStats failed with service-specific exception: android.os.ServiceSpecificException: unknown error (code 9)
04-21 10:10:21.726 29057 29057 I StartupAudit: secondary_launch_attempt displayCount=2 displayId=2 pid=29057 time=2026-04-21 10:10:21.724
04-21 10:10:21.729   888  1680 W APP_LOCK: ===isSecureForCommon  defaultLauncher:null===
04-21 10:10:21.729   888  1680 W APP_LOCK: ===isSecureForCommon  callingPackage:com.impos2.mixcretailassemblyrn84===
04-21 10:10:21.730   888  1680 W APP_LOCK: ===isSecureForCommon  === defaultLauncher:com.android.launcher3===
04-21 10:10:21.730   888  1680 W APP_LOCK: ===isSecureForCommon  isDefaultApp:false=== packageName : com.impos2.mixcretailassemblyrn84
04-21 10:10:21.732   888  1680 I Camera  : callprocess:com.impos2.mixcretailassemblyrn84
04-21 10:10:21.742   888  1680 E ActivityTaskManager: startResult ================ 0
04-21 10:10:21.756   688   688 W android.hardwar: type=1400 audit(0.0:8708): avc:  denied  { read } for  name="u:object_r:vendor_sculptor_prop:s0" dev="tmpfs" ino=383 scontext=u:r:hal_power_default:s0 tcontext=u:object_r:vendor_sculptor_prop:s0 tclass=file permissive=0
04-21 10:10:21.760   688   688 W libc    : Access denied finding property "vendor.sculptor.enable"
04-21 10:10:21.762   888  1680 I Camera  : callprocess:com.impos2.mixcretailassemblyrn84
04-21 10:10:21.763   888  1680 I APP_LOCK: com.impos2.mixcretailassemblyrn84 common is  not locked
04-21 10:10:21.763   888  1680 W APP_LOCK:   isCustomizedAppLockEnabled is false
04-21 10:10:21.767   888  1680 I Camera  : callprocess:com.impos2.mixcretailassemblyrn84
04-21 10:10:21.771   888  1680 D WmsExtImpl: config_supportAutoRotation false
04-21 10:10:21.774   888   918 W libprocessgroup: SetCgroup::ExecuteForProcess: failed to open /dev/stune/top-app/cgroup.procs: No such file or directory
04-21 10:10:21.775  1104  1128 V WindowManagerShell: Transition requested: android.os.BinderProxy@484a8e7 TransitionRequestInfo { type = 1, triggerTask = TaskInfo{userId=0 taskId=226 displayId=2 isRunning=true baseIntent=Intent { flg=0x18000000 cmp=com.impos2.mixcretailassemblyrn84/.SecondaryActivity } baseActivity=ComponentInfo{com.impos2.mixcretailassemblyrn84/com.impos2.mixcretailassemblyrn84.SecondaryActivity} topActivity=ComponentInfo{com.impos2.mixcretailassemblyrn84/com.impos2.mixcretailassemblyrn84.SecondaryActivity} origActivity=null realActivity=ComponentInfo{com.impos2.mixcretailassemblyrn84/com.impos2.mixcretailassemblyrn84.SecondaryActivity} numActivities=1 lastActiveTime=4809471964 supportsMultiWindow=true resizeMode=1 isResizeable=true minWidth=-1 minHeight=-1 defaultMinSize=220 token=WCT{android.window.IWindowContainerToken$Stub$Proxy@19c7c94} topActivityType=1 pictureInPictureParams=null shouldDockBigOverlays=false launchIntoPipHostTaskId=-1 lastParentTaskIdBeforePip=-1 displayCutoutSafeInsets=null topActivityInfo=ActivityInfo{c0e533d com.impos2.mixcretailassemblyrn84.SecondaryActivity} launchCookies=[] positionInParent=Point(0, 0) parentTaskId=-1 isFocused=false isVisible=false isVisibleRequested=true isSleeping=false topActivityInSizeCompat=false topActivityEligibleForLetterboxEducation= false isLetterboxDoubleTapEnabled= false topActivityEligibleForUserAspectRatioButton= false topActivityBoundsLetterboxed= false isFromLetterboxDoubleTap= false topActivityLetterboxVerticalPosition= -1 topActivityLetterboxHorizontalPosition= -1 topActivityLetterboxWidth=-1 topActivityLetterboxHeight=-1 isUserFullscreenOverrideEnabled=false isTopActivityTransparent=false locusId=null displayAreaFeatureId=1 cameraCompatControlState=hidden}, remoteTransition = null, displayChange = null, flags = 0 }
04-21 10:10:21.776   888  1680 I ActivityTaskManager: START u0 {flg=0x18000000 cmp=com.impos2.mixcretailassemblyrn84/.SecondaryActivity} with LAUNCH_MULTIPLE from uid 10139 (BAL_ALLOW_VISIBLE_WINDOW) result code=0
04-21 10:10:21.784   888 23417 D CoreBackPreview: Window{dd30c7b u0 Splash Screen com.impos2.mixcretailassemblyrn84}: Setting back callback OnBackInvokedCallbackInfo{mCallback=android.window.IOnBackInvokedCallback$Stub$Proxy@2754ed6, mPriority=0, mIsAnimationCallback=false}
04-21 10:10:21.784   888   907 D CompatibilityChangeReporter: Compat change id reported: 135634846; UID 10139; state: DISABLED
04-21 10:10:21.784   888   907 D CompatibilityChangeReporter: Compat change id reported: 177438394; UID 10139; state: DISABLED
04-21 10:10:21.784   888   907 D CompatibilityChangeReporter: Compat change id reported: 135772972; UID 10139; state: DISABLED
04-21 10:10:21.785   888   907 D CompatibilityChangeReporter: Compat change id reported: 135754954; UID 10139; state: ENABLED
04-21 10:10:21.787   888   914 D CompatibilityChangeReporter: Compat change id reported: 143937733; UID 10139; state: ENABLED
04-21 10:10:21.795   342   342 I android.hardware.graphics.allocator-V1-service: alloc_format: RGBA_8888 + AFBC + SPLIT + WIDE + SPARSE + Datatype: UNORM
04-21 10:10:21.795   342   342 I android.hardware.graphics.allocator-V1-service: mali_gralloc_adjust_dimensions: alloc_format=RGBA_8888 + AFBC + SPLIT + WIDE + SPARSE + Datatype: UNORM usage=TEXTURE + RENDER + HWC alloc_width=1920, alloc_height=1088
04-21 10:10:21.797   342   342 I android.hardware.graphics.allocator-V1-service: Writing AFBC header layout 0 for format 1, n_headers: 8160
04-21 10:10:21.797   342   342 D android.hardware.graphics.allocator-V1-service: got new private_handle_t instance for buffer 'VRI[mixcretailassemblyrn84]#619(BLAST Consumer)619'. share_fd : 10, share_attr_fd : 11, width : 1920, height : 1080, req_format : 0x1, producer_usage : 0xb00, consumer_usage : 0xb00, , stride : 0, alloc_format_base: 1, alloc_format_modifiers: 0x04190000, size : 8486912, layer_count : 1, backing_store_id: 0x15600006084
04-21 10:10:21.797   342   342 D android.hardware.graphics.allocator-V1-service: plane_info[0]: offset : 0, byte_stride : 7680, alloc_width : 1920, alloc_height : 1088
04-21 10:10:21.797   342   342 D android.hardware.graphics.allocator-V1-service: plane_info[1]: offset : 0, byte_stride : 0, alloc_width : 0, alloc_height : 0
04-21 10:10:21.798   342   342 I android.hardware.graphics.allocator-V1-service: alloc_format: RGBA_8888 + AFBC + SPLIT + WIDE + SPARSE + Datatype: UNORM
04-21 10:10:21.798   342   342 I android.hardware.graphics.allocator-V1-service: mali_gralloc_adjust_dimensions: alloc_format=RGBA_8888 + AFBC + SPLIT + WIDE + SPARSE + Datatype: UNORM usage=TEXTURE + RENDER + HWC alloc_width=1920, alloc_height=1088
04-21 10:10:21.800   342   342 I android.hardware.graphics.allocator-V1-service: Writing AFBC header layout 0 for format 1, n_headers: 8160
04-21 10:10:21.800   342   342 D android.hardware.graphics.allocator-V1-service: got new private_handle_t instance for buffer 'VRI[mixcretailassemblyrn84]#619(BLAST Consumer)619'. share_fd : 10, share_attr_fd : 11, width : 1920, height : 1080, req_format : 0x1, producer_usage : 0xb00, consumer_usage : 0xb00, , stride : 0, alloc_format_base: 1, alloc_format_modifiers: 0x04190000, size : 8486912, layer_count : 1, backing_store_id: 0x15600006085
04-21 10:10:21.800   342   342 D android.hardware.graphics.allocator-V1-service: plane_info[0]: offset : 0, byte_stride : 7680, alloc_width : 1920, alloc_height : 1088
04-21 10:10:21.800   342   342 D android.hardware.graphics.allocator-V1-service: plane_info[1]: offset : 0, byte_stride : 0, alloc_width : 0, alloc_height : 0
04-21 10:10:21.800   342   342 I android.hardware.graphics.allocator-V1-service: alloc_format: RGBA_8888 + AFBC + SPLIT + WIDE + SPARSE + Datatype: UNORM
04-21 10:10:21.800   342   342 I android.hardware.graphics.allocator-V1-service: mali_gralloc_adjust_dimensions: alloc_format=RGBA_8888 + AFBC + SPLIT + WIDE + SPARSE + Datatype: UNORM usage=TEXTURE + RENDER + HWC alloc_width=1920, alloc_height=1088
04-21 10:10:21.802   342   342 I android.hardware.graphics.allocator-V1-service: Writing AFBC header layout 0 for format 1, n_headers: 8160
04-21 10:10:21.802   342   342 D android.hardware.graphics.allocator-V1-service: got new private_handle_t instance for buffer 'VRI[mixcretailassemblyrn84]#619(BLAST Consumer)619'. share_fd : 10, share_attr_fd : 11, width : 1920, height : 1080, req_format : 0x1, producer_usage : 0xb00, consumer_usage : 0xb00, , stride : 0, alloc_format_base: 1, alloc_format_modifiers: 0x04190000, size : 8486912, layer_count : 1, backing_store_id: 0x15600006086
04-21 10:10:21.802   342   342 D android.hardware.graphics.allocator-V1-service: plane_info[0]: offset : 0, byte_stride : 7680, alloc_width : 1920, alloc_height : 1088
04-21 10:10:21.802   342   342 D android.hardware.graphics.allocator-V1-service: plane_info[1]: offset : 0, byte_stride : 0, alloc_width : 0, alloc_height : 0
04-21 10:10:21.805   638   638 D Zygote  : Forked child process 29134
04-21 10:10:21.805   888   914 I ActivityManager: Start proc 29134:com.impos2.mixcretailassemblyrn84:secondary/u0a139 for top-activity {com.impos2.mixcretailassemblyrn84/com.impos2.mixcretailassemblyrn84.SecondaryActivity}
04-21 10:10:21.807   888   904 V WindowManager: Sent Transition #640 createdAt=04-21 10:10:21.739 via request=TransitionRequestInfo { type = 1, triggerTask = TaskInfo{userId=0 taskId=226 displayId=2 isRunning=true baseIntent=Intent { flg=0x18000000 cmp=com.impos2.mixcretailassemblyrn84/.SecondaryActivity } baseActivity=ComponentInfo{com.impos2.mixcretailassemblyrn84/com.impos2.mixcretailassemblyrn84.SecondaryActivity} topActivity=ComponentInfo{com.impos2.mixcretailassemblyrn84/com.impos2.mixcretailassemblyrn84.SecondaryActivity} origActivity=null realActivity=ComponentInfo{com.impos2.mixcretailassemblyrn84/com.impos2.mixcretailassemblyrn84.SecondaryActivity} numActivities=1 lastActiveTime=4809471964 supportsMultiWindow=true resizeMode=1 isResizeable=true minWidth=-1 minHeight=-1 defaultMinSize=220 token=WCT{RemoteToken{8580d2d Task{c1f8fac #226 type=standard A=10139:com.impos2.mixcretailassemblyrn84}}} topActivityType=1 pictureInPictureParams=null shouldDockBigOverlays=false launchIntoPipHostTaskId=-1 lastParentTaskIdBeforePip=-1 displayCutoutSafeInsets=null topActivityInfo=ActivityInfo{f4f8262 com.impos2.mixcretailassemblyrn84.SecondaryActivity} launchCookies=[] positionInParent=Point(0, 0) parentTaskId=-1 isFocused=false isVisible=false isVisibleRequested=true isSleeping=false topActivityInSizeCompat=false topActivityEligibleForLetterboxEducation= false isLetterboxDoubleTapEnabled= false topActivityEligibleForUserAspectRatioButton= false topActivityBoundsLetterboxed= false isFromLetterboxDoubleTap= false topActivityLetterboxVerticalPosition= -1 topActivityLetterboxHorizontalPosition= -1 topActivityLetterboxWidth=-1 topActivityLetterboxHeight=-1 isUserFullscreenOverrideEnabled=false isTopActivityTransparent=false locusId=null displayAreaFeatureId=1 cameraCompatControlState=hidden}, remoteTransition = null, displayChange = null, flags = 0 }
04-21 10:10:21.807   888   904 V WindowManager:     startWCT=WindowContainerTransaction { changes = {} hops = [] errorCallbackToken=null taskFragmentOrganizer=null }
04-21 10:10:21.807   888   904 V WindowManager:     info={id=640 t=OPEN f=0x0 trk=0 r=[2@Point(0, 0)] c=[{WCT{RemoteToken{8580d2d Task{c1f8fac #226 type=standard A=10139:com.impos2.mixcretailassemblyrn84}}} m=OPEN f=NONE p=WCT{RemoteToken{6626e47 DefaultTaskDisplayArea@235898909}} leash=Surface(name=Task=226)/@0x97bf557 sb=Rect(0, 0 - 1920, 1080) eb=Rect(0, 0 - 1920, 1080) d=2},{WCT{RemoteToken{6626e47 DefaultTaskDisplayArea@235898909}} m=TO_FRONT f=NONE leash=Surface(name=DefaultTaskDisplayArea)/@0xb1977ba sb=Rect(0, 0 - 1920, 1080) eb=Rect(0, 0 - 1920, 1080) d=2}]}
04-21 10:10:21.807  1104  1128 V WindowManagerShell: onTransitionReady android.os.BinderProxy@484a8e7: {id=640 t=OPEN f=0x0 trk=0 r=[2@Point(0, 0)] c=[{WCT{android.window.IWindowContainerToken$Stub$Proxy@1785d18} m=OPEN f=NONE p=WCT{android.window.IWindowContainerToken$Stub$Proxy@52d2371} leash=Surface(name=Task=226)/@0x421acf5 sb=Rect(0, 0 - 1920, 1080) eb=Rect(0, 0 - 1920, 1080) d=2},{WCT{android.window.IWindowContainerToken$Stub$Proxy@f6ab556} m=TO_FRONT f=NONE leash=Surface(name=DefaultTaskDisplayArea)/@0xf877a8a sb=Rect(0, 0 - 1920, 1080) eb=Rect(0, 0 - 1920, 1080) d=2}]}
04-21 10:10:21.808  1104  1128 V WindowManagerShell: Playing animation for (#640)android.os.BinderProxy@484a8e7@0
04-21 10:10:21.808  1104  1128 V WindowManagerShell:  try handler com.android.wm.shell.transition.DefaultMixedHandler@7b709ff
04-21 10:10:21.808  1104  1128 V WindowManagerShell:  try handler com.android.wm.shell.keyguard.KeyguardTransitionHandler@83523cc
04-21 10:10:21.808  1104  1128 V WindowManagerShell:  try handler com.android.wm.shell.pip.PipTransition@b509615
04-21 10:10:21.808  1104  1128 V WindowManagerShell:  try handler com.android.wm.shell.activityembedding.ActivityEmbeddingController@8487d2a
04-21 10:10:21.808  1104  1128 V WindowManagerShell:  try handler com.android.wm.shell.recents.RecentsTransitionHandler@57c471b
04-21 10:10:21.808  1104  1128 V ShellRecents: RecentsTransitionHandler.startAnimation: no controller found
04-21 10:10:21.808  1104  1128 V WindowManagerShell:  try handler com.android.wm.shell.splitscreen.StageCoordinator@d76b0b8
04-21 10:10:21.808  1104  1128 V WindowManagerShell:  try handler com.android.wm.shell.transition.RemoteTransitionHandler@bb17e91
04-21 10:10:21.808  1104  1128 V WindowManagerShell: Transition doesn't have explicit remote, search filters for match for {id=640 t=OPEN f=0x0 trk=0 r=[2@Point(0, 0)] c=[{WCT{android.window.IWindowContainerToken$Stub$Proxy@1785d18} m=OPEN f=NONE p=WCT{android.window.IWindowContainerToken$Stub$Proxy@52d2371} leash=Surface(name=Task=226)/@0x421acf5 sb=Rect(0, 0 - 1920, 1080) eb=Rect(0, 0 - 1920, 1080) d=2},{WCT{android.window.IWindowContainerToken$Stub$Proxy@f6ab556} m=TO_FRONT f=NONE leash=Surface(name=DefaultTaskDisplayArea)/@0xf877a8a sb=Rect(0, 0 - 1920, 1080) eb=Rect(0, 0 - 1920, 1080) d=2}]}
04-21 10:10:21.808  1104  1128 V WindowManagerShell:  Checking filter Pair{{types=[] flags=0x0] notFlags=0x100 checks=[{atype=home independent=true modes=[OPEN,TO_FRONT] flags=NONE mustBeTask=false order=TOP topActivity=ComponentInfo{com.android.launcher3/com.android.launcher3.uioverrides.QuickstepLauncher}},{atype=standard independent=true modes=[CLOSE,TO_BACK] flags=NONE mustBeTask=false order=ANY topActivity=null}]} RemoteTransition { remoteTransition = android.window.IRemoteTransition$Stub$Proxy@93729c5, appThread = android.app.IApplicationThread$Stub$Proxy@e94ff1a, debugName = QuickstepLaunchHome }}
04-21 10:10:21.808  1104  1128 V WindowManagerShell:  Delegate animation for #640 to null
04-21 10:10:21.808  1104  1128 V WindowManagerShell:  try handler com.android.wm.shell.transition.DefaultTransitionHandler@44941f6
04-21 10:10:21.808  1104  1128 V WindowManagerShell: start default transition animation, info = {id=640 t=OPEN f=0x0 trk=0 r=[2@Point(0, 0)] c=[{WCT{android.window.IWindowContainerToken$Stub$Proxy@1785d18} m=OPEN f=NONE p=WCT{android.window.IWindowContainerToken$Stub$Proxy@52d2371} leash=Surface(name=Task=226)/@0x421acf5 sb=Rect(0, 0 - 1920, 1080) eb=Rect(0, 0 - 1920, 1080) d=2},{WCT{android.window.IWindowContainerToken$Stub$Proxy@f6ab556} m=TO_FRONT f=NONE leash=Surface(name=DefaultTaskDisplayArea)/@0xf877a8a sb=Rect(0, 0 - 1920, 1080) eb=Rect(0, 0 - 1920, 1080) d=2}]}
04-21 10:10:21.809   888   908 V WindowManager: Content Recording: Display 2 has content (true) so pause recording
04-21 10:10:21.810  1104  1128 V WindowManagerShell: loadAnimation: anim=android.view.animation.AnimationSet@74d0e2 animAttr=0x4 type=OPEN isEntrance=true
04-21 10:10:21.813   888   907 I InputManager-JNI: Viewport [0] to add: local:0, isActive: true
04-21 10:10:21.813   888   907 I InputManager-JNI: Viewport [1] to add: local:1, isActive: true
04-21 10:10:21.813   346   346 I BpBinder: onLastStrongRef automatically unlinking death recipients: 
04-21 10:10:21.815   888   982 I InputReader: Reconfiguring input devices, changes=DISPLAY_INFO
04-21 10:10:21.815   888   982 I InputReader: Device reconfigured: id=9, name='ilitek_second_ts', size 1920x1080, orientation 0, mode 1, display id 2
04-21 10:10:21.815   342   342 I android.hardware.graphics.allocator-V1-service: alloc_format: RGBA_8888 + Datatype: UNORM
04-21 10:10:21.815   342   342 I android.hardware.graphics.allocator-V1-service: mali_gralloc_adjust_dimensions: alloc_format=RGBA_8888 + Datatype: UNORM usage=CPU-RoWo + TEXTURE + RENDER + HWC alloc_width=1, alloc_height=1080
04-21 10:10:21.815   342   342 D android.hardware.graphics.allocator-V1-service: got new private_handle_t instance for buffer 'screenshot'. share_fd : 10, share_attr_fd : 11, width : 1, height : 1080, req_format : 0x1, producer_usage : 0xb33, consumer_usage : 0xb33, , stride : 16, alloc_format_base: 1, alloc_format_modifiers: 0x00000000, size : 69120, layer_count : 1, backing_store_id: 0x15600006087
04-21 10:10:21.815 29134 29134 I yrn84:secondary: Using CollectorTypeCMC GC.
04-21 10:10:21.815   342   342 D android.hardware.graphics.allocator-V1-service: plane_info[0]: offset : 0, byte_stride : 64, alloc_width : 1, alloc_height : 1080
04-21 10:10:21.815   342   342 D android.hardware.graphics.allocator-V1-service: plane_info[1]: offset : 0, byte_stride : 0, alloc_width : 0, alloc_height : 0
04-21 10:10:21.820 29134 29134 E yrn84:secondary: Not starting debugger since process cannot load the jdwp agent.
04-21 10:10:21.830   888   918 W libprocessgroup: SetCgroup::ExecuteForProcess: failed to open /dev/stune/top-app/cgroup.procs: No such file or directory
04-21 10:10:21.832 29134 29134 D CompatibilityChangeReporter: Compat change id reported: 171979766; UID 10139; state: ENABLED
04-21 10:10:21.832 29134 29134 D CompatibilityChangeReporter: Compat change id reported: 242716250; UID 10139; state: ENABLED
04-21 10:10:21.834   342   342 I android.hardware.graphics.allocator-V1-service: alloc_format: RGBA_8888 + Datatype: UNORM
04-21 10:10:21.834   342   342 I android.hardware.graphics.allocator-V1-service: mali_gralloc_adjust_dimensions: alloc_format=RGBA_8888 + Datatype: UNORM usage=TEXTURE + RENDER + HWC alloc_width=144, alloc_height=1080
04-21 10:10:21.835   342   342 D android.hardware.graphics.allocator-V1-service: got new private_handle_t instance for buffer 'bbq-adapter#620(BLAST Consumer)620'. share_fd : 10, share_attr_fd : 11, width : 144, height : 1080, req_format : 0x1, producer_usage : 0xb00, consumer_usage : 0xb00, , stride : 0, alloc_format_base: 1, alloc_format_modifiers: 0x00000000, size : 622080, layer_count : 1, backing_store_id: 0x15600006088
04-21 10:10:21.835   342   342 D android.hardware.graphics.allocator-V1-service: plane_info[0]: offset : 0, byte_stride : 576, alloc_width : 144, alloc_height : 1080
04-21 10:10:21.835   342   342 D android.hardware.graphics.allocator-V1-service: plane_info[1]: offset : 0, byte_stride : 0, alloc_width : 0, alloc_height : 0
04-21 10:10:21.839  1104  1128 V WindowManagerShell:  animated by com.android.wm.shell.transition.DefaultTransitionHandler@44941f6
04-21 10:10:21.843 29134 29134 D nativeloader: Configuring clns-6 for other apk /data/app/~~2yUhXmWZ1nR_P2fvFZkZTg==/com.impos2.mixcretailassemblyrn84-WW2nx2rej28k2CfL9aF4AA==/base.apk. target_sdk_version=36, uses_libraries=, library_path=/data/app/~~2yUhXmWZ1nR_P2fvFZkZTg==/com.impos2.mixcretailassemblyrn84-WW2nx2rej28k2CfL9aF4AA==/lib/arm64:/data/app/~~2yUhXmWZ1nR_P2fvFZkZTg==/com.impos2.mixcretailassemblyrn84-WW2nx2rej28k2CfL9aF4AA==/base.apk!/lib/arm64-v8a, permitted_path=/data:/mnt/expand:/data/user/0/com.impos2.mixcretailassemblyrn84
04-21 10:10:21.860 29134 29134 V GraphicsEnvironment: Currently set values for:
04-21 10:10:21.860 29134 29134 V GraphicsEnvironment:   angle_gl_driver_selection_pkgs=[]
04-21 10:10:21.860 29134 29134 V GraphicsEnvironment:   angle_gl_driver_selection_values=[]
04-21 10:10:21.860 29134 29134 V GraphicsEnvironment: ANGLE GameManagerService for com.impos2.mixcretailassemblyrn84: false
04-21 10:10:21.860 29134 29134 V GraphicsEnvironment: com.impos2.mixcretailassemblyrn84 is not listed in per-application setting
04-21 10:10:21.860 29134 29134 V GraphicsEnvironment: Neither updatable production driver nor prerelease driver is supported.
04-21 10:10:21.865 29134 29134 I LoadedApk: No resource references to update in package com.sunmi
04-21 10:10:21.866 29134 29134 W SoLoader: Initializing SoLoader: 0
04-21 10:10:21.867 29134 29134 W SoLoader: Recording new base apk path: /data/app/~~2yUhXmWZ1nR_P2fvFZkZTg==/com.impos2.mixcretailassemblyrn84-WW2nx2rej28k2CfL9aF4AA==/base.apk
04-21 10:10:21.867 29134 29134 W SoLoader: Previously recorded 0 base apk paths.
04-21 10:10:21.867 29134 29134 I SoLoader: Preparing SO source: DirectorySoSource[root = /vendor/lib64 flags = 2]
04-21 10:10:21.867 29134 29134 I SoLoader: Preparing SO source: DirectorySoSource[root = /system/lib64 flags = 2]
04-21 10:10:21.867 29134 29134 I SoLoader: Preparing SO source: DirectApkSoSource[root = [/data/app/~~2yUhXmWZ1nR_P2fvFZkZTg==/com.impos2.mixcretailassemblyrn84-WW2nx2rej28k2CfL9aF4AA==/base.apk!/lib/arm64-v8a]]
04-21 10:10:21.876 29134 29134 I SoLoader: Preparing SO source: ApplicationSoSource[DirectorySoSource[root = /data/app/~~2yUhXmWZ1nR_P2fvFZkZTg==/com.impos2.mixcretailassemblyrn84-WW2nx2rej28k2CfL9aF4AA==/lib/arm64 flags = 0]]
04-21 10:10:21.876 29134 29134 I SoLoader: init finish: 4 SO sources prepared
04-21 10:10:21.876 29134 29134 W SoLoader: SoLoader initialized: 8
04-21 10:10:21.907 29134 29134 D jni_lib_merge: Entering merged library JNI_OnLoad.
04-21 10:10:21.907 29134 29134 D jni_lib_merge: Preparing 12 pre-merged libs (including stub)
04-21 10:10:21.907 29134 29134 D jni_lib_merge: Preparing to register libfabricjni_so.  onload_func: 0x7758f88a50
04-21 10:10:21.907 29134 29134 D jni_lib_merge: Preparing to register libreact_devsupportjni_so.  onload_func: 0x775904c36c
04-21 10:10:21.907 29134 29134 D jni_lib_merge: Preparing to register libreact_featureflagsjni_so.  onload_func: 0x7759066ba8
04-21 10:10:21.907 29134 29134 D jni_lib_merge: Preparing to register libreact_newarchdefaults_so.  onload_func: 0x77590a4d74
04-21 10:10:21.907 29134 29134 D jni_lib_merge: Preparing to register libreactnativeblob_so.  onload_func: 0x7759145a4c
04-21 10:10:21.907 29134 29134 D jni_lib_merge: Preparing to register libreactnativejni_so.  onload_func: 0x775915a9e4
04-21 10:10:21.907 29134 29134 D jni_lib_merge: Preparing to register libreactnativejni_common_so.  onload_func: 0x775915dbe0
04-21 10:10:21.907 29134 29134 D jni_lib_merge: Preparing to register librninstance_so.  onload_func: 0x775917a778
04-21 10:10:21.907 29134 29134 D jni_lib_merge: Preparing to register libturbomodulejsijni_so.  onload_func: 0x77592240e0
04-21 10:10:21.907 29134 29134 D jni_lib_merge: Preparing to register libuimanagerjni_so.  onload_func: 0x775922ab00
04-21 10:10:21.907 29134 29134 D jni_lib_merge: Preparing to register libyoga_so.  onload_func: 0x77592320c4
04-21 10:10:21.907 29134 29134 D jni_lib_merge: About to register 11 actual methods.
04-21 10:10:21.920 29134 29134 D jni_lib_merge: Entering merged library JNI_OnLoad.
04-21 10:10:21.920 29134 29134 D jni_lib_merge: Preparing 12 pre-merged libs (including stub)
04-21 10:10:21.920 29134 29134 D jni_lib_merge: Preparing to register libfabricjni_so.  onload_func: 0x7758f88a50
04-21 10:10:21.920 29134 29134 D jni_lib_merge: Preparing to register libreact_devsupportjni_so.  onload_func: 0x775904c36c
04-21 10:10:21.920 29134 29134 D jni_lib_merge: Preparing to register libreact_featureflagsjni_so.  onload_func: 0x7759066ba8
04-21 10:10:21.920 29134 29134 D jni_lib_merge: Preparing to register libreact_newarchdefaults_so.  onload_func: 0x77590a4d74
04-21 10:10:21.920 29134 29134 D jni_lib_merge: Preparing to register libreactnativeblob_so.  onload_func: 0x7759145a4c
04-21 10:10:21.920 29134 29134 D jni_lib_merge: Preparing to register libreactnativejni_so.  onload_func: 0x775915a9e4
04-21 10:10:21.920 29134 29134 D jni_lib_merge: Preparing to register libreactnativejni_common_so.  onload_func: 0x775915dbe0
04-21 10:10:21.920 29134 29134 D jni_lib_merge: Preparing to register librninstance_so.  onload_func: 0x775917a778
04-21 10:10:21.920 29134 29134 D jni_lib_merge: Preparing to register libturbomodulejsijni_so.  onload_func: 0x77592240e0
04-21 10:10:21.920 29134 29134 D jni_lib_merge: Preparing to register libuimanagerjni_so.  onload_func: 0x775922ab00
04-21 10:10:21.920 29134 29134 D jni_lib_merge: Preparing to register libyoga_so.  onload_func: 0x77592320c4
04-21 10:10:21.920 29134 29134 D jni_lib_merge: About to register 11 actual methods.
04-21 10:10:21.923   888 23417 D WmsExtImpl: config_supportAutoRotation false
04-21 10:10:21.925   888 23417 W InputDispatcher: Focused display #2 does not have a focused window.
04-21 10:10:21.926   888   907 V WindowManager: Unknown focus tokens, dropping reportFocusChanged
04-21 10:10:21.931 29134 29152 D vulkan  : searching for layers in '/data/app/~~2yUhXmWZ1nR_P2fvFZkZTg==/com.impos2.mixcretailassemblyrn84-WW2nx2rej28k2CfL9aF4AA==/lib/arm64'
04-21 10:10:21.931 29134 29152 D vulkan  : searching for layers in '/data/app/~~2yUhXmWZ1nR_P2fvFZkZTg==/com.impos2.mixcretailassemblyrn84-WW2nx2rej28k2CfL9aF4AA==/base.apk!/lib/arm64-v8a'
04-21 10:10:21.934 29134 29152 I mali_so : [File] : hardware/arm/mali/driver/product/base/src/mali_base_kbase.c; [Line] : 1407; [Func] : base_context_deal_with_version_affairs_rk_ext;
04-21 10:10:21.934 29134 29152 I mali_so : arm_release_ver of this mali_so is 'g25p0-00eac0', rk_so_ver is '2'.
04-21 10:10:21.934 29134 29152 I mali_so : [File] : hardware/arm/mali/driver/product/base/src/mali_base_kbase.c; [Line] : 1423; [Func] : base_context_deal_with_version_affairs_rk_ext;
04-21 10:10:21.934 29134 29152 I mali_so : arm_release_vers are match. to set the full mali_ver 'g25p0-00eac0-2' as value of 'sys.gmali.version'.
04-21 10:10:21.934 29134 29152 W libc    : Unable to set property "sys.gmali.version" to "g25p0-00eac0-2": connection failed; errno=13 (Permission denied)
04-21 10:10:21.937 29134 29152 I mali_so : [File] : hardware/arm/mali/driver/product/base/src/mali_base_kbase.c; [Line] : 1407; [Func] : base_context_deal_with_version_affairs_rk_ext;
04-21 10:10:21.937 29134 29152 I mali_so : arm_release_ver of this mali_so is 'g25p0-00eac0', rk_so_ver is '2'.
04-21 10:10:21.937 29134 29152 I mali_so : [File] : hardware/arm/mali/driver/product/base/src/mali_base_kbase.c; [Line] : 1423; [Func] : base_context_deal_with_version_affairs_rk_ext;
04-21 10:10:21.937 29134 29152 I mali_so : arm_release_vers are match. to set the full mali_ver 'g25p0-00eac0-2' as value of 'sys.gmali.version'.
04-21 10:10:21.937 29134 29152 W libc    : Unable to set property "sys.gmali.version" to "g25p0-00eac0-2": connection failed; errno=13 (Permission denied)
04-21 10:10:21.938 29134 29134 D AppCompatDelegate: Checking for metadata for AppLocalesMetadataHolderService : Service not found
04-21 10:10:21.954   888  8106 D FileUtils: Rounded bytes from 4073672704 to 8000000000
04-21 10:10:21.972 29134 29134 D jni_lib_merge: Entering merged library JNI_OnLoad.
04-21 10:10:21.972 29134 29134 D jni_lib_merge: Preparing 4 pre-merged libs (including stub)
04-21 10:10:21.972 29134 29134 D jni_lib_merge: Preparing to register libhermes_executor_so.  onload_func: 0x7759c69728
04-21 10:10:21.972 29134 29134 D jni_lib_merge: Preparing to register libhermesinstancejni_so.  onload_func: 0x7759c70d44
04-21 10:10:21.972 29134 29134 D jni_lib_merge: Preparing to register libjsijniprofiler_so.  onload_func: 0x7759c71530
04-21 10:10:21.972 29134 29134 D jni_lib_merge: About to register 3 actual methods.
04-21 10:10:21.975 29134 29134 I HotUpdateBundleResolver: bundle_resolved source=secondary-boot bundleFile=/data/user/0/com.impos2.mixcretailassemblyrn84/files/hot-updates/packages/pkg_nlci2cxph6xe/index.android.bundle bundleVersion=1.0.0+ota.10 packageId=pkg_nlci2cxph6xe bootAttempt=0 pid=29134
04-21 10:10:21.976 29134 29134 I MainApplication: getJSBundleFile process=com.impos2.mixcretailassemblyrn84:secondary isPrimaryProcess=false resolvedBundle=/data/user/0/com.impos2.mixcretailassemblyrn84/files/hot-updates/packages/pkg_nlci2cxph6xe/index.android.bundle fallbackBundle=null selectedBundle=/data/user/0/com.impos2.mixcretailassemblyrn84/files/hot-updates/packages/pkg_nlci2cxph6xe/index.android.bundle
04-21 10:10:21.990 29134 29134 W unknown:BridgelessReact: ReactHost{0}.startSurface(surfaceId = 0): Schedule
04-21 10:10:21.990 29134 29134 W unknown:BridgelessReact: ReactHost{0}.attachSurface(surfaceId = 0)
04-21 10:10:21.990 29134 29179 W unknown:BridgelessReact: ReactHost{0}.getOrCreateReactInstanceTask()
04-21 10:10:21.990 29134 29179 W unknown:BridgelessReact: ReactHost{0}.getOrCreateReactInstanceTask(): Start
04-21 10:10:21.991 29134 29179 W unknown:BridgelessReact: ReactHost{0}.getJSBundleLoader()
04-21 10:10:21.991 29134 29179 W unknown:BridgelessReact: ReactHost{0}.getOrCreateReactInstanceTask(): Creating BridgelessReactContext
04-21 10:10:21.991 29134 29179 W unknown:BridgelessReact: ReactHost{0}.getOrCreateReactInstanceTask(): Creating ReactInstance
04-21 10:10:21.997 29134 29134 I StartupAudit: activity_created activity=SecondaryActivity displayIndex=1 pid=29134 time=2026-04-21 10:10:21.997
04-21 10:10:22.007   888  8106 D SunmiCustomerManagerService: onTransact
04-21 10:10:22.008   888  8106 V AtmsExtImpl_KioskMode: Kiosk Mode isKioskApp: false
04-21 10:10:22.008 29134 29134 W unknown:BridgelessReact: ReactHost{0}.onHostResume(activity)
04-21 10:10:22.008 29134 29134 W unknown:BridgelessReact: ReactHost{0}.ReactContext.onHostResume()
04-21 10:10:22.012 29134 29134 D CompatibilityChangeReporter: Compat change id reported: 237531167; UID 10139; state: DISABLED
04-21 10:10:22.013 29134 29134 W OpenGLRenderer: Unknown dataspace 0
04-21 10:10:22.018   888  8106 D ScenePolicyTrigger: activityResumed PassThronght com.impos2.mixcretailassemblyrn84
04-21 10:10:22.019   888  8106 I android_os_HwBinder: HwBinder: Starting thread pool for getting: com.sunmi.hyper_engine@1.0::IHyperEngine/default
04-21 10:10:22.020   684   684 I HyperEngine: notifyHyperFactor {"para1":"10","para2":"10","appInfo":{"packageName":"com.impos2.mixcretailassemblyrn84","pid":29134}}
04-21 10:10:22.020   684   684 I HyperEngine: last packageName: com.impos2.mixcretailassemblyrn84
04-21 10:10:22.020   684   684 I HyperEngine: onHyperFactorChanged XmlLoader::mCurrentConfigDir = /vendor/etc/hyperengine/rk3576/
04-21 10:10:22.020   684   684 I HyperEngine: onHyperFactorChanged scenario type Normal: apply policy 0x00
04-21 10:10:22.020   684   684 I HyperEngine: applyPolicy CpusetConfig, id: 0x00
04-21 10:10:22.020   684   684 I HyperEngine: applyPolicy DeviceFreqConfig, id: 0x00
04-21 10:10:22.020   684   684 I HyperEngine: applyPolicy IOConfig, id: 0x00
04-21 10:10:22.020   684   684 I HyperEngine: applyPolicy SchedConfig, id: 0x00
04-21 10:10:22.021   684   684 I HyperEngine: requestAction : {"eventType":"WindowsAnimation","eventInfo":{"packageName":"com.impos2.mixcretailassemblyrn84"}}
04-21 10:10:22.022   888  8106 D ScenePolicyTrigger: requestAction: {"eventType":"WindowsAnimation","eventInfo":{"packageName":"com.impos2.mixcretailassemblyrn84"}}
04-21 10:10:22.022   344   374 E android.hardware.graphics.composer3-service.rockchip: wait,line=113 wait callback timeout
04-21 10:10:22.022   888  8106 I android_os_HwBinder: HwBinder: Starting thread pool for getting: com.sunmi.hyper_engine@1.0::IHyperEngine/default
04-21 10:10:22.023   684   684 I HyperEngine: requestAction : {"eventType":"SqliteMode","eventInfo":{"packageName":"com.impos2.mixcretailassemblyrn84"}}
04-21 10:10:22.023   888  8106 I ScenePolicyTrigger: isSqliteMode return:{"method":"SqliteMode","return_code":false,"return_msg":"ok"}
04-21 10:10:22.044 29134 29179 W unknown:BridgelessReact: ReactHost{0}.getOrCreateReactInstanceTask(): Loading JS Bundle
04-21 10:10:22.044 29134 29179 W unknown:BridgelessReact: ReactHost{0}.getOrCreateReactInstanceTask(): DevSupportManager.onNewReactContextCreated()
04-21 10:10:22.045 29134 29179 W unknown:BridgelessReact: ReactHost{0}.startSurface(surfaceId = 0): Execute
04-21 10:10:22.045   888  8106 D CoreBackPreview: Window{5cd5be3 u0 com.impos2.mixcretailassemblyrn84/com.impos2.mixcretailassemblyrn84.SecondaryActivity}: Setting back callback OnBackInvokedCallbackInfo{mCallback=android.window.IOnBackInvokedCallback$Stub$Proxy@aefd33f, mPriority=0, mIsAnimationCallback=false}
04-21 10:10:22.056   287   287 I hwservicemanager: getTransport: Cannot find entry android.hardware.graphics.allocator@4.0::IAllocator/default in either framework or device VINTF manifest.
04-21 10:10:22.057   342   342 I android.hardware.graphics.allocator-V1-service: alloc_format: RGBA_8888 + AFBC + SPLIT + WIDE + SPARSE + Datatype: UNORM
04-21 10:10:22.057   342   342 I android.hardware.graphics.allocator-V1-service: mali_gralloc_adjust_dimensions: alloc_format=RGBA_8888 + AFBC + SPLIT + WIDE + SPARSE + Datatype: UNORM usage=TEXTURE + RENDER + HWC alloc_width=1920, alloc_height=1088
04-21 10:10:22.058 29134 29180 I ReactNativeJS: Running "MixcRetailAssemblyRN84"
04-21 10:10:22.059   342   342 I android.hardware.graphics.allocator-V1-service: Writing AFBC header layout 0 for format 1, n_headers: 8160
04-21 10:10:22.059   342   342 D android.hardware.graphics.allocator-V1-service: got new private_handle_t instance for buffer 'VRI[SecondaryActivity]#0(BLAST Consumer)0'. share_fd : 10, share_attr_fd : 11, width : 1920, height : 1080, req_format : 0x1, producer_usage : 0xb00, consumer_usage : 0xb00, , stride : 0, alloc_format_base: 1, alloc_format_modifiers: 0x04190000, size : 8486912, layer_count : 1, backing_store_id: 0x15600006089
