04-22 02:14:03.176 D/HostConnection(17894): HostComposition ext ANDROID_EMU_CHECKSUM_HELPER_v1 ANDROID_EMU_native_sync_v2 ANDROID_EMU_native_sync_v3 ANDROID_EMU_native_sync_v4 ANDROID_EMU_dma_v1 ANDROID_EMU_direct_mem ANDROID_EMU_host_composition_v1 ANDROID_EMU_host_composition_v2 ANDROID_EMU_vulkan ANDROID_EMU_deferred_vulkan_commands ANDROID_EMU_vulkan_null_optional_strings ANDROID_EMU_vulkan_create_resources_with_requirements ANDROID_EMU_YUV_Cache ANDROID_EMU_vulkan_ignored_handles ANDROID_EMU_has_shared_slots_host_memory_allocator ANDROID_EMU_vulkan_free_memory_sync ANDROID_EMU_vulkan_shader_float16_int8 ANDROID_EMU_vulkan_async_queue_submit ANDROID_EMU_vulkan_queue_submit_with_commands ANDROID_EMU_sync_buffer_data ANDROID_EMU_vulkan_async_qsri ANDROID_EMU_read_color_buffer_dma ANDROID_EMU_hwc_multi_configs ANDROID_EMU_hwc_color_transform GL_OES_EGL_image_external_essl3 GL_OES_vertex_array_object ANDROID_EMU_host_side_tracing ANDROID_EMU_gles_max_version_3_0 
04-22 02:14:17.132 W/BestClock(  519): java.time.DateTimeException: Missing NTP fix
04-22 02:14:17.149 I/netd    (  293): tetherGetStats() -> {[]} <1.60ms>
04-22 02:14:17.150 W/BestClock(  519): java.time.DateTimeException: Missing NTP fix
04-22 02:14:17.151 I/netd    (  293): bandwidthSetGlobalAlert(2097152) <0.17ms>
04-22 02:14:17.151 W/BestClock(  519): java.time.DateTimeException: Missing NTP fix
04-22 02:14:17.152 W/BestClock(  519): java.time.DateTimeException: Missing NTP fix
04-22 02:14:17.152 W/BestClock(  519): java.time.DateTimeException: Missing NTP fix
04-22 02:14:17.153 I/netd    (  293): bandwidthRemoveInterfaceQuota(eth0) <1.07ms>
04-22 02:14:17.154 I/netd    (  293): bandwidthSetInterfaceQuota(eth0, 9223372036854775807) <0.88ms>
04-22 02:14:17.155 W/BestClock(  519): java.time.DateTimeException: Missing NTP fix
04-22 02:14:17.156 W/BestClock(  519): java.time.DateTimeException: Missing NTP fix
04-22 02:14:17.156 W/BestClock(  519): java.time.DateTimeException: Missing NTP fix
04-22 02:14:17.168 I/NetworkScheduler.Stats( 1251): Task com.google.android.gms/com.google.android.gms.checkin.EventLogService started execution. cause:4 exec_start_elapsed_seconds: 20713 [CONTEXT service_id=218 ]
04-22 02:14:17.171 I/Checkin ( 4339): [EventLogChimeraService] Opted in for usage reporting: false
04-22 02:14:17.171 I/Checkin ( 4339): [EventLogChimeraService] Aggregate from 1776792446825 (log), 1776792446825 (data)
--------- beginning of kernel
04-22 02:14:17.175 I/logd    (  158): logdr: UID=10116 GID=10116 PID=4339 n tail=0 logMask=4 pid=0 start=0ns deadline=0ns
04-22 02:14:17.177 I/DropBoxManagerService(  519): add tag=event_data isTagEnabled=true flags=0x2
04-22 02:14:17.179 W/BroadcastQueue(  519): Background execution not allowed: receiving Intent { act=android.intent.action.DROPBOX_ENTRY_ADDED flg=0x10 (has extras) } to com.google.android.gms/.stats.service.DropBoxEntryAddedReceiver
04-22 02:14:17.179 W/BroadcastQueue(  519): Background execution not allowed: receiving Intent { act=android.intent.action.DROPBOX_ENTRY_ADDED flg=0x10 (has extras) } to com.google.android.gms/.chimera.GmsIntentOperationService$PersistentTrustedReceiver
04-22 02:14:17.186 I/NetworkScheduler.Stats( 1251): Task com.google.android.gms/com.google.android.gms.checkin.EventLogService finished executing. cause:4 result: 1 elapsed_millis: 22 uptime_millis: 22 exec_start_elapsed_seconds: 20713 [CONTEXT service_id=218 ]
04-22 02:14:20.442 D/TrafficStats( 1251): tagSocket(90) with statsTag=0x20008100, statsUid=-1
04-22 02:14:20.926 D/WifiNl80211Manager(  519): Scan result ready event
04-22 02:14:20.927 D/WifiNative(  519): Scan result ready event
04-22 02:14:33.375 I/logd    (  158): logdr: UID=2000 GID=2000 PID=17911 n tail=0 logMask=99 pid=0 start=0ns deadline=0ns
04-22 02:14:33.390 I/ActivityTaskManager(  519): START u0 {flg=0x10000000 cmp=com.impos2.mixcretailassemblyrn84/.MainActivity} from uid 2000
04-22 02:14:33.390 W/unknown:BridgelessReact(17825): ReactHost{0}.onHostPause(activity)
04-22 02:14:33.390 W/unknown:BridgelessReact(17825): ReactHost{0}.ReactContext.onHostPause()
04-22 02:14:33.391 W/unknown:BridgelessReact(17825): ReactHost{0}.onHostResume(activity)
04-22 02:14:33.391 W/unknown:BridgelessReact(17825): ReactHost{0}.ReactContext.onHostResume()
04-22 02:14:33.405 D/TrafficStats(17825): tagSocket(5) with statsTag=0xffffffff, statsUid=-1
04-22 02:14:33.408 D/TrafficStats(17825): tagSocket(5) with statsTag=0xffffffff, statsUid=-1
04-22 02:14:35.405 D/TrafficStats(12431): tagSocket(5) with statsTag=0x1803, statsUid=10116
04-22 02:14:35.640 D/TrafficStats(12431): tagSocket(58) with statsTag=0x1803, statsUid=10116
04-22 02:14:35.710 D/TrafficStats(12431): tagSocket(81) with statsTag=0x1803, statsUid=10116
04-22 02:14:35.954 D/TrafficStats(12431): tagSocket(100) with statsTag=0x1803, statsUid=10116
04-22 02:14:49.547 D/TrafficStats(  784): tagSocket(61) with statsTag=0xffffff81, statsUid=-1
04-22 02:14:49.547 D/TrafficStats(  784): tagSocket(5) with statsTag=0xffffff81, statsUid=-1
04-22 02:14:49.548 D/TrafficStats(  784): tagSocket(61) with statsTag=0xffffff81, statsUid=-1
04-22 02:14:49.549 D/TrafficStats(  784): tagSocket(5) with statsTag=0xffffff81, statsUid=-1
04-22 02:14:49.551 I/resolv  (  293): ResNSendHandler::run: 0 / {100 983140 100 983140 1073 1}
04-22 02:14:49.551 I/resolv  (  293): ResNSendHandler::run: 0 / {100 983140 100 983140 1073 1}
04-22 02:14:49.553 I/resolv  (  293): ResNSendHandler::run: 0 / {100 983140 100 983140 1073 1}
04-22 02:14:49.555 I/resolv  (  293): ResNSendHandler::run: 0 / {100 983140 100 983140 1073 1}
04-22 02:14:49.568 I/resolv  (  293): res_nsend: used send_dg 63 terrno: 0
04-22 02:14:49.569 I/resolv  (  293): res_nsend: used send_dg 60 terrno: 0
04-22 02:14:49.569 I/resolv  (  293): res_nsend: used send_dg 48 terrno: 0
04-22 02:14:49.569 I/resolv  (  293): res_nsend: used send_dg 117 terrno: 0
04-22 02:14:49.569 D/TrafficStats(  784): tagSocket(5) with statsTag=0xffffffff, statsUid=-1
04-22 02:14:49.570 D/TrafficStats(  784): tagSocket(5) with statsTag=0xffffffff, statsUid=-1
04-22 02:14:49.570 D/NetworkMonitor/100(  784): PROBE_DNS connectivitycheck.gstatic.com 23ms OK 114.250.65.34
04-22 02:14:49.570 D/TrafficStats(  784): tagSocket(5) with statsTag=0xffffffff, statsUid=-1
04-22 02:14:49.571 I/resolv  (  293): GetAddrInfoHandler::run: {100 983140 100 983140 1073 1}
04-22 02:14:49.571 D/NetworkMonitor/100(  784): PROBE_DNS www.google.com 24ms OK 69.171.235.22,2001::1
04-22 02:14:49.571 I/resolv  (  293): GetAddrInfoHandler::run: {100 983140 100 983140 1073 1}
04-22 02:14:49.572 I/resolv  (  293): res_nmkquery: (QUERY, IN, AAAA)
04-22 02:14:49.572 I/resolv  (  293): resolv_cache_lookup: FOUND IN CACHE entry=0xb400007d9da7f310
04-22 02:14:49.572 I/resolv  (  293): doQuery: rcode=0, ancount=0, return value=117
04-22 02:14:49.572 I/resolv  (  293): res_nmkquery: (QUERY, IN, AAAA)
04-22 02:14:49.572 I/resolv  (  293): resolv_cache_lookup: FOUND IN CACHE entry=0xb400007d7da78790
04-22 02:14:49.572 I/resolv  (  293): doQuery: rcode=0, ancount=1, return value=60
04-22 02:14:49.572 I/resolv  (  293): res_nmkquery: (QUERY, IN, A)
04-22 02:14:49.573 I/resolv  (  293): resolv_cache_lookup: FOUND IN CACHE entry=0xb400007d6da7a5b0
04-22 02:14:49.573 I/resolv  (  293): doQuery: rcode=0, ancount=1, return value=48
04-22 02:14:49.573 I/resolv  (  293): res_nmkquery: (QUERY, IN, A)
04-22 02:14:49.573 I/resolv  (  293): resolv_cache_lookup: FOUND IN CACHE entry=0xb400007d8da71d30
04-22 02:14:49.573 I/resolv  (  293): doQuery: rcode=0, ancount=1, return value=63
04-22 02:14:49.573 D/TrafficStats(  784): tagSocket(5) with statsTag=0xffffff81, statsUid=-1
04-22 02:14:49.574 D/TrafficStats(  784): tagSocket(61) with statsTag=0xffffff81, statsUid=-1
04-22 02:14:49.704 D/NetworkMonitor/100(  784): PROBE_HTTP http://connectivitycheck.gstatic.com/generate_204 time=133ms ret=204 request={Connection=[close], User-Agent=[Mozilla/5.0 (X11; Linux x86_64) AppleWebKit/537.36 (KHTML, like Gecko) Chrome/60.0.3112.32 Safari/537.36]} headers={null=[HTTP/1.1 204 No Content], Connection=[close], Content-Length=[0], Cross-Origin-Resource-Policy=[cross-origin], Date=[Tue, 21 Apr 2026 18:14:49 GMT], X-Android-Received-Millis=[1776795289702], X-Android-Response-Source=[NETWORK 204], X-Android-Selected-Protocol=[http/1.1], X-Android-Sent-Millis=[1776795289618]}
04-22 02:14:52.548 I/resolv  (  293): GetAddrInfoHandler::run: {100 983140 100 983140 1073 1}
04-22 02:14:52.548 I/resolv  (  293): res_nmkquery: (QUERY, IN, A)
04-22 02:14:52.549 I/resolv  (  293): res_nmkquery: (QUERY, IN, AAAA)
04-22 02:14:52.549 I/resolv  (  293): resolv_cache_lookup: FOUND IN CACHE entry=0xb400007d9da7f430
04-22 02:14:52.549 I/resolv  (  293): doQuery: rcode=0, ancount=4, return value=149
04-22 02:14:52.569 I/resolv  (  293): res_nsend: used send_dg 101 terrno: 0
04-22 02:14:52.569 I/resolv  (  293): doQuery: rcode=0, ancount=4, return value=101
04-22 02:14:52.570 D/TrafficStats(  784): tagSocket(61) with statsTag=0xffffff81, statsUid=-1
04-22 02:14:52.644 D/NetworkMonitor/100(  784): PROBE_FALLBACK http://play.googleapis.com/generate_204 time=95ms ret=204 request={Connection=[close], User-Agent=[Mozilla/5.0 (X11; Linux x86_64) AppleWebKit/537.36 (KHTML, like Gecko) Chrome/60.0.3112.32 Safari/537.36]} headers={null=[HTTP/1.1 204 No Content], Connection=[close], Cross-Origin-Resource-Policy=[cross-origin], Date=[Tue, 21 Apr 2026 18:14:52 GMT], X-Android-Received-Millis=[1776795292643], X-Android-Response-Source=[NETWORK 204], X-Android-Selected-Protocol=[http/1.1], X-Android-Sent-Millis=[1776795292571]}
04-22 02:14:59.584 D/TrafficStats(  784): tagSocket(5) with statsTag=0xffffff81, statsUid=-1
04-22 02:15:00.005 I/AiAiEcho( 1598): Predicting[0]: 
04-22 02:15:00.006 I/AiAiEcho( 1598): Ranked targets strategy: SORT, count: 0, ranking metadata: 
04-22 02:15:00.006 I/AiAiEcho( 1598): #postPredictionTargets: Sending updates to UISurface lockscreen with targets# 0
04-22 02:15:00.006 I/AiAiEcho( 1598): #postPredictionTargets: Sending updates to UISurface home with targets# 0
04-22 02:15:00.006 I/AiAiEcho( 1598): #postPredictionTargets: Sending updates to UISurface media_data_manager with targets# 0
04-22 02:15:00.027 D/SsMediaDataProvider(  728): Forwarding Smartspace updates []
04-22 02:15:00.092 D/EGL_emulation(  728): app_time_stats: avg=60040.44ms min=60040.44ms max=60040.44ms count=1
04-22 02:15:00.678 D/TrafficStats(17825): tagSocket(5) with statsTag=0xffffffff, statsUid=-1
04-22 02:15:00.679 D/TrafficStats(17825): tagSocket(70) with statsTag=0xffffffff, statsUid=-1
04-22 02:15:00.682 D/TrafficStats(17825): tagSocket(5) with statsTag=0xffffffff, statsUid=-1
04-22 02:15:00.683 D/TrafficStats(17825): tagSocket(70) with statsTag=0xffffffff, statsUid=-1
04-22 02:15:00.687 I/ActivityTaskManager(  519): START u0 {flg=0x10000000 cmp=com.impos2.mixcretailassemblyrn84/.MainActivity} from uid 2000
04-22 02:15:00.689 W/unknown:BridgelessReact(17825): ReactHost{0}.onHostPause(activity)
04-22 02:15:00.689 W/unknown:BridgelessReact(17825): ReactHost{0}.ReactContext.onHostPause()
04-22 02:15:00.689 W/unknown:BridgelessReact(17825): ReactHost{0}.onHostResume(activity)
04-22 02:15:00.689 W/unknown:BridgelessReact(17825): ReactHost{0}.ReactContext.onHostResume()
04-22 02:15:00.709 D/TrafficStats(17825): tagSocket(5) with statsTag=0xffffffff, statsUid=-1
04-22 02:15:00.713 D/TrafficStats(17825): tagSocket(5) with statsTag=0xffffffff, statsUid=-1
04-22 02:15:00.715 D/TrafficStats(17825): tagSocket(5) with statsTag=0xffffffff, statsUid=-1
04-22 02:15:00.717 D/TrafficStats(17825): tagSocket(5) with statsTag=0xffffffff, statsUid=-1
04-22 02:15:00.731 D/TrafficStats(17825): tagSocket(70) with statsTag=0xffffffff, statsUid=-1
04-22 02:15:00.734 D/TrafficStats(17825): tagSocket(70) with statsTag=0xffffffff, statsUid=-1
04-22 02:15:00.757 D/TrafficStats(17825): tagSocket(5) with statsTag=0xffffffff, statsUid=-1
04-22 02:15:00.764 D/EGL_emulation(17825): app_time_stats: avg=7298.85ms min=1.18ms max=109459.73ms count=15
04-22 02:15:00.787 D/TrafficStats(17825): tagSocket(74) with statsTag=0xffffffff, statsUid=-1
04-22 02:15:00.789 D/TrafficStats(17825): tagSocket(74) with statsTag=0xffffffff, statsUid=-1
04-22 02:15:00.823 D/TrafficStats(17825): tagSocket(74) with statsTag=0xffffffff, statsUid=-1
04-22 02:15:00.826 D/TrafficStats(17825): tagSocket(74) with statsTag=0xffffffff, statsUid=-1
04-22 02:15:00.828 D/TrafficStats(17825): tagSocket(74) with statsTag=0xffffffff, statsUid=-1
04-22 02:15:00.830 D/TrafficStats(17825): tagSocket(74) with statsTag=0xffffffff, statsUid=-1
04-22 02:15:00.885 D/TrafficStats(17825): tagSocket(109) with statsTag=0xffffffff, statsUid=-1
04-22 02:15:00.888 D/TrafficStats(17825): tagSocket(109) with statsTag=0xffffffff, statsUid=-1
04-22 02:15:00.890 D/TrafficStats(17825): tagSocket(109) with statsTag=0xffffffff, statsUid=-1
04-22 02:15:00.943 D/TrafficStats(17825): tagSocket(105) with statsTag=0xffffffff, statsUid=-1
04-22 02:15:00.946 D/TrafficStats(17825): tagSocket(105) with statsTag=0xffffffff, statsUid=-1
04-22 02:15:00.948 D/TrafficStats(17825): tagSocket(105) with statsTag=0xffffffff, statsUid=-1
04-22 02:15:00.950 D/TrafficStats(17825): tagSocket(105) with statsTag=0xffffffff, statsUid=-1
04-22 02:15:00.952 D/TrafficStats(17825): tagSocket(119) with statsTag=0xffffffff, statsUid=-1
04-22 02:15:01.006 D/TrafficStats(17825): tagSocket(98) with statsTag=0xffffffff, statsUid=-1
04-22 02:15:01.009 D/TrafficStats(17825): tagSocket(98) with statsTag=0xffffffff, statsUid=-1
04-22 02:15:01.011 D/TrafficStats(17825): tagSocket(121) with statsTag=0xffffffff, statsUid=-1
04-22 02:15:01.066 D/TrafficStats(17825): tagSocket(99) with statsTag=0xffffffff, statsUid=-1
04-22 02:15:01.069 D/TrafficStats(17825): tagSocket(99) with statsTag=0xffffffff, statsUid=-1
04-22 02:15:01.071 D/TrafficStats(17825): tagSocket(129) with statsTag=0xffffffff, statsUid=-1
04-22 02:15:01.073 D/TrafficStats(17825): tagSocket(99) with statsTag=0xffffffff, statsUid=-1
04-22 02:15:01.076 D/TrafficStats(17825): tagSocket(99) with statsTag=0xffffffff, statsUid=-1
04-22 02:15:01.411 D/TrafficStats(17825): tagSocket(99) with statsTag=0xffffffff, statsUid=-1
04-22 02:15:01.415 D/TrafficStats(17825): tagSocket(99) with statsTag=0xffffffff, statsUid=-1
04-22 02:15:01.417 D/TrafficStats(17825): tagSocket(99) with statsTag=0xffffffff, statsUid=-1
04-22 02:15:01.438 D/CompatibilityChangeReporter(17825): Compat change id reported: 171228096; UID 10175; state: ENABLED
04-22 02:15:03.051 D/EGL_emulation(17825): app_time_stats: avg=228.17ms min=1.50ms max=1562.34ms count=10
04-22 02:15:09.594 D/NetworkMonitor/100(  784): PROBE_HTTPS https://www.google.com/generate_204 Probe failed with exception java.net.SocketTimeoutException: failed to connect to www.google.com/2001::1 (port 443) from /fec0::5054:ff:fe12:3456 (port 44922) after 10000ms
04-22 02:15:09.596 D/NetworkMonitor/100(  784): isCaptivePortal: isSuccessful()=false isPortal()=false RedirectUrl=null isPartialConnectivity()=true Time=20050ms
04-22 02:15:09.596 D/ConnectivityService(  519): [100 CELLULAR] validation failed
04-22 02:15:09.597 I/ConnectivityService(  519): Update capabilities for net 100 : +PARTIAL_CONNECTIVITY
04-22 02:15:09.599 W/BestClock(  519): java.time.DateTimeException: Missing NTP fix
04-22 02:15:09.599 W/BestClock(  519): java.time.DateTimeException: Missing NTP fix
04-22 02:15:09.600 I/CarrierServices( 1480): [51] etr.c: Connected state: [1], networkType: [MOBILE]
04-22 02:15:09.600 I/CarrierServices( 1480): [50] fne.handleMessage: RcsEngineImpl[DUAL_REG]:[7f3bf928-8b36]>Handler: handleMessage processing message:[NOTIFY_UPTIME_IGNORE_STATE_CHANGED] with [non-null]:RcsEngineImpl reference
04-22 02:15:09.601 D/NetworkNotificationManager(  519): showNotification tag=ConnectivityNotification:100 event=PARTIAL_CONNECTIVITY transport=mobile data name=epc.tmobile.com highPriority=false
04-22 02:15:09.603 I/CarrierServices( 1480): [50] fjp.f: No RCS Configuration was found in Bugle for simID: redacted-pii:sim_id[chars:20,last3:897]
04-22 02:15:09.741 W/adbd    (  382): timeout expired while flushing socket, closing
04-22 02:15:13.235 E/android.hardware.power.stats@1.0-service-mock(  317): Failed to getEnergyData
04-22 02:15:17.992 D/EGL_emulation(  728): app_time_stats: avg=17899.97ms min=17899.97ms max=17899.97ms count=1
04-22 02:15:35.451 D/TrafficStats( 1251): tagSocket(82) with statsTag=0x20008100, statsUid=-1
04-22 02:15:39.519 E/WifiScoringParams(  519): Invalid frequency(-1), using 5G as default rssi array
04-22 02:15:40.178 I/ActivityTaskManager(  519): START u0 {flg=0x10000000 cmp=com.impos2.mixcretailassemblyrn84/.MainActivity} from uid 2000
04-22 02:15:40.179 W/ProcessState(17947): Extra binder thread started, but 0 threads requested. Do not use *startThreadPool when zero threads are requested.
04-22 02:15:40.180 W/unknown:BridgelessReact(17825): ReactHost{0}.onHostPause(activity)
04-22 02:15:40.180 W/unknown:BridgelessReact(17825): ReactHost{0}.ReactContext.onHostPause()
04-22 02:15:40.180 W/unknown:BridgelessReact(17825): ReactHost{0}.onHostResume(activity)
04-22 02:15:40.180 W/unknown:BridgelessReact(17825): ReactHost{0}.ReactContext.onHostResume()
04-22 02:15:40.191 I/hwservicemanager(  149): getTransport: Cannot find entry android.hardware.graphics.mapper@4.0::IMapper/default in either framework or device VINTF manifest.
04-22 02:15:40.191 I/Gralloc4(17947): mapper 4.x is not supported
04-22 02:15:40.196 D/HostConnection(17947): HostComposition ext ANDROID_EMU_CHECKSUM_HELPER_v1 ANDROID_EMU_native_sync_v2 ANDROID_EMU_native_sync_v3 ANDROID_EMU_native_sync_v4 ANDROID_EMU_dma_v1 ANDROID_EMU_direct_mem ANDROID_EMU_host_composition_v1 ANDROID_EMU_host_composition_v2 ANDROID_EMU_vulkan ANDROID_EMU_deferred_vulkan_commands ANDROID_EMU_vulkan_null_optional_strings ANDROID_EMU_vulkan_create_resources_with_requirements ANDROID_EMU_YUV_Cache ANDROID_EMU_vulkan_ignored_handles ANDROID_EMU_has_shared_slots_host_memory_allocator ANDROID_EMU_vulkan_free_memory_sync ANDROID_EMU_vulkan_shader_float16_int8 ANDROID_EMU_vulkan_async_queue_submit ANDROID_EMU_vulkan_queue_submit_with_commands ANDROID_EMU_sync_buffer_data ANDROID_EMU_vulkan_async_qsri ANDROID_EMU_read_color_buffer_dma ANDROID_EMU_hwc_multi_configs ANDROID_EMU_hwc_color_transform GL_OES_EGL_image_external_essl3 GL_OES_vertex_array_object ANDROID_EMU_host_side_tracing ANDROID_EMU_gles_max_version_3_0 
04-22 02:15:40.204 D/TrafficStats(17825): tagSocket(70) with statsTag=0xffffffff, statsUid=-1
04-22 02:15:40.209 D/TrafficStats(17825): tagSocket(70) with statsTag=0xffffffff, statsUid=-1
04-22 02:15:40.254 D/TrafficStats(17825): tagSocket(70) with statsTag=0xffffffff, statsUid=-1
04-22 02:15:40.257 D/TrafficStats(17825): tagSocket(70) with statsTag=0xffffffff, statsUid=-1
04-22 02:15:40.301 D/TrafficStats(17825): tagSocket(70) with statsTag=0xffffffff, statsUid=-1
04-22 02:15:40.306 D/TrafficStats(17825): tagSocket(70) with statsTag=0xffffffff, statsUid=-1
04-22 02:15:40.337 I/logd    (  158): logdr: UID=2000 GID=2000 PID=17955 n tail=0 logMask=99 pid=0 start=0ns deadline=0ns
04-22 02:15:43.306 D/WifiNl80211Manager(  519): Scan result ready event
04-22 02:15:43.306 D/WifiNative(  519): Scan result ready event
04-22 02:15:50.408 D/TrafficStats(12431): tagSocket(5) with statsTag=0x1803, statsUid=10116
04-22 02:15:50.645 D/TrafficStats(12431): tagSocket(58) with statsTag=0x1803, statsUid=10116
04-22 02:15:50.713 D/TrafficStats(12431): tagSocket(81) with statsTag=0x1803, statsUid=10116
04-22 02:15:50.959 D/TrafficStats(12431): tagSocket(100) with statsTag=0x1803, statsUid=10116
04-22 02:15:58.023 D/EGL_emulation(  728): app_time_stats: avg=40031.23ms min=40031.23ms max=40031.23ms count=1
04-22 02:16:00.007 I/AiAiEcho( 1598): Predicting[0]: 
04-22 02:16:00.007 I/AiAiEcho( 1598): Ranked targets strategy: SORT, count: 0, ranking metadata: 
04-22 02:16:00.007 I/AiAiEcho( 1598): #postPredictionTargets: Sending updates to UISurface lockscreen with targets# 0
04-22 02:16:00.007 I/AiAiEcho( 1598): #postPredictionTargets: Sending updates to UISurface home with targets# 0
04-22 02:16:00.007 I/AiAiEcho( 1598): #postPredictionTargets: Sending updates to UISurface media_data_manager with targets# 0
04-22 02:16:00.023 D/SsMediaDataProvider(  728): Forwarding Smartspace updates []
04-22 02:16:00.031 D/EGL_emulation(  728): app_time_stats: avg=2008.17ms min=2008.17ms max=2008.17ms count=1
04-22 02:16:09.438 D/TrafficStats(17825): tagSocket(70) with statsTag=0xffffffff, statsUid=-1
04-22 02:16:09.442 D/TrafficStats(17825): tagSocket(70) with statsTag=0xffffffff, statsUid=-1
04-22 02:16:09.463 I/assembly.assembly.android.mixc-retail-rn84(17825): [assembly.topology] Native topology host already matches desired lifecycle state {"displayCount":1,"displayIndex":0,"deviceId":"6Z2H3BSGEY","instanceMode":"MASTER","enableSlave":false,"running":false,"reason":"not-master-or-single-primary-host"}
04-22 02:16:09.499 D/TrafficStats(17825): tagSocket(70) with statsTag=0xffffffff, statsUid=-1
04-22 02:16:09.502 D/EGL_emulation(17825): app_time_stats: avg=3691.71ms min=5.02ms max=66179.02ms count=18
04-22 02:16:09.503 D/TrafficStats(17825): tagSocket(74) with statsTag=0xffffffff, statsUid=-1
04-22 02:16:09.506 I/assembly.assembly.android.mixc-retail-rn84(17825): [assembly.topology] Native topology host already matches desired lifecycle state {"displayCount":1,"displayIndex":0,"deviceId":"6Z2H3BSGEY","instanceMode":"MASTER","enableSlave":false,"running":false,"reason":"not-master-or-single-primary-host"}
04-22 02:16:09.507 I/MMKV    (17825): <MMKV_IO.cpp:609::writeActualSize> [mixc-retail-assembly-rn84::state] increase sequence to 28, crc 3527382929, actualSize 21721
04-22 02:16:09.507 I/MMKV    (17825): <MMKV.cpp:1208::sync> MMKV::sync, SyncFlag = 1
04-22 02:16:09.508 D/TrafficStats(17825): tagSocket(99) with statsTag=0xffffffff, statsUid=-1
04-22 02:16:09.509 I/assembly.assembly.android.mixc-retail-rn84(17825): [assembly.topology] Native topology host already matches desired lifecycle state {"displayCount":1,"displayIndex":0,"deviceId":"6Z2H3BSGEY","instanceMode":"MASTER","enableSlave":false,"running":false,"reason":"not-master-or-single-primary-host"}
04-22 02:16:09.511 D/TrafficStats(17825): tagSocket(74) with statsTag=0xffffffff, statsUid=-1
04-22 02:16:09.556 D/TrafficStats(17825): tagSocket(74) with statsTag=0xffffffff, statsUid=-1
04-22 02:16:09.556 D/TrafficStats(17825): tagSocket(99) with statsTag=0xffffffff, statsUid=-1
04-22 02:16:09.559 D/TrafficStats(17825): tagSocket(74) with statsTag=0xffffffff, statsUid=-1
04-22 02:16:09.560 D/TrafficStats(17825): tagSocket(99) with statsTag=0xffffffff, statsUid=-1
04-22 02:16:09.562 I/assembly.assembly.android.mixc-retail-rn84(17825): [assembly.topology] Starting native topology host from assembly lifecycle {"displayCount":1,"displayIndex":0,"deviceId":"6Z2H3BSGEY","instanceMode":"MASTER","enableSlave":true,"reason":"master-primary-enable-slave"}
04-22 02:16:09.563 D/CompatibilityChangeReporter(  519): Compat change id reported: 168419799; UID 10175; state: DISABLED
04-22 02:16:09.563 D/CompatibilityChangeReporter(  519): Compat change id reported: 273564678; UID 10175; state: DISABLED
04-22 02:16:09.567 D/TrafficStats(17825): tagSocket(74) with statsTag=0xffffffff, statsUid=-1
04-22 02:16:09.568 I/assembly.assembly.android.mixc-retail-rn84(17825): [assembly.topology] Create assembly topology socket binding {"displayIndex":0,"role":"master","localNodeId":"master:6Z2H3BSGEY","wsUrl":"ws://127.0.0.1:8888/mockMasterServer/ws","httpBaseUrl":"http://127.0.0.1:8888/mockMasterServer","resolvedServerBaseUrl":"http://127.0.0.1:8888/mockMasterServer","resolvedPathTemplate":"/ws"}
04-22 02:16:09.569 I/ReactNativeJS(17825): '[assembly.android.mixc-retail-rn84.websocket] connect', { url: 'ws://127.0.0.1:8888/mockMasterServer/ws',
04-22 02:16:09.569 I/ReactNativeJS(17825):   protocol: 'ws',
04-22 02:16:09.569 I/ReactNativeJS(17825):   host: '127.0.0.1:8888',
04-22 02:16:09.569 I/ReactNativeJS(17825):   pathname: '/mockMasterServer/ws' }
04-22 02:16:09.569 I/assembly.assembly.android.mixc-retail-rn84.transport.ws.SocketRuntime(17825): [transport.ws] Socket connect started: assembly.android.mixc-retail-rn84.topology {"profileName":"assembly.android.mixc-retail-rn84.topology","serverName":"dual-topology-host-v3","addressName":"dynamic-topology-host"}
04-22 02:16:09.573 I/WebViewFactory(17825): Loading com.google.android.webview version 109.0.5414.123 (code 541412334)
04-22 02:16:09.575 W/ziparchive(17825): Unable to open '/data/app/~~2XlbTKbdSL4ytKc6vI96fw==/com.google.android.trichromelibrary_541412334-XVCZJKNYM7pdXgwa6ezTsQ==/TrichromeLibrary.dm': No such file or directory
04-22 02:16:09.575 W/ziparchive(17825): Unable to open '/data/app/~~2XlbTKbdSL4ytKc6vI96fw==/com.google.android.trichromelibrary_541412334-XVCZJKNYM7pdXgwa6ezTsQ==/TrichromeLibrary.dm': No such file or directory
04-22 02:16:09.575 W/ailassemblyrn84(17825): Entry not found
04-22 02:16:09.575 D/nativeloader(17825): Configuring classloader-namespace for other apk /data/app/~~2XlbTKbdSL4ytKc6vI96fw==/com.google.android.trichromelibrary_541412334-XVCZJKNYM7pdXgwa6ezTsQ==/TrichromeLibrary.apk. target_sdk_version=33, uses_libraries=ALL, library_path=/data/app/~~Q0ddWPLbjoO_UEypAkbhRg==/com.google.android.webview-PdQqPxJT8P1ba_nJ4hr2mw==/lib/arm64:/data/app/~~Q0ddWPLbjoO_UEypAkbhRg==/com.google.android.webview-PdQqPxJT8P1ba_nJ4hr2mw==/WebViewGoogle.apk!/lib/arm64-v8a:/data/app/~~2XlbTKbdSL4ytKc6vI96fw==/com.google.android.trichromelibrary_541412334-XVCZJKNYM7pdXgwa6ezTsQ==/TrichromeLibrary.apk!/lib/arm64-v8a, permitted_path=/data:/mnt/expand
04-22 02:16:09.576 D/nativeloader(17825): Configuring classloader-namespace for other apk /data/app/~~Q0ddWPLbjoO_UEypAkbhRg==/com.google.android.webview-PdQqPxJT8P1ba_nJ4hr2mw==/WebViewGoogle.apk. target_sdk_version=33, uses_libraries=, library_path=/data/app/~~Q0ddWPLbjoO_UEypAkbhRg==/com.google.android.webview-PdQqPxJT8P1ba_nJ4hr2mw==/lib/arm64:/data/app/~~Q0ddWPLbjoO_UEypAkbhRg==/com.google.android.webview-PdQqPxJT8P1ba_nJ4hr2mw==/WebViewGoogle.apk!/lib/arm64-v8a:/data/app/~~2XlbTKbdSL4ytKc6vI96fw==/com.google.android.trichromelibrary_541412334-XVCZJKNYM7pdXgwa6ezTsQ==/TrichromeLibrary.apk!/lib/arm64-v8a, permitted_path=/data:/mnt/expand
04-22 02:16:09.583 I/cr_WVCFactoryProvider(17825): Loaded version=109.0.5414.123 minSdkVersion=29 isBundle=false multiprocess=true packageId=2
04-22 02:16:09.585 I/cr_VariationsUtils(17825): Failed reading seed file "/data/user/0/com.impos2.mixcretailassemblyrn84/app_webview/variations_seed_new"
04-22 02:16:09.585 I/cr_VariationsUtils(17825): Failed reading seed file "/data/user/0/com.impos2.mixcretailassemblyrn84/app_webview/variations_seed"
04-22 02:16:09.586 I/cr_VariationsUtils(17825): Requesting new seed from IVariationsSeedServer
04-22 02:16:09.587 D/CompatibilityChangeReporter(  519): Compat change id reported: 135634846; UID 10141; state: DISABLED
04-22 02:16:09.587 D/CompatibilityChangeReporter(  519): Compat change id reported: 177438394; UID 10141; state: DISABLED
04-22 02:16:09.587 D/CompatibilityChangeReporter(  519): Compat change id reported: 135772972; UID 10141; state: DISABLED
04-22 02:16:09.587 D/CompatibilityChangeReporter(  519): Compat change id reported: 135754954; UID 10141; state: ENABLED
04-22 02:16:09.587 D/CompatibilityChangeReporter(  519): Compat change id reported: 143937733; UID 10141; state: ENABLED
04-22 02:16:09.587 I/cr_LibraryLoader(17825): Successfully loaded native library
04-22 02:16:09.588 I/cr_CachingUmaRecorder(17825): Flushed 9 samples from 9 histograms.
04-22 02:16:09.591 D/Zygote  (  294): Forked child process 17967
04-22 02:16:09.591 I/ActivityManager(  519): Start proc 17967:com.google.android.webview:webview_service/u0a141 for service {com.google.android.webview/org.chromium.android_webview.services.VariationsSeedServer}
04-22 02:16:09.595 I/webview_service(17967): Using CollectorTypeCC GC.
04-22 02:16:09.599 I/adbd    (  382): jdwp connection from 17967
04-22 02:16:09.605 D/TrafficStats(17825): tagSocket(121) with statsTag=0xffffffff, statsUid=-1
04-22 02:16:09.606 D/TrafficStats(17825): tagSocket(138) with statsTag=0xffffffff, statsUid=-1
04-22 02:16:09.606 D/CompatibilityChangeReporter(17967): Compat change id reported: 171979766; UID 10141; state: ENABLED
04-22 02:16:09.608 I/assembly.assembly.android.mixc-retail-rn84(17825): [assembly.topology] Native topology host already matches desired lifecycle state {"displayCount":1,"displayIndex":0,"deviceId":"6Z2H3BSGEY","instanceMode":"MASTER","enableSlave":true,"running":true,"reason":"master-primary-enable-slave"}
04-22 02:16:09.608 I/assembly.assembly.android.mixc-retail-rn84(17825): [assembly.topology] Native topology host already matches desired lifecycle state {"displayCount":1,"displayIndex":0,"deviceId":"6Z2H3BSGEY","instanceMode":"MASTER","enableSlave":true,"running":true,"reason":"master-primary-enable-slave"}
04-22 02:16:09.608 I/assembly.assembly.android.mixc-retail-rn84(17825): [assembly.topology] Native topology host already matches desired lifecycle state {"displayCount":1,"displayIndex":0,"deviceId":"6Z2H3BSGEY","instanceMode":"MASTER","enableSlave":true,"running":true,"reason":"master-primary-enable-slave"}
04-22 02:16:09.609 W/ziparchive(17967): Unable to open '/data/app/~~2XlbTKbdSL4ytKc6vI96fw==/com.google.android.trichromelibrary_541412334-XVCZJKNYM7pdXgwa6ezTsQ==/TrichromeLibrary.dm': No such file or directory
04-22 02:16:09.609 I/assembly.assembly.android.mixc-retail-rn84(17825): [assembly.topology] Native topology host already matches desired lifecycle state {"displayCount":1,"displayIndex":0,"deviceId":"6Z2H3BSGEY","instanceMode":"MASTER","enableSlave":true,"running":true,"reason":"master-primary-enable-slave"}
04-22 02:16:09.609 I/assembly.assembly.android.mixc-retail-rn84(17825): [assembly.topology] Native topology host already matches desired lifecycle state {"displayCount":1,"displayIndex":0,"deviceId":"6Z2H3BSGEY","instanceMode":"MASTER","enableSlave":true,"running":true,"reason":"master-primary-enable-slave"}
04-22 02:16:09.609 W/ziparchive(17967): Unable to open '/data/app/~~2XlbTKbdSL4ytKc6vI96fw==/com.google.android.trichromelibrary_541412334-XVCZJKNYM7pdXgwa6ezTsQ==/TrichromeLibrary.dm': No such file or directory
04-22 02:16:09.609 W/webview_service(17967): Entry not found
04-22 02:16:09.610 D/nativeloader(17967): Configuring classloader-namespace for other apk /data/app/~~2XlbTKbdSL4ytKc6vI96fw==/com.google.android.trichromelibrary_541412334-XVCZJKNYM7pdXgwa6ezTsQ==/TrichromeLibrary.apk. target_sdk_version=33, uses_libraries=ALL, library_path=/data/app/~~Q0ddWPLbjoO_UEypAkbhRg==/com.google.android.webview-PdQqPxJT8P1ba_nJ4hr2mw==/lib/arm64:/data/app/~~Q0ddWPLbjoO_UEypAkbhRg==/com.google.android.webview-PdQqPxJT8P1ba_nJ4hr2mw==/WebViewGoogle.apk!/lib/arm64-v8a:/data/app/~~2XlbTKbdSL4ytKc6vI96fw==/com.google.android.trichromelibrary_541412334-XVCZJKNYM7pdXgwa6ezTsQ==/TrichromeLibrary.apk!/lib/arm64-v8a, permitted_path=/data:/mnt/expand:/data/user/0/com.google.android.webview
04-22 02:16:09.610 D/nativeloader(17967): Configuring classloader-namespace for other apk /data/app/~~Q0ddWPLbjoO_UEypAkbhRg==/com.google.android.webview-PdQqPxJT8P1ba_nJ4hr2mw==/WebViewGoogle.apk. target_sdk_version=33, uses_libraries=, library_path=/data/app/~~Q0ddWPLbjoO_UEypAkbhRg==/com.google.android.webview-PdQqPxJT8P1ba_nJ4hr2mw==/lib/arm64:/data/app/~~Q0ddWPLbjoO_UEypAkbhRg==/com.google.android.webview-PdQqPxJT8P1ba_nJ4hr2mw==/WebViewGoogle.apk!/lib/arm64-v8a:/data/app/~~2XlbTKbdSL4ytKc6vI96fw==/com.google.android.trichromelibrary_541412334-XVCZJKNYM7pdXgwa6ezTsQ==/TrichromeLibrary.apk!/lib/arm64-v8a, permitted_path=/data:/mnt/expand:/data/user/0/com.google.android.webview
04-22 02:16:09.613 I/assembly.assembly.android.mixc-retail-rn84(17825): [assembly.topology] Native topology host already matches desired lifecycle state {"displayCount":1,"displayIndex":0,"deviceId":"6Z2H3BSGEY","instanceMode":"MASTER","enableSlave":true,"running":true,"reason":"master-primary-enable-slave"}
04-22 02:16:09.613 I/assembly.assembly.android.mixc-retail-rn84(17825): [assembly.topology] Native topology host already matches desired lifecycle state {"displayCount":1,"displayIndex":0,"deviceId":"6Z2H3BSGEY","instanceMode":"MASTER","enableSlave":true,"running":true,"reason":"master-primary-enable-slave"}
04-22 02:16:09.614 I/assembly.assembly.android.mixc-retail-rn84(17825): [assembly.topology] Native topology host already matches desired lifecycle state {"displayCount":1,"displayIndex":0,"deviceId":"6Z2H3BSGEY","instanceMode":"MASTER","enableSlave":true,"running":true,"reason":"master-primary-enable-slave"}
04-22 02:16:09.643 V/GraphicsEnvironment(17967): ANGLE Developer option for 'com.google.android.webview' set to: 'default'
04-22 02:16:09.643 V/GraphicsEnvironment(17967): ANGLE GameManagerService for com.google.android.webview: false
04-22 02:16:09.643 V/GraphicsEnvironment(17967): Neither updatable production driver nor prerelease driver is supported.
04-22 02:16:09.645 I/LoadedApk(17967): No resource references to update in package com.google.android.trichromelibrary
04-22 02:16:09.645 D/NetworkSecurityConfig(17967): No Network Security Config specified, using platform default
04-22 02:16:09.645 D/NetworkSecurityConfig(17967): No Network Security Config specified, using platform default
04-22 02:16:09.646 I/cr_WebViewApkApp(17967): Launched version=109.0.5414.123 minSdkVersion=29 isBundle=false processName=com.google.android.webview:webview_service
04-22 02:16:09.655 I/cr_VariationsUtils(17967): Seed download job already scheduled
04-22 02:16:11.616 D/TrafficStats(17825): tagSocket(98) with statsTag=0xffffffff, statsUid=-1
04-22 02:16:11.622 D/TrafficStats(17825): tagSocket(98) with statsTag=0xffffffff, statsUid=-1
04-22 02:16:11.624 I/assembly.assembly.android.mixc-retail-rn84(17825): [assembly.topology] Create assembly topology socket binding {"displayIndex":0,"role":"master","localNodeId":"master:6Z2H3BSGEY","wsUrl":"ws://127.0.0.1:8888/mockMasterServer/ws","httpBaseUrl":"http://127.0.0.1:8888/mockMasterServer","resolvedServerBaseUrl":"http://127.0.0.1:8888/mockMasterServer","resolvedPathTemplate":"/ws"}
04-22 02:16:35.366 D/TrafficStats(17825): tagSocket(98) with statsTag=0xffffffff, statsUid=-1
04-22 02:16:35.369 D/TrafficStats(17825): tagSocket(98) with statsTag=0xffffffff, statsUid=-1
