04-21 12:54:09.638 D/TrafficStats(30433): tagSocket(5) with statsTag=0xffffffff, statsUid=-1
04-21 12:54:09.697 D/TrafficStats(30433): tagSocket(5) with statsTag=0xffffffff, statsUid=-1
04-21 12:54:09.715 D/TrafficStats(30433): tagSocket(5) with statsTag=0xffffffff, statsUid=-1
04-21 12:54:11.445 E/WifiStaIfaceAidlImpl(  888): getLinkLayerStats failed with service-specific exception: android.os.ServiceSpecificException: unknown error (code 9)
04-21 12:54:14.457 E/WifiStaIfaceAidlImpl(  888): getLinkLayerStats failed with service-specific exception: android.os.ServiceSpecificException: unknown error (code 9)
04-21 12:54:17.470 E/WifiStaIfaceAidlImpl(  888): getLinkLayerStats failed with service-specific exception: android.os.ServiceSpecificException: unknown error (code 9)
04-21 12:54:20.481 E/WifiStaIfaceAidlImpl(  888): getLinkLayerStats failed with service-specific exception: android.os.ServiceSpecificException: unknown error (code 9)
04-21 12:54:22.050 D/AlarmManager(  888): setImplLocked() callingPackage=sunmi.remotemanager
04-21 12:54:22.218 E/android.hardware.graphics.composer3-service.rockchip(  344): wait,line=113 wait callback timeout
04-21 12:54:23.493 E/WifiStaIfaceAidlImpl(  888): getLinkLayerStats failed with service-specific exception: android.os.ServiceSpecificException: unknown error (code 9)
04-21 12:54:26.006 I/ReactNativeJS(30017): '[runtime-state-sync-apply]', '{"direction":"master-to-slave","incomingSliceNames":["kernel.base.tdp-sync-runtime-v2.hot-update"],"appliedSliceNames":["kernel.base.tdp-sync-runtime-v2.hot-update"],"skippedSliceReasons":[]}'
04-21 12:54:26.023 I/assembly.assembly.android.mixc-retail-rn84(30017): [assembly.topology] Native topology host already matches desired lifecycle state {"displayCount":2,"displayIndex":1,"deviceId":"2N4QS8GYRS","instanceMode":"SLAVE","enableSlave":false,"running":false,"reason":"not-master-or-single-primary-host"}
04-21 12:54:26.027 I/assembly.assembly.android.mixc-retail-rn84(30017): [assembly.topology] Native topology host already matches desired lifecycle state {"displayCount":2,"displayIndex":1,"deviceId":"2N4QS8GYRS","instanceMode":"SLAVE","enableSlave":false,"running":false,"reason":"not-master-or-single-primary-host"}
04-21 12:54:26.040 I/assembly.assembly.android.mixc-retail-rn84(30433): [assembly.topology] Native topology host already matches desired lifecycle state {"displayCount":2,"displayIndex":0,"deviceId":"2N4QS8GYRS","instanceMode":"MASTER","enableSlave":true,"running":false,"reason":"not-master-or-single-primary-host"}
04-21 12:54:26.046 I/ReactNativeJS(30017): '[runtime-state-sync-apply]', '{"direction":"master-to-slave","incomingSliceNames":["kernel.base.ui-runtime-v2.overlay.main"],"appliedSliceNames":["kernel.base.ui-runtime-v2.overlay.main"],"skippedSliceReasons":[]}'
04-21 12:54:26.050 I/MMKV    (30433): <MMKV_IO.cpp:609::writeActualSize> [mixc-retail-assembly-rn84::state] increase sequence to 181, crc 4193330537, actualSize 29201
04-21 12:54:26.050 I/MMKV    (30433): <MMKV.cpp:1208::sync> MMKV::sync, SyncFlag = 1
04-21 12:54:26.050 I/assembly.assembly.android.mixc-retail-rn84(30017): [assembly.topology] Native topology host already matches desired lifecycle state {"displayCount":2,"displayIndex":1,"deviceId":"2N4QS8GYRS","instanceMode":"SLAVE","enableSlave":false,"running":false,"reason":"not-master-or-single-primary-host"}
04-21 12:54:26.053 I/assembly.assembly.android.mixc-retail-rn84(30017): [assembly.topology] Native topology host already matches desired lifecycle state {"displayCount":2,"displayIndex":1,"deviceId":"2N4QS8GYRS","instanceMode":"SLAVE","enableSlave":false,"running":false,"reason":"not-master-or-single-primary-host"}
04-21 12:54:26.058 I/assembly.assembly.android.mixc-retail-rn84(30433): [assembly.topology] Native topology host already matches desired lifecycle state {"displayCount":2,"displayIndex":0,"deviceId":"2N4QS8GYRS","instanceMode":"MASTER","enableSlave":true,"running":false,"reason":"not-master-or-single-primary-host"}
04-21 12:54:26.079 I/MMKV    (30433): <MMKV_IO.cpp:609::writeActualSize> [mixc-retail-assembly-rn84::state] increase sequence to 182, crc 3757230862, actualSize 29570
04-21 12:54:26.079 I/MMKV    (30433): <MMKV.cpp:1208::sync> MMKV::sync, SyncFlag = 1
04-21 12:54:26.505 E/WifiStaIfaceAidlImpl(  888): getLinkLayerStats failed with service-specific exception: android.os.ServiceSpecificException: unknown error (code 9)
04-21 12:54:29.081 I/ReactNativeJS(30017): '[runtime-state-sync-apply]', '{"direction":"master-to-slave","incomingSliceNames":["kernel.base.ui-runtime-v2.overlay.main"],"appliedSliceNames":["kernel.base.ui-runtime-v2.overlay.main"],"skippedSliceReasons":[]}'
04-21 12:54:29.085 I/assembly.assembly.android.mixc-retail-rn84(30433): [assembly.topology] Native topology host already matches desired lifecycle state {"displayCount":2,"displayIndex":0,"deviceId":"2N4QS8GYRS","instanceMode":"MASTER","enableSlave":true,"running":false,"reason":"not-master-or-single-primary-host"}
04-21 12:54:29.087 I/assembly.assembly.android.mixc-retail-rn84(30017): [assembly.topology] Native topology host already matches desired lifecycle state {"displayCount":2,"displayIndex":1,"deviceId":"2N4QS8GYRS","instanceMode":"SLAVE","enableSlave":false,"running":false,"reason":"not-master-or-single-primary-host"}
04-21 12:54:29.091 I/assembly.assembly.android.mixc-retail-rn84(30017): [assembly.topology] Native topology host already matches desired lifecycle state {"displayCount":2,"displayIndex":1,"deviceId":"2N4QS8GYRS","instanceMode":"SLAVE","enableSlave":false,"running":false,"reason":"not-master-or-single-primary-host"}
04-21 12:54:29.097 I/StartupAudit(30433): restart_requested hasSecondary=true pid=30433 time=2026-04-21 12:54:29.097
04-21 12:54:29.098 I/StartupAudit(30433): topology_host_stopping pid=30433 time=2026-04-21 12:54:29.098
04-21 12:54:29.100 I/ReactNativeJS(30017): '[runtime-state-sync-apply]', '{"direction":"master-to-slave","incomingSliceNames":["kernel.base.tdp-sync-runtime-v2.hot-update"],"appliedSliceNames":["kernel.base.tdp-sync-runtime-v2.hot-update"],"skippedSliceReasons":[]}'
04-21 12:54:29.113 I/assembly.assembly.android.mixc-retail-rn84(30433): [assembly.topology] Native topology host already matches desired lifecycle state {"displayCount":2,"displayIndex":0,"deviceId":"2N4QS8GYRS","instanceMode":"MASTER","enableSlave":true,"running":false,"reason":"not-master-or-single-primary-host"}
04-21 12:54:29.121 I/assembly.assembly.android.mixc-retail-rn84(30017): [assembly.topology] Native topology host already matches desired lifecycle state {"displayCount":2,"displayIndex":1,"deviceId":"2N4QS8GYRS","instanceMode":"SLAVE","enableSlave":false,"running":false,"reason":"not-master-or-single-primary-host"}
04-21 12:54:29.127 I/assembly.assembly.android.mixc-retail-rn84(30017): [assembly.topology] Native topology host already matches desired lifecycle state {"displayCount":2,"displayIndex":1,"deviceId":"2N4QS8GYRS","instanceMode":"SLAVE","enableSlave":false,"running":false,"reason":"not-master-or-single-primary-host"}
04-21 12:54:29.136 I/StartupAudit(30433): topology_host_stopped pid=30433 time=2026-04-21 12:54:29.136
04-21 12:54:29.141 I/HotUpdateBundleResolver(30433): bundle_resolved source=restart-peek bundleFile=/data/user/0/com.impos2.mixcretailassemblyrn84/files/hot-updates/packages/pkg_g68snyt84bbd/index.android.bundle bundleVersion=1.0.0+ota.13 packageId=pkg_g68snyt84bbd bootAttempt=0 pid=30433
04-21 12:54:29.141 I/assembly.assembly.android.mixc-retail-rn84(30017): [assembly.topology] Native topology host already matches desired lifecycle state {"displayCount":2,"displayIndex":1,"deviceId":"2N4QS8GYRS","instanceMode":"SLAVE","enableSlave":false,"running":false,"reason":"not-master-or-single-primary-host"}
04-21 12:54:29.142 I/assembly.assembly.android.mixc-retail-rn84(30017): [assembly.topology] Native topology host already matches desired lifecycle state {"displayCount":2,"displayIndex":1,"deviceId":"2N4QS8GYRS","instanceMode":"SLAVE","enableSlave":false,"running":false,"reason":"not-master-or-single-primary-host"}
04-21 12:54:29.142 I/StartupAudit(30433): hot_update_process_relaunch_requested bundleFile=/data/user/0/com.impos2.mixcretailassemblyrn84/files/hot-updates/packages/pkg_g68snyt84bbd/index.android.bundle pid=30433 time=2026-04-21 12:54:29.141
04-21 12:54:29.144 I/assembly.assembly.android.mixc-retail-rn84(30017): [assembly.topology] Native topology host already matches desired lifecycle state {"displayCount":2,"displayIndex":1,"deviceId":"2N4QS8GYRS","instanceMode":"SLAVE","enableSlave":false,"running":false,"reason":"not-master-or-single-primary-host"}
04-21 12:54:29.146 I/assembly.assembly.android.mixc-retail-rn84(30017): [assembly.topology] Native topology host already matches desired lifecycle state {"displayCount":2,"displayIndex":1,"deviceId":"2N4QS8GYRS","instanceMode":"SLAVE","enableSlave":false,"running":false,"reason":"not-master-or-single-primary-host"}
04-21 12:54:29.147 I/assembly.assembly.android.mixc-retail-rn84(30017): [assembly.topology] Native topology host already matches desired lifecycle state {"displayCount":2,"displayIndex":1,"deviceId":"2N4QS8GYRS","instanceMode":"SLAVE","enableSlave":false,"running":false,"reason":"not-master-or-single-primary-host"}
04-21 12:54:29.149 I/assembly.assembly.android.mixc-retail-rn84(30433): [assembly.topology] Native topology host already matches desired lifecycle state {"displayCount":2,"displayIndex":0,"deviceId":"2N4QS8GYRS","instanceMode":"MASTER","enableSlave":true,"running":false,"reason":"not-master-or-single-primary-host"}
04-21 12:54:29.149 I/assembly.assembly.android.mixc-retail-rn84(30433): [assembly.topology] Native topology host already matches desired lifecycle state {"displayCount":2,"displayIndex":0,"deviceId":"2N4QS8GYRS","instanceMode":"MASTER","enableSlave":true,"running":false,"reason":"not-master-or-single-primary-host"}
04-21 12:54:29.150 I/assembly.assembly.android.mixc-retail-rn84(30433): [assembly.topology] Native topology host already matches desired lifecycle state {"displayCount":2,"displayIndex":0,"deviceId":"2N4QS8GYRS","instanceMode":"MASTER","enableSlave":true,"running":false,"reason":"not-master-or-single-primary-host"}
04-21 12:54:29.151 D/PackageManager(  888): collectAppOpen(): pkg = com.impos2.mixcretailassemblyrn84
04-21 12:54:29.151 I/RegisterController(  888): type=0
04-21 12:54:29.151 W/APP_LOCK(  888): ===isSecureForCommon  defaultLauncher:null===
04-21 12:54:29.152 W/APP_LOCK(  888): ===isSecureForCommon  callingPackage:com.impos2.mixcretailassemblyrn84===
04-21 12:54:29.152 W/APP_LOCK(  888): ===isSecureForCommon  === defaultLauncher:com.android.launcher3===
04-21 12:54:29.152 W/APP_LOCK(  888): ===isSecureForCommon  isDefaultApp:false=== packageName : com.impos2.mixcretailassemblyrn84
04-21 12:54:29.152 I/assembly.assembly.android.mixc-retail-rn84(30433): [assembly.topology] Native topology host already matches desired lifecycle state {"displayCount":2,"displayIndex":0,"deviceId":"2N4QS8GYRS","instanceMode":"MASTER","enableSlave":true,"running":false,"reason":"not-master-or-single-primary-host"}
04-21 12:54:29.153 I/assembly.assembly.android.mixc-retail-rn84(30433): [assembly.topology] Native topology host already matches desired lifecycle state {"displayCount":2,"displayIndex":0,"deviceId":"2N4QS8GYRS","instanceMode":"MASTER","enableSlave":true,"running":false,"reason":"not-master-or-single-primary-host"}
04-21 12:54:29.157 I/Camera  (  888): callprocess:com.impos2.mixcretailassemblyrn84
04-21 12:54:29.162 E/ActivityTaskManager(  888): startResult ================ 0
04-21 12:54:29.162 I/assembly.assembly.android.mixc-retail-rn84(30017): [assembly.topology] Native topology host already matches desired lifecycle state {"displayCount":2,"displayIndex":1,"deviceId":"2N4QS8GYRS","instanceMode":"SLAVE","enableSlave":false,"running":false,"reason":"not-master-or-single-primary-host"}
04-21 12:54:29.163 I/assembly.assembly.android.mixc-retail-rn84(30017): [assembly.topology] Native topology host already matches desired lifecycle state {"displayCount":2,"displayIndex":1,"deviceId":"2N4QS8GYRS","instanceMode":"SLAVE","enableSlave":false,"running":false,"reason":"not-master-or-single-primary-host"}
04-21 12:54:29.168 W/android.hardwar(  688): type=1400 audit(0.0:8743): avc:  denied  { read } for  name="u:object_r:vendor_sculptor_prop:s0" dev="tmpfs" ino=383 scontext=u:r:hal_power_default:s0 tcontext=u:object_r:vendor_sculptor_prop:s0 tclass=file permissive=0
04-21 12:54:29.168 W/InputDispatcher(  888): Focused display #0 does not have a focused window.
04-21 12:54:29.168 E/InputDispatcher(  888): But another display has a focused window
04-21 12:54:29.168 E/InputDispatcher(  888):   FocusedWindows:
04-21 12:54:29.168 E/InputDispatcher(  888):     displayId=2, name='51e1120 com.impos2.mixcretailassemblyrn84/com.impos2.mixcretailassemblyrn84.SecondaryActivity'
04-21 12:54:29.170 W/libc    (  688): Access denied finding property "vendor.sculptor.enable"
04-21 12:54:29.172 I/assembly.assembly.android.mixc-retail-rn84(30017): [assembly.topology] Native topology host already matches desired lifecycle state {"displayCount":2,"displayIndex":1,"deviceId":"2N4QS8GYRS","instanceMode":"SLAVE","enableSlave":false,"running":false,"reason":"not-master-or-single-primary-host"}
04-21 12:54:29.172 I/assembly.assembly.android.mixc-retail-rn84(30017): [assembly.topology] Native topology host already matches desired lifecycle state {"displayCount":2,"displayIndex":1,"deviceId":"2N4QS8GYRS","instanceMode":"SLAVE","enableSlave":false,"running":false,"reason":"not-master-or-single-primary-host"}
04-21 12:54:29.174 I/assembly.assembly.android.mixc-retail-rn84(30017): [assembly.topology] Native topology host already matches desired lifecycle state {"displayCount":2,"displayIndex":1,"deviceId":"2N4QS8GYRS","instanceMode":"SLAVE","enableSlave":false,"running":false,"reason":"not-master-or-single-primary-host"}
04-21 12:54:29.175 W/libprocessgroup(  888): SetCgroup::ExecuteForProcess: failed to open /dev/stune/top-app/cgroup.procs: No such file or directory
04-21 12:54:29.177 I/Camera  (  888): callprocess:com.impos2.mixcretailassemblyrn84
04-21 12:54:29.178 I/Camera  (  888): callprocess:com.impos2.mixcretailassemblyrn84
04-21 12:54:29.182 I/Camera  (  888): callprocess:com.impos2.mixcretailassemblyrn84
04-21 12:54:29.183 I/assembly.assembly.android.mixc-retail-rn84(30017): [assembly.topology] Native topology host already matches desired lifecycle state {"displayCount":2,"displayIndex":1,"deviceId":"2N4QS8GYRS","instanceMode":"SLAVE","enableSlave":false,"running":false,"reason":"not-master-or-single-primary-host"}
04-21 12:54:29.183 V/WindowManagerShell( 1104): Transition requested: android.os.BinderProxy@39826fe TransitionRequestInfo { type = 1, triggerTask = TaskInfo{userId=0 taskId=229 displayId=0 isRunning=true baseIntent=Intent { act=android.intent.action.MAIN cat=[android.intent.category.LAUNCHER] flg=0x10200000 cmp=com.impos2.mixcretailassemblyrn84/.MainActivity } baseActivity=ComponentInfo{com.impos2.mixcretailassemblyrn84/com.impos2.mixcretailassemblyrn84.MainActivity} topActivity=ComponentInfo{com.impos2.mixcretailassemblyrn84/com.impos2.mixcretailassemblyrn84.MainActivity} origActivity=null realActivity=ComponentInfo{com.impos2.mixcretailassemblyrn84/com.impos2.mixcretailassemblyrn84.MainActivity} numActivities=1 lastActiveTime=4819319358 supportsMultiWindow=true resizeMode=1 isResizeable=true minWidth=-1 minHeight=-1 defaultMinSize=220 token=WCT{android.window.IWindowContainerToken$Stub$Proxy@a1e2e5f} topActivityType=1 pictureInPictureParams=null shouldDockBigOverlays=false launchIntoPipHostTaskId=-1 lastParentTaskIdBeforePip=-1 displayCutoutSafeInsets=null topActivityInfo=ActivityInfo{d74e0ac com.impos2.mixcretailassemblyrn84.MainActivity} launchCookies=[] positionInParent=Point(0, 0) parentTaskId=-1 isFocused=true isVisible=true isVisibleRequested=false isSleeping=false topActivityInSizeCompat=false topActivityEligibleForLetterboxEducation= false isLetterboxDoubleTapEnabled= false topActivityEligibleForUserAspectRatioButton= false topActivityBoundsLetterboxed= false isFromLetterboxDoubleTap= false topActivityLetterboxVerticalPosition= -1 topActivityLetterboxHorizontalPosition= -1 topActivityLetterboxWidth=-1 topActivityLetterboxHeight=-1 isUserFullscreenOverrideEnabled=false isTopActivityTransparent=false locusId=null displayAreaFeatureId=1 cameraCompatControlState=hidden}, remoteTransition = null, displayChange = null, flags = 0 }
04-21 12:54:29.184 I/assembly.assembly.android.mixc-retail-rn84(30017): [assembly.topology] Native topology host already matches desired lifecycle state {"displayCount":2,"displayIndex":1,"deviceId":"2N4QS8GYRS","instanceMode":"SLAVE","enableSlave":false,"running":false,"reason":"not-master-or-single-primary-host"}
04-21 12:54:29.184 I/assembly.assembly.android.mixc-retail-rn84(30017): [assembly.topology] Native topology host already matches desired lifecycle state {"displayCount":2,"displayIndex":1,"deviceId":"2N4QS8GYRS","instanceMode":"SLAVE","enableSlave":false,"running":false,"reason":"not-master-or-single-primary-host"}
04-21 12:54:29.184 I/assembly.assembly.android.mixc-retail-rn84(30017): [assembly.topology] Native topology host already matches desired lifecycle state {"displayCount":2,"displayIndex":1,"deviceId":"2N4QS8GYRS","instanceMode":"SLAVE","enableSlave":false,"running":false,"reason":"not-master-or-single-primary-host"}
04-21 12:54:29.185 I/ActivityTaskManager(  888): START u0 {act=android.intent.action.MAIN cat=[android.intent.category.LAUNCHER] flg=0x10008000 pkg=com.impos2.mixcretailassemblyrn84 cmp=com.impos2.mixcretailassemblyrn84/.MainActivity} with LAUNCH_SINGLE_TASK from uid 10139 (BAL_ALLOW_VISIBLE_WINDOW) result code=0
04-21 12:54:29.185 I/assembly.assembly.android.mixc-retail-rn84(30017): [assembly.topology] Native topology host already matches desired lifecycle state {"displayCount":2,"displayIndex":1,"deviceId":"2N4QS8GYRS","instanceMode":"SLAVE","enableSlave":false,"running":false,"reason":"not-master-or-single-primary-host"}
04-21 12:54:29.189 W/ActivityTaskManager(  888): Duplicate finish request for r=ActivityRecord{580ebf7 u0 com.impos2.mixcretailassemblyrn84/.MainActivity t229 f}}
04-21 12:54:29.189 I/AppRestartManager(30433): Exiting current process for hot update relaunch
04-21 12:54:29.190 I/ailassemblyrn84(30433): System.exit called, status: 0
04-21 12:54:29.190 I/AndroidRuntime(30433): VM exiting with result code 0, cleanup skipped.
04-21 12:54:29.196 I/BpBinder(  346): onLastStrongRef automatically unlinking death recipients: 
04-21 12:54:29.202 D/CoreBackPreview(  888): Window{4b0ff15 u0 Splash Screen com.impos2.mixcretailassemblyrn84}: Setting back callback OnBackInvokedCallbackInfo{mCallback=android.window.IOnBackInvokedCallback$Stub$Proxy@f31581b, mPriority=0, mIsAnimationCallback=false}
04-21 12:54:29.205 I/android.hardware.graphics.allocator-V1-service(  342): alloc_format: RGBA_8888 + AFBC + SPLIT + WIDE + SPARSE + Datatype: UNORM
04-21 12:54:29.205 I/android.hardware.graphics.allocator-V1-service(  342): mali_gralloc_adjust_dimensions: alloc_format=RGBA_8888 + AFBC + SPLIT + WIDE + SPARSE + Datatype: UNORM usage=TEXTURE + RENDER + HWC alloc_width=1920, alloc_height=1088
04-21 12:54:29.207 I/android.hardware.graphics.allocator-V1-service(  342): Writing AFBC header layout 0 for format 1, n_headers: 8160
04-21 12:54:29.207 D/android.hardware.graphics.allocator-V1-service(  342): got new private_handle_t instance for buffer 'VRI[mixcretailassemblyrn84]#637(BLAST Consumer)637'. share_fd : 10, share_attr_fd : 11, width : 1920, height : 1080, req_format : 0x1, producer_usage : 0xb00, consumer_usage : 0xb00, , stride : 0, alloc_format_base: 1, alloc_format_modifiers: 0x04190000, size : 8486912, layer_count : 1, backing_store_id: 0x156000060fa
04-21 12:54:29.207 D/android.hardware.graphics.allocator-V1-service(  342): plane_info[0]: offset : 0, byte_stride : 7680, alloc_width : 1920, alloc_height : 1088
04-21 12:54:29.207 D/android.hardware.graphics.allocator-V1-service(  342): plane_info[1]: offset : 0, byte_stride : 0, alloc_width : 0, alloc_height : 0
04-21 12:54:29.207 I/android.hardware.graphics.allocator-V1-service(  342): alloc_format: RGBA_8888 + AFBC + SPLIT + WIDE + SPARSE + Datatype: UNORM
04-21 12:54:29.207 I/android.hardware.graphics.allocator-V1-service(  342): mali_gralloc_adjust_dimensions: alloc_format=RGBA_8888 + AFBC + SPLIT + WIDE + SPARSE + Datatype: UNORM usage=TEXTURE + RENDER + HWC alloc_width=1920, alloc_height=1088
04-21 12:54:29.209 I/android.hardware.graphics.allocator-V1-service(  342): Writing AFBC header layout 0 for format 1, n_headers: 8160
04-21 12:54:29.209 D/android.hardware.graphics.allocator-V1-service(  342): got new private_handle_t instance for buffer 'VRI[mixcretailassemblyrn84]#637(BLAST Consumer)637'. share_fd : 10, share_attr_fd : 11, width : 1920, height : 1080, req_format : 0x1, producer_usage : 0xb00, consumer_usage : 0xb00, , stride : 0, alloc_format_base: 1, alloc_format_modifiers: 0x04190000, size : 8486912, layer_count : 1, backing_store_id: 0x156000060fb
04-21 12:54:29.209 D/android.hardware.graphics.allocator-V1-service(  342): plane_info[0]: offset : 0, byte_stride : 7680, alloc_width : 1920, alloc_height : 1088
04-21 12:54:29.209 D/android.hardware.graphics.allocator-V1-service(  342): plane_info[1]: offset : 0, byte_stride : 0, alloc_width : 0, alloc_height : 0
04-21 12:54:29.209 I/android.hardware.graphics.allocator-V1-service(  342): alloc_format: RGBA_8888 + AFBC + SPLIT + WIDE + SPARSE + Datatype: UNORM
04-21 12:54:29.209 I/android.hardware.graphics.allocator-V1-service(  342): mali_gralloc_adjust_dimensions: alloc_format=RGBA_8888 + AFBC + SPLIT + WIDE + SPARSE + Datatype: UNORM usage=TEXTURE + RENDER + HWC alloc_width=1920, alloc_height=1088
04-21 12:54:29.211 I/android.hardware.graphics.allocator-V1-service(  342): Writing AFBC header layout 0 for format 1, n_headers: 8160
04-21 12:54:29.211 D/android.hardware.graphics.allocator-V1-service(  342): got new private_handle_t instance for buffer 'VRI[mixcretailassemblyrn84]#637(BLAST Consumer)637'. share_fd : 10, share_attr_fd : 11, width : 1920, height : 1080, req_format : 0x1, producer_usage : 0xb00, consumer_usage : 0xb00, , stride : 0, alloc_format_base: 1, alloc_format_modifiers: 0x04190000, size : 8486912, layer_count : 1, backing_store_id: 0x156000060fc
04-21 12:54:29.211 D/android.hardware.graphics.allocator-V1-service(  342): plane_info[0]: offset : 0, byte_stride : 7680, alloc_width : 1920, alloc_height : 1088
04-21 12:54:29.211 D/android.hardware.graphics.allocator-V1-service(  342): plane_info[1]: offset : 0, byte_stride : 0, alloc_width : 0, alloc_height : 0
04-21 12:54:29.241 I/WindowManager(  888): WIN DEATH: Window{97e022c u0 com.impos2.mixcretailassemblyrn84/com.impos2.mixcretailassemblyrn84.MainActivity}
04-21 12:54:29.242 W/InputManager-JNI(  888): Input channel object '97e022c com.impos2.mixcretailassemblyrn84/com.impos2.mixcretailassemblyrn84.MainActivity (client)' was disposed without first being removed with the input manager!
04-21 12:54:29.242 I/ActivityManager(  888): Process com.impos2.mixcretailassemblyrn84 (pid 30433) has died: fg +50 TOP 
04-21 12:54:29.242 I/Zygote  (  638): Process 30433 exited cleanly (0)
04-21 12:54:29.242 I/libprocessgroup(  888): Successfully killed process cgroup uid 10139 pid 30433 in 0ms
04-21 12:54:29.250 W/ActivityManager(  888): Scheduling restart of crashed service com.impos2.mixcretailassemblyrn84/com.impos2.adapterv2.topologyhostv3.TopologyHostV3Service in 1000ms for start-requested
04-21 12:54:29.253 W/InputDispatcher(  888): Focused display #2 does not have a focused window.
04-21 12:54:29.256 I/Camera  (  888): callprocess:com.impos2.mixcretailassemblyrn84
04-21 12:54:29.256 I/APP_LOCK(  888): com.impos2.mixcretailassemblyrn84 common is  not locked
04-21 12:54:29.256 W/APP_LOCK(  888):   isCustomizedAppLockEnabled is false
04-21 12:54:29.257 I/Camera  (  888): callprocess:com.impos2.mixcretailassemblyrn84
04-21 12:54:29.258 V/WindowManager(  888): Unknown focus tokens, dropping reportFocusChanged
04-21 12:54:29.261 D/CompatibilityChangeReporter(  888): Compat change id reported: 135634846; UID 10139; state: DISABLED
04-21 12:54:29.261 D/CompatibilityChangeReporter(  888): Compat change id reported: 177438394; UID 10139; state: DISABLED
04-21 12:54:29.261 D/CompatibilityChangeReporter(  888): Compat change id reported: 135772972; UID 10139; state: DISABLED
04-21 12:54:29.261 D/CompatibilityChangeReporter(  888): Compat change id reported: 135754954; UID 10139; state: ENABLED
04-21 12:54:29.262 D/CompatibilityChangeReporter(  888): Compat change id reported: 143937733; UID 10139; state: ENABLED
04-21 12:54:29.275 D/Zygote  (  638): Forked child process 30614
04-21 12:54:29.276 I/ActivityManager(  888): Start proc 30614:com.impos2.mixcretailassemblyrn84/u0a139 for top-activity {com.impos2.mixcretailassemblyrn84/com.impos2.mixcretailassemblyrn84.MainActivity}
04-21 12:54:29.286 I/ailassemblyrn84(30614): Using CollectorTypeCMC GC.
04-21 12:54:29.290 E/ailassemblyrn84(30614): Not starting debugger since process cannot load the jdwp agent.
04-21 12:54:29.300 I/ActivityTaskManager(  888): Process com.impos2.mixcretailassemblyrn84 restarted
04-21 12:54:29.302 W/libprocessgroup(  888): SetCgroup::ExecuteForProcess: failed to open /dev/stune/top-app/cgroup.procs: No such file or directory
04-21 12:54:29.304 D/CompatibilityChangeReporter(30614): Compat change id reported: 171979766; UID 10139; state: ENABLED
04-21 12:54:29.304 D/CompatibilityChangeReporter(30614): Compat change id reported: 242716250; UID 10139; state: ENABLED
04-21 12:54:29.314 D/nativeloader(30614): Configuring clns-6 for other apk /data/app/~~TtAnbsjwNLbzyCIaYmH89g==/com.impos2.mixcretailassemblyrn84-Ee4iVJNVH4McdKHKWJvjTA==/base.apk. target_sdk_version=36, uses_libraries=, library_path=/data/app/~~TtAnbsjwNLbzyCIaYmH89g==/com.impos2.mixcretailassemblyrn84-Ee4iVJNVH4McdKHKWJvjTA==/lib/arm64:/data/app/~~TtAnbsjwNLbzyCIaYmH89g==/com.impos2.mixcretailassemblyrn84-Ee4iVJNVH4McdKHKWJvjTA==/base.apk!/lib/arm64-v8a, permitted_path=/data:/mnt/expand:/data/user/0/com.impos2.mixcretailassemblyrn84
04-21 12:54:29.330 V/GraphicsEnvironment(30614): Currently set values for:
04-21 12:54:29.330 V/GraphicsEnvironment(30614):   angle_gl_driver_selection_pkgs=[]
04-21 12:54:29.330 V/GraphicsEnvironment(30614):   angle_gl_driver_selection_values=[]
04-21 12:54:29.330 V/GraphicsEnvironment(30614): ANGLE GameManagerService for com.impos2.mixcretailassemblyrn84: false
04-21 12:54:29.330 V/GraphicsEnvironment(30614): com.impos2.mixcretailassemblyrn84 is not listed in per-application setting
04-21 12:54:29.331 V/GraphicsEnvironment(30614): Neither updatable production driver nor prerelease driver is supported.
04-21 12:54:29.334 I/LoadedApk(30614): No resource references to update in package com.sunmi
04-21 12:54:29.345 W/SoLoader(30614): Initializing SoLoader: 0
04-21 12:54:29.346 W/SoLoader(30614): Recording new base apk path: /data/app/~~TtAnbsjwNLbzyCIaYmH89g==/com.impos2.mixcretailassemblyrn84-Ee4iVJNVH4McdKHKWJvjTA==/base.apk
04-21 12:54:29.346 W/SoLoader(30614): Previously recorded 0 base apk paths.
04-21 12:54:29.346 I/SoLoader(30614): Preparing SO source: DirectorySoSource[root = /vendor/lib64 flags = 2]
04-21 12:54:29.346 I/SoLoader(30614): Preparing SO source: DirectorySoSource[root = /system/lib64 flags = 2]
04-21 12:54:29.346 I/SoLoader(30614): Preparing SO source: DirectApkSoSource[root = [/data/app/~~TtAnbsjwNLbzyCIaYmH89g==/com.impos2.mixcretailassemblyrn84-Ee4iVJNVH4McdKHKWJvjTA==/base.apk!/lib/arm64-v8a]]
04-21 12:54:29.355 I/SoLoader(30614): Preparing SO source: ApplicationSoSource[DirectorySoSource[root = /data/app/~~TtAnbsjwNLbzyCIaYmH89g==/com.impos2.mixcretailassemblyrn84-Ee4iVJNVH4McdKHKWJvjTA==/lib/arm64 flags = 0]]
04-21 12:54:29.355 I/SoLoader(30614): init finish: 4 SO sources prepared
04-21 12:54:29.355 W/SoLoader(30614): SoLoader initialized: 8
04-21 12:54:29.385 D/jni_lib_merge(30614): Entering merged library JNI_OnLoad.
04-21 12:54:29.385 D/jni_lib_merge(30614): Preparing 12 pre-merged libs (including stub)
04-21 12:54:29.385 D/jni_lib_merge(30614): Preparing to register libfabricjni_so.  onload_func: 0x775412ba50
04-21 12:54:29.385 D/jni_lib_merge(30614): Preparing to register libreact_devsupportjni_so.  onload_func: 0x77541ef36c
04-21 12:54:29.385 D/jni_lib_merge(30614): Preparing to register libreact_featureflagsjni_so.  onload_func: 0x7754209ba8
04-21 12:54:29.385 D/jni_lib_merge(30614): Preparing to register libreact_newarchdefaults_so.  onload_func: 0x7754247d74
04-21 12:54:29.385 D/jni_lib_merge(30614): Preparing to register libreactnativeblob_so.  onload_func: 0x77542e8a4c
04-21 12:54:29.385 D/jni_lib_merge(30614): Preparing to register libreactnativejni_so.  onload_func: 0x77542fd9e4
04-21 12:54:29.385 D/jni_lib_merge(30614): Preparing to register libreactnativejni_common_so.  onload_func: 0x7754300be0
04-21 12:54:29.385 D/jni_lib_merge(30614): Preparing to register librninstance_so.  onload_func: 0x775431d778
04-21 12:54:29.385 D/jni_lib_merge(30614): Preparing to register libturbomodulejsijni_so.  onload_func: 0x77543c70e0
04-21 12:54:29.385 D/jni_lib_merge(30614): Preparing to register libuimanagerjni_so.  onload_func: 0x77543cdb00
04-21 12:54:29.385 D/jni_lib_merge(30614): Preparing to register libyoga_so.  onload_func: 0x77543d50c4
04-21 12:54:29.385 D/jni_lib_merge(30614): About to register 11 actual methods.
04-21 12:54:29.398 D/jni_lib_merge(30614): Entering merged library JNI_OnLoad.
04-21 12:54:29.398 D/jni_lib_merge(30614): Preparing 12 pre-merged libs (including stub)
04-21 12:54:29.398 D/jni_lib_merge(30614): Preparing to register libfabricjni_so.  onload_func: 0x775412ba50
04-21 12:54:29.398 D/jni_lib_merge(30614): Preparing to register libreact_devsupportjni_so.  onload_func: 0x77541ef36c
04-21 12:54:29.398 D/jni_lib_merge(30614): Preparing to register libreact_featureflagsjni_so.  onload_func: 0x7754209ba8
04-21 12:54:29.398 D/jni_lib_merge(30614): Preparing to register libreact_newarchdefaults_so.  onload_func: 0x7754247d74
04-21 12:54:29.398 D/jni_lib_merge(30614): Preparing to register libreactnativeblob_so.  onload_func: 0x77542e8a4c
04-21 12:54:29.398 D/jni_lib_merge(30614): Preparing to register libreactnativejni_so.  onload_func: 0x77542fd9e4
04-21 12:54:29.398 D/jni_lib_merge(30614): Preparing to register libreactnativejni_common_so.  onload_func: 0x7754300be0
04-21 12:54:29.398 D/jni_lib_merge(30614): Preparing to register librninstance_so.  onload_func: 0x775431d778
04-21 12:54:29.398 D/jni_lib_merge(30614): Preparing to register libturbomodulejsijni_so.  onload_func: 0x77543c70e0
04-21 12:54:29.398 D/jni_lib_merge(30614): Preparing to register libuimanagerjni_so.  onload_func: 0x77543cdb00
04-21 12:54:29.398 D/jni_lib_merge(30614): Preparing to register libyoga_so.  onload_func: 0x77543d50c4
04-21 12:54:29.398 D/jni_lib_merge(30614): About to register 11 actual methods.
04-21 12:54:29.401 D/WmsExtImpl(  888): config_supportAutoRotation false
04-21 12:54:29.401 D/WmsExtImpl(  888): config_supportAutoRotation false
04-21 12:54:29.401 D/WmsExtImpl(  888): config_supportAutoRotation false
04-21 12:54:29.403 W/InputDispatcher(  888): Focused display #0 does not have a focused window.
04-21 12:54:29.404 V/WindowManager(  888): Unknown focus tokens, dropping reportFocusChanged
04-21 12:54:29.408 D/vulkan  (30614): searching for layers in '/data/app/~~TtAnbsjwNLbzyCIaYmH89g==/com.impos2.mixcretailassemblyrn84-Ee4iVJNVH4McdKHKWJvjTA==/lib/arm64'
04-21 12:54:29.408 D/vulkan  (30614): searching for layers in '/data/app/~~TtAnbsjwNLbzyCIaYmH89g==/com.impos2.mixcretailassemblyrn84-Ee4iVJNVH4McdKHKWJvjTA==/base.apk!/lib/arm64-v8a'
04-21 12:54:29.410 V/WindowManager(  888): Sent Transition #657 createdAt=04-21 12:54:29.159 via request=TransitionRequestInfo { type = 1, triggerTask = TaskInfo{userId=0 taskId=229 displayId=0 isRunning=true baseIntent=Intent { act=android.intent.action.MAIN cat=[android.intent.category.LAUNCHER] flg=0x10200000 cmp=com.impos2.mixcretailassemblyrn84/.MainActivity } baseActivity=ComponentInfo{com.impos2.mixcretailassemblyrn84/com.impos2.mixcretailassemblyrn84.MainActivity} topActivity=ComponentInfo{com.impos2.mixcretailassemblyrn84/com.impos2.mixcretailassemblyrn84.MainActivity} origActivity=null realActivity=ComponentInfo{com.impos2.mixcretailassemblyrn84/com.impos2.mixcretailassemblyrn84.MainActivity} numActivities=1 lastActiveTime=4819319358 supportsMultiWindow=true resizeMode=1 isResizeable=true minWidth=-1 minHeight=-1 defaultMinSize=220 token=WCT{RemoteToken{7fb79bd Task{c26a749 #229 type=standard A=10139:com.impos2.mixcretailassemblyrn84}}} topActivityType=1 pictureInPictureParams=null shouldDockBigOverlays=false launchIntoPipHostTaskId=-1 lastParentTaskIdBeforePip=-1 displayCutoutSafeInsets=null topActivityInfo=ActivityInfo{288af93 com.impos2.mixcretailassemblyrn84.MainActivity} launchCookies=[] positionInParent=Point(0, 0) parentTaskId=-1 isFocused=true isVisible=true isVisibleRequested=false isSleeping=false topActivityInSizeCompat=false topActivityEligibleForLetterboxEducation= false isLetterboxDoubleTapEnabled= false topActivityEligibleForUserAspectRatioButton= false topActivityBoundsLetterboxed= false isFromLetterboxDoubleTap= false topActivityLetterboxVerticalPosition= -1 topActivityLetterboxHorizontalPosition= -1 topActivityLetterboxWidth=-1 topActivityLetterboxHeight=-1 isUserFullscreenOverrideEnabled=false isTopActivityTransparent=false locusId=null displayAreaFeatureId=1 cameraCompatControlState=hidden}, remoteTransition = null, displayChange = null, flags = 0 }
04-21 12:54:29.410 V/WindowManager(  888):     startWCT=WindowContainerTransaction { changes = {} hops = [] errorCallbackToken=null taskFragmentOrganizer=null }
04-21 12:54:29.410 I/mali_so (30614): [File] : hardware/arm/mali/driver/product/base/src/mali_base_kbase.c; [Line] : 1407; [Func] : base_context_deal_with_version_affairs_rk_ext;
04-21 12:54:29.410 I/mali_so (30614): arm_release_ver of this mali_so is 'g25p0-00eac0', rk_so_ver is '2'.
04-21 12:54:29.410 V/WindowManager(  888):     info={id=657 t=OPEN f=0x0 trk=0 r=[0@Point(0, 0)] c=[{null m=OPEN f=FILLS_TASK|IS_BEHIND_STARTING_WINDOW leash=Surface(name=ActivityRecord{7c121e u0 com.impos2.mixcretailassemblyrn84/.MainActivity)/@0x642fbcd sb=Rect(0, 0 - 0, 0) eb=Rect(0, 0 - 1920, 1080) d=-1->0 r=-1->0:-1},{null m=CLOSE f=FILLS_TASK|IS_BEHIND_STARTING_WINDOW leash=Surface(name=ActivityRecord{580ebf7 u0 com.impos2.mixcretailassemblyrn84/.MainActivity)/@0x439eda sb=Rect(0, 0 - 1920, 1080) eb=Rect(0, 0 - 1920, 1080) d=0}]}
04-21 12:54:29.410 I/mali_so (30614): [File] : hardware/arm/mali/driver/product/base/src/mali_base_kbase.c; [Line] : 1423; [Func] : base_context_deal_with_version_affairs_rk_ext;
04-21 12:54:29.410 I/mali_so (30614): arm_release_vers are match. to set the full mali_ver 'g25p0-00eac0-2' as value of 'sys.gmali.version'.
04-21 12:54:29.410 W/libc    (30614): Unable to set property "sys.gmali.version" to "g25p0-00eac0-2": connection failed; errno=13 (Permission denied)
04-21 12:54:29.410 V/WindowManagerShell( 1104): onTransitionReady android.os.BinderProxy@39826fe: {id=657 t=OPEN f=0x0 trk=0 r=[0@Point(0, 0)] c=[{null m=OPEN f=FILLS_TASK|IS_BEHIND_STARTING_WINDOW leash=Surface(name=ActivityRecord{7c121e u0 com.impos2.mixcretailassemblyrn84/.MainActivity)/@0x1609944 sb=Rect(0, 0 - 0, 0) eb=Rect(0, 0 - 1920, 1080) d=-1->0 r=-1->0:-1},{null m=CLOSE f=FILLS_TASK|IS_BEHIND_STARTING_WINDOW leash=Surface(name=ActivityRecord{580ebf7 u0 com.impos2.mixcretailassemblyrn84/.MainActivity)/@0x36c2a2d sb=Rect(0, 0 - 1920, 1080) eb=Rect(0, 0 - 1920, 1080) d=0}]}
04-21 12:54:29.410 V/WindowManagerShell( 1104): Playing animation for (#657)android.os.BinderProxy@39826fe@0
04-21 12:54:29.410 V/WindowManagerShell( 1104):  try handler com.android.wm.shell.transition.DefaultMixedHandler@7b709ff
04-21 12:54:29.410 V/WindowManagerShell( 1104):  try handler com.android.wm.shell.keyguard.KeyguardTransitionHandler@83523cc
04-21 12:54:29.410 V/WindowManagerShell( 1104):  try handler com.android.wm.shell.pip.PipTransition@b509615
04-21 12:54:29.411 V/WindowManagerShell( 1104):  try handler com.android.wm.shell.activityembedding.ActivityEmbeddingController@8487d2a
04-21 12:54:29.411 V/WindowManagerShell( 1104):  try handler com.android.wm.shell.recents.RecentsTransitionHandler@57c471b
04-21 12:54:29.411 V/ShellRecents( 1104): RecentsTransitionHandler.startAnimation: no controller found
04-21 12:54:29.411 V/WindowManagerShell( 1104):  try handler com.android.wm.shell.splitscreen.StageCoordinator@d76b0b8
04-21 12:54:29.411 V/WindowManagerShell( 1104):  try handler com.android.wm.shell.transition.RemoteTransitionHandler@bb17e91
04-21 12:54:29.411 V/WindowManagerShell( 1104): Transition doesn't have explicit remote, search filters for match for {id=657 t=OPEN f=0x0 trk=0 r=[0@Point(0, 0)] c=[{null m=OPEN f=FILLS_TASK|IS_BEHIND_STARTING_WINDOW leash=Surface(name=ActivityRecord{7c121e u0 com.impos2.mixcretailassemblyrn84/.MainActivity)/@0x1609944 sb=Rect(0, 0 - 0, 0) eb=Rect(0, 0 - 1920, 1080) d=-1->0 r=-1->0:-1},{null m=CLOSE f=FILLS_TASK|IS_BEHIND_STARTING_WINDOW leash=Surface(name=ActivityRecord{580ebf7 u0 com.impos2.mixcretailassemblyrn84/.MainActivity)/@0x36c2a2d sb=Rect(0, 0 - 1920, 1080) eb=Rect(0, 0 - 1920, 1080) d=0}]}
04-21 12:54:29.411 V/WindowManagerShell( 1104):  Checking filter Pair{{types=[] flags=0x0] notFlags=0x100 checks=[{atype=home independent=true modes=[OPEN,TO_FRONT] flags=NONE mustBeTask=false order=TOP topActivity=ComponentInfo{com.android.launcher3/com.android.launcher3.uioverrides.QuickstepLauncher}},{atype=standard independent=true modes=[CLOSE,TO_BACK] flags=NONE mustBeTask=false order=ANY topActivity=null}]} RemoteTransition { remoteTransition = android.window.IRemoteTransition$Stub$Proxy@93729c5, appThread = android.app.IApplicationThread$Stub$Proxy@e94ff1a, debugName = QuickstepLaunchHome }}
04-21 12:54:29.411 V/WindowManagerShell( 1104):  Delegate animation for #657 to null
04-21 12:54:29.411 V/WindowManagerShell( 1104):  try handler com.android.wm.shell.transition.DefaultTransitionHandler@44941f6
04-21 12:54:29.411 V/WindowManagerShell( 1104): start default transition animation, info = {id=657 t=OPEN f=0x0 trk=0 r=[0@Point(0, 0)] c=[{null m=OPEN f=FILLS_TASK|IS_BEHIND_STARTING_WINDOW leash=Surface(name=ActivityRecord{7c121e u0 com.impos2.mixcretailassemblyrn84/.MainActivity)/@0x1609944 sb=Rect(0, 0 - 0, 0) eb=Rect(0, 0 - 1920, 1080) d=-1->0 r=-1->0:-1},{null m=CLOSE f=FILLS_TASK|IS_BEHIND_STARTING_WINDOW leash=Surface(name=ActivityRecord{580ebf7 u0 com.impos2.mixcretailassemblyrn84/.MainActivity)/@0x36c2a2d sb=Rect(0, 0 - 1920, 1080) eb=Rect(0, 0 - 1920, 1080) d=0}]}
04-21 12:54:29.412 V/WindowManagerShell( 1104): loadAnimation: anim=android.view.animation.AnimationSet@c8e3c29 animAttr=0x5 type=OPEN isEntrance=false
04-21 12:54:29.413 I/android.hardware.graphics.allocator-V1-service(  342): alloc_format: RGBA_8888 + Datatype: UNORM
04-21 12:54:29.414 I/android.hardware.graphics.allocator-V1-service(  342): mali_gralloc_adjust_dimensions: alloc_format=RGBA_8888 + Datatype: UNORM usage=CPU-RoWo + TEXTURE + RENDER + HWC alloc_width=1, alloc_height=1080
04-21 12:54:29.414 I/mali_so (30614): [File] : hardware/arm/mali/driver/product/base/src/mali_base_kbase.c; [Line] : 1407; [Func] : base_context_deal_with_version_affairs_rk_ext;
04-21 12:54:29.414 I/mali_so (30614): arm_release_ver of this mali_so is 'g25p0-00eac0', rk_so_ver is '2'.
04-21 12:54:29.414 I/mali_so (30614): [File] : hardware/arm/mali/driver/product/base/src/mali_base_kbase.c; [Line] : 1423; [Func] : base_context_deal_with_version_affairs_rk_ext;
04-21 12:54:29.414 I/mali_so (30614): arm_release_vers are match. to set the full mali_ver 'g25p0-00eac0-2' as value of 'sys.gmali.version'.
04-21 12:54:29.414 W/libc    (30614): Unable to set property "sys.gmali.version" to "g25p0-00eac0-2": connection failed; errno=13 (Permission denied)
04-21 12:54:29.414 D/android.hardware.graphics.allocator-V1-service(  342): got new private_handle_t instance for buffer 'screenshot'. share_fd : 10, share_attr_fd : 11, width : 1, height : 1080, req_format : 0x1, producer_usage : 0xb33, consumer_usage : 0xb33, , stride : 16, alloc_format_base: 1, alloc_format_modifiers: 0x00000000, size : 69120, layer_count : 1, backing_store_id: 0x156000060fd
04-21 12:54:29.414 D/android.hardware.graphics.allocator-V1-service(  342): plane_info[0]: offset : 0, byte_stride : 64, alloc_width : 1, alloc_height : 1080
04-21 12:54:29.414 D/android.hardware.graphics.allocator-V1-service(  342): plane_info[1]: offset : 0, byte_stride : 0, alloc_width : 0, alloc_height : 0
04-21 12:54:29.420 D/AppCompatDelegate(30614): Checking for metadata for AppLocalesMetadataHolderService : Service not found
04-21 12:54:29.420 I/android.hardware.graphics.allocator-V1-service(  342): alloc_format: RGBA_8888 + Datatype: UNORM
04-21 12:54:29.420 I/android.hardware.graphics.allocator-V1-service(  342): mali_gralloc_adjust_dimensions: alloc_format=RGBA_8888 + Datatype: UNORM usage=TEXTURE + RENDER + HWC alloc_width=144, alloc_height=1080
04-21 12:54:29.421 D/android.hardware.graphics.allocator-V1-service(  342): got new private_handle_t instance for buffer 'bbq-adapter#638(BLAST Consumer)638'. share_fd : 10, share_attr_fd : 11, width : 144, height : 1080, req_format : 0x1, producer_usage : 0xb00, consumer_usage : 0xb00, , stride : 0, alloc_format_base: 1, alloc_format_modifiers: 0x00000000, size : 622080, layer_count : 1, backing_store_id: 0x156000060fe
04-21 12:54:29.421 D/android.hardware.graphics.allocator-V1-service(  342): plane_info[0]: offset : 0, byte_stride : 576, alloc_width : 144, alloc_height : 1080
04-21 12:54:29.421 D/android.hardware.graphics.allocator-V1-service(  342): plane_info[1]: offset : 0, byte_stride : 0, alloc_width : 0, alloc_height : 0
04-21 12:54:29.427 V/WindowManagerShell( 1104): loadAnimation: anim=android.view.animation.AnimationSet@54374ba animAttr=0x4 type=OPEN isEntrance=true
04-21 12:54:29.431 I/android.hardware.graphics.allocator-V1-service(  342): alloc_format: RGBA_8888 + Datatype: UNORM
04-21 12:54:29.431 I/android.hardware.graphics.allocator-V1-service(  342): mali_gralloc_adjust_dimensions: alloc_format=RGBA_8888 + Datatype: UNORM usage=CPU-RoWo + TEXTURE + RENDER + HWC alloc_width=1, alloc_height=1080
04-21 12:54:29.431 D/android.hardware.graphics.allocator-V1-service(  342): got new private_handle_t instance for buffer 'screenshot'. share_fd : 10, share_attr_fd : 11, width : 1, height : 1080, req_format : 0x1, producer_usage : 0xb33, consumer_usage : 0xb33, , stride : 16, alloc_format_base: 1, alloc_format_modifiers: 0x00000000, size : 69120, layer_count : 1, backing_store_id: 0x156000060ff
04-21 12:54:29.431 D/android.hardware.graphics.allocator-V1-service(  342): plane_info[0]: offset : 0, byte_stride : 64, alloc_width : 1, alloc_height : 1080
04-21 12:54:29.431 D/android.hardware.graphics.allocator-V1-service(  342): plane_info[1]: offset : 0, byte_stride : 0, alloc_width : 0, alloc_height : 0
04-21 12:54:29.436 I/StartupAudit(30614): activity_created activity=MainActivity displayIndex=0 pid=30614 time=2026-04-21 12:54:29.435
04-21 12:54:29.437 I/android.hardware.graphics.allocator-V1-service(  342): alloc_format: RGBA_8888 + Datatype: UNORM
04-21 12:54:29.437 I/android.hardware.graphics.allocator-V1-service(  342): mali_gralloc_adjust_dimensions: alloc_format=RGBA_8888 + Datatype: UNORM usage=TEXTURE + RENDER + HWC alloc_width=144, alloc_height=1080
04-21 12:54:29.437 D/android.hardware.graphics.allocator-V1-service(  342): got new private_handle_t instance for buffer 'bbq-adapter#639(BLAST Consumer)639'. share_fd : 10, share_attr_fd : 11, width : 144, height : 1080, req_format : 0x1, producer_usage : 0xb00, consumer_usage : 0xb00, , stride : 0, alloc_format_base: 1, alloc_format_modifiers: 0x00000000, size : 622080, layer_count : 1, backing_store_id: 0x15600006100
04-21 12:54:29.437 D/android.hardware.graphics.allocator-V1-service(  342): plane_info[0]: offset : 0, byte_stride : 576, alloc_width : 144, alloc_height : 1080
04-21 12:54:29.437 D/android.hardware.graphics.allocator-V1-service(  342): plane_info[1]: offset : 0, byte_stride : 0, alloc_width : 0, alloc_height : 0
04-21 12:54:29.441 V/WindowManagerShell( 1104):  animated by com.android.wm.shell.transition.DefaultTransitionHandler@44941f6
04-21 12:54:29.444 D/FileUtils(  888): Rounded bytes from 4073672704 to 8000000000
04-21 12:54:29.463 D/jni_lib_merge(30614): Entering merged library JNI_OnLoad.
04-21 12:54:29.463 D/jni_lib_merge(30614): Preparing 4 pre-merged libs (including stub)
04-21 12:54:29.463 D/jni_lib_merge(30614): Preparing to register libhermes_executor_so.  onload_func: 0x77571df728
04-21 12:54:29.463 D/jni_lib_merge(30614): Preparing to register libhermesinstancejni_so.  onload_func: 0x77571e6d44
04-21 12:54:29.463 D/jni_lib_merge(30614): Preparing to register libjsijniprofiler_so.  onload_func: 0x77571e7530
04-21 12:54:29.463 D/jni_lib_merge(30614): About to register 3 actual methods.
04-21 12:54:29.474 I/HotUpdateBundleResolver(30614): bundle_resolved source=primary-boot bundleFile=/data/user/0/com.impos2.mixcretailassemblyrn84/files/hot-updates/packages/pkg_g68snyt84bbd/index.android.bundle bundleVersion=1.0.0+ota.13 packageId=pkg_g68snyt84bbd bootAttempt=1 pid=30614
04-21 12:54:29.474 I/MainApplication(30614): getJSBundleFile process=com.impos2.mixcretailassemblyrn84 isPrimaryProcess=true resolvedBundle=/data/user/0/com.impos2.mixcretailassemblyrn84/files/hot-updates/packages/pkg_g68snyt84bbd/index.android.bundle fallbackBundle=null selectedBundle=/data/user/0/com.impos2.mixcretailassemblyrn84/files/hot-updates/packages/pkg_g68snyt84bbd/index.android.bundle
04-21 12:54:29.485 W/unknown:BridgelessReact(30614): ReactHost{0}.startSurface(surfaceId = 0): Schedule
04-21 12:54:29.485 W/unknown:BridgelessReact(30614): ReactHost{0}.attachSurface(surfaceId = 0)
04-21 12:54:29.486 W/unknown:BridgelessReact(30614): ReactHost{0}.getOrCreateReactInstanceTask()
04-21 12:54:29.486 W/unknown:BridgelessReact(30614): ReactHost{0}.getOrCreateReactInstanceTask(): Start
04-21 12:54:29.486 W/unknown:BridgelessReact(30614): ReactHost{0}.getJSBundleLoader()
04-21 12:54:29.487 W/unknown:BridgelessReact(30614): ReactHost{0}.getOrCreateReactInstanceTask(): Creating BridgelessReactContext
04-21 12:54:29.487 W/unknown:BridgelessReact(30614): ReactHost{0}.getOrCreateReactInstanceTask(): Creating ReactInstance
04-21 12:54:29.497 D/SunmiCustomerManagerService(  888): onTransact
04-21 12:54:29.498 V/AtmsExtImpl_KioskMode(  888): Kiosk Mode isKioskApp: false
04-21 12:54:29.498 W/unknown:BridgelessReact(30614): ReactHost{0}.onHostResume(activity)
04-21 12:54:29.498 W/unknown:BridgelessReact(30614): ReactHost{0}.ReactContext.onHostResume()
04-21 12:54:29.501 D/CompatibilityChangeReporter(30614): Compat change id reported: 237531167; UID 10139; state: DISABLED
04-21 12:54:29.502 W/OpenGLRenderer(30614): Unknown dataspace 0
04-21 12:54:29.507 D/ScenePolicyTrigger(  888): activityResumed PassThronght com.impos2.mixcretailassemblyrn84
04-21 12:54:29.508 I/android_os_HwBinder(  888): HwBinder: Starting thread pool for getting: com.sunmi.hyper_engine@1.0::IHyperEngine/default
04-21 12:54:29.509 I/HyperEngine(  684): notifyHyperFactor {"para1":"10","para2":"10","appInfo":{"packageName":"com.impos2.mixcretailassemblyrn84","pid":30614}}
04-21 12:54:29.509 I/HyperEngine(  684): last packageName: com.impos2.mixcretailassemblyrn84
04-21 12:54:29.509 I/HyperEngine(  684): onHyperFactorChanged XmlLoader::mCurrentConfigDir = /vendor/etc/hyperengine/rk3576/
04-21 12:54:29.509 I/HyperEngine(  684): onHyperFactorChanged scenario type Normal: apply policy 0x00
04-21 12:54:29.509 I/HyperEngine(  684): applyPolicy CpusetConfig, id: 0x00
04-21 12:54:29.509 I/HyperEngine(  684): applyPolicy DeviceFreqConfig, id: 0x00
04-21 12:54:29.509 I/HyperEngine(  684): applyPolicy IOConfig, id: 0x00
04-21 12:54:29.509 I/HyperEngine(  684): applyPolicy SchedConfig, id: 0x00
04-21 12:54:29.511 I/HyperEngine(  684): requestAction : {"eventType":"WindowsAnimation","eventInfo":{"packageName":"com.impos2.mixcretailassemblyrn84"}}
04-21 12:54:29.511 D/ScenePolicyTrigger(  888): requestAction: {"eventType":"WindowsAnimation","eventInfo":{"packageName":"com.impos2.mixcretailassemblyrn84"}}
04-21 12:54:29.512 I/android_os_HwBinder(  888): HwBinder: Starting thread pool for getting: com.sunmi.hyper_engine@1.0::IHyperEngine/default
04-21 12:54:29.512 I/HyperEngine(  684): requestAction : {"eventType":"SqliteMode","eventInfo":{"packageName":"com.impos2.mixcretailassemblyrn84"}}
04-21 12:54:29.512 I/ScenePolicyTrigger(  888): isSqliteMode return:{"method":"SqliteMode","return_code":false,"return_msg":"ok"}
04-21 12:54:29.513 E/WifiStaIfaceAidlImpl(  888): getLinkLayerStats failed with service-specific exception: android.os.ServiceSpecificException: unknown error (code 9)
04-21 12:54:29.519 D/CompatibilityChangeReporter(30614): Compat change id reported: 210923482; UID 10139; state: ENABLED
04-21 12:54:29.532 I/android.hardware.graphics.allocator-V1-service(  342): alloc_format: RGBA_8888 + Datatype: UNORM
04-21 12:54:29.532 I/android.hardware.graphics.allocator-V1-service(  342): mali_gralloc_adjust_dimensions: alloc_format=RGBA_8888 + Datatype: UNORM usage=RENDER + FRAMEBUFFER + HWC + Unknown usage: 0x20000000 alloc_width=1920, alloc_height=1080
