04-21 12:54:33.368 I/KeyboardContextProvider( 1750): KeyboardContextProvider$KeyboardContextCache.createKeyboardContext():173 createKeyboardContext(): zh-CN, jey@f45c4a1(com.android.inputmethod.latin.LatinIME@d639ab5), {1.0 ?mcc0mnc [zh_CN] ldltr sw720dp w1280dp h720dp 240dpi xlrg long land finger qwerty/v/v -nav/h winConfig={ mBounds=Rect(0, 0 - 1920, 1080) mAppBounds=Rect(0, 0 - 1920, 1080) mMaxBounds=Rect(0, 0 - 1920, 1080) mDisplayRotation=ROTATION_0 mWindowingMode=fullscreen mDisplayWindowingMode=fullscreen mActivityType=undefined mAlwaysOnTop=undefined mRotation=ROTATION_0} s.911 fontWeightAdjustment=0}
04-21 12:54:33.369 W/GoogleApiManager( 1750): The service for hgg is not available: hgq{statusCode=SERVICE_DISABLED, resolution=null, message=null}
04-21 12:54:33.371 W/GoogleApiManager( 1750): The service for hgg is not available: hgq{statusCode=SERVICE_DISABLED, resolution=null, message=null}
04-21 12:54:33.372 I/KeyboardHeightUtil( 1750): KeyboardHeightUtil.calculateMaxKeyboardBodyHeight():45 leave 161 height for app when ime window height:1044, header height:81 and isFullscreenMode:false, so the max keyboard body height is:802
04-21 12:54:33.372 I/KeyboardHeightUtil( 1750): KeyboardHeightUtil.calculateMaxKeyboardBodyHeight():45 leave 161 height for app when ime window height:1044, header height:81 and isFullscreenMode:false, so the max keyboard body height is:802
04-21 12:54:33.372 I/NormalModeController( 1750): NormalModeController.getKeyboardBodyViewHolderPaddingBottom():104 currentPrimeKeyboardType:SOFT systemPaddingBottom:-1
04-21 12:54:33.372 I/GoogleInputMethodService( 1750): GoogleInputMethodService.onCurrentInputMethodEntryChanged():3666 onCurrentInputMethodEntryChanged(): imeDefsChanged=false, initializedEntryChanged=true, keyboardContextChanged=true
04-21 12:54:33.373 I/GoogleInputMethodService( 1750): GoogleInputMethodService.clearInputMethodServiceData():1603 clearInputMethodServiceData for entryChange
04-21 12:54:33.373 I/KeyboardHeightUtil( 1750): KeyboardHeightUtil.calculateMaxKeyboardBodyHeight():45 leave 161 height for app when ime window height:1044, header height:81 and isFullscreenMode:false, so the max keyboard body height is:802
04-21 12:54:33.373 I/KeyboardHeightUtil( 1750): KeyboardHeightUtil.calculateMaxKeyboardBodyHeight():45 leave 161 height for app when ime window height:1044, header height:81 and isFullscreenMode:false, so the max keyboard body height is:802
04-21 12:54:33.373 I/KeyboardModeManager( 1750): KeyboardModeManager.onCurrentInputMethodEntryChanged():1112 Reload data for context change
04-21 12:54:33.373 W/GoogleApiManager( 1750): The service for hgg is not available: hgq{statusCode=SERVICE_DISABLED, resolution=null, message=null}
04-21 12:54:33.373 I/GoogleInputMethodService( 1750): GoogleInputMethodService.initializeInputMethodServiceData():1361 initializeInputMethodServiceData for kbr{languageTag=zh-CN, variant=qwerty, hasLocalizedResources=true, conditionCacheKey=_app_first_start_timestamp=1766456477730_cache_additional_ime_defs_for_condition_change=false_cache_ime_defs_for_condition_change=false_device=tablet_device_size=default_enable_chinese_9key_foldable_split=false_enable_chinese_inline_composing_shape_based=false_enable_chinese_inline_composing_zh_cn=false_enable_flick_symbols=false_enable_more_candidates_view_for_multilingual=false_enable_number_row=false_enable_preemptive_decode=true_enable_secondary_digits=true_enable_secondary_symbols=false_enable_show_foldable_layout_on_small_tablet=false_enable_transliteration_tablet_floating_ui_v2=false_enable_voice_in_chinese=false_expressions=normal_four_or_more_letter_rows=false_keyboard_mode=normal_language=zh-CN_orientation=landscape_physical_keyboard=qwerty_pref_enable_chinese_inline_composing_cn=false_rtl_layout=false_show_secondary_digits=true_show_suggestions=true_split_keyboard_handedness_zh=right_split_with_duplicate_keys=true_variant=qwerty, imeDef.stringId=ime_zh_cn, imeDef.className=com.google.android.apps.inputmethod.libs.chinese.ime.AsyncChineseProcessorBasedIme, imeDef.languageTag=zh-CN}
04-21 12:54:33.373 E/GoogleInputMethodService( 1750): GoogleInputMethodService.getAppEditorInfo():2853 App EditorInfo should never be null.
04-21 12:54:33.375 I/StyledKeyboardThemeBuilder( 1750): StyledKeyboardThemeBuilder.build():147 Pref: [], themeName: [silk:], darkMode: [false], cacheKey: [overlay_builtin_dynamic_color_light_base.binarypb:dynamic-gm3-light-fffdfcff-ff3a608f-319763b53e9f733d8531a842cf65c071]
04-21 12:54:33.377 I/KeyboardThemeProvider( 1750): KeyboardThemeProvider.applyKeyboardTheme():27 Apply keyboard theme: theme_border_keyboard_mode_screen_size_5_5_keyboard_mode_screen_width_large_stylesheet_noshadow_gsans_pillkey_silkpopup_light_tablet_keyboard_width_tablet_extra_large_navredesign_600_overlay_builtin_dynamic_color_light_base.binarypb:dynamic-gm3-light-fffdfcff-ff3a608f-319763b53e9f733d8531a842cf65c071_land
04-21 12:54:33.381 I/AndroidIME( 1750): InputBundleManager.loadActiveInputBundleId():450 loadActiveInputBundleId: und-Latn-x-password, password_floating_hard_qwerty
04-21 12:54:33.382 I/SystemSubtypesReportModule( 1750): SystemSubtypesReportModule$4.onSetCurrentInputMethodSubtype():160 zh_CN
04-21 12:54:33.382 I/DeviceModeMonitor( 1750): DeviceModeMonitor.calculateDeviceMode():79 Get device mode tablet by screen size and smallestScreenWidthDp: 720
04-21 12:54:33.383 I/HardKeyTracker( 1750): HardKeyTracker.registerKeySequence():139 Register key sequence lmm{labelResId=2132019861, callback=bzi@5f9ba98, lastModifier=2, keyCodes=[47], actions=[0]}
04-21 12:54:33.383 I/HardKeyTracker( 1750): HardKeyTracker.registerKeySequence():139 Register key sequence lmm{labelResId=0, callback=jvl@1d4b557, lastModifier=0, keyCodes=[204], actions=[0]}
04-21 12:54:33.384 I/NetworkInfoNotification( 1750): NetworkInfoNotification$Listener.onReceive():107 onNetworkAvailable: networkState = NON_METERED, isAirplaneModeOn = false
04-21 12:54:33.384 I/OnDevicePackDownloadModule( 1750): OnDevicePackDownloadModule.onCreate():60 onCreate()
04-21 12:54:33.386 I/NewS3RecognizerModule( 1750): NewS3RecognizerModule.onCreate():14 onCreate [news3]
04-21 12:54:33.386 I/JapaneseMozcExtension( 1750): JapaneseMozcExtension.onCreate():44 
04-21 12:54:33.386 I/EmojifyExtensionImpl( 1750): EmojifyExtensionImpl.onCreate():597 Creating Emojify extension egx@653da4b.
04-21 12:54:33.387 I/AbstractOpenableExtension( 1750): AbstractOpenableExtension.createKeyboardGroupManagerListenableFuture():120 Create keyboard group manager listenable future in fxd
04-21 12:54:33.387 I/InputActionMetricsProcessor( 1750): InputActionMetricsProcessor.onAttached():91 Attached to metrics manager.
04-21 12:54:33.387 W/MetricsManager( 1750): MetricsManager.addProcessorImpl():581 Processor fgc@aeb16ff already exists.
04-21 12:54:33.387 I/KeyboardGroupDefParser( 1750): KeyboardGroupDefParser.parseKeyboardGroupDef():83 parseKeyboardGroupDef() 2132214040 -> 0_resource_name_obfuscated : WaitTime = 0 ms : RunTime = 0 ms
04-21 12:54:33.388 I/SP      ( 1750): Registering emoticon_content_description.2022081613, url: https://www.gstatic.com/android/keyboard/emoticon_content_desc/202208161305/superpacks_manifest.json, constraints: W:*:*:*, flags: bg, requested: 2022081613, current: 2022081613
04-21 12:54:33.388 I/AbstractOpenableExtension( 1750): AbstractOpenableExtension$3.onSuccess():549 KeyboardGroupManager destroyed in fxd.
04-21 12:54:33.388 I/NetworkInfoNotification( 1750): NetworkInfoNotification$Listener.onReceive():107 onNetworkAvailable: networkState = NON_METERED, isAirplaneModeOn = false
04-21 12:54:33.388 I/AbstractOpenableExtension( 1750): AbstractOpenableExtension$3.onSuccess():549 KeyboardGroupManager destroyed in fvb.
04-21 12:54:33.389 I/SP      ( 1750): Registering emoticon_content_description.2022081613, url: https://www.gstatic.com/android/keyboard/emoticon_content_desc/202208161305/superpacks_manifest.json, constraints: W:*:*:*, flags: bg, requested: 2022081613, current: 2022081613
04-21 12:54:33.390 I/NetworkInfoNotification( 1750): NetworkInfoNotification$Listener.onReceive():107 onNetworkAvailable: networkState = NON_METERED, isAirplaneModeOn = false
04-21 12:54:33.390 I/Environment( 1750): Environment.isPackageInstalled():234 com.bitstrips.imoji is not installed
04-21 12:54:33.390 I/NetworkInfoNotification( 1750): NetworkInfoNotification$Listener.onReceive():107 onNetworkAvailable: networkState = NON_METERED, isAirplaneModeOn = false
04-21 12:54:33.390 W/AndroidCreativeStickerFetcherFactory( 1750): AndroidCreativeStickerFetcherFactory.createFetcher():19 Empty host or api key
04-21 12:54:33.390 W/GoogleApiManager( 1750): The service for hgg is not available: hgq{statusCode=SERVICE_DISABLED, resolution=null, message=null}
04-21 12:54:33.391 I/AccessPointsListHolderController( 1750): AccessPointsListHolderController.removeAccessPoint():345 The access point textediting is not added
04-21 12:54:33.391 I/AccessPointsListHolderController( 1750): AccessPointsListHolderController.removeAccessPoint():345 The access point theme_setting is not added
04-21 12:54:33.392 I/NetworkInfoNotification( 1750): NetworkInfoNotification$Listener.onReceive():107 onNetworkAvailable: networkState = NON_METERED, isAirplaneModeOn = false
04-21 12:54:33.392 I/AccessPointsListHolderController( 1750): AccessPointsListHolderController.removeAccessPoint():345 The access point settings is not added
04-21 12:54:33.393 I/ClipboardDataHandler( 1750): ClipboardDataHandler.updateScreenshotsContentObserver():283 Disable the feature of handling screenshots in the clipboard.
04-21 12:54:33.393 I/SP      ( 1750): Syncing emoticon_content_description (2022081613) with slices: [7a635888cb828dfa2fc744b7b9b50f04, 3c27e76d2c13b8d849a3711831ff8dbd], metadata: false
04-21 12:54:33.393 I/assembly.android.mixc-retail-rn84.boot(30017): {"stage":"runtime.start:done","displayIndex":1,"displayCount":2,"topologyRole":"slave","topologyWsUrl":"ws://127.0.0.1:8888/mockMasterServer/ws"}
04-21 12:54:33.394 I/assembly.assembly.android.mixc-retail-rn84(30017): [assembly.topology] Native topology host already matches desired lifecycle state {"displayCount":2,"displayIndex":1,"deviceId":"2N4QS8GYRS","instanceMode":"SLAVE","enableSlave":false,"running":false,"reason":"not-master-or-single-primary-host"}
04-21 12:54:33.395 I/KeyboardGroupDefParser( 1750): KeyboardGroupDefParser.parseKeyboardGroupDef():83 parseKeyboardGroupDef() 2132214025 -> 0_resource_name_obfuscated : WaitTime = 0 ms : RunTime = 0 ms
04-21 12:54:33.396 I/AbstractOpenableExtension( 1750): AbstractOpenableExtension.createKeyboardGroupManagerListenableFuture():120 Create keyboard group manager listenable future in fvb
04-21 12:54:33.397 I/AccessPointsListHolderController( 1750): AccessPointsListHolderController.removeAccessPoint():345 The access point one_handed is not added
04-21 12:54:33.397 I/AccessPointsListHolderController( 1750): AccessPointsListHolderController.removeAccessPoint():345 The access point split is not added
04-21 12:54:33.397 I/KeyboardGroupDefParser( 1750): KeyboardGroupDefParser.parseKeyboardGroupDef():83 parseKeyboardGroupDef() 2132214033 -> 0_resource_name_obfuscated : WaitTime = 0 ms : RunTime = 1 ms
04-21 12:54:33.397 I/GoogleInputMethodService( 1750): GoogleInputMethodService$GoogleInputMethodImpl.attachToken():4229 
04-21 12:54:33.397 I/assembly.assembly.android.mixc-retail-rn84(30017): [assembly.topology] Native topology host already matches desired lifecycle state {"displayCount":2,"displayIndex":1,"deviceId":"2N4QS8GYRS","instanceMode":"SLAVE","enableSlave":false,"running":false,"reason":"not-master-or-single-primary-host"}
04-21 12:54:33.398 I/KeyboardGroupDefParser( 1750): KeyboardGroupDefParser.parseKeyboardGroupDef():83 parseKeyboardGroupDef() 2132214034 -> 0_resource_name_obfuscated : WaitTime = 1 ms : RunTime = 1 ms
04-21 12:54:33.398 I/assembly.assembly.android.mixc-retail-rn84(30017): [assembly.topology] Native topology host already matches desired lifecycle state {"displayCount":2,"displayIndex":1,"deviceId":"2N4QS8GYRS","instanceMode":"SLAVE","enableSlave":false,"running":false,"reason":"not-master-or-single-primary-host"}
04-21 12:54:33.399 I/assembly.assembly.android.mixc-retail-rn84(30017): [assembly.topology] Native topology host already matches desired lifecycle state {"displayCount":2,"displayIndex":1,"deviceId":"2N4QS8GYRS","instanceMode":"SLAVE","enableSlave":false,"running":false,"reason":"not-master-or-single-primary-host"}
04-21 12:54:33.400 I/assembly.android.mixc-retail-rn84.boot(30017): {"stage":"automation.host:start","displayIndex":1,"displayCount":2,"topologyRole":"slave","topologyWsUrl":"ws://127.0.0.1:8888/mockMasterServer/ws","target":"secondary","host":"127.0.0.1","port":18585}
04-21 12:54:33.403 I/assembly.assembly.android.mixc-retail-rn84(30614): [assembly.topology] Native topology host already matches desired lifecycle state {"displayCount":2,"displayIndex":0,"deviceId":"2N4QS8GYRS","instanceMode":"MASTER","enableSlave":true,"running":false,"reason":"not-master-or-single-primary-host"}
04-21 12:54:33.404 I/assembly.assembly.android.mixc-retail-rn84(30614): [assembly.topology] Native topology host already matches desired lifecycle state {"displayCount":2,"displayIndex":0,"deviceId":"2N4QS8GYRS","instanceMode":"MASTER","enableSlave":true,"running":false,"reason":"not-master-or-single-primary-host"}
04-21 12:54:33.404 I/assembly.assembly.android.mixc-retail-rn84(30614): [assembly.topology] Native topology host already matches desired lifecycle state {"displayCount":2,"displayIndex":0,"deviceId":"2N4QS8GYRS","instanceMode":"MASTER","enableSlave":true,"running":false,"reason":"not-master-or-single-primary-host"}
04-21 12:54:33.404 I/ReactNativeJS(30614): '[runtime-state-sync-apply]', '{"direction":"slave-to-master","incomingSliceNames":["kernel.base.topology-runtime-v3.demo.slave","kernel.base.ui-runtime-v2.screen.branch","kernel.base.ui-runtime-v2.overlay.branch","kernel.base.ui-runtime-v2.ui-variable.branch"],"appliedSliceNames":["kernel.base.topology-runtime-v3.demo.slave","kernel.base.ui-runtime-v2.screen.branch","kernel.base.ui-runtime-v2.overlay.branch","kernel.base.ui-runtime-v2.ui-variable.branch"],"skippedSliceReasons":[]}'
04-21 12:54:33.406 I/SystemSubtypesReportModule( 1750): SystemSubtypesReportModule$3.onCurrentInputMethodEntryChanged():136 entry: zh-CN, source: UNSPECIFIED
04-21 12:54:33.406 I/SystemSubtypesReportModule( 1750): SystemSubtypesReportModule.switchToSubtypeByEntry():205 zh-CN
04-21 12:54:33.407 I/assembly.assembly.android.mixc-retail-rn84(30614): [assembly.topology] Native topology host already matches desired lifecycle state {"displayCount":2,"displayIndex":0,"deviceId":"2N4QS8GYRS","instanceMode":"MASTER","enableSlave":true,"running":false,"reason":"not-master-or-single-primary-host"}
04-21 12:54:33.408 I/assembly.assembly.android.mixc-retail-rn84(30614): [assembly.topology] Native topology host already matches desired lifecycle state {"displayCount":2,"displayIndex":0,"deviceId":"2N4QS8GYRS","instanceMode":"MASTER","enableSlave":true,"running":false,"reason":"not-master-or-single-primary-host"}
04-21 12:54:33.411 I/ReactNativeJS(30017): '[runtime-state-sync-apply]', '{"direction":"master-to-slave","incomingSliceNames":["kernel.base.topology-runtime-v3.demo.master","kernel.base.tcp-control-runtime-v2.identity","kernel.base.tcp-control-runtime-v2.credential","kernel.base.tcp-control-runtime-v2.binding","kernel.base.tcp-control-runtime-v2.sandbox","kernel.base.tdp-sync-runtime-v2.hot-update","kernel.base.ui-runtime-v2.screen.main","kernel.base.ui-runtime-v2.overlay.main","kernel.base.ui-runtime-v2.ui-variable.main"],"appliedSliceNames":["kernel.base.topology-runtime-v3.demo.master","kernel.base.tcp-control-runtime-v2.identity","kernel.base.tcp-control-runtime-v2.credential","kernel.base.tcp-control-runtime-v2.binding","kernel.base.tcp-control-runtime-v2.sandbox","kernel.base.tdp-sync-runtime-v2.hot-update","kernel.base.ui-runtime-v2.screen.main","kernel.base.ui-runtime-v2.overlay.main","kernel.base.ui-runtime-v2.ui-variable.main"],"skippedSliceReasons":[]}'
04-21 12:54:33.416 I/SP      ( 1750): Syncing emoticon_content_description (2022081613) with slices: [7a635888cb828dfa2fc744b7b9b50f04, 3c27e76d2c13b8d849a3711831ff8dbd], metadata: false
04-21 12:54:33.416 I/AppBase ( 1750): AppBase.onConfigurationChanged():446 onConfigurationChanged() : NewConfig = {1.0 ?mcc0mnc [zh_CN_#Hans] ldltr sw720dp w1280dp h720dp 240dpi xlrg long land finger qwerty/v/v -nav/h winConfig={ mBounds=Rect(0, 0 - 1920, 1080) mAppBounds=Rect(0, 0 - 1920, 1080) mMaxBounds=Rect(0, 0 - 1920, 1080) mDisplayRotation=ROTATION_0 mWindowingMode=fullscreen mDisplayWindowingMode=fullscreen mActivityType=undefined mAlwaysOnTop=undefined mRotation=ROTATION_0} s.1062 fontWeightAdjustment=0}
04-21 12:54:33.416 I/assembly.assembly.android.mixc-retail-rn84(30017): [assembly.topology] Native topology host already matches desired lifecycle state {"displayCount":2,"displayIndex":1,"deviceId":"2N4QS8GYRS","instanceMode":"SLAVE","enableSlave":false,"running":false,"reason":"not-master-or-single-primary-host"}
04-21 12:54:33.417 I/assembly.assembly.android.mixc-retail-rn84(30017): [assembly.topology] Native topology host already matches desired lifecycle state {"displayCount":2,"displayIndex":1,"deviceId":"2N4QS8GYRS","instanceMode":"SLAVE","enableSlave":false,"running":false,"reason":"not-master-or-single-primary-host"}
04-21 12:54:33.417 I/GoogleInputMethodService( 1750): GoogleInputMethodService.onStartInput():1982 onStartInput(EditorInfo{EditorInfo{packageName=com.impos2.mixcretailassemblyrn84, inputType=0, inputTypeString=NULL, enableLearning=false, autoCorrection=false, autoComplete=false, imeOptions=0, privateImeOptions=null, actionName=UNSPECIFIED, actionLabel=null, initialSelStart=-1, initialSelEnd=-1, initialCapsMode=0, label=null, fieldId=0, fieldName=null, extras=null, hintText=null, hintLocales=[]}}, false)
04-21 12:54:33.419 I/assembly.android.mixc-retail-rn84.boot(30017): {"stage":"app-load-complete:start","displayIndex":1}
04-21 12:54:33.421 D/TrafficStats(30017): tagSocket(133) with statsTag=0xffffffff, statsUid=-1
04-21 12:54:33.426 I/GoogleInputMethodService( 1750): GoogleInputMethodService.updateDeviceLockedStatus():2246 repeatCheckTimes = 1, locked = false
04-21 12:54:33.426 I/AndroidIME( 1750): InputBundleManager.loadActiveInputBundleId():450 loadActiveInputBundleId: und-Latn-x-password, password_floating_hard_qwerty
04-21 12:54:33.426 W/EmojiCompatManager( 1750): EmojiCompatManager.getEmojiCompatIfLoaded():335 EmojiCompat failed to load.
04-21 12:54:33.426 I/HardKeyTracker( 1750): HardKeyTracker.registerKeySequence():139 Register key sequence lmm{labelResId=2132019852, callback=fpg@c392bf4, lastModifier=0, keyCodes=[57, 57], actions=[1, 0]}
04-21 12:54:33.426 I/HardKeyTracker( 1750): HardKeyTracker.registerKeySequence():139 Register key sequence lmm{labelResId=0, callback=fpg@ddb6b63, lastModifier=0, keyCodes=[58, 58], actions=[1, 0]}
04-21 12:54:33.427 W/PackageConfigPersister(  888): App-specific configuration not found for packageName: com.impos2.mixcretailassemblyrn84 and userId: 0
04-21 12:54:33.427 I/SP      ( 1750): GC for 'emoticon_content_description' (10) with ttl of 0 ms took 0 ms (0/0/0)
04-21 12:54:33.428 I/AbstractSyncResultCallback( 1750): AbstractSyncResultCallback.onFailure():38 onFailure(): emoticon_content_description.sync cancelled; expected if new request supersedes pending one.
04-21 12:54:33.437 W/WindowOnBackDispatcher( 1104): sendCancelIfRunning: isInProgress=falsecallback=android.view.ViewRootImpl$$ExternalSyntheticLambda17@a4568d3
04-21 12:54:33.437 I/assembly.assembly.android.mixc-retail-rn84(30017): [assembly.topology] Native topology host already matches desired lifecycle state {"displayCount":2,"displayIndex":1,"deviceId":"2N4QS8GYRS","instanceMode":"SLAVE","enableSlave":false,"running":false,"reason":"not-master-or-single-primary-host"}
04-21 12:54:33.439 V/WindowManager(  888): getPackagePerformanceMode -- ComponentInfo{com.impos2.mixcretailassemblyrn84/com.impos2.mixcretailassemblyrn84.MainActivity} -- com.impos2.mixcretailassemblyrn84 -- mode=0
04-21 12:54:33.439 I/assembly.android.mixc-retail-rn84.boot(30017): {"stage":"app-load-complete:done","displayIndex":1}
04-21 12:54:33.440 W/InputManager-JNI(  888): Input channel object '9421dec Splash Screen com.impos2.mixcretailassemblyrn84 (client)' was disposed without first being removed with the input manager!
04-21 12:54:33.442 D/CoreBackPreview(  888): Window{9421dec u0 Splash Screen com.impos2.mixcretailassemblyrn84 EXITING}: Setting back callback null
04-21 12:54:33.442 V/WindowManager(  888): getPackagePerformanceMode -- ComponentInfo{com.impos2.mixcretailassemblyrn84/com.impos2.mixcretailassemblyrn84.MainActivity} -- com.impos2.mixcretailassemblyrn84 -- mode=0
04-21 12:54:33.443 I/MMKV    (30614): <MMKV_IO.cpp:609::writeActualSize> [mixc-retail-assembly-rn84::state] increase sequence to 216, crc 225886370, actualSize 27889
04-21 12:54:33.443 I/MMKV    (30614): <MMKV.cpp:1208::sync> MMKV::sync, SyncFlag = 1
04-21 12:54:33.445 D/TrafficStats(30017): tagSocket(121) with statsTag=0xffffffff, statsUid=-1
04-21 12:54:33.458 I/SP      ( 1750): Sync for emoticon_content_description succeeded in 43 ms: no changes
04-21 12:54:33.458 I/SP      ( 1750): GC for 'emoticon_content_description' (10) with ttl of 0 ms took 0 ms (0/0/0)
04-21 12:54:33.767 V/WindowManagerShell( 1104): Transition animation finished (aborted=false), notifying core (#658)android.os.BinderProxy@5803936@0
04-21 12:54:33.772 V/WindowManager(  888): Finish Transition #658: created at 04-21 12:54:33.163 collect-started=0.194ms request-sent=39.57ms started=44.214ms ready=48.903ms sent=87.61ms finished=607.847ms
04-21 12:54:33.776 V/WindowManager(  888): getPackagePerformanceMode -- ComponentInfo{com.impos2.mixcretailassemblyrn84/com.impos2.mixcretailassemblyrn84.MainActivity} -- com.impos2.mixcretailassemblyrn84 -- mode=0
04-21 12:54:33.778 V/WindowManagerShell( 1104): Track 0 became idle
04-21 12:54:33.778 V/WindowManagerShell( 1104): All active transition animations finished
04-21 12:54:33.779 V/WindowManager(  888): getPackagePerformanceMode -- ComponentInfo{com.impos2.mixcretailassemblyrn84/com.impos2.mixcretailassemblyrn84.MainActivity} -- com.impos2.mixcretailassemblyrn84 -- mode=0
04-21 12:54:34.868 D/ProfileInstaller(30614): Skipping profile installation for com.impos2.mixcretailassemblyrn84
04-21 12:54:35.531 E/WifiStaIfaceAidlImpl(  888): getLinkLayerStats failed with service-specific exception: android.os.ServiceSpecificException: unknown error (code 9)
04-21 12:54:36.210 E/TaskPersister(  888): File error accessing recents directory (directory doesn't exist?).
04-21 12:54:36.545 D/TrafficStats(30017): tagSocket(5) with statsTag=0xffffffff, statsUid=-1
04-21 12:54:36.552 D/TrafficStats(30017): tagSocket(5) with statsTag=0xffffffff, statsUid=-1
04-21 12:54:38.543 E/WifiStaIfaceAidlImpl(  888): getLinkLayerStats failed with service-specific exception: android.os.ServiceSpecificException: unknown error (code 9)
04-21 12:54:39.165 I/DispatchControl( 9420): 线程Id = 41，进程id = 9420，handleMessage  bean.name:app_state_info source:com.sunmi.dataService    type:1     description:APP 操作明细 task_count:2
04-21 12:54:39.169 I/TaskControl( 9420): TaskControl 采集:app_state_info     description:APP 操作明细
04-21 12:54:39.195 I/nmi.dataService( 9420): Explicit concurrent mark compact GC freed 1323(137KB) AllocSpace objects, 0(0B) LOS objects, 24% free, 2989KB/3985KB, paused 258us,3.294ms total 23.881ms
04-21 12:54:39.196 W/nmi.dataService( 9420): ApkAssets: Deleting an ApkAssets object '<empty> and /data/app/~~TtAnbsjwNLbzyCIaYmH89g==/com.impos2.mixcretailassemblyrn84-Ee4iVJNVH4McdKHKWJvjTA==/base.apk' with 1 weak references
04-21 12:54:41.551 E/WifiStaIfaceAidlImpl(  888): getLinkLayerStats failed with service-specific exception: android.os.ServiceSpecificException: unknown error (code 9)
04-21 12:54:42.218 E/android.hardware.graphics.composer3-service.rockchip(  344): wait,line=113 wait callback timeout
04-21 12:54:44.562 E/WifiStaIfaceAidlImpl(  888): getLinkLayerStats failed with service-specific exception: android.os.ServiceSpecificException: unknown error (code 9)
04-21 12:54:46.438 E/SdkStatusContentProvider( 2731): SdkSettingPreferences onSharedPreferenceChanged key = isp
04-21 12:54:46.438 E/SdkStatusContentProvider( 2731): SdkSettingPreferences onSharedPreferenceChanged key = isp
04-21 12:54:46.441 E/ActivityThread( 2731): Failed to find provider info for com.alipay.iot.settings.SettingsProvider
04-21 12:54:46.442 E/ActivityThread( 2731): Failed to find provider info for com.alipay.iot.settings.SettingsProvider
04-21 12:54:46.447 I/UsbExtImpl(  888): default allow  uid:10099pid:2731  processName=com.alipay.iot.service to use PC Camera
04-21 12:54:46.447 V/UsbExtImpl(  888): smconf processName:com.alipay.iot.service
04-21 12:54:46.447 I/UsbExtImpl(  888): smconf disallow  uid:10099pid:2731  processName=com.alipay.iot.service to use GD32-USB_Printer
04-21 12:54:46.448 I/UsbExtImpl(  888): default allow  uid:10099pid:2731  processName=com.alipay.iot.service to use NS021 USB HID Keyboard
04-21 12:54:46.450 I/UsbExtImpl(  888): default allow  uid:10099pid:2731  processName=com.alipay.iot.service to use PC Camera
04-21 12:54:46.450 V/UsbExtImpl(  888): smconf processName:com.alipay.iot.service
04-21 12:54:46.450 I/UsbExtImpl(  888): smconf disallow  uid:10099pid:2731  processName=com.alipay.iot.service to use GD32-USB_Printer
04-21 12:54:46.450 I/UsbExtImpl(  888): default allow  uid:10099pid:2731  processName=com.alipay.iot.service to use NS021 USB HID Keyboard
04-21 12:54:46.451 I/UsbExtImpl(  888): default allow  uid:10099pid:2731  processName=com.alipay.iot.service to use PC Camera
04-21 12:54:46.452 V/UsbExtImpl(  888): smconf processName:com.alipay.iot.service
04-21 12:54:46.452 I/UsbExtImpl(  888): smconf disallow  uid:10099pid:2731  processName=com.alipay.iot.service to use GD32-USB_Printer
04-21 12:54:46.452 I/UsbExtImpl(  888): default allow  uid:10099pid:2731  processName=com.alipay.iot.service to use NS021 USB HID Keyboard
04-21 12:54:46.454 I/UsbExtImpl(  888): default allow  uid:10099pid:2731  processName=com.alipay.iot.service to use PC Camera
04-21 12:54:46.454 V/UsbExtImpl(  888): smconf processName:com.alipay.iot.service
04-21 12:54:46.454 I/UsbExtImpl(  888): smconf disallow  uid:10099pid:2731  processName=com.alipay.iot.service to use GD32-USB_Printer
04-21 12:54:46.455 I/UsbExtImpl(  888): default allow  uid:10099pid:2731  processName=com.alipay.iot.service to use NS021 USB HID Keyboard
04-21 12:54:46.456 I/UsbExtImpl(  888): default allow  uid:10099pid:2731  processName=com.alipay.iot.service to use PC Camera
04-21 12:54:46.456 V/UsbExtImpl(  888): smconf processName:com.alipay.iot.service
04-21 12:54:46.456 I/UsbExtImpl(  888): smconf disallow  uid:10099pid:2731  processName=com.alipay.iot.service to use GD32-USB_Printer
04-21 12:54:46.456 I/UsbExtImpl(  888): default allow  uid:10099pid:2731  processName=com.alipay.iot.service to use NS021 USB HID Keyboard
04-21 12:54:47.571 E/WifiStaIfaceAidlImpl(  888): getLinkLayerStats failed with service-specific exception: android.os.ServiceSpecificException: unknown error (code 9)
04-21 12:54:49.147 I/assembly.assembly.android.mixc-retail-rn84.transport.ws.SocketRuntime(30017): [transport.ws] Socket connect started: assembly.android.mixc-retail-rn84.topology {"profileName":"assembly.android.mixc-retail-rn84.topology","serverName":"dual-topology-host-v3","addressName":"dynamic-topology-host"}
04-21 12:54:49.147 I/ReactNativeJS(30017): '[assembly.android.mixc-retail-rn84.websocket] connect', { url: 'ws://127.0.0.1:8888/mockMasterServer/ws',
04-21 12:54:49.147 I/ReactNativeJS(30017):   protocol: 'ws',
04-21 12:54:49.147 I/ReactNativeJS(30017):   host: '127.0.0.1:8888',
04-21 12:54:49.147 I/ReactNativeJS(30017):   pathname: '/mockMasterServer/ws' }
04-21 12:54:49.152 I/assembly.assembly.android.mixc-retail-rn84(30017): [assembly.topology] Native topology host already matches desired lifecycle state {"displayCount":2,"displayIndex":1,"deviceId":"2N4QS8GYRS","instanceMode":"SLAVE","enableSlave":false,"running":false,"reason":"not-master-or-single-primary-host"}
04-21 12:54:49.152 I/assembly.assembly.android.mixc-retail-rn84(30017): [assembly.topology] Native topology host already matches desired lifecycle state {"displayCount":2,"displayIndex":1,"deviceId":"2N4QS8GYRS","instanceMode":"SLAVE","enableSlave":false,"running":false,"reason":"not-master-or-single-primary-host"}
04-21 12:54:49.153 D/TrafficStats(30017): tagSocket(5) with statsTag=0xffffffff, statsUid=-1
04-21 12:54:49.155 D/TrafficStats(30614): tagSocket(105) with statsTag=0xffffffff, statsUid=-1
04-21 12:54:49.160 I/assembly.assembly.android.mixc-retail-rn84(30017): [assembly.topology] Native topology host already matches desired lifecycle state {"displayCount":2,"displayIndex":1,"deviceId":"2N4QS8GYRS","instanceMode":"SLAVE","enableSlave":false,"running":false,"reason":"not-master-or-single-primary-host"}
04-21 12:54:49.163 I/assembly.assembly.android.mixc-retail-rn84.transport.ws.SocketRuntime(30017): [transport.ws] Socket connect started: assembly.android.mixc-retail-rn84.topology {"profileName":"assembly.android.mixc-retail-rn84.topology","serverName":"dual-topology-host-v3","addressName":"dynamic-topology-host"}
04-21 12:54:49.163 I/ReactNativeJS(30017): '[assembly.android.mixc-retail-rn84.websocket] connect', { url: 'ws://127.0.0.1:8888/mockMasterServer/ws',
04-21 12:54:49.163 I/ReactNativeJS(30017):   protocol: 'ws',
04-21 12:54:49.163 I/ReactNativeJS(30017):   host: '127.0.0.1:8888',
04-21 12:54:49.163 I/ReactNativeJS(30017):   pathname: '/mockMasterServer/ws' }
04-21 12:54:49.167 I/assembly.assembly.android.mixc-retail-rn84(30017): [assembly.topology] Native topology host already matches desired lifecycle state {"displayCount":2,"displayIndex":1,"deviceId":"2N4QS8GYRS","instanceMode":"SLAVE","enableSlave":false,"running":false,"reason":"not-master-or-single-primary-host"}
04-21 12:54:49.167 I/assembly.assembly.android.mixc-retail-rn84(30614): [assembly.topology] Native topology host already matches desired lifecycle state {"displayCount":2,"displayIndex":0,"deviceId":"2N4QS8GYRS","instanceMode":"MASTER","enableSlave":true,"running":false,"reason":"not-master-or-single-primary-host"}
04-21 12:54:49.168 I/assembly.assembly.android.mixc-retail-rn84(30614): [assembly.topology] Native topology host already matches desired lifecycle state {"displayCount":2,"displayIndex":0,"deviceId":"2N4QS8GYRS","instanceMode":"MASTER","enableSlave":true,"running":false,"reason":"not-master-or-single-primary-host"}
04-21 12:54:49.168 I/assembly.assembly.android.mixc-retail-rn84(30017): [assembly.topology] Native topology host already matches desired lifecycle state {"displayCount":2,"displayIndex":1,"deviceId":"2N4QS8GYRS","instanceMode":"SLAVE","enableSlave":false,"running":false,"reason":"not-master-or-single-primary-host"}
04-21 12:54:49.168 I/assembly.assembly.android.mixc-retail-rn84(30614): [assembly.topology] Native topology host already matches desired lifecycle state {"displayCount":2,"displayIndex":0,"deviceId":"2N4QS8GYRS","instanceMode":"MASTER","enableSlave":true,"running":false,"reason":"not-master-or-single-primary-host"}
04-21 12:54:49.169 D/TrafficStats(30017): tagSocket(92) with statsTag=0xffffffff, statsUid=-1
04-21 12:54:49.172 I/assembly.assembly.android.mixc-retail-rn84(30017): [assembly.topology] Native topology host already matches desired lifecycle state {"displayCount":2,"displayIndex":1,"deviceId":"2N4QS8GYRS","instanceMode":"SLAVE","enableSlave":false,"running":false,"reason":"not-master-or-single-primary-host"}
04-21 12:54:49.173 I/assembly.assembly.android.mixc-retail-rn84(30017): [assembly.topology] Native topology host already matches desired lifecycle state {"displayCount":2,"displayIndex":1,"deviceId":"2N4QS8GYRS","instanceMode":"SLAVE","enableSlave":false,"running":false,"reason":"not-master-or-single-primary-host"}
04-21 12:54:49.173 I/assembly.assembly.android.mixc-retail-rn84(30017): [assembly.topology] Native topology host already matches desired lifecycle state {"displayCount":2,"displayIndex":1,"deviceId":"2N4QS8GYRS","instanceMode":"SLAVE","enableSlave":false,"running":false,"reason":"not-master-or-single-primary-host"}
04-21 12:54:49.174 D/TrafficStats(30614): tagSocket(106) with statsTag=0xffffffff, statsUid=-1
04-21 12:54:49.176 I/ReactNativeJS(30017): '[runtime-state-sync-apply]', '{"direction":"master-to-slave","incomingSliceNames":["kernel.base.topology-runtime-v3.demo.master","kernel.base.tcp-control-runtime-v2.identity","kernel.base.tcp-control-runtime-v2.credential","kernel.base.tcp-control-runtime-v2.binding","kernel.base.tcp-control-runtime-v2.sandbox","kernel.base.tdp-sync-runtime-v2.hot-update","kernel.base.ui-runtime-v2.screen.main","kernel.base.ui-runtime-v2.overlay.main","kernel.base.ui-runtime-v2.ui-variable.main"],"appliedSliceNames":["kernel.base.topology-runtime-v3.demo.master","kernel.base.tcp-control-runtime-v2.identity","kernel.base.tcp-control-runtime-v2.credential","kernel.base.tcp-control-runtime-v2.binding","kernel.base.tcp-control-runtime-v2.sandbox","kernel.base.tdp-sync-runtime-v2.hot-update","kernel.base.ui-runtime-v2.screen.main","kernel.base.ui-runtime-v2.overlay.main","kernel.base.ui-runtime-v2.ui-variable.main"],"skippedSliceReasons":[]}'
04-21 12:54:49.176 I/ReactNativeJS(30614): '[runtime-state-sync-apply]', '{"direction":"slave-to-master","incomingSliceNames":["kernel.base.topology-runtime-v3.demo.slave","kernel.base.ui-runtime-v2.screen.branch","kernel.base.ui-runtime-v2.overlay.branch","kernel.base.ui-runtime-v2.ui-variable.branch"],"appliedSliceNames":["kernel.base.topology-runtime-v3.demo.slave","kernel.base.ui-runtime-v2.screen.branch","kernel.base.ui-runtime-v2.overlay.branch","kernel.base.ui-runtime-v2.ui-variable.branch"],"skippedSliceReasons":[]}'
04-21 12:54:49.182 I/assembly.assembly.android.mixc-retail-rn84(30614): [assembly.topology] Native topology host already matches desired lifecycle state {"displayCount":2,"displayIndex":0,"deviceId":"2N4QS8GYRS","instanceMode":"MASTER","enableSlave":true,"running":false,"reason":"not-master-or-single-primary-host"}
04-21 12:54:49.183 I/assembly.assembly.android.mixc-retail-rn84(30614): [assembly.topology] Native topology host already matches desired lifecycle state {"displayCount":2,"displayIndex":0,"deviceId":"2N4QS8GYRS","instanceMode":"MASTER","enableSlave":true,"running":false,"reason":"not-master-or-single-primary-host"}
04-21 12:54:49.186 D/TrafficStats(30017): tagSocket(95) with statsTag=0xffffffff, statsUid=-1
04-21 12:54:49.192 I/assembly.assembly.android.mixc-retail-rn84(30017): [assembly.topology] Native topology host already matches desired lifecycle state {"displayCount":2,"displayIndex":1,"deviceId":"2N4QS8GYRS","instanceMode":"SLAVE","enableSlave":false,"running":false,"reason":"not-master-or-single-primary-host"}
04-21 12:54:49.193 I/assembly.assembly.android.mixc-retail-rn84(30017): [assembly.topology] Native topology host already matches desired lifecycle state {"displayCount":2,"displayIndex":1,"deviceId":"2N4QS8GYRS","instanceMode":"SLAVE","enableSlave":false,"running":false,"reason":"not-master-or-single-primary-host"}
04-21 12:54:49.197 I/assembly.assembly.android.mixc-retail-rn84(30017): [assembly.topology] Native topology host already matches desired lifecycle state {"displayCount":2,"displayIndex":1,"deviceId":"2N4QS8GYRS","instanceMode":"SLAVE","enableSlave":false,"running":false,"reason":"not-master-or-single-primary-host"}
04-21 12:54:49.200 I/assembly.assembly.android.mixc-retail-rn84.transport.ws.SocketRuntime(30017): [transport.ws] Socket connect started: assembly.android.mixc-retail-rn84.topology {"profileName":"assembly.android.mixc-retail-rn84.topology","serverName":"dual-topology-host-v3","addressName":"dynamic-topology-host"}
04-21 12:54:49.200 I/ReactNativeJS(30017): '[assembly.android.mixc-retail-rn84.websocket] connect', { url: 'ws://127.0.0.1:8888/mockMasterServer/ws',
04-21 12:54:49.200 I/ReactNativeJS(30017):   protocol: 'ws',
04-21 12:54:49.200 I/ReactNativeJS(30017):   host: '127.0.0.1:8888',
04-21 12:54:49.200 I/ReactNativeJS(30017):   pathname: '/mockMasterServer/ws' }
04-21 12:54:49.204 I/assembly.assembly.android.mixc-retail-rn84(30017): [assembly.topology] Native topology host already matches desired lifecycle state {"displayCount":2,"displayIndex":1,"deviceId":"2N4QS8GYRS","instanceMode":"SLAVE","enableSlave":false,"running":false,"reason":"not-master-or-single-primary-host"}
04-21 12:54:49.205 I/assembly.assembly.android.mixc-retail-rn84(30017): [assembly.topology] Native topology host already matches desired lifecycle state {"displayCount":2,"displayIndex":1,"deviceId":"2N4QS8GYRS","instanceMode":"SLAVE","enableSlave":false,"running":false,"reason":"not-master-or-single-primary-host"}
04-21 12:54:49.207 I/assembly.assembly.android.mixc-retail-rn84(30017): [assembly.topology] Native topology host already matches desired lifecycle state {"displayCount":2,"displayIndex":1,"deviceId":"2N4QS8GYRS","instanceMode":"SLAVE","enableSlave":false,"running":false,"reason":"not-master-or-single-primary-host"}
04-21 12:54:49.207 I/assembly.assembly.android.mixc-retail-rn84(30017): [assembly.topology] Native topology host already matches desired lifecycle state {"displayCount":2,"displayIndex":1,"deviceId":"2N4QS8GYRS","instanceMode":"SLAVE","enableSlave":false,"running":false,"reason":"not-master-or-single-primary-host"}
04-21 12:54:49.208 I/assembly.assembly.android.mixc-retail-rn84(30017): [assembly.topology] Native topology host already matches desired lifecycle state {"displayCount":2,"displayIndex":1,"deviceId":"2N4QS8GYRS","instanceMode":"SLAVE","enableSlave":false,"running":false,"reason":"not-master-or-single-primary-host"}
04-21 12:54:49.214 D/TrafficStats(30017): tagSocket(96) with statsTag=0xffffffff, statsUid=-1
04-21 12:54:49.215 D/TrafficStats(30614): tagSocket(124) with statsTag=0xffffffff, statsUid=-1
04-21 12:54:49.220 I/assembly.assembly.android.mixc-retail-rn84(30017): [assembly.topology] Native topology host already matches desired lifecycle state {"displayCount":2,"displayIndex":1,"deviceId":"2N4QS8GYRS","instanceMode":"SLAVE","enableSlave":false,"running":false,"reason":"not-master-or-single-primary-host"}
04-21 12:54:49.226 I/assembly.assembly.android.mixc-retail-rn84(30017): [assembly.topology] Native topology host already matches desired lifecycle state {"displayCount":2,"displayIndex":1,"deviceId":"2N4QS8GYRS","instanceMode":"SLAVE","enableSlave":false,"running":false,"reason":"not-master-or-single-primary-host"}
04-21 12:54:49.227 I/assembly.assembly.android.mixc-retail-rn84(30017): [assembly.topology] Native topology host already matches desired lifecycle state {"displayCount":2,"displayIndex":1,"deviceId":"2N4QS8GYRS","instanceMode":"SLAVE","enableSlave":false,"running":false,"reason":"not-master-or-single-primary-host"}
04-21 12:54:49.227 I/assembly.assembly.android.mixc-retail-rn84(30017): [assembly.topology] Native topology host already matches desired lifecycle state {"displayCount":2,"displayIndex":1,"deviceId":"2N4QS8GYRS","instanceMode":"SLAVE","enableSlave":false,"running":false,"reason":"not-master-or-single-primary-host"}
04-21 12:54:49.232 I/MMKV    (30614): <MMKV_IO.cpp:609::writeActualSize> [mixc-retail-assembly-rn84::state] increase sequence to 217, crc 1033823077, actualSize 27889
04-21 12:54:49.232 I/MMKV    (30614): <MMKV.cpp:1208::sync> MMKV::sync, SyncFlag = 1
04-21 12:54:49.248 I/assembly.assembly.android.mixc-retail-rn84(30614): [assembly.topology] Native topology host already matches desired lifecycle state {"displayCount":2,"displayIndex":0,"deviceId":"2N4QS8GYRS","instanceMode":"MASTER","enableSlave":true,"running":false,"reason":"not-master-or-single-primary-host"}
04-21 12:54:49.250 I/ReactNativeJS(30614): '[runtime-state-sync-apply]', '{"direction":"slave-to-master","incomingSliceNames":["kernel.base.topology-runtime-v3.demo.slave","kernel.base.ui-runtime-v2.screen.branch","kernel.base.ui-runtime-v2.overlay.branch","kernel.base.ui-runtime-v2.ui-variable.branch"],"appliedSliceNames":["kernel.base.topology-runtime-v3.demo.slave","kernel.base.ui-runtime-v2.screen.branch","kernel.base.ui-runtime-v2.overlay.branch","kernel.base.ui-runtime-v2.ui-variable.branch"],"skippedSliceReasons":[]}'
04-21 12:54:49.251 I/assembly.assembly.android.mixc-retail-rn84(30614): [assembly.topology] Native topology host already matches desired lifecycle state {"displayCount":2,"displayIndex":0,"deviceId":"2N4QS8GYRS","instanceMode":"MASTER","enableSlave":true,"running":false,"reason":"not-master-or-single-primary-host"}
04-21 12:54:49.251 I/ReactNativeJS(30017): '[runtime-state-sync-apply]', '{"direction":"master-to-slave","incomingSliceNames":["kernel.base.topology-runtime-v3.demo.master","kernel.base.tcp-control-runtime-v2.identity","kernel.base.tcp-control-runtime-v2.credential","kernel.base.tcp-control-runtime-v2.binding","kernel.base.tcp-control-runtime-v2.sandbox","kernel.base.tdp-sync-runtime-v2.hot-update","kernel.base.ui-runtime-v2.screen.main","kernel.base.ui-runtime-v2.overlay.main","kernel.base.ui-runtime-v2.ui-variable.main"],"appliedSliceNames":["kernel.base.topology-runtime-v3.demo.master","kernel.base.tcp-control-runtime-v2.identity","kernel.base.tcp-control-runtime-v2.credential","kernel.base.tcp-control-runtime-v2.binding","kernel.base.tcp-control-runtime-v2.sandbox","kernel.base.tdp-sync-runtime-v2.hot-update","kernel.base.ui-runtime-v2.screen.main","kernel.base.ui-runtime-v2.overlay.main","kernel.base.ui-runtime-v2.ui-variable.main"],"skippedSliceReasons":[]}'
04-21 12:54:49.252 I/assembly.assembly.android.mixc-retail-rn84(30614): [assembly.topology] Native topology host already matches desired lifecycle state {"displayCount":2,"displayIndex":0,"deviceId":"2N4QS8GYRS","instanceMode":"MASTER","enableSlave":true,"running":false,"reason":"not-master-or-single-primary-host"}
04-21 12:54:49.256 I/assembly.assembly.android.mixc-retail-rn84(30614): [assembly.topology] Native topology host already matches desired lifecycle state {"displayCount":2,"displayIndex":0,"deviceId":"2N4QS8GYRS","instanceMode":"MASTER","enableSlave":true,"running":false,"reason":"not-master-or-single-primary-host"}
04-21 12:54:49.257 I/assembly.assembly.android.mixc-retail-rn84(30614): [assembly.topology] Native topology host already matches desired lifecycle state {"displayCount":2,"displayIndex":0,"deviceId":"2N4QS8GYRS","instanceMode":"MASTER","enableSlave":true,"running":false,"reason":"not-master-or-single-primary-host"}
04-21 12:54:49.260 D/TrafficStats(30017): tagSocket(101) with statsTag=0xffffffff, statsUid=-1
04-21 12:54:49.262 I/assembly.assembly.android.mixc-retail-rn84(30017): [assembly.topology] Native topology host already matches desired lifecycle state {"displayCount":2,"displayIndex":1,"deviceId":"2N4QS8GYRS","instanceMode":"SLAVE","enableSlave":false,"running":false,"reason":"not-master-or-single-primary-host"}
04-21 12:54:49.262 I/assembly.assembly.android.mixc-retail-rn84(30017): [assembly.topology] Native topology host already matches desired lifecycle state {"displayCount":2,"displayIndex":1,"deviceId":"2N4QS8GYRS","instanceMode":"SLAVE","enableSlave":false,"running":false,"reason":"not-master-or-single-primary-host"}
04-21 12:54:49.266 I/assembly.assembly.android.mixc-retail-rn84(30614): [assembly.topology] Native topology host already matches desired lifecycle state {"displayCount":2,"displayIndex":0,"deviceId":"2N4QS8GYRS","instanceMode":"MASTER","enableSlave":true,"running":false,"reason":"not-master-or-single-primary-host"}
04-21 12:54:49.266 I/assembly.assembly.android.mixc-retail-rn84(30614): [assembly.topology] Native topology host already matches desired lifecycle state {"displayCount":2,"displayIndex":0,"deviceId":"2N4QS8GYRS","instanceMode":"MASTER","enableSlave":true,"running":false,"reason":"not-master-or-single-primary-host"}
04-21 12:54:49.266 I/assembly.assembly.android.mixc-retail-rn84(30614): [assembly.topology] Native topology host already matches desired lifecycle state {"displayCount":2,"displayIndex":0,"deviceId":"2N4QS8GYRS","instanceMode":"MASTER","enableSlave":true,"running":false,"reason":"not-master-or-single-primary-host"}
04-21 12:54:49.268 I/ReactNativeJS(30614): '[runtime-state-sync-apply]', '{"direction":"slave-to-master","incomingSliceNames":["kernel.base.topology-runtime-v3.demo.slave","kernel.base.ui-runtime-v2.screen.branch","kernel.base.ui-runtime-v2.overlay.branch","kernel.base.ui-runtime-v2.ui-variable.branch"],"appliedSliceNames":["kernel.base.topology-runtime-v3.demo.slave","kernel.base.ui-runtime-v2.screen.branch","kernel.base.ui-runtime-v2.overlay.branch","kernel.base.ui-runtime-v2.ui-variable.branch"],"skippedSliceReasons":[]}'
04-21 12:54:49.272 I/assembly.assembly.android.mixc-retail-rn84(30614): [assembly.topology] Native topology host already matches desired lifecycle state {"displayCount":2,"displayIndex":0,"deviceId":"2N4QS8GYRS","instanceMode":"MASTER","enableSlave":true,"running":false,"reason":"not-master-or-single-primary-host"}
04-21 12:54:49.273 I/assembly.assembly.android.mixc-retail-rn84(30614): [assembly.topology] Native topology host already matches desired lifecycle state {"displayCount":2,"displayIndex":0,"deviceId":"2N4QS8GYRS","instanceMode":"MASTER","enableSlave":true,"running":false,"reason":"not-master-or-single-primary-host"}
04-21 12:54:49.292 I/ReactNativeJS(30017): '[runtime-state-sync-apply]', '{"direction":"master-to-slave","incomingSliceNames":["kernel.base.topology-runtime-v3.demo.master","kernel.base.tcp-control-runtime-v2.identity","kernel.base.tcp-control-runtime-v2.credential","kernel.base.tcp-control-runtime-v2.binding","kernel.base.tcp-control-runtime-v2.sandbox","kernel.base.tdp-sync-runtime-v2.hot-update","kernel.base.ui-runtime-v2.screen.main","kernel.base.ui-runtime-v2.overlay.main","kernel.base.ui-runtime-v2.ui-variable.main"],"appliedSliceNames":["kernel.base.topology-runtime-v3.demo.master","kernel.base.tcp-control-runtime-v2.identity","kernel.base.tcp-control-runtime-v2.credential","kernel.base.tcp-control-runtime-v2.binding","kernel.base.tcp-control-runtime-v2.sandbox","kernel.base.tdp-sync-runtime-v2.hot-update","kernel.base.ui-runtime-v2.screen.main","kernel.base.ui-runtime-v2.overlay.main","kernel.base.ui-runtime-v2.ui-variable.main"],"skippedSliceReasons":[]}'
04-21 12:54:49.303 I/assembly.assembly.android.mixc-retail-rn84(30017): [assembly.topology] Native topology host already matches desired lifecycle state {"displayCount":2,"displayIndex":1,"deviceId":"2N4QS8GYRS","instanceMode":"SLAVE","enableSlave":false,"running":false,"reason":"not-master-or-single-primary-host"}
04-21 12:54:49.304 I/assembly.assembly.android.mixc-retail-rn84(30017): [assembly.topology] Native topology host already matches desired lifecycle state {"displayCount":2,"displayIndex":1,"deviceId":"2N4QS8GYRS","instanceMode":"SLAVE","enableSlave":false,"running":false,"reason":"not-master-or-single-primary-host"}
04-21 12:54:50.579 E/WifiStaIfaceAidlImpl(  888): getLinkLayerStats failed with service-specific exception: android.os.ServiceSpecificException: unknown error (code 9)
04-21 12:54:53.591 E/WifiStaIfaceAidlImpl(  888): getLinkLayerStats failed with service-specific exception: android.os.ServiceSpecificException: unknown error (code 9)
04-21 12:54:56.603 E/WifiStaIfaceAidlImpl(  888): getLinkLayerStats failed with service-specific exception: android.os.ServiceSpecificException: unknown error (code 9)
04-21 12:54:57.453 I/ailassemblyrn84(30614): Background concurrent mark compact GC freed 177928(10MB) AllocSpace objects, 57(1156KB) LOS objects, 49% free, 4269KB/8538KB, paused 853us,4.578ms total 132.106ms
04-21 12:54:57.458 W/ailassemblyrn84(30614): ApkAssets: Deleting an ApkAssets object '<empty> and /product/app/webview/webview.apk' with 1 weak references
04-21 12:54:59.189 I/DispatchControl( 9420): 线程Id = 35，进程id = 9420，handleMessage  bean.name:app_state_info source:com.sunmi.dataService    type:2     description:APP 操作明细 task_count:2
04-21 12:54:59.193 I/StoreControl( 9420): StoreControl 存储:app_state_info source:com.sunmi.dataService     time:1776747235  elapsedRealtime:0
04-21 12:54:59.199 I/clh     ( 9420): insertOriginData name:app_state_info   isOk:true
04-21 12:54:59.204 I/clh     ( 9420): name:com.sunmi.dataService   source:app_state_info useSize:154
04-21 12:54:59.215 I/clh     ( 9420): putStateUse isOk:792    sourceKey:com.sunmi.dataService_app_state_info
04-21 12:54:59.250 I/nmi.dataService( 9420): Explicit concurrent mark compact GC freed 2948(283KB) AllocSpace objects, 0(0B) LOS objects, 24% free, 2997KB/3996KB, paused 378us,4.219ms total 30.256ms
04-21 12:54:59.614 E/WifiStaIfaceAidlImpl(  888): getLinkLayerStats failed with service-specific exception: android.os.ServiceSpecificException: unknown error (code 9)
04-21 12:55:00.000 D/AlarmManager(  888): setImplLocked() callingPackage=android
04-21 12:55:02.219 E/android.hardware.graphics.composer3-service.rockchip(  344): wait,line=113 wait callback timeout
04-21 12:55:02.625 E/WifiStaIfaceAidlImpl(  888): getLinkLayerStats failed with service-specific exception: android.os.ServiceSpecificException: unknown error (code 9)
04-21 12:55:05.635 E/WifiStaIfaceAidlImpl(  888): getLinkLayerStats failed with service-specific exception: android.os.ServiceSpecificException: unknown error (code 9)
04-21 12:55:06.003 D/TrafficStats(30614): tagSocket(5) with statsTag=0xffffffff, statsUid=-1
04-21 12:55:06.006 D/TrafficStats(30614): tagSocket(139) with statsTag=0xffffffff, statsUid=-1
04-21 12:55:06.009 D/TrafficStats(30614): tagSocket(160) with statsTag=0xffffffff, statsUid=-1
