--------- beginning of main
04-21 12:53:44.330 I/MMKV    (30433): <MMKV_IO.cpp:609::writeActualSize> [mixc-retail-assembly-rn84::state] increase sequence to 162, crc 3968966691, actualSize 26642
04-21 12:53:44.330 I/MMKV    (30433): <MMKV.cpp:1208::sync> MMKV::sync, SyncFlag = 1
04-21 12:53:44.334 I/ReactNativeJS(30017): '[runtime-state-sync-apply]', '{"direction":"master-to-slave","incomingSliceNames":["kernel.base.tdp-sync-runtime-v2.hot-update"],"appliedSliceNames":["kernel.base.tdp-sync-runtime-v2.hot-update"],"skippedSliceReasons":[]}'
04-21 12:53:44.337 I/assembly.assembly.android.mixc-retail-rn84(30017): [assembly.topology] Native topology host already matches desired lifecycle state {"displayCount":2,"displayIndex":1,"deviceId":"2N4QS8GYRS","instanceMode":"SLAVE","enableSlave":false,"running":false,"reason":"not-master-or-single-primary-host"}
04-21 12:53:44.337 I/assembly.assembly.android.mixc-retail-rn84(30017): [assembly.topology] Native topology host already matches desired lifecycle state {"displayCount":2,"displayIndex":1,"deviceId":"2N4QS8GYRS","instanceMode":"SLAVE","enableSlave":false,"running":false,"reason":"not-master-or-single-primary-host"}
04-21 12:53:44.341 E/WifiStaIfaceAidlImpl(  888): getLinkLayerStats failed with service-specific exception: android.os.ServiceSpecificException: unknown error (code 9)
04-21 12:53:44.342 I/assembly.assembly.android.mixc-retail-rn84(30433): [assembly.topology] Native topology host already matches desired lifecycle state {"displayCount":2,"displayIndex":0,"deviceId":"2N4QS8GYRS","instanceMode":"MASTER","enableSlave":true,"running":false,"reason":"not-master-or-single-primary-host"}
04-21 12:53:44.346 I/ReactNativeJS(30017): '[runtime-state-sync-apply]', '{"direction":"master-to-slave","incomingSliceNames":["kernel.base.tdp-sync-runtime-v2.hot-update"],"appliedSliceNames":["kernel.base.tdp-sync-runtime-v2.hot-update"],"skippedSliceReasons":[]}'
04-21 12:53:44.351 I/assembly.assembly.android.mixc-retail-rn84(30017): [assembly.topology] Native topology host already matches desired lifecycle state {"displayCount":2,"displayIndex":1,"deviceId":"2N4QS8GYRS","instanceMode":"SLAVE","enableSlave":false,"running":false,"reason":"not-master-or-single-primary-host"}
04-21 12:53:44.351 I/assembly.assembly.android.mixc-retail-rn84(30017): [assembly.topology] Native topology host already matches desired lifecycle state {"displayCount":2,"displayIndex":1,"deviceId":"2N4QS8GYRS","instanceMode":"SLAVE","enableSlave":false,"running":false,"reason":"not-master-or-single-primary-host"}
04-21 12:53:44.356 I/MMKV    (30433): <MMKV_IO.cpp:609::writeActualSize> [mixc-retail-assembly-rn84::state] increase sequence to 163, crc 418218862, actualSize 26642
04-21 12:53:44.356 I/MMKV    (30433): <MMKV.cpp:1208::sync> MMKV::sync, SyncFlag = 1
04-21 12:53:44.385 D/TrafficStats(30433): tagSocket(5) with statsTag=0xffffffff, statsUid=-1
04-21 12:53:44.395 D/TrafficStats(30433): tagSocket(5) with statsTag=0xffffffff, statsUid=-1
04-21 12:53:44.440 D/TrafficStats(30433): tagSocket(5) with statsTag=0xffffffff, statsUid=-1
04-21 12:53:44.450 D/TrafficStats(30433): tagSocket(5) with statsTag=0xffffffff, statsUid=-1
04-21 12:53:44.773 I/ReactNativeJS(30017): '[runtime-state-sync-apply]', '{"direction":"master-to-slave","incomingSliceNames":["kernel.base.tdp-sync-runtime-v2.hot-update"],"appliedSliceNames":["kernel.base.tdp-sync-runtime-v2.hot-update"],"skippedSliceReasons":[]}'
04-21 12:53:44.780 I/assembly.assembly.android.mixc-retail-rn84(30017): [assembly.topology] Native topology host already matches desired lifecycle state {"displayCount":2,"displayIndex":1,"deviceId":"2N4QS8GYRS","instanceMode":"SLAVE","enableSlave":false,"running":false,"reason":"not-master-or-single-primary-host"}
04-21 12:53:44.781 I/assembly.assembly.android.mixc-retail-rn84(30017): [assembly.topology] Native topology host already matches desired lifecycle state {"displayCount":2,"displayIndex":1,"deviceId":"2N4QS8GYRS","instanceMode":"SLAVE","enableSlave":false,"running":false,"reason":"not-master-or-single-primary-host"}
04-21 12:53:44.787 I/assembly.assembly.android.mixc-retail-rn84(30433): [assembly.topology] Native topology host already matches desired lifecycle state {"displayCount":2,"displayIndex":0,"deviceId":"2N4QS8GYRS","instanceMode":"MASTER","enableSlave":true,"running":false,"reason":"not-master-or-single-primary-host"}
04-21 12:53:44.802 I/assembly.assembly.android.mixc-retail-rn84(30433): [assembly.topology] Native topology host already matches desired lifecycle state {"displayCount":2,"displayIndex":0,"deviceId":"2N4QS8GYRS","instanceMode":"MASTER","enableSlave":true,"running":false,"reason":"not-master-or-single-primary-host"}
04-21 12:53:44.803 I/assembly.assembly.android.mixc-retail-rn84(30433): [assembly.topology] Native topology host already matches desired lifecycle state {"displayCount":2,"displayIndex":0,"deviceId":"2N4QS8GYRS","instanceMode":"MASTER","enableSlave":true,"running":false,"reason":"not-master-or-single-primary-host"}
04-21 12:53:44.814 I/ReactNativeJS(30017): '[runtime-state-sync-apply]', '{"direction":"master-to-slave","incomingSliceNames":["kernel.base.tdp-sync-runtime-v2.hot-update"],"appliedSliceNames":["kernel.base.tdp-sync-runtime-v2.hot-update"],"skippedSliceReasons":[]}'
04-21 12:53:44.821 I/assembly.assembly.android.mixc-retail-rn84(30017): [assembly.topology] Native topology host already matches desired lifecycle state {"displayCount":2,"displayIndex":1,"deviceId":"2N4QS8GYRS","instanceMode":"SLAVE","enableSlave":false,"running":false,"reason":"not-master-or-single-primary-host"}
04-21 12:53:44.823 I/assembly.assembly.android.mixc-retail-rn84(30017): [assembly.topology] Native topology host already matches desired lifecycle state {"displayCount":2,"displayIndex":1,"deviceId":"2N4QS8GYRS","instanceMode":"SLAVE","enableSlave":false,"running":false,"reason":"not-master-or-single-primary-host"}
04-21 12:53:44.825 I/ReactNativeJS(30017): '[runtime-state-sync-apply]', '{"direction":"master-to-slave","incomingSliceNames":["kernel.base.tdp-sync-runtime-v2.hot-update"],"appliedSliceNames":["kernel.base.tdp-sync-runtime-v2.hot-update"],"skippedSliceReasons":[]}'
04-21 12:53:44.830 I/MMKV    (30433): <MMKV_IO.cpp:609::writeActualSize> [mixc-retail-assembly-rn84::state] increase sequence to 164, crc 4113617274, actualSize 27156
04-21 12:53:44.830 I/MMKV    (30433): <MMKV.cpp:1208::sync> MMKV::sync, SyncFlag = 1
04-21 12:53:44.842 I/assembly.assembly.android.mixc-retail-rn84(30017): [assembly.topology] Native topology host already matches desired lifecycle state {"displayCount":2,"displayIndex":1,"deviceId":"2N4QS8GYRS","instanceMode":"SLAVE","enableSlave":false,"running":false,"reason":"not-master-or-single-primary-host"}
04-21 12:53:44.844 I/assembly.assembly.android.mixc-retail-rn84(30017): [assembly.topology] Native topology host already matches desired lifecycle state {"displayCount":2,"displayIndex":1,"deviceId":"2N4QS8GYRS","instanceMode":"SLAVE","enableSlave":false,"running":false,"reason":"not-master-or-single-primary-host"}
04-21 12:53:44.856 I/MMKV    (30433): <MMKV_IO.cpp:609::writeActualSize> [mixc-retail-assembly-rn84::state] increase sequence to 165, crc 4119985833, actualSize 28159
04-21 12:53:44.856 I/MMKV    (30433): <MMKV.cpp:1208::sync> MMKV::sync, SyncFlag = 1
04-21 12:53:45.524 D/TrafficStats(30433): tagSocket(5) with statsTag=0xffffffff, statsUid=-1
04-21 12:53:45.544 D/TrafficStats(30433): tagSocket(5) with statsTag=0xffffffff, statsUid=-1
04-21 12:53:45.561 I/ReactNativeJS(30017): '[runtime-state-sync-apply]', '{"direction":"master-to-slave","incomingSliceNames":["kernel.base.tdp-sync-runtime-v2.hot-update"],"appliedSliceNames":["kernel.base.tdp-sync-runtime-v2.hot-update"],"skippedSliceReasons":[]}'
04-21 12:53:45.565 I/assembly.assembly.android.mixc-retail-rn84(30433): [assembly.topology] Native topology host already matches desired lifecycle state {"displayCount":2,"displayIndex":0,"deviceId":"2N4QS8GYRS","instanceMode":"MASTER","enableSlave":true,"running":false,"reason":"not-master-or-single-primary-host"}
04-21 12:53:45.568 I/assembly.assembly.android.mixc-retail-rn84(30017): [assembly.topology] Native topology host already matches desired lifecycle state {"displayCount":2,"displayIndex":1,"deviceId":"2N4QS8GYRS","instanceMode":"SLAVE","enableSlave":false,"running":false,"reason":"not-master-or-single-primary-host"}
04-21 12:53:45.570 I/assembly.assembly.android.mixc-retail-rn84(30017): [assembly.topology] Native topology host already matches desired lifecycle state {"displayCount":2,"displayIndex":1,"deviceId":"2N4QS8GYRS","instanceMode":"SLAVE","enableSlave":false,"running":false,"reason":"not-master-or-single-primary-host"}
04-21 12:53:45.578 I/MMKV    (30433): <MMKV_IO.cpp:609::writeActualSize> [mixc-retail-assembly-rn84::state] increase sequence to 166, crc 1274720898, actualSize 28159
04-21 12:53:45.578 I/MMKV    (30433): <MMKV.cpp:1208::sync> MMKV::sync, SyncFlag = 1
04-21 12:53:45.636 D/TrafficStats(30433): tagSocket(5) with statsTag=0xffffffff, statsUid=-1
04-21 12:53:45.648 D/TrafficStats(30433): tagSocket(148) with statsTag=0xffffffff, statsUid=-1
04-21 12:53:45.707 D/TrafficStats(30433): tagSocket(5) with statsTag=0xffffffff, statsUid=-1
04-21 12:53:45.714 D/TrafficStats(30433): tagSocket(5) with statsTag=0xffffffff, statsUid=-1
04-21 12:53:46.413 E/SdkStatusContentProvider( 2731): SdkSettingPreferences onSharedPreferenceChanged key = isp
04-21 12:53:46.413 E/SdkStatusContentProvider( 2731): SdkSettingPreferences onSharedPreferenceChanged key = isp
--------- beginning of system
04-21 12:53:46.415 E/ActivityThread( 2731): Failed to find provider info for com.alipay.iot.settings.SettingsProvider
04-21 12:53:46.416 E/ActivityThread( 2731): Failed to find provider info for com.alipay.iot.settings.SettingsProvider
04-21 12:53:46.418 I/UsbExtImpl(  888): default allow  uid:10099pid:2731  processName=com.alipay.iot.service to use PC Camera
04-21 12:53:46.418 V/UsbExtImpl(  888): smconf processName:com.alipay.iot.service
04-21 12:53:46.418 I/UsbExtImpl(  888): smconf disallow  uid:10099pid:2731  processName=com.alipay.iot.service to use GD32-USB_Printer
04-21 12:53:46.418 I/UsbExtImpl(  888): default allow  uid:10099pid:2731  processName=com.alipay.iot.service to use NS021 USB HID Keyboard
04-21 12:53:46.420 I/UsbExtImpl(  888): default allow  uid:10099pid:2731  processName=com.alipay.iot.service to use PC Camera
04-21 12:53:46.420 V/UsbExtImpl(  888): smconf processName:com.alipay.iot.service
04-21 12:53:46.420 I/UsbExtImpl(  888): smconf disallow  uid:10099pid:2731  processName=com.alipay.iot.service to use GD32-USB_Printer
04-21 12:53:46.420 I/UsbExtImpl(  888): default allow  uid:10099pid:2731  processName=com.alipay.iot.service to use NS021 USB HID Keyboard
04-21 12:53:46.421 I/UsbExtImpl(  888): default allow  uid:10099pid:2731  processName=com.alipay.iot.service to use PC Camera
04-21 12:53:46.422 V/UsbExtImpl(  888): smconf processName:com.alipay.iot.service
04-21 12:53:46.422 I/UsbExtImpl(  888): smconf disallow  uid:10099pid:2731  processName=com.alipay.iot.service to use GD32-USB_Printer
04-21 12:53:46.422 I/UsbExtImpl(  888): default allow  uid:10099pid:2731  processName=com.alipay.iot.service to use NS021 USB HID Keyboard
04-21 12:53:46.423 I/UsbExtImpl(  888): default allow  uid:10099pid:2731  processName=com.alipay.iot.service to use PC Camera
04-21 12:53:46.424 V/UsbExtImpl(  888): smconf processName:com.alipay.iot.service
04-21 12:53:46.424 I/UsbExtImpl(  888): smconf disallow  uid:10099pid:2731  processName=com.alipay.iot.service to use GD32-USB_Printer
04-21 12:53:46.424 I/UsbExtImpl(  888): default allow  uid:10099pid:2731  processName=com.alipay.iot.service to use NS021 USB HID Keyboard
04-21 12:53:46.425 I/UsbExtImpl(  888): default allow  uid:10099pid:2731  processName=com.alipay.iot.service to use PC Camera
04-21 12:53:46.425 V/UsbExtImpl(  888): smconf processName:com.alipay.iot.service
04-21 12:53:46.425 I/UsbExtImpl(  888): smconf disallow  uid:10099pid:2731  processName=com.alipay.iot.service to use GD32-USB_Printer
04-21 12:53:46.426 I/UsbExtImpl(  888): default allow  uid:10099pid:2731  processName=com.alipay.iot.service to use NS021 USB HID Keyboard
04-21 12:53:46.806 D/TrafficStats(30433): tagSocket(5) with statsTag=0xffffffff, statsUid=-1
04-21 12:53:46.815 D/TrafficStats(30433): tagSocket(5) with statsTag=0xffffffff, statsUid=-1
04-21 12:53:46.826 I/ReactNativeJS(30017): '[runtime-state-sync-apply]', '{"direction":"master-to-slave","incomingSliceNames":["kernel.base.tdp-sync-runtime-v2.hot-update"],"appliedSliceNames":["kernel.base.tdp-sync-runtime-v2.hot-update"],"skippedSliceReasons":[]}'
04-21 12:53:46.828 I/assembly.assembly.android.mixc-retail-rn84(30433): [assembly.topology] Native topology host already matches desired lifecycle state {"displayCount":2,"displayIndex":0,"deviceId":"2N4QS8GYRS","instanceMode":"MASTER","enableSlave":true,"running":false,"reason":"not-master-or-single-primary-host"}
04-21 12:53:46.833 I/assembly.assembly.android.mixc-retail-rn84(30017): [assembly.topology] Native topology host already matches desired lifecycle state {"displayCount":2,"displayIndex":1,"deviceId":"2N4QS8GYRS","instanceMode":"SLAVE","enableSlave":false,"running":false,"reason":"not-master-or-single-primary-host"}
04-21 12:53:46.834 I/assembly.assembly.android.mixc-retail-rn84(30017): [assembly.topology] Native topology host already matches desired lifecycle state {"displayCount":2,"displayIndex":1,"deviceId":"2N4QS8GYRS","instanceMode":"SLAVE","enableSlave":false,"running":false,"reason":"not-master-or-single-primary-host"}
04-21 12:53:46.892 D/TrafficStats(30433): tagSocket(5) with statsTag=0xffffffff, statsUid=-1
04-21 12:53:46.901 D/TrafficStats(30433): tagSocket(148) with statsTag=0xffffffff, statsUid=-1
04-21 12:53:46.960 D/TrafficStats(30433): tagSocket(5) with statsTag=0xffffffff, statsUid=-1
04-21 12:53:46.978 D/TrafficStats(30433): tagSocket(5) with statsTag=0xffffffff, statsUid=-1
04-21 12:53:47.349 E/WifiStaIfaceAidlImpl(  888): getLinkLayerStats failed with service-specific exception: android.os.ServiceSpecificException: unknown error (code 9)
04-21 12:53:48.073 D/TrafficStats(30433): tagSocket(5) with statsTag=0xffffffff, statsUid=-1
04-21 12:53:48.092 D/TrafficStats(30433): tagSocket(5) with statsTag=0xffffffff, statsUid=-1
04-21 12:53:48.120 I/ReactNativeJS(30017): '[runtime-state-sync-apply]', '{"direction":"master-to-slave","incomingSliceNames":["kernel.base.tdp-sync-runtime-v2.hot-update"],"appliedSliceNames":["kernel.base.tdp-sync-runtime-v2.hot-update"],"skippedSliceReasons":[]}'
04-21 12:53:48.123 I/assembly.assembly.android.mixc-retail-rn84(30433): [assembly.topology] Native topology host already matches desired lifecycle state {"displayCount":2,"displayIndex":0,"deviceId":"2N4QS8GYRS","instanceMode":"MASTER","enableSlave":true,"running":false,"reason":"not-master-or-single-primary-host"}
04-21 12:53:48.125 I/MMKV    (30433): <MMKV_IO.cpp:609::writeActualSize> [mixc-retail-assembly-rn84::state] increase sequence to 167, crc 1587729143, actualSize 28269
04-21 12:53:48.126 I/MMKV    (30433): <MMKV.cpp:1208::sync> MMKV::sync, SyncFlag = 1
04-21 12:53:48.130 I/assembly.assembly.android.mixc-retail-rn84(30017): [assembly.topology] Native topology host already matches desired lifecycle state {"displayCount":2,"displayIndex":1,"deviceId":"2N4QS8GYRS","instanceMode":"SLAVE","enableSlave":false,"running":false,"reason":"not-master-or-single-primary-host"}
04-21 12:53:48.132 I/assembly.assembly.android.mixc-retail-rn84(30017): [assembly.topology] Native topology host already matches desired lifecycle state {"displayCount":2,"displayIndex":1,"deviceId":"2N4QS8GYRS","instanceMode":"SLAVE","enableSlave":false,"running":false,"reason":"not-master-or-single-primary-host"}
04-21 12:53:48.196 D/TrafficStats(30433): tagSocket(5) with statsTag=0xffffffff, statsUid=-1
04-21 12:53:48.208 D/TrafficStats(30433): tagSocket(148) with statsTag=0xffffffff, statsUid=-1
04-21 12:53:48.255 D/TrafficStats(30433): tagSocket(5) with statsTag=0xffffffff, statsUid=-1
04-21 12:53:48.268 D/TrafficStats(30433): tagSocket(5) with statsTag=0xffffffff, statsUid=-1
04-21 12:53:49.368 D/TrafficStats(30433): tagSocket(5) with statsTag=0xffffffff, statsUid=-1
04-21 12:53:49.387 D/TrafficStats(30433): tagSocket(5) with statsTag=0xffffffff, statsUid=-1
04-21 12:53:49.418 I/ReactNativeJS(30017): '[runtime-state-sync-apply]', '{"direction":"master-to-slave","incomingSliceNames":["kernel.base.tdp-sync-runtime-v2.hot-update"],"appliedSliceNames":["kernel.base.tdp-sync-runtime-v2.hot-update"],"skippedSliceReasons":[]}'
04-21 12:53:49.425 I/assembly.assembly.android.mixc-retail-rn84(30433): [assembly.topology] Native topology host already matches desired lifecycle state {"displayCount":2,"displayIndex":0,"deviceId":"2N4QS8GYRS","instanceMode":"MASTER","enableSlave":true,"running":false,"reason":"not-master-or-single-primary-host"}
04-21 12:53:49.430 I/assembly.assembly.android.mixc-retail-rn84(30017): [assembly.topology] Native topology host already matches desired lifecycle state {"displayCount":2,"displayIndex":1,"deviceId":"2N4QS8GYRS","instanceMode":"SLAVE","enableSlave":false,"running":false,"reason":"not-master-or-single-primary-host"}
04-21 12:53:49.433 I/assembly.assembly.android.mixc-retail-rn84(30017): [assembly.topology] Native topology host already matches desired lifecycle state {"displayCount":2,"displayIndex":1,"deviceId":"2N4QS8GYRS","instanceMode":"SLAVE","enableSlave":false,"running":false,"reason":"not-master-or-single-primary-host"}
04-21 12:53:49.439 I/MMKV    (30433): <MMKV_IO.cpp:609::writeActualSize> [mixc-retail-assembly-rn84::state] increase sequence to 168, crc 3446766242, actualSize 28324
04-21 12:53:49.439 I/MMKV    (30433): <MMKV.cpp:1208::sync> MMKV::sync, SyncFlag = 1
04-21 12:53:49.453 I/MMKV    (30433): <MMKV_IO.cpp:609::writeActualSize> [mixc-retail-assembly-rn84::secure-state] increase sequence to 12, crc 2611069028, actualSize 259
04-21 12:53:49.453 I/MMKV    (30433): <MMKV.cpp:1208::sync> MMKV::sync, SyncFlag = 1
04-21 12:53:49.498 D/TrafficStats(30433): tagSocket(5) with statsTag=0xffffffff, statsUid=-1
04-21 12:53:49.514 D/TrafficStats(30433): tagSocket(5) with statsTag=0xffffffff, statsUid=-1
04-21 12:53:49.572 D/TrafficStats(30433): tagSocket(5) with statsTag=0xffffffff, statsUid=-1
04-21 12:53:49.589 D/TrafficStats(30433): tagSocket(134) with statsTag=0xffffffff, statsUid=-1
04-21 12:53:50.361 E/WifiStaIfaceAidlImpl(  888): getLinkLayerStats failed with service-specific exception: android.os.ServiceSpecificException: unknown error (code 9)
04-21 12:53:50.685 D/TrafficStats(30433): tagSocket(5) with statsTag=0xffffffff, statsUid=-1
04-21 12:53:50.704 D/TrafficStats(30433): tagSocket(5) with statsTag=0xffffffff, statsUid=-1
04-21 12:53:50.719 I/ReactNativeJS(30017): '[runtime-state-sync-apply]', '{"direction":"master-to-slave","incomingSliceNames":["kernel.base.tdp-sync-runtime-v2.hot-update"],"appliedSliceNames":["kernel.base.tdp-sync-runtime-v2.hot-update"],"skippedSliceReasons":[]}'
04-21 12:53:50.721 I/assembly.assembly.android.mixc-retail-rn84(30433): [assembly.topology] Native topology host already matches desired lifecycle state {"displayCount":2,"displayIndex":0,"deviceId":"2N4QS8GYRS","instanceMode":"MASTER","enableSlave":true,"running":false,"reason":"not-master-or-single-primary-host"}
04-21 12:53:50.727 I/assembly.assembly.android.mixc-retail-rn84(30017): [assembly.topology] Native topology host already matches desired lifecycle state {"displayCount":2,"displayIndex":1,"deviceId":"2N4QS8GYRS","instanceMode":"SLAVE","enableSlave":false,"running":false,"reason":"not-master-or-single-primary-host"}
04-21 12:53:50.728 I/assembly.assembly.android.mixc-retail-rn84(30017): [assembly.topology] Native topology host already matches desired lifecycle state {"displayCount":2,"displayIndex":1,"deviceId":"2N4QS8GYRS","instanceMode":"SLAVE","enableSlave":false,"running":false,"reason":"not-master-or-single-primary-host"}
04-21 12:53:50.735 I/MMKV    (30433): <MMKV_IO.cpp:609::writeActualSize> [mixc-retail-assembly-rn84::state] increase sequence to 169, crc 304039860, actualSize 28379
04-21 12:53:50.735 I/MMKV    (30433): <MMKV.cpp:1208::sync> MMKV::sync, SyncFlag = 1
04-21 12:53:50.785 I/ailassemblyrn84(30433): Background concurrent mark compact GC freed 24776(2653KB) AllocSpace objects, 70(1380KB) LOS objects, 49% free, 3837KB/7674KB, paused 877us,5.135ms total 58.406ms
04-21 12:53:50.787 D/TrafficStats(30433): tagSocket(5) with statsTag=0xffffffff, statsUid=-1
04-21 12:53:50.797 D/TrafficStats(30433): tagSocket(5) with statsTag=0xffffffff, statsUid=-1
04-21 12:53:50.847 D/TrafficStats(30433): tagSocket(5) with statsTag=0xffffffff, statsUid=-1
04-21 12:53:50.863 D/TrafficStats(30433): tagSocket(5) with statsTag=0xffffffff, statsUid=-1
04-21 12:53:51.969 D/TrafficStats(30433): tagSocket(5) with statsTag=0xffffffff, statsUid=-1
04-21 12:53:51.988 D/TrafficStats(30433): tagSocket(5) with statsTag=0xffffffff, statsUid=-1
04-21 12:53:52.020 I/ReactNativeJS(30017): '[runtime-state-sync-apply]', '{"direction":"master-to-slave","incomingSliceNames":["kernel.base.tdp-sync-runtime-v2.hot-update"],"appliedSliceNames":["kernel.base.tdp-sync-runtime-v2.hot-update"],"skippedSliceReasons":[]}'
04-21 12:53:52.028 I/assembly.assembly.android.mixc-retail-rn84(30433): [assembly.topology] Native topology host already matches desired lifecycle state {"displayCount":2,"displayIndex":0,"deviceId":"2N4QS8GYRS","instanceMode":"MASTER","enableSlave":true,"running":false,"reason":"not-master-or-single-primary-host"}
04-21 12:53:52.038 I/assembly.assembly.android.mixc-retail-rn84(30017): [assembly.topology] Native topology host already matches desired lifecycle state {"displayCount":2,"displayIndex":1,"deviceId":"2N4QS8GYRS","instanceMode":"SLAVE","enableSlave":false,"running":false,"reason":"not-master-or-single-primary-host"}
04-21 12:53:52.041 I/assembly.assembly.android.mixc-retail-rn84(30017): [assembly.topology] Native topology host already matches desired lifecycle state {"displayCount":2,"displayIndex":1,"deviceId":"2N4QS8GYRS","instanceMode":"SLAVE","enableSlave":false,"running":false,"reason":"not-master-or-single-primary-host"}
04-21 12:53:52.056 I/MMKV    (30433): <MMKV_IO.cpp:609::writeActualSize> [mixc-retail-assembly-rn84::state] increase sequence to 170, crc 941419062, actualSize 28489
04-21 12:53:52.056 I/MMKV    (30433): <MMKV.cpp:1208::sync> MMKV::sync, SyncFlag = 1
04-21 12:53:52.111 D/TrafficStats(30433): tagSocket(5) with statsTag=0xffffffff, statsUid=-1
04-21 12:53:52.127 D/TrafficStats(30433): tagSocket(5) with statsTag=0xffffffff, statsUid=-1
04-21 12:53:52.186 D/TrafficStats(30433): tagSocket(5) with statsTag=0xffffffff, statsUid=-1
04-21 12:53:52.204 D/TrafficStats(30433): tagSocket(5) with statsTag=0xffffffff, statsUid=-1
04-21 12:53:53.306 D/TrafficStats(30433): tagSocket(5) with statsTag=0xffffffff, statsUid=-1
04-21 12:53:53.324 D/TrafficStats(30433): tagSocket(5) with statsTag=0xffffffff, statsUid=-1
04-21 12:53:53.362 I/ReactNativeJS(30017): '[runtime-state-sync-apply]', '{"direction":"master-to-slave","incomingSliceNames":["kernel.base.tdp-sync-runtime-v2.hot-update"],"appliedSliceNames":["kernel.base.tdp-sync-runtime-v2.hot-update"],"skippedSliceReasons":[]}'
04-21 12:53:53.369 I/assembly.assembly.android.mixc-retail-rn84(30433): [assembly.topology] Native topology host already matches desired lifecycle state {"displayCount":2,"displayIndex":0,"deviceId":"2N4QS8GYRS","instanceMode":"MASTER","enableSlave":true,"running":false,"reason":"not-master-or-single-primary-host"}
04-21 12:53:53.370 E/WifiStaIfaceAidlImpl(  888): getLinkLayerStats failed with service-specific exception: android.os.ServiceSpecificException: unknown error (code 9)
04-21 12:53:53.377 I/assembly.assembly.android.mixc-retail-rn84(30017): [assembly.topology] Native topology host already matches desired lifecycle state {"displayCount":2,"displayIndex":1,"deviceId":"2N4QS8GYRS","instanceMode":"SLAVE","enableSlave":false,"running":false,"reason":"not-master-or-single-primary-host"}
04-21 12:53:53.380 I/assembly.assembly.android.mixc-retail-rn84(30017): [assembly.topology] Native topology host already matches desired lifecycle state {"displayCount":2,"displayIndex":1,"deviceId":"2N4QS8GYRS","instanceMode":"SLAVE","enableSlave":false,"running":false,"reason":"not-master-or-single-primary-host"}
04-21 12:53:53.450 D/TrafficStats(30433): tagSocket(5) with statsTag=0xffffffff, statsUid=-1
04-21 12:53:53.464 D/TrafficStats(30433): tagSocket(5) with statsTag=0xffffffff, statsUid=-1
04-21 12:53:53.516 D/TrafficStats(30433): tagSocket(5) with statsTag=0xffffffff, statsUid=-1
04-21 12:53:53.531 D/TrafficStats(30433): tagSocket(5) with statsTag=0xffffffff, statsUid=-1
04-21 12:53:54.635 D/TrafficStats(30433): tagSocket(5) with statsTag=0xffffffff, statsUid=-1
04-21 12:53:54.656 D/TrafficStats(30433): tagSocket(5) with statsTag=0xffffffff, statsUid=-1
04-21 12:53:54.689 I/ReactNativeJS(30017): '[runtime-state-sync-apply]', '{"direction":"master-to-slave","incomingSliceNames":["kernel.base.tdp-sync-runtime-v2.hot-update"],"appliedSliceNames":["kernel.base.tdp-sync-runtime-v2.hot-update"],"skippedSliceReasons":[]}'
04-21 12:53:54.696 I/assembly.assembly.android.mixc-retail-rn84(30433): [assembly.topology] Native topology host already matches desired lifecycle state {"displayCount":2,"displayIndex":0,"deviceId":"2N4QS8GYRS","instanceMode":"MASTER","enableSlave":true,"running":false,"reason":"not-master-or-single-primary-host"}
04-21 12:53:54.703 I/MMKV    (30433): <MMKV_IO.cpp:609::writeActualSize> [mixc-retail-assembly-rn84::state] increase sequence to 171, crc 1819382648, actualSize 28544
04-21 12:53:54.703 I/MMKV    (30433): <MMKV.cpp:1208::sync> MMKV::sync, SyncFlag = 1
04-21 12:53:54.704 I/assembly.assembly.android.mixc-retail-rn84(30017): [assembly.topology] Native topology host already matches desired lifecycle state {"displayCount":2,"displayIndex":1,"deviceId":"2N4QS8GYRS","instanceMode":"SLAVE","enableSlave":false,"running":false,"reason":"not-master-or-single-primary-host"}
04-21 12:53:54.707 I/assembly.assembly.android.mixc-retail-rn84(30017): [assembly.topology] Native topology host already matches desired lifecycle state {"displayCount":2,"displayIndex":1,"deviceId":"2N4QS8GYRS","instanceMode":"SLAVE","enableSlave":false,"running":false,"reason":"not-master-or-single-primary-host"}
04-21 12:53:54.986 D/TrafficStats(30433): tagSocket(5) with statsTag=0xffffffff, statsUid=-1
04-21 12:53:55.003 D/TrafficStats(30433): tagSocket(5) with statsTag=0xffffffff, statsUid=-1
04-21 12:53:55.068 D/TrafficStats(30433): tagSocket(5) with statsTag=0xffffffff, statsUid=-1
04-21 12:53:55.088 D/TrafficStats(30433): tagSocket(5) with statsTag=0xffffffff, statsUid=-1
04-21 12:53:56.192 D/TrafficStats(30433): tagSocket(5) with statsTag=0xffffffff, statsUid=-1
04-21 12:53:56.212 D/TrafficStats(30433): tagSocket(134) with statsTag=0xffffffff, statsUid=-1
04-21 12:53:56.247 I/ReactNativeJS(30017): '[runtime-state-sync-apply]', '{"direction":"master-to-slave","incomingSliceNames":["kernel.base.tdp-sync-runtime-v2.hot-update"],"appliedSliceNames":["kernel.base.tdp-sync-runtime-v2.hot-update"],"skippedSliceReasons":[]}'
04-21 12:53:56.254 I/assembly.assembly.android.mixc-retail-rn84(30433): [assembly.topology] Native topology host already matches desired lifecycle state {"displayCount":2,"displayIndex":0,"deviceId":"2N4QS8GYRS","instanceMode":"MASTER","enableSlave":true,"running":false,"reason":"not-master-or-single-primary-host"}
04-21 12:53:56.262 I/assembly.assembly.android.mixc-retail-rn84(30017): [assembly.topology] Native topology host already matches desired lifecycle state {"displayCount":2,"displayIndex":1,"deviceId":"2N4QS8GYRS","instanceMode":"SLAVE","enableSlave":false,"running":false,"reason":"not-master-or-single-primary-host"}
04-21 12:53:56.266 I/assembly.assembly.android.mixc-retail-rn84(30017): [assembly.topology] Native topology host already matches desired lifecycle state {"displayCount":2,"displayIndex":1,"deviceId":"2N4QS8GYRS","instanceMode":"SLAVE","enableSlave":false,"running":false,"reason":"not-master-or-single-primary-host"}
04-21 12:53:56.273 I/MMKV    (30433): <MMKV_IO.cpp:609::writeActualSize> [mixc-retail-assembly-rn84::state] increase sequence to 172, crc 2965017094, actualSize 28599
04-21 12:53:56.273 I/MMKV    (30433): <MMKV.cpp:1208::sync> MMKV::sync, SyncFlag = 1
04-21 12:53:56.332 D/TrafficStats(30433): tagSocket(5) with statsTag=0xffffffff, statsUid=-1
04-21 12:53:56.348 D/TrafficStats(30433): tagSocket(5) with statsTag=0xffffffff, statsUid=-1
04-21 12:53:56.386 E/WifiStaIfaceAidlImpl(  888): getLinkLayerStats failed with service-specific exception: android.os.ServiceSpecificException: unknown error (code 9)
04-21 12:53:56.410 D/TrafficStats(30433): tagSocket(5) with statsTag=0xffffffff, statsUid=-1
04-21 12:53:56.441 D/TrafficStats(30433): tagSocket(5) with statsTag=0xffffffff, statsUid=-1
04-21 12:53:57.553 D/TrafficStats(30433): tagSocket(5) with statsTag=0xffffffff, statsUid=-1
04-21 12:53:57.572 D/TrafficStats(30433): tagSocket(5) with statsTag=0xffffffff, statsUid=-1
04-21 12:53:57.605 I/ReactNativeJS(30017): '[runtime-state-sync-apply]', '{"direction":"master-to-slave","incomingSliceNames":["kernel.base.tdp-sync-runtime-v2.hot-update"],"appliedSliceNames":["kernel.base.tdp-sync-runtime-v2.hot-update"],"skippedSliceReasons":[]}'
04-21 12:53:57.618 I/assembly.assembly.android.mixc-retail-rn84(30433): [assembly.topology] Native topology host already matches desired lifecycle state {"displayCount":2,"displayIndex":0,"deviceId":"2N4QS8GYRS","instanceMode":"MASTER","enableSlave":true,"running":false,"reason":"not-master-or-single-primary-host"}
04-21 12:53:57.620 I/assembly.assembly.android.mixc-retail-rn84(30017): [assembly.topology] Native topology host already matches desired lifecycle state {"displayCount":2,"displayIndex":1,"deviceId":"2N4QS8GYRS","instanceMode":"SLAVE","enableSlave":false,"running":false,"reason":"not-master-or-single-primary-host"}
04-21 12:53:57.623 I/assembly.assembly.android.mixc-retail-rn84(30017): [assembly.topology] Native topology host already matches desired lifecycle state {"displayCount":2,"displayIndex":1,"deviceId":"2N4QS8GYRS","instanceMode":"SLAVE","enableSlave":false,"running":false,"reason":"not-master-or-single-primary-host"}
04-21 12:53:57.638 I/MMKV    (30433): <MMKV_IO.cpp:609::writeActualSize> [mixc-retail-assembly-rn84::state] increase sequence to 173, crc 3528691296, actualSize 28654
04-21 12:53:57.638 I/MMKV    (30433): <MMKV.cpp:1208::sync> MMKV::sync, SyncFlag = 1
04-21 12:53:57.688 D/TrafficStats(30433): tagSocket(5) with statsTag=0xffffffff, statsUid=-1
04-21 12:53:57.703 D/TrafficStats(30433): tagSocket(5) with statsTag=0xffffffff, statsUid=-1
04-21 12:53:57.764 D/TrafficStats(30433): tagSocket(5) with statsTag=0xffffffff, statsUid=-1
04-21 12:53:57.783 D/TrafficStats(30433): tagSocket(5) with statsTag=0xffffffff, statsUid=-1
04-21 12:53:58.891 D/TrafficStats(30433): tagSocket(5) with statsTag=0xffffffff, statsUid=-1
04-21 12:53:58.911 D/TrafficStats(30433): tagSocket(5) with statsTag=0xffffffff, statsUid=-1
04-21 12:53:58.946 I/ReactNativeJS(30017): '[runtime-state-sync-apply]', '{"direction":"master-to-slave","incomingSliceNames":["kernel.base.tdp-sync-runtime-v2.hot-update"],"appliedSliceNames":["kernel.base.tdp-sync-runtime-v2.hot-update"],"skippedSliceReasons":[]}'
04-21 12:53:58.954 I/assembly.assembly.android.mixc-retail-rn84(30433): [assembly.topology] Native topology host already matches desired lifecycle state {"displayCount":2,"displayIndex":0,"deviceId":"2N4QS8GYRS","instanceMode":"MASTER","enableSlave":true,"running":false,"reason":"not-master-or-single-primary-host"}
04-21 12:53:58.963 I/assembly.assembly.android.mixc-retail-rn84(30017): [assembly.topology] Native topology host already matches desired lifecycle state {"displayCount":2,"displayIndex":1,"deviceId":"2N4QS8GYRS","instanceMode":"SLAVE","enableSlave":false,"running":false,"reason":"not-master-or-single-primary-host"}
04-21 12:53:58.966 I/assembly.assembly.android.mixc-retail-rn84(30017): [assembly.topology] Native topology host already matches desired lifecycle state {"displayCount":2,"displayIndex":1,"deviceId":"2N4QS8GYRS","instanceMode":"SLAVE","enableSlave":false,"running":false,"reason":"not-master-or-single-primary-host"}
04-21 12:53:58.981 I/MMKV    (30433): <MMKV_IO.cpp:609::writeActualSize> [mixc-retail-assembly-rn84::state] increase sequence to 174, crc 3878755826, actualSize 28764
04-21 12:53:58.981 I/MMKV    (30433): <MMKV.cpp:1208::sync> MMKV::sync, SyncFlag = 1
04-21 12:53:59.038 D/TrafficStats(30433): tagSocket(5) with statsTag=0xffffffff, statsUid=-1
04-21 12:53:59.055 D/TrafficStats(30433): tagSocket(5) with statsTag=0xffffffff, statsUid=-1
04-21 12:53:59.114 D/TrafficStats(30433): tagSocket(5) with statsTag=0xffffffff, statsUid=-1
04-21 12:53:59.122 D/TrafficStats(30433): tagSocket(149) with statsTag=0xffffffff, statsUid=-1
04-21 12:53:59.398 E/WifiStaIfaceAidlImpl(  888): getLinkLayerStats failed with service-specific exception: android.os.ServiceSpecificException: unknown error (code 9)
04-21 12:54:00.000 D/AlarmManager(  888): setImplLocked() callingPackage=android
04-21 12:54:00.220 D/TrafficStats(30433): tagSocket(5) with statsTag=0xffffffff, statsUid=-1
04-21 12:54:00.235 D/TrafficStats(30433): tagSocket(134) with statsTag=0xffffffff, statsUid=-1
04-21 12:54:00.269 I/ReactNativeJS(30017): '[runtime-state-sync-apply]', '{"direction":"master-to-slave","incomingSliceNames":["kernel.base.tdp-sync-runtime-v2.hot-update"],"appliedSliceNames":["kernel.base.tdp-sync-runtime-v2.hot-update"],"skippedSliceReasons":[]}'
04-21 12:54:00.279 I/assembly.assembly.android.mixc-retail-rn84(30433): [assembly.topology] Native topology host already matches desired lifecycle state {"displayCount":2,"displayIndex":0,"deviceId":"2N4QS8GYRS","instanceMode":"MASTER","enableSlave":true,"running":false,"reason":"not-master-or-single-primary-host"}
04-21 12:54:00.288 I/assembly.assembly.android.mixc-retail-rn84(30017): [assembly.topology] Native topology host already matches desired lifecycle state {"displayCount":2,"displayIndex":1,"deviceId":"2N4QS8GYRS","instanceMode":"SLAVE","enableSlave":false,"running":false,"reason":"not-master-or-single-primary-host"}
04-21 12:54:00.291 I/assembly.assembly.android.mixc-retail-rn84(30017): [assembly.topology] Native topology host already matches desired lifecycle state {"displayCount":2,"displayIndex":1,"deviceId":"2N4QS8GYRS","instanceMode":"SLAVE","enableSlave":false,"running":false,"reason":"not-master-or-single-primary-host"}
04-21 12:54:00.354 D/TrafficStats(30433): tagSocket(5) with statsTag=0xffffffff, statsUid=-1
04-21 12:54:00.365 D/TrafficStats(30433): tagSocket(134) with statsTag=0xffffffff, statsUid=-1
04-21 12:54:00.415 D/TrafficStats(30433): tagSocket(5) with statsTag=0xffffffff, statsUid=-1
04-21 12:54:00.433 D/TrafficStats(30433): tagSocket(5) with statsTag=0xffffffff, statsUid=-1
04-21 12:54:01.538 D/TrafficStats(30433): tagSocket(5) with statsTag=0xffffffff, statsUid=-1
04-21 12:54:01.556 D/TrafficStats(30433): tagSocket(5) with statsTag=0xffffffff, statsUid=-1
04-21 12:54:01.590 I/ReactNativeJS(30017): '[runtime-state-sync-apply]', '{"direction":"master-to-slave","incomingSliceNames":["kernel.base.tdp-sync-runtime-v2.hot-update"],"appliedSliceNames":["kernel.base.tdp-sync-runtime-v2.hot-update"],"skippedSliceReasons":[]}'
04-21 12:54:01.600 I/assembly.assembly.android.mixc-retail-rn84(30433): [assembly.topology] Native topology host already matches desired lifecycle state {"displayCount":2,"displayIndex":0,"deviceId":"2N4QS8GYRS","instanceMode":"MASTER","enableSlave":true,"running":false,"reason":"not-master-or-single-primary-host"}
04-21 12:54:01.612 I/assembly.assembly.android.mixc-retail-rn84(30017): [assembly.topology] Native topology host already matches desired lifecycle state {"displayCount":2,"displayIndex":1,"deviceId":"2N4QS8GYRS","instanceMode":"SLAVE","enableSlave":false,"running":false,"reason":"not-master-or-single-primary-host"}
04-21 12:54:01.612 I/MMKV    (30433): <MMKV_IO.cpp:609::writeActualSize> [mixc-retail-assembly-rn84::state] increase sequence to 175, crc 1311282884, actualSize 28819
04-21 12:54:01.612 I/MMKV    (30433): <MMKV.cpp:1208::sync> MMKV::sync, SyncFlag = 1
04-21 12:54:01.614 I/assembly.assembly.android.mixc-retail-rn84(30017): [assembly.topology] Native topology host already matches desired lifecycle state {"displayCount":2,"displayIndex":1,"deviceId":"2N4QS8GYRS","instanceMode":"SLAVE","enableSlave":false,"running":false,"reason":"not-master-or-single-primary-host"}
04-21 12:54:01.671 D/TrafficStats(30433): tagSocket(5) with statsTag=0xffffffff, statsUid=-1
04-21 12:54:01.684 D/TrafficStats(30433): tagSocket(148) with statsTag=0xffffffff, statsUid=-1
04-21 12:54:01.735 D/TrafficStats(30433): tagSocket(5) with statsTag=0xffffffff, statsUid=-1
04-21 12:54:01.754 D/TrafficStats(30433): tagSocket(5) with statsTag=0xffffffff, statsUid=-1
04-21 12:54:02.217 E/android.hardware.graphics.composer3-service.rockchip(  344): wait,line=113 wait callback timeout
04-21 12:54:02.409 E/WifiStaIfaceAidlImpl(  888): getLinkLayerStats failed with service-specific exception: android.os.ServiceSpecificException: unknown error (code 9)
04-21 12:54:02.858 D/TrafficStats(30433): tagSocket(5) with statsTag=0xffffffff, statsUid=-1
04-21 12:54:02.875 D/TrafficStats(30433): tagSocket(5) with statsTag=0xffffffff, statsUid=-1
04-21 12:54:02.910 I/ReactNativeJS(30017): '[runtime-state-sync-apply]', '{"direction":"master-to-slave","incomingSliceNames":["kernel.base.tdp-sync-runtime-v2.hot-update"],"appliedSliceNames":["kernel.base.tdp-sync-runtime-v2.hot-update"],"skippedSliceReasons":[]}'
04-21 12:54:02.920 I/assembly.assembly.android.mixc-retail-rn84(30433): [assembly.topology] Native topology host already matches desired lifecycle state {"displayCount":2,"displayIndex":0,"deviceId":"2N4QS8GYRS","instanceMode":"MASTER","enableSlave":true,"running":false,"reason":"not-master-or-single-primary-host"}
04-21 12:54:02.932 I/assembly.assembly.android.mixc-retail-rn84(30017): [assembly.topology] Native topology host already matches desired lifecycle state {"displayCount":2,"displayIndex":1,"deviceId":"2N4QS8GYRS","instanceMode":"SLAVE","enableSlave":false,"running":false,"reason":"not-master-or-single-primary-host"}
04-21 12:54:02.934 I/assembly.assembly.android.mixc-retail-rn84(30017): [assembly.topology] Native topology host already matches desired lifecycle state {"displayCount":2,"displayIndex":1,"deviceId":"2N4QS8GYRS","instanceMode":"SLAVE","enableSlave":false,"running":false,"reason":"not-master-or-single-primary-host"}
04-21 12:54:02.943 I/MMKV    (30433): <MMKV_IO.cpp:609::writeActualSize> [mixc-retail-assembly-rn84::state] increase sequence to 176, crc 3529577779, actualSize 28874
04-21 12:54:02.944 I/MMKV    (30433): <MMKV.cpp:1208::sync> MMKV::sync, SyncFlag = 1
04-21 12:54:03.006 D/TrafficStats(30433): tagSocket(5) with statsTag=0xffffffff, statsUid=-1
04-21 12:54:03.021 D/TrafficStats(30433): tagSocket(5) with statsTag=0xffffffff, statsUid=-1
04-21 12:54:03.080 D/TrafficStats(30433): tagSocket(5) with statsTag=0xffffffff, statsUid=-1
04-21 12:54:03.098 D/TrafficStats(30433): tagSocket(5) with statsTag=0xffffffff, statsUid=-1
04-21 12:54:04.196 D/TrafficStats(30433): tagSocket(5) with statsTag=0xffffffff, statsUid=-1
04-21 12:54:04.214 D/TrafficStats(30433): tagSocket(5) with statsTag=0xffffffff, statsUid=-1
04-21 12:54:04.248 I/ReactNativeJS(30017): '[runtime-state-sync-apply]', '{"direction":"master-to-slave","incomingSliceNames":["kernel.base.tdp-sync-runtime-v2.hot-update"],"appliedSliceNames":["kernel.base.tdp-sync-runtime-v2.hot-update"],"skippedSliceReasons":[]}'
04-21 12:54:04.257 I/assembly.assembly.android.mixc-retail-rn84(30433): [assembly.topology] Native topology host already matches desired lifecycle state {"displayCount":2,"displayIndex":0,"deviceId":"2N4QS8GYRS","instanceMode":"MASTER","enableSlave":true,"running":false,"reason":"not-master-or-single-primary-host"}
04-21 12:54:04.268 I/assembly.assembly.android.mixc-retail-rn84(30017): [assembly.topology] Native topology host already matches desired lifecycle state {"displayCount":2,"displayIndex":1,"deviceId":"2N4QS8GYRS","instanceMode":"SLAVE","enableSlave":false,"running":false,"reason":"not-master-or-single-primary-host"}
04-21 12:54:04.271 I/assembly.assembly.android.mixc-retail-rn84(30017): [assembly.topology] Native topology host already matches desired lifecycle state {"displayCount":2,"displayIndex":1,"deviceId":"2N4QS8GYRS","instanceMode":"SLAVE","enableSlave":false,"running":false,"reason":"not-master-or-single-primary-host"}
04-21 12:54:04.281 I/MMKV    (30433): <MMKV_IO.cpp:609::writeActualSize> [mixc-retail-assembly-rn84::state] increase sequence to 177, crc 1522930452, actualSize 28929
04-21 12:54:04.281 I/MMKV    (30433): <MMKV.cpp:1208::sync> MMKV::sync, SyncFlag = 1
04-21 12:54:04.342 D/TrafficStats(30433): tagSocket(5) with statsTag=0xffffffff, statsUid=-1
04-21 12:54:04.357 D/TrafficStats(30433): tagSocket(5) with statsTag=0xffffffff, statsUid=-1
04-21 12:54:04.417 D/TrafficStats(30433): tagSocket(5) with statsTag=0xffffffff, statsUid=-1
04-21 12:54:04.435 D/TrafficStats(30433): tagSocket(5) with statsTag=0xffffffff, statsUid=-1
04-21 12:54:05.421 E/WifiStaIfaceAidlImpl(  888): getLinkLayerStats failed with service-specific exception: android.os.ServiceSpecificException: unknown error (code 9)
04-21 12:54:05.536 D/TrafficStats(30433): tagSocket(5) with statsTag=0xffffffff, statsUid=-1
04-21 12:54:05.554 D/TrafficStats(30433): tagSocket(5) with statsTag=0xffffffff, statsUid=-1
04-21 12:54:05.589 I/ReactNativeJS(30017): '[runtime-state-sync-apply]', '{"direction":"master-to-slave","incomingSliceNames":["kernel.base.tdp-sync-runtime-v2.hot-update"],"appliedSliceNames":["kernel.base.tdp-sync-runtime-v2.hot-update"],"skippedSliceReasons":[]}'
04-21 12:54:05.596 I/assembly.assembly.android.mixc-retail-rn84(30433): [assembly.topology] Native topology host already matches desired lifecycle state {"displayCount":2,"displayIndex":0,"deviceId":"2N4QS8GYRS","instanceMode":"MASTER","enableSlave":true,"running":false,"reason":"not-master-or-single-primary-host"}
04-21 12:54:05.604 I/assembly.assembly.android.mixc-retail-rn84(30017): [assembly.topology] Native topology host already matches desired lifecycle state {"displayCount":2,"displayIndex":1,"deviceId":"2N4QS8GYRS","instanceMode":"SLAVE","enableSlave":false,"running":false,"reason":"not-master-or-single-primary-host"}
04-21 12:54:05.608 I/assembly.assembly.android.mixc-retail-rn84(30017): [assembly.topology] Native topology host already matches desired lifecycle state {"displayCount":2,"displayIndex":1,"deviceId":"2N4QS8GYRS","instanceMode":"SLAVE","enableSlave":false,"running":false,"reason":"not-master-or-single-primary-host"}
04-21 12:54:05.624 I/MMKV    (30433): <MMKV_IO.cpp:609::writeActualSize> [mixc-retail-assembly-rn84::state] increase sequence to 178, crc 1454928447, actualSize 29039
04-21 12:54:05.624 I/MMKV    (30433): <MMKV.cpp:1208::sync> MMKV::sync, SyncFlag = 1
04-21 12:54:05.681 D/TrafficStats(30433): tagSocket(5) with statsTag=0xffffffff, statsUid=-1
04-21 12:54:05.700 D/TrafficStats(30433): tagSocket(5) with statsTag=0xffffffff, statsUid=-1
04-21 12:54:05.760 D/TrafficStats(30433): tagSocket(5) with statsTag=0xffffffff, statsUid=-1
04-21 12:54:05.781 D/TrafficStats(30433): tagSocket(5) with statsTag=0xffffffff, statsUid=-1
04-21 12:54:06.872 D/TrafficStats(30433): tagSocket(5) with statsTag=0xffffffff, statsUid=-1
04-21 12:54:06.889 D/TrafficStats(30433): tagSocket(148) with statsTag=0xffffffff, statsUid=-1
04-21 12:54:06.924 I/ReactNativeJS(30017): '[runtime-state-sync-apply]', '{"direction":"master-to-slave","incomingSliceNames":["kernel.base.tdp-sync-runtime-v2.hot-update"],"appliedSliceNames":["kernel.base.tdp-sync-runtime-v2.hot-update"],"skippedSliceReasons":[]}'
04-21 12:54:06.933 I/assembly.assembly.android.mixc-retail-rn84(30433): [assembly.topology] Native topology host already matches desired lifecycle state {"displayCount":2,"displayIndex":0,"deviceId":"2N4QS8GYRS","instanceMode":"MASTER","enableSlave":true,"running":false,"reason":"not-master-or-single-primary-host"}
04-21 12:54:06.939 I/assembly.assembly.android.mixc-retail-rn84(30017): [assembly.topology] Native topology host already matches desired lifecycle state {"displayCount":2,"displayIndex":1,"deviceId":"2N4QS8GYRS","instanceMode":"SLAVE","enableSlave":false,"running":false,"reason":"not-master-or-single-primary-host"}
04-21 12:54:06.942 I/assembly.assembly.android.mixc-retail-rn84(30017): [assembly.topology] Native topology host already matches desired lifecycle state {"displayCount":2,"displayIndex":1,"deviceId":"2N4QS8GYRS","instanceMode":"SLAVE","enableSlave":false,"running":false,"reason":"not-master-or-single-primary-host"}
04-21 12:54:07.007 D/TrafficStats(30433): tagSocket(5) with statsTag=0xffffffff, statsUid=-1
04-21 12:54:07.019 D/TrafficStats(30433): tagSocket(5) with statsTag=0xffffffff, statsUid=-1
04-21 12:54:07.065 I/ailassemblyrn84(30433): Background concurrent mark compact GC freed 17677(2257KB) AllocSpace objects, 77(1540KB) LOS objects, 49% free, 3705KB/7410KB, paused 794us,5.623ms total 56.074ms
04-21 12:54:07.068 D/TrafficStats(30433): tagSocket(5) with statsTag=0xffffffff, statsUid=-1
04-21 12:54:07.075 D/TrafficStats(30433): tagSocket(5) with statsTag=0xffffffff, statsUid=-1
04-21 12:54:08.171 D/TrafficStats(30433): tagSocket(5) with statsTag=0xffffffff, statsUid=-1
04-21 12:54:08.190 D/TrafficStats(30433): tagSocket(5) with statsTag=0xffffffff, statsUid=-1
04-21 12:54:08.223 I/ReactNativeJS(30017): '[runtime-state-sync-apply]', '{"direction":"master-to-slave","incomingSliceNames":["kernel.base.tdp-sync-runtime-v2.hot-update"],"appliedSliceNames":["kernel.base.tdp-sync-runtime-v2.hot-update"],"skippedSliceReasons":[]}'
04-21 12:54:08.231 I/assembly.assembly.android.mixc-retail-rn84(30433): [assembly.topology] Native topology host already matches desired lifecycle state {"displayCount":2,"displayIndex":0,"deviceId":"2N4QS8GYRS","instanceMode":"MASTER","enableSlave":true,"running":false,"reason":"not-master-or-single-primary-host"}
04-21 12:54:08.238 I/MMKV    (30433): <MMKV_IO.cpp:609::writeActualSize> [mixc-retail-assembly-rn84::state] increase sequence to 179, crc 2954490391, actualSize 29094
04-21 12:54:08.238 I/MMKV    (30433): <MMKV.cpp:1208::sync> MMKV::sync, SyncFlag = 1
04-21 12:54:08.242 I/assembly.assembly.android.mixc-retail-rn84(30017): [assembly.topology] Native topology host already matches desired lifecycle state {"displayCount":2,"displayIndex":1,"deviceId":"2N4QS8GYRS","instanceMode":"SLAVE","enableSlave":false,"running":false,"reason":"not-master-or-single-primary-host"}
04-21 12:54:08.246 I/assembly.assembly.android.mixc-retail-rn84(30017): [assembly.topology] Native topology host already matches desired lifecycle state {"displayCount":2,"displayIndex":1,"deviceId":"2N4QS8GYRS","instanceMode":"SLAVE","enableSlave":false,"running":false,"reason":"not-master-or-single-primary-host"}
04-21 12:54:08.305 D/TrafficStats(30433): tagSocket(5) with statsTag=0xffffffff, statsUid=-1
04-21 12:54:08.317 D/TrafficStats(30433): tagSocket(5) with statsTag=0xffffffff, statsUid=-1
04-21 12:54:08.367 D/TrafficStats(30433): tagSocket(5) with statsTag=0xffffffff, statsUid=-1
04-21 12:54:08.385 D/TrafficStats(30433): tagSocket(5) with statsTag=0xffffffff, statsUid=-1
04-21 12:54:08.433 E/WifiStaIfaceAidlImpl(  888): getLinkLayerStats failed with service-specific exception: android.os.ServiceSpecificException: unknown error (code 9)
04-21 12:54:09.487 D/TrafficStats(30433): tagSocket(5) with statsTag=0xffffffff, statsUid=-1
04-21 12:54:09.504 D/TrafficStats(30433): tagSocket(5) with statsTag=0xffffffff, statsUid=-1
04-21 12:54:09.540 I/ReactNativeJS(30017): '[runtime-state-sync-apply]', '{"direction":"master-to-slave","incomingSliceNames":["kernel.base.tdp-sync-runtime-v2.hot-update"],"appliedSliceNames":["kernel.base.tdp-sync-runtime-v2.hot-update"],"skippedSliceReasons":[]}'
04-21 12:54:09.548 I/assembly.assembly.android.mixc-retail-rn84(30433): [assembly.topology] Native topology host already matches desired lifecycle state {"displayCount":2,"displayIndex":0,"deviceId":"2N4QS8GYRS","instanceMode":"MASTER","enableSlave":true,"running":false,"reason":"not-master-or-single-primary-host"}
04-21 12:54:09.556 I/assembly.assembly.android.mixc-retail-rn84(30017): [assembly.topology] Native topology host already matches desired lifecycle state {"displayCount":2,"displayIndex":1,"deviceId":"2N4QS8GYRS","instanceMode":"SLAVE","enableSlave":false,"running":false,"reason":"not-master-or-single-primary-host"}
04-21 12:54:09.559 I/assembly.assembly.android.mixc-retail-rn84(30017): [assembly.topology] Native topology host already matches desired lifecycle state {"displayCount":2,"displayIndex":1,"deviceId":"2N4QS8GYRS","instanceMode":"SLAVE","enableSlave":false,"running":false,"reason":"not-master-or-single-primary-host"}
04-21 12:54:09.566 I/MMKV    (30433): <MMKV_IO.cpp:609::writeActualSize> [mixc-retail-assembly-rn84::state] increase sequence to 180, crc 2822960760, actualSize 29149
04-21 12:54:09.566 I/MMKV    (30433): <MMKV.cpp:1208::sync> MMKV::sync, SyncFlag = 1
04-21 12:54:09.577 I/MMKV    (30433): <MMKV_IO.cpp:609::writeActualSize> [mixc-retail-assembly-rn84::secure-state] increase sequence to 13, crc 6081644, actualSize 259
04-21 12:54:09.577 I/MMKV    (30433): <MMKV.cpp:1208::sync> MMKV::sync, SyncFlag = 1
04-21 12:54:09.623 D/TrafficStats(30433): tagSocket(5) with statsTag=0xffffffff, statsUid=-1
