04-21 12:54:29.534 D/android.hardware.graphics.allocator-V1-service(  342): got new private_handle_t instance for buffer 'FramebufferSurface'. share_fd : 10, share_attr_fd : 11, width : 1920, height : 1080, req_format : 0x1, producer_usage : 0x20001a00, consumer_usage : 0x20001a00, , stride : 0, alloc_format_base: 1, alloc_format_modifiers: 0x00000000, size : 8294400, layer_count : 1, backing_store_id: 0x15600006101
04-21 12:54:29.534 D/android.hardware.graphics.allocator-V1-service(  342): plane_info[0]: offset : 0, byte_stride : 7680, alloc_width : 1920, alloc_height : 1080
04-21 12:54:29.534 D/android.hardware.graphics.allocator-V1-service(  342): plane_info[1]: offset : 0, byte_stride : 0, alloc_width : 0, alloc_height : 0
04-21 12:54:29.541 W/unknown:BridgelessReact(30614): ReactHost{0}.getOrCreateReactInstanceTask(): Loading JS Bundle
04-21 12:54:29.542 W/unknown:BridgelessReact(30614): ReactHost{0}.getOrCreateReactInstanceTask(): DevSupportManager.onNewReactContextCreated()
04-21 12:54:29.542 W/unknown:BridgelessReact(30614): ReactHost{0}.startSurface(surfaceId = 0): Execute
04-21 12:54:29.542 D/CoreBackPreview(  888): Window{90aefe7 u0 com.impos2.mixcretailassemblyrn84/com.impos2.mixcretailassemblyrn84.MainActivity}: Setting back callback OnBackInvokedCallbackInfo{mCallback=android.window.IOnBackInvokedCallback$Stub$Proxy@bd7723d, mPriority=0, mIsAnimationCallback=false}
04-21 12:54:29.548 I/android.hardware.graphics.allocator-V1-service(  342): alloc_format: RGBA_8888 + Datatype: UNORM
04-21 12:54:29.548 I/android.hardware.graphics.allocator-V1-service(  342): mali_gralloc_adjust_dimensions: alloc_format=RGBA_8888 + Datatype: UNORM usage=RENDER + FRAMEBUFFER + HWC + Unknown usage: 0x20000000 alloc_width=1920, alloc_height=1080
04-21 12:54:29.549 D/android.hardware.graphics.allocator-V1-service(  342): got new private_handle_t instance for buffer 'FramebufferSurface'. share_fd : 10, share_attr_fd : 11, width : 1920, height : 1080, req_format : 0x1, producer_usage : 0x20001a00, consumer_usage : 0x20001a00, , stride : 0, alloc_format_base: 1, alloc_format_modifiers: 0x00000000, size : 8294400, layer_count : 1, backing_store_id: 0x15600006102
04-21 12:54:29.549 D/android.hardware.graphics.allocator-V1-service(  342): plane_info[0]: offset : 0, byte_stride : 7680, alloc_width : 1920, alloc_height : 1080
04-21 12:54:29.549 D/android.hardware.graphics.allocator-V1-service(  342): plane_info[1]: offset : 0, byte_stride : 0, alloc_width : 0, alloc_height : 0
04-21 12:54:29.556 I/ReactNativeJS(30614): Running "MixcRetailAssemblyRN84"
04-21 12:54:29.557 W/ActivityManager(  888): pid 888 system sent binder code 3 with flags 1 to frozen apps and got error -32
04-21 12:54:29.557 W/WindowManager(  888): Failed to deliver inset control state change to w=Window{97e022c u0 com.impos2.mixcretailassemblyrn84/com.impos2.mixcretailassemblyrn84.MainActivity EXITING}
04-21 12:54:29.557 W/WindowManager(  888): android.os.DeadObjectException
04-21 12:54:29.557 W/WindowManager(  888): 	at android.os.BinderProxy.transactNative(Native Method)
04-21 12:54:29.557 W/WindowManager(  888): 	at android.os.BinderProxy.transact(BinderProxy.java:584)
04-21 12:54:29.557 W/WindowManager(  888): 	at android.view.IWindow$Stub$Proxy.insetsControlChanged(IWindow.java:479)
04-21 12:54:29.557 W/WindowManager(  888): 	at com.android.server.wm.WindowState.notifyInsetsControlChanged(WindowState.java:3840)
04-21 12:54:29.557 W/WindowManager(  888): 	at com.android.server.wm.InsetsStateController.lambda$notifyPendingInsetsControlChanged$3(InsetsStateController.java:369)
04-21 12:54:29.557 W/WindowManager(  888): 	at com.android.server.wm.InsetsStateController.$r8$lambda$8yykPRG1GyNq_J17QvL9d5xANMc(InsetsStateController.java:0)
04-21 12:54:29.557 W/WindowManager(  888): 	at com.android.server.wm.InsetsStateController$$ExternalSyntheticLambda2.run(R8$$SyntheticClass:0)
04-21 12:54:29.557 W/WindowManager(  888): 	at com.android.server.wm.WindowAnimator.executeAfterPrepareSurfacesRunnables(WindowAnimator.java:294)
04-21 12:54:29.557 W/WindowManager(  888): 	at com.android.server.wm.RootWindowContainer.performSurfacePlacementNoTrace(RootWindowContainer.java:814)
04-21 12:54:29.557 W/WindowManager(  888): 	at com.android.server.wm.RootWindowContainer.performSurfacePlacement(RootWindowContainer.java:759)
04-21 12:54:29.557 W/WindowManager(  888): 	at com.android.server.wm.WindowSurfacePlacer.performSurfacePlacementLoop(WindowSurfacePlacer.java:177)
04-21 12:54:29.557 W/WindowManager(  888): 	at com.android.server.wm.WindowSurfacePlacer.performSurfacePlacement(WindowSurfacePlacer.java:126)
04-21 12:54:29.557 W/WindowManager(  888): 	at com.android.server.wm.WindowManagerService.relayoutWindow(WindowManagerService.java:2398)
04-21 12:54:29.557 W/WindowManager(  888): 	at com.android.server.wm.Session.relayout(Session.java:254)
04-21 12:54:29.557 W/WindowManager(  888): 	at android.view.IWindowSession$Stub.onTransact(IWindowSession.java:701)
04-21 12:54:29.557 W/WindowManager(  888): 	at com.android.server.wm.Session.onTransact(Session.java:183)
04-21 12:54:29.557 W/WindowManager(  888): 	at android.os.Binder.execTransactInternal(Binder.java:1358)
04-21 12:54:29.557 W/WindowManager(  888): 	at android.os.Binder.execTransact(Binder.java:1304)
04-21 12:54:29.566 I/android.hardware.graphics.allocator-V1-service(  342): alloc_format: RGBA_8888 + Datatype: UNORM
04-21 12:54:29.566 I/android.hardware.graphics.allocator-V1-service(  342): mali_gralloc_adjust_dimensions: alloc_format=RGBA_8888 + Datatype: UNORM usage=RENDER + FRAMEBUFFER + HWC + Unknown usage: 0x20000000 alloc_width=1920, alloc_height=1080
04-21 12:54:29.567 W/unknown:ViewManagerPropertyUpdater(30614): Could not find generated setter for class com.horcrux.svg.RenderableViewManager$DefsViewManager
04-21 12:54:29.569 D/android.hardware.graphics.allocator-V1-service(  342): got new private_handle_t instance for buffer 'FramebufferSurface'. share_fd : 10, share_attr_fd : 11, width : 1920, height : 1080, req_format : 0x1, producer_usage : 0x20001a00, consumer_usage : 0x20001a00, , stride : 0, alloc_format_base: 1, alloc_format_modifiers: 0x00000000, size : 8294400, layer_count : 1, backing_store_id: 0x15600006103
04-21 12:54:29.569 D/android.hardware.graphics.allocator-V1-service(  342): plane_info[0]: offset : 0, byte_stride : 7680, alloc_width : 1920, alloc_height : 1080
04-21 12:54:29.569 D/android.hardware.graphics.allocator-V1-service(  342): plane_info[1]: offset : 0, byte_stride : 0, alloc_width : 0, alloc_height : 0
04-21 12:54:29.574 W/unknown:ViewManagerPropertyUpdater(30614): Could not find generated setter for class com.horcrux.svg.VirtualViewManager$c
04-21 12:54:29.582 I/hwservicemanager(  287): getTransport: Cannot find entry android.hardware.graphics.allocator@4.0::IAllocator/default in either framework or device VINTF manifest.
04-21 12:54:29.582 W/unknown:ViewManagerPropertyUpdater(30614): Could not find generated setter for class com.horcrux.svg.RenderableViewManager$FeMergeManager
04-21 12:54:29.584 I/android.hardware.graphics.allocator-V1-service(  342): alloc_format: RGBA_8888 + AFBC + SPLIT + WIDE + SPARSE + Datatype: UNORM
04-21 12:54:29.584 I/android.hardware.graphics.allocator-V1-service(  342): mali_gralloc_adjust_dimensions: alloc_format=RGBA_8888 + AFBC + SPLIT + WIDE + SPARSE + Datatype: UNORM usage=TEXTURE + RENDER + HWC alloc_width=1920, alloc_height=1088
04-21 12:54:29.588 I/android.hardware.graphics.allocator-V1-service(  342): Writing AFBC header layout 0 for format 1, n_headers: 8160
04-21 12:54:29.588 D/android.hardware.graphics.allocator-V1-service(  342): got new private_handle_t instance for buffer 'VRI[MainActivity]#0(BLAST Consumer)0'. share_fd : 10, share_attr_fd : 11, width : 1920, height : 1080, req_format : 0x1, producer_usage : 0xb00, consumer_usage : 0xb00, , stride : 0, alloc_format_base: 1, alloc_format_modifiers: 0x04190000, size : 8486912, layer_count : 1, backing_store_id: 0x15600006104
04-21 12:54:29.588 D/android.hardware.graphics.allocator-V1-service(  342): plane_info[0]: offset : 0, byte_stride : 7680, alloc_width : 1920, alloc_height : 1088
04-21 12:54:29.588 D/android.hardware.graphics.allocator-V1-service(  342): plane_info[1]: offset : 0, byte_stride : 0, alloc_width : 0, alloc_height : 0
04-21 12:54:29.589 W/unknown:ViewManagerPropertyUpdater(30614): Could not find generated setter for class com.facebook.react.views.safeareaview.ReactSafeAreaViewManager
04-21 12:54:29.589 I/android.hardware.graphics.allocator-V1-service(  342): alloc_format: RGBA_8888 + AFBC + SPLIT + WIDE + SPARSE + Datatype: UNORM
04-21 12:54:29.589 I/android.hardware.graphics.allocator-V1-service(  342): mali_gralloc_adjust_dimensions: alloc_format=RGBA_8888 + AFBC + SPLIT + WIDE + SPARSE + Datatype: UNORM usage=TEXTURE + RENDER + HWC alloc_width=1920, alloc_height=1088
04-21 12:54:29.589 W/unknown:ViewManagerPropertyUpdater(30614): Could not find generated setter for class com.facebook.react.uimanager.V
04-21 12:54:29.591 I/android.hardware.graphics.allocator-V1-service(  342): Writing AFBC header layout 0 for format 1, n_headers: 8160
04-21 12:54:29.591 D/android.hardware.graphics.allocator-V1-service(  342): got new private_handle_t instance for buffer 'VRI[mixcretailassemblyrn84]#637(BLAST Consumer)637'. share_fd : 10, share_attr_fd : 11, width : 1920, height : 1080, req_format : 0x1, producer_usage : 0xb00, consumer_usage : 0xb00, , stride : 0, alloc_format_base: 1, alloc_format_modifiers: 0x04190000, size : 8486912, layer_count : 1, backing_store_id: 0x15600006105
04-21 12:54:29.591 D/android.hardware.graphics.allocator-V1-service(  342): plane_info[0]: offset : 0, byte_stride : 7680, alloc_width : 1920, alloc_height : 1088
04-21 12:54:29.591 D/android.hardware.graphics.allocator-V1-service(  342): plane_info[1]: offset : 0, byte_stride : 0, alloc_width : 0, alloc_height : 0
04-21 12:54:29.591 I/android.hardware.graphics.allocator-V1-service(  342): alloc_format: RGBA_8888 + AFBC + SPLIT + WIDE + SPARSE + Datatype: UNORM
04-21 12:54:29.591 I/android.hardware.graphics.allocator-V1-service(  342): mali_gralloc_adjust_dimensions: alloc_format=RGBA_8888 + AFBC + SPLIT + WIDE + SPARSE + Datatype: UNORM usage=TEXTURE + RENDER + HWC alloc_width=1920, alloc_height=1088
04-21 12:54:29.592 W/unknown:ViewManagerPropertyUpdater(30614): Could not find generated setter for class com.horcrux.svg.RenderableViewManager$LinearGradientManager
04-21 12:54:29.593 I/android.hardware.graphics.allocator-V1-service(  342): Writing AFBC header layout 0 for format 1, n_headers: 8160
04-21 12:54:29.594 D/android.hardware.graphics.allocator-V1-service(  342): got new private_handle_t instance for buffer 'VRI[MainActivity]#0(BLAST Consumer)0'. share_fd : 10, share_attr_fd : 11, width : 1920, height : 1080, req_format : 0x1, producer_usage : 0xb00, consumer_usage : 0xb00, , stride : 0, alloc_format_base: 1, alloc_format_modifiers: 0x04190000, size : 8486912, layer_count : 1, backing_store_id: 0x15600006106
04-21 12:54:29.594 D/android.hardware.graphics.allocator-V1-service(  342): plane_info[0]: offset : 0, byte_stride : 7680, alloc_width : 1920, alloc_height : 1088
04-21 12:54:29.594 D/android.hardware.graphics.allocator-V1-service(  342): plane_info[1]: offset : 0, byte_stride : 0, alloc_width : 0, alloc_height : 0
04-21 12:54:29.594 I/android.hardware.graphics.allocator-V1-service(  342): alloc_format: RGBA_8888 + AFBC + SPLIT + WIDE + SPARSE + Datatype: UNORM
04-21 12:54:29.594 I/android.hardware.graphics.allocator-V1-service(  342): mali_gralloc_adjust_dimensions: alloc_format=RGBA_8888 + AFBC + SPLIT + WIDE + SPARSE + Datatype: UNORM usage=TEXTURE + RENDER + HWC alloc_width=1920, alloc_height=1088
04-21 12:54:29.595 W/unknown:ViewManagerPropertyUpdater(30614): Could not find generated setter for class com.horcrux.svg.RenderableViewManager$FeGaussianBlurManager
04-21 12:54:29.596 I/android.hardware.graphics.allocator-V1-service(  342): Writing AFBC header layout 0 for format 1, n_headers: 8160
04-21 12:54:29.596 D/android.hardware.graphics.allocator-V1-service(  342): got new private_handle_t instance for buffer 'VRI[MainActivity]#0(BLAST Consumer)0'. share_fd : 10, share_attr_fd : 11, width : 1920, height : 1080, req_format : 0x1, producer_usage : 0xb00, consumer_usage : 0xb00, , stride : 0, alloc_format_base: 1, alloc_format_modifiers: 0x04190000, size : 8486912, layer_count : 1, backing_store_id: 0x15600006107
04-21 12:54:29.596 D/android.hardware.graphics.allocator-V1-service(  342): plane_info[0]: offset : 0, byte_stride : 7680, alloc_width : 1920, alloc_height : 1088
04-21 12:54:29.596 D/android.hardware.graphics.allocator-V1-service(  342): plane_info[1]: offset : 0, byte_stride : 0, alloc_width : 0, alloc_height : 0
04-21 12:54:29.599 W/unknown:ViewManagerPropertyUpdater(30614): Could not find generated setter for class com.facebook.react.views.progressbar.ReactProgressBarViewManager
04-21 12:54:29.599 W/unknown:ViewManagerPropertyUpdater(30614): Could not find generated setter for class com.facebook.react.views.progressbar.b
04-21 12:54:29.602 W/unknown:ViewManagerPropertyUpdater(30614): Could not find generated setter for class com.facebook.react.views.scroll.ReactHorizontalScrollViewManager
04-21 12:54:29.606 W/unknown:ViewManagerPropertyUpdater(30614): Could not find generated setter for class com.facebook.react.views.text.ReactTextViewManager
04-21 12:54:29.608 W/unknown:ViewManagerPropertyUpdater(30614): Could not find generated setter for class com.facebook.react.views.text.j
04-21 12:54:29.610 W/unknown:ViewManagerPropertyUpdater(30614): Could not find generated setter for class com.horcrux.svg.RenderableViewManager$FeColorMatrixManager
04-21 12:54:29.613 W/unknown:ViewManagerPropertyUpdater(30614): Could not find generated setter for class com.facebook.react.views.scroll.ReactHorizontalScrollContainerViewManager
04-21 12:54:29.618 W/unknown:ViewManagerPropertyUpdater(30614): Could not find generated setter for class com.horcrux.svg.RenderableViewManager$ClipPathViewManager
04-21 12:54:29.622 W/unknown:ViewManagerPropertyUpdater(30614): Could not find generated setter for class com.horcrux.svg.RenderableViewManager$SymbolManager
04-21 12:54:29.625 W/unknown:ViewManagerPropertyUpdater(30614): Could not find generated setter for class com.horcrux.svg.RenderableViewManager$PatternManager
04-21 12:54:29.629 W/unknown:ViewManagerPropertyUpdater(30614): Could not find generated setter for class com.horcrux.svg.RenderableViewManager$FeBlendManager
04-21 12:54:29.632 W/unknown:ViewManagerPropertyUpdater(30614): Could not find generated setter for class com.facebook.react.views.view.ReactViewManager
04-21 12:54:29.636 W/unknown:ViewManagerPropertyUpdater(30614): Could not find generated setter for class com.horcrux.svg.SvgViewManager
04-21 12:54:29.639 W/unknown:ViewManagerPropertyUpdater(30614): Could not find generated setter for class com.facebook.react.views.switchview.ReactSwitchManager
04-21 12:54:29.640 W/unknown:ViewManagerPropertyUpdater(30614): Could not find generated setter for class com.facebook.react.views.switchview.d
04-21 12:54:29.642 W/unknown:ViewManagerPropertyUpdater(30614): Could not find generated setter for class com.horcrux.svg.RenderableViewManager$UseViewManager
04-21 12:54:29.645 W/unknown:ViewManagerPropertyUpdater(30614): Could not find generated setter for class com.horcrux.svg.RenderableViewManager$CircleViewManager
04-21 12:54:29.646 W/unknown:BridgelessReact(30614): ReactHost{0}.ReactContext.onHostResume()
04-21 12:54:29.646 W/unknown:BridgelessReact(30614): ReactHost{0}.getOrCreateReactInstanceTask(): Executing ReactInstanceEventListeners
04-21 12:54:29.647 W/unknown:ViewManagerPropertyUpdater(30614): Could not find generated setter for class com.facebook.react.uimanager.RootViewManager
04-21 12:54:29.649 W/unknown:ViewManagerPropertyUpdater(30614): Could not find generated setter for class com.horcrux.svg.RenderableViewManager$TSpanViewManager
04-21 12:54:29.651 I/ActivityTaskManager(  888): Displayed com.impos2.mixcretailassemblyrn84/.MainActivity for user 0: +499ms
04-21 12:54:29.655 W/unknown:ViewManagerPropertyUpdater(30614): Could not find generated setter for class com.horcrux.svg.RenderableViewManager$FilterManager
04-21 12:54:29.658 W/unknown:ViewManagerPropertyUpdater(30614): Could not find generated setter for class com.horcrux.svg.RenderableViewManager$MarkerManager
04-21 12:54:29.662 W/unknown:ViewManagerPropertyUpdater(30614): Could not find generated setter for class com.facebook.react.views.modal.ReactModalHostManager
04-21 12:54:29.666 W/unknown:ViewManagerPropertyUpdater(30614): Could not find generated setter for class com.horcrux.svg.RenderableViewManager$ForeignObjectManager
04-21 12:54:29.670 I/android.hardware.graphics.allocator-V1-service(  342): alloc_format: RGBA_8888 + AFBC + SPLIT + WIDE + SPARSE + Datatype: UNORM
04-21 12:54:29.670 I/android.hardware.graphics.allocator-V1-service(  342): mali_gralloc_adjust_dimensions: alloc_format=RGBA_8888 + AFBC + SPLIT + WIDE + SPARSE + Datatype: UNORM usage=TEXTURE + RENDER + HWC alloc_width=1920, alloc_height=1088
04-21 12:54:29.670 W/unknown:ViewManagerPropertyUpdater(30614): Could not find generated setter for class com.horcrux.svg.RenderableViewManager$EllipseViewManager
04-21 12:54:29.671 I/android.hardware.graphics.allocator-V1-service(  342): Writing AFBC header layout 0 for format 1, n_headers: 8160
04-21 12:54:29.672 D/android.hardware.graphics.allocator-V1-service(  342): got new private_handle_t instance for buffer 'VRI[mixcretailassemblyrn84]#637(BLAST Consumer)637'. share_fd : 10, share_attr_fd : 11, width : 1920, height : 1080, req_format : 0x1, producer_usage : 0xb00, consumer_usage : 0xb00, , stride : 0, alloc_format_base: 1, alloc_format_modifiers: 0x04190000, size : 8486912, layer_count : 1, backing_store_id: 0x15600006108
04-21 12:54:29.672 D/android.hardware.graphics.allocator-V1-service(  342): plane_info[0]: offset : 0, byte_stride : 7680, alloc_width : 1920, alloc_height : 1088
04-21 12:54:29.672 D/android.hardware.graphics.allocator-V1-service(  342): plane_info[1]: offset : 0, byte_stride : 0, alloc_width : 0, alloc_height : 0
04-21 12:54:29.673 D/CompatibilityChangeReporter(  888): Compat change id reported: 214016041; UID 10139; state: ENABLED
04-21 12:54:29.673 I/ImeTracker(  888): com.impos2.mixcretailassemblyrn84:5f93dbdd: onRequestHide at ORIGIN_SERVER_HIDE_INPUT reason HIDE_UNSPECIFIED_WINDOW
04-21 12:54:29.673 W/unknown:ViewManagerPropertyUpdater(30614): Could not find generated setter for class com.horcrux.svg.RenderableViewManager$LineViewManager
04-21 12:54:29.674 I/ImeTracker(  888): com.impos2.mixcretailassemblyrn84:5f93dbdd: onCancelled at PHASE_SERVER_SHOULD_HIDE
04-21 12:54:29.675 I/GoogleInputMethodService( 1750): GoogleInputMethodService.onDestroy():1487 
04-21 12:54:29.675 W/libprocessgroup(  888): SetCgroup::ExecuteForProcess: failed to open /dev/stune/background/cgroup.procs: No such file or directory
04-21 12:54:29.676 I/HardKeyTracker( 1750): HardKeyTracker.unregisterKeySequence():183 Unregister key sequence lmm{labelResId=2132019861, callback=bzi@898060a, lastModifier=2, keyCodes=[47], actions=[0]}
04-21 12:54:29.676 I/ModuleManager( 1750): ModuleManager$ModuleInitListener.maybeUnloadModuleOnUnavailable():1288 module dlu is unavailable
04-21 12:54:29.677 I/ModuleManager( 1750): ModuleManager$ModuleInitListener.maybeUnloadModuleOnUnavailable():1288 module kde is unavailable
04-21 12:54:29.677 I/ModuleManager( 1750): ModuleManager$ModuleInitListener.maybeUnloadModuleOnUnavailable():1288 module kof is unavailable
04-21 12:54:29.677 I/HardKeyTracker( 1750): HardKeyTracker.unregisterKeySequence():183 Unregister key sequence lmm{labelResId=0, callback=jvl@1d1c4f1, lastModifier=0, keyCodes=[204], actions=[0]}
04-21 12:54:29.677 W/unknown:ViewManagerPropertyUpdater(30614): Could not find generated setter for class com.facebook.react.views.text.frescosupport.FrescoBasedReactTextInlineImageViewManager
04-21 12:54:29.678 I/ModuleManager( 1750): ModuleManager$ModuleInitListener.maybeUnloadModuleOnUnavailable():1288 module koj is unavailable
04-21 12:54:29.678 I/ModuleManager( 1750): ModuleManager$ModuleInitListener.maybeUnloadModuleOnUnavailable():1288 module lqb is unavailable
04-21 12:54:29.678 I/ModuleManager( 1750): ModuleManager$ModuleInitListener.maybeUnloadModuleOnUnavailable():1288 module jia is unavailable
04-21 12:54:29.678 W/unknown:ViewManagerPropertyUpdater(30614): Could not find generated setter for class com.facebook.react.views.text.frescosupport.a
04-21 12:54:29.679 I/android.hardware.graphics.allocator-V1-service(  342): alloc_format: RGBA_8888 + AFBC + SPLIT + WIDE + SPARSE + Datatype: UNORM
04-21 12:54:29.679 W/libprocessgroup(  888): SetCgroup::ExecuteForProcess: failed to open /dev/stune/top-app/cgroup.procs: No such file or directory
04-21 12:54:29.679 I/android.hardware.graphics.allocator-V1-service(  342): mali_gralloc_adjust_dimensions: alloc_format=RGBA_8888 + AFBC + SPLIT + WIDE + SPARSE + Datatype: UNORM usage=TEXTURE + RENDER + HWC alloc_width=1920, alloc_height=1088
04-21 12:54:29.679 I/EmojifyExtensionImpl( 1750): EmojifyExtensionImpl.onDestroy():603 Destroying Emojify extension egx@fee2534.
04-21 12:54:29.680 I/ModuleManager( 1750): ModuleManager$ModuleInitListener.maybeUnloadModuleOnUnavailable():1288 module dog is unavailable
04-21 12:54:29.680 I/ModuleManager( 1750): ModuleManager$ModuleInitListener.maybeUnloadModuleOnUnavailable():1288 module gqs is unavailable
04-21 12:54:29.680 I/ModuleManager( 1750): ModuleManager$ModuleInitListener.maybeUnloadModuleOnUnavailable():1288 module ech is unavailable
04-21 12:54:29.681 W/AccessPointsManager( 1750): AccessPointsManager.removeAccessPoint():918 The holder controller #0x7f0b2098 is not registered
04-21 12:54:29.681 I/ModuleManager( 1750): ModuleManager$ModuleInitListener.maybeUnloadModuleOnUnavailable():1288 module dlz is unavailable
04-21 12:54:29.681 W/unknown:ViewManagerPropertyUpdater(30614): Could not find generated setter for class com.horcrux.svg.RenderableViewManager$FeFloodManager
04-21 12:54:29.681 I/AccessPointsListHolderController( 1750): AccessPointsListHolderController.removeAccessPoint():345 The access point textediting is not added
04-21 12:54:29.681 I/android.hardware.graphics.allocator-V1-service(  342): Writing AFBC header layout 0 for format 1, n_headers: 8160
04-21 12:54:29.681 I/ModuleManager( 1750): ModuleManager$ModuleInitListener.maybeUnloadModuleOnUnavailable():1288 module gmv is unavailable
04-21 12:54:29.681 I/AccessPointsListHolderController( 1750): AccessPointsListHolderController.removeAccessPoint():345 The access point settings is not added
04-21 12:54:29.682 D/android.hardware.graphics.allocator-V1-service(  342): got new private_handle_t instance for buffer 'VRI[mixcretailassemblyrn84]#637(BLAST Consumer)637'. share_fd : 10, share_attr_fd : 11, width : 1920, height : 1080, req_format : 0x1, producer_usage : 0xb00, consumer_usage : 0xb00, , stride : 0, alloc_format_base: 1, alloc_format_modifiers: 0x04190000, size : 8486912, layer_count : 1, backing_store_id: 0x15600006109
04-21 12:54:29.682 D/android.hardware.graphics.allocator-V1-service(  342): plane_info[0]: offset : 0, byte_stride : 7680, alloc_width : 1920, alloc_height : 1088
04-21 12:54:29.682 I/ModuleManager( 1750): ModuleManager$ModuleInitListener.maybeUnloadModuleOnUnavailable():1288 module llz is unavailable
04-21 12:54:29.682 D/android.hardware.graphics.allocator-V1-service(  342): plane_info[1]: offset : 0, byte_stride : 0, alloc_width : 0, alloc_height : 0
04-21 12:54:29.682 I/AccessPointsListHolderController( 1750): AccessPointsListHolderController.removeAccessPoint():345 The access point theme_setting is not added
04-21 12:54:29.682 I/ModuleManager( 1750): ModuleManager$ModuleInitListener.maybeUnloadModuleOnUnavailable():1288 module ltc is unavailable
04-21 12:54:29.682 I/ModuleManager( 1750): ModuleManager$ModuleInitListener.maybeUnloadModuleOnUnavailable():1288 module fxu is unavailable
04-21 12:54:29.682 I/ModuleManager( 1750): ModuleManager$ModuleInitListener.maybeUnloadModuleOnUnavailable():1288 module eol is unavailable
04-21 12:54:29.682 I/ModuleManager( 1750): ModuleManager$ModuleInitListener.maybeUnloadModuleOnUnavailable():1288 module egk is unavailable
04-21 12:54:29.682 I/AbstractOpenableExtension( 1750): AbstractOpenableExtension.maybeDestroyExistingKeyboardGroupManager():535 Destroy existing keyboard group manager in fxd
04-21 12:54:29.683 I/ModuleManager( 1750): ModuleManager$ModuleInitListener.maybeUnloadModuleOnUnavailable():1288 module FastAccessBarExtension is unavailable
04-21 12:54:29.683 I/ModuleManager( 1750): ModuleManager$ModuleInitListener.maybeUnloadModuleOnUnavailable():1288 module IBitmojiExtension is unavailable
04-21 12:54:29.683 I/ModuleManager( 1750): ModuleManager$ModuleInitListener.maybeUnloadModuleOnUnavailable():1288 module ftp is unavailable
04-21 12:54:29.683 I/ModuleManager( 1750): ModuleManager$ModuleInitListener.maybeUnloadModuleOnUnavailable():1288 module IUniversalMediaExtension is unavailable
04-21 12:54:29.683 I/ModuleManager( 1750): ModuleManager$ModuleInitListener.maybeUnloadModuleOnUnavailable():1288 module fhh is unavailable
04-21 12:54:29.683 I/ModuleManager( 1750): ModuleManager$ModuleInitListener.maybeUnloadModuleOnUnavailable():1288 module edj is unavailable
04-21 12:54:29.683 I/ModuleManager( 1750): ModuleManager$ModuleInitListener.maybeUnloadModuleOnUnavailable():1288 module eff is unavailable
04-21 12:54:29.684 I/ModuleManager( 1750): ModuleManager$ModuleInitListener.maybeUnloadModuleOnUnavailable():1288 module eyf is unavailable
04-21 12:54:29.684 W/unknown:ViewManagerPropertyUpdater(30614): Could not find generated setter for class com.horcrux.svg.RenderableViewManager$GroupViewManager
04-21 12:54:29.684 I/InputActionMetricsProcessor( 1750): InputActionMetricsProcessor.onDetached():96 Detached from metrics manager.
04-21 12:54:29.685 I/ModuleManager( 1750): ModuleManager$ModuleInitListener.maybeUnloadModuleOnUnavailable():1288 module ffu is unavailable
04-21 12:54:29.686 I/JapaneseMozcExtension( 1750): JapaneseMozcExtension.onDestroy():52 
04-21 12:54:29.686 I/ModuleManager( 1750): ModuleManager$ModuleInitListener.maybeUnloadModuleOnUnavailable():1288 module fkk is unavailable
04-21 12:54:29.687 I/ModuleManager( 1750): ModuleManager$ModuleInitListener.maybeUnloadModuleOnUnavailable():1288 module frr is unavailable
04-21 12:54:29.688 I/ModuleManager( 1750): ModuleManager$ModuleInitListener.maybeUnloadModuleOnUnavailable():1288 module fsu is unavailable
04-21 12:54:29.688 I/ModuleManager( 1750): ModuleManager$ModuleInitListener.maybeUnloadModuleOnUnavailable():1288 module IEmojiOrGifExtension is unavailable
04-21 12:54:29.688 I/ModuleManager( 1750): ModuleManager$ModuleInitListener.maybeUnloadModuleOnUnavailable():1288 module IEmoticonExtension is unavailable
04-21 12:54:29.689 I/ModuleManager( 1750): ModuleManager$ModuleInitListener.maybeUnloadModuleOnUnavailable():1288 module fwa is unavailable
04-21 12:54:29.689 W/unknown:ViewManagerPropertyUpdater(30614): Could not find generated setter for class com.horcrux.svg.RenderableViewManager$TextViewManager
04-21 12:54:29.689 I/ModuleManager( 1750): ModuleManager$ModuleInitListener.maybeUnloadModuleOnUnavailable():1288 module fzk is unavailable
04-21 12:54:29.689 I/ModuleManager( 1750): ModuleManager$ModuleInitListener.maybeUnloadModuleOnUnavailable():1288 module gru is unavailable
04-21 12:54:29.689 I/OnDevicePackDownloadModule( 1750): OnDevicePackDownloadModule.onDestroy():95 onDestroy()
04-21 12:54:29.690 I/ModuleManager( 1750): ModuleManager$ModuleInitListener.maybeUnloadModuleOnUnavailable():1288 module gwv is unavailable
04-21 12:54:29.690 I/NewS3RecognizerModule( 1750): NewS3RecognizerModule.onDestroy():21 onDestroy [news3]
04-21 12:54:29.690 I/ModuleManager( 1750): ModuleManager$ModuleInitListener.maybeUnloadModuleOnUnavailable():1288 module gza is unavailable
04-21 12:54:29.691 I/ModuleManager( 1750): ModuleManager$ModuleInitListener.maybeUnloadModuleOnUnavailable():1288 module fuf is unavailable
04-21 12:54:29.691 I/ModuleManager( 1750): ModuleManager$ModuleInitListener.maybeUnloadModuleOnUnavailable():1288 module fuj is unavailable
04-21 12:54:29.691 I/ModuleManager( 1750): ModuleManager$ModuleInitListener.maybeUnloadModuleOnUnavailable():1288 module kob is unavailable
04-21 12:54:29.691 I/ModuleManager( 1750): ModuleManager$ModuleInitListener.maybeUnloadModuleOnUnavailable():1288 module inr is unavailable
04-21 12:54:29.691 I/ModuleManager( 1750): ModuleManager$ModuleInitListener.maybeUnloadModuleOnUnavailable():1288 module IBannerExtension is unavailable
04-21 12:54:29.692 W/unknown:ViewManagerPropertyUpdater(30614): Could not find generated setter for class com.horcrux.svg.RenderableViewManager$ImageViewManager
04-21 12:54:29.693 I/ModuleManager( 1750): ModuleManager$ModuleInitListener.maybeUnloadModuleOnUnavailable():1288 module dpl is unavailable
04-21 12:54:29.693 I/ModuleManager( 1750): ModuleManager$ModuleInitListener.maybeUnloadModuleOnUnavailable():1288 module IGifKeyboardExtension is unavailable
04-21 12:54:29.693 I/ModuleManager( 1750): ModuleManager$ModuleInitListener.maybeUnloadModuleOnUnavailable():1288 module gmu is unavailable
04-21 12:54:29.693 I/ModuleManager( 1750): ModuleManager$ModuleInitListener.maybeUnloadModuleOnUnavailable():1288 module IStickerExtension is unavailable
04-21 12:54:29.693 I/ModuleManager( 1750): ModuleManager$ModuleInitListener.maybeUnloadModuleOnUnavailable():1288 module ITranslateUIExtension is unavailable
04-21 12:54:29.693 I/HardKeyTracker( 1750): HardKeyTracker.unregisterKeySequence():183 Unregister key sequence lmm{labelResId=2132019852, callback=fpg@e6625f4, lastModifier=0, keyCodes=[57, 57], actions=[1, 0]}
04-21 12:54:29.694 I/HardKeyTracker( 1750): HardKeyTracker.unregisterKeySequence():183 Unregister key sequence lmm{labelResId=0, callback=fpg@1402d63, lastModifier=0, keyCodes=[58, 58], actions=[1, 0]}
04-21 12:54:29.694 I/AbstractOpenableExtension( 1750): AbstractOpenableExtension.maybeDestroyExistingKeyboardGroupManager():535 Destroy existing keyboard group manager in fvb
04-21 12:54:29.694 I/ModuleManager( 1750): ModuleManager$ModuleInitListener.maybeUnloadModuleOnUnavailable():1288 module IEmojiSearchExtension is unavailable
04-21 12:54:29.696 I/ModuleManager( 1750): ModuleManager$ModuleInitListener.maybeUnloadModuleOnUnavailable():1288 module ecc is unavailable
04-21 12:54:29.696 W/unknown:ViewManagerPropertyUpdater(30614): Could not find generated setter for class com.horcrux.svg.RenderableViewManager$FeCompositeManager
04-21 12:54:29.697 W/GoogleApiManager( 1750): The service for hgg is not available: hgq{statusCode=SERVICE_DISABLED, resolution=null, message=null}
04-21 12:54:29.698 I/GoogleInputMethodService( 1750): GoogleInputMethodService.onDestroy():1522 Maybe update OEM display config because of service destruction
04-21 12:54:29.698 V/WindowManager(  888): getPackagePerformanceMode -- ComponentInfo{com.impos2.mixcretailassemblyrn84/com.impos2.mixcretailassemblyrn84.SecondaryActivity} -- com.impos2.mixcretailassemblyrn84 -- mode=0
04-21 12:54:29.696 W/android.hardwar(  688): type=1400 audit(0.0:8744): avc:  denied  { read } for  name="u:object_r:vendor_sculptor_prop:s0" dev="tmpfs" ino=383 scontext=u:r:hal_power_default:s0 tcontext=u:object_r:vendor_sculptor_prop:s0 tclass=file permissive=0
04-21 12:54:29.699 W/libc    (  688): Access denied finding property "vendor.sculptor.enable"
04-21 12:54:29.700 W/unknown:ViewManagerPropertyUpdater(30614): Could not find generated setter for class com.facebook.react.views.image.ReactImageManager
04-21 12:54:29.700 I/GoogleInputMethodService( 1750): GoogleInputMethodService.onFinishInput():3184 
04-21 12:54:29.701 I/GoogleInputMethodService( 1750): GoogleInputMethodService.updateDeviceLockedStatus():2246 repeatCheckTimes = 0, locked = false
04-21 12:54:29.702 W/InputManager-JNI(  888): Input channel object '4d2f37c InputMethod (client)' was disposed without first being removed with the input manager!
04-21 12:54:29.704 W/unknown:ViewManagerPropertyUpdater(30614): Could not find generated setter for class com.horcrux.svg.RenderableViewManager$RadialGradientManager
04-21 12:54:29.707 I/GoogleInputMethodService( 1750): GoogleInputMethodService.clearInputMethodServiceData():1603 clearInputMethodServiceData for onDestroy
04-21 12:54:29.707 I/GoogleInputMethodService( 1750): GoogleInputMethodService.discardAllKeyboardViewAndInputView():1813 discardAllKeyboardViewAndInputView()
04-21 12:54:29.708 I/KeyboardModeManager( 1750): KeyboardModeManager.setInputViewKeyboardViewHolderProvider():618 setInputView() : supportsOneHandedMode=false supportsSplitMode=true
04-21 12:54:29.708 W/unknown:ViewManagerPropertyUpdater(30614): Could not find generated setter for class com.horcrux.svg.RenderableViewManager$MaskManager
04-21 12:54:29.708 I/NormalModeController( 1750): NormalModeController.getKeyboardBodyViewHolderPaddingBottom():104 currentPrimeKeyboardType:HARD_QWERTY systemPaddingBottom:-1
04-21 12:54:29.708 I/KeyboardModeManager( 1750): KeyboardModeManager.setInputViewKeyboardViewHolderProvider():606 setInputView() : supportsOneHandedMode=false, supportSplitMode=true
04-21 12:54:29.708 I/InputMethodEntryManager( 1750): InputMethodEntryManager.notifyCurrentInputMethodEntryOnContextChanged():539 notifyCurrentInputMethodEntryOnContextChanged()
04-21 12:54:29.708 I/InputMethodEntryManager( 1750): InputMethodEntryManager.notifyCurrentInputMethodEntryOnContextChanged():560 Notify current input method entry changed on context change
04-21 12:54:29.708 I/KeyboardThemeProvider( 1750): KeyboardThemeProvider.reset():40 Reset keyboard theme
04-21 12:54:29.708 I/KeyboardContextProvider( 1750): KeyboardContextProvider.setBaseContextAndInvalidKeyboardContextCache():88 setBaseContextAndInvalidKeyboardContextCache(): null
04-21 12:54:29.711 W/unknown:ViewManagerPropertyUpdater(30614): Could not find generated setter for class com.facebook.react.views.unimplementedview.ReactUnimplementedViewManager
04-21 12:54:29.712 I/GoogleInputMethodService( 1750): GoogleInputMethodService.onCreate():1009 
04-21 12:54:29.714 W/unknown:ViewManagerPropertyUpdater(30614): Could not find generated setter for class com.horcrux.svg.RenderableViewManager$RectViewManager
04-21 12:54:29.718 W/unknown:ViewManagerPropertyUpdater(30614): Could not find generated setter for class com.horcrux.svg.RenderableViewManager$TextPathViewManager
04-21 12:54:29.719 I/GoogleInputMethodService( 1750): GoogleInputMethodService.onCreate():1019 Maybe update OEM display config because of service creation
04-21 12:54:29.721 I/WindowMetricsNotification( 1750): WindowMetricsNotification.notify():134 WindowMetricsNotification{bounds=Rect(0, 36 - 1920, 1080), insets=Rect(0, 0 - 0, 36), densityDpi=240, smallestScreenWidthDp=720, displayWidth=1920, displayHeight=1080, xdpi=320.0, ydpi=320.0, isTrustable=true}; DisplayMetrics{density=1.5, width=1920, height=1080, scaledDensity=1.5, xdpi=320.0, ydpi=320.0}
04-21 12:54:29.721 I/WindowMetricsHelper( 1750): WindowMetricsHelper.predictAndNotify():140 Window metrics predicted.
04-21 12:54:29.721 I/InputMethodEntryManager( 1750): InputMethodEntryManager.notifyCurrentInputMethodEntryOnContextChanged():539 notifyCurrentInputMethodEntryOnContextChanged()
04-21 12:54:29.721 I/InputMethodEntryManager( 1750): InputMethodEntryManager.notifyCurrentInputMethodEntryOnContextChanged():560 Notify current input method entry changed on context change
04-21 12:54:29.722 I/KeyboardContextProvider( 1750): KeyboardContextProvider.setBaseContextAndInvalidKeyboardContextCache():88 setBaseContextAndInvalidKeyboardContextCache(): com.android.inputmethod.latin.LatinIME@c7973b5
04-21 12:54:29.722 W/unknown:ViewManagerPropertyUpdater(30614): Could not find generated setter for class com.facebook.react.views.scroll.ReactScrollViewManager
04-21 12:54:29.723 E/GoogleInputMethodService( 1750): GoogleInputMethodService.getAppEditorInfo():2853 App EditorInfo should never be null.
04-21 12:54:29.725 I/StyledKeyboardThemeBuilder( 1750): StyledKeyboardThemeBuilder.build():147 Pref: [], themeName: [silk:], darkMode: [false], cacheKey: [overlay_builtin_dynamic_color_light_base.binarypb:dynamic-gm3-light-fffdfcff-ff3a608f-319763b53e9f733d8531a842cf65c071]
04-21 12:54:29.726 W/unknown:ViewManagerPropertyUpdater(30614): Could not find generated setter for class com.horcrux.svg.RenderableViewManager$FeOffsetManager
04-21 12:54:29.727 I/KeyboardThemeProvider( 1750): KeyboardThemeProvider.applyKeyboardTheme():27 Apply keyboard theme: theme_border_keyboard_mode_screen_size_5_5_keyboard_mode_screen_width_large_stylesheet_noshadow_gsans_pillkey_silkpopup_light_tablet_keyboard_width_tablet_extra_large_navredesign_600_overlay_builtin_dynamic_color_light_base.binarypb:dynamic-gm3-light-fffdfcff-ff3a608f-319763b53e9f733d8531a842cf65c071_land
04-21 12:54:29.728 W/unknown:ViewManagerPropertyUpdater(30614): Could not find generated setter for class com.horcrux.svg.RenderableViewManager$PathViewManager
04-21 12:54:29.728 I/KeyboardContextProvider( 1750): KeyboardContextProvider$KeyboardContextCache.createKeyboardContext():173 createKeyboardContext(): zh-CN, jey@9e4b01c(com.android.inputmethod.latin.LatinIME@c7973b5), {1.0 ?mcc0mnc [zh_CN] ldltr sw720dp w1280dp h648dp 240dpi lrg long land finger qwerty/v/v -nav/h winConfig={ mBounds=Rect(0, 0 - 1920, 1080) mAppBounds=Rect(0, 0 - 1920, 1008) mMaxBounds=Rect(0, 0 - 1920, 1080) mDisplayRotation=ROTATION_0 mWindowingMode=fullscreen mDisplayWindowingMode=fullscreen mActivityType=undefined mAlwaysOnTop=undefined mRotation=ROTATION_0} s.54 fontWeightAdjustment=0}
04-21 12:54:29.729 W/GoogleApiManager( 1750): The service for hgg is not available: hgq{statusCode=SERVICE_DISABLED, resolution=null, message=null}
04-21 12:54:29.729 W/GoogleApiManager( 1750): The service for hgg is not available: hgq{statusCode=SERVICE_DISABLED, resolution=null, message=null}
04-21 12:54:29.732 I/KeyboardHeightUtil( 1750): KeyboardHeightUtil.calculateMaxKeyboardBodyHeight():45 leave 161 height for app when ime window height:1008, header height:81 and isFullscreenMode:false, so the max keyboard body height is:766
04-21 12:54:29.732 I/KeyboardHeightUtil( 1750): KeyboardHeightUtil.calculateMaxKeyboardBodyHeight():45 leave 161 height for app when ime window height:1008, header height:81 and isFullscreenMode:false, so the max keyboard body height is:766
04-21 12:54:29.732 W/unknown:ViewManagerPropertyUpdater(30614): Could not find generated setter for class com.facebook.react.views.drawer.ReactDrawerLayoutManager
04-21 12:54:29.732 I/NormalModeController( 1750): NormalModeController.getKeyboardBodyViewHolderPaddingBottom():104 currentPrimeKeyboardType:SOFT systemPaddingBottom:-1
04-21 12:54:29.733 I/GoogleInputMethodService( 1750): GoogleInputMethodService.onCurrentInputMethodEntryChanged():3666 onCurrentInputMethodEntryChanged(): imeDefsChanged=false, initializedEntryChanged=true, keyboardContextChanged=true
04-21 12:54:29.733 I/GoogleInputMethodService( 1750): GoogleInputMethodService.clearInputMethodServiceData():1603 clearInputMethodServiceData for entryChange
04-21 12:54:29.733 I/KeyboardHeightUtil( 1750): KeyboardHeightUtil.calculateMaxKeyboardBodyHeight():45 leave 161 height for app when ime window height:1008, header height:81 and isFullscreenMode:false, so the max keyboard body height is:766
04-21 12:54:29.733 I/KeyboardHeightUtil( 1750): KeyboardHeightUtil.calculateMaxKeyboardBodyHeight():45 leave 161 height for app when ime window height:1008, header height:81 and isFullscreenMode:false, so the max keyboard body height is:766
04-21 12:54:29.733 W/GoogleApiManager( 1750): The service for hgg is not available: hgq{statusCode=SERVICE_DISABLED, resolution=null, message=null}
04-21 12:54:29.733 I/KeyboardModeManager( 1750): KeyboardModeManager.onCurrentInputMethodEntryChanged():1112 Reload data for context change
04-21 12:54:29.734 I/GoogleInputMethodService( 1750): GoogleInputMethodService.initializeInputMethodServiceData():1361 initializeInputMethodServiceData for kbr{languageTag=zh-CN, variant=qwerty, hasLocalizedResources=true, conditionCacheKey=_app_first_start_timestamp=1766456477730_cache_additional_ime_defs_for_condition_change=false_cache_ime_defs_for_condition_change=false_device=tablet_device_size=default_enable_chinese_9key_foldable_split=false_enable_chinese_inline_composing_shape_based=false_enable_chinese_inline_composing_zh_cn=false_enable_flick_symbols=false_enable_more_candidates_view_for_multilingual=false_enable_number_row=false_enable_preemptive_decode=true_enable_secondary_digits=true_enable_secondary_symbols=false_enable_show_foldable_layout_on_small_tablet=false_enable_transliteration_tablet_floating_ui_v2=false_enable_voice_in_chinese=false_expressions=normal_four_or_more_letter_rows=false_keyboard_mode=normal_language=zh-CN_orientation=landscape_physical_keyboard=qwerty_pref_enable_chinese_inline_composing_cn=false_rtl_layout=false_show_secondary_digits=true_show_suggestions=true_split_keyboard_handedness_zh=right_split_with_duplicate_keys=true_variant=qwerty, imeDef.stringId=ime_zh_cn, imeDef.className=com.google.android.apps.inputmethod.libs.chinese.ime.AsyncChineseProcessorBasedIme, imeDef.languageTag=zh-CN}
04-21 12:54:29.734 E/GoogleInputMethodService( 1750): GoogleInputMethodService.getAppEditorInfo():2853 App EditorInfo should never be null.
04-21 12:54:29.735 W/unknown:ViewManagerPropertyUpdater(30614): Could not find generated setter for class com.facebook.react.views.swiperefresh.SwipeRefreshLayoutManager
04-21 12:54:29.736 I/StyledKeyboardThemeBuilder( 1750): StyledKeyboardThemeBuilder.build():147 Pref: [], themeName: [silk:], darkMode: [false], cacheKey: [overlay_builtin_dynamic_color_light_base.binarypb:dynamic-gm3-light-fffdfcff-ff3a608f-319763b53e9f733d8531a842cf65c071]
04-21 12:54:29.738 I/KeyboardThemeProvider( 1750): KeyboardThemeProvider.applyKeyboardTheme():27 Apply keyboard theme: theme_border_keyboard_mode_screen_size_5_5_keyboard_mode_screen_width_large_stylesheet_noshadow_gsans_pillkey_silkpopup_light_tablet_keyboard_width_tablet_extra_large_navredesign_600_overlay_builtin_dynamic_color_light_base.binarypb:dynamic-gm3-light-fffdfcff-ff3a608f-319763b53e9f733d8531a842cf65c071_land
04-21 12:54:29.739 W/unknown:ViewManagerPropertyUpdater(30614): Could not find generated setter for class com.facebook.react.views.textinput.ReactTextInputManager
04-21 12:54:29.741 W/unknown:ViewManagerPropertyUpdater(30614): Could not find generated setter for class com.facebook.react.views.textinput.F
04-21 12:54:29.742 I/AndroidIME( 1750): InputBundleManager.loadActiveInputBundleId():450 loadActiveInputBundleId: und-Latn-x-password, password_floating_hard_qwerty
04-21 12:54:29.742 I/SystemSubtypesReportModule( 1750): SystemSubtypesReportModule$4.onSetCurrentInputMethodSubtype():160 zh_CN
04-21 12:54:29.742 I/DeviceModeMonitor( 1750): DeviceModeMonitor.calculateDeviceMode():79 Get device mode tablet by screen size and smallestScreenWidthDp: 720
04-21 12:54:29.743 I/HardKeyTracker( 1750): HardKeyTracker.registerKeySequence():139 Register key sequence lmm{labelResId=2132019861, callback=bzi@229cf14, lastModifier=2, keyCodes=[47], actions=[0]}
04-21 12:54:29.743 I/HardKeyTracker( 1750): HardKeyTracker.registerKeySequence():139 Register key sequence lmm{labelResId=0, callback=jvl@f6a4103, lastModifier=0, keyCodes=[204], actions=[0]}
04-21 12:54:29.744 I/NetworkInfoNotification( 1750): NetworkInfoNotification$Listener.onReceive():107 onNetworkAvailable: networkState = NON_METERED, isAirplaneModeOn = false
04-21 12:54:29.745 I/NewS3RecognizerModule( 1750): NewS3RecognizerModule.onCreate():14 onCreate [news3]
04-21 12:54:29.746 I/OnDevicePackDownloadModule( 1750): OnDevicePackDownloadModule.onCreate():60 onCreate()
04-21 12:54:29.746 I/InputActionMetricsProcessor( 1750): InputActionMetricsProcessor.onAttached():91 Attached to metrics manager.
04-21 12:54:29.747 W/MetricsManager( 1750): MetricsManager.addProcessorImpl():581 Processor fgc@f67b604 already exists.
04-21 12:54:29.747 I/JapaneseMozcExtension( 1750): JapaneseMozcExtension.onCreate():44 
04-21 12:54:29.747 I/EmojifyExtensionImpl( 1750): EmojifyExtensionImpl.onCreate():597 Creating Emojify extension egx@bac2e70.
04-21 12:54:29.747 I/AbstractOpenableExtension( 1750): AbstractOpenableExtension.createKeyboardGroupManagerListenableFuture():120 Create keyboard group manager listenable future in fxd
04-21 12:54:29.747 I/SP      ( 1750): Registering emoticon_content_description.2022081613, url: https://www.gstatic.com/android/keyboard/emoticon_content_desc/202208161305/superpacks_manifest.json, constraints: W:*:*:*, flags: bg, requested: 2022081613, current: 2022081613
04-21 12:54:29.748 I/KeyboardGroupDefParser( 1750): KeyboardGroupDefParser.parseKeyboardGroupDef():83 parseKeyboardGroupDef() 2132214040 -> 0_resource_name_obfuscated : WaitTime = 0 ms : RunTime = 1 ms
04-21 12:54:29.748 I/SP      ( 1750): Registering emoticon_content_description.2022081613, url: https://www.gstatic.com/android/keyboard/emoticon_content_desc/202208161305/superpacks_manifest.json, constraints: W:*:*:*, flags: bg, requested: 2022081613, current: 2022081613
04-21 12:54:29.749 I/NetworkInfoNotification( 1750): NetworkInfoNotification$Listener.onReceive():107 onNetworkAvailable: networkState = NON_METERED, isAirplaneModeOn = false
04-21 12:54:29.750 I/AbstractOpenableExtension( 1750): AbstractOpenableExtension$3.onSuccess():549 KeyboardGroupManager destroyed in fxd.
04-21 12:54:29.750 I/AbstractOpenableExtension( 1750): AbstractOpenableExtension$3.onSuccess():549 KeyboardGroupManager destroyed in fvb.
04-21 12:54:29.750 I/android.hardware.graphics.allocator-V1-service(  342): alloc_format: RGBA_8888 + AFBC + SPLIT + WIDE + SPARSE + Datatype: UNORM
04-21 12:54:29.750 I/android.hardware.graphics.allocator-V1-service(  342): mali_gralloc_adjust_dimensions: alloc_format=RGBA_8888 + AFBC + SPLIT + WIDE + SPARSE + Datatype: UNORM usage=RENDER + FRAMEBUFFER + HWC alloc_width=1920, alloc_height=1088
04-21 12:54:29.751 I/Environment( 1750): Environment.isPackageInstalled():234 com.bitstrips.imoji is not installed
04-21 12:54:29.751 I/NetworkInfoNotification( 1750): NetworkInfoNotification$Listener.onReceive():107 onNetworkAvailable: networkState = NON_METERED, isAirplaneModeOn = false
04-21 12:54:29.751 I/SP      ( 1750): Syncing emoticon_content_description (2022081613) with slices: [7a635888cb828dfa2fc744b7b9b50f04, 3c27e76d2c13b8d849a3711831ff8dbd], metadata: false
04-21 12:54:29.751 W/AndroidCreativeStickerFetcherFactory( 1750): AndroidCreativeStickerFetcherFactory.createFetcher():19 Empty host or api key
04-21 12:54:29.752 I/NetworkInfoNotification( 1750): NetworkInfoNotification$Listener.onReceive():107 onNetworkAvailable: networkState = NON_METERED, isAirplaneModeOn = false
04-21 12:54:29.752 I/android.hardware.graphics.allocator-V1-service(  342): Writing AFBC header layout 0 for format 1, n_headers: 8160
04-21 12:54:29.752 W/GoogleApiManager( 1750): The service for hgg is not available: hgq{statusCode=SERVICE_DISABLED, resolution=null, message=null}
04-21 12:54:29.752 D/android.hardware.graphics.allocator-V1-service(  342): got new private_handle_t instance for buffer 'FramebufferSurface'. share_fd : 10, share_attr_fd : 11, width : 1920, height : 1080, req_format : 0x1, producer_usage : 0x1a00, consumer_usage : 0x1a00, , stride : 0, alloc_format_base: 1, alloc_format_modifiers: 0x04190000, size : 8486912, layer_count : 1, backing_store_id: 0x1560000610a
04-21 12:54:29.752 D/android.hardware.graphics.allocator-V1-service(  342): plane_info[0]: offset : 0, byte_stride : 7680, alloc_width : 1920, alloc_height : 1088
04-21 12:54:29.752 D/android.hardware.graphics.allocator-V1-service(  342): plane_info[1]: offset : 0, byte_stride : 0, alloc_width : 0, alloc_height : 0
04-21 12:54:29.753 I/AccessPointsListHolderController( 1750): AccessPointsListHolderController.removeAccessPoint():345 The access point textediting is not added
04-21 12:54:29.756 I/AccessPointsListHolderController( 1750): AccessPointsListHolderController.removeAccessPoint():345 The access point theme_setting is not added
04-21 12:54:29.757 I/NetworkInfoNotification( 1750): NetworkInfoNotification$Listener.onReceive():107 onNetworkAvailable: networkState = NON_METERED, isAirplaneModeOn = false
04-21 12:54:29.757 I/AccessPointsListHolderController( 1750): AccessPointsListHolderController.removeAccessPoint():345 The access point settings is not added
04-21 12:54:29.758 I/ClipboardDataHandler( 1750): ClipboardDataHandler.updateScreenshotsContentObserver():283 Disable the feature of handling screenshots in the clipboard.
04-21 12:54:29.762 I/KeyboardGroupDefParser( 1750): KeyboardGroupDefParser.parseKeyboardGroupDef():83 parseKeyboardGroupDef() 2132214025 -> 0_resource_name_obfuscated : WaitTime = 0 ms : RunTime = 0 ms
04-21 12:54:29.763 I/AbstractOpenableExtension( 1750): AbstractOpenableExtension.createKeyboardGroupManagerListenableFuture():120 Create keyboard group manager listenable future in fvb
04-21 12:54:29.763 I/ConnectorManager(30614): connector initialized
04-21 12:54:29.763 I/AccessPointsListHolderController( 1750): AccessPointsListHolderController.removeAccessPoint():345 The access point one_handed is not added
04-21 12:54:29.764 I/AccessPointsListHolderController( 1750): AccessPointsListHolderController.removeAccessPoint():345 The access point split is not added
04-21 12:54:29.764 I/GoogleInputMethodService( 1750): GoogleInputMethodService$GoogleInputMethodImpl.attachToken():4229 
04-21 12:54:29.765 I/KeyboardGroupDefParser( 1750): KeyboardGroupDefParser.parseKeyboardGroupDef():83 parseKeyboardGroupDef() 2132214033 -> 0_resource_name_obfuscated : WaitTime = 1 ms : RunTime = 1 ms
