04-22 02:58:05.713   683   858 W BestClock: java.time.DateTimeException: No network time available
04-22 02:58:05.714   683   858 W BestClock: java.time.DateTimeException: No network time available
04-22 02:58:05.714   683   858 W BestClock: java.time.DateTimeException: No network time available
04-22 02:58:05.714   683   858 W BestClock: java.time.DateTimeException: No network time available
04-22 02:58:05.714   683   858 W BestClock: java.time.DateTimeException: No network time available
04-22 02:58:05.714   683   858 D WifiClientModeImpl[9769:wlan0]: updateLinkLayerStatsRssiSpeedFrequencyCapabilities rssi=-50 TxLinkspeed=1 freq=2447 RxLinkSpeed=2
04-22 02:58:05.719   683   858 D WifiDataStall: tx tput in kbps: 11000
04-22 02:58:05.719   683   858 D WifiDataStall: rx tput in kbps: 11000
04-22 02:58:05.719   683   858 V WifiConfigManager: Updating scan detail cache freq=2447 BSSID=00:13:10:85:fe:01 RSSI=-50 for "AndroidWifi"NONE
04-22 02:58:05.719   683   858 D WifiThroughputPredictor:  utilization (LLS) 80 isBluetoothConnected: false final utilization: 80
04-22 02:58:05.719   683   858 D WifiThroughputPredictor:  BW: 0 RSSI: -50 Nss: 1 Mode: 1 symDur: 4000 snrDb 30 bitPerTone: 4500 rate: 54 throughput: 11
04-22 02:58:05.719   683   858 D WifiThroughputPredictor:  utilization (LLS) 80 isBluetoothConnected: false final utilization: 80
04-22 02:58:05.719   683   858 D WifiThroughputPredictor:  BW: 0 RSSI: -50 Nss: 1 Mode: 1 symDur: 4000 snrDb 30 bitPerTone: 4500 rate: 54 throughput: 11
04-22 02:58:05.721   683   858 D WifiThroughputPredictor:  utilization (LLS) 80 isBluetoothConnected: false final utilization: 80
04-22 02:58:05.721   683   858 D WifiThroughputPredictor:  BW: 0 RSSI: -50 Nss: 1 Mode: 1 symDur: 4000 snrDb 30 bitPerTone: 4500 rate: 54 throughput: 11
04-22 02:58:05.721   683   858 D WifiThroughputPredictor:  utilization (LLS) 80 isBluetoothConnected: false final utilization: 80
04-22 02:58:05.721   683   858 D WifiThroughputPredictor:  BW: 0 RSSI: -50 Nss: 1 Mode: 1 symDur: 4000 snrDb 30 bitPerTone: 4500 rate: 54 throughput: 11
04-22 02:58:05.722   683   858 D WifiScoreCard: BSSID update SIGNAL_POLL ID: 261501600 SSID: "AndroidWifi", BSSID: 00:13:10:85:fe:01, MAC: 02:15:b4:00:00:00, IP: /10.0.2.17, Security type: 0, Supplicant state: COMPLETED, Wi-Fi standard: legacy, RSSI: -50, Link speed: 1Mbps, Tx Link speed: 1Mbps, Max Supported Tx Link speed: 11Mbps, Rx Link speed: 2Mbps, Max Supported Rx Link speed: 11Mbps, Frequency: 2447MHz, Net ID: 0, Metered hint: false, score: 60, isUsable: true, CarrierMerged: false, SubscriptionId: -1, IsPrimary: 1, Trusted: true, Restricted: false, Ephemeral: false, OEM paid: false, OEM private: false, OSU AP: false, FQDN: <none>, Provider friendly name: <none>, Requesting package name: <none>"AndroidWifi"openMLO Information: , Is TID-To-Link negotiation supported by the AP: false, AP MLD Address: <none>, AP MLO Link Id: <none>, AP MLO Affiliated links: <none>, Vendor Data: <none>
04-22 02:58:05.722   683   858 D WifiScoreCard: txRate: 1 txSpeed: 1
04-22 02:58:05.722   683   858 D WifiScoreCard: network update SIGNAL_POLL "AndroidWifi" ID: 579418950 RSSI -50 txSpeed -1
04-22 02:58:05.722   683   858 D WifiClientModeImpl[9769:wlan0]:  ClientModeImpl$L2ConnectedState screen=on 1 0 "AndroidWifi" 00:13:10:85:fe:01 rssi=-50 f=2447 sc=60 link=1 tx=0.0, 0.0, 0.0 rx=0.0 bcn=0 [on:0 tx:0 rx:0 period:3016] from screen [on:0 period:-1318574822] score=60
04-22 02:58:08.346   938   938 D wpa_supplicant: nl80211: Drv Event 64 (NL80211_CMD_NOTIFY_CQM) received for wlan0
04-22 02:58:08.346   938   938 D wpa_supplicant: nl80211: Beacon loss event
04-22 02:58:08.346   938   938 D wpa_supplicant: wlan0: Event BEACON_LOSS (53) received
04-22 02:58:08.346   938   938 I wpa_supplicant: wlan0: CTRL-EVENT-BEACON-LOSS 
04-22 02:58:08.727   683   858 W BestClock: java.time.DateTimeException: No network time available
04-22 02:58:08.727   683   858 W BestClock: java.time.DateTimeException: No network time available
04-22 02:58:08.727   683   858 W BestClock: java.time.DateTimeException: No network time available
04-22 02:58:08.727   683   858 W BestClock: java.time.DateTimeException: No network time available
04-22 02:58:08.727   683   858 W BestClock: java.time.DateTimeException: No network time available
04-22 02:58:08.729   683   858 D WifiClientModeImpl[9769:wlan0]: updateLinkLayerStatsRssiSpeedFrequencyCapabilities rssi=-50 TxLinkspeed=1 freq=2447 RxLinkSpeed=2
04-22 02:58:08.729   683   858 D WifiDataStall: tx tput in kbps: 11000
04-22 02:58:08.729   683   858 D WifiDataStall: rx tput in kbps: 11000
04-22 02:58:08.729   683   858 V WifiConfigManager: Updating scan detail cache freq=2447 BSSID=00:13:10:85:fe:01 RSSI=-50 for "AndroidWifi"NONE
04-22 02:58:08.729   683   858 D WifiThroughputPredictor:  utilization (LLS) 80 isBluetoothConnected: false final utilization: 80
04-22 02:58:08.729   683   858 D WifiThroughputPredictor:  BW: 0 RSSI: -50 Nss: 1 Mode: 1 symDur: 4000 snrDb 30 bitPerTone: 4500 rate: 54 throughput: 11
04-22 02:58:08.729   683   858 D WifiThroughputPredictor:  utilization (LLS) 80 isBluetoothConnected: false final utilization: 80
04-22 02:58:08.729   683   858 D WifiThroughputPredictor:  BW: 0 RSSI: -50 Nss: 1 Mode: 1 symDur: 4000 snrDb 30 bitPerTone: 4500 rate: 54 throughput: 11
04-22 02:58:08.730   683   858 D WifiThroughputPredictor:  utilization (LLS) 80 isBluetoothConnected: false final utilization: 80
04-22 02:58:08.730   683   858 D WifiThroughputPredictor:  BW: 0 RSSI: -50 Nss: 1 Mode: 1 symDur: 4000 snrDb 30 bitPerTone: 4500 rate: 54 throughput: 11
04-22 02:58:08.730   683   858 D WifiThroughputPredictor:  utilization (LLS) 80 isBluetoothConnected: false final utilization: 80
04-22 02:58:08.730   683   858 D WifiThroughputPredictor:  BW: 0 RSSI: -50 Nss: 1 Mode: 1 symDur: 4000 snrDb 30 bitPerTone: 4500 rate: 54 throughput: 11
04-22 02:58:08.730   683   858 D WifiScoreCard: BSSID update SIGNAL_POLL ID: 261501600 SSID: "AndroidWifi", BSSID: 00:13:10:85:fe:01, MAC: 02:15:b4:00:00:00, IP: /10.0.2.17, Security type: 0, Supplicant state: COMPLETED, Wi-Fi standard: legacy, RSSI: -50, Link speed: 1Mbps, Tx Link speed: 1Mbps, Max Supported Tx Link speed: 11Mbps, Rx Link speed: 2Mbps, Max Supported Rx Link speed: 11Mbps, Frequency: 2447MHz, Net ID: 0, Metered hint: false, score: 60, isUsable: true, CarrierMerged: false, SubscriptionId: -1, IsPrimary: 1, Trusted: true, Restricted: false, Ephemeral: false, OEM paid: false, OEM private: false, OSU AP: false, FQDN: <none>, Provider friendly name: <none>, Requesting package name: <none>"AndroidWifi"openMLO Information: , Is TID-To-Link negotiation supported by the AP: false, AP MLD Address: <none>, AP MLO Link Id: <none>, AP MLO Affiliated links: <none>, Vendor Data: <none>
04-22 02:58:08.731   683   858 D WifiScoreCard: txRate: 1 txSpeed: 1
04-22 02:58:08.731   683   858 D WifiScoreCard: network update SIGNAL_POLL "AndroidWifi" ID: 579418950 RSSI -50 txSpeed -1
04-22 02:58:08.731   683   858 D WifiClientModeImpl[9769:wlan0]:  ClientModeImpl$L2ConnectedState screen=on 1 0 "AndroidWifi" 00:13:10:85:fe:01 rssi=-50 f=2447 sc=60 link=1 tx=0.0, 0.0, 0.0 rx=0.0 bcn=0 [on:0 tx:0 rx:0 period:3009] from screen [on:0 period:-1318571813] score=60
04-22 02:58:11.734   683   858 W BestClock: java.time.DateTimeException: No network time available
04-22 02:58:11.734   683   858 W BestClock: java.time.DateTimeException: No network time available
04-22 02:58:11.734   683   858 W BestClock: java.time.DateTimeException: No network time available
04-22 02:58:11.734   683   858 W BestClock: java.time.DateTimeException: No network time available
04-22 02:58:11.734   683   858 W BestClock: java.time.DateTimeException: No network time available
04-22 02:58:11.734   683   858 D WifiClientModeImpl[9769:wlan0]: updateLinkLayerStatsRssiSpeedFrequencyCapabilities rssi=-50 TxLinkspeed=1 freq=2447 RxLinkSpeed=2
04-22 02:58:11.734   683   858 D WifiDataStall: tx tput in kbps: 11000
04-22 02:58:11.734   683   858 D WifiDataStall: rx tput in kbps: 11000
04-22 02:58:11.734   683   858 V WifiConfigManager: Updating scan detail cache freq=2447 BSSID=00:13:10:85:fe:01 RSSI=-50 for "AndroidWifi"NONE
04-22 02:58:11.734   683   858 D WifiThroughputPredictor:  utilization (LLS) 80 isBluetoothConnected: false final utilization: 80
04-22 02:58:11.734   683   858 D WifiThroughputPredictor:  BW: 0 RSSI: -50 Nss: 1 Mode: 1 symDur: 4000 snrDb 30 bitPerTone: 4500 rate: 54 throughput: 11
04-22 02:58:11.734   683   858 D WifiThroughputPredictor:  utilization (LLS) 80 isBluetoothConnected: false final utilization: 80
04-22 02:58:11.734   683   858 D WifiThroughputPredictor:  BW: 0 RSSI: -50 Nss: 1 Mode: 1 symDur: 4000 snrDb 30 bitPerTone: 4500 rate: 54 throughput: 11
04-22 02:58:11.735   683   858 D WifiThroughputPredictor:  utilization (LLS) 80 isBluetoothConnected: false final utilization: 80
04-22 02:58:11.735   683   858 D WifiThroughputPredictor:  BW: 0 RSSI: -50 Nss: 1 Mode: 1 symDur: 4000 snrDb 30 bitPerTone: 4500 rate: 54 throughput: 11
04-22 02:58:11.735   683   858 D WifiThroughputPredictor:  utilization (LLS) 80 isBluetoothConnected: false final utilization: 80
04-22 02:58:11.735   683   858 D WifiThroughputPredictor:  BW: 0 RSSI: -50 Nss: 1 Mode: 1 symDur: 4000 snrDb 30 bitPerTone: 4500 rate: 54 throughput: 11
04-22 02:58:11.735   683   858 D WifiScoreCard: BSSID update SIGNAL_POLL ID: 261501600 SSID: "AndroidWifi", BSSID: 00:13:10:85:fe:01, MAC: 02:15:b4:00:00:00, IP: /10.0.2.17, Security type: 0, Supplicant state: COMPLETED, Wi-Fi standard: legacy, RSSI: -50, Link speed: 1Mbps, Tx Link speed: 1Mbps, Max Supported Tx Link speed: 11Mbps, Rx Link speed: 2Mbps, Max Supported Rx Link speed: 11Mbps, Frequency: 2447MHz, Net ID: 0, Metered hint: false, score: 60, isUsable: true, CarrierMerged: false, SubscriptionId: -1, IsPrimary: 1, Trusted: true, Restricted: false, Ephemeral: false, OEM paid: false, OEM private: false, OSU AP: false, FQDN: <none>, Provider friendly name: <none>, Requesting package name: <none>"AndroidWifi"openMLO Information: , Is TID-To-Link negotiation supported by the AP: false, AP MLD Address: <none>, AP MLO Link Id: <none>, AP MLO Affiliated links: <none>, Vendor Data: <none>
04-22 02:58:11.735   683   858 D WifiScoreCard: txRate: 1 txSpeed: 1
04-22 02:58:11.735   683   858 D WifiScoreCard: network update SIGNAL_POLL "AndroidWifi" ID: 579418950 RSSI -50 txSpeed -1
04-22 02:58:11.735   683   858 D WifiClientModeImpl[9769:wlan0]:  ClientModeImpl$L2ConnectedState screen=on 1 0 "AndroidWifi" 00:13:10:85:fe:01 rssi=-50 f=2447 sc=60 link=1 tx=0.0, 0.0, 0.0 rx=0.0 bcn=0 [on:0 tx:0 rx:0 period:3004] from screen [on:0 period:-1318568809] score=60
04-22 02:58:11.770   683   750 I WifiService: isFeatureSupported uid=1000 returns [WIFI_FEATURE_INFRA, WIFI_FEATURE_P2P, WIFI_FEATURE_MOBILE_HOTSPOT, WIFI_FEATURE_WPA3_SAE, WIFI_FEATURE_WPA3_SUITE_B, WIFI_FEATURE_OWE, WIFI_FEATURE_DPP, WIFI_FEATURE_AP_RAND_MAC, WIFI_FEATURE_MBO, WIFI_FEATURE_FILS_SHA256, WIFI_FEATURE_FILS_SHA384, WIFI_FEATURE_SAE_PK, WIFI_FEATURE_DPP_ENROLLEE_RESPONDER, WIFI_FEATURE_PASSPOINT_TERMS_AND_CONDITIONS, WIFI_FEATURE_WFD_R2, WIFI_FEATURE_DECORATED_IDENTITY, WIFI_FEATURE_TRUST_ON_FIRST_USE, WIFI_FEATURE_SET_TLS_MINIMUM_VERSION, WIFI_FEATURE_TLS_V1_3, WIFI_FEATURE_WEP, WIFI_FEATURE_WPA_PERSONAL]
04-22 02:58:11.771  1283 24534 W WakeLock: GCM_HB_ALARM release without a matched acquire!
04-22 02:58:11.771  1283 24534 W WakeLock: GCM_HB_ALARM counter does not exist
04-22 02:58:11.772  1283 24534 I AlarmManager: setExactAndAllowWhileIdle [name: GCM_CONN_ALARM type: 2 triggerAtMillis: 23354316]
04-22 02:58:11.772  1283 24534 W WakeLock: GCM_CONN_ALARM release without a matched acquire!
04-22 02:58:11.773  1283 24534 W WakeLock: GCM_CONN_ALARM counter does not exist
04-22 02:58:11.911  1086  1298 D SatelliteController: iisInCarrierRoamingNbIotNtn: satellite is disabled
04-22 02:58:14.742   683   858 W BestClock: java.time.DateTimeException: No network time available
04-22 02:58:14.742   683   858 W BestClock: java.time.DateTimeException: No network time available
04-22 02:58:14.742   683   858 W BestClock: java.time.DateTimeException: No network time available
04-22 02:58:14.742   683   858 W BestClock: java.time.DateTimeException: No network time available
04-22 02:58:14.742   683   858 W BestClock: java.time.DateTimeException: No network time available
04-22 02:58:14.744   683   858 D WifiClientModeImpl[9769:wlan0]: updateLinkLayerStatsRssiSpeedFrequencyCapabilities rssi=-50 TxLinkspeed=1 freq=2447 RxLinkSpeed=2
04-22 02:58:14.745   683   858 D WifiDataStall: tx tput in kbps: 11000
04-22 02:58:14.745   683   858 D WifiDataStall: rx tput in kbps: 11000
04-22 02:58:14.745   683   858 V WifiConfigManager: Updating scan detail cache freq=2447 BSSID=00:13:10:85:fe:01 RSSI=-50 for "AndroidWifi"NONE
04-22 02:58:14.745   683   858 D WifiThroughputPredictor:  utilization (LLS) 80 isBluetoothConnected: false final utilization: 80
04-22 02:58:14.745   683   858 D WifiThroughputPredictor:  BW: 0 RSSI: -50 Nss: 1 Mode: 1 symDur: 4000 snrDb 30 bitPerTone: 4500 rate: 54 throughput: 11
04-22 02:58:14.745   683   858 D WifiThroughputPredictor:  utilization (LLS) 80 isBluetoothConnected: false final utilization: 80
04-22 02:58:14.745   683   858 D WifiThroughputPredictor:  BW: 0 RSSI: -50 Nss: 1 Mode: 1 symDur: 4000 snrDb 30 bitPerTone: 4500 rate: 54 throughput: 11
04-22 02:58:14.745   683   858 D WifiThroughputPredictor:  utilization (LLS) 80 isBluetoothConnected: false final utilization: 80
04-22 02:58:14.746   683   858 D WifiThroughputPredictor:  BW: 0 RSSI: -50 Nss: 1 Mode: 1 symDur: 4000 snrDb 30 bitPerTone: 4500 rate: 54 throughput: 11
04-22 02:58:14.746   683   858 D WifiThroughputPredictor:  utilization (LLS) 80 isBluetoothConnected: false final utilization: 80
04-22 02:58:14.746   683   858 D WifiThroughputPredictor:  BW: 0 RSSI: -50 Nss: 1 Mode: 1 symDur: 4000 snrDb 30 bitPerTone: 4500 rate: 54 throughput: 11
04-22 02:58:14.747   683   858 D WifiScoreCard: BSSID update SIGNAL_POLL ID: 261501600 SSID: "AndroidWifi", BSSID: 00:13:10:85:fe:01, MAC: 02:15:b4:00:00:00, IP: /10.0.2.17, Security type: 0, Supplicant state: COMPLETED, Wi-Fi standard: legacy, RSSI: -50, Link speed: 1Mbps, Tx Link speed: 1Mbps, Max Supported Tx Link speed: 11Mbps, Rx Link speed: 2Mbps, Max Supported Rx Link speed: 11Mbps, Frequency: 2447MHz, Net ID: 0, Metered hint: false, score: 60, isUsable: true, CarrierMerged: false, SubscriptionId: -1, IsPrimary: 1, Trusted: true, Restricted: false, Ephemeral: false, OEM paid: false, OEM private: false, OSU AP: false, FQDN: <none>, Provider friendly name: <none>, Requesting package name: <none>"AndroidWifi"openMLO Information: , Is TID-To-Link negotiation supported by the AP: false, AP MLD Address: <none>, AP MLO Link Id: <none>, AP MLO Affiliated links: <none>, Vendor Data: <none>
04-22 02:58:14.747   683   858 D WifiScoreCard: txRate: 1 txSpeed: 1
04-22 02:58:14.747   683   858 D WifiScoreCard: network update SIGNAL_POLL "AndroidWifi" ID: 579418950 RSSI -50 txSpeed -1
04-22 02:58:14.747   683   858 D WifiClientModeImpl[9769:wlan0]:  ClientModeImpl$L2ConnectedState screen=on 1 0 "AndroidWifi" 00:13:10:85:fe:01 rssi=-50 f=2447 sc=60 link=1 tx=0.4, 0.0, 0.0 rx=0.6 bcn=0 [on:0 tx:0 rx:0 period:3012] from screen [on:0 period:-1318565797] score=60
04-22 02:58:16.277   938   938 D wpa_supplicant: nl80211: Drv Event 64 (NL80211_CMD_NOTIFY_CQM) received for wlan0
04-22 02:58:16.277   938   938 D wpa_supplicant: nl80211: Beacon loss event
04-22 02:58:16.277   938   938 D wpa_supplicant: wlan0: Event BEACON_LOSS (53) received
04-22 02:58:16.277   938   938 I wpa_supplicant: wlan0: CTRL-EVENT-BEACON-LOSS 
04-22 02:58:16.780   459 25981 I resolv  : GetAddrInfoHandler::run: {101 983141 101 983141 10144 0}
04-22 02:58:16.782   459 25982 I resolv  : res_nmkquery: (QUERY, IN, AAAA)
04-22 02:58:16.782   459 25983 I resolv  : res_nmkquery: (QUERY, IN, A)
04-22 02:58:17.270   459 25982 I resolv  : res_nsend: used send_dg 101 terrno: 0
04-22 02:58:17.270   459 25983 I resolv  : res_nsend: used send_dg 89 terrno: 0
04-22 02:58:17.270   459 25982 I resolv  : doQuery: rcode=0, ancount=2, return value=101
04-22 02:58:17.270   459 25983 I resolv  : doQuery: rcode=0, ancount=2, return value=89
04-22 02:58:17.270  1283 16506 I TrafficStats: tagSocketFd(-1, 1031, -1) failed with errno-9
04-22 02:58:17.751   683   858 W BestClock: java.time.DateTimeException: No network time available
04-22 02:58:17.751   683   858 W BestClock: java.time.DateTimeException: No network time available
04-22 02:58:17.751   683   858 W BestClock: java.time.DateTimeException: No network time available
04-22 02:58:17.751   683   858 W BestClock: java.time.DateTimeException: No network time available
04-22 02:58:17.751   683   858 W BestClock: java.time.DateTimeException: No network time available
04-22 02:58:17.753   683   858 D WifiClientModeImpl[9769:wlan0]: updateLinkLayerStatsRssiSpeedFrequencyCapabilities rssi=-50 TxLinkspeed=1 freq=2447 RxLinkSpeed=2
04-22 02:58:17.753   683   858 D WifiDataStall: tx tput in kbps: 11000
04-22 02:58:17.753   683   858 D WifiDataStall: rx tput in kbps: 11000
04-22 02:58:17.753   683   858 V WifiConfigManager: Updating scan detail cache freq=2447 BSSID=00:13:10:85:fe:01 RSSI=-50 for "AndroidWifi"NONE
04-22 02:58:17.753   683   858 D WifiThroughputPredictor:  utilization (LLS) 80 isBluetoothConnected: false final utilization: 80
04-22 02:58:17.753   683   858 D WifiThroughputPredictor:  BW: 0 RSSI: -50 Nss: 1 Mode: 1 symDur: 4000 snrDb 30 bitPerTone: 4500 rate: 54 throughput: 11
04-22 02:58:17.753   683   858 D WifiThroughputPredictor:  utilization (LLS) 80 isBluetoothConnected: false final utilization: 80
04-22 02:58:17.753   683   858 D WifiThroughputPredictor:  BW: 0 RSSI: -50 Nss: 1 Mode: 1 symDur: 4000 snrDb 30 bitPerTone: 4500 rate: 54 throughput: 11
04-22 02:58:17.753   683   858 D WifiThroughputPredictor:  utilization (LLS) 80 isBluetoothConnected: false final utilization: 80
04-22 02:58:17.753   683   858 D WifiThroughputPredictor:  BW: 0 RSSI: -50 Nss: 1 Mode: 1 symDur: 4000 snrDb 30 bitPerTone: 4500 rate: 54 throughput: 11
04-22 02:58:17.753   683   858 D WifiThroughputPredictor:  utilization (LLS) 80 isBluetoothConnected: false final utilization: 80
04-22 02:58:17.753   683   858 D WifiThroughputPredictor:  BW: 0 RSSI: -50 Nss: 1 Mode: 1 symDur: 4000 snrDb 30 bitPerTone: 4500 rate: 54 throughput: 11
04-22 02:58:17.754   683   858 D WifiScoreCard: BSSID update SIGNAL_POLL ID: 261501600 SSID: "AndroidWifi", BSSID: 00:13:10:85:fe:01, MAC: 02:15:b4:00:00:00, IP: /10.0.2.17, Security type: 0, Supplicant state: COMPLETED, Wi-Fi standard: legacy, RSSI: -50, Link speed: 1Mbps, Tx Link speed: 1Mbps, Max Supported Tx Link speed: 11Mbps, Rx Link speed: 2Mbps, Max Supported Rx Link speed: 11Mbps, Frequency: 2447MHz, Net ID: 0, Metered hint: false, score: 60, isUsable: true, CarrierMerged: false, SubscriptionId: -1, IsPrimary: 1, Trusted: true, Restricted: false, Ephemeral: false, OEM paid: false, OEM private: false, OSU AP: false, FQDN: <none>, Provider friendly name: <none>, Requesting package name: <none>"AndroidWifi"openMLO Information: , Is TID-To-Link negotiation supported by the AP: false, AP MLD Address: <none>, AP MLO Link Id: <none>, AP MLO Affiliated links: <none>, Vendor Data: <none>
04-22 02:58:17.754   683   858 D WifiScoreCard: txRate: 2 txSpeed: 1
04-22 02:58:17.754   683   858 D WifiScoreCard: network update SIGNAL_POLL "AndroidWifi" ID: 579418950 RSSI -50 txSpeed -1
04-22 02:58:17.754   683   858 D WifiClientModeImpl[9769:wlan0]:  ClientModeImpl$L2ConnectedState screen=on 1 0 "AndroidWifi" 00:13:10:85:fe:01 rssi=-50 f=2447 sc=60 link=1 tx=1.2, 0.0, 0.0 rx=1.0 bcn=0 [on:0 tx:0 rx:0 period:3007] from screen [on:0 period:-1318562790] score=60
04-22 02:58:17.773  1283 24534 E GmsTaskScheduler: sendWakeUpEvent called on SchedulerClientBroadcastStrategy
04-22 02:58:17.773  1283 24534 I AlarmManager: setExactAndAllowWhileIdle [name: GCM_HB_ALARM type: 2 triggerAtMillis: 23885316]
04-22 02:58:17.854  1652  2063 I bdee    : (REDACTED) getHotwordActive::active query: %s, watch: %s, devices connected: %s
04-22 02:58:17.943  1283 24534 I AlarmManager: setExactAndAllowWhileIdle [name: GCM_HB_ALARM type: 2 triggerAtMillis: 23885487]
04-22 02:58:17.944  1283 24534 W WakeLock: GCM_CONN_ALARM release without a matched acquire!
04-22 02:58:17.945   683   864 D ConnectivityService: reportNetworkConnectivity(101, true) by 10144
04-22 02:58:17.945  1052  2583 D NetworkMonitor/101: Forcing reevaluation for UID 10144. Dns signal count: 0
04-22 02:58:17.946  1283 24534 I AlarmManager: setExactAndAllowWhileIdle [name: GCM_HB_ALARM type: 2 triggerAtMillis: 23885490]
04-22 02:58:17.946  1283 24534 E GmsTaskScheduler: sendWakeUpEvent called on SchedulerClientBroadcastStrategy
04-22 02:58:17.946   683   864 D ConnectivityService: reportNetworkConnectivity(101, true) by 10144
04-22 02:58:17.948   459 25987 I resolv  : ResNSendHandler::run: 0 / {101 983141 101 983141 1073 1}
04-22 02:58:17.949   459 25988 I resolv  : ResNSendHandler::run: 0 / {101 983141 101 983141 1073 1}
04-22 02:58:17.950   459 25989 I resolv  : ResNSendHandler::run: 0 / {101 983141 101 983141 1073 1}
04-22 02:58:17.951   459 25990 I resolv  : ResNSendHandler::run: 0 / {101 983141 101 983141 1073 1}
04-22 02:58:17.951   459 25990 I resolv  : resolv_cache_lookup: FOUND IN CACHE entry=0xb400007e7ced35d0
04-22 02:58:18.441   459 25988 I resolv  : res_nsend: used send_dg 117 terrno: 0
04-22 02:58:18.441   459 25989 I resolv  : res_nsend: used send_dg 48 terrno: 0
04-22 02:58:18.441   459 25987 I resolv  : res_nsend: used send_dg 60 terrno: 0
04-22 02:58:18.445  1052 25985 D NetworkMonitor/101: PROBE_DNS www.google.com 498ms OK 69.171.235.22,2001::1
04-22 02:58:18.446   459 25991 I resolv  : GetAddrInfoHandler::run: {101 983141 101 983141 1073 1}
04-22 02:58:18.447   459 25992 I resolv  : res_nmkquery: (QUERY, IN, AAAA)
04-22 02:58:18.447   459 25992 I resolv  : resolv_cache_lookup: FOUND IN CACHE entry=0xb400007cdced1150
04-22 02:58:18.447   459 25992 I resolv  : doQuery: rcode=0, ancount=1, return value=60
04-22 02:58:18.447   459 25993 I resolv  : res_nmkquery: (QUERY, IN, A)
04-22 02:58:18.447   459 25993 I resolv  : resolv_cache_lookup: FOUND IN CACHE entry=0xb400007d2ced1320
04-22 02:58:18.447   459 25993 I resolv  : doQuery: rcode=0, ancount=1, return value=48
04-22 02:58:18.448  1052 25986 D NetworkMonitor/101: PROBE_DNS connectivitycheck.gstatic.com 500ms OK 114.250.65.34
04-22 02:58:18.449   459 25994 I resolv  : GetAddrInfoHandler::run: {101 983141 101 983141 1073 1}
04-22 02:58:18.449   459 25995 I resolv  : res_nmkquery: (QUERY, IN, AAAA)
04-22 02:58:18.449   459 25995 I resolv  : resolv_cache_lookup: FOUND IN CACHE entry=0xb400007d0cedaf10
04-22 02:58:18.449   459 25995 I resolv  : doQuery: rcode=0, ancount=0, return value=117
04-22 02:58:18.449   459 25996 I resolv  : res_nmkquery: (QUERY, IN, A)
04-22 02:58:18.450   459 25996 I resolv  : resolv_cache_lookup: FOUND IN CACHE entry=0xb400007e7ced35d0
04-22 02:58:18.450   459 25996 I resolv  : doQuery: rcode=0, ancount=1, return value=63
04-22 02:58:18.941  1052 25986 D NetworkMonitor/101: PROBE_HTTP http://connectivitycheck.gstatic.com/generate_204 time=493ms ret=204 request={Connection=[close], User-Agent=[Mozilla/5.0 (X11; Linux x86_64) AppleWebKit/537.36 (KHTML, like Gecko) Chrome/60.0.3112.32 Safari/537.36]} headers={null=[HTTP/1.1 204 No Content], Connection=[close], Cross-Origin-Resource-Policy=[cross-origin], Date=[Tue, 21 Apr 2026 18:58:18 GMT], X-Android-Received-Millis=[1776797898941], X-Android-Response-Source=[NETWORK 204], X-Android-Selected-Protocol=[http/1.1], X-Android-Sent-Millis=[1776797898451]}
04-22 02:58:20.756   683   858 W BestClock: java.time.DateTimeException: No network time available
04-22 02:58:20.756   683   858 W BestClock: java.time.DateTimeException: No network time available
04-22 02:58:20.756   683   858 W BestClock: java.time.DateTimeException: No network time available
04-22 02:58:20.757   683   858 W BestClock: java.time.DateTimeException: No network time available
04-22 02:58:20.757   683   858 W BestClock: java.time.DateTimeException: No network time available
04-22 02:58:20.757   683   858 D WifiClientModeImpl[9769:wlan0]: updateLinkLayerStatsRssiSpeedFrequencyCapabilities rssi=-50 TxLinkspeed=1 freq=2447 RxLinkSpeed=2
04-22 02:58:20.757   683   858 D WifiDataStall: tx tput in kbps: 11000
04-22 02:58:20.757   683   858 D WifiDataStall: rx tput in kbps: 11000
04-22 02:58:20.757   683   858 V WifiConfigManager: Updating scan detail cache freq=2447 BSSID=00:13:10:85:fe:01 RSSI=-50 for "AndroidWifi"NONE
04-22 02:58:20.757   683   858 D WifiThroughputPredictor:  utilization (LLS) 80 isBluetoothConnected: false final utilization: 80
04-22 02:58:20.757   683   858 D WifiThroughputPredictor:  BW: 0 RSSI: -50 Nss: 1 Mode: 1 symDur: 4000 snrDb 30 bitPerTone: 4500 rate: 54 throughput: 11
04-22 02:58:20.757   683   858 D WifiThroughputPredictor:  utilization (LLS) 80 isBluetoothConnected: false final utilization: 80
04-22 02:58:20.757   683   858 D WifiThroughputPredictor:  BW: 0 RSSI: -50 Nss: 1 Mode: 1 symDur: 4000 snrDb 30 bitPerTone: 4500 rate: 54 throughput: 11
04-22 02:58:20.760   683   858 D WifiThroughputPredictor:  utilization (LLS) 80 isBluetoothConnected: false final utilization: 80
04-22 02:58:20.760   683   858 D WifiThroughputPredictor:  BW: 0 RSSI: -50 Nss: 1 Mode: 1 symDur: 4000 snrDb 30 bitPerTone: 4500 rate: 54 throughput: 11
04-22 02:58:20.760   683   858 D WifiThroughputPredictor:  utilization (LLS) 80 isBluetoothConnected: false final utilization: 80
04-22 02:58:20.760   683   858 D WifiThroughputPredictor:  BW: 0 RSSI: -50 Nss: 1 Mode: 1 symDur: 4000 snrDb 30 bitPerTone: 4500 rate: 54 throughput: 11
04-22 02:58:20.760   683   858 D WifiScoreCard: BSSID update SIGNAL_POLL ID: 261501600 SSID: "AndroidWifi", BSSID: 00:13:10:85:fe:01, MAC: 02:15:b4:00:00:00, IP: /10.0.2.17, Security type: 0, Supplicant state: COMPLETED, Wi-Fi standard: legacy, RSSI: -50, Link speed: 1Mbps, Tx Link speed: 1Mbps, Max Supported Tx Link speed: 11Mbps, Rx Link speed: 2Mbps, Max Supported Rx Link speed: 11Mbps, Frequency: 2447MHz, Net ID: 0, Metered hint: false, score: 60, isUsable: true, CarrierMerged: false, SubscriptionId: -1, IsPrimary: 1, Trusted: true, Restricted: false, Ephemeral: false, OEM paid: false, OEM private: false, OSU AP: false, FQDN: <none>, Provider friendly name: <none>, Requesting package name: <none>"AndroidWifi"openMLO Information: , Is TID-To-Link negotiation supported by the AP: false, AP MLD Address: <none>, AP MLO Link Id: <none>, AP MLO Affiliated links: <none>, Vendor Data: <none>
04-22 02:58:20.760   683   858 D WifiScoreCard: txRate: 4 txSpeed: 1
04-22 02:58:20.760   683   858 D WifiScoreCard: network update SIGNAL_POLL "AndroidWifi" ID: 579418950 RSSI -50 txSpeed 1
04-22 02:58:20.760   683   858 D WifiClientModeImpl[9769:wlan0]:  ClientModeImpl$L2ConnectedState screen=on 1 0 "AndroidWifi" 00:13:10:85:fe:01 rssi=-50 f=2447 sc=60 link=1 tx=3.6, 0.0, 0.0 rx=3.5 bcn=0 [on:0 tx:0 rx:0 period:3006] from screen [on:0 period:-1318559784] score=60
04-22 02:58:20.949   459 25997 I resolv  : GetAddrInfoHandler::run: {101 983141 101 983141 1073 1}
04-22 02:58:20.949   459 25998 I resolv  : res_nmkquery: (QUERY, IN, AAAA)
04-22 02:58:20.949   459 25999 I resolv  : res_nmkquery: (QUERY, IN, A)
04-22 02:58:20.949   459 25998 I resolv  : resolv_cache_lookup: FOUND IN CACHE entry=0xb400007cdced1150
04-22 02:58:20.949   459 25998 I resolv  : doQuery: rcode=0, ancount=1, return value=60
04-22 02:58:20.950   459 25999 I resolv  : resolv_cache_lookup: FOUND IN CACHE entry=0xb400007d2ced1320
04-22 02:58:20.950   459 25999 I resolv  : doQuery: rcode=0, ancount=1, return value=48
04-22 02:58:21.443  1052 25984 D NetworkMonitor/101: PROBE_FALLBACK http://www.google.com/gen_204 time=495ms ret=204 request={Connection=[close], User-Agent=[Mozilla/5.0 (X11; Linux x86_64) AppleWebKit/537.36 (KHTML, like Gecko) Chrome/60.0.3112.32 Safari/537.36]} headers={null=[HTTP/1.1 204 No Content], Connection=[close], Content-Security-Policy=[object-src 'none';base-uri 'self';script-src 'nonce-DVPEqTNfUVTiE7x_TBf11g' 'strict-dynamic' 'report-sample' 'unsafe-eval' 'unsafe-inline' https: http:;report-uri https://csp.withgoogle.com/csp/gws/other], Content-Type=[text/html; charset=UTF-8], Date=[Tue, 21 Apr 2026 18:58:20 GMT], Permissions-Policy=[unload=()], Server=[gws], X-Android-Received-Millis=[1776797901442], X-Android-Response-Source=[NETWORK 204], X-Android-Selected-Protocol=[http/1.1], X-Android-Sent-Millis=[1776797900955], X-Frame-Options=[SAMEORIGIN], X-Xss-Protection=[0]}
04-22 02:58:21.917  1086  1298 D SatelliteController: iisInCarrierRoamingNbIotNtn: satellite is disabled
04-22 02:58:23.767   683   858 W BestClock: java.time.DateTimeException: No network time available
04-22 02:58:23.767   683   858 W BestClock: java.time.DateTimeException: No network time available
04-22 02:58:23.767   683   858 W BestClock: java.time.DateTimeException: No network time available
04-22 02:58:23.767   683   858 W BestClock: java.time.DateTimeException: No network time available
04-22 02:58:23.767   683   858 W BestClock: java.time.DateTimeException: No network time available
04-22 02:58:23.767   683   858 D WifiClientModeImpl[9769:wlan0]: updateLinkLayerStatsRssiSpeedFrequencyCapabilities rssi=-50 TxLinkspeed=1 freq=2447 RxLinkSpeed=2
04-22 02:58:23.768   683   858 D WifiDataStall: tx tput in kbps: 11000
04-22 02:58:23.768   683   858 D WifiDataStall: rx tput in kbps: 11000
04-22 02:58:23.768   683   858 V WifiConfigManager: Updating scan detail cache freq=2447 BSSID=00:13:10:85:fe:01 RSSI=-50 for "AndroidWifi"NONE
04-22 02:58:23.768   683   858 D WifiThroughputPredictor:  utilization (LLS) 80 isBluetoothConnected: false final utilization: 80
04-22 02:58:23.769   683   858 D WifiThroughputPredictor:  BW: 0 RSSI: -50 Nss: 1 Mode: 1 symDur: 4000 snrDb 30 bitPerTone: 4500 rate: 54 throughput: 11
04-22 02:58:23.769   683   858 D WifiThroughputPredictor:  utilization (LLS) 80 isBluetoothConnected: false final utilization: 80
04-22 02:58:23.769   683   858 D WifiThroughputPredictor:  BW: 0 RSSI: -50 Nss: 1 Mode: 1 symDur: 4000 snrDb 30 bitPerTone: 4500 rate: 54 throughput: 11
04-22 02:58:23.769   683   858 D WifiThroughputPredictor:  utilization (LLS) 80 isBluetoothConnected: false final utilization: 80
04-22 02:58:23.769   683   858 D WifiThroughputPredictor:  BW: 0 RSSI: -50 Nss: 1 Mode: 1 symDur: 4000 snrDb 30 bitPerTone: 4500 rate: 54 throughput: 11
04-22 02:58:23.769   683   858 D WifiThroughputPredictor:  utilization (LLS) 80 isBluetoothConnected: false final utilization: 80
04-22 02:58:23.769   683   858 D WifiThroughputPredictor:  BW: 0 RSSI: -50 Nss: 1 Mode: 1 symDur: 4000 snrDb 30 bitPerTone: 4500 rate: 54 throughput: 11
04-22 02:58:23.769   683   858 D WifiScoreCard: BSSID update SIGNAL_POLL ID: 261501600 SSID: "AndroidWifi", BSSID: 00:13:10:85:fe:01, MAC: 02:15:b4:00:00:00, IP: /10.0.2.17, Security type: 0, Supplicant state: COMPLETED, Wi-Fi standard: legacy, RSSI: -50, Link speed: 1Mbps, Tx Link speed: 1Mbps, Max Supported Tx Link speed: 11Mbps, Rx Link speed: 2Mbps, Max Supported Rx Link speed: 11Mbps, Frequency: 2447MHz, Net ID: 0, Metered hint: false, score: 60, isUsable: true, CarrierMerged: false, SubscriptionId: -1, IsPrimary: 1, Trusted: true, Restricted: false, Ephemeral: false, OEM paid: false, OEM private: false, OSU AP: false, FQDN: <none>, Provider friendly name: <none>, Requesting package name: <none>"AndroidWifi"openMLO Information: , Is TID-To-Link negotiation supported by the AP: false, AP MLD Address: <none>, AP MLO Link Id: <none>, AP MLO Affiliated links: <none>, Vendor Data: <none>
04-22 02:58:23.769   683   858 D WifiScoreCard: txRate: 3 txSpeed: 1
04-22 02:58:23.769   683   858 D WifiScoreCard: network update SIGNAL_POLL "AndroidWifi" ID: 579418950 RSSI -50 txSpeed -1
04-22 02:58:23.769   683   858 D WifiClientModeImpl[9769:wlan0]:  ClientModeImpl$L2ConnectedState screen=on 1 0 "AndroidWifi" 00:13:10:85:fe:01 rssi=-50 f=2447 sc=60 link=1 tx=2.5, 0.0, 0.0 rx=2.3 bcn=0 [on:0 tx:0 rx:0 period:3008] from screen [on:0 period:-1318556775] score=60
04-22 02:58:24.472   938   938 D wpa_supplicant: nl80211: Drv Event 64 (NL80211_CMD_NOTIFY_CQM) received for wlan0
04-22 02:58:24.473   938   938 D wpa_supplicant: nl80211: Beacon loss event
04-22 02:58:24.473   938   938 D wpa_supplicant: wlan0: Event BEACON_LOSS (53) received
04-22 02:58:24.473   938   938 I wpa_supplicant: wlan0: CTRL-EVENT-BEACON-LOSS 
04-22 02:58:26.773   683   858 W BestClock: java.time.DateTimeException: No network time available
04-22 02:58:26.774   683   858 W BestClock: java.time.DateTimeException: No network time available
04-22 02:58:26.774   683   858 W BestClock: java.time.DateTimeException: No network time available
04-22 02:58:26.774   683   858 W BestClock: java.time.DateTimeException: No network time available
04-22 02:58:26.774   683   858 W BestClock: java.time.DateTimeException: No network time available
04-22 02:58:26.774   683   858 D WifiClientModeImpl[9769:wlan0]: updateLinkLayerStatsRssiSpeedFrequencyCapabilities rssi=-50 TxLinkspeed=1 freq=2447 RxLinkSpeed=2
04-22 02:58:26.774   683   858 D WifiDataStall: tx tput in kbps: 11000
04-22 02:58:26.774   683   858 D WifiDataStall: rx tput in kbps: 11000
04-22 02:58:26.774   683   858 V WifiConfigManager: Updating scan detail cache freq=2447 BSSID=00:13:10:85:fe:01 RSSI=-50 for "AndroidWifi"NONE
04-22 02:58:26.774   683   858 D WifiThroughputPredictor:  utilization (LLS) 80 isBluetoothConnected: false final utilization: 80
04-22 02:58:26.774   683   858 D WifiThroughputPredictor:  BW: 0 RSSI: -50 Nss: 1 Mode: 1 symDur: 4000 snrDb 30 bitPerTone: 4500 rate: 54 throughput: 11
04-22 02:58:26.774   683   858 D WifiThroughputPredictor:  utilization (LLS) 80 isBluetoothConnected: false final utilization: 80
04-22 02:58:26.774   683   858 D WifiThroughputPredictor:  BW: 0 RSSI: -50 Nss: 1 Mode: 1 symDur: 4000 snrDb 30 bitPerTone: 4500 rate: 54 throughput: 11
04-22 02:58:26.775   683   858 D WifiThroughputPredictor:  utilization (LLS) 80 isBluetoothConnected: false final utilization: 80
04-22 02:58:26.775   683   858 D WifiThroughputPredictor:  BW: 0 RSSI: -50 Nss: 1 Mode: 1 symDur: 4000 snrDb 30 bitPerTone: 4500 rate: 54 throughput: 11
04-22 02:58:26.775   683   858 D WifiThroughputPredictor:  utilization (LLS) 80 isBluetoothConnected: false final utilization: 80
04-22 02:58:26.775   683   858 D WifiThroughputPredictor:  BW: 0 RSSI: -50 Nss: 1 Mode: 1 symDur: 4000 snrDb 30 bitPerTone: 4500 rate: 54 throughput: 11
04-22 02:58:26.775   683   858 D WifiScoreCard: BSSID update SIGNAL_POLL ID: 261501600 SSID: "AndroidWifi", BSSID: 00:13:10:85:fe:01, MAC: 02:15:b4:00:00:00, IP: /10.0.2.17, Security type: 0, Supplicant state: COMPLETED, Wi-Fi standard: legacy, RSSI: -50, Link speed: 1Mbps, Tx Link speed: 1Mbps, Max Supported Tx Link speed: 11Mbps, Rx Link speed: 2Mbps, Max Supported Rx Link speed: 11Mbps, Frequency: 2447MHz, Net ID: 0, Metered hint: false, score: 60, isUsable: true, CarrierMerged: false, SubscriptionId: -1, IsPrimary: 1, Trusted: true, Restricted: false, Ephemeral: false, OEM paid: false, OEM private: false, OSU AP: false, FQDN: <none>, Provider friendly name: <none>, Requesting package name: <none>"AndroidWifi"openMLO Information: , Is TID-To-Link negotiation supported by the AP: false, AP MLD Address: <none>, AP MLO Link Id: <none>, AP MLO Affiliated links: <none>, Vendor Data: <none>
04-22 02:58:26.775   683   858 D WifiScoreCard: txRate: 1 txSpeed: 1
04-22 02:58:26.775   683   858 D WifiScoreCard: network update SIGNAL_POLL "AndroidWifi" ID: 579418950 RSSI -50 txSpeed -1
04-22 02:58:26.775   683   858 D WifiClientModeImpl[9769:wlan0]:  ClientModeImpl$L2ConnectedState screen=on 1 0 "AndroidWifi" 00:13:10:85:fe:01 rssi=-50 f=2447 sc=60 link=1 tx=0.9, 0.0, 0.0 rx=0.8 bcn=0 [on:0 tx:0 rx:0 period:3006] from screen [on:0 period:-1318553769] score=60
04-22 02:58:28.961  1052 25985 D NetworkMonitor/101: PROBE_HTTPS https://www.google.com/generate_204 Probe failed with exception javax.net.ssl.SSLHandshakeException: connection closed
04-22 02:58:28.963  1052 25984 D NetworkMonitor/101: isCaptivePortal: isSuccessful()=false isPortal()=false RedirectUrl=null isPartialConnectivity()=true Time=11017ms
04-22 02:58:28.964   683   864 D ConnectivityService: [101 WIFI] validation failed
04-22 02:58:29.777   683   858 W BestClock: java.time.DateTimeException: No network time available
04-22 02:58:29.777   683   858 W BestClock: java.time.DateTimeException: No network time available
04-22 02:58:29.777   683   858 W BestClock: java.time.DateTimeException: No network time available
04-22 02:58:29.777   683   858 W BestClock: java.time.DateTimeException: No network time available
04-22 02:58:29.777   683   858 W BestClock: java.time.DateTimeException: No network time available
04-22 02:58:29.777   683   858 D WifiClientModeImpl[9769:wlan0]: updateLinkLayerStatsRssiSpeedFrequencyCapabilities rssi=-50 TxLinkspeed=1 freq=2447 RxLinkSpeed=2
04-22 02:58:29.777   683   858 D WifiDataStall: tx tput in kbps: 11000
04-22 02:58:29.777   683   858 D WifiDataStall: rx tput in kbps: 11000
04-22 02:58:29.777   683   858 V WifiConfigManager: Updating scan detail cache freq=2447 BSSID=00:13:10:85:fe:01 RSSI=-50 for "AndroidWifi"NONE
04-22 02:58:29.777   683   858 D WifiThroughputPredictor:  utilization (LLS) 80 isBluetoothConnected: false final utilization: 80
04-22 02:58:29.777   683   858 D WifiThroughputPredictor:  BW: 0 RSSI: -50 Nss: 1 Mode: 1 symDur: 4000 snrDb 30 bitPerTone: 4500 rate: 54 throughput: 11
04-22 02:58:29.777   683   858 D WifiThroughputPredictor:  utilization (LLS) 80 isBluetoothConnected: false final utilization: 80
04-22 02:58:29.777   683   858 D WifiThroughputPredictor:  BW: 0 RSSI: -50 Nss: 1 Mode: 1 symDur: 4000 snrDb 30 bitPerTone: 4500 rate: 54 throughput: 11
04-22 02:58:29.777   683   858 D WifiThroughputPredictor:  utilization (LLS) 80 isBluetoothConnected: false final utilization: 80
04-22 02:58:29.777   683   858 D WifiThroughputPredictor:  BW: 0 RSSI: -50 Nss: 1 Mode: 1 symDur: 4000 snrDb 30 bitPerTone: 4500 rate: 54 throughput: 11
04-22 02:58:29.777   683   858 D WifiThroughputPredictor:  utilization (LLS) 80 isBluetoothConnected: false final utilization: 80
04-22 02:58:29.777   683   858 D WifiThroughputPredictor:  BW: 0 RSSI: -50 Nss: 1 Mode: 1 symDur: 4000 snrDb 30 bitPerTone: 4500 rate: 54 throughput: 11
04-22 02:58:29.778   683   858 D WifiScoreCard: BSSID update SIGNAL_POLL ID: 261501600 SSID: "AndroidWifi", BSSID: 00:13:10:85:fe:01, MAC: 02:15:b4:00:00:00, IP: /10.0.2.17, Security type: 0, Supplicant state: COMPLETED, Wi-Fi standard: legacy, RSSI: -50, Link speed: 1Mbps, Tx Link speed: 1Mbps, Max Supported Tx Link speed: 11Mbps, Rx Link speed: 2Mbps, Max Supported Rx Link speed: 11Mbps, Frequency: 2447MHz, Net ID: 0, Metered hint: false, score: 60, isUsable: true, CarrierMerged: false, SubscriptionId: -1, IsPrimary: 1, Trusted: true, Restricted: false, Ephemeral: false, OEM paid: false, OEM private: false, OSU AP: false, FQDN: <none>, Provider friendly name: <none>, Requesting package name: <none>"AndroidWifi"openMLO Information: , Is TID-To-Link negotiation supported by the AP: false, AP MLD Address: <none>, AP MLO Link Id: <none>, AP MLO Affiliated links: <none>, Vendor Data: <none>
04-22 02:58:29.778   683   858 D WifiScoreCard: txRate: 2 txSpeed: 1
04-22 02:58:29.778   683   858 D WifiScoreCard: network update SIGNAL_POLL "AndroidWifi" ID: 579418950 RSSI -50 txSpeed -1
04-22 02:58:29.778   683   858 D WifiClientModeImpl[9769:wlan0]:  ClientModeImpl$L2ConnectedState screen=on 1 0 "AndroidWifi" 00:13:10:85:fe:01 rssi=-50 f=2447 sc=60 link=1 tx=1.8, 0.0, 0.0 rx=1.5 bcn=0 [on:0 tx:0 rx:0 period:3003] from screen [on:0 period:-1318550766] score=60
04-22 02:58:29.971   459 26003 I resolv  : ResNSendHandler::run: 0 / {101 983141 101 983141 1073 1}
04-22 02:58:29.971   459 26004 I resolv  : ResNSendHandler::run: 0 / {101 983141 101 983141 1073 1}
04-22 02:58:29.971   459 26003 I resolv  : resolv_cache_lookup: FOUND IN CACHE entry=0xb400007d0cedaf10
04-22 02:58:29.971   459 26004 I resolv  : resolv_cache_lookup: FOUND IN CACHE entry=0xb400007cdced1150
04-22 02:58:29.973   459 26005 I resolv  : ResNSendHandler::run: 0 / {101 983141 101 983141 1073 1}
04-22 02:58:29.973   459 26005 I resolv  : resolv_cache_lookup: FOUND IN CACHE entry=0xb400007e7ced35d0
04-22 02:58:29.974   459 26006 I resolv  : ResNSendHandler::run: 0 / {101 983141 101 983141 1073 1}
04-22 02:58:29.974   459 26006 I resolv  : resolv_cache_lookup: FOUND IN CACHE entry=0xb400007d2ced1320
04-22 02:58:29.976  1052 26002 D NetworkMonitor/101: PROBE_DNS connectivitycheck.gstatic.com 9ms OK 114.250.65.34
04-22 02:58:29.978   459 26007 I resolv  : GetAddrInfoHandler::run: {101 983141 101 983141 1073 1}
04-22 02:58:29.978  1052 26001 D NetworkMonitor/101: PROBE_DNS www.google.com 10ms OK 69.171.235.22,2001::1
04-22 02:58:29.978   459 26008 I resolv  : res_nmkquery: (QUERY, IN, AAAA)
04-22 02:58:29.978   459 26008 I resolv  : resolv_cache_lookup: FOUND IN CACHE entry=0xb400007d0cedaf10
04-22 02:58:29.978   459 26008 I resolv  : doQuery: rcode=0, ancount=0, return value=117
04-22 02:58:29.978   459 26009 I resolv  : res_nmkquery: (QUERY, IN, A)
04-22 02:58:29.978   459 26009 I resolv  : resolv_cache_lookup: FOUND IN CACHE entry=0xb400007e7ced35d0
04-22 02:58:29.978   459 26009 I resolv  : doQuery: rcode=0, ancount=1, return value=63
04-22 02:58:29.978   459 26010 I resolv  : GetAddrInfoHandler::run: {101 983141 101 983141 1073 1}
04-22 02:58:29.978   459 26011 I resolv  : res_nmkquery: (QUERY, IN, AAAA)
04-22 02:58:29.978   459 26011 I resolv  : resolv_cache_lookup: FOUND IN CACHE entry=0xb400007cdced1150
04-22 02:58:29.978   459 26011 I resolv  : doQuery: rcode=0, ancount=1, return value=60
04-22 02:58:29.979   459 26012 I resolv  : res_nmkquery: (QUERY, IN, A)
04-22 02:58:29.980   459 26012 I resolv  : resolv_cache_lookup: FOUND IN CACHE entry=0xb400007d2ced1320
04-22 02:58:29.980   459 26012 I resolv  : doQuery: rcode=0, ancount=1, return value=48
04-22 02:58:30.464  1052 26002 D NetworkMonitor/101: PROBE_HTTP http://connectivitycheck.gstatic.com/generate_204 time=487ms ret=204 request={Connection=[close], User-Agent=[Mozilla/5.0 (X11; Linux x86_64) AppleWebKit/537.36 (KHTML, like Gecko) Chrome/60.0.3112.32 Safari/537.36]} headers={null=[HTTP/1.1 204 No Content], Connection=[close], Cross-Origin-Resource-Policy=[cross-origin], Date=[Tue, 21 Apr 2026 18:58:30 GMT], X-Android-Received-Millis=[1776797910464], X-Android-Response-Source=[NETWORK 204], X-Android-Selected-Protocol=[http/1.1], X-Android-Sent-Millis=[1776797909980]}
04-22 02:58:31.926  1086  1298 D SatelliteController: iisInCarrierRoamingNbIotNtn: satellite is disabled
04-22 02:58:32.405   938   938 D wpa_supplicant: nl80211: Drv Event 64 (NL80211_CMD_NOTIFY_CQM) received for wlan0
04-22 02:58:32.406   938   938 D wpa_supplicant: nl80211: Beacon loss event
04-22 02:58:32.406   938   938 D wpa_supplicant: wlan0: Event BEACON_LOSS (53) received
04-22 02:58:32.406   938   938 I wpa_supplicant: wlan0: CTRL-EVENT-BEACON-LOSS 
04-22 02:58:32.782   683   858 W BestClock: java.time.DateTimeException: No network time available
04-22 02:58:32.783   683   858 W BestClock: java.time.DateTimeException: No network time available
04-22 02:58:32.783   683   858 W BestClock: java.time.DateTimeException: No network time available
04-22 02:58:32.783   683   858 W BestClock: java.time.DateTimeException: No network time available
04-22 02:58:32.783   683   858 W BestClock: java.time.DateTimeException: No network time available
04-22 02:58:32.784   683   858 D WifiClientModeImpl[9769:wlan0]: updateLinkLayerStatsRssiSpeedFrequencyCapabilities rssi=-50 TxLinkspeed=1 freq=2447 RxLinkSpeed=2
04-22 02:58:32.784   683   858 D WifiDataStall: tx tput in kbps: 11000
04-22 02:58:32.784   683   858 D WifiDataStall: rx tput in kbps: 11000
04-22 02:58:32.784   683   858 V WifiConfigManager: Updating scan detail cache freq=2447 BSSID=00:13:10:85:fe:01 RSSI=-50 for "AndroidWifi"NONE
04-22 02:58:32.784   683   858 D WifiThroughputPredictor:  utilization (LLS) 80 isBluetoothConnected: false final utilization: 80
04-22 02:58:32.784   683   858 D WifiThroughputPredictor:  BW: 0 RSSI: -50 Nss: 1 Mode: 1 symDur: 4000 snrDb 30 bitPerTone: 4500 rate: 54 throughput: 11
04-22 02:58:32.784   683   858 D WifiThroughputPredictor:  utilization (LLS) 80 isBluetoothConnected: false final utilization: 80
04-22 02:58:32.784   683   858 D WifiThroughputPredictor:  BW: 0 RSSI: -50 Nss: 1 Mode: 1 symDur: 4000 snrDb 30 bitPerTone: 4500 rate: 54 throughput: 11
04-22 02:58:32.785   683   858 D WifiThroughputPredictor:  utilization (LLS) 80 isBluetoothConnected: false final utilization: 80
04-22 02:58:32.785   683   858 D WifiThroughputPredictor:  BW: 0 RSSI: -50 Nss: 1 Mode: 1 symDur: 4000 snrDb 30 bitPerTone: 4500 rate: 54 throughput: 11
04-22 02:58:32.785   683   858 D WifiThroughputPredictor:  utilization (LLS) 80 isBluetoothConnected: false final utilization: 80
04-22 02:58:32.785   683   858 D WifiThroughputPredictor:  BW: 0 RSSI: -50 Nss: 1 Mode: 1 symDur: 4000 snrDb 30 bitPerTone: 4500 rate: 54 throughput: 11
04-22 02:58:32.785   683   858 D WifiScoreCard: BSSID update SIGNAL_POLL ID: 261501600 SSID: "AndroidWifi", BSSID: 00:13:10:85:fe:01, MAC: 02:15:b4:00:00:00, IP: /10.0.2.17, Security type: 0, Supplicant state: COMPLETED, Wi-Fi standard: legacy, RSSI: -50, Link speed: 1Mbps, Tx Link speed: 1Mbps, Max Supported Tx Link speed: 11Mbps, Rx Link speed: 2Mbps, Max Supported Rx Link speed: 11Mbps, Frequency: 2447MHz, Net ID: 0, Metered hint: false, score: 60, isUsable: true, CarrierMerged: false, SubscriptionId: -1, IsPrimary: 1, Trusted: true, Restricted: false, Ephemeral: false, OEM paid: false, OEM private: false, OSU AP: false, FQDN: <none>, Provider friendly name: <none>, Requesting package name: <none>"AndroidWifi"openMLO Information: , Is TID-To-Link negotiation supported by the AP: false, AP MLD Address: <none>, AP MLO Link Id: <none>, AP MLO Affiliated links: <none>, Vendor Data: <none>
04-22 02:58:32.786   683   858 D WifiScoreCard: txRate: 3 txSpeed: 1
04-22 02:58:32.786   683   858 D WifiScoreCard: network update SIGNAL_POLL "AndroidWifi" ID: 579418950 RSSI -50 txSpeed -1
04-22 02:58:32.786   683   858 D WifiClientModeImpl[9769:wlan0]:  ClientModeImpl$L2ConnectedState screen=on 1 0 "AndroidWifi" 00:13:10:85:fe:01 rssi=-50 f=2447 sc=60 link=1 tx=2.3, 0.0, 0.0 rx=2.0 bcn=0 [on:0 tx:0 rx:0 period:3008] from screen [on:0 period:-1318547758] score=60
04-22 02:58:32.970   459 26013 I resolv  : GetAddrInfoHandler::run: {101 983141 101 983141 1073 1}
04-22 02:58:32.971   459 26015 I resolv  : res_nmkquery: (QUERY, IN, A)
04-22 02:58:32.971   459 26015 I resolv  : resolv_cache_lookup: FOUND IN CACHE entry=0xb400007d2ced1320
04-22 02:58:32.971   459 26015 I resolv  : doQuery: rcode=0, ancount=1, return value=48
04-22 02:58:32.971   459 26014 I resolv  : res_nmkquery: (QUERY, IN, AAAA)
04-22 02:58:32.971   459 26014 I resolv  : resolv_cache_lookup: FOUND IN CACHE entry=0xb400007cdced1150
04-22 02:58:32.971   459 26014 I resolv  : doQuery: rcode=0, ancount=1, return value=60
04-22 02:58:33.469  1052 26000 D NetworkMonitor/101: PROBE_FALLBACK http://www.google.com/gen_204 time=499ms ret=204 request={Connection=[close], User-Agent=[Mozilla/5.0 (X11; Linux x86_64) AppleWebKit/537.36 (KHTML, like Gecko) Chrome/60.0.3112.32 Safari/537.36]} headers={null=[HTTP/1.1 204 No Content], Connection=[close], Content-Security-Policy=[object-src 'none';base-uri 'self';script-src 'nonce-QmbOXQoltWCZuDFS5Q1Q8w' 'strict-dynamic' 'report-sample' 'unsafe-eval' 'unsafe-inline' https: http:;report-uri https://csp.withgoogle.com/csp/gws/other], Content-Type=[text/html; charset=UTF-8], Date=[Tue, 21 Apr 2026 18:58:33 GMT], Permissions-Policy=[unload=()], Server=[gws], X-Android-Received-Millis=[1776797913468], X-Android-Response-Source=[NETWORK 204], X-Android-Selected-Protocol=[http/1.1], X-Android-Sent-Millis=[1776797912975], X-Frame-Options=[SAMEORIGIN], X-Xss-Protection=[0]}
04-22 02:58:33.687   459   539 I netd    : setProcSysNet(4, 2, wlan0, retrans_time_ms, 750) <0.20ms>
04-22 02:58:33.688   459   539 I netd    : setProcSysNet(4, 2, wlan0, ucast_solicit, 10) <0.07ms>
04-22 02:58:33.689   459   539 I netd    : setProcSysNet(6, 2, wlan0, retrans_time_ms, 750) <0.12ms>
04-22 02:58:33.689   459   539 I netd    : setProcSysNet(6, 2, wlan0, ucast_solicit, 10) <0.05ms>
04-22 02:58:35.790   683   858 W BestClock: java.time.DateTimeException: No network time available
04-22 02:58:35.790   683   858 W BestClock: java.time.DateTimeException: No network time available
04-22 02:58:35.790   683   858 W BestClock: java.time.DateTimeException: No network time available
04-22 02:58:35.790   683   858 W BestClock: java.time.DateTimeException: No network time available
04-22 02:58:35.790   683   858 W BestClock: java.time.DateTimeException: No network time available
04-22 02:58:35.791   683   858 D WifiClientModeImpl[9769:wlan0]: updateLinkLayerStatsRssiSpeedFrequencyCapabilities rssi=-50 TxLinkspeed=1 freq=2447 RxLinkSpeed=2
04-22 02:58:35.792   683   858 D WifiDataStall: tx tput in kbps: 11000
04-22 02:58:35.793   683   858 D WifiDataStall: rx tput in kbps: 11000
04-22 02:58:35.793   683   858 V WifiConfigManager: Updating scan detail cache freq=2447 BSSID=00:13:10:85:fe:01 RSSI=-50 for "AndroidWifi"NONE
04-22 02:58:35.793   683   858 D WifiThroughputPredictor:  utilization (LLS) 80 isBluetoothConnected: false final utilization: 80
04-22 02:58:35.793   683   858 D WifiThroughputPredictor:  BW: 0 RSSI: -50 Nss: 1 Mode: 1 symDur: 4000 snrDb 30 bitPerTone: 4500 rate: 54 throughput: 11
