--------- beginning of main
04-22 02:54:49.316 25503 25524 I assembly.assembly.android.mixc-retail-rn84: [assembly.topology] Native topology host already matches desired lifecycle state {"displayCount":1,"displayIndex":0,"deviceId":"ZJ63NQELD9","instanceMode":"MASTER","enableSlave":false,"running":false,"reason":"not-master-or-single-primary-host"}
04-22 02:54:49.317 25503 25524 I assembly.assembly.android.mixc-retail-rn84: [assembly.topology] Native topology host already matches desired lifecycle state {"displayCount":1,"displayIndex":0,"deviceId":"ZJ63NQELD9","instanceMode":"MASTER","enableSlave":false,"running":false,"reason":"not-master-or-single-primary-host"}
04-22 02:54:49.317 25503 25524 I assembly.assembly.android.mixc-retail-rn84: [assembly.topology] Native topology host already matches desired lifecycle state {"displayCount":1,"displayIndex":0,"deviceId":"ZJ63NQELD9","instanceMode":"MASTER","enableSlave":false,"running":false,"reason":"not-master-or-single-primary-host"}
04-22 02:54:49.317 25503 25524 I assembly.assembly.android.mixc-retail-rn84: [assembly.topology] Native topology host already matches desired lifecycle state {"displayCount":1,"displayIndex":0,"deviceId":"ZJ63NQELD9","instanceMode":"MASTER","enableSlave":false,"running":false,"reason":"not-master-or-single-primary-host"}
04-22 02:54:49.318 25503 25849 D nativeloader: Load /data/app/~~Jjzl2RtEtLBjzfdvw0z48g==/com.impos2.mixcretailassemblyrn84-ROiv_l_-YG1Yen4mnIU_hA==/base.apk!/lib/arm64-v8a/libquickjs-android-wrapper.so using class loader ns clns-9 (caller=/data/app/~~Jjzl2RtEtLBjzfdvw0z48g==/com.impos2.mixcretailassemblyrn84-ROiv_l_-YG1Yen4mnIU_hA==/base.apk): ok
04-22 02:54:49.322 25503 25524 I ConnectorManager: call start taskId=48d1dc1a84e84c269988db6518efe6a3 channel=INTENT/camera action=com.impos2.posadapter.action.CAMERA_SCAN timeout=60000
04-22 02:54:49.323   683 19931 V GrammaticalInflectionUtils: AttributionSource: AttributionSource { uid = 10214, packageName = null, attributionTag = null, token = android.os.Binder@d3d534, deviceId = 0, next = null } does not have READ_SYSTEM_GRAMMATICAL_GENDER permission.
--------- beginning of system
04-22 02:54:49.323   683 19931 W OptProp : Cannot read opt property android.window.PROPERTY_COMPAT_ALLOW_USER_ASPECT_RATIO_OVERRIDE
04-22 02:54:49.324   683 19931 W OptProp : Cannot read opt property android.window.PROPERTY_COMPAT_ALLOW_USER_ASPECT_RATIO_FULLSCREEN_OVERRIDE
04-22 02:54:49.324   683 19931 W OptProp : Cannot read opt property android.window.PROPERTY_COMPAT_ALLOW_RESIZEABLE_ACTIVITY_OVERRIDES
04-22 02:54:49.324   683 19931 W OptProp : Cannot read opt property android.window.PROPERTY_COMPAT_ALLOW_MIN_ASPECT_RATIO_OVERRIDE
04-22 02:54:49.324   683 19931 D CompatChangeReporter: Compat change id reported: 358129114; UID 10214; state: ENABLED
04-22 02:54:49.325   683 19931 D CompatChangeReporter: Compat change id reported: 357141415; UID 10214; state: ENABLED
04-22 02:54:49.325   683 19931 W OptProp : Cannot read opt property android.window.PROPERTY_COMPAT_ALLOW_ORIENTATION_OVERRIDE
04-22 02:54:49.326   683 19931 I ActivityTaskManager: Ignoring manifest-declared fixed orientation SCREEN_ORIENTATION_PORTRAIT of ActivityRecord{36295384 u0 com.impos2.mixcretailassemblyrn84/com.impos2.adapterv2.camera.CameraScanActivity t38} since target sdk 36
04-22 02:54:49.326   683 19931 I ActivityTaskManager: START u0 {act=com.impos2.posadapter.action.CAMERA_SCAN flg=0x24000000 xflg=0x4 cmp=com.impos2.mixcretailassemblyrn84/com.impos2.adapterv2.camera.CameraScanActivity (has extras)} with LAUNCH_MULTIPLE from uid 10214 (sr=185187348) (BAL_ALLOW_VISIBLE_WINDOW) result code=0
04-22 02:54:49.327   957  1041 V WindowManagerShell: Transition requested (#149): android.os.BinderProxy@e63fdfa TransitionRequestInfo { type = OPEN, triggerTask = TaskInfo{userId=0 taskId=38 effectiveUid=10214 displayId=0 isRunning=true baseIntent=Intent { flg=0x10000000 cmp=com.impos2.mixcretailassemblyrn84/.MainActivity } baseActivity=ComponentInfo{com.impos2.mixcretailassemblyrn84/com.impos2.mixcretailassemblyrn84.MainActivity} topActivity=ComponentInfo{com.impos2.mixcretailassemblyrn84/com.impos2.adapterv2.camera.CameraScanActivity} origActivity=null realActivity=ComponentInfo{com.impos2.mixcretailassemblyrn84/com.impos2.mixcretailassemblyrn84.MainActivity} numActivities=2 lastActiveTime=23146870 supportsMultiWindow=true resizeMode=1 isResizeable=true minWidth=-1 minHeight=-1 defaultMinSize=220 token=WCT{android.window.IWindowContainerToken$Stub$Proxy@1517fab} topActivityType=1 pictureInPictureParams=null shouldDockBigOverlays=false launchIntoPipHostTaskId=-1 lastParentTaskIdBeforePip=-1 displayCutoutSafeInsets=Rect(0, 0 - 0, 0) topActivityInfo=ActivityInfo{ddba608 com.impos2.adapterv2.camera.CameraScanActivity} launchCookies=[] positionInParent=Point(0, 0) parentTaskId=-1 isFocused=true isVisible=true isVisibleRequested=true isTopActivityNoDisplay=false isSleeping=false locusId=null displayAreaFeatureId=1 isTopActivityTransparent=false isActivityStackTransparent=false lastNonFullscreenBounds=Rect(892, 102 - 1668, 1482) capturedLink=null capturedLinkTimestamp=0 requestedVisibleTypes=-9 topActivityRequestOpenInBrowserEducationTimestamp=0 appCompatTaskInfo=AppCompatTaskInfo { topActivityInSizeCompat=false eligibleForLetterboxEducation= false isLetterboxEducationEnabled= true isLetterboxDoubleTapEnabled= false eligibleForUserAspectRatioButton= true topActivityBoundsLetterboxed= false isFromLetterboxDoubleTap= false topActivityLetterboxVerticalPosition= -1 topActivityLetterboxHorizontalPosition= -1 topActivityLetterboxWidth=-1 topActivityLetterboxHeight=-1 topActivityAppBounds=Rect(0, 0 - 2560, 1600) isUserFullscreenOverrideEnabled=false isSystemFullscreenOverrideEnabled=false hasMinAspectRatioOverride=false topActivityLetterboxBounds=null cameraCompatTaskInfo=CameraCompatTaskInfo { freeformCameraCompatMode=inactive}} topActivityMainWindowFrame=null}, pipChange = null, remoteTransition = null, displayChange = null, flags = 0, debugId = 149 }
04-22 02:54:49.327   957  1041 D ShellSplitScreen: logExit: no-op, mLoggerSessionId is null
04-22 02:54:49.327 25503 25503 W unknown:BridgelessReact: ReactHost{0}.onUserLeaveHint(activity)
04-22 02:54:49.327 25503 25503 W unknown:BridgelessReact: ReactHost{0}.onHostPause(activity)
04-22 02:54:49.327 25503 25503 W unknown:BridgelessReact: ReactHost{0}.ReactContext.onHostPause()
04-22 02:54:49.327 25503 25524 I CameraScannerManager: startScan success: requestId=a5f19e85-2b1c-4cf3-86bd-f2822cdf71b3, scanMode=QR_CODE_MODE, imageUri=true, waitResult=true
04-22 02:54:49.328   683  1148 W OptProp : Cannot read opt property android.window.PROPERTY_COMPAT_ALLOW_DISPLAY_ORIENTATION_OVERRIDE
04-22 02:54:49.329   683  1148 W OptProp : Cannot read opt property android.window.PROPERTY_COMPAT_ENABLE_FAKE_FOCUS
04-22 02:54:49.330   683   912 D BackgroundInstallControlService: Package event received: 0
04-22 02:54:49.330   683   734 W IPCThreadState: Sending oneway calls to frozen process.
04-22 02:54:49.330   683   734 W IPCThreadState: Sending oneway calls to frozen process.
04-22 02:54:49.330   683   734 W IPCThreadState: Sending oneway calls to frozen process.
04-22 02:54:49.330   683   734 W IPCThreadState: Sending oneway calls to frozen process.
04-22 02:54:49.330   683   734 W IPCThreadState: Sending oneway calls to frozen process.
04-22 02:54:49.330   683   734 W IPCThreadState: Sending oneway calls to frozen process.
04-22 02:54:49.330   683   734 W IPCThreadState: Sending oneway calls to frozen process.
04-22 02:54:49.330   683   734 W IPCThreadState: Sending oneway calls to frozen process.
04-22 02:54:49.331   683   734 W IPCThreadState: Sending oneway calls to frozen process.
04-22 02:54:49.331   683   734 W IPCThreadState: Sending oneway calls to frozen process.
04-22 02:54:49.331   683   734 W IPCThreadState: Sending oneway calls to frozen process.
04-22 02:54:49.331   683   734 W IPCThreadState: Sending oneway calls to frozen process.
04-22 02:54:49.331   683   734 W IPCThreadState: Sending oneway calls to frozen process.
04-22 02:54:49.331   683   734 W IPCThreadState: Sending oneway calls to frozen process.
04-22 02:54:49.331   683   734 W IPCThreadState: Sending oneway calls to frozen process.
04-22 02:54:49.331   683   734 W IPCThreadState: Sending oneway calls to frozen process.
04-22 02:54:49.331   683   734 W IPCThreadState: Sending oneway calls to frozen process.
04-22 02:54:49.331   683   734 W IPCThreadState: Sending oneway calls to frozen process.
04-22 02:54:49.331   683   734 W IPCThreadState: Sending oneway calls to frozen process.
04-22 02:54:49.331   683   734 W IPCThreadState: Sending oneway calls to frozen process.
04-22 02:54:49.331   683   734 W IPCThreadState: Sending oneway calls to frozen process.
04-22 02:54:49.331   683   734 W IPCThreadState: Sending oneway calls to frozen process.
04-22 02:54:49.331   683   734 W IPCThreadState: Sending oneway calls to frozen process.
04-22 02:54:49.331   683   734 W IPCThreadState: Sending oneway calls to frozen process.
04-22 02:54:49.331   683   734 W IPCThreadState: Sending oneway calls to frozen process.
04-22 02:54:49.331   683   734 W IPCThreadState: Sending oneway calls to frozen process.
04-22 02:54:49.331   683   734 W IPCThreadState: Sending oneway calls to frozen process.
04-22 02:54:49.331   683   734 W IPCThreadState: Sending oneway calls to frozen process.
04-22 02:54:49.331   683   734 W IPCThreadState: Sending oneway calls to frozen process.
04-22 02:54:49.331   683   734 W IPCThreadState: Sending oneway calls to frozen process.
04-22 02:54:49.331   683   734 W IPCThreadState: Sending oneway calls to frozen process.
04-22 02:54:49.331   683   734 W IPCThreadState: Sending oneway calls to frozen process.
04-22 02:54:49.331 25503 25503 I ailassemblyrn84: AssetManager2(0xb400007aa8c44858) locale list changing from [] to [en-US]
04-22 02:54:49.331   683   734 W IPCThreadState: Sending oneway calls to frozen process.
04-22 02:54:49.331   683   734 W IPCThreadState: Sending oneway calls to frozen process.
04-22 02:54:49.331   683   734 W IPCThreadState: Sending oneway calls to frozen process.
04-22 02:54:49.331   683   734 W IPCThreadState: Sending oneway calls to frozen process.
04-22 02:54:49.331   683   734 W IPCThreadState: Sending oneway calls to frozen process.
04-22 02:54:49.331   683   734 W IPCThreadState: Sending oneway calls to frozen process.
04-22 02:54:49.331   683   734 W IPCThreadState: Sending oneway calls to frozen process.
04-22 02:54:49.331   683   734 W IPCThreadState: Sending oneway calls to frozen process.
04-22 02:54:49.331   683   734 W IPCThreadState: Sending oneway calls to frozen process.
04-22 02:54:49.331   683   734 W IPCThreadState: Sending oneway calls to frozen process.
04-22 02:54:49.331   683   734 W IPCThreadState: Sending oneway calls to frozen process.
04-22 02:54:49.331   683   734 W IPCThreadState: Sending oneway calls to frozen process.
04-22 02:54:49.331   683   734 W IPCThreadState: Sending oneway calls to frozen process.
04-22 02:54:49.331   683   734 W IPCThreadState: Sending oneway calls to frozen process.
04-22 02:54:49.331   683   734 W IPCThreadState: Sending oneway calls to frozen process.
04-22 02:54:49.332   683   912 D BackgroundInstallControlService: Package event received: 0
04-22 02:54:49.333   683   912 D BackgroundInstallControlService: Package event received: 0
04-22 02:54:49.334 25503 25503 D CompatChangeReporter: Compat change id reported: 376561342; UID 10214; state: ENABLED
04-22 02:54:49.334 25503 25503 I CameraScanActivity: scan from imageUri started: file:///sdcard/Android/data/com.impos2.mixcretailassemblyrn84/files/rn84-e2e/topology-share-bridge-qr.png
04-22 02:54:49.334 25503 25503 I CameraScanActivity: analyzePickedImage start: file:///sdcard/Android/data/com.impos2.mixcretailassemblyrn84/files/rn84-e2e/topology-share-bridge-qr.png
04-22 02:54:49.335 25503 25503 D AutofillManager: Fill dialog is enabled:false, hints=[]
04-22 02:54:49.336 25503 25503 D InsetsController: Setting requestedVisibleTypes to -16 (was -9)
04-22 02:54:49.336 25503 25852 W CameraScanActivity: analyzePickedImage read failed: /sdcard/Android/data/com.impos2.mixcretailassemblyrn84/files/rn84-e2e/topology-share-bridge-qr.png: open failed: EACCES (Permission denied)
04-22 02:54:49.336 25503 25852 W CameraScanActivity: java.io.FileNotFoundException: /sdcard/Android/data/com.impos2.mixcretailassemblyrn84/files/rn84-e2e/topology-share-bridge-qr.png: open failed: EACCES (Permission denied)
04-22 02:54:49.336 25503 25852 W CameraScanActivity: 	at libcore.io.IoBridge.open(IoBridge.java:574)
04-22 02:54:49.336 25503 25852 W CameraScanActivity: 	at java.io.FileInputStream.<init>(FileInputStream.java:179)
04-22 02:54:49.336 25503 25852 W CameraScanActivity: 	at java.io.FileInputStream.<init>(FileInputStream.java:133)
04-22 02:54:49.336 25503 25852 W CameraScanActivity: 	at android.content.ContentResolver.openInputStream(ContentResolver.java:1528)
04-22 02:54:49.336 25503 25852 W CameraScanActivity: 	at com.impos2.adapterv2.camera.CameraScanActivity.a1(r8-map-id-c8c3f1f13c1c0bd7c57ac73a9ba81ddb9e1764d436f9e43da44e66a289f8b14e:7)
04-22 02:54:49.336 25503 25852 W CameraScanActivity: 	at com.impos2.adapterv2.camera.CameraScanActivity.E0(r8-map-id-c8c3f1f13c1c0bd7c57ac73a9ba81ddb9e1764d436f9e43da44e66a289f8b14e:1)
04-22 02:54:49.336 25503 25852 W CameraScanActivity: 	at O3.q.run(r8-map-id-c8c3f1f13c1c0bd7c57ac73a9ba81ddb9e1764d436f9e43da44e66a289f8b14e:5)
04-22 02:54:49.336 25503 25852 W CameraScanActivity: 	at java.util.concurrent.ThreadPoolExecutor.runWorker(ThreadPoolExecutor.java:1156)
04-22 02:54:49.336 25503 25852 W CameraScanActivity: 	at java.util.concurrent.ThreadPoolExecutor$Worker.run(ThreadPoolExecutor.java:651)
04-22 02:54:49.336 25503 25852 W CameraScanActivity: 	at java.lang.Thread.run(Thread.java:1119)
04-22 02:54:49.336 25503 25852 W CameraScanActivity: Caused by: android.system.ErrnoException: open failed: EACCES (Permission denied)
04-22 02:54:49.336 25503 25852 W CameraScanActivity: 	at libcore.io.Linux.open(Native Method)
04-22 02:54:49.336 25503 25852 W CameraScanActivity: 	at libcore.io.ForwardingOs.open(ForwardingOs.java:568)
04-22 02:54:49.336 25503 25852 W CameraScanActivity: 	at libcore.io.BlockGuardOs.open(BlockGuardOs.java:274)
04-22 02:54:49.336 25503 25852 W CameraScanActivity: 	at libcore.io.ForwardingOs.open(ForwardingOs.java:568)
04-22 02:54:49.336 25503 25852 W CameraScanActivity: 	at android.app.ActivityThread$AndroidOs.open(ActivityThread.java:8953)
04-22 02:54:49.336 25503 25852 W CameraScanActivity: 	at libcore.io.IoBridge.open(IoBridge.java:560)
04-22 02:54:49.336 25503 25852 W CameraScanActivity: 	... 9 more
04-22 02:54:49.336   683 19931 W WindowManager: Failed looking up window session=Session{3bb8a36 25503:u0a10214} callers=com.android.server.wm.WindowManagerService.windowForClientLocked:6410 com.android.server.wm.Session.updateRequestedVisibleTypes:700 android.view.IWindowSession$Stub.onTransact:1023 
04-22 02:54:49.340   515   515 I BpBinder: onLastStrongRef automatically unlinking death recipients: 
04-22 02:54:49.346   683 19931 D CoreBackPreview: Window{bd54484 u0 com.impos2.mixcretailassemblyrn84/com.impos2.adapterv2.camera.CameraScanActivity}: Setting back callback OnBackInvokedCallbackInfo{mCallback=android.window.IOnBackInvokedCallback$Stub$Proxy@c479cee, mPriority=-1, mIsAnimationCallback=false, mOverrideBehavior=0}
04-22 02:54:49.383 25503 25503 W CameraScanActivity: picked image scan failed: /sdcard/Android/data/com.impos2.mixcretailassemblyrn84/files/rn84-e2e/topology-share-bridge-qr.png: open failed: EACCES (Permission denied)
04-22 02:54:49.384   683   701 I BpBinder: onLastStrongRef automatically unlinking death recipients: 
04-22 02:54:49.387   683   731 I ActivityTaskManager: Displayed com.impos2.mixcretailassemblyrn84/com.impos2.adapterv2.camera.CameraScanActivity for user 0: +63ms
04-22 02:54:49.387   957  1560 V WindowManagerShell: onTransitionReady(transaction=2933462669153)
04-22 02:54:49.387   957  1041 V WindowManagerShell: onTransitionReady (#149) android.os.BinderProxy@e63fdfa: {id=149 t=OPEN f=0x0 trk=0 r=[0@Point(0, 0)] c=[
04-22 02:54:49.387   957  1041 V WindowManagerShell:         {m=OPEN f=FILLS_TASK leash=Surface(name=ActivityRecord{36295384 u0 com.impos2.mixcretailassemblyrn84/com.impos2.adapterv2.camera.CameraScanActivity)/@0x54c51a1 sb=Rect(0, 0 - 0, 0) eb=Rect(0, 0 - 2560, 1600) epz=Point(2560, 1600) d=-1->0 r=-1->0:-1 bc=ff303030 component=com.impos2.mixcretailassemblyrn84/com.impos2.adapterv2.camera.CameraScanActivity opt={t=FROM_STYLE mUserId=0}},
04-22 02:54:49.387   957  1041 V WindowManagerShell:         {m=TO_BACK f=FILLS_TASK leash=Surface(name=ActivityRecord{185187348 u0 com.impos2.mixcretailassemblyrn84/.MainActivity)/@0x5e3ffc6 sb=Rect(0, 0 - 2560, 1600) eb=Rect(0, 0 - 2560, 1600) epz=Point(2560, 1600) d=0 bc=ff303030 component=com.impos2.mixcretailassemblyrn84/.MainActivity opt={t=FROM_STYLE mUserId=0}}
04-22 02:54:49.387   957  1041 V WindowManagerShell:     ]}
04-22 02:54:49.387   957  1041 V WindowManagerShell: Playing animation for (#149) android.os.BinderProxy@e63fdfa@0
04-22 02:54:49.387   957  1041 V ShellRecents: RecentsTransitionHandler.startAnimation: no controller found
04-22 02:54:49.387   957  1041 V WindowManagerShell: Transition doesn't have explicit remote, search filters for match for {id=149 t=OPEN f=0x0 trk=0 r=[0@Point(0, 0)] c=[{m=OPEN f=FILLS_TASK leash=Surface(name=ActivityRecord{36295384 u0 com.impos2.mixcretailassemblyrn84/com.impos2.adapterv2.camera.CameraScanActivity)/@0x54c51a1 sb=Rect(0, 0 - 0, 0) eb=Rect(0, 0 - 2560, 1600) epz=Point(2560, 1600) d=-1->0 r=-1->0:-1 bc=ff303030 component=com.impos2.mixcretailassemblyrn84/com.impos2.adapterv2.camera.CameraScanActivity opt={t=FROM_STYLE mUserId=0}},{m=TO_BACK f=FILLS_TASK leash=Surface(name=ActivityRecord{185187348 u0 com.impos2.mixcretailassemblyrn84/.MainActivity)/@0x5e3ffc6 sb=Rect(0, 0 - 2560, 1600) eb=Rect(0, 0 - 2560, 1600) epz=Point(2560, 1600) d=0 bc=ff303030 component=com.impos2.mixcretailassemblyrn84/.MainActivity opt={t=FROM_STYLE mUserId=0}}]}
04-22 02:54:49.387   957  1041 V WindowManagerShell:  Checking filter Pair{{types=[] flags=0x0] notFlags=0x0 checks=[{atype=undefined independent=true modes=[CLOSE,TO_BACK] flags=IN_TASK_WITH_EMBEDDED_ACTIVITY mustBeTask=false order=ANY topActivity=null launchCookie=null taskFragmentToken=android.os.BinderProxy@c0a78a1 windowingMode=undefined}]} RemoteTransition { remoteTransition = android.window.IRemoteTransition$Stub$Proxy@ebc9ac6, appThread = android.app.IApplicationThread$Stub$Proxy@89a6a87, debugName = overlayBackTransition }}
04-22 02:54:49.387   957  1041 V WindowManagerShell:  Checking filter Pair{{types=[] flags=0x0] notFlags=0x0 checks=[{atype=dream independent=true modes=[OPEN,TO_FRONT] flags=NONE mustBeTask=false order=ANY topActivity=null launchCookie=null windowingMode=undefined},{atype=home independent=true modes=[CLOSE,TO_BACK] flags=NONE mustBeTask=false order=ANY topActivity=null launchCookie=null windowingMode=undefined}]} RemoteTransition { remoteTransition = android.window.IRemoteTransition$Stub$Proxy@19eadb4, appThread = android.app.IApplicationThread$Stub$Proxy@6b4fddd, debugName = LauncherToDream }}
04-22 02:54:49.387   957  1041 V WindowManagerShell:  Checking filter Pair{{types=[] flags=0x0] notFlags=0x100 checks=[{atype=home independent=true modes=[OPEN,TO_FRONT] flags=NONE mustBeTask=false order=TOP topActivity=ComponentInfo{com.google.android.apps.nexuslauncher/com.google.android.apps.nexuslauncher.NexusLauncherActivity} launchCookie=null windowingMode=undefined},{atype=standard independent=true modes=[CLOSE,TO_BACK] flags=NONE mustBeTask=false order=ANY topActivity=null launchCookie=null windowingMode=undefined},{NOT atype=undefined independent=true modes=[] flags=NONE mustBeTask=true order=ANY topActivity=null launchCookie=null customAnim=true windowingMode=undefined}]} RemoteTransition { remoteTransition = android.window.IRemoteTransition$Stub$Proxy@6579d52, appThread = android.app.IApplicationThread$Stub$Proxy@4a92823, debugName = QuickstepLaunchHome }}
04-22 02:54:49.387   957  1041 V WindowManagerShell:  Delegate animation for (#149) to null
04-22 02:54:49.387   957  1041 V WindowManagerShell: start default transition animation, info = {id=149 t=OPEN f=0x0 trk=0 r=[0@Point(0, 0)] c=[{m=OPEN f=FILLS_TASK leash=Surface(name=ActivityRecord{36295384 u0 com.impos2.mixcretailassemblyrn84/com.impos2.adapterv2.camera.CameraScanActivity)/@0x54c51a1 sb=Rect(0, 0 - 0, 0) eb=Rect(0, 0 - 2560, 1600) epz=Point(2560, 1600) d=-1->0 r=-1->0:-1 bc=ff303030 component=com.impos2.mixcretailassemblyrn84/com.impos2.adapterv2.camera.CameraScanActivity opt={t=FROM_STYLE mUserId=0}},{m=TO_BACK f=FILLS_TASK leash=Surface(name=ActivityRecord{185187348 u0 com.impos2.mixcretailassemblyrn84/.MainActivity)/@0x5e3ffc6 sb=Rect(0, 0 - 2560, 1600) eb=Rect(0, 0 - 2560, 1600) epz=Point(2560, 1600) d=0 bc=ff303030 component=com.impos2.mixcretailassemblyrn84/.MainActivity opt={t=FROM_STYLE mUserId=0}}]}
04-22 02:54:49.388   957  1041 V WindowManagerShell: loadAnimation: anim=android.view.animation.AnimationSet@2743923 animAttr=0x5 type=OPEN isEntrance=false
04-22 02:54:49.388   957  1041 V WindowManagerShell: loadAnimation: anim=android.view.animation.AnimationSet@33d419e animAttr=0x4 type=OPEN isEntrance=true
04-22 02:54:49.392   957  1041 V WindowManagerShell:  animated by com.android.wm.shell.transition.DefaultTransitionHandler@419789b
04-22 02:54:49.392   683   731 V WindowManager: Sent Transition (#149) createdAt=04-22 02:54:49.324 via request=TransitionRequestInfo { type = OPEN, triggerTask = TaskInfo{userId=0 taskId=38 effectiveUid=10214 displayId=0 isRunning=true baseIntent=Intent { flg=0x10000000 cmp=com.impos2.mixcretailassemblyrn84/.MainActivity } baseActivity=ComponentInfo{com.impos2.mixcretailassemblyrn84/com.impos2.mixcretailassemblyrn84.MainActivity} topActivity=ComponentInfo{com.impos2.mixcretailassemblyrn84/com.impos2.adapterv2.camera.CameraScanActivity} origActivity=null realActivity=ComponentInfo{com.impos2.mixcretailassemblyrn84/com.impos2.mixcretailassemblyrn84.MainActivity} numActivities=2 lastActiveTime=23146870 supportsMultiWindow=true resizeMode=1 isResizeable=true minWidth=-1 minHeight=-1 defaultMinSize=220 token=WCT{RemoteToken{9cb5129 Task{5eb5cbd #38 type=standard A=10214:com.impos2.mixcretailassemblyrn84}}} topActivityType=1 pictureInPictureParams=null shouldDockBigOverlays=false launchIntoPipHostTaskId=-1 lastParentTaskIdBeforePip=-1 displayCutoutSafeInsets=Rect(0, 0 - 0, 0) topActivityInfo=ActivityInfo{a8bebab com.impos2.adapterv2.camera.CameraScanActivity} launchCookies=[] positionInParent=Point(0, 0) parentTaskId=-1 isFocused=true isVisible=true isVisibleRequested=true isTopActivityNoDisplay=false isSleeping=false locusId=null displayAreaFeatureId=1 isTopActivityTransparent=false isActivityStackTransparent=false lastNonFullscreenBounds=Rect(892, 102 - 1668, 1482) capturedLink=null capturedLinkTimestamp=0 requestedVisibleTypes=-9 topActivityRequestOpenInBrowserEducationTimestamp=0 appCompatTaskInfo=AppCompatTaskInfo { topActivityInSizeCompat=false eligibleForLetterboxEducation= false isLetterboxEducationEnabled= true isLetterboxDoubleTapEnabled= false eligibleForUserAspectRatioButton= true topActivityBoundsLetterboxed= false isFromLetterboxDoubleTap= false topActivityLetterboxVerticalPosition= -1 topActivityLetterboxHorizontalPosition= -1 topActivityLetterboxWidth=-1 topActivityLetterboxHeight=-1 topActivityAppBounds=Rect(0, 0 - 2560, 1600) isUserFullscreenOverrideEnabled=false isSystemFullscreenOverrideEnabled=false hasMinAspectRatioOverride=false topActivityLetterboxBounds=null cameraCompatTaskInfo=CameraCompatTaskInfo { freeformCameraCompatMode=inactive}} topActivityMainWindowFrame=null}, pipChange = null, remoteTransition = null, displayChange = null, flags = 0, debugId = 149 }
04-22 02:54:49.392   683   731 V WindowManager:     startWCT=WindowContainerTransaction { changes= {} hops= [] errorCallbackToken=null taskFragmentOrganizer=null }
04-22 02:54:49.392   683   731 V WindowManager:     info={id=149 t=OPEN f=0x0 trk=0 r=[0@Point(0, 0)] c=[
04-22 02:54:49.392   683   731 V WindowManager:         {m=OPEN f=FILLS_TASK leash=Surface(name=ActivityRecord{36295384 u0 com.impos2.mixcretailassemblyrn84/com.impos2.adapterv2.camera.CameraScanActivity)/@0xc3ea01c sb=Rect(0, 0 - 0, 0) eb=Rect(0, 0 - 2560, 1600) epz=Point(2560, 1600) d=-1->0 r=-1->0:-1 bc=ff303030 component=com.impos2.mixcretailassemblyrn84/com.impos2.adapterv2.camera.CameraScanActivity opt={t=FROM_STYLE mUserId=0}},
04-22 02:54:49.392   683   731 V WindowManager:         {m=TO_BACK f=FILLS_TASK leash=Surface(name=ActivityRecord{185187348 u0 com.impos2.mixcretailassemblyrn84/.MainActivity)/@0xa62858f sb=Rect(0, 0 - 2560, 1600) eb=Rect(0, 0 - 2560, 1600) epz=Point(2560, 1600) d=0 bc=ff303030 component=com.impos2.mixcretailassemblyrn84/.MainActivity opt={t=FROM_STYLE mUserId=0}}
04-22 02:54:49.392   683   731 V WindowManager:     ]}
04-22 02:54:49.493   683   829 I ImeTracker: com.impos2.mixcretailassemblyrn84:2873f68c: onRequestHide at ORIGIN_SERVER reason HIDE_UNSPECIFIED_WINDOW fromUser false
04-22 02:54:49.493 25503 25503 D InsetsController: hide(ime(), fromIme=false)
04-22 02:54:49.493 25503 25503 I ImeTracker: com.impos2.mixcretailassemblyrn84:2873f68c: onCancelled at PHASE_CLIENT_ALREADY_HIDDEN
04-22 02:54:49.494  1576  1576 I GoogleInputMethodService: GoogleInputMethodService.onFinishInput():2043 
04-22 02:54:49.495  1576  1576 I Module  : DeviceLockedStatusModuleProvider$Module.updateDeviceLockedStatus():100 repeatCheckTimes = 0, locked = false
04-22 02:54:49.495  1576  1576 I GoogleInputMethodService: GoogleInputMethodService.onStartInput():1293 onStartInput(EditorInfo{EditorInfo{packageName=com.impos2.mixcretailassemblyrn84, inputType=0, inputTypeString=NULL, enableLearning=false, autoCorrection=false, autoComplete=false, imeOptions=0, privateImeOptions=null, actionName=UNSPECIFIED, actionLabel=null, initialSelStart=-1, initialSelEnd=-1, initialCapsMode=0, label=null, fieldId=0, fieldName=null, extras=null, hintText=null, hintLocales=[]}}, false)
04-22 02:54:49.495   683  1873 I ImeTracker: system_server:2e379104: onRequestHide at ORIGIN_SERVER reason IME_REQUESTED_CHANGED_LISTENER fromUser false
04-22 02:54:49.495  1576  1576 I Module  : DeviceLockedStatusModuleProvider$Module.updateDeviceLockedStatus():100 repeatCheckTimes = 1, locked = false
04-22 02:54:49.495  1576  1576 I EmojiCompatManager: EmojiCompatManager.getEmojiCompatIfLoaded():343 EmojiCompat.init() was never called.
04-22 02:54:49.495  1576  1576 I EmojiCompatManager: java.lang.IllegalStateException: EmojiCompat is not initialized. Please call EmojiCompat.init() first
04-22 02:54:49.495  1576  1576 I EmojiCompatManager: 	at asx.p(PG:6)
04-22 02:54:49.495  1576  1576 I EmojiCompatManager: 	at axb.b(PG:13)
04-22 02:54:49.495  1576  1576 I EmojiCompatManager: 	at jnr.b(PG:2)
04-22 02:54:49.495  1576  1576 I EmojiCompatManager: 	at jnr.c(PG:4)
04-22 02:54:49.495  1576  1576 I EmojiCompatManager: 	at jnr.f(PG:3)
04-22 02:54:49.495  1576  1576 I EmojiCompatManager: 	at jnx.c(PG:3)
04-22 02:54:49.495  1576  1576 I EmojiCompatManager: 	at kif.cz(PG:47)
04-22 02:54:49.495  1576  1576 I EmojiCompatManager: 	at lhl.run(PG:1025)
04-22 02:54:49.495  1576  1576 I EmojiCompatManager: 	at jaf.execute(PG:12)
04-22 02:54:49.495  1576  1576 I EmojiCompatManager: 	at nco.v(PG:13)
04-22 02:54:49.495  1576  1576 I EmojiCompatManager: 	at lhn.m(PG:96)
04-22 02:54:49.495  1576  1576 I EmojiCompatManager: 	at lhn.k(PG:25)
04-22 02:54:49.495  1576  1576 I EmojiCompatManager: 	at kgn.onStartInput(PG:250)
04-22 02:54:49.495  1576  1576 I EmojiCompatManager: 	at android.inputmethodservice.InputMethodService.doStartInput(InputMethodService.java:3521)
04-22 02:54:49.495  1576  1576 I EmojiCompatManager: 	at android.inputmethodservice.InputMethodService$InputMethodImpl.startInput(InputMethodService.java:879)
04-22 02:54:49.495  1576  1576 I EmojiCompatManager: 	at android.inputmethodservice.InputMethodService$InputMethodImpl.dispatchStartInput(InputMethodService.java:908)
04-22 02:54:49.495  1576  1576 I EmojiCompatManager: 	at android.inputmethodservice.IInputMethodWrapper.executeMessage(IInputMethodWrapper.java:201)
04-22 02:54:49.495  1576  1576 I EmojiCompatManager: 	at com.android.internal.os.HandlerCaller$MyHandler.handleMessage(HandlerCaller.java:44)
04-22 02:54:49.495  1576  1576 I EmojiCompatManager: 	at android.os.Handler.dispatchMessage(Handler.java:110)
04-22 02:54:49.495  1576  1576 I EmojiCompatManager: 	at android.os.Looper.loopOnce(Looper.java:248)
04-22 02:54:49.495  1576  1576 I EmojiCompatManager: 	at android.os.Looper.loop(Looper.java:338)
04-22 02:54:49.495  1576  1576 I EmojiCompatManager: 	at android.app.ActivityThread.main(ActivityThread.java:9067)
04-22 02:54:49.495  1576  1576 I EmojiCompatManager: 	at java.lang.reflect.Method.invoke(Native Method)
04-22 02:54:49.495  1576  1576 I EmojiCompatManager: 	at com.android.internal.os.RuntimeInit$MethodAndArgsCaller.run(RuntimeInit.java:593)
04-22 02:54:49.495  1576  1576 I EmojiCompatManager: 	at com.android.internal.os.ZygoteInit.main(ZygoteInit.java:932)
04-22 02:54:49.495   683 19931 W PackageConfigPersister: App-specific configuration not found for packageName: com.impos2.mixcretailassemblyrn84 and userId: 0
04-22 02:54:49.496   683   734 I ImeTracker: system_server:2e379104: onCancelled at PHASE_SERVER_SHOULD_HIDE
04-22 02:54:49.861   957  1041 V WindowManagerShell: Transition animation finished (aborted=false), notifying core (#149) android.os.BinderProxy@e63fdfa@0
04-22 02:54:49.862   683   731 V WindowManager: Finish Transition (#149): created at 04-22 02:54:49.324 collect-started=0.018ms request-sent=1.947ms started=5.63ms ready=5.627ms sent=61.941ms commit=4.738ms finished=537.783ms
04-22 02:54:49.863 25503 25503 D VRI[MainActivity]: visibilityChanged oldVisibility=true newVisibility=false
04-22 02:54:49.863   957  1041 V WindowManagerShell: Track 0 became idle
04-22 02:54:49.863   957  1041 V WindowManagerShell: All active transition animations finished
04-22 02:54:49.877 25503 25503 W WindowOnBackDispatcher: sendCancelIfRunning: isInProgress=false callback=androidx.activity.OnBackPressedDispatcher$g$a@e21dd83
04-22 02:54:49.877   683  1873 D CoreBackPreview: Window{7a880d u0 com.impos2.mixcretailassemblyrn84/com.impos2.mixcretailassemblyrn84.MainActivity}: Setting back callback OnBackInvokedCallbackInfo{mCallback=android.window.IOnBackInvokedCallback$Stub$Proxy@ef8484c, mPriority=-1, mIsAnimationCallback=false, mOverrideBehavior=0}
04-22 02:54:49.893   683   912 D BackgroundInstallControlService: Package event received: 0
04-22 02:54:50.276   683   858 W BestClock: java.time.DateTimeException: No network time available
04-22 02:54:50.276   683   858 W BestClock: java.time.DateTimeException: No network time available
04-22 02:54:50.276   683   858 W BestClock: java.time.DateTimeException: No network time available
04-22 02:54:50.276   683   858 W BestClock: java.time.DateTimeException: No network time available
04-22 02:54:50.276   683   858 W BestClock: java.time.DateTimeException: No network time available
04-22 02:54:50.276   683   858 D WifiClientModeImpl[9769:wlan0]: updateLinkLayerStatsRssiSpeedFrequencyCapabilities rssi=-50 TxLinkspeed=1 freq=2447 RxLinkSpeed=2
04-22 02:54:50.276   683   858 D WifiDataStall: tx tput in kbps: 11000
04-22 02:54:50.276   683   858 D WifiDataStall: rx tput in kbps: 11000
04-22 02:54:50.276   683   858 V WifiConfigManager: Updating scan detail cache freq=2447 BSSID=00:13:10:85:fe:01 RSSI=-50 for "AndroidWifi"NONE
04-22 02:54:50.276   683   858 D WifiThroughputPredictor:  utilization (LLS) 80 isBluetoothConnected: false final utilization: 80
04-22 02:54:50.276   683   858 D WifiThroughputPredictor:  BW: 0 RSSI: -50 Nss: 1 Mode: 1 symDur: 4000 snrDb 30 bitPerTone: 4500 rate: 54 throughput: 11
04-22 02:54:50.276   683   858 D WifiThroughputPredictor:  utilization (LLS) 80 isBluetoothConnected: false final utilization: 80
04-22 02:54:50.276   683   858 D WifiThroughputPredictor:  BW: 0 RSSI: -50 Nss: 1 Mode: 1 symDur: 4000 snrDb 30 bitPerTone: 4500 rate: 54 throughput: 11
04-22 02:54:50.276   683   858 D WifiThroughputPredictor:  utilization (LLS) 80 isBluetoothConnected: false final utilization: 80
04-22 02:54:50.276   683   858 D WifiThroughputPredictor:  BW: 0 RSSI: -50 Nss: 1 Mode: 1 symDur: 4000 snrDb 30 bitPerTone: 4500 rate: 54 throughput: 11
04-22 02:54:50.276   683   858 D WifiThroughputPredictor:  utilization (LLS) 80 isBluetoothConnected: false final utilization: 80
04-22 02:54:50.276   683   858 D WifiThroughputPredictor:  BW: 0 RSSI: -50 Nss: 1 Mode: 1 symDur: 4000 snrDb 30 bitPerTone: 4500 rate: 54 throughput: 11
04-22 02:54:50.277   683   858 D WifiScoreCard: BSSID update SIGNAL_POLL ID: 261501600 SSID: "AndroidWifi", BSSID: 00:13:10:85:fe:01, MAC: 02:15:b4:00:00:00, IP: /10.0.2.17, Security type: 0, Supplicant state: COMPLETED, Wi-Fi standard: legacy, RSSI: -50, Link speed: 1Mbps, Tx Link speed: 1Mbps, Max Supported Tx Link speed: 11Mbps, Rx Link speed: 2Mbps, Max Supported Rx Link speed: 11Mbps, Frequency: 2447MHz, Net ID: 0, Metered hint: false, score: 60, isUsable: true, CarrierMerged: false, SubscriptionId: -1, IsPrimary: 1, Trusted: true, Restricted: false, Ephemeral: false, OEM paid: false, OEM private: false, OSU AP: false, FQDN: <none>, Provider friendly name: <none>, Requesting package name: <none>"AndroidWifi"openMLO Information: , Is TID-To-Link negotiation supported by the AP: false, AP MLD Address: <none>, AP MLO Link Id: <none>, AP MLO Affiliated links: <none>, Vendor Data: <none>
04-22 02:54:50.277   683   858 D WifiScoreCard: txRate: 1 txSpeed: 1
04-22 02:54:50.277   683   858 D WifiScoreCard: network update SIGNAL_POLL "AndroidWifi" ID: 579418950 RSSI -50 txSpeed -1
04-22 02:54:50.277   683   858 D WifiClientModeImpl[9769:wlan0]:  ClientModeImpl$L2ConnectedState screen=on 1 0 "AndroidWifi" 00:13:10:85:fe:01 rssi=-50 f=2447 sc=60 link=1 tx=0.0, 0.0, 0.0 rx=0.0 bcn=0 [on:0 tx:0 rx:0 period:3002] from screen [on:0 period:-1318770267] score=60
04-22 02:54:51.807  1086  1298 D SatelliteController: iisInCarrierRoamingNbIotNtn: satellite is disabled
04-22 02:54:52.329   683  1715 E TaskPersister: File error accessing recents directory (directory doesn't exist?).
04-22 02:54:52.506   683   750 I WifiService: isFeatureSupported uid=1000 returns [WIFI_FEATURE_INFRA, WIFI_FEATURE_P2P, WIFI_FEATURE_MOBILE_HOTSPOT, WIFI_FEATURE_WPA3_SAE, WIFI_FEATURE_WPA3_SUITE_B, WIFI_FEATURE_OWE, WIFI_FEATURE_DPP, WIFI_FEATURE_AP_RAND_MAC, WIFI_FEATURE_MBO, WIFI_FEATURE_FILS_SHA256, WIFI_FEATURE_FILS_SHA384, WIFI_FEATURE_SAE_PK, WIFI_FEATURE_DPP_ENROLLEE_RESPONDER, WIFI_FEATURE_PASSPOINT_TERMS_AND_CONDITIONS, WIFI_FEATURE_WFD_R2, WIFI_FEATURE_DECORATED_IDENTITY, WIFI_FEATURE_TRUST_ON_FIRST_USE, WIFI_FEATURE_SET_TLS_MINIMUM_VERSION, WIFI_FEATURE_TLS_V1_3, WIFI_FEATURE_WEP, WIFI_FEATURE_WPA_PERSONAL]
04-22 02:54:52.984 25415 25417 I AidlLazyServiceRegistrar: Process has 0 (of 1 available) client(s) in use after notification artd has clients: 0
04-22 02:54:52.984 25415 25417 I AidlLazyServiceRegistrar: Trying to shut down the service. No clients in use for any service in process.
--------- beginning of kernel
04-22 02:54:52.987   224   224 I servicemanager: Notifying artd they don't (previously: do) have clients when we now have no record of a client
04-22 02:54:52.988   224   224 I servicemanager: Caller(pid=25415,uid=1082,sid=u:r:artd:s0) Unregistering artd
04-22 02:54:52.988   224   224 I BpBinder: onLastStrongRef automatically unlinking death recipients:
04-22 02:54:52.984 25415 25417 I AidlLazyServiceRegistrar: Unregistered all clients and exiting
04-22 02:54:52.991     1     1 I init    : Service 'artd' (pid 25415) exited with status 0 oneshot service took 387.966003 seconds in background
04-22 02:54:52.991     1     1 I init    : Sending signal 9 to service 'artd' (pid 25415) process group...
04-22 02:54:52.991     1     1 I libprocessgroup: Removed cgroup /sys/fs/cgroup/system/uid_1082/pid_25415
04-22 02:54:53.282   683   858 W BestClock: java.time.DateTimeException: No network time available
04-22 02:54:53.282   683   858 W BestClock: java.time.DateTimeException: No network time available
04-22 02:54:53.282   683   858 W BestClock: java.time.DateTimeException: No network time available
04-22 02:54:53.282   683   858 W BestClock: java.time.DateTimeException: No network time available
04-22 02:54:53.282   683   858 W BestClock: java.time.DateTimeException: No network time available
04-22 02:54:53.282   683   858 D WifiClientModeImpl[9769:wlan0]: updateLinkLayerStatsRssiSpeedFrequencyCapabilities rssi=-50 TxLinkspeed=1 freq=2447 RxLinkSpeed=2
04-22 02:54:53.282   683   858 D WifiDataStall: tx tput in kbps: 11000
04-22 02:54:53.282   683   858 D WifiDataStall: rx tput in kbps: 11000
04-22 02:54:53.283   683   858 V WifiConfigManager: Updating scan detail cache freq=2447 BSSID=00:13:10:85:fe:01 RSSI=-50 for "AndroidWifi"NONE
04-22 02:54:53.283   683   858 D WifiThroughputPredictor:  utilization (LLS) 80 isBluetoothConnected: false final utilization: 80
04-22 02:54:53.283   683   858 D WifiThroughputPredictor:  BW: 0 RSSI: -50 Nss: 1 Mode: 1 symDur: 4000 snrDb 30 bitPerTone: 4500 rate: 54 throughput: 11
04-22 02:54:53.283   683   858 D WifiThroughputPredictor:  utilization (LLS) 80 isBluetoothConnected: false final utilization: 80
04-22 02:54:53.283   683   858 D WifiThroughputPredictor:  BW: 0 RSSI: -50 Nss: 1 Mode: 1 symDur: 4000 snrDb 30 bitPerTone: 4500 rate: 54 throughput: 11
04-22 02:54:53.283   683   858 D WifiThroughputPredictor:  utilization (LLS) 80 isBluetoothConnected: false final utilization: 80
04-22 02:54:53.283   683   858 D WifiThroughputPredictor:  BW: 0 RSSI: -50 Nss: 1 Mode: 1 symDur: 4000 snrDb 30 bitPerTone: 4500 rate: 54 throughput: 11
04-22 02:54:53.283   683   858 D WifiThroughputPredictor:  utilization (LLS) 80 isBluetoothConnected: false final utilization: 80
04-22 02:54:53.283   683   858 D WifiThroughputPredictor:  BW: 0 RSSI: -50 Nss: 1 Mode: 1 symDur: 4000 snrDb 30 bitPerTone: 4500 rate: 54 throughput: 11
04-22 02:54:53.283   683   858 D WifiScoreCard: BSSID update SIGNAL_POLL ID: 261501600 SSID: "AndroidWifi", BSSID: 00:13:10:85:fe:01, MAC: 02:15:b4:00:00:00, IP: /10.0.2.17, Security type: 0, Supplicant state: COMPLETED, Wi-Fi standard: legacy, RSSI: -50, Link speed: 1Mbps, Tx Link speed: 1Mbps, Max Supported Tx Link speed: 11Mbps, Rx Link speed: 2Mbps, Max Supported Rx Link speed: 11Mbps, Frequency: 2447MHz, Net ID: 0, Metered hint: false, score: 60, isUsable: true, CarrierMerged: false, SubscriptionId: -1, IsPrimary: 1, Trusted: true, Restricted: false, Ephemeral: false, OEM paid: false, OEM private: false, OSU AP: false, FQDN: <none>, Provider friendly name: <none>, Requesting package name: <none>"AndroidWifi"openMLO Information: , Is TID-To-Link negotiation supported by the AP: false, AP MLD Address: <none>, AP MLO Link Id: <none>, AP MLO Affiliated links: <none>, Vendor Data: <none>
04-22 02:54:53.283   683   858 D WifiScoreCard: txRate: 1 txSpeed: 1
04-22 02:54:53.283   683   858 D WifiScoreCard: network update SIGNAL_POLL "AndroidWifi" ID: 579418950 RSSI -50 txSpeed -1
04-22 02:54:53.283   683   858 D WifiClientModeImpl[9769:wlan0]:  ClientModeImpl$L2ConnectedState screen=on 1 0 "AndroidWifi" 00:13:10:85:fe:01 rssi=-50 f=2447 sc=60 link=1 tx=0.0, 0.0, 0.0 rx=0.0 bcn=0 [on:0 tx:0 rx:0 period:3006] from screen [on:0 period:-1318767261] score=60
04-22 02:54:56.286   683   858 W BestClock: java.time.DateTimeException: No network time available
04-22 02:54:56.286   683   858 W BestClock: java.time.DateTimeException: No network time available
04-22 02:54:56.286   683   858 W BestClock: java.time.DateTimeException: No network time available
04-22 02:54:56.286   683   858 W BestClock: java.time.DateTimeException: No network time available
04-22 02:54:56.286   683   858 W BestClock: java.time.DateTimeException: No network time available
04-22 02:54:56.286   683   858 D WifiClientModeImpl[9769:wlan0]: updateLinkLayerStatsRssiSpeedFrequencyCapabilities rssi=-50 TxLinkspeed=1 freq=2447 RxLinkSpeed=2
04-22 02:54:56.286   683   858 D WifiDataStall: tx tput in kbps: 11000
04-22 02:54:56.286   683   858 D WifiDataStall: rx tput in kbps: 11000
04-22 02:54:56.286   683   858 V WifiConfigManager: Updating scan detail cache freq=2447 BSSID=00:13:10:85:fe:01 RSSI=-50 for "AndroidWifi"NONE
04-22 02:54:56.286   683   858 D WifiThroughputPredictor:  utilization (LLS) 80 isBluetoothConnected: false final utilization: 80
04-22 02:54:56.286   683   858 D WifiThroughputPredictor:  BW: 0 RSSI: -50 Nss: 1 Mode: 1 symDur: 4000 snrDb 30 bitPerTone: 4500 rate: 54 throughput: 11
04-22 02:54:56.286   683   858 D WifiThroughputPredictor:  utilization (LLS) 80 isBluetoothConnected: false final utilization: 80
04-22 02:54:56.286   683   858 D WifiThroughputPredictor:  BW: 0 RSSI: -50 Nss: 1 Mode: 1 symDur: 4000 snrDb 30 bitPerTone: 4500 rate: 54 throughput: 11
04-22 02:54:56.287   683   858 D WifiThroughputPredictor:  utilization (LLS) 80 isBluetoothConnected: false final utilization: 80
04-22 02:54:56.287   683   858 D WifiThroughputPredictor:  BW: 0 RSSI: -50 Nss: 1 Mode: 1 symDur: 4000 snrDb 30 bitPerTone: 4500 rate: 54 throughput: 11
04-22 02:54:56.287   683   858 D WifiThroughputPredictor:  utilization (LLS) 80 isBluetoothConnected: false final utilization: 80
04-22 02:54:56.287   683   858 D WifiThroughputPredictor:  BW: 0 RSSI: -50 Nss: 1 Mode: 1 symDur: 4000 snrDb 30 bitPerTone: 4500 rate: 54 throughput: 11
04-22 02:54:56.287   683   858 D WifiScoreCard: BSSID update SIGNAL_POLL ID: 261501600 SSID: "AndroidWifi", BSSID: 00:13:10:85:fe:01, MAC: 02:15:b4:00:00:00, IP: /10.0.2.17, Security type: 0, Supplicant state: COMPLETED, Wi-Fi standard: legacy, RSSI: -50, Link speed: 1Mbps, Tx Link speed: 1Mbps, Max Supported Tx Link speed: 11Mbps, Rx Link speed: 2Mbps, Max Supported Rx Link speed: 11Mbps, Frequency: 2447MHz, Net ID: 0, Metered hint: false, score: 60, isUsable: true, CarrierMerged: false, SubscriptionId: -1, IsPrimary: 1, Trusted: true, Restricted: false, Ephemeral: false, OEM paid: false, OEM private: false, OSU AP: false, FQDN: <none>, Provider friendly name: <none>, Requesting package name: <none>"AndroidWifi"openMLO Information: , Is TID-To-Link negotiation supported by the AP: false, AP MLD Address: <none>, AP MLO Link Id: <none>, AP MLO Affiliated links: <none>, Vendor Data: <none>
04-22 02:54:56.287   683   858 D WifiScoreCard: txRate: 1 txSpeed: 1
04-22 02:54:56.287   683   858 D WifiScoreCard: network update SIGNAL_POLL "AndroidWifi" ID: 579418950 RSSI -50 txSpeed -1
04-22 02:54:56.287   683   858 D WifiClientModeImpl[9769:wlan0]:  ClientModeImpl$L2ConnectedState screen=on 1 0 "AndroidWifi" 00:13:10:85:fe:01 rssi=-50 f=2447 sc=60 link=1 tx=0.0, 0.0, 0.0 rx=0.0 bcn=0 [on:0 tx:0 rx:0 period:3004] from screen [on:0 period:-1318764257] score=60
04-22 02:54:56.344   938   938 D wpa_supplicant: nl80211: Drv Event 64 (NL80211_CMD_NOTIFY_CQM) received for wlan0
04-22 02:54:56.345   938   938 D wpa_supplicant: nl80211: Beacon loss event
04-22 02:54:56.345   938   938 D wpa_supplicant: wlan0: Event BEACON_LOSS (53) received
04-22 02:54:56.345   938   938 I wpa_supplicant: wlan0: CTRL-EVENT-BEACON-LOSS 
04-22 02:54:59.289   683   858 W BestClock: java.time.DateTimeException: No network time available
04-22 02:54:59.290   683   858 W BestClock: java.time.DateTimeException: No network time available
04-22 02:54:59.290   683   858 W BestClock: java.time.DateTimeException: No network time available
04-22 02:54:59.290   683   858 W BestClock: java.time.DateTimeException: No network time available
04-22 02:54:59.290   683   858 W BestClock: java.time.DateTimeException: No network time available
04-22 02:54:59.290   683   858 D WifiClientModeImpl[9769:wlan0]: updateLinkLayerStatsRssiSpeedFrequencyCapabilities rssi=-50 TxLinkspeed=1 freq=2447 RxLinkSpeed=2
04-22 02:54:59.290   683   858 D WifiDataStall: tx tput in kbps: 11000
04-22 02:54:59.290   683   858 D WifiDataStall: rx tput in kbps: 11000
04-22 02:54:59.290   683   858 V WifiConfigManager: Updating scan detail cache freq=2447 BSSID=00:13:10:85:fe:01 RSSI=-50 for "AndroidWifi"NONE
04-22 02:54:59.290   683   858 D WifiThroughputPredictor:  utilization (LLS) 80 isBluetoothConnected: false final utilization: 80
04-22 02:54:59.290   683   858 D WifiThroughputPredictor:  BW: 0 RSSI: -50 Nss: 1 Mode: 1 symDur: 4000 snrDb 30 bitPerTone: 4500 rate: 54 throughput: 11
04-22 02:54:59.290   683   858 D WifiThroughputPredictor:  utilization (LLS) 80 isBluetoothConnected: false final utilization: 80
04-22 02:54:59.290   683   858 D WifiThroughputPredictor:  BW: 0 RSSI: -50 Nss: 1 Mode: 1 symDur: 4000 snrDb 30 bitPerTone: 4500 rate: 54 throughput: 11
04-22 02:54:59.291   683   858 D WifiThroughputPredictor:  utilization (LLS) 80 isBluetoothConnected: false final utilization: 80
04-22 02:54:59.291   683   858 D WifiThroughputPredictor:  BW: 0 RSSI: -50 Nss: 1 Mode: 1 symDur: 4000 snrDb 30 bitPerTone: 4500 rate: 54 throughput: 11
04-22 02:54:59.291   683   858 D WifiThroughputPredictor:  utilization (LLS) 80 isBluetoothConnected: false final utilization: 80
04-22 02:54:59.291   683   858 D WifiThroughputPredictor:  BW: 0 RSSI: -50 Nss: 1 Mode: 1 symDur: 4000 snrDb 30 bitPerTone: 4500 rate: 54 throughput: 11
04-22 02:54:59.291   683   858 D WifiScoreCard: BSSID update SIGNAL_POLL ID: 261501600 SSID: "AndroidWifi", BSSID: 00:13:10:85:fe:01, MAC: 02:15:b4:00:00:00, IP: /10.0.2.17, Security type: 0, Supplicant state: COMPLETED, Wi-Fi standard: legacy, RSSI: -50, Link speed: 1Mbps, Tx Link speed: 1Mbps, Max Supported Tx Link speed: 11Mbps, Rx Link speed: 2Mbps, Max Supported Rx Link speed: 11Mbps, Frequency: 2447MHz, Net ID: 0, Metered hint: false, score: 60, isUsable: true, CarrierMerged: false, SubscriptionId: -1, IsPrimary: 1, Trusted: true, Restricted: false, Ephemeral: false, OEM paid: false, OEM private: false, OSU AP: false, FQDN: <none>, Provider friendly name: <none>, Requesting package name: <none>"AndroidWifi"openMLO Information: , Is TID-To-Link negotiation supported by the AP: false, AP MLD Address: <none>, AP MLO Link Id: <none>, AP MLO Affiliated links: <none>, Vendor Data: <none>
04-22 02:54:59.291   683   858 D WifiScoreCard: txRate: 1 txSpeed: 1
04-22 02:54:59.291   683   858 D WifiScoreCard: network update SIGNAL_POLL "AndroidWifi" ID: 579418950 RSSI -50 txSpeed -1
04-22 02:54:59.291   683   858 D WifiClientModeImpl[9769:wlan0]:  ClientModeImpl$L2ConnectedState screen=on 1 0 "AndroidWifi" 00:13:10:85:fe:01 rssi=-50 f=2447 sc=60 link=1 tx=0.0, 0.0, 0.0 rx=0.0 bcn=0 [on:0 tx:0 rx:0 period:3004] from screen [on:0 period:-1318761253] score=60
04-22 02:55:01.812  1086  1298 D SatelliteController: iisInCarrierRoamingNbIotNtn: satellite is disabled
04-22 02:55:02.292   683   858 W BestClock: java.time.DateTimeException: No network time available
04-22 02:55:02.292   683   858 W BestClock: java.time.DateTimeException: No network time available
04-22 02:55:02.292   683   858 W BestClock: java.time.DateTimeException: No network time available
04-22 02:55:02.292   683   858 W BestClock: java.time.DateTimeException: No network time available
04-22 02:55:02.292   683   858 W BestClock: java.time.DateTimeException: No network time available
04-22 02:55:02.294   683   858 D WifiClientModeImpl[9769:wlan0]: updateLinkLayerStatsRssiSpeedFrequencyCapabilities rssi=-50 TxLinkspeed=1 freq=2447 RxLinkSpeed=2
04-22 02:55:02.294   683   858 D WifiDataStall: tx tput in kbps: 11000
04-22 02:55:02.294   683   858 D WifiDataStall: rx tput in kbps: 11000
04-22 02:55:02.294   683   858 V WifiConfigManager: Updating scan detail cache freq=2447 BSSID=00:13:10:85:fe:01 RSSI=-50 for "AndroidWifi"NONE
04-22 02:55:02.294   683   858 D WifiThroughputPredictor:  utilization (LLS) 80 isBluetoothConnected: false final utilization: 80
04-22 02:55:02.294   683   858 D WifiThroughputPredictor:  BW: 0 RSSI: -50 Nss: 1 Mode: 1 symDur: 4000 snrDb 30 bitPerTone: 4500 rate: 54 throughput: 11
04-22 02:55:02.294   683   858 D WifiThroughputPredictor:  utilization (LLS) 80 isBluetoothConnected: false final utilization: 80
04-22 02:55:02.294   683   858 D WifiThroughputPredictor:  BW: 0 RSSI: -50 Nss: 1 Mode: 1 symDur: 4000 snrDb 30 bitPerTone: 4500 rate: 54 throughput: 11
04-22 02:55:02.294   683   858 D WifiThroughputPredictor:  utilization (LLS) 80 isBluetoothConnected: false final utilization: 80
04-22 02:55:02.294   683   858 D WifiThroughputPredictor:  BW: 0 RSSI: -50 Nss: 1 Mode: 1 symDur: 4000 snrDb 30 bitPerTone: 4500 rate: 54 throughput: 11
04-22 02:55:02.294   683   858 D WifiThroughputPredictor:  utilization (LLS) 80 isBluetoothConnected: false final utilization: 80
04-22 02:55:02.294   683   858 D WifiThroughputPredictor:  BW: 0 RSSI: -50 Nss: 1 Mode: 1 symDur: 4000 snrDb 30 bitPerTone: 4500 rate: 54 throughput: 11
