04-22 02:55:35.349   683   858 W BestClock: java.time.DateTimeException: No network time available
04-22 02:55:35.349   683   858 W BestClock: java.time.DateTimeException: No network time available
04-22 02:55:35.349   683   858 W BestClock: java.time.DateTimeException: No network time available
04-22 02:55:35.349   683   858 W BestClock: java.time.DateTimeException: No network time available
04-22 02:55:35.350   683   858 D WifiClientModeImpl[9769:wlan0]: updateLinkLayerStatsRssiSpeedFrequencyCapabilities rssi=-50 TxLinkspeed=1 freq=2447 RxLinkSpeed=2
04-22 02:55:35.350   683   858 D WifiDataStall: tx tput in kbps: 11000
04-22 02:55:35.350   683   858 D WifiDataStall: rx tput in kbps: 11000
04-22 02:55:35.350   683   858 V WifiConfigManager: Updating scan detail cache freq=2447 BSSID=00:13:10:85:fe:01 RSSI=-50 for "AndroidWifi"NONE
04-22 02:55:35.350   683   858 D WifiThroughputPredictor:  utilization (LLS) 80 isBluetoothConnected: false final utilization: 80
04-22 02:55:35.350   683   858 D WifiThroughputPredictor:  BW: 0 RSSI: -50 Nss: 1 Mode: 1 symDur: 4000 snrDb 30 bitPerTone: 4500 rate: 54 throughput: 11
04-22 02:55:35.350   683   858 D WifiThroughputPredictor:  utilization (LLS) 80 isBluetoothConnected: false final utilization: 80
04-22 02:55:35.350   683   858 D WifiThroughputPredictor:  BW: 0 RSSI: -50 Nss: 1 Mode: 1 symDur: 4000 snrDb 30 bitPerTone: 4500 rate: 54 throughput: 11
04-22 02:55:35.350   683   858 D WifiThroughputPredictor:  utilization (LLS) 80 isBluetoothConnected: false final utilization: 80
04-22 02:55:35.350   683   858 D WifiThroughputPredictor:  BW: 0 RSSI: -50 Nss: 1 Mode: 1 symDur: 4000 snrDb 30 bitPerTone: 4500 rate: 54 throughput: 11
04-22 02:55:35.350   683   858 D WifiThroughputPredictor:  utilization (LLS) 80 isBluetoothConnected: false final utilization: 80
04-22 02:55:35.350   683   858 D WifiThroughputPredictor:  BW: 0 RSSI: -50 Nss: 1 Mode: 1 symDur: 4000 snrDb 30 bitPerTone: 4500 rate: 54 throughput: 11
04-22 02:55:35.351   683   858 D WifiScoreCard: BSSID update SIGNAL_POLL ID: 261501600 SSID: "AndroidWifi", BSSID: 00:13:10:85:fe:01, MAC: 02:15:b4:00:00:00, IP: /10.0.2.17, Security type: 0, Supplicant state: COMPLETED, Wi-Fi standard: legacy, RSSI: -50, Link speed: 1Mbps, Tx Link speed: 1Mbps, Max Supported Tx Link speed: 11Mbps, Rx Link speed: 2Mbps, Max Supported Rx Link speed: 11Mbps, Frequency: 2447MHz, Net ID: 0, Metered hint: false, score: 60, isUsable: true, CarrierMerged: false, SubscriptionId: -1, IsPrimary: 1, Trusted: true, Restricted: false, Ephemeral: false, OEM paid: false, OEM private: false, OSU AP: false, FQDN: <none>, Provider friendly name: <none>, Requesting package name: <none>"AndroidWifi"openMLO Information: , Is TID-To-Link negotiation supported by the AP: false, AP MLD Address: <none>, AP MLO Link Id: <none>, AP MLO Affiliated links: <none>, Vendor Data: <none>
04-22 02:55:35.351   683   858 D WifiScoreCard: txRate: 3 txSpeed: 1
04-22 02:55:35.351   683   858 D WifiScoreCard: network update SIGNAL_POLL "AndroidWifi" ID: 579418950 RSSI -50 txSpeed -1
04-22 02:55:35.351   683   858 D WifiClientModeImpl[9769:wlan0]:  ClientModeImpl$L2ConnectedState screen=on 1 0 "AndroidWifi" 00:13:10:85:fe:01 rssi=-50 f=2447 sc=60 link=1 tx=2.1, 0.0, 0.0 rx=2.0 bcn=0 [on:0 tx:0 rx:0 period:3008] from screen [on:0 period:-1318725193] score=60
04-22 02:55:36.280   938   938 D wpa_supplicant: nl80211: Drv Event 64 (NL80211_CMD_NOTIFY_CQM) received for wlan0
04-22 02:55:36.280   938   938 D wpa_supplicant: nl80211: Beacon loss event
04-22 02:55:36.280   938   938 D wpa_supplicant: wlan0: Event BEACON_LOSS (53) received
04-22 02:55:36.280   938   938 I wpa_supplicant: wlan0: CTRL-EVENT-BEACON-LOSS 
04-22 02:55:38.354   683   858 W BestClock: java.time.DateTimeException: No network time available
04-22 02:55:38.355   683   858 W BestClock: java.time.DateTimeException: No network time available
04-22 02:55:38.355   683   858 W BestClock: java.time.DateTimeException: No network time available
04-22 02:55:38.355   683   858 W BestClock: java.time.DateTimeException: No network time available
04-22 02:55:38.355   683   858 W BestClock: java.time.DateTimeException: No network time available
04-22 02:55:38.355   683   858 D WifiClientModeImpl[9769:wlan0]: updateLinkLayerStatsRssiSpeedFrequencyCapabilities rssi=-50 TxLinkspeed=1 freq=2447 RxLinkSpeed=2
04-22 02:55:38.355   683   858 D WifiDataStall: tx tput in kbps: 11000
04-22 02:55:38.355   683   858 D WifiDataStall: rx tput in kbps: 11000
04-22 02:55:38.355   683   858 V WifiConfigManager: Updating scan detail cache freq=2447 BSSID=00:13:10:85:fe:01 RSSI=-50 for "AndroidWifi"NONE
04-22 02:55:38.355   683   858 D WifiThroughputPredictor:  utilization (LLS) 80 isBluetoothConnected: false final utilization: 80
04-22 02:55:38.355   683   858 D WifiThroughputPredictor:  BW: 0 RSSI: -50 Nss: 1 Mode: 1 symDur: 4000 snrDb 30 bitPerTone: 4500 rate: 54 throughput: 11
04-22 02:55:38.355   683   858 D WifiThroughputPredictor:  utilization (LLS) 80 isBluetoothConnected: false final utilization: 80
04-22 02:55:38.355   683   858 D WifiThroughputPredictor:  BW: 0 RSSI: -50 Nss: 1 Mode: 1 symDur: 4000 snrDb 30 bitPerTone: 4500 rate: 54 throughput: 11
04-22 02:55:38.355   683   858 D WifiThroughputPredictor:  utilization (LLS) 80 isBluetoothConnected: false final utilization: 80
04-22 02:55:38.355   683   858 D WifiThroughputPredictor:  BW: 0 RSSI: -50 Nss: 1 Mode: 1 symDur: 4000 snrDb 30 bitPerTone: 4500 rate: 54 throughput: 11
04-22 02:55:38.355   683   858 D WifiThroughputPredictor:  utilization (LLS) 80 isBluetoothConnected: false final utilization: 80
04-22 02:55:38.355   683   858 D WifiThroughputPredictor:  BW: 0 RSSI: -50 Nss: 1 Mode: 1 symDur: 4000 snrDb 30 bitPerTone: 4500 rate: 54 throughput: 11
04-22 02:55:38.356   683   858 D WifiScoreCard: BSSID update SIGNAL_POLL ID: 261501600 SSID: "AndroidWifi", BSSID: 00:13:10:85:fe:01, MAC: 02:15:b4:00:00:00, IP: /10.0.2.17, Security type: 0, Supplicant state: COMPLETED, Wi-Fi standard: legacy, RSSI: -50, Link speed: 1Mbps, Tx Link speed: 1Mbps, Max Supported Tx Link speed: 11Mbps, Rx Link speed: 2Mbps, Max Supported Rx Link speed: 11Mbps, Frequency: 2447MHz, Net ID: 0, Metered hint: false, score: 60, isUsable: true, CarrierMerged: false, SubscriptionId: -1, IsPrimary: 1, Trusted: true, Restricted: false, Ephemeral: false, OEM paid: false, OEM private: false, OSU AP: false, FQDN: <none>, Provider friendly name: <none>, Requesting package name: <none>"AndroidWifi"openMLO Information: , Is TID-To-Link negotiation supported by the AP: false, AP MLD Address: <none>, AP MLO Link Id: <none>, AP MLO Affiliated links: <none>, Vendor Data: <none>
04-22 02:55:38.356   683   858 D WifiScoreCard: txRate: 1 txSpeed: 1
04-22 02:55:38.356   683   858 D WifiScoreCard: network update SIGNAL_POLL "AndroidWifi" ID: 579418950 RSSI -50 txSpeed -1
04-22 02:55:38.356   683   858 D WifiClientModeImpl[9769:wlan0]:  ClientModeImpl$L2ConnectedState screen=on 1 0 "AndroidWifi" 00:13:10:85:fe:01 rssi=-50 f=2447 sc=60 link=1 tx=0.7, 0.0, 0.0 rx=0.7 bcn=0 [on:0 tx:0 rx:0 period:3005] from screen [on:0 period:-1318722188] score=60
04-22 02:55:40.159  1052 25874 D NetworkMonitor/101: PROBE_HTTPS https://www.google.com/generate_204 Probe failed with exception javax.net.ssl.SSLHandshakeException: connection closed
04-22 02:55:40.160  1052 25873 D NetworkMonitor/101: isCaptivePortal: isSuccessful()=false isPortal()=false RedirectUrl=null isPartialConnectivity()=true Time=10523ms
04-22 02:55:40.161   683   864 D ConnectivityService: [101 WIFI] validation failed
04-22 02:55:41.358   683   858 W BestClock: java.time.DateTimeException: No network time available
04-22 02:55:41.359   683   858 W BestClock: java.time.DateTimeException: No network time available
04-22 02:55:41.359   683   858 W BestClock: java.time.DateTimeException: No network time available
04-22 02:55:41.359   683   858 W BestClock: java.time.DateTimeException: No network time available
04-22 02:55:41.359   683   858 W BestClock: java.time.DateTimeException: No network time available
04-22 02:55:41.360   683   858 D WifiClientModeImpl[9769:wlan0]: updateLinkLayerStatsRssiSpeedFrequencyCapabilities rssi=-50 TxLinkspeed=1 freq=2447 RxLinkSpeed=2
04-22 02:55:41.360   683   858 D WifiDataStall: tx tput in kbps: 11000
04-22 02:55:41.360   683   858 D WifiDataStall: rx tput in kbps: 11000
04-22 02:55:41.360   683   858 V WifiConfigManager: Updating scan detail cache freq=2447 BSSID=00:13:10:85:fe:01 RSSI=-50 for "AndroidWifi"NONE
04-22 02:55:41.360   683   858 D WifiThroughputPredictor:  utilization (LLS) 80 isBluetoothConnected: false final utilization: 80
04-22 02:55:41.360   683   858 D WifiThroughputPredictor:  BW: 0 RSSI: -50 Nss: 1 Mode: 1 symDur: 4000 snrDb 30 bitPerTone: 4500 rate: 54 throughput: 11
04-22 02:55:41.360   683   858 D WifiThroughputPredictor:  utilization (LLS) 80 isBluetoothConnected: false final utilization: 80
04-22 02:55:41.360   683   858 D WifiThroughputPredictor:  BW: 0 RSSI: -50 Nss: 1 Mode: 1 symDur: 4000 snrDb 30 bitPerTone: 4500 rate: 54 throughput: 11
04-22 02:55:41.361   683   858 D WifiThroughputPredictor:  utilization (LLS) 80 isBluetoothConnected: false final utilization: 80
04-22 02:55:41.361   683   858 D WifiThroughputPredictor:  BW: 0 RSSI: -50 Nss: 1 Mode: 1 symDur: 4000 snrDb 30 bitPerTone: 4500 rate: 54 throughput: 11
04-22 02:55:41.361   683   858 D WifiThroughputPredictor:  utilization (LLS) 80 isBluetoothConnected: false final utilization: 80
04-22 02:55:41.361   683   858 D WifiThroughputPredictor:  BW: 0 RSSI: -50 Nss: 1 Mode: 1 symDur: 4000 snrDb 30 bitPerTone: 4500 rate: 54 throughput: 11
04-22 02:55:41.361   683   858 D WifiScoreCard: BSSID update SIGNAL_POLL ID: 261501600 SSID: "AndroidWifi", BSSID: 00:13:10:85:fe:01, MAC: 02:15:b4:00:00:00, IP: /10.0.2.17, Security type: 0, Supplicant state: COMPLETED, Wi-Fi standard: legacy, RSSI: -50, Link speed: 1Mbps, Tx Link speed: 1Mbps, Max Supported Tx Link speed: 11Mbps, Rx Link speed: 2Mbps, Max Supported Rx Link speed: 11Mbps, Frequency: 2447MHz, Net ID: 0, Metered hint: false, score: 60, isUsable: true, CarrierMerged: false, SubscriptionId: -1, IsPrimary: 1, Trusted: true, Restricted: false, Ephemeral: false, OEM paid: false, OEM private: false, OSU AP: false, FQDN: <none>, Provider friendly name: <none>, Requesting package name: <none>"AndroidWifi"openMLO Information: , Is TID-To-Link negotiation supported by the AP: false, AP MLD Address: <none>, AP MLO Link Id: <none>, AP MLO Affiliated links: <none>, Vendor Data: <none>
04-22 02:55:41.361   683   858 D WifiScoreCard: txRate: 2 txSpeed: 1
04-22 02:55:41.361   683   858 D WifiScoreCard: network update SIGNAL_POLL "AndroidWifi" ID: 579418950 RSSI -50 txSpeed -1
04-22 02:55:41.361   683   858 D WifiClientModeImpl[9769:wlan0]:  ClientModeImpl$L2ConnectedState screen=on 1 0 "AndroidWifi" 00:13:10:85:fe:01 rssi=-50 f=2447 sc=60 link=1 tx=1.5, 0.0, 0.0 rx=1.5 bcn=0 [on:0 tx:0 rx:0 period:3005] from screen [on:0 period:-1318719183] score=60
04-22 02:55:41.836  1086  1298 D SatelliteController: iisInCarrierRoamingNbIotNtn: satellite is disabled
04-22 02:55:42.166   459 25892 I resolv  : ResNSendHandler::run: 0 / {101 983141 101 983141 1073 1}
04-22 02:55:42.166   459 25893 I resolv  : ResNSendHandler::run: 0 / {101 983141 101 983141 1073 1}
04-22 02:55:42.166   459 25893 I resolv  : resolv_cache_lookup: FOUND IN CACHE entry=0xb400007cdced1150
04-22 02:55:42.169   459 25894 I resolv  : ResNSendHandler::run: 0 / {101 983141 101 983141 1073 1}
04-22 02:55:42.169   459 25894 I resolv  : resolv_cache_lookup: FOUND IN CACHE entry=0xb400007e7ced35d0
04-22 02:55:42.169   459 25895 I resolv  : ResNSendHandler::run: 0 / {101 983141 101 983141 1073 1}
04-22 02:55:42.169   459 25895 I resolv  : resolv_cache_lookup: FOUND IN CACHE entry=0xb400007d2ced1320
04-22 02:55:42.171  1052 25890 D NetworkMonitor/101: PROBE_DNS www.google.com 7ms OK 31.13.92.37,2001::1
04-22 02:55:42.172   459 25896 I resolv  : GetAddrInfoHandler::run: {101 983141 101 983141 1073 1}
04-22 02:55:42.173   459 25897 I resolv  : res_nmkquery: (QUERY, IN, AAAA)
04-22 02:55:42.173   459 25897 I resolv  : resolv_cache_lookup: FOUND IN CACHE entry=0xb400007cdced1150
04-22 02:55:42.173   459 25897 I resolv  : doQuery: rcode=0, ancount=1, return value=60
04-22 02:55:42.173   459 25898 I resolv  : res_nmkquery: (QUERY, IN, A)
04-22 02:55:42.173   459 25898 I resolv  : resolv_cache_lookup: FOUND IN CACHE entry=0xb400007d2ced1320
04-22 02:55:42.173   459 25898 I resolv  : doQuery: rcode=0, ancount=1, return value=48
04-22 02:55:42.658   459 25892 I resolv  : res_nsend: used send_dg 117 terrno: 0
04-22 02:55:42.661  1052 25891 D NetworkMonitor/101: PROBE_DNS connectivitycheck.gstatic.com 496ms OK 114.250.65.34
04-22 02:55:42.662   459 25899 I resolv  : GetAddrInfoHandler::run: {101 983141 101 983141 1073 1}
04-22 02:55:42.663   459 25900 I resolv  : res_nmkquery: (QUERY, IN, AAAA)
04-22 02:55:42.663   459 25900 I resolv  : resolv_cache_lookup: FOUND IN CACHE entry=0xb400007d0cedaf10
04-22 02:55:42.663   459 25900 I resolv  : doQuery: rcode=0, ancount=0, return value=117
04-22 02:55:42.663   459 25901 I resolv  : res_nmkquery: (QUERY, IN, A)
04-22 02:55:42.663   459 25901 I resolv  : resolv_cache_lookup: FOUND IN CACHE entry=0xb400007e7ced35d0
04-22 02:55:42.663   459 25901 I resolv  : doQuery: rcode=0, ancount=1, return value=63
04-22 02:55:43.158  1052 25891 D NetworkMonitor/101: PROBE_HTTP http://connectivitycheck.gstatic.com/generate_204 time=496ms ret=204 request={Connection=[close], User-Agent=[Mozilla/5.0 (X11; Linux x86_64) AppleWebKit/537.36 (KHTML, like Gecko) Chrome/60.0.3112.32 Safari/537.36]} headers={null=[HTTP/1.1 204 No Content], Connection=[close], Cross-Origin-Resource-Policy=[cross-origin], Date=[Tue, 21 Apr 2026 18:55:42 GMT], X-Android-Received-Millis=[1776797743158], X-Android-Response-Source=[NETWORK 204], X-Android-Selected-Protocol=[http/1.1], X-Android-Sent-Millis=[1776797742665]}
04-22 02:55:44.367   683   858 W BestClock: java.time.DateTimeException: No network time available
04-22 02:55:44.367   683   858 W BestClock: java.time.DateTimeException: No network time available
04-22 02:55:44.367   683   858 W BestClock: java.time.DateTimeException: No network time available
04-22 02:55:44.367   683   858 W BestClock: java.time.DateTimeException: No network time available
04-22 02:55:44.367   683   858 W BestClock: java.time.DateTimeException: No network time available
04-22 02:55:44.367   683   858 D WifiClientModeImpl[9769:wlan0]: updateLinkLayerStatsRssiSpeedFrequencyCapabilities rssi=-50 TxLinkspeed=1 freq=2447 RxLinkSpeed=2
04-22 02:55:44.367   683   858 D WifiDataStall: tx tput in kbps: 11000
04-22 02:55:44.368   683   858 D WifiDataStall: rx tput in kbps: 11000
04-22 02:55:44.368   683   858 V WifiConfigManager: Updating scan detail cache freq=2447 BSSID=00:13:10:85:fe:01 RSSI=-50 for "AndroidWifi"NONE
04-22 02:55:44.368   683   858 D WifiThroughputPredictor:  utilization (LLS) 80 isBluetoothConnected: false final utilization: 80
04-22 02:55:44.368   683   858 D WifiThroughputPredictor:  BW: 0 RSSI: -50 Nss: 1 Mode: 1 symDur: 4000 snrDb 30 bitPerTone: 4500 rate: 54 throughput: 11
04-22 02:55:44.368   683   858 D WifiThroughputPredictor:  utilization (LLS) 80 isBluetoothConnected: false final utilization: 80
04-22 02:55:44.368   683   858 D WifiThroughputPredictor:  BW: 0 RSSI: -50 Nss: 1 Mode: 1 symDur: 4000 snrDb 30 bitPerTone: 4500 rate: 54 throughput: 11
04-22 02:55:44.368   683   858 D WifiThroughputPredictor:  utilization (LLS) 80 isBluetoothConnected: false final utilization: 80
04-22 02:55:44.368   683   858 D WifiThroughputPredictor:  BW: 0 RSSI: -50 Nss: 1 Mode: 1 symDur: 4000 snrDb 30 bitPerTone: 4500 rate: 54 throughput: 11
04-22 02:55:44.368   683   858 D WifiThroughputPredictor:  utilization (LLS) 80 isBluetoothConnected: false final utilization: 80
04-22 02:55:44.368   683   858 D WifiThroughputPredictor:  BW: 0 RSSI: -50 Nss: 1 Mode: 1 symDur: 4000 snrDb 30 bitPerTone: 4500 rate: 54 throughput: 11
04-22 02:55:44.369   683   858 D WifiScoreCard: BSSID update SIGNAL_POLL ID: 261501600 SSID: "AndroidWifi", BSSID: 00:13:10:85:fe:01, MAC: 02:15:b4:00:00:00, IP: /10.0.2.17, Security type: 0, Supplicant state: COMPLETED, Wi-Fi standard: legacy, RSSI: -50, Link speed: 1Mbps, Tx Link speed: 1Mbps, Max Supported Tx Link speed: 11Mbps, Rx Link speed: 2Mbps, Max Supported Rx Link speed: 11Mbps, Frequency: 2447MHz, Net ID: 0, Metered hint: false, score: 60, isUsable: true, CarrierMerged: false, SubscriptionId: -1, IsPrimary: 1, Trusted: true, Restricted: false, Ephemeral: false, OEM paid: false, OEM private: false, OSU AP: false, FQDN: <none>, Provider friendly name: <none>, Requesting package name: <none>"AndroidWifi"openMLO Information: , Is TID-To-Link negotiation supported by the AP: false, AP MLD Address: <none>, AP MLO Link Id: <none>, AP MLO Affiliated links: <none>, Vendor Data: <none>
04-22 02:55:44.369   683   858 D WifiScoreCard: txRate: 3 txSpeed: 1
04-22 02:55:44.369   683   858 D WifiScoreCard: network update SIGNAL_POLL "AndroidWifi" ID: 579418950 RSSI -50 txSpeed -1
04-22 02:55:44.369   683   858 D WifiClientModeImpl[9769:wlan0]:  ClientModeImpl$L2ConnectedState screen=on 1 0 "AndroidWifi" 00:13:10:85:fe:01 rssi=-50 f=2447 sc=60 link=1 tx=2.4, 0.0, 0.0 rx=2.2 bcn=0 [on:0 tx:0 rx:0 period:3008] from screen [on:0 period:-1318716175] score=60
04-22 02:55:44.474   938   938 D wpa_supplicant: nl80211: Drv Event 64 (NL80211_CMD_NOTIFY_CQM) received for wlan0
04-22 02:55:44.474   938   938 D wpa_supplicant: nl80211: Beacon loss event
04-22 02:55:44.475   938   938 D wpa_supplicant: wlan0: Event BEACON_LOSS (53) received
04-22 02:55:44.475   938   938 I wpa_supplicant: wlan0: CTRL-EVENT-BEACON-LOSS 
04-22 02:55:45.165   459 25902 I resolv  : GetAddrInfoHandler::run: {101 983141 101 983141 1073 1}
04-22 02:55:45.165   459 25903 I resolv  : res_nmkquery: (QUERY, IN, AAAA)
04-22 02:55:45.166   459 25903 I resolv  : resolv_cache_lookup: FOUND IN CACHE entry=0xb400007d0ced8690
04-22 02:55:45.166   459 25904 I resolv  : res_nmkquery: (QUERY, IN, A)
04-22 02:55:45.166   459 25903 I resolv  : doQuery: rcode=0, ancount=4, return value=149
04-22 02:55:45.166   459 25904 I resolv  : resolv_cache_lookup: FOUND IN CACHE entry=0xb400007d0ced8330
04-22 02:55:45.166   459 25904 I resolv  : doQuery: rcode=0, ancount=4, return value=101
04-22 02:55:45.658  1052 25889 D NetworkMonitor/101: PROBE_FALLBACK http://play.googleapis.com/generate_204 time=494ms ret=204 request={Connection=[close], User-Agent=[Mozilla/5.0 (X11; Linux x86_64) AppleWebKit/537.36 (KHTML, like Gecko) Chrome/60.0.3112.32 Safari/537.36]} headers={null=[HTTP/1.1 204 No Content], Connection=[close], Cross-Origin-Resource-Policy=[cross-origin], Date=[Tue, 21 Apr 2026 18:55:45 GMT], X-Android-Received-Millis=[1776797745658], X-Android-Response-Source=[NETWORK 204], X-Android-Selected-Protocol=[http/1.1], X-Android-Sent-Millis=[1776797745168]}
04-22 02:55:47.373   683   858 W BestClock: java.time.DateTimeException: No network time available
04-22 02:55:47.375   683   858 W BestClock: java.time.DateTimeException: No network time available
04-22 02:55:47.375   683   858 W BestClock: java.time.DateTimeException: No network time available
04-22 02:55:47.375   683   858 W BestClock: java.time.DateTimeException: No network time available
04-22 02:55:47.375   683   858 W BestClock: java.time.DateTimeException: No network time available
04-22 02:55:47.375   683   858 D WifiClientModeImpl[9769:wlan0]: updateLinkLayerStatsRssiSpeedFrequencyCapabilities rssi=-50 TxLinkspeed=1 freq=2447 RxLinkSpeed=2
04-22 02:55:47.376   683   858 D WifiDataStall: tx tput in kbps: 11000
04-22 02:55:47.376   683   858 D WifiDataStall: rx tput in kbps: 11000
04-22 02:55:47.376   683   858 V WifiConfigManager: Updating scan detail cache freq=2447 BSSID=00:13:10:85:fe:01 RSSI=-50 for "AndroidWifi"NONE
04-22 02:55:47.376   683   858 D WifiThroughputPredictor:  utilization (LLS) 80 isBluetoothConnected: false final utilization: 80
04-22 02:55:47.376   683   858 D WifiThroughputPredictor:  BW: 0 RSSI: -50 Nss: 1 Mode: 1 symDur: 4000 snrDb 30 bitPerTone: 4500 rate: 54 throughput: 11
04-22 02:55:47.376   683   858 D WifiThroughputPredictor:  utilization (LLS) 80 isBluetoothConnected: false final utilization: 80
04-22 02:55:47.376   683   858 D WifiThroughputPredictor:  BW: 0 RSSI: -50 Nss: 1 Mode: 1 symDur: 4000 snrDb 30 bitPerTone: 4500 rate: 54 throughput: 11
04-22 02:55:47.376   683   858 D WifiThroughputPredictor:  utilization (LLS) 80 isBluetoothConnected: false final utilization: 80
04-22 02:55:47.376   683   858 D WifiThroughputPredictor:  BW: 0 RSSI: -50 Nss: 1 Mode: 1 symDur: 4000 snrDb 30 bitPerTone: 4500 rate: 54 throughput: 11
04-22 02:55:47.376   683   858 D WifiThroughputPredictor:  utilization (LLS) 80 isBluetoothConnected: false final utilization: 80
04-22 02:55:47.376   683   858 D WifiThroughputPredictor:  BW: 0 RSSI: -50 Nss: 1 Mode: 1 symDur: 4000 snrDb 30 bitPerTone: 4500 rate: 54 throughput: 11
04-22 02:55:47.376   683   858 D WifiScoreCard: BSSID update SIGNAL_POLL ID: 261501600 SSID: "AndroidWifi", BSSID: 00:13:10:85:fe:01, MAC: 02:15:b4:00:00:00, IP: /10.0.2.17, Security type: 0, Supplicant state: COMPLETED, Wi-Fi standard: legacy, RSSI: -50, Link speed: 1Mbps, Tx Link speed: 1Mbps, Max Supported Tx Link speed: 11Mbps, Rx Link speed: 2Mbps, Max Supported Rx Link speed: 11Mbps, Frequency: 2447MHz, Net ID: 0, Metered hint: false, score: 60, isUsable: true, CarrierMerged: false, SubscriptionId: -1, IsPrimary: 1, Trusted: true, Restricted: false, Ephemeral: false, OEM paid: false, OEM private: false, OSU AP: false, FQDN: <none>, Provider friendly name: <none>, Requesting package name: <none>"AndroidWifi"openMLO Information: , Is TID-To-Link negotiation supported by the AP: false, AP MLD Address: <none>, AP MLO Link Id: <none>, AP MLO Affiliated links: <none>, Vendor Data: <none>
04-22 02:55:47.376   683   858 D WifiScoreCard: txRate: 2 txSpeed: 1
04-22 02:55:47.376   683   858 D WifiScoreCard: network update SIGNAL_POLL "AndroidWifi" ID: 579418950 RSSI -50 txSpeed -1
04-22 02:55:47.376   683   858 D WifiClientModeImpl[9769:wlan0]:  ClientModeImpl$L2ConnectedState screen=on 1 0 "AndroidWifi" 00:13:10:85:fe:01 rssi=-50 f=2447 sc=60 link=1 tx=1.9, 0.0, 0.0 rx=1.8 bcn=0 [on:0 tx:0 rx:0 period:3007] from screen [on:0 period:-1318713168] score=60
04-22 02:55:49.323 25503 25851 W ConnectorManager: call timeout taskId=48d1dc1a84e84c269988db6518efe6a3 duration=60001
04-22 02:55:49.323 25503 25503 I CameraScanActivity: cancelActiveScan invoked
04-22 02:55:49.325   957  1041 V WindowManagerShell: Transition requested (#150): android.os.BinderProxy@8645944 TransitionRequestInfo { type = CLOSE, triggerTask = null, pipChange = null, remoteTransition = null, displayChange = null, flags = 0, debugId = 150 }
04-22 02:55:49.327 25503 25850 W ScriptEngineManager: bytecode compile/execute failed, fallback to evaluate
04-22 02:55:49.327 25503 25850 W ScriptEngineManager: com.whl.quickjs.wrapper.QuickJSException: Connector call timeout after 60000ms
04-22 02:55:49.327 25503 25850 W ScriptEngineManager:     at <anonymous> (unknown.js:16)
04-22 02:55:49.327 25503 25850 W ScriptEngineManager:     at <anonymous> (unknown.js:29)
04-22 02:55:49.327 25503 25850 W ScriptEngineManager:     at <eval> (unknown.js:31)
04-22 02:55:49.327 25503 25850 W ScriptEngineManager: 
04-22 02:55:49.327 25503 25850 W ScriptEngineManager: 	at com.whl.quickjs.wrapper.QuickJSContext.execute(Native Method)
04-22 02:55:49.327 25503 25850 W ScriptEngineManager: 	at com.whl.quickjs.wrapper.QuickJSContext.execute(r8-map-id-c8c3f1f13c1c0bd7c57ac73a9ba81ddb9e1764d436f9e43da44e66a289f8b14e:3)
04-22 02:55:49.327 25503 25850 W ScriptEngineManager: 	at U3.g.t(r8-map-id-c8c3f1f13c1c0bd7c57ac73a9ba81ddb9e1764d436f9e43da44e66a289f8b14e:52)
04-22 02:55:49.327 25503 25850 W ScriptEngineManager: 	at U3.g.u(r8-map-id-c8c3f1f13c1c0bd7c57ac73a9ba81ddb9e1764d436f9e43da44e66a289f8b14e:153)
04-22 02:55:49.327 25503 25850 W ScriptEngineManager: 	at U3.g.y(r8-map-id-c8c3f1f13c1c0bd7c57ac73a9ba81ddb9e1764d436f9e43da44e66a289f8b14e:1)
04-22 02:55:49.327 25503 25850 W ScriptEngineManager: 	at U3.g.a(r8-map-id-c8c3f1f13c1c0bd7c57ac73a9ba81ddb9e1764d436f9e43da44e66a289f8b14e:1)
04-22 02:55:49.327 25503 25850 W ScriptEngineManager: 	at U3.b.call(r8-map-id-c8c3f1f13c1c0bd7c57ac73a9ba81ddb9e1764d436f9e43da44e66a289f8b14e:7)
04-22 02:55:49.327 25503 25850 W ScriptEngineManager: 	at java.util.concurrent.FutureTask.run(FutureTask.java:317)
04-22 02:55:49.327 25503 25850 W ScriptEngineManager: 	at java.util.concurrent.ThreadPoolExecutor.runWorker(ThreadPoolExecutor.java:1156)
04-22 02:55:49.327 25503 25850 W ScriptEngineManager: 	at java.util.concurrent.ThreadPoolExecutor$Worker.run(ThreadPoolExecutor.java:651)
04-22 02:55:49.327 25503 25850 W ScriptEngineManager: 	at java.lang.Thread.run(Thread.java:1119)
04-22 02:55:49.329 25503 25503 I CameraScannerManager: cancelActiveScan dispatched
04-22 02:55:49.329 25503 25503 W ConnectorManager: duplicate or late callback ignored taskId=48d1dc1a84e84c269988db6518efe6a3
04-22 02:55:49.331 25503 25524 I assembly.assembly.android.mixc-retail-rn84: [assembly.topology] Native topology host already matches desired lifecycle state {"displayCount":1,"displayIndex":0,"deviceId":"ZJ63NQELD9","instanceMode":"MASTER","enableSlave":false,"running":false,"reason":"not-master-or-single-primary-host"}
04-22 02:55:49.331 25503 25524 I assembly.assembly.android.mixc-retail-rn84: [assembly.topology] Native topology host already matches desired lifecycle state {"displayCount":1,"displayIndex":0,"deviceId":"ZJ63NQELD9","instanceMode":"MASTER","enableSlave":false,"running":false,"reason":"not-master-or-single-primary-host"}
04-22 02:55:49.331 25503 25524 I assembly.assembly.android.mixc-retail-rn84: [assembly.topology] Native topology host already matches desired lifecycle state {"displayCount":1,"displayIndex":0,"deviceId":"ZJ63NQELD9","instanceMode":"MASTER","enableSlave":false,"running":false,"reason":"not-master-or-single-primary-host"}
04-22 02:55:49.331 25503 25524 I assembly.assembly.android.mixc-retail-rn84: [assembly.topology] Native topology host already matches desired lifecycle state {"displayCount":1,"displayIndex":0,"deviceId":"ZJ63NQELD9","instanceMode":"MASTER","enableSlave":false,"running":false,"reason":"not-master-or-single-primary-host"}
04-22 02:55:49.331 25503 25524 I assembly.assembly.android.mixc-retail-rn84: [assembly.topology] Native topology host already matches desired lifecycle state {"displayCount":1,"displayIndex":0,"deviceId":"ZJ63NQELD9","instanceMode":"MASTER","enableSlave":false,"running":false,"reason":"not-master-or-single-primary-host"}
04-22 02:55:49.334   683   912 D BackgroundInstallControlService: Package event received: 0
04-22 02:55:49.335   683   912 D BackgroundInstallControlService: Package event received: 0
04-22 02:55:49.336   683   912 D BackgroundInstallControlService: Package event received: 0
04-22 02:55:49.340   515   515 I BpBinder: onLastStrongRef automatically unlinking death recipients: 
04-22 02:55:49.343 25503 25503 D ViewRootImpl: Skipping stats log for color mode
04-22 02:55:49.344   683  1148 D CoreBackPreview: Window{7a880d u0 com.impos2.mixcretailassemblyrn84/com.impos2.mixcretailassemblyrn84.MainActivity}: Setting back callback OnBackInvokedCallbackInfo{mCallback=android.window.IOnBackInvokedCallback$Stub$Proxy@c6acd4d, mPriority=0, mIsAnimationCallback=true, mOverrideBehavior=0}
04-22 02:55:49.344 25503 25503 W unknown:BridgelessReact: ReactHost{0}.onHostResume(activity)
04-22 02:55:49.344 25503 25503 W unknown:BridgelessReact: ReactHost{0}.ReactContext.onHostResume()
04-22 02:55:49.360   683   731 V WindowManager: Sent Transition (#150) createdAt=04-22 02:55:49.325 via request=TransitionRequestInfo { type = CLOSE, triggerTask = null, pipChange = null, remoteTransition = null, displayChange = null, flags = 0, debugId = 150 }
04-22 02:55:49.360   683   731 V WindowManager:     startWCT=WindowContainerTransaction { changes= {} hops= [] errorCallbackToken=null taskFragmentOrganizer=null }
04-22 02:55:49.360   683   731 V WindowManager:     info={id=150 t=CLOSE f=0x0 trk=0 r=[0@Point(0, 0)] c=[
04-22 02:55:49.360   683   731 V WindowManager:         {m=CLOSE f=FILLS_TASK leash=Surface(name=ActivityRecord{36295384 u0 com.impos2.mixcretailassemblyrn84/com.impos2.adapterv2.camera.CameraScanActivity)/@0xc3ea01c sb=Rect(0, 0 - 2560, 1600) eb=Rect(0, 0 - 2560, 1600) epz=Point(2560, 1600) d=0 bc=ff303030 component=com.impos2.mixcretailassemblyrn84/com.impos2.adapterv2.camera.CameraScanActivity opt={t=FROM_STYLE mUserId=0}},
04-22 02:55:49.360   683   731 V WindowManager:         {m=TO_FRONT f=FILLS_TASK leash=Surface(name=ActivityRecord{185187348 u0 com.impos2.mixcretailassemblyrn84/.MainActivity)/@0xa62858f sb=Rect(0, 0 - 2560, 1600) eb=Rect(0, 0 - 2560, 1600) epz=Point(2560, 1600) d=0 bc=ff303030 component=com.impos2.mixcretailassemblyrn84/.MainActivity opt={t=FROM_STYLE mUserId=0}}
04-22 02:55:49.360   683   731 V WindowManager:     ]}
04-22 02:55:49.361   957   973 V WindowManagerShell: onTransitionReady(transaction=2933462669170)
04-22 02:55:49.361   957  1041 V WindowManagerShell: onTransitionReady (#150) android.os.BinderProxy@8645944: {id=150 t=CLOSE f=0x0 trk=0 r=[0@Point(0, 0)] c=[
04-22 02:55:49.361   957  1041 V WindowManagerShell:         {m=CLOSE f=FILLS_TASK leash=Surface(name=ActivityRecord{36295384 u0 com.impos2.mixcretailassemblyrn84/com.impos2.adapterv2.camera.CameraScanActivity)/@0x484ea2d sb=Rect(0, 0 - 2560, 1600) eb=Rect(0, 0 - 2560, 1600) epz=Point(2560, 1600) d=0 bc=ff303030 component=com.impos2.mixcretailassemblyrn84/com.impos2.adapterv2.camera.CameraScanActivity opt={t=FROM_STYLE mUserId=0}},
04-22 02:55:49.361   957  1041 V WindowManagerShell:         {m=TO_FRONT f=FILLS_TASK leash=Surface(name=ActivityRecord{185187348 u0 com.impos2.mixcretailassemblyrn84/.MainActivity)/@0x7bf9b62 sb=Rect(0, 0 - 2560, 1600) eb=Rect(0, 0 - 2560, 1600) epz=Point(2560, 1600) d=0 bc=ff303030 component=com.impos2.mixcretailassemblyrn84/.MainActivity opt={t=FROM_STYLE mUserId=0}}
04-22 02:55:49.361   957  1041 V WindowManagerShell:     ]}
04-22 02:55:49.361   957  1041 V WindowManagerShell: Playing animation for (#150) android.os.BinderProxy@8645944@0
04-22 02:55:49.361   957  1041 V ShellRecents: RecentsTransitionHandler.startAnimation: no controller found
04-22 02:55:49.361   957  1041 V WindowManagerShell: Transition doesn't have explicit remote, search filters for match for {id=150 t=CLOSE f=0x0 trk=0 r=[0@Point(0, 0)] c=[{m=CLOSE f=FILLS_TASK leash=Surface(name=ActivityRecord{36295384 u0 com.impos2.mixcretailassemblyrn84/com.impos2.adapterv2.camera.CameraScanActivity)/@0x484ea2d sb=Rect(0, 0 - 2560, 1600) eb=Rect(0, 0 - 2560, 1600) epz=Point(2560, 1600) d=0 bc=ff303030 component=com.impos2.mixcretailassemblyrn84/com.impos2.adapterv2.camera.CameraScanActivity opt={t=FROM_STYLE mUserId=0}},{m=TO_FRONT f=FILLS_TASK leash=Surface(name=ActivityRecord{185187348 u0 com.impos2.mixcretailassemblyrn84/.MainActivity)/@0x7bf9b62 sb=Rect(0, 0 - 2560, 1600) eb=Rect(0, 0 - 2560, 1600) epz=Point(2560, 1600) d=0 bc=ff303030 component=com.impos2.mixcretailassemblyrn84/.MainActivity opt={t=FROM_STYLE mUserId=0}}]}
04-22 02:55:49.362   957  1041 V WindowManagerShell:  Checking filter Pair{{types=[] flags=0x0] notFlags=0x0 checks=[{atype=undefined independent=true modes=[CLOSE,TO_BACK] flags=IN_TASK_WITH_EMBEDDED_ACTIVITY mustBeTask=false order=ANY topActivity=null launchCookie=null taskFragmentToken=android.os.BinderProxy@c0a78a1 windowingMode=undefined}]} RemoteTransition { remoteTransition = android.window.IRemoteTransition$Stub$Proxy@ebc9ac6, appThread = android.app.IApplicationThread$Stub$Proxy@89a6a87, debugName = overlayBackTransition }}
04-22 02:55:49.362   957  1041 V WindowManagerShell:  Checking filter Pair{{types=[] flags=0x0] notFlags=0x0 checks=[{atype=dream independent=true modes=[OPEN,TO_FRONT] flags=NONE mustBeTask=false order=ANY topActivity=null launchCookie=null windowingMode=undefined},{atype=home independent=true modes=[CLOSE,TO_BACK] flags=NONE mustBeTask=false order=ANY topActivity=null launchCookie=null windowingMode=undefined}]} RemoteTransition { remoteTransition = android.window.IRemoteTransition$Stub$Proxy@19eadb4, appThread = android.app.IApplicationThread$Stub$Proxy@6b4fddd, debugName = LauncherToDream }}
04-22 02:55:49.362   957  1041 V WindowManagerShell:  Checking filter Pair{{types=[] flags=0x0] notFlags=0x100 checks=[{atype=home independent=true modes=[OPEN,TO_FRONT] flags=NONE mustBeTask=false order=TOP topActivity=ComponentInfo{com.google.android.apps.nexuslauncher/com.google.android.apps.nexuslauncher.NexusLauncherActivity} launchCookie=null windowingMode=undefined},{atype=standard independent=true modes=[CLOSE,TO_BACK] flags=NONE mustBeTask=false order=ANY topActivity=null launchCookie=null windowingMode=undefined},{NOT atype=undefined independent=true modes=[] flags=NONE mustBeTask=true order=ANY topActivity=null launchCookie=null customAnim=true windowingMode=undefined}]} RemoteTransition { remoteTransition = android.window.IRemoteTransition$Stub$Proxy@6579d52, appThread = android.app.IApplicationThread$Stub$Proxy@4a92823, debugName = QuickstepLaunchHome }}
04-22 02:55:49.362   957  1041 V WindowManagerShell:  Delegate animation for (#150) to null
04-22 02:55:49.362   957  1041 V WindowManagerShell: start default transition animation, info = {id=150 t=CLOSE f=0x0 trk=0 r=[0@Point(0, 0)] c=[{m=CLOSE f=FILLS_TASK leash=Surface(name=ActivityRecord{36295384 u0 com.impos2.mixcretailassemblyrn84/com.impos2.adapterv2.camera.CameraScanActivity)/@0x484ea2d sb=Rect(0, 0 - 2560, 1600) eb=Rect(0, 0 - 2560, 1600) epz=Point(2560, 1600) d=0 bc=ff303030 component=com.impos2.mixcretailassemblyrn84/com.impos2.adapterv2.camera.CameraScanActivity opt={t=FROM_STYLE mUserId=0}},{m=TO_FRONT f=FILLS_TASK leash=Surface(name=ActivityRecord{185187348 u0 com.impos2.mixcretailassemblyrn84/.MainActivity)/@0x7bf9b62 sb=Rect(0, 0 - 2560, 1600) eb=Rect(0, 0 - 2560, 1600) epz=Point(2560, 1600) d=0 bc=ff303030 component=com.impos2.mixcretailassemblyrn84/.MainActivity opt={t=FROM_STYLE mUserId=0}}]}
04-22 02:55:49.362   957  1041 V WindowManagerShell: loadAnimation: anim=android.view.animation.AnimationSet@672fc29 animAttr=0x6 type=CLOSE isEntrance=true
04-22 02:55:49.363   957  1041 V WindowManagerShell: loadAnimation: anim=android.view.animation.AnimationSet@7838cdc animAttr=0x7 type=CLOSE isEntrance=false
04-22 02:55:49.363   957  1041 V WindowManagerShell:  animated by com.android.wm.shell.transition.DefaultTransitionHandler@419789b
04-22 02:55:49.369   683   734 W IPCThreadState: Sending oneway calls to frozen process.
04-22 02:55:49.369   683   734 W IPCThreadState: Sending oneway calls to frozen process.
04-22 02:55:49.369   683   734 W IPCThreadState: Sending oneway calls to frozen process.
04-22 02:55:49.369   683   734 W IPCThreadState: Sending oneway calls to frozen process.
04-22 02:55:49.369   683   734 W IPCThreadState: Sending oneway calls to frozen process.
04-22 02:55:49.369   683   734 W IPCThreadState: Sending oneway calls to frozen process.
04-22 02:55:49.369   683   734 W IPCThreadState: Sending oneway calls to frozen process.
04-22 02:55:49.369   683   734 W IPCThreadState: Sending oneway calls to frozen process.
04-22 02:55:49.369   683   734 W IPCThreadState: Sending oneway calls to frozen process.
04-22 02:55:49.369   683   734 W IPCThreadState: Sending oneway calls to frozen process.
04-22 02:55:49.369   683   734 W IPCThreadState: Sending oneway calls to frozen process.
04-22 02:55:49.369   683   734 W IPCThreadState: Sending oneway calls to frozen process.
04-22 02:55:49.369   683   734 W IPCThreadState: Sending oneway calls to frozen process.
04-22 02:55:49.369   683   734 W IPCThreadState: Sending oneway calls to frozen process.
04-22 02:55:49.369   683   734 W IPCThreadState: Sending oneway calls to frozen process.
04-22 02:55:49.369   683   734 W IPCThreadState: Sending oneway calls to frozen process.
04-22 02:55:49.369   683   734 W IPCThreadState: Sending oneway calls to frozen process.
04-22 02:55:49.369   683   734 W IPCThreadState: Sending oneway calls to frozen process.
04-22 02:55:49.369   683   734 W IPCThreadState: Sending oneway calls to frozen process.
04-22 02:55:49.369   683   734 W IPCThreadState: Sending oneway calls to frozen process.
04-22 02:55:49.370   683   734 W IPCThreadState: Sending oneway calls to frozen process.
04-22 02:55:49.370   683   734 W IPCThreadState: Sending oneway calls to frozen process.
04-22 02:55:49.370   683   734 W IPCThreadState: Sending oneway calls to frozen process.
04-22 02:55:49.370   683   734 W IPCThreadState: Sending oneway calls to frozen process.
04-22 02:55:49.370   683   734 W IPCThreadState: Sending oneway calls to frozen process.
04-22 02:55:49.370   683   734 W IPCThreadState: Sending oneway calls to frozen process.
04-22 02:55:49.370   683   734 W IPCThreadState: Sending oneway calls to frozen process.
04-22 02:55:49.370   683   734 W IPCThreadState: Sending oneway calls to frozen process.
04-22 02:55:49.370   683   734 W IPCThreadState: Sending oneway calls to frozen process.
04-22 02:55:49.370   683   734 W IPCThreadState: Sending oneway calls to frozen process.
04-22 02:55:49.370   683   734 W IPCThreadState: Sending oneway calls to frozen process.
04-22 02:55:49.370   683   734 W IPCThreadState: Sending oneway calls to frozen process.
04-22 02:55:49.370   683   734 W IPCThreadState: Sending oneway calls to frozen process.
04-22 02:55:49.370   683   734 W IPCThreadState: Sending oneway calls to frozen process.
04-22 02:55:49.370   683   734 W IPCThreadState: Sending oneway calls to frozen process.
04-22 02:55:49.370   683   734 W IPCThreadState: Sending oneway calls to frozen process.
04-22 02:55:49.370   683   734 W IPCThreadState: Sending oneway calls to frozen process.
04-22 02:55:49.370   683   734 W IPCThreadState: Sending oneway calls to frozen process.
04-22 02:55:49.370   683   734 W IPCThreadState: Sending oneway calls to frozen process.
04-22 02:55:49.371   683   734 W IPCThreadState: Sending oneway calls to frozen process.
04-22 02:55:49.371   683   734 W IPCThreadState: Sending oneway calls to frozen process.
04-22 02:55:49.371   683   734 W IPCThreadState: Sending oneway calls to frozen process.
04-22 02:55:49.371   683   734 W IPCThreadState: Sending oneway calls to frozen process.
04-22 02:55:49.371   683   734 W IPCThreadState: Sending oneway calls to frozen process.
04-22 02:55:49.371   683   734 W IPCThreadState: Sending oneway calls to frozen process.
04-22 02:55:49.371   683   734 W IPCThreadState: Sending oneway calls to frozen process.
04-22 02:55:49.371   683   734 W IPCThreadState: Sending oneway calls to frozen process.
04-22 02:55:49.378   683   829 I ImeTracker: com.impos2.mixcretailassemblyrn84:5af608d7: onRequestHide at ORIGIN_SERVER reason HIDE_UNSPECIFIED_WINDOW fromUser false
04-22 02:55:49.378 25503 25503 D InsetsController: hide(ime(), fromIme=false)
04-22 02:55:49.378 25503 25503 I ImeTracker: com.impos2.mixcretailassemblyrn84:5af608d7: onCancelled at PHASE_CLIENT_ALREADY_HIDDEN
04-22 02:55:49.379  1576  1576 I GoogleInputMethodService: GoogleInputMethodService.onFinishInput():2043 
04-22 02:55:49.380  1576  1576 I Module  : DeviceLockedStatusModuleProvider$Module.updateDeviceLockedStatus():100 repeatCheckTimes = 0, locked = false
04-22 02:55:49.381  1576  1576 I GoogleInputMethodService: GoogleInputMethodService.onStartInput():1293 onStartInput(EditorInfo{EditorInfo{packageName=com.impos2.mixcretailassemblyrn84, inputType=0, inputTypeString=NULL, enableLearning=false, autoCorrection=false, autoComplete=false, imeOptions=0, privateImeOptions=null, actionName=UNSPECIFIED, actionLabel=null, initialSelStart=-1, initialSelEnd=-1, initialCapsMode=0, label=null, fieldId=0, fieldName=null, extras=null, hintText=null, hintLocales=[]}}, false)
04-22 02:55:49.381  1576  1576 I Module  : DeviceLockedStatusModuleProvider$Module.updateDeviceLockedStatus():100 repeatCheckTimes = 1, locked = false
04-22 02:55:49.381   683 19931 I ImeTracker: system_server:c1efab49: onRequestHide at ORIGIN_SERVER reason IME_REQUESTED_CHANGED_LISTENER fromUser false
04-22 02:55:49.381  1576  1576 I EmojiCompatManager: EmojiCompatManager.getEmojiCompatIfLoaded():343 EmojiCompat.init() was never called.
04-22 02:55:49.381  1576  1576 I EmojiCompatManager: java.lang.IllegalStateException: EmojiCompat is not initialized. Please call EmojiCompat.init() first
04-22 02:55:49.381  1576  1576 I EmojiCompatManager: 	at asx.p(PG:6)
04-22 02:55:49.381  1576  1576 I EmojiCompatManager: 	at axb.b(PG:13)
04-22 02:55:49.381  1576  1576 I EmojiCompatManager: 	at jnr.b(PG:2)
04-22 02:55:49.381  1576  1576 I EmojiCompatManager: 	at jnr.c(PG:4)
04-22 02:55:49.381  1576  1576 I EmojiCompatManager: 	at jnr.f(PG:3)
04-22 02:55:49.381  1576  1576 I EmojiCompatManager: 	at jnx.c(PG:3)
04-22 02:55:49.381  1576  1576 I EmojiCompatManager: 	at kif.cz(PG:47)
04-22 02:55:49.381  1576  1576 I EmojiCompatManager: 	at lhl.run(PG:1025)
04-22 02:55:49.381  1576  1576 I EmojiCompatManager: 	at jaf.execute(PG:12)
04-22 02:55:49.381  1576  1576 I EmojiCompatManager: 	at nco.v(PG:13)
04-22 02:55:49.381  1576  1576 I EmojiCompatManager: 	at lhn.m(PG:96)
04-22 02:55:49.381  1576  1576 I EmojiCompatManager: 	at lhn.k(PG:25)
04-22 02:55:49.381  1576  1576 I EmojiCompatManager: 	at kgn.onStartInput(PG:250)
04-22 02:55:49.381  1576  1576 I EmojiCompatManager: 	at android.inputmethodservice.InputMethodService.doStartInput(InputMethodService.java:3521)
04-22 02:55:49.381  1576  1576 I EmojiCompatManager: 	at android.inputmethodservice.InputMethodService$InputMethodImpl.startInput(InputMethodService.java:879)
04-22 02:55:49.381  1576  1576 I EmojiCompatManager: 	at android.inputmethodservice.InputMethodService$InputMethodImpl.dispatchStartInput(InputMethodService.java:908)
04-22 02:55:49.381  1576  1576 I EmojiCompatManager: 	at android.inputmethodservice.IInputMethodWrapper.executeMessage(IInputMethodWrapper.java:201)
04-22 02:55:49.381  1576  1576 I EmojiCompatManager: 	at com.android.internal.os.HandlerCaller$MyHandler.handleMessage(HandlerCaller.java:44)
04-22 02:55:49.381  1576  1576 I EmojiCompatManager: 	at android.os.Handler.dispatchMessage(Handler.java:110)
04-22 02:55:49.381  1576  1576 I EmojiCompatManager: 	at android.os.Looper.loopOnce(Looper.java:248)
04-22 02:55:49.381  1576  1576 I EmojiCompatManager: 	at android.os.Looper.loop(Looper.java:338)
04-22 02:55:49.381  1576  1576 I EmojiCompatManager: 	at android.app.ActivityThread.main(ActivityThread.java:9067)
04-22 02:55:49.381  1576  1576 I EmojiCompatManager: 	at java.lang.reflect.Method.invoke(Native Method)
04-22 02:55:49.381  1576  1576 I EmojiCompatManager: 	at com.android.internal.os.RuntimeInit$MethodAndArgsCaller.run(RuntimeInit.java:593)
04-22 02:55:49.381  1576  1576 I EmojiCompatManager: 	at com.android.internal.os.ZygoteInit.main(ZygoteInit.java:932)
04-22 02:55:49.381   683   734 I ImeTracker: system_server:c1efab49: onCancelled at PHASE_SERVER_SHOULD_HIDE
04-22 02:55:49.381   683  1148 W PackageConfigPersister: App-specific configuration not found for packageName: com.impos2.mixcretailassemblyrn84 and userId: 0
04-22 02:55:49.824   957  1041 V WindowManagerShell: Transition animation finished (aborted=false), notifying core (#150) android.os.BinderProxy@8645944@0
04-22 02:55:49.826   683   731 V WindowManager: Finish Transition (#150): created at 04-22 02:55:49.325 collect-started=0.036ms request-sent=0.081ms started=5.328ms ready=11.07ms sent=35.418ms commit=13.916ms finished=500.767ms
04-22 02:55:49.826 25503 25503 D VRI[CameraScanActivity]: visibilityChanged oldVisibility=true newVisibility=false
04-22 02:55:49.828   957  1041 V WindowManagerShell: Track 0 became idle
04-22 02:55:49.828   957  1041 V WindowManagerShell: All active transition animations finished
04-22 02:55:49.829   683   699 W system_server: Missing inline cache for void com.android.server.wm.ActivityTaskSupervisor.processStoppingAndFinishingActivities(com.android.server.wm.ActivityRecord, boolean, java.lang.String)
04-22 02:55:49.829   683   699 W system_server: Missing inline cache for void com.android.server.wm.ActivityTaskSupervisor.processStoppingAndFinishingActivities(com.android.server.wm.ActivityRecord, boolean, java.lang.String)
04-22 02:55:49.845 25503 25503 W WindowOnBackDispatcher: sendCancelIfRunning: isInProgress=false callback=android.app.Activity$$ExternalSyntheticLambda0@a43ea7
04-22 02:55:49.845   683 19931 D CoreBackPreview: Window{bd54484 u0 com.impos2.mixcretailassemblyrn84/com.impos2.adapterv2.camera.CameraScanActivity}: Setting back callback null
04-22 02:55:49.847 25503 25503 D ViewRootImpl: Skipping stats log for color mode
04-22 02:55:49.848   683   912 D BackgroundInstallControlService: Package event received: 0
04-22 02:55:50.380   683   858 W BestClock: java.time.DateTimeException: No network time available
04-22 02:55:50.380   683   858 W BestClock: java.time.DateTimeException: No network time available
04-22 02:55:50.380   683   858 W BestClock: java.time.DateTimeException: No network time available
04-22 02:55:50.380   683   858 W BestClock: java.time.DateTimeException: No network time available
04-22 02:55:50.380   683   858 W BestClock: java.time.DateTimeException: No network time available
04-22 02:55:50.382   683   858 D WifiClientModeImpl[9769:wlan0]: updateLinkLayerStatsRssiSpeedFrequencyCapabilities rssi=-50 TxLinkspeed=1 freq=2447 RxLinkSpeed=2
04-22 02:55:50.382   683   858 D WifiDataStall: tx tput in kbps: 11000
04-22 02:55:50.382   683   858 D WifiDataStall: rx tput in kbps: 11000
04-22 02:55:50.382   683   858 V WifiConfigManager: Updating scan detail cache freq=2447 BSSID=00:13:10:85:fe:01 RSSI=-50 for "AndroidWifi"NONE
04-22 02:55:50.382   683   858 D WifiThroughputPredictor:  utilization (LLS) 80 isBluetoothConnected: false final utilization: 80
04-22 02:55:50.382   683   858 D WifiThroughputPredictor:  BW: 0 RSSI: -50 Nss: 1 Mode: 1 symDur: 4000 snrDb 30 bitPerTone: 4500 rate: 54 throughput: 11
04-22 02:55:50.382   683   858 D WifiThroughputPredictor:  utilization (LLS) 80 isBluetoothConnected: false final utilization: 80
04-22 02:55:50.382   683   858 D WifiThroughputPredictor:  BW: 0 RSSI: -50 Nss: 1 Mode: 1 symDur: 4000 snrDb 30 bitPerTone: 4500 rate: 54 throughput: 11
04-22 02:55:50.382   683   858 D WifiThroughputPredictor:  utilization (LLS) 80 isBluetoothConnected: false final utilization: 80
04-22 02:55:50.382   683   858 D WifiThroughputPredictor:  BW: 0 RSSI: -50 Nss: 1 Mode: 1 symDur: 4000 snrDb 30 bitPerTone: 4500 rate: 54 throughput: 11
04-22 02:55:50.382   683   858 D WifiThroughputPredictor:  utilization (LLS) 80 isBluetoothConnected: false final utilization: 80
04-22 02:55:50.382   683   858 D WifiThroughputPredictor:  BW: 0 RSSI: -50 Nss: 1 Mode: 1 symDur: 4000 snrDb 30 bitPerTone: 4500 rate: 54 throughput: 11
04-22 02:55:50.382   683   858 D WifiScoreCard: BSSID update SIGNAL_POLL ID: 261501600 SSID: "AndroidWifi", BSSID: 00:13:10:85:fe:01, MAC: 02:15:b4:00:00:00, IP: /10.0.2.17, Security type: 0, Supplicant state: COMPLETED, Wi-Fi standard: legacy, RSSI: -50, Link speed: 1Mbps, Tx Link speed: 1Mbps, Max Supported Tx Link speed: 11Mbps, Rx Link speed: 2Mbps, Max Supported Rx Link speed: 11Mbps, Frequency: 2447MHz, Net ID: 0, Metered hint: false, score: 60, isUsable: true, CarrierMerged: false, SubscriptionId: -1, IsPrimary: 1, Trusted: true, Restricted: false, Ephemeral: false, OEM paid: false, OEM private: false, OSU AP: false, FQDN: <none>, Provider friendly name: <none>, Requesting package name: <none>"AndroidWifi"openMLO Information: , Is TID-To-Link negotiation supported by the AP: false, AP MLD Address: <none>, AP MLO Link Id: <none>, AP MLO Affiliated links: <none>, Vendor Data: <none>
04-22 02:55:50.382   683   858 D WifiScoreCard: txRate: 1 txSpeed: 1
04-22 02:55:50.382   683   858 D WifiScoreCard: network update SIGNAL_POLL "AndroidWifi" ID: 579418950 RSSI -50 txSpeed -1
04-22 02:55:50.383   683   858 D WifiClientModeImpl[9769:wlan0]:  ClientModeImpl$L2ConnectedState screen=on 1 0 "AndroidWifi" 00:13:10:85:fe:01 rssi=-50 f=2447 sc=60 link=1 tx=0.7, 0.0, 0.0 rx=0.6 bcn=0 [on:0 tx:0 rx:0 period:3007] from screen [on:0 period:-1318710161] score=60
04-22 02:55:51.839  1086  1298 D SatelliteController: iisInCarrierRoamingNbIotNtn: satellite is disabled
04-22 02:55:52.405   938   938 D wpa_supplicant: nl80211: Drv Event 64 (NL80211_CMD_NOTIFY_CQM) received for wlan0
04-22 02:55:52.405   938   938 D wpa_supplicant: nl80211: Beacon loss event
04-22 02:55:52.405   938   938 D wpa_supplicant: wlan0: Event BEACON_LOSS (53) received
04-22 02:55:52.405   938   938 I wpa_supplicant: wlan0: CTRL-EVENT-BEACON-LOSS 
04-22 02:55:52.694  1052 25890 D NetworkMonitor/101: PROBE_HTTPS https://www.google.com/generate_204 Probe failed with exception javax.net.ssl.SSLHandshakeException: connection closed
04-22 02:55:52.696  1052 25889 D NetworkMonitor/101: isCaptivePortal: isSuccessful()=false isPortal()=false RedirectUrl=null isPartialConnectivity()=true Time=10533ms
04-22 02:55:52.697   683   864 D ConnectivityService: [101 WIFI] validation failed
04-22 02:55:52.857   683  1715 E TaskPersister: File error accessing recents directory (directory doesn't exist?).
04-22 02:55:53.383   683   858 W BestClock: java.time.DateTimeException: No network time available
04-22 02:55:53.384   683   858 W BestClock: java.time.DateTimeException: No network time available
04-22 02:55:53.384   683   858 W BestClock: java.time.DateTimeException: No network time available
04-22 02:55:53.384   683   858 W BestClock: java.time.DateTimeException: No network time available
