04-22 02:55:02.295   683   858 D WifiScoreCard: BSSID update SIGNAL_POLL ID: 261501600 SSID: "AndroidWifi", BSSID: 00:13:10:85:fe:01, MAC: 02:15:b4:00:00:00, IP: /10.0.2.17, Security type: 0, Supplicant state: COMPLETED, Wi-Fi standard: legacy, RSSI: -50, Link speed: 1Mbps, Tx Link speed: 1Mbps, Max Supported Tx Link speed: 11Mbps, Rx Link speed: 2Mbps, Max Supported Rx Link speed: 11Mbps, Frequency: 2447MHz, Net ID: 0, Metered hint: false, score: 60, isUsable: true, CarrierMerged: false, SubscriptionId: -1, IsPrimary: 1, Trusted: true, Restricted: false, Ephemeral: false, OEM paid: false, OEM private: false, OSU AP: false, FQDN: <none>, Provider friendly name: <none>, Requesting package name: <none>"AndroidWifi"openMLO Information: , Is TID-To-Link negotiation supported by the AP: false, AP MLD Address: <none>, AP MLO Link Id: <none>, AP MLO Affiliated links: <none>, Vendor Data: <none>
04-22 02:55:02.295   683   858 D WifiScoreCard: txRate: 1 txSpeed: 1
04-22 02:55:02.295   683   858 D WifiScoreCard: network update SIGNAL_POLL "AndroidWifi" ID: 579418950 RSSI -50 txSpeed -1
04-22 02:55:02.295   683   858 D WifiClientModeImpl[9769:wlan0]:  ClientModeImpl$L2ConnectedState screen=on 1 0 "AndroidWifi" 00:13:10:85:fe:01 rssi=-50 f=2447 sc=60 link=1 tx=0.0, 0.0, 0.0 rx=0.0 bcn=0 [on:0 tx:0 rx:0 period:3004] from screen [on:0 period:-1318758249] score=60
04-22 02:55:04.277   938   938 D wpa_supplicant: nl80211: Drv Event 64 (NL80211_CMD_NOTIFY_CQM) received for wlan0
04-22 02:55:04.277   938   938 D wpa_supplicant: nl80211: Beacon loss event
04-22 02:55:04.277   938   938 D wpa_supplicant: wlan0: Event BEACON_LOSS (53) received
04-22 02:55:04.277   938   938 I wpa_supplicant: wlan0: CTRL-EVENT-BEACON-LOSS 
04-22 02:55:05.296   683   858 W BestClock: java.time.DateTimeException: No network time available
04-22 02:55:05.296   683   858 W BestClock: java.time.DateTimeException: No network time available
04-22 02:55:05.296   683   858 W BestClock: java.time.DateTimeException: No network time available
04-22 02:55:05.296   683   858 W BestClock: java.time.DateTimeException: No network time available
04-22 02:55:05.296   683   858 W BestClock: java.time.DateTimeException: No network time available
04-22 02:55:05.297   683   858 D WifiClientModeImpl[9769:wlan0]: updateLinkLayerStatsRssiSpeedFrequencyCapabilities rssi=-50 TxLinkspeed=1 freq=2447 RxLinkSpeed=2
04-22 02:55:05.298   683   858 D WifiDataStall: tx tput in kbps: 11000
04-22 02:55:05.298   683   858 D WifiDataStall: rx tput in kbps: 11000
04-22 02:55:05.298   683   858 V WifiConfigManager: Updating scan detail cache freq=2447 BSSID=00:13:10:85:fe:01 RSSI=-50 for "AndroidWifi"NONE
04-22 02:55:05.298   683   858 D WifiThroughputPredictor:  utilization (LLS) 80 isBluetoothConnected: false final utilization: 80
04-22 02:55:05.298   683   858 D WifiThroughputPredictor:  BW: 0 RSSI: -50 Nss: 1 Mode: 1 symDur: 4000 snrDb 30 bitPerTone: 4500 rate: 54 throughput: 11
04-22 02:55:05.298   683   858 D WifiThroughputPredictor:  utilization (LLS) 80 isBluetoothConnected: false final utilization: 80
04-22 02:55:05.298   683   858 D WifiThroughputPredictor:  BW: 0 RSSI: -50 Nss: 1 Mode: 1 symDur: 4000 snrDb 30 bitPerTone: 4500 rate: 54 throughput: 11
04-22 02:55:05.298   683   858 D WifiThroughputPredictor:  utilization (LLS) 80 isBluetoothConnected: false final utilization: 80
04-22 02:55:05.298   683   858 D WifiThroughputPredictor:  BW: 0 RSSI: -50 Nss: 1 Mode: 1 symDur: 4000 snrDb 30 bitPerTone: 4500 rate: 54 throughput: 11
04-22 02:55:05.298   683   858 D WifiThroughputPredictor:  utilization (LLS) 80 isBluetoothConnected: false final utilization: 80
04-22 02:55:05.299   683   858 D WifiThroughputPredictor:  BW: 0 RSSI: -50 Nss: 1 Mode: 1 symDur: 4000 snrDb 30 bitPerTone: 4500 rate: 54 throughput: 11
04-22 02:55:05.299   683   858 D WifiScoreCard: BSSID update SIGNAL_POLL ID: 261501600 SSID: "AndroidWifi", BSSID: 00:13:10:85:fe:01, MAC: 02:15:b4:00:00:00, IP: /10.0.2.17, Security type: 0, Supplicant state: COMPLETED, Wi-Fi standard: legacy, RSSI: -50, Link speed: 1Mbps, Tx Link speed: 1Mbps, Max Supported Tx Link speed: 11Mbps, Rx Link speed: 2Mbps, Max Supported Rx Link speed: 11Mbps, Frequency: 2447MHz, Net ID: 0, Metered hint: false, score: 60, isUsable: true, CarrierMerged: false, SubscriptionId: -1, IsPrimary: 1, Trusted: true, Restricted: false, Ephemeral: false, OEM paid: false, OEM private: false, OSU AP: false, FQDN: <none>, Provider friendly name: <none>, Requesting package name: <none>"AndroidWifi"openMLO Information: , Is TID-To-Link negotiation supported by the AP: false, AP MLD Address: <none>, AP MLO Link Id: <none>, AP MLO Affiliated links: <none>, Vendor Data: <none>
04-22 02:55:05.299   683   858 D WifiScoreCard: txRate: 1 txSpeed: 1
04-22 02:55:05.299   683   858 D WifiScoreCard: network update SIGNAL_POLL "AndroidWifi" ID: 579418950 RSSI -50 txSpeed -1
04-22 02:55:05.299   683   858 D WifiClientModeImpl[9769:wlan0]:  ClientModeImpl$L2ConnectedState screen=on 1 0 "AndroidWifi" 00:13:10:85:fe:01 rssi=-50 f=2447 sc=60 link=1 tx=0.0, 0.0, 0.0 rx=0.0 bcn=0 [on:0 tx:0 rx:0 period:3003] from screen [on:0 period:-1318755245] score=60
04-22 02:55:08.301   683   858 W BestClock: java.time.DateTimeException: No network time available
04-22 02:55:08.301   683   858 W BestClock: java.time.DateTimeException: No network time available
04-22 02:55:08.301   683   858 W BestClock: java.time.DateTimeException: No network time available
04-22 02:55:08.301   683   858 W BestClock: java.time.DateTimeException: No network time available
04-22 02:55:08.301   683   858 W BestClock: java.time.DateTimeException: No network time available
04-22 02:55:08.302   683   858 D WifiClientModeImpl[9769:wlan0]: updateLinkLayerStatsRssiSpeedFrequencyCapabilities rssi=-50 TxLinkspeed=1 freq=2447 RxLinkSpeed=2
04-22 02:55:08.302   683   858 D WifiDataStall: tx tput in kbps: 11000
04-22 02:55:08.302   683   858 D WifiDataStall: rx tput in kbps: 11000
04-22 02:55:08.302   683   858 V WifiConfigManager: Updating scan detail cache freq=2447 BSSID=00:13:10:85:fe:01 RSSI=-50 for "AndroidWifi"NONE
04-22 02:55:08.302   683   858 D WifiThroughputPredictor:  utilization (LLS) 80 isBluetoothConnected: false final utilization: 80
04-22 02:55:08.302   683   858 D WifiThroughputPredictor:  BW: 0 RSSI: -50 Nss: 1 Mode: 1 symDur: 4000 snrDb 30 bitPerTone: 4500 rate: 54 throughput: 11
04-22 02:55:08.302   683   858 D WifiThroughputPredictor:  utilization (LLS) 80 isBluetoothConnected: false final utilization: 80
04-22 02:55:08.302   683   858 D WifiThroughputPredictor:  BW: 0 RSSI: -50 Nss: 1 Mode: 1 symDur: 4000 snrDb 30 bitPerTone: 4500 rate: 54 throughput: 11
04-22 02:55:08.302   683   858 D WifiThroughputPredictor:  utilization (LLS) 80 isBluetoothConnected: false final utilization: 80
04-22 02:55:08.302   683   858 D WifiThroughputPredictor:  BW: 0 RSSI: -50 Nss: 1 Mode: 1 symDur: 4000 snrDb 30 bitPerTone: 4500 rate: 54 throughput: 11
04-22 02:55:08.302   683   858 D WifiThroughputPredictor:  utilization (LLS) 80 isBluetoothConnected: false final utilization: 80
04-22 02:55:08.302   683   858 D WifiThroughputPredictor:  BW: 0 RSSI: -50 Nss: 1 Mode: 1 symDur: 4000 snrDb 30 bitPerTone: 4500 rate: 54 throughput: 11
04-22 02:55:08.302   683   858 D WifiScoreCard: BSSID update SIGNAL_POLL ID: 261501600 SSID: "AndroidWifi", BSSID: 00:13:10:85:fe:01, MAC: 02:15:b4:00:00:00, IP: /10.0.2.17, Security type: 0, Supplicant state: COMPLETED, Wi-Fi standard: legacy, RSSI: -50, Link speed: 1Mbps, Tx Link speed: 1Mbps, Max Supported Tx Link speed: 11Mbps, Rx Link speed: 2Mbps, Max Supported Rx Link speed: 11Mbps, Frequency: 2447MHz, Net ID: 0, Metered hint: false, score: 60, isUsable: true, CarrierMerged: false, SubscriptionId: -1, IsPrimary: 1, Trusted: true, Restricted: false, Ephemeral: false, OEM paid: false, OEM private: false, OSU AP: false, FQDN: <none>, Provider friendly name: <none>, Requesting package name: <none>"AndroidWifi"openMLO Information: , Is TID-To-Link negotiation supported by the AP: false, AP MLD Address: <none>, AP MLO Link Id: <none>, AP MLO Affiliated links: <none>, Vendor Data: <none>
04-22 02:55:08.302   683   858 D WifiScoreCard: txRate: 1 txSpeed: 1
04-22 02:55:08.302   683   858 D WifiScoreCard: network update SIGNAL_POLL "AndroidWifi" ID: 579418950 RSSI -50 txSpeed -1
04-22 02:55:08.302   683   858 D WifiClientModeImpl[9769:wlan0]:  ClientModeImpl$L2ConnectedState screen=on 1 0 "AndroidWifi" 00:13:10:85:fe:01 rssi=-50 f=2447 sc=60 link=1 tx=0.0, 0.0, 0.0 rx=0.0 bcn=0 [on:0 tx:0 rx:0 period:3003] from screen [on:0 period:-1318752242] score=60
04-22 02:55:10.930   683   750 I WifiService: isFeatureSupported uid=1000 returns [WIFI_FEATURE_INFRA, WIFI_FEATURE_P2P, WIFI_FEATURE_MOBILE_HOTSPOT, WIFI_FEATURE_WPA3_SAE, WIFI_FEATURE_WPA3_SUITE_B, WIFI_FEATURE_OWE, WIFI_FEATURE_DPP, WIFI_FEATURE_AP_RAND_MAC, WIFI_FEATURE_MBO, WIFI_FEATURE_FILS_SHA256, WIFI_FEATURE_FILS_SHA384, WIFI_FEATURE_SAE_PK, WIFI_FEATURE_DPP_ENROLLEE_RESPONDER, WIFI_FEATURE_PASSPOINT_TERMS_AND_CONDITIONS, WIFI_FEATURE_WFD_R2, WIFI_FEATURE_DECORATED_IDENTITY, WIFI_FEATURE_TRUST_ON_FIRST_USE, WIFI_FEATURE_SET_TLS_MINIMUM_VERSION, WIFI_FEATURE_TLS_V1_3, WIFI_FEATURE_WEP, WIFI_FEATURE_WPA_PERSONAL]
04-22 02:55:10.931  1283 24534 W WakeLock: GCM_HB_ALARM release without a matched acquire!
04-22 02:55:10.931  1283 24534 W WakeLock: GCM_HB_ALARM counter does not exist
04-22 02:55:10.932  1283 24534 I AlarmManager: setExactAndAllowWhileIdle [name: GCM_CONN_ALARM type: 2 triggerAtMillis: 23174476]
04-22 02:55:10.932  1283 24534 W WakeLock: GCM_CONN_ALARM release without a matched acquire!
04-22 02:55:10.933  1283 24534 W WakeLock: GCM_CONN_ALARM counter does not exist
04-22 02:55:11.310   683   858 W BestClock: java.time.DateTimeException: No network time available
04-22 02:55:11.310   683   858 W BestClock: java.time.DateTimeException: No network time available
04-22 02:55:11.310   683   858 W BestClock: java.time.DateTimeException: No network time available
04-22 02:55:11.310   683   858 W BestClock: java.time.DateTimeException: No network time available
04-22 02:55:11.310   683   858 W BestClock: java.time.DateTimeException: No network time available
04-22 02:55:11.310   683   858 D WifiClientModeImpl[9769:wlan0]: updateLinkLayerStatsRssiSpeedFrequencyCapabilities rssi=-50 TxLinkspeed=1 freq=2447 RxLinkSpeed=2
04-22 02:55:11.311   683   858 D WifiDataStall: tx tput in kbps: 11000
04-22 02:55:11.311   683   858 D WifiDataStall: rx tput in kbps: 11000
04-22 02:55:11.311   683   858 V WifiConfigManager: Updating scan detail cache freq=2447 BSSID=00:13:10:85:fe:01 RSSI=-50 for "AndroidWifi"NONE
04-22 02:55:11.311   683   858 D WifiThroughputPredictor:  utilization (LLS) 80 isBluetoothConnected: false final utilization: 80
04-22 02:55:11.311   683   858 D WifiThroughputPredictor:  BW: 0 RSSI: -50 Nss: 1 Mode: 1 symDur: 4000 snrDb 30 bitPerTone: 4500 rate: 54 throughput: 11
04-22 02:55:11.311   683   858 D WifiThroughputPredictor:  utilization (LLS) 80 isBluetoothConnected: false final utilization: 80
04-22 02:55:11.311   683   858 D WifiThroughputPredictor:  BW: 0 RSSI: -50 Nss: 1 Mode: 1 symDur: 4000 snrDb 30 bitPerTone: 4500 rate: 54 throughput: 11
04-22 02:55:11.311   683   858 D WifiThroughputPredictor:  utilization (LLS) 80 isBluetoothConnected: false final utilization: 80
04-22 02:55:11.311   683   858 D WifiThroughputPredictor:  BW: 0 RSSI: -50 Nss: 1 Mode: 1 symDur: 4000 snrDb 30 bitPerTone: 4500 rate: 54 throughput: 11
04-22 02:55:11.311   683   858 D WifiThroughputPredictor:  utilization (LLS) 80 isBluetoothConnected: false final utilization: 80
04-22 02:55:11.311   683   858 D WifiThroughputPredictor:  BW: 0 RSSI: -50 Nss: 1 Mode: 1 symDur: 4000 snrDb 30 bitPerTone: 4500 rate: 54 throughput: 11
04-22 02:55:11.311   683   858 D WifiScoreCard: BSSID update SIGNAL_POLL ID: 261501600 SSID: "AndroidWifi", BSSID: 00:13:10:85:fe:01, MAC: 02:15:b4:00:00:00, IP: /10.0.2.17, Security type: 0, Supplicant state: COMPLETED, Wi-Fi standard: legacy, RSSI: -50, Link speed: 1Mbps, Tx Link speed: 1Mbps, Max Supported Tx Link speed: 11Mbps, Rx Link speed: 2Mbps, Max Supported Rx Link speed: 11Mbps, Frequency: 2447MHz, Net ID: 0, Metered hint: false, score: 60, isUsable: true, CarrierMerged: false, SubscriptionId: -1, IsPrimary: 1, Trusted: true, Restricted: false, Ephemeral: false, OEM paid: false, OEM private: false, OSU AP: false, FQDN: <none>, Provider friendly name: <none>, Requesting package name: <none>"AndroidWifi"openMLO Information: , Is TID-To-Link negotiation supported by the AP: false, AP MLD Address: <none>, AP MLO Link Id: <none>, AP MLO Affiliated links: <none>, Vendor Data: <none>
04-22 02:55:11.311   683   858 D WifiScoreCard: txRate: 1 txSpeed: 1
04-22 02:55:11.311   683   858 D WifiScoreCard: network update SIGNAL_POLL "AndroidWifi" ID: 579418950 RSSI -50 txSpeed -1
04-22 02:55:11.311   683   858 D WifiClientModeImpl[9769:wlan0]:  ClientModeImpl$L2ConnectedState screen=on 1 0 "AndroidWifi" 00:13:10:85:fe:01 rssi=-50 f=2447 sc=60 link=1 tx=0.4, 0.0, 0.0 rx=0.6 bcn=0 [on:0 tx:0 rx:0 period:3009] from screen [on:0 period:-1318749233] score=60
04-22 02:55:11.818  1086  1298 D SatelliteController: iisInCarrierRoamingNbIotNtn: satellite is disabled
04-22 02:55:12.469   938   938 D wpa_supplicant: nl80211: Drv Event 64 (NL80211_CMD_NOTIFY_CQM) received for wlan0
04-22 02:55:12.469   938   938 D wpa_supplicant: nl80211: Beacon loss event
04-22 02:55:12.469   938   938 D wpa_supplicant: wlan0: Event BEACON_LOSS (53) received
04-22 02:55:12.469   938   938 I wpa_supplicant: wlan0: CTRL-EVENT-BEACON-LOSS 
04-22 02:55:14.316   683   858 W BestClock: java.time.DateTimeException: No network time available
04-22 02:55:14.316   683   858 W BestClock: java.time.DateTimeException: No network time available
04-22 02:55:14.316   683   858 W BestClock: java.time.DateTimeException: No network time available
04-22 02:55:14.316   683   858 W BestClock: java.time.DateTimeException: No network time available
04-22 02:55:14.316   683   858 W BestClock: java.time.DateTimeException: No network time available
04-22 02:55:14.316   683   858 D WifiClientModeImpl[9769:wlan0]: updateLinkLayerStatsRssiSpeedFrequencyCapabilities rssi=-50 TxLinkspeed=1 freq=2447 RxLinkSpeed=2
04-22 02:55:14.316   683   858 D WifiDataStall: tx tput in kbps: 11000
04-22 02:55:14.316   683   858 D WifiDataStall: rx tput in kbps: 11000
04-22 02:55:14.316   683   858 V WifiConfigManager: Updating scan detail cache freq=2447 BSSID=00:13:10:85:fe:01 RSSI=-50 for "AndroidWifi"NONE
04-22 02:55:14.317   683   858 D WifiThroughputPredictor:  utilization (LLS) 80 isBluetoothConnected: false final utilization: 80
04-22 02:55:14.317   683   858 D WifiThroughputPredictor:  BW: 0 RSSI: -50 Nss: 1 Mode: 1 symDur: 4000 snrDb 30 bitPerTone: 4500 rate: 54 throughput: 11
04-22 02:55:14.317   683   858 D WifiThroughputPredictor:  utilization (LLS) 80 isBluetoothConnected: false final utilization: 80
04-22 02:55:14.317   683   858 D WifiThroughputPredictor:  BW: 0 RSSI: -50 Nss: 1 Mode: 1 symDur: 4000 snrDb 30 bitPerTone: 4500 rate: 54 throughput: 11
04-22 02:55:14.317   683   858 D WifiThroughputPredictor:  utilization (LLS) 80 isBluetoothConnected: false final utilization: 80
04-22 02:55:14.317   683   858 D WifiThroughputPredictor:  BW: 0 RSSI: -50 Nss: 1 Mode: 1 symDur: 4000 snrDb 30 bitPerTone: 4500 rate: 54 throughput: 11
04-22 02:55:14.317   683   858 D WifiThroughputPredictor:  utilization (LLS) 80 isBluetoothConnected: false final utilization: 80
04-22 02:55:14.317   683   858 D WifiThroughputPredictor:  BW: 0 RSSI: -50 Nss: 1 Mode: 1 symDur: 4000 snrDb 30 bitPerTone: 4500 rate: 54 throughput: 11
04-22 02:55:14.317   683   858 D WifiScoreCard: BSSID update SIGNAL_POLL ID: 261501600 SSID: "AndroidWifi", BSSID: 00:13:10:85:fe:01, MAC: 02:15:b4:00:00:00, IP: /10.0.2.17, Security type: 0, Supplicant state: COMPLETED, Wi-Fi standard: legacy, RSSI: -50, Link speed: 1Mbps, Tx Link speed: 1Mbps, Max Supported Tx Link speed: 11Mbps, Rx Link speed: 2Mbps, Max Supported Rx Link speed: 11Mbps, Frequency: 2447MHz, Net ID: 0, Metered hint: false, score: 60, isUsable: true, CarrierMerged: false, SubscriptionId: -1, IsPrimary: 1, Trusted: true, Restricted: false, Ephemeral: false, OEM paid: false, OEM private: false, OSU AP: false, FQDN: <none>, Provider friendly name: <none>, Requesting package name: <none>"AndroidWifi"openMLO Information: , Is TID-To-Link negotiation supported by the AP: false, AP MLD Address: <none>, AP MLO Link Id: <none>, AP MLO Affiliated links: <none>, Vendor Data: <none>
04-22 02:55:14.317   683   858 D WifiScoreCard: txRate: 1 txSpeed: 1
04-22 02:55:14.318   683   858 D WifiScoreCard: network update SIGNAL_POLL "AndroidWifi" ID: 579418950 RSSI -50 txSpeed -1
04-22 02:55:14.318   683   858 D WifiClientModeImpl[9769:wlan0]:  ClientModeImpl$L2ConnectedState screen=on 1 0 "AndroidWifi" 00:13:10:85:fe:01 rssi=-50 f=2447 sc=60 link=1 tx=0.1, 0.0, 0.0 rx=0.2 bcn=0 [on:0 tx:0 rx:0 period:3007] from screen [on:0 period:-1318746226] score=60
04-22 02:55:16.937   459 25854 I resolv  : GetAddrInfoHandler::run: {101 983141 101 983141 10144 0}
04-22 02:55:16.937   459 25855 I resolv  : res_nmkquery: (QUERY, IN, AAAA)
04-22 02:55:16.938   459 25856 I resolv  : res_nmkquery: (QUERY, IN, A)
04-22 02:55:16.938   459 25856 I resolv  : resolv_cache_lookup: FOUND IN CACHE entry=0xb400007e7ced0bd0
04-22 02:55:16.938   459 25856 I resolv  : doQuery: rcode=0, ancount=2, return value=89
04-22 02:55:17.321   683   858 W BestClock: java.time.DateTimeException: No network time available
04-22 02:55:17.321   683   858 W BestClock: java.time.DateTimeException: No network time available
04-22 02:55:17.321   683   858 W BestClock: java.time.DateTimeException: No network time available
04-22 02:55:17.321   683   858 W BestClock: java.time.DateTimeException: No network time available
04-22 02:55:17.321   683   858 W BestClock: java.time.DateTimeException: No network time available
04-22 02:55:17.321   683   858 D WifiClientModeImpl[9769:wlan0]: updateLinkLayerStatsRssiSpeedFrequencyCapabilities rssi=-50 TxLinkspeed=1 freq=2447 RxLinkSpeed=2
04-22 02:55:17.322   683   858 D WifiDataStall: tx tput in kbps: 11000
04-22 02:55:17.322   683   858 D WifiDataStall: rx tput in kbps: 11000
04-22 02:55:17.322   683   858 V WifiConfigManager: Updating scan detail cache freq=2447 BSSID=00:13:10:85:fe:01 RSSI=-50 for "AndroidWifi"NONE
04-22 02:55:17.322   683   858 D WifiThroughputPredictor:  utilization (LLS) 80 isBluetoothConnected: false final utilization: 80
04-22 02:55:17.322   683   858 D WifiThroughputPredictor:  BW: 0 RSSI: -50 Nss: 1 Mode: 1 symDur: 4000 snrDb 30 bitPerTone: 4500 rate: 54 throughput: 11
04-22 02:55:17.322   683   858 D WifiThroughputPredictor:  utilization (LLS) 80 isBluetoothConnected: false final utilization: 80
04-22 02:55:17.322   683   858 D WifiThroughputPredictor:  BW: 0 RSSI: -50 Nss: 1 Mode: 1 symDur: 4000 snrDb 30 bitPerTone: 4500 rate: 54 throughput: 11
04-22 02:55:17.322   683   858 D WifiThroughputPredictor:  utilization (LLS) 80 isBluetoothConnected: false final utilization: 80
04-22 02:55:17.322   683   858 D WifiThroughputPredictor:  BW: 0 RSSI: -50 Nss: 1 Mode: 1 symDur: 4000 snrDb 30 bitPerTone: 4500 rate: 54 throughput: 11
04-22 02:55:17.322   683   858 D WifiThroughputPredictor:  utilization (LLS) 80 isBluetoothConnected: false final utilization: 80
04-22 02:55:17.322   683   858 D WifiThroughputPredictor:  BW: 0 RSSI: -50 Nss: 1 Mode: 1 symDur: 4000 snrDb 30 bitPerTone: 4500 rate: 54 throughput: 11
04-22 02:55:17.322   683   858 D WifiScoreCard: BSSID update SIGNAL_POLL ID: 261501600 SSID: "AndroidWifi", BSSID: 00:13:10:85:fe:01, MAC: 02:15:b4:00:00:00, IP: /10.0.2.17, Security type: 0, Supplicant state: COMPLETED, Wi-Fi standard: legacy, RSSI: -50, Link speed: 1Mbps, Tx Link speed: 1Mbps, Max Supported Tx Link speed: 11Mbps, Rx Link speed: 2Mbps, Max Supported Rx Link speed: 11Mbps, Frequency: 2447MHz, Net ID: 0, Metered hint: false, score: 60, isUsable: true, CarrierMerged: false, SubscriptionId: -1, IsPrimary: 1, Trusted: true, Restricted: false, Ephemeral: false, OEM paid: false, OEM private: false, OSU AP: false, FQDN: <none>, Provider friendly name: <none>, Requesting package name: <none>"AndroidWifi"openMLO Information: , Is TID-To-Link negotiation supported by the AP: false, AP MLD Address: <none>, AP MLO Link Id: <none>, AP MLO Affiliated links: <none>, Vendor Data: <none>
04-22 02:55:17.322   683   858 D WifiScoreCard: txRate: 1 txSpeed: 1
04-22 02:55:17.322   683   858 D WifiScoreCard: network update SIGNAL_POLL "AndroidWifi" ID: 579418950 RSSI -50 txSpeed -1
04-22 02:55:17.322   683   858 D WifiClientModeImpl[9769:wlan0]:  ClientModeImpl$L2ConnectedState screen=on 1 0 "AndroidWifi" 00:13:10:85:fe:01 rssi=-50 f=2447 sc=60 link=1 tx=0.2, 0.0, 0.0 rx=0.0 bcn=0 [on:0 tx:0 rx:0 period:3004] from screen [on:0 period:-1318743222] score=60
04-22 02:55:17.435   459 25855 I resolv  : res_nsend: used send_dg 101 terrno: 0
04-22 02:55:17.435   459 25855 I resolv  : doQuery: rcode=0, ancount=2, return value=101
04-22 02:55:17.436  1283 16506 I TrafficStats: tagSocketFd(-1, 1031, -1) failed with errno-9
04-22 02:55:17.852  1652  2063 I bdee    : (REDACTED) getHotwordActive::active query: %s, watch: %s, devices connected: %s
04-22 02:55:17.941  1283 24534 E GmsTaskScheduler: sendWakeUpEvent called on SchedulerClientBroadcastStrategy
04-22 02:55:17.941  1283 24534 I AlarmManager: setExactAndAllowWhileIdle [name: GCM_HB_ALARM type: 2 triggerAtMillis: 23705485]
04-22 02:55:18.105  1283 24534 I AlarmManager: setExactAndAllowWhileIdle [name: GCM_HB_ALARM type: 2 triggerAtMillis: 23705649]
04-22 02:55:18.105  1283 24534 W WakeLock: GCM_CONN_ALARM release without a matched acquire!
04-22 02:55:18.107   683   864 D ConnectivityService: reportNetworkConnectivity(101, true) by 10144
04-22 02:55:18.107  1052  2583 D NetworkMonitor/101: Forcing reevaluation for UID 10144. Dns signal count: 0
04-22 02:55:18.107   683   864 D ConnectivityService: reportNetworkConnectivity(101, true) by 10144
04-22 02:55:18.108  1283 24534 I AlarmManager: setExactAndAllowWhileIdle [name: GCM_HB_ALARM type: 2 triggerAtMillis: 23705652]
04-22 02:55:18.109  1283 24534 E GmsTaskScheduler: sendWakeUpEvent called on SchedulerClientBroadcastStrategy
04-22 02:55:18.111   459 25860 I resolv  : ResNSendHandler::run: 0 / {101 983141 101 983141 1073 1}
04-22 02:55:18.113   459 25861 I resolv  : ResNSendHandler::run: 0 / {101 983141 101 983141 1073 1}
04-22 02:55:18.113   459 25861 I resolv  : resolv_cache_lookup: FOUND IN CACHE entry=0xb400007cdced1150
04-22 02:55:18.113   459 25862 I resolv  : ResNSendHandler::run: 0 / {101 983141 101 983141 1073 1}
04-22 02:55:18.114   459 25862 I resolv  : resolv_cache_lookup: FOUND IN CACHE entry=0xb400007e7ced35d0
04-22 02:55:18.114   459 25863 I resolv  : ResNSendHandler::run: 0 / {101 983141 101 983141 1073 1}
04-22 02:55:18.114   459 25863 I resolv  : resolv_cache_lookup: FOUND IN CACHE entry=0xb400007d2ced1320
04-22 02:55:18.117  1052 25858 D NetworkMonitor/101: PROBE_DNS www.google.com 8ms OK 31.13.92.37,2001::1
04-22 02:55:18.118   459 25864 I resolv  : GetAddrInfoHandler::run: {101 983141 101 983141 1073 1}
04-22 02:55:18.118   459 25866 I resolv  : res_nmkquery: (QUERY, IN, A)
04-22 02:55:18.118   459 25865 I resolv  : res_nmkquery: (QUERY, IN, AAAA)
04-22 02:55:18.118   459 25866 I resolv  : resolv_cache_lookup: FOUND IN CACHE entry=0xb400007d2ced1320
04-22 02:55:18.118   459 25866 I resolv  : doQuery: rcode=0, ancount=1, return value=48
04-22 02:55:18.118   459 25865 I resolv  : resolv_cache_lookup: FOUND IN CACHE entry=0xb400007cdced1150
04-22 02:55:18.118   459 25865 I resolv  : doQuery: rcode=0, ancount=1, return value=60
04-22 02:55:18.602   459 25860 I resolv  : res_nsend: used send_dg 117 terrno: 0
04-22 02:55:18.604  1052 25859 D NetworkMonitor/101: PROBE_DNS connectivitycheck.gstatic.com 494ms OK 114.250.65.34
04-22 02:55:18.606   459 25867 I resolv  : GetAddrInfoHandler::run: {101 983141 101 983141 1073 1}
04-22 02:55:18.606   459 25868 I resolv  : res_nmkquery: (QUERY, IN, AAAA)
04-22 02:55:18.606   459 25868 I resolv  : resolv_cache_lookup: FOUND IN CACHE entry=0xb400007d0cedcc50
04-22 02:55:18.606   459 25868 I resolv  : doQuery: rcode=0, ancount=0, return value=117
04-22 02:55:18.606   459 25869 I resolv  : res_nmkquery: (QUERY, IN, A)
04-22 02:55:18.606   459 25869 I resolv  : resolv_cache_lookup: FOUND IN CACHE entry=0xb400007e7ced35d0
04-22 02:55:18.606   459 25869 I resolv  : doQuery: rcode=0, ancount=1, return value=63
04-22 02:55:19.102  1052 25859 D NetworkMonitor/101: PROBE_HTTP http://connectivitycheck.gstatic.com/generate_204 time=497ms ret=204 request={Connection=[close], User-Agent=[Mozilla/5.0 (X11; Linux x86_64) AppleWebKit/537.36 (KHTML, like Gecko) Chrome/60.0.3112.32 Safari/537.36]} headers={null=[HTTP/1.1 204 No Content], Connection=[close], Cross-Origin-Resource-Policy=[cross-origin], Date=[Tue, 21 Apr 2026 18:55:18 GMT], X-Android-Received-Millis=[1776797719102], X-Android-Response-Source=[NETWORK 204], X-Android-Selected-Protocol=[http/1.1], X-Android-Sent-Millis=[1776797718611]}
04-22 02:55:20.325   683   858 W BestClock: java.time.DateTimeException: No network time available
04-22 02:55:20.326   683   858 W BestClock: java.time.DateTimeException: No network time available
04-22 02:55:20.326   683   858 W BestClock: java.time.DateTimeException: No network time available
04-22 02:55:20.326   683   858 W BestClock: java.time.DateTimeException: No network time available
04-22 02:55:20.326   683   858 W BestClock: java.time.DateTimeException: No network time available
04-22 02:55:20.326   683   858 D WifiClientModeImpl[9769:wlan0]: updateLinkLayerStatsRssiSpeedFrequencyCapabilities rssi=-50 TxLinkspeed=1 freq=2447 RxLinkSpeed=2
04-22 02:55:20.326   683   858 D WifiDataStall: tx tput in kbps: 11000
04-22 02:55:20.326   683   858 D WifiDataStall: rx tput in kbps: 11000
04-22 02:55:20.326   683   858 V WifiConfigManager: Updating scan detail cache freq=2447 BSSID=00:13:10:85:fe:01 RSSI=-50 for "AndroidWifi"NONE
04-22 02:55:20.326   683   858 D WifiThroughputPredictor:  utilization (LLS) 80 isBluetoothConnected: false final utilization: 80
04-22 02:55:20.326   683   858 D WifiThroughputPredictor:  BW: 0 RSSI: -50 Nss: 1 Mode: 1 symDur: 4000 snrDb 30 bitPerTone: 4500 rate: 54 throughput: 11
04-22 02:55:20.326   683   858 D WifiThroughputPredictor:  utilization (LLS) 80 isBluetoothConnected: false final utilization: 80
04-22 02:55:20.326   683   858 D WifiThroughputPredictor:  BW: 0 RSSI: -50 Nss: 1 Mode: 1 symDur: 4000 snrDb 30 bitPerTone: 4500 rate: 54 throughput: 11
04-22 02:55:20.326   683   858 D WifiThroughputPredictor:  utilization (LLS) 80 isBluetoothConnected: false final utilization: 80
04-22 02:55:20.326   683   858 D WifiThroughputPredictor:  BW: 0 RSSI: -50 Nss: 1 Mode: 1 symDur: 4000 snrDb 30 bitPerTone: 4500 rate: 54 throughput: 11
04-22 02:55:20.326   683   858 D WifiThroughputPredictor:  utilization (LLS) 80 isBluetoothConnected: false final utilization: 80
04-22 02:55:20.326   683   858 D WifiThroughputPredictor:  BW: 0 RSSI: -50 Nss: 1 Mode: 1 symDur: 4000 snrDb 30 bitPerTone: 4500 rate: 54 throughput: 11
04-22 02:55:20.327   683   858 D WifiScoreCard: BSSID update SIGNAL_POLL ID: 261501600 SSID: "AndroidWifi", BSSID: 00:13:10:85:fe:01, MAC: 02:15:b4:00:00:00, IP: /10.0.2.17, Security type: 0, Supplicant state: COMPLETED, Wi-Fi standard: legacy, RSSI: -50, Link speed: 1Mbps, Tx Link speed: 1Mbps, Max Supported Tx Link speed: 11Mbps, Rx Link speed: 2Mbps, Max Supported Rx Link speed: 11Mbps, Frequency: 2447MHz, Net ID: 0, Metered hint: false, score: 60, isUsable: true, CarrierMerged: false, SubscriptionId: -1, IsPrimary: 1, Trusted: true, Restricted: false, Ephemeral: false, OEM paid: false, OEM private: false, OSU AP: false, FQDN: <none>, Provider friendly name: <none>, Requesting package name: <none>"AndroidWifi"openMLO Information: , Is TID-To-Link negotiation supported by the AP: false, AP MLD Address: <none>, AP MLO Link Id: <none>, AP MLO Affiliated links: <none>, Vendor Data: <none>
04-22 02:55:20.327   683   858 D WifiScoreCard: txRate: 4 txSpeed: 1
04-22 02:55:20.327   683   858 D WifiScoreCard: network update SIGNAL_POLL "AndroidWifi" ID: 579418950 RSSI -50 txSpeed 1
04-22 02:55:20.327   683   858 D WifiClientModeImpl[9769:wlan0]:  ClientModeImpl$L2ConnectedState screen=on 1 0 "AndroidWifi" 00:13:10:85:fe:01 rssi=-50 f=2447 sc=60 link=1 tx=3.4, 0.0, 0.0 rx=3.4 bcn=0 [on:0 tx:0 rx:0 period:3005] from screen [on:0 period:-1318740217] score=60
04-22 02:55:20.405   938   938 D wpa_supplicant: nl80211: Drv Event 64 (NL80211_CMD_NOTIFY_CQM) received for wlan0
04-22 02:55:20.405   938   938 D wpa_supplicant: nl80211: Beacon loss event
04-22 02:55:20.405   938   938 D wpa_supplicant: wlan0: Event BEACON_LOSS (53) received
04-22 02:55:20.405   938   938 I wpa_supplicant: wlan0: CTRL-EVENT-BEACON-LOSS 
04-22 02:55:21.110   459 25870 I resolv  : GetAddrInfoHandler::run: {101 983141 101 983141 1073 1}
04-22 02:55:21.111   459 25871 I resolv  : res_nmkquery: (QUERY, IN, AAAA)
04-22 02:55:21.111   459 25871 I resolv  : resolv_cache_lookup: FOUND IN CACHE entry=0xb400007cdced1150
04-22 02:55:21.111   459 25871 I resolv  : doQuery: rcode=0, ancount=1, return value=60
04-22 02:55:21.111   459 25872 I resolv  : res_nmkquery: (QUERY, IN, A)
04-22 02:55:21.111   459 25872 I resolv  : resolv_cache_lookup: FOUND IN CACHE entry=0xb400007d2ced1320
04-22 02:55:21.111   459 25872 I resolv  : doQuery: rcode=0, ancount=1, return value=48
04-22 02:55:21.603  1052 25857 D NetworkMonitor/101: PROBE_FALLBACK http://www.google.com/gen_204 time=494ms ret=204 request={Connection=[close], User-Agent=[Mozilla/5.0 (X11; Linux x86_64) AppleWebKit/537.36 (KHTML, like Gecko) Chrome/60.0.3112.32 Safari/537.36]} headers={null=[HTTP/1.1 204 No Content], Connection=[close], Content-Security-Policy=[object-src 'none';base-uri 'self';script-src 'nonce-NLSnyGJ3u6sz47oAYI2ktA' 'strict-dynamic' 'report-sample' 'unsafe-eval' 'unsafe-inline' https: http:;report-uri https://csp.withgoogle.com/csp/gws/other], Content-Type=[text/html; charset=UTF-8], Date=[Tue, 21 Apr 2026 18:55:21 GMT], Permissions-Policy=[unload=()], Server=[gws], X-Android-Received-Millis=[1776797721603], X-Android-Response-Source=[NETWORK 204], X-Android-Selected-Protocol=[http/1.1], X-Android-Sent-Millis=[1776797721114], X-Frame-Options=[SAMEORIGIN], X-Xss-Protection=[0]}
04-22 02:55:21.822  1086  1298 D SatelliteController: iisInCarrierRoamingNbIotNtn: satellite is disabled
04-22 02:55:23.330   683   858 W BestClock: java.time.DateTimeException: No network time available
04-22 02:55:23.330   683   858 W BestClock: java.time.DateTimeException: No network time available
04-22 02:55:23.330   683   858 W BestClock: java.time.DateTimeException: No network time available
04-22 02:55:23.330   683   858 W BestClock: java.time.DateTimeException: No network time available
04-22 02:55:23.330   683   858 W BestClock: java.time.DateTimeException: No network time available
04-22 02:55:23.330   683   858 D WifiClientModeImpl[9769:wlan0]: updateLinkLayerStatsRssiSpeedFrequencyCapabilities rssi=-50 TxLinkspeed=2 freq=2447 RxLinkSpeed=2
04-22 02:55:23.330   683   858 D WifiDataStall: tx tput in kbps: 11000
04-22 02:55:23.330   683   858 D WifiDataStall: rx tput in kbps: 11000
04-22 02:55:23.330   683   858 V WifiConfigManager: Updating scan detail cache freq=2447 BSSID=00:13:10:85:fe:01 RSSI=-50 for "AndroidWifi"NONE
04-22 02:55:23.330   683   858 D WifiThroughputPredictor:  utilization (LLS) 80 isBluetoothConnected: false final utilization: 80
04-22 02:55:23.330   683   858 D WifiThroughputPredictor:  BW: 0 RSSI: -50 Nss: 1 Mode: 1 symDur: 4000 snrDb 30 bitPerTone: 4500 rate: 54 throughput: 11
04-22 02:55:23.330   683   858 D WifiThroughputPredictor:  utilization (LLS) 80 isBluetoothConnected: false final utilization: 80
04-22 02:55:23.330   683   858 D WifiThroughputPredictor:  BW: 0 RSSI: -50 Nss: 1 Mode: 1 symDur: 4000 snrDb 30 bitPerTone: 4500 rate: 54 throughput: 11
04-22 02:55:23.331   683   858 D WifiThroughputPredictor:  utilization (LLS) 80 isBluetoothConnected: false final utilization: 80
04-22 02:55:23.331   683   858 D WifiThroughputPredictor:  BW: 0 RSSI: -50 Nss: 1 Mode: 1 symDur: 4000 snrDb 30 bitPerTone: 4500 rate: 54 throughput: 11
04-22 02:55:23.331   683   858 D WifiThroughputPredictor:  utilization (LLS) 80 isBluetoothConnected: false final utilization: 80
04-22 02:55:23.331   683   858 D WifiThroughputPredictor:  BW: 0 RSSI: -50 Nss: 1 Mode: 1 symDur: 4000 snrDb 30 bitPerTone: 4500 rate: 54 throughput: 11
04-22 02:55:23.331   683   858 D WifiScoreCard: BSSID update SIGNAL_POLL ID: 261501600 SSID: "AndroidWifi", BSSID: 00:13:10:85:fe:01, MAC: 02:15:b4:00:00:00, IP: /10.0.2.17, Security type: 0, Supplicant state: COMPLETED, Wi-Fi standard: legacy, RSSI: -50, Link speed: 2Mbps, Tx Link speed: 2Mbps, Max Supported Tx Link speed: 11Mbps, Rx Link speed: 2Mbps, Max Supported Rx Link speed: 11Mbps, Frequency: 2447MHz, Net ID: 0, Metered hint: false, score: 60, isUsable: true, CarrierMerged: false, SubscriptionId: -1, IsPrimary: 1, Trusted: true, Restricted: false, Ephemeral: false, OEM paid: false, OEM private: false, OSU AP: false, FQDN: <none>, Provider friendly name: <none>, Requesting package name: <none>"AndroidWifi"openMLO Information: , Is TID-To-Link negotiation supported by the AP: false, AP MLD Address: <none>, AP MLO Link Id: <none>, AP MLO Affiliated links: <none>, Vendor Data: <none>
04-22 02:55:23.331   683   858 D WifiScoreCard: txRate: 3 txSpeed: 2
04-22 02:55:23.331   683   858 D WifiScoreCard: network update SIGNAL_POLL "AndroidWifi" ID: 579418950 RSSI -50 txSpeed -1
04-22 02:55:23.331   683   858 D WifiClientModeImpl[9769:wlan0]:  ClientModeImpl$L2ConnectedState screen=on 1 0 "AndroidWifi" 00:13:10:85:fe:01 rssi=-50 f=2447 sc=60 link=2 tx=2.3, 0.0, 0.0 rx=2.3 bcn=0 [on:0 tx:0 rx:0 period:3004] from screen [on:0 period:-1318737213] score=60
04-22 02:55:26.334   683   858 W BestClock: java.time.DateTimeException: No network time available
04-22 02:55:26.334   683   858 W BestClock: java.time.DateTimeException: No network time available
04-22 02:55:26.334   683   858 W BestClock: java.time.DateTimeException: No network time available
04-22 02:55:26.334   683   858 W BestClock: java.time.DateTimeException: No network time available
04-22 02:55:26.334   683   858 W BestClock: java.time.DateTimeException: No network time available
04-22 02:55:26.335   683   858 D WifiClientModeImpl[9769:wlan0]: updateLinkLayerStatsRssiSpeedFrequencyCapabilities rssi=-50 TxLinkspeed=2 freq=2447 RxLinkSpeed=2
04-22 02:55:26.335   683   858 D WifiDataStall: tx tput in kbps: 11000
04-22 02:55:26.335   683   858 D WifiDataStall: rx tput in kbps: 11000
04-22 02:55:26.335   683   858 V WifiConfigManager: Updating scan detail cache freq=2447 BSSID=00:13:10:85:fe:01 RSSI=-50 for "AndroidWifi"NONE
04-22 02:55:26.335   683   858 D WifiThroughputPredictor:  utilization (LLS) 80 isBluetoothConnected: false final utilization: 80
04-22 02:55:26.335   683   858 D WifiThroughputPredictor:  BW: 0 RSSI: -50 Nss: 1 Mode: 1 symDur: 4000 snrDb 30 bitPerTone: 4500 rate: 54 throughput: 11
04-22 02:55:26.335   683   858 D WifiThroughputPredictor:  utilization (LLS) 80 isBluetoothConnected: false final utilization: 80
04-22 02:55:26.335   683   858 D WifiThroughputPredictor:  BW: 0 RSSI: -50 Nss: 1 Mode: 1 symDur: 4000 snrDb 30 bitPerTone: 4500 rate: 54 throughput: 11
04-22 02:55:26.335   683   858 D WifiThroughputPredictor:  utilization (LLS) 80 isBluetoothConnected: false final utilization: 80
04-22 02:55:26.336   683   858 D WifiThroughputPredictor:  BW: 0 RSSI: -50 Nss: 1 Mode: 1 symDur: 4000 snrDb 30 bitPerTone: 4500 rate: 54 throughput: 11
04-22 02:55:26.336   683   858 D WifiThroughputPredictor:  utilization (LLS) 80 isBluetoothConnected: false final utilization: 80
04-22 02:55:26.336   683   858 D WifiThroughputPredictor:  BW: 0 RSSI: -50 Nss: 1 Mode: 1 symDur: 4000 snrDb 30 bitPerTone: 4500 rate: 54 throughput: 11
04-22 02:55:26.336   683   858 D WifiScoreCard: BSSID update SIGNAL_POLL ID: 261501600 SSID: "AndroidWifi", BSSID: 00:13:10:85:fe:01, MAC: 02:15:b4:00:00:00, IP: /10.0.2.17, Security type: 0, Supplicant state: COMPLETED, Wi-Fi standard: legacy, RSSI: -50, Link speed: 2Mbps, Tx Link speed: 2Mbps, Max Supported Tx Link speed: 11Mbps, Rx Link speed: 2Mbps, Max Supported Rx Link speed: 11Mbps, Frequency: 2447MHz, Net ID: 0, Metered hint: false, score: 60, isUsable: true, CarrierMerged: false, SubscriptionId: -1, IsPrimary: 1, Trusted: true, Restricted: false, Ephemeral: false, OEM paid: false, OEM private: false, OSU AP: false, FQDN: <none>, Provider friendly name: <none>, Requesting package name: <none>"AndroidWifi"openMLO Information: , Is TID-To-Link negotiation supported by the AP: false, AP MLD Address: <none>, AP MLO Link Id: <none>, AP MLO Affiliated links: <none>, Vendor Data: <none>
04-22 02:55:26.336   683   858 D WifiScoreCard: txRate: 1 txSpeed: 2
04-22 02:55:26.336   683   858 D WifiScoreCard: network update SIGNAL_POLL "AndroidWifi" ID: 579418950 RSSI -50 txSpeed -1
04-22 02:55:26.336   683   858 D WifiClientModeImpl[9769:wlan0]:  ClientModeImpl$L2ConnectedState screen=on 1 0 "AndroidWifi" 00:13:10:85:fe:01 rssi=-50 f=2447 sc=60 link=2 tx=0.8, 0.0, 0.0 rx=0.8 bcn=0 [on:0 tx:0 rx:0 period:3005] from screen [on:0 period:-1318734208] score=60
04-22 02:55:28.340   938   938 D wpa_supplicant: nl80211: Drv Event 64 (NL80211_CMD_NOTIFY_CQM) received for wlan0
04-22 02:55:28.342   938   938 D wpa_supplicant: nl80211: Beacon loss event
04-22 02:55:28.342   938   938 D wpa_supplicant: wlan0: Event BEACON_LOSS (53) received
04-22 02:55:28.342   938   938 I wpa_supplicant: wlan0: CTRL-EVENT-BEACON-LOSS 
04-22 02:55:28.632  1052 25858 D NetworkMonitor/101: PROBE_HTTPS https://www.google.com/generate_204 Probe failed with exception javax.net.ssl.SSLHandshakeException: connection closed
04-22 02:55:28.633  1052 25857 D NetworkMonitor/101: isCaptivePortal: isSuccessful()=false isPortal()=false RedirectUrl=null isPartialConnectivity()=true Time=10525ms
04-22 02:55:28.634   683   864 D ConnectivityService: [101 WIFI] validation failed
04-22 02:55:29.337   683   858 W BestClock: java.time.DateTimeException: No network time available
04-22 02:55:29.337   683   858 W BestClock: java.time.DateTimeException: No network time available
04-22 02:55:29.337   683   858 W BestClock: java.time.DateTimeException: No network time available
04-22 02:55:29.337   683   858 W BestClock: java.time.DateTimeException: No network time available
04-22 02:55:29.337   683   858 W BestClock: java.time.DateTimeException: No network time available
04-22 02:55:29.338   683   858 D WifiClientModeImpl[9769:wlan0]: updateLinkLayerStatsRssiSpeedFrequencyCapabilities rssi=-50 TxLinkspeed=1 freq=2447 RxLinkSpeed=2
04-22 02:55:29.338   683   858 D WifiDataStall: tx tput in kbps: 11000
04-22 02:55:29.338   683   858 D WifiDataStall: rx tput in kbps: 11000
04-22 02:55:29.338   683   858 V WifiConfigManager: Updating scan detail cache freq=2447 BSSID=00:13:10:85:fe:01 RSSI=-50 for "AndroidWifi"NONE
04-22 02:55:29.338   683   858 D WifiThroughputPredictor:  utilization (LLS) 80 isBluetoothConnected: false final utilization: 80
04-22 02:55:29.338   683   858 D WifiThroughputPredictor:  BW: 0 RSSI: -50 Nss: 1 Mode: 1 symDur: 4000 snrDb 30 bitPerTone: 4500 rate: 54 throughput: 11
04-22 02:55:29.338   683   858 D WifiThroughputPredictor:  utilization (LLS) 80 isBluetoothConnected: false final utilization: 80
04-22 02:55:29.338   683   858 D WifiThroughputPredictor:  BW: 0 RSSI: -50 Nss: 1 Mode: 1 symDur: 4000 snrDb 30 bitPerTone: 4500 rate: 54 throughput: 11
04-22 02:55:29.338   683   858 D WifiThroughputPredictor:  utilization (LLS) 80 isBluetoothConnected: false final utilization: 80
04-22 02:55:29.338   683   858 D WifiThroughputPredictor:  BW: 0 RSSI: -50 Nss: 1 Mode: 1 symDur: 4000 snrDb 30 bitPerTone: 4500 rate: 54 throughput: 11
04-22 02:55:29.338   683   858 D WifiThroughputPredictor:  utilization (LLS) 80 isBluetoothConnected: false final utilization: 80
04-22 02:55:29.338   683   858 D WifiThroughputPredictor:  BW: 0 RSSI: -50 Nss: 1 Mode: 1 symDur: 4000 snrDb 30 bitPerTone: 4500 rate: 54 throughput: 11
04-22 02:55:29.338   683   858 D WifiScoreCard: BSSID update SIGNAL_POLL ID: 261501600 SSID: "AndroidWifi", BSSID: 00:13:10:85:fe:01, MAC: 02:15:b4:00:00:00, IP: /10.0.2.17, Security type: 0, Supplicant state: COMPLETED, Wi-Fi standard: legacy, RSSI: -50, Link speed: 1Mbps, Tx Link speed: 1Mbps, Max Supported Tx Link speed: 11Mbps, Rx Link speed: 2Mbps, Max Supported Rx Link speed: 11Mbps, Frequency: 2447MHz, Net ID: 0, Metered hint: false, score: 60, isUsable: true, CarrierMerged: false, SubscriptionId: -1, IsPrimary: 1, Trusted: true, Restricted: false, Ephemeral: false, OEM paid: false, OEM private: false, OSU AP: false, FQDN: <none>, Provider friendly name: <none>, Requesting package name: <none>"AndroidWifi"openMLO Information: , Is TID-To-Link negotiation supported by the AP: false, AP MLD Address: <none>, AP MLO Link Id: <none>, AP MLO Affiliated links: <none>, Vendor Data: <none>
04-22 02:55:29.338   683   858 D WifiScoreCard: txRate: 2 txSpeed: 1
04-22 02:55:29.338   683   858 D WifiScoreCard: network update SIGNAL_POLL "AndroidWifi" ID: 579418950 RSSI -50 txSpeed -1
04-22 02:55:29.338   683   858 D WifiClientModeImpl[9769:wlan0]:  ClientModeImpl$L2ConnectedState screen=on 1 0 "AndroidWifi" 00:13:10:85:fe:01 rssi=-50 f=2447 sc=60 link=1 tx=1.7, 0.0, 0.0 rx=1.5 bcn=0 [on:0 tx:0 rx:0 period:3002] from screen [on:0 period:-1318731206] score=60
04-22 02:55:29.640   459 25876 I resolv  : ResNSendHandler::run: 0 / {101 983141 101 983141 1073 1}
04-22 02:55:29.640   459 25876 I resolv  : resolv_cache_lookup: FOUND IN CACHE entry=0xb400007d0cedcc50
04-22 02:55:29.642   459 25877 I resolv  : ResNSendHandler::run: 0 / {101 983141 101 983141 1073 1}
04-22 02:55:29.642   459 25877 I resolv  : resolv_cache_lookup: FOUND IN CACHE entry=0xb400007cdced1150
04-22 02:55:29.642   459 25878 I resolv  : ResNSendHandler::run: 0 / {101 983141 101 983141 1073 1}
04-22 02:55:29.642   459 25878 I resolv  : resolv_cache_lookup: FOUND IN CACHE entry=0xb400007e7ced35d0
04-22 02:55:29.642   459 25879 I resolv  : ResNSendHandler::run: 0 / {101 983141 101 983141 1073 1}
04-22 02:55:29.642   459 25879 I resolv  : resolv_cache_lookup: FOUND IN CACHE entry=0xb400007d2ced1320
04-22 02:55:29.647  1052 25875 D NetworkMonitor/101: PROBE_DNS connectivitycheck.gstatic.com 9ms OK 114.250.65.34
04-22 02:55:29.648   459 25880 I resolv  : GetAddrInfoHandler::run: {101 983141 101 983141 1073 1}
04-22 02:55:29.648   459 25881 I resolv  : res_nmkquery: (QUERY, IN, AAAA)
04-22 02:55:29.648   459 25881 I resolv  : resolv_cache_lookup: FOUND IN CACHE entry=0xb400007d0cedcc50
04-22 02:55:29.648   459 25881 I resolv  : doQuery: rcode=0, ancount=0, return value=117
04-22 02:55:29.649   459 25882 I resolv  : res_nmkquery: (QUERY, IN, A)
04-22 02:55:29.649   459 25882 I resolv  : resolv_cache_lookup: FOUND IN CACHE entry=0xb400007e7ced35d0
04-22 02:55:29.649   459 25882 I resolv  : doQuery: rcode=0, ancount=1, return value=63
04-22 02:55:29.649  1052 25874 D NetworkMonitor/101: PROBE_DNS www.google.com 12ms OK 31.13.92.37,2001::1
04-22 02:55:29.649   459 25883 I resolv  : GetAddrInfoHandler::run: {101 983141 101 983141 1073 1}
04-22 02:55:29.650   459 25885 I resolv  : res_nmkquery: (QUERY, IN, A)
04-22 02:55:29.650   459 25884 I resolv  : res_nmkquery: (QUERY, IN, AAAA)
04-22 02:55:29.650   459 25885 I resolv  : resolv_cache_lookup: FOUND IN CACHE entry=0xb400007d2ced1320
04-22 02:55:29.650   459 25885 I resolv  : doQuery: rcode=0, ancount=1, return value=48
04-22 02:55:29.650   459 25884 I resolv  : resolv_cache_lookup: FOUND IN CACHE entry=0xb400007cdced1150
04-22 02:55:29.650   459 25884 I resolv  : doQuery: rcode=0, ancount=1, return value=60
04-22 02:55:30.134  1052 25875 D NetworkMonitor/101: PROBE_HTTP http://connectivitycheck.gstatic.com/generate_204 time=487ms ret=204 request={Connection=[close], User-Agent=[Mozilla/5.0 (X11; Linux x86_64) AppleWebKit/537.36 (KHTML, like Gecko) Chrome/60.0.3112.32 Safari/537.36]} headers={null=[HTTP/1.1 204 No Content], Connection=[close], Cross-Origin-Resource-Policy=[cross-origin], Date=[Tue, 21 Apr 2026 18:55:29 GMT], X-Android-Received-Millis=[1776797730134], X-Android-Response-Source=[NETWORK 204], X-Android-Selected-Protocol=[http/1.1], X-Android-Sent-Millis=[1776797729652]}
04-22 02:55:31.829  1086  1298 D SatelliteController: iisInCarrierRoamingNbIotNtn: satellite is disabled
04-22 02:55:32.342   683   858 W BestClock: java.time.DateTimeException: No network time available
04-22 02:55:32.342   683   858 W BestClock: java.time.DateTimeException: No network time available
04-22 02:55:32.342   683   858 W BestClock: java.time.DateTimeException: No network time available
04-22 02:55:32.342   683   858 W BestClock: java.time.DateTimeException: No network time available
04-22 02:55:32.342   683   858 W BestClock: java.time.DateTimeException: No network time available
04-22 02:55:32.342   683   858 D WifiClientModeImpl[9769:wlan0]: updateLinkLayerStatsRssiSpeedFrequencyCapabilities rssi=-50 TxLinkspeed=1 freq=2447 RxLinkSpeed=2
04-22 02:55:32.342   683   858 D WifiDataStall: tx tput in kbps: 11000
04-22 02:55:32.342   683   858 D WifiDataStall: rx tput in kbps: 11000
04-22 02:55:32.343   683   858 V WifiConfigManager: Updating scan detail cache freq=2447 BSSID=00:13:10:85:fe:01 RSSI=-50 for "AndroidWifi"NONE
04-22 02:55:32.343   683   858 D WifiThroughputPredictor:  utilization (LLS) 80 isBluetoothConnected: false final utilization: 80
04-22 02:55:32.343   683   858 D WifiThroughputPredictor:  BW: 0 RSSI: -50 Nss: 1 Mode: 1 symDur: 4000 snrDb 30 bitPerTone: 4500 rate: 54 throughput: 11
04-22 02:55:32.343   683   858 D WifiThroughputPredictor:  utilization (LLS) 80 isBluetoothConnected: false final utilization: 80
04-22 02:55:32.343   683   858 D WifiThroughputPredictor:  BW: 0 RSSI: -50 Nss: 1 Mode: 1 symDur: 4000 snrDb 30 bitPerTone: 4500 rate: 54 throughput: 11
04-22 02:55:32.343   683   858 D WifiThroughputPredictor:  utilization (LLS) 80 isBluetoothConnected: false final utilization: 80
04-22 02:55:32.343   683   858 D WifiThroughputPredictor:  BW: 0 RSSI: -50 Nss: 1 Mode: 1 symDur: 4000 snrDb 30 bitPerTone: 4500 rate: 54 throughput: 11
04-22 02:55:32.343   683   858 D WifiThroughputPredictor:  utilization (LLS) 80 isBluetoothConnected: false final utilization: 80
04-22 02:55:32.343   683   858 D WifiThroughputPredictor:  BW: 0 RSSI: -50 Nss: 1 Mode: 1 symDur: 4000 snrDb 30 bitPerTone: 4500 rate: 54 throughput: 11
04-22 02:55:32.343   683   858 D WifiScoreCard: BSSID update SIGNAL_POLL ID: 261501600 SSID: "AndroidWifi", BSSID: 00:13:10:85:fe:01, MAC: 02:15:b4:00:00:00, IP: /10.0.2.17, Security type: 0, Supplicant state: COMPLETED, Wi-Fi standard: legacy, RSSI: -50, Link speed: 1Mbps, Tx Link speed: 1Mbps, Max Supported Tx Link speed: 11Mbps, Rx Link speed: 2Mbps, Max Supported Rx Link speed: 11Mbps, Frequency: 2447MHz, Net ID: 0, Metered hint: false, score: 60, isUsable: true, CarrierMerged: false, SubscriptionId: -1, IsPrimary: 1, Trusted: true, Restricted: false, Ephemeral: false, OEM paid: false, OEM private: false, OSU AP: false, FQDN: <none>, Provider friendly name: <none>, Requesting package name: <none>"AndroidWifi"openMLO Information: , Is TID-To-Link negotiation supported by the AP: false, AP MLD Address: <none>, AP MLO Link Id: <none>, AP MLO Affiliated links: <none>, Vendor Data: <none>
04-22 02:55:32.343   683   858 D WifiScoreCard: txRate: 3 txSpeed: 1
04-22 02:55:32.343   683   858 D WifiScoreCard: network update SIGNAL_POLL "AndroidWifi" ID: 579418950 RSSI -50 txSpeed -1
04-22 02:55:32.343   683   858 D WifiClientModeImpl[9769:wlan0]:  ClientModeImpl$L2ConnectedState screen=on 1 0 "AndroidWifi" 00:13:10:85:fe:01 rssi=-50 f=2447 sc=60 link=1 tx=2.3, 0.0, 0.0 rx=2.0 bcn=0 [on:0 tx:0 rx:0 period:3005] from screen [on:0 period:-1318728201] score=60
04-22 02:55:32.638   459 25886 I resolv  : GetAddrInfoHandler::run: {101 983141 101 983141 1073 1}
04-22 02:55:32.639   459 25887 I resolv  : res_nmkquery: (QUERY, IN, AAAA)
04-22 02:55:32.639   459 25888 I resolv  : res_nmkquery: (QUERY, IN, A)
04-22 02:55:32.639   459 25888 I resolv  : resolv_cache_lookup: FOUND IN CACHE entry=0xb400007d0ced8330
04-22 02:55:32.639   459 25888 I resolv  : doQuery: rcode=0, ancount=4, return value=101
04-22 02:55:33.138   459 25887 I resolv  : res_nsend: used send_dg 149 terrno: 0
04-22 02:55:33.138   459 25887 I resolv  : doQuery: rcode=0, ancount=4, return value=149
04-22 02:55:33.209   459   539 I netd    : setProcSysNet(4, 2, wlan0, retrans_time_ms, 750) <0.04ms>
04-22 02:55:33.209   459   539 I netd    : setProcSysNet(4, 2, wlan0, ucast_solicit, 10) <0.02ms>
04-22 02:55:33.209   459   539 I netd    : setProcSysNet(6, 2, wlan0, retrans_time_ms, 750) <0.02ms>
04-22 02:55:33.209   459   539 I netd    : setProcSysNet(6, 2, wlan0, ucast_solicit, 10) <0.01ms>
04-22 02:55:33.639  1052 25873 D NetworkMonitor/101: PROBE_FALLBACK http://play.googleapis.com/generate_204 time=1002ms ret=204 request={Connection=[close], User-Agent=[Mozilla/5.0 (X11; Linux x86_64) AppleWebKit/537.36 (KHTML, like Gecko) Chrome/60.0.3112.32 Safari/537.36]} headers={null=[HTTP/1.1 204 No Content], Connection=[close], Cross-Origin-Resource-Policy=[cross-origin], Date=[Tue, 21 Apr 2026 18:55:33 GMT], X-Android-Received-Millis=[1776797733639], X-Android-Response-Source=[NETWORK 204], X-Android-Selected-Protocol=[http/1.1], X-Android-Sent-Millis=[1776797733141]}
04-22 02:55:35.349   683   858 W BestClock: java.time.DateTimeException: No network time available
