--------- beginning of main
04-22 03:19:06.023 27090 27111 I assembly.assembly.android.mixc-retail-rn84: [assembly.topology] Native topology host already matches desired lifecycle state {"displayCount":1,"displayIndex":0,"deviceId":"ZJ63NQELD9","instanceMode":"MASTER","enableSlave":false,"running":false,"reason":"not-master-or-single-primary-host"}
04-22 03:19:06.025 27090 27111 I assembly.assembly.android.mixc-retail-rn84: [assembly.topology] Native topology host already matches desired lifecycle state {"displayCount":1,"displayIndex":0,"deviceId":"ZJ63NQELD9","instanceMode":"MASTER","enableSlave":false,"running":false,"reason":"not-master-or-single-primary-host"}
04-22 03:19:06.025 27090 27111 I assembly.assembly.android.mixc-retail-rn84: [assembly.topology] Native topology host already matches desired lifecycle state {"displayCount":1,"displayIndex":0,"deviceId":"ZJ63NQELD9","instanceMode":"MASTER","enableSlave":false,"running":false,"reason":"not-master-or-single-primary-host"}
04-22 03:19:06.025 27090 27111 I assembly.assembly.android.mixc-retail-rn84: [assembly.topology] Native topology host already matches desired lifecycle state {"displayCount":1,"displayIndex":0,"deviceId":"ZJ63NQELD9","instanceMode":"MASTER","enableSlave":false,"running":false,"reason":"not-master-or-single-primary-host"}
04-22 03:19:06.026 27090 27143 D nativeloader: Load /data/app/~~CkFykWgA1Yj4I0YTNJbaDQ==/com.impos2.mixcretailassemblyrn84-fQDd4IeTNOXsrNBPZFlJnA==/base.apk!/lib/arm64-v8a/libquickjs-android-wrapper.so using class loader ns clns-9 (caller=/data/app/~~CkFykWgA1Yj4I0YTNJbaDQ==/com.impos2.mixcretailassemblyrn84-fQDd4IeTNOXsrNBPZFlJnA==/base.apk): ok
04-22 03:19:06.032 27090 27111 I ConnectorManager: call start taskId=d60f074d3f9f4b059c54f20905524649 channel=INTENT/camera action=com.impos2.posadapter.action.CAMERA_SCAN timeout=60000
04-22 03:19:06.033   683 19931 V GrammaticalInflectionUtils: AttributionSource: AttributionSource { uid = 10214, packageName = null, attributionTag = null, token = android.os.Binder@d3d534, deviceId = 0, next = null } does not have READ_SYSTEM_GRAMMATICAL_GENDER permission.
--------- beginning of system
04-22 03:19:06.034   683 19931 W OptProp : Cannot read opt property android.window.PROPERTY_COMPAT_ALLOW_USER_ASPECT_RATIO_OVERRIDE
04-22 03:19:06.034   683 19931 W OptProp : Cannot read opt property android.window.PROPERTY_COMPAT_ALLOW_USER_ASPECT_RATIO_FULLSCREEN_OVERRIDE
04-22 03:19:06.034   683 19931 W OptProp : Cannot read opt property android.window.PROPERTY_COMPAT_ALLOW_RESIZEABLE_ACTIVITY_OVERRIDES
04-22 03:19:06.034   683 19931 W OptProp : Cannot read opt property android.window.PROPERTY_COMPAT_ALLOW_MIN_ASPECT_RATIO_OVERRIDE
04-22 03:19:06.034   683 19931 D CompatChangeReporter: Compat change id reported: 358129114; UID 10214; state: ENABLED
04-22 03:19:06.034   683 19931 D CompatChangeReporter: Compat change id reported: 357141415; UID 10214; state: ENABLED
04-22 03:19:06.034   683 19931 W OptProp : Cannot read opt property android.window.PROPERTY_COMPAT_ALLOW_ORIENTATION_OVERRIDE
04-22 03:19:06.035   683 19931 I ActivityTaskManager: Ignoring manifest-declared fixed orientation SCREEN_ORIENTATION_PORTRAIT of ActivityRecord{38242544 u0 com.impos2.mixcretailassemblyrn84/com.impos2.adapterv2.camera.CameraScanActivity t40} since target sdk 36
04-22 03:19:06.036   683 19931 I ActivityTaskManager: START u0 {act=com.impos2.posadapter.action.CAMERA_SCAN flg=0x24000000 xflg=0x4 cmp=com.impos2.mixcretailassemblyrn84/com.impos2.adapterv2.camera.CameraScanActivity (has extras)} with LAUNCH_MULTIPLE from uid 10214 (sr=262856950) (BAL_ALLOW_VISIBLE_WINDOW) result code=0
04-22 03:19:06.036 27090 27111 I CameraScannerManager: startScan success: requestId=fc4e55d6-0b24-4d62-bf33-82f79755b99a, scanMode=QR_CODE_MODE, imageUri=true, waitResult=true
04-22 03:19:06.037   957  1041 V WindowManagerShell: Transition requested (#157): android.os.BinderProxy@c1089c5 TransitionRequestInfo { type = OPEN, triggerTask = TaskInfo{userId=0 taskId=40 effectiveUid=10214 displayId=0 isRunning=true baseIntent=Intent { flg=0x10000000 cmp=com.impos2.mixcretailassemblyrn84/.MainActivity } baseActivity=ComponentInfo{com.impos2.mixcretailassemblyrn84/com.impos2.mixcretailassemblyrn84.MainActivity} topActivity=ComponentInfo{com.impos2.mixcretailassemblyrn84/com.impos2.adapterv2.camera.CameraScanActivity} origActivity=null realActivity=ComponentInfo{com.impos2.mixcretailassemblyrn84/com.impos2.mixcretailassemblyrn84.MainActivity} numActivities=2 lastActiveTime=24603579 supportsMultiWindow=true resizeMode=1 isResizeable=true minWidth=-1 minHeight=-1 defaultMinSize=220 token=WCT{android.window.IWindowContainerToken$Stub$Proxy@62df1a} topActivityType=1 pictureInPictureParams=null shouldDockBigOverlays=false launchIntoPipHostTaskId=-1 lastParentTaskIdBeforePip=-1 displayCutoutSafeInsets=Rect(0, 0 - 0, 0) topActivityInfo=ActivityInfo{22f1a4b com.impos2.adapterv2.camera.CameraScanActivity} launchCookies=[] positionInParent=Point(0, 0) parentTaskId=-1 isFocused=true isVisible=true isVisibleRequested=true isTopActivityNoDisplay=false isSleeping=false locusId=null displayAreaFeatureId=1 isTopActivityTransparent=false isActivityStackTransparent=false lastNonFullscreenBounds=Rect(892, 102 - 1668, 1482) capturedLink=null capturedLinkTimestamp=0 requestedVisibleTypes=-9 topActivityRequestOpenInBrowserEducationTimestamp=0 appCompatTaskInfo=AppCompatTaskInfo { topActivityInSizeCompat=false eligibleForLetterboxEducation= false isLetterboxEducationEnabled= true isLetterboxDoubleTapEnabled= false eligibleForUserAspectRatioButton= true topActivityBoundsLetterboxed= false isFromLetterboxDoubleTap= false topActivityLetterboxVerticalPosition= -1 topActivityLetterboxHorizontalPosition= -1 topActivityLetterboxWidth=-1 topActivityLetterboxHeight=-1 topActivityAppBounds=Rect(0, 0 - 2560, 1600) isUserFullscreenOverrideEnabled=false isSystemFullscreenOverrideEnabled=false hasMinAspectRatioOverride=false topActivityLetterboxBounds=null cameraCompatTaskInfo=CameraCompatTaskInfo { freeformCameraCompatMode=inactive}} topActivityMainWindowFrame=null}, pipChange = null, remoteTransition = null, displayChange = null, flags = 0, debugId = 157 }
04-22 03:19:06.037   957  1041 D ShellSplitScreen: logExit: no-op, mLoggerSessionId is null
04-22 03:19:06.039 27090 27090 W unknown:BridgelessReact: ReactHost{0}.onUserLeaveHint(activity)
04-22 03:19:06.040 27090 27090 W unknown:BridgelessReact: ReactHost{0}.onHostPause(activity)
04-22 03:19:06.040 27090 27090 W unknown:BridgelessReact: ReactHost{0}.ReactContext.onHostPause()
04-22 03:19:06.040   515   515 I BpBinder: onLastStrongRef automatically unlinking death recipients: 
04-22 03:19:06.041   683 19931 W OptProp : Cannot read opt property android.window.PROPERTY_COMPAT_ALLOW_DISPLAY_ORIENTATION_OVERRIDE
04-22 03:19:06.041   683   912 D BackgroundInstallControlService: Package event received: 0
04-22 03:19:06.041   683 19931 W OptProp : Cannot read opt property android.window.PROPERTY_COMPAT_ENABLE_FAKE_FOCUS
04-22 03:19:06.042   683   912 D BackgroundInstallControlService: Package event received: 0
04-22 03:19:06.042 27090 27090 I ailassemblyrn84: AssetManager2(0xb400007aa8c2f9f8) locale list changing from [] to [en-US]
04-22 03:19:06.042   683   734 W IPCThreadState: Sending oneway calls to frozen process.
04-22 03:19:06.042   683   912 D BackgroundInstallControlService: Package event received: 0
04-22 03:19:06.042   683   734 W IPCThreadState: Sending oneway calls to frozen process.
04-22 03:19:06.042   683   734 W IPCThreadState: Sending oneway calls to frozen process.
04-22 03:19:06.042   683   734 W IPCThreadState: Sending oneway calls to frozen process.
04-22 03:19:06.042   683   734 W IPCThreadState: Sending oneway calls to frozen process.
04-22 03:19:06.042   683   734 W IPCThreadState: Sending oneway calls to frozen process.
04-22 03:19:06.042   683   734 W IPCThreadState: Sending oneway calls to frozen process.
04-22 03:19:06.042   683   734 W IPCThreadState: Sending oneway calls to frozen process.
04-22 03:19:06.042   683   734 W IPCThreadState: Sending oneway calls to frozen process.
04-22 03:19:06.043   683   734 W IPCThreadState: Sending oneway calls to frozen process.
04-22 03:19:06.043   683   734 W IPCThreadState: Sending oneway calls to frozen process.
04-22 03:19:06.043   683   734 W IPCThreadState: Sending oneway calls to frozen process.
04-22 03:19:06.043   683   734 W IPCThreadState: Sending oneway calls to frozen process.
04-22 03:19:06.043   683   734 W IPCThreadState: Sending oneway calls to frozen process.
04-22 03:19:06.043   683   734 W IPCThreadState: Sending oneway calls to frozen process.
04-22 03:19:06.043   683   734 W IPCThreadState: Sending oneway calls to frozen process.
04-22 03:19:06.043   683   734 W IPCThreadState: Sending oneway calls to frozen process.
04-22 03:19:06.043   683   734 W IPCThreadState: Sending oneway calls to frozen process.
04-22 03:19:06.043   683   734 W IPCThreadState: Sending oneway calls to frozen process.
04-22 03:19:06.043   683   734 W IPCThreadState: Sending oneway calls to frozen process.
04-22 03:19:06.043   683   734 W IPCThreadState: Sending oneway calls to frozen process.
04-22 03:19:06.043   683   734 W IPCThreadState: Sending oneway calls to frozen process.
04-22 03:19:06.043   683   734 W IPCThreadState: Sending oneway calls to frozen process.
04-22 03:19:06.043   683   734 W IPCThreadState: Sending oneway calls to frozen process.
04-22 03:19:06.043   683   734 W IPCThreadState: Sending oneway calls to frozen process.
04-22 03:19:06.043   683   734 W IPCThreadState: Sending oneway calls to frozen process.
04-22 03:19:06.043   683   734 W IPCThreadState: Sending oneway calls to frozen process.
04-22 03:19:06.043   683   734 W IPCThreadState: Sending oneway calls to frozen process.
04-22 03:19:06.043   683   734 W IPCThreadState: Sending oneway calls to frozen process.
04-22 03:19:06.043   683   734 W IPCThreadState: Sending oneway calls to frozen process.
04-22 03:19:06.043   683   734 W IPCThreadState: Sending oneway calls to frozen process.
04-22 03:19:06.043   683   734 W IPCThreadState: Sending oneway calls to frozen process.
04-22 03:19:06.043   683   734 W IPCThreadState: Sending oneway calls to frozen process.
04-22 03:19:06.043   683   734 W IPCThreadState: Sending oneway calls to frozen process.
04-22 03:19:06.043   683   734 W IPCThreadState: Sending oneway calls to frozen process.
04-22 03:19:06.043   683   734 W IPCThreadState: Sending oneway calls to frozen process.
04-22 03:19:06.043   683   734 W IPCThreadState: Sending oneway calls to frozen process.
04-22 03:19:06.043   683   734 W IPCThreadState: Sending oneway calls to frozen process.
04-22 03:19:06.043   683   734 W IPCThreadState: Sending oneway calls to frozen process.
04-22 03:19:06.043   683   734 W IPCThreadState: Sending oneway calls to frozen process.
04-22 03:19:06.043   683   734 W IPCThreadState: Sending oneway calls to frozen process.
04-22 03:19:06.043   683   734 W IPCThreadState: Sending oneway calls to frozen process.
04-22 03:19:06.043   683   734 W IPCThreadState: Sending oneway calls to frozen process.
04-22 03:19:06.043   683   734 W IPCThreadState: Sending oneway calls to frozen process.
04-22 03:19:06.043   683   734 W IPCThreadState: Sending oneway calls to frozen process.
04-22 03:19:06.043   683   734 W IPCThreadState: Sending oneway calls to frozen process.
04-22 03:19:06.045 27090 27090 D CompatChangeReporter: Compat change id reported: 376561342; UID 10214; state: ENABLED
04-22 03:19:06.045 27090 27090 I CameraScanActivity: scan from imageUri started: file:///sdcard/Android/data/com.impos2.mixcretailassemblyrn84/files/rn84-e2e/topology-share-bridge-qr.png
04-22 03:19:06.045 27090 27090 I CameraScanActivity: analyzePickedImage start: file:///sdcard/Android/data/com.impos2.mixcretailassemblyrn84/files/rn84-e2e/topology-share-bridge-qr.png
04-22 03:19:06.046 27090 27090 D AutofillManager: Fill dialog is enabled:false, hints=[]
04-22 03:19:06.047 27090 27090 D InsetsController: Setting requestedVisibleTypes to -16 (was -9)
04-22 03:19:06.051 27090 27146 I CameraScanActivity: resolveReadableFilePath remapped: raw=/sdcard/Android/data/com.impos2.mixcretailassemblyrn84/files/rn84-e2e/topology-share-bridge-qr.png resolved=/storage/emulated/0/Android/data/com.impos2.mixcretailassemblyrn84/files/rn84-e2e/topology-share-bridge-qr.png
04-22 03:19:06.051 27090 27146 W CameraScanActivity: analyzePickedImage read failed: /storage/emulated/0/Android/data/com.impos2.mixcretailassemblyrn84/files/rn84-e2e/topology-share-bridge-qr.png: open failed: EACCES (Permission denied)
04-22 03:19:06.051 27090 27146 W CameraScanActivity: java.io.FileNotFoundException: /storage/emulated/0/Android/data/com.impos2.mixcretailassemblyrn84/files/rn84-e2e/topology-share-bridge-qr.png: open failed: EACCES (Permission denied)
04-22 03:19:06.051 27090 27146 W CameraScanActivity: 	at libcore.io.IoBridge.open(IoBridge.java:574)
04-22 03:19:06.051 27090 27146 W CameraScanActivity: 	at java.io.FileInputStream.<init>(FileInputStream.java:179)
04-22 03:19:06.051 27090 27146 W CameraScanActivity: 	at java.io.FileInputStream.<init>(FileInputStream.java:133)
04-22 03:19:06.051 27090 27146 W CameraScanActivity: 	at com.impos2.adapterv2.camera.CameraScanActivity.w1(r8-map-id-6c0ed26595cc05a295744261e85373470278706d6cf5531153ae8f18a65dcd58:34)
04-22 03:19:06.051 27090 27146 W CameraScanActivity: 	at com.impos2.adapterv2.camera.CameraScanActivity.a1(r8-map-id-6c0ed26595cc05a295744261e85373470278706d6cf5531153ae8f18a65dcd58:3)
04-22 03:19:06.051 27090 27146 W CameraScanActivity: 	at com.impos2.adapterv2.camera.CameraScanActivity.E0(r8-map-id-6c0ed26595cc05a295744261e85373470278706d6cf5531153ae8f18a65dcd58:1)
04-22 03:19:06.051 27090 27146 W CameraScanActivity: 	at O3.q.run(r8-map-id-6c0ed26595cc05a295744261e85373470278706d6cf5531153ae8f18a65dcd58:5)
04-22 03:19:06.051 27090 27146 W CameraScanActivity: 	at java.util.concurrent.ThreadPoolExecutor.runWorker(ThreadPoolExecutor.java:1156)
04-22 03:19:06.051 27090 27146 W CameraScanActivity: 	at java.util.concurrent.ThreadPoolExecutor$Worker.run(ThreadPoolExecutor.java:651)
04-22 03:19:06.051 27090 27146 W CameraScanActivity: 	at java.lang.Thread.run(Thread.java:1119)
04-22 03:19:06.051 27090 27146 W CameraScanActivity: Caused by: android.system.ErrnoException: open failed: EACCES (Permission denied)
04-22 03:19:06.051 27090 27146 W CameraScanActivity: 	at libcore.io.Linux.open(Native Method)
04-22 03:19:06.051 27090 27146 W CameraScanActivity: 	at libcore.io.ForwardingOs.open(ForwardingOs.java:568)
04-22 03:19:06.051 27090 27146 W CameraScanActivity: 	at libcore.io.BlockGuardOs.open(BlockGuardOs.java:274)
04-22 03:19:06.051 27090 27146 W CameraScanActivity: 	at libcore.io.ForwardingOs.open(ForwardingOs.java:568)
04-22 03:19:06.051 27090 27146 W CameraScanActivity: 	at android.app.ActivityThread$AndroidOs.open(ActivityThread.java:8953)
04-22 03:19:06.051 27090 27146 W CameraScanActivity: 	at libcore.io.IoBridge.open(IoBridge.java:560)
04-22 03:19:06.051 27090 27146 W CameraScanActivity: 	... 9 more
04-22 03:19:06.058   683  1873 D CoreBackPreview: Window{fb4441c u0 com.impos2.mixcretailassemblyrn84/com.impos2.adapterv2.camera.CameraScanActivity}: Setting back callback OnBackInvokedCallbackInfo{mCallback=android.window.IOnBackInvokedCallback$Stub$Proxy@77cddfa, mPriority=-1, mIsAnimationCallback=false, mOverrideBehavior=0}
04-22 03:19:06.095 27090 27090 W CameraScanActivity: picked image scan failed: /storage/emulated/0/Android/data/com.impos2.mixcretailassemblyrn84/files/rn84-e2e/topology-share-bridge-qr.png: open failed: EACCES (Permission denied)
04-22 03:19:06.097 27090 27090 I ConnectorManager: call end taskId=d60f074d3f9f4b059c54f20905524649 success=false code=9999 duration=65
04-22 03:19:06.098   683   912 D BackgroundInstallControlService: Package event received: 0
04-22 03:19:06.101 27090 27144 W ScriptEngineManager: bytecode compile/execute failed, fallback to evaluate
04-22 03:19:06.101 27090 27144 W ScriptEngineManager: com.whl.quickjs.wrapper.QuickJSException: /storage/emulated/0/Android/data/com.impos2.mixcretailassemblyrn84/files/rn84-e2e/topology-share-bridge-qr.png: open failed: EACCES (Permission denied)
04-22 03:19:06.101 27090 27144 W ScriptEngineManager:     at <anonymous> (unknown.js:16)
04-22 03:19:06.101 27090 27144 W ScriptEngineManager:     at <anonymous> (unknown.js:29)
04-22 03:19:06.101 27090 27144 W ScriptEngineManager:     at <eval> (unknown.js:31)
04-22 03:19:06.101 27090 27144 W ScriptEngineManager: 
04-22 03:19:06.101 27090 27144 W ScriptEngineManager: 	at com.whl.quickjs.wrapper.QuickJSContext.execute(Native Method)
04-22 03:19:06.101 27090 27144 W ScriptEngineManager: 	at com.whl.quickjs.wrapper.QuickJSContext.execute(r8-map-id-6c0ed26595cc05a295744261e85373470278706d6cf5531153ae8f18a65dcd58:3)
04-22 03:19:06.101 27090 27144 W ScriptEngineManager: 	at U3.g.t(r8-map-id-6c0ed26595cc05a295744261e85373470278706d6cf5531153ae8f18a65dcd58:52)
04-22 03:19:06.101 27090 27144 W ScriptEngineManager: 	at U3.g.u(r8-map-id-6c0ed26595cc05a295744261e85373470278706d6cf5531153ae8f18a65dcd58:153)
04-22 03:19:06.101 27090 27144 W ScriptEngineManager: 	at U3.g.y(r8-map-id-6c0ed26595cc05a295744261e85373470278706d6cf5531153ae8f18a65dcd58:1)
04-22 03:19:06.101 27090 27144 W ScriptEngineManager: 	at U3.g.a(r8-map-id-6c0ed26595cc05a295744261e85373470278706d6cf5531153ae8f18a65dcd58:1)
04-22 03:19:06.101 27090 27144 W ScriptEngineManager: 	at U3.b.call(r8-map-id-6c0ed26595cc05a295744261e85373470278706d6cf5531153ae8f18a65dcd58:7)
04-22 03:19:06.101 27090 27144 W ScriptEngineManager: 	at java.util.concurrent.FutureTask.run(FutureTask.java:317)
04-22 03:19:06.101 27090 27144 W ScriptEngineManager: 	at java.util.concurrent.ThreadPoolExecutor.runWorker(ThreadPoolExecutor.java:1156)
04-22 03:19:06.101 27090 27144 W ScriptEngineManager: 	at java.util.concurrent.ThreadPoolExecutor$Worker.run(ThreadPoolExecutor.java:651)
04-22 03:19:06.101 27090 27144 W ScriptEngineManager: 	at java.lang.Thread.run(Thread.java:1119)
04-22 03:19:06.102   957  1321 V WindowManagerShell: onTransitionReady(transaction=2933462669371)
04-22 03:19:06.102   683   912 D BackgroundInstallControlService: Package event received: 0
04-22 03:19:06.102   683   912 D BackgroundInstallControlService: Package event received: 0
04-22 03:19:06.102   683   731 V WindowManager: Sent Transition (#157) createdAt=04-22 03:19:06.034 via request=TransitionRequestInfo { type = OPEN, triggerTask = TaskInfo{userId=0 taskId=40 effectiveUid=10214 displayId=0 isRunning=true baseIntent=Intent { flg=0x10000000 cmp=com.impos2.mixcretailassemblyrn84/.MainActivity } baseActivity=ComponentInfo{com.impos2.mixcretailassemblyrn84/com.impos2.mixcretailassemblyrn84.MainActivity} topActivity=ComponentInfo{com.impos2.mixcretailassemblyrn84/com.impos2.adapterv2.camera.CameraScanActivity} origActivity=null realActivity=ComponentInfo{com.impos2.mixcretailassemblyrn84/com.impos2.mixcretailassemblyrn84.MainActivity} numActivities=2 lastActiveTime=24603579 supportsMultiWindow=true resizeMode=1 isResizeable=true minWidth=-1 minHeight=-1 defaultMinSize=220 token=WCT{RemoteToken{4637739 Task{90ecf7 #40 type=standard A=10214:com.impos2.mixcretailassemblyrn84}}} topActivityType=1 pictureInPictureParams=null shouldDockBigOverlays=false launchIntoPipHostTaskId=-1 lastParentTaskIdBeforePip=-1 displayCutoutSafeInsets=Rect(0, 0 - 0, 0) topActivityInfo=ActivityInfo{dd79923 com.impos2.adapterv2.camera.CameraScanActivity} launchCookies=[] positionInParent=Point(0, 0) parentTaskId=-1 isFocused=true isVisible=true isVisibleRequested=true isTopActivityNoDisplay=false isSleeping=false locusId=null displayAreaFeatureId=1 isTopActivityTransparent=false isActivityStackTransparent=false lastNonFullscreenBounds=Rect(892, 102 - 1668, 1482) capturedLink=null capturedLinkTimestamp=0 requestedVisibleTypes=-9 topActivityRequestOpenInBrowserEducationTimestamp=0 appCompatTaskInfo=AppCompatTaskInfo { topActivityInSizeCompat=false eligibleForLetterboxEducation= false isLetterboxEducationEnabled= true isLetterboxDoubleTapEnabled= false eligibleForUserAspectRatioButton= true topActivityBoundsLetterboxed= false isFromLetterboxDoubleTap= false topActivityLetterboxVerticalPosition= -1 topActivityLetterboxHorizontalPosition= -1 topActivityLetterboxWidth=-1 topActivityLetterboxHeight=-1 topActivityAppBounds=Rect(0, 0 - 2560, 1600) isUserFullscreenOverrideEnabled=false isSystemFullscreenOverrideEnabled=false hasMinAspectRatioOverride=false topActivityLetterboxBounds=null cameraCompatTaskInfo=CameraCompatTaskInfo { freeformCameraCompatMode=inactive}} topActivityMainWindowFrame=null}, pipChange = null, remoteTransition = null, displayChange = null, flags = 0, debugId = 157 }
04-22 03:19:06.102   683   731 V WindowManager:     startWCT=WindowContainerTransaction { changes= {} hops= [] errorCallbackToken=null taskFragmentOrganizer=null }
04-22 03:19:06.102   957  1041 V WindowManagerShell: onTransitionReady (#157) android.os.BinderProxy@c1089c5: {id=157 t=OPEN f=0x0 trk=0 r=[] c=[]}
04-22 03:19:06.102   683   731 V WindowManager:     info={id=157 t=OPEN f=0x0 trk=0 r=[] c=[]}
04-22 03:19:06.102   957  1041 V WindowManagerShell: No transition roots in (#157) android.os.BinderProxy@c1089c5@0 so abort
04-22 03:19:06.102 27090 27090 W unknown:BridgelessReact: ReactHost{0}.onHostResume(activity)
04-22 03:19:06.102 27090 27090 W unknown:BridgelessReact: ReactHost{0}.ReactContext.onHostResume()
04-22 03:19:06.102   957  1041 V WindowManagerShell: Transition animation finished (aborted=true), notifying core (#157) android.os.BinderProxy@c1089c5@0
04-22 03:19:06.103   683   731 V WindowManager: Finish Transition (#157): created at 04-22 03:19:06.034 collect-started=0.011ms request-sent=2.056ms started=5.162ms ready=66.872ms sent=67.299ms finished=68.502ms
04-22 03:19:06.104 27090 27111 I assembly.assembly.android.mixc-retail-rn84: [assembly.topology] Native topology host already matches desired lifecycle state {"displayCount":1,"displayIndex":0,"deviceId":"ZJ63NQELD9","instanceMode":"MASTER","enableSlave":false,"running":false,"reason":"not-master-or-single-primary-host"}
04-22 03:19:06.104 27090 27111 I assembly.assembly.android.mixc-retail-rn84: [assembly.topology] Native topology host already matches desired lifecycle state {"displayCount":1,"displayIndex":0,"deviceId":"ZJ63NQELD9","instanceMode":"MASTER","enableSlave":false,"running":false,"reason":"not-master-or-single-primary-host"}
04-22 03:19:06.104   957  1041 V WindowManagerShell: Track 0 became idle
04-22 03:19:06.104   957  1041 V WindowManagerShell: All active transition animations finished
04-22 03:19:06.104 27090 27111 I assembly.assembly.android.mixc-retail-rn84: [assembly.topology] Native topology host already matches desired lifecycle state {"displayCount":1,"displayIndex":0,"deviceId":"ZJ63NQELD9","instanceMode":"MASTER","enableSlave":false,"running":false,"reason":"not-master-or-single-primary-host"}
04-22 03:19:06.104 27090 27111 I assembly.assembly.android.mixc-retail-rn84: [assembly.topology] Native topology host already matches desired lifecycle state {"displayCount":1,"displayIndex":0,"deviceId":"ZJ63NQELD9","instanceMode":"MASTER","enableSlave":false,"running":false,"reason":"not-master-or-single-primary-host"}
04-22 03:19:06.104 27090 27111 I assembly.assembly.android.mixc-retail-rn84: [assembly.topology] Native topology host already matches desired lifecycle state {"displayCount":1,"displayIndex":0,"deviceId":"ZJ63NQELD9","instanceMode":"MASTER","enableSlave":false,"running":false,"reason":"not-master-or-single-primary-host"}
04-22 03:19:06.113 27090 27090 W WindowOnBackDispatcher: sendCancelIfRunning: isInProgress=false callback=android.app.Activity$$ExternalSyntheticLambda0@ef02d39
04-22 03:19:06.113   683  1873 D CoreBackPreview: Window{fb4441c u0 com.impos2.mixcretailassemblyrn84/com.impos2.adapterv2.camera.CameraScanActivity}: Setting back callback null
04-22 03:19:06.115 27090 27090 D ViewRootImpl: Skipping stats log for color mode
04-22 03:19:06.117   683   912 D BackgroundInstallControlService: Package event received: 0
04-22 03:19:06.126   683   829 I ImeTracker: com.impos2.mixcretailassemblyrn84:c3c3955: onRequestHide at ORIGIN_SERVER reason HIDE_SAME_WINDOW_FOCUSED_WITHOUT_EDITOR fromUser false
04-22 03:19:06.126 27090 27090 D InsetsController: hide(ime(), fromIme=false)
04-22 03:19:06.126 27090 27090 I ImeTracker: com.impos2.mixcretailassemblyrn84:c3c3955: onCancelled at PHASE_CLIENT_ALREADY_HIDDEN
04-22 03:19:06.127  1576  1576 I GoogleInputMethodService: GoogleInputMethodService.onFinishInput():2043 
04-22 03:19:06.127  1576  1576 I Module  : DeviceLockedStatusModuleProvider$Module.updateDeviceLockedStatus():100 repeatCheckTimes = 0, locked = false
04-22 03:19:06.128  1576  1576 I GoogleInputMethodService: GoogleInputMethodService.onStartInput():1293 onStartInput(EditorInfo{EditorInfo{packageName=com.impos2.mixcretailassemblyrn84, inputType=0, inputTypeString=NULL, enableLearning=false, autoCorrection=false, autoComplete=false, imeOptions=0, privateImeOptions=null, actionName=UNSPECIFIED, actionLabel=null, initialSelStart=-1, initialSelEnd=-1, initialCapsMode=0, label=null, fieldId=0, fieldName=null, extras=null, hintText=null, hintLocales=[]}}, false)
04-22 03:19:06.128  1576  1576 I Module  : DeviceLockedStatusModuleProvider$Module.updateDeviceLockedStatus():100 repeatCheckTimes = 1, locked = false
04-22 03:19:06.128  1576  1576 I EmojiCompatManager: EmojiCompatManager.getEmojiCompatIfLoaded():343 EmojiCompat.init() was never called.
04-22 03:19:06.128  1576  1576 I EmojiCompatManager: java.lang.IllegalStateException: EmojiCompat is not initialized. Please call EmojiCompat.init() first
04-22 03:19:06.128  1576  1576 I EmojiCompatManager: 	at asx.p(PG:6)
04-22 03:19:06.128  1576  1576 I EmojiCompatManager: 	at axb.b(PG:13)
04-22 03:19:06.128  1576  1576 I EmojiCompatManager: 	at jnr.b(PG:2)
04-22 03:19:06.128  1576  1576 I EmojiCompatManager: 	at jnr.c(PG:4)
04-22 03:19:06.128  1576  1576 I EmojiCompatManager: 	at jnr.f(PG:3)
04-22 03:19:06.128  1576  1576 I EmojiCompatManager: 	at jnx.c(PG:3)
04-22 03:19:06.128  1576  1576 I EmojiCompatManager: 	at kif.cz(PG:47)
04-22 03:19:06.128  1576  1576 I EmojiCompatManager: 	at lhl.run(PG:1025)
04-22 03:19:06.128  1576  1576 I EmojiCompatManager: 	at jaf.execute(PG:12)
04-22 03:19:06.128  1576  1576 I EmojiCompatManager: 	at nco.v(PG:13)
04-22 03:19:06.128  1576  1576 I EmojiCompatManager: 	at lhn.m(PG:96)
04-22 03:19:06.128  1576  1576 I EmojiCompatManager: 	at lhn.k(PG:25)
04-22 03:19:06.128  1576  1576 I EmojiCompatManager: 	at kgn.onStartInput(PG:250)
04-22 03:19:06.128  1576  1576 I EmojiCompatManager: 	at android.inputmethodservice.InputMethodService.doStartInput(InputMethodService.java:3521)
04-22 03:19:06.128  1576  1576 I EmojiCompatManager: 	at android.inputmethodservice.InputMethodService$InputMethodImpl.startInput(InputMethodService.java:879)
04-22 03:19:06.128  1576  1576 I EmojiCompatManager: 	at android.inputmethodservice.InputMethodService$InputMethodImpl.dispatchStartInput(InputMethodService.java:908)
04-22 03:19:06.128  1576  1576 I EmojiCompatManager: 	at android.inputmethodservice.IInputMethodWrapper.executeMessage(IInputMethodWrapper.java:201)
04-22 03:19:06.128  1576  1576 I EmojiCompatManager: 	at com.android.internal.os.HandlerCaller$MyHandler.handleMessage(HandlerCaller.java:44)
04-22 03:19:06.128  1576  1576 I EmojiCompatManager: 	at android.os.Handler.dispatchMessage(Handler.java:110)
04-22 03:19:06.128  1576  1576 I EmojiCompatManager: 	at android.os.Looper.loopOnce(Looper.java:248)
04-22 03:19:06.128  1576  1576 I EmojiCompatManager: 	at android.os.Looper.loop(Looper.java:338)
04-22 03:19:06.128  1576  1576 I EmojiCompatManager: 	at android.app.ActivityThread.main(ActivityThread.java:9067)
04-22 03:19:06.128  1576  1576 I EmojiCompatManager: 	at java.lang.reflect.Method.invoke(Native Method)
04-22 03:19:06.128  1576  1576 I EmojiCompatManager: 	at com.android.internal.os.RuntimeInit$MethodAndArgsCaller.run(RuntimeInit.java:593)
04-22 03:19:06.128  1576  1576 I EmojiCompatManager: 	at com.android.internal.os.ZygoteInit.main(ZygoteInit.java:932)
04-22 03:19:06.129   683 19931 W PackageConfigPersister: App-specific configuration not found for packageName: com.impos2.mixcretailassemblyrn84 and userId: 0
04-22 03:19:06.307   683   858 W BestClock: java.time.DateTimeException: No network time available
04-22 03:19:06.307   683   858 W BestClock: java.time.DateTimeException: No network time available
04-22 03:19:06.307   683   858 W BestClock: java.time.DateTimeException: No network time available
04-22 03:19:06.307   683   858 W BestClock: java.time.DateTimeException: No network time available
04-22 03:19:06.307   683   858 W BestClock: java.time.DateTimeException: No network time available
04-22 03:19:06.308   683   858 D WifiClientModeImpl[9769:wlan0]: updateLinkLayerStatsRssiSpeedFrequencyCapabilities rssi=-50 TxLinkspeed=1 freq=2447 RxLinkSpeed=2
04-22 03:19:06.308   683   858 D WifiDataStall: tx tput in kbps: 11000
04-22 03:19:06.308   683   858 D WifiDataStall: rx tput in kbps: 11000
04-22 03:19:06.308   683   858 V WifiConfigManager: Updating scan detail cache freq=2447 BSSID=00:13:10:85:fe:01 RSSI=-50 for "AndroidWifi"NONE
04-22 03:19:06.308   683   858 D WifiThroughputPredictor:  utilization (LLS) 80 isBluetoothConnected: false final utilization: 80
04-22 03:19:06.308   683   858 D WifiThroughputPredictor:  BW: 0 RSSI: -50 Nss: 1 Mode: 1 symDur: 4000 snrDb 30 bitPerTone: 4500 rate: 54 throughput: 11
04-22 03:19:06.308   683   858 D WifiThroughputPredictor:  utilization (LLS) 80 isBluetoothConnected: false final utilization: 80
04-22 03:19:06.308   683   858 D WifiThroughputPredictor:  BW: 0 RSSI: -50 Nss: 1 Mode: 1 symDur: 4000 snrDb 30 bitPerTone: 4500 rate: 54 throughput: 11
04-22 03:19:06.308   683   858 D WifiThroughputPredictor:  utilization (LLS) 80 isBluetoothConnected: false final utilization: 80
04-22 03:19:06.308   683   858 D WifiThroughputPredictor:  BW: 0 RSSI: -50 Nss: 1 Mode: 1 symDur: 4000 snrDb 30 bitPerTone: 4500 rate: 54 throughput: 11
04-22 03:19:06.308   683   858 D WifiThroughputPredictor:  utilization (LLS) 80 isBluetoothConnected: false final utilization: 80
04-22 03:19:06.308   683   858 D WifiThroughputPredictor:  BW: 0 RSSI: -50 Nss: 1 Mode: 1 symDur: 4000 snrDb 30 bitPerTone: 4500 rate: 54 throughput: 11
04-22 03:19:06.308   683   858 D WifiScoreCard: BSSID update SIGNAL_POLL ID: 261501600 SSID: "AndroidWifi", BSSID: 00:13:10:85:fe:01, MAC: 02:15:b4:00:00:00, IP: /10.0.2.17, Security type: 0, Supplicant state: COMPLETED, Wi-Fi standard: legacy, RSSI: -50, Link speed: 1Mbps, Tx Link speed: 1Mbps, Max Supported Tx Link speed: 11Mbps, Rx Link speed: 2Mbps, Max Supported Rx Link speed: 11Mbps, Frequency: 2447MHz, Net ID: 0, Metered hint: false, score: 60, isUsable: true, CarrierMerged: false, SubscriptionId: -1, IsPrimary: 1, Trusted: true, Restricted: false, Ephemeral: false, OEM paid: false, OEM private: false, OSU AP: false, FQDN: <none>, Provider friendly name: <none>, Requesting package name: <none>"AndroidWifi"openMLO Information: , Is TID-To-Link negotiation supported by the AP: false, AP MLD Address: <none>, AP MLO Link Id: <none>, AP MLO Affiliated links: <none>, Vendor Data: <none>
04-22 03:19:06.308   683   858 D WifiScoreCard: txRate: 1 txSpeed: 1
04-22 03:19:06.308   683   858 D WifiScoreCard: network update SIGNAL_POLL "AndroidWifi" ID: 579418950 RSSI -50 txSpeed -1
04-22 03:19:06.308   683   858 D WifiClientModeImpl[9769:wlan0]:  ClientModeImpl$L2ConnectedState screen=on 1 0 "AndroidWifi" 00:13:10:85:fe:01 rssi=-50 f=2447 sc=60 link=1 tx=0.0, 0.0, 0.0 rx=0.0 bcn=0 [on:0 tx:0 rx:0 period:3006] from screen [on:0 period:-1317314236] score=60
04-22 03:19:09.312   683   858 W BestClock: java.time.DateTimeException: No network time available
04-22 03:19:09.312   683   858 W BestClock: java.time.DateTimeException: No network time available
04-22 03:19:09.312   683   858 W BestClock: java.time.DateTimeException: No network time available
04-22 03:19:09.312   683   858 W BestClock: java.time.DateTimeException: No network time available
04-22 03:19:09.312   683   858 W BestClock: java.time.DateTimeException: No network time available
--------- beginning of kernel
04-22 03:19:09.314   474   474 W healthd : battery l=100 v=5000 t=25.0 h=2 st=4 c=900000 fc=3000000 cc=10 chg=
04-22 03:19:09.312   683   858 D WifiClientModeImpl[9769:wlan0]: updateLinkLayerStatsRssiSpeedFrequencyCapabilities rssi=-50 TxLinkspeed=1 freq=2447 RxLinkSpeed=2
04-22 03:19:09.313   683   858 D WifiDataStall: tx tput in kbps: 11000
04-22 03:19:09.313   683   858 D WifiDataStall: rx tput in kbps: 11000
04-22 03:19:09.313   683   858 V WifiConfigManager: Updating scan detail cache freq=2447 BSSID=00:13:10:85:fe:01 RSSI=-50 for "AndroidWifi"NONE
04-22 03:19:09.313   683   858 D WifiThroughputPredictor:  utilization (LLS) 80 isBluetoothConnected: false final utilization: 80
04-22 03:19:09.313   683   858 D WifiThroughputPredictor:  BW: 0 RSSI: -50 Nss: 1 Mode: 1 symDur: 4000 snrDb 30 bitPerTone: 4500 rate: 54 throughput: 11
04-22 03:19:09.313   683   858 D WifiThroughputPredictor:  utilization (LLS) 80 isBluetoothConnected: false final utilization: 80
04-22 03:19:09.313   683   858 D WifiThroughputPredictor:  BW: 0 RSSI: -50 Nss: 1 Mode: 1 symDur: 4000 snrDb 30 bitPerTone: 4500 rate: 54 throughput: 11
04-22 03:19:09.313   683   858 D WifiThroughputPredictor:  utilization (LLS) 80 isBluetoothConnected: false final utilization: 80
04-22 03:19:09.313   683   858 D WifiThroughputPredictor:  BW: 0 RSSI: -50 Nss: 1 Mode: 1 symDur: 4000 snrDb 30 bitPerTone: 4500 rate: 54 throughput: 11
04-22 03:19:09.313   683   858 D WifiThroughputPredictor:  utilization (LLS) 80 isBluetoothConnected: false final utilization: 80
04-22 03:19:09.313   683   858 D WifiThroughputPredictor:  BW: 0 RSSI: -50 Nss: 1 Mode: 1 symDur: 4000 snrDb 30 bitPerTone: 4500 rate: 54 throughput: 11
04-22 03:19:09.314   683   858 D WifiScoreCard: BSSID update SIGNAL_POLL ID: 261501600 SSID: "AndroidWifi", BSSID: 00:13:10:85:fe:01, MAC: 02:15:b4:00:00:00, IP: /10.0.2.17, Security type: 0, Supplicant state: COMPLETED, Wi-Fi standard: legacy, RSSI: -50, Link speed: 1Mbps, Tx Link speed: 1Mbps, Max Supported Tx Link speed: 11Mbps, Rx Link speed: 2Mbps, Max Supported Rx Link speed: 11Mbps, Frequency: 2447MHz, Net ID: 0, Metered hint: false, score: 60, isUsable: true, CarrierMerged: false, SubscriptionId: -1, IsPrimary: 1, Trusted: true, Restricted: false, Ephemeral: false, OEM paid: false, OEM private: false, OSU AP: false, FQDN: <none>, Provider friendly name: <none>, Requesting package name: <none>"AndroidWifi"openMLO Information: , Is TID-To-Link negotiation supported by the AP: false, AP MLD Address: <none>, AP MLO Link Id: <none>, AP MLO Affiliated links: <none>, Vendor Data: <none>
04-22 03:19:09.314   683   858 D WifiScoreCard: txRate: 1 txSpeed: 1
04-22 03:19:09.314   683   858 D WifiScoreCard: network update SIGNAL_POLL "AndroidWifi" ID: 579418950 RSSI -50 txSpeed -1
04-22 03:19:09.314   683   858 D WifiClientModeImpl[9769:wlan0]:  ClientModeImpl$L2ConnectedState screen=on 1 0 "AndroidWifi" 00:13:10:85:fe:01 rssi=-50 f=2447 sc=60 link=1 tx=0.0, 0.0, 0.0 rx=0.0 bcn=0 [on:0 tx:0 rx:0 period:3006] from screen [on:0 period:-1317311230] score=60
04-22 03:19:09.547   683  1715 E TaskPersister: File error accessing recents directory (directory doesn't exist?).
04-22 03:19:12.318   683   858 W BestClock: java.time.DateTimeException: No network time available
04-22 03:19:12.318   683   858 W BestClock: java.time.DateTimeException: No network time available
04-22 03:19:12.319   683   858 W BestClock: java.time.DateTimeException: No network time available
04-22 03:19:12.319   683   858 W BestClock: java.time.DateTimeException: No network time available
04-22 03:19:12.319   683   858 W BestClock: java.time.DateTimeException: No network time available
04-22 03:19:12.320   683   858 D WifiClientModeImpl[9769:wlan0]: updateLinkLayerStatsRssiSpeedFrequencyCapabilities rssi=-50 TxLinkspeed=1 freq=2447 RxLinkSpeed=2
04-22 03:19:12.320   683   858 D WifiDataStall: tx tput in kbps: 11000
04-22 03:19:12.320   683   858 D WifiDataStall: rx tput in kbps: 11000
04-22 03:19:12.320   683   858 V WifiConfigManager: Updating scan detail cache freq=2447 BSSID=00:13:10:85:fe:01 RSSI=-50 for "AndroidWifi"NONE
04-22 03:19:12.320   683   858 D WifiThroughputPredictor:  utilization (LLS) 80 isBluetoothConnected: false final utilization: 80
04-22 03:19:12.320   683   858 D WifiThroughputPredictor:  BW: 0 RSSI: -50 Nss: 1 Mode: 1 symDur: 4000 snrDb 30 bitPerTone: 4500 rate: 54 throughput: 11
04-22 03:19:12.320   683   858 D WifiThroughputPredictor:  utilization (LLS) 80 isBluetoothConnected: false final utilization: 80
04-22 03:19:12.320   683   858 D WifiThroughputPredictor:  BW: 0 RSSI: -50 Nss: 1 Mode: 1 symDur: 4000 snrDb 30 bitPerTone: 4500 rate: 54 throughput: 11
04-22 03:19:12.321   683   858 D WifiThroughputPredictor:  utilization (LLS) 80 isBluetoothConnected: false final utilization: 80
04-22 03:19:12.321   683   858 D WifiThroughputPredictor:  BW: 0 RSSI: -50 Nss: 1 Mode: 1 symDur: 4000 snrDb 30 bitPerTone: 4500 rate: 54 throughput: 11
04-22 03:19:12.321   683   858 D WifiThroughputPredictor:  utilization (LLS) 80 isBluetoothConnected: false final utilization: 80
04-22 03:19:12.321   683   858 D WifiThroughputPredictor:  BW: 0 RSSI: -50 Nss: 1 Mode: 1 symDur: 4000 snrDb 30 bitPerTone: 4500 rate: 54 throughput: 11
04-22 03:19:12.322   683   858 D WifiScoreCard: BSSID update SIGNAL_POLL ID: 261501600 SSID: "AndroidWifi", BSSID: 00:13:10:85:fe:01, MAC: 02:15:b4:00:00:00, IP: /10.0.2.17, Security type: 0, Supplicant state: COMPLETED, Wi-Fi standard: legacy, RSSI: -50, Link speed: 1Mbps, Tx Link speed: 1Mbps, Max Supported Tx Link speed: 11Mbps, Rx Link speed: 2Mbps, Max Supported Rx Link speed: 11Mbps, Frequency: 2447MHz, Net ID: 0, Metered hint: false, score: 60, isUsable: true, CarrierMerged: false, SubscriptionId: -1, IsPrimary: 1, Trusted: true, Restricted: false, Ephemeral: false, OEM paid: false, OEM private: false, OSU AP: false, FQDN: <none>, Provider friendly name: <none>, Requesting package name: <none>"AndroidWifi"openMLO Information: , Is TID-To-Link negotiation supported by the AP: false, AP MLD Address: <none>, AP MLO Link Id: <none>, AP MLO Affiliated links: <none>, Vendor Data: <none>
04-22 03:19:12.322   683   858 D WifiScoreCard: txRate: 1 txSpeed: 1
04-22 03:19:12.322   683   858 D WifiScoreCard: network update SIGNAL_POLL "AndroidWifi" ID: 579418950 RSSI -50 txSpeed -1
04-22 03:19:12.322   683   858 D WifiClientModeImpl[9769:wlan0]:  ClientModeImpl$L2ConnectedState screen=on 1 0 "AndroidWifi" 00:13:10:85:fe:01 rssi=-50 f=2447 sc=60 link=1 tx=0.0, 0.0, 0.0 rx=0.0 bcn=0 [on:0 tx:0 rx:0 period:3008] from screen [on:0 period:-1317308222] score=60
04-22 03:19:12.473   938   938 D wpa_supplicant: nl80211: Drv Event 64 (NL80211_CMD_NOTIFY_CQM) received for wlan0
04-22 03:19:12.473   938   938 D wpa_supplicant: nl80211: Beacon loss event
04-22 03:19:12.473   938   938 D wpa_supplicant: wlan0: Event BEACON_LOSS (53) received
04-22 03:19:12.473   938   938 I wpa_supplicant: wlan0: CTRL-EVENT-BEACON-LOSS 
04-22 03:19:12.570  1086  1298 D SatelliteController: iisInCarrierRoamingNbIotNtn: satellite is disabled
04-22 03:19:14.627   957  1176 D ControlsListingControllerImpl: Subscribing callback, service count: 0
04-22 03:19:14.631   957  1176 I QuickAccessWalletTile: QAW service is unavailable, recreating the wallet client.
04-22 03:19:14.643   957  1176 D ControlsListingControllerImpl: Unsubscribing callback
04-22 03:19:15.325   683   858 W BestClock: java.time.DateTimeException: No network time available
04-22 03:19:15.325   683   858 W BestClock: java.time.DateTimeException: No network time available
04-22 03:19:15.325   683   858 W BestClock: java.time.DateTimeException: No network time available
04-22 03:19:15.325   683   858 W BestClock: java.time.DateTimeException: No network time available
04-22 03:19:15.325   683   858 W BestClock: java.time.DateTimeException: No network time available
04-22 03:19:15.326   683   858 D WifiClientModeImpl[9769:wlan0]: updateLinkLayerStatsRssiSpeedFrequencyCapabilities rssi=-50 TxLinkspeed=1 freq=2447 RxLinkSpeed=2
04-22 03:19:15.326   683   858 D WifiDataStall: tx tput in kbps: 11000
04-22 03:19:15.326   683   858 D WifiDataStall: rx tput in kbps: 11000
04-22 03:19:15.326   683   858 V WifiConfigManager: Updating scan detail cache freq=2447 BSSID=00:13:10:85:fe:01 RSSI=-50 for "AndroidWifi"NONE
04-22 03:19:15.326   683   858 D WifiThroughputPredictor:  utilization (LLS) 80 isBluetoothConnected: false final utilization: 80
04-22 03:19:15.326   683   858 D WifiThroughputPredictor:  BW: 0 RSSI: -50 Nss: 1 Mode: 1 symDur: 4000 snrDb 30 bitPerTone: 4500 rate: 54 throughput: 11
04-22 03:19:15.326   683   858 D WifiThroughputPredictor:  utilization (LLS) 80 isBluetoothConnected: false final utilization: 80
04-22 03:19:15.326   683   858 D WifiThroughputPredictor:  BW: 0 RSSI: -50 Nss: 1 Mode: 1 symDur: 4000 snrDb 30 bitPerTone: 4500 rate: 54 throughput: 11
04-22 03:19:15.326   683   858 D WifiThroughputPredictor:  utilization (LLS) 80 isBluetoothConnected: false final utilization: 80
04-22 03:19:15.326   683   858 D WifiThroughputPredictor:  BW: 0 RSSI: -50 Nss: 1 Mode: 1 symDur: 4000 snrDb 30 bitPerTone: 4500 rate: 54 throughput: 11
04-22 03:19:15.326   683   858 D WifiThroughputPredictor:  utilization (LLS) 80 isBluetoothConnected: false final utilization: 80
04-22 03:19:15.326   683   858 D WifiThroughputPredictor:  BW: 0 RSSI: -50 Nss: 1 Mode: 1 symDur: 4000 snrDb 30 bitPerTone: 4500 rate: 54 throughput: 11
04-22 03:19:15.327   683   858 D WifiScoreCard: BSSID update SIGNAL_POLL ID: 261501600 SSID: "AndroidWifi", BSSID: 00:13:10:85:fe:01, MAC: 02:15:b4:00:00:00, IP: /10.0.2.17, Security type: 0, Supplicant state: COMPLETED, Wi-Fi standard: legacy, RSSI: -50, Link speed: 1Mbps, Tx Link speed: 1Mbps, Max Supported Tx Link speed: 11Mbps, Rx Link speed: 2Mbps, Max Supported Rx Link speed: 11Mbps, Frequency: 2447MHz, Net ID: 0, Metered hint: false, score: 60, isUsable: true, CarrierMerged: false, SubscriptionId: -1, IsPrimary: 1, Trusted: true, Restricted: false, Ephemeral: false, OEM paid: false, OEM private: false, OSU AP: false, FQDN: <none>, Provider friendly name: <none>, Requesting package name: <none>"AndroidWifi"openMLO Information: , Is TID-To-Link negotiation supported by the AP: false, AP MLD Address: <none>, AP MLO Link Id: <none>, AP MLO Affiliated links: <none>, Vendor Data: <none>
04-22 03:19:15.327   683   858 D WifiScoreCard: txRate: 1 txSpeed: 1
04-22 03:19:15.327   683   858 D WifiScoreCard: network update SIGNAL_POLL "AndroidWifi" ID: 579418950 RSSI -50 txSpeed -1
04-22 03:19:15.327   683   858 D WifiClientModeImpl[9769:wlan0]:  ClientModeImpl$L2ConnectedState screen=on 1 0 "AndroidWifi" 00:13:10:85:fe:01 rssi=-50 f=2447 sc=60 link=1 tx=0.0, 0.0, 0.0 rx=0.0 bcn=0 [on:0 tx:0 rx:0 period:3005] from screen [on:0 period:-1317305217] score=60
04-22 03:19:17.016   683   750 I WifiService: isFeatureSupported uid=1000 returns [WIFI_FEATURE_INFRA, WIFI_FEATURE_P2P, WIFI_FEATURE_MOBILE_HOTSPOT, WIFI_FEATURE_WPA3_SAE, WIFI_FEATURE_WPA3_SUITE_B, WIFI_FEATURE_OWE, WIFI_FEATURE_DPP, WIFI_FEATURE_AP_RAND_MAC, WIFI_FEATURE_MBO, WIFI_FEATURE_FILS_SHA256, WIFI_FEATURE_FILS_SHA384, WIFI_FEATURE_SAE_PK, WIFI_FEATURE_DPP_ENROLLEE_RESPONDER, WIFI_FEATURE_PASSPOINT_TERMS_AND_CONDITIONS, WIFI_FEATURE_WFD_R2, WIFI_FEATURE_DECORATED_IDENTITY, WIFI_FEATURE_TRUST_ON_FIRST_USE, WIFI_FEATURE_SET_TLS_MINIMUM_VERSION, WIFI_FEATURE_TLS_V1_3, WIFI_FEATURE_WEP, WIFI_FEATURE_WPA_PERSONAL]
04-22 03:19:17.254  1283 26696 W WakeLock: GCM_HB_ALARM release without a matched acquire!
04-22 03:19:17.254  1283 26696 W WakeLock: GCM_HB_ALARM counter does not exist
04-22 03:19:17.255  1283 26696 I AlarmManager: setExactAndAllowWhileIdle [name: GCM_CONN_ALARM type: 2 triggerAtMillis: 24620799]
04-22 03:19:17.256  1283 26696 W WakeLock: GCM_CONN_ALARM release without a matched acquire!
04-22 03:19:17.256  1283 26696 W WakeLock: GCM_CONN_ALARM counter does not exist
04-22 03:19:17.852  1652  2093 I bdee    : (REDACTED) getHotwordActive::active query: %s, watch: %s, devices connected: %s
04-22 03:19:18.331   683   858 W BestClock: java.time.DateTimeException: No network time available
04-22 03:19:18.331   683   858 W BestClock: java.time.DateTimeException: No network time available
04-22 03:19:18.331   683   858 W BestClock: java.time.DateTimeException: No network time available
04-22 03:19:18.331   683   858 W BestClock: java.time.DateTimeException: No network time available
04-22 03:19:18.332   683   858 W BestClock: java.time.DateTimeException: No network time available
04-22 03:19:18.333   683   858 D WifiClientModeImpl[9769:wlan0]: updateLinkLayerStatsRssiSpeedFrequencyCapabilities rssi=-50 TxLinkspeed=1 freq=2447 RxLinkSpeed=2
04-22 03:19:18.333   683   858 D WifiDataStall: tx tput in kbps: 11000
04-22 03:19:18.333   683   858 D WifiDataStall: rx tput in kbps: 11000
04-22 03:19:18.333   683   858 V WifiConfigManager: Updating scan detail cache freq=2447 BSSID=00:13:10:85:fe:01 RSSI=-50 for "AndroidWifi"NONE
04-22 03:19:18.333   683   858 D WifiThroughputPredictor:  utilization (LLS) 80 isBluetoothConnected: false final utilization: 80
04-22 03:19:18.333   683   858 D WifiThroughputPredictor:  BW: 0 RSSI: -50 Nss: 1 Mode: 1 symDur: 4000 snrDb 30 bitPerTone: 4500 rate: 54 throughput: 11
04-22 03:19:18.333   683   858 D WifiThroughputPredictor:  utilization (LLS) 80 isBluetoothConnected: false final utilization: 80
04-22 03:19:18.333   683   858 D WifiThroughputPredictor:  BW: 0 RSSI: -50 Nss: 1 Mode: 1 symDur: 4000 snrDb 30 bitPerTone: 4500 rate: 54 throughput: 11
04-22 03:19:18.337   683   858 D WifiThroughputPredictor:  utilization (LLS) 80 isBluetoothConnected: false final utilization: 80
04-22 03:19:18.338   683   858 D WifiThroughputPredictor:  BW: 0 RSSI: -50 Nss: 1 Mode: 1 symDur: 4000 snrDb 30 bitPerTone: 4500 rate: 54 throughput: 11
04-22 03:19:18.338   683   858 D WifiThroughputPredictor:  utilization (LLS) 80 isBluetoothConnected: false final utilization: 80
04-22 03:19:18.338   683   858 D WifiThroughputPredictor:  BW: 0 RSSI: -50 Nss: 1 Mode: 1 symDur: 4000 snrDb 30 bitPerTone: 4500 rate: 54 throughput: 11
04-22 03:19:18.341   683   858 D WifiScoreCard: BSSID update SIGNAL_POLL ID: 261501600 SSID: "AndroidWifi", BSSID: 00:13:10:85:fe:01, MAC: 02:15:b4:00:00:00, IP: /10.0.2.17, Security type: 0, Supplicant state: COMPLETED, Wi-Fi standard: legacy, RSSI: -50, Link speed: 1Mbps, Tx Link speed: 1Mbps, Max Supported Tx Link speed: 11Mbps, Rx Link speed: 2Mbps, Max Supported Rx Link speed: 11Mbps, Frequency: 2447MHz, Net ID: 0, Metered hint: false, score: 60, isUsable: true, CarrierMerged: false, SubscriptionId: -1, IsPrimary: 1, Trusted: true, Restricted: false, Ephemeral: false, OEM paid: false, OEM private: false, OSU AP: false, FQDN: <none>, Provider friendly name: <none>, Requesting package name: <none>"AndroidWifi"openMLO Information: , Is TID-To-Link negotiation supported by the AP: false, AP MLD Address: <none>, AP MLO Link Id: <none>, AP MLO Affiliated links: <none>, Vendor Data: <none>
04-22 03:19:18.341   683   858 D WifiScoreCard: txRate: 1 txSpeed: 1
04-22 03:19:18.341   683   858 D WifiScoreCard: network update SIGNAL_POLL "AndroidWifi" ID: 579418950 RSSI -50 txSpeed -1
04-22 03:19:18.341   683   858 D WifiClientModeImpl[9769:wlan0]:  ClientModeImpl$L2ConnectedState screen=on 1 0 "AndroidWifi" 00:13:10:85:fe:01 rssi=-50 f=2447 sc=60 link=1 tx=0.4, 0.0, 0.0 rx=0.6 bcn=0 [on:0 tx:0 rx:0 period:3014] from screen [on:0 period:-1317302203] score=60
04-22 03:19:20.409   938   938 D wpa_supplicant: nl80211: Drv Event 64 (NL80211_CMD_NOTIFY_CQM) received for wlan0
04-22 03:19:20.409   938   938 D wpa_supplicant: nl80211: Beacon loss event
04-22 03:19:20.409   938   938 D wpa_supplicant: wlan0: Event BEACON_LOSS (53) received
04-22 03:19:20.409   938   938 I wpa_supplicant: wlan0: CTRL-EVENT-BEACON-LOSS 
04-22 03:19:21.347   683   858 W BestClock: java.time.DateTimeException: No network time available
04-22 03:19:21.348   683   858 W BestClock: java.time.DateTimeException: No network time available
04-22 03:19:21.348   683   858 W BestClock: java.time.DateTimeException: No network time available
04-22 03:19:21.348   683   858 W BestClock: java.time.DateTimeException: No network time available
04-22 03:19:21.348   683   858 W BestClock: java.time.DateTimeException: No network time available
04-22 03:19:21.349   683   858 D WifiClientModeImpl[9769:wlan0]: updateLinkLayerStatsRssiSpeedFrequencyCapabilities rssi=-50 TxLinkspeed=1 freq=2447 RxLinkSpeed=2
04-22 03:19:21.349   683   858 D WifiDataStall: tx tput in kbps: 11000
04-22 03:19:21.349   683   858 D WifiDataStall: rx tput in kbps: 11000
04-22 03:19:21.349   683   858 V WifiConfigManager: Updating scan detail cache freq=2447 BSSID=00:13:10:85:fe:01 RSSI=-50 for "AndroidWifi"NONE
04-22 03:19:21.349   683   858 D WifiThroughputPredictor:  utilization (LLS) 80 isBluetoothConnected: false final utilization: 80
04-22 03:19:21.349   683   858 D WifiThroughputPredictor:  BW: 0 RSSI: -50 Nss: 1 Mode: 1 symDur: 4000 snrDb 30 bitPerTone: 4500 rate: 54 throughput: 11
04-22 03:19:21.349   683   858 D WifiThroughputPredictor:  utilization (LLS) 80 isBluetoothConnected: false final utilization: 80
04-22 03:19:21.349   683   858 D WifiThroughputPredictor:  BW: 0 RSSI: -50 Nss: 1 Mode: 1 symDur: 4000 snrDb 30 bitPerTone: 4500 rate: 54 throughput: 11
04-22 03:19:21.349   683   858 D WifiThroughputPredictor:  utilization (LLS) 80 isBluetoothConnected: false final utilization: 80
