04-22 03:19:21.349   683   858 D WifiThroughputPredictor:  BW: 0 RSSI: -50 Nss: 1 Mode: 1 symDur: 4000 snrDb 30 bitPerTone: 4500 rate: 54 throughput: 11
04-22 03:19:21.349   683   858 D WifiThroughputPredictor:  utilization (LLS) 80 isBluetoothConnected: false final utilization: 80
04-22 03:19:21.349   683   858 D WifiThroughputPredictor:  BW: 0 RSSI: -50 Nss: 1 Mode: 1 symDur: 4000 snrDb 30 bitPerTone: 4500 rate: 54 throughput: 11
04-22 03:19:21.350   683   858 D WifiScoreCard: BSSID update SIGNAL_POLL ID: 261501600 SSID: "AndroidWifi", BSSID: 00:13:10:85:fe:01, MAC: 02:15:b4:00:00:00, IP: /10.0.2.17, Security type: 0, Supplicant state: COMPLETED, Wi-Fi standard: legacy, RSSI: -50, Link speed: 1Mbps, Tx Link speed: 1Mbps, Max Supported Tx Link speed: 11Mbps, Rx Link speed: 2Mbps, Max Supported Rx Link speed: 11Mbps, Frequency: 2447MHz, Net ID: 0, Metered hint: false, score: 60, isUsable: true, CarrierMerged: false, SubscriptionId: -1, IsPrimary: 1, Trusted: true, Restricted: false, Ephemeral: false, OEM paid: false, OEM private: false, OSU AP: false, FQDN: <none>, Provider friendly name: <none>, Requesting package name: <none>"AndroidWifi"openMLO Information: , Is TID-To-Link negotiation supported by the AP: false, AP MLD Address: <none>, AP MLO Link Id: <none>, AP MLO Affiliated links: <none>, Vendor Data: <none>
04-22 03:19:21.350   683   858 D WifiScoreCard: txRate: 1 txSpeed: 1
04-22 03:19:21.350   683   858 D WifiScoreCard: network update SIGNAL_POLL "AndroidWifi" ID: 579418950 RSSI -50 txSpeed -1
04-22 03:19:21.351   683   858 D WifiClientModeImpl[9769:wlan0]:  ClientModeImpl$L2ConnectedState screen=on 1 0 "AndroidWifi" 00:13:10:85:fe:01 rssi=-50 f=2447 sc=60 link=1 tx=0.1, 0.0, 0.0 rx=0.2 bcn=0 [on:0 tx:0 rx:0 period:3010] from screen [on:0 period:-1317299193] score=60
04-22 03:19:22.576  1086  1298 D SatelliteController: iisInCarrierRoamingNbIotNtn: satellite is disabled
04-22 03:19:23.268   459 27149 I resolv  : GetAddrInfoHandler::run: {101 983141 101 983141 10144 0}
04-22 03:19:23.269   459 27150 I resolv  : res_nmkquery: (QUERY, IN, AAAA)
04-22 03:19:23.270   459 27151 I resolv  : res_nmkquery: (QUERY, IN, A)
04-22 03:19:23.763   459 27151 I resolv  : res_nsend: used send_dg 89 terrno: 0
04-22 03:19:23.763   459 27150 I resolv  : res_nsend: used send_dg 101 terrno: 0
04-22 03:19:23.764   459 27150 I resolv  : doQuery: rcode=0, ancount=2, return value=101
04-22 03:19:23.764   459 27151 I resolv  : doQuery: rcode=0, ancount=2, return value=89
04-22 03:19:23.766  1283 24534 I TrafficStats: tagSocketFd(-1, 1031, -1) failed with errno-9
04-22 03:19:24.275  1283 26696 E GmsTaskScheduler: sendWakeUpEvent called on SchedulerClientBroadcastStrategy
04-22 03:19:24.275  1283 26696 I AlarmManager: setExactAndAllowWhileIdle [name: GCM_HB_ALARM type: 2 triggerAtMillis: 25151819]
04-22 03:19:24.355   683   858 W BestClock: java.time.DateTimeException: No network time available
04-22 03:19:24.355   683   858 W BestClock: java.time.DateTimeException: No network time available
04-22 03:19:24.355   683   858 W BestClock: java.time.DateTimeException: No network time available
04-22 03:19:24.355   683   858 W BestClock: java.time.DateTimeException: No network time available
04-22 03:19:24.355   683   858 W BestClock: java.time.DateTimeException: No network time available
04-22 03:19:24.356   683   858 D WifiClientModeImpl[9769:wlan0]: updateLinkLayerStatsRssiSpeedFrequencyCapabilities rssi=-50 TxLinkspeed=2 freq=2447 RxLinkSpeed=2
04-22 03:19:24.357   683   858 D WifiDataStall: tx tput in kbps: 11000
04-22 03:19:24.357   683   858 D WifiDataStall: rx tput in kbps: 11000
04-22 03:19:24.357   683   858 V WifiConfigManager: Updating scan detail cache freq=2447 BSSID=00:13:10:85:fe:01 RSSI=-50 for "AndroidWifi"NONE
04-22 03:19:24.357   683   858 D WifiThroughputPredictor:  utilization (LLS) 80 isBluetoothConnected: false final utilization: 80
04-22 03:19:24.357   683   858 D WifiThroughputPredictor:  BW: 0 RSSI: -50 Nss: 1 Mode: 1 symDur: 4000 snrDb 30 bitPerTone: 4500 rate: 54 throughput: 11
04-22 03:19:24.357   683   858 D WifiThroughputPredictor:  utilization (LLS) 80 isBluetoothConnected: false final utilization: 80
04-22 03:19:24.357   683   858 D WifiThroughputPredictor:  BW: 0 RSSI: -50 Nss: 1 Mode: 1 symDur: 4000 snrDb 30 bitPerTone: 4500 rate: 54 throughput: 11
04-22 03:19:24.358   683   858 D WifiThroughputPredictor:  utilization (LLS) 80 isBluetoothConnected: false final utilization: 80
04-22 03:19:24.358   683   858 D WifiThroughputPredictor:  BW: 0 RSSI: -50 Nss: 1 Mode: 1 symDur: 4000 snrDb 30 bitPerTone: 4500 rate: 54 throughput: 11
04-22 03:19:24.358   683   858 D WifiThroughputPredictor:  utilization (LLS) 80 isBluetoothConnected: false final utilization: 80
04-22 03:19:24.358   683   858 D WifiThroughputPredictor:  BW: 0 RSSI: -50 Nss: 1 Mode: 1 symDur: 4000 snrDb 30 bitPerTone: 4500 rate: 54 throughput: 11
04-22 03:19:24.358   683   858 D WifiScoreCard: BSSID update SIGNAL_POLL ID: 261501600 SSID: "AndroidWifi", BSSID: 00:13:10:85:fe:01, MAC: 02:15:b4:00:00:00, IP: /10.0.2.17, Security type: 0, Supplicant state: COMPLETED, Wi-Fi standard: legacy, RSSI: -50, Link speed: 2Mbps, Tx Link speed: 2Mbps, Max Supported Tx Link speed: 11Mbps, Rx Link speed: 2Mbps, Max Supported Rx Link speed: 11Mbps, Frequency: 2447MHz, Net ID: 0, Metered hint: false, score: 60, isUsable: true, CarrierMerged: false, SubscriptionId: -1, IsPrimary: 1, Trusted: true, Restricted: false, Ephemeral: false, OEM paid: false, OEM private: false, OSU AP: false, FQDN: <none>, Provider friendly name: <none>, Requesting package name: <none>"AndroidWifi"openMLO Information: , Is TID-To-Link negotiation supported by the AP: false, AP MLD Address: <none>, AP MLO Link Id: <none>, AP MLO Affiliated links: <none>, Vendor Data: <none>
04-22 03:19:24.358   683   858 D WifiScoreCard: txRate: 2 txSpeed: 2
04-22 03:19:24.358   683   858 D WifiScoreCard: network update SIGNAL_POLL "AndroidWifi" ID: 579418950 RSSI -50 txSpeed -1
04-22 03:19:24.359   683   858 D WifiClientModeImpl[9769:wlan0]:  ClientModeImpl$L2ConnectedState screen=on 1 0 "AndroidWifi" 00:13:10:85:fe:01 rssi=-50 f=2447 sc=60 link=2 tx=1.7, 0.0, 0.0 rx=1.5 bcn=0 [on:0 tx:0 rx:0 period:3008] from screen [on:0 period:-1317296185] score=60
04-22 03:19:24.446  1283 26696 I AlarmManager: setExactAndAllowWhileIdle [name: GCM_HB_ALARM type: 2 triggerAtMillis: 25151989]
04-22 03:19:24.446  1283 26696 W WakeLock: GCM_CONN_ALARM release without a matched acquire!
04-22 03:19:24.448   683   864 D ConnectivityService: reportNetworkConnectivity(101, true) by 10144
04-22 03:19:24.449  1052  2583 D NetworkMonitor/101: Forcing reevaluation for UID 10144. Dns signal count: 0
04-22 03:19:24.450  1283 26696 I AlarmManager: setExactAndAllowWhileIdle [name: GCM_HB_ALARM type: 2 triggerAtMillis: 25151994]
04-22 03:19:24.450   683   864 D ConnectivityService: reportNetworkConnectivity(101, true) by 10144
04-22 03:19:24.450  1283 26696 E GmsTaskScheduler: sendWakeUpEvent called on SchedulerClientBroadcastStrategy
04-22 03:19:24.455   459 27155 I resolv  : ResNSendHandler::run: 0 / {101 983141 101 983141 1073 1}
04-22 03:19:24.455   459 27156 I resolv  : ResNSendHandler::run: 0 / {101 983141 101 983141 1073 1}
04-22 03:19:24.458   459 27157 I resolv  : ResNSendHandler::run: 0 / {101 983141 101 983141 1073 1}
04-22 03:19:24.458   459 27157 I resolv  : resolv_cache_lookup: FOUND IN CACHE entry=0xb400007e7ced03f0
04-22 03:19:24.458   459 27158 I resolv  : ResNSendHandler::run: 0 / {101 983141 101 983141 1073 1}
04-22 03:19:24.458   459 27158 I resolv  : resolv_cache_lookup: FOUND IN CACHE entry=0xb400007d2ced1320
04-22 03:19:24.941   459 27156 I resolv  : res_nsend: used send_dg 117 terrno: 0
04-22 03:19:24.941   459 27155 I resolv  : res_nsend: used send_dg 60 terrno: 0
04-22 03:19:24.944  1052 27154 D NetworkMonitor/101: PROBE_DNS connectivitycheck.gstatic.com 492ms OK 114.250.66.34
04-22 03:19:24.945   459 27159 I resolv  : GetAddrInfoHandler::run: {101 983141 101 983141 1073 1}
04-22 03:19:24.946   459 27160 I resolv  : res_nmkquery: (QUERY, IN, AAAA)
04-22 03:19:24.946   459 27161 I resolv  : res_nmkquery: (QUERY, IN, A)
04-22 03:19:24.946   459 27160 I resolv  : resolv_cache_lookup: FOUND IN CACHE entry=0xb400007d0ced9ad0
04-22 03:19:24.946   459 27160 I resolv  : doQuery: rcode=0, ancount=0, return value=117
04-22 03:19:24.946   459 27161 I resolv  : resolv_cache_lookup: FOUND IN CACHE entry=0xb400007e7ced03f0
04-22 03:19:24.946   459 27161 I resolv  : doQuery: rcode=0, ancount=1, return value=63
04-22 03:19:24.946  1052 27153 D NetworkMonitor/101: PROBE_DNS www.google.com 495ms OK 69.171.235.22,2001::1
04-22 03:19:24.947   459 27162 I resolv  : GetAddrInfoHandler::run: {101 983141 101 983141 1073 1}
04-22 03:19:24.948   459 27163 I resolv  : res_nmkquery: (QUERY, IN, AAAA)
04-22 03:19:24.948   459 27163 I resolv  : resolv_cache_lookup: FOUND IN CACHE entry=0xb400007cdced1150
04-22 03:19:24.948   459 27163 I resolv  : doQuery: rcode=0, ancount=1, return value=60
04-22 03:19:24.948   459 27164 I resolv  : res_nmkquery: (QUERY, IN, A)
04-22 03:19:24.948   459 27164 I resolv  : resolv_cache_lookup: FOUND IN CACHE entry=0xb400007d2ced1320
04-22 03:19:24.948   459 27164 I resolv  : doQuery: rcode=0, ancount=1, return value=48
