--------- beginning of main
04-22 03:21:56.284 27090 27111 I assembly.assembly.android.mixc-retail-rn84: [assembly.topology] Native topology host already matches desired lifecycle state {"displayCount":1,"displayIndex":0,"deviceId":"ZJ63NQELD9","instanceMode":"MASTER","enableSlave":false,"running":false,"reason":"not-master-or-single-primary-host"}
04-22 03:21:56.285 27090 27111 I assembly.assembly.android.mixc-retail-rn84: [assembly.topology] Native topology host already matches desired lifecycle state {"displayCount":1,"displayIndex":0,"deviceId":"ZJ63NQELD9","instanceMode":"MASTER","enableSlave":false,"running":false,"reason":"not-master-or-single-primary-host"}
04-22 03:21:56.285 27090 27111 I assembly.assembly.android.mixc-retail-rn84: [assembly.topology] Native topology host already matches desired lifecycle state {"displayCount":1,"displayIndex":0,"deviceId":"ZJ63NQELD9","instanceMode":"MASTER","enableSlave":false,"running":false,"reason":"not-master-or-single-primary-host"}
04-22 03:21:56.285 27090 27111 I assembly.assembly.android.mixc-retail-rn84: [assembly.topology] Native topology host already matches desired lifecycle state {"displayCount":1,"displayIndex":0,"deviceId":"ZJ63NQELD9","instanceMode":"MASTER","enableSlave":false,"running":false,"reason":"not-master-or-single-primary-host"}
04-22 03:21:56.288 27090 27111 I ConnectorManager: call start taskId=f4f3f825bb9043be8ade6c45bfe9b3a8 channel=INTENT/camera action=com.impos2.posadapter.action.CAMERA_SCAN timeout=60000
04-22 03:21:56.289   683   776 V GrammaticalInflectionUtils: AttributionSource: AttributionSource { uid = 10214, packageName = null, attributionTag = null, token = android.os.Binder@d3d534, deviceId = 0, next = null } does not have READ_SYSTEM_GRAMMATICAL_GENDER permission.
--------- beginning of system
04-22 03:21:56.289   683   776 W OptProp : Cannot read opt property android.window.PROPERTY_COMPAT_ALLOW_USER_ASPECT_RATIO_OVERRIDE
04-22 03:21:56.289   683   776 W OptProp : Cannot read opt property android.window.PROPERTY_COMPAT_ALLOW_USER_ASPECT_RATIO_FULLSCREEN_OVERRIDE
04-22 03:21:56.289   683   776 W OptProp : Cannot read opt property android.window.PROPERTY_COMPAT_ALLOW_RESIZEABLE_ACTIVITY_OVERRIDES
04-22 03:21:56.289   683   776 W OptProp : Cannot read opt property android.window.PROPERTY_COMPAT_ALLOW_MIN_ASPECT_RATIO_OVERRIDE
04-22 03:21:56.290   683   776 W OptProp : Cannot read opt property android.window.PROPERTY_COMPAT_ALLOW_ORIENTATION_OVERRIDE
04-22 03:21:56.291   683   776 I ActivityTaskManager: Ignoring manifest-declared fixed orientation SCREEN_ORIENTATION_PORTRAIT of ActivityRecord{237922367 u0 com.impos2.mixcretailassemblyrn84/com.impos2.adapterv2.camera.CameraScanActivity t40} since target sdk 36
04-22 03:21:56.291   683   776 I ActivityTaskManager: START u0 {act=com.impos2.posadapter.action.CAMERA_SCAN flg=0x24000000 xflg=0x4 cmp=com.impos2.mixcretailassemblyrn84/com.impos2.adapterv2.camera.CameraScanActivity (has extras)} with LAUNCH_MULTIPLE from uid 10214 (sr=262856950) (BAL_ALLOW_VISIBLE_WINDOW) result code=0
04-22 03:21:56.291 27090 27111 I CameraScannerManager: startScan success: requestId=9f705c67-8f86-41a3-b115-63525aa487ea, scanMode=QR_CODE_MODE, imageUri=true, waitResult=true
04-22 03:21:56.292   957  1041 V WindowManagerShell: Transition requested (#158): android.os.BinderProxy@708de TransitionRequestInfo { type = OPEN, triggerTask = TaskInfo{userId=0 taskId=40 effectiveUid=10214 displayId=0 isRunning=true baseIntent=Intent { flg=0x10000000 cmp=com.impos2.mixcretailassemblyrn84/.MainActivity } baseActivity=ComponentInfo{com.impos2.mixcretailassemblyrn84/com.impos2.mixcretailassemblyrn84.MainActivity} topActivity=ComponentInfo{com.impos2.mixcretailassemblyrn84/com.impos2.adapterv2.camera.CameraScanActivity} origActivity=null realActivity=ComponentInfo{com.impos2.mixcretailassemblyrn84/com.impos2.mixcretailassemblyrn84.MainActivity} numActivities=2 lastActiveTime=24773835 supportsMultiWindow=true resizeMode=1 isResizeable=true minWidth=-1 minHeight=-1 defaultMinSize=220 token=WCT{android.window.IWindowContainerToken$Stub$Proxy@1669abf} topActivityType=1 pictureInPictureParams=null shouldDockBigOverlays=false launchIntoPipHostTaskId=-1 lastParentTaskIdBeforePip=-1 displayCutoutSafeInsets=Rect(0, 0 - 0, 0) topActivityInfo=ActivityInfo{a90458c com.impos2.adapterv2.camera.CameraScanActivity} launchCookies=[] positionInParent=Point(0, 0) parentTaskId=-1 isFocused=true isVisible=true isVisibleRequested=true isTopActivityNoDisplay=false isSleeping=false locusId=null displayAreaFeatureId=1 isTopActivityTransparent=false isActivityStackTransparent=false lastNonFullscreenBounds=Rect(892, 102 - 1668, 1482) capturedLink=null capturedLinkTimestamp=0 requestedVisibleTypes=-9 topActivityRequestOpenInBrowserEducationTimestamp=0 appCompatTaskInfo=AppCompatTaskInfo { topActivityInSizeCompat=false eligibleForLetterboxEducation= false isLetterboxEducationEnabled= true isLetterboxDoubleTapEnabled= false eligibleForUserAspectRatioButton= true topActivityBoundsLetterboxed= false isFromLetterboxDoubleTap= false topActivityLetterboxVerticalPosition= -1 topActivityLetterboxHorizontalPosition= -1 topActivityLetterboxWidth=-1 topActivityLetterboxHeight=-1 topActivityAppBounds=Rect(0, 0 - 2560, 1600) isUserFullscreenOverrideEnabled=false isSystemFullscreenOverrideEnabled=false hasMinAspectRatioOverride=false topActivityLetterboxBounds=null cameraCompatTaskInfo=CameraCompatTaskInfo { freeformCameraCompatMode=inactive}} topActivityMainWindowFrame=null}, pipChange = null, remoteTransition = null, displayChange = null, flags = 0, debugId = 158 }
04-22 03:21:56.292   957  1041 D ShellSplitScreen: logExit: no-op, mLoggerSessionId is null
04-22 03:21:56.292 27090 27090 W unknown:BridgelessReact: ReactHost{0}.onUserLeaveHint(activity)
04-22 03:21:56.292 27090 27090 W unknown:BridgelessReact: ReactHost{0}.onHostPause(activity)
04-22 03:21:56.292 27090 27090 W unknown:BridgelessReact: ReactHost{0}.ReactContext.onHostPause()
04-22 03:21:56.293   683  1821 W OptProp : Cannot read opt property android.window.PROPERTY_COMPAT_ALLOW_DISPLAY_ORIENTATION_OVERRIDE
04-22 03:21:56.293   683   912 D BackgroundInstallControlService: Package event received: 0
04-22 03:21:56.293   683  1821 W OptProp : Cannot read opt property android.window.PROPERTY_COMPAT_ENABLE_FAKE_FOCUS
04-22 03:21:56.295   683   912 D BackgroundInstallControlService: Package event received: 0
04-22 03:21:56.295   683   734 W IPCThreadState: Sending oneway calls to frozen process.
04-22 03:21:56.295   683   734 W IPCThreadState: Sending oneway calls to frozen process.
04-22 03:21:56.295   683   734 W IPCThreadState: Sending oneway calls to frozen process.
04-22 03:21:56.295   683   734 W IPCThreadState: Sending oneway calls to frozen process.
04-22 03:21:56.295   683   734 W IPCThreadState: Sending oneway calls to frozen process.
04-22 03:21:56.295   683   734 W IPCThreadState: Sending oneway calls to frozen process.
04-22 03:21:56.295   683   734 W IPCThreadState: Sending oneway calls to frozen process.
04-22 03:21:56.295   683   734 W IPCThreadState: Sending oneway calls to frozen process.
04-22 03:21:56.295   683   734 W IPCThreadState: Sending oneway calls to frozen process.
04-22 03:21:56.295   683   734 W IPCThreadState: Sending oneway calls to frozen process.
04-22 03:21:56.295   683   734 W IPCThreadState: Sending oneway calls to frozen process.
04-22 03:21:56.295   683   734 W IPCThreadState: Sending oneway calls to frozen process.
04-22 03:21:56.295   683   734 W IPCThreadState: Sending oneway calls to frozen process.
04-22 03:21:56.295   683   734 W IPCThreadState: Sending oneway calls to frozen process.
04-22 03:21:56.295   683   734 W IPCThreadState: Sending oneway calls to frozen process.
04-22 03:21:56.295   683   734 W IPCThreadState: Sending oneway calls to frozen process.
04-22 03:21:56.295   683   734 W IPCThreadState: Sending oneway calls to frozen process.
04-22 03:21:56.295   683   734 W IPCThreadState: Sending oneway calls to frozen process.
04-22 03:21:56.295   683   734 W IPCThreadState: Sending oneway calls to frozen process.
04-22 03:21:56.295   683   734 W IPCThreadState: Sending oneway calls to frozen process.
04-22 03:21:56.295   683   734 W IPCThreadState: Sending oneway calls to frozen process.
04-22 03:21:56.295   683   734 W IPCThreadState: Sending oneway calls to frozen process.
04-22 03:21:56.295   683   734 W IPCThreadState: Sending oneway calls to frozen process.
04-22 03:21:56.295   683   734 W IPCThreadState: Sending oneway calls to frozen process.
04-22 03:21:56.295   683   734 W IPCThreadState: Sending oneway calls to frozen process.
04-22 03:21:56.295   683   734 W IPCThreadState: Sending oneway calls to frozen process.
04-22 03:21:56.295   683   734 W IPCThreadState: Sending oneway calls to frozen process.
04-22 03:21:56.295   683   734 W IPCThreadState: Sending oneway calls to frozen process.
04-22 03:21:56.295   683   734 W IPCThreadState: Sending oneway calls to frozen process.
04-22 03:21:56.295   683   734 W IPCThreadState: Sending oneway calls to frozen process.
04-22 03:21:56.295   683   734 W IPCThreadState: Sending oneway calls to frozen process.
04-22 03:21:56.295   683   734 W IPCThreadState: Sending oneway calls to frozen process.
04-22 03:21:56.295   683   734 W IPCThreadState: Sending oneway calls to frozen process.
04-22 03:21:56.295   683   734 W IPCThreadState: Sending oneway calls to frozen process.
04-22 03:21:56.295   683   734 W IPCThreadState: Sending oneway calls to frozen process.
04-22 03:21:56.295   683   734 W IPCThreadState: Sending oneway calls to frozen process.
04-22 03:21:56.295   683   734 W IPCThreadState: Sending oneway calls to frozen process.
04-22 03:21:56.295   683   734 W IPCThreadState: Sending oneway calls to frozen process.
04-22 03:21:56.295   683   734 W IPCThreadState: Sending oneway calls to frozen process.
04-22 03:21:56.295   683   734 W IPCThreadState: Sending oneway calls to frozen process.
04-22 03:21:56.295   683   734 W IPCThreadState: Sending oneway calls to frozen process.
04-22 03:21:56.295   683   734 W IPCThreadState: Sending oneway calls to frozen process.
04-22 03:21:56.295   683   734 W IPCThreadState: Sending oneway calls to frozen process.
04-22 03:21:56.295   683   734 W IPCThreadState: Sending oneway calls to frozen process.
04-22 03:21:56.295   683   734 W IPCThreadState: Sending oneway calls to frozen process.
04-22 03:21:56.296   683   912 D BackgroundInstallControlService: Package event received: 0
04-22 03:21:56.299 27090 27090 I CameraScanActivity: scan from imageUri started: file:///sdcard/Android/media/com.impos2.mixcretailassemblyrn84/rn84-e2e/topology-share-bridge-qr.png
04-22 03:21:56.299 27090 27090 I CameraScanActivity: analyzePickedImage start: file:///sdcard/Android/media/com.impos2.mixcretailassemblyrn84/rn84-e2e/topology-share-bridge-qr.png
04-22 03:21:56.300 27090 27090 D AutofillManager: Fill dialog is enabled:false, hints=[]
04-22 03:21:56.301 27090 27090 D InsetsController: Setting requestedVisibleTypes to -16 (was -9)
04-22 03:21:56.301   683  1821 W WindowManager: Failed looking up window session=Session{7edbd06 27090:u0a10214} callers=com.android.server.wm.WindowManagerService.windowForClientLocked:6410 com.android.server.wm.Session.updateRequestedVisibleTypes:700 android.view.IWindowSession$Stub.onTransact:1023 
04-22 03:21:56.304   683   776 D CompatChangeReporter: Compat change id reported: 310703690; UID 10214; state: ENABLED
04-22 03:21:56.304  1626  1864 V MediaProvider: calling app has PERMISSION_READ_IMAGES? false
04-22 03:21:56.307   515   515 I BpBinder: onLastStrongRef automatically unlinking death recipients: 
04-22 03:21:56.307   683   776 D CoreBackPreview: Window{ab495b u0 com.impos2.mixcretailassemblyrn84/com.impos2.adapterv2.camera.CameraScanActivity}: Setting back callback OnBackInvokedCallbackInfo{mCallback=android.window.IOnBackInvokedCallback$Stub$Proxy@5d3ead1, mPriority=-1, mIsAnimationCallback=false, mOverrideBehavior=0}
04-22 03:21:56.311  1626  1864 E MediaProvider: Permission to access file: /storage/emulated/0/Android/media/com.impos2.mixcretailassemblyrn84/rn84-e2e/topology-share-bridge-qr.png is denied
04-22 03:21:56.312 27090 27296 W CameraScanActivity: analyzePickedImage read failed: /sdcard/Android/media/com.impos2.mixcretailassemblyrn84/rn84-e2e/topology-share-bridge-qr.png: open failed: EACCES (Permission denied)
04-22 03:21:56.312 27090 27296 W CameraScanActivity: java.io.FileNotFoundException: /sdcard/Android/media/com.impos2.mixcretailassemblyrn84/rn84-e2e/topology-share-bridge-qr.png: open failed: EACCES (Permission denied)
04-22 03:21:56.312 27090 27296 W CameraScanActivity: 	at libcore.io.IoBridge.open(IoBridge.java:574)
04-22 03:21:56.312 27090 27296 W CameraScanActivity: 	at java.io.FileInputStream.<init>(FileInputStream.java:179)
04-22 03:21:56.312 27090 27296 W CameraScanActivity: 	at java.io.FileInputStream.<init>(FileInputStream.java:133)
04-22 03:21:56.312 27090 27296 W CameraScanActivity: 	at com.impos2.adapterv2.camera.CameraScanActivity.w1(r8-map-id-6c0ed26595cc05a295744261e85373470278706d6cf5531153ae8f18a65dcd58:34)
04-22 03:21:56.312 27090 27296 W CameraScanActivity: 	at com.impos2.adapterv2.camera.CameraScanActivity.a1(r8-map-id-6c0ed26595cc05a295744261e85373470278706d6cf5531153ae8f18a65dcd58:3)
04-22 03:21:56.312 27090 27296 W CameraScanActivity: 	at com.impos2.adapterv2.camera.CameraScanActivity.E0(r8-map-id-6c0ed26595cc05a295744261e85373470278706d6cf5531153ae8f18a65dcd58:1)
04-22 03:21:56.312 27090 27296 W CameraScanActivity: 	at O3.q.run(r8-map-id-6c0ed26595cc05a295744261e85373470278706d6cf5531153ae8f18a65dcd58:5)
04-22 03:21:56.312 27090 27296 W CameraScanActivity: 	at java.util.concurrent.ThreadPoolExecutor.runWorker(ThreadPoolExecutor.java:1156)
04-22 03:21:56.312 27090 27296 W CameraScanActivity: 	at java.util.concurrent.ThreadPoolExecutor$Worker.run(ThreadPoolExecutor.java:651)
04-22 03:21:56.312 27090 27296 W CameraScanActivity: 	at java.lang.Thread.run(Thread.java:1119)
04-22 03:21:56.312 27090 27296 W CameraScanActivity: Caused by: android.system.ErrnoException: open failed: EACCES (Permission denied)
04-22 03:21:56.312 27090 27296 W CameraScanActivity: 	at libcore.io.Linux.open(Native Method)
04-22 03:21:56.312 27090 27296 W CameraScanActivity: 	at libcore.io.ForwardingOs.open(ForwardingOs.java:568)
04-22 03:21:56.312 27090 27296 W CameraScanActivity: 	at libcore.io.BlockGuardOs.open(BlockGuardOs.java:274)
04-22 03:21:56.312 27090 27296 W CameraScanActivity: 	at libcore.io.ForwardingOs.open(ForwardingOs.java:568)
04-22 03:21:56.312 27090 27296 W CameraScanActivity: 	at android.app.ActivityThread$AndroidOs.open(ActivityThread.java:8953)
04-22 03:21:56.312 27090 27296 W CameraScanActivity: 	at libcore.io.IoBridge.open(IoBridge.java:560)
04-22 03:21:56.312 27090 27296 W CameraScanActivity: 	... 9 more
04-22 03:21:56.334 27090 27090 W CameraScanActivity: picked image scan failed: /sdcard/Android/media/com.impos2.mixcretailassemblyrn84/rn84-e2e/topology-share-bridge-qr.png: open failed: EACCES (Permission denied)
04-22 03:21:56.335   957  1624 V WindowManagerShell: onTransitionReady(transaction=2933462669389)
04-22 03:21:56.335   683   731 I ActivityTaskManager: Displayed com.impos2.mixcretailassemblyrn84/com.impos2.adapterv2.camera.CameraScanActivity for user 0: +46ms
04-22 03:21:56.336   957  1041 V WindowManagerShell: onTransitionReady (#158) android.os.BinderProxy@708de: {id=158 t=OPEN f=0x0 trk=0 r=[0@Point(0, 0)] c=[
04-22 03:21:56.336   957  1041 V WindowManagerShell:         {m=OPEN f=FILLS_TASK leash=Surface(name=ActivityRecord{237922367 u0 com.impos2.mixcretailassemblyrn84/com.impos2.adapterv2.camera.CameraScanActivity)/@0xae674d5 sb=Rect(0, 0 - 0, 0) eb=Rect(0, 0 - 2560, 1600) epz=Point(2560, 1600) d=-1->0 r=-1->0:-1 bc=ff303030 component=com.impos2.mixcretailassemblyrn84/com.impos2.adapterv2.camera.CameraScanActivity opt={t=FROM_STYLE mUserId=0}},
04-22 03:21:56.336   957  1041 V WindowManagerShell:         {m=TO_BACK f=FILLS_TASK leash=Surface(name=ActivityRecord{262856950 u0 com.impos2.mixcretailassemblyrn84/.MainActivity)/@0xd76d4ea sb=Rect(0, 0 - 2560, 1600) eb=Rect(0, 0 - 2560, 1600) epz=Point(2560, 1600) d=0 bc=ff303030 component=com.impos2.mixcretailassemblyrn84/.MainActivity opt={t=FROM_STYLE mUserId=0}}
04-22 03:21:56.336   957  1041 V WindowManagerShell:     ]}
04-22 03:21:56.336   957  1041 V WindowManagerShell: Playing animation for (#158) android.os.BinderProxy@708de@0
04-22 03:21:56.336   957  1041 V ShellRecents: RecentsTransitionHandler.startAnimation: no controller found
04-22 03:21:56.336   957  1041 V WindowManagerShell: Transition doesn't have explicit remote, search filters for match for {id=158 t=OPEN f=0x0 trk=0 r=[0@Point(0, 0)] c=[{m=OPEN f=FILLS_TASK leash=Surface(name=ActivityRecord{237922367 u0 com.impos2.mixcretailassemblyrn84/com.impos2.adapterv2.camera.CameraScanActivity)/@0xae674d5 sb=Rect(0, 0 - 0, 0) eb=Rect(0, 0 - 2560, 1600) epz=Point(2560, 1600) d=-1->0 r=-1->0:-1 bc=ff303030 component=com.impos2.mixcretailassemblyrn84/com.impos2.adapterv2.camera.CameraScanActivity opt={t=FROM_STYLE mUserId=0}},{m=TO_BACK f=FILLS_TASK leash=Surface(name=ActivityRecord{262856950 u0 com.impos2.mixcretailassemblyrn84/.MainActivity)/@0xd76d4ea sb=Rect(0, 0 - 2560, 1600) eb=Rect(0, 0 - 2560, 1600) epz=Point(2560, 1600) d=0 bc=ff303030 component=com.impos2.mixcretailassemblyrn84/.MainActivity opt={t=FROM_STYLE mUserId=0}}]}
04-22 03:21:56.336   957  1041 V WindowManagerShell:  Checking filter Pair{{types=[] flags=0x0] notFlags=0x0 checks=[{atype=undefined independent=true modes=[CLOSE,TO_BACK] flags=IN_TASK_WITH_EMBEDDED_ACTIVITY mustBeTask=false order=ANY topActivity=null launchCookie=null taskFragmentToken=android.os.BinderProxy@c0a78a1 windowingMode=undefined}]} RemoteTransition { remoteTransition = android.window.IRemoteTransition$Stub$Proxy@ebc9ac6, appThread = android.app.IApplicationThread$Stub$Proxy@89a6a87, debugName = overlayBackTransition }}
04-22 03:21:56.336   957  1041 V WindowManagerShell:  Checking filter Pair{{types=[] flags=0x0] notFlags=0x0 checks=[{atype=dream independent=true modes=[OPEN,TO_FRONT] flags=NONE mustBeTask=false order=ANY topActivity=null launchCookie=null windowingMode=undefined},{atype=home independent=true modes=[CLOSE,TO_BACK] flags=NONE mustBeTask=false order=ANY topActivity=null launchCookie=null windowingMode=undefined}]} RemoteTransition { remoteTransition = android.window.IRemoteTransition$Stub$Proxy@19eadb4, appThread = android.app.IApplicationThread$Stub$Proxy@6b4fddd, debugName = LauncherToDream }}
04-22 03:21:56.336   957  1041 V WindowManagerShell:  Checking filter Pair{{types=[] flags=0x0] notFlags=0x100 checks=[{atype=home independent=true modes=[OPEN,TO_FRONT] flags=NONE mustBeTask=false order=TOP topActivity=ComponentInfo{com.google.android.apps.nexuslauncher/com.google.android.apps.nexuslauncher.NexusLauncherActivity} launchCookie=null windowingMode=undefined},{atype=standard independent=true modes=[CLOSE,TO_BACK] flags=NONE mustBeTask=false order=ANY topActivity=null launchCookie=null windowingMode=undefined},{NOT atype=undefined independent=true modes=[] flags=NONE mustBeTask=true order=ANY topActivity=null launchCookie=null customAnim=true windowingMode=undefined}]} RemoteTransition { remoteTransition = android.window.IRemoteTransition$Stub$Proxy@6579d52, appThread = android.app.IApplicationThread$Stub$Proxy@4a92823, debugName = QuickstepLaunchHome }}
04-22 03:21:56.336   957  1041 V WindowManagerShell:  Delegate animation for (#158) to null
04-22 03:21:56.336   957  1041 V WindowManagerShell: start default transition animation, info = {id=158 t=OPEN f=0x0 trk=0 r=[0@Point(0, 0)] c=[{m=OPEN f=FILLS_TASK leash=Surface(name=ActivityRecord{237922367 u0 com.impos2.mixcretailassemblyrn84/com.impos2.adapterv2.camera.CameraScanActivity)/@0xae674d5 sb=Rect(0, 0 - 0, 0) eb=Rect(0, 0 - 2560, 1600) epz=Point(2560, 1600) d=-1->0 r=-1->0:-1 bc=ff303030 component=com.impos2.mixcretailassemblyrn84/com.impos2.adapterv2.camera.CameraScanActivity opt={t=FROM_STYLE mUserId=0}},{m=TO_BACK f=FILLS_TASK leash=Surface(name=ActivityRecord{262856950 u0 com.impos2.mixcretailassemblyrn84/.MainActivity)/@0xd76d4ea sb=Rect(0, 0 - 2560, 1600) eb=Rect(0, 0 - 2560, 1600) epz=Point(2560, 1600) d=0 bc=ff303030 component=com.impos2.mixcretailassemblyrn84/.MainActivity opt={t=FROM_STYLE mUserId=0}}]}
04-22 03:21:56.336   957  1041 V WindowManagerShell: loadAnimation: anim=android.view.animation.AnimationSet@40722b7 animAttr=0x5 type=OPEN isEntrance=false
04-22 03:21:56.337   957  1041 V WindowManagerShell: loadAnimation: anim=android.view.animation.AnimationSet@e91742 animAttr=0x4 type=OPEN isEntrance=true
04-22 03:21:56.339   957  1041 V WindowManagerShell:  animated by com.android.wm.shell.transition.DefaultTransitionHandler@419789b
04-22 03:21:56.342   683   731 V WindowManager: Sent Transition (#158) createdAt=04-22 03:21:56.289 via request=TransitionRequestInfo { type = OPEN, triggerTask = TaskInfo{userId=0 taskId=40 effectiveUid=10214 displayId=0 isRunning=true baseIntent=Intent { flg=0x10000000 cmp=com.impos2.mixcretailassemblyrn84/.MainActivity } baseActivity=ComponentInfo{com.impos2.mixcretailassemblyrn84/com.impos2.mixcretailassemblyrn84.MainActivity} topActivity=ComponentInfo{com.impos2.mixcretailassemblyrn84/com.impos2.adapterv2.camera.CameraScanActivity} origActivity=null realActivity=ComponentInfo{com.impos2.mixcretailassemblyrn84/com.impos2.mixcretailassemblyrn84.MainActivity} numActivities=2 lastActiveTime=24773835 supportsMultiWindow=true resizeMode=1 isResizeable=true minWidth=-1 minHeight=-1 defaultMinSize=220 token=WCT{RemoteToken{4637739 Task{90ecf7 #40 type=standard A=10214:com.impos2.mixcretailassemblyrn84}}} topActivityType=1 pictureInPictureParams=null shouldDockBigOverlays=false launchIntoPipHostTaskId=-1 lastParentTaskIdBeforePip=-1 displayCutoutSafeInsets=Rect(0, 0 - 0, 0) topActivityInfo=ActivityInfo{4f9d90e com.impos2.adapterv2.camera.CameraScanActivity} launchCookies=[] positionInParent=Point(0, 0) parentTaskId=-1 isFocused=true isVisible=true isVisibleRequested=true isTopActivityNoDisplay=false isSleeping=false locusId=null displayAreaFeatureId=1 isTopActivityTransparent=false isActivityStackTransparent=false lastNonFullscreenBounds=Rect(892, 102 - 1668, 1482) capturedLink=null capturedLinkTimestamp=0 requestedVisibleTypes=-9 topActivityRequestOpenInBrowserEducationTimestamp=0 appCompatTaskInfo=AppCompatTaskInfo { topActivityInSizeCompat=false eligibleForLetterboxEducation= false isLetterboxEducationEnabled= true isLetterboxDoubleTapEnabled= false eligibleForUserAspectRatioButton= true topActivityBoundsLetterboxed= false isFromLetterboxDoubleTap= false topActivityLetterboxVerticalPosition= -1 topActivityLetterboxHorizontalPosition= -1 topActivityLetterboxWidth=-1 topActivityLetterboxHeight=-1 topActivityAppBounds=Rect(0, 0 - 2560, 1600) isUserFullscreenOverrideEnabled=false isSystemFullscreenOverrideEnabled=false hasMinAspectRatioOverride=false topActivityLetterboxBounds=null cameraCompatTaskInfo=CameraCompatTaskInfo { freeformCameraCompatMode=inactive}} topActivityMainWindowFrame=null}, pipChange = null, remoteTransition = null, displayChange = null, flags = 0, debugId = 158 }
04-22 03:21:56.342   683   731 V WindowManager:     startWCT=WindowContainerTransaction { changes= {} hops= [] errorCallbackToken=null taskFragmentOrganizer=null }
04-22 03:21:56.342   683   731 V WindowManager:     info={id=158 t=OPEN f=0x0 trk=0 r=[0@Point(0, 0)] c=[
04-22 03:21:56.342   683   731 V WindowManager:         {m=OPEN f=FILLS_TASK leash=Surface(name=ActivityRecord{237922367 u0 com.impos2.mixcretailassemblyrn84/com.impos2.adapterv2.camera.CameraScanActivity)/@0xa788d3 sb=Rect(0, 0 - 0, 0) eb=Rect(0, 0 - 2560, 1600) epz=Point(2560, 1600) d=-1->0 r=-1->0:-1 bc=ff303030 component=com.impos2.mixcretailassemblyrn84/com.impos2.adapterv2.camera.CameraScanActivity opt={t=FROM_STYLE mUserId=0}},
04-22 03:21:56.342   683   731 V WindowManager:         {m=TO_BACK f=FILLS_TASK leash=Surface(name=ActivityRecord{262856950 u0 com.impos2.mixcretailassemblyrn84/.MainActivity)/@0x3a552c2 sb=Rect(0, 0 - 2560, 1600) eb=Rect(0, 0 - 2560, 1600) epz=Point(2560, 1600) d=0 bc=ff303030 component=com.impos2.mixcretailassemblyrn84/.MainActivity opt={t=FROM_STYLE mUserId=0}}
04-22 03:21:56.342   683   731 V WindowManager:     ]}
04-22 03:21:56.345   957  1041 V WindowManagerShell: Transition requested (#159): android.os.BinderProxy@4201189 TransitionRequestInfo { type = CLOSE, triggerTask = null, pipChange = null, remoteTransition = null, displayChange = null, flags = 0, debugId = 159 }
04-22 03:21:56.346 27090 27090 I ConnectorManager: call end taskId=f4f3f825bb9043be8ade6c45bfe9b3a8 success=false code=9999 duration=59
04-22 03:21:56.348   683   912 D BackgroundInstallControlService: Package event received: 0
04-22 03:21:56.350   683   912 D BackgroundInstallControlService: Package event received: 0
04-22 03:21:56.350   683   731 V WindowManager: Sent Transition (#159) createdAt=04-22 03:21:56.345 via request=TransitionRequestInfo { type = CLOSE, triggerTask = null, pipChange = null, remoteTransition = null, displayChange = null, flags = 0, debugId = 159 }
04-22 03:21:56.350   683   731 V WindowManager:     startWCT=WindowContainerTransaction { changes= {} hops= [] errorCallbackToken=null taskFragmentOrganizer=null }
04-22 03:21:56.350   683   731 V WindowManager:     info={id=159 t=CLOSE f=0x0 trk=0 r=[0@Point(0, 0)] c=[
04-22 03:21:56.350   683   731 V WindowManager:         {m=CLOSE f=FILLS_TASK|IS_OCCLUDED leash=Surface(name=ActivityRecord{237922367 u0 com.impos2.mixcretailassemblyrn84/com.impos2.adapterv2.camera.CameraScanActivity)/@0xa788d3 sb=Rect(0, 0 - 2560, 1600) eb=Rect(0, 0 - 2560, 1600) epz=Point(2560, 1600) d=0 bc=ff303030 component=com.impos2.mixcretailassemblyrn84/com.impos2.adapterv2.camera.CameraScanActivity opt={t=FROM_STYLE mUserId=0}},
04-22 03:21:56.350   683   731 V WindowManager:         {m=TO_FRONT f=FILLS_TASK leash=Surface(name=ActivityRecord{262856950 u0 com.impos2.mixcretailassemblyrn84/.MainActivity)/@0x3a552c2 sb=Rect(0, 0 - 2560, 1600) eb=Rect(0, 0 - 2560, 1600) epz=Point(2560, 1600) d=0 bc=ff303030 component=com.impos2.mixcretailassemblyrn84/.MainActivity opt={t=FROM_STYLE mUserId=0}}
04-22 03:21:56.350   683   731 V WindowManager:     ]}
04-22 03:21:56.351 27090 27111 I assembly.assembly.android.mixc-retail-rn84: [assembly.topology] Native topology host already matches desired lifecycle state {"displayCount":1,"displayIndex":0,"deviceId":"ZJ63NQELD9","instanceMode":"MASTER","enableSlave":false,"running":false,"reason":"not-master-or-single-primary-host"}
04-22 03:21:56.351 27090 27111 I assembly.assembly.android.mixc-retail-rn84: [assembly.topology] Native topology host already matches desired lifecycle state {"displayCount":1,"displayIndex":0,"deviceId":"ZJ63NQELD9","instanceMode":"MASTER","enableSlave":false,"running":false,"reason":"not-master-or-single-primary-host"}
04-22 03:21:56.351 27090 27090 W unknown:BridgelessReact: ReactHost{0}.onHostResume(activity)
04-22 03:21:56.352 27090 27090 W unknown:BridgelessReact: ReactHost{0}.ReactContext.onHostResume()
04-22 03:21:56.352 27090 27111 I assembly.assembly.android.mixc-retail-rn84: [assembly.topology] Native topology host already matches desired lifecycle state {"displayCount":1,"displayIndex":0,"deviceId":"ZJ63NQELD9","instanceMode":"MASTER","enableSlave":false,"running":false,"reason":"not-master-or-single-primary-host"}
04-22 03:21:56.352 27090 27111 I assembly.assembly.android.mixc-retail-rn84: [assembly.topology] Native topology host already matches desired lifecycle state {"displayCount":1,"displayIndex":0,"deviceId":"ZJ63NQELD9","instanceMode":"MASTER","enableSlave":false,"running":false,"reason":"not-master-or-single-primary-host"}
04-22 03:21:56.352   957  1408 V WindowManagerShell: onTransitionReady(transaction=2933462669395)
04-22 03:21:56.352   957  1041 V WindowManagerShell: onTransitionReady (#159) android.os.BinderProxy@4201189: {id=159 t=CLOSE f=0x0 trk=0 r=[0@Point(0, 0)] c=[
04-22 03:21:56.352   957  1041 V WindowManagerShell:         {m=CLOSE f=FILLS_TASK|IS_OCCLUDED leash=Surface(name=ActivityRecord{237922367 u0 com.impos2.mixcretailassemblyrn84/com.impos2.adapterv2.camera.CameraScanActivity)/@0xff5658e sb=Rect(0, 0 - 2560, 1600) eb=Rect(0, 0 - 2560, 1600) epz=Point(2560, 1600) d=0 bc=ff303030 component=com.impos2.mixcretailassemblyrn84/com.impos2.adapterv2.camera.CameraScanActivity opt={t=FROM_STYLE mUserId=0}},
04-22 03:21:56.352   957  1041 V WindowManagerShell:         {m=TO_FRONT f=FILLS_TASK leash=Surface(name=ActivityRecord{262856950 u0 com.impos2.mixcretailassemblyrn84/.MainActivity)/@0xa41b1af sb=Rect(0, 0 - 2560, 1600) eb=Rect(0, 0 - 2560, 1600) epz=Point(2560, 1600) d=0 bc=ff303030 component=com.impos2.mixcretailassemblyrn84/.MainActivity opt={t=FROM_STYLE mUserId=0}}
04-22 03:21:56.352   957  1041 V WindowManagerShell:     ]}
04-22 03:21:56.352   957  1041 V WindowManagerShell: Transition (#159) android.os.BinderProxy@4201189@0 ready while (#158) android.os.BinderProxy@708de@0 is still animating. Notify the animating transition in case they can be merged
04-22 03:21:56.352   683   912 D BackgroundInstallControlService: Package event received: 0
04-22 03:21:56.352   957  1041 V WindowManagerShell: Transition animation finished (aborted=false), notifying core (#158) android.os.BinderProxy@708de@0
04-22 03:21:56.353 27090 27111 I assembly.assembly.android.mixc-retail-rn84: [assembly.topology] Native topology host already matches desired lifecycle state {"displayCount":1,"displayIndex":0,"deviceId":"ZJ63NQELD9","instanceMode":"MASTER","enableSlave":false,"running":false,"reason":"not-master-or-single-primary-host"}
04-22 03:21:56.353   683   731 V WindowManager: Finish Transition (#158): created at 04-22 03:21:56.289 collect-started=0.008ms request-sent=2.14ms started=3.264ms ready=4.484ms sent=46.224ms commit=5.426ms finished=64.161ms
04-22 03:21:56.354   957  1041 V WindowManagerShell: Playing animation for (#159) android.os.BinderProxy@4201189@0
04-22 03:21:56.354   957  1041 V ShellRecents: RecentsTransitionHandler.startAnimation: no controller found
04-22 03:21:56.355   957  1041 V WindowManagerShell: Transition doesn't have explicit remote, search filters for match for {id=159 t=CLOSE f=0x0 trk=0 r=[0@Point(0, 0)] c=[{m=CLOSE f=FILLS_TASK|IS_OCCLUDED leash=Surface(name=ActivityRecord{237922367 u0 com.impos2.mixcretailassemblyrn84/com.impos2.adapterv2.camera.CameraScanActivity)/@0xff5658e sb=Rect(0, 0 - 2560, 1600) eb=Rect(0, 0 - 2560, 1600) epz=Point(2560, 1600) d=0 bc=ff303030 component=com.impos2.mixcretailassemblyrn84/com.impos2.adapterv2.camera.CameraScanActivity opt={t=FROM_STYLE mUserId=0}},{m=TO_FRONT f=FILLS_TASK leash=Surface(name=ActivityRecord{262856950 u0 com.impos2.mixcretailassemblyrn84/.MainActivity)/@0xa41b1af sb=Rect(0, 0 - 2560, 1600) eb=Rect(0, 0 - 2560, 1600) epz=Point(2560, 1600) d=0 bc=ff303030 component=com.impos2.mixcretailassemblyrn84/.MainActivity opt={t=FROM_STYLE mUserId=0}}]}
04-22 03:21:56.355   957  1041 V WindowManagerShell:  Checking filter Pair{{types=[] flags=0x0] notFlags=0x0 checks=[{atype=undefined independent=true modes=[CLOSE,TO_BACK] flags=IN_TASK_WITH_EMBEDDED_ACTIVITY mustBeTask=false order=ANY topActivity=null launchCookie=null taskFragmentToken=android.os.BinderProxy@c0a78a1 windowingMode=undefined}]} RemoteTransition { remoteTransition = android.window.IRemoteTransition$Stub$Proxy@ebc9ac6, appThread = android.app.IApplicationThread$Stub$Proxy@89a6a87, debugName = overlayBackTransition }}
04-22 03:21:56.355   957  1041 V WindowManagerShell:  Checking filter Pair{{types=[] flags=0x0] notFlags=0x0 checks=[{atype=dream independent=true modes=[OPEN,TO_FRONT] flags=NONE mustBeTask=false order=ANY topActivity=null launchCookie=null windowingMode=undefined},{atype=home independent=true modes=[CLOSE,TO_BACK] flags=NONE mustBeTask=false order=ANY topActivity=null launchCookie=null windowingMode=undefined}]} RemoteTransition { remoteTransition = android.window.IRemoteTransition$Stub$Proxy@19eadb4, appThread = android.app.IApplicationThread$Stub$Proxy@6b4fddd, debugName = LauncherToDream }}
04-22 03:21:56.355   957  1041 V WindowManagerShell:  Checking filter Pair{{types=[] flags=0x0] notFlags=0x100 checks=[{atype=home independent=true modes=[OPEN,TO_FRONT] flags=NONE mustBeTask=false order=TOP topActivity=ComponentInfo{com.google.android.apps.nexuslauncher/com.google.android.apps.nexuslauncher.NexusLauncherActivity} launchCookie=null windowingMode=undefined},{atype=standard independent=true modes=[CLOSE,TO_BACK] flags=NONE mustBeTask=false order=ANY topActivity=null launchCookie=null windowingMode=undefined},{NOT atype=undefined independent=true modes=[] flags=NONE mustBeTask=true order=ANY topActivity=null launchCookie=null customAnim=true windowingMode=undefined}]} RemoteTransition { remoteTransition = android.window.IRemoteTransition$Stub$Proxy@6579d52, appThread = android.app.IApplicationThread$Stub$Proxy@4a92823, debugName = QuickstepLaunchHome }}
04-22 03:21:56.355   957  1041 V WindowManagerShell:  Delegate animation for (#159) to null
04-22 03:21:56.355   957  1041 V WindowManagerShell: start default transition animation, info = {id=159 t=CLOSE f=0x0 trk=0 r=[0@Point(0, 0)] c=[{m=CLOSE f=FILLS_TASK|IS_OCCLUDED leash=Surface(name=ActivityRecord{237922367 u0 com.impos2.mixcretailassemblyrn84/com.impos2.adapterv2.camera.CameraScanActivity)/@0xff5658e sb=Rect(0, 0 - 2560, 1600) eb=Rect(0, 0 - 2560, 1600) epz=Point(2560, 1600) d=0 bc=ff303030 component=com.impos2.mixcretailassemblyrn84/com.impos2.adapterv2.camera.CameraScanActivity opt={t=FROM_STYLE mUserId=0}},{m=TO_FRONT f=FILLS_TASK leash=Surface(name=ActivityRecord{262856950 u0 com.impos2.mixcretailassemblyrn84/.MainActivity)/@0xa41b1af sb=Rect(0, 0 - 2560, 1600) eb=Rect(0, 0 - 2560, 1600) epz=Point(2560, 1600) d=0 bc=ff303030 component=com.impos2.mixcretailassemblyrn84/.MainActivity opt={t=FROM_STYLE mUserId=0}}]}
04-22 03:21:56.355   957  1041 V WindowManagerShell: loadAnimation: anim=android.view.animation.AnimationSet@8664c9a animAttr=0x6 type=CLOSE isEntrance=true
04-22 03:21:56.356   957  1041 V WindowManagerShell: loadAnimation: anim=android.view.animation.AnimationSet@ecb68c1 animAttr=0x7 type=CLOSE isEntrance=false
04-22 03:21:56.356   957  1041 V WindowManagerShell:  animated by com.android.wm.shell.transition.DefaultTransitionHandler@419789b
04-22 03:21:56.377   683   829 I ImeTracker: com.impos2.mixcretailassemblyrn84:7b461337: onRequestHide at ORIGIN_SERVER reason HIDE_UNSPECIFIED_WINDOW fromUser false
04-22 03:21:56.377 27090 27090 D InsetsController: hide(ime(), fromIme=false)
04-22 03:21:56.377 27090 27090 I ImeTracker: com.impos2.mixcretailassemblyrn84:7b461337: onCancelled at PHASE_CLIENT_ALREADY_HIDDEN
04-22 03:21:56.378   683   829 I ImeTracker: com.impos2.mixcretailassemblyrn84:88a45259: onRequestHide at ORIGIN_SERVER reason HIDE_UNSPECIFIED_WINDOW fromUser false
04-22 03:21:56.378 27090 27090 D InsetsController: hide(ime(), fromIme=false)
04-22 03:21:56.378 27090 27090 I ImeTracker: com.impos2.mixcretailassemblyrn84:88a45259: onCancelled at PHASE_CLIENT_ALREADY_HIDDEN
04-22 03:21:56.378  1576  1576 I GoogleInputMethodService: GoogleInputMethodService.onFinishInput():2043 
04-22 03:21:56.379  1576  1576 I Module  : DeviceLockedStatusModuleProvider$Module.updateDeviceLockedStatus():100 repeatCheckTimes = 0, locked = false
04-22 03:21:56.380  1576  1576 I GoogleInputMethodService: GoogleInputMethodService.onStartInput():1293 onStartInput(EditorInfo{EditorInfo{packageName=com.impos2.mixcretailassemblyrn84, inputType=0, inputTypeString=NULL, enableLearning=false, autoCorrection=false, autoComplete=false, imeOptions=0, privateImeOptions=null, actionName=UNSPECIFIED, actionLabel=null, initialSelStart=-1, initialSelEnd=-1, initialCapsMode=0, label=null, fieldId=0, fieldName=null, extras=null, hintText=null, hintLocales=[]}}, false)
04-22 03:21:56.381   683 19931 I ImeTracker: system_server:a10cf14b: onRequestHide at ORIGIN_SERVER reason IME_REQUESTED_CHANGED_LISTENER fromUser false
04-22 03:21:56.381   683   734 I ImeTracker: system_server:a10cf14b: onCancelled at PHASE_SERVER_SHOULD_HIDE
04-22 03:21:56.382  1576  1576 I Module  : DeviceLockedStatusModuleProvider$Module.updateDeviceLockedStatus():100 repeatCheckTimes = 1, locked = false
04-22 03:21:56.383  1576  1576 I EmojiCompatManager: EmojiCompatManager.getEmojiCompatIfLoaded():343 EmojiCompat.init() was never called.
04-22 03:21:56.383  1576  1576 I EmojiCompatManager: java.lang.IllegalStateException: EmojiCompat is not initialized. Please call EmojiCompat.init() first
04-22 03:21:56.383  1576  1576 I EmojiCompatManager: 	at asx.p(PG:6)
04-22 03:21:56.383  1576  1576 I EmojiCompatManager: 	at axb.b(PG:13)
04-22 03:21:56.383  1576  1576 I EmojiCompatManager: 	at jnr.b(PG:2)
04-22 03:21:56.383  1576  1576 I EmojiCompatManager: 	at jnr.c(PG:4)
04-22 03:21:56.383  1576  1576 I EmojiCompatManager: 	at jnr.f(PG:3)
04-22 03:21:56.383  1576  1576 I EmojiCompatManager: 	at jnx.c(PG:3)
04-22 03:21:56.383  1576  1576 I EmojiCompatManager: 	at kif.cz(PG:47)
04-22 03:21:56.383  1576  1576 I EmojiCompatManager: 	at lhl.run(PG:1025)
04-22 03:21:56.383  1576  1576 I EmojiCompatManager: 	at jaf.execute(PG:12)
04-22 03:21:56.383  1576  1576 I EmojiCompatManager: 	at nco.v(PG:13)
04-22 03:21:56.383  1576  1576 I EmojiCompatManager: 	at lhn.m(PG:96)
04-22 03:21:56.383  1576  1576 I EmojiCompatManager: 	at lhn.k(PG:25)
04-22 03:21:56.383  1576  1576 I EmojiCompatManager: 	at kgn.onStartInput(PG:250)
04-22 03:21:56.383  1576  1576 I EmojiCompatManager: 	at android.inputmethodservice.InputMethodService.doStartInput(InputMethodService.java:3521)
04-22 03:21:56.383  1576  1576 I EmojiCompatManager: 	at android.inputmethodservice.InputMethodService$InputMethodImpl.startInput(InputMethodService.java:879)
04-22 03:21:56.383  1576  1576 I EmojiCompatManager: 	at android.inputmethodservice.InputMethodService$InputMethodImpl.dispatchStartInput(InputMethodService.java:908)
04-22 03:21:56.383  1576  1576 I EmojiCompatManager: 	at android.inputmethodservice.IInputMethodWrapper.executeMessage(IInputMethodWrapper.java:201)
04-22 03:21:56.383  1576  1576 I EmojiCompatManager: 	at com.android.internal.os.HandlerCaller$MyHandler.handleMessage(HandlerCaller.java:44)
04-22 03:21:56.383  1576  1576 I EmojiCompatManager: 	at android.os.Handler.dispatchMessage(Handler.java:110)
04-22 03:21:56.383  1576  1576 I EmojiCompatManager: 	at android.os.Looper.loopOnce(Looper.java:248)
04-22 03:21:56.383  1576  1576 I EmojiCompatManager: 	at android.os.Looper.loop(Looper.java:338)
04-22 03:21:56.383  1576  1576 I EmojiCompatManager: 	at android.app.ActivityThread.main(ActivityThread.java:9067)
04-22 03:21:56.383  1576  1576 I EmojiCompatManager: 	at java.lang.reflect.Method.invoke(Native Method)
04-22 03:21:56.383  1576  1576 I EmojiCompatManager: 	at com.android.internal.os.RuntimeInit$MethodAndArgsCaller.run(RuntimeInit.java:593)
04-22 03:21:56.383  1576  1576 I EmojiCompatManager: 	at com.android.internal.os.ZygoteInit.main(ZygoteInit.java:932)
04-22 03:21:56.384   683  1000 W PackageConfigPersister: App-specific configuration not found for packageName: com.impos2.mixcretailassemblyrn84 and userId: 0
04-22 03:21:56.384  1576  1576 I GoogleInputMethodService: GoogleInputMethodService.onFinishInput():2043 
04-22 03:21:56.385  1576  1576 I Module  : DeviceLockedStatusModuleProvider$Module.updateDeviceLockedStatus():100 repeatCheckTimes = 0, locked = false
04-22 03:21:56.385  1576  1576 I GoogleInputMethodService: GoogleInputMethodService.onStartInput():1293 onStartInput(EditorInfo{EditorInfo{packageName=com.impos2.mixcretailassemblyrn84, inputType=0, inputTypeString=NULL, enableLearning=false, autoCorrection=false, autoComplete=false, imeOptions=0, privateImeOptions=null, actionName=UNSPECIFIED, actionLabel=null, initialSelStart=-1, initialSelEnd=-1, initialCapsMode=0, label=null, fieldId=0, fieldName=null, extras=null, hintText=null, hintLocales=[]}}, false)
04-22 03:21:56.385  1576  1576 I Module  : DeviceLockedStatusModuleProvider$Module.updateDeviceLockedStatus():100 repeatCheckTimes = 1, locked = false
04-22 03:21:56.386  1576  1576 I EmojiCompatManager: EmojiCompatManager.getEmojiCompatIfLoaded():343 EmojiCompat.init() was never called.
04-22 03:21:56.386  1576  1576 I EmojiCompatManager: java.lang.IllegalStateException: EmojiCompat is not initialized. Please call EmojiCompat.init() first
04-22 03:21:56.386  1576  1576 I EmojiCompatManager: 	at asx.p(PG:6)
04-22 03:21:56.386  1576  1576 I EmojiCompatManager: 	at axb.b(PG:13)
04-22 03:21:56.386  1576  1576 I EmojiCompatManager: 	at jnr.b(PG:2)
04-22 03:21:56.386  1576  1576 I EmojiCompatManager: 	at jnr.c(PG:4)
04-22 03:21:56.386  1576  1576 I EmojiCompatManager: 	at jnr.f(PG:3)
04-22 03:21:56.386  1576  1576 I EmojiCompatManager: 	at jnx.c(PG:3)
04-22 03:21:56.386  1576  1576 I EmojiCompatManager: 	at kif.cz(PG:47)
04-22 03:21:56.386  1576  1576 I EmojiCompatManager: 	at lhl.run(PG:1025)
04-22 03:21:56.386  1576  1576 I EmojiCompatManager: 	at jaf.execute(PG:12)
04-22 03:21:56.386  1576  1576 I EmojiCompatManager: 	at nco.v(PG:13)
04-22 03:21:56.386  1576  1576 I EmojiCompatManager: 	at lhn.m(PG:96)
04-22 03:21:56.386  1576  1576 I EmojiCompatManager: 	at lhn.k(PG:25)
04-22 03:21:56.386  1576  1576 I EmojiCompatManager: 	at kgn.onStartInput(PG:250)
04-22 03:21:56.386  1576  1576 I EmojiCompatManager: 	at android.inputmethodservice.InputMethodService.doStartInput(InputMethodService.java:3521)
04-22 03:21:56.386  1576  1576 I EmojiCompatManager: 	at android.inputmethodservice.InputMethodService$InputMethodImpl.startInput(InputMethodService.java:879)
04-22 03:21:56.386  1576  1576 I EmojiCompatManager: 	at android.inputmethodservice.InputMethodService$InputMethodImpl.dispatchStartInput(InputMethodService.java:908)
04-22 03:21:56.386  1576  1576 I EmojiCompatManager: 	at android.inputmethodservice.IInputMethodWrapper.executeMessage(IInputMethodWrapper.java:201)
04-22 03:21:56.386  1576  1576 I EmojiCompatManager: 	at com.android.internal.os.HandlerCaller$MyHandler.handleMessage(HandlerCaller.java:44)
04-22 03:21:56.386  1576  1576 I EmojiCompatManager: 	at android.os.Handler.dispatchMessage(Handler.java:110)
04-22 03:21:56.386  1576  1576 I EmojiCompatManager: 	at android.os.Looper.loopOnce(Looper.java:248)
04-22 03:21:56.386  1576  1576 I EmojiCompatManager: 	at android.os.Looper.loop(Looper.java:338)
04-22 03:21:56.386  1576  1576 I EmojiCompatManager: 	at android.app.ActivityThread.main(ActivityThread.java:9067)
04-22 03:21:56.386  1576  1576 I EmojiCompatManager: 	at java.lang.reflect.Method.invoke(Native Method)
04-22 03:21:56.386  1576  1576 I EmojiCompatManager: 	at com.android.internal.os.RuntimeInit$MethodAndArgsCaller.run(RuntimeInit.java:593)
04-22 03:21:56.386  1576  1576 I EmojiCompatManager: 	at com.android.internal.os.ZygoteInit.main(ZygoteInit.java:932)
04-22 03:21:56.386   683  1000 W PackageConfigPersister: App-specific configuration not found for packageName: com.impos2.mixcretailassemblyrn84 and userId: 0
04-22 03:21:56.389   683 19931 I ImeTracker: system_server:d1c9ae25: onRequestHide at ORIGIN_SERVER reason IME_REQUESTED_CHANGED_LISTENER fromUser false
04-22 03:21:56.389   683   734 I ImeTracker: system_server:d1c9ae25: onCancelled at PHASE_SERVER_SHOULD_HIDE
04-22 03:21:56.808   957  1041 V WindowManagerShell: Transition animation finished (aborted=false), notifying core (#159) android.os.BinderProxy@4201189@0
04-22 03:21:56.809   683   731 V WindowManager: Finish Transition (#159): created at 04-22 03:21:56.345 collect-started=0.014ms request-sent=0.025ms started=1.183ms ready=4.622ms sent=5.236ms commit=7.049ms finished=463.711ms
04-22 03:21:56.809 27090 27090 D VRI[CameraScanActivity]: visibilityChanged oldVisibility=true newVisibility=false
04-22 03:21:56.809   957  1041 V WindowManagerShell: Track 0 became idle
04-22 03:21:56.810   957  1041 V WindowManagerShell: All active transition animations finished
04-22 03:21:56.829 27090 27090 W WindowOnBackDispatcher: sendCancelIfRunning: isInProgress=false callback=android.app.Activity$$ExternalSyntheticLambda0@cb39dc6
04-22 03:21:56.829   683 19931 D CoreBackPreview: Window{ab495b u0 com.impos2.mixcretailassemblyrn84/com.impos2.adapterv2.camera.CameraScanActivity}: Setting back callback null
04-22 03:21:56.830 27090 27090 D ViewRootImpl: Skipping stats log for color mode
04-22 03:21:56.831   683   912 D BackgroundInstallControlService: Package event received: 0
04-22 03:21:57.338   683   750 I WifiService: isFeatureSupported uid=1000 returns [WIFI_FEATURE_INFRA, WIFI_FEATURE_P2P, WIFI_FEATURE_MOBILE_HOTSPOT, WIFI_FEATURE_WPA3_SAE, WIFI_FEATURE_WPA3_SUITE_B, WIFI_FEATURE_OWE, WIFI_FEATURE_DPP, WIFI_FEATURE_AP_RAND_MAC, WIFI_FEATURE_MBO, WIFI_FEATURE_FILS_SHA256, WIFI_FEATURE_FILS_SHA384, WIFI_FEATURE_SAE_PK, WIFI_FEATURE_DPP_ENROLLEE_RESPONDER, WIFI_FEATURE_PASSPOINT_TERMS_AND_CONDITIONS, WIFI_FEATURE_WFD_R2, WIFI_FEATURE_DECORATED_IDENTITY, WIFI_FEATURE_TRUST_ON_FIRST_USE, WIFI_FEATURE_SET_TLS_MINIMUM_VERSION, WIFI_FEATURE_TLS_V1_3, WIFI_FEATURE_WEP, WIFI_FEATURE_WPA_PERSONAL]
04-22 03:21:57.758   683   858 W BestClock: java.time.DateTimeException: No network time available
04-22 03:21:57.758   683   858 W BestClock: java.time.DateTimeException: No network time available
04-22 03:21:57.758   683   858 W BestClock: java.time.DateTimeException: No network time available
04-22 03:21:57.758   683   858 W BestClock: java.time.DateTimeException: No network time available
04-22 03:21:57.758   683   858 W BestClock: java.time.DateTimeException: No network time available
04-22 03:21:57.759   683   858 D WifiClientModeImpl[9769:wlan0]: updateLinkLayerStatsRssiSpeedFrequencyCapabilities rssi=-50 TxLinkspeed=1 freq=2447 RxLinkSpeed=2
04-22 03:21:57.759   683   858 D WifiDataStall: tx tput in kbps: 11000
04-22 03:21:57.759   683   858 D WifiDataStall: rx tput in kbps: 11000
04-22 03:21:57.759   683   858 V WifiConfigManager: Updating scan detail cache freq=2447 BSSID=00:13:10:85:fe:01 RSSI=-50 for "AndroidWifi"NONE
04-22 03:21:57.759   683   858 D WifiThroughputPredictor:  utilization (LLS) 80 isBluetoothConnected: false final utilization: 80
04-22 03:21:57.759   683   858 D WifiThroughputPredictor:  BW: 0 RSSI: -50 Nss: 1 Mode: 1 symDur: 4000 snrDb 30 bitPerTone: 4500 rate: 54 throughput: 11
04-22 03:21:57.759   683   858 D WifiThroughputPredictor:  utilization (LLS) 80 isBluetoothConnected: false final utilization: 80
04-22 03:21:57.759   683   858 D WifiThroughputPredictor:  BW: 0 RSSI: -50 Nss: 1 Mode: 1 symDur: 4000 snrDb 30 bitPerTone: 4500 rate: 54 throughput: 11
04-22 03:21:57.759   683   858 D WifiThroughputPredictor:  utilization (LLS) 80 isBluetoothConnected: false final utilization: 80
04-22 03:21:57.759   683   858 D WifiThroughputPredictor:  BW: 0 RSSI: -50 Nss: 1 Mode: 1 symDur: 4000 snrDb 30 bitPerTone: 4500 rate: 54 throughput: 11
04-22 03:21:57.759   683   858 D WifiThroughputPredictor:  utilization (LLS) 80 isBluetoothConnected: false final utilization: 80
04-22 03:21:57.759   683   858 D WifiThroughputPredictor:  BW: 0 RSSI: -50 Nss: 1 Mode: 1 symDur: 4000 snrDb 30 bitPerTone: 4500 rate: 54 throughput: 11
04-22 03:21:57.760   683   858 D WifiScoreCard: BSSID update SIGNAL_POLL ID: 261501600 SSID: "AndroidWifi", BSSID: 00:13:10:85:fe:01, MAC: 02:15:b4:00:00:00, IP: /10.0.2.17, Security type: 0, Supplicant state: COMPLETED, Wi-Fi standard: legacy, RSSI: -50, Link speed: 1Mbps, Tx Link speed: 1Mbps, Max Supported Tx Link speed: 11Mbps, Rx Link speed: 2Mbps, Max Supported Rx Link speed: 11Mbps, Frequency: 2447MHz, Net ID: 0, Metered hint: false, score: 60, isUsable: true, CarrierMerged: false, SubscriptionId: -1, IsPrimary: 1, Trusted: true, Restricted: false, Ephemeral: false, OEM paid: false, OEM private: false, OSU AP: false, FQDN: <none>, Provider friendly name: <none>, Requesting package name: <none>"AndroidWifi"openMLO Information: , Is TID-To-Link negotiation supported by the AP: false, AP MLD Address: <none>, AP MLO Link Id: <none>, AP MLO Affiliated links: <none>, Vendor Data: <none>
04-22 03:21:57.760   683   858 D WifiScoreCard: txRate: 1 txSpeed: 1
04-22 03:21:57.760   683   858 D WifiScoreCard: network update SIGNAL_POLL "AndroidWifi" ID: 579418950 RSSI -50 txSpeed -1
04-22 03:21:57.760   683   858 D WifiClientModeImpl[9769:wlan0]:  ClientModeImpl$L2ConnectedState screen=on 1 0 "AndroidWifi" 00:13:10:85:fe:01 rssi=-50 f=2447 sc=60 link=1 tx=0.0, 0.0, 0.0 rx=0.0 bcn=0 [on:0 tx:0 rx:0 period:3006] from screen [on:0 period:-1317142784] score=60
04-22 03:21:59.801   683  1715 E TaskPersister: File error accessing recents directory (directory doesn't exist?).
04-22 03:22:00.408   938   938 D wpa_supplicant: nl80211: Drv Event 64 (NL80211_CMD_NOTIFY_CQM) received for wlan0
04-22 03:22:00.408   938   938 D wpa_supplicant: nl80211: Beacon loss event
04-22 03:22:00.408   938   938 D wpa_supplicant: wlan0: Event BEACON_LOSS (53) received
04-22 03:22:00.408   938   938 I wpa_supplicant: wlan0: CTRL-EVENT-BEACON-LOSS 
04-22 03:22:00.762   683   858 W BestClock: java.time.DateTimeException: No network time available
04-22 03:22:00.762   683   858 W BestClock: java.time.DateTimeException: No network time available
04-22 03:22:00.762   683   858 W BestClock: java.time.DateTimeException: No network time available
04-22 03:22:00.762   683   858 W BestClock: java.time.DateTimeException: No network time available
04-22 03:22:00.762   683   858 W BestClock: java.time.DateTimeException: No network time available
04-22 03:22:00.762   683   858 D WifiClientModeImpl[9769:wlan0]: updateLinkLayerStatsRssiSpeedFrequencyCapabilities rssi=-50 TxLinkspeed=1 freq=2447 RxLinkSpeed=2
