04-20 01:14:16.154 V/GraphicsEnvironment(12394):   angle_gl_driver_selection_pkgs=[]
04-20 01:14:16.154 V/GraphicsEnvironment(12394):   angle_gl_driver_selection_values=[]
04-20 01:14:16.154 V/GraphicsEnvironment(12394): Global.Settings values are invalid: number of packages: 0, number of values: 0
04-20 01:14:16.154 V/GraphicsEnvironment(12394): Neither updatable production driver nor prerelease driver is supported.
04-20 01:14:16.155 I/LoadedApk(12394): No resource references to update in package com.google.android.trichromelibrary
04-20 01:14:16.155 I/cr_WebViewApkApp(12394): Launched version=124.0.6367.219 minSdkVersion=29 isBundle=false processName=com.google.android.webview:webview_service
04-20 01:14:16.164 I/MMKV    (12334): <MMKV_IO.cpp:609::writeActualSize> [mixc-retail-assembly-rn84::state] increase sequence to 7, crc 111885167, actualSize 14107
04-20 01:14:16.164 I/MMKV    (12334): <MMKV.cpp:1208::sync> MMKV::sync, SyncFlag = 1
04-20 01:14:16.166 I/assembly.android.mixc-retail-rn84.boot(12334): {"stage":"app-load-complete:start","displayIndex":0}
04-20 01:14:16.167 I/StartupAudit(12334): app_load_complete displayIndex=0 pid=12334 time=2026-04-20 01:14:16.166
04-20 01:14:16.167 I/StartupAudit(12334): secondary_launch_scheduled pid=12334 time=2026-04-20 01:14:16.167
04-20 01:14:16.169 I/MMKV    (12334): <MMKV_IO.cpp:609::writeActualSize> [mixc-retail-assembly-rn84::state] increase sequence to 8, crc 1306422592, actualSize 14107
04-20 01:14:16.169 I/MMKV    (12334): <MMKV.cpp:1208::sync> MMKV::sync, SyncFlag = 1
04-20 01:14:16.172 I/MMKV    (12334): <MMKV_IO.cpp:609::writeActualSize> [mixc-retail-assembly-rn84::state] increase sequence to 9, crc 3310626242, actualSize 14107
04-20 01:14:16.172 I/MMKV    (12334): <MMKV.cpp:1208::sync> MMKV::sync, SyncFlag = 1
04-20 01:14:16.178 I/MMKV    (12334): <MMKV_IO.cpp:609::writeActualSize> [mixc-retail-assembly-rn84::state] increase sequence to 10, crc 918279512, actualSize 14107
04-20 01:14:16.178 I/MMKV    (12334): <MMKV.cpp:1208::sync> MMKV::sync, SyncFlag = 1
04-20 01:14:16.181 I/assembly.android.mixc-retail-rn84.boot(12334): {"stage":"app-load-complete:done","displayIndex":0}
04-20 01:14:16.185 I/MMKV    (12334): <MMKV_IO.cpp:609::writeActualSize> [mixc-retail-assembly-rn84::state] increase sequence to 11, crc 2425052709, actualSize 14107
04-20 01:14:16.185 I/MMKV    (12334): <MMKV.cpp:1208::sync> MMKV::sync, SyncFlag = 1
04-20 01:14:16.194 I/ActivityManager(  590): Killing 11794:com.google.android.as.oss/u0a125 (adj 985): empty #17
04-20 01:14:16.195 I/cr_VariationsUtils(12394): Seed download job already scheduled
04-20 01:14:16.206 I/MMKV    (12334): <MMKV_IO.cpp:609::writeActualSize> [mixc-retail-assembly-rn84::state] increase sequence to 12, crc 3945423856, actualSize 14107
04-20 01:14:16.206 I/MMKV    (12334): <MMKV.cpp:1208::sync> MMKV::sync, SyncFlag = 1
04-20 01:14:16.222 D/DisplayManagerService(  590): Drop pending events for gone uid 10125
04-20 01:14:16.222 I/MMKV    (12334): <MMKV_IO.cpp:609::writeActualSize> [mixc-retail-assembly-rn84::state] increase sequence to 13, crc 3338814982, actualSize 14107
04-20 01:14:16.222 I/MMKV    (12334): <MMKV.cpp:1208::sync> MMKV::sync, SyncFlag = 1
04-20 01:14:16.224 I/Zygote  (  389): Process 11794 exited due to signal 9 (Killed)
04-20 01:14:16.224 I/binder  ( 9128): undelivered transaction 42113445, process died.
04-20 01:14:16.227 I/MMKV    (12334): <MMKV_IO.cpp:609::writeActualSize> [mixc-retail-assembly-rn84::state] increase sequence to 14, crc 2530536669, actualSize 14107
04-20 01:14:16.227 I/MMKV    (12334): <MMKV.cpp:1208::sync> MMKV::sync, SyncFlag = 1
04-20 01:14:16.229 I/libprocessgroup(  590): Removed cgroup /sys/fs/cgroup/uid_10125/pid_11794
04-20 01:14:16.231 I/MMKV    (12334): <MMKV_IO.cpp:609::writeActualSize> [mixc-retail-assembly-rn84::state] increase sequence to 15, crc 3213955511, actualSize 14107
04-20 01:14:16.231 I/MMKV    (12334): <MMKV.cpp:1208::sync> MMKV::sync, SyncFlag = 1
04-20 01:14:16.234 I/MMKV    (12334): <MMKV_IO.cpp:609::writeActualSize> [mixc-retail-assembly-rn84::state] increase sequence to 16, crc 3644990936, actualSize 14107
04-20 01:14:16.234 I/MMKV    (12334): <MMKV.cpp:1208::sync> MMKV::sync, SyncFlag = 1
04-20 01:14:16.238 I/MMKV    (12334): <MMKV_IO.cpp:609::writeActualSize> [mixc-retail-assembly-rn84::state] increase sequence to 17, crc 2076561474, actualSize 14107
04-20 01:14:16.238 I/MMKV    (12334): <MMKV.cpp:1208::sync> MMKV::sync, SyncFlag = 1
04-20 01:14:16.244 I/MMKV    (12334): <MMKV_IO.cpp:609::writeActualSize> [mixc-retail-assembly-rn84::state] increase sequence to 18, crc 1594329650, actualSize 14107
04-20 01:14:16.244 I/MMKV    (12334): <MMKV.cpp:1208::sync> MMKV::sync, SyncFlag = 1
04-20 01:14:16.245 W/FrameTracker( 1099): Missing HWUI jank callback for vsyncId: 166931519, CUJ=J<TASKBAR_COLLAPSE::Home to App>
04-20 01:14:16.245 W/FrameTracker( 1099): Missed App frame:UNKNOWN: 24, 166931548, 0, CUJ=J<TASKBAR_COLLAPSE::Home to App>
04-20 01:14:16.245 W/FrameTracker( 1099): Missed SF frame:UNKNOWN: 24, 166931548, 0, CUJ=J<TASKBAR_COLLAPSE::Home to App>
04-20 01:14:16.246 W/FrameTracker( 1099): Missing HWUI jank callback for vsyncId: 166931548, CUJ=J<TASKBAR_COLLAPSE::Home to App>
04-20 01:14:16.246 W/FrameTracker( 1099): Missed SF frame:UNKNOWN: 80, 166931584, 33881396, CUJ=J<TASKBAR_COLLAPSE::Home to App>
04-20 01:14:16.246 W/FrameTracker( 1099): Missed App frame:UNKNOWN: 88, 166931620, 34868980, CUJ=J<TASKBAR_COLLAPSE::Home to App>
04-20 01:14:16.246 W/FrameTracker( 1099): Missed SF frame:UNKNOWN: 88, 166931620, 34868980, CUJ=J<TASKBAR_COLLAPSE::Home to App>
04-20 01:14:16.246 W/FrameTracker( 1099): Missed SF frame:UNKNOWN: 80, 166931656, 32438480, CUJ=J<TASKBAR_COLLAPSE::Home to App>
04-20 01:14:16.246 W/FrameTracker( 1099): Missed SF frame:UNKNOWN: 80, 166931678, 0, CUJ=J<TASKBAR_COLLAPSE::Home to App>
04-20 01:14:16.246 W/FrameTracker( 1099): Missing HWUI jank callback for vsyncId: 166931678, CUJ=J<TASKBAR_COLLAPSE::Home to App>
04-20 01:14:16.246 W/FrameTracker( 1099): Missed SF frame:UNKNOWN: 80, 166931707, 19868357, CUJ=J<TASKBAR_COLLAPSE::Home to App>
04-20 01:14:16.246 W/FrameTracker( 1099): Missed SF frame:UNKNOWN: 80, 166931743, 21664816, CUJ=J<TASKBAR_COLLAPSE::Home to App>
04-20 01:14:16.246 W/FrameTracker( 1099): Missed SF frame:UNKNOWN: 80, 166931793, 19680691, CUJ=J<TASKBAR_COLLAPSE::Home to App>
04-20 01:14:16.246 W/FrameTracker( 1099): Missed SF frame:UNKNOWN: 80, 166931808, 31574400, CUJ=J<TASKBAR_COLLAPSE::Home to App>
04-20 01:14:16.246 W/FrameTracker( 1099): Missed SF frame:UNKNOWN: 80, 166931844, 25249401, CUJ=J<TASKBAR_COLLAPSE::Home to App>
04-20 01:14:16.246 W/FrameTracker( 1099): Missed SF frame:UNKNOWN: 80, 166931873, 25676777, CUJ=J<TASKBAR_COLLAPSE::Home to App>
04-20 01:14:16.246 W/FrameTracker( 1099): Missed SF frame:UNKNOWN: 80, 166931916, 19340111, CUJ=J<TASKBAR_COLLAPSE::Home to App>
04-20 01:14:16.246 W/FrameTracker( 1099): Missed SF frame:UNKNOWN: 80, 166931952, 20500528, CUJ=J<TASKBAR_COLLAPSE::Home to App>
04-20 01:14:16.246 W/FrameTracker( 1099): Missed SF frame:UNKNOWN: 80, 166931995, 24269904, CUJ=J<TASKBAR_COLLAPSE::Home to App>
04-20 01:14:16.246 W/FrameTracker( 1099): Missed SF frame:UNKNOWN: 80, 166932038, 0, CUJ=J<TASKBAR_COLLAPSE::Home to App>
04-20 01:14:16.246 W/FrameTracker( 1099): Missing HWUI jank callback for vsyncId: 166932038, CUJ=J<TASKBAR_COLLAPSE::Home to App>
04-20 01:14:16.246 W/FrameTracker( 1099): Missed SF frame:UNKNOWN: 80, 166932074, 27304030, CUJ=J<TASKBAR_COLLAPSE::Home to App>
04-20 01:14:16.246 W/FrameTracker( 1099): Missed SF frame:UNKNOWN: 80, 166932117, 19048947, CUJ=J<TASKBAR_COLLAPSE::Home to App>
04-20 01:14:16.246 W/FrameTracker( 1099): Missed SF frame:UNKNOWN: 80, 166932146, 21803323, CUJ=J<TASKBAR_COLLAPSE::Home to App>
04-20 01:14:16.246 W/FrameTracker( 1099): Missed SF frame:UNKNOWN: 80, 166932189, 23447407, CUJ=J<TASKBAR_COLLAPSE::Home to App>
04-20 01:14:16.246 W/FrameTracker( 1099): Missed SF frame:UNKNOWN: 80, 166932218, 24271283, CUJ=J<TASKBAR_COLLAPSE::Home to App>
04-20 01:14:16.246 W/FrameTracker( 1099): Missed SF frame:UNKNOWN: 80, 166932254, 18543825, CUJ=J<TASKBAR_COLLAPSE::Home to App>
04-20 01:14:16.246 W/FrameTracker( 1099): Missed App frame:UNKNOWN: 88, 166932283, 34541617, CUJ=J<TASKBAR_COLLAPSE::Home to App>
04-20 01:14:16.246 W/FrameTracker( 1099): Missed SF frame:UNKNOWN: 88, 166932283, 34541617, CUJ=J<TASKBAR_COLLAPSE::Home to App>
04-20 01:14:16.246 W/FrameTracker( 1099): Missed SF frame:UNKNOWN: 80, 166932312, 34683410, CUJ=J<TASKBAR_COLLAPSE::Home to App>
04-20 01:14:16.246 W/FrameTracker( 1099): Missed SF frame:UNKNOWN: 80, 166932341, 22451535, CUJ=J<TASKBAR_COLLAPSE::Home to App>
04-20 01:14:16.246 W/FrameTracker( 1099): Missed SF frame:UNKNOWN: 80, 166932370, 33522994, CUJ=J<TASKBAR_COLLAPSE::Home to App>
04-20 01:14:16.246 V/PerfettoTrigger( 1099): Triggering /system/bin/trigger_perfetto com.android.telemetry.interaction-jank-monitor-61
04-20 01:14:16.253 I/MMKV    (12334): <MMKV_IO.cpp:609::writeActualSize> [mixc-retail-assembly-rn84::state] increase sequence to 19, crc 453515702, actualSize 14107
04-20 01:14:16.253 I/MMKV    (12334): <MMKV.cpp:1208::sync> MMKV::sync, SyncFlag = 1
04-20 01:14:16.260 I/MMKV    (12334): <MMKV_IO.cpp:609::writeActualSize> [mixc-retail-assembly-rn84::state] increase sequence to 20, crc 3281565205, actualSize 14107
04-20 01:14:16.260 I/MMKV    (12334): <MMKV.cpp:1208::sync> MMKV::sync, SyncFlag = 1
04-20 01:14:16.265 I/MMKV    (12334): <MMKV_IO.cpp:609::writeActualSize> [mixc-retail-assembly-rn84::state] increase sequence to 21, crc 320379279, actualSize 14107
04-20 01:14:16.265 I/MMKV    (12334): <MMKV.cpp:1208::sync> MMKV::sync, SyncFlag = 1
04-20 01:14:16.269 I/MMKV    (12334): <MMKV_IO.cpp:609::writeActualSize> [mixc-retail-assembly-rn84::state] increase sequence to 22, crc 3104489880, actualSize 14107
04-20 01:14:16.269 I/MMKV    (12334): <MMKV.cpp:1208::sync> MMKV::sync, SyncFlag = 1
04-20 01:14:16.273 I/MMKV    (12334): <MMKV_IO.cpp:609::writeActualSize> [mixc-retail-assembly-rn84::state] increase sequence to 23, crc 111885167, actualSize 14107
04-20 01:14:16.273 I/MMKV    (12334): <MMKV.cpp:1208::sync> MMKV::sync, SyncFlag = 1
04-20 01:14:16.278 I/MMKV    (12334): <MMKV_IO.cpp:609::writeActualSize> [mixc-retail-assembly-rn84::state] increase sequence to 24, crc 1306422592, actualSize 14107
04-20 01:14:16.278 I/MMKV    (12334): <MMKV.cpp:1208::sync> MMKV::sync, SyncFlag = 1
04-20 01:14:16.281 I/MMKV    (12334): <MMKV_IO.cpp:609::writeActualSize> [mixc-retail-assembly-rn84::state] increase sequence to 25, crc 3310626242, actualSize 14107
04-20 01:14:16.281 I/MMKV    (12334): <MMKV.cpp:1208::sync> MMKV::sync, SyncFlag = 1
04-20 01:14:16.286 I/MMKV    (12334): <MMKV_IO.cpp:609::writeActualSize> [mixc-retail-assembly-rn84::state] increase sequence to 26, crc 918279512, actualSize 14107
04-20 01:14:16.286 I/MMKV    (12334): <MMKV.cpp:1208::sync> MMKV::sync, SyncFlag = 1
04-20 01:14:16.288 I/MMKV    (12334): <MMKV_IO.cpp:609::writeActualSize> [mixc-retail-assembly-rn84::state] increase sequence to 27, crc 2425052709, actualSize 14107
04-20 01:14:16.288 I/MMKV    (12334): <MMKV.cpp:1208::sync> MMKV::sync, SyncFlag = 1
04-20 01:14:16.327 W/InteractionJankMonitor(12334): Initializing without READ_DEVICE_CONFIG permission. enabled=true, interval=1, missedFrameThreshold=3, frameTimeThreshold=64, package=com.impos2.mixcretailassemblyrn84
04-20 01:14:16.333 W/WindowOnBackDispatcher(  836): sendCancelIfRunning: isInProgress=false callback=android.view.ViewRootImpl$$ExternalSyntheticLambda11@ab2de58
04-20 01:14:16.333 D/CoreBackPreview(  590): Window{919d2a1 u0 Splash Screen com.impos2.mixcretailassemblyrn84 EXITING}: Setting back callback null
04-20 01:14:16.335 W/InputManager-JNI(  590): Input channel object '919d2a1 Splash Screen com.impos2.mixcretailassemblyrn84 (client)' was disposed without first being removed with the input manager!
04-20 01:14:16.383 W/FrameTracker(  836): Missed SF frame:PREDICTION_ERROR, 166931866, 0, CUJ=J<SPLASHSCREEN_EXIT_ANIM>
04-20 01:14:16.383 W/FrameTracker(  836): Missing HWUI jank callback for vsyncId: 166931866, CUJ=J<SPLASHSCREEN_EXIT_ANIM>
04-20 01:14:16.383 W/FrameTracker(  836): Missed SF frame:PREDICTION_ERROR, 166931945, 0, CUJ=J<SPLASHSCREEN_EXIT_ANIM>
04-20 01:14:16.383 W/FrameTracker(  836): Missing HWUI jank callback for vsyncId: 166931945, CUJ=J<SPLASHSCREEN_EXIT_ANIM>
04-20 01:14:16.383 W/FrameTracker(  836): Missed SF frame:PREDICTION_ERROR, 166932067, 0, CUJ=J<SPLASHSCREEN_EXIT_ANIM>
04-20 01:14:16.383 W/FrameTracker(  836): Missing HWUI jank callback for vsyncId: 166932067, CUJ=J<SPLASHSCREEN_EXIT_ANIM>
04-20 01:14:16.383 W/FrameTracker(  836): Missed SF frame:PREDICTION_ERROR, 166932182, 0, CUJ=J<SPLASHSCREEN_EXIT_ANIM>
04-20 01:14:16.383 W/FrameTracker(  836): Missing HWUI jank callback for vsyncId: 166932182, CUJ=J<SPLASHSCREEN_EXIT_ANIM>
04-20 01:14:16.383 W/FrameTracker(  836): Missed SF frame:PREDICTION_ERROR, 166932211, 5755199, CUJ=J<SPLASHSCREEN_EXIT_ANIM>
04-20 01:14:16.383 W/FrameTracker(  836): Missing HWUI jank callback for vsyncId: 166932247, CUJ=J<SPLASHSCREEN_EXIT_ANIM>
04-20 01:14:16.383 W/FrameTracker(  836): Missed SF frame:PREDICTION_ERROR, 166932276, 11698326, CUJ=J<SPLASHSCREEN_EXIT_ANIM>
04-20 01:14:16.383 W/FrameTracker(  836): Missed SF frame:PREDICTION_ERROR, 166932305, 6269243, CUJ=J<SPLASHSCREEN_EXIT_ANIM>
04-20 01:14:16.383 W/FrameTracker(  836): Missed App frame:UNKNOWN: 24, 166932334, 19703744, CUJ=J<SPLASHSCREEN_EXIT_ANIM>
04-20 01:14:16.383 W/FrameTracker(  836): Missed SF frame:UNKNOWN: 24, 166932334, 19703744, CUJ=J<SPLASHSCREEN_EXIT_ANIM>
04-20 01:14:16.383 W/FrameTracker(  836): Missed SF frame:UNKNOWN: 80, 166932363, 21927119, CUJ=J<SPLASHSCREEN_EXIT_ANIM>
04-20 01:14:16.383 W/FrameTracker(  836): Missed SF frame:UNKNOWN: 80, 166932392, 24861578, CUJ=J<SPLASHSCREEN_EXIT_ANIM>
04-20 01:14:16.383 W/FrameTracker(  836): Missed SF frame:UNKNOWN: 80, 166932421, 19308371, CUJ=J<SPLASHSCREEN_EXIT_ANIM>
04-20 01:14:16.383 W/FrameTracker(  836): Missed SF frame:UNKNOWN: 80, 166932450, 19084163, CUJ=J<SPLASHSCREEN_EXIT_ANIM>
04-20 01:14:16.383 W/FrameTracker(  836): Missed SF frame:UNKNOWN: 80, 166932479, 22463080, CUJ=J<SPLASHSCREEN_EXIT_ANIM>
04-20 01:14:16.383 W/FrameTracker(  836): Missed SF frame:UNKNOWN: 80, 166932508, 19027414, CUJ=J<SPLASHSCREEN_EXIT_ANIM>
04-20 01:14:16.383 W/FrameTracker(  836): Missed SF frame:UNKNOWN: 80, 166932537, 0, CUJ=J<SPLASHSCREEN_EXIT_ANIM>
04-20 01:14:16.383 W/FrameTracker(  836): Missing HWUI jank callback for vsyncId: 166932537, CUJ=J<SPLASHSCREEN_EXIT_ANIM>
04-20 01:14:16.384 V/PerfettoTrigger(  836): Triggering /system/bin/trigger_perfetto com.android.telemetry.interaction-jank-monitor-39
04-20 01:14:16.388 I/FontLog (  937): Received query Noto Color Emoji Compat, URI content://com.google.android.gms.fonts [CONTEXT service_id=132 ]
04-20 01:14:16.388 I/FontLog (  937): Query [emojicompat-emoji-font] resolved to {Noto Color Emoji Compat, wdth 100.0, wght 400, ital 0.0, bestEffort false} [CONTEXT service_id=132 ]
04-20 01:14:16.389 I/FontLog (  937): Fetch {Noto Color Emoji Compat, wdth 100.0, wght 400, ital 0.0, bestEffort false} end status Status{statusCode=SUCCESS, resolution=null} [CONTEXT service_id=132 ]
04-20 01:14:16.391 I/FontLog (  937): Pulling font file for id = 36, cache size = 5 [CONTEXT service_id=132 ]
04-20 01:14:16.394 I/FontLog (  937): Pulling font file for id = 36, cache size = 5 [CONTEXT service_id=132 ]
04-20 01:14:17.708 D/EGL_emulation(12334): app_time_stats: avg=292.18ms min=25.57ms max=1453.15ms count=6
04-20 01:14:18.730 E/TaskPersister(  590): File error accessing recents directory (directory doesn't exist?).
04-20 01:14:19.167 I/StartupAudit(12334): secondary_launch_attempt displayCount=2 displayId=2 pid=12334 time=2026-04-20 01:14:19.167
04-20 01:14:19.170 W/OptProp (  590): Cannot read opt property android.window.PROPERTY_COMPAT_ALLOW_USER_ASPECT_RATIO_OVERRIDE
04-20 01:14:19.170 W/OptProp (  590): Cannot read opt property android.window.PROPERTY_COMPAT_ALLOW_USER_ASPECT_RATIO_FULLSCREEN_OVERRIDE
04-20 01:14:19.170 W/OptProp (  590): Cannot read opt property android.window.PROPERTY_COMPAT_ALLOW_ORIENTATION_OVERRIDE
04-20 01:14:19.172 V/GrammaticalInflectionUtils(  590): AttributionSource: AttributionSource { uid = 10214, packageName = null, attributionTag = null, token = android.os.Binder@bdb3573, deviceId = 0, next = null } does not have READ_SYSTEM_GRAMMATICAL_GENDER permission.
04-20 01:14:19.172 W/OptProp (  590): Cannot read opt property android.window.PROPERTY_COMPAT_ALLOW_RESIZEABLE_ACTIVITY_OVERRIDES
04-20 01:14:19.172 W/OptProp (  590): Cannot read opt property android.window.PROPERTY_COMPAT_ALLOW_MIN_ASPECT_RATIO_OVERRIDE
04-20 01:14:19.183 W/InputDispatcher(  590): Focused display #2 does not have a focused window.
04-20 01:14:19.183 E/InputDispatcher(  590): But another display has a focused window
04-20 01:14:19.183 E/InputDispatcher(  590):   FocusedWindows:
04-20 01:14:19.183 E/InputDispatcher(  590):     displayId=0, name='165c098 com.impos2.mixcretailassemblyrn84/com.impos2.mixcretailassemblyrn84.MainActivity'
04-20 01:14:19.186 V/WindowManagerShell(  836): Transition requested (#522): android.os.BinderProxy@3238601 TransitionRequestInfo { type = OPEN, triggerTask = TaskInfo{userId=0 taskId=845 displayId=2 isRunning=true baseIntent=Intent { flg=0x18000000 cmp=com.impos2.mixcretailassemblyrn84/.SecondaryActivity } baseActivity=ComponentInfo{com.impos2.mixcretailassemblyrn84/com.impos2.mixcretailassemblyrn84.SecondaryActivity} topActivity=ComponentInfo{com.impos2.mixcretailassemblyrn84/com.impos2.mixcretailassemblyrn84.SecondaryActivity} origActivity=null realActivity=ComponentInfo{com.impos2.mixcretailassemblyrn84/com.impos2.mixcretailassemblyrn84.SecondaryActivity} numActivities=1 lastActiveTime=260244732 supportsMultiWindow=true resizeMode=1 isResizeable=true minWidth=-1 minHeight=-1 defaultMinSize=220 token=WCT{android.window.IWindowContainerToken$Stub$Proxy@eba8ca6} topActivityType=1 pictureInPictureParams=null shouldDockBigOverlays=false launchIntoPipHostTaskId=-1 lastParentTaskIdBeforePip=-1 displayCutoutSafeInsets=null topActivityInfo=ActivityInfo{aaca6e7 com.impos2.mixcretailassemblyrn84.SecondaryActivity} launchCookies=[] positionInParent=Point(0, 0) parentTaskId=-1 isFocused=false isVisible=false isVisibleRequested=true isSleeping=false locusId=null displayAreaFeatureId=1 isTopActivityTransparent=false appCompatTaskInfo=AppCompatTaskInfo { topActivityInSizeCompat=false topActivityEligibleForLetterboxEducation= falseisLetterboxEducationEnabled= true isLetterboxDoubleTapEnabled= false topActivityEligibleForUserAspectRatioButton= false topActivityBoundsLetterboxed= false isFromLetterboxDoubleTap= false topActivityLetterboxVerticalPosition= -1 topActivityLetterboxHorizontalPosition= -1 topActivityLetterboxWidth=2560 topActivityLetterboxHeight=1600 isUserFullscreenOverrideEnabled=false isSystemFullscreenOverrideEnabled=false cameraCompatTaskInfo=CameraCompatTaskInfo { cameraCompatControlState=hidden freeformCameraCompatMode=inactive}}}, pipTask = null, remoteTransition = null, displayChange = null, flags = 0, debugId = 522 }
04-20 01:14:19.186 D/ShellDesktopMode(  836): DesktopTaskRepo: visibleTaskCount= 0
04-20 01:14:19.186 I/ActivityTaskManager(  590): START u0 {flg=0x18000000 cmp=com.impos2.mixcretailassemblyrn84/.SecondaryActivity} with LAUNCH_MULTIPLE from uid 10214 (BAL_ALLOW_VISIBLE_WINDOW) result code=0
04-20 01:14:19.188 D/SplashScreenView(  836): Build android.window.SplashScreenView{e12ca83 V.E...... ......ID 0,0-0,0}
04-20 01:14:19.188 D/SplashScreenView(  836): Icon: view: null drawable: null size: 0
04-20 01:14:19.188 D/SplashScreenView(  836): Branding: view: android.view.View{c065400 G.ED..... ......I. 0,0-0,0 #1020503 android:id/splashscreen_branding_view} drawable: null size w: 0 h: 0
04-20 01:14:19.191 V/GrammaticalInflectionUtils(  590): AttributionSource: AttributionSource { uid = 10214, packageName = null, attributionTag = null, token = android.os.Binder@bdb3573, deviceId = 0, next = null } does not have READ_SYSTEM_GRAMMATICAL_GENDER permission.
04-20 01:14:19.191 I/TopTaskTracker( 1099): onTaskMovedToFront: (moved taskInfo to front) taskId=845, baseIntent=Intent { flg=0x18000000 cmp=com.impos2.mixcretailassemblyrn84/.SecondaryActivity }
04-20 01:14:19.191 I/TopTaskTracker( 1099): onTaskMovedToFront: (removing top task on home display) taskId=844, baseIntent=Intent { act=android.intent.action.MAIN cat=[android.intent.category.LAUNCHER] flg=0x10200000 cmp=com.impos2.mixcretailassemblyrn84/.MainActivity }
04-20 01:14:19.193 I/BpBinder(  439): onLastStrongRef automatically unlinking death recipients: 
04-20 01:14:19.195 D/CoreBackPreview(  590): Window{2a40a9c u0 Splash Screen com.impos2.mixcretailassemblyrn84}: Setting back callback OnBackInvokedCallbackInfo{mCallback=android.window.IOnBackInvokedCallback$Stub$Proxy@af6382b, mPriority=0, mIsAnimationCallback=false}
04-20 01:14:19.198 D/Zygote  (  389): Forked child process 12426
04-20 01:14:19.199 I/ActivityManager(  590): Start proc 12426:com.impos2.mixcretailassemblyrn84:secondary/u0a214 for next-top-activity {com.impos2.mixcretailassemblyrn84/com.impos2.mixcretailassemblyrn84.SecondaryActivity}
04-20 01:14:19.203 I/yrn84:secondary(12426): Using CollectorTypeCMC GC.
04-20 01:14:19.204 E/yrn84:secondary(12426): Not starting debugger since process cannot load the jdwp agent.
04-20 01:14:19.205 I/netd    (  388): tetherGetStats() -> {[]} <0.19ms>
04-20 01:14:19.206 D/nativeloader(12426): Load libframework-connectivity-tiramisu-jni.so using APEX ns com_android_tethering for caller /apex/com.android.tethering/javalib/framework-connectivity-t.jar: ok
04-20 01:14:19.212 V/WindowManager(  590): Sent Transition (#522) createdAt=04-20 01:14:19.173 via request=TransitionRequestInfo { type = OPEN, triggerTask = TaskInfo{userId=0 taskId=845 displayId=2 isRunning=true baseIntent=Intent { flg=0x18000000 cmp=com.impos2.mixcretailassemblyrn84/.SecondaryActivity } baseActivity=ComponentInfo{com.impos2.mixcretailassemblyrn84/com.impos2.mixcretailassemblyrn84.SecondaryActivity} topActivity=ComponentInfo{com.impos2.mixcretailassemblyrn84/com.impos2.mixcretailassemblyrn84.SecondaryActivity} origActivity=null realActivity=ComponentInfo{com.impos2.mixcretailassemblyrn84/com.impos2.mixcretailassemblyrn84.SecondaryActivity} numActivities=1 lastActiveTime=260244732 supportsMultiWindow=true resizeMode=1 isResizeable=true minWidth=-1 minHeight=-1 defaultMinSize=220 token=WCT{RemoteToken{19e2c07 Task{ecfe770 #845 type=standard A=10214:com.impos2.mixcretailassemblyrn84}}} topActivityType=1 pictureInPictureParams=null shouldDockBigOverlays=false launchIntoPipHostTaskId=-1 lastParentTaskIdBeforePip=-1 displayCutoutSafeInsets=null topActivityInfo=ActivityInfo{62d1134 com.impos2.mixcretailassemblyrn84.SecondaryActivity} launchCookies=[] positionInParent=Point(0, 0) parentTaskId=-1 isFocused=false isVisible=false isVisibleRequested=true isSleeping=false locusId=null displayAreaFeatureId=1 isTopActivityTransparent=false appCompatTaskInfo=AppCompatTaskInfo { topActivityInSizeCompat=false topActivityEligibleForLetterboxEducation= falseisLetterboxEducationEnabled= true isLetterboxDoubleTapEnabled= false topActivityEligibleForUserAspectRatioButton= false topActivityBoundsLetterboxed= false isFromLetterboxDoubleTap= false topActivityLetterboxVerticalPosition= -1 topActivityLetterboxHorizontalPosition= -1 topActivityLetterboxWidth=2560 topActivityLetterboxHeight=1600 isUserFullscreenOverrideEnabled=false isSystemFullscreenOverrideEnabled=false cameraCompatTaskInfo=CameraCompatTaskInfo { cameraCompatControlState=hidden freeformCameraCompatMode=inactive}}}, pipTask = null, remoteTransition = null, displayChange = null, flags = 0, debugId = 522 }
04-20 01:14:19.212 V/WindowManager(  590):     startWCT=WindowContainerTransaction { changes = {} hops = [] errorCallbackToken=null taskFragmentOrganizer=null }
04-20 01:14:19.212 V/WindowManager(  590):     info={id=522 t=OPEN f=0x0 trk=0 r=[2@Point(0, 0)] c=[
04-20 01:14:19.212 V/WindowManager(  590):         {WCT{RemoteToken{19e2c07 Task{ecfe770 #845 type=standard A=10214:com.impos2.mixcretailassemblyrn84}}} m=OPEN f=NONE leash=Surface(name=Task=845)/@0x1d8fe21 sb=Rect(0, 0 - 2560, 1600) eb=Rect(0, 0 - 2560, 1600) d=2 taskParent=-1},
04-20 01:14:19.212 V/WindowManager(  590):         {WCT{RemoteToken{473bc8f Task{c2f742b #671 type=home}}} m=TO_BACK f=SHOW_WALLPAPER leash=Surface(name=Task=671)/@0x5554f84 sb=Rect(0, 0 - 2560, 1600) eb=Rect(0, 0 - 2560, 1600) d=2 taskParent=-1}
04-20 01:14:19.212 V/WindowManager(  590):     ]}
04-20 01:14:19.213 V/WindowManagerShell(  836): onTransitionReady(transaction=2534030743655)
04-20 01:14:19.213 V/WindowManagerShell(  836): onTransitionReady (#522) android.os.BinderProxy@3238601: {id=522 t=OPEN f=0x0 trk=0 r=[2@Point(0, 0)] c=[{WCT{android.window.IWindowContainerToken$Stub$Proxy@15717d7} m=OPEN f=NONE leash=Surface(name=Task=845)/@0x11aa318 sb=Rect(0, 0 - 2560, 1600) eb=Rect(0, 0 - 2560, 1600) d=2 taskParent=-1},{WCT{android.window.IWindowContainerToken$Stub$Proxy@2a2d8c4} m=TO_BACK f=SHOW_WALLPAPER leash=Surface(name=Task=671)/@0x298f171 sb=Rect(0, 0 - 2560, 1600) eb=Rect(0, 0 - 2560, 1600) d=2 taskParent=-1}]}
04-20 01:14:19.216 V/WindowManagerShell(  836): Playing animation for (#522) android.os.BinderProxy@3238601@0
04-20 01:14:19.216 V/WindowManagerShell(  836):  try handler com.android.wm.shell.transition.DefaultMixedHandler@a4b4bb1
04-20 01:14:19.216 V/WindowManagerShell(  836):  try handler com.android.wm.shell.keyguard.KeyguardTransitionHandler@f055896
04-20 01:14:19.216 V/WindowManagerShell(  836):  try handler com.android.wm.shell.pip.PipTransition@489c17
04-20 01:14:19.216 V/WindowManagerShell(  836):  try handler com.android.wm.shell.activityembedding.ActivityEmbeddingController@f43a804
04-20 01:14:19.216 V/WindowManagerShell(  836):  try handler com.android.wm.shell.splitscreen.StageCoordinator@417f1ed
04-20 01:14:19.216 V/WindowManagerShell(  836):  try handler com.android.wm.shell.desktopmode.DesktopTasksController@4366822
04-20 01:14:19.216 V/WindowManagerShell(  836):  try handler com.android.wm.shell.recents.RecentsTransitionHandler@b30e2b3
04-20 01:14:19.216 V/ShellRecents(  836): RecentsTransitionHandler.startAnimation: no controller found
04-20 01:14:19.216 V/WindowManagerShell(  836):  try handler com.android.wm.shell.transition.RemoteTransitionHandler@2554070
04-20 01:14:19.216 V/WindowManagerShell(  836): Transition doesn't have explicit remote, search filters for match for {id=522 t=OPEN f=0x0 trk=0 r=[2@Point(0, 0)] c=[{WCT{android.window.IWindowContainerToken$Stub$Proxy@15717d7} m=OPEN f=NONE leash=Surface(name=Task=845)/@0x11aa318 sb=Rect(0, 0 - 2560, 1600) eb=Rect(0, 0 - 2560, 1600) d=2 taskParent=-1},{WCT{android.window.IWindowContainerToken$Stub$Proxy@2a2d8c4} m=TO_BACK f=SHOW_WALLPAPER leash=Surface(name=Task=671)/@0x298f171 sb=Rect(0, 0 - 2560, 1600) eb=Rect(0, 0 - 2560, 1600) d=2 taskParent=-1}]}
04-20 01:14:19.216 V/WindowManagerShell(  836):  Checking filter Pair{{types=[] flags=0x0] notFlags=0x0 checks=[{atype=undefined independent=true modes=[OPEN,TO_FRONT] flags=IN_TASK_WITH_EMBEDDED_ACTIVITY mustBeTask=false order=ANY topActivity=ComponentInfo{com.google.android.apps.nexuslauncher/com.google.android.apps.nexuslauncher.NexusLauncherActivity} launchCookie=null},{atype=undefined independent=true modes=[CLOSE,TO_BACK] flags=IN_TASK_WITH_EMBEDDED_ACTIVITY mustBeTask=false order=ANY topActivity=null launchCookie=null}]} RemoteTransition { remoteTransition = android.window.IRemoteTransition$Stub$Proxy@e8ebfe9, appThread = android.app.IApplicationThread$Stub$Proxy@876e46e, debugName = OverlaySwipeBack }}
04-20 01:14:19.216 V/WindowManagerShell(  836):  Checking filter Pair{{types=[] flags=0x0] notFlags=0x0 checks=[{atype=dream independent=true modes=[OPEN,TO_FRONT] flags=NONE mustBeTask=false order=ANY topActivity=null launchCookie=null},{atype=home independent=true modes=[CLOSE,TO_BACK] flags=NONE mustBeTask=false order=ANY topActivity=null launchCookie=null}]} RemoteTransition { remoteTransition = android.window.IRemoteTransition$Stub$Proxy@f4cf70f, appThread = android.app.IApplicationThread$Stub$Proxy@ba5f39c, debugName = LauncherToDream }}
04-20 01:14:19.216 V/WindowManagerShell(  836):  Checking filter Pair{{types=[] flags=0x0] notFlags=0x100 checks=[{atype=home independent=true modes=[OPEN,TO_FRONT] flags=NONE mustBeTask=false order=TOP topActivity=ComponentInfo{com.google.android.apps.nexuslauncher/com.google.android.apps.nexuslauncher.NexusLauncherActivity} launchCookie=null},{atype=standard independent=true modes=[CLOSE,TO_BACK] flags=NONE mustBeTask=false order=ANY topActivity=null launchCookie=null}]} RemoteTransition { remoteTransition = android.window.IRemoteTransition$Stub$Proxy@c8a71a5, appThread = android.app.IApplicationThread$Stub$Proxy@30d97a, debugName = QuickstepLaunchHome }}
04-20 01:14:19.216 V/WindowManagerShell(  836):  Delegate animation for (#522) to null
04-20 01:14:19.216 V/WindowManagerShell(  836):  try handler com.android.wm.shell.transition.DefaultTransitionHandler@56bf52b
04-20 01:14:19.216 V/WindowManagerShell(  836): start default transition animation, info = {id=522 t=OPEN f=0x0 trk=0 r=[2@Point(0, 0)] c=[{WCT{android.window.IWindowContainerToken$Stub$Proxy@15717d7} m=OPEN f=NONE leash=Surface(name=Task=845)/@0x11aa318 sb=Rect(0, 0 - 2560, 1600) eb=Rect(0, 0 - 2560, 1600) d=2 taskParent=-1},{WCT{android.window.IWindowContainerToken$Stub$Proxy@2a2d8c4} m=TO_BACK f=SHOW_WALLPAPER leash=Surface(name=Task=671)/@0x298f171 sb=Rect(0, 0 - 2560, 1600) eb=Rect(0, 0 - 2560, 1600) d=2 taskParent=-1}]}
04-20 01:14:19.216 V/WindowManagerShell(  836): loadAnimation: anim=android.view.animation.AnimationSet@7bb2b65 animAttr=0x13 type=OPEN isEntrance=false
04-20 01:14:19.217 V/WindowManagerShell(  836): loadAnimation: anim=android.view.animation.AnimationSet@2890248 animAttr=0x12 type=OPEN isEntrance=true
04-20 01:14:19.217 V/WindowManagerShell(  836):  animated by com.android.wm.shell.transition.DefaultTransitionHandler@56bf52b
04-20 01:14:19.221 W/UserManagerService(  590): Requested status bar icon for non-badged user 0
04-20 01:14:19.225 D/nativeloader(12426): Configuring clns-7 for other apk /data/app/~~TrM8jACE0MnXa9HqEieWVQ==/com.impos2.mixcretailassemblyrn84-AFjX45ZMf7HAcGHDOAb8_g==/base.apk. target_sdk_version=36, uses_libraries=, library_path=/data/app/~~TrM8jACE0MnXa9HqEieWVQ==/com.impos2.mixcretailassemblyrn84-AFjX45ZMf7HAcGHDOAb8_g==/lib/arm64:/data/app/~~TrM8jACE0MnXa9HqEieWVQ==/com.impos2.mixcretailassemblyrn84-AFjX45ZMf7HAcGHDOAb8_g==/base.apk!/lib/arm64-v8a, permitted_path=/data:/mnt/expand:/data/user/0/com.impos2.mixcretailassemblyrn84
04-20 01:14:19.230 V/GraphicsEnvironment(12426): Currently set values for:
04-20 01:14:19.230 V/GraphicsEnvironment(12426):   angle_gl_driver_selection_pkgs=[]
04-20 01:14:19.230 V/GraphicsEnvironment(12426):   angle_gl_driver_selection_values=[]
04-20 01:14:19.230 V/GraphicsEnvironment(12426): Global.Settings values are invalid: number of packages: 0, number of values: 0
04-20 01:14:19.230 V/GraphicsEnvironment(12426): Neither updatable production driver nor prerelease driver is supported.
04-20 01:14:19.234 W/SoLoader(12426): Initializing SoLoader: 0
04-20 01:14:19.234 W/SoLoader(12426): Recording new base apk path: /data/app/~~TrM8jACE0MnXa9HqEieWVQ==/com.impos2.mixcretailassemblyrn84-AFjX45ZMf7HAcGHDOAb8_g==/base.apk
04-20 01:14:19.234 W/SoLoader(12426): Previously recorded 0 base apk paths.
04-20 01:14:19.235 I/SoLoader(12426): Preparing SO source: DirectorySoSource[root = /vendor/lib64 flags = 2]
04-20 01:14:19.235 I/SoLoader(12426): Preparing SO source: DirectorySoSource[root = /system/lib64 flags = 2]
04-20 01:14:19.235 I/SoLoader(12426): Preparing SO source: DirectApkSoSource[root = [/data/app/~~TrM8jACE0MnXa9HqEieWVQ==/com.impos2.mixcretailassemblyrn84-AFjX45ZMf7HAcGHDOAb8_g==/base.apk!/lib/arm64-v8a]]
04-20 01:14:19.237 I/SoLoader(12426): Preparing SO source: ApplicationSoSource[DirectorySoSource[root = /data/app/~~TrM8jACE0MnXa9HqEieWVQ==/com.impos2.mixcretailassemblyrn84-AFjX45ZMf7HAcGHDOAb8_g==/lib/arm64 flags = 0]]
04-20 01:14:19.237 I/SoLoader(12426): init finish: 4 SO sources prepared
04-20 01:14:19.237 W/SoLoader(12426): SoLoader initialized: 8
04-20 01:14:19.238 D/nativeloader(12426): Load /data/app/~~TrM8jACE0MnXa9HqEieWVQ==/com.impos2.mixcretailassemblyrn84-AFjX45ZMf7HAcGHDOAb8_g==/base.apk!/lib/arm64-v8a/libc++_shared.so using ns clns-7 from class loader (caller=/data/app/~~TrM8jACE0MnXa9HqEieWVQ==/com.impos2.mixcretailassemblyrn84-AFjX45ZMf7HAcGHDOAb8_g==/base.apk): ok
04-20 01:14:19.239 D/nativeloader(12426): Load /data/app/~~TrM8jACE0MnXa9HqEieWVQ==/com.impos2.mixcretailassemblyrn84-AFjX45ZMf7HAcGHDOAb8_g==/base.apk!/lib/arm64-v8a/libjsi.so using ns clns-7 from class loader (caller=/data/app/~~TrM8jACE0MnXa9HqEieWVQ==/com.impos2.mixcretailassemblyrn84-AFjX45ZMf7HAcGHDOAb8_g==/base.apk): ok
04-20 01:14:19.240 D/nativeloader(12426): Load /data/app/~~TrM8jACE0MnXa9HqEieWVQ==/com.impos2.mixcretailassemblyrn84-AFjX45ZMf7HAcGHDOAb8_g==/base.apk!/lib/arm64-v8a/libfbjni.so using ns clns-7 from class loader (caller=/data/app/~~TrM8jACE0MnXa9HqEieWVQ==/com.impos2.mixcretailassemblyrn84-AFjX45ZMf7HAcGHDOAb8_g==/base.apk): ok
04-20 01:14:19.241 D/nativeloader(12426): Load /data/app/~~TrM8jACE0MnXa9HqEieWVQ==/com.impos2.mixcretailassemblyrn84-AFjX45ZMf7HAcGHDOAb8_g==/base.apk!/lib/arm64-v8a/libreactnative.so using ns clns-7 from class loader (caller=/data/app/~~TrM8jACE0MnXa9HqEieWVQ==/com.impos2.mixcretailassemblyrn84-AFjX45ZMf7HAcGHDOAb8_g==/base.apk): ok
04-20 01:14:19.241 D/jni_lib_merge(12426): Entering merged library JNI_OnLoad.
04-20 01:14:19.242 D/jni_lib_merge(12426): Preparing 12 pre-merged libs (including stub)
04-20 01:14:19.242 D/jni_lib_merge(12426): Preparing to register libfabricjni_so.  onload_func: 0x73a9e35a50
04-20 01:14:19.242 D/jni_lib_merge(12426): Preparing to register libreact_devsupportjni_so.  onload_func: 0x73a9ef936c
04-20 01:14:19.242 D/jni_lib_merge(12426): Preparing to register libreact_featureflagsjni_so.  onload_func: 0x73a9f13ba8
04-20 01:14:19.242 D/jni_lib_merge(12426): Preparing to register libreact_newarchdefaults_so.  onload_func: 0x73a9f51d74
04-20 01:14:19.242 D/jni_lib_merge(12426): Preparing to register libreactnativeblob_so.  onload_func: 0x73a9ff2a4c
04-20 01:14:19.242 D/jni_lib_merge(12426): Preparing to register libreactnativejni_so.  onload_func: 0x73aa0079e4
04-20 01:14:19.242 D/jni_lib_merge(12426): Preparing to register libreactnativejni_common_so.  onload_func: 0x73aa00abe0
04-20 01:14:19.242 D/jni_lib_merge(12426): Preparing to register librninstance_so.  onload_func: 0x73aa027778
04-20 01:14:19.242 D/jni_lib_merge(12426): Preparing to register libturbomodulejsijni_so.  onload_func: 0x73aa0d10e0
04-20 01:14:19.242 D/jni_lib_merge(12426): Preparing to register libuimanagerjni_so.  onload_func: 0x73aa0d7b00
04-20 01:14:19.242 D/jni_lib_merge(12426): Preparing to register libyoga_so.  onload_func: 0x73aa0df0c4
04-20 01:14:19.242 D/jni_lib_merge(12426): About to register 11 actual methods.
04-20 01:14:19.245 D/nativeloader(12426): Load /data/app/~~TrM8jACE0MnXa9HqEieWVQ==/com.impos2.mixcretailassemblyrn84-AFjX45ZMf7HAcGHDOAb8_g==/base.apk!/lib/arm64-v8a/libreact_codegen_rnsvg.so using ns clns-7 from class loader (caller=/data/app/~~TrM8jACE0MnXa9HqEieWVQ==/com.impos2.mixcretailassemblyrn84-AFjX45ZMf7HAcGHDOAb8_g==/base.apk): ok
04-20 01:14:19.245 D/jni_lib_merge(12426): Entering merged library JNI_OnLoad.
04-20 01:14:19.245 D/jni_lib_merge(12426): Preparing 12 pre-merged libs (including stub)
04-20 01:14:19.245 D/jni_lib_merge(12426): Preparing to register libfabricjni_so.  onload_func: 0x73a9e35a50
04-20 01:14:19.245 D/jni_lib_merge(12426): Preparing to register libreact_devsupportjni_so.  onload_func: 0x73a9ef936c
04-20 01:14:19.245 D/jni_lib_merge(12426): Preparing to register libreact_featureflagsjni_so.  onload_func: 0x73a9f13ba8
04-20 01:14:19.245 D/jni_lib_merge(12426): Preparing to register libreact_newarchdefaults_so.  onload_func: 0x73a9f51d74
04-20 01:14:19.245 D/jni_lib_merge(12426): Preparing to register libreactnativeblob_so.  onload_func: 0x73a9ff2a4c
04-20 01:14:19.245 D/jni_lib_merge(12426): Preparing to register libreactnativejni_so.  onload_func: 0x73aa0079e4
04-20 01:14:19.245 D/jni_lib_merge(12426): Preparing to register libreactnativejni_common_so.  onload_func: 0x73aa00abe0
04-20 01:14:19.245 D/jni_lib_merge(12426): Preparing to register librninstance_so.  onload_func: 0x73aa027778
04-20 01:14:19.245 D/jni_lib_merge(12426): Preparing to register libturbomodulejsijni_so.  onload_func: 0x73aa0d10e0
04-20 01:14:19.245 D/jni_lib_merge(12426): Preparing to register libuimanagerjni_so.  onload_func: 0x73aa0d7b00
04-20 01:14:19.245 D/jni_lib_merge(12426): Preparing to register libyoga_so.  onload_func: 0x73aa0df0c4
04-20 01:14:19.245 D/jni_lib_merge(12426): About to register 11 actual methods.
04-20 01:14:19.245 D/nativeloader(12426): Load /data/app/~~TrM8jACE0MnXa9HqEieWVQ==/com.impos2.mixcretailassemblyrn84-AFjX45ZMf7HAcGHDOAb8_g==/base.apk!/lib/arm64-v8a/libappmodules.so using ns clns-7 from class loader (caller=/data/app/~~TrM8jACE0MnXa9HqEieWVQ==/com.impos2.mixcretailassemblyrn84-AFjX45ZMf7HAcGHDOAb8_g==/base.apk): ok
04-20 01:14:19.249 W/OptProp (  590): Cannot read opt property android.window.PROPERTY_COMPAT_ENABLE_FAKE_FOCUS
04-20 01:14:19.254 D/AppCompatDelegate(12426): Checking for metadata for AppLocalesMetadataHolderService : Service not found
04-20 01:14:19.262 D/FileUtils(  590): Rounded bytes from 3120193536 to 4000000000
04-20 01:14:19.267 D/nativeloader(12426): Load /data/app/~~TrM8jACE0MnXa9HqEieWVQ==/com.impos2.mixcretailassemblyrn84-AFjX45ZMf7HAcGHDOAb8_g==/base.apk!/lib/arm64-v8a/libhermesvm.so using ns clns-7 from class loader (caller=/data/app/~~TrM8jACE0MnXa9HqEieWVQ==/com.impos2.mixcretailassemblyrn84-AFjX45ZMf7HAcGHDOAb8_g==/base.apk): ok
04-20 01:14:19.267 D/nativeloader(12426): Load /data/app/~~TrM8jACE0MnXa9HqEieWVQ==/com.impos2.mixcretailassemblyrn84-AFjX45ZMf7HAcGHDOAb8_g==/base.apk!/lib/arm64-v8a/libhermestooling.so using ns clns-7 from class loader (caller=/data/app/~~TrM8jACE0MnXa9HqEieWVQ==/com.impos2.mixcretailassemblyrn84-AFjX45ZMf7HAcGHDOAb8_g==/base.apk): ok
04-20 01:14:19.267 D/jni_lib_merge(12426): Entering merged library JNI_OnLoad.
04-20 01:14:19.267 D/jni_lib_merge(12426): Preparing 4 pre-merged libs (including stub)
04-20 01:14:19.267 D/jni_lib_merge(12426): Preparing to register libhermes_executor_so.  onload_func: 0x7402ae9728
04-20 01:14:19.267 D/jni_lib_merge(12426): Preparing to register libhermesinstancejni_so.  onload_func: 0x7402af0d44
04-20 01:14:19.267 D/jni_lib_merge(12426): Preparing to register libjsijniprofiler_so.  onload_func: 0x7402af1530
04-20 01:14:19.267 D/jni_lib_merge(12426): About to register 3 actual methods.
04-20 01:14:19.272 W/unknown:BridgelessReact(12426): ReactHost{0}.startSurface(surfaceId = 0): Schedule
04-20 01:14:19.272 W/unknown:BridgelessReact(12426): ReactHost{0}.attachSurface(surfaceId = 0)
04-20 01:14:19.273 W/unknown:BridgelessReact(12426): ReactHost{0}.getOrCreateReactInstanceTask()
04-20 01:14:19.273 W/unknown:BridgelessReact(12426): ReactHost{0}.getOrCreateReactInstanceTask(): Start
04-20 01:14:19.273 W/unknown:BridgelessReact(12426): ReactHost{0}.getJSBundleLoader()
04-20 01:14:19.273 W/unknown:BridgelessReact(12426): ReactHost{0}.getOrCreateReactInstanceTask(): Creating BridgelessReactContext
04-20 01:14:19.273 W/unknown:BridgelessReact(12426): ReactHost{0}.getOrCreateReactInstanceTask(): Creating ReactInstance
04-20 01:14:19.277 I/StartupAudit(12426): activity_created activity=SecondaryActivity displayIndex=1 pid=12426 time=2026-04-20 01:14:19.277
04-20 01:14:19.282 W/unknown:BridgelessReact(12426): ReactHost{0}.onHostResume(activity)
04-20 01:14:19.282 W/unknown:BridgelessReact(12426): ReactHost{0}.ReactContext.onHostResume()
04-20 01:14:19.285 W/HWUI    (12426): Unknown dataspace 0
04-20 01:14:19.289 W/unknown:BridgelessReact(12426): ReactHost{0}.getOrCreateReactInstanceTask(): Loading JS Bundle
04-20 01:14:19.289 W/unknown:BridgelessReact(12426): ReactHost{0}.getOrCreateReactInstanceTask(): DevSupportManager.onNewReactContextCreated()
04-20 01:14:19.291 W/unknown:BridgelessReact(12426): ReactHost{0}.startSurface(surfaceId = 0): Execute
04-20 01:14:19.296 D/CoreBackPreview(  590): Window{f23ddd0 u0 com.impos2.mixcretailassemblyrn84/com.impos2.mixcretailassemblyrn84.SecondaryActivity}: Setting back callback OnBackInvokedCallbackInfo{mCallback=android.window.IOnBackInvokedCallback$Stub$Proxy@aa130ce, mPriority=0, mIsAnimationCallback=false}
04-20 01:14:19.298 I/ReactNativeJS(12426): Running "MixcRetailAssemblyRN84"
04-20 01:14:19.301 W/unknown:ViewManagerPropertyUpdater(12426): Could not find generated setter for class com.horcrux.svg.RenderableViewManager$DefsViewManager
04-20 01:14:19.301 I/EGL_emulation(12426): Opening libGLESv1_CM_emulation.so
04-20 01:14:19.301 I/EGL_emulation(12426): Opening libGLESv2_emulation.so
04-20 01:14:19.303 W/unknown:ViewManagerPropertyUpdater(12426): Could not find generated setter for class com.horcrux.svg.VirtualViewManager$c
04-20 01:14:19.303 W/HWUI    (12426): Failed to choose config with EGL_SWAP_BEHAVIOR_PRESERVED, retrying without...
04-20 01:14:19.304 W/HWUI    (12426): Failed to initialize 101010-2 format, error = EGL_SUCCESS
04-20 01:14:19.305 W/unknown:ViewManagerPropertyUpdater(12426): Could not find generated setter for class com.horcrux.svg.RenderableViewManager$FeMergeManager
04-20 01:14:19.306 W/unknown:ViewManagerPropertyUpdater(12426): Could not find generated setter for class com.facebook.react.views.safeareaview.ReactSafeAreaViewManager
04-20 01:14:19.306 W/unknown:ViewManagerPropertyUpdater(12426): Could not find generated setter for class com.facebook.react.uimanager.V
04-20 01:14:19.306 W/unknown:ViewManagerPropertyUpdater(12426): Could not find generated setter for class com.horcrux.svg.RenderableViewManager$LinearGradientManager
04-20 01:14:19.307 W/unknown:ViewManagerPropertyUpdater(12426): Could not find generated setter for class com.horcrux.svg.RenderableViewManager$FeGaussianBlurManager
04-20 01:14:19.307 W/unknown:ViewManagerPropertyUpdater(12426): Could not find generated setter for class com.facebook.react.views.progressbar.ReactProgressBarViewManager
04-20 01:14:19.307 W/unknown:ViewManagerPropertyUpdater(12426): Could not find generated setter for class com.facebook.react.views.progressbar.b
04-20 01:14:19.307 W/unknown:ViewManagerPropertyUpdater(12426): Could not find generated setter for class com.facebook.react.views.scroll.ReactHorizontalScrollViewManager
04-20 01:14:19.309 W/unknown:ViewManagerPropertyUpdater(12426): Could not find generated setter for class com.facebook.react.views.text.ReactTextViewManager
04-20 01:14:19.310 W/unknown:ViewManagerPropertyUpdater(12426): Could not find generated setter for class com.facebook.react.views.text.j
04-20 01:14:19.313 W/unknown:ViewManagerPropertyUpdater(12426): Could not find generated setter for class com.horcrux.svg.RenderableViewManager$FeColorMatrixManager
04-20 01:14:19.313 W/unknown:ViewManagerPropertyUpdater(12426): Could not find generated setter for class com.facebook.react.views.scroll.ReactHorizontalScrollContainerViewManager
04-20 01:14:19.314 W/unknown:ViewManagerPropertyUpdater(12426): Could not find generated setter for class com.horcrux.svg.RenderableViewManager$ClipPathViewManager
04-20 01:14:19.314 I/hwservicemanager(  162): getTransport: Cannot find entry android.hardware.graphics.mapper@4.0::IMapper/default in either framework or device VINTF manifest.
04-20 01:14:19.314 I/Gralloc4(12426): mapper 4.x is not supported
04-20 01:14:19.315 W/unknown:ViewManagerPropertyUpdater(12426): Could not find generated setter for class com.horcrux.svg.RenderableViewManager$SymbolManager
04-20 01:14:19.315 W/unknown:ViewManagerPropertyUpdater(12426): Could not find generated setter for class com.horcrux.svg.RenderableViewManager$PatternManager
04-20 01:14:19.316 W/unknown:ViewManagerPropertyUpdater(12426): Could not find generated setter for class com.horcrux.svg.RenderableViewManager$FeBlendManager
04-20 01:14:19.316 W/unknown:ViewManagerPropertyUpdater(12426): Could not find generated setter for class com.facebook.react.views.view.ReactViewManager
04-20 01:14:19.314 I/servicemanager(  157): Caller(pid=12426,uid=10214,sid=u:r:untrusted_app:s0:c214,c256,c512,c768) Could not find android.hardware.graphics.allocator.IAllocator/default in the VINTF manifest. No alternative instances declared in VINTF.
04-20 01:14:19.317 W/unknown:ViewManagerPropertyUpdater(12426): Could not find generated setter for class com.horcrux.svg.SvgViewManager
04-20 01:14:19.321 W/unknown:ViewManagerPropertyUpdater(12426): Could not find generated setter for class com.facebook.react.views.switchview.ReactSwitchManager
04-20 01:14:19.322 W/unknown:ViewManagerPropertyUpdater(12426): Could not find generated setter for class com.facebook.react.views.switchview.d
04-20 01:14:19.322 W/unknown:ViewManagerPropertyUpdater(12426): Could not find generated setter for class com.horcrux.svg.RenderableViewManager$UseViewManager
04-20 01:14:19.323 W/unknown:ViewManagerPropertyUpdater(12426): Could not find generated setter for class com.horcrux.svg.RenderableViewManager$CircleViewManager
04-20 01:14:19.323 W/unknown:ViewManagerPropertyUpdater(12426): Could not find generated setter for class com.horcrux.svg.RenderableViewManager$TSpanViewManager
04-20 01:14:19.324 W/unknown:ViewManagerPropertyUpdater(12426): Could not find generated setter for class com.horcrux.svg.RenderableViewManager$FilterManager
04-20 01:14:19.324 W/unknown:ViewManagerPropertyUpdater(12426): Could not find generated setter for class com.horcrux.svg.RenderableViewManager$MarkerManager
04-20 01:14:19.325 W/unknown:ViewManagerPropertyUpdater(12426): Could not find generated setter for class com.facebook.react.views.modal.ReactModalHostManager
04-20 01:14:19.326 W/unknown:BridgelessReact(12426): ReactHost{0}.ReactContext.onHostResume()
04-20 01:14:19.326 W/unknown:BridgelessReact(12426): ReactHost{0}.getOrCreateReactInstanceTask(): Executing ReactInstanceEventListeners
04-20 01:14:19.328 W/unknown:ViewManagerPropertyUpdater(12426): Could not find generated setter for class com.horcrux.svg.RenderableViewManager$ForeignObjectManager
04-20 01:14:19.330 W/unknown:ViewManagerPropertyUpdater(12426): Could not find generated setter for class com.horcrux.svg.RenderableViewManager$EllipseViewManager
04-20 01:14:19.331 I/ActivityTaskManager(  590): Displayed com.impos2.mixcretailassemblyrn84/.SecondaryActivity for user 0: +158ms
04-20 01:14:19.334 W/unknown:ViewManagerPropertyUpdater(12426): Could not find generated setter for class com.horcrux.svg.RenderableViewManager$LineViewManager
04-20 01:14:19.335 W/unknown:ViewManagerPropertyUpdater(12426): Could not find generated setter for class com.facebook.react.views.text.frescosupport.FrescoBasedReactTextInlineImageViewManager
04-20 01:14:19.335 W/unknown:ViewManagerPropertyUpdater(12426): Could not find generated setter for class com.facebook.react.views.text.frescosupport.a
04-20 01:14:19.336 W/unknown:ViewManagerPropertyUpdater(12426): Could not find generated setter for class com.horcrux.svg.RenderableViewManager$FeFloodManager
04-20 01:14:19.337 W/unknown:ViewManagerPropertyUpdater(12426): Could not find generated setter for class com.horcrux.svg.RenderableViewManager$GroupViewManager
04-20 01:14:19.339 W/unknown:ViewManagerPropertyUpdater(12426): Could not find generated setter for class com.horcrux.svg.RenderableViewManager$TextViewManager
04-20 01:14:19.341 W/unknown:ViewManagerPropertyUpdater(12426): Could not find generated setter for class com.horcrux.svg.RenderableViewManager$ImageViewManager
04-20 01:14:19.344 W/unknown:ViewManagerPropertyUpdater(12426): Could not find generated setter for class com.horcrux.svg.RenderableViewManager$FeCompositeManager
04-20 01:14:19.347 W/unknown:ViewManagerPropertyUpdater(12426): Could not find generated setter for class com.facebook.react.views.image.ReactImageManager
04-20 01:14:19.349 W/unknown:ViewManagerPropertyUpdater(12426): Could not find generated setter for class com.horcrux.svg.RenderableViewManager$RadialGradientManager
04-20 01:14:19.351 W/unknown:ViewManagerPropertyUpdater(12426): Could not find generated setter for class com.horcrux.svg.RenderableViewManager$MaskManager
04-20 01:14:19.352 W/unknown:ViewManagerPropertyUpdater(12426): Could not find generated setter for class com.facebook.react.views.unimplementedview.ReactUnimplementedViewManager
04-20 01:14:19.353 W/unknown:ViewManagerPropertyUpdater(12426): Could not find generated setter for class com.horcrux.svg.RenderableViewManager$RectViewManager
04-20 01:14:19.355 W/unknown:ViewManagerPropertyUpdater(12426): Could not find generated setter for class com.horcrux.svg.RenderableViewManager$TextPathViewManager
04-20 01:14:19.356 W/unknown:ViewManagerPropertyUpdater(12426): Could not find generated setter for class com.facebook.react.views.scroll.ReactScrollViewManager
04-20 01:14:19.357 W/unknown:ViewManagerPropertyUpdater(12426): Could not find generated setter for class com.horcrux.svg.RenderableViewManager$FeOffsetManager
04-20 01:14:19.358 W/unknown:ViewManagerPropertyUpdater(12426): Could not find generated setter for class com.horcrux.svg.RenderableViewManager$PathViewManager
04-20 01:14:19.360 W/unknown:ViewManagerPropertyUpdater(12426): Could not find generated setter for class com.facebook.react.views.drawer.ReactDrawerLayoutManager
