--------- beginning of main
04-20 01:14:15.490 W/.apps.wellbeing(22500): ApkAssets: Deleting an ApkAssets object '/product/overlay/Traceur__sdk_gtablet_arm64__auto_generated_rro_product.apk' with 1 weak references
04-20 01:14:15.490 W/.apps.wellbeing(22500): ApkAssets: Deleting an ApkAssets object '<empty> and /apex/com.android.cellbroadcast/priv-app/GoogleCellBroadcastApp@350820300/GoogleCellBroadcastApp.apk' with 1 weak references
04-20 01:14:15.490 W/.apps.wellbeing(22500): ApkAssets: Deleting an ApkAssets object '<empty> and /system/priv-app/ContactsProvider/ContactsProvider.apk' with 1 weak references
04-20 01:14:15.490 W/.apps.wellbeing(22500): ApkAssets: Deleting an ApkAssets object '/product/overlay/ContactsProvider__sdk_gtablet_arm64__auto_generated_rro_product.apk' with 1 weak references
04-20 01:14:15.490 W/.apps.wellbeing(22500): ApkAssets: Deleting an ApkAssets object '<empty> and /product/app/LatinIMEGooglePrebuilt/LatinIMEGooglePrebuilt.apk' with 1 weak references
04-20 01:14:15.491 W/.apps.wellbeing(22500): ApkAssets: Deleting an ApkAssets object '<empty> and /product/priv-app/GoogleRestorePrebuilt-v526684/GoogleRestorePrebuilt-v526684.apk' with 1 weak references
04-20 01:14:15.492 I/libprocessgroup(  590): Removed cgroup /sys/fs/cgroup/uid_10138/pid_11778
04-20 01:14:15.493 I/libprocessgroup(  590): Removed cgroup /sys/fs/cgroup/uid_10135/pid_11336
04-20 01:14:15.493 I/libprocessgroup(  590): Removed cgroup /sys/fs/cgroup/uid_10165/pid_2653
04-20 01:14:15.499 W/gle.android.gms( 4607): ApkAssets: Deleting an ApkAssets object '<empty> and /data/app/~~TrM8jACE0MnXa9HqEieWVQ==/com.impos2.mixcretailassemblyrn84-AFjX45ZMf7HAcGHDOAb8_g==/base.apk' with 1 weak references
04-20 01:14:15.634 D/AndroidRuntime(12322): >>>>>> START com.android.internal.os.RuntimeInit uid 2000 <<<<<<
04-20 01:14:15.637 I/AndroidRuntime(12322): Using default boot image
04-20 01:14:15.637 I/AndroidRuntime(12322): Leaving lock profiling enabled
04-20 01:14:15.638 I/app_process(12322): Core platform API reporting enabled, enforcing=false
04-20 01:14:15.638 I/app_process(12322): Using CollectorTypeCMC GC.
04-20 01:14:15.677 D/nativeloader(12322): InitDefaultPublicLibraries for_preload=1: libandroid.so:libaaudio.so:libamidi.so:libbinder_ndk.so:libc.so:libcamera2ndk.so:libdl.so:libEGL.so:libGLESv1_CM.so:libGLESv2.so:libGLESv3.so:libicu.so:libicui18n.so:libicuuc.so:libjnigraphics.so:liblog.so:libmediandk.so:libm.so:libnativehelper.so:libnativewindow.so:libOpenMAXAL.so:libOpenSLES.so:libRS.so:libstdc++.so:libsync.so:libvulkan.so:libwebviewchromium_plat_support.so:libz.so
04-20 01:14:15.684 D/nativeloader(12322): Load libicu_jni.so using APEX ns com_android_art for caller /apex/com.android.art/javalib/core-oj.jar: ok
04-20 01:14:15.684 D/app_process(12322): u_setTimeZoneFilesDirectory("/apex/com.android.tzdata/etc/tz/versioned/8/icu") succeeded. 
04-20 01:14:15.684 D/app_process(12322): I18n APEX ICU file found: /apex/com.android.i18n/etc/icu/icudt75l.dat
04-20 01:14:15.685 D/nativeloader(12322): Load libjavacore.so using APEX ns com_android_art for caller /apex/com.android.art/javalib/core-oj.jar: ok
04-20 01:14:15.685 D/nativeloader(12322): Load libopenjdk.so using APEX ns com_android_art for caller /apex/com.android.art/javalib/core-oj.jar: ok
04-20 01:14:15.695 D/nativeloader(12322): Load libframework-connectivity-tiramisu-jni.so using APEX ns com_android_tethering for caller /apex/com.android.tethering/javalib/framework-connectivity-t.jar: ok
04-20 01:14:15.696 D/AndroidRuntime(12322): Calling main entry com.android.commands.monkey.Monkey
04-20 01:14:15.696 W/Monkey  (12322): args: [-p, com.impos2.mixcretailassemblyrn84, -c, android.intent.category.LAUNCHER, 1]
04-20 01:14:15.696 W/Monkey  (12322):  arg: "-p"
04-20 01:14:15.696 W/Monkey  (12322):  arg: "com.impos2.mixcretailassemblyrn84"
04-20 01:14:15.696 W/Monkey  (12322):  arg: "-c"
04-20 01:14:15.696 W/Monkey  (12322):  arg: "android.intent.category.LAUNCHER"
04-20 01:14:15.696 W/Monkey  (12322):  arg: "1"
04-20 01:14:15.696 W/Monkey  (12322): data="com.impos2.mixcretailassemblyrn84"
04-20 01:14:15.696 W/Monkey  (12322): data="android.intent.category.LAUNCHER"
--------- beginning of system
04-20 01:14:15.704 W/ActivityManager(  590): registerReceiverWithFeature: no app for null
04-20 01:14:15.710 W/ActivityTaskManager(  590): callingPackage for (uid=2000, pid=12322) has no WPC
04-20 01:14:15.711 W/OptProp (  590): Cannot read opt property android.window.PROPERTY_COMPAT_ALLOW_USER_ASPECT_RATIO_OVERRIDE
04-20 01:14:15.711 W/OptProp (  590): Cannot read opt property android.window.PROPERTY_COMPAT_ALLOW_USER_ASPECT_RATIO_FULLSCREEN_OVERRIDE
04-20 01:14:15.711 W/OptProp (  590): Cannot read opt property android.window.PROPERTY_COMPAT_ALLOW_ORIENTATION_OVERRIDE
04-20 01:14:15.712 V/GrammaticalInflectionUtils(  590): AttributionSource: AttributionSource { uid = 10214, packageName = null, attributionTag = null, token = android.os.Binder@bdb3573, deviceId = 0, next = null } does not have READ_SYSTEM_GRAMMATICAL_GENDER permission.
04-20 01:14:15.712 W/OptProp (  590): Cannot read opt property android.window.PROPERTY_COMPAT_ALLOW_RESIZEABLE_ACTIVITY_OVERRIDES
04-20 01:14:15.712 W/OptProp (  590): Cannot read opt property android.window.PROPERTY_COMPAT_ALLOW_MIN_ASPECT_RATIO_OVERRIDE
04-20 01:14:15.715 W/InputDispatcher(  590): Focused display #0 does not have a focused window.
04-20 01:14:15.715 E/InputDispatcher(  590): But another display has a focused window
04-20 01:14:15.715 E/InputDispatcher(  590):   FocusedWindows:
04-20 01:14:15.715 E/InputDispatcher(  590):     displayId=2, name='57831cd com.google.android.apps.nexuslauncher/com.android.launcher3.secondarydisplay.SecondaryDisplayLauncher'
04-20 01:14:15.718 V/WindowManagerShell(  836): Transition requested (#521): android.os.BinderProxy@1201d4 TransitionRequestInfo { type = OPEN, triggerTask = TaskInfo{userId=0 taskId=844 displayId=0 isRunning=true baseIntent=Intent { act=android.intent.action.MAIN cat=[android.intent.category.LAUNCHER] flg=0x10200000 cmp=com.impos2.mixcretailassemblyrn84/.MainActivity } baseActivity=ComponentInfo{com.impos2.mixcretailassemblyrn84/com.impos2.mixcretailassemblyrn84.MainActivity} topActivity=ComponentInfo{com.impos2.mixcretailassemblyrn84/com.impos2.mixcretailassemblyrn84.MainActivity} origActivity=null realActivity=ComponentInfo{com.impos2.mixcretailassemblyrn84/com.impos2.mixcretailassemblyrn84.MainActivity} numActivities=1 lastActiveTime=260241264 supportsMultiWindow=true resizeMode=1 isResizeable=true minWidth=-1 minHeight=-1 defaultMinSize=220 token=WCT{android.window.IWindowContainerToken$Stub$Proxy@2318f7d} topActivityType=1 pictureInPictureParams=null shouldDockBigOverlays=false launchIntoPipHostTaskId=-1 lastParentTaskIdBeforePip=-1 displayCutoutSafeInsets=null topActivityInfo=ActivityInfo{805e72 com.impos2.mixcretailassemblyrn84.MainActivity} launchCookies=[] positionInParent=Point(0, 0) parentTaskId=-1 isFocused=false isVisible=false isVisibleRequested=false isSleeping=false locusId=null displayAreaFeatureId=1 isTopActivityTransparent=false appCompatTaskInfo=AppCompatTaskInfo { topActivityInSizeCompat=false topActivityEligibleForLetterboxEducation= falseisLetterboxEducationEnabled= true isLetterboxDoubleTapEnabled= false topActivityEligibleForUserAspectRatioButton= true topActivityBoundsLetterboxed= false isFromLetterboxDoubleTap= false topActivityLetterboxVerticalPosition= -1 topActivityLetterboxHorizontalPosition= -1 topActivityLetterboxWidth=2560 topActivityLetterboxHeight=1600 isUserFullscreenOverrideEnabled=false isSystemFullscreenOverrideEnabled=false cameraCompatTaskInfo=CameraCompatTaskInfo { cameraCompatControlState=hidden freeformCameraCompatMode=inactive}}}, pipTask = null, remoteTransition = null, displayChange = null, flags = 0, debugId = 521 }
04-20 01:14:15.718 D/ShellDesktopMode(  836): DesktopTaskRepo: visibleTaskCount= 0
04-20 01:14:15.718 I/ActivityTaskManager(  590): START u0 {act=android.intent.action.MAIN cat=[android.intent.category.LAUNCHER] flg=0x10200000 cmp=com.impos2.mixcretailassemblyrn84/.MainActivity} with LAUNCH_SINGLE_TASK from uid 2000 (BAL_ALLOW_PERMISSION) result code=0
04-20 01:14:15.719 I/Monkey  (12322): Events injected: 1
04-20 01:14:15.719 D/SplashScreenView(  836): Build android.window.SplashScreenView{4cca679 V.E...... ......ID 0,0-0,0}
04-20 01:14:15.719 D/SplashScreenView(  836): Icon: view: android.widget.ImageView{71efbe V.ED..... ......I. 0,0-0,0 #1020504 android:id/splashscreen_icon_view} drawable: com.android.wm.shell.startingsurface.SplashscreenIconDrawableFactory$ImmobileIconDrawable@283281f size: 424
04-20 01:14:15.719 D/SplashScreenView(  836): Branding: view: android.view.View{f0bb76c G.ED..... ......I. 0,0-0,0 #1020503 android:id/splashscreen_branding_view} drawable: null size w: 0 h: 0
04-20 01:14:15.721 W/SplitSelectStateCtor( 1099): Missing session instanceIds
04-20 01:14:15.721 D/StatsLog( 1099): LAUNCHER_SPLIT_SELECTION_EXIT_INTERRUPTED
04-20 01:14:15.721 I/Monkey  (12322): ## Network stats: elapsed time=11ms (0ms mobile, 0ms wifi, 11ms not connected)
04-20 01:14:15.721 I/app_process(12322): System.exit called, status: 0
04-20 01:14:15.721 I/AndroidRuntime(12322): VM exiting with result code 0.
04-20 01:14:15.722 V/GrammaticalInflectionUtils(  590): AttributionSource: AttributionSource { uid = 10214, packageName = null, attributionTag = null, token = android.os.Binder@bdb3573, deviceId = 0, next = null } does not have READ_SYSTEM_GRAMMATICAL_GENDER permission.
04-20 01:14:15.724 I/AppsFilter(  590): interaction: PackageSetting{5f4d992 com.impos2.adapter.dev/10230} -> PackageSetting{f3d1afa com.impos2.mixcretailassemblyrn84/10214} BLOCKED
04-20 01:14:15.724 I/AppsFilter(  590): interaction: PackageSetting{28f2760 com.impos2.mixcretailrn84v2/10231} -> PackageSetting{f3d1afa com.impos2.mixcretailassemblyrn84/10214} BLOCKED
04-20 01:14:15.724 I/AppsFilter(  590): interaction: PackageSetting{9333419 com.impos2.mixcretailrn84/10234} -> PackageSetting{f3d1afa com.impos2.mixcretailassemblyrn84/10214} BLOCKED
04-20 01:14:15.724 I/AppsFilter(  590): interaction: PackageSetting{902fcde com.impos2.posadapter/10229} -> PackageSetting{f3d1afa com.impos2.mixcretailassemblyrn84/10214} BLOCKED
04-20 01:14:15.724 D/WindowManagerShell(  836): setLauncherKeepClearAreaHeight: visible=false, height=223
04-20 01:14:15.726 I/BpBinder(  439): onLastStrongRef automatically unlinking death recipients: 
04-20 01:14:15.726 I/TopTaskTracker( 1099): onTaskMovedToFront: (moved taskInfo to front) taskId=844, baseIntent=Intent { act=android.intent.action.MAIN cat=[android.intent.category.LAUNCHER] flg=0x10200000 cmp=com.impos2.mixcretailassemblyrn84/.MainActivity }
04-20 01:14:15.728 W/OptProp (  590): Cannot read opt property android.window.PROPERTY_COMPAT_ALLOW_DISPLAY_ORIENTATION_OVERRIDE
04-20 01:14:15.731 I/AppWidgetServiceImpl(  590): Received broadcast: android.intent.action.PACKAGE_UNSTOPPED on user 0
04-20 01:14:15.732 I/AppWidgetServiceImpl(  590): Updating package stopped masked state for uid 10214 package com.impos2.mixcretailassemblyrn84 isStopped false
04-20 01:14:15.735 D/CoreBackPreview(  590): Window{919d2a1 u0 Splash Screen com.impos2.mixcretailassemblyrn84}: Setting back callback OnBackInvokedCallbackInfo{mCallback=android.window.IOnBackInvokedCallback$Stub$Proxy@3aae14c, mPriority=0, mIsAnimationCallback=false}
04-20 01:14:15.738 D/Zygote  (  389): Forked child process 12334
04-20 01:14:15.742 I/ActivityManager(  590): Start proc 12334:com.impos2.mixcretailassemblyrn84/u0a214 for next-top-activity {com.impos2.mixcretailassemblyrn84/com.impos2.mixcretailassemblyrn84.MainActivity}
04-20 01:14:15.743 I/ailassemblyrn84(12334): Using CollectorTypeCMC GC.
04-20 01:14:15.745 E/ailassemblyrn84(12334): Not starting debugger since process cannot load the jdwp agent.
04-20 01:14:15.750 D/nativeloader(12334): Load libframework-connectivity-tiramisu-jni.so using APEX ns com_android_tethering for caller /apex/com.android.tethering/javalib/framework-connectivity-t.jar: ok
04-20 01:14:15.759 V/WindowManager(  590): Sent Transition (#521) createdAt=04-20 01:14:15.712 via request=TransitionRequestInfo { type = OPEN, triggerTask = TaskInfo{userId=0 taskId=844 displayId=0 isRunning=true baseIntent=Intent { act=android.intent.action.MAIN cat=[android.intent.category.LAUNCHER] flg=0x10200000 cmp=com.impos2.mixcretailassemblyrn84/.MainActivity } baseActivity=ComponentInfo{com.impos2.mixcretailassemblyrn84/com.impos2.mixcretailassemblyrn84.MainActivity} topActivity=ComponentInfo{com.impos2.mixcretailassemblyrn84/com.impos2.mixcretailassemblyrn84.MainActivity} origActivity=null realActivity=ComponentInfo{com.impos2.mixcretailassemblyrn84/com.impos2.mixcretailassemblyrn84.MainActivity} numActivities=1 lastActiveTime=260241264 supportsMultiWindow=true resizeMode=1 isResizeable=true minWidth=-1 minHeight=-1 defaultMinSize=220 token=WCT{RemoteToken{a73924d Task{da69f69 #844 type=standard A=10214:com.impos2.mixcretailassemblyrn84}}} topActivityType=1 pictureInPictureParams=null shouldDockBigOverlays=false launchIntoPipHostTaskId=-1 lastParentTaskIdBeforePip=-1 displayCutoutSafeInsets=null topActivityInfo=ActivityInfo{e56f102 com.impos2.mixcretailassemblyrn84.MainActivity} launchCookies=[] positionInParent=Point(0, 0) parentTaskId=-1 isFocused=false isVisible=false isVisibleRequested=false isSleeping=false locusId=null displayAreaFeatureId=1 isTopActivityTransparent=false appCompatTaskInfo=AppCompatTaskInfo { topActivityInSizeCompat=false topActivityEligibleForLetterboxEducation= falseisLetterboxEducationEnabled= true isLetterboxDoubleTapEnabled= false topActivityEligibleForUserAspectRatioButton= true topActivityBoundsLetterboxed= false isFromLetterboxDoubleTap= false topActivityLetterboxVerticalPosition= -1 topActivityLetterboxHorizontalPosition= -1 topActivityLetterboxWidth=2560 topActivityLetterboxHeight=1600 isUserFullscreenOverrideEnabled=false isSystemFullscreenOverrideEnabled=false cameraCompatTaskInfo=CameraCompatTaskInfo { cameraCompatControlState=hidden freeformCameraCompatMode=inactive}}}, pipTask = null, remoteTransition = null, displayChange = null, flags = 0, debugId = 521 }
04-20 01:14:15.759 V/WindowManager(  590):     startWCT=WindowContainerTransaction { changes = {} hops = [] errorCallbackToken=null taskFragmentOrganizer=null }
04-20 01:14:15.759 V/WindowManager(  590):     info={id=521 t=OPEN f=0x0 trk=0 r=[0@Point(0, 0)] c=[
04-20 01:14:15.759 V/WindowManager(  590):         {WCT{RemoteToken{a73924d Task{da69f69 #844 type=standard A=10214:com.impos2.mixcretailassemblyrn84}}} m=OPEN f=NONE leash=Surface(name=Task=844)/@0xcb6d77 sb=Rect(0, 0 - 2560, 1600) eb=Rect(0, 0 - 2560, 1600) d=0 taskParent=-1},
04-20 01:14:15.759 V/WindowManager(  590):         {WCT{RemoteToken{eecd609 Task{403a6f7 #1 type=home}}} m=TO_BACK f=SHOW_WALLPAPER leash=Surface(name=Task=1)/@0x27bc150 sb=Rect(0, 0 - 2560, 1600) eb=Rect(0, 0 - 2560, 1600) d=0 taskParent=-1}
04-20 01:14:15.759 V/WindowManager(  590):     ]}
04-20 01:14:15.766 V/WindowManagerShell(  836): onTransitionReady(transaction=2534030743599)
04-20 01:14:15.766 V/WindowManagerShell(  836): onTransitionReady (#521) android.os.BinderProxy@1201d4: {id=521 t=OPEN f=0x0 trk=0 r=[0@Point(0, 0)] c=[{WCT{android.window.IWindowContainerToken$Stub$Proxy@1cc570f} m=OPEN f=NONE leash=Surface(name=Task=844)/@0x62a51ed sb=Rect(0, 0 - 2560, 1600) eb=Rect(0, 0 - 2560, 1600) d=0 taskParent=-1},{WCT{android.window.IWindowContainerToken$Stub$Proxy@b21d39c} m=TO_BACK f=SHOW_WALLPAPER leash=Surface(name=Task=1)/@0xf494822 sb=Rect(0, 0 - 2560, 1600) eb=Rect(0, 0 - 2560, 1600) d=0 taskParent=-1}]}
04-20 01:14:15.769 D/EGL_emulation( 1099): app_time_stats: avg=27274.28ms min=27274.28ms max=27274.28ms count=1
04-20 01:14:15.769 V/WindowManagerShell(  836): Playing animation for (#521) android.os.BinderProxy@1201d4@0
04-20 01:14:15.769 V/WindowManagerShell(  836):  try handler com.android.wm.shell.transition.DefaultMixedHandler@a4b4bb1
04-20 01:14:15.769 V/WindowManagerShell(  836):  try handler com.android.wm.shell.keyguard.KeyguardTransitionHandler@f055896
04-20 01:14:15.769 V/WindowManagerShell(  836):  try handler com.android.wm.shell.pip.PipTransition@489c17
04-20 01:14:15.769 V/WindowManagerShell(  836):  try handler com.android.wm.shell.activityembedding.ActivityEmbeddingController@f43a804
04-20 01:14:15.769 V/WindowManagerShell(  836):  try handler com.android.wm.shell.splitscreen.StageCoordinator@417f1ed
04-20 01:14:15.769 V/WindowManagerShell(  836):  try handler com.android.wm.shell.desktopmode.DesktopTasksController@4366822
04-20 01:14:15.769 V/WindowManagerShell(  836):  try handler com.android.wm.shell.recents.RecentsTransitionHandler@b30e2b3
04-20 01:14:15.769 V/ShellRecents(  836): RecentsTransitionHandler.startAnimation: no controller found
04-20 01:14:15.769 V/WindowManagerShell(  836):  try handler com.android.wm.shell.transition.RemoteTransitionHandler@2554070
04-20 01:14:15.769 V/WindowManagerShell(  836): Transition doesn't have explicit remote, search filters for match for {id=521 t=OPEN f=0x0 trk=0 r=[0@Point(0, 0)] c=[{WCT{android.window.IWindowContainerToken$Stub$Proxy@1cc570f} m=OPEN f=NONE leash=Surface(name=Task=844)/@0x62a51ed sb=Rect(0, 0 - 2560, 1600) eb=Rect(0, 0 - 2560, 1600) d=0 taskParent=-1},{WCT{android.window.IWindowContainerToken$Stub$Proxy@b21d39c} m=TO_BACK f=SHOW_WALLPAPER leash=Surface(name=Task=1)/@0xf494822 sb=Rect(0, 0 - 2560, 1600) eb=Rect(0, 0 - 2560, 1600) d=0 taskParent=-1}]}
04-20 01:14:15.769 V/WindowManagerShell(  836):  Checking filter Pair{{types=[] flags=0x0] notFlags=0x0 checks=[{atype=undefined independent=true modes=[OPEN,TO_FRONT] flags=IN_TASK_WITH_EMBEDDED_ACTIVITY mustBeTask=false order=ANY topActivity=ComponentInfo{com.google.android.apps.nexuslauncher/com.google.android.apps.nexuslauncher.NexusLauncherActivity} launchCookie=null},{atype=undefined independent=true modes=[CLOSE,TO_BACK] flags=IN_TASK_WITH_EMBEDDED_ACTIVITY mustBeTask=false order=ANY topActivity=null launchCookie=null}]} RemoteTransition { remoteTransition = android.window.IRemoteTransition$Stub$Proxy@e8ebfe9, appThread = android.app.IApplicationThread$Stub$Proxy@876e46e, debugName = OverlaySwipeBack }}
04-20 01:14:15.769 V/WindowManagerShell(  836):  Checking filter Pair{{types=[] flags=0x0] notFlags=0x0 checks=[{atype=dream independent=true modes=[OPEN,TO_FRONT] flags=NONE mustBeTask=false order=ANY topActivity=null launchCookie=null},{atype=home independent=true modes=[CLOSE,TO_BACK] flags=NONE mustBeTask=false order=ANY topActivity=null launchCookie=null}]} RemoteTransition { remoteTransition = android.window.IRemoteTransition$Stub$Proxy@f4cf70f, appThread = android.app.IApplicationThread$Stub$Proxy@ba5f39c, debugName = LauncherToDream }}
04-20 01:14:15.769 V/WindowManagerShell(  836):  Checking filter Pair{{types=[] flags=0x0] notFlags=0x100 checks=[{atype=home independent=true modes=[OPEN,TO_FRONT] flags=NONE mustBeTask=false order=TOP topActivity=ComponentInfo{com.google.android.apps.nexuslauncher/com.google.android.apps.nexuslauncher.NexusLauncherActivity} launchCookie=null},{atype=standard independent=true modes=[CLOSE,TO_BACK] flags=NONE mustBeTask=false order=ANY topActivity=null launchCookie=null}]} RemoteTransition { remoteTransition = android.window.IRemoteTransition$Stub$Proxy@c8a71a5, appThread = android.app.IApplicationThread$Stub$Proxy@30d97a, debugName = QuickstepLaunchHome }}
04-20 01:14:15.769 V/WindowManagerShell(  836):  Delegate animation for (#521) to null
04-20 01:14:15.769 V/WindowManagerShell(  836):  try handler com.android.wm.shell.transition.DefaultTransitionHandler@56bf52b
04-20 01:14:15.769 V/WindowManagerShell(  836): start default transition animation, info = {id=521 t=OPEN f=0x0 trk=0 r=[0@Point(0, 0)] c=[{WCT{android.window.IWindowContainerToken$Stub$Proxy@1cc570f} m=OPEN f=NONE leash=Surface(name=Task=844)/@0x62a51ed sb=Rect(0, 0 - 2560, 1600) eb=Rect(0, 0 - 2560, 1600) d=0 taskParent=-1},{WCT{android.window.IWindowContainerToken$Stub$Proxy@b21d39c} m=TO_BACK f=SHOW_WALLPAPER leash=Surface(name=Task=1)/@0xf494822 sb=Rect(0, 0 - 2560, 1600) eb=Rect(0, 0 - 2560, 1600) d=0 taskParent=-1}]}
04-20 01:14:15.770 V/WindowManagerShell(  836): loadAnimation: anim=android.view.animation.AnimationSet@5d0905d animAttr=0x13 type=OPEN isEntrance=false
04-20 01:14:15.770 V/WindowManagerShell(  836): loadAnimation: anim=android.view.animation.AnimationSet@ae785a0 animAttr=0x12 type=OPEN isEntrance=true
04-20 01:14:15.770 V/WindowManagerShell(  836):  animated by com.android.wm.shell.transition.DefaultTransitionHandler@56bf52b
04-20 01:14:15.771 D/nativeloader(12334): Configuring clns-7 for other apk /data/app/~~TrM8jACE0MnXa9HqEieWVQ==/com.impos2.mixcretailassemblyrn84-AFjX45ZMf7HAcGHDOAb8_g==/base.apk. target_sdk_version=36, uses_libraries=, library_path=/data/app/~~TrM8jACE0MnXa9HqEieWVQ==/com.impos2.mixcretailassemblyrn84-AFjX45ZMf7HAcGHDOAb8_g==/lib/arm64:/data/app/~~TrM8jACE0MnXa9HqEieWVQ==/com.impos2.mixcretailassemblyrn84-AFjX45ZMf7HAcGHDOAb8_g==/base.apk!/lib/arm64-v8a, permitted_path=/data:/mnt/expand:/data/user/0/com.impos2.mixcretailassemblyrn84
04-20 01:14:15.772 W/UserManagerService(  590): Requested status bar icon for non-badged user 0
04-20 01:14:15.783 D/EGL_emulation(  836): app_time_stats: avg=15749.14ms min=15749.14ms max=15749.14ms count=1
04-20 01:14:15.788 V/GraphicsEnvironment(12334): Currently set values for:
04-20 01:14:15.788 V/GraphicsEnvironment(12334):   angle_gl_driver_selection_pkgs=[]
04-20 01:14:15.788 V/GraphicsEnvironment(12334):   angle_gl_driver_selection_values=[]
04-20 01:14:15.788 V/GraphicsEnvironment(12334): Global.Settings values are invalid: number of packages: 0, number of values: 0
04-20 01:14:15.788 V/GraphicsEnvironment(12334): Neither updatable production driver nor prerelease driver is supported.
04-20 01:14:15.800 D/EGL_emulation( 1099): app_time_stats: avg=28541.34ms min=28541.34ms max=28541.34ms count=1
04-20 01:14:15.808 W/SoLoader(12334): Initializing SoLoader: 0
04-20 01:14:15.808 W/SoLoader(12334): Recording new base apk path: /data/app/~~TrM8jACE0MnXa9HqEieWVQ==/com.impos2.mixcretailassemblyrn84-AFjX45ZMf7HAcGHDOAb8_g==/base.apk
04-20 01:14:15.808 W/SoLoader(12334): Previously recorded 0 base apk paths.
04-20 01:14:15.808 I/SoLoader(12334): Preparing SO source: DirectorySoSource[root = /vendor/lib64 flags = 2]
04-20 01:14:15.808 I/SoLoader(12334): Preparing SO source: DirectorySoSource[root = /system/lib64 flags = 2]
04-20 01:14:15.808 I/SoLoader(12334): Preparing SO source: DirectApkSoSource[root = [/data/app/~~TrM8jACE0MnXa9HqEieWVQ==/com.impos2.mixcretailassemblyrn84-AFjX45ZMf7HAcGHDOAb8_g==/base.apk!/lib/arm64-v8a]]
04-20 01:14:15.810 I/SoLoader(12334): Preparing SO source: ApplicationSoSource[DirectorySoSource[root = /data/app/~~TrM8jACE0MnXa9HqEieWVQ==/com.impos2.mixcretailassemblyrn84-AFjX45ZMf7HAcGHDOAb8_g==/lib/arm64 flags = 0]]
04-20 01:14:15.810 I/SoLoader(12334): init finish: 4 SO sources prepared
04-20 01:14:15.810 W/SoLoader(12334): SoLoader initialized: 8
04-20 01:14:15.814 D/nativeloader(12334): Load /data/app/~~TrM8jACE0MnXa9HqEieWVQ==/com.impos2.mixcretailassemblyrn84-AFjX45ZMf7HAcGHDOAb8_g==/base.apk!/lib/arm64-v8a/libc++_shared.so using ns clns-7 from class loader (caller=/data/app/~~TrM8jACE0MnXa9HqEieWVQ==/com.impos2.mixcretailassemblyrn84-AFjX45ZMf7HAcGHDOAb8_g==/base.apk): ok
04-20 01:14:15.816 D/nativeloader(12334): Load /data/app/~~TrM8jACE0MnXa9HqEieWVQ==/com.impos2.mixcretailassemblyrn84-AFjX45ZMf7HAcGHDOAb8_g==/base.apk!/lib/arm64-v8a/libjsi.so using ns clns-7 from class loader (caller=/data/app/~~TrM8jACE0MnXa9HqEieWVQ==/com.impos2.mixcretailassemblyrn84-AFjX45ZMf7HAcGHDOAb8_g==/base.apk): ok
04-20 01:14:15.818 D/nativeloader(12334): Load /data/app/~~TrM8jACE0MnXa9HqEieWVQ==/com.impos2.mixcretailassemblyrn84-AFjX45ZMf7HAcGHDOAb8_g==/base.apk!/lib/arm64-v8a/libfbjni.so using ns clns-7 from class loader (caller=/data/app/~~TrM8jACE0MnXa9HqEieWVQ==/com.impos2.mixcretailassemblyrn84-AFjX45ZMf7HAcGHDOAb8_g==/base.apk): ok
04-20 01:14:15.820 D/nativeloader(12334): Load /data/app/~~TrM8jACE0MnXa9HqEieWVQ==/com.impos2.mixcretailassemblyrn84-AFjX45ZMf7HAcGHDOAb8_g==/base.apk!/lib/arm64-v8a/libreactnative.so using ns clns-7 from class loader (caller=/data/app/~~TrM8jACE0MnXa9HqEieWVQ==/com.impos2.mixcretailassemblyrn84-AFjX45ZMf7HAcGHDOAb8_g==/base.apk): ok
04-20 01:14:15.820 D/jni_lib_merge(12334): Entering merged library JNI_OnLoad.
04-20 01:14:15.820 D/jni_lib_merge(12334): Preparing 12 pre-merged libs (including stub)
04-20 01:14:15.820 D/jni_lib_merge(12334): Preparing to register libfabricjni_so.  onload_func: 0x73a93d6a50
04-20 01:14:15.820 D/jni_lib_merge(12334): Preparing to register libreact_devsupportjni_so.  onload_func: 0x73a949a36c
04-20 01:14:15.820 D/jni_lib_merge(12334): Preparing to register libreact_featureflagsjni_so.  onload_func: 0x73a94b4ba8
04-20 01:14:15.820 D/jni_lib_merge(12334): Preparing to register libreact_newarchdefaults_so.  onload_func: 0x73a94f2d74
04-20 01:14:15.820 D/jni_lib_merge(12334): Preparing to register libreactnativeblob_so.  onload_func: 0x73a9593a4c
04-20 01:14:15.820 D/jni_lib_merge(12334): Preparing to register libreactnativejni_so.  onload_func: 0x73a95a89e4
04-20 01:14:15.820 D/jni_lib_merge(12334): Preparing to register libreactnativejni_common_so.  onload_func: 0x73a95abbe0
04-20 01:14:15.820 D/jni_lib_merge(12334): Preparing to register librninstance_so.  onload_func: 0x73a95c8778
04-20 01:14:15.820 D/jni_lib_merge(12334): Preparing to register libturbomodulejsijni_so.  onload_func: 0x73a96720e0
04-20 01:14:15.820 D/jni_lib_merge(12334): Preparing to register libuimanagerjni_so.  onload_func: 0x73a9678b00
04-20 01:14:15.820 D/jni_lib_merge(12334): Preparing to register libyoga_so.  onload_func: 0x73a96800c4
04-20 01:14:15.820 D/jni_lib_merge(12334): About to register 11 actual methods.
04-20 01:14:15.822 D/nativeloader(12334): Load /data/app/~~TrM8jACE0MnXa9HqEieWVQ==/com.impos2.mixcretailassemblyrn84-AFjX45ZMf7HAcGHDOAb8_g==/base.apk!/lib/arm64-v8a/libreact_codegen_rnsvg.so using ns clns-7 from class loader (caller=/data/app/~~TrM8jACE0MnXa9HqEieWVQ==/com.impos2.mixcretailassemblyrn84-AFjX45ZMf7HAcGHDOAb8_g==/base.apk): ok
04-20 01:14:15.822 D/jni_lib_merge(12334): Entering merged library JNI_OnLoad.
04-20 01:14:15.822 D/jni_lib_merge(12334): Preparing 12 pre-merged libs (including stub)
04-20 01:14:15.822 D/jni_lib_merge(12334): Preparing to register libfabricjni_so.  onload_func: 0x73a93d6a50
04-20 01:14:15.822 D/jni_lib_merge(12334): Preparing to register libreact_devsupportjni_so.  onload_func: 0x73a949a36c
04-20 01:14:15.822 D/jni_lib_merge(12334): Preparing to register libreact_featureflagsjni_so.  onload_func: 0x73a94b4ba8
04-20 01:14:15.822 D/jni_lib_merge(12334): Preparing to register libreact_newarchdefaults_so.  onload_func: 0x73a94f2d74
04-20 01:14:15.822 D/jni_lib_merge(12334): Preparing to register libreactnativeblob_so.  onload_func: 0x73a9593a4c
04-20 01:14:15.822 D/jni_lib_merge(12334): Preparing to register libreactnativejni_so.  onload_func: 0x73a95a89e4
04-20 01:14:15.822 D/jni_lib_merge(12334): Preparing to register libreactnativejni_common_so.  onload_func: 0x73a95abbe0
04-20 01:14:15.822 D/jni_lib_merge(12334): Preparing to register librninstance_so.  onload_func: 0x73a95c8778
04-20 01:14:15.822 D/jni_lib_merge(12334): Preparing to register libturbomodulejsijni_so.  onload_func: 0x73a96720e0
04-20 01:14:15.822 D/jni_lib_merge(12334): Preparing to register libuimanagerjni_so.  onload_func: 0x73a9678b00
04-20 01:14:15.822 D/jni_lib_merge(12334): Preparing to register libyoga_so.  onload_func: 0x73a96800c4
04-20 01:14:15.822 D/jni_lib_merge(12334): About to register 11 actual methods.
04-20 01:14:15.822 D/nativeloader(12334): Load /data/app/~~TrM8jACE0MnXa9HqEieWVQ==/com.impos2.mixcretailassemblyrn84-AFjX45ZMf7HAcGHDOAb8_g==/base.apk!/lib/arm64-v8a/libappmodules.so using ns clns-7 from class loader (caller=/data/app/~~TrM8jACE0MnXa9HqEieWVQ==/com.impos2.mixcretailassemblyrn84-AFjX45ZMf7HAcGHDOAb8_g==/base.apk): ok
04-20 01:14:15.824 W/OptProp (  590): Cannot read opt property android.window.PROPERTY_COMPAT_ENABLE_FAKE_FOCUS
04-20 01:14:15.825 W/InputDispatcher(  590): Focused display #0 does not have a focused window.
04-20 01:14:15.826 V/WindowManager(  590): Unknown focus tokens, dropping reportFocusChanged
04-20 01:14:15.829 D/IntervalStats(  590): Unable to parse usage stats packages: [305]
04-20 01:14:15.830 D/IntervalStats(  590): Unable to parse event packages: [305]
04-20 01:14:15.830 D/IntervalStats(  590): Unable to parse usage stats packages: [305]
04-20 01:14:15.830 D/IntervalStats(  590): Unable to parse event packages: [305]
04-20 01:14:15.830 D/IntervalStats(  590): Unable to parse usage stats packages: [305, 307]
04-20 01:14:15.830 D/IntervalStats(  590): Unable to parse event packages: [307]
04-20 01:14:15.831 D/EGL_emulation( 1099): app_time_stats: avg=907.06ms min=816.36ms max=997.76ms count=2
04-20 01:14:15.837 D/AppCompatDelegate(12334): Checking for metadata for AppLocalesMetadataHolderService : Service not found
04-20 01:14:15.853 I/StartupAudit(12334): activity_created activity=MainActivity displayIndex=0 pid=12334 time=2026-04-20 01:14:15.853
04-20 01:14:15.860 D/FileUtils(  590): Rounded bytes from 3120193536 to 4000000000
04-20 01:14:15.867 D/nativeloader(12334): Load /data/app/~~TrM8jACE0MnXa9HqEieWVQ==/com.impos2.mixcretailassemblyrn84-AFjX45ZMf7HAcGHDOAb8_g==/base.apk!/lib/arm64-v8a/libhermesvm.so using ns clns-7 from class loader (caller=/data/app/~~TrM8jACE0MnXa9HqEieWVQ==/com.impos2.mixcretailassemblyrn84-AFjX45ZMf7HAcGHDOAb8_g==/base.apk): ok
04-20 01:14:15.867 D/nativeloader(12334): Load /data/app/~~TrM8jACE0MnXa9HqEieWVQ==/com.impos2.mixcretailassemblyrn84-AFjX45ZMf7HAcGHDOAb8_g==/base.apk!/lib/arm64-v8a/libhermestooling.so using ns clns-7 from class loader (caller=/data/app/~~TrM8jACE0MnXa9HqEieWVQ==/com.impos2.mixcretailassemblyrn84-AFjX45ZMf7HAcGHDOAb8_g==/base.apk): ok
04-20 01:14:15.867 D/jni_lib_merge(12334): Entering merged library JNI_OnLoad.
04-20 01:14:15.867 D/jni_lib_merge(12334): Preparing 4 pre-merged libs (including stub)
04-20 01:14:15.867 D/jni_lib_merge(12334): Preparing to register libhermes_executor_so.  onload_func: 0x73a97ea728
04-20 01:14:15.867 D/jni_lib_merge(12334): Preparing to register libhermesinstancejni_so.  onload_func: 0x73a97f1d44
04-20 01:14:15.867 D/jni_lib_merge(12334): Preparing to register libjsijniprofiler_so.  onload_func: 0x73a97f2530
04-20 01:14:15.867 D/jni_lib_merge(12334): About to register 3 actual methods.
04-20 01:14:15.873 W/unknown:BridgelessReact(12334): ReactHost{0}.startSurface(surfaceId = 0): Schedule
04-20 01:14:15.873 W/unknown:BridgelessReact(12334): ReactHost{0}.attachSurface(surfaceId = 0)
04-20 01:14:15.873 W/unknown:BridgelessReact(12334): ReactHost{0}.getOrCreateReactInstanceTask()
04-20 01:14:15.873 W/unknown:BridgelessReact(12334): ReactHost{0}.getOrCreateReactInstanceTask(): Start
04-20 01:14:15.873 W/unknown:BridgelessReact(12334): ReactHost{0}.getJSBundleLoader()
04-20 01:14:15.873 W/unknown:BridgelessReact(12334): ReactHost{0}.getOrCreateReactInstanceTask(): Creating BridgelessReactContext
04-20 01:14:15.873 W/unknown:BridgelessReact(12334): ReactHost{0}.getOrCreateReactInstanceTask(): Creating ReactInstance
04-20 01:14:15.880 W/unknown:BridgelessReact(12334): ReactHost{0}.onHostResume(activity)
04-20 01:14:15.880 W/unknown:BridgelessReact(12334): ReactHost{0}.ReactContext.onHostResume()
04-20 01:14:15.885 W/HWUI    (12334): Unknown dataspace 0
04-20 01:14:15.895 W/unknown:BridgelessReact(12334): ReactHost{0}.getOrCreateReactInstanceTask(): Loading JS Bundle
04-20 01:14:15.897 D/CoreBackPreview(  590): Window{165c098 u0 com.impos2.mixcretailassemblyrn84/com.impos2.mixcretailassemblyrn84.MainActivity}: Setting back callback OnBackInvokedCallbackInfo{mCallback=android.window.IOnBackInvokedCallback$Stub$Proxy@ca384d6, mPriority=0, mIsAnimationCallback=false}
04-20 01:14:15.898 W/unknown:BridgelessReact(12334): ReactHost{0}.getOrCreateReactInstanceTask(): DevSupportManager.onNewReactContextCreated()
04-20 01:14:15.898 W/unknown:BridgelessReact(12334): ReactHost{0}.startSurface(surfaceId = 0): Execute
04-20 01:14:15.903 W/ServiceManagerCppClient(  439): Permission failure: android.permission.ACCESS_SURFACE_FLINGER from uid=10214 pid=0
04-20 01:14:15.903 D/PermissionCache(  439): checking android.permission.ACCESS_SURFACE_FLINGER for uid=10214 => denied (125 us)
04-20 01:14:15.903 W/ServiceManagerCppClient(  439): Permission failure: android.permission.ROTATE_SURFACE_FLINGER from uid=10214 pid=0
04-20 01:14:15.903 D/PermissionCache(  439): checking android.permission.ROTATE_SURFACE_FLINGER for uid=10214 => denied (170 us)
04-20 01:14:15.903 I/ReactNativeJS(12334): Running "MixcRetailAssemblyRN84"
04-20 01:14:15.903 W/ServiceManagerCppClient(  439): Permission failure: android.permission.INTERNAL_SYSTEM_WINDOW from uid=10214 pid=12334
04-20 01:14:15.903 D/PermissionCache(  439): checking android.permission.INTERNAL_SYSTEM_WINDOW for uid=10214 => denied (345 us)
04-20 01:14:15.903 W/ServiceManagerCppClient(  439): Permission failure: android.permission.INTERNAL_SYSTEM_WINDOW from uid=10214 pid=0
04-20 01:14:15.903 D/PermissionCache(  439): checking android.permission.INTERNAL_SYSTEM_WINDOW for uid=10214 => denied (436 us)
04-20 01:14:15.904 I/EGL_emulation(12334): Opening libGLESv1_CM_emulation.so
04-20 01:14:15.905 I/EGL_emulation(12334): Opening libGLESv2_emulation.so
04-20 01:14:15.905 W/unknown:ViewManagerPropertyUpdater(12334): Could not find generated setter for class com.horcrux.svg.RenderableViewManager$DefsViewManager
04-20 01:14:15.907 W/unknown:ViewManagerPropertyUpdater(12334): Could not find generated setter for class com.horcrux.svg.VirtualViewManager$c
04-20 01:14:15.908 W/unknown:ViewManagerPropertyUpdater(12334): Could not find generated setter for class com.horcrux.svg.RenderableViewManager$FeMergeManager
04-20 01:14:15.910 W/HWUI    (12334): Failed to choose config with EGL_SWAP_BEHAVIOR_PRESERVED, retrying without...
04-20 01:14:15.910 W/HWUI    (12334): Failed to initialize 101010-2 format, error = EGL_SUCCESS
04-20 01:14:15.917 W/unknown:ViewManagerPropertyUpdater(12334): Could not find generated setter for class com.facebook.react.views.safeareaview.ReactSafeAreaViewManager
04-20 01:14:15.917 W/unknown:ViewManagerPropertyUpdater(12334): Could not find generated setter for class com.facebook.react.uimanager.V
04-20 01:14:15.918 W/unknown:ViewManagerPropertyUpdater(12334): Could not find generated setter for class com.horcrux.svg.RenderableViewManager$LinearGradientManager
04-20 01:14:15.918 W/unknown:ViewManagerPropertyUpdater(12334): Could not find generated setter for class com.horcrux.svg.RenderableViewManager$FeGaussianBlurManager
04-20 01:14:15.919 W/unknown:ViewManagerPropertyUpdater(12334): Could not find generated setter for class com.facebook.react.views.progressbar.ReactProgressBarViewManager
04-20 01:14:15.919 W/unknown:ViewManagerPropertyUpdater(12334): Could not find generated setter for class com.facebook.react.views.progressbar.b
04-20 01:14:15.920 W/unknown:ViewManagerPropertyUpdater(12334): Could not find generated setter for class com.facebook.react.views.scroll.ReactHorizontalScrollViewManager
04-20 01:14:15.921 W/unknown:ViewManagerPropertyUpdater(12334): Could not find generated setter for class com.facebook.react.views.text.ReactTextViewManager
04-20 01:14:15.922 W/unknown:ViewManagerPropertyUpdater(12334): Could not find generated setter for class com.facebook.react.views.text.j
04-20 01:14:15.923 W/unknown:ViewManagerPropertyUpdater(12334): Could not find generated setter for class com.horcrux.svg.RenderableViewManager$FeColorMatrixManager
04-20 01:14:15.924 W/unknown:ViewManagerPropertyUpdater(12334): Could not find generated setter for class com.facebook.react.views.scroll.ReactHorizontalScrollContainerViewManager
--------- beginning of kernel
04-20 01:14:15.925 I/servicemanager(  157): Caller(pid=12334,uid=10214,sid=u:r:untrusted_app:s0:c214,c256,c512,c768) Could not find android.hardware.graphics.allocator.IAllocator/default in the VINTF manifest. No alternative instances declared in VINTF.
04-20 01:14:15.925 I/hwservicemanager(  162): getTransport: Cannot find entry android.hardware.graphics.mapper@4.0::IMapper/default in either framework or device VINTF manifest.
04-20 01:14:15.925 I/Gralloc4(12334): mapper 4.x is not supported
04-20 01:14:15.930 W/unknown:ViewManagerPropertyUpdater(12334): Could not find generated setter for class com.horcrux.svg.RenderableViewManager$ClipPathViewManager
04-20 01:14:15.931 W/unknown:ViewManagerPropertyUpdater(12334): Could not find generated setter for class com.horcrux.svg.RenderableViewManager$SymbolManager
04-20 01:14:15.933 W/unknown:ViewManagerPropertyUpdater(12334): Could not find generated setter for class com.horcrux.svg.RenderableViewManager$PatternManager
04-20 01:14:15.934 W/unknown:ViewManagerPropertyUpdater(12334): Could not find generated setter for class com.horcrux.svg.RenderableViewManager$FeBlendManager
04-20 01:14:15.935 W/unknown:ViewManagerPropertyUpdater(12334): Could not find generated setter for class com.facebook.react.views.view.ReactViewManager
04-20 01:14:15.935 W/unknown:ViewManagerPropertyUpdater(12334): Could not find generated setter for class com.horcrux.svg.SvgViewManager
04-20 01:14:15.936 W/unknown:ViewManagerPropertyUpdater(12334): Could not find generated setter for class com.facebook.react.views.switchview.ReactSwitchManager
04-20 01:14:15.936 W/unknown:ViewManagerPropertyUpdater(12334): Could not find generated setter for class com.facebook.react.views.switchview.d
04-20 01:14:15.937 W/unknown:ViewManagerPropertyUpdater(12334): Could not find generated setter for class com.horcrux.svg.RenderableViewManager$UseViewManager
04-20 01:14:15.937 W/unknown:ViewManagerPropertyUpdater(12334): Could not find generated setter for class com.horcrux.svg.RenderableViewManager$CircleViewManager
04-20 01:14:15.938 W/unknown:ViewManagerPropertyUpdater(12334): Could not find generated setter for class com.horcrux.svg.RenderableViewManager$TSpanViewManager
04-20 01:14:15.939 W/unknown:ViewManagerPropertyUpdater(12334): Could not find generated setter for class com.horcrux.svg.RenderableViewManager$FilterManager
04-20 01:14:15.939 W/unknown:ViewManagerPropertyUpdater(12334): Could not find generated setter for class com.horcrux.svg.RenderableViewManager$MarkerManager
04-20 01:14:15.941 W/unknown:ViewManagerPropertyUpdater(12334): Could not find generated setter for class com.facebook.react.views.modal.ReactModalHostManager
04-20 01:14:15.941 W/unknown:ViewManagerPropertyUpdater(12334): Could not find generated setter for class com.horcrux.svg.RenderableViewManager$ForeignObjectManager
04-20 01:14:15.944 W/unknown:ViewManagerPropertyUpdater(12334): Could not find generated setter for class com.horcrux.svg.RenderableViewManager$EllipseViewManager
04-20 01:14:15.949 W/unknown:ViewManagerPropertyUpdater(12334): Could not find generated setter for class com.horcrux.svg.RenderableViewManager$LineViewManager
04-20 01:14:15.950 W/unknown:ViewManagerPropertyUpdater(12334): Could not find generated setter for class com.facebook.react.views.text.frescosupport.FrescoBasedReactTextInlineImageViewManager
04-20 01:14:15.950 W/unknown:ViewManagerPropertyUpdater(12334): Could not find generated setter for class com.facebook.react.views.text.frescosupport.a
04-20 01:14:15.951 W/unknown:ViewManagerPropertyUpdater(12334): Could not find generated setter for class com.horcrux.svg.RenderableViewManager$FeFloodManager
04-20 01:14:15.952 W/unknown:ViewManagerPropertyUpdater(12334): Could not find generated setter for class com.horcrux.svg.RenderableViewManager$GroupViewManager
04-20 01:14:15.952 W/unknown:ViewManagerPropertyUpdater(12334): Could not find generated setter for class com.horcrux.svg.RenderableViewManager$TextViewManager
04-20 01:14:15.953 W/unknown:ViewManagerPropertyUpdater(12334): Could not find generated setter for class com.horcrux.svg.RenderableViewManager$ImageViewManager
04-20 01:14:15.953 W/unknown:ViewManagerPropertyUpdater(12334): Could not find generated setter for class com.horcrux.svg.RenderableViewManager$FeCompositeManager
04-20 01:14:15.954 W/unknown:ViewManagerPropertyUpdater(12334): Could not find generated setter for class com.facebook.react.views.image.ReactImageManager
04-20 01:14:15.954 W/unknown:ViewManagerPropertyUpdater(12334): Could not find generated setter for class com.horcrux.svg.RenderableViewManager$RadialGradientManager
04-20 01:14:15.955 W/unknown:ViewManagerPropertyUpdater(12334): Could not find generated setter for class com.horcrux.svg.RenderableViewManager$MaskManager
04-20 01:14:15.956 W/unknown:ViewManagerPropertyUpdater(12334): Could not find generated setter for class com.facebook.react.views.unimplementedview.ReactUnimplementedViewManager
04-20 01:14:15.956 W/ServiceManagerCppClient(  590): Permission failure: android.permission.ACCESS_SURFACE_FLINGER from uid=10214 pid=0
04-20 01:14:15.956 D/PermissionCache(  590): checking android.permission.ACCESS_SURFACE_FLINGER for uid=10214 => denied (78 us)
04-20 01:14:15.956 W/ServiceManagerCppClient(  590): Permission failure: android.permission.ROTATE_SURFACE_FLINGER from uid=10214 pid=0
04-20 01:14:15.956 D/PermissionCache(  590): checking android.permission.ROTATE_SURFACE_FLINGER for uid=10214 => denied (14 us)
04-20 01:14:15.956 W/ServiceManagerCppClient(  590): Permission failure: android.permission.INTERNAL_SYSTEM_WINDOW from uid=10214 pid=0
04-20 01:14:15.956 D/PermissionCache(  590): checking android.permission.INTERNAL_SYSTEM_WINDOW for uid=10214 => denied (3 us)
04-20 01:14:15.963 W/unknown:BridgelessReact(12334): ReactHost{0}.ReactContext.onHostResume()
04-20 01:14:15.963 W/unknown:BridgelessReact(12334): ReactHost{0}.getOrCreateReactInstanceTask(): Executing ReactInstanceEventListeners
04-20 01:14:15.968 I/BpBinder(  439): onLastStrongRef automatically unlinking death recipients: 
04-20 01:14:15.969 I/ActivityTaskManager(  590): Displayed com.impos2.mixcretailassemblyrn84/.MainActivity for user 0: +251ms
04-20 01:14:15.973 W/unknown:ViewManagerPropertyUpdater(12334): Could not find generated setter for class com.horcrux.svg.RenderableViewManager$RectViewManager
04-20 01:14:15.974 W/unknown:ViewManagerPropertyUpdater(12334): Could not find generated setter for class com.horcrux.svg.RenderableViewManager$TextPathViewManager
04-20 01:14:15.983 W/unknown:ViewManagerPropertyUpdater(12334): Could not find generated setter for class com.facebook.react.views.scroll.ReactScrollViewManager
04-20 01:14:15.984 I/ImeTracker(  590): com.impos2.mixcretailassemblyrn84:9b3916ad: onRequestHide at ORIGIN_SERVER reason HIDE_UNSPECIFIED_WINDOW fromUser false
04-20 01:14:15.984 I/ImeTracker(  590): com.impos2.mixcretailassemblyrn84:9b3916ad: onCancelled at PHASE_SERVER_SHOULD_HIDE
04-20 01:14:15.986 W/unknown:ViewManagerPropertyUpdater(12334): Could not find generated setter for class com.horcrux.svg.RenderableViewManager$FeOffsetManager
04-20 01:14:15.987 I/GoogleInputMethodService(20885): GoogleInputMethodService.onFinishInput():3157 
04-20 01:14:15.987 W/unknown:ViewManagerPropertyUpdater(12334): Could not find generated setter for class com.horcrux.svg.RenderableViewManager$PathViewManager
04-20 01:14:15.987 I/GoogleInputMethodService(20885): GoogleInputMethodService.updateDeviceLockedStatus():2248 repeatCheckTimes = 0, locked = false
04-20 01:14:15.987 I/GoogleInputMethodService(20885): GoogleInputMethodService.onStartInput():1986 onStartInput(EditorInfo{EditorInfo{packageName=com.impos2.mixcretailassemblyrn84, inputType=0, inputTypeString=NULL, enableLearning=false, autoCorrection=false, autoComplete=false, imeOptions=0, privateImeOptions=null, actionName=UNSPECIFIED, actionLabel=null, initialSelStart=-1, initialSelEnd=-1, initialCapsMode=0, label=null, fieldId=0, fieldName=null, extras=null, hintText=null, hintLocales=[]}}, false)
04-20 01:14:15.987 I/GoogleInputMethodService(20885): GoogleInputMethodService.updateDeviceLockedStatus():2248 repeatCheckTimes = 1, locked = false
04-20 01:14:15.988 I/AndroidIME(20885): InputBundleManager.loadActiveInputBundleId():450 loadActiveInputBundleId: und-Latn-x-password, password
04-20 01:14:15.989 W/PackageConfigPersister(  590): App-specific configuration not found for packageName: com.impos2.mixcretailassemblyrn84 and userId: 0
04-20 01:14:15.990 W/unknown:ViewManagerPropertyUpdater(12334): Could not find generated setter for class com.facebook.react.views.drawer.ReactDrawerLayoutManager
04-20 01:14:15.992 W/unknown:ViewManagerPropertyUpdater(12334): Could not find generated setter for class com.facebook.react.views.swiperefresh.SwipeRefreshLayoutManager
04-20 01:14:15.994 W/unknown:ViewManagerPropertyUpdater(12334): Could not find generated setter for class com.facebook.react.views.textinput.ReactTextInputManager
04-20 01:14:15.995 W/unknown:ViewManagerPropertyUpdater(12334): Could not find generated setter for class com.facebook.react.views.textinput.F
04-20 01:14:16.005 I/ConnectorManager(12334): connector initialized
04-20 01:14:16.008 I/assembly.android.mixc-retail-rn84.boot(12334): {"stage":"resolve-topology:start","displayIndex":0,"displayCount":2}
04-20 01:14:16.010 I/ActivityManager(  590): Background started FGS: Allowed [callingPackage: com.impos2.mixcretailassemblyrn84; callingUid: 10214; uidState: TOP ; uidBFSL: [BFSL]; intent: Intent { cmp=com.impos2.mixcretailassemblyrn84/com.impos2.adapterv2.topologyhostv3.TopologyHostV3Service }; code:PROC_STATE_TOP; tempAllowListReason:<null>; targetSdkVersion:36; callerTargetSdkVersion:36; startForegroundCount:0; bindFromPackage:null: isBindService:false]
04-20 01:14:16.019 I/ActivityManager(  590): Background started FGS: Allowed [callingPackage: com.impos2.mixcretailassemblyrn84; callingUid: 10214; uidState: TOP ; uidBFSL: [BFSL]; intent: Intent { cmp=com.impos2.mixcretailassemblyrn84/com.impos2.adapterv2.topologyhostv3.TopologyHostV3Service }; code:PROC_STATE_TOP; tempAllowListReason:<null>; targetSdkVersion:36; callerTargetSdkVersion:36; startForegroundCount:0; bindFromPackage:null: isBindService:false]
04-20 01:14:16.020 W/ForegroundServiceTypeLoggerModule(  590): Foreground service start for UID: 10214 does not have any types
04-20 01:14:16.026 D/FileUtils(  590): Rounded bytes from 3120193536 to 4000000000
04-20 01:14:16.029 D/TrafficStats(12334): tagSocket(125) with statsTag=0xffffffff, statsUid=-1
04-20 01:14:16.034 D/FileUtils(  590): Rounded bytes from 3120193536 to 4000000000
04-20 01:14:16.035 I/assembly.android.mixc-retail-rn84.boot(12334): {"stage":"resolve-topology:done","displayIndex":0,"displayCount":2,"resolvedRole":"master","resolvedWsUrl":"ws://127.0.0.1:8888/mockMasterServer/ws"}
04-20 01:14:16.036 I/assembly.android.mixc-retail-rn84.boot(12334): {"stage":"create-app:start","displayIndex":0,"displayCount":2}
04-20 01:14:16.040 I/assembly.kernel.base.runtime-shell-v2.state-runtime(12334): [runtime.load] load kernel.base.runtime-shell-v2 {"slices":["kernel.base.runtime-shell-v2.error-catalog","kernel.base.runtime-shell-v2.parameter-catalog","kernel.base.topology-runtime-v3.config","kernel.base.topology-runtime-v3.context","kernel.base.topology-runtime-v3.connection","kernel.base.topology-runtime-v3.peer","kernel.base.topology-runtime-v3.sync","kernel.base.topology-runtime-v3.request-mirror","kernel.base.topology-runtime-v3.demo.master","kernel.base.topology-runtime-v3.demo.slave","kernel.base.tcp-control-runtime-v2.identity","kernel.base.tcp-control-runtime-v2.credential","kernel.base.tcp-control-runtime-v2.binding","kernel.base.tcp-control-runtime-v2.sandbox","kernel.base.tcp-control-runtime-v2.runtime","kernel.base.tdp-sync-runtime-v2.session","kernel.base.tdp-sync-runtime-v2.sync","kernel.base.tdp-sync-runtime-v2.projection","kernel.base.tdp-sync-runtime-v2.command-inbox","kernel.base.tdp-sync-runtime-v2.control-signals","kernel.base.tdp-sync-runtime-v2.hot-update","kernel.base.ui-runtime-v2.screen.main","kernel.base.ui-runtime-v2.screen.branch","kernel.base.ui-runtime-v2.overlay.main","kernel.base.ui-runtime-v2.overlay.branch","kernel.base.ui-runtime-v2.ui-variable.main","kernel.base.ui-runtime-v2.ui-variable.branch","ui.base.admin-console.console"],"persistableSlices":["kernel.base.runtime-shell-v2.error-catalog","kernel.base.runtime-shell-v2.parameter-catalog","kernel.base.topology-runtime-v3.config","kernel.base.tcp-control-runtime-v2.identity","kernel.base.tcp-control-runtime-v2.credential","kernel.base.tcp-control-runtime-v2.binding","kernel.base.tcp-control-runtime-v2.sandbox","kernel.base.tdp-sync-runtime-v2.sync","kernel.base.tdp-sync-runtime-v2.projection","kernel.base.tdp-sync-runtime-v2.hot-update","kernel.base.ui-runtime-v2.screen.main","kernel.base.ui-runtime-v2.screen.branch","kernel.base.ui-runtime-v2.overlay.main","kernel.base.ui-runtime-v2.overlay.branch","kernel.base.ui-runtime-v2.ui-variable.main","kernel.base.ui-runtime-v2.ui-variable.branch","ui.base.admin-console.console"],"persistenceEnabled":true}
04-20 01:14:16.041 I/assembly.android.mixc-retail-rn84.boot(12334): {"stage":"create-app:done","displayIndex":0,"displayCount":2}
04-20 01:14:16.041 I/assembly.android.mixc-retail-rn84.boot(12334): {"stage":"runtime.start:start","displayIndex":0,"displayCount":2}
