--------- beginning of main
04-20 01:22:50.110 I/PermissionControllerServiceImpl(21463): Updating user sensitive for uid 10215
04-20 01:22:50.118 I/AiAiEcho( 1389): AppFetcherImpl onPackageChanged com.impos2.mixcretailassemblyrn84.
04-20 01:22:50.120 I/AiAiEcho( 1389): AppIndexer Package:[com.impos2.mixcretailassemblyrn84] UserProfile:[0] Enabled:[true].
04-20 01:22:50.120 I/AiAiEcho( 1389): AppFetcherImplV2 updateApps package:[com.impos2.mixcretailassemblyrn84], userId:[0], reason:[package is updated.].
04-20 01:22:50.121 I/netd    (  388): tetherGetStats() -> {[]} <0.19ms>
04-20 01:22:50.122 W/IPCThreadState(  590): Sending oneway calls to frozen process.
04-20 01:22:50.123 D/PackageUpdatedTask( 1099): Package updated: mOp=UPDATE packages=[com.impos2.mixcretailassemblyrn84]
04-20 01:22:50.135 D/StatsLog( 1099): LAUNCHER_ALLAPPS_COUNT
04-20 01:22:50.135 D/StatsLog( 1099): LAUNCHER_ALLAPPS_COUNT
04-20 01:22:50.159 W/system_server(  590): ApkAssets: Deleting an ApkAssets object '<empty> and /product/app/talkback/talkback.apk' with 1 weak references
04-20 01:22:50.159 W/system_server(  590): ApkAssets: Deleting an ApkAssets object '/vendor/overlay/EmulatorTalkBackOverlay/EmulatorTalkBackOverlay.apk' with 1 weak references
04-20 01:22:50.160 W/system_server(  590): ApkAssets: Deleting an ApkAssets object '<empty> and /data/app/~~TrM8jACE0MnXa9HqEieWVQ==/com.impos2.mixcretailassemblyrn84-AFjX45ZMf7HAcGHDOAb8_g==/base.apk' with 1 weak references
04-20 01:22:50.167 W/system_server(  590): ApkAssets: Deleting an ApkAssets object '<empty> and /product/app/LatinIMEGooglePrebuilt/LatinIMEGooglePrebuilt.apk' with 1 weak references
04-20 01:22:50.167 W/system_server(  590): ApkAssets: Deleting an ApkAssets object '<empty> and /product/app/GoogleTTS/GoogleTTS.apk' with 1 weak references
04-20 01:22:50.167 W/system_server(  590): ApkAssets: Deleting an ApkAssets object '<empty> and /product/priv-app/Velvet/Velvet.apk' with 1 weak references
04-20 01:22:50.168 W/system_server(  590): ApkAssets: Deleting an ApkAssets object '<empty> and /product/priv-app/PrebuiltGmsCore/PrebuiltGmsCore.apk' with 1 weak references
04-20 01:22:50.168 W/system_server(  590): ApkAssets: Deleting an ApkAssets object '<empty> and /product/app/PrebuiltGmail/PrebuiltGmail.apk' with 1 weak references
04-20 01:22:50.168 W/system_server(  590): ApkAssets: Deleting an ApkAssets object '<empty> and /product/app/PlayBooksPrebuilt/PlayBooksPrebuilt.apk' with 1 weak references
04-20 01:22:50.168 W/system_server(  590): ApkAssets: Deleting an ApkAssets object '<empty> and /product/app/Drive/Drive.apk' with 1 weak references
04-20 01:22:50.169 W/system_server(  590): ApkAssets: Deleting an ApkAssets object '<empty> and /product/app/CalendarGooglePrebuilt/CalendarGooglePrebuilt.apk' with 1 weak references
04-20 01:22:50.169 W/system_server(  590): ApkAssets: Deleting an ApkAssets object '<empty> and /product/app/GoogleKeepPrebuilt/GoogleKeepPrebuilt.apk' with 1 weak references
04-20 01:22:50.169 W/system_server(  590): ApkAssets: Deleting an ApkAssets object '<empty> and /system/priv-app/InputDevices/InputDevices.apk' with 1 weak references
04-20 01:22:50.169 W/system_server(  590): ApkAssets: Deleting an ApkAssets object '<empty> and /system_ext/app/AccessibilityMenu/AccessibilityMenu.apk' with 1 weak references
04-20 01:22:50.179 D/EGL_emulation( 1099): app_time_stats: avg=85.68ms min=4.54ms max=399.21ms count=12
04-20 01:22:50.245 D/AndroidRuntime(12641): >>>>>> START com.android.internal.os.RuntimeInit uid 2000 <<<<<<
04-20 01:22:50.249 I/AndroidRuntime(12641): Using default boot image
04-20 01:22:50.249 I/AndroidRuntime(12641): Leaving lock profiling enabled
04-20 01:22:50.251 I/app_process(12641): Core platform API reporting enabled, enforcing=false
04-20 01:22:50.251 I/app_process(12641): Using CollectorTypeCMC GC.
04-20 01:22:50.298 D/nativeloader(12641): InitDefaultPublicLibraries for_preload=1: libandroid.so:libaaudio.so:libamidi.so:libbinder_ndk.so:libc.so:libcamera2ndk.so:libdl.so:libEGL.so:libGLESv1_CM.so:libGLESv2.so:libGLESv3.so:libicu.so:libicui18n.so:libicuuc.so:libjnigraphics.so:liblog.so:libmediandk.so:libm.so:libnativehelper.so:libnativewindow.so:libOpenMAXAL.so:libOpenSLES.so:libRS.so:libstdc++.so:libsync.so:libvulkan.so:libwebviewchromium_plat_support.so:libz.so
04-20 01:22:50.303 D/nativeloader(12641): Load libicu_jni.so using APEX ns com_android_art for caller /apex/com.android.art/javalib/core-oj.jar: ok
04-20 01:22:50.303 D/app_process(12641): u_setTimeZoneFilesDirectory("/apex/com.android.tzdata/etc/tz/versioned/8/icu") succeeded. 
04-20 01:22:50.303 D/app_process(12641): I18n APEX ICU file found: /apex/com.android.i18n/etc/icu/icudt75l.dat
04-20 01:22:50.304 D/nativeloader(12641): Load libjavacore.so using APEX ns com_android_art for caller /apex/com.android.art/javalib/core-oj.jar: ok
04-20 01:22:50.305 D/nativeloader(12641): Load libopenjdk.so using APEX ns com_android_art for caller /apex/com.android.art/javalib/core-oj.jar: ok
04-20 01:22:50.315 I/RoleService(  590): Granting default roles...
04-20 01:22:50.315 D/nativeloader(12641): Load libframework-connectivity-tiramisu-jni.so using APEX ns com_android_tethering for caller /apex/com.android.tethering/javalib/framework-connectivity-t.jar: ok
04-20 01:22:50.316 D/AndroidRuntime(12641): Calling main entry com.android.commands.monkey.Monkey
04-20 01:22:50.316 W/Role    (  590): Default holder doesn't have required signing certificate: com.google.android.retaildemo:6547c73dee150c103980bfdffe55cc9a011d785dd694a5f99afd8205bcaf1f80
04-20 01:22:50.317 E/RoleControllerServiceImpl(  590): Default/fallback role holder package doesn't qualify for the role, package: com.google.android.gms.supervision, role: android.app.role.SYSTEM_SUPERVISION
04-20 01:22:50.317 W/Monkey  (12641): args: [-p, com.impos2.mixcretailassemblyrn84, -c, android.intent.category.LAUNCHER, 1]
04-20 01:22:50.317 W/Monkey  (12641):  arg: "-p"
04-20 01:22:50.317 W/Monkey  (12641):  arg: "com.impos2.mixcretailassemblyrn84"
04-20 01:22:50.317 W/Monkey  (12641):  arg: "-c"
04-20 01:22:50.317 W/Monkey  (12641):  arg: "android.intent.category.LAUNCHER"
04-20 01:22:50.317 W/Monkey  (12641):  arg: "1"
04-20 01:22:50.317 W/Monkey  (12641): data="com.impos2.mixcretailassemblyrn84"
04-20 01:22:50.318 W/Monkey  (12641): data="android.intent.category.LAUNCHER"
04-20 01:22:50.318 W/Role    (  590): Default holder doesn't have required signing certificate: com.google.android.apps.work.clouddpc:23962F4B43B9857638EA66F4D419518EAE282491ACDA4B94707BD59003C45E58
04-20 01:22:50.323 W/Role    (  590): Cannot get ApplicationInfo for default holder: com.google.android.dialer
04-20 01:22:50.323 E/RoleControllerServiceImpl(  590): Default/fallback role holder package doesn't qualify for the role, package: com.google.android.gms, role: android.app.role.WALLET
04-20 01:22:50.326 E/RoleControllerServiceImpl(  590): Default/fallback role holder package doesn't qualify for the role, package: com.google.android.devicelockcontroller, role: android.app.role.SYSTEM_FINANCED_DEVICE_CONTROLLER
--------- beginning of system
04-20 01:22:50.330 W/ActivityManager(  590): registerReceiverWithFeature: no app for null
04-20 01:22:50.335 W/ActivityTaskManager(  590): callingPackage for (uid=2000, pid=12641) has no WPC
04-20 01:22:50.335 W/OptProp (  590): Cannot read opt property android.window.PROPERTY_COMPAT_ALLOW_USER_ASPECT_RATIO_OVERRIDE
04-20 01:22:50.335 W/OptProp (  590): Cannot read opt property android.window.PROPERTY_COMPAT_ALLOW_USER_ASPECT_RATIO_FULLSCREEN_OVERRIDE
04-20 01:22:50.335 W/OptProp (  590): Cannot read opt property android.window.PROPERTY_COMPAT_ALLOW_ORIENTATION_OVERRIDE
04-20 01:22:50.336 V/GrammaticalInflectionUtils(  590): AttributionSource: AttributionSource { uid = 10215, packageName = null, attributionTag = null, token = android.os.Binder@bdb3573, deviceId = 0, next = null } does not have READ_SYSTEM_GRAMMATICAL_GENDER permission.
04-20 01:22:50.336 W/OptProp (  590): Cannot read opt property android.window.PROPERTY_COMPAT_ALLOW_RESIZEABLE_ACTIVITY_OVERRIDES
04-20 01:22:50.336 W/OptProp (  590): Cannot read opt property android.window.PROPERTY_COMPAT_ALLOW_MIN_ASPECT_RATIO_OVERRIDE
04-20 01:22:50.337 W/InputDispatcher(  590): Focused display #0 does not have a focused window.
04-20 01:22:50.338 E/InputDispatcher(  590): But another display has a focused window
04-20 01:22:50.338 E/InputDispatcher(  590):   FocusedWindows:
04-20 01:22:50.338 E/InputDispatcher(  590):     displayId=2, name='57831cd com.google.android.apps.nexuslauncher/com.android.launcher3.secondarydisplay.SecondaryDisplayLauncher'
04-20 01:22:50.338 I/ActivityTaskManager(  590): START u0 {act=android.intent.action.MAIN cat=[android.intent.category.LAUNCHER] flg=0x10200000 cmp=com.impos2.mixcretailassemblyrn84/.MainActivity} with LAUNCH_SINGLE_TASK from uid 2000 (BAL_ALLOW_PERMISSION) result code=0
04-20 01:22:50.338 V/WindowManagerShell(  836): Transition requested (#524): android.os.BinderProxy@623ebbd TransitionRequestInfo { type = OPEN, triggerTask = TaskInfo{userId=0 taskId=846 displayId=0 isRunning=true baseIntent=Intent { act=android.intent.action.MAIN cat=[android.intent.category.LAUNCHER] flg=0x10200000 cmp=com.impos2.mixcretailassemblyrn84/.MainActivity } baseActivity=ComponentInfo{com.impos2.mixcretailassemblyrn84/com.impos2.mixcretailassemblyrn84.MainActivity} topActivity=ComponentInfo{com.impos2.mixcretailassemblyrn84/com.impos2.mixcretailassemblyrn84.MainActivity} origActivity=null realActivity=ComponentInfo{com.impos2.mixcretailassemblyrn84/com.impos2.mixcretailassemblyrn84.MainActivity} numActivities=1 lastActiveTime=260755885 supportsMultiWindow=true resizeMode=1 isResizeable=true minWidth=-1 minHeight=-1 defaultMinSize=220 token=WCT{android.window.IWindowContainerToken$Stub$Proxy@4d25b2} topActivityType=1 pictureInPictureParams=null shouldDockBigOverlays=false launchIntoPipHostTaskId=-1 lastParentTaskIdBeforePip=-1 displayCutoutSafeInsets=null topActivityInfo=ActivityInfo{c017903 com.impos2.mixcretailassemblyrn84.MainActivity} launchCookies=[] positionInParent=Point(0, 0) parentTaskId=-1 isFocused=false isVisible=false isVisibleRequested=false isSleeping=false locusId=null displayAreaFeatureId=1 isTopActivityTransparent=false appCompatTaskInfo=AppCompatTaskInfo { topActivityInSizeCompat=false topActivityEligibleForLetterboxEducation= falseisLetterboxEducationEnabled= true isLetterboxDoubleTapEnabled= false topActivityEligibleForUserAspectRatioButton= true topActivityBoundsLetterboxed= false isFromLetterboxDoubleTap= false topActivityLetterboxVerticalPosition= -1 topActivityLetterboxHorizontalPosition= -1 topActivityLetterboxWidth=2560 topActivityLetterboxHeight=1600 isUserFullscreenOverrideEnabled=false isSystemFullscreenOverrideEnabled=false cameraCompatTaskInfo=CameraCompatTaskInfo { cameraCompatControlState=hidden freeformCameraCompatMode=inactive}}}, pipTask = null, remoteTransition = null, displayChange = null, flags = 0, debugId = 524 }
04-20 01:22:50.339 D/ShellDesktopMode(  836): DesktopTaskRepo: visibleTaskCount= 0
04-20 01:22:50.339 I/Monkey  (12641): Events injected: 1
04-20 01:22:50.339 D/SplashScreenView(  836): Build android.window.SplashScreenView{16753f1 V.E...... ......ID 0,0-0,0}
04-20 01:22:50.339 D/SplashScreenView(  836): Icon: view: android.widget.ImageView{1f85bd6 V.ED..... ......I. 0,0-0,0 #1020504 android:id/splashscreen_icon_view} drawable: com.android.wm.shell.startingsurface.SplashscreenIconDrawableFactory$ImmobileIconDrawable@3e7e57 size: 424
04-20 01:22:50.339 D/SplashScreenView(  836): Branding: view: android.view.View{3647d44 G.ED..... ......I. 0,0-0,0 #1020503 android:id/splashscreen_branding_view} drawable: null size w: 0 h: 0
04-20 01:22:50.340 W/SplitSelectStateCtor( 1099): Missing session instanceIds
04-20 01:22:50.340 D/StatsLog( 1099): LAUNCHER_SPLIT_SELECTION_EXIT_INTERRUPTED
04-20 01:22:50.341 V/GrammaticalInflectionUtils(  590): AttributionSource: AttributionSource { uid = 10215, packageName = null, attributionTag = null, token = android.os.Binder@bdb3573, deviceId = 0, next = null } does not have READ_SYSTEM_GRAMMATICAL_GENDER permission.
04-20 01:22:50.342 I/AppsFilter(  590): interaction: PackageSetting{cd6f67d com.impos2.adapter.dev/10230} -> PackageSetting{fb17ac5 com.impos2.mixcretailassemblyrn84/10215} BLOCKED
04-20 01:22:50.342 I/AppsFilter(  590): interaction: PackageSetting{d6861c3 com.impos2.mixcretailrn84v2/10231} -> PackageSetting{fb17ac5 com.impos2.mixcretailassemblyrn84/10215} BLOCKED
04-20 01:22:50.342 I/AppsFilter(  590): interaction: PackageSetting{30d3a40 com.impos2.mixcretailrn84/10234} -> PackageSetting{fb17ac5 com.impos2.mixcretailassemblyrn84/10215} BLOCKED
04-20 01:22:50.342 I/AppsFilter(  590): interaction: PackageSetting{5d37abe com.impos2.posadapter/10229} -> PackageSetting{fb17ac5 com.impos2.mixcretailassemblyrn84/10215} BLOCKED
04-20 01:22:50.345 I/TopTaskTracker( 1099): onTaskMovedToFront: (moved taskInfo to front) taskId=846, baseIntent=Intent { act=android.intent.action.MAIN cat=[android.intent.category.LAUNCHER] flg=0x10200000 cmp=com.impos2.mixcretailassemblyrn84/.MainActivity }
04-20 01:22:50.345 D/WindowManagerShell(  836): setLauncherKeepClearAreaHeight: visible=false, height=223
04-20 01:22:50.346 W/OptProp (  590): Cannot read opt property android.window.PROPERTY_COMPAT_ALLOW_DISPLAY_ORIENTATION_OVERRIDE
04-20 01:22:50.350 D/CoreBackPreview(  590): Window{7d9a128 u0 Splash Screen com.impos2.mixcretailassemblyrn84}: Setting back callback OnBackInvokedCallbackInfo{mCallback=android.window.IOnBackInvokedCallback$Stub$Proxy@f17472, mPriority=0, mIsAnimationCallback=false}
04-20 01:22:50.353 D/Zygote  (  389): Forked child process 12652
04-20 01:22:50.354 I/ActivityManager(  590): Start proc 12652:com.impos2.mixcretailassemblyrn84/u0a215 for next-top-activity {com.impos2.mixcretailassemblyrn84/com.impos2.mixcretailassemblyrn84.MainActivity}
04-20 01:22:50.354 I/Monkey  (12641): ## Network stats: elapsed time=16ms (0ms mobile, 0ms wifi, 16ms not connected)
04-20 01:22:50.354 I/AppWidgetServiceImpl(  590): Received broadcast: android.intent.action.PACKAGE_UNSTOPPED on user 0
04-20 01:22:50.354 I/AppWidgetServiceImpl(  590): Updating package stopped masked state for uid 10215 package com.impos2.mixcretailassemblyrn84 isStopped false
04-20 01:22:50.354 I/app_process(12641): System.exit called, status: 0
04-20 01:22:50.354 I/AndroidRuntime(12641): VM exiting with result code 0.
04-20 01:22:50.359 I/BpBinder(  439): onLastStrongRef automatically unlinking death recipients: 
04-20 01:22:50.366 V/WindowManagerShell(  836): onTransitionReady(transaction=2534030743749)
04-20 01:22:50.366 V/WindowManager(  590): Sent Transition (#524) createdAt=04-20 01:22:50.336 via request=TransitionRequestInfo { type = OPEN, triggerTask = TaskInfo{userId=0 taskId=846 displayId=0 isRunning=true baseIntent=Intent { act=android.intent.action.MAIN cat=[android.intent.category.LAUNCHER] flg=0x10200000 cmp=com.impos2.mixcretailassemblyrn84/.MainActivity } baseActivity=ComponentInfo{com.impos2.mixcretailassemblyrn84/com.impos2.mixcretailassemblyrn84.MainActivity} topActivity=ComponentInfo{com.impos2.mixcretailassemblyrn84/com.impos2.mixcretailassemblyrn84.MainActivity} origActivity=null realActivity=ComponentInfo{com.impos2.mixcretailassemblyrn84/com.impos2.mixcretailassemblyrn84.MainActivity} numActivities=1 lastActiveTime=260755885 supportsMultiWindow=true resizeMode=1 isResizeable=true minWidth=-1 minHeight=-1 defaultMinSize=220 token=WCT{RemoteToken{102ae04 Task{675246a #846 type=standard A=10215:com.impos2.mixcretailassemblyrn84}}} topActivityType=1 pictureInPictureParams=null shouldDockBigOverlays=false launchIntoPipHostTaskId=-1 lastParentTaskIdBeforePip=-1 displayCutoutSafeInsets=null topActivityInfo=ActivityInfo{a417fed com.impos2.mixcretailassemblyrn84.MainActivity} launchCookies=[] positionInParent=Point(0, 0) parentTaskId=-1 isFocused=false isVisible=false isVisibleRequested=false isSleeping=false locusId=null displayAreaFeatureId=1 isTopActivityTransparent=false appCompatTaskInfo=AppCompatTaskInfo { topActivityInSizeCompat=false topActivityEligibleForLetterboxEducation= falseisLetterboxEducationEnabled= true isLetterboxDoubleTapEnabled= false topActivityEligibleForUserAspectRatioButton= true topActivityBoundsLetterboxed= false isFromLetterboxDoubleTap= false topActivityLetterboxVerticalPosition= -1 topActivityLetterboxHorizontalPosition= -1 topActivityLetterboxWidth=2560 topActivityLetterboxHeight=1600 isUserFullscreenOverrideEnabled=false isSystemFullscreenOverrideEnabled=false cameraCompatTaskInfo=CameraCompatTaskInfo { cameraCompatControlState=hidden freeformCameraCompatMode=inactive}}}, pipTask = null, remoteTransition = null, displayChange = null, flags = 0, debugId = 524 }
04-20 01:22:50.366 V/WindowManagerShell(  836): onTransitionReady (#524) android.os.BinderProxy@623ebbd: {id=524 t=OPEN f=0x0 trk=0 r=[0@Point(0, 0)] c=[{WCT{android.window.IWindowContainerToken$Stub$Proxy@bf17ec8} m=OPEN f=NONE leash=Surface(name=Task=846)/@0xf3405e5 sb=Rect(0, 0 - 2560, 1600) eb=Rect(0, 0 - 2560, 1600) d=0 taskParent=-1},{WCT{android.window.IWindowContainerToken$Stub$Proxy@1241b61} m=TO_BACK f=SHOW_WALLPAPER leash=Surface(name=Task=1)/@0x71078ba sb=Rect(0, 0 - 2560, 1600) eb=Rect(0, 0 - 2560, 1600) d=0 taskParent=-1}]}
04-20 01:22:50.367 V/WindowManager(  590):     startWCT=WindowContainerTransaction { changes = {} hops = [] errorCallbackToken=null taskFragmentOrganizer=null }
04-20 01:22:50.367 V/WindowManager(  590):     info={id=524 t=OPEN f=0x0 trk=0 r=[0@Point(0, 0)] c=[
04-20 01:22:50.367 V/WindowManager(  590):         {WCT{RemoteToken{102ae04 Task{675246a #846 type=standard A=10215:com.impos2.mixcretailassemblyrn84}}} m=OPEN f=NONE leash=Surface(name=Task=846)/@0xdbf9f35 sb=Rect(0, 0 - 2560, 1600) eb=Rect(0, 0 - 2560, 1600) d=0 taskParent=-1},
04-20 01:22:50.367 V/WindowManager(  590):         {WCT{RemoteToken{eecd609 Task{403a6f7 #1 type=home}}} m=TO_BACK f=SHOW_WALLPAPER leash=Surface(name=Task=1)/@0x27bc150 sb=Rect(0, 0 - 2560, 1600) eb=Rect(0, 0 - 2560, 1600) d=0 taskParent=-1}
04-20 01:22:50.367 V/WindowManager(  590):     ]}
04-20 01:22:50.369 V/WindowManagerShell(  836): Playing animation for (#524) android.os.BinderProxy@623ebbd@0
04-20 01:22:50.369 V/WindowManagerShell(  836):  try handler com.android.wm.shell.transition.DefaultMixedHandler@a4b4bb1
04-20 01:22:50.369 V/WindowManagerShell(  836):  try handler com.android.wm.shell.keyguard.KeyguardTransitionHandler@f055896
04-20 01:22:50.369 V/WindowManagerShell(  836):  try handler com.android.wm.shell.pip.PipTransition@489c17
04-20 01:22:50.369 V/WindowManagerShell(  836):  try handler com.android.wm.shell.activityembedding.ActivityEmbeddingController@f43a804
04-20 01:22:50.369 V/WindowManagerShell(  836):  try handler com.android.wm.shell.splitscreen.StageCoordinator@417f1ed
04-20 01:22:50.369 V/WindowManagerShell(  836):  try handler com.android.wm.shell.desktopmode.DesktopTasksController@4366822
04-20 01:22:50.369 V/WindowManagerShell(  836):  try handler com.android.wm.shell.recents.RecentsTransitionHandler@b30e2b3
04-20 01:22:50.369 V/ShellRecents(  836): RecentsTransitionHandler.startAnimation: no controller found
04-20 01:22:50.369 V/WindowManagerShell(  836):  try handler com.android.wm.shell.transition.RemoteTransitionHandler@2554070
04-20 01:22:50.370 V/WindowManagerShell(  836): Transition doesn't have explicit remote, search filters for match for {id=524 t=OPEN f=0x0 trk=0 r=[0@Point(0, 0)] c=[{WCT{android.window.IWindowContainerToken$Stub$Proxy@bf17ec8} m=OPEN f=NONE leash=Surface(name=Task=846)/@0xf3405e5 sb=Rect(0, 0 - 2560, 1600) eb=Rect(0, 0 - 2560, 1600) d=0 taskParent=-1},{WCT{android.window.IWindowContainerToken$Stub$Proxy@1241b61} m=TO_BACK f=SHOW_WALLPAPER leash=Surface(name=Task=1)/@0x71078ba sb=Rect(0, 0 - 2560, 1600) eb=Rect(0, 0 - 2560, 1600) d=0 taskParent=-1}]}
04-20 01:22:50.370 V/WindowManagerShell(  836):  Checking filter Pair{{types=[] flags=0x0] notFlags=0x0 checks=[{atype=undefined independent=true modes=[OPEN,TO_FRONT] flags=IN_TASK_WITH_EMBEDDED_ACTIVITY mustBeTask=false order=ANY topActivity=ComponentInfo{com.google.android.apps.nexuslauncher/com.google.android.apps.nexuslauncher.NexusLauncherActivity} launchCookie=null},{atype=undefined independent=true modes=[CLOSE,TO_BACK] flags=IN_TASK_WITH_EMBEDDED_ACTIVITY mustBeTask=false order=ANY topActivity=null launchCookie=null}]} RemoteTransition { remoteTransition = android.window.IRemoteTransition$Stub$Proxy@e8ebfe9, appThread = android.app.IApplicationThread$Stub$Proxy@876e46e, debugName = OverlaySwipeBack }}
04-20 01:22:50.370 V/WindowManagerShell(  836):  Checking filter Pair{{types=[] flags=0x0] notFlags=0x0 checks=[{atype=dream independent=true modes=[OPEN,TO_FRONT] flags=NONE mustBeTask=false order=ANY topActivity=null launchCookie=null},{atype=home independent=true modes=[CLOSE,TO_BACK] flags=NONE mustBeTask=false order=ANY topActivity=null launchCookie=null}]} RemoteTransition { remoteTransition = android.window.IRemoteTransition$Stub$Proxy@f4cf70f, appThread = android.app.IApplicationThread$Stub$Proxy@ba5f39c, debugName = LauncherToDream }}
04-20 01:22:50.370 V/WindowManagerShell(  836):  Checking filter Pair{{types=[] flags=0x0] notFlags=0x100 checks=[{atype=home independent=true modes=[OPEN,TO_FRONT] flags=NONE mustBeTask=false order=TOP topActivity=ComponentInfo{com.google.android.apps.nexuslauncher/com.google.android.apps.nexuslauncher.NexusLauncherActivity} launchCookie=null},{atype=standard independent=true modes=[CLOSE,TO_BACK] flags=NONE mustBeTask=false order=ANY topActivity=null launchCookie=null}]} RemoteTransition { remoteTransition = android.window.IRemoteTransition$Stub$Proxy@c8a71a5, appThread = android.app.IApplicationThread$Stub$Proxy@30d97a, debugName = QuickstepLaunchHome }}
04-20 01:22:50.370 V/WindowManagerShell(  836):  Delegate animation for (#524) to null
04-20 01:22:50.370 V/WindowManagerShell(  836):  try handler com.android.wm.shell.transition.DefaultTransitionHandler@56bf52b
04-20 01:22:50.370 V/WindowManagerShell(  836): start default transition animation, info = {id=524 t=OPEN f=0x0 trk=0 r=[0@Point(0, 0)] c=[{WCT{android.window.IWindowContainerToken$Stub$Proxy@bf17ec8} m=OPEN f=NONE leash=Surface(name=Task=846)/@0xf3405e5 sb=Rect(0, 0 - 2560, 1600) eb=Rect(0, 0 - 2560, 1600) d=0 taskParent=-1},{WCT{android.window.IWindowContainerToken$Stub$Proxy@1241b61} m=TO_BACK f=SHOW_WALLPAPER leash=Surface(name=Task=1)/@0x71078ba sb=Rect(0, 0 - 2560, 1600) eb=Rect(0, 0 - 2560, 1600) d=0 taskParent=-1}]}
04-20 01:22:50.370 V/WindowManagerShell(  836): loadAnimation: anim=android.view.animation.AnimationSet@85bd599 animAttr=0x13 type=OPEN isEntrance=false
04-20 01:22:50.370 V/WindowManagerShell(  836): loadAnimation: anim=android.view.animation.AnimationSet@c83890c animAttr=0x12 type=OPEN isEntrance=true
04-20 01:22:50.370 V/WindowManagerShell(  836):  animated by com.android.wm.shell.transition.DefaultTransitionHandler@56bf52b
04-20 01:22:50.371 I/ailassemblyrn84(12652): Using CollectorTypeCMC GC.
04-20 01:22:50.372 W/UserManagerService(  590): Requested status bar icon for non-badged user 0
04-20 01:22:50.372 E/ailassemblyrn84(12652): Not starting debugger since process cannot load the jdwp agent.
04-20 01:22:50.374 D/nativeloader(12652): Load libframework-connectivity-tiramisu-jni.so using APEX ns com_android_tethering for caller /apex/com.android.tethering/javalib/framework-connectivity-t.jar: ok
04-20 01:22:50.383 D/EGL_emulation(  836): app_time_stats: avg=50356.54ms min=50356.54ms max=50356.54ms count=1
04-20 01:22:50.385 D/nativeloader(12652): Configuring clns-7 for other apk /data/app/~~tP809n97RtWMBq6zaWAxGg==/com.impos2.mixcretailassemblyrn84-55rLqenivyMdLHv3eqr_ew==/base.apk. target_sdk_version=36, uses_libraries=, library_path=/data/app/~~tP809n97RtWMBq6zaWAxGg==/com.impos2.mixcretailassemblyrn84-55rLqenivyMdLHv3eqr_ew==/lib/arm64:/data/app/~~tP809n97RtWMBq6zaWAxGg==/com.impos2.mixcretailassemblyrn84-55rLqenivyMdLHv3eqr_ew==/base.apk!/lib/arm64-v8a, permitted_path=/data:/mnt/expand:/data/user/0/com.impos2.mixcretailassemblyrn84
04-20 01:22:50.388 V/GraphicsEnvironment(12652): Currently set values for:
04-20 01:22:50.388 V/GraphicsEnvironment(12652):   angle_gl_driver_selection_pkgs=[]
04-20 01:22:50.388 V/GraphicsEnvironment(12652):   angle_gl_driver_selection_values=[]
04-20 01:22:50.388 V/GraphicsEnvironment(12652): Global.Settings values are invalid: number of packages: 0, number of values: 0
04-20 01:22:50.388 V/GraphicsEnvironment(12652): Neither updatable production driver nor prerelease driver is supported.
04-20 01:22:50.398 W/SoLoader(12652): Initializing SoLoader: 0
04-20 01:22:50.398 W/SoLoader(12652): Recording new base apk path: /data/app/~~tP809n97RtWMBq6zaWAxGg==/com.impos2.mixcretailassemblyrn84-55rLqenivyMdLHv3eqr_ew==/base.apk
04-20 01:22:50.398 W/SoLoader(12652): Previously recorded 0 base apk paths.
04-20 01:22:50.399 I/SoLoader(12652): Preparing SO source: DirectorySoSource[root = /vendor/lib64 flags = 2]
04-20 01:22:50.399 I/SoLoader(12652): Preparing SO source: DirectorySoSource[root = /system/lib64 flags = 2]
04-20 01:22:50.399 I/SoLoader(12652): Preparing SO source: DirectApkSoSource[root = [/data/app/~~tP809n97RtWMBq6zaWAxGg==/com.impos2.mixcretailassemblyrn84-55rLqenivyMdLHv3eqr_ew==/base.apk!/lib/arm64-v8a]]
04-20 01:22:50.401 I/SoLoader(12652): Preparing SO source: ApplicationSoSource[DirectorySoSource[root = /data/app/~~tP809n97RtWMBq6zaWAxGg==/com.impos2.mixcretailassemblyrn84-55rLqenivyMdLHv3eqr_ew==/lib/arm64 flags = 0]]
04-20 01:22:50.401 I/SoLoader(12652): init finish: 4 SO sources prepared
04-20 01:22:50.401 W/SoLoader(12652): SoLoader initialized: 8
04-20 01:22:50.404 D/nativeloader(12652): Load /data/app/~~tP809n97RtWMBq6zaWAxGg==/com.impos2.mixcretailassemblyrn84-55rLqenivyMdLHv3eqr_ew==/base.apk!/lib/arm64-v8a/libc++_shared.so using ns clns-7 from class loader (caller=/data/app/~~tP809n97RtWMBq6zaWAxGg==/com.impos2.mixcretailassemblyrn84-55rLqenivyMdLHv3eqr_ew==/base.apk): ok
04-20 01:22:50.405 D/nativeloader(12652): Load /data/app/~~tP809n97RtWMBq6zaWAxGg==/com.impos2.mixcretailassemblyrn84-55rLqenivyMdLHv3eqr_ew==/base.apk!/lib/arm64-v8a/libjsi.so using ns clns-7 from class loader (caller=/data/app/~~tP809n97RtWMBq6zaWAxGg==/com.impos2.mixcretailassemblyrn84-55rLqenivyMdLHv3eqr_ew==/base.apk): ok
04-20 01:22:50.406 D/nativeloader(12652): Load /data/app/~~tP809n97RtWMBq6zaWAxGg==/com.impos2.mixcretailassemblyrn84-55rLqenivyMdLHv3eqr_ew==/base.apk!/lib/arm64-v8a/libfbjni.so using ns clns-7 from class loader (caller=/data/app/~~tP809n97RtWMBq6zaWAxGg==/com.impos2.mixcretailassemblyrn84-55rLqenivyMdLHv3eqr_ew==/base.apk): ok
04-20 01:22:50.408 D/nativeloader(12652): Load /data/app/~~tP809n97RtWMBq6zaWAxGg==/com.impos2.mixcretailassemblyrn84-55rLqenivyMdLHv3eqr_ew==/base.apk!/lib/arm64-v8a/libreactnative.so using ns clns-7 from class loader (caller=/data/app/~~tP809n97RtWMBq6zaWAxGg==/com.impos2.mixcretailassemblyrn84-55rLqenivyMdLHv3eqr_ew==/base.apk): ok
04-20 01:22:50.408 D/jni_lib_merge(12652): Entering merged library JNI_OnLoad.
04-20 01:22:50.408 D/jni_lib_merge(12652): Preparing 12 pre-merged libs (including stub)
04-20 01:22:50.408 D/jni_lib_merge(12652): Preparing to register libfabricjni_so.  onload_func: 0x73ae64fa50
04-20 01:22:50.408 D/jni_lib_merge(12652): Preparing to register libreact_devsupportjni_so.  onload_func: 0x73ae71336c
04-20 01:22:50.408 D/jni_lib_merge(12652): Preparing to register libreact_featureflagsjni_so.  onload_func: 0x73ae72dba8
04-20 01:22:50.408 D/jni_lib_merge(12652): Preparing to register libreact_newarchdefaults_so.  onload_func: 0x73ae76bd74
04-20 01:22:50.408 D/jni_lib_merge(12652): Preparing to register libreactnativeblob_so.  onload_func: 0x73ae80ca4c
04-20 01:22:50.408 D/jni_lib_merge(12652): Preparing to register libreactnativejni_so.  onload_func: 0x73ae8219e4
04-20 01:22:50.408 D/jni_lib_merge(12652): Preparing to register libreactnativejni_common_so.  onload_func: 0x73ae824be0
04-20 01:22:50.408 D/jni_lib_merge(12652): Preparing to register librninstance_so.  onload_func: 0x73ae841778
04-20 01:22:50.408 D/jni_lib_merge(12652): Preparing to register libturbomodulejsijni_so.  onload_func: 0x73ae8eb0e0
04-20 01:22:50.408 D/jni_lib_merge(12652): Preparing to register libuimanagerjni_so.  onload_func: 0x73ae8f1b00
04-20 01:22:50.408 D/jni_lib_merge(12652): Preparing to register libyoga_so.  onload_func: 0x73ae8f90c4
04-20 01:22:50.408 D/jni_lib_merge(12652): About to register 11 actual methods.
04-20 01:22:50.412 D/nativeloader(12652): Load /data/app/~~tP809n97RtWMBq6zaWAxGg==/com.impos2.mixcretailassemblyrn84-55rLqenivyMdLHv3eqr_ew==/base.apk!/lib/arm64-v8a/libreact_codegen_rnsvg.so using ns clns-7 from class loader (caller=/data/app/~~tP809n97RtWMBq6zaWAxGg==/com.impos2.mixcretailassemblyrn84-55rLqenivyMdLHv3eqr_ew==/base.apk): ok
04-20 01:22:50.412 D/jni_lib_merge(12652): Entering merged library JNI_OnLoad.
04-20 01:22:50.412 D/jni_lib_merge(12652): Preparing 12 pre-merged libs (including stub)
04-20 01:22:50.412 D/jni_lib_merge(12652): Preparing to register libfabricjni_so.  onload_func: 0x73ae64fa50
04-20 01:22:50.412 D/jni_lib_merge(12652): Preparing to register libreact_devsupportjni_so.  onload_func: 0x73ae71336c
04-20 01:22:50.412 D/jni_lib_merge(12652): Preparing to register libreact_featureflagsjni_so.  onload_func: 0x73ae72dba8
04-20 01:22:50.412 D/jni_lib_merge(12652): Preparing to register libreact_newarchdefaults_so.  onload_func: 0x73ae76bd74
04-20 01:22:50.412 D/jni_lib_merge(12652): Preparing to register libreactnativeblob_so.  onload_func: 0x73ae80ca4c
04-20 01:22:50.412 D/jni_lib_merge(12652): Preparing to register libreactnativejni_so.  onload_func: 0x73ae8219e4
04-20 01:22:50.412 D/jni_lib_merge(12652): Preparing to register libreactnativejni_common_so.  onload_func: 0x73ae824be0
04-20 01:22:50.412 D/jni_lib_merge(12652): Preparing to register librninstance_so.  onload_func: 0x73ae841778
04-20 01:22:50.412 D/jni_lib_merge(12652): Preparing to register libturbomodulejsijni_so.  onload_func: 0x73ae8eb0e0
04-20 01:22:50.412 D/jni_lib_merge(12652): Preparing to register libuimanagerjni_so.  onload_func: 0x73ae8f1b00
04-20 01:22:50.412 D/jni_lib_merge(12652): Preparing to register libyoga_so.  onload_func: 0x73ae8f90c4
04-20 01:22:50.412 D/jni_lib_merge(12652): About to register 11 actual methods.
04-20 01:22:50.412 D/nativeloader(12652): Load /data/app/~~tP809n97RtWMBq6zaWAxGg==/com.impos2.mixcretailassemblyrn84-55rLqenivyMdLHv3eqr_ew==/base.apk!/lib/arm64-v8a/libappmodules.so using ns clns-7 from class loader (caller=/data/app/~~tP809n97RtWMBq6zaWAxGg==/com.impos2.mixcretailassemblyrn84-55rLqenivyMdLHv3eqr_ew==/base.apk): ok
04-20 01:22:50.415 D/EGL_emulation( 1099): app_time_stats: avg=43.35ms min=6.30ms max=679.52ms count=26
04-20 01:22:50.416 W/OptProp (  590): Cannot read opt property android.window.PROPERTY_COMPAT_ENABLE_FAKE_FOCUS
04-20 01:22:50.417 W/InputDispatcher(  590): Focused display #0 does not have a focused window.
04-20 01:22:50.418 V/WindowManager(  590): Unknown focus tokens, dropping reportFocusChanged
04-20 01:22:50.419 D/IntervalStats(  590): Unable to parse usage stats packages: [305]
04-20 01:22:50.419 D/IntervalStats(  590): Unable to parse event packages: [305]
04-20 01:22:50.420 D/IntervalStats(  590): Unable to parse usage stats packages: [305]
04-20 01:22:50.421 D/IntervalStats(  590): Unable to parse event packages: [305]
04-20 01:22:50.421 D/IntervalStats(  590): Unable to parse usage stats packages: [305, 307]
04-20 01:22:50.421 D/IntervalStats(  590): Unable to parse event packages: [307]
04-20 01:22:50.424 D/AppCompatDelegate(12652): Checking for metadata for AppLocalesMetadataHolderService : Service not found
04-20 01:22:50.437 I/StartupAudit(12652): activity_created activity=MainActivity displayIndex=0 pid=12652 time=2026-04-20 01:22:50.436
04-20 01:22:50.441 D/FileUtils(  590): Rounded bytes from 3120193536 to 4000000000
04-20 01:22:50.452 D/nativeloader(12652): Load /data/app/~~tP809n97RtWMBq6zaWAxGg==/com.impos2.mixcretailassemblyrn84-55rLqenivyMdLHv3eqr_ew==/base.apk!/lib/arm64-v8a/libhermesvm.so using ns clns-7 from class loader (caller=/data/app/~~tP809n97RtWMBq6zaWAxGg==/com.impos2.mixcretailassemblyrn84-55rLqenivyMdLHv3eqr_ew==/base.apk): ok
04-20 01:22:50.452 D/nativeloader(12652): Load /data/app/~~tP809n97RtWMBq6zaWAxGg==/com.impos2.mixcretailassemblyrn84-55rLqenivyMdLHv3eqr_ew==/base.apk!/lib/arm64-v8a/libhermestooling.so using ns clns-7 from class loader (caller=/data/app/~~tP809n97RtWMBq6zaWAxGg==/com.impos2.mixcretailassemblyrn84-55rLqenivyMdLHv3eqr_ew==/base.apk): ok
04-20 01:22:50.452 D/jni_lib_merge(12652): Entering merged library JNI_OnLoad.
04-20 01:22:50.452 D/jni_lib_merge(12652): Preparing 4 pre-merged libs (including stub)
04-20 01:22:50.452 D/jni_lib_merge(12652): Preparing to register libhermes_executor_so.  onload_func: 0x73b1464728
04-20 01:22:50.452 D/jni_lib_merge(12652): Preparing to register libhermesinstancejni_so.  onload_func: 0x73b146bd44
04-20 01:22:50.452 D/jni_lib_merge(12652): Preparing to register libjsijniprofiler_so.  onload_func: 0x73b146c530
04-20 01:22:50.452 D/jni_lib_merge(12652): About to register 3 actual methods.
04-20 01:22:50.458 W/unknown:BridgelessReact(12652): ReactHost{0}.startSurface(surfaceId = 0): Schedule
04-20 01:22:50.458 W/unknown:BridgelessReact(12652): ReactHost{0}.attachSurface(surfaceId = 0)
04-20 01:22:50.459 W/unknown:BridgelessReact(12652): ReactHost{0}.getOrCreateReactInstanceTask()
04-20 01:22:50.459 W/unknown:BridgelessReact(12652): ReactHost{0}.getOrCreateReactInstanceTask(): Start
04-20 01:22:50.459 W/unknown:BridgelessReact(12652): ReactHost{0}.getJSBundleLoader()
04-20 01:22:50.459 W/unknown:BridgelessReact(12652): ReactHost{0}.getOrCreateReactInstanceTask(): Creating BridgelessReactContext
04-20 01:22:50.463 W/unknown:BridgelessReact(12652): ReactHost{0}.getOrCreateReactInstanceTask(): Creating ReactInstance
04-20 01:22:50.465 W/unknown:BridgelessReact(12652): ReactHost{0}.onHostResume(activity)
04-20 01:22:50.465 W/unknown:BridgelessReact(12652): ReactHost{0}.ReactContext.onHostResume()
04-20 01:22:50.467 W/HWUI    (12652): Unknown dataspace 0
04-20 01:22:50.477 W/unknown:BridgelessReact(12652): ReactHost{0}.getOrCreateReactInstanceTask(): Loading JS Bundle
04-20 01:22:50.478 W/unknown:BridgelessReact(12652): ReactHost{0}.getOrCreateReactInstanceTask(): DevSupportManager.onNewReactContextCreated()
04-20 01:22:50.478 W/unknown:BridgelessReact(12652): ReactHost{0}.startSurface(surfaceId = 0): Execute
04-20 01:22:50.478 D/CoreBackPreview(  590): Window{cd57e64 u0 com.impos2.mixcretailassemblyrn84/com.impos2.mixcretailassemblyrn84.MainActivity}: Setting back callback OnBackInvokedCallbackInfo{mCallback=android.window.IOnBackInvokedCallback$Stub$Proxy@8bd1582, mPriority=0, mIsAnimationCallback=false}
04-20 01:22:50.483 I/ReactNativeJS(12652): Running "MixcRetailAssemblyRN84"
04-20 01:22:50.485 W/ServiceManagerCppClient(  439): Permission failure: android.permission.ACCESS_SURFACE_FLINGER from uid=10215 pid=0
04-20 01:22:50.485 D/PermissionCache(  439): checking android.permission.ACCESS_SURFACE_FLINGER for uid=10215 => denied (333 us)
04-20 01:22:50.485 W/ServiceManagerCppClient(  439): Permission failure: android.permission.ACCESS_SURFACE_FLINGER from uid=10215 pid=12652
04-20 01:22:50.485 D/PermissionCache(  439): checking android.permission.ACCESS_SURFACE_FLINGER for uid=10215 => denied (392 us)
04-20 01:22:50.485 W/ServiceManagerCppClient(  439): Permission failure: android.permission.ROTATE_SURFACE_FLINGER from uid=10215 pid=0
04-20 01:22:50.485 D/PermissionCache(  439): checking android.permission.ROTATE_SURFACE_FLINGER for uid=10215 => denied (422 us)
04-20 01:22:50.485 W/ServiceManagerCppClient(  439): Permission failure: android.permission.ROTATE_SURFACE_FLINGER from uid=10215 pid=12652
04-20 01:22:50.485 D/PermissionCache(  439): checking android.permission.ROTATE_SURFACE_FLINGER for uid=10215 => denied (480 us)
04-20 01:22:50.485 W/ServiceManagerCppClient(  439): Permission failure: android.permission.INTERNAL_SYSTEM_WINDOW from uid=10215 pid=0
04-20 01:22:50.485 D/PermissionCache(  439): checking android.permission.INTERNAL_SYSTEM_WINDOW for uid=10215 => denied (229 us)
04-20 01:22:50.486 W/ServiceManagerCppClient(  439): Permission failure: android.permission.INTERNAL_SYSTEM_WINDOW from uid=10215 pid=12652
04-20 01:22:50.486 D/PermissionCache(  439): checking android.permission.INTERNAL_SYSTEM_WINDOW for uid=10215 => denied (448 us)
04-20 01:22:50.486 I/EGL_emulation(12652): Opening libGLESv1_CM_emulation.so
04-20 01:22:50.486 I/EGL_emulation(12652): Opening libGLESv2_emulation.so
04-20 01:22:50.489 W/HWUI    (12652): Failed to choose config with EGL_SWAP_BEHAVIOR_PRESERVED, retrying without...
04-20 01:22:50.491 W/unknown:ViewManagerPropertyUpdater(12652): Could not find generated setter for class com.horcrux.svg.RenderableViewManager$DefsViewManager
04-20 01:22:50.491 W/HWUI    (12652): Failed to initialize 101010-2 format, error = EGL_SUCCESS
04-20 01:22:50.500 W/unknown:ViewManagerPropertyUpdater(12652): Could not find generated setter for class com.horcrux.svg.VirtualViewManager$c
04-20 01:22:50.501 I/hwservicemanager(  162): getTransport: Cannot find entry android.hardware.graphics.mapper@4.0::IMapper/default in either framework or device VINTF manifest.
04-20 01:22:50.501 I/Gralloc4(12652): mapper 4.x is not supported
04-20 01:22:50.503 W/unknown:ViewManagerPropertyUpdater(12652): Could not find generated setter for class com.horcrux.svg.RenderableViewManager$FeMergeManager
04-20 01:22:50.504 W/unknown:ViewManagerPropertyUpdater(12652): Could not find generated setter for class com.facebook.react.views.safeareaview.ReactSafeAreaViewManager
04-20 01:22:50.504 W/unknown:ViewManagerPropertyUpdater(12652): Could not find generated setter for class com.facebook.react.uimanager.V
--------- beginning of kernel
04-20 01:22:50.503 I/servicemanager(  157): Caller(pid=12652,uid=10215,sid=u:r:untrusted_app:s0:c215,c256,c512,c768) Could not find android.hardware.graphics.allocator.IAllocator/default in the VINTF manifest. No alternative instances declared in VINTF.
04-20 01:22:50.505 W/unknown:ViewManagerPropertyUpdater(12652): Could not find generated setter for class com.horcrux.svg.RenderableViewManager$LinearGradientManager
04-20 01:22:50.509 W/unknown:ViewManagerPropertyUpdater(12652): Could not find generated setter for class com.horcrux.svg.RenderableViewManager$FeGaussianBlurManager
04-20 01:22:50.510 W/unknown:ViewManagerPropertyUpdater(12652): Could not find generated setter for class com.facebook.react.views.progressbar.ReactProgressBarViewManager
04-20 01:22:50.511 W/unknown:ViewManagerPropertyUpdater(12652): Could not find generated setter for class com.facebook.react.views.progressbar.b
04-20 01:22:50.511 W/unknown:ViewManagerPropertyUpdater(12652): Could not find generated setter for class com.facebook.react.views.scroll.ReactHorizontalScrollViewManager
04-20 01:22:50.512 W/unknown:ViewManagerPropertyUpdater(12652): Could not find generated setter for class com.facebook.react.views.text.ReactTextViewManager
04-20 01:22:50.512 W/unknown:ViewManagerPropertyUpdater(12652): Could not find generated setter for class com.facebook.react.views.text.j
04-20 01:22:50.513 W/unknown:ViewManagerPropertyUpdater(12652): Could not find generated setter for class com.horcrux.svg.RenderableViewManager$FeColorMatrixManager
04-20 01:22:50.514 W/unknown:ViewManagerPropertyUpdater(12652): Could not find generated setter for class com.facebook.react.views.scroll.ReactHorizontalScrollContainerViewManager
04-20 01:22:50.516 W/unknown:ViewManagerPropertyUpdater(12652): Could not find generated setter for class com.horcrux.svg.RenderableViewManager$ClipPathViewManager
04-20 01:22:50.518 W/unknown:ViewManagerPropertyUpdater(12652): Could not find generated setter for class com.horcrux.svg.RenderableViewManager$SymbolManager
04-20 01:22:50.519 W/unknown:ViewManagerPropertyUpdater(12652): Could not find generated setter for class com.horcrux.svg.RenderableViewManager$PatternManager
04-20 01:22:50.520 W/unknown:ViewManagerPropertyUpdater(12652): Could not find generated setter for class com.horcrux.svg.RenderableViewManager$FeBlendManager
04-20 01:22:50.521 W/ServiceManagerCppClient(  590): Permission failure: android.permission.ACCESS_SURFACE_FLINGER from uid=10215 pid=0
04-20 01:22:50.521 D/PermissionCache(  590): checking android.permission.ACCESS_SURFACE_FLINGER for uid=10215 => denied (76 us)
04-20 01:22:50.521 W/ServiceManagerCppClient(  590): Permission failure: android.permission.ROTATE_SURFACE_FLINGER from uid=10215 pid=0
04-20 01:22:50.521 D/PermissionCache(  590): checking android.permission.ROTATE_SURFACE_FLINGER for uid=10215 => denied (26 us)
04-20 01:22:50.521 W/ServiceManagerCppClient(  590): Permission failure: android.permission.INTERNAL_SYSTEM_WINDOW from uid=10215 pid=0
04-20 01:22:50.521 D/PermissionCache(  590): checking android.permission.INTERNAL_SYSTEM_WINDOW for uid=10215 => denied (4 us)
04-20 01:22:50.522 W/unknown:BridgelessReact(12652): ReactHost{0}.ReactContext.onHostResume()
04-20 01:22:50.522 W/unknown:BridgelessReact(12652): ReactHost{0}.getOrCreateReactInstanceTask(): Executing ReactInstanceEventListeners
04-20 01:22:50.524 W/unknown:ViewManagerPropertyUpdater(12652): Could not find generated setter for class com.facebook.react.views.view.ReactViewManager
04-20 01:22:50.525 W/unknown:ViewManagerPropertyUpdater(12652): Could not find generated setter for class com.horcrux.svg.SvgViewManager
04-20 01:22:50.527 I/ActivityTaskManager(  590): Displayed com.impos2.mixcretailassemblyrn84/.MainActivity for user 0: +188ms
04-20 01:22:50.527 W/unknown:ViewManagerPropertyUpdater(12652): Could not find generated setter for class com.facebook.react.views.switchview.ReactSwitchManager
04-20 01:22:50.529 W/unknown:ViewManagerPropertyUpdater(12652): Could not find generated setter for class com.facebook.react.views.switchview.d
04-20 01:22:50.532 W/unknown:ViewManagerPropertyUpdater(12652): Could not find generated setter for class com.horcrux.svg.RenderableViewManager$UseViewManager
04-20 01:22:50.535 W/unknown:ViewManagerPropertyUpdater(12652): Could not find generated setter for class com.horcrux.svg.RenderableViewManager$CircleViewManager
04-20 01:22:50.536 W/unknown:ViewManagerPropertyUpdater(12652): Could not find generated setter for class com.horcrux.svg.RenderableViewManager$TSpanViewManager
04-20 01:22:50.537 W/unknown:ViewManagerPropertyUpdater(12652): Could not find generated setter for class com.horcrux.svg.RenderableViewManager$FilterManager
04-20 01:22:50.538 W/unknown:ViewManagerPropertyUpdater(12652): Could not find generated setter for class com.horcrux.svg.RenderableViewManager$MarkerManager
04-20 01:22:50.539 W/unknown:ViewManagerPropertyUpdater(12652): Could not find generated setter for class com.facebook.react.views.modal.ReactModalHostManager
04-20 01:22:50.540 W/unknown:ViewManagerPropertyUpdater(12652): Could not find generated setter for class com.horcrux.svg.RenderableViewManager$ForeignObjectManager
04-20 01:22:50.540 W/unknown:ViewManagerPropertyUpdater(12652): Could not find generated setter for class com.horcrux.svg.RenderableViewManager$EllipseViewManager
04-20 01:22:50.542 W/unknown:ViewManagerPropertyUpdater(12652): Could not find generated setter for class com.horcrux.svg.RenderableViewManager$LineViewManager
04-20 01:22:50.545 W/unknown:ViewManagerPropertyUpdater(12652): Could not find generated setter for class com.facebook.react.views.text.frescosupport.FrescoBasedReactTextInlineImageViewManager
04-20 01:22:50.545 W/unknown:ViewManagerPropertyUpdater(12652): Could not find generated setter for class com.facebook.react.views.text.frescosupport.a
04-20 01:22:50.546 I/ImeTracker(  590): com.impos2.mixcretailassemblyrn84:9c5b57b1: onRequestHide at ORIGIN_SERVER reason HIDE_UNSPECIFIED_WINDOW fromUser false
04-20 01:22:50.546 W/unknown:ViewManagerPropertyUpdater(12652): Could not find generated setter for class com.horcrux.svg.RenderableViewManager$FeFloodManager
04-20 01:22:50.546 I/ImeTracker(  590): com.impos2.mixcretailassemblyrn84:9c5b57b1: onCancelled at PHASE_SERVER_SHOULD_HIDE
04-20 01:22:50.547 W/unknown:ViewManagerPropertyUpdater(12652): Could not find generated setter for class com.horcrux.svg.RenderableViewManager$GroupViewManager
04-20 01:22:50.548 W/unknown:ViewManagerPropertyUpdater(12652): Could not find generated setter for class com.horcrux.svg.RenderableViewManager$TextViewManager
04-20 01:22:50.548 I/GoogleInputMethodService(20885): GoogleInputMethodService.onFinishInput():3157 
04-20 01:22:50.548 W/unknown:ViewManagerPropertyUpdater(12652): Could not find generated setter for class com.horcrux.svg.RenderableViewManager$ImageViewManager
04-20 01:22:50.549 I/GoogleInputMethodService(20885): GoogleInputMethodService.updateDeviceLockedStatus():2248 repeatCheckTimes = 0, locked = false
04-20 01:22:50.549 I/GoogleInputMethodService(20885): GoogleInputMethodService.onStartInput():1986 onStartInput(EditorInfo{EditorInfo{packageName=com.impos2.mixcretailassemblyrn84, inputType=0, inputTypeString=NULL, enableLearning=false, autoCorrection=false, autoComplete=false, imeOptions=0, privateImeOptions=null, actionName=UNSPECIFIED, actionLabel=null, initialSelStart=-1, initialSelEnd=-1, initialCapsMode=0, label=null, fieldId=0, fieldName=null, extras=null, hintText=null, hintLocales=[]}}, false)
04-20 01:22:50.549 I/GoogleInputMethodService(20885): GoogleInputMethodService.updateDeviceLockedStatus():2248 repeatCheckTimes = 1, locked = false
04-20 01:22:50.549 I/AndroidIME(20885): InputBundleManager.loadActiveInputBundleId():450 loadActiveInputBundleId: und-Latn-x-password, password
04-20 01:22:50.549 W/PackageConfigPersister(  590): App-specific configuration not found for packageName: com.impos2.mixcretailassemblyrn84 and userId: 0
04-20 01:22:50.550 I/BpBinder(  439): onLastStrongRef automatically unlinking death recipients: 
04-20 01:22:50.551 W/unknown:ViewManagerPropertyUpdater(12652): Could not find generated setter for class com.horcrux.svg.RenderableViewManager$FeCompositeManager
04-20 01:22:50.552 W/unknown:ViewManagerPropertyUpdater(12652): Could not find generated setter for class com.facebook.react.views.image.ReactImageManager
04-20 01:22:50.553 W/unknown:ViewManagerPropertyUpdater(12652): Could not find generated setter for class com.horcrux.svg.RenderableViewManager$RadialGradientManager
04-20 01:22:50.554 W/unknown:ViewManagerPropertyUpdater(12652): Could not find generated setter for class com.horcrux.svg.RenderableViewManager$MaskManager
04-20 01:22:50.555 W/unknown:ViewManagerPropertyUpdater(12652): Could not find generated setter for class com.facebook.react.views.unimplementedview.ReactUnimplementedViewManager
04-20 01:22:50.556 W/unknown:ViewManagerPropertyUpdater(12652): Could not find generated setter for class com.horcrux.svg.RenderableViewManager$RectViewManager
04-20 01:22:50.557 W/unknown:ViewManagerPropertyUpdater(12652): Could not find generated setter for class com.horcrux.svg.RenderableViewManager$TextPathViewManager
04-20 01:22:50.558 W/unknown:ViewManagerPropertyUpdater(12652): Could not find generated setter for class com.facebook.react.views.scroll.ReactScrollViewManager
04-20 01:22:50.559 W/unknown:ViewManagerPropertyUpdater(12652): Could not find generated setter for class com.horcrux.svg.RenderableViewManager$FeOffsetManager
04-20 01:22:50.560 W/unknown:ViewManagerPropertyUpdater(12652): Could not find generated setter for class com.horcrux.svg.RenderableViewManager$PathViewManager
04-20 01:22:50.562 W/unknown:ViewManagerPropertyUpdater(12652): Could not find generated setter for class com.facebook.react.views.drawer.ReactDrawerLayoutManager
04-20 01:22:50.562 W/unknown:ViewManagerPropertyUpdater(12652): Could not find generated setter for class com.facebook.react.views.swiperefresh.SwipeRefreshLayoutManager
04-20 01:22:50.563 W/unknown:ViewManagerPropertyUpdater(12652): Could not find generated setter for class com.facebook.react.views.textinput.ReactTextInputManager
04-20 01:22:50.564 W/unknown:ViewManagerPropertyUpdater(12652): Could not find generated setter for class com.facebook.react.views.textinput.F
04-20 01:22:50.569 I/ConnectorManager(12652): connector initialized
04-20 01:22:50.571 I/assembly.android.mixc-retail-rn84.boot(12652): {"stage":"resolve-topology:start","displayIndex":0,"displayCount":2}
04-20 01:22:50.572 I/ActivityManager(  590): Background started FGS: Allowed [callingPackage: com.impos2.mixcretailassemblyrn84; callingUid: 10215; uidState: TOP ; uidBFSL: [BFSL]; intent: Intent { cmp=com.impos2.mixcretailassemblyrn84/com.impos2.adapterv2.topologyhostv3.TopologyHostV3Service }; code:PROC_STATE_TOP; tempAllowListReason:<null>; targetSdkVersion:36; callerTargetSdkVersion:36; startForegroundCount:0; bindFromPackage:null: isBindService:false]
04-20 01:22:50.573 I/ActivityManager(  590): Background started FGS: Allowed [callingPackage: com.impos2.mixcretailassemblyrn84; callingUid: 10215; uidState: TOP ; uidBFSL: [BFSL]; intent: Intent { cmp=com.impos2.mixcretailassemblyrn84/com.impos2.adapterv2.topologyhostv3.TopologyHostV3Service }; code:PROC_STATE_TOP; tempAllowListReason:<null>; targetSdkVersion:36; callerTargetSdkVersion:36; startForegroundCount:0; bindFromPackage:null: isBindService:false]
04-20 01:22:50.574 W/ForegroundServiceTypeLoggerModule(  590): Foreground service start for UID: 10215 does not have any types
04-20 01:22:50.577 D/FileUtils(  590): Rounded bytes from 3120193536 to 4000000000
04-20 01:22:50.587 D/ControlsListingControllerImpl(  836): ServiceConfig reloaded, count: 1
04-20 01:22:50.587 I/GsaVoiceInteractionSrv( 1413): (REDACTED) O received %s
