04-20 01:22:50.702 I/MMKV    (12652): <MemoryFile.cpp:103::open> open fd[147], flag 0x7, /data/data/com.impos2.mixcretailassemblyrn84/files/mmkv/specialCharacter/cac4ff37f0f9b0189974948d3d3aa0fe
04-20 01:22:50.702 I/MMKV    (12652): <MemoryFile.cpp:250::mmapOrCleanup> mmap to address [0x76fbfb8000], oldPtr [0x76fc47c000], [/data/data/com.impos2.mixcretailassemblyrn84/files/mmkv/specialCharacter/cac4ff37f0f9b0189974948d3d3aa0fe]
04-20 01:22:50.702 I/MMKV    (12652): <MemoryFile.cpp:109::close> closing fd[147], /data/data/com.impos2.mixcretailassemblyrn84/files/mmkv/specialCharacter/cac4ff37f0f9b0189974948d3d3aa0fe
04-20 01:22:50.702 I/MMKV    (12652): <MMKV_IO.cpp:609::writeActualSize> [mixc-retail-assembly-rn84::state] increase sequence to 4, crc 128833894, actualSize 13301
04-20 01:22:50.702 I/MMKV    (12652): <MMKV.cpp:1208::sync> MMKV::sync, SyncFlag = 1
04-20 01:22:50.702 D/TrafficStats(12652): tagSocket(147) with statsTag=0xffffffff, statsUid=-1
04-20 01:22:50.704 D/TrafficStats(12652): tagSocket(148) with statsTag=0xffffffff, statsUid=-1
04-20 01:22:50.706 D/ActivityManager(  590): sync unfroze 12394 com.google.android.webview:webview_service for 6
04-20 01:22:50.707 I/MMKV    (12652): <MMKV_IO.cpp:609::writeActualSize> [mixc-retail-assembly-rn84::state] increase sequence to 5, crc 668124604, actualSize 14107
04-20 01:22:50.707 I/MMKV    (12652): <MMKV.cpp:1208::sync> MMKV::sync, SyncFlag = 1
04-20 01:22:50.707 I/assembly.android.mixc-retail-rn84.boot(12652): {"stage":"runtime.start:done","displayIndex":0,"displayCount":2}
04-20 01:22:50.708 D/TrafficStats(12652): tagSocket(151) with statsTag=0xffffffff, statsUid=-1
04-20 01:22:50.708 I/assembly.assembly.android.mixc-retail-rn84(12652): [assembly.topology] Native topology host already matches desired lifecycle state {"displayCount":2,"displayIndex":0,"deviceId":"438176N3MB","instanceMode":"MASTER","enableSlave":true,"running":false,"reason":"not-master-or-single-primary-host"}
04-20 01:22:50.708 I/assembly.assembly.android.mixc-retail-rn84(12652): [assembly.topology] Native topology host already matches desired lifecycle state {"displayCount":2,"displayIndex":0,"deviceId":"438176N3MB","instanceMode":"MASTER","enableSlave":true,"running":false,"reason":"not-master-or-single-primary-host"}
04-20 01:22:50.710 I/MMKV    (12652): <MMKV_IO.cpp:609::writeActualSize> [mixc-retail-assembly-rn84::state] increase sequence to 6, crc 3367365488, actualSize 14488
04-20 01:22:50.710 I/MMKV    (12652): <MMKV.cpp:1208::sync> MMKV::sync, SyncFlag = 1
04-20 01:22:50.711 I/assembly.android.mixc-retail-rn84.boot(12652): {"stage":"automation.host:start","displayIndex":0,"displayCount":2,"target":"primary","host":"127.0.0.1","port":18584}
04-20 01:22:50.723 I/cr_VariationsUtils(12394): Seed download job already scheduled
04-20 01:22:50.733 I/assembly.assembly.android.mixc-retail-rn84(12652): [assembly.topology] Native topology host already matches desired lifecycle state {"displayCount":2,"displayIndex":0,"deviceId":"438176N3MB","instanceMode":"MASTER","enableSlave":true,"running":false,"reason":"not-master-or-single-primary-host"}
04-20 01:22:50.733 I/assembly.assembly.android.mixc-retail-rn84(12652): [assembly.topology] Native topology host already matches desired lifecycle state {"displayCount":2,"displayIndex":0,"deviceId":"438176N3MB","instanceMode":"MASTER","enableSlave":true,"running":false,"reason":"not-master-or-single-primary-host"}
04-20 01:22:50.733 I/assembly.assembly.android.mixc-retail-rn84(12652): [assembly.topology] Native topology host already matches desired lifecycle state {"displayCount":2,"displayIndex":0,"deviceId":"438176N3MB","instanceMode":"MASTER","enableSlave":true,"running":false,"reason":"not-master-or-single-primary-host"}
04-20 01:22:50.735 I/assembly.android.mixc-retail-rn84.boot(12652): {"stage":"app-load-complete:start","displayIndex":0}
04-20 01:22:50.735 I/StartupAudit(12652): app_load_complete displayIndex=0 pid=12652 time=2026-04-20 01:22:50.735
04-20 01:22:50.735 I/StartupAudit(12652): secondary_launch_scheduled pid=12652 time=2026-04-20 01:22:50.735
04-20 01:22:50.736 I/MMKV    (12652): <MMKV_IO.cpp:609::writeActualSize> [mixc-retail-assembly-rn84::state] increase sequence to 7, crc 3076928644, actualSize 14488
04-20 01:22:50.736 I/MMKV    (12652): <MMKV.cpp:1208::sync> MMKV::sync, SyncFlag = 1
04-20 01:22:50.738 I/MMKV    (12652): <MMKV_IO.cpp:609::writeActualSize> [mixc-retail-assembly-rn84::state] increase sequence to 8, crc 1430136254, actualSize 14488
04-20 01:22:50.738 I/MMKV    (12652): <MMKV.cpp:1208::sync> MMKV::sync, SyncFlag = 1
04-20 01:22:50.740 I/MMKV    (12652): <MMKV_IO.cpp:609::writeActualSize> [mixc-retail-assembly-rn84::state] increase sequence to 9, crc 2062341719, actualSize 14488
04-20 01:22:50.740 I/MMKV    (12652): <MMKV.cpp:1208::sync> MMKV::sync, SyncFlag = 1
04-20 01:22:50.742 I/MMKV    (12652): <MMKV_IO.cpp:609::writeActualSize> [mixc-retail-assembly-rn84::state] increase sequence to 10, crc 341592991, actualSize 14488
04-20 01:22:50.742 I/MMKV    (12652): <MMKV.cpp:1208::sync> MMKV::sync, SyncFlag = 1
04-20 01:22:50.745 I/assembly.android.mixc-retail-rn84.boot(12652): {"stage":"app-load-complete:done","displayIndex":0}
04-20 01:22:50.749 I/MMKV    (12652): <MMKV_IO.cpp:609::writeActualSize> [mixc-retail-assembly-rn84::state] increase sequence to 11, crc 3076928644, actualSize 14488
04-20 01:22:50.749 I/MMKV    (12652): <MMKV.cpp:1208::sync> MMKV::sync, SyncFlag = 1
04-20 01:22:50.753 I/MMKV    (12652): <MMKV_IO.cpp:609::writeActualSize> [mixc-retail-assembly-rn84::state] increase sequence to 12, crc 1430136254, actualSize 14488
04-20 01:22:50.753 I/MMKV    (12652): <MMKV.cpp:1208::sync> MMKV::sync, SyncFlag = 1
04-20 01:22:50.755 I/MMKV    (12652): <MMKV_IO.cpp:609::writeActualSize> [mixc-retail-assembly-rn84::state] increase sequence to 13, crc 2062341719, actualSize 14488
04-20 01:22:50.755 I/MMKV    (12652): <MMKV.cpp:1208::sync> MMKV::sync, SyncFlag = 1
04-20 01:22:50.757 I/MMKV    (12652): <MMKV_IO.cpp:609::writeActualSize> [mixc-retail-assembly-rn84::state] increase sequence to 14, crc 341592991, actualSize 14488
04-20 01:22:50.757 I/MMKV    (12652): <MMKV.cpp:1208::sync> MMKV::sync, SyncFlag = 1
04-20 01:22:50.764 I/MMKV    (12652): <MMKV_IO.cpp:609::writeActualSize> [mixc-retail-assembly-rn84::state] increase sequence to 15, crc 3076928644, actualSize 14488
04-20 01:22:50.764 I/MMKV    (12652): <MMKV.cpp:1208::sync> MMKV::sync, SyncFlag = 1
04-20 01:22:50.767 I/MMKV    (12652): <MMKV_IO.cpp:609::writeActualSize> [mixc-retail-assembly-rn84::state] increase sequence to 16, crc 1430136254, actualSize 14488
04-20 01:22:50.767 I/MMKV    (12652): <MMKV.cpp:1208::sync> MMKV::sync, SyncFlag = 1
04-20 01:22:50.769 I/MMKV    (12652): <MMKV_IO.cpp:609::writeActualSize> [mixc-retail-assembly-rn84::state] increase sequence to 17, crc 2062341719, actualSize 14488
04-20 01:22:50.769 I/MMKV    (12652): <MMKV.cpp:1208::sync> MMKV::sync, SyncFlag = 1
04-20 01:22:50.771 I/MMKV    (12652): <MMKV_IO.cpp:609::writeActualSize> [mixc-retail-assembly-rn84::state] increase sequence to 18, crc 341592991, actualSize 14488
04-20 01:22:50.771 I/MMKV    (12652): <MMKV.cpp:1208::sync> MMKV::sync, SyncFlag = 1
04-20 01:22:50.774 I/MMKV    (12652): <MMKV_IO.cpp:609::writeActualSize> [mixc-retail-assembly-rn84::state] increase sequence to 19, crc 3076928644, actualSize 14488
04-20 01:22:50.774 I/MMKV    (12652): <MMKV.cpp:1208::sync> MMKV::sync, SyncFlag = 1
04-20 01:22:50.776 I/MMKV    (12652): <MMKV_IO.cpp:609::writeActualSize> [mixc-retail-assembly-rn84::state] increase sequence to 20, crc 1430136254, actualSize 14488
04-20 01:22:50.776 I/MMKV    (12652): <MMKV.cpp:1208::sync> MMKV::sync, SyncFlag = 1
04-20 01:22:50.778 I/MMKV    (12652): <MMKV_IO.cpp:609::writeActualSize> [mixc-retail-assembly-rn84::state] increase sequence to 21, crc 2062341719, actualSize 14488
04-20 01:22:50.778 I/MMKV    (12652): <MMKV.cpp:1208::sync> MMKV::sync, SyncFlag = 1
04-20 01:22:50.782 I/MMKV    (12652): <MMKV_IO.cpp:609::writeActualSize> [mixc-retail-assembly-rn84::state] increase sequence to 22, crc 341592991, actualSize 14488
04-20 01:22:50.782 I/MMKV    (12652): <MMKV.cpp:1208::sync> MMKV::sync, SyncFlag = 1
04-20 01:22:50.785 I/MMKV    (12652): <MMKV_IO.cpp:609::writeActualSize> [mixc-retail-assembly-rn84::state] increase sequence to 23, crc 3076928644, actualSize 14488
04-20 01:22:50.785 I/MMKV    (12652): <MMKV.cpp:1208::sync> MMKV::sync, SyncFlag = 1
04-20 01:22:50.786 I/MMKV    (12652): <MMKV_IO.cpp:609::writeActualSize> [mixc-retail-assembly-rn84::state] increase sequence to 24, crc 1430136254, actualSize 14488
04-20 01:22:50.786 I/MMKV    (12652): <MMKV.cpp:1208::sync> MMKV::sync, SyncFlag = 1
04-20 01:22:50.788 I/MMKV    (12652): <MMKV_IO.cpp:609::writeActualSize> [mixc-retail-assembly-rn84::state] increase sequence to 25, crc 2062341719, actualSize 14488
04-20 01:22:50.788 I/MMKV    (12652): <MMKV.cpp:1208::sync> MMKV::sync, SyncFlag = 1
04-20 01:22:50.790 I/MMKV    (12652): <MMKV_IO.cpp:609::writeActualSize> [mixc-retail-assembly-rn84::state] increase sequence to 26, crc 341592991, actualSize 14488
04-20 01:22:50.790 I/MMKV    (12652): <MMKV.cpp:1208::sync> MMKV::sync, SyncFlag = 1
04-20 01:22:50.794 I/MMKV    (12652): <MMKV_IO.cpp:609::writeActualSize> [mixc-retail-assembly-rn84::state] increase sequence to 27, crc 3076928644, actualSize 14488
04-20 01:22:50.794 I/MMKV    (12652): <MMKV.cpp:1208::sync> MMKV::sync, SyncFlag = 1
04-20 01:22:50.798 I/MMKV    (12652): <MMKV_IO.cpp:609::writeActualSize> [mixc-retail-assembly-rn84::state] increase sequence to 28, crc 1430136254, actualSize 14488
04-20 01:22:50.798 I/MMKV    (12652): <MMKV.cpp:1208::sync> MMKV::sync, SyncFlag = 1
04-20 01:22:50.801 I/MMKV    (12652): <MMKV_IO.cpp:609::writeActualSize> [mixc-retail-assembly-rn84::state] increase sequence to 29, crc 2062341719, actualSize 14488
04-20 01:22:50.801 I/MMKV    (12652): <MMKV.cpp:1208::sync> MMKV::sync, SyncFlag = 1
04-20 01:22:50.821 I/Icing   ( 4607): Indexing com.google.android.gms-apps from com.google.android.gms
04-20 01:22:50.824 I/Icing   ( 4607): Indexing com.google.android.gms-internal.3p:MobileApplication from com.google.android.gms
04-20 01:22:50.827 I/Icing   ( 4607): Indexing done com.google.android.gms-apps
04-20 01:22:50.827 I/Icing   ( 4607): Indexing done com.google.android.gms-internal.3p:MobileApplication
04-20 01:22:50.877 W/FrameTracker( 1099): Missed App frame:UNKNOWN: 24, 167364054, 0, CUJ=J<TASKBAR_COLLAPSE::Home to App>
04-20 01:22:50.877 W/FrameTracker( 1099): Missed SF frame:UNKNOWN: 24, 167364054, 0, CUJ=J<TASKBAR_COLLAPSE::Home to App>
04-20 01:22:50.877 W/FrameTracker( 1099): Missing HWUI jank callback for vsyncId: 167364054, CUJ=J<TASKBAR_COLLAPSE::Home to App>
04-20 01:22:50.877 W/FrameTracker( 1099): Missed SF frame:UNKNOWN: 80, 167364090, 0, CUJ=J<TASKBAR_COLLAPSE::Home to App>
04-20 01:22:50.877 W/FrameTracker( 1099): Missing HWUI jank callback for vsyncId: 167364090, CUJ=J<TASKBAR_COLLAPSE::Home to App>
04-20 01:22:50.877 W/FrameTracker( 1099): Missed SF frame:UNKNOWN: 80, 167364119, 31438683, CUJ=J<TASKBAR_COLLAPSE::Home to App>
04-20 01:22:50.877 W/InteractionJankMonitor(12652): Initializing without READ_DEVICE_CONFIG permission. enabled=true, interval=1, missedFrameThreshold=3, frameTimeThreshold=64, package=com.impos2.mixcretailassemblyrn84
04-20 01:22:50.877 W/FrameTracker( 1099): Missed App frame:UNKNOWN: 88, 167364155, 50258684, CUJ=J<TASKBAR_COLLAPSE::Home to App>
04-20 01:22:50.877 W/FrameTracker( 1099): Missed SF frame:UNKNOWN: 88, 167364155, 50258684, CUJ=J<TASKBAR_COLLAPSE::Home to App>
04-20 01:22:50.877 W/FrameTracker( 1099): Missed SF frame:UNKNOWN: 80, 167364198, 0, CUJ=J<TASKBAR_COLLAPSE::Home to App>
04-20 01:22:50.877 W/FrameTracker( 1099): Missing HWUI jank callback for vsyncId: 167364198, CUJ=J<TASKBAR_COLLAPSE::Home to App>
04-20 01:22:50.877 W/FrameTracker( 1099): Missed SF frame:UNKNOWN: 80, 167364263, 0, CUJ=J<TASKBAR_COLLAPSE::Home to App>
04-20 01:22:50.877 W/FrameTracker( 1099): Missing HWUI jank callback for vsyncId: 167364263, CUJ=J<TASKBAR_COLLAPSE::Home to App>
04-20 01:22:50.877 W/FrameTracker( 1099): Missed SF frame:UNKNOWN: 80, 167364292, 24450228, CUJ=J<TASKBAR_COLLAPSE::Home to App>
04-20 01:22:50.877 W/FrameTracker( 1099): Missed SF frame:UNKNOWN: 80, 167364335, 19321729, CUJ=J<TASKBAR_COLLAPSE::Home to App>
04-20 01:22:50.877 W/FrameTracker( 1099): Missed SF frame:UNKNOWN: 80, 167364378, 23836355, CUJ=J<TASKBAR_COLLAPSE::Home to App>
04-20 01:22:50.877 W/FrameTracker( 1099): Missed SF frame:UNKNOWN: 80, 167364421, 22129355, CUJ=J<TASKBAR_COLLAPSE::Home to App>
04-20 01:22:50.877 W/FrameTracker( 1099): Missed SF frame:UNKNOWN: 80, 167364471, 27742689, CUJ=J<TASKBAR_COLLAPSE::Home to App>
04-20 01:22:50.877 W/FrameTracker( 1099): Missed SF frame:UNKNOWN: 80, 167364507, 25997857, CUJ=J<TASKBAR_COLLAPSE::Home to App>
04-20 01:22:50.877 W/FrameTracker( 1099): Missed SF frame:UNKNOWN: 80, 167364550, 20165566, CUJ=J<TASKBAR_COLLAPSE::Home to App>
04-20 01:22:50.877 W/FrameTracker( 1099): Missed SF frame:UNKNOWN: 80, 167364586, 0, CUJ=J<TASKBAR_COLLAPSE::Home to App>
04-20 01:22:50.877 W/FrameTracker( 1099): Missing HWUI jank callback for vsyncId: 167364586, CUJ=J<TASKBAR_COLLAPSE::Home to App>
04-20 01:22:50.877 W/FrameTracker( 1099): Missed SF frame:UNKNOWN: 80, 167364622, 25040317, CUJ=J<TASKBAR_COLLAPSE::Home to App>
04-20 01:22:50.877 W/FrameTracker( 1099): Missed SF frame:UNKNOWN: 80, 167364658, 32458401, CUJ=J<TASKBAR_COLLAPSE::Home to App>
04-20 01:22:50.877 W/FrameTracker( 1099): Missed SF frame:UNKNOWN: 80, 167364701, 0, CUJ=J<TASKBAR_COLLAPSE::Home to App>
04-20 01:22:50.877 W/FrameTracker( 1099): Missing HWUI jank callback for vsyncId: 167364701, CUJ=J<TASKBAR_COLLAPSE::Home to App>
04-20 01:22:50.877 W/FrameTracker( 1099): Missed SF frame:UNKNOWN: 80, 167364730, 0, CUJ=J<TASKBAR_COLLAPSE::Home to App>
04-20 01:22:50.877 W/FrameTracker( 1099): Missing HWUI jank callback for vsyncId: 167364730, CUJ=J<TASKBAR_COLLAPSE::Home to App>
04-20 01:22:50.877 W/FrameTracker( 1099): Missed SF frame:UNKNOWN: 80, 167364766, 25586778, CUJ=J<TASKBAR_COLLAPSE::Home to App>
04-20 01:22:50.877 W/FrameTracker( 1099): Missed SF frame:UNKNOWN: 80, 167364809, 27140570, CUJ=J<TASKBAR_COLLAPSE::Home to App>
04-20 01:22:50.877 W/FrameTracker( 1099): Missed SF frame:UNKNOWN: 80, 167364838, 26568154, CUJ=J<TASKBAR_COLLAPSE::Home to App>
04-20 01:22:50.877 W/FrameTracker( 1099): Missed SF frame:UNKNOWN: 80, 167364867, 22145863, CUJ=J<TASKBAR_COLLAPSE::Home to App>
04-20 01:22:50.877 W/FrameTracker( 1099): Missed SF frame:UNKNOWN: 80, 167364896, 25010031, CUJ=J<TASKBAR_COLLAPSE::Home to App>
04-20 01:22:50.877 W/FrameTracker( 1099): Missed SF frame:UNKNOWN: 80, 167364925, 24019490, CUJ=J<TASKBAR_COLLAPSE::Home to App>
04-20 01:22:50.877 W/FrameTracker( 1099): Missed App frame:UNKNOWN: 88, 167364954, 33889657, CUJ=J<TASKBAR_COLLAPSE::Home to App>
04-20 01:22:50.877 W/FrameTracker( 1099): Missed SF frame:UNKNOWN: 88, 167364954, 33889657, CUJ=J<TASKBAR_COLLAPSE::Home to App>
04-20 01:22:50.879 V/PerfettoTrigger( 1099): Triggering /system/bin/trigger_perfetto com.android.telemetry.interaction-jank-monitor-61
04-20 01:22:50.883 W/WindowOnBackDispatcher(  836): sendCancelIfRunning: isInProgress=false callback=android.view.ViewRootImpl$$ExternalSyntheticLambda11@1ce29b0
04-20 01:22:50.883 W/InputManager-JNI(  590): Input channel object '7d9a128 Splash Screen com.impos2.mixcretailassemblyrn84 (client)' was disposed without first being removed with the input manager!
04-20 01:22:50.883 D/CoreBackPreview(  590): Window{7d9a128 u0 Splash Screen com.impos2.mixcretailassemblyrn84 EXITING}: Setting back callback null
04-20 01:22:50.934 W/FrameTracker(  836): Missed SF frame:PREDICTION_ERROR, 167364364, 4506646, CUJ=J<SPLASHSCREEN_EXIT_ANIM>
04-20 01:22:50.934 W/FrameTracker(  836): Missed SF frame:PREDICTION_ERROR, 167364500, 0, CUJ=J<SPLASHSCREEN_EXIT_ANIM>
04-20 01:22:50.934 W/FrameTracker(  836): Missing HWUI jank callback for vsyncId: 167364500, CUJ=J<SPLASHSCREEN_EXIT_ANIM>
04-20 01:22:50.934 W/FrameTracker(  836): Missed SF frame:PREDICTION_ERROR, 167364615, 10697942, CUJ=J<SPLASHSCREEN_EXIT_ANIM>
04-20 01:22:50.934 W/FrameTracker(  836): Missed SF frame:PREDICTION_ERROR, 167364759, 8054820, CUJ=J<SPLASHSCREEN_EXIT_ANIM>
04-20 01:22:50.934 W/FrameTracker(  836): Missed SF frame:PREDICTION_ERROR, 167365034, 0, CUJ=J<SPLASHSCREEN_EXIT_ANIM>
04-20 01:22:50.934 W/FrameTracker(  836): Missing HWUI jank callback for vsyncId: 167365034, CUJ=J<SPLASHSCREEN_EXIT_ANIM>
04-20 01:22:50.934 V/PerfettoTrigger(  836): Triggering /system/bin/trigger_perfetto com.android.telemetry.interaction-jank-monitor-39
04-20 01:22:50.968 I/FontLog (  937): Received query Noto Color Emoji Compat, URI content://com.google.android.gms.fonts [CONTEXT service_id=132 ]
04-20 01:22:50.968 I/FontLog (  937): Query [emojicompat-emoji-font] resolved to {Noto Color Emoji Compat, wdth 100.0, wght 400, ital 0.0, bestEffort false} [CONTEXT service_id=132 ]
04-20 01:22:50.969 I/FontLog (  937): Fetch {Noto Color Emoji Compat, wdth 100.0, wght 400, ital 0.0, bestEffort false} end status Status{statusCode=SUCCESS, resolution=null} [CONTEXT service_id=132 ]
04-20 01:22:50.970 I/FontLog (  937): Pulling font file for id = 37, cache size = 5 [CONTEXT service_id=132 ]
04-20 01:22:50.972 I/FontLog (  937): Pulling font file for id = 37, cache size = 5 [CONTEXT service_id=132 ]
04-20 01:22:51.618 I/Icing   ( 4607): Indexing com.google.android.gms-apps from com.google.android.gms
04-20 01:22:51.619 I/Icing   ( 4607): Indexing done com.google.android.gms-apps
04-20 01:22:51.649 I/Icing   ( 4607): Indexing com.google.android.gms-internal.3p:MobileApplication from com.google.android.gms
04-20 01:22:51.650 I/Icing   ( 4607): Indexing done com.google.android.gms-internal.3p:MobileApplication
04-20 01:22:51.650 I/Icing   ( 4607): Indexing com.google.android.gms-apps from com.google.android.gms
04-20 01:22:51.651 I/Icing   ( 4607): Indexing done com.google.android.gms-apps
04-20 01:22:51.653 I/Icing   ( 4607): Indexing com.google.android.gms-apps from com.google.android.gms
04-20 01:22:51.655 I/Icing   ( 4607): Indexing done com.google.android.gms-apps
04-20 01:22:51.656 I/Icing   ( 4607): Indexing com.google.android.gms-internal.3p:MobileApplication from com.google.android.gms
04-20 01:22:51.657 I/Icing   ( 4607): Indexing done com.google.android.gms-internal.3p:MobileApplication
04-20 01:22:51.675 I/Icing   ( 4607): Indexing com.google.android.gms-internal.3p:MobileApplication from com.google.android.gms
04-20 01:22:51.676 I/Icing   ( 4607): Indexing done com.google.android.gms-internal.3p:MobileApplication
04-20 01:22:52.293 D/EGL_emulation(12652): app_time_stats: avg=295.56ms min=28.18ms max=1519.65ms count=6
04-20 01:22:53.499 E/TaskPersister(  590): File error accessing recents directory (directory doesn't exist?).
04-20 01:22:53.741 I/StartupAudit(12652): secondary_launch_attempt displayCount=2 displayId=2 pid=12652 time=2026-04-20 01:22:53.741
04-20 01:22:53.745 W/OptProp (  590): Cannot read opt property android.window.PROPERTY_COMPAT_ALLOW_USER_ASPECT_RATIO_OVERRIDE
04-20 01:22:53.745 W/OptProp (  590): Cannot read opt property android.window.PROPERTY_COMPAT_ALLOW_USER_ASPECT_RATIO_FULLSCREEN_OVERRIDE
04-20 01:22:53.745 W/OptProp (  590): Cannot read opt property android.window.PROPERTY_COMPAT_ALLOW_ORIENTATION_OVERRIDE
04-20 01:22:53.746 V/GrammaticalInflectionUtils(  590): AttributionSource: AttributionSource { uid = 10215, packageName = null, attributionTag = null, token = android.os.Binder@bdb3573, deviceId = 0, next = null } does not have READ_SYSTEM_GRAMMATICAL_GENDER permission.
04-20 01:22:53.746 W/OptProp (  590): Cannot read opt property android.window.PROPERTY_COMPAT_ALLOW_RESIZEABLE_ACTIVITY_OVERRIDES
04-20 01:22:53.746 W/OptProp (  590): Cannot read opt property android.window.PROPERTY_COMPAT_ALLOW_MIN_ASPECT_RATIO_OVERRIDE
04-20 01:22:53.750 W/InputDispatcher(  590): Focused display #2 does not have a focused window.
04-20 01:22:53.750 E/InputDispatcher(  590): But another display has a focused window
04-20 01:22:53.750 E/InputDispatcher(  590):   FocusedWindows:
04-20 01:22:53.750 E/InputDispatcher(  590):     displayId=0, name='cd57e64 com.impos2.mixcretailassemblyrn84/com.impos2.mixcretailassemblyrn84.MainActivity'
04-20 01:22:53.753 V/WindowManagerShell(  836): Transition requested (#525): android.os.BinderProxy@1d960c3 TransitionRequestInfo { type = OPEN, triggerTask = TaskInfo{userId=0 taskId=847 displayId=2 isRunning=true baseIntent=Intent { flg=0x18000000 cmp=com.impos2.mixcretailassemblyrn84/.SecondaryActivity } baseActivity=ComponentInfo{com.impos2.mixcretailassemblyrn84/com.impos2.mixcretailassemblyrn84.SecondaryActivity} topActivity=ComponentInfo{com.impos2.mixcretailassemblyrn84/com.impos2.mixcretailassemblyrn84.SecondaryActivity} origActivity=null realActivity=ComponentInfo{com.impos2.mixcretailassemblyrn84/com.impos2.mixcretailassemblyrn84.SecondaryActivity} numActivities=1 lastActiveTime=260759299 supportsMultiWindow=true resizeMode=1 isResizeable=true minWidth=-1 minHeight=-1 defaultMinSize=220 token=WCT{android.window.IWindowContainerToken$Stub$Proxy@edbcd40} topActivityType=1 pictureInPictureParams=null shouldDockBigOverlays=false launchIntoPipHostTaskId=-1 lastParentTaskIdBeforePip=-1 displayCutoutSafeInsets=null topActivityInfo=ActivityInfo{ba01479 com.impos2.mixcretailassemblyrn84.SecondaryActivity} launchCookies=[] positionInParent=Point(0, 0) parentTaskId=-1 isFocused=false isVisible=false isVisibleRequested=true isSleeping=false locusId=null displayAreaFeatureId=1 isTopActivityTransparent=false appCompatTaskInfo=AppCompatTaskInfo { topActivityInSizeCompat=false topActivityEligibleForLetterboxEducation= falseisLetterboxEducationEnabled= true isLetterboxDoubleTapEnabled= false topActivityEligibleForUserAspectRatioButton= false topActivityBoundsLetterboxed= false isFromLetterboxDoubleTap= false topActivityLetterboxVerticalPosition= -1 topActivityLetterboxHorizontalPosition= -1 topActivityLetterboxWidth=2560 topActivityLetterboxHeight=1600 isUserFullscreenOverrideEnabled=false isSystemFullscreenOverrideEnabled=false cameraCompatTaskInfo=CameraCompatTaskInfo { cameraCompatControlState=hidden freeformCameraCompatMode=inactive}}}, pipTask = null, remoteTransition = null, displayChange = null, flags = 0, debugId = 525 }
04-20 01:22:53.753 D/ShellDesktopMode(  836): DesktopTaskRepo: visibleTaskCount= 0
04-20 01:22:53.753 I/ActivityTaskManager(  590): START u0 {flg=0x18000000 cmp=com.impos2.mixcretailassemblyrn84/.SecondaryActivity} with LAUNCH_MULTIPLE from uid 10215 (BAL_ALLOW_VISIBLE_WINDOW) result code=0
04-20 01:22:53.754 V/GrammaticalInflectionUtils(  590): AttributionSource: AttributionSource { uid = 10215, packageName = null, attributionTag = null, token = android.os.Binder@bdb3573, deviceId = 0, next = null } does not have READ_SYSTEM_GRAMMATICAL_GENDER permission.
04-20 01:22:53.755 D/SplashScreenView(  836): Build android.window.SplashScreenView{f047f35 V.E...... ......ID 0,0-0,0}
04-20 01:22:53.755 D/SplashScreenView(  836): Icon: view: null drawable: null size: 0
04-20 01:22:53.755 D/SplashScreenView(  836): Branding: view: android.view.View{baa7fca G.ED..... ......I. 0,0-0,0 #1020503 android:id/splashscreen_branding_view} drawable: null size w: 0 h: 0
04-20 01:22:53.756 I/TopTaskTracker( 1099): onTaskMovedToFront: (moved taskInfo to front) taskId=847, baseIntent=Intent { flg=0x18000000 cmp=com.impos2.mixcretailassemblyrn84/.SecondaryActivity }
04-20 01:22:53.759 I/BpBinder(  439): onLastStrongRef automatically unlinking death recipients: 
04-20 01:22:53.768 I/TopTaskTracker( 1099): onTaskMovedToFront: (removing top task on home display) taskId=846, baseIntent=Intent { act=android.intent.action.MAIN cat=[android.intent.category.LAUNCHER] flg=0x10200000 cmp=com.impos2.mixcretailassemblyrn84/.MainActivity }
04-20 01:22:53.768 D/Zygote  (  389): Forked child process 12734
04-20 01:22:53.769 I/ActivityManager(  590): Start proc 12734:com.impos2.mixcretailassemblyrn84:secondary/u0a215 for next-top-activity {com.impos2.mixcretailassemblyrn84/com.impos2.mixcretailassemblyrn84.SecondaryActivity}
04-20 01:22:53.777 D/CoreBackPreview(  590): Window{6d5e825 u0 Splash Screen com.impos2.mixcretailassemblyrn84}: Setting back callback OnBackInvokedCallbackInfo{mCallback=android.window.IOnBackInvokedCallback$Stub$Proxy@ccd7608, mPriority=0, mIsAnimationCallback=false}
04-20 01:22:53.777 I/netd    (  388): tetherGetStats() -> {[]} <0.52ms>
04-20 01:22:53.788 I/yrn84:secondary(12734): Using CollectorTypeCMC GC.
04-20 01:22:53.790 E/yrn84:secondary(12734): Not starting debugger since process cannot load the jdwp agent.
04-20 01:22:53.792 D/nativeloader(12734): Load libframework-connectivity-tiramisu-jni.so using APEX ns com_android_tethering for caller /apex/com.android.tethering/javalib/framework-connectivity-t.jar: ok
04-20 01:22:53.798 D/nativeloader(12734): Configuring clns-7 for other apk /data/app/~~tP809n97RtWMBq6zaWAxGg==/com.impos2.mixcretailassemblyrn84-55rLqenivyMdLHv3eqr_ew==/base.apk. target_sdk_version=36, uses_libraries=, library_path=/data/app/~~tP809n97RtWMBq6zaWAxGg==/com.impos2.mixcretailassemblyrn84-55rLqenivyMdLHv3eqr_ew==/lib/arm64:/data/app/~~tP809n97RtWMBq6zaWAxGg==/com.impos2.mixcretailassemblyrn84-55rLqenivyMdLHv3eqr_ew==/base.apk!/lib/arm64-v8a, permitted_path=/data:/mnt/expand:/data/user/0/com.impos2.mixcretailassemblyrn84
04-20 01:22:53.801 V/GraphicsEnvironment(12734): Currently set values for:
04-20 01:22:53.801 V/GraphicsEnvironment(12734):   angle_gl_driver_selection_pkgs=[]
04-20 01:22:53.801 V/GraphicsEnvironment(12734):   angle_gl_driver_selection_values=[]
04-20 01:22:53.801 V/GraphicsEnvironment(12734): Global.Settings values are invalid: number of packages: 0, number of values: 0
04-20 01:22:53.801 V/GraphicsEnvironment(12734): Neither updatable production driver nor prerelease driver is supported.
04-20 01:22:53.803 W/SoLoader(12734): Initializing SoLoader: 0
04-20 01:22:53.803 W/SoLoader(12734): Recording new base apk path: /data/app/~~tP809n97RtWMBq6zaWAxGg==/com.impos2.mixcretailassemblyrn84-55rLqenivyMdLHv3eqr_ew==/base.apk
04-20 01:22:53.803 W/SoLoader(12734): Previously recorded 0 base apk paths.
04-20 01:22:53.803 I/SoLoader(12734): Preparing SO source: DirectorySoSource[root = /vendor/lib64 flags = 2]
04-20 01:22:53.803 I/SoLoader(12734): Preparing SO source: DirectorySoSource[root = /system/lib64 flags = 2]
04-20 01:22:53.803 I/SoLoader(12734): Preparing SO source: DirectApkSoSource[root = [/data/app/~~tP809n97RtWMBq6zaWAxGg==/com.impos2.mixcretailassemblyrn84-55rLqenivyMdLHv3eqr_ew==/base.apk!/lib/arm64-v8a]]
04-20 01:22:53.803 I/SoLoader(12734): Preparing SO source: ApplicationSoSource[DirectorySoSource[root = /data/app/~~tP809n97RtWMBq6zaWAxGg==/com.impos2.mixcretailassemblyrn84-55rLqenivyMdLHv3eqr_ew==/lib/arm64 flags = 0]]
04-20 01:22:53.803 I/SoLoader(12734): init finish: 4 SO sources prepared
04-20 01:22:53.803 W/SoLoader(12734): SoLoader initialized: 8
04-20 01:22:53.806 D/nativeloader(12734): Load /data/app/~~tP809n97RtWMBq6zaWAxGg==/com.impos2.mixcretailassemblyrn84-55rLqenivyMdLHv3eqr_ew==/base.apk!/lib/arm64-v8a/libc++_shared.so using ns clns-7 from class loader (caller=/data/app/~~tP809n97RtWMBq6zaWAxGg==/com.impos2.mixcretailassemblyrn84-55rLqenivyMdLHv3eqr_ew==/base.apk): ok
04-20 01:22:53.806 D/nativeloader(12734): Load /data/app/~~tP809n97RtWMBq6zaWAxGg==/com.impos2.mixcretailassemblyrn84-55rLqenivyMdLHv3eqr_ew==/base.apk!/lib/arm64-v8a/libjsi.so using ns clns-7 from class loader (caller=/data/app/~~tP809n97RtWMBq6zaWAxGg==/com.impos2.mixcretailassemblyrn84-55rLqenivyMdLHv3eqr_ew==/base.apk): ok
04-20 01:22:53.807 D/nativeloader(12734): Load /data/app/~~tP809n97RtWMBq6zaWAxGg==/com.impos2.mixcretailassemblyrn84-55rLqenivyMdLHv3eqr_ew==/base.apk!/lib/arm64-v8a/libfbjni.so using ns clns-7 from class loader (caller=/data/app/~~tP809n97RtWMBq6zaWAxGg==/com.impos2.mixcretailassemblyrn84-55rLqenivyMdLHv3eqr_ew==/base.apk): ok
04-20 01:22:53.808 D/nativeloader(12734): Load /data/app/~~tP809n97RtWMBq6zaWAxGg==/com.impos2.mixcretailassemblyrn84-55rLqenivyMdLHv3eqr_ew==/base.apk!/lib/arm64-v8a/libreactnative.so using ns clns-7 from class loader (caller=/data/app/~~tP809n97RtWMBq6zaWAxGg==/com.impos2.mixcretailassemblyrn84-55rLqenivyMdLHv3eqr_ew==/base.apk): ok
04-20 01:22:53.808 D/jni_lib_merge(12734): Entering merged library JNI_OnLoad.
04-20 01:22:53.809 D/jni_lib_merge(12734): Preparing 12 pre-merged libs (including stub)
04-20 01:22:53.809 D/jni_lib_merge(12734): Preparing to register libfabricjni_so.  onload_func: 0x73a907ea50
04-20 01:22:53.809 D/jni_lib_merge(12734): Preparing to register libreact_devsupportjni_so.  onload_func: 0x73a914236c
04-20 01:22:53.809 D/jni_lib_merge(12734): Preparing to register libreact_featureflagsjni_so.  onload_func: 0x73a915cba8
04-20 01:22:53.809 D/jni_lib_merge(12734): Preparing to register libreact_newarchdefaults_so.  onload_func: 0x73a919ad74
04-20 01:22:53.809 D/jni_lib_merge(12734): Preparing to register libreactnativeblob_so.  onload_func: 0x73a923ba4c
04-20 01:22:53.809 D/jni_lib_merge(12734): Preparing to register libreactnativejni_so.  onload_func: 0x73a92509e4
04-20 01:22:53.809 D/jni_lib_merge(12734): Preparing to register libreactnativejni_common_so.  onload_func: 0x73a9253be0
04-20 01:22:53.809 D/jni_lib_merge(12734): Preparing to register librninstance_so.  onload_func: 0x73a9270778
04-20 01:22:53.809 D/jni_lib_merge(12734): Preparing to register libturbomodulejsijni_so.  onload_func: 0x73a931a0e0
04-20 01:22:53.809 D/jni_lib_merge(12734): Preparing to register libuimanagerjni_so.  onload_func: 0x73a9320b00
04-20 01:22:53.809 D/jni_lib_merge(12734): Preparing to register libyoga_so.  onload_func: 0x73a93280c4
04-20 01:22:53.809 D/jni_lib_merge(12734): About to register 11 actual methods.
04-20 01:22:53.811 D/nativeloader(12734): Load /data/app/~~tP809n97RtWMBq6zaWAxGg==/com.impos2.mixcretailassemblyrn84-55rLqenivyMdLHv3eqr_ew==/base.apk!/lib/arm64-v8a/libreact_codegen_rnsvg.so using ns clns-7 from class loader (caller=/data/app/~~tP809n97RtWMBq6zaWAxGg==/com.impos2.mixcretailassemblyrn84-55rLqenivyMdLHv3eqr_ew==/base.apk): ok
04-20 01:22:53.811 D/jni_lib_merge(12734): Entering merged library JNI_OnLoad.
04-20 01:22:53.811 D/jni_lib_merge(12734): Preparing 12 pre-merged libs (including stub)
04-20 01:22:53.811 D/jni_lib_merge(12734): Preparing to register libfabricjni_so.  onload_func: 0x73a907ea50
04-20 01:22:53.811 D/jni_lib_merge(12734): Preparing to register libreact_devsupportjni_so.  onload_func: 0x73a914236c
04-20 01:22:53.811 D/jni_lib_merge(12734): Preparing to register libreact_featureflagsjni_so.  onload_func: 0x73a915cba8
04-20 01:22:53.811 D/jni_lib_merge(12734): Preparing to register libreact_newarchdefaults_so.  onload_func: 0x73a919ad74
04-20 01:22:53.811 D/jni_lib_merge(12734): Preparing to register libreactnativeblob_so.  onload_func: 0x73a923ba4c
04-20 01:22:53.811 D/jni_lib_merge(12734): Preparing to register libreactnativejni_so.  onload_func: 0x73a92509e4
04-20 01:22:53.811 D/jni_lib_merge(12734): Preparing to register libreactnativejni_common_so.  onload_func: 0x73a9253be0
04-20 01:22:53.811 D/jni_lib_merge(12734): Preparing to register librninstance_so.  onload_func: 0x73a9270778
04-20 01:22:53.811 D/jni_lib_merge(12734): Preparing to register libturbomodulejsijni_so.  onload_func: 0x73a931a0e0
04-20 01:22:53.811 D/jni_lib_merge(12734): Preparing to register libuimanagerjni_so.  onload_func: 0x73a9320b00
04-20 01:22:53.811 D/jni_lib_merge(12734): Preparing to register libyoga_so.  onload_func: 0x73a93280c4
04-20 01:22:53.811 D/jni_lib_merge(12734): About to register 11 actual methods.
04-20 01:22:53.813 D/nativeloader(12734): Load /data/app/~~tP809n97RtWMBq6zaWAxGg==/com.impos2.mixcretailassemblyrn84-55rLqenivyMdLHv3eqr_ew==/base.apk!/lib/arm64-v8a/libappmodules.so using ns clns-7 from class loader (caller=/data/app/~~tP809n97RtWMBq6zaWAxGg==/com.impos2.mixcretailassemblyrn84-55rLqenivyMdLHv3eqr_ew==/base.apk): ok
04-20 01:22:53.815 V/WindowManager(  590): Sent Transition (#525) createdAt=04-20 01:22:53.747 via request=TransitionRequestInfo { type = OPEN, triggerTask = TaskInfo{userId=0 taskId=847 displayId=2 isRunning=true baseIntent=Intent { flg=0x18000000 cmp=com.impos2.mixcretailassemblyrn84/.SecondaryActivity } baseActivity=ComponentInfo{com.impos2.mixcretailassemblyrn84/com.impos2.mixcretailassemblyrn84.SecondaryActivity} topActivity=ComponentInfo{com.impos2.mixcretailassemblyrn84/com.impos2.mixcretailassemblyrn84.SecondaryActivity} origActivity=null realActivity=ComponentInfo{com.impos2.mixcretailassemblyrn84/com.impos2.mixcretailassemblyrn84.SecondaryActivity} numActivities=1 lastActiveTime=260759299 supportsMultiWindow=true resizeMode=1 isResizeable=true minWidth=-1 minHeight=-1 defaultMinSize=220 token=WCT{RemoteToken{6d9f6dd Task{f3778f0 #847 type=standard A=10215:com.impos2.mixcretailassemblyrn84}}} topActivityType=1 pictureInPictureParams=null shouldDockBigOverlays=false launchIntoPipHostTaskId=-1 lastParentTaskIdBeforePip=-1 displayCutoutSafeInsets=null topActivityInfo=ActivityInfo{ff3a252 com.impos2.mixcretailassemblyrn84.SecondaryActivity} launchCookies=[] positionInParent=Point(0, 0) parentTaskId=-1 isFocused=false isVisible=false isVisibleRequested=true isSleeping=false locusId=null displayAreaFeatureId=1 isTopActivityTransparent=false appCompatTaskInfo=AppCompatTaskInfo { topActivityInSizeCompat=false topActivityEligibleForLetterboxEducation= falseisLetterboxEducationEnabled= true isLetterboxDoubleTapEnabled= false topActivityEligibleForUserAspectRatioButton= false topActivityBoundsLetterboxed= false isFromLetterboxDoubleTap= false topActivityLetterboxVerticalPosition= -1 topActivityLetterboxHorizontalPosition= -1 topActivityLetterboxWidth=2560 topActivityLetterboxHeight=1600 isUserFullscreenOverrideEnabled=false isSystemFullscreenOverrideEnabled=false cameraCompatTaskInfo=CameraCompatTaskInfo { cameraCompatControlState=hidden freeformCameraCompatMode=inactive}}}, pipTask = null, remoteTransition = null, displayChange = null, flags = 0, debugId = 525 }
04-20 01:22:53.815 V/WindowManager(  590):     startWCT=WindowContainerTransaction { changes = {} hops = [] errorCallbackToken=null taskFragmentOrganizer=null }
04-20 01:22:53.815 V/WindowManagerShell(  836): onTransitionReady(transaction=2534030743803)
04-20 01:22:53.815 V/WindowManager(  590):     info={id=525 t=OPEN f=0x0 trk=0 r=[2@Point(0, 0)] c=[
04-20 01:22:53.815 V/WindowManager(  590):         {WCT{RemoteToken{6d9f6dd Task{f3778f0 #847 type=standard A=10215:com.impos2.mixcretailassemblyrn84}}} m=OPEN f=NONE leash=Surface(name=Task=847)/@0x8de7b87 sb=Rect(0, 0 - 2560, 1600) eb=Rect(0, 0 - 2560, 1600) d=2 taskParent=-1},
04-20 01:22:53.815 V/WindowManager(  590):         {WCT{RemoteToken{473bc8f Task{c2f742b #671 type=home}}} m=TO_BACK f=SHOW_WALLPAPER leash=Surface(name=Task=671)/@0x5554f84 sb=Rect(0, 0 - 2560, 1600) eb=Rect(0, 0 - 2560, 1600) d=2 taskParent=-1}
04-20 01:22:53.815 V/WindowManager(  590):     ]}
04-20 01:22:53.815 V/WindowManagerShell(  836): onTransitionReady (#525) android.os.BinderProxy@1d960c3: {id=525 t=OPEN f=0x0 trk=0 r=[2@Point(0, 0)] c=[{WCT{android.window.IWindowContainerToken$Stub$Proxy@f20de9} m=OPEN f=NONE leash=Surface(name=Task=847)/@0xacb3e22 sb=Rect(0, 0 - 2560, 1600) eb=Rect(0, 0 - 2560, 1600) d=2 taskParent=-1},{WCT{android.window.IWindowContainerToken$Stub$Proxy@2831a6e} m=TO_BACK f=SHOW_WALLPAPER leash=Surface(name=Task=671)/@0x5c400b3 sb=Rect(0, 0 - 2560, 1600) eb=Rect(0, 0 - 2560, 1600) d=2 taskParent=-1}]}
04-20 01:22:53.817 V/WindowManagerShell(  836): Playing animation for (#525) android.os.BinderProxy@1d960c3@0
04-20 01:22:53.817 V/WindowManagerShell(  836):  try handler com.android.wm.shell.transition.DefaultMixedHandler@a4b4bb1
04-20 01:22:53.817 V/WindowManagerShell(  836):  try handler com.android.wm.shell.keyguard.KeyguardTransitionHandler@f055896
04-20 01:22:53.817 V/WindowManagerShell(  836):  try handler com.android.wm.shell.pip.PipTransition@489c17
04-20 01:22:53.817 V/WindowManagerShell(  836):  try handler com.android.wm.shell.activityembedding.ActivityEmbeddingController@f43a804
04-20 01:22:53.817 V/WindowManagerShell(  836):  try handler com.android.wm.shell.splitscreen.StageCoordinator@417f1ed
04-20 01:22:53.817 W/OptProp (  590): Cannot read opt property android.window.PROPERTY_COMPAT_ENABLE_FAKE_FOCUS
04-20 01:22:53.819 W/UserManagerService(  590): Requested status bar icon for non-badged user 0
04-20 01:22:53.821 V/WindowManagerShell(  836):  try handler com.android.wm.shell.desktopmode.DesktopTasksController@4366822
04-20 01:22:53.821 V/WindowManagerShell(  836):  try handler com.android.wm.shell.recents.RecentsTransitionHandler@b30e2b3
04-20 01:22:53.821 V/ShellRecents(  836): RecentsTransitionHandler.startAnimation: no controller found
04-20 01:22:53.822 V/WindowManagerShell(  836):  try handler com.android.wm.shell.transition.RemoteTransitionHandler@2554070
04-20 01:22:53.822 V/WindowManagerShell(  836): Transition doesn't have explicit remote, search filters for match for {id=525 t=OPEN f=0x0 trk=0 r=[2@Point(0, 0)] c=[{WCT{android.window.IWindowContainerToken$Stub$Proxy@f20de9} m=OPEN f=NONE leash=Surface(name=Task=847)/@0xacb3e22 sb=Rect(0, 0 - 2560, 1600) eb=Rect(0, 0 - 2560, 1600) d=2 taskParent=-1},{WCT{android.window.IWindowContainerToken$Stub$Proxy@2831a6e} m=TO_BACK f=SHOW_WALLPAPER leash=Surface(name=Task=671)/@0x5c400b3 sb=Rect(0, 0 - 2560, 1600) eb=Rect(0, 0 - 2560, 1600) d=2 taskParent=-1}]}
04-20 01:22:53.823 V/WindowManagerShell(  836):  Checking filter Pair{{types=[] flags=0x0] notFlags=0x0 checks=[{atype=undefined independent=true modes=[OPEN,TO_FRONT] flags=IN_TASK_WITH_EMBEDDED_ACTIVITY mustBeTask=false order=ANY topActivity=ComponentInfo{com.google.android.apps.nexuslauncher/com.google.android.apps.nexuslauncher.NexusLauncherActivity} launchCookie=null},{atype=undefined independent=true modes=[CLOSE,TO_BACK] flags=IN_TASK_WITH_EMBEDDED_ACTIVITY mustBeTask=false order=ANY topActivity=null launchCookie=null}]} RemoteTransition { remoteTransition = android.window.IRemoteTransition$Stub$Proxy@e8ebfe9, appThread = android.app.IApplicationThread$Stub$Proxy@876e46e, debugName = OverlaySwipeBack }}
04-20 01:22:53.823 V/WindowManagerShell(  836):  Checking filter Pair{{types=[] flags=0x0] notFlags=0x0 checks=[{atype=dream independent=true modes=[OPEN,TO_FRONT] flags=NONE mustBeTask=false order=ANY topActivity=null launchCookie=null},{atype=home independent=true modes=[CLOSE,TO_BACK] flags=NONE mustBeTask=false order=ANY topActivity=null launchCookie=null}]} RemoteTransition { remoteTransition = android.window.IRemoteTransition$Stub$Proxy@f4cf70f, appThread = android.app.IApplicationThread$Stub$Proxy@ba5f39c, debugName = LauncherToDream }}
04-20 01:22:53.823 V/WindowManagerShell(  836):  Checking filter Pair{{types=[] flags=0x0] notFlags=0x100 checks=[{atype=home independent=true modes=[OPEN,TO_FRONT] flags=NONE mustBeTask=false order=TOP topActivity=ComponentInfo{com.google.android.apps.nexuslauncher/com.google.android.apps.nexuslauncher.NexusLauncherActivity} launchCookie=null},{atype=standard independent=true modes=[CLOSE,TO_BACK] flags=NONE mustBeTask=false order=ANY topActivity=null launchCookie=null}]} RemoteTransition { remoteTransition = android.window.IRemoteTransition$Stub$Proxy@c8a71a5, appThread = android.app.IApplicationThread$Stub$Proxy@30d97a, debugName = QuickstepLaunchHome }}
04-20 01:22:53.823 V/WindowManagerShell(  836):  Delegate animation for (#525) to null
04-20 01:22:53.823 V/WindowManagerShell(  836):  try handler com.android.wm.shell.transition.DefaultTransitionHandler@56bf52b
04-20 01:22:53.823 V/WindowManagerShell(  836): start default transition animation, info = {id=525 t=OPEN f=0x0 trk=0 r=[2@Point(0, 0)] c=[{WCT{android.window.IWindowContainerToken$Stub$Proxy@f20de9} m=OPEN f=NONE leash=Surface(name=Task=847)/@0xacb3e22 sb=Rect(0, 0 - 2560, 1600) eb=Rect(0, 0 - 2560, 1600) d=2 taskParent=-1},{WCT{android.window.IWindowContainerToken$Stub$Proxy@2831a6e} m=TO_BACK f=SHOW_WALLPAPER leash=Surface(name=Task=671)/@0x5c400b3 sb=Rect(0, 0 - 2560, 1600) eb=Rect(0, 0 - 2560, 1600) d=2 taskParent=-1}]}
04-20 01:22:53.823 V/WindowManagerShell(  836): loadAnimation: anim=android.view.animation.AnimationSet@f949121 animAttr=0x13 type=OPEN isEntrance=false
04-20 01:22:53.823 V/WindowManagerShell(  836): loadAnimation: anim=android.view.animation.AnimationSet@2c00034 animAttr=0x12 type=OPEN isEntrance=true
04-20 01:22:53.823 D/AppCompatDelegate(12734): Checking for metadata for AppLocalesMetadataHolderService : Service not found
04-20 01:22:53.824 V/WindowManagerShell(  836):  animated by com.android.wm.shell.transition.DefaultTransitionHandler@56bf52b
04-20 01:22:53.831 D/FileUtils(  590): Rounded bytes from 3120193536 to 4000000000
04-20 01:22:53.834 D/nativeloader(12734): Load /data/app/~~tP809n97RtWMBq6zaWAxGg==/com.impos2.mixcretailassemblyrn84-55rLqenivyMdLHv3eqr_ew==/base.apk!/lib/arm64-v8a/libhermesvm.so using ns clns-7 from class loader (caller=/data/app/~~tP809n97RtWMBq6zaWAxGg==/com.impos2.mixcretailassemblyrn84-55rLqenivyMdLHv3eqr_ew==/base.apk): ok
04-20 01:22:53.834 D/nativeloader(12734): Load /data/app/~~tP809n97RtWMBq6zaWAxGg==/com.impos2.mixcretailassemblyrn84-55rLqenivyMdLHv3eqr_ew==/base.apk!/lib/arm64-v8a/libhermestooling.so using ns clns-7 from class loader (caller=/data/app/~~tP809n97RtWMBq6zaWAxGg==/com.impos2.mixcretailassemblyrn84-55rLqenivyMdLHv3eqr_ew==/base.apk): ok
04-20 01:22:53.834 D/jni_lib_merge(12734): Entering merged library JNI_OnLoad.
04-20 01:22:53.834 D/jni_lib_merge(12734): Preparing 4 pre-merged libs (including stub)
04-20 01:22:53.834 D/jni_lib_merge(12734): Preparing to register libhermes_executor_so.  onload_func: 0x7402dda728
04-20 01:22:53.834 D/jni_lib_merge(12734): Preparing to register libhermesinstancejni_so.  onload_func: 0x7402de1d44
04-20 01:22:53.834 D/jni_lib_merge(12734): Preparing to register libjsijniprofiler_so.  onload_func: 0x7402de2530
04-20 01:22:53.835 D/jni_lib_merge(12734): About to register 3 actual methods.
04-20 01:22:53.838 W/unknown:BridgelessReact(12734): ReactHost{0}.startSurface(surfaceId = 0): Schedule
04-20 01:22:53.838 W/unknown:BridgelessReact(12734): ReactHost{0}.attachSurface(surfaceId = 0)
04-20 01:22:53.838 W/unknown:BridgelessReact(12734): ReactHost{0}.getOrCreateReactInstanceTask()
04-20 01:22:53.838 W/unknown:BridgelessReact(12734): ReactHost{0}.getOrCreateReactInstanceTask(): Start
04-20 01:22:53.838 W/unknown:BridgelessReact(12734): ReactHost{0}.getJSBundleLoader()
04-20 01:22:53.839 W/unknown:BridgelessReact(12734): ReactHost{0}.getOrCreateReactInstanceTask(): Creating BridgelessReactContext
04-20 01:22:53.839 W/unknown:BridgelessReact(12734): ReactHost{0}.getOrCreateReactInstanceTask(): Creating ReactInstance
04-20 01:22:53.841 I/StartupAudit(12734): activity_created activity=SecondaryActivity displayIndex=1 pid=12734 time=2026-04-20 01:22:53.841
04-20 01:22:53.844 W/unknown:BridgelessReact(12734): ReactHost{0}.onHostResume(activity)
04-20 01:22:53.844 W/unknown:BridgelessReact(12734): ReactHost{0}.ReactContext.onHostResume()
04-20 01:22:53.846 W/HWUI    (12734): Unknown dataspace 0
04-20 01:22:53.854 W/unknown:BridgelessReact(12734): ReactHost{0}.getOrCreateReactInstanceTask(): Loading JS Bundle
04-20 01:22:53.854 W/unknown:BridgelessReact(12734): ReactHost{0}.getOrCreateReactInstanceTask(): DevSupportManager.onNewReactContextCreated()
04-20 01:22:53.854 W/unknown:BridgelessReact(12734): ReactHost{0}.startSurface(surfaceId = 0): Execute
04-20 01:22:53.856 I/ReactNativeJS(12734): Running "MixcRetailAssemblyRN84"
04-20 01:22:53.858 W/unknown:ViewManagerPropertyUpdater(12734): Could not find generated setter for class com.horcrux.svg.RenderableViewManager$DefsViewManager
04-20 01:22:53.860 W/unknown:ViewManagerPropertyUpdater(12734): Could not find generated setter for class com.horcrux.svg.VirtualViewManager$c
04-20 01:22:53.860 D/CoreBackPreview(  590): Window{fb22f50 u0 com.impos2.mixcretailassemblyrn84/com.impos2.mixcretailassemblyrn84.SecondaryActivity}: Setting back callback OnBackInvokedCallbackInfo{mCallback=android.window.IOnBackInvokedCallback$Stub$Proxy@5079e4e, mPriority=0, mIsAnimationCallback=false}
04-20 01:22:53.862 W/unknown:ViewManagerPropertyUpdater(12734): Could not find generated setter for class com.horcrux.svg.RenderableViewManager$FeMergeManager
04-20 01:22:53.863 I/EGL_emulation(12734): Opening libGLESv1_CM_emulation.so
04-20 01:22:53.863 W/unknown:ViewManagerPropertyUpdater(12734): Could not find generated setter for class com.facebook.react.views.safeareaview.ReactSafeAreaViewManager
04-20 01:22:53.863 I/EGL_emulation(12734): Opening libGLESv2_emulation.so
04-20 01:22:53.864 W/unknown:ViewManagerPropertyUpdater(12734): Could not find generated setter for class com.facebook.react.uimanager.V
04-20 01:22:53.865 W/unknown:ViewManagerPropertyUpdater(12734): Could not find generated setter for class com.horcrux.svg.RenderableViewManager$LinearGradientManager
04-20 01:22:53.866 W/unknown:ViewManagerPropertyUpdater(12734): Could not find generated setter for class com.horcrux.svg.RenderableViewManager$FeGaussianBlurManager
04-20 01:22:53.867 W/unknown:ViewManagerPropertyUpdater(12734): Could not find generated setter for class com.facebook.react.views.progressbar.ReactProgressBarViewManager
04-20 01:22:53.867 W/unknown:ViewManagerPropertyUpdater(12734): Could not find generated setter for class com.facebook.react.views.progressbar.b
04-20 01:22:53.867 W/unknown:ViewManagerPropertyUpdater(12734): Could not find generated setter for class com.facebook.react.views.scroll.ReactHorizontalScrollViewManager
04-20 01:22:53.868 W/HWUI    (12734): Failed to choose config with EGL_SWAP_BEHAVIOR_PRESERVED, retrying without...
04-20 01:22:53.868 W/HWUI    (12734): Failed to initialize 101010-2 format, error = EGL_SUCCESS
04-20 01:22:53.868 W/unknown:ViewManagerPropertyUpdater(12734): Could not find generated setter for class com.facebook.react.views.text.ReactTextViewManager
04-20 01:22:53.870 W/unknown:ViewManagerPropertyUpdater(12734): Could not find generated setter for class com.facebook.react.views.text.j
04-20 01:22:53.870 W/unknown:ViewManagerPropertyUpdater(12734): Could not find generated setter for class com.horcrux.svg.RenderableViewManager$FeColorMatrixManager
04-20 01:22:53.871 W/unknown:ViewManagerPropertyUpdater(12734): Could not find generated setter for class com.facebook.react.views.scroll.ReactHorizontalScrollContainerViewManager
04-20 01:22:53.872 W/unknown:ViewManagerPropertyUpdater(12734): Could not find generated setter for class com.horcrux.svg.RenderableViewManager$ClipPathViewManager
04-20 01:22:53.873 W/unknown:ViewManagerPropertyUpdater(12734): Could not find generated setter for class com.horcrux.svg.RenderableViewManager$SymbolManager
04-20 01:22:53.874 I/hwservicemanager(  162): getTransport: Cannot find entry android.hardware.graphics.mapper@4.0::IMapper/default in either framework or device VINTF manifest.
04-20 01:22:53.874 I/Gralloc4(12734): mapper 4.x is not supported
04-20 01:22:53.875 W/unknown:ViewManagerPropertyUpdater(12734): Could not find generated setter for class com.horcrux.svg.RenderableViewManager$PatternManager
04-20 01:22:53.875 I/servicemanager(  157): Caller(pid=12734,uid=10215,sid=u:r:untrusted_app:s0:c215,c256,c512,c768) Could not find android.hardware.graphics.allocator.IAllocator/default in the VINTF manifest. No alternative instances declared in VINTF.
04-20 01:22:53.878 I/servicemanager(  157): Notifying android.hardware.drm.IDrmFactory/clearkey they don't (previously: do) have clients when we now have no record of a client
04-20 01:22:53.876 I/AidlLazyServiceRegistrar(12592): Process has 0 (of 1 available) client(s) in use after notification android.hardware.drm.IDrmFactory/clearkey has clients: 0
04-20 01:22:53.876 I/AidlLazyServiceRegistrar(12592): Trying to shut down the service. No clients in use for any service in process.
04-20 01:22:53.876 I/AidlLazyServiceRegistrar(12592): Unregistered all clients and exiting
04-20 01:22:53.878 W/unknown:ViewManagerPropertyUpdater(12734): Could not find generated setter for class com.horcrux.svg.RenderableViewManager$FeBlendManager
04-20 01:22:53.880 W/unknown:ViewManagerPropertyUpdater(12734): Could not find generated setter for class com.facebook.react.views.view.ReactViewManager
04-20 01:22:53.878 I/servicemanager(  157): Caller(pid=12592,uid=1013,sid=u:r:hal_drm_clearkey_aidl:s0) Unregistering android.hardware.drm.IDrmFactory/clearkey
04-20 01:22:53.878 I/BpBinder(  157): onLastStrongRef automatically unlinking death recipients:
04-20 01:22:53.879 I/init    (    1): Service 'vendor.drm-clearkey-service' (pid 12592) exited with status 0 oneshot service took 4.253000 seconds in background
04-20 01:22:53.879 I/init    (    1): Sending signal 9 to service 'vendor.drm-clearkey-service' (pid 12592) process group...
04-20 01:22:53.879 I/libprocessgroup(    1): Removed cgroup /sys/fs/cgroup/uid_1013/pid_12592
04-20 01:22:53.882 W/unknown:ViewManagerPropertyUpdater(12734): Could not find generated setter for class com.horcrux.svg.SvgViewManager
04-20 01:22:53.883 W/unknown:ViewManagerPropertyUpdater(12734): Could not find generated setter for class com.facebook.react.views.switchview.ReactSwitchManager
04-20 01:22:53.884 W/unknown:ViewManagerPropertyUpdater(12734): Could not find generated setter for class com.facebook.react.views.switchview.d
04-20 01:22:53.885 W/unknown:ViewManagerPropertyUpdater(12734): Could not find generated setter for class com.horcrux.svg.RenderableViewManager$UseViewManager
04-20 01:22:53.886 W/unknown:BridgelessReact(12734): ReactHost{0}.ReactContext.onHostResume()
