04-20 01:22:53.940 I/KeyboardGroupDefParser(20885): KeyboardGroupDefParser.parseKeyboardGroupDef():83 parseKeyboardGroupDef() 2132214028 -> 0_resource_name_obfuscated : WaitTime = 0 ms : RunTime = 0 ms
04-20 01:22:53.940 I/NetworkInfoNotification(20885): NetworkInfoNotification$Listener.onReceive():112 onNetworkLost: networkState = NO_CONNECTION, isAirplaneModeOn = false
04-20 01:22:53.940 I/NetworkInfoNotification(20885): NetworkInfoNotification$Listener.onReceive():112 onNetworkLost: networkState = NO_CONNECTION, isAirplaneModeOn = false
04-20 01:22:53.940 I/AccessPointsListHolderController(20885): AccessPointsListHolderController.removeAccessPoint():304 The access point one_handed is not added
04-20 01:22:53.941 I/GoogleInputMethodService(20885): GoogleInputMethodService$GoogleInputMethodImpl.attachToken():4209 
04-20 01:22:53.942 I/ReactNativeJS(12734): '[assembly.android.mixc-retail-rn84.websocket] connect', { url: 'ws://127.0.0.1:8888/mockMasterServer/ws',
04-20 01:22:53.942 I/ReactNativeJS(12734):   protocol: 'ws',
04-20 01:22:53.942 I/ReactNativeJS(12734):   host: '127.0.0.1:8888',
04-20 01:22:53.942 I/ReactNativeJS(12734):   pathname: '/mockMasterServer/ws' }
04-20 01:22:53.942 I/assembly.assembly.android.mixc-retail-rn84.transport.ws.SocketRuntime(12734): [transport.ws] Socket connect started: assembly.android.mixc-retail-rn84.topology {"profileName":"assembly.android.mixc-retail-rn84.topology","serverName":"dual-topology-host-v3","addressName":"dynamic-topology-host"}
04-20 01:22:53.945 I/WebViewFactory(12734): Loading com.google.android.webview version 124.0.6367.219 (code 636771932)
04-20 01:22:53.946 I/SystemSubtypesReportModule(20885): SystemSubtypesReportModule$3.onCurrentInputMethodEntryChanged():136 entry: en-US, source: UNSPECIFIED
04-20 01:22:53.946 I/SystemSubtypesReportModule(20885): SystemSubtypesReportModule.switchToSubtypeByEntry():205 en-US
04-20 01:22:53.947 V/ResourcesManager(12734): The following library key has been added: ResourcesKey{ mHash=c8c12262 mResDir=null mSplitDirs=[] mOverlayDirs=[/product/overlay/NavigationBarModeGestural/NavigationBarModeGesturalOverlay.apk,/data/resource-cache/com.android.systemui-neutral-vw0M.frro,/data/resource-cache/com.android.systemui-accent-rQ5e.frro,/data/resource-cache/com.android.systemui-dynamic-RCbR.frro] mLibDirs=[/data/app/~~j4BrjP0JsvTGmjdLkkfrgg==/com.google.android.webview-lp5hhYzxsBeFuV03zuxwaw==/WebViewGoogle.apk,/data/app/~~JXob4Tig8lkoK6grnIoRDQ==/com.google.android.trichromelibrary_636771932-v7-OhOMBuMGJ9HOdFxznSA==/TrichromeLibrary.apk,/system_ext/framework/androidx.window.extensions.jar] mDisplayId=0 mOverrideConfig=v35 mCompatInfo={320dpi always-compat} mLoaders=[]}
04-20 01:22:53.947 D/WindowTokenClient(20885): Configuration not dispatch to IME because configuration is up to date. Current config={1.3 ?mcc0mnc [en_US] ldltr sw723dp w1157dp h723dp 354dpi xlrg land finger qwerty/v/v dpad/v winConfig={ mBounds=Rect(0, 0 - 2560, 1600) mAppBounds=Rect(0, 0 - 2560, 1600) mMaxBounds=Rect(0, 0 - 2560, 1600) mDisplayRotation=ROTATION_0 mWindowingMode=fullscreen mActivityType=undefined mAlwaysOnTop=undefined mRotation=ROTATION_0} s.8 fontWeightAdjustment=0}, reported config={1.3 ?mcc0mnc [en_US] ldltr sw723dp w1157dp h723dp 354dpi xlrg land finger qwerty/v/v dpad/v winConfig={ mBounds=Rect(0, 0 - 2560, 1600) mAppBounds=Rect(0, 0 - 2560, 1600) mMaxBounds=Rect(0, 0 - 2560, 1600) mDisplayRotation=ROTATION_0 mWindowingMode=fullscreen mActivityType=undefined mAlwaysOnTop=undefined mRotation=ROTATION_0} s.8 fontWeightAdjustment=0}, updated config={1.3 ?mcc0mnc [en_US] ldltr sw723dp w1157dp h723dp 354dpi xlrg land finger qwerty/v/v dpad/v winConfig={ mBounds=Rect(0, 0 - 2560, 1600) mAppBounds=Rect(0, 0 - 2560, 1600) mMaxBounds=Rect(0, 0 - 2560, 1600) mDisplayRotation=ROTATION_0 mWindowingMode=fullscreen mActivityType=undefined mAlwaysOnTop=undefined mRotation=ROTATION_0} s.8 fontWeightAdjustment=0}, updated display ID=0
04-20 01:22:53.947 D/WindowTokenClient(20885): Configuration not dispatch to IME because configuration is up to date. Current config={1.3 ?mcc0mnc [en_US] ldltr sw723dp w1157dp h723dp 354dpi xlrg land finger qwerty/v/v dpad/v winConfig={ mBounds=Rect(0, 0 - 2560, 1600) mAppBounds=Rect(0, 0 - 2560, 1600) mMaxBounds=Rect(0, 0 - 2560, 1600) mDisplayRotation=ROTATION_0 mWindowingMode=fullscreen mActivityType=undefined mAlwaysOnTop=undefined mRotation=ROTATION_0} s.8 fontWeightAdjustment=0}, reported config={1.3 ?mcc0mnc [en_US] ldltr sw723dp w1157dp h723dp 354dpi xlrg land finger qwerty/v/v dpad/v winConfig={ mBounds=Rect(0, 0 - 2560, 1600) mAppBounds=Rect(0, 0 - 2560, 1600) mMaxBounds=Rect(0, 0 - 2560, 1600) mDisplayRotation=ROTATION_0 mWindowingMode=fullscreen mActivityType=undefined mAlwaysOnTop=undefined mRotation=ROTATION_0} s.8 fontWeightAdjustment=0}, updated config={1.3 ?mcc0mnc [en_US] ldltr sw723dp w1157dp h723dp 354dpi xlrg land finger qwerty/v/v dpad/v winConfig={ mBounds=Rect(0, 0 - 2560, 1600) mAppBounds=Rect(0, 0 - 2560, 1600) mMaxBounds=Rect(0, 0 - 2560, 1600) mDisplayRotation=ROTATION_0 mWindowingMode=fullscreen mActivityType=undefined mAlwaysOnTop=undefined mRotation=ROTATION_0} s.8 fontWeightAdjustment=0}, updated display ID=0
04-20 01:22:53.949 W/ziparchive(12734): Unable to open '/data/app/~~JXob4Tig8lkoK6grnIoRDQ==/com.google.android.trichromelibrary_636771932-v7-OhOMBuMGJ9HOdFxznSA==/TrichromeLibrary.dm': No such file or directory
04-20 01:22:53.949 W/ziparchive(12734): Unable to open '/data/app/~~JXob4Tig8lkoK6grnIoRDQ==/com.google.android.trichromelibrary_636771932-v7-OhOMBuMGJ9HOdFxznSA==/TrichromeLibrary.dm': No such file or directory
04-20 01:22:53.949 W/yrn84:secondary(12734): Entry not found
04-20 01:22:53.949 D/nativeloader(12734): Configuring clns-8 for other apk /data/app/~~JXob4Tig8lkoK6grnIoRDQ==/com.google.android.trichromelibrary_636771932-v7-OhOMBuMGJ9HOdFxznSA==/TrichromeLibrary.apk. target_sdk_version=34, uses_libraries=ALL, library_path=/data/app/~~j4BrjP0JsvTGmjdLkkfrgg==/com.google.android.webview-lp5hhYzxsBeFuV03zuxwaw==/lib/arm64:/data/app/~~j4BrjP0JsvTGmjdLkkfrgg==/com.google.android.webview-lp5hhYzxsBeFuV03zuxwaw==/WebViewGoogle.apk!/lib/arm64-v8a:/data/app/~~JXob4Tig8lkoK6grnIoRDQ==/com.google.android.trichromelibrary_636771932-v7-OhOMBuMGJ9HOdFxznSA==/TrichromeLibrary.apk!/lib/arm64-v8a, permitted_path=/data:/mnt/expand
04-20 01:22:53.949 D/ApplicationLoaders(12734): Returning zygote-cached class loader: /system_ext/framework/androidx.window.extensions.jar
04-20 01:22:53.950 D/nativeloader(12734): Configuring clns-9 for other apk /data/app/~~j4BrjP0JsvTGmjdLkkfrgg==/com.google.android.webview-lp5hhYzxsBeFuV03zuxwaw==/WebViewGoogle.apk. target_sdk_version=34, uses_libraries=, library_path=/data/app/~~j4BrjP0JsvTGmjdLkkfrgg==/com.google.android.webview-lp5hhYzxsBeFuV03zuxwaw==/lib/arm64:/data/app/~~j4BrjP0JsvTGmjdLkkfrgg==/com.google.android.webview-lp5hhYzxsBeFuV03zuxwaw==/WebViewGoogle.apk!/lib/arm64-v8a:/data/app/~~JXob4Tig8lkoK6grnIoRDQ==/com.google.android.trichromelibrary_636771932-v7-OhOMBuMGJ9HOdFxznSA==/TrichromeLibrary.apk!/lib/arm64-v8a, permitted_path=/data:/mnt/expand
04-20 01:22:53.951 I/GoogleInputMethodService(20885): GoogleInputMethodService.onStartInput():1986 onStartInput(EditorInfo{EditorInfo{packageName=com.impos2.mixcretailassemblyrn84, inputType=0, inputTypeString=NULL, enableLearning=false, autoCorrection=false, autoComplete=false, imeOptions=0, privateImeOptions=null, actionName=UNSPECIFIED, actionLabel=null, initialSelStart=-1, initialSelEnd=-1, initialCapsMode=0, label=null, fieldId=0, fieldName=null, extras=null, hintText=null, hintLocales=[]}}, false)
04-20 01:22:53.951 I/GoogleInputMethodService(20885): GoogleInputMethodService.updateDeviceLockedStatus():2248 repeatCheckTimes = 1, locked = false
04-20 01:22:53.951 I/AndroidIME(20885): InputBundleManager.loadActiveInputBundleId():450 loadActiveInputBundleId: und-Latn-x-password, password
04-20 01:22:53.951 W/PackageConfigPersister(  590): App-specific configuration not found for packageName: com.impos2.mixcretailassemblyrn84 and userId: 0
04-20 01:22:53.952 I/HardKeyTracker(20885): HardKeyTracker.registerKeySequence():139 Register key sequence lnk{labelResId=2132019800, callback=gnd@dbd4ce, lastModifier=0, keyCodes=[57, 57], actions=[1, 0]}
04-20 01:22:53.952 I/HardKeyTracker(20885): HardKeyTracker.registerKeySequence():139 Register key sequence lnk{labelResId=0, callback=gnd@b4ee585, lastModifier=0, keyCodes=[58, 58], actions=[1, 0]}
04-20 01:22:53.954 I/cr_WVCFactoryProvider(12734): Loaded version=124.0.6367.219 minSdkVersion=29 isBundle=false multiprocess=true packageId=2
04-20 01:22:53.955 D/nativeloader(12734): Load /data/app/~~JXob4Tig8lkoK6grnIoRDQ==/com.google.android.trichromelibrary_636771932-v7-OhOMBuMGJ9HOdFxznSA==/TrichromeLibrary.apk!/lib/arm64-v8a/libmonochrome_64.so using ns clns-9 from class loader (caller=/data/app/~~j4BrjP0JsvTGmjdLkkfrgg==/com.google.android.webview-lp5hhYzxsBeFuV03zuxwaw==/WebViewGoogle.apk): ok
04-20 01:22:53.956 D/nativeloader(12734): Load /system/lib64/libwebviewchromium_plat_support.so using ns clns-9 from class loader (caller=/data/app/~~j4BrjP0JsvTGmjdLkkfrgg==/com.google.android.webview-lp5hhYzxsBeFuV03zuxwaw==/WebViewGoogle.apk): ok
04-20 01:22:53.957 E/chromium(12734): [0420/012253.957142:ERROR:variations_seed_loader.cc(37)] Seed missing signature.
04-20 01:22:53.957 I/cr_VariationsUtils(12734): Failed reading seed file "/data/user/0/com.impos2.mixcretailassemblyrn84/app_webview/variations_seed_new"
04-20 01:22:53.957 I/chromium(12734): [0420/012253.957193:INFO:variations_seed_loader.cc(66)] Failed to open file for reading.: No such file or directory (2)
04-20 01:22:53.957 I/cr_VariationsUtils(12734): Failed reading seed file "/data/user/0/com.impos2.mixcretailassemblyrn84/app_webview/variations_seed"
04-20 01:22:53.961 I/cr_LibraryLoader(12734): Successfully loaded native library
04-20 01:22:53.961 I/cr_CachingUmaRecorder(12734): Flushed 6 samples from 6 histograms, 0 samples were dropped.
04-20 01:22:53.966 I/assembly.kernel.base.runtime-shell-v2.application.KernelRuntimeAppV2(12734): [runtime.load] kernel runtime app v2 started {"runtimeName":"assembly.android.mixc-retail-rn84","moduleDescriptors":[{"moduleName":"assembly.android.mixc-retail-rn84","packageVersion":"1.0.0","dependencies":[],"stateSliceNames":[],"commandNames":[],"actorKeys":["assembly.android.mixc-retail-rn84.AssemblyRuntimeInitializeActor"],"errorKeys":[],"parameterKeys":[],"hasInstall":true,"hasPreSetup":true},{"moduleName":"kernel.base.topology-runtime-v3","packageVersion":"0.0.1","dependencies":[],"stateSliceNames":["kernel.base.topology-runtime-v3.config","kernel.base.topology-runtime-v3.context","kernel.base.topology-runtime-v3.connection","kernel.base.topology-runtime-v3.peer","kernel.base.topology-runtime-v3.sync","kernel.base.topology-runtime-v3.request-mirror","kernel.base.topology-runtime-v3.demo.master","kernel.base.topology-runtime-v3.demo.slave"],"commandNames":["kernel.base.topology-runtime-v3.set-instance-mode","kernel.base.topology-runtime-v3.set-display-mode","kernel.base.topology-runtime-v3.set-enable-slave","kernel.base.topology-runtime-v3.set-master-locator","kernel.base.topology-runtime-v3.clear-master-locator","kernel.base.topology-runtime-v3.refresh-topology-context","kernel.base.topology-runtime-v3.start-topology-connection","kernel.base.topology-runtime-v3.stop-topology-connection","kernel.base.topology-runtime-v3.restart-topology-connection","kernel.base.topology-runtime-v3.upsert-demo-master-entry","kernel.base.topology-runtime-v3.remove-demo-master-entry","kernel.base.topology-runtime-v3.reset-demo-master-state","kernel.base.topology-runtime-v3.upsert-demo-slave-entry","kernel.base.topology-runtime-v3.remove-demo-slave-entry","kernel.base.topology-runtime-v3.reset-demo-slave-state"],"actorKeys":["kernel.base.topology-runtime-v3.TopologyContextActor","kernel.base.topology-runtime-v3.TopologyConnectionActor","kernel.base.topology-runtime-v3.TopologyDemoSyncActor"],"errorKeys":["kernel.base.topology-runtime-v3.display_context_required","kernel.base.topology-runtime-v3.orchestrator_required","kernel.base.topology-runtime-v3.socket_binding_required","kernel.base.topology-runtime-v3.hello_runtime_required","kernel.base.topology-runtime-v3.action_not_allowed"],"parameterKeys":["kernel.base.topology-runtime-v3.reconnect-interval-ms"],"hasInstall":true,"hasPreSetup":true},{"moduleName":"kernel.base.tcp-control-runtime-v2","packageVersion":"0.0.1","dependencies":[],"stateSliceNames":["kernel.base.tcp-control-runtime-v2.identity","kernel.base.tcp-control-runtime-v2.credential","kernel.base.tcp-control-runtime-v2.binding","kernel.base.tcp-control-runtime-v2.sandbox","kernel.base.tcp-control-runtime-v2.runtime"],"commandNames":["kernel.base.tcp-control-runtime-v2.bootstrap-tcp-control","kernel.base.tcp-control-runtime-v2.bootstrap-tcp-control-succeeded","kernel.base.tcp-control-runtime-v2.activate-terminal","kernel.base.tcp-control-runtime-v2.activate-terminal-succeeded","kernel.base.tcp-control-runtime-v2.refresh-credential","kernel.base.tcp-control-runtime-v2.credential-refreshed","kernel.base.tcp-control-runtime-v2.deactivate-terminal","kernel.base.tcp-control-runtime-v2.deactivate-terminal-succeeded","kernel.base.tcp-control-runtime-v2.report-task-result","kernel.base.tcp-control-runtime-v2.task-result-reported","kernel.base.tcp-control-runtime-v2.reset-tcp-control"],"actorKeys":["kernel.base.tcp-control-runtime-v2.TcpBootstrapActor","kernel.base.tcp-control-runtime-v2.TcpActivationActor","kernel.base.tcp-control-runtime-v2.TcpCredentialActor","kernel.base.tcp-control-runtime-v2.TcpDeactivationActor","kernel.base.tcp-control-runtime-v2.TcpTaskReportActor","kernel.base.tcp-control-runtime-v2.TcpStateMutationActor"],"errorKeys":["kernel.base.tcp-control-runtime-v2.activation_code_invalid","kernel.base.tcp-control-runtime-v2.activation_failed","kernel.base.tcp-control-runtime-v2.credential_missing","kernel.base.tcp-control-runtime-v2.credential_expired","kernel.base.tcp-control-runtime-v2.refresh_failed","kernel.base.tcp
04-20 01:22:53.967 D/TrafficStats(12734): tagSocket(126) with statsTag=0xffffffff, statsUid=-1
04-20 01:22:53.968 I/assembly.android.mixc-retail-rn84.boot(12734): {"stage":"runtime.start:done","displayIndex":1,"displayCount":2,"topologyRole":"slave","topologyWsUrl":"ws://127.0.0.1:8888/mockMasterServer/ws"}
04-20 01:22:53.968 D/TrafficStats(12734): tagSocket(127) with statsTag=0xffffffff, statsUid=-1
04-20 01:22:53.968 I/assembly.assembly.android.mixc-retail-rn84(12734): [assembly.topology] Native topology host already matches desired lifecycle state {"displayCount":2,"displayIndex":1,"deviceId":"438176N3MB","instanceMode":"SLAVE","enableSlave":false,"running":false,"reason":"not-master-or-single-primary-host"}
04-20 01:22:53.968 D/TrafficStats(12652): tagSocket(123) with statsTag=0xffffffff, statsUid=-1
04-20 01:22:53.969 I/assembly.android.mixc-retail-rn84.boot(12734): {"stage":"automation.host:start","displayIndex":1,"displayCount":2,"topologyRole":"slave","topologyWsUrl":"ws://127.0.0.1:8888/mockMasterServer/ws","target":"secondary","host":"127.0.0.1","port":18585}
04-20 01:22:53.970 I/SP      (20885): Scheduling job with delay of 0s for {m:b:u:l, bg}, 2 candidates
04-20 01:22:53.971 E/JobScheduler.JobStatus(  590): App com.google.android.inputmethod.latin became active but still in NEVER bucket
04-20 01:22:53.971 I/SP      (20885): Scheduling job with delay of 0s for {W:b:u:l, bg}, 1 candidates
04-20 01:22:53.972 E/JobScheduler.JobStatus(  590): App com.google.android.inputmethod.latin became active but still in NEVER bucket
04-20 01:22:53.975 I/SP      (20885): Scheduling: download registered, 0 started, 0 paused, 3 scheduled, 3 pending: manifests:next-word-predictor-20210507 * {m:b:u:l, bg}, manifests:emoji-2023020111 * {m:b:u:l, bg}, manifests:emoticon_content_description-2022081613 * {W:b:u:l, bg}
04-20 01:22:53.976 I/SuperpacksManagerImpl(20885): SuperpacksManagerImpl$3$1.onFailure():588 emoticon_content_description.registerManifest() cancelled
04-20 01:22:53.977 I/SP      (20885): Registering emoticon_content_description.2022081613, url: https://www.gstatic.com/android/keyboard/emoticon_content_desc/202208161305/superpacks_manifest.json, constraints: W:*:*:*, flags: bg, requested: 2022081613, current: -1
04-20 01:22:53.977 I/SP      (20885): Registering emoticon_content_description.2022081613, url: https://www.gstatic.com/android/keyboard/emoticon_content_desc/202208161305/superpacks_manifest.json, constraints: W:*:*:*, flags: bg, requested: 2022081613, current: -1
04-20 01:22:53.983 I/SP      (20885): Scheduling job with delay of 0s for {m:b:u:l, bg}, 2 candidates
04-20 01:22:53.983 E/JobScheduler.JobStatus(  590): App com.google.android.inputmethod.latin became active but still in NEVER bucket
04-20 01:22:53.983 I/SP      (20885): Scheduling job with delay of 0s for {W:b:u:l, bg}, 1 candidates
04-20 01:22:53.984 E/JobScheduler.JobStatus(  590): App com.google.android.inputmethod.latin became active but still in NEVER bucket
04-20 01:22:53.984 I/SP      (20885): Scheduling: download registered, 0 started, 0 paused, 3 scheduled, 3 pending: manifests:next-word-predictor-20210507 * {m:b:u:l, bg}, manifests:emoji-2023020111 * {m:b:u:l, bg}, manifests:emoticon_content_description-2022081613 * {W:b:u:l, bg}
04-20 01:22:53.984 I/SuperpacksManagerImpl(20885): SuperpacksManagerImpl$3$1.onFailure():588 emoticon_content_description.registerManifest() cancelled
04-20 01:22:53.984 I/SuperpacksManagerImpl(20885): SuperpacksManagerImpl$3$1.onFailure():588 emoticon_content_description.registerManifest() cancelled
04-20 01:22:54.000 I/assembly.assembly.android.mixc-retail-rn84(12734): [assembly.topology] Native topology host already matches desired lifecycle state {"displayCount":2,"displayIndex":1,"deviceId":"438176N3MB","instanceMode":"SLAVE","enableSlave":false,"running":false,"reason":"not-master-or-single-primary-host"}
04-20 01:22:54.001 I/assembly.android.mixc-retail-rn84.boot(12734): {"stage":"app-load-complete:start","displayIndex":1}
04-20 01:22:54.001 I/assembly.assembly.android.mixc-retail-rn84(12652): [assembly.topology] Native topology host already matches desired lifecycle state {"displayCount":2,"displayIndex":0,"deviceId":"438176N3MB","instanceMode":"MASTER","enableSlave":true,"running":false,"reason":"not-master-or-single-primary-host"}
04-20 01:22:54.001 I/assembly.assembly.android.mixc-retail-rn84(12652): [assembly.topology] Native topology host already matches desired lifecycle state {"displayCount":2,"displayIndex":0,"deviceId":"438176N3MB","instanceMode":"MASTER","enableSlave":true,"running":false,"reason":"not-master-or-single-primary-host"}
04-20 01:22:54.002 I/assembly.assembly.android.mixc-retail-rn84(12652): [assembly.topology] Native topology host already matches desired lifecycle state {"displayCount":2,"displayIndex":0,"deviceId":"438176N3MB","instanceMode":"MASTER","enableSlave":true,"running":false,"reason":"not-master-or-single-primary-host"}
04-20 01:22:54.002 I/ReactNativeJS(12652): '[runtime-state-sync-apply]', '{"direction":"slave-to-master","incomingSliceNames":["kernel.base.topology-runtime-v3.demo.slave","kernel.base.ui-runtime-v2.screen.branch","kernel.base.ui-runtime-v2.overlay.branch","kernel.base.ui-runtime-v2.ui-variable.branch"],"appliedSliceNames":["kernel.base.topology-runtime-v3.demo.slave","kernel.base.ui-runtime-v2.screen.branch","kernel.base.ui-runtime-v2.overlay.branch","kernel.base.ui-runtime-v2.ui-variable.branch"],"skippedSliceReasons":[]}'
04-20 01:22:54.003 I/assembly.assembly.android.mixc-retail-rn84(12652): [assembly.topology] Native topology host already matches desired lifecycle state {"displayCount":2,"displayIndex":0,"deviceId":"438176N3MB","instanceMode":"MASTER","enableSlave":true,"running":false,"reason":"not-master-or-single-primary-host"}
04-20 01:22:54.003 I/assembly.assembly.android.mixc-retail-rn84(12734): [assembly.topology] Native topology host already matches desired lifecycle state {"displayCount":2,"displayIndex":1,"deviceId":"438176N3MB","instanceMode":"SLAVE","enableSlave":false,"running":false,"reason":"not-master-or-single-primary-host"}
04-20 01:22:54.003 I/assembly.assembly.android.mixc-retail-rn84(12652): [assembly.topology] Native topology host already matches desired lifecycle state {"displayCount":2,"displayIndex":0,"deviceId":"438176N3MB","instanceMode":"MASTER","enableSlave":true,"running":false,"reason":"not-master-or-single-primary-host"}
04-20 01:22:54.003 I/assembly.assembly.android.mixc-retail-rn84(12734): [assembly.topology] Native topology host already matches desired lifecycle state {"displayCount":2,"displayIndex":1,"deviceId":"438176N3MB","instanceMode":"SLAVE","enableSlave":false,"running":false,"reason":"not-master-or-single-primary-host"}
04-20 01:22:54.004 I/assembly.assembly.android.mixc-retail-rn84(12734): [assembly.topology] Native topology host already matches desired lifecycle state {"displayCount":2,"displayIndex":1,"deviceId":"438176N3MB","instanceMode":"SLAVE","enableSlave":false,"running":false,"reason":"not-master-or-single-primary-host"}
04-20 01:22:54.004 I/ReactNativeJS(12734): '[runtime-state-sync-apply]', '{"direction":"master-to-slave","incomingSliceNames":["kernel.base.topology-runtime-v3.demo.master","kernel.base.tcp-control-runtime-v2.identity","kernel.base.tcp-control-runtime-v2.credential","kernel.base.tcp-control-runtime-v2.binding","kernel.base.tcp-control-runtime-v2.sandbox","kernel.base.tdp-sync-runtime-v2.hot-update","kernel.base.ui-runtime-v2.screen.main","kernel.base.ui-runtime-v2.overlay.main","kernel.base.ui-runtime-v2.ui-variable.main"],"appliedSliceNames":["kernel.base.topology-runtime-v3.demo.master","kernel.base.tcp-control-runtime-v2.identity","kernel.base.tcp-control-runtime-v2.credential","kernel.base.tcp-control-runtime-v2.binding","kernel.base.tcp-control-runtime-v2.sandbox","kernel.base.tdp-sync-runtime-v2.hot-update","kernel.base.ui-runtime-v2.screen.main","kernel.base.ui-runtime-v2.overlay.main","kernel.base.ui-runtime-v2.ui-variable.main"],"skippedSliceReasons":[]}'
04-20 01:22:54.006 I/assembly.assembly.android.mixc-retail-rn84(12734): [assembly.topology] Native topology host already matches desired lifecycle state {"displayCount":2,"displayIndex":1,"deviceId":"438176N3MB","instanceMode":"SLAVE","enableSlave":false,"running":false,"reason":"not-master-or-single-primary-host"}
04-20 01:22:54.006 I/assembly.assembly.android.mixc-retail-rn84(12734): [assembly.topology] Native topology host already matches desired lifecycle state {"displayCount":2,"displayIndex":1,"deviceId":"438176N3MB","instanceMode":"SLAVE","enableSlave":false,"running":false,"reason":"not-master-or-single-primary-host"}
04-20 01:22:54.006 I/assembly.android.mixc-retail-rn84.boot(12734): {"stage":"app-load-complete:done","displayIndex":1}
04-20 01:22:54.030 I/MMKV    (12652): <MMKV_IO.cpp:609::writeActualSize> [mixc-retail-assembly-rn84::state] increase sequence to 30, crc 2314919881, actualSize 14488
04-20 01:22:54.030 I/MMKV    (12652): <MMKV.cpp:1208::sync> MMKV::sync, SyncFlag = 1
04-20 01:22:54.110 V/WindowManagerShell(  836): Transition animation finished (aborted=false), notifying core (#525) android.os.BinderProxy@1d960c3@0
04-20 01:22:54.111 V/WindowManager(  590): Finish Transition (#525): created at 04-20 01:22:53.747 collect-started=0.659ms request-sent=5.553ms started=7.068ms ready=67.839ms sent=68.34ms finished=364.483ms
04-20 01:22:54.112 D/VRI[SecondaryDisplayLauncher]( 1099): visibilityChanged oldVisibility=true newVisibility=false
04-20 01:22:54.113 V/WindowManagerShell(  836): Track 0 became idle
04-20 01:22:54.114 V/WindowManagerShell(  836): All active transition animations finished
04-20 01:22:54.114 W/UserManagerService(  590): Requested status bar icon for non-badged user 0
04-20 01:22:54.116 W/UserManagerService(  590): Requested status bar icon for non-badged user 0
04-20 01:22:54.164 W/WindowOnBackDispatcher(  836): sendCancelIfRunning: isInProgress=false callback=android.view.ViewRootImpl$$ExternalSyntheticLambda11@20ad9b1
04-20 01:22:54.164 W/InputManager-JNI(  590): Input channel object '6d5e825 Splash Screen com.impos2.mixcretailassemblyrn84 (client)' was disposed without first being removed with the input manager!
04-20 01:22:54.165 D/CoreBackPreview(  590): Window{6d5e825 u0 Splash Screen com.impos2.mixcretailassemblyrn84 EXITING}: Setting back callback null
04-20 01:22:54.214 W/FrameTracker(  836): Missed SF frame:PREDICTION_ERROR, 167366830, 4712532, CUJ=J<SPLASHSCREEN_EXIT_ANIM>
04-20 01:22:54.214 W/FrameTracker(  836): Missed SF frame:PREDICTION_ERROR, 167366873, 6063783, CUJ=J<SPLASHSCREEN_EXIT_ANIM>
04-20 01:22:54.214 W/FrameTracker(  836): Missed SF frame:PREDICTION_ERROR, 167366959, 7854117, CUJ=J<SPLASHSCREEN_EXIT_ANIM>
04-20 01:22:54.214 W/FrameTracker(  836): Missing HWUI jank callback for vsyncId: 167367454, CUJ=J<SPLASHSCREEN_EXIT_ANIM>
04-20 01:22:54.215 V/PerfettoTrigger(  836): Not triggering com.android.telemetry.interaction-jank-monitor-39 - not enough time since last trigger
04-20 01:22:54.511 D/InetDiagMessage(  590): Destroyed 0 sockets, proto=IPPROTO_TCP, family=AF_INET, states=14
04-20 01:22:54.511 D/InetDiagMessage(  590): Destroyed 0 sockets, proto=IPPROTO_TCP, family=AF_INET6, states=14
04-20 01:22:54.511 D/InetDiagMessage(  590): Destroyed live tcp sockets for uids={10145} in 0ms
04-20 01:22:54.511 D/InetDiagMessage(  590): Destroyed 0 sockets, proto=IPPROTO_TCP, family=AF_INET, states=14
04-20 01:22:54.512 D/InetDiagMessage(  590): Destroyed 0 sockets, proto=IPPROTO_TCP, family=AF_INET6, states=14
04-20 01:22:54.512 D/InetDiagMessage(  590): Destroyed live tcp sockets for uids={20145} in 0ms
04-20 01:22:54.563 D/BoundBrokerSvc(  937): onUnbind: Intent { act=com.google.android.contextmanager.service.ContextManagerService.START pkg=com.google.android.gms }
04-20 01:22:55.476 D/ProfileInstaller(12652): Installing profile for com.impos2.mixcretailassemblyrn84
04-20 01:22:55.728 D/InetDiagMessage(  590): Destroyed 0 sockets, proto=IPPROTO_TCP, family=AF_INET, states=14
04-20 01:22:55.730 D/InetDiagMessage(  590): Destroyed 0 sockets, proto=IPPROTO_TCP, family=AF_INET6, states=14
04-20 01:22:55.730 D/InetDiagMessage(  590): Destroyed live tcp sockets for uids={10165} in 3ms
04-20 01:22:55.730 D/InetDiagMessage(  590): Destroyed 0 sockets, proto=IPPROTO_TCP, family=AF_INET, states=14
04-20 01:22:55.731 D/InetDiagMessage(  590): Destroyed 0 sockets, proto=IPPROTO_TCP, family=AF_INET6, states=14
04-20 01:22:55.731 D/InetDiagMessage(  590): Destroyed live tcp sockets for uids={20165} in 1ms
04-20 01:22:56.628 I/netd    (  388): tetherGetStats() -> {[]} <1.01ms>
04-20 01:22:56.760 E/TaskPersister(  590): File error accessing recents directory (directory doesn't exist?).
04-20 01:22:59.181 I/logd    (11606): start watching /data/system/packages.list ...
04-20 01:22:59.181 I/logd    (11606): ReadPackageList, total packages: 224
04-20 01:22:59.368 W/FileUtils(  590): Failed to chmod(AtomicFile[/data/system_de/0/system/game-manager-service.xml]): android.system.ErrnoException: chmod failed: ENOENT (No such file or directory)
04-20 01:22:59.548 D/ActivityManager(  590): freezing 11358 com.android.chrome
04-20 01:22:59.552 D/InetDiagMessage(  590): Destroyed 0 sockets, proto=IPPROTO_TCP, family=AF_INET, states=14
04-20 01:22:59.554 D/InetDiagMessage(  590): Destroyed 0 sockets, proto=IPPROTO_TCP, family=AF_INET6, states=14
04-20 01:22:59.554 D/InetDiagMessage(  590): Destroyed live tcp sockets for uids={10145} in 2ms
04-20 01:22:59.602 D/ActivityManager(  590): freezing 12101 com.google.android.documentsui
04-20 01:22:59.603 D/InetDiagMessage(  590): Destroyed 0 sockets, proto=IPPROTO_TCP, family=AF_INET, states=14
04-20 01:22:59.603 D/InetDiagMessage(  590): Destroyed 0 sockets, proto=IPPROTO_TCP, family=AF_INET6, states=14
04-20 01:22:59.603 D/InetDiagMessage(  590): Destroyed live tcp sockets for uids={10090} in 1ms
04-20 01:22:59.673 D/ActivityManager(  590): freezing 10961 android.process.media
04-20 01:22:59.674 D/InetDiagMessage(  590): Destroyed 0 sockets, proto=IPPROTO_TCP, family=AF_INET, states=14
04-20 01:22:59.674 D/InetDiagMessage(  590): Destroyed 0 sockets, proto=IPPROTO_TCP, family=AF_INET6, states=14
04-20 01:22:59.674 D/InetDiagMessage(  590): Destroyed live tcp sockets for uids={10088} in 1ms
04-20 01:22:59.748 W/healthd (  397): battery l=47 v=5000 t=25.0 h=2 st=4 c=900000 fc=3000000 cc=10 chg=a
04-20 01:23:00.007 I/AiAiEcho( 1389): Predicting[0]:  [CONTEXT sampling_count=5 ]
04-20 01:23:00.007 I/AiAiEcho( 1389): EchoTargets: 
04-20 01:23:00.007 I/AiAiEcho( 1389): Filtered by AiAi flag check: 
04-20 01:23:00.007 I/AiAiEcho( 1389): [CONTEXT ratelimit_period="10 SECONDS" ]
04-20 01:23:00.007 I/AiAiEcho( 1389): Ranked targets strategy: SORT, count: 0, ranking metadata:  [CONTEXT ratelimit_period="10 SECONDS" ]
04-20 01:23:00.007 I/AiAiEcho( 1389): #remoteViewsTwiddler: feature disabled.
04-20 01:23:00.007 I/AiAiEcho( 1389): Predicting[0]:  [CONTEXT sampling_count=5 ]
04-20 01:23:00.007 I/AiAiEcho( 1389): EchoTargets: 
04-20 01:23:00.007 I/AiAiEcho( 1389): Filtered by AiAi flag check: 
04-20 01:23:00.007 I/AiAiEcho( 1389): [CONTEXT ratelimit_period="10 SECONDS" ]
04-20 01:23:00.007 I/AiAiEcho( 1389): Ranked targets strategy: SORT, count: 0, ranking metadata:  [CONTEXT ratelimit_period="10 SECONDS" ]
04-20 01:23:00.007 I/AiAiEcho( 1389): #remoteViewsTwiddler: feature disabled.
04-20 01:23:00.007 I/AiAiEcho( 1389): #postPredictionTargets: Sending updates to UISurface lockscreen with targets# 0 (types=[])
04-20 01:23:00.008 I/AiAiEcho( 1389): #postPredictionTargets: Sending updates to UISurface home with targets# 0 (types=[])
04-20 01:23:00.010 D/SsBaseTemplateCard( 1099): No text view can be set up
04-20 01:23:00.011 D/SsBaseTemplateCard( 1099): Passed-in item info is null
04-20 01:23:00.011 D/SsBaseTemplateCard( 1099): Passed-in item info is null
04-20 01:23:00.011 D/SsBaseTemplateCard( 1099): Passed-in item info is null
04-20 01:23:00.011 I/SsBaseTemplateCard( 1099): Secondary card pane is null
04-20 01:23:00.016 W/PageIndicator(  836): Total number of pages invalid: 0. Assuming 1 page.
04-20 01:23:00.028 D/EGL_emulation(  836): app_time_stats: avg=481.71ms min=10.76ms max=8815.02ms count=20
04-20 01:23:00.095 D/ActivityManager(  590): freezing 11086 com.google.android.packageinstaller
04-20 01:23:00.096 D/InetDiagMessage(  590): Destroyed 0 sockets, proto=IPPROTO_TCP, family=AF_INET, states=14
04-20 01:23:00.096 D/InetDiagMessage(  590): Destroyed 0 sockets, proto=IPPROTO_TCP, family=AF_INET6, states=14
04-20 01:23:00.096 D/InetDiagMessage(  590): Destroyed live tcp sockets for uids={10093} in 0ms
04-20 01:23:00.150 I/netd    (  388): tetherGetStats() -> {[]} <0.38ms>
04-20 01:23:00.593 I/keystore2(  189): system/security/keystore2/watchdog/src/lib.rs:319 - Watchdog thread idle -> terminating. Have a great day.
04-20 01:23:00.686 D/ActivityManager(  590): freezing 21035 com.google.android.googlequicksearchbox:search
04-20 01:23:00.687 D/ActivityManager(  590): freezing 21183 com.google.android.webview:sandboxed_process0:org.chromium.content.app.SandboxedProcessService0:0
04-20 01:23:00.725 D/ActivityManager(  590): freezing 12394 com.google.android.webview:webview_service
04-20 01:23:00.726 D/InetDiagMessage(  590): Destroyed 0 sockets, proto=IPPROTO_TCP, family=AF_INET, states=14
04-20 01:23:00.726 D/InetDiagMessage(  590): Destroyed 0 sockets, proto=IPPROTO_TCP, family=AF_INET6, states=14
04-20 01:23:00.726 D/InetDiagMessage(  590): Destroyed live tcp sockets for uids={99001} in 0ms
04-20 01:23:00.726 D/InetDiagMessage(  590): Destroyed 0 sockets, proto=IPPROTO_TCP, family=AF_INET, states=14
04-20 01:23:00.726 D/InetDiagMessage(  590): Destroyed 0 sockets, proto=IPPROTO_TCP, family=AF_INET6, states=14
04-20 01:23:00.726 D/InetDiagMessage(  590): Destroyed live tcp sockets for uids={10165} in 0ms
04-20 01:23:00.933 W/ailassemblyrn84(12652): ApkAssets: Deleting an ApkAssets object '<empty> and /data/app/~~j4BrjP0JsvTGmjdLkkfrgg==/com.google.android.webview-lp5hhYzxsBeFuV03zuxwaw==/WebViewGoogle.apk' with 2 weak references
04-20 01:23:01.621 D/InetDiagMessage(  590): Destroyed 0 sockets, proto=IPPROTO_TCP, family=AF_INET, states=14
04-20 01:23:01.622 D/InetDiagMessage(  590): Destroyed 0 sockets, proto=IPPROTO_TCP, family=AF_INET6, states=14
04-20 01:23:01.622 D/InetDiagMessage(  590): Destroyed live tcp sockets for uids={10142} in 2ms
04-20 01:23:01.622 D/InetDiagMessage(  590): Destroyed 0 sockets, proto=IPPROTO_TCP, family=AF_INET, states=14
04-20 01:23:01.623 D/InetDiagMessage(  590): Destroyed 0 sockets, proto=IPPROTO_TCP, family=AF_INET6, states=14
04-20 01:23:01.623 D/InetDiagMessage(  590): Destroyed live tcp sockets for uids={20142} in 2ms
04-20 01:23:04.839 D/BoundBrokerSvc( 4607): onUnbind: Intent { act=com.google.android.gms.feedback.internal.IFeedbackService dat=chimera-action:/... cmp=com.google.android.gms/.chimera.GmsBoundBrokerService }
04-20 01:23:04.865 W/gle.android.gms( 4607): ApkAssets: Deleting an ApkAssets object '<empty> and /data/app/~~tP809n97RtWMBq6zaWAxGg==/com.impos2.mixcretailassemblyrn84-55rLqenivyMdLHv3eqr_ew==/base.apk' with 1 weak references
04-20 01:23:06.784 D/WifiConfigStore(  590): Writing to stores completed in 4 ms.
04-20 01:23:07.577 I/BistoHotwordHelper( 1413): (REDACTED) getHotwordActive::active query: %s, watch: %s, devices connected: %s
04-20 01:23:08.549 W/yrn84:secondary(12734): ApkAssets: Deleting an ApkAssets object '<empty> and /data/app/~~j4BrjP0JsvTGmjdLkkfrgg==/com.google.android.webview-lp5hhYzxsBeFuV03zuxwaw==/WebViewGoogle.apk' with 2 weak references
04-20 01:23:09.201 D/TrafficStats(12734): tagSocket(5) with statsTag=0xffffffff, statsUid=-1
04-20 01:23:09.202 D/TrafficStats(12652): tagSocket(5) with statsTag=0xffffffff, statsUid=-1
04-20 01:23:09.256 D/TrafficStats(12734): tagSocket(5) with statsTag=0xffffffff, statsUid=-1
04-20 01:23:09.257 D/TrafficStats(12652): tagSocket(5) with statsTag=0xffffffff, statsUid=-1
04-20 01:23:09.262 D/TrafficStats(12652): tagSocket(5) with statsTag=0xffffffff, statsUid=-1
04-20 01:23:09.263 D/TrafficStats(12734): tagSocket(114) with statsTag=0xffffffff, statsUid=-1
04-20 01:23:10.162 D/ActivityManager(  590): freezing 21463 com.google.android.permissioncontroller
04-20 01:23:10.165 D/InetDiagMessage(  590): Destroyed 0 sockets, proto=IPPROTO_TCP, family=AF_INET, states=14
04-20 01:23:10.165 D/InetDiagMessage(  590): Destroyed 0 sockets, proto=IPPROTO_TCP, family=AF_INET6, states=14
04-20 01:23:10.165 D/InetDiagMessage(  590): Destroyed live tcp sockets for uids={10207} in 2ms
04-20 01:23:15.704 D/ActivityManager(  590): freezing 4607 com.google.android.gms
04-20 01:23:17.200 I/logd    (  167): logdr: UID=2000 GID=2000 PID=12792 n tail=0 logMask=99 pid=0 start=0ns deadline=0ns
04-20 01:23:26.774 I/resolv  (  388): GetAddrInfoHandler::run: {0 786432 0 983040 10143 0}
04-20 01:23:26.777 W/gclk    (  937): [{0}] Failed to resolve name. status={1}
04-20 01:23:29.331 D/ActivityManager(  590): freezing 12083 com.android.keychain
04-20 01:23:29.332 D/ActivityManager(  590): freezing 11983 com.android.settings
04-20 01:23:42.148 I/logd    (  167): logdr: UID=2000 GID=2000 PID=12797 n tail=0 logMask=99 pid=0 start=0ns deadline=0ns
