04-20 02:58:10.928 V/WindowManager(  590): Finish Transition (#551): created at 04-20 02:58:10.611 collect-started=0.021ms request-sent=2.383ms started=2.81ms ready=25.955ms sent=26.446ms finished=315.926ms
04-20 02:58:10.929 D/VRI[NexusLauncherActivity]( 1099): visibilityChanged oldVisibility=true newVisibility=false
04-20 02:58:10.929 V/WindowManagerShell(  836): Track 0 became idle
04-20 02:58:10.929 V/WindowManagerShell(  836): All active transition animations finished
04-20 02:58:10.930 W/UserManagerService(  590): Requested status bar icon for non-badged user 0
04-20 02:58:10.931 W/UserManagerService(  590): Requested status bar icon for non-badged user 0
04-20 02:58:10.932 I/MMKV    (15069): <MMKV_IO.cpp:609::writeActualSize> [mixc-retail-assembly-rn84::state] increase sequence to 103, crc 2606645294, actualSize 23518
04-20 02:58:10.932 I/MMKV    (15069): <MMKV.cpp:1208::sync> MMKV::sync, SyncFlag = 1
04-20 02:58:10.933 I/MMKV    (15069): <MMKV_IO.cpp:609::writeActualSize> [mixc-retail-assembly-rn84::secure-state] increase sequence to 9, crc 4092451266, actualSize 259
04-20 02:58:10.933 I/MMKV    (15069): <MMKV.cpp:1208::sync> MMKV::sync, SyncFlag = 1
04-20 02:58:10.937 I/MMKV    (15069): <MMKV_IO.cpp:609::writeActualSize> [mixc-retail-assembly-rn84::state] increase sequence to 104, crc 367274521, actualSize 23518
04-20 02:58:10.937 I/MMKV    (15069): <MMKV.cpp:1208::sync> MMKV::sync, SyncFlag = 1
04-20 02:58:10.941 I/MMKV    (15069): <MMKV_IO.cpp:609::writeActualSize> [mixc-retail-assembly-rn84::state] increase sequence to 105, crc 2460553738, actualSize 23518
04-20 02:58:10.941 I/MMKV    (15069): <MMKV.cpp:1208::sync> MMKV::sync, SyncFlag = 1
04-20 02:58:10.942 D/NexusLauncherModelDelegate( 1099): notifySmartspaceEvent: SmartspaceTargetEvent{mSmartspaceTarget=null, mSmartspaceActionId='null', mEventType=7}
04-20 02:58:10.948 I/MMKV    (15069): <MMKV_IO.cpp:609::writeActualSize> [mixc-retail-assembly-rn84::state] increase sequence to 106, crc 1976031358, actualSize 23518
04-20 02:58:10.948 I/MMKV    (15069): <MMKV.cpp:1208::sync> MMKV::sync, SyncFlag = 1
04-20 02:58:10.949 D/BaseDepthController( 1099): setSurface:
04-20 02:58:10.949 D/BaseDepthController( 1099): 	mWaitingOnSurfaceValidity: false
04-20 02:58:10.949 D/BaseDepthController( 1099): 	mSurface: null
04-20 02:58:10.949 D/BaseDepthController( 1099): mSurface is null and mCurrentBlur is: 0
04-20 02:58:10.949 D/StateManager( 1099): goToState - fromState: Normal, toState: Normal, partial trace:
04-20 02:58:10.949 D/StateManager( 1099): 	at com.android.launcher3.statemanager.StateManager.moveToRestState(go/retraceme 6422cbaa18704413bfb3e93ebb8478614d3644845132061bc54b1fae066de31d:4)
04-20 02:58:10.949 D/StateManager( 1099): 	at com.android.launcher3.statemanager.StateManager.moveToRestState(go/retraceme 6422cbaa18704413bfb3e93ebb8478614d3644845132061bc54b1fae066de31d:1)
04-20 02:58:10.949 D/StateManager( 1099): 	at com.android.launcher3.statemanager.StatefulActivity.onStop(go/retraceme 6422cbaa18704413bfb3e93ebb8478614d3644845132061bc54b1fae066de31d:34)
04-20 02:58:10.950 D/StatsLog( 1099): LAUNCHER_ONSTOP
04-20 02:58:10.950 I/AppWidgetServiceImpl(  590): setAppWidgetHidden() 0
04-20 02:58:10.950 D/OneSearchSuggestProvider( 1099): Shut down the binder channel
04-20 02:58:10.950 D/StatsLog( 1099): LAUNCHER_GOOGLE_SEARCH_RESTORE_LIST_SIZE_AFTER_ACTIVITY_RESTART
04-20 02:58:10.954 I/MMKV    (15069): <MMKV_IO.cpp:609::writeActualSize> [mixc-retail-assembly-rn84::state] increase sequence to 107, crc 90828315, actualSize 23518
04-20 02:58:10.954 I/MMKV    (15069): <MMKV.cpp:1208::sync> MMKV::sync, SyncFlag = 1
04-20 02:58:10.959 I/MMKV    (15069): <MMKV_IO.cpp:609::writeActualSize> [mixc-retail-assembly-rn84::state] increase sequence to 108, crc 2832855333, actualSize 23518
04-20 02:58:10.959 I/MMKV    (15069): <MMKV.cpp:1208::sync> MMKV::sync, SyncFlag = 1
04-20 02:58:10.966 I/MMKV    (15069): <MMKV_IO.cpp:609::writeActualSize> [mixc-retail-assembly-rn84::state] increase sequence to 109, crc 932664420, actualSize 23518
04-20 02:58:10.966 I/MMKV    (15069): <MMKV.cpp:1208::sync> MMKV::sync, SyncFlag = 1
04-20 02:58:10.971 I/MMKV    (15069): <MMKV_IO.cpp:609::writeActualSize> [mixc-retail-assembly-rn84::state] increase sequence to 110, crc 173750221, actualSize 23518
04-20 02:58:10.971 I/MMKV    (15069): <MMKV.cpp:1208::sync> MMKV::sync, SyncFlag = 1
04-20 02:58:10.976 I/MMKV    (15069): <MMKV_IO.cpp:609::writeActualSize> [mixc-retail-assembly-rn84::state] increase sequence to 111, crc 4155558118, actualSize 23518
04-20 02:58:10.976 I/MMKV    (15069): <MMKV.cpp:1208::sync> MMKV::sync, SyncFlag = 1
04-20 02:58:10.982 I/MMKV    (15069): <MMKV_IO.cpp:609::writeActualSize> [mixc-retail-assembly-rn84::secure-state] increase sequence to 10, crc 4092451266, actualSize 259
04-20 02:58:10.982 I/MMKV    (15069): <MMKV.cpp:1208::sync> MMKV::sync, SyncFlag = 1
04-20 02:58:10.985 I/MMKV    (15069): <MMKV_IO.cpp:609::writeActualSize> [mixc-retail-assembly-rn84::state] increase sequence to 112, crc 2606645294, actualSize 23518
04-20 02:58:10.985 I/MMKV    (15069): <MMKV.cpp:1208::sync> MMKV::sync, SyncFlag = 1
04-20 02:58:10.990 I/MMKV    (15069): <MMKV_IO.cpp:609::writeActualSize> [mixc-retail-assembly-rn84::state] increase sequence to 113, crc 367274521, actualSize 23518
04-20 02:58:10.990 I/MMKV    (15069): <MMKV.cpp:1208::sync> MMKV::sync, SyncFlag = 1
04-20 02:58:10.999 I/MMKV    (15069): <MMKV_IO.cpp:609::writeActualSize> [mixc-retail-assembly-rn84::state] increase sequence to 114, crc 2460553738, actualSize 23518
04-20 02:58:10.999 I/MMKV    (15069): <MMKV.cpp:1208::sync> MMKV::sync, SyncFlag = 1
04-20 02:58:11.003 I/MMKV    (15069): <MMKV_IO.cpp:609::writeActualSize> [mixc-retail-assembly-rn84::state] increase sequence to 115, crc 964602948, actualSize 23518
04-20 02:58:11.003 I/MMKV    (15069): <MMKV.cpp:1208::sync> MMKV::sync, SyncFlag = 1
04-20 02:58:11.077 W/FrameTracker( 1099): Missed SF frame:PREDICTION_ERROR, 170242107, 5715303, CUJ=J<TASKBAR_COLLAPSE::Home to App>
04-20 02:58:11.077 W/FrameTracker( 1099): Missing HWUI jank callback for vsyncId: 170242309, CUJ=J<TASKBAR_COLLAPSE::Home to App>
04-20 02:58:11.077 W/FrameTracker( 1099): Missed SF frame:PREDICTION_ERROR, 170242704, 5202897, CUJ=J<TASKBAR_COLLAPSE::Home to App>
04-20 02:58:11.077 W/FrameTracker( 1099): Missed SF frame:PREDICTION_ERROR, 170242740, 5454314, CUJ=J<TASKBAR_COLLAPSE::Home to App>
04-20 02:58:11.077 W/FrameTracker( 1099): Missed SF frame:PREDICTION_ERROR, 170242855, 4775066, CUJ=J<TASKBAR_COLLAPSE::Home to App>
04-20 02:58:11.077 W/FrameTracker( 1099): Missed SF frame:PREDICTION_ERROR, 170242920, 4733901, CUJ=J<TASKBAR_COLLAPSE::Home to App>
04-20 02:58:11.077 V/PerfettoTrigger( 1099): Triggering /system/bin/trigger_perfetto com.android.telemetry.interaction-jank-monitor-61
04-20 02:58:11.144 W/InteractionJankMonitor(15069): Initializing without READ_DEVICE_CONFIG permission. enabled=true, interval=1, missedFrameThreshold=3, frameTimeThreshold=64, package=com.impos2.mixcretailassemblyrn84
04-20 02:58:11.146 W/WindowOnBackDispatcher(  836): sendCancelIfRunning: isInProgress=false callback=android.view.ViewRootImpl$$ExternalSyntheticLambda11@e1c7874
04-20 02:58:11.146 D/CoreBackPreview(  590): Window{6fd5dff u0 Splash Screen com.impos2.mixcretailassemblyrn84 EXITING}: Setting back callback null
04-20 02:58:11.147 W/InputManager-JNI(  590): Input channel object '6fd5dff Splash Screen com.impos2.mixcretailassemblyrn84 (client)' was disposed without first being removed with the input manager!
04-20 02:58:11.196 W/FrameTracker(  836): Missed SF frame:PREDICTION_ERROR, 170242403, 8998226, CUJ=J<SPLASHSCREEN_EXIT_ANIM>
04-20 02:58:11.196 W/FrameTracker(  836): Missed SF frame:PREDICTION_ERROR, 170242546, 4897811, CUJ=J<SPLASHSCREEN_EXIT_ANIM>
04-20 02:58:11.196 W/FrameTracker(  836): Missing HWUI jank callback for vsyncId: 170242589, CUJ=J<SPLASHSCREEN_EXIT_ANIM>
04-20 02:58:11.196 W/FrameTracker(  836): Missed SF frame:PREDICTION_ERROR, 170242848, 4117108, CUJ=J<SPLASHSCREEN_EXIT_ANIM>
04-20 02:58:11.196 W/FrameTracker(  836): Missing HWUI jank callback for vsyncId: 170243116, CUJ=J<SPLASHSCREEN_EXIT_ANIM>
04-20 02:58:11.197 V/PerfettoTrigger(  836): Triggering /system/bin/trigger_perfetto com.android.telemetry.interaction-jank-monitor-39
04-20 02:58:11.234 I/FontLog (  937): Received query Noto Color Emoji Compat, URI content://com.google.android.gms.fonts [CONTEXT service_id=132 ]
04-20 02:58:11.235 I/FontLog (  937): Query [emojicompat-emoji-font] resolved to {Noto Color Emoji Compat, wdth 100.0, wght 400, ital 0.0, bestEffort false} [CONTEXT service_id=132 ]
04-20 02:58:11.235 I/FontLog (  937): Fetch {Noto Color Emoji Compat, wdth 100.0, wght 400, ital 0.0, bestEffort false} end status Status{statusCode=SUCCESS, resolution=null} [CONTEXT service_id=132 ]
04-20 02:58:11.236 I/FontLog (  937): Pulling font file for id = 45, cache size = 5 [CONTEXT service_id=132 ]
04-20 02:58:11.238 I/FontLog (  937): Pulling font file for id = 45, cache size = 5 [CONTEXT service_id=132 ]
04-20 02:58:12.369 D/ActivityManager(  590): freezing 21463 com.google.android.permissioncontroller
04-20 02:58:12.370 D/InetDiagMessage(  590): Destroyed 0 sockets, proto=IPPROTO_TCP, family=AF_INET, states=14
04-20 02:58:12.371 D/InetDiagMessage(  590): Destroyed 0 sockets, proto=IPPROTO_TCP, family=AF_INET6, states=14
04-20 02:58:12.371 D/InetDiagMessage(  590): Destroyed live tcp sockets for uids={10207} in 1ms
04-20 02:58:12.431 D/EGL_emulation(15069): app_time_stats: avg=331.38ms min=8.27ms max=1499.77ms count=5
04-20 02:58:13.888 I/StartupAudit(15069): secondary_launch_attempt displayCount=2 displayId=2 pid=15069 time=2026-04-20 02:58:13.888
04-20 02:58:13.890 W/OptProp (  590): Cannot read opt property android.window.PROPERTY_COMPAT_ALLOW_USER_ASPECT_RATIO_OVERRIDE
04-20 02:58:13.890 W/OptProp (  590): Cannot read opt property android.window.PROPERTY_COMPAT_ALLOW_USER_ASPECT_RATIO_FULLSCREEN_OVERRIDE
04-20 02:58:13.890 W/OptProp (  590): Cannot read opt property android.window.PROPERTY_COMPAT_ALLOW_ORIENTATION_OVERRIDE
04-20 02:58:13.891 V/GrammaticalInflectionUtils(  590): AttributionSource: AttributionSource { uid = 10217, packageName = null, attributionTag = null, token = android.os.Binder@bdb3573, deviceId = 0, next = null } does not have READ_SYSTEM_GRAMMATICAL_GENDER permission.
04-20 02:58:13.891 W/OptProp (  590): Cannot read opt property android.window.PROPERTY_COMPAT_ALLOW_RESIZEABLE_ACTIVITY_OVERRIDES
04-20 02:58:13.891 W/OptProp (  590): Cannot read opt property android.window.PROPERTY_COMPAT_ALLOW_MIN_ASPECT_RATIO_OVERRIDE
04-20 02:58:13.894 W/InputDispatcher(  590): Focused display #2 does not have a focused window.
04-20 02:58:13.894 E/InputDispatcher(  590): But another display has a focused window
04-20 02:58:13.894 E/InputDispatcher(  590):   FocusedWindows:
04-20 02:58:13.894 E/InputDispatcher(  590):     displayId=0, name='d1266cf com.impos2.mixcretailassemblyrn84/com.impos2.mixcretailassemblyrn84.MainActivity'
04-20 02:58:13.895 V/WindowManagerShell(  836): Transition requested (#552): android.os.BinderProxy@9c8e4ed TransitionRequestInfo { type = OPEN, triggerTask = TaskInfo{userId=0 taskId=863 displayId=2 isRunning=true baseIntent=Intent { flg=0x18000000 cmp=com.impos2.mixcretailassemblyrn84/.SecondaryActivity } baseActivity=ComponentInfo{com.impos2.mixcretailassemblyrn84/com.impos2.mixcretailassemblyrn84.SecondaryActivity} topActivity=ComponentInfo{com.impos2.mixcretailassemblyrn84/com.impos2.mixcretailassemblyrn84.SecondaryActivity} origActivity=null realActivity=ComponentInfo{com.impos2.mixcretailassemblyrn84/com.impos2.mixcretailassemblyrn84.SecondaryActivity} numActivities=1 lastActiveTime=266479442 supportsMultiWindow=true resizeMode=1 isResizeable=true minWidth=-1 minHeight=-1 defaultMinSize=220 token=WCT{android.window.IWindowContainerToken$Stub$Proxy@c97df22} topActivityType=1 pictureInPictureParams=null shouldDockBigOverlays=false launchIntoPipHostTaskId=-1 lastParentTaskIdBeforePip=-1 displayCutoutSafeInsets=null topActivityInfo=ActivityInfo{8f28db3 com.impos2.mixcretailassemblyrn84.SecondaryActivity} launchCookies=[] positionInParent=Point(0, 0) parentTaskId=-1 isFocused=false isVisible=false isVisibleRequested=true isSleeping=false locusId=null displayAreaFeatureId=1 isTopActivityTransparent=false appCompatTaskInfo=AppCompatTaskInfo { topActivityInSizeCompat=false topActivityEligibleForLetterboxEducation= falseisLetterboxEducationEnabled= true isLetterboxDoubleTapEnabled= false topActivityEligibleForUserAspectRatioButton= false topActivityBoundsLetterboxed= false isFromLetterboxDoubleTap= false topActivityLetterboxVerticalPosition= -1 topActivityLetterboxHorizontalPosition= -1 topActivityLetterboxWidth=2560 topActivityLetterboxHeight=1600 isUserFullscreenOverrideEnabled=false isSystemFullscreenOverrideEnabled=false cameraCompatTaskInfo=CameraCompatTaskInfo { cameraCompatControlState=hidden freeformCameraCompatMode=inactive}}}, pipTask = null, remoteTransition = null, displayChange = null, flags = 0, debugId = 552 }
04-20 02:58:13.895 D/ShellDesktopMode(  836): DesktopTaskRepo: visibleTaskCount= 0
04-20 02:58:13.895 I/ActivityTaskManager(  590): START u0 {flg=0x18000000 cmp=com.impos2.mixcretailassemblyrn84/.SecondaryActivity} with LAUNCH_MULTIPLE from uid 10217 (BAL_ALLOW_VISIBLE_WINDOW) result code=0
04-20 02:58:13.896 D/SplashScreenView(  836): Build android.window.SplashScreenView{efe520f V.E...... ......ID 0,0-0,0}
04-20 02:58:13.896 D/SplashScreenView(  836): Icon: view: null drawable: null size: 0
04-20 02:58:13.896 D/SplashScreenView(  836): Branding: view: android.view.View{5e3b29c G.ED..... ......I. 0,0-0,0 #1020503 android:id/splashscreen_branding_view} drawable: null size w: 0 h: 0
04-20 02:58:13.897 I/TopTaskTracker( 1099): onTaskMovedToFront: (moved taskInfo to front) taskId=863, baseIntent=Intent { flg=0x18000000 cmp=com.impos2.mixcretailassemblyrn84/.SecondaryActivity }
04-20 02:58:13.897 V/GrammaticalInflectionUtils(  590): AttributionSource: AttributionSource { uid = 10217, packageName = null, attributionTag = null, token = android.os.Binder@bdb3573, deviceId = 0, next = null } does not have READ_SYSTEM_GRAMMATICAL_GENDER permission.
04-20 02:58:13.897 I/TopTaskTracker( 1099): onTaskMovedToFront: (removing top task on home display) taskId=862, baseIntent=Intent { flg=0x10000000 cmp=com.impos2.mixcretailassemblyrn84/.MainActivity }
04-20 02:58:13.900 D/Zygote  (  389): Forked child process 15139
04-20 02:58:13.901 I/ActivityManager(  590): Start proc 15139:com.impos2.mixcretailassemblyrn84:secondary/u0a217 for next-top-activity {com.impos2.mixcretailassemblyrn84/com.impos2.mixcretailassemblyrn84.SecondaryActivity}
04-20 02:58:13.909 I/BpBinder(  439): onLastStrongRef automatically unlinking death recipients: 
04-20 02:58:13.911 D/CoreBackPreview(  590): Window{4b160b5 u0 Splash Screen com.impos2.mixcretailassemblyrn84}: Setting back callback OnBackInvokedCallbackInfo{mCallback=android.window.IOnBackInvokedCallback$Stub$Proxy@f645331, mPriority=0, mIsAnimationCallback=false}
04-20 02:58:13.914 I/yrn84:secondary(15139): Using CollectorTypeCMC GC.
04-20 02:58:13.916 E/yrn84:secondary(15139): Not starting debugger since process cannot load the jdwp agent.
04-20 02:58:13.917 I/netd    (  388): tetherGetStats() -> {[]} <0.17ms>
04-20 02:58:13.917 D/nativeloader(15139): Load libframework-connectivity-tiramisu-jni.so using APEX ns com_android_tethering for caller /apex/com.android.tethering/javalib/framework-connectivity-t.jar: ok
04-20 02:58:13.925 D/nativeloader(15139): Configuring clns-7 for other apk /data/app/~~5KwwXBKvn3G-WqIOf_KuQw==/com.impos2.mixcretailassemblyrn84-cGXdLhOV8QU4kHWlSzh0Yw==/base.apk. target_sdk_version=36, uses_libraries=, library_path=/data/app/~~5KwwXBKvn3G-WqIOf_KuQw==/com.impos2.mixcretailassemblyrn84-cGXdLhOV8QU4kHWlSzh0Yw==/lib/arm64:/data/app/~~5KwwXBKvn3G-WqIOf_KuQw==/com.impos2.mixcretailassemblyrn84-cGXdLhOV8QU4kHWlSzh0Yw==/base.apk!/lib/arm64-v8a, permitted_path=/data:/mnt/expand:/data/user/0/com.impos2.mixcretailassemblyrn84
04-20 02:58:13.928 V/WindowManager(  590): Sent Transition (#552) createdAt=04-20 02:58:13.891 via request=TransitionRequestInfo { type = OPEN, triggerTask = TaskInfo{userId=0 taskId=863 displayId=2 isRunning=true baseIntent=Intent { flg=0x18000000 cmp=com.impos2.mixcretailassemblyrn84/.SecondaryActivity } baseActivity=ComponentInfo{com.impos2.mixcretailassemblyrn84/com.impos2.mixcretailassemblyrn84.SecondaryActivity} topActivity=ComponentInfo{com.impos2.mixcretailassemblyrn84/com.impos2.mixcretailassemblyrn84.SecondaryActivity} origActivity=null realActivity=ComponentInfo{com.impos2.mixcretailassemblyrn84/com.impos2.mixcretailassemblyrn84.SecondaryActivity} numActivities=1 lastActiveTime=266479442 supportsMultiWindow=true resizeMode=1 isResizeable=true minWidth=-1 minHeight=-1 defaultMinSize=220 token=WCT{RemoteToken{279f16d Task{bb9ddf9 #863 type=standard A=10217:com.impos2.mixcretailassemblyrn84}}} topActivityType=1 pictureInPictureParams=null shouldDockBigOverlays=false launchIntoPipHostTaskId=-1 lastParentTaskIdBeforePip=-1 displayCutoutSafeInsets=null topActivityInfo=ActivityInfo{cc931a2 com.impos2.mixcretailassemblyrn84.SecondaryActivity} launchCookies=[] positionInParent=Point(0, 0) parentTaskId=-1 isFocused=false isVisible=false isVisibleRequested=true isSleeping=false locusId=null displayAreaFeatureId=1 isTopActivityTransparent=false appCompatTaskInfo=AppCompatTaskInfo { topActivityInSizeCompat=false topActivityEligibleForLetterboxEducation= falseisLetterboxEducationEnabled= true isLetterboxDoubleTapEnabled= false topActivityEligibleForUserAspectRatioButton= false topActivityBoundsLetterboxed= false isFromLetterboxDoubleTap= false topActivityLetterboxVerticalPosition= -1 topActivityLetterboxHorizontalPosition= -1 topActivityLetterboxWidth=2560 topActivityLetterboxHeight=1600 isUserFullscreenOverrideEnabled=false isSystemFullscreenOverrideEnabled=false cameraCompatTaskInfo=CameraCompatTaskInfo { cameraCompatControlState=hidden freeformCameraCompatMode=inactive}}}, pipTask = null, remoteTransition = null, displayChange = null, flags = 0, debugId = 552 }
04-20 02:58:13.928 V/WindowManager(  590):     startWCT=WindowContainerTransaction { changes = {} hops = [] errorCallbackToken=null taskFragmentOrganizer=null }
04-20 02:58:13.928 V/WindowManager(  590):     info={id=552 t=OPEN f=0x0 trk=0 r=[2@Point(0, 0)] c=[
04-20 02:58:13.928 V/WindowManager(  590):         {WCT{RemoteToken{279f16d Task{bb9ddf9 #863 type=standard A=10217:com.impos2.mixcretailassemblyrn84}}} m=OPEN f=NONE leash=Surface(name=Task=863)/@0x7f68a16 sb=Rect(0, 0 - 2560, 1600) eb=Rect(0, 0 - 2560, 1600) d=2 taskParent=-1},
04-20 02:58:13.928 V/WindowManager(  590):         {WCT{RemoteToken{473bc8f Task{c2f742b #671 type=home}}} m=TO_BACK f=SHOW_WALLPAPER leash=Surface(name=Task=671)/@0x5554f84 sb=Rect(0, 0 - 2560, 1600) eb=Rect(0, 0 - 2560, 1600) d=2 taskParent=-1}
04-20 02:58:13.928 V/WindowManager(  590):     ]}
04-20 02:58:13.929 V/WindowManagerShell(  836): onTransitionReady(transaction=2534030745019)
04-20 02:58:13.929 V/WindowManagerShell(  836): onTransitionReady (#552) android.os.BinderProxy@9c8e4ed: {id=552 t=OPEN f=0x0 trk=0 r=[2@Point(0, 0)] c=[{WCT{android.window.IWindowContainerToken$Stub$Proxy@d334a0} m=OPEN f=NONE leash=Surface(name=Task=863)/@0xcb9b934 sb=Rect(0, 0 - 2560, 1600) eb=Rect(0, 0 - 2560, 1600) d=2 taskParent=-1},{WCT{android.window.IWindowContainerToken$Stub$Proxy@7b65859} m=TO_BACK f=SHOW_WALLPAPER leash=Surface(name=Task=671)/@0x3b9e35d sb=Rect(0, 0 - 2560, 1600) eb=Rect(0, 0 - 2560, 1600) d=2 taskParent=-1}]}
04-20 02:58:13.930 V/WindowManagerShell(  836): Playing animation for (#552) android.os.BinderProxy@9c8e4ed@0
04-20 02:58:13.930 V/WindowManagerShell(  836):  try handler com.android.wm.shell.transition.DefaultMixedHandler@a4b4bb1
04-20 02:58:13.930 V/WindowManagerShell(  836):  try handler com.android.wm.shell.keyguard.KeyguardTransitionHandler@f055896
04-20 02:58:13.930 V/WindowManagerShell(  836):  try handler com.android.wm.shell.pip.PipTransition@489c17
04-20 02:58:13.930 V/WindowManagerShell(  836):  try handler com.android.wm.shell.activityembedding.ActivityEmbeddingController@f43a804
04-20 02:58:13.930 V/WindowManagerShell(  836):  try handler com.android.wm.shell.splitscreen.StageCoordinator@417f1ed
04-20 02:58:13.930 V/WindowManagerShell(  836):  try handler com.android.wm.shell.desktopmode.DesktopTasksController@4366822
04-20 02:58:13.930 V/WindowManagerShell(  836):  try handler com.android.wm.shell.recents.RecentsTransitionHandler@b30e2b3
04-20 02:58:13.930 V/ShellRecents(  836): RecentsTransitionHandler.startAnimation: no controller found
04-20 02:58:13.930 V/WindowManagerShell(  836):  try handler com.android.wm.shell.transition.RemoteTransitionHandler@2554070
04-20 02:58:13.930 V/WindowManagerShell(  836): Transition doesn't have explicit remote, search filters for match for {id=552 t=OPEN f=0x0 trk=0 r=[2@Point(0, 0)] c=[{WCT{android.window.IWindowContainerToken$Stub$Proxy@d334a0} m=OPEN f=NONE leash=Surface(name=Task=863)/@0xcb9b934 sb=Rect(0, 0 - 2560, 1600) eb=Rect(0, 0 - 2560, 1600) d=2 taskParent=-1},{WCT{android.window.IWindowContainerToken$Stub$Proxy@7b65859} m=TO_BACK f=SHOW_WALLPAPER leash=Surface(name=Task=671)/@0x3b9e35d sb=Rect(0, 0 - 2560, 1600) eb=Rect(0, 0 - 2560, 1600) d=2 taskParent=-1}]}
04-20 02:58:13.930 V/WindowManagerShell(  836):  Checking filter Pair{{types=[] flags=0x0] notFlags=0x0 checks=[{atype=undefined independent=true modes=[OPEN,TO_FRONT] flags=IN_TASK_WITH_EMBEDDED_ACTIVITY mustBeTask=false order=ANY topActivity=ComponentInfo{com.google.android.apps.nexuslauncher/com.google.android.apps.nexuslauncher.NexusLauncherActivity} launchCookie=null},{atype=undefined independent=true modes=[CLOSE,TO_BACK] flags=IN_TASK_WITH_EMBEDDED_ACTIVITY mustBeTask=false order=ANY topActivity=null launchCookie=null}]} RemoteTransition { remoteTransition = android.window.IRemoteTransition$Stub$Proxy@e8ebfe9, appThread = android.app.IApplicationThread$Stub$Proxy@876e46e, debugName = OverlaySwipeBack }}
04-20 02:58:13.930 V/WindowManagerShell(  836):  Checking filter Pair{{types=[] flags=0x0] notFlags=0x0 checks=[{atype=dream independent=true modes=[OPEN,TO_FRONT] flags=NONE mustBeTask=false order=ANY topActivity=null launchCookie=null},{atype=home independent=true modes=[CLOSE,TO_BACK] flags=NONE mustBeTask=false order=ANY topActivity=null launchCookie=null}]} RemoteTransition { remoteTransition = android.window.IRemoteTransition$Stub$Proxy@f4cf70f, appThread = android.app.IApplicationThread$Stub$Proxy@ba5f39c, debugName = LauncherToDream }}
04-20 02:58:13.930 V/WindowManagerShell(  836):  Checking filter Pair{{types=[] flags=0x0] notFlags=0x100 checks=[{atype=home independent=true modes=[OPEN,TO_FRONT] flags=NONE mustBeTask=false order=TOP topActivity=ComponentInfo{com.google.android.apps.nexuslauncher/com.google.android.apps.nexuslauncher.NexusLauncherActivity} launchCookie=null},{atype=standard independent=true modes=[CLOSE,TO_BACK] flags=NONE mustBeTask=false order=ANY topActivity=null launchCookie=null}]} RemoteTransition { remoteTransition = android.window.IRemoteTransition$Stub$Proxy@c8a71a5, appThread = android.app.IApplicationThread$Stub$Proxy@30d97a, debugName = QuickstepLaunchHome }}
04-20 02:58:13.930 V/WindowManagerShell(  836):  Delegate animation for (#552) to null
04-20 02:58:13.930 V/WindowManagerShell(  836):  try handler com.android.wm.shell.transition.DefaultTransitionHandler@56bf52b
04-20 02:58:13.931 V/WindowManagerShell(  836): start default transition animation, info = {id=552 t=OPEN f=0x0 trk=0 r=[2@Point(0, 0)] c=[{WCT{android.window.IWindowContainerToken$Stub$Proxy@d334a0} m=OPEN f=NONE leash=Surface(name=Task=863)/@0xcb9b934 sb=Rect(0, 0 - 2560, 1600) eb=Rect(0, 0 - 2560, 1600) d=2 taskParent=-1},{WCT{android.window.IWindowContainerToken$Stub$Proxy@7b65859} m=TO_BACK f=SHOW_WALLPAPER leash=Surface(name=Task=671)/@0x3b9e35d sb=Rect(0, 0 - 2560, 1600) eb=Rect(0, 0 - 2560, 1600) d=2 taskParent=-1}]}
04-20 02:58:13.931 W/UserManagerService(  590): Requested status bar icon for non-badged user 0
04-20 02:58:13.931 V/WindowManagerShell(  836): loadAnimation: anim=android.view.animation.AnimationSet@e69b991 animAttr=0x13 type=OPEN isEntrance=false
04-20 02:58:13.931 V/WindowManagerShell(  836): loadAnimation: anim=android.view.animation.AnimationSet@7d7d764 animAttr=0x12 type=OPEN isEntrance=true
04-20 02:58:13.931 V/GraphicsEnvironment(15139): Currently set values for:
04-20 02:58:13.931 V/WindowManagerShell(  836):  animated by com.android.wm.shell.transition.DefaultTransitionHandler@56bf52b
04-20 02:58:13.931 V/GraphicsEnvironment(15139):   angle_gl_driver_selection_pkgs=[]
04-20 02:58:13.931 V/GraphicsEnvironment(15139):   angle_gl_driver_selection_values=[]
04-20 02:58:13.931 V/GraphicsEnvironment(15139): Global.Settings values are invalid: number of packages: 0, number of values: 0
04-20 02:58:13.931 V/GraphicsEnvironment(15139): Neither updatable production driver nor prerelease driver is supported.
04-20 02:58:13.933 W/SoLoader(15139): Initializing SoLoader: 0
04-20 02:58:13.933 W/SoLoader(15139): Recording new base apk path: /data/app/~~5KwwXBKvn3G-WqIOf_KuQw==/com.impos2.mixcretailassemblyrn84-cGXdLhOV8QU4kHWlSzh0Yw==/base.apk
04-20 02:58:13.933 W/SoLoader(15139): Previously recorded 0 base apk paths.
04-20 02:58:13.933 I/SoLoader(15139): Preparing SO source: DirectorySoSource[root = /vendor/lib64 flags = 2]
04-20 02:58:13.933 I/SoLoader(15139): Preparing SO source: DirectorySoSource[root = /system/lib64 flags = 2]
04-20 02:58:13.933 I/SoLoader(15139): Preparing SO source: DirectApkSoSource[root = [/data/app/~~5KwwXBKvn3G-WqIOf_KuQw==/com.impos2.mixcretailassemblyrn84-cGXdLhOV8QU4kHWlSzh0Yw==/base.apk!/lib/arm64-v8a]]
04-20 02:58:13.934 I/SoLoader(15139): Preparing SO source: ApplicationSoSource[DirectorySoSource[root = /data/app/~~5KwwXBKvn3G-WqIOf_KuQw==/com.impos2.mixcretailassemblyrn84-cGXdLhOV8QU4kHWlSzh0Yw==/lib/arm64 flags = 0]]
04-20 02:58:13.934 I/SoLoader(15139): init finish: 4 SO sources prepared
04-20 02:58:13.934 W/SoLoader(15139): SoLoader initialized: 8
04-20 02:58:13.935 D/nativeloader(15139): Load /data/app/~~5KwwXBKvn3G-WqIOf_KuQw==/com.impos2.mixcretailassemblyrn84-cGXdLhOV8QU4kHWlSzh0Yw==/base.apk!/lib/arm64-v8a/libc++_shared.so using ns clns-7 from class loader (caller=/data/app/~~5KwwXBKvn3G-WqIOf_KuQw==/com.impos2.mixcretailassemblyrn84-cGXdLhOV8QU4kHWlSzh0Yw==/base.apk): ok
04-20 02:58:13.936 D/nativeloader(15139): Load /data/app/~~5KwwXBKvn3G-WqIOf_KuQw==/com.impos2.mixcretailassemblyrn84-cGXdLhOV8QU4kHWlSzh0Yw==/base.apk!/lib/arm64-v8a/libjsi.so using ns clns-7 from class loader (caller=/data/app/~~5KwwXBKvn3G-WqIOf_KuQw==/com.impos2.mixcretailassemblyrn84-cGXdLhOV8QU4kHWlSzh0Yw==/base.apk): ok
04-20 02:58:13.937 D/nativeloader(15139): Load /data/app/~~5KwwXBKvn3G-WqIOf_KuQw==/com.impos2.mixcretailassemblyrn84-cGXdLhOV8QU4kHWlSzh0Yw==/base.apk!/lib/arm64-v8a/libfbjni.so using ns clns-7 from class loader (caller=/data/app/~~5KwwXBKvn3G-WqIOf_KuQw==/com.impos2.mixcretailassemblyrn84-cGXdLhOV8QU4kHWlSzh0Yw==/base.apk): ok
04-20 02:58:13.938 D/nativeloader(15139): Load /data/app/~~5KwwXBKvn3G-WqIOf_KuQw==/com.impos2.mixcretailassemblyrn84-cGXdLhOV8QU4kHWlSzh0Yw==/base.apk!/lib/arm64-v8a/libreactnative.so using ns clns-7 from class loader (caller=/data/app/~~5KwwXBKvn3G-WqIOf_KuQw==/com.impos2.mixcretailassemblyrn84-cGXdLhOV8QU4kHWlSzh0Yw==/base.apk): ok
04-20 02:58:13.938 D/jni_lib_merge(15139): Entering merged library JNI_OnLoad.
04-20 02:58:13.938 D/jni_lib_merge(15139): Preparing 12 pre-merged libs (including stub)
04-20 02:58:13.938 D/jni_lib_merge(15139): Preparing to register libfabricjni_so.  onload_func: 0x73aa52ea50
04-20 02:58:13.938 D/jni_lib_merge(15139): Preparing to register libreact_devsupportjni_so.  onload_func: 0x73aa5f236c
04-20 02:58:13.938 D/jni_lib_merge(15139): Preparing to register libreact_featureflagsjni_so.  onload_func: 0x73aa60cba8
04-20 02:58:13.938 D/jni_lib_merge(15139): Preparing to register libreact_newarchdefaults_so.  onload_func: 0x73aa64ad74
04-20 02:58:13.938 D/jni_lib_merge(15139): Preparing to register libreactnativeblob_so.  onload_func: 0x73aa6eba4c
04-20 02:58:13.938 D/jni_lib_merge(15139): Preparing to register libreactnativejni_so.  onload_func: 0x73aa7009e4
04-20 02:58:13.938 D/jni_lib_merge(15139): Preparing to register libreactnativejni_common_so.  onload_func: 0x73aa703be0
04-20 02:58:13.938 D/jni_lib_merge(15139): Preparing to register librninstance_so.  onload_func: 0x73aa720778
04-20 02:58:13.938 D/jni_lib_merge(15139): Preparing to register libturbomodulejsijni_so.  onload_func: 0x73aa7ca0e0
04-20 02:58:13.938 D/jni_lib_merge(15139): Preparing to register libuimanagerjni_so.  onload_func: 0x73aa7d0b00
04-20 02:58:13.938 D/jni_lib_merge(15139): Preparing to register libyoga_so.  onload_func: 0x73aa7d80c4
04-20 02:58:13.938 D/jni_lib_merge(15139): About to register 11 actual methods.
04-20 02:58:13.939 D/nativeloader(15139): Load /data/app/~~5KwwXBKvn3G-WqIOf_KuQw==/com.impos2.mixcretailassemblyrn84-cGXdLhOV8QU4kHWlSzh0Yw==/base.apk!/lib/arm64-v8a/libreact_codegen_rnsvg.so using ns clns-7 from class loader (caller=/data/app/~~5KwwXBKvn3G-WqIOf_KuQw==/com.impos2.mixcretailassemblyrn84-cGXdLhOV8QU4kHWlSzh0Yw==/base.apk): ok
04-20 02:58:13.939 D/jni_lib_merge(15139): Entering merged library JNI_OnLoad.
04-20 02:58:13.939 D/jni_lib_merge(15139): Preparing 12 pre-merged libs (including stub)
04-20 02:58:13.939 D/jni_lib_merge(15139): Preparing to register libfabricjni_so.  onload_func: 0x73aa52ea50
04-20 02:58:13.939 D/jni_lib_merge(15139): Preparing to register libreact_devsupportjni_so.  onload_func: 0x73aa5f236c
04-20 02:58:13.939 D/jni_lib_merge(15139): Preparing to register libreact_featureflagsjni_so.  onload_func: 0x73aa60cba8
04-20 02:58:13.939 D/jni_lib_merge(15139): Preparing to register libreact_newarchdefaults_so.  onload_func: 0x73aa64ad74
04-20 02:58:13.939 D/jni_lib_merge(15139): Preparing to register libreactnativeblob_so.  onload_func: 0x73aa6eba4c
04-20 02:58:13.939 D/jni_lib_merge(15139): Preparing to register libreactnativejni_so.  onload_func: 0x73aa7009e4
04-20 02:58:13.939 D/jni_lib_merge(15139): Preparing to register libreactnativejni_common_so.  onload_func: 0x73aa703be0
04-20 02:58:13.939 D/jni_lib_merge(15139): Preparing to register librninstance_so.  onload_func: 0x73aa720778
04-20 02:58:13.939 D/jni_lib_merge(15139): Preparing to register libturbomodulejsijni_so.  onload_func: 0x73aa7ca0e0
04-20 02:58:13.939 D/jni_lib_merge(15139): Preparing to register libuimanagerjni_so.  onload_func: 0x73aa7d0b00
04-20 02:58:13.939 D/jni_lib_merge(15139): Preparing to register libyoga_so.  onload_func: 0x73aa7d80c4
04-20 02:58:13.939 D/jni_lib_merge(15139): About to register 11 actual methods.
04-20 02:58:13.939 D/nativeloader(15139): Load /data/app/~~5KwwXBKvn3G-WqIOf_KuQw==/com.impos2.mixcretailassemblyrn84-cGXdLhOV8QU4kHWlSzh0Yw==/base.apk!/lib/arm64-v8a/libappmodules.so using ns clns-7 from class loader (caller=/data/app/~~5KwwXBKvn3G-WqIOf_KuQw==/com.impos2.mixcretailassemblyrn84-cGXdLhOV8QU4kHWlSzh0Yw==/base.apk): ok
04-20 02:58:13.940 W/OptProp (  590): Cannot read opt property android.window.PROPERTY_COMPAT_ENABLE_FAKE_FOCUS
04-20 02:58:13.951 D/AppCompatDelegate(15139): Checking for metadata for AppLocalesMetadataHolderService : Service not found
04-20 02:58:13.958 D/FileUtils(  590): Rounded bytes from 3120193536 to 4000000000
04-20 02:58:13.968 D/nativeloader(15139): Load /data/app/~~5KwwXBKvn3G-WqIOf_KuQw==/com.impos2.mixcretailassemblyrn84-cGXdLhOV8QU4kHWlSzh0Yw==/base.apk!/lib/arm64-v8a/libhermesvm.so using ns clns-7 from class loader (caller=/data/app/~~5KwwXBKvn3G-WqIOf_KuQw==/com.impos2.mixcretailassemblyrn84-cGXdLhOV8QU4kHWlSzh0Yw==/base.apk): ok
04-20 02:58:13.968 D/nativeloader(15139): Load /data/app/~~5KwwXBKvn3G-WqIOf_KuQw==/com.impos2.mixcretailassemblyrn84-cGXdLhOV8QU4kHWlSzh0Yw==/base.apk!/lib/arm64-v8a/libhermestooling.so using ns clns-7 from class loader (caller=/data/app/~~5KwwXBKvn3G-WqIOf_KuQw==/com.impos2.mixcretailassemblyrn84-cGXdLhOV8QU4kHWlSzh0Yw==/base.apk): ok
04-20 02:58:13.968 D/jni_lib_merge(15139): Entering merged library JNI_OnLoad.
04-20 02:58:13.968 D/jni_lib_merge(15139): Preparing 4 pre-merged libs (including stub)
04-20 02:58:13.968 D/jni_lib_merge(15139): Preparing to register libhermes_executor_so.  onload_func: 0x73aa89a728
04-20 02:58:13.968 D/jni_lib_merge(15139): Preparing to register libhermesinstancejni_so.  onload_func: 0x73aa8a1d44
04-20 02:58:13.968 D/jni_lib_merge(15139): Preparing to register libjsijniprofiler_so.  onload_func: 0x73aa8a2530
04-20 02:58:13.968 D/jni_lib_merge(15139): About to register 3 actual methods.
04-20 02:58:13.972 W/unknown:BridgelessReact(15139): ReactHost{0}.startSurface(surfaceId = 0): Schedule
04-20 02:58:13.972 W/unknown:BridgelessReact(15139): ReactHost{0}.attachSurface(surfaceId = 0)
04-20 02:58:13.973 W/unknown:BridgelessReact(15139): ReactHost{0}.getOrCreateReactInstanceTask()
04-20 02:58:13.973 W/unknown:BridgelessReact(15139): ReactHost{0}.getOrCreateReactInstanceTask(): Start
04-20 02:58:13.973 W/unknown:BridgelessReact(15139): ReactHost{0}.getJSBundleLoader()
04-20 02:58:13.973 W/unknown:BridgelessReact(15139): ReactHost{0}.getOrCreateReactInstanceTask(): Creating BridgelessReactContext
04-20 02:58:13.973 W/unknown:BridgelessReact(15139): ReactHost{0}.getOrCreateReactInstanceTask(): Creating ReactInstance
04-20 02:58:13.975 I/StartupAudit(15139): activity_created activity=SecondaryActivity displayIndex=1 pid=15139 time=2026-04-20 02:58:13.975
04-20 02:58:13.977 W/unknown:BridgelessReact(15139): ReactHost{0}.onHostResume(activity)
04-20 02:58:13.978 W/unknown:BridgelessReact(15139): ReactHost{0}.ReactContext.onHostResume()
04-20 02:58:13.980 W/HWUI    (15139): Unknown dataspace 0
04-20 02:58:13.986 W/unknown:BridgelessReact(15139): ReactHost{0}.getOrCreateReactInstanceTask(): Loading JS Bundle
04-20 02:58:13.986 W/unknown:BridgelessReact(15139): ReactHost{0}.getOrCreateReactInstanceTask(): DevSupportManager.onNewReactContextCreated()
04-20 02:58:13.986 W/unknown:BridgelessReact(15139): ReactHost{0}.startSurface(surfaceId = 0): Execute
04-20 02:58:13.987 I/ReactNativeJS(15139): Running "MixcRetailAssemblyRN84"
04-20 02:58:13.988 W/unknown:ViewManagerPropertyUpdater(15139): Could not find generated setter for class com.horcrux.svg.RenderableViewManager$DefsViewManager
04-20 02:58:13.989 W/unknown:ViewManagerPropertyUpdater(15139): Could not find generated setter for class com.horcrux.svg.VirtualViewManager$c
04-20 02:58:13.989 W/unknown:ViewManagerPropertyUpdater(15139): Could not find generated setter for class com.horcrux.svg.RenderableViewManager$FeMergeManager
04-20 02:58:13.990 W/unknown:ViewManagerPropertyUpdater(15139): Could not find generated setter for class com.facebook.react.views.safeareaview.ReactSafeAreaViewManager
04-20 02:58:13.990 W/unknown:ViewManagerPropertyUpdater(15139): Could not find generated setter for class com.facebook.react.uimanager.V
04-20 02:58:13.990 W/unknown:ViewManagerPropertyUpdater(15139): Could not find generated setter for class com.horcrux.svg.RenderableViewManager$LinearGradientManager
04-20 02:58:13.991 W/unknown:ViewManagerPropertyUpdater(15139): Could not find generated setter for class com.horcrux.svg.RenderableViewManager$FeGaussianBlurManager
04-20 02:58:13.991 W/unknown:ViewManagerPropertyUpdater(15139): Could not find generated setter for class com.facebook.react.views.progressbar.ReactProgressBarViewManager
04-20 02:58:13.991 W/unknown:ViewManagerPropertyUpdater(15139): Could not find generated setter for class com.facebook.react.views.progressbar.b
04-20 02:58:13.992 W/unknown:ViewManagerPropertyUpdater(15139): Could not find generated setter for class com.facebook.react.views.scroll.ReactHorizontalScrollViewManager
04-20 02:58:13.993 D/CoreBackPreview(  590): Window{d268a23 u0 com.impos2.mixcretailassemblyrn84/com.impos2.mixcretailassemblyrn84.SecondaryActivity}: Setting back callback OnBackInvokedCallbackInfo{mCallback=android.window.IOnBackInvokedCallback$Stub$Proxy@7e9ccd9, mPriority=0, mIsAnimationCallback=false}
04-20 02:58:13.994 W/unknown:ViewManagerPropertyUpdater(15139): Could not find generated setter for class com.facebook.react.views.text.ReactTextViewManager
04-20 02:58:13.995 W/unknown:ViewManagerPropertyUpdater(15139): Could not find generated setter for class com.facebook.react.views.text.j
04-20 02:58:13.997 I/EGL_emulation(15139): Opening libGLESv1_CM_emulation.so
04-20 02:58:13.997 I/EGL_emulation(15139): Opening libGLESv2_emulation.so
04-20 02:58:13.997 W/unknown:ViewManagerPropertyUpdater(15139): Could not find generated setter for class com.horcrux.svg.RenderableViewManager$FeColorMatrixManager
04-20 02:58:13.998 W/unknown:ViewManagerPropertyUpdater(15139): Could not find generated setter for class com.facebook.react.views.scroll.ReactHorizontalScrollContainerViewManager
04-20 02:58:13.998 W/unknown:ViewManagerPropertyUpdater(15139): Could not find generated setter for class com.horcrux.svg.RenderableViewManager$ClipPathViewManager
04-20 02:58:13.999 W/HWUI    (15139): Failed to choose config with EGL_SWAP_BEHAVIOR_PRESERVED, retrying without...
04-20 02:58:13.999 W/HWUI    (15139): Failed to initialize 101010-2 format, error = EGL_SUCCESS
04-20 02:58:13.999 W/unknown:ViewManagerPropertyUpdater(15139): Could not find generated setter for class com.horcrux.svg.RenderableViewManager$SymbolManager
04-20 02:58:13.999 W/unknown:ViewManagerPropertyUpdater(15139): Could not find generated setter for class com.horcrux.svg.RenderableViewManager$PatternManager
04-20 02:58:14.000 W/unknown:ViewManagerPropertyUpdater(15139): Could not find generated setter for class com.horcrux.svg.RenderableViewManager$FeBlendManager
04-20 02:58:14.000 W/unknown:ViewManagerPropertyUpdater(15139): Could not find generated setter for class com.facebook.react.views.view.ReactViewManager
04-20 02:58:14.000 W/unknown:ViewManagerPropertyUpdater(15139): Could not find generated setter for class com.horcrux.svg.SvgViewManager
04-20 02:58:14.001 W/unknown:ViewManagerPropertyUpdater(15139): Could not find generated setter for class com.facebook.react.views.switchview.ReactSwitchManager
04-20 02:58:14.001 W/unknown:ViewManagerPropertyUpdater(15139): Could not find generated setter for class com.facebook.react.views.switchview.d
04-20 02:58:14.001 W/unknown:ViewManagerPropertyUpdater(15139): Could not find generated setter for class com.horcrux.svg.RenderableViewManager$UseViewManager
04-20 02:58:14.002 W/unknown:ViewManagerPropertyUpdater(15139): Could not find generated setter for class com.horcrux.svg.RenderableViewManager$CircleViewManager
04-20 02:58:14.003 W/unknown:ViewManagerPropertyUpdater(15139): Could not find generated setter for class com.horcrux.svg.RenderableViewManager$TSpanViewManager
04-20 02:58:14.003 I/hwservicemanager(  162): getTransport: Cannot find entry android.hardware.graphics.mapper@4.0::IMapper/default in either framework or device VINTF manifest.
04-20 02:58:14.003 I/Gralloc4(15139): mapper 4.x is not supported
04-20 02:58:14.003 W/unknown:ViewManagerPropertyUpdater(15139): Could not find generated setter for class com.horcrux.svg.RenderableViewManager$FilterManager
04-20 02:58:14.004 W/unknown:ViewManagerPropertyUpdater(15139): Could not find generated setter for class com.horcrux.svg.RenderableViewManager$MarkerManager
04-20 02:58:14.004 W/unknown:ViewManagerPropertyUpdater(15139): Could not find generated setter for class com.facebook.react.views.modal.ReactModalHostManager
04-20 02:58:14.004 I/servicemanager(  157): Caller(pid=15139,uid=10217,sid=u:r:untrusted_app:s0:c217,c256,c512,c768) Could not find android.hardware.graphics.allocator.IAllocator/default in the VINTF manifest. No alternative instances declared in VINTF.
04-20 02:58:14.005 W/unknown:ViewManagerPropertyUpdater(15139): Could not find generated setter for class com.horcrux.svg.RenderableViewManager$ForeignObjectManager
04-20 02:58:14.005 W/unknown:ViewManagerPropertyUpdater(15139): Could not find generated setter for class com.horcrux.svg.RenderableViewManager$EllipseViewManager
04-20 02:58:14.005 W/unknown:ViewManagerPropertyUpdater(15139): Could not find generated setter for class com.horcrux.svg.RenderableViewManager$LineViewManager
04-20 02:58:14.006 W/unknown:ViewManagerPropertyUpdater(15139): Could not find generated setter for class com.facebook.react.views.text.frescosupport.FrescoBasedReactTextInlineImageViewManager
04-20 02:58:14.006 W/unknown:ViewManagerPropertyUpdater(15139): Could not find generated setter for class com.facebook.react.views.text.frescosupport.a
04-20 02:58:14.006 W/unknown:ViewManagerPropertyUpdater(15139): Could not find generated setter for class com.horcrux.svg.RenderableViewManager$FeFloodManager
04-20 02:58:14.007 W/unknown:ViewManagerPropertyUpdater(15139): Could not find generated setter for class com.horcrux.svg.RenderableViewManager$GroupViewManager
04-20 02:58:14.007 W/unknown:ViewManagerPropertyUpdater(15139): Could not find generated setter for class com.horcrux.svg.RenderableViewManager$TextViewManager
04-20 02:58:14.007 W/unknown:ViewManagerPropertyUpdater(15139): Could not find generated setter for class com.horcrux.svg.RenderableViewManager$ImageViewManager
04-20 02:58:14.008 W/unknown:ViewManagerPropertyUpdater(15139): Could not find generated setter for class com.horcrux.svg.RenderableViewManager$FeCompositeManager
04-20 02:58:14.009 W/unknown:ViewManagerPropertyUpdater(15139): Could not find generated setter for class com.facebook.react.views.image.ReactImageManager
04-20 02:58:14.010 W/unknown:ViewManagerPropertyUpdater(15139): Could not find generated setter for class com.horcrux.svg.RenderableViewManager$RadialGradientManager
04-20 02:58:14.011 W/unknown:ViewManagerPropertyUpdater(15139): Could not find generated setter for class com.horcrux.svg.RenderableViewManager$MaskManager
04-20 02:58:14.011 W/unknown:ViewManagerPropertyUpdater(15139): Could not find generated setter for class com.facebook.react.views.unimplementedview.ReactUnimplementedViewManager
04-20 02:58:14.012 W/unknown:ViewManagerPropertyUpdater(15139): Could not find generated setter for class com.horcrux.svg.RenderableViewManager$RectViewManager
04-20 02:58:14.013 W/unknown:ViewManagerPropertyUpdater(15139): Could not find generated setter for class com.horcrux.svg.RenderableViewManager$TextPathViewManager
04-20 02:58:14.014 W/unknown:ViewManagerPropertyUpdater(15139): Could not find generated setter for class com.facebook.react.views.scroll.ReactScrollViewManager
04-20 02:58:14.014 W/unknown:ViewManagerPropertyUpdater(15139): Could not find generated setter for class com.horcrux.svg.RenderableViewManager$FeOffsetManager
04-20 02:58:14.015 W/unknown:ViewManagerPropertyUpdater(15139): Could not find generated setter for class com.horcrux.svg.RenderableViewManager$PathViewManager
04-20 02:58:14.015 W/unknown:BridgelessReact(15139): ReactHost{0}.ReactContext.onHostResume()
04-20 02:58:14.015 W/unknown:BridgelessReact(15139): ReactHost{0}.getOrCreateReactInstanceTask(): Executing ReactInstanceEventListeners
04-20 02:58:14.015 W/unknown:ViewManagerPropertyUpdater(15139): Could not find generated setter for class com.facebook.react.uimanager.RootViewManager
04-20 02:58:14.016 W/unknown:ViewManagerPropertyUpdater(15139): Could not find generated setter for class com.facebook.react.views.drawer.ReactDrawerLayoutManager
04-20 02:58:14.016 W/unknown:ViewManagerPropertyUpdater(15139): Could not find generated setter for class com.facebook.react.views.swiperefresh.SwipeRefreshLayoutManager
04-20 02:58:14.017 I/ActivityTaskManager(  590): Displayed com.impos2.mixcretailassemblyrn84/.SecondaryActivity for user 0: +126ms
04-20 02:58:14.017 W/unknown:ViewManagerPropertyUpdater(15139): Could not find generated setter for class com.facebook.react.views.textinput.ReactTextInputManager
04-20 02:58:14.017 W/unknown:ViewManagerPropertyUpdater(15139): Could not find generated setter for class com.facebook.react.views.textinput.F
04-20 02:58:14.021 I/ConnectorManager(15139): connector initialized
04-20 02:58:14.022 I/assembly.android.mixc-retail-rn84.boot(15139): {"stage":"resolve-topology:start","displayIndex":1,"displayCount":2,"topologyRole":"slave","topologyWsUrl":"ws://127.0.0.1:8888/mockMasterServer/ws"}
04-20 02:58:14.022 I/assembly.android.mixc-retail-rn84.boot(15139): {"stage":"resolve-topology:done","displayIndex":1,"displayCount":2,"topologyRole":"slave","topologyWsUrl":"ws://127.0.0.1:8888/mockMasterServer/ws","resolvedRole":"slave","resolvedWsUrl":"ws://127.0.0.1:8888/mockMasterServer/ws"}
04-20 02:58:14.022 I/assembly.android.mixc-retail-rn84.boot(15139): {"stage":"create-app:start","displayIndex":1,"displayCount":2,"topologyRole":"slave","topologyWsUrl":"ws://127.0.0.1:8888/mockMasterServer/ws"}
04-20 02:58:14.024 I/assembly.kernel.base.runtime-shell-v2.state-runtime(15139): [runtime.load] load kernel.base.runtime-shell-v2 {"slices":["kernel.base.runtime-shell-v2.error-catalog","kernel.base.runtime-shell-v2.parameter-catalog","kernel.base.topology-runtime-v3.config","kernel.base.topology-runtime-v3.context","kernel.base.topology-runtime-v3.connection","kernel.base.topology-runtime-v3.peer","kernel.base.topology-runtime-v3.sync","kernel.base.topology-runtime-v3.request-mirror","kernel.base.topology-runtime-v3.demo.master","kernel.base.topology-runtime-v3.demo.slave","kernel.base.tcp-control-runtime-v2.identity","kernel.base.tcp-control-runtime-v2.credential","kernel.base.tcp-control-runtime-v2.binding","kernel.base.tcp-control-runtime-v2.sandbox","kernel.base.tcp-control-runtime-v2.runtime","kernel.base.tdp-sync-runtime-v2.session","kernel.base.tdp-sync-runtime-v2.sync","kernel.base.tdp-sync-runtime-v2.projection","kernel.base.tdp-sync-runtime-v2.command-inbox","kernel.base.tdp-sync-runtime-v2.control-signals","kernel.base.tdp-sync-runtime-v2.hot-update","kernel.base.ui-runtime-v2.screen.main","kernel.base.ui-runtime-v2.screen.branch","kernel.base.ui-runtime-v2.overlay.main","kernel.base.ui-runtime-v2.overlay.branch","kernel.base.ui-runtime-v2.ui-variable.main","kernel.base.ui-runtime-v2.ui-variable.branch","ui.base.admin-console.console"],"persistableSlices":["kernel.base.runtime-shell-v2.error-catalog","kernel.base.runtime-shell-v2.parameter-catalog","kernel.base.topology-runtime-v3.config","kernel.base.tcp-control-runtime-v2.identity","kernel.base.tcp-control-runtime-v2.credential","kernel.base.tcp-control-runtime-v2.binding","kernel.base.tcp-control-runtime-v2.sandbox","kernel.base.tdp-sync-runtime-v2.sync","kernel.base.tdp-sync-runtime-v2.projection","kernel.base.tdp-sync-runtime-v2.hot-update","kernel.base.ui-runtime-v2.screen.main","kernel.base.ui-runtime-v2.screen.branch","kernel.base.ui-runtime-v2.overlay.main","kernel.base.ui-runtime-v2.overlay.branch","kernel.base.ui-runtime-v2.ui-variable.main","kernel.base.ui-runtime-v2.ui-variable.branch","ui.base.admin-console.console"],"persistenceEnabled":true}
04-20 02:58:14.025 I/assembly.android.mixc-retail-rn84.boot(15139): {"stage":"create-app:done","displayIndex":1,"displayCount":2,"topologyRole":"slave","topologyWsUrl":"ws://127.0.0.1:8888/mockMasterServer/ws"}
04-20 02:58:14.025 I/assembly.android.mixc-retail-rn84.boot(15139): {"stage":"runtime.start:start","displayIndex":1,"displayCount":2,"topologyRole":"slave","topologyWsUrl":"ws://127.0.0.1:8888/mockMasterServer/ws"}
04-20 02:58:14.026 I/assembly.kernel.base.runtime-shell-v2.application.KernelRuntimeAppV2(15139): [runtime.load] created kernel runtime app v2 {"runtimeName":"assembly.android.mixc-retail-rn84","runtimeId":"run_mo64pk08_tzjolsk2u0op9wdb","localNodeId":"master:J9RZPWR3HK:display-1","moduleNames":["assembly.android.mixc-retail-rn84","kernel.base.topology-runtime-v3","kernel.base.tcp-control-runtime-v2","kernel.base.tdp-sync-runtime-v2","kernel.base.ui-runtime-v2","ui.base.runtime-react","ui.base.input-runtime","ui.base.admin-console","ui.base.terminal-console","ui.integration.retail-shell"]}
04-20 02:58:14.027 I/assembly.kernel.base.runtime-shell-v2.application.KernelRuntimeAppV2(15139): [runtime.load] start kernel runtime app v2 pre-setup {"runtimeName":"assembly.android.mixc-retail-rn84","moduleNames":["assembly.android.mixc-retail-rn84","kernel.base.topology-runtime-v3","kernel.base.tcp-control-runtime-v2","kernel.base.tdp-sync-runtime-v2","kernel.base.ui-runtime-v2","ui.base.runtime-react","ui.base.input-runtime","ui.base.admin-console","ui.base.terminal-console","ui.integration.retail-shell"]}
04-20 02:58:14.027 I/assembly.assembly.android.mixc-retail-rn84(15139): [runtime.load] pre-setup assembly.android.mixc-retail-rn84 {"moduleName":"assembly.android.mixc-retail-rn84","runtimeNodeId":"master:J9RZPWR3HK:display-1","knownModules":["assembly.android.mixc-retail-rn84","kernel.base.topology-runtime-v3","kernel.base.tcp-control-runtime-v2","kernel.base.tdp-sync-runtime-v2","kernel.base.ui-runtime-v2","ui.base.runtime-react","ui.base.input-runtime","ui.base.admin-console","ui.base.terminal-console","ui.integration.retail-shell"]}
04-20 02:58:14.027 I/assembly.kernel.base.runtime-shell-v2.application.KernelRuntimeAppV2(15139): [runtime.load] completed module pre-setup {"moduleName":"assembly.android.mixc-retail-rn84","packageVersion":"1.0.0","dependencies":[],"stateSliceNames":[],"commandNames":[],"actorKeys":["assembly.android.mixc-retail-rn84.AssemblyRuntimeInitializeActor"],"errorKeys":[],"parameterKeys":[],"hasInstall":true,"hasPreSetup":true}
