--------- beginning of kernel
04-20 01:38:59.748   397   397 W healthd : battery l=47 v=5000 t=25.0 h=2 st=4 c=900000 fc=3000000 cc=10 chg=a
--------- beginning of main
04-20 01:39:00.010  1389  1552 I AiAiEcho: Predicting[0]:  [CONTEXT sampling_count=5 ]
04-20 01:39:00.010  1389  1552 I AiAiEcho: EchoTargets: 
04-20 01:39:00.010  1389  1552 I AiAiEcho: Filtered by AiAi flag check: 
04-20 01:39:00.010  1389  1552 I AiAiEcho: [CONTEXT ratelimit_period="10 SECONDS" ]
04-20 01:39:00.010  1389  1552 I AiAiEcho: Ranked targets strategy: SORT, count: 0, ranking metadata:  [CONTEXT ratelimit_period="10 SECONDS" ]
04-20 01:39:00.010  1389  1552 I AiAiEcho: #remoteViewsTwiddler: feature disabled.
04-20 01:39:00.010  1389  1552 I AiAiEcho: Predicting[0]:  [CONTEXT sampling_count=5 ]
04-20 01:39:00.010  1389  1552 I AiAiEcho: EchoTargets: 
04-20 01:39:00.010  1389  1552 I AiAiEcho: Filtered by AiAi flag check: 
04-20 01:39:00.010  1389  1552 I AiAiEcho: [CONTEXT ratelimit_period="10 SECONDS" ]
04-20 01:39:00.010  1389  1552 I AiAiEcho: Ranked targets strategy: SORT, count: 0, ranking metadata:  [CONTEXT ratelimit_period="10 SECONDS" ]
04-20 01:39:00.010  1389  1552 I AiAiEcho: #remoteViewsTwiddler: feature disabled.
04-20 01:39:00.010  1389  1552 I AiAiEcho: #postPredictionTargets: Sending updates to UISurface lockscreen with targets# 0 (types=[])
04-20 01:39:00.010  1389  1552 I AiAiEcho: #postPredictionTargets: Sending updates to UISurface home with targets# 0 (types=[])
04-20 01:39:00.011  1099  1099 D SsBaseTemplateCard: No text view can be set up
04-20 01:39:00.011  1099  1099 D SsBaseTemplateCard: Passed-in item info is null
04-20 01:39:00.011  1099  1099 D SsBaseTemplateCard: Passed-in item info is null
04-20 01:39:00.011  1099  1099 D SsBaseTemplateCard: Passed-in item info is null
04-20 01:39:00.011  1099  1099 I SsBaseTemplateCard: Secondary card pane is null
04-20 01:39:00.015   836   836 W PageIndicator: Total number of pages invalid: 0. Assuming 1 page.
04-20 01:39:00.032   836   978 D EGL_emulation: app_time_stats: avg=60004.26ms min=60004.26ms max=60004.26ms count=1
04-20 01:39:07.470   388   472 I netd    : tetherGetStats() -> {[]} <0.72ms>
04-20 01:39:07.570  1413  1734 I BistoHotwordHelper: (REDACTED) getHotwordActive::active query: %s, watch: %s, devices connected: %s
04-20 01:39:10.852 13060 13086 I assembly.assembly.android.mixc-retail-rn84: [assembly.topology] Native topology host already matches desired lifecycle state {"displayCount":2,"displayIndex":0,"deviceId":"438176N3MB","instanceMode":"MASTER","enableSlave":true,"running":false,"reason":"not-master-or-single-primary-host"}
04-20 01:39:10.853 13060 13086 I MMKV    : <MMKV_IO.cpp:609::writeActualSize> [mixc-retail-assembly-rn84::state] increase sequence to 173, crc 2779896441, actualSize 17119
04-20 01:39:10.853 13060 13086 I MMKV    : <MMKV.cpp:1208::sync> MMKV::sync, SyncFlag = 1
04-20 01:39:10.854 13060 13086 I assembly.assembly.android.mixc-retail-rn84: [assembly.topology] Native topology host already matches desired lifecycle state {"displayCount":2,"displayIndex":0,"deviceId":"438176N3MB","instanceMode":"MASTER","enableSlave":true,"running":false,"reason":"not-master-or-single-primary-host"}
04-20 01:39:10.855 13132 13150 I ReactNativeJS: '[runtime-state-sync-apply]', '{"direction":"master-to-slave","incomingSliceNames":["kernel.base.tdp-sync-runtime-v2.hot-update"],"appliedSliceNames":["kernel.base.tdp-sync-runtime-v2.hot-update"],"skippedSliceReasons":[]}'
04-20 01:39:10.855 13132 13151 I assembly.assembly.android.mixc-retail-rn84: [assembly.topology] Native topology host already matches desired lifecycle state {"displayCount":2,"displayIndex":1,"deviceId":"438176N3MB","instanceMode":"SLAVE","enableSlave":false,"running":false,"reason":"not-master-or-single-primary-host"}
04-20 01:39:10.856 13132 13151 I assembly.assembly.android.mixc-retail-rn84: [assembly.topology] Native topology host already matches desired lifecycle state {"displayCount":2,"displayIndex":1,"deviceId":"438176N3MB","instanceMode":"SLAVE","enableSlave":false,"running":false,"reason":"not-master-or-single-primary-host"}
04-20 01:39:10.856 13060 13233 D TrafficStats: tagSocket(117) with statsTag=0xffffffff, statsUid=-1
04-20 01:39:10.856 13060 13086 I assembly.assembly.android.mixc-retail-rn84: [assembly.topology] Native topology host already matches desired lifecycle state {"displayCount":2,"displayIndex":0,"deviceId":"438176N3MB","instanceMode":"MASTER","enableSlave":true,"running":false,"reason":"not-master-or-single-primary-host"}
04-20 01:39:10.856 13060 13086 I assembly.assembly.android.mixc-retail-rn84: [assembly.topology] Native topology host already matches desired lifecycle state {"displayCount":2,"displayIndex":0,"deviceId":"438176N3MB","instanceMode":"MASTER","enableSlave":true,"running":false,"reason":"not-master-or-single-primary-host"}
04-20 01:39:10.856 13060 13086 I assembly.assembly.android.mixc-retail-rn84: [assembly.topology] Native topology host already matches desired lifecycle state {"displayCount":2,"displayIndex":0,"deviceId":"438176N3MB","instanceMode":"MASTER","enableSlave":true,"running":false,"reason":"not-master-or-single-primary-host"}
04-20 01:39:10.859 13060 13086 I MMKV    : <MMKV_IO.cpp:609::writeActualSize> [mixc-retail-assembly-rn84::state] increase sequence to 174, crc 1709433717, actualSize 19454
04-20 01:39:10.859 13060 13086 I MMKV    : <MMKV.cpp:1208::sync> MMKV::sync, SyncFlag = 1
04-20 01:39:10.862 13060 13086 I MMKV    : <MMKV_IO.cpp:530::expandAndWriteBack> extending [mixc-retail-assembly-rn84::state] file size from 32768 to 65536, incoming size:580, future usage:11484
04-20 01:39:10.862 13060 13086 I MMKV    : <MemoryFile.cpp:103::open> open fd[166], flag 0x7, /data/data/com.impos2.mixcretailassemblyrn84/files/mmkv/specialCharacter/cac4ff37f0f9b0189974948d3d3aa0fe
04-20 01:39:10.862 13060 13086 I MMKV    : <MemoryFile.cpp:250::mmapOrCleanup> mmap to address [0x76ead7a000], oldPtr [0x76fc2f1000], [/data/data/com.impos2.mixcretailassemblyrn84/files/mmkv/specialCharacter/cac4ff37f0f9b0189974948d3d3aa0fe]
04-20 01:39:10.862 13060 13086 I MMKV    : <MemoryFile.cpp:109::close> closing fd[166], /data/data/com.impos2.mixcretailassemblyrn84/files/mmkv/specialCharacter/cac4ff37f0f9b0189974948d3d3aa0fe
04-20 01:39:10.862 13060 13086 I MMKV    : <MMKV_IO.cpp:609::writeActualSize> [mixc-retail-assembly-rn84::state] increase sequence to 175, crc 2678814407, actualSize 22352
04-20 01:39:10.862 13060 13086 I MMKV    : <MMKV.cpp:1208::sync> MMKV::sync, SyncFlag = 1
04-20 01:39:10.883 13060 13086 I assembly.assembly.android.mixc-retail-rn84: [assembly.topology] Native topology host already matches desired lifecycle state {"displayCount":2,"displayIndex":0,"deviceId":"438176N3MB","instanceMode":"MASTER","enableSlave":true,"running":false,"reason":"not-master-or-single-primary-host"}
04-20 01:39:10.885 13060 13086 I MMKV    : <MMKV_IO.cpp:609::writeActualSize> [mixc-retail-assembly-rn84::state] increase sequence to 176, crc 2054532959, actualSize 22809
04-20 01:39:10.885 13060 13086 I MMKV    : <MMKV.cpp:1208::sync> MMKV::sync, SyncFlag = 1
04-20 01:39:10.886 13060 13086 I assembly.assembly.android.mixc-retail-rn84: [assembly.topology] Native topology host already matches desired lifecycle state {"displayCount":2,"displayIndex":0,"deviceId":"438176N3MB","instanceMode":"MASTER","enableSlave":true,"running":false,"reason":"not-master-or-single-primary-host"}
04-20 01:39:10.886 13060 13060 I StartupAudit: restart_requested hasSecondary=true pid=13060 time=2026-04-20 01:39:10.886
04-20 01:39:10.887 13060 13060 I StartupAudit: topology_host_stopping pid=13060 time=2026-04-20 01:39:10.886
04-20 01:39:10.888 13132 13150 I ReactNativeJS: '[runtime-state-sync-apply]', '{"direction":"master-to-slave","incomingSliceNames":["kernel.base.tdp-sync-runtime-v2.hot-update"],"appliedSliceNames":["kernel.base.tdp-sync-runtime-v2.hot-update"],"skippedSliceReasons":[]}'
04-20 01:39:10.888 13060 13060 I StartupAudit: topology_host_stopped pid=13060 time=2026-04-20 01:39:10.888
04-20 01:39:10.889 13132 13150 I ReactNativeJS: '[runtime-state-sync-apply]', '{"direction":"master-to-slave","incomingSliceNames":["kernel.base.tdp-sync-runtime-v2.hot-update"],"appliedSliceNames":["kernel.base.tdp-sync-runtime-v2.hot-update"],"skippedSliceReasons":[]}'
04-20 01:39:10.889 13132 13150 I ReactNativeJS: '[runtime-state-sync-apply]', '{"direction":"master-to-slave","incomingSliceNames":["kernel.base.tdp-sync-runtime-v2.hot-update"],"appliedSliceNames":["kernel.base.tdp-sync-runtime-v2.hot-update"],"skippedSliceReasons":[]}'
04-20 01:39:10.890 13132 13151 I assembly.assembly.android.mixc-retail-rn84: [assembly.topology] Native topology host already matches desired lifecycle state {"displayCount":2,"displayIndex":1,"deviceId":"438176N3MB","instanceMode":"SLAVE","enableSlave":false,"running":false,"reason":"not-master-or-single-primary-host"}
04-20 01:39:10.890 13132 13151 I assembly.assembly.android.mixc-retail-rn84: [assembly.topology] Native topology host already matches desired lifecycle state {"displayCount":2,"displayIndex":1,"deviceId":"438176N3MB","instanceMode":"SLAVE","enableSlave":false,"running":false,"reason":"not-master-or-single-primary-host"}
04-20 01:39:10.890 13060 13086 I assembly.assembly.android.mixc-retail-rn84: [assembly.topology] Native topology host already matches desired lifecycle state {"displayCount":2,"displayIndex":0,"deviceId":"438176N3MB","instanceMode":"MASTER","enableSlave":true,"running":false,"reason":"not-master-or-single-primary-host"}
04-20 01:39:10.890 13132 13151 I assembly.assembly.android.mixc-retail-rn84: [assembly.topology] Native topology host already matches desired lifecycle state {"displayCount":2,"displayIndex":1,"deviceId":"438176N3MB","instanceMode":"SLAVE","enableSlave":false,"running":false,"reason":"not-master-or-single-primary-host"}
04-20 01:39:10.890 13060 13086 I assembly.assembly.android.mixc-retail-rn84: [assembly.topology] Native topology host already matches desired lifecycle state {"displayCount":2,"displayIndex":0,"deviceId":"438176N3MB","instanceMode":"MASTER","enableSlave":true,"running":false,"reason":"not-master-or-single-primary-host"}
04-20 01:39:10.890 13060 13086 I assembly.assembly.android.mixc-retail-rn84: [assembly.topology] Native topology host already matches desired lifecycle state {"displayCount":2,"displayIndex":0,"deviceId":"438176N3MB","instanceMode":"MASTER","enableSlave":true,"running":false,"reason":"not-master-or-single-primary-host"}
04-20 01:39:10.891 13132 13151 I assembly.assembly.android.mixc-retail-rn84: [assembly.topology] Native topology host already matches desired lifecycle state {"displayCount":2,"displayIndex":1,"deviceId":"438176N3MB","instanceMode":"SLAVE","enableSlave":false,"running":false,"reason":"not-master-or-single-primary-host"}
04-20 01:39:10.891 13060 13086 I assembly.assembly.android.mixc-retail-rn84: [assembly.topology] Native topology host already matches desired lifecycle state {"displayCount":2,"displayIndex":0,"deviceId":"438176N3MB","instanceMode":"MASTER","enableSlave":true,"running":false,"reason":"not-master-or-single-primary-host"}
04-20 01:39:10.891 13060 13086 I assembly.assembly.android.mixc-retail-rn84: [assembly.topology] Native topology host already matches desired lifecycle state {"displayCount":2,"displayIndex":0,"deviceId":"438176N3MB","instanceMode":"MASTER","enableSlave":true,"running":false,"reason":"not-master-or-single-primary-host"}
04-20 01:39:10.891 13132 13151 I assembly.assembly.android.mixc-retail-rn84: [assembly.topology] Native topology host already matches desired lifecycle state {"displayCount":2,"displayIndex":1,"deviceId":"438176N3MB","instanceMode":"SLAVE","enableSlave":false,"running":false,"reason":"not-master-or-single-primary-host"}
04-20 01:39:10.891 13132 13151 I assembly.assembly.android.mixc-retail-rn84: [assembly.topology] Native topology host already matches desired lifecycle state {"displayCount":2,"displayIndex":1,"deviceId":"438176N3MB","instanceMode":"SLAVE","enableSlave":false,"running":false,"reason":"not-master-or-single-primary-host"}
04-20 01:39:10.891 13132 13151 I assembly.assembly.android.mixc-retail-rn84: [assembly.topology] Native topology host already matches desired lifecycle state {"displayCount":2,"displayIndex":1,"deviceId":"438176N3MB","instanceMode":"SLAVE","enableSlave":false,"running":false,"reason":"not-master-or-single-primary-host"}
04-20 01:39:10.891 13132 13151 I assembly.assembly.android.mixc-retail-rn84: [assembly.topology] Native topology host already matches desired lifecycle state {"displayCount":2,"displayIndex":1,"deviceId":"438176N3MB","instanceMode":"SLAVE","enableSlave":false,"running":false,"reason":"not-master-or-single-primary-host"}
04-20 01:39:10.892 13132 13151 I assembly.assembly.android.mixc-retail-rn84: [assembly.topology] Native topology host already matches desired lifecycle state {"displayCount":2,"displayIndex":1,"deviceId":"438176N3MB","instanceMode":"SLAVE","enableSlave":false,"running":false,"reason":"not-master-or-single-primary-host"}
04-20 01:39:10.892 13132 13151 I assembly.assembly.android.mixc-retail-rn84: [assembly.topology] Native topology host already matches desired lifecycle state {"displayCount":2,"displayIndex":1,"deviceId":"438176N3MB","instanceMode":"SLAVE","enableSlave":false,"running":false,"reason":"not-master-or-single-primary-host"}
04-20 01:39:10.892 13132 13151 I assembly.assembly.android.mixc-retail-rn84: [assembly.topology] Native topology host already matches desired lifecycle state {"displayCount":2,"displayIndex":1,"deviceId":"438176N3MB","instanceMode":"SLAVE","enableSlave":false,"running":false,"reason":"not-master-or-single-primary-host"}
04-20 01:39:10.996 13060 13060 I StartupAudit: main_process_restart_scheduled triggerAt=1776620351196 pid=13060 time=2026-04-20 01:39:10.996
04-20 01:39:10.998  1099  1099 I TopTaskTracker: onTaskMovedToFront: (moved taskInfo to front) taskId=670, baseIntent=Intent { act=android.intent.action.MAIN cat=[android.intent.category.HOME] flg=0x10000100 cmp=com.google.android.apps.nexuslauncher/.NexusLauncherActivity }
--------- beginning of system
04-20 01:39:10.998   836   874 V WindowManagerShell: Transition requested (#532): android.os.BinderProxy@508f8a3 TransitionRequestInfo { type = CLOSE, triggerTask = TaskInfo{userId=0 taskId=850 displayId=0 isRunning=false baseIntent=Intent { act=android.intent.action.MAIN cat=[android.intent.category.LAUNCHER] flg=0x10200000 cmp=com.impos2.mixcretailassemblyrn84/.MainActivity } baseActivity=null topActivity=null origActivity=null realActivity=ComponentInfo{com.impos2.mixcretailassemblyrn84/com.impos2.mixcretailassemblyrn84.MainActivity} numActivities=0 lastActiveTime=261395582 supportsMultiWindow=true resizeMode=1 isResizeable=true minWidth=-1 minHeight=-1 defaultMinSize=220 token=WCT{android.window.IWindowContainerToken$Stub$Proxy@1a5b7a0} topActivityType=1 pictureInPictureParams=null shouldDockBigOverlays=false launchIntoPipHostTaskId=-1 lastParentTaskIdBeforePip=-1 displayCutoutSafeInsets=null topActivityInfo=null launchCookies=[] positionInParent=Point(0, 0) parentTaskId=-1 isFocused=true isVisible=true isVisibleRequested=true isSleeping=false locusId=null displayAreaFeatureId=1 isTopActivityTransparent=false appCompatTaskInfo=AppCompatTaskInfo { topActivityInSizeCompat=false topActivityEligibleForLetterboxEducation= falseisLetterboxEducationEnabled= false isLetterboxDoubleTapEnabled= false topActivityEligibleForUserAspectRatioButton= false topActivityBoundsLetterboxed= false isFromLetterboxDoubleTap= false topActivityLetterboxVerticalPosition= -1 topActivityLetterboxHorizontalPosition= -1 topActivityLetterboxWidth=-1 topActivityLetterboxHeight=-1 isUserFullscreenOverrideEnabled=false isSystemFullscreenOverrideEnabled=false cameraCompatTaskInfo=CameraCompatTaskInfo { cameraCompatControlState=hidden freeformCameraCompatMode=inactive}}}, pipTask = null, remoteTransition = null, displayChange = null, flags = 0, debugId = 532 }
04-20 01:39:10.998 13060 13060 I StartupAudit: main_process_exit pid=13060 time=2026-04-20 01:39:10.998
04-20 01:39:10.998 13060 13060 I Process : Sending signal. PID: 13060 SIG: 9
04-20 01:39:11.006   590  3780 I WindowManager: WIN DEATH: Window{f423df u0 com.impos2.mixcretailassemblyrn84/com.impos2.mixcretailassemblyrn84.MainActivity}
04-20 01:39:11.006   389   389 I Zygote  : Process 13060 exited due to signal 9 (Killed)
04-20 01:39:11.006   590  2409 I ActivityManager: Process com.impos2.mixcretailassemblyrn84 (pid 13060) has died: fg +50 TOP 
04-20 01:39:11.006   590  3780 W InputManager-JNI: Input channel object 'f423df com.impos2.mixcretailassemblyrn84/com.impos2.mixcretailassemblyrn84.MainActivity (client)' was disposed without first being removed with the input manager!
04-20 01:39:11.007   590  2409 W ActivityManager: Scheduling restart of crashed service com.impos2.mixcretailassemblyrn84/com.impos2.adapterv2.topologyhostv3.TopologyHostV3Service in 1000ms for start-requested
04-20 01:39:11.007   590   627 I libprocessgroup: Removed cgroup /sys/fs/cgroup/uid_10215/pid_13060
04-20 01:39:11.009   439   439 I BpBinder: onLastStrongRef automatically unlinking death recipients: 
04-20 01:39:11.010   590  2409 I AppWidgetServiceImpl: startListening() 0
04-20 01:39:11.010  1099  1099 D StatsLog: LAUNCHER_ONRESUME
04-20 01:39:11.010   836   874 D WindowManagerShell: setLauncherKeepClearAreaHeight: visible=true, height=223
04-20 01:39:11.011   590  1420 W AppSearchIcing: icing-search-engine.cc:321: Error: 5, Message: Document (com.google.android.googlequicksearchbox$OneSearchZeroStateGoogleSuggestions/default, zp) not found.
04-20 01:39:11.012  1099  1562 D OneSearchSuggestProvider: AppSearch 0-state cache not available, fallback to AGA
04-20 01:39:11.012  1099  1562 D OneSearchSuggestProvider: java.util.concurrent.CompletionException: java.util.NoSuchElementException: No value present
04-20 01:39:11.012  1099  1562 D OneSearchSuggestProvider: 	at java.util.concurrent.CompletableFuture.encodeThrowable(CompletableFuture.java:308)
04-20 01:39:11.012  1099  1562 D OneSearchSuggestProvider: 	at java.util.concurrent.CompletableFuture.completeThrowable(CompletableFuture.java:323)
04-20 01:39:11.012  1099  1562 D OneSearchSuggestProvider: 	at java.util.concurrent.CompletableFuture$UniAccept.tryFire(CompletableFuture.java:684)
04-20 01:39:11.012  1099  1562 D OneSearchSuggestProvider: 	at java.util.concurrent.CompletableFuture.postComplete(CompletableFuture.java:486)
04-20 01:39:11.012  1099  1562 D OneSearchSuggestProvider: 	at java.util.concurrent.CompletableFuture.completeExceptionally(CompletableFuture.java:2138)
04-20 01:39:11.012  1099  1562 D OneSearchSuggestProvider: 	at com.google.android.apps.nexuslauncher.allapps.E0.onResult(go/retraceme 6422cbaa18704413bfb3e93ebb8478614d3644845132061bc54b1fae066de31d:67)
04-20 01:39:11.012  1099  1562 D OneSearchSuggestProvider: 	at android.app.appsearch.SearchSessionUtil$1.lambda$onResult$0(go/retraceme 64eee9e9f568ff45978879ad2ff83146f2618ee8a88278736fbdf5fae931976e:144)
04-20 01:39:11.012  1099  1562 D OneSearchSuggestProvider: 	at android.app.appsearch.SearchSessionUtil$1.$r8$lambda$CEk3q8sDAQVhU3rQwVueB8FAj_M(go/retraceme 64eee9e9f568ff45978879ad2ff83146f2618ee8a88278736fbdf5fae931976e:1)
04-20 01:39:11.012  1099  1562 D OneSearchSuggestProvider: 	at android.app.appsearch.SearchSessionUtil$1$$ExternalSyntheticLambda0.run(go/retraceme 64eee9e9f568ff45978879ad2ff83146f2618ee8a88278736fbdf5fae931976e:22)
04-20 01:39:11.012  1099  1562 D OneSearchSuggestProvider: 	at android.os.Handler.handleCallback(Handler.java:959)
04-20 01:39:11.012  1099  1562 D OneSearchSuggestProvider: 	at android.os.Handler.dispatchMessage(Handler.java:100)
04-20 01:39:11.012  1099  1562 D OneSearchSuggestProvider: 	at android.os.Looper.loopOnce(Looper.java:232)
04-20 01:39:11.012  1099  1562 D OneSearchSuggestProvider: 	at android.os.Looper.loop(Looper.java:317)
04-20 01:39:11.012  1099  1562 D OneSearchSuggestProvider: 	at android.os.HandlerThread.run(HandlerThread.java:85)
04-20 01:39:11.012  1099  1562 D OneSearchSuggestProvider: Caused by: java.util.NoSuchElementException: No value present
04-20 01:39:11.012  1099  1562 D OneSearchSuggestProvider: 	at java.util.Optional.get(Optional.java:143)
04-20 01:39:11.012  1099  1562 D OneSearchSuggestProvider: 	at com.google.android.apps.nexuslauncher.allapps.E0.onResult(go/retraceme 6422cbaa18704413bfb3e93ebb8478614d3644845132061bc54b1fae066de31d:28)
04-20 01:39:11.012  1099  1562 D OneSearchSuggestProvider: 	... 8 more
04-20 01:39:11.013  1099  1562 D OneSearchSuggestProvider: Created the binder channel successfully for end point service =com.google.android.apps.search.googleapp.search.suggest.plugins.onesearch.server.OneSearchSuggestService , mChannel=i1{delegate=f{logId=373, target=directaddress:///AndroidComponentAddress%5BIntent%20%7B%20act=grpc.io.action.BIND%20cmp=com.google.android.googlequicksearchbox/com.google.android.apps.search.googleapp.search.suggest.plugins.onesearch.server.OneSearchSuggestService%20%7D%5D}} , mOneSearchConnection=m2.Z@3b67a34
04-20 01:39:11.014  1099  1138 D QuickstepModelDelegate: notifyAppTargetEvent action=1 launchLocation=workspace/0/[-1,-1]/[1,1]
04-20 01:39:11.016  1389  1552 I AiAiEcho: Predicting[0]:  [CONTEXT sampling_count=5 ]
04-20 01:39:11.016  1389  1552 I AiAiEcho: EchoTargets: 
04-20 01:39:11.016  1389  1552 I AiAiEcho: Filtered by AiAi flag check: 
04-20 01:39:11.016  1389  1552 I AiAiEcho: [CONTEXT ratelimit_period="10 SECONDS" ]
04-20 01:39:11.016  1389  1552 I AiAiEcho: Ranked targets strategy: SORT, count: 0, ranking metadata:  [CONTEXT ratelimit_period="10 SECONDS" ]
04-20 01:39:11.016  1389  1552 I AiAiEcho: #remoteViewsTwiddler: feature disabled.
04-20 01:39:11.017  1389  1552 I AiAiEcho: #postPredictionTargets: Sending updates to UISurface home with targets# 0 (types=[])
04-20 01:39:11.017   590  1605 D ActivityManager: sync unfroze 21035 com.google.android.googlequicksearchbox:search for 6
04-20 01:39:11.027  1099  1099 D NexusLauncherModelDelegate: notifySmartspaceEvent: SmartspaceTargetEvent{mSmartspaceTarget=null, mSmartspaceActionId='null', mEventType=6}
04-20 01:39:11.030  1099  1099 D BaseDepthController: setSurface:
04-20 01:39:11.030  1099  1099 D BaseDepthController: 	mWaitingOnSurfaceValidity: false
04-20 01:39:11.030  1099  1099 D BaseDepthController: 	mSurface: Surface(name=com.google.android.apps.nexuslauncher/com.google.android.apps.nexuslauncher.NexusLauncherActivity)/@0xad0fc95
04-20 01:39:11.033   590  1605 D ActivityManager: sync unfroze 21183 com.google.android.webview:sandboxed_process0:org.chromium.content.app.SandboxedProcessService0:0 for 6
04-20 01:39:11.036   590  1605 W ProcessStats: Tracking association SourceState{56e1dfb com.google.android.apps.nexuslauncher/10180 BTop #19252} whose proc state 2 is better than process ProcessState{8ec6fe com.google.android.googlequicksearchbox:search/10144 pkg=com.google.android.googlequicksearchbox} proc state 8 (14 skipped)
04-20 01:39:11.037   590   613 W ActivityManager: setHasOverlayUi called on unknown pid: 13060
04-20 01:39:11.040  1099  1099 D SsBaseTemplateCard: No text view can be set up
04-20 01:39:11.040  1099  1099 D SsBaseTemplateCard: Passed-in item info is null
04-20 01:39:11.040  1099  1099 D SsBaseTemplateCard: Passed-in item info is null
04-20 01:39:11.040  1099  1099 D SsBaseTemplateCard: Passed-in item info is null
04-20 01:39:11.040  1099  1099 I SsBaseTemplateCard: Secondary card pane is null
04-20 01:39:11.042   590   679 W BestClock: java.time.DateTimeException: Missing network time fix
04-20 01:39:11.042   590   679 W BestClock: java.time.DateTimeException: Missing network time fix
04-20 01:39:11.042   590   679 W BestClock: java.time.DateTimeException: Missing network time fix
04-20 01:39:11.043   590   679 W BestClock: java.time.DateTimeException: Missing network time fix
04-20 01:39:11.043   590   679 W BestClock: java.time.DateTimeException: Missing network time fix
04-20 01:39:11.046   836   918 V WindowManagerShell: onTransitionReady(transaction=2534030744128)
04-20 01:39:11.047   836   874 V WindowManagerShell: onTransitionReady (#532) android.os.BinderProxy@508f8a3: {id=532 t=CLOSE f=0x0 trk=0 r=[0@Point(0, 0)] c=[{WCT{android.window.IWindowContainerToken$Stub$Proxy@96c5815} m=TO_FRONT f=SHOW_WALLPAPER leash=Surface(name=Task=1)/@0x7421f59 sb=Rect(0, 0 - 2560, 1600) eb=Rect(0, 0 - 2560, 1600) d=0 taskParent=-1},{WCT{android.window.IWindowContainerToken$Stub$Proxy@b36172a} m=CLOSE f=NONE leash=Surface(name=Task=850)/@0x48aa71e sb=Rect(0, 0 - 2560, 1600) eb=Rect(0, 0 - 2560, 1600) d=0 taskParent=-1},{null m=TO_FRONT f=IS_WALLPAPER leash=Surface(name=WallpaperWindowToken{55198b token=android.os.Binder@bf0535a})/@0xd287bff sb=Rect(0, 0 - 2560, 1600) eb=Rect(0, 0 - 2560, 1600) d=0}]}
04-20 01:39:11.047   590   590 W BestClock: java.time.DateTimeException: Missing network time fix
04-20 01:39:11.048   590   590 W BestClock: java.time.DateTimeException: Missing network time fix
04-20 01:39:11.048   590   590 W BestClock: java.time.DateTimeException: Missing network time fix
04-20 01:39:11.049   590   590 W BestClock: java.time.DateTimeException: Missing network time fix
04-20 01:39:11.052   836   874 V WindowManagerShell: Playing animation for (#532) android.os.BinderProxy@508f8a3@0
04-20 01:39:11.053   836   874 V WindowManagerShell:  try handler com.android.wm.shell.transition.DefaultMixedHandler@a4b4bb1
04-20 01:39:11.053   836   874 V WindowManagerShell:  try handler com.android.wm.shell.keyguard.KeyguardTransitionHandler@f055896
04-20 01:39:11.053   836   874 V WindowManagerShell:  try handler com.android.wm.shell.pip.PipTransition@489c17
04-20 01:39:11.054   836   874 V WindowManagerShell:  try handler com.android.wm.shell.activityembedding.ActivityEmbeddingController@f43a804
04-20 01:39:11.054   836   874 V WindowManagerShell:  try handler com.android.wm.shell.splitscreen.StageCoordinator@417f1ed
04-20 01:39:11.054   836   874 V WindowManagerShell:  try handler com.android.wm.shell.desktopmode.DesktopTasksController@4366822
04-20 01:39:11.054   836   874 V WindowManagerShell:  try handler com.android.wm.shell.recents.RecentsTransitionHandler@b30e2b3
04-20 01:39:11.054   836   874 V ShellRecents: RecentsTransitionHandler.startAnimation: no controller found
04-20 01:39:11.054   836   874 V WindowManagerShell:  try handler com.android.wm.shell.transition.RemoteTransitionHandler@2554070
04-20 01:39:11.058   836   874 V WindowManagerShell: Transition doesn't have explicit remote, search filters for match for {id=532 t=CLOSE f=0x0 trk=0 r=[0@Point(0, 0)] c=[{WCT{android.window.IWindowContainerToken$Stub$Proxy@96c5815} m=TO_FRONT f=SHOW_WALLPAPER leash=Surface(name=Task=1)/@0x7421f59 sb=Rect(0, 0 - 2560, 1600) eb=Rect(0, 0 - 2560, 1600) d=0 taskParent=-1},{WCT{android.window.IWindowContainerToken$Stub$Proxy@b36172a} m=CLOSE f=NONE leash=Surface(name=Task=850)/@0x48aa71e sb=Rect(0, 0 - 2560, 1600) eb=Rect(0, 0 - 2560, 1600) d=0 taskParent=-1},{null m=TO_FRONT f=IS_WALLPAPER leash=Surface(name=WallpaperWindowToken{55198b token=android.os.Binder@bf0535a})/@0xd287bff sb=Rect(0, 0 - 2560, 1600) eb=Rect(0, 0 - 2560, 1600) d=0}]}
04-20 01:39:11.058   836   874 V WindowManagerShell:  Checking filter Pair{{types=[] flags=0x0] notFlags=0x0 checks=[{atype=undefined independent=true modes=[OPEN,TO_FRONT] flags=IN_TASK_WITH_EMBEDDED_ACTIVITY mustBeTask=false order=ANY topActivity=ComponentInfo{com.google.android.apps.nexuslauncher/com.google.android.apps.nexuslauncher.NexusLauncherActivity} launchCookie=null},{atype=undefined independent=true modes=[CLOSE,TO_BACK] flags=IN_TASK_WITH_EMBEDDED_ACTIVITY mustBeTask=false order=ANY topActivity=null launchCookie=null}]} RemoteTransition { remoteTransition = android.window.IRemoteTransition$Stub$Proxy@e8ebfe9, appThread = android.app.IApplicationThread$Stub$Proxy@876e46e, debugName = OverlaySwipeBack }}
04-20 01:39:11.058   836   874 V WindowManagerShell:  Checking filter Pair{{types=[] flags=0x0] notFlags=0x0 checks=[{atype=dream independent=true modes=[OPEN,TO_FRONT] flags=NONE mustBeTask=false order=ANY topActivity=null launchCookie=null},{atype=home independent=true modes=[CLOSE,TO_BACK] flags=NONE mustBeTask=false order=ANY topActivity=null launchCookie=null}]} RemoteTransition { remoteTransition = android.window.IRemoteTransition$Stub$Proxy@f4cf70f, appThread = android.app.IApplicationThread$Stub$Proxy@ba5f39c, debugName = LauncherToDream }}
04-20 01:39:11.058   836   874 V WindowManagerShell:  Checking filter Pair{{types=[] flags=0x0] notFlags=0x100 checks=[{atype=home independent=true modes=[OPEN,TO_FRONT] flags=NONE mustBeTask=false order=TOP topActivity=ComponentInfo{com.google.android.apps.nexuslauncher/com.google.android.apps.nexuslauncher.NexusLauncherActivity} launchCookie=null},{atype=standard independent=true modes=[CLOSE,TO_BACK] flags=NONE mustBeTask=false order=ANY topActivity=null launchCookie=null}]} RemoteTransition { remoteTransition = android.window.IRemoteTransition$Stub$Proxy@c8a71a5, appThread = android.app.IApplicationThread$Stub$Proxy@30d97a, debugName = QuickstepLaunchHome }}
04-20 01:39:11.058   836   874 D RemoteTransitionHandler: Found filterPair{{types=[] flags=0x0] notFlags=0x100 checks=[{atype=home independent=true modes=[OPEN,TO_FRONT] flags=NONE mustBeTask=false order=TOP topActivity=ComponentInfo{com.google.android.apps.nexuslauncher/com.google.android.apps.nexuslauncher.NexusLauncherActivity} launchCookie=null},{atype=standard independent=true modes=[CLOSE,TO_BACK] flags=NONE mustBeTask=false order=ANY topActivity=null launchCookie=null}]} RemoteTransition { remoteTransition = android.window.IRemoteTransition$Stub$Proxy@c8a71a5, appThread = android.app.IApplicationThread$Stub$Proxy@30d97a, debugName = QuickstepLaunchHome }}
04-20 01:39:11.058   836   874 V WindowManagerShell:  Delegate animation for (#532) to RemoteTransition { remoteTransition = android.window.IRemoteTransition$Stub$Proxy@c8a71a5, appThread = android.app.IApplicationThread$Stub$Proxy@30d97a, debugName = QuickstepLaunchHome }
04-20 01:39:11.059   388   472 I netd    : tetherGetStats() -> {[]} <0.43ms>
04-20 01:39:11.061   590   610 V WindowManager: Sent Transition (#532) createdAt=04-20 01:39:10.997 via request=TransitionRequestInfo { type = CLOSE, triggerTask = TaskInfo{userId=0 taskId=850 displayId=0 isRunning=false baseIntent=Intent { act=android.intent.action.MAIN cat=[android.intent.category.LAUNCHER] flg=0x10200000 cmp=com.impos2.mixcretailassemblyrn84/.MainActivity } baseActivity=null topActivity=null origActivity=null realActivity=ComponentInfo{com.impos2.mixcretailassemblyrn84/com.impos2.mixcretailassemblyrn84.MainActivity} numActivities=0 lastActiveTime=261395582 supportsMultiWindow=true resizeMode=1 isResizeable=true minWidth=-1 minHeight=-1 defaultMinSize=220 token=WCT{RemoteToken{a7db107 Task{b1c363f #850 type=standard A=10215:com.impos2.mixcretailassemblyrn84}}} topActivityType=1 pictureInPictureParams=null shouldDockBigOverlays=false launchIntoPipHostTaskId=-1 lastParentTaskIdBeforePip=-1 displayCutoutSafeInsets=null topActivityInfo=null launchCookies=[] positionInParent=Point(0, 0) parentTaskId=-1 isFocused=true isVisible=true isVisibleRequested=true isSleeping=false locusId=null displayAreaFeatureId=1 isTopActivityTransparent=false appCompatTaskInfo=AppCompatTaskInfo { topActivityInSizeCompat=false topActivityEligibleForLetterboxEducation= falseisLetterboxEducationEnabled= false isLetterboxDoubleTapEnabled= false topActivityEligibleForUserAspectRatioButton= false topActivityBoundsLetterboxed= false isFromLetterboxDoubleTap= false topActivityLetterboxVerticalPosition= -1 topActivityLetterboxHorizontalPosition= -1 topActivityLetterboxWidth=-1 topActivityLetterboxHeight=-1 isUserFullscreenOverrideEnabled=false isSystemFullscreenOverrideEnabled=false cameraCompatTaskInfo=CameraCompatTaskInfo { cameraCompatControlState=hidden freeformCameraCompatMode=inactive}}}, pipTask = null, remoteTransition = null, displayChange = null, flags = 0, debugId = 532 }
04-20 01:39:11.061   590   610 V WindowManager:     startWCT=WindowContainerTransaction { changes = {} hops = [] errorCallbackToken=null taskFragmentOrganizer=null }
04-20 01:39:11.061   590   610 V WindowManager:     info={id=532 t=CLOSE f=0x0 trk=0 r=[0@Point(0, 0)] c=[
04-20 01:39:11.061   590   610 V WindowManager:         {WCT{RemoteToken{eecd609 Task{403a6f7 #1 type=home}}} m=TO_FRONT f=SHOW_WALLPAPER leash=Surface(name=Task=1)/@0x27bc150 sb=Rect(0, 0 - 2560, 1600) eb=Rect(0, 0 - 2560, 1600) d=0 taskParent=-1},
04-20 01:39:11.061   590   610 V WindowManager:         {WCT{RemoteToken{a7db107 Task{b1c363f #850 type=standard A=10215:com.impos2.mixcretailassemblyrn84}}} m=CLOSE f=NONE leash=Surface(name=Task=850)/@0x4776d2b sb=Rect(0, 0 - 2560, 1600) eb=Rect(0, 0 - 2560, 1600) d=0 taskParent=-1},
04-20 01:39:11.061   590   610 V WindowManager:         {null m=TO_FRONT f=IS_WALLPAPER leash=Surface(name=WallpaperWindowToken{55198b token=android.os.Binder@bf0535a})/@0x6a378e3 sb=Rect(0, 0 - 2560, 1600) eb=Rect(0, 0 - 2560, 1600) d=0}
04-20 01:39:11.061   590   610 V WindowManager:     ]}
04-20 01:39:11.063 21035 21035 I A       : (REDACTED) Created gRPC endpoint for service %s
04-20 01:39:11.063   590   614 W ActivityTaskManager: Unable to send transaction to client proc com.impos2.mixcretailassemblyrn84: no app thread
04-20 01:39:11.064   836   874 V WindowManagerShell:  animated by com.android.wm.shell.transition.RemoteTransitionHandler@2554070
04-20 01:39:11.067   590  2409 W UserManagerService: Requested status bar icon for non-badged user 0
04-20 01:39:11.068  1099  1490 D EGL_emulation: app_time_stats: avg=7581.66ms min=0.94ms max=340571.78ms count=45
04-20 01:39:11.069  1099  1099 D StateManager: createAtomicAnimation - fromState: Background, toState: Normal, partial trace:
04-20 01:39:11.069  1099  1099 D StateManager: 	at com.android.quickstep.util.StaggeredWorkspaceAnim.prepareToAnimate(go/retraceme 6422cbaa18704413bfb3e93ebb8478614d3644845132061bc54b1fae066de31d:22)
04-20 01:39:11.069  1099  1099 D StateManager: 	at com.android.quickstep.util.StaggeredWorkspaceAnim.<init>(go/retraceme 6422cbaa18704413bfb3e93ebb8478614d3644845132061bc54b1fae066de31d:4)
04-20 01:39:11.069  1099  1099 D StateManager: 	at com.android.quickstep.util.StaggeredWorkspaceAnim.<init>(go/retraceme 6422cbaa18704413bfb3e93ebb8478614d3644845132061bc54b1fae066de31d:1)
04-20 01:39:11.084   388 13244 I resolv  : GetAddrInfoHandler::run: {0 262144 0 983040 10144 0}
04-20 01:39:11.085   388 13245 I resolv  : GetAddrInfoHandler::run: {0 262144 0 983040 10144 0}
04-20 01:39:11.086 21035 21061 W A       : CompleteServer request has failed and can't show offline suggestions.
04-20 01:39:11.086 21035 21061 W A       : com.google.frameworks.client.data.android.ac: Http networking stack error
04-20 01:39:11.086 21035 21061 W A       : 	at com.google.frameworks.client.data.android.x.run(PG:36)
04-20 01:39:11.086 21035 21061 W A       : 	at com.google.android.libraries.k.x.run(PG:3)
04-20 01:39:11.086 21035 21061 W A       : 	at com.google.common.n.c.c.run(PG:50)
04-20 01:39:11.086 21035 21061 W A       : 	at com.google.android.libraries.k.e.run(PG:8)
04-20 01:39:11.086 21035 21061 W A       : 	at java.lang.Thread.run(Thread.java:1012)
04-20 01:39:11.086 21035 21061 W A       : 	at com.google.android.libraries.k.d.b.run(PG:74)
04-20 01:39:11.086 21035 21061 W A       : Caused by: org.chromium.net.impl.ct: Exception in CronetUrlRequest: net::ERR_INTERNET_DISCONNECTED, ErrorCode=2, InternalErrorCode=-106, Retryable=false
04-20 01:39:11.086 21035 21061 W A       : 	at org.chromium.net.impl.CronetUrlRequest.onError(PG:80)
04-20 01:39:11.087 21035 21061 W A       : #getSuggestions failed
04-20 01:39:11.087 21035 21061 W A       : com.google.frameworks.client.data.android.ac: Http networking stack error
04-20 01:39:11.087 21035 21061 W A       : 	at com.google.frameworks.client.data.android.x.run(PG:36)
04-20 01:39:11.087 21035 21061 W A       : 	at com.google.android.libraries.k.x.run(PG:3)
04-20 01:39:11.087 21035 21061 W A       : 	at com.google.common.n.c.c.run(PG:50)
04-20 01:39:11.087 21035 21061 W A       : 	at com.google.android.libraries.k.e.run(PG:8)
04-20 01:39:11.087 21035 21061 W A       : 	at java.lang.Thread.run(Thread.java:1012)
04-20 01:39:11.087 21035 21061 W A       : 	at com.google.android.libraries.k.d.b.run(PG:74)
04-20 01:39:11.087 21035 21061 W A       : Caused by: org.chromium.net.impl.ct: Exception in CronetUrlRequest: net::ERR_INTERNET_DISCONNECTED, ErrorCode=2, InternalErrorCode=-106, Retryable=false
04-20 01:39:11.087 21035 21061 W A       : 	at org.chromium.net.impl.CronetUrlRequest.onError(PG:80)
04-20 01:39:11.088  1099 13242 E OneSearchSuggestProvider: Unable to get suggestions from AGA
04-20 01:39:11.088  1099 13242 E OneSearchSuggestProvider: io.grpc.StatusRuntimeException: UNKNOWN
04-20 01:39:11.088  1099 13242 E OneSearchSuggestProvider: 	at l3.e.a(go/retraceme 6422cbaa18704413bfb3e93ebb8478614d3644845132061bc54b1fae066de31d:77)
04-20 01:39:11.088  1099 13242 E OneSearchSuggestProvider: 	at j3.l.b(go/retraceme 6422cbaa18704413bfb3e93ebb8478614d3644845132061bc54b1fae066de31d:43)
04-20 01:39:11.088  1099 13242 E OneSearchSuggestProvider: 	at j3.l.a(go/retraceme 6422cbaa18704413bfb3e93ebb8478614d3644845132061bc54b1fae066de31d:27)
04-20 01:39:11.088  1099 13242 E OneSearchSuggestProvider: 	at j3.z.run(go/retraceme 6422cbaa18704413bfb3e93ebb8478614d3644845132061bc54b1fae066de31d:7)
04-20 01:39:11.088  1099 13242 E OneSearchSuggestProvider: 	at j3.m2.run(go/retraceme 6422cbaa18704413bfb3e93ebb8478614d3644845132061bc54b1fae066de31d:19)
04-20 01:39:11.088  1099 13242 E OneSearchSuggestProvider: 	at java.util.concurrent.ThreadPoolExecutor.runWorker(ThreadPoolExecutor.java:1145)
04-20 01:39:11.088  1099 13242 E OneSearchSuggestProvider: 	at java.util.concurrent.ThreadPoolExecutor$Worker.run(ThreadPoolExecutor.java:644)
04-20 01:39:11.088  1099 13242 E OneSearchSuggestProvider: 	at java.lang.Thread.run(Thread.java:1012)
04-20 01:39:11.098  1099  1099 D SearchTargetUtil: query= size=0
04-20 01:39:11.126   412   412 I RanchuHwc: logCompositionFallbackIfChanged: layer 1441 CompositionType fallback from 2 to 1
04-20 01:39:11.126   412   412 I RanchuHwc: logCompositionFallbackIfChanged: layer 1442 CompositionType fallback from 2 to 1
04-20 01:39:11.365   439   538 W VsyncModulator: setTransactionSchedule: Unexpected EarlyEnd
04-20 01:39:11.561  1099  1099 W FrameTracker: Missed SF frame:PREDICTION_ERROR, 168190072, 9440085, CUJ=J<TASKBAR_EXPAND::App to Home>
04-20 01:39:11.561  1099  1099 W FrameTracker: Missed SF frame:PREDICTION_ERROR, 168190130, 8241669, CUJ=J<TASKBAR_EXPAND::App to Home>
04-20 01:39:11.561  1099  1099 W FrameTracker: Missed SF frame:PREDICTION_ERROR, 168190174, 5864671, CUJ=J<TASKBAR_EXPAND::App to Home>
04-20 01:39:11.561  1099  1099 W FrameTracker: Missed SF frame:PREDICTION_ERROR, 168190196, 5479255, CUJ=J<TASKBAR_EXPAND::App to Home>
04-20 01:39:11.561  1099  1099 W FrameTracker: Missed SF frame:PREDICTION_ERROR, 168190438, 6116054, CUJ=J<TASKBAR_EXPAND::App to Home>
04-20 01:39:11.561  1099  1099 W FrameTracker: Missed SF frame:PREDICTION_ERROR, 168190519, 4610431, CUJ=J<TASKBAR_EXPAND::App to Home>
04-20 01:39:11.561  1099  1099 W FrameTracker: Missed SF frame:PREDICTION_ERROR, 168190541, 4348932, CUJ=J<TASKBAR_EXPAND::App to Home>
04-20 01:39:11.561  1099  1099 W FrameTracker: Missed SF frame:PREDICTION_ERROR, 168190586, 4387184, CUJ=J<TASKBAR_EXPAND::App to Home>
04-20 01:39:11.561  1099  1099 W FrameTracker: Missed SF frame:PREDICTION_ERROR, 168190601, 4540060, CUJ=J<TASKBAR_EXPAND::App to Home>
04-20 01:39:11.561  1099  1099 W FrameTracker: Missed SF frame:PREDICTION_ERROR, 168190616, 4290519, CUJ=J<TASKBAR_EXPAND::App to Home>
04-20 01:39:11.561  1099  1125 V PerfettoTrigger: Triggering /system/bin/trigger_perfetto com.android.telemetry.interaction-jank-monitor-60
04-20 01:39:11.646   590  1605 W WindowManager: Failed looking up window session=Session{330fbed 836:u0a10186} callers=com.android.server.wm.WindowManagerService.removeClientToken:2058 com.android.server.wm.Session.remove:274 android.view.IWindowSession$Stub.onTransact:685 
04-20 01:39:11.648   836   874 V WindowManagerShell: Transition animation finished (aborted=false), notifying core (#532) android.os.BinderProxy@508f8a3@0
04-20 01:39:11.649   590   610 V WindowManager: Finish Transition (#532): created at 04-20 01:39:10.997 collect-started=0.011ms request-sent=0.037ms started=0.854ms ready=42.736ms sent=45.989ms finished=651.577ms
04-20 01:39:11.649   590  2409 E IPCThreadState: Binder transaction failure. id: 42437380, BR_*: 29189, error: -22 (Invalid argument)
04-20 01:39:11.649   590  2409 W ActivityManager: pid 590 system sent binder code 7 with flags 1 to frozen apps and got error -32
04-20 01:39:11.651  2409  2409 I binder  : 2409:590 cannot find target node
04-20 01:39:11.651  2409  2409 I binder  : 590:2409 transaction async to 0:0 failed 42437380/29189/-22, size 64-0 line 3265
04-20 01:39:11.652   590  2409 W WindowManager: Exception thrown during dispatchAppVisibility Window{f423df u0 com.impos2.mixcretailassemblyrn84/com.impos2.mixcretailassemblyrn84.MainActivity EXITING}
04-20 01:39:11.652   590  2409 W WindowManager: android.os.DeadObjectException
04-20 01:39:11.652   590  2409 W WindowManager: 	at android.os.BinderProxy.transactNative(Native Method)
04-20 01:39:11.652   590  2409 W WindowManager: 	at android.os.BinderProxy.transact(BinderProxy.java:586)
04-20 01:39:11.652   590  2409 W WindowManager: 	at android.view.IWindow$Stub$Proxy.dispatchAppVisibility(IWindow.java:553)
04-20 01:39:11.652   590  2409 W WindowManager: 	at com.android.server.wm.WindowState.sendAppVisibilityToClients(WindowState.java:3253)
04-20 01:39:11.652   590  2409 W WindowManager: 	at com.android.server.wm.WindowContainer.sendAppVisibilityToClients(WindowContainer.java:1289)
04-20 01:39:11.652   590  2409 W WindowManager: 	at com.android.server.wm.WindowToken.setClientVisible(WindowToken.java:403)
04-20 01:39:11.652   590  2409 W WindowManager: 	at com.android.server.wm.ActivityRecord.setClientVisible(ActivityRecord.java:7166)
04-20 01:39:11.652   590  2409 W WindowManager: 	at com.android.server.wm.ActivityRecord.postApplyAnimation(ActivityRecord.java:5881)
04-20 01:39:11.652   590  2409 W WindowManager: 	at com.android.server.wm.ActivityRecord.commitVisibility(ActivityRecord.java:5823)
04-20 01:39:11.652   590  2409 W WindowManager: 	at com.android.server.wm.Transition.finishTransition(Transition.java:1286)
04-20 01:39:11.652   590  2409 W WindowManager: 	at com.android.server.wm.TransitionController.finishTransition(TransitionController.java:937)
04-20 01:39:11.652   590  2409 W WindowManager: 	at com.android.server.wm.WindowOrganizerController.finishTransition(WindowOrganizerController.java:494)
04-20 01:39:11.652   590  2409 W WindowManager: 	at android.window.IWindowOrganizerController$Stub.onTransact(IWindowOrganizerController.java:289)
04-20 01:39:11.652   590  2409 W WindowManager: 	at com.android.server.wm.WindowOrganizerController.onTransact(WindowOrganizerController.java:204)
04-20 01:39:11.652   590  2409 W WindowManager: 	at android.os.Binder.execTransactInternal(Binder.java:1505)
04-20 01:39:11.652   590  2409 W WindowManager: 	at android.os.Binder.execTransact(Binder.java:1444)
04-20 01:39:11.652   590  2409 W Process : Unable to open /proc/13060/status
04-20 01:39:11.655   836   874 V WindowManagerShell: Track 0 became idle
04-20 01:39:11.655   836   874 V WindowManagerShell: All active transition animations finished
04-20 01:39:11.656  1099  1099 I TopTaskTracker: onTaskRemoved: taskId=850
04-20 01:39:11.656  1099  1099 I TopTaskTracker: onTaskRemoved: taskId=850
04-20 01:39:11.656   590  2409 W UserManagerService: Requested status bar icon for non-badged user 0
04-20 01:39:11.656   836   874 V ShellDesktopMode: Task Vanished: #850 closed=true
04-20 01:39:11.656   590  1605 W UserManagerService: Requested status bar icon for non-badged user 0
04-20 01:39:11.665  1099  1099 W FrameTracker: Missed SF frame:PREDICTION_ERROR, 168190541, 7477140, CUJ=J<LAUNCHER_APP_CLOSE_TO_HOME>
04-20 01:39:11.665  1099  1099 W FrameTracker: Missed SF frame:PREDICTION_ERROR, 168190616, 6979685, CUJ=J<LAUNCHER_APP_CLOSE_TO_HOME>
04-20 01:39:11.693   439   439 E BpTransactionCompletedListener: Failed to transact (-32)
04-20 01:39:11.867   590   734 W BestClock: java.time.DateTimeException: Missing network time fix
04-20 01:39:11.882   388   472 I netd    : tetherGetStats() -> {[]} <0.65ms>
04-20 01:39:11.882   590   734 W BestClock: java.time.DateTimeException: Missing network time fix
04-20 01:39:11.883   388   472 I netd    : bandwidthSetGlobalAlert(2097152) <0.11ms>
04-20 01:39:12.012   590   625 V GrammaticalInflectionUtils: AttributionSource: AttributionSource { uid = 10215, packageName = null, attributionTag = null, token = android.os.Binder@bdb3573, deviceId = 0, next = null } does not have READ_SYSTEM_GRAMMATICAL_GENDER permission.
04-20 01:39:12.023   389   389 D Zygote  : Forked child process 13248
04-20 01:39:12.025   590   626 I ActivityManager: Start proc 13248:com.impos2.mixcretailassemblyrn84/u0a215 for service {com.impos2.mixcretailassemblyrn84/com.impos2.adapterv2.topologyhostv3.TopologyHostV3Service}
04-20 01:39:12.043 13248 13248 I ailassemblyrn84: Using CollectorTypeCMC GC.
04-20 01:39:12.046 13248 13248 E ailassemblyrn84: Not starting debugger since process cannot load the jdwp agent.
04-20 01:39:12.047 13248 13248 D nativeloader: Load libframework-connectivity-tiramisu-jni.so using APEX ns com_android_tethering for caller /apex/com.android.tethering/javalib/framework-connectivity-t.jar: ok
04-20 01:39:12.055 13248 13248 D nativeloader: Configuring clns-7 for other apk /data/app/~~tP809n97RtWMBq6zaWAxGg==/com.impos2.mixcretailassemblyrn84-55rLqenivyMdLHv3eqr_ew==/base.apk. target_sdk_version=36, uses_libraries=, library_path=/data/app/~~tP809n97RtWMBq6zaWAxGg==/com.impos2.mixcretailassemblyrn84-55rLqenivyMdLHv3eqr_ew==/lib/arm64:/data/app/~~tP809n97RtWMBq6zaWAxGg==/com.impos2.mixcretailassemblyrn84-55rLqenivyMdLHv3eqr_ew==/base.apk!/lib/arm64-v8a, permitted_path=/data:/mnt/expand:/data/user/0/com.impos2.mixcretailassemblyrn84
04-20 01:39:12.058 13248 13248 V GraphicsEnvironment: Currently set values for:
04-20 01:39:12.058 13248 13248 V GraphicsEnvironment:   angle_gl_driver_selection_pkgs=[]
04-20 01:39:12.058 13248 13248 V GraphicsEnvironment:   angle_gl_driver_selection_values=[]
04-20 01:39:12.058 13248 13248 V GraphicsEnvironment: Global.Settings values are invalid: number of packages: 0, number of values: 0
04-20 01:39:12.058 13248 13248 V GraphicsEnvironment: Neither updatable production driver nor prerelease driver is supported.
04-20 01:39:12.063 13248 13248 W SoLoader: Initializing SoLoader: 0
04-20 01:39:12.063 13248 13248 W SoLoader: Recording new base apk path: /data/app/~~tP809n97RtWMBq6zaWAxGg==/com.impos2.mixcretailassemblyrn84-55rLqenivyMdLHv3eqr_ew==/base.apk
04-20 01:39:12.063 13248 13248 W SoLoader: Previously recorded 0 base apk paths.
04-20 01:39:12.063 13248 13248 I SoLoader: Preparing SO source: DirectorySoSource[root = /vendor/lib64 flags = 2]
04-20 01:39:12.063 13248 13248 I SoLoader: Preparing SO source: DirectorySoSource[root = /system/lib64 flags = 2]
04-20 01:39:12.063 13248 13248 I SoLoader: Preparing SO source: DirectApkSoSource[root = [/data/app/~~tP809n97RtWMBq6zaWAxGg==/com.impos2.mixcretailassemblyrn84-55rLqenivyMdLHv3eqr_ew==/base.apk!/lib/arm64-v8a]]
04-20 01:39:12.063 13248 13248 I SoLoader: Preparing SO source: ApplicationSoSource[DirectorySoSource[root = /data/app/~~tP809n97RtWMBq6zaWAxGg==/com.impos2.mixcretailassemblyrn84-55rLqenivyMdLHv3eqr_ew==/lib/arm64 flags = 0]]
04-20 01:39:12.063 13248 13248 I SoLoader: init finish: 4 SO sources prepared
04-20 01:39:12.063 13248 13248 W SoLoader: SoLoader initialized: 8
04-20 01:39:12.065 13248 13248 D nativeloader: Load /data/app/~~tP809n97RtWMBq6zaWAxGg==/com.impos2.mixcretailassemblyrn84-55rLqenivyMdLHv3eqr_ew==/base.apk!/lib/arm64-v8a/libc++_shared.so using ns clns-7 from class loader (caller=/data/app/~~tP809n97RtWMBq6zaWAxGg==/com.impos2.mixcretailassemblyrn84-55rLqenivyMdLHv3eqr_ew==/base.apk): ok
04-20 01:39:12.066 13248 13248 D nativeloader: Load /data/app/~~tP809n97RtWMBq6zaWAxGg==/com.impos2.mixcretailassemblyrn84-55rLqenivyMdLHv3eqr_ew==/base.apk!/lib/arm64-v8a/libjsi.so using ns clns-7 from class loader (caller=/data/app/~~tP809n97RtWMBq6zaWAxGg==/com.impos2.mixcretailassemblyrn84-55rLqenivyMdLHv3eqr_ew==/base.apk): ok
04-20 01:39:12.066 13248 13248 D nativeloader: Load /data/app/~~tP809n97RtWMBq6zaWAxGg==/com.impos2.mixcretailassemblyrn84-55rLqenivyMdLHv3eqr_ew==/base.apk!/lib/arm64-v8a/libfbjni.so using ns clns-7 from class loader (caller=/data/app/~~tP809n97RtWMBq6zaWAxGg==/com.impos2.mixcretailassemblyrn84-55rLqenivyMdLHv3eqr_ew==/base.apk): ok
04-20 01:39:12.067 13248 13248 D nativeloader: Load /data/app/~~tP809n97RtWMBq6zaWAxGg==/com.impos2.mixcretailassemblyrn84-55rLqenivyMdLHv3eqr_ew==/base.apk!/lib/arm64-v8a/libreactnative.so using ns clns-7 from class loader (caller=/data/app/~~tP809n97RtWMBq6zaWAxGg==/com.impos2.mixcretailassemblyrn84-55rLqenivyMdLHv3eqr_ew==/base.apk): ok
04-20 01:39:12.067 13248 13248 D jni_lib_merge: Entering merged library JNI_OnLoad.
04-20 01:39:12.067 13248 13248 D jni_lib_merge: Preparing 12 pre-merged libs (including stub)
04-20 01:39:12.067 13248 13248 D jni_lib_merge: Preparing to register libfabricjni_so.  onload_func: 0x73a7c82a50
04-20 01:39:12.067 13248 13248 D jni_lib_merge: Preparing to register libreact_devsupportjni_so.  onload_func: 0x73a7d4636c
