--------- beginning of main
04-20 01:55:02.300 13762 13822 D TrafficStats: tagSocket(126) with statsTag=0xffffffff, statsUid=-1
04-20 01:55:02.303 13762 13822 D TrafficStats: tagSocket(126) with statsTag=0xffffffff, statsUid=-1
04-20 01:55:02.307 13762 13822 D TrafficStats: tagSocket(126) with statsTag=0xffffffff, statsUid=-1
04-20 01:55:02.311 13762 13822 D TrafficStats: tagSocket(126) with statsTag=0xffffffff, statsUid=-1
04-20 01:55:02.347 13762 13778 D EGL_emulation: app_time_stats: avg=22708.45ms min=48.28ms max=45368.61ms count=2
04-20 01:55:02.362 13762 13822 D TrafficStats: tagSocket(126) with statsTag=0xffffffff, statsUid=-1
04-20 01:55:02.384 13762 13822 D TrafficStats: tagSocket(126) with statsTag=0xffffffff, statsUid=-1
04-20 01:55:02.387 13762 13822 D TrafficStats: tagSocket(126) with statsTag=0xffffffff, statsUid=-1
04-20 01:55:02.429 13762 13822 D TrafficStats: tagSocket(113) with statsTag=0xffffffff, statsUid=-1
04-20 01:55:02.432 13762 13822 D TrafficStats: tagSocket(113) with statsTag=0xffffffff, statsUid=-1
04-20 01:55:02.434 13762 13822 D TrafficStats: tagSocket(113) with statsTag=0xffffffff, statsUid=-1
04-20 01:55:02.437 13762 13822 D TrafficStats: tagSocket(113) with statsTag=0xffffffff, statsUid=-1
04-20 01:55:02.491 13762 13822 D TrafficStats: tagSocket(116) with statsTag=0xffffffff, statsUid=-1
04-20 01:55:02.494 13762 13822 D TrafficStats: tagSocket(116) with statsTag=0xffffffff, statsUid=-1
04-20 01:55:02.499 13762 13822 D TrafficStats: tagSocket(116) with statsTag=0xffffffff, statsUid=-1
04-20 01:55:02.502 13762 13822 D TrafficStats: tagSocket(116) with statsTag=0xffffffff, statsUid=-1
04-20 01:55:02.505 13762 13822 D TrafficStats: tagSocket(116) with statsTag=0xffffffff, statsUid=-1
04-20 01:55:02.508 13762 13822 D TrafficStats: tagSocket(116) with statsTag=0xffffffff, statsUid=-1
04-20 01:55:02.513 13762 13822 D TrafficStats: tagSocket(116) with statsTag=0xffffffff, statsUid=-1
04-20 01:55:02.516 13762 13822 D TrafficStats: tagSocket(116) with statsTag=0xffffffff, statsUid=-1
04-20 01:55:02.519 13762 13822 D TrafficStats: tagSocket(116) with statsTag=0xffffffff, statsUid=-1
04-20 01:55:02.521 13762 13822 D TrafficStats: tagSocket(116) with statsTag=0xffffffff, statsUid=-1
04-20 01:55:02.524 13762 13822 D TrafficStats: tagSocket(116) with statsTag=0xffffffff, statsUid=-1
04-20 01:55:02.578 13762 13822 D TrafficStats: tagSocket(120) with statsTag=0xffffffff, statsUid=-1
04-20 01:55:02.581 13762 13822 D TrafficStats: tagSocket(120) with statsTag=0xffffffff, statsUid=-1
04-20 01:55:02.584 13762 13822 D TrafficStats: tagSocket(120) with statsTag=0xffffffff, statsUid=-1
04-20 01:55:02.898 13762 13822 D TrafficStats: tagSocket(5) with statsTag=0xffffffff, statsUid=-1
04-20 01:55:02.902 13762 13822 D TrafficStats: tagSocket(5) with statsTag=0xffffffff, statsUid=-1
04-20 01:55:02.904 13762 13822 D TrafficStats: tagSocket(5) with statsTag=0xffffffff, statsUid=-1
04-20 01:55:02.970 13762 13822 D TrafficStats: tagSocket(154) with statsTag=0xffffffff, statsUid=-1
04-20 01:55:02.971 13762 13785 I assembly.assembly.android.mixc-retail-rn84: [assembly.topology] Native topology host already matches desired lifecycle state {"displayCount":2,"displayIndex":0,"deviceId":"J9RZPWR3HK","instanceMode":"MASTER","enableSlave":true,"running":false,"reason":"not-master-or-single-primary-host"}
04-20 01:55:02.974 13762 13822 D TrafficStats: tagSocket(154) with statsTag=0xffffffff, statsUid=-1
04-20 01:55:02.977 13762 13822 D TrafficStats: tagSocket(154) with statsTag=0xffffffff, statsUid=-1
04-20 01:55:02.978 13762 13785 I assembly.assembly.android.mixc-retail-rn84.transport.http.HttpRuntime: [transport.http] HTTP request started: kernel.base.tcp-control-runtime-v2.deactivate-terminal {"endpointName":"kernel.base.tcp-control-runtime-v2.deactivate-terminal","serverName":"mock-terminal-platform","addressName":"local","method":"POST","roundIndex":0,"attemptIndex":1}
04-20 01:55:02.980 13762 13892 D TrafficStats: tagSocket(131) with statsTag=0xffffffff, statsUid=-1
04-20 01:55:02.981 13762 13822 D TrafficStats: tagSocket(154) with statsTag=0xffffffff, statsUid=-1
04-20 01:55:02.994 13762 13785 I assembly.assembly.android.mixc-retail-rn84.transport.http.HttpRuntime: [transport.http] HTTP request completed: kernel.base.tcp-control-runtime-v2.deactivate-terminal {"endpointName":"kernel.base.tcp-control-runtime-v2.deactivate-terminal","serverName":"mock-terminal-platform","addressName":"local","status":200}
04-20 01:55:02.997 13827 13847 I ReactNativeJS: '[runtime-state-sync-apply]', '{"direction":"master-to-slave","incomingSliceNames":["kernel.base.ui-runtime-v2.screen.main"],"appliedSliceNames":["kernel.base.ui-runtime-v2.screen.main"],"skippedSliceReasons":[]}'
04-20 01:55:02.997 13827 13848 I assembly.assembly.android.mixc-retail-rn84: [assembly.topology] Native topology host already matches desired lifecycle state {"displayCount":2,"displayIndex":1,"deviceId":"J9RZPWR3HK","instanceMode":"SLAVE","enableSlave":false,"running":false,"reason":"not-master-or-single-primary-host"}
04-20 01:55:02.997 13827 13848 I assembly.assembly.android.mixc-retail-rn84: [assembly.topology] Native topology host already matches desired lifecycle state {"displayCount":2,"displayIndex":1,"deviceId":"J9RZPWR3HK","instanceMode":"SLAVE","enableSlave":false,"running":false,"reason":"not-master-or-single-primary-host"}
04-20 01:55:03.000 13762 13785 I assembly.assembly.android.mixc-retail-rn84: [assembly.topology] Native topology host already matches desired lifecycle state {"displayCount":2,"displayIndex":0,"deviceId":"J9RZPWR3HK","instanceMode":"MASTER","enableSlave":true,"running":false,"reason":"not-master-or-single-primary-host"}
04-20 01:55:03.001 13762 13785 I assembly.assembly.android.mixc-retail-rn84: [assembly.topology] Native topology host already matches desired lifecycle state {"displayCount":2,"displayIndex":0,"deviceId":"J9RZPWR3HK","instanceMode":"MASTER","enableSlave":true,"running":false,"reason":"not-master-or-single-primary-host"}
04-20 01:55:03.006 13762 13785 I assembly.assembly.android.mixc-retail-rn84: [assembly.topology] Native topology host already matches desired lifecycle state {"displayCount":2,"displayIndex":0,"deviceId":"J9RZPWR3HK","instanceMode":"MASTER","enableSlave":true,"running":false,"reason":"not-master-or-single-primary-host"}
04-20 01:55:03.006 13762 13785 I assembly.assembly.android.mixc-retail-rn84: [assembly.topology] Native topology host already matches desired lifecycle state {"displayCount":2,"displayIndex":0,"deviceId":"J9RZPWR3HK","instanceMode":"MASTER","enableSlave":true,"running":false,"reason":"not-master-or-single-primary-host"}
04-20 01:55:03.007 13762 13785 I assembly.assembly.android.mixc-retail-rn84: [assembly.topology] Native topology host already matches desired lifecycle state {"displayCount":2,"displayIndex":0,"deviceId":"J9RZPWR3HK","instanceMode":"MASTER","enableSlave":true,"running":false,"reason":"not-master-or-single-primary-host"}
04-20 01:55:03.007 13762 13785 I assembly.assembly.android.mixc-retail-rn84: [assembly.topology] Native topology host already matches desired lifecycle state {"displayCount":2,"displayIndex":0,"deviceId":"J9RZPWR3HK","instanceMode":"MASTER","enableSlave":true,"running":false,"reason":"not-master-or-single-primary-host"}
04-20 01:55:03.007 13762 13785 I assembly.assembly.android.mixc-retail-rn84: [assembly.topology] Native topology host already matches desired lifecycle state {"displayCount":2,"displayIndex":0,"deviceId":"J9RZPWR3HK","instanceMode":"MASTER","enableSlave":true,"running":false,"reason":"not-master-or-single-primary-host"}
04-20 01:55:03.007 13762 13785 I assembly.assembly.android.mixc-retail-rn84: [assembly.topology] Native topology host already matches desired lifecycle state {"displayCount":2,"displayIndex":0,"deviceId":"J9RZPWR3HK","instanceMode":"MASTER","enableSlave":true,"running":false,"reason":"not-master-or-single-primary-host"}
04-20 01:55:03.007 13762 13785 W assembly.assembly.android.mixc-retail-rn84: [runtime.reset] reset runtime application state {"runtimeId":"run_mo62etjz_e4ej8xq9b2o2q9di","localNodeId":"master:J9RZPWR3HK","reason":"kernel.base.tcp-control-runtime-v2.deactivateTerminal"}
04-20 01:55:03.007 13762 13785 I assembly.assembly.android.mixc-retail-rn84: [assembly.topology] Native topology host already matches desired lifecycle state {"displayCount":2,"displayIndex":0,"deviceId":"J9RZPWR3HK","instanceMode":"MASTER","enableSlave":true,"running":false,"reason":"not-master-or-single-primary-host"}
04-20 01:55:03.009 13762 13785 I assembly.assembly.android.mixc-retail-rn84: [assembly.topology] Native topology host already matches desired lifecycle state {"displayCount":2,"displayIndex":0,"deviceId":"J9RZPWR3HK","instanceMode":"MASTER","enableSlave":true,"running":false,"reason":"not-master-or-single-primary-host"}
04-20 01:55:03.009 13762 13785 I assembly.assembly.android.mixc-retail-rn84: [assembly.topology] Native topology host already matches desired lifecycle state {"displayCount":2,"displayIndex":0,"deviceId":"J9RZPWR3HK","instanceMode":"MASTER","enableSlave":true,"running":false,"reason":"not-master-or-single-primary-host"}
04-20 01:55:03.009 13762 13785 I assembly.assembly.android.mixc-retail-rn84: [assembly.topology] Native topology host already matches desired lifecycle state {"displayCount":2,"displayIndex":0,"deviceId":"J9RZPWR3HK","instanceMode":"MASTER","enableSlave":true,"running":false,"reason":"not-master-or-single-primary-host"}
04-20 01:55:03.010 13762 13785 I MMKV    : <MMKV_IO.cpp:609::writeActualSize> [mixc-retail-assembly-rn84::state] increase sequence to 106, crc 1296055847, actualSize 15293
04-20 01:55:03.010 13762 13785 I MMKV    : <MMKV.cpp:1208::sync> MMKV::sync, SyncFlag = 1
04-20 01:55:03.014 13762 13785 I MMKV    : <MMKV_IO.cpp:609::writeActualSize> [mixc-retail-assembly-rn84::state] increase sequence to 107, crc 2425188213, actualSize 15231
04-20 01:55:03.014 13762 13785 I MMKV    : <MMKV.cpp:1208::sync> MMKV::sync, SyncFlag = 1
04-20 01:55:03.017 13762 13785 I MMKV    : <MMKV_IO.cpp:609::writeActualSize> [mixc-retail-assembly-rn84::state] increase sequence to 108, crc 974894916, actualSize 15231
04-20 01:55:03.017 13762 13785 I MMKV    : <MMKV.cpp:1208::sync> MMKV::sync, SyncFlag = 1
04-20 01:55:03.023 13762 13785 I MMKV    : <MMKV_IO.cpp:1533::clearAll> cleaning all key-values from [mixc-retail-assembly-rn84::state]
04-20 01:55:03.023 13762 13785 I MMKV    : <MemoryFile.cpp:103::open> open fd[127], flag 0x7, /data/data/com.impos2.mixcretailassemblyrn84/files/mmkv/specialCharacter/cac4ff37f0f9b0189974948d3d3aa0fe
04-20 01:55:03.023 13762 13785 I MMKV    : <MemoryFile.cpp:250::mmapOrCleanup> mmap to address [0x76fc2f1000], oldPtr [0x76fc2f1000], [/data/data/com.impos2.mixcretailassemblyrn84/files/mmkv/specialCharacter/cac4ff37f0f9b0189974948d3d3aa0fe]
04-20 01:55:03.023 13762 13785 I MMKV    : <MemoryFile.cpp:109::close> closing fd[127], /data/data/com.impos2.mixcretailassemblyrn84/files/mmkv/specialCharacter/cac4ff37f0f9b0189974948d3d3aa0fe
04-20 01:55:03.023 13762 13785 I MMKV    : <MMKV_IO.cpp:609::writeActualSize> [mixc-retail-assembly-rn84::state] increase sequence to 109, crc 0, actualSize 0
04-20 01:55:03.024 13762 13785 I MMKV    : <MMKV.cpp:340::clearMemoryCache> clearMemoryCache [mixc-retail-assembly-rn84::state]
04-20 01:55:03.024 13762 13785 I MMKV    : <MMKV_IO.cpp:287::loadMetaInfoAndCheck> meta file [mixc-retail-assembly-rn84::state] has flag [0]
04-20 01:55:03.024 13762 13785 I MMKV    : <MemoryFile.cpp:103::open> open fd[129], flag 0x7, /data/data/com.impos2.mixcretailassemblyrn84/files/mmkv/specialCharacter/cac4ff37f0f9b0189974948d3d3aa0fe
04-20 01:55:03.024 13762 13785 I MMKV    : <MemoryFile.cpp:250::mmapOrCleanup> mmap to address [0x76fc330000], oldPtr [0x0], [/data/data/com.impos2.mixcretailassemblyrn84/files/mmkv/specialCharacter/cac4ff37f0f9b0189974948d3d3aa0fe]
04-20 01:55:03.024 13762 13785 I MMKV    : <MemoryFile.cpp:109::close> closing fd[129], /data/data/com.impos2.mixcretailassemblyrn84/files/mmkv/specialCharacter/cac4ff37f0f9b0189974948d3d3aa0fe
04-20 01:55:03.024 13762 13785 I MMKV    : <MMKV_IO.cpp:94::loadFromFile> loading [mixc-retail-assembly-rn84::state] with 0 actual size, file size 4096, InterProcess 0, meta info version:4
04-20 01:55:03.024 13762 13785 I MMKV    : <MMKV_IO.cpp:145::loadFromFile> loaded [mixc-retail-assembly-rn84::state] with 0 key-values
04-20 01:55:03.024 13762 13785 I MMKV    : <MMKV_IO.cpp:1533::clearAll> cleaning all key-values from [mixc-retail-assembly-rn84::secure-state]
04-20 01:55:03.024 13762 13785 I MMKV    : <MemoryFile.cpp:103::open> open fd[129], flag 0x7, /data/data/com.impos2.mixcretailassemblyrn84/files/mmkv/specialCharacter/c08c20d895f199f98a40164528d2f6a6
04-20 01:55:03.024 13762 13785 I MMKV    : <MMKV_IO.cpp:609::writeActualSize> [mixc-retail-assembly-rn84::secure-state] increase sequence to 4, crc 0, actualSize 0
04-20 01:55:03.026 13762 13785 I MMKV    : <MMKV.cpp:340::clearMemoryCache> clearMemoryCache [mixc-retail-assembly-rn84::secure-state]
04-20 01:55:03.027 13762 13785 I MMKV    : <MemoryFile.cpp:109::close> closing fd[129], /data/data/com.impos2.mixcretailassemblyrn84/files/mmkv/specialCharacter/c08c20d895f199f98a40164528d2f6a6
04-20 01:55:03.027 13762 13785 I MMKV    : <MMKV_IO.cpp:287::loadMetaInfoAndCheck> meta file [mixc-retail-assembly-rn84::secure-state] has flag [0]
04-20 01:55:03.027 13762 13785 I MMKV    : <MemoryFile.cpp:103::open> open fd[129], flag 0x7, /data/data/com.impos2.mixcretailassemblyrn84/files/mmkv/specialCharacter/c08c20d895f199f98a40164528d2f6a6
04-20 01:55:03.027 13762 13785 I MMKV    : <MemoryFile.cpp:250::mmapOrCleanup> mmap to address [0x76fc47e000], oldPtr [0x0], [/data/data/com.impos2.mixcretailassemblyrn84/files/mmkv/specialCharacter/c08c20d895f199f98a40164528d2f6a6]
04-20 01:55:03.027 13762 13785 I MMKV    : <MemoryFile.cpp:109::close> closing fd[129], /data/data/com.impos2.mixcretailassemblyrn84/files/mmkv/specialCharacter/c08c20d895f199f98a40164528d2f6a6
04-20 01:55:03.027 13762 13785 I MMKV    : <MMKV_IO.cpp:94::loadFromFile> loading [mixc-retail-assembly-rn84::secure-state] with 0 actual size, file size 4096, InterProcess 0, meta info version:4
04-20 01:55:03.027 13762 13785 I MMKV    : <MMKV_IO.cpp:145::loadFromFile> loaded [mixc-retail-assembly-rn84::secure-state] with 0 key-values
04-20 01:55:03.030 13762 13822 D TrafficStats: tagSocket(129) with statsTag=0xffffffff, statsUid=-1
04-20 01:55:03.037 13762 13785 I assembly.assembly.android.mixc-retail-rn84: [assembly.topology] Native topology host already matches desired lifecycle state {"displayCount":2,"displayIndex":0,"deviceId":"J9RZPWR3HK","instanceMode":"MASTER","enableSlave":true,"running":false,"reason":"not-master-or-single-primary-host"}
04-20 01:55:03.040 13762 13785 I MMKV    : <MMKV_IO.cpp:609::writeActualSize> [mixc-retail-assembly-rn84::state] increase sequence to 110, crc 638857516, actualSize 4
04-20 01:55:03.040 13762 13785 I MMKV    : <MMKV_IO.cpp:530::expandAndWriteBack> extending [mixc-retail-assembly-rn84::state] file size from 4096 to 8192, incoming size:337, future usage:2616
04-20 01:55:03.040 13762 13785 I MMKV    : <MemoryFile.cpp:103::open> open fd[113], flag 0x7, /data/data/com.impos2.mixcretailassemblyrn84/files/mmkv/specialCharacter/cac4ff37f0f9b0189974948d3d3aa0fe
04-20 01:55:03.041 13762 13785 I MMKV    : <MemoryFile.cpp:250::mmapOrCleanup> mmap to address [0x76fc32f000], oldPtr [0x76fc330000], [/data/data/com.impos2.mixcretailassemblyrn84/files/mmkv/specialCharacter/cac4ff37f0f9b0189974948d3d3aa0fe]
04-20 01:55:03.041 13762 13785 I MMKV    : <MemoryFile.cpp:109::close> closing fd[113], /data/data/com.impos2.mixcretailassemblyrn84/files/mmkv/specialCharacter/cac4ff37f0f9b0189974948d3d3aa0fe
04-20 01:55:03.041 13762 13785 I MMKV    : <MMKV_IO.cpp:609::writeActualSize> [mixc-retail-assembly-rn84::state] increase sequence to 111, crc 425503149, actualSize 3906
04-20 01:55:03.041 13762 13785 I MMKV    : <MMKV.cpp:1208::sync> MMKV::sync, SyncFlag = 1
04-20 01:55:03.041 13762 13784 I ReactNativeJS: '[tcp-bootstrap-state-written]', '{"nodeId":"master:J9RZPWR3HK","runtimeId":"run_mo62etjz_e4ej8xq9b2o2q9di","displayIndex":0,"requestId":"req_mo62gav0_dhvd2vnzon0sxdt5","commandId":"cmd_mo62gav5_wk2jm62k1x0eu1po","nextDeviceFingerprint":"J9RZPWR3HK","nextDeviceInfo":{"id":"J9RZPWR3HK","model":"Mixc Retail Android RN84"},"previousIdentity":{"activationStatus":"UNACTIVATED"}}'
04-20 01:55:03.042 13827 13847 I ReactNativeJS: '[runtime-state-sync-apply]', '{"direction":"master-to-slave","incomingSliceNames":["kernel.base.ui-runtime-v2.screen.main"],"appliedSliceNames":["kernel.base.ui-runtime-v2.screen.main"],"skippedSliceReasons":[]}'
04-20 01:55:03.044 13762 13785 I MMKV    : <MMKV_IO.cpp:530::expandAndWriteBack> extending [mixc-retail-assembly-rn84::state] file size from 8192 to 16384, incoming size:283, future usage:4056
04-20 01:55:03.044 13762 13785 I MMKV    : <MemoryFile.cpp:103::open> open fd[113], flag 0x7, /data/data/com.impos2.mixcretailassemblyrn84/files/mmkv/specialCharacter/cac4ff37f0f9b0189974948d3d3aa0fe
04-20 01:55:03.044 13762 13785 I MMKV    : <MemoryFile.cpp:250::mmapOrCleanup> mmap to address [0x76fc2f5000], oldPtr [0x76fc32f000], [/data/data/com.impos2.mixcretailassemblyrn84/files/mmkv/specialCharacter/cac4ff37f0f9b0189974948d3d3aa0fe]
04-20 01:55:03.044 13762 13785 I MMKV    : <MemoryFile.cpp:109::close> closing fd[113], /data/data/com.impos2.mixcretailassemblyrn84/files/mmkv/specialCharacter/cac4ff37f0f9b0189974948d3d3aa0fe
04-20 01:55:03.044 13762 13785 I MMKV    : <MMKV_IO.cpp:609::writeActualSize> [mixc-retail-assembly-rn84::state] increase sequence to 112, crc 101449706, actualSize 8135
04-20 01:55:03.044 13762 13785 I MMKV    : <MMKV.cpp:1208::sync> MMKV::sync, SyncFlag = 1
04-20 01:55:03.048 13827 13848 I assembly.assembly.android.mixc-retail-rn84: [assembly.topology] Native topology host already matches desired lifecycle state {"displayCount":2,"displayIndex":1,"deviceId":"J9RZPWR3HK","instanceMode":"SLAVE","enableSlave":false,"running":false,"reason":"not-master-or-single-primary-host"}
04-20 01:55:03.048 13827 13848 I assembly.assembly.android.mixc-retail-rn84: [assembly.topology] Native topology host already matches desired lifecycle state {"displayCount":2,"displayIndex":1,"deviceId":"J9RZPWR3HK","instanceMode":"SLAVE","enableSlave":false,"running":false,"reason":"not-master-or-single-primary-host"}
04-20 01:55:03.049 13762 13785 I assembly.assembly.android.mixc-retail-rn84: [assembly.topology] Native topology host already matches desired lifecycle state {"displayCount":2,"displayIndex":0,"deviceId":"J9RZPWR3HK","instanceMode":"MASTER","enableSlave":true,"running":false,"reason":"not-master-or-single-primary-host"}
04-20 01:55:03.050 13762 13785 I assembly.assembly.android.mixc-retail-rn84: [assembly.topology] Native topology host already matches desired lifecycle state {"displayCount":2,"displayIndex":0,"deviceId":"J9RZPWR3HK","instanceMode":"MASTER","enableSlave":true,"running":false,"reason":"not-master-or-single-primary-host"}
04-20 01:55:03.050 13762 13785 I assembly.assembly.android.mixc-retail-rn84: [assembly.topology] Native topology host already matches desired lifecycle state {"displayCount":2,"displayIndex":0,"deviceId":"J9RZPWR3HK","instanceMode":"MASTER","enableSlave":true,"running":false,"reason":"not-master-or-single-primary-host"}
04-20 01:55:03.050 13827 13847 I ReactNativeJS: '[runtime-state-sync-apply]', '{"direction":"master-to-slave","incomingSliceNames":["kernel.base.tcp-control-runtime-v2.identity"],"appliedSliceNames":["kernel.base.tcp-control-runtime-v2.identity"],"skippedSliceReasons":[]}'
04-20 01:55:03.050 13762 13785 I assembly.assembly.android.mixc-retail-rn84: [assembly.topology] Native topology host already matches desired lifecycle state {"displayCount":2,"displayIndex":0,"deviceId":"J9RZPWR3HK","instanceMode":"MASTER","enableSlave":true,"running":false,"reason":"not-master-or-single-primary-host"}
04-20 01:55:03.050 13762 13785 I assembly.assembly.android.mixc-retail-rn84: [assembly.topology] Native topology host already matches desired lifecycle state {"displayCount":2,"displayIndex":0,"deviceId":"J9RZPWR3HK","instanceMode":"MASTER","enableSlave":true,"running":false,"reason":"not-master-or-single-primary-host"}
04-20 01:55:03.051 13762 13785 I assembly.assembly.android.mixc-retail-rn84: [assembly.topology] Native topology host already matches desired lifecycle state {"displayCount":2,"displayIndex":0,"deviceId":"J9RZPWR3HK","instanceMode":"MASTER","enableSlave":true,"running":false,"reason":"not-master-or-single-primary-host"}
04-20 01:55:03.051 13762 13785 I assembly.assembly.android.mixc-retail-rn84: [assembly.topology] Native topology host already matches desired lifecycle state {"displayCount":2,"displayIndex":0,"deviceId":"J9RZPWR3HK","instanceMode":"MASTER","enableSlave":true,"running":false,"reason":"not-master-or-single-primary-host"}
04-20 01:55:03.051 13762 13785 I assembly.assembly.android.mixc-retail-rn84: [assembly.topology] Native topology host already matches desired lifecycle state {"displayCount":2,"displayIndex":0,"deviceId":"J9RZPWR3HK","instanceMode":"MASTER","enableSlave":true,"running":false,"reason":"not-master-or-single-primary-host"}
04-20 01:55:03.051 13762 13785 I assembly.assembly.android.mixc-retail-rn84: [assembly.topology] Native topology host already matches desired lifecycle state {"displayCount":2,"displayIndex":0,"deviceId":"J9RZPWR3HK","instanceMode":"MASTER","enableSlave":true,"running":false,"reason":"not-master-or-single-primary-host"}
04-20 01:55:03.051 13762 13785 I assembly.assembly.android.mixc-retail-rn84: [assembly.topology] Native topology host already matches desired lifecycle state {"displayCount":2,"displayIndex":0,"deviceId":"J9RZPWR3HK","instanceMode":"MASTER","enableSlave":true,"running":false,"reason":"not-master-or-single-primary-host"}
04-20 01:55:03.052 13762 13785 I assembly.assembly.android.mixc-retail-rn84: [assembly.topology] Native topology host already matches desired lifecycle state {"displayCount":2,"displayIndex":0,"deviceId":"J9RZPWR3HK","instanceMode":"MASTER","enableSlave":true,"running":false,"reason":"not-master-or-single-primary-host"}
04-20 01:55:03.052 13762 13785 I assembly.assembly.android.mixc-retail-rn84: [assembly.topology] Native topology host already matches desired lifecycle state {"displayCount":2,"displayIndex":0,"deviceId":"J9RZPWR3HK","instanceMode":"MASTER","enableSlave":true,"running":false,"reason":"not-master-or-single-primary-host"}
04-20 01:55:03.052 13762 13785 I assembly.assembly.android.mixc-retail-rn84: [assembly.topology] Native topology host already matches desired lifecycle state {"displayCount":2,"displayIndex":0,"deviceId":"J9RZPWR3HK","instanceMode":"MASTER","enableSlave":true,"running":false,"reason":"not-master-or-single-primary-host"}
04-20 01:55:03.052 13762 13785 I assembly.assembly.android.mixc-retail-rn84: [assembly.topology] Native topology host already matches desired lifecycle state {"displayCount":2,"displayIndex":0,"deviceId":"J9RZPWR3HK","instanceMode":"MASTER","enableSlave":true,"running":false,"reason":"not-master-or-single-primary-host"}
04-20 01:55:03.053 13762 13785 I assembly.assembly.android.mixc-retail-rn84: [assembly.topology] Native topology host already matches desired lifecycle state {"displayCount":2,"displayIndex":0,"deviceId":"J9RZPWR3HK","instanceMode":"MASTER","enableSlave":true,"running":false,"reason":"not-master-or-single-primary-host"}
04-20 01:55:03.053 13762 13785 I assembly.assembly.android.mixc-retail-rn84: [assembly.topology] Native topology host already matches desired lifecycle state {"displayCount":2,"displayIndex":0,"deviceId":"J9RZPWR3HK","instanceMode":"MASTER","enableSlave":true,"running":false,"reason":"not-master-or-single-primary-host"}
04-20 01:55:03.054 13762 13785 I assembly.assembly.android.mixc-retail-rn84: [assembly.topology] Native topology host already matches desired lifecycle state {"displayCount":2,"displayIndex":0,"deviceId":"J9RZPWR3HK","instanceMode":"MASTER","enableSlave":true,"running":false,"reason":"not-master-or-single-primary-host"}
04-20 01:55:03.054 13762 13785 I assembly.assembly.android.mixc-retail-rn84: [assembly.topology] Native topology host already matches desired lifecycle state {"displayCount":2,"displayIndex":0,"deviceId":"J9RZPWR3HK","instanceMode":"MASTER","enableSlave":true,"running":false,"reason":"not-master-or-single-primary-host"}
04-20 01:55:03.055 13762 13785 I assembly.assembly.android.mixc-retail-rn84: [assembly.topology] Native topology host already matches desired lifecycle state {"displayCount":2,"displayIndex":0,"deviceId":"J9RZPWR3HK","instanceMode":"MASTER","enableSlave":true,"running":false,"reason":"not-master-or-single-primary-host"}
04-20 01:55:03.055 13762 13785 I assembly.assembly.android.mixc-retail-rn84: [assembly.topology] Native topology host already matches desired lifecycle state {"displayCount":2,"displayIndex":0,"deviceId":"J9RZPWR3HK","instanceMode":"MASTER","enableSlave":true,"running":false,"reason":"not-master-or-single-primary-host"}
04-20 01:55:03.055 13762 13785 I assembly.assembly.android.mixc-retail-rn84: [assembly.topology] Native topology host already matches desired lifecycle state {"displayCount":2,"displayIndex":0,"deviceId":"J9RZPWR3HK","instanceMode":"MASTER","enableSlave":true,"running":false,"reason":"not-master-or-single-primary-host"}
04-20 01:55:03.056 13762 13785 I assembly.assembly.android.mixc-retail-rn84: [assembly.topology] Native topology host already matches desired lifecycle state {"displayCount":2,"displayIndex":0,"deviceId":"J9RZPWR3HK","instanceMode":"MASTER","enableSlave":true,"running":false,"reason":"not-master-or-single-primary-host"}
04-20 01:55:03.056 13762 13785 I assembly.assembly.android.mixc-retail-rn84: [assembly.topology] Native topology host already matches desired lifecycle state {"displayCount":2,"displayIndex":0,"deviceId":"J9RZPWR3HK","instanceMode":"MASTER","enableSlave":true,"running":false,"reason":"not-master-or-single-primary-host"}
04-20 01:55:03.056 13762 13785 I assembly.assembly.android.mixc-retail-rn84: [assembly.topology] Native topology host already matches desired lifecycle state {"displayCount":2,"displayIndex":0,"deviceId":"J9RZPWR3HK","instanceMode":"MASTER","enableSlave":true,"running":false,"reason":"not-master-or-single-primary-host"}
04-20 01:55:03.056 13762 13785 I assembly.assembly.android.mixc-retail-rn84: [assembly.topology] Native topology host already matches desired lifecycle state {"displayCount":2,"displayIndex":0,"deviceId":"J9RZPWR3HK","instanceMode":"MASTER","enableSlave":true,"running":false,"reason":"not-master-or-single-primary-host"}
04-20 01:55:03.056 13762 13785 I assembly.assembly.android.mixc-retail-rn84: [assembly.topology] Native topology host already matches desired lifecycle state {"displayCount":2,"displayIndex":0,"deviceId":"J9RZPWR3HK","instanceMode":"MASTER","enableSlave":true,"running":false,"reason":"not-master-or-single-primary-host"}
04-20 01:55:03.057 13762 13785 I assembly.assembly.android.mixc-retail-rn84: [assembly.topology] Native topology host already matches desired lifecycle state {"displayCount":2,"displayIndex":0,"deviceId":"J9RZPWR3HK","instanceMode":"MASTER","enableSlave":true,"running":false,"reason":"not-master-or-single-primary-host"}
04-20 01:55:03.057 13827 13848 I assembly.assembly.android.mixc-retail-rn84: [assembly.topology] Native topology host already matches desired lifecycle state {"displayCount":2,"displayIndex":1,"deviceId":"J9RZPWR3HK","instanceMode":"SLAVE","enableSlave":false,"running":false,"reason":"not-master-or-single-primary-host"}
04-20 01:55:03.057 13762 13785 I assembly.assembly.android.mixc-retail-rn84: [assembly.topology] Native topology host already matches desired lifecycle state {"displayCount":2,"displayIndex":0,"deviceId":"J9RZPWR3HK","instanceMode":"MASTER","enableSlave":true,"running":false,"reason":"not-master-or-single-primary-host"}
04-20 01:55:03.057 13762 13785 I assembly.assembly.android.mixc-retail-rn84: [assembly.topology] Native topology host already matches desired lifecycle state {"displayCount":2,"displayIndex":0,"deviceId":"J9RZPWR3HK","instanceMode":"MASTER","enableSlave":true,"running":false,"reason":"not-master-or-single-primary-host"}
04-20 01:55:03.057 13762 13785 I assembly.assembly.android.mixc-retail-rn84: [assembly.topology] Native topology host already matches desired lifecycle state {"displayCount":2,"displayIndex":0,"deviceId":"J9RZPWR3HK","instanceMode":"MASTER","enableSlave":true,"running":false,"reason":"not-master-or-single-primary-host"}
04-20 01:55:03.057 13762 13785 I assembly.assembly.android.mixc-retail-rn84: [assembly.topology] Native topology host already matches desired lifecycle state {"displayCount":2,"displayIndex":0,"deviceId":"J9RZPWR3HK","instanceMode":"MASTER","enableSlave":true,"running":false,"reason":"not-master-or-single-primary-host"}
04-20 01:55:03.057 13827 13848 I assembly.assembly.android.mixc-retail-rn84: [assembly.topology] Native topology host already matches desired lifecycle state {"displayCount":2,"displayIndex":1,"deviceId":"J9RZPWR3HK","instanceMode":"SLAVE","enableSlave":false,"running":false,"reason":"not-master-or-single-primary-host"}
04-20 01:55:03.057 13827 13847 I ReactNativeJS: '[runtime-state-sync-apply]', '{"direction":"master-to-slave","incomingSliceNames":["kernel.base.tcp-control-runtime-v2.credential"],"appliedSliceNames":["kernel.base.tcp-control-runtime-v2.credential"],"skippedSliceReasons":[]}'
04-20 01:55:03.057 13762 13785 I assembly.assembly.android.mixc-retail-rn84: [assembly.topology] Native topology host already matches desired lifecycle state {"displayCount":2,"displayIndex":0,"deviceId":"J9RZPWR3HK","instanceMode":"MASTER","enableSlave":true,"running":false,"reason":"not-master-or-single-primary-host"}
04-20 01:55:03.057 13762 13785 I assembly.assembly.android.mixc-retail-rn84: [assembly.topology] Native topology host already matches desired lifecycle state {"displayCount":2,"displayIndex":0,"deviceId":"J9RZPWR3HK","instanceMode":"MASTER","enableSlave":true,"running":false,"reason":"not-master-or-single-primary-host"}
04-20 01:55:03.057 13762 13785 I assembly.assembly.android.mixc-retail-rn84: [assembly.topology] Native topology host already matches desired lifecycle state {"displayCount":2,"displayIndex":0,"deviceId":"J9RZPWR3HK","instanceMode":"MASTER","enableSlave":true,"running":false,"reason":"not-master-or-single-primary-host"}
04-20 01:55:03.057 13762 13785 I assembly.assembly.android.mixc-retail-rn84: [assembly.topology] Native topology host already matches desired lifecycle state {"displayCount":2,"displayIndex":0,"deviceId":"J9RZPWR3HK","instanceMode":"MASTER","enableSlave":true,"running":false,"reason":"not-master-or-single-primary-host"}
04-20 01:55:03.057 13762 13785 I assembly.assembly.android.mixc-retail-rn84: [assembly.topology] Native topology host already matches desired lifecycle state {"displayCount":2,"displayIndex":0,"deviceId":"J9RZPWR3HK","instanceMode":"MASTER","enableSlave":true,"running":false,"reason":"not-master-or-single-primary-host"}
04-20 01:55:03.057 13762 13785 I assembly.assembly.android.mixc-retail-rn84: [assembly.topology] Native topology host already matches desired lifecycle state {"displayCount":2,"displayIndex":0,"deviceId":"J9RZPWR3HK","instanceMode":"MASTER","enableSlave":true,"running":false,"reason":"not-master-or-single-primary-host"}
04-20 01:55:03.058 13762 13785 I assembly.assembly.android.mixc-retail-rn84: [assembly.topology] Native topology host already matches desired lifecycle state {"displayCount":2,"displayIndex":0,"deviceId":"J9RZPWR3HK","instanceMode":"MASTER","enableSlave":true,"running":false,"reason":"not-master-or-single-primary-host"}
04-20 01:55:03.058 13827 13848 I assembly.assembly.android.mixc-retail-rn84: [assembly.topology] Native topology host already matches desired lifecycle state {"displayCount":2,"displayIndex":1,"deviceId":"J9RZPWR3HK","instanceMode":"SLAVE","enableSlave":false,"running":false,"reason":"not-master-or-single-primary-host"}
04-20 01:55:03.058 13827 13848 I assembly.assembly.android.mixc-retail-rn84: [assembly.topology] Native topology host already matches desired lifecycle state {"displayCount":2,"displayIndex":1,"deviceId":"J9RZPWR3HK","instanceMode":"SLAVE","enableSlave":false,"running":false,"reason":"not-master-or-single-primary-host"}
04-20 01:55:03.058 13827 13847 I ReactNativeJS: '[runtime-state-sync-apply]', '{"direction":"master-to-slave","incomingSliceNames":["kernel.base.tcp-control-runtime-v2.binding"],"appliedSliceNames":["kernel.base.tcp-control-runtime-v2.binding"],"skippedSliceReasons":[]}'
04-20 01:55:03.058 13762 13785 I assembly.assembly.android.mixc-retail-rn84: [assembly.topology] Native topology host already matches desired lifecycle state {"displayCount":2,"displayIndex":0,"deviceId":"J9RZPWR3HK","instanceMode":"MASTER","enableSlave":true,"running":false,"reason":"not-master-or-single-primary-host"}
04-20 01:55:03.059 13762 13785 I assembly.assembly.android.mixc-retail-rn84: [assembly.topology] Native topology host already matches desired lifecycle state {"displayCount":2,"displayIndex":0,"deviceId":"J9RZPWR3HK","instanceMode":"MASTER","enableSlave":true,"running":false,"reason":"not-master-or-single-primary-host"}
04-20 01:55:03.059 13762 13785 I assembly.assembly.android.mixc-retail-rn84: [assembly.topology] Native topology host already matches desired lifecycle state {"displayCount":2,"displayIndex":0,"deviceId":"J9RZPWR3HK","instanceMode":"MASTER","enableSlave":true,"running":false,"reason":"not-master-or-single-primary-host"}
04-20 01:55:03.059 13762 13785 I MMKV    : <MMKV_IO.cpp:530::expandAndWriteBack> extending [mixc-retail-assembly-rn84::state] file size from 16384 to 32768, incoming size:314, future usage:6816
04-20 01:55:03.059 13762 13785 I MMKV    : <MemoryFile.cpp:103::open> open fd[113], flag 0x7, /data/data/com.impos2.mixcretailassemblyrn84/files/mmkv/specialCharacter/cac4ff37f0f9b0189974948d3d3aa0fe
04-20 01:55:03.059 13827 13848 I assembly.assembly.android.mixc-retail-rn84: [assembly.topology] Native topology host already matches desired lifecycle state {"displayCount":2,"displayIndex":1,"deviceId":"J9RZPWR3HK","instanceMode":"SLAVE","enableSlave":false,"running":false,"reason":"not-master-or-single-primary-host"}
04-20 01:55:03.059 13827 13848 I assembly.assembly.android.mixc-retail-rn84: [assembly.topology] Native topology host already matches desired lifecycle state {"displayCount":2,"displayIndex":1,"deviceId":"J9RZPWR3HK","instanceMode":"SLAVE","enableSlave":false,"running":false,"reason":"not-master-or-single-primary-host"}
04-20 01:55:03.060 13762 13785 I MMKV    : <MemoryFile.cpp:250::mmapOrCleanup> mmap to address [0x76fc2f1000], oldPtr [0x76fc2f5000], [/data/data/com.impos2.mixcretailassemblyrn84/files/mmkv/specialCharacter/cac4ff37f0f9b0189974948d3d3aa0fe]
04-20 01:55:03.060 13762 13785 I MMKV    : <MemoryFile.cpp:109::close> closing fd[113], /data/data/com.impos2.mixcretailassemblyrn84/files/mmkv/specialCharacter/cac4ff37f0f9b0189974948d3d3aa0fe
04-20 01:55:03.060 13762 13785 I MMKV    : <MMKV_IO.cpp:609::writeActualSize> [mixc-retail-assembly-rn84::state] increase sequence to 113, crc 4254162395, actualSize 13301
04-20 01:55:03.060 13762 13785 I MMKV    : <MMKV.cpp:1208::sync> MMKV::sync, SyncFlag = 1
04-20 01:55:03.061 13827 13847 I ReactNativeJS: '[runtime-state-sync-apply]', '{"direction":"master-to-slave","incomingSliceNames":["kernel.base.tcp-control-runtime-v2.sandbox"],"appliedSliceNames":["kernel.base.tcp-control-runtime-v2.sandbox"],"skippedSliceReasons":[]}'
04-20 01:55:03.063 13827 13848 I assembly.assembly.android.mixc-retail-rn84: [assembly.topology] Native topology host already matches desired lifecycle state {"displayCount":2,"displayIndex":1,"deviceId":"J9RZPWR3HK","instanceMode":"SLAVE","enableSlave":false,"running":false,"reason":"not-master-or-single-primary-host"}
04-20 01:55:03.063 13827 13848 I assembly.assembly.android.mixc-retail-rn84: [assembly.topology] Native topology host already matches desired lifecycle state {"displayCount":2,"displayIndex":1,"deviceId":"J9RZPWR3HK","instanceMode":"SLAVE","enableSlave":false,"running":false,"reason":"not-master-or-single-primary-host"}
04-20 01:55:03.064 13827 13847 I ReactNativeJS: '[runtime-state-sync-apply]', '{"direction":"master-to-slave","incomingSliceNames":["kernel.base.ui-runtime-v2.screen.main"],"appliedSliceNames":["kernel.base.ui-runtime-v2.screen.main"],"skippedSliceReasons":[]}'
04-20 01:55:03.064 13827 13847 I ReactNativeJS: '[runtime-state-sync-apply]', '{"direction":"master-to-slave","incomingSliceNames":["kernel.base.ui-runtime-v2.screen.main"],"appliedSliceNames":["kernel.base.ui-runtime-v2.screen.main"],"skippedSliceReasons":[]}'
04-20 01:55:03.065 13827 13848 I assembly.assembly.android.mixc-retail-rn84: [assembly.topology] Native topology host already matches desired lifecycle state {"displayCount":2,"displayIndex":1,"deviceId":"J9RZPWR3HK","instanceMode":"SLAVE","enableSlave":false,"running":false,"reason":"not-master-or-single-primary-host"}
04-20 01:55:03.066 13827 13848 I assembly.assembly.android.mixc-retail-rn84: [assembly.topology] Native topology host already matches desired lifecycle state {"displayCount":2,"displayIndex":1,"deviceId":"J9RZPWR3HK","instanceMode":"SLAVE","enableSlave":false,"running":false,"reason":"not-master-or-single-primary-host"}
04-20 01:55:03.067 13762 13785 I assembly.assembly.android.mixc-retail-rn84: [assembly.topology] Native topology host already matches desired lifecycle state {"displayCount":2,"displayIndex":0,"deviceId":"J9RZPWR3HK","instanceMode":"MASTER","enableSlave":true,"running":false,"reason":"not-master-or-single-primary-host"}
04-20 01:55:03.067 13762 13785 I assembly.assembly.android.mixc-retail-rn84: [assembly.topology] Native topology host already matches desired lifecycle state {"displayCount":2,"displayIndex":0,"deviceId":"J9RZPWR3HK","instanceMode":"MASTER","enableSlave":true,"running":false,"reason":"not-master-or-single-primary-host"}
04-20 01:55:03.067 13762 13785 I assembly.assembly.android.mixc-retail-rn84: [assembly.topology] Native topology host already matches desired lifecycle state {"displayCount":2,"displayIndex":0,"deviceId":"J9RZPWR3HK","instanceMode":"MASTER","enableSlave":true,"running":false,"reason":"not-master-or-single-primary-host"}
04-20 01:55:03.068 13762 13785 I MMKV    : <MMKV_IO.cpp:609::writeActualSize> [mixc-retail-assembly-rn84::state] increase sequence to 114, crc 3370018157, actualSize 14107
04-20 01:55:03.068 13762 13785 I MMKV    : <MMKV.cpp:1208::sync> MMKV::sync, SyncFlag = 1
04-20 01:55:03.072 13762 13785 I MMKV    : <MMKV_IO.cpp:609::writeActualSize> [mixc-retail-assembly-rn84::state] increase sequence to 115, crc 762055835, actualSize 14107
04-20 01:55:03.072 13762 13785 I MMKV    : <MMKV.cpp:1208::sync> MMKV::sync, SyncFlag = 1
04-20 01:55:03.075 13827 13848 I assembly.assembly.android.mixc-retail-rn84: [assembly.topology] Native topology host already matches desired lifecycle state {"displayCount":2,"displayIndex":1,"deviceId":"J9RZPWR3HK","instanceMode":"SLAVE","enableSlave":false,"running":false,"reason":"not-master-or-single-primary-host"}
04-20 01:55:03.076 13827 13847 I ReactNativeJS: '[runtime-state-sync-apply]', '{"direction":"master-to-slave","incomingSliceNames":["kernel.base.topology-runtime-v3.demo.master","kernel.base.tcp-control-runtime-v2.identity","kernel.base.tcp-control-runtime-v2.credential","kernel.base.tcp-control-runtime-v2.binding","kernel.base.tcp-control-runtime-v2.sandbox","kernel.base.tdp-sync-runtime-v2.hot-update","kernel.base.ui-runtime-v2.screen.main","kernel.base.ui-runtime-v2.overlay.main","kernel.base.ui-runtime-v2.ui-variable.main"],"appliedSliceNames":["kernel.base.topology-runtime-v3.demo.master","kernel.base.tcp-control-runtime-v2.identity","kernel.base.tcp-control-runtime-v2.credential","kernel.base.tcp-control-runtime-v2.binding","kernel.base.tcp-control-runtime-v2.sandbox","kernel.base.tdp-sync-runtime-v2.hot-update","kernel.base.ui-runtime-v2.screen.main","kernel.base.ui-runtime-v2.overlay.main","kernel.base.ui-runtime-v2.ui-variable.main"],"skippedSliceReasons":[]}'
04-20 01:55:03.076 13827 13848 I assembly.assembly.android.mixc-retail-rn84: [assembly.topology] Native topology host already matches desired lifecycle state {"displayCount":2,"displayIndex":1,"deviceId":"J9RZPWR3HK","instanceMode":"SLAVE","enableSlave":false,"running":false,"reason":"not-master-or-single-primary-host"}
04-20 01:55:03.076 13827 13848 I assembly.assembly.android.mixc-retail-rn84: [assembly.topology] Native topology host already matches desired lifecycle state {"displayCount":2,"displayIndex":1,"deviceId":"J9RZPWR3HK","instanceMode":"SLAVE","enableSlave":false,"running":false,"reason":"not-master-or-single-primary-host"}
04-20 01:55:03.076 13827 13848 I assembly.assembly.android.mixc-retail-rn84: [assembly.topology] Native topology host already matches desired lifecycle state {"displayCount":2,"displayIndex":1,"deviceId":"J9RZPWR3HK","instanceMode":"SLAVE","enableSlave":false,"running":false,"reason":"not-master-or-single-primary-host"}
04-20 01:55:03.077 13827 13848 I assembly.assembly.android.mixc-retail-rn84: [assembly.topology] Native topology host already matches desired lifecycle state {"displayCount":2,"displayIndex":1,"deviceId":"J9RZPWR3HK","instanceMode":"SLAVE","enableSlave":false,"running":false,"reason":"not-master-or-single-primary-host"}
04-20 01:55:03.077 13827 13840 D EGL_emulation: app_time_stats: avg=23033.32ms min=5.10ms max=46061.55ms count=2
04-20 01:55:03.078 13762 13784 I ReactNativeJS: '[runtime-state-sync-apply]', '{"direction":"slave-to-master","incomingSliceNames":["kernel.base.topology-runtime-v3.demo.slave","kernel.base.ui-runtime-v2.screen.branch","kernel.base.ui-runtime-v2.overlay.branch","kernel.base.ui-runtime-v2.ui-variable.branch"],"appliedSliceNames":["kernel.base.topology-runtime-v3.demo.slave","kernel.base.ui-runtime-v2.screen.branch","kernel.base.ui-runtime-v2.overlay.branch","kernel.base.ui-runtime-v2.ui-variable.branch"],"skippedSliceReasons":[]}'
04-20 01:55:03.081 13762 13785 I MMKV    : <MMKV_IO.cpp:609::writeActualSize> [mixc-retail-assembly-rn84::state] increase sequence to 116, crc 3292248205, actualSize 14107
04-20 01:55:03.081 13762 13785 I MMKV    : <MMKV.cpp:1208::sync> MMKV::sync, SyncFlag = 1
04-20 01:55:03.083 13827 13848 I assembly.assembly.android.mixc-retail-rn84: [assembly.topology] Native topology host already matches desired lifecycle state {"displayCount":2,"displayIndex":1,"deviceId":"J9RZPWR3HK","instanceMode":"SLAVE","enableSlave":false,"running":false,"reason":"not-master-or-single-primary-host"}
04-20 01:55:03.083 13827 13848 I assembly.assembly.android.mixc-retail-rn84: [assembly.topology] Native topology host already matches desired lifecycle state {"displayCount":2,"displayIndex":1,"deviceId":"J9RZPWR3HK","instanceMode":"SLAVE","enableSlave":false,"running":false,"reason":"not-master-or-single-primary-host"}
04-20 01:55:03.084 13762 13785 I assembly.assembly.android.mixc-retail-rn84: [assembly.topology] Native topology host already matches desired lifecycle state {"displayCount":2,"displayIndex":0,"deviceId":"J9RZPWR3HK","instanceMode":"MASTER","enableSlave":true,"running":false,"reason":"not-master-or-single-primary-host"}
04-20 01:55:03.084 13762 13785 I assembly.assembly.android.mixc-retail-rn84: [assembly.topology] Native topology host already matches desired lifecycle state {"displayCount":2,"displayIndex":0,"deviceId":"J9RZPWR3HK","instanceMode":"MASTER","enableSlave":true,"running":false,"reason":"not-master-or-single-primary-host"}
04-20 01:55:03.086 13762 13785 I MMKV    : <MMKV_IO.cpp:609::writeActualSize> [mixc-retail-assembly-rn84::state] increase sequence to 117, crc 334141732, actualSize 14107
04-20 01:55:03.086 13762 13785 I MMKV    : <MMKV.cpp:1208::sync> MMKV::sync, SyncFlag = 1
04-20 01:55:03.089 13762 13785 I MMKV    : <MMKV_IO.cpp:609::writeActualSize> [mixc-retail-assembly-rn84::state] increase sequence to 118, crc 3171460010, actualSize 14107
04-20 01:55:03.089 13762 13785 I MMKV    : <MMKV.cpp:1208::sync> MMKV::sync, SyncFlag = 1
04-20 01:55:03.091 13762 13785 I MMKV    : <MMKV_IO.cpp:609::writeActualSize> [mixc-retail-assembly-rn84::state] increase sequence to 119, crc 740044291, actualSize 14107
04-20 01:55:03.091 13762 13785 I MMKV    : <MMKV.cpp:1208::sync> MMKV::sync, SyncFlag = 1
04-20 01:55:03.097 13762 13785 I MMKV    : <MMKV_IO.cpp:609::writeActualSize> [mixc-retail-assembly-rn84::state] increase sequence to 120, crc 10438799, actualSize 14107
04-20 01:55:03.097 13762 13785 I MMKV    : <MMKV.cpp:1208::sync> MMKV::sync, SyncFlag = 1
04-20 01:55:03.101 13762 13785 I MMKV    : <MMKV_IO.cpp:609::writeActualSize> [mixc-retail-assembly-rn84::state] increase sequence to 121, crc 3077391419, actualSize 14107
04-20 01:55:03.101 13762 13785 I MMKV    : <MMKV.cpp:1208::sync> MMKV::sync, SyncFlag = 1
04-20 01:55:03.103 13762 13785 I MMKV    : <MMKV_IO.cpp:609::writeActualSize> [mixc-retail-assembly-rn84::state] increase sequence to 122, crc 1177430896, actualSize 14107
04-20 01:55:03.103 13762 13785 I MMKV    : <MMKV.cpp:1208::sync> MMKV::sync, SyncFlag = 1
04-20 01:55:03.106 13762 13785 I MMKV    : <MMKV_IO.cpp:609::writeActualSize> [mixc-retail-assembly-rn84::state] increase sequence to 123, crc 3634346233, actualSize 14107
04-20 01:55:03.106 13762 13785 I MMKV    : <MMKV.cpp:1208::sync> MMKV::sync, SyncFlag = 1
04-20 01:55:03.110 13762 13785 I MMKV    : <MMKV_IO.cpp:609::writeActualSize> [mixc-retail-assembly-rn84::state] increase sequence to 124, crc 341612969, actualSize 14107
04-20 01:55:03.110 13762 13785 I MMKV    : <MMKV.cpp:1208::sync> MMKV::sync, SyncFlag = 1
04-20 01:55:03.114 13762 13785 I MMKV    : <MMKV_IO.cpp:609::writeActualSize> [mixc-retail-assembly-rn84::state] increase sequence to 125, crc 3225919476, actualSize 14107
04-20 01:55:03.114 13762 13785 I MMKV    : <MMKV.cpp:1208::sync> MMKV::sync, SyncFlag = 1
04-20 01:55:03.119 13762 13785 I MMKV    : <MMKV_IO.cpp:609::writeActualSize> [mixc-retail-assembly-rn84::state] increase sequence to 126, crc 3571889505, actualSize 14107
04-20 01:55:03.119 13762 13785 I MMKV    : <MMKV.cpp:1208::sync> MMKV::sync, SyncFlag = 1
04-20 01:55:03.122 13762 13785 I MMKV    : <MMKV_IO.cpp:609::writeActualSize> [mixc-retail-assembly-rn84::state] increase sequence to 127, crc 2421928264, actualSize 14107
04-20 01:55:03.122 13762 13785 I MMKV    : <MMKV.cpp:1208::sync> MMKV::sync, SyncFlag = 1
04-20 01:55:03.126 13762 13785 I MMKV    : <MMKV_IO.cpp:609::writeActualSize> [mixc-retail-assembly-rn84::state] increase sequence to 128, crc 2103264090, actualSize 14107
04-20 01:55:03.126 13762 13785 I MMKV    : <MMKV.cpp:1208::sync> MMKV::sync, SyncFlag = 1
04-20 01:55:03.129 13762 13785 I MMKV    : <MMKV_IO.cpp:609::writeActualSize> [mixc-retail-assembly-rn84::state] increase sequence to 129, crc 889837588, actualSize 14107
04-20 01:55:03.129 13762 13785 I MMKV    : <MMKV.cpp:1208::sync> MMKV::sync, SyncFlag = 1
04-20 01:55:03.133 13762 13785 I MMKV    : <MMKV_IO.cpp:609::writeActualSize> [mixc-retail-assembly-rn84::state] increase sequence to 130, crc 235436000, actualSize 14107
04-20 01:55:03.133 13762 13785 I MMKV    : <MMKV.cpp:1208::sync> MMKV::sync, SyncFlag = 1
04-20 01:55:03.136 13762 13785 I MMKV    : <MMKV_IO.cpp:609::writeActualSize> [mixc-retail-assembly-rn84::state] increase sequence to 131, crc 762055835, actualSize 14107
04-20 01:55:03.136 13762 13785 I MMKV    : <MMKV.cpp:1208::sync> MMKV::sync, SyncFlag = 1
04-20 01:55:03.140 13762 13785 I MMKV    : <MMKV_IO.cpp:609::writeActualSize> [mixc-retail-assembly-rn84::state] increase sequence to 132, crc 3292248205, actualSize 14107
04-20 01:55:03.140 13762 13785 I MMKV    : <MMKV.cpp:1208::sync> MMKV::sync, SyncFlag = 1
04-20 01:55:03.143 13762 13785 I MMKV    : <MMKV_IO.cpp:609::writeActualSize> [mixc-retail-assembly-rn84::state] increase sequence to 133, crc 334141732, actualSize 14107
04-20 01:55:03.143 13762 13785 I MMKV    : <MMKV.cpp:1208::sync> MMKV::sync, SyncFlag = 1
04-20 01:55:03.146 13762 13785 I MMKV    : <MMKV_IO.cpp:609::writeActualSize> [mixc-retail-assembly-rn84::state] increase sequence to 134, crc 3171460010, actualSize 14107
04-20 01:55:03.146 13762 13785 I MMKV    : <MMKV.cpp:1208::sync> MMKV::sync, SyncFlag = 1
04-20 01:55:03.150 13762 13785 I MMKV    : <MMKV_IO.cpp:609::writeActualSize> [mixc-retail-assembly-rn84::state] increase sequence to 135, crc 740044291, actualSize 14107
04-20 01:55:03.150 13762 13785 I MMKV    : <MMKV.cpp:1208::sync> MMKV::sync, SyncFlag = 1
04-20 01:55:03.153 13762 13785 I MMKV    : <MMKV_IO.cpp:609::writeActualSize> [mixc-retail-assembly-rn84::state] increase sequence to 136, crc 10438799, actualSize 14107
04-20 01:55:03.153 13762 13785 I MMKV    : <MMKV.cpp:1208::sync> MMKV::sync, SyncFlag = 1
04-20 01:55:03.156 13762 13785 I MMKV    : <MMKV_IO.cpp:609::writeActualSize> [mixc-retail-assembly-rn84::state] increase sequence to 137, crc 3077391419, actualSize 14107
04-20 01:55:03.156 13762 13785 I MMKV    : <MMKV.cpp:1208::sync> MMKV::sync, SyncFlag = 1
04-20 01:55:04.542 13762 13778 D EGL_emulation: app_time_stats: avg=168.32ms min=2.82ms max=1460.12ms count=13
04-20 01:55:05.206 13762 13822 D TrafficStats: tagSocket(126) with statsTag=0xffffffff, statsUid=-1
04-20 01:55:05.216 13762 13822 D TrafficStats: tagSocket(126) with statsTag=0xffffffff, statsUid=-1
