04-20 02:05:51.965   590   955 I ActivityTaskManager: START u0 {flg=0x10000000 cmp=com.impos2.mixcretailassemblyrn84/.MainActivity} with LAUNCH_SINGLE_TASK from uid 2000 (BAL_ALLOW_PERMISSION) result code=0
04-20 02:05:51.966   590   613 V GrammaticalInflectionUtils: AttributionSource: AttributionSource { uid = 10216, packageName = null, attributionTag = null, token = android.os.Binder@bdb3573, deviceId = 0, next = null } does not have READ_SYSTEM_GRAMMATICAL_GENDER permission.
04-20 02:05:51.969   590   613 E ActivityManager: Failure starting process com.impos2.mixcretailassemblyrn84
04-20 02:05:51.969   590   613 E ActivityManager: java.lang.SecurityException: Package com.impos2.mixcretailassemblyrn84 is currently frozen!
04-20 02:05:51.969   590   613 E ActivityManager: 	at com.android.server.pm.PackageManagerService.checkPackageStartable(PackageManagerService.java:4598)
04-20 02:05:51.969   590   613 E ActivityManager: 	at com.android.server.pm.PackageManagerService$IPackageManagerImpl.checkPackageStartable(PackageManagerService.java:4725)
04-20 02:05:51.969   590   613 E ActivityManager: 	at com.android.server.am.ProcessList.startProcessLocked(ProcessList.java:1871)
04-20 02:05:51.969   590   613 E ActivityManager: 	at com.android.server.am.ProcessList.startProcessLocked(ProcessList.java:2629)
04-20 02:05:51.969   590   613 E ActivityManager: 	at com.android.server.am.ProcessList.startProcessLocked(ProcessList.java:2775)
04-20 02:05:51.969   590   613 E ActivityManager: 	at com.android.server.am.ActivityManagerService.startProcessLocked(ActivityManagerService.java:3014)
04-20 02:05:51.969   590   613 E ActivityManager: 	at com.android.server.am.ActivityManagerService$LocalService.startProcess(ActivityManagerService.java:19456)
04-20 02:05:51.969   590   613 E ActivityManager: 	at com.android.server.wm.ActivityTaskManagerService$$ExternalSyntheticLambda20.accept(R8$$SyntheticClass:0)
04-20 02:05:51.969   590   613 E ActivityManager: 	at com.android.internal.util.function.pooled.PooledLambdaImpl.doInvoke(PooledLambdaImpl.java:363)
04-20 02:05:51.969   590   613 E ActivityManager: 	at com.android.internal.util.function.pooled.PooledLambdaImpl.invoke(PooledLambdaImpl.java:204)
04-20 02:05:51.969   590   613 E ActivityManager: 	at com.android.internal.util.function.pooled.OmniFunction.run(OmniFunction.java:87)
04-20 02:05:51.969   590   613 E ActivityManager: 	at android.os.Handler.handleCallback(Handler.java:959)
04-20 02:05:51.969   590   613 E ActivityManager: 	at android.os.Handler.dispatchMessage(Handler.java:100)
04-20 02:05:51.969   590   613 E ActivityManager: 	at android.os.Looper.loopOnce(Looper.java:232)
04-20 02:05:51.969   590   613 E ActivityManager: 	at android.os.Looper.loop(Looper.java:317)
04-20 02:05:51.969   590   613 E ActivityManager: 	at android.os.HandlerThread.run(HandlerThread.java:85)
04-20 02:05:51.969   590   613 E ActivityManager: 	at com.android.server.ServiceThread.run(ServiceThread.java:46)
04-20 02:05:51.969   590   613 I ActivityManager: Force stopping com.impos2.mixcretailassemblyrn84 appid=10216 user=0: start failure
04-20 02:05:51.969   590   613 I WindowManager:   Force removing ActivityRecord{d4b4789 u0 com.impos2.mixcretailassemblyrn84/.MainActivity t856}
04-20 02:05:51.969   590   613 I WindowManager:   Force removing ActivityRecord{ee7c706 u0 com.impos2.mixcretailassemblyrn84/.SecondaryActivity t855 f} isExiting}
04-20 02:05:51.969   590   613 W WindowManager: removeAppToken: Attempted to remove non-existing token: Token{c7253f4 ActivityRecord{ee7c706 u0 com.impos2.mixcretailassemblyrn84/.SecondaryActivity t855 f} isExiting}}
04-20 02:05:51.970   590   611 D DisplayManagerService: Drop pending events for gone uid 10216
04-20 02:05:51.972   590   613 I ActivityManager: Exiting empty application process 0:com.impos2.mixcretailassemblyrn84/u0a216 (null)
04-20 02:05:51.972   590   676 W UsageStatsService: Unexpected activity event reported! (com.impos2.mixcretailassemblyrn84/com.impos2.mixcretailassemblyrn84.MainActivity event : 23 instanceId : 125228975)
04-20 02:05:51.974 14215 14215 I artd    : Starting artd
04-20 02:05:51.975 14215 14215 I AidlLazyServiceRegistrar: Registering service artd
04-20 02:05:51.976 14215 14215 I AidlLazyServiceRegistrar: Process has 1 (of 1 available) client(s) in use after notification artd has clients: 1
04-20 02:05:51.977   157   157 I servicemanager: Notifying artd they do (previously: don't) have clients when service is guaranteed to be in use
04-20 02:05:51.977   157   157 I BpBinder: onLastStrongRef automatically unlinking death recipients:
04-20 02:05:51.977   590   955 D CoreBackPreview: Window{4e22a9a u0 Splash Screen com.impos2.mixcretailassemblyrn84}: Setting back callback OnBackInvokedCallbackInfo{mCallback=android.window.IOnBackInvokedCallback$Stub$Proxy@c640da7, mPriority=0, mIsAnimationCallback=false}
04-20 02:05:51.978  1099  1099 W SplitSelectStateCtor: Missing session instanceIds
04-20 02:05:51.978  1099  1099 D StatsLog: LAUNCHER_SPLIT_SELECTION_EXIT_INTERRUPTED
04-20 02:05:51.982   836   874 D WindowManagerShell: setLauncherKeepClearAreaHeight: visible=false, height=223
04-20 02:05:51.985   836  1271 V WindowManagerShell: onTransitionReady(transaction=2534030744557)
04-20 02:05:51.985   590   610 V WindowManager: Sent Transition (#541) createdAt=04-20 02:05:51.952 via request=TransitionRequestInfo { type = OPEN, triggerTask = TaskInfo{userId=0 taskId=856 displayId=0 isRunning=true baseIntent=Intent { flg=0x10000000 cmp=com.impos2.mixcretailassemblyrn84/.MainActivity } baseActivity=ComponentInfo{com.impos2.mixcretailassemblyrn84/com.impos2.mixcretailassemblyrn84.MainActivity} topActivity=ComponentInfo{com.impos2.mixcretailassemblyrn84/com.impos2.mixcretailassemblyrn84.MainActivity} origActivity=null realActivity=ComponentInfo{com.impos2.mixcretailassemblyrn84/com.impos2.mixcretailassemblyrn84.MainActivity} numActivities=1 lastActiveTime=263337509 supportsMultiWindow=true resizeMode=1 isResizeable=true minWidth=-1 minHeight=-1 defaultMinSize=220 token=WCT{RemoteToken{aca25fd Task{5cf638e #856 type=standard A=10216:com.impos2.mixcretailassemblyrn84}}} topActivityType=1 pictureInPictureParams=null shouldDockBigOverlays=false launchIntoPipHostTaskId=-1 lastParentTaskIdBeforePip=-1 displayCutoutSafeInsets=null topActivityInfo=ActivityInfo{e5372f2 com.impos2.mixcretailassemblyrn84.MainActivity} launchCookies=[] positionInParent=Point(0, 0) parentTaskId=-1 isFocused=false isVisible=false isVisibleRequested=false isSleeping=false locusId=null displayAreaFeatureId=1 isTopActivityTransparent=false appCompatTaskInfo=AppCompatTaskInfo { topActivityInSizeCompat=false topActivityEligibleForLetterboxEducation= falseisLetterboxEducationEnabled= true isLetterboxDoubleTapEnabled= false topActivityEligibleForUserAspectRatioButton= true topActivityBoundsLetterboxed= false isFromLetterboxDoubleTap= false topActivityLetterboxVerticalPosition= -1 topActivityLetterboxHorizontalPosition= -1 topActivityLetterboxWidth=2560 topActivityLetterboxHeight=1600 isUserFullscreenOverrideEnabled=false isSystemFullscreenOverrideEnabled=false cameraCompatTaskInfo=CameraCompatTaskInfo { cameraCompatControlState=hidden freeformCameraCompatMode=inactive}}}, pipTask = null, remoteTransition = null, displayChange = null, flags = 0, debugId = 541 }
04-20 02:05:51.985   590   610 V WindowManager:     startWCT=WindowContainerTransaction { changes = {} hops = [] errorCallbackToken=null taskFragmentOrganizer=null }
04-20 02:05:51.985   590   610 V WindowManager:     info={id=541 t=OPEN f=0x0 trk=0 r=[] c=[]}
04-20 02:05:51.985   836   874 V WindowManagerShell: onTransitionReady (#541) android.os.BinderProxy@20d80ad: {id=541 t=OPEN f=0x0 trk=0 r=[] c=[]}
04-20 02:05:51.985   836   874 V WindowManagerShell: No transition roots in (#541) android.os.BinderProxy@20d80ad@0 so abort
04-20 02:05:51.985   836   874 V WindowManagerShell: Transition was merged: (#541) android.os.BinderProxy@20d80ad@0 into (#540) android.os.BinderProxy@6547a0b@0
04-20 02:05:51.986  1099  1099 I TopTaskTracker: onTaskMovedToFront: (moved taskInfo to front) taskId=856, baseIntent=Intent { flg=0x10000000 cmp=com.impos2.mixcretailassemblyrn84/.MainActivity }
04-20 02:05:51.987  1099  1099 D StatsLog: LAUNCHER_ONRESUME
04-20 02:05:51.987   836   874 D WindowManagerShell: setLauncherKeepClearAreaHeight: visible=true, height=223
04-20 02:05:51.990   590  1420 W AppSearchIcing: icing-search-engine.cc:321: Error: 5, Message: Document (com.google.android.googlequicksearchbox$OneSearchZeroStateGoogleSuggestions/default, zp) not found.
04-20 02:05:51.991  1099  1562 D OneSearchSuggestProvider: AppSearch 0-state cache not available, fallback to AGA
04-20 02:05:51.991  1099  1562 D OneSearchSuggestProvider: java.util.concurrent.CompletionException: java.util.NoSuchElementException: No value present
04-20 02:05:51.991  1099  1562 D OneSearchSuggestProvider: 	at java.util.concurrent.CompletableFuture.encodeThrowable(CompletableFuture.java:308)
04-20 02:05:51.991  1099  1562 D OneSearchSuggestProvider: 	at java.util.concurrent.CompletableFuture.completeThrowable(CompletableFuture.java:323)
04-20 02:05:51.991  1099  1562 D OneSearchSuggestProvider: 	at java.util.concurrent.CompletableFuture$UniAccept.tryFire(CompletableFuture.java:684)
04-20 02:05:51.991  1099  1562 D OneSearchSuggestProvider: 	at java.util.concurrent.CompletableFuture.postComplete(CompletableFuture.java:486)
04-20 02:05:51.991  1099  1562 D OneSearchSuggestProvider: 	at java.util.concurrent.CompletableFuture.completeExceptionally(CompletableFuture.java:2138)
04-20 02:05:51.991  1099  1562 D OneSearchSuggestProvider: 	at com.google.android.apps.nexuslauncher.allapps.E0.onResult(go/retraceme 6422cbaa18704413bfb3e93ebb8478614d3644845132061bc54b1fae066de31d:67)
04-20 02:05:51.991  1099  1562 D OneSearchSuggestProvider: 	at android.app.appsearch.SearchSessionUtil$1.lambda$onResult$0(go/retraceme 64eee9e9f568ff45978879ad2ff83146f2618ee8a88278736fbdf5fae931976e:144)
04-20 02:05:51.991  1099  1562 D OneSearchSuggestProvider: 	at android.app.appsearch.SearchSessionUtil$1.$r8$lambda$CEk3q8sDAQVhU3rQwVueB8FAj_M(go/retraceme 64eee9e9f568ff45978879ad2ff83146f2618ee8a88278736fbdf5fae931976e:1)
04-20 02:05:51.991  1099  1562 D OneSearchSuggestProvider: 	at android.app.appsearch.SearchSessionUtil$1$$ExternalSyntheticLambda0.run(go/retraceme 64eee9e9f568ff45978879ad2ff83146f2618ee8a88278736fbdf5fae931976e:22)
04-20 02:05:51.991  1099  1562 D OneSearchSuggestProvider: 	at android.os.Handler.handleCallback(Handler.java:959)
04-20 02:05:51.991  1099  1562 D OneSearchSuggestProvider: 	at android.os.Handler.dispatchMessage(Handler.java:100)
04-20 02:05:51.991  1099  1562 D OneSearchSuggestProvider: 	at android.os.Looper.loopOnce(Looper.java:232)
04-20 02:05:51.991  1099  1562 D OneSearchSuggestProvider: 	at android.os.Looper.loop(Looper.java:317)
04-20 02:05:51.991  1099  1562 D OneSearchSuggestProvider: 	at android.os.HandlerThread.run(HandlerThread.java:85)
04-20 02:05:51.991  1099  1562 D OneSearchSuggestProvider: Caused by: java.util.NoSuchElementException: No value present
04-20 02:05:51.991  1099  1562 D OneSearchSuggestProvider: 	at java.util.Optional.get(Optional.java:143)
04-20 02:05:51.991  1099  1562 D OneSearchSuggestProvider: 	at com.google.android.apps.nexuslauncher.allapps.E0.onResult(go/retraceme 6422cbaa18704413bfb3e93ebb8478614d3644845132061bc54b1fae066de31d:28)
04-20 02:05:51.991  1099  1562 D OneSearchSuggestProvider: 	... 8 more
04-20 02:05:51.995  1099  1562 D OneSearchSuggestProvider: Established or reuse existing binder channel authority=com.google.android.googlequicksearchbox
04-20 02:05:51.996   189   203 I keystore2: system/security/keystore2/src/maintenance.rs:341 - clearNamespace(r#APP, nspace=10216)
04-20 02:05:52.017  1099  1490 D EGL_emulation: app_time_stats: avg=1000.89ms min=1000.89ms max=1000.89ms count=1
04-20 02:05:52.020  1099  1138 D QuickstepModelDelegate: notifyAppTargetEvent action=1 launchLocation=workspace/0/[-1,-1]/[1,1]
04-20 02:05:52.020   590   648 D PackageManager: Instant App installer not found with android.intent.action.INSTALL_INSTANT_APP_PACKAGE
04-20 02:05:52.020   590   648 D PackageManager: Clear ephemeral installer activity
04-20 02:05:52.021  1389  1552 I AiAiEcho: Predicting[0]:  [CONTEXT sampling_count=5 ]
04-20 02:05:52.018 11606 11606 I logd    : start watching /data/system/packages.list ...
04-20 02:05:52.018 11606 11606 I logd    : ReadPackageList, total packages: 223
04-20 02:05:52.021  1389  1552 I AiAiEcho: EchoTargets: 
04-20 02:05:52.021  1389  1552 I AiAiEcho: Filtered by AiAi flag check: 
04-20 02:05:52.021  1389  1552 I AiAiEcho: [CONTEXT ratelimit_period="10 SECONDS" ]
04-20 02:05:52.021  1389  1552 I AiAiEcho: Ranked targets strategy: SORT, count: 0, ranking metadata:  [CONTEXT ratelimit_period="10 SECONDS" ]
04-20 02:05:52.021  1389  1552 I AiAiEcho: #remoteViewsTwiddler: feature disabled.
04-20 02:05:52.021  1389  1552 I AiAiEcho: #postPredictionTargets: Sending updates to UISurface home with targets# 0 (types=[])
04-20 02:05:52.023   590   708 I ImeTracker: com.google.android.apps.nexuslauncher:bb96d614: onRequestHide at ORIGIN_SERVER reason HIDE_UNSPECIFIED_WINDOW fromUser false
04-20 02:05:52.023   590   708 I ImeTracker: com.google.android.apps.nexuslauncher:bb96d614: onCancelled at PHASE_SERVER_SHOULD_HIDE
04-20 02:05:52.024   590  1504 D ActivityManager: sync unfroze 21035 com.google.android.googlequicksearchbox:search for 6
04-20 02:05:52.025   590   955 W UserManagerService: Requested status bar icon for non-badged user 0
04-20 02:05:52.036 20885 20885 I GoogleInputMethodService: GoogleInputMethodService.onFinishInput():3157 
04-20 02:05:52.037  1099  1099 D SsBaseTemplateCard: No text view can be set up
04-20 02:05:52.037  1099  1099 D SsBaseTemplateCard: Passed-in item info is null
04-20 02:05:52.037  1099  1099 D SsBaseTemplateCard: Passed-in item info is null
04-20 02:05:52.037  1099  1099 D SsBaseTemplateCard: Passed-in item info is null
04-20 02:05:52.037  1099  1099 I SsBaseTemplateCard: Secondary card pane is null
04-20 02:05:52.038 20885 20885 I GoogleInputMethodService: GoogleInputMethodService.updateDeviceLockedStatus():2248 repeatCheckTimes = 0, locked = false
04-20 02:05:52.039 20885 20885 I GoogleInputMethodService: GoogleInputMethodService.onStartInput():1986 onStartInput(EditorInfo{EditorInfo{packageName=com.google.android.apps.nexuslauncher, inputType=0, inputTypeString=NULL, enableLearning=false, autoCorrection=false, autoComplete=false, imeOptions=0, privateImeOptions=null, actionName=UNSPECIFIED, actionLabel=null, initialSelStart=-1, initialSelEnd=-1, initialCapsMode=0, label=null, fieldId=0, fieldName=null, extras=null, hintText=null, hintLocales=[]}}, false)
04-20 02:05:52.039 20885 20885 I GoogleInputMethodService: GoogleInputMethodService.updateDeviceLockedStatus():2248 repeatCheckTimes = 1, locked = false
04-20 02:05:52.040 20885 20885 I AndroidIME: InputBundleManager.loadActiveInputBundleId():450 loadActiveInputBundleId: und-Latn-x-password, password
04-20 02:05:52.040   590  1504 D ActivityManager: sync unfroze 21183 com.google.android.webview:sandboxed_process0:org.chromium.content.app.SandboxedProcessService0:0 for 6
04-20 02:05:52.040   590  1605 W PackageConfigPersister: App-specific configuration not found for packageName: com.google.android.apps.nexuslauncher and userId: 0
04-20 02:05:52.042   590   648 I ActivityManager: Force stopping com.impos2.mixcretailassemblyrn84 appid=10216 user=0: pkg removed
04-20 02:05:52.042   590   648 I WindowManager:   Force removing ActivityRecord{d4b4789 u0 com.impos2.mixcretailassemblyrn84/.MainActivity t856 f} isExiting}
04-20 02:05:52.042   590   648 W WindowManager: removeAppToken: Attempted to remove non-existing token: Token{776d7af ActivityRecord{d4b4789 u0 com.impos2.mixcretailassemblyrn84/.MainActivity t856 f} isExiting}}
04-20 02:05:52.042   590   648 I WindowManager:   Force removing ActivityRecord{ee7c706 u0 com.impos2.mixcretailassemblyrn84/.SecondaryActivity t855 f} isExiting}
04-20 02:05:52.042   590   648 W WindowManager: removeAppToken: Attempted to remove non-existing token: Token{c7253f4 ActivityRecord{ee7c706 u0 com.impos2.mixcretailassemblyrn84/.SecondaryActivity t855 f} isExiting}}
04-20 02:05:52.048   590   648 W IPCThreadState: Sending oneway calls to frozen process.
04-20 02:05:52.049   590   648 W IPCThreadState: Sending oneway calls to frozen process.
04-20 02:05:52.049   590   648 W IPCThreadState: Sending oneway calls to frozen process.
04-20 02:05:52.049   590   648 W IPCThreadState: Sending oneway calls to frozen process.
04-20 02:05:52.049   590   648 W IPCThreadState: Sending oneway calls to frozen process.
04-20 02:05:52.049   590   648 W IPCThreadState: Sending oneway calls to frozen process.
04-20 02:05:52.050  9373  9373 I abb     : StartCommandInProcess(73657474696e67730067657400676c6f settings.get.glo [truncated])
04-20 02:05:52.050   590   648 W IPCThreadState: Sending oneway calls to frozen process.
04-20 02:05:52.050   590   648 W IPCThreadState: Sending oneway calls to frozen process.
04-20 02:05:52.050   590   648 W IPCThreadState: Sending oneway calls to frozen process.
04-20 02:05:52.051   590   648 W IPCThreadState: Sending oneway calls to frozen process.
04-20 02:05:52.052   590   648 W IPCThreadState: Sending oneway calls to frozen process.
04-20 02:05:52.052   590   648 W IPCThreadState: Sending oneway calls to frozen process.
04-20 02:05:52.048   590   590 W binder:590_F: type=1400 audit(0.0:2324): avc:  denied  { getopt } for  scontext=u:r:system_server:s0 tcontext=u:r:shell:s0 tclass=unix_stream_socket permissive=0
04-20 02:05:52.048   590   590 W binder:590_F: type=1400 audit(0.0:2325): avc:  denied  { getopt } for  scontext=u:r:system_server:s0 tcontext=u:r:shell:s0 tclass=unix_stream_socket permissive=0
04-20 02:05:52.048   590   590 W binder:590_F: type=1400 audit(0.0:2326): avc:  denied  { getopt } for  scontext=u:r:system_server:s0 tcontext=u:r:shell:s0 tclass=unix_stream_socket permissive=0
04-20 02:05:52.052   590   648 W IPCThreadState: Sending oneway calls to frozen process.
04-20 02:05:52.052   590   648 W IPCThreadState: Sending oneway calls to frozen process.
04-20 02:05:52.052   590   648 W IPCThreadState: Sending oneway calls to frozen process.
04-20 02:05:52.053   590   648 W IPCThreadState: Sending oneway calls to frozen process.
04-20 02:05:52.053  9373  9373 I abb     : StartCommandInProcess(7061636b61676500696e7374616c6c00 package.install. [truncated])
04-20 02:05:52.066   590   712 V StorageManagerService: Package com.impos2.mixcretailassemblyrn84 does not have legacy storage
04-20 02:05:52.066 21035 21035 I A       : (REDACTED) Created gRPC endpoint for service %s
04-20 02:05:52.069   590   775 I AppWidgetServiceImpl: Received broadcast: android.intent.action.PACKAGE_REMOVED on user 0
04-20 02:05:52.069   590   738 W WifiService: Couldn't get PackageInfo for package:com.impos2.mixcretailassemblyrn84
04-20 02:05:52.069   590   738 D WifiService: Remove settings for package:com.impos2.mixcretailassemblyrn84
04-20 02:05:52.069   590   738 D WifiConfigManager: Remove all networks for app ApplicationInfo{eaf5252 com.impos2.mixcretailassemblyrn84}
04-20 02:05:52.070   590   775 I AppWidgetServiceImpl: calling removeHostsAndProvidersForPackageLocked() because package removed permanently. extras=Bundle[{android.intent.extra.REMOVED_FOR_ALL_USERS=true, android.intent.extra.DONT_KILL_APP=false, android.intent.extra.UID=10216, android.intent.extra.SYSTEM_UPDATE_UNINSTALL=false, android.intent.extra.USER_INITIATED=true, android.intent.extra.DATA_REMOVED=true, android.intent.extra.user_handle=0}] isReplacing=false isArchival=false
04-20 02:05:52.070   590   775 I AppWidgetServiceImpl: removeHostsAndProvidersForPackageLocked() pkg=com.impos2.mixcretailassemblyrn84 userId=0
04-20 02:05:52.070   590  1464 E TaskPersister: File error accessing recents directory (directory doesn't exist?).
04-20 02:05:52.070   590  1464 E TaskPersister: File error accessing recents directory (directory doesn't exist?).
04-20 02:05:52.077   590   738 I PasspointManager: No app ops listener found for com.impos2.mixcretailassemblyrn84
04-20 02:05:52.079   590   625 D ActivityManager: sync unfroze 12101 com.google.android.documentsui for 3
04-20 02:05:52.083 12101 12101 I ProvidersCache: Updating roots due to change on user 0at content://com.google.android.apps.docs.storage/root
04-20 02:05:52.085   590   683 I RollbackManager: broadcast=ACTION_PACKAGE_FULLY_REMOVED pkg=com.impos2.mixcretailassemblyrn84
04-20 02:05:52.085   590   738 W WifiService: Couldn't get PackageInfo for package:com.impos2.mixcretailassemblyrn84
04-20 02:05:52.085   590   738 D WifiService: Remove settings for package:com.impos2.mixcretailassemblyrn84
04-20 02:05:52.085   590   738 D WifiConfigManager: Remove all networks for app ApplicationInfo{8f4cd05 com.impos2.mixcretailassemblyrn84}
04-20 02:05:52.085   590   738 I PasspointManager: No app ops listener found for com.impos2.mixcretailassemblyrn84
04-20 02:05:52.129 14233 14233 I binder  : 14233:12101 dead process or thread
04-20 02:05:52.129 14233 14233 I binder  : 12101:14233 transaction call to 13433:0 failed 42709508/29202/0, size 332-16 line 3897
04-20 02:05:52.135   955   955 I binder  : 955:590 dead process or thread
04-20 02:05:52.135   955   955 I binder  : 590:955 transaction call to 13433:0 failed 42709537/29202/0, size 0-0 line 3897
04-20 02:05:52.094   590   625 D ActivityManager: sync unfroze 4607 com.google.android.gms for 3
04-20 02:05:52.104  1376  1376 W MediaProvider: WorkProfileOwnerApps cache is empty
04-20 02:05:52.104  1376  1376 D PickerSyncLockManager: Trying to acquire lock com.android.providers.media.photopicker.sync.CloseableReentrantLock@3dd2dd7[Unlocked]. Lock Name = CLOUD_PROVIDER_LOCK. Threads that may be waiting to acquire this lock = []
04-20 02:05:52.104  1376  1376 D CloseableReentrantLock: Successfully acquired lock com.android.providers.media.photopicker.sync.CloseableReentrantLock@3dd2dd7[Locked by thread main]. Lock Name = CLOUD_PROVIDER_LOCK. Threads that may be waiting to acquire this lock = []
04-20 02:05:52.104  1376  1376 D CloseableReentrantLock: Successfully released lock com.android.providers.media.photopicker.sync.CloseableReentrantLock@3dd2dd7[Unlocked]. Lock Name = CLOUD_PROVIDER_LOCK. Threads that may be waiting to acquire this lock = []
04-20 02:05:52.105   590  3910 W JobInfo : Job 'com.google.android.providers.media.module/com.android.providers.media.MediaService#-300' has a deadline with no functional constraints. The deadline won't improve job execution latency. Consider removing the deadline.
04-20 02:05:52.105   590   625 D ActivityManager: sync unfroze 11358 com.android.chrome for 3
04-20 02:05:52.110   590   590 D ActivityManager: sync unfroze 11983 com.android.settings for 10
04-20 02:05:52.115   590   590 D ActivityManager: sync unfroze 12083 com.android.keychain for 10
04-20 02:05:52.123   836   836 D ControlsListingControllerImpl: ServiceConfig reloaded, count: 1
04-20 02:05:52.127  1389  1396 I ogle.android.as: Background concurrent mark compact GC freed 3265KB AllocSpace bytes, 0(0B) LOS objects, 49% free, 6039KB/11MB, paused 788us,8.760ms total 67.552ms
04-20 02:05:52.127 12101 14233 W IPCThreadState: Transaction failed because process frozen.
04-20 02:05:52.185   605   605 I binder  : 605:590 cannot find target node
04-20 02:05:52.185   605   605 I binder  : 590:605 transaction async to 0:0 failed 42709712/29189/-22, size 64-0 line 3265
04-20 02:05:52.127 12101 14233 E IPCThreadState: Binder transaction failure. id: 42709508, BR_*: 29202, error: 0 (Success)
04-20 02:05:52.128 12101 14233 E JavaBinder: !!! FAILED BINDER TRANSACTION !!!  (parcel size = 332)
04-20 02:05:52.129 12101 14233 I ActivityThread: Removing dead content provider:android.content.ContentProviderProxy@b4948f
04-20 02:05:52.129   590   606 W ActivityManager: pid 12101 com.google.android.documentsui sent binder code 1 with flags 2 to frozen apps and got error -2147483646
04-20 02:05:52.134   590   955 W IPCThreadState: Transaction failed because process frozen.
04-20 02:05:52.134   590   955 E IPCThreadState: Binder transaction failure. id: 42709537, BR_*: 29202, error: 0 (Success)
04-20 02:05:52.134   590   955 I ActivityManager: Process com.google.android.apps.docs (pid 13433) early provider death
04-20 02:05:52.138   590   955 I ActivityManager: Process com.google.android.apps.docs (pid 13433) has died: cch+5 CEM 
04-20 02:05:52.144  1389  1399 W ogle.android.as: ApkAssets: Deleting an ApkAssets object '<empty> and /product/priv-app/Velvet/Velvet.apk' with 1 weak references
04-20 02:05:52.146 12101 14233 W ProvidersCache: Failed to load some roots from com.google.android.apps.docs.storage
04-20 02:05:52.146 12101 14233 W ProvidersCache: android.os.DeadObjectException: Transaction failed on small parcel; remote process probably died, but this could also be caused by running out of binder buffer space
04-20 02:05:52.146 12101 14233 W ProvidersCache: 	at android.os.BinderProxy.transactNative(Native Method)
04-20 02:05:52.146 12101 14233 W ProvidersCache: 	at android.os.BinderProxy.transact(BinderProxy.java:586)
04-20 02:05:52.146 12101 14233 W ProvidersCache: 	at android.content.ContentProviderProxy.query(ContentProviderNative.java:493)
04-20 02:05:52.146 12101 14233 W ProvidersCache: 	at android.content.ContentProviderClient.query(ContentProviderClient.java:196)
04-20 02:05:52.146 12101 14233 W ProvidersCache: 	at android.content.ContentProviderClient.query(ContentProviderClient.java:178)
04-20 02:05:52.146 12101 14233 W ProvidersCache: 	at android.content.ContentProviderClient.query(ContentProviderClient.java:168)
04-20 02:05:52.146 12101 14233 W ProvidersCache: 	at com.android.documentsui.roots.ProvidersCache.loadRootsForAuthority(ProvidersCache.java:366)
04-20 02:05:52.146 12101 14233 W ProvidersCache: 	at com.android.documentsui.roots.ProvidersCache.-$$Nest$mloadRootsForAuthority(ProvidersCache.java:0)
04-20 02:05:52.146 12101 14233 W ProvidersCache: 	at com.android.documentsui.roots.ProvidersCache$MultiProviderUpdateTask.handleDocumentsProvider(ProvidersCache.java:647)
04-20 02:05:52.146 12101 14233 W ProvidersCache: 	at com.android.documentsui.roots.ProvidersCache$MultiProviderUpdateTask.startSingleProviderUpdateTask(ProvidersCache.java:623)
04-20 02:05:52.146 12101 14233 W ProvidersCache: 	at com.android.documentsui.roots.ProvidersCache$MultiProviderUpdateTask.lambda$doInBackground$0(ProvidersCache.java:569)
04-20 02:05:52.146 12101 14233 W ProvidersCache: 	at com.android.documentsui.roots.ProvidersCache$MultiProviderUpdateTask.$r8$lambda$mnJpmgdZARm40VapREkQeOExLF8(ProvidersCache.java:0)
04-20 02:05:52.146 12101 14233 W ProvidersCache: 	at com.android.documentsui.roots.ProvidersCache$MultiProviderUpdateTask$$ExternalSyntheticLambda0.run(R8$$SyntheticClass:0)
04-20 02:05:52.146 12101 14233 W ProvidersCache: 	at java.util.concurrent.Executors$RunnableAdapter.call(Executors.java:487)
04-20 02:05:52.146 12101 14233 W ProvidersCache: 	at java.util.concurrent.FutureTask.run(FutureTask.java:264)
04-20 02:05:52.146 12101 14233 W ProvidersCache: 	at java.util.concurrent.ThreadPoolExecutor.runWorker(ThreadPoolExecutor.java:1145)
04-20 02:05:52.146 12101 14233 W ProvidersCache: 	at java.util.concurrent.ThreadPoolExecutor$Worker.run(ThreadPoolExecutor.java:644)
04-20 02:05:52.146 12101 14233 W ProvidersCache: 	at java.lang.Thread.run(Thread.java:1012)
04-20 02:05:52.146   590   590 I Telecom : CarModeTracker: Package com.impos2.mixcretailassemblyrn84 is not tracked.: SSH.oR@AN4🔒
04-20 02:05:52.146   590   590 I Telecom : InCallController: updateCarModeForConnections: car mode apps: : SSH.oR@AN4🔒
04-20 02:05:52.147   590   590 I Telecom : InCallController: update carmode current:UserHandle{0} parent:null: SSH.oR@AN4🔒
04-20 02:05:52.154   590   611 D DisplayManagerService: Drop pending events for gone uid 10150
04-20 02:05:52.157  1099  1106 W s.nexuslauncher: ApkAssets: Deleting an ApkAssets object '<empty> and /product/priv-app/Velvet/Velvet.apk' with 1 weak references
04-20 02:05:52.158  1099  1106 W System  : A resource failed to call release. 
04-20 02:05:52.158  1099  1106 W System  : A resource failed to call release. 
04-20 02:05:52.158  1099  1106 W System  : A resource failed to call release. 
04-20 02:05:52.158  1099  1106 W s.nexuslauncher: ApkAssets: Deleting an ApkAssets object '<empty> and /data/app/~~f3UmhMudmE-mCoBf2KQ6gg==/com.impos2.mixcretailassemblyrn84-4FpUS9r4ynFlQ940asAVuQ==/base.apk' with 1 weak references
04-20 02:05:52.161   388 14246 I resolv  : GetAddrInfoHandler::run: {0 0 0 983040 10145 0}
04-20 02:05:52.168   388 14247 I resolv  : GetAddrInfoHandler::run: {0 0 0 983040 10145 0}
04-20 02:05:52.170   590   692 I RoleService: Granting default roles...
04-20 02:05:52.175   590   795 D ShortcutService: received package broadcast intent: Intent { act=android.intent.action.PACKAGE_REMOVED dat=package: flg=0x4000010 (has extras) }
04-20 02:05:52.175   590   795 D ShortcutService: removing package: com.impos2.mixcretailassemblyrn84 userId0
04-20 02:05:52.175   590   795 D ShortcutService: handlePackageRemoved: com.impos2.mixcretailassemblyrn84 user=0
04-20 02:05:52.179  1389  1399 W ogle.android.as: ApkAssets: Deleting an ApkAssets object '<empty> and /system_ext/priv-app/SystemUITitan/SystemUITitan.apk' with 1 weak references
04-20 02:05:52.180  1389  1399 W ogle.android.as: ApkAssets: Deleting an ApkAssets object '/product/overlay/SystemUITitan__sdk_gtablet_arm64__auto_generated_rro_product.apk' with 1 weak references
04-20 02:05:52.180  1389  1399 W ogle.android.as: ApkAssets: Deleting an ApkAssets object '/product/overlay/TitanSysuiConfigOverlay.apk' with 1 weak references
04-20 02:05:52.181  1389  1399 W ogle.android.as: ApkAssets: Deleting an ApkAssets object '<empty> and /product/app/Drive/Drive.apk' with 1 weak references
04-20 02:05:52.182   590   605 W WindowManager: Failed looking up window session=Session{330fbed 836:u0a10186} callers=com.android.server.wm.WindowManagerService.removeClientToken:2058 com.android.server.wm.Session.remove:274 android.view.IWindowSession$Stub.onTransact:685 
04-20 02:05:52.183   836   874 V WindowManagerShell: Transition animation finished (aborted=false), notifying core (#540) android.os.BinderProxy@6547a0b@0
04-20 02:05:52.183   590   605 E IPCThreadState: Binder transaction failure. id: 42709712, BR_*: 29189, error: -22 (Invalid argument)
04-20 02:05:52.183   590   605 W ActivityManager: pid 590 system sent binder code 7 with flags 1 to frozen apps and got error -32
04-20 02:05:52.183   590   605 D ActivityManager: Too many transaction errors, throttling freezer binder callback.
04-20 02:05:52.183   590   605 W WindowManager: Exception thrown during dispatchAppVisibility Window{5e9afa7 u0 com.impos2.mixcretailassemblyrn84/com.impos2.mixcretailassemblyrn84.SecondaryActivity EXITING}
04-20 02:05:52.183   590   605 W WindowManager: android.os.DeadObjectException
04-20 02:05:52.183   590   605 W WindowManager: 	at android.os.BinderProxy.transactNative(Native Method)
04-20 02:05:52.183   590   605 W WindowManager: 	at android.os.BinderProxy.transact(BinderProxy.java:586)
04-20 02:05:52.183   590   605 W WindowManager: 	at android.view.IWindow$Stub$Proxy.dispatchAppVisibility(IWindow.java:553)
04-20 02:05:52.183   590   605 W WindowManager: 	at com.android.server.wm.WindowState.sendAppVisibilityToClients(WindowState.java:3253)
04-20 02:05:52.183   590   605 W WindowManager: 	at com.android.server.wm.WindowContainer.sendAppVisibilityToClients(WindowContainer.java:1289)
04-20 02:05:52.183   590   605 W WindowManager: 	at com.android.server.wm.WindowToken.setClientVisible(WindowToken.java:403)
04-20 02:05:52.183   590   605 W WindowManager: 	at com.android.server.wm.ActivityRecord.setClientVisible(ActivityRecord.java:7166)
04-20 02:05:52.183   590   605 W WindowManager: 	at com.android.server.wm.ActivityRecord.postApplyAnimation(ActivityRecord.java:5881)
04-20 02:05:52.183   590   605 W WindowManager: 	at com.android.server.wm.ActivityRecord.commitVisibility(ActivityRecord.java:5823)
04-20 02:05:52.183   590   605 W WindowManager: 	at com.android.server.wm.Transition.finishTransition(Transition.java:1286)
04-20 02:05:52.183   590   605 W WindowManager: 	at com.android.server.wm.TransitionController.finishTransition(TransitionController.java:937)
04-20 02:05:52.183   590   605 W WindowManager: 	at com.android.server.wm.WindowOrganizerController.finishTransition(WindowOrganizerController.java:494)
04-20 02:05:52.183   590   605 W WindowManager: 	at android.window.IWindowOrganizerController$Stub.onTransact(IWindowOrganizerController.java:289)
04-20 02:05:52.183   590   605 W WindowManager: 	at com.android.server.wm.WindowOrganizerController.onTransact(WindowOrganizerController.java:204)
04-20 02:05:52.183   590   605 W WindowManager: 	at android.os.Binder.execTransactInternal(Binder.java:1505)
04-20 02:05:52.183   590   605 W WindowManager: 	at android.os.Binder.execTransact(Binder.java:1444)
04-20 02:05:52.184   590   605 W Process : Unable to open /proc/13827/status
04-20 02:05:52.184  1389  1399 W ogle.android.as: ApkAssets: Deleting an ApkAssets object '<empty> and /product/app/Photos/Photos.apk' with 1 weak references
04-20 02:05:52.184   590   610 V WindowManager: Finish Transition (#540): created at 04-20 02:05:51.869 collect-started=0.053ms request-sent=0.383ms started=12.457ms ready=12.45ms sent=50.838ms finished=313.617ms
04-20 02:05:52.191  1389  1399 W ogle.android.as: ApkAssets: Deleting an ApkAssets object '<empty> and /product/priv-app/WellbeingPrebuilt/WellbeingPrebuilt.apk' with 1 weak references
04-20 02:05:52.193   590   605 W UserManagerService: Requested status bar icon for non-badged user 0
04-20 02:05:52.195   590   610 V WindowManager: Finish Transition (#541): created at 04-20 02:05:51.952 collect-started=0.014ms request-sent=9.809ms started=13.807ms ready=29.411ms sent=32.627ms finished=241.912ms
04-20 02:05:52.195  1389  1399 W ogle.android.as: ApkAssets: Deleting an ApkAssets object '<empty> and /product/app/YouTubeMusicPrebuilt/YouTubeMusicPrebuilt.apk' with 1 weak references
04-20 02:05:52.195  1389  1399 W ogle.android.as: ApkAssets: Deleting an ApkAssets object '<empty> and /product/app/CalendarGooglePrebuilt/CalendarGooglePrebuilt.apk' with 1 weak references
04-20 02:05:52.195  1389  1399 W ogle.android.as: ApkAssets: Deleting an ApkAssets object '<empty> and /product/app/GoogleContacts/GoogleContacts.apk' with 1 weak references
04-20 02:05:52.196   836   874 V WindowManagerShell: Track 0 became idle
04-20 02:05:52.196   836   874 V WindowManagerShell: All active transition animations finished
04-20 02:05:52.198  1389  1399 W ogle.android.as: ApkAssets: Deleting an ApkAssets object '<empty> and /product/app/PrebuiltDeskClockGoogle/PrebuiltDeskClockGoogle.apk' with 1 weak references
04-20 02:05:52.200  1389  1399 W ogle.android.as: ApkAssets: Deleting an ApkAssets object '<empty> and /product/app/GoogleKeepPrebuilt/GoogleKeepPrebuilt.apk' with 1 weak references
04-20 02:05:52.201  1389  1399 W ogle.android.as: ApkAssets: Deleting an ApkAssets object '<empty> and /product/priv-app/SettingsIntelligenceGooglePrebuilt/SettingsIntelligenceGooglePrebuilt.apk' with 1 weak references
04-20 02:05:52.201  1389  1399 W ogle.android.as: ApkAssets: Deleting an ApkAssets object '<empty> and /product/app/YouTube/YouTube.apk' with 1 weak references
04-20 02:05:52.201  1389  1399 W ogle.android.as: ApkAssets: Deleting an ApkAssets object '<empty> and /data/app/~~f3UmhMudmE-mCoBf2KQ6gg==/com.impos2.mixcretailassemblyrn84-4FpUS9r4ynFlQ940asAVuQ==/base.apk' with 1 weak references
04-20 02:05:52.203   836   874 V ShellDesktopMode: Task Vanished: #855 closed=true
04-20 02:05:52.211   590   614 W InputManager-JNI: Input channel object '4e22a9a Splash Screen com.impos2.mixcretailassemblyrn84 (client)' was disposed without first being removed with the input manager!
04-20 02:05:52.215   590   590 I ConditionProviders: Disallowing condition provider com.impos2.mixcretailassemblyrn84 (userSet: true)
04-20 02:05:52.218   590  3248 W Role    : Default holder doesn't have required signing certificate: com.google.android.retaildemo:6547c73dee150c103980bfdffe55cc9a011d785dd694a5f99afd8205bcaf1f80
04-20 02:05:52.218   590  3248 E RoleControllerServiceImpl: Default/fallback role holder package doesn't qualify for the role, package: com.google.android.gms.supervision, role: android.app.role.SYSTEM_SUPERVISION
04-20 02:05:52.219   590  3248 W Role    : Default holder doesn't have required signing certificate: com.google.android.apps.work.clouddpc:23962F4B43B9857638EA66F4D419518EAE282491ACDA4B94707BD59003C45E58
04-20 02:05:52.224   937   937 D BoundBrokerSvc: onUnbind: Intent { act=com.google.android.gms.pseudonymous.service.START pkg=com.google.android.gms }
04-20 02:05:52.226   439   439 E BpTransactionCompletedListener: Failed to transact (-32)
04-20 02:05:52.228   590   625 D ActivityManager: sync unfroze 22500 com.google.android.apps.wellbeing for 3
04-20 02:05:52.230   590   625 D ActivityManager: sync unfroze 21463 com.google.android.permissioncontroller for 3
04-20 02:05:52.232  1099  1099 I TopTaskTracker: onTaskRemoved: taskId=855
04-20 02:05:52.232  1099  1099 I TopTaskTracker: onTaskRemoved: taskId=855
04-20 02:05:52.234   590  2411 W WindowManager: Failed looking up window session=Session{330fbed 836:u0a10186} callers=com.android.server.wm.WindowManagerService.windowForClientLocked:6311 com.android.server.wm.WindowManagerService.relayoutWindowInner:2328 com.android.server.wm.WindowManagerService.relayoutWindow:2293 
04-20 02:05:52.235 12083 12089 W ndroid.keychain: Reducing the number of considered missed Gc histogram windows from 310 to 100
04-20 02:05:52.236   836   886 W WindowOnBackDispatcher: sendCancelIfRunning: isInProgress=false callback=android.view.ViewRootImpl$$ExternalSyntheticLambda11@2dfe82e
04-20 02:05:52.239   590   625 D ActivityManager: sync unfroze 10961 android.process.media for 3
04-20 02:05:52.240   590  1605 W WindowManager: Failed looking up window session=Session{330fbed 836:u0a10186} callers=com.android.server.wm.WindowManagerService.removeClientToken:2058 com.android.server.wm.Session.remove:274 android.view.IWindowSession$Stub.onTransact:685 
04-20 02:05:52.240   590  2411 W WindowManager: Failed looking up window session=Session{330fbed 836:u0a10186} callers=com.android.server.wm.WindowManagerService.windowForClientLocked:6311 com.android.server.wm.Session.setOnBackInvokedCallbackInfo:1020 android.view.IWindowSession$Stub.onTransact:1199 
04-20 02:05:52.240   590  2411 I WindowManager: setOnBackInvokedCallback(): No window state for package:com.android.systemui
04-20 02:05:52.241   590   734 W BestClock: java.time.DateTimeException: Missing network time fix
04-20 02:05:52.243  4607  4607 D BoundBrokerSvc: onUnbind: Intent { act=com.google.android.gms.common.BIND_SHARED_PREFS pkg=com.google.android.gms }
04-20 02:05:52.246   590  3248 W Role    : Cannot get ApplicationInfo for default holder: com.google.android.dialer
04-20 02:05:52.247  1099  1099 I TopTaskTracker: onTaskRemoved: taskId=856
04-20 02:05:52.247  1099  1099 I TopTaskTracker: onTaskRemoved: taskId=856
04-20 02:05:52.247   590  3248 E RoleControllerServiceImpl: Default/fallback role holder package doesn't qualify for the role, package: com.google.android.gms, role: android.app.role.WALLET
04-20 02:05:52.249   590  1610 W UserManagerService: Requested status bar icon for non-badged user 0
04-20 02:05:52.259   590   627 I libprocessgroup: Removed cgroup /sys/fs/cgroup/uid_10150/pid_13433
04-20 02:05:52.258 12294 12294 I binder  : undelivered transaction 42709222, process died.
04-20 02:05:52.259   389   389 I Zygote  : Process 13433 exited due to signal 9 (Killed)
04-20 02:05:52.266   388   472 I netd    : tetherGetStats() -> {[]} <2.11ms>
04-20 02:05:52.267   590  1605 V ActivityManager: Got obituary of 13433:com.google.android.apps.docs
04-20 02:05:52.271   590  3248 E RoleControllerServiceImpl: Default/fallback role holder package doesn't qualify for the role, package: com.google.android.devicelockcontroller, role: android.app.role.SYSTEM_FINANCED_DEVICE_CONTROLLER
04-20 02:05:52.272   590   734 W BestClock: java.time.DateTimeException: Missing network time fix
04-20 02:05:52.272   590  1501 W UserManagerService: Requested status bar icon for non-badged user 0
04-20 02:05:52.279   429 10954 I AF::TrackHandle: opChanged OP_PLAY_AUDIO callback received for 
04-20 02:05:52.280   590   671 D SafetySourceDataValidat: No cert check requested for package com.google.android.permissioncontroller
04-20 02:05:52.281   429 10954 I AF::TrackHandle: opChanged OP_PLAY_AUDIO callback received for 
04-20 02:05:52.281   429 10954 I AF::TrackHandle: opChanged OP_PLAY_AUDIO callback received for 
04-20 02:05:52.281   429 10954 I AF::TrackHandle: opChanged OP_PLAY_AUDIO callback received for 
04-20 02:05:52.281   429 10954 I AF::TrackHandle: opChanged OP_PLAY_AUDIO callback received for 
04-20 02:05:52.281   429 10954 I AF::TrackHandle: opChanged OP_PLAY_AUDIO callback received for 
04-20 02:05:52.281   429 10954 I AF::TrackHandle: opChanged OP_PLAY_AUDIO callback received for 
04-20 02:05:52.281   429 10954 I AF::TrackHandle: opChanged OP_PLAY_AUDIO callback received for 
04-20 02:05:52.282   429 10954 I AF::TrackHandle: opChanged OP_PLAY_AUDIO callback received for 
04-20 02:05:52.282   429 10954 I AF::TrackHandle: opChanged OP_PLAY_AUDIO callback received for 
04-20 02:05:52.282   429 10954 I AF::TrackHandle: opChanged OP_PLAY_AUDIO callback received for 
04-20 02:05:52.282   429 10954 I AF::TrackHandle: opChanged OP_PLAY_AUDIO callback received for 
04-20 02:05:52.282   429 10954 I AF::TrackHandle: opChanged OP_PLAY_AUDIO callback received for 
04-20 02:05:52.282   429 10954 I AF::TrackHandle: opChanged OP_PLAY_AUDIO callback received for 
04-20 02:05:52.282   429 10954 I AF::TrackHandle: opChanged OP_PLAY_AUDIO callback received for 
04-20 02:05:52.282   429 10954 I AF::TrackHandle: opChanged OP_PLAY_AUDIO callback received for 
04-20 02:05:52.283   590   795 D ShortcutService: Saving package item com.google.android.as to /data/system_ce/0/shortcut_service/launchers/com.google.android.as0.xml
04-20 02:05:52.284  1376  1752 I MediaProvider: Begin Intent { act=android.intent.action.PACKAGE_FULLY_REMOVED dat=package: flg=0x5000010 cmp=com.google.android.providers.media.module/com.android.providers.media.MediaService (has extras) }
04-20 02:05:52.285  1376  1752 D MediaProvider: Deleted 0 Android/media items belonging to com.impos2.mixcretailassemblyrn84 on /data/user/0/com.google.android.providers.media.module/databases/external.db
04-20 02:05:52.292   590 13465 D IntervalStats: Unable to parse usage stats packages: [305]
04-20 02:05:52.296   590 13465 D IntervalStats: Unable to parse usage stats packages: [305]
04-20 02:05:52.297  1376  1752 D MediaGrants: Removed 0 media_grants for 0 user for [com.impos2.mixcretailassemblyrn84]. Reason: Package orphaned
04-20 02:05:52.299  4607  4607 D BoundBrokerSvc: onBind: Intent { act=com.google.android.gms.common.BIND_SHARED_PREFS pkg=com.google.android.gms }
04-20 02:05:52.299  4607  4607 D BoundBrokerSvc: Loading bound service for intent: Intent { act=com.google.android.gms.common.BIND_SHARED_PREFS pkg=com.google.android.gms }
04-20 02:05:52.299   590 13465 D IntervalStats: Unable to parse usage stats packages: [305, 307]
04-20 02:05:52.301  4607 14251 I Blockstore: [DataStoreImpl] Clearing all the Blockstore Data for package com.impos2.mixcretailassemblyrn84 [CONTEXT service_id=258 ]
04-20 02:05:52.301  4607 14251 I Blockstore: [DataStoreImpl] Clearing all the Blockstore Data for 1 packages [CONTEXT service_id=258 ]
04-20 02:05:52.302  4607 14251 I Blockstore: [DataStoreImpl] Removing Blockstore data for packages [com.impos2.mixcretailassemblyrn84] [CONTEXT service_id=258 ]
04-20 02:05:52.302  1376  1752 I MediaProvider: End Intent { act=android.intent.action.PACKAGE_FULLY_REMOVED dat=package: flg=0x5000010 cmp=com.google.android.providers.media.module/com.android.providers.media.MediaService (has extras) }
04-20 02:05:52.303 21463 21463 D PersistedStoragePackageUninstalledReceiver: Received android.intent.action.PACKAGE_FULLY_REMOVED for com.impos2.mixcretailassemblyrn84 for u0
04-20 02:05:52.319   590   795 D ShortcutService: Saving package item com.google.android.apps.nexuslauncher to /data/system_ce/0/shortcut_service/launchers/com.google.android.apps.nexuslauncher0.xml
04-20 02:05:52.321   937 14259 I Fitness : FitCleanupIntentOperation received Intent android.intent.action.PACKAGE_REMOVED [CONTEXT service_id=17 ]
04-20 02:05:52.325   836   843 I ndroid.systemui: Background concurrent mark compact GC freed 5298KB AllocSpace bytes, 0(0B) LOS objects, 49% free, 11MB/23MB, paused 6.722ms,16.497ms total 267.582ms
04-20 02:05:52.336   590   624 I CredentialManager: updateProvidersWhenPackageRemoved
04-20 02:05:52.339  4607 14263 W SQLiteLog: (28) double-quoted string literal: "com.impos2.mixcretailassemblyrn84"
04-20 02:05:52.373  4607  4622 I Icing   : doRemovePackageData com.impos2.mixcretailassemblyrn84
04-20 02:05:52.380   590   624 W MagnificationConnectionManager: requestConnection duplicated request: connect=false, mConnectionState=DISCONNECTED
04-20 02:05:52.380  1099  1099 D LauncherAppsCallbackImpl: package removed received com.impos2.mixcretailassemblyrn84
04-20 02:05:52.383   590   590 W IPCThreadState: Sending oneway calls to frozen process.
04-20 02:05:52.384   590   795 D ShortcutService: Saving package item com.android.systemui to /data/system_ce/0/shortcut_service/launchers/com.android.systemui0.xml
04-20 02:05:52.385   388 14273 I resolv  : GetAddrInfoHandler::run: {0 262144 0 983040 10144 0}
04-20 02:05:52.386   388 14274 I resolv  : GetAddrInfoHandler::run: {0 262144 0 983040 10144 0}
04-20 02:05:52.389  1389  1389 I AiAiEcho: AppFetcherImplV2 onPackageRemoved com.impos2.mixcretailassemblyrn84.
04-20 02:05:52.393  1099  1138 D PackageUpdatedTask: Package updated: mOp=REMOVE packages=[com.impos2.mixcretailassemblyrn84]
04-20 02:05:52.395 21035 21061 W A       : CompleteServer request has failed and can't show offline suggestions.
04-20 02:05:52.395 21035 21061 W A       : com.google.frameworks.client.data.android.ac: Http networking stack error
04-20 02:05:52.395 21035 21061 W A       : 	at com.google.frameworks.client.data.android.x.run(PG:36)
04-20 02:05:52.395 21035 21061 W A       : 	at com.google.android.libraries.k.x.run(PG:3)
04-20 02:05:52.395 21035 21061 W A       : 	at com.google.common.n.c.c.run(PG:50)
04-20 02:05:52.395 21035 21061 W A       : 	at com.google.android.libraries.k.e.run(PG:8)
04-20 02:05:52.395 21035 21061 W A       : 	at java.lang.Thread.run(Thread.java:1012)
04-20 02:05:52.395 21035 21061 W A       : 	at com.google.android.libraries.k.d.b.run(PG:74)
04-20 02:05:52.395 21035 21061 W A       : Caused by: org.chromium.net.impl.ct: Exception in CronetUrlRequest: net::ERR_INTERNET_DISCONNECTED, ErrorCode=2, InternalErrorCode=-106, Retryable=false
04-20 02:05:52.395 21035 21061 W A       : 	at org.chromium.net.impl.CronetUrlRequest.onError(PG:80)
04-20 02:05:52.395 21035 21061 W A       : #getSuggestions failed
04-20 02:05:52.395 21035 21061 W A       : com.google.frameworks.client.data.android.ac: Http networking stack error
04-20 02:05:52.395 21035 21061 W A       : 	at com.google.frameworks.client.data.android.x.run(PG:36)
04-20 02:05:52.395 21035 21061 W A       : 	at com.google.android.libraries.k.x.run(PG:3)
04-20 02:05:52.395 21035 21061 W A       : 	at com.google.common.n.c.c.run(PG:50)
04-20 02:05:52.395 21035 21061 W A       : 	at com.google.android.libraries.k.e.run(PG:8)
04-20 02:05:52.395 21035 21061 W A       : 	at java.lang.Thread.run(Thread.java:1012)
04-20 02:05:52.395 21035 21061 W A       : 	at com.google.android.libraries.k.d.b.run(PG:74)
04-20 02:05:52.395 21035 21061 W A       : Caused by: org.chromium.net.impl.ct: Exception in CronetUrlRequest: net::ERR_INTERNET_DISCONNECTED, ErrorCode=2, InternalErrorCode=-106, Retryable=false
04-20 02:05:52.395 21035 21061 W A       : 	at org.chromium.net.impl.CronetUrlRequest.onError(PG:80)
04-20 02:05:52.396  1099 14240 E OneSearchSuggestProvider: Unable to get suggestions from AGA
04-20 02:05:52.396  1099 14240 E OneSearchSuggestProvider: io.grpc.StatusRuntimeException: UNKNOWN
04-20 02:05:52.396  1099 14240 E OneSearchSuggestProvider: 	at l3.e.a(go/retraceme 6422cbaa18704413bfb3e93ebb8478614d3644845132061bc54b1fae066de31d:77)
04-20 02:05:52.396  1099 14240 E OneSearchSuggestProvider: 	at j3.l.b(go/retraceme 6422cbaa18704413bfb3e93ebb8478614d3644845132061bc54b1fae066de31d:43)
04-20 02:05:52.396  1099 14240 E OneSearchSuggestProvider: 	at j3.l.a(go/retraceme 6422cbaa18704413bfb3e93ebb8478614d3644845132061bc54b1fae066de31d:27)
04-20 02:05:52.396  1099 14240 E OneSearchSuggestProvider: 	at j3.z.run(go/retraceme 6422cbaa18704413bfb3e93ebb8478614d3644845132061bc54b1fae066de31d:7)
04-20 02:05:52.396  1099 14240 E OneSearchSuggestProvider: 	at j3.m2.run(go/retraceme 6422cbaa18704413bfb3e93ebb8478614d3644845132061bc54b1fae066de31d:19)
04-20 02:05:52.396  1099 14240 E OneSearchSuggestProvider: 	at java.util.concurrent.ThreadPoolExecutor.runWorker(ThreadPoolExecutor.java:1145)
04-20 02:05:52.396  1099 14240 E OneSearchSuggestProvider: 	at java.util.concurrent.ThreadPoolExecutor$Worker.run(ThreadPoolExecutor.java:644)
04-20 02:05:52.396  1099 14240 E OneSearchSuggestProvider: 	at java.lang.Thread.run(Thread.java:1012)
04-20 02:05:52.396  1099  1099 D SearchTargetUtil: query= size=0
04-20 02:05:52.400  1099  1138 D PackageUpdatedTask: REMOVE: removing package=com.impos2.mixcretailassemblyrn84
04-20 02:05:52.400  1099  1099 D StatsLog: LAUNCHER_ALLAPPS_COUNT
