04-20 02:40:39.656 I/MMKV    (14873): <MMKV.cpp:1208::sync> MMKV::sync, SyncFlag = 1
04-20 02:40:39.662 I/MMKV    (14873): <MMKV_IO.cpp:609::writeActualSize> [mixc-retail-assembly-rn84::state] increase sequence to 75, crc 3699071606, actualSize 23572
04-20 02:40:39.662 I/MMKV    (14873): <MMKV.cpp:1208::sync> MMKV::sync, SyncFlag = 1
04-20 02:40:39.668 I/MMKV    (14873): <MMKV_IO.cpp:609::writeActualSize> [mixc-retail-assembly-rn84::state] increase sequence to 76, crc 3748954057, actualSize 23572
04-20 02:40:39.668 I/MMKV    (14873): <MMKV.cpp:1208::sync> MMKV::sync, SyncFlag = 1
04-20 02:40:39.672 I/MMKV    (14873): <MMKV_IO.cpp:609::writeActualSize> [mixc-retail-assembly-rn84::secure-state] increase sequence to 6, crc 3931882489, actualSize 259
04-20 02:40:39.672 I/MMKV    (14873): <MMKV.cpp:1208::sync> MMKV::sync, SyncFlag = 1
04-20 02:40:39.673 I/MMKV    (14873): <MMKV_IO.cpp:609::writeActualSize> [mixc-retail-assembly-rn84::state] increase sequence to 77, crc 1084765882, actualSize 23572
04-20 02:40:39.673 I/MMKV    (14873): <MMKV.cpp:1208::sync> MMKV::sync, SyncFlag = 1
04-20 02:40:39.677 I/MMKV    (14873): <MMKV_IO.cpp:609::writeActualSize> [mixc-retail-assembly-rn84::state] increase sequence to 78, crc 4093092866, actualSize 23572
04-20 02:40:39.677 I/MMKV    (14873): <MMKV.cpp:1208::sync> MMKV::sync, SyncFlag = 1
04-20 02:40:39.684 I/assembly.assembly.android.mixc-retail-rn84(14873): [assembly.topology] Native topology host already matches desired lifecycle state {"displayCount":2,"displayIndex":0,"deviceId":"J9RZPWR3HK","instanceMode":"MASTER","enableSlave":true,"running":false,"reason":"not-master-or-single-primary-host"}
04-20 02:40:39.685 I/MMKV    (14873): <MMKV_IO.cpp:609::writeActualSize> [mixc-retail-assembly-rn84::state] increase sequence to 79, crc 2969173061, actualSize 23572
04-20 02:40:39.685 I/MMKV    (14873): <MMKV.cpp:1208::sync> MMKV::sync, SyncFlag = 1
04-20 02:40:39.686 I/assembly.assembly.android.mixc-retail-rn84(14873): [assembly.topology] Native topology host already matches desired lifecycle state {"displayCount":2,"displayIndex":0,"deviceId":"J9RZPWR3HK","instanceMode":"MASTER","enableSlave":true,"running":false,"reason":"not-master-or-single-primary-host"}
04-20 02:40:39.686 I/StartupAudit(14873): restart_requested hasSecondary=false pid=14873 time=2026-04-20 02:40:39.686
04-20 02:40:39.686 I/StartupAudit(14873): topology_host_stopping pid=14873 time=2026-04-20 02:40:39.686
04-20 02:40:39.687 I/StartupAudit(14873): topology_host_stopped pid=14873 time=2026-04-20 02:40:39.687
04-20 02:40:39.690 I/assembly.assembly.android.mixc-retail-rn84(14873): [assembly.topology] Native topology host already matches desired lifecycle state {"displayCount":2,"displayIndex":0,"deviceId":"J9RZPWR3HK","instanceMode":"MASTER","enableSlave":true,"running":false,"reason":"not-master-or-single-primary-host"}
04-20 02:40:39.690 I/assembly.assembly.android.mixc-retail-rn84(14873): [assembly.topology] Native topology host already matches desired lifecycle state {"displayCount":2,"displayIndex":0,"deviceId":"J9RZPWR3HK","instanceMode":"MASTER","enableSlave":true,"running":false,"reason":"not-master-or-single-primary-host"}
04-20 02:40:39.690 I/assembly.assembly.android.mixc-retail-rn84(14873): [assembly.topology] Native topology host already matches desired lifecycle state {"displayCount":2,"displayIndex":0,"deviceId":"J9RZPWR3HK","instanceMode":"MASTER","enableSlave":true,"running":false,"reason":"not-master-or-single-primary-host"}
04-20 02:40:39.690 I/assembly.assembly.android.mixc-retail-rn84(14873): [assembly.topology] Native topology host already matches desired lifecycle state {"displayCount":2,"displayIndex":0,"deviceId":"J9RZPWR3HK","instanceMode":"MASTER","enableSlave":true,"running":false,"reason":"not-master-or-single-primary-host"}
04-20 02:40:39.690 I/assembly.assembly.android.mixc-retail-rn84(14873): [assembly.topology] Native topology host already matches desired lifecycle state {"displayCount":2,"displayIndex":0,"deviceId":"J9RZPWR3HK","instanceMode":"MASTER","enableSlave":true,"running":false,"reason":"not-master-or-single-primary-host"}
04-20 02:40:39.693 I/MMKV    (14873): <MMKV_IO.cpp:609::writeActualSize> [mixc-retail-assembly-rn84::state] increase sequence to 80, crc 239822236, actualSize 24488
04-20 02:40:39.693 I/MMKV    (14873): <MMKV.cpp:1208::sync> MMKV::sync, SyncFlag = 1
04-20 02:40:39.693 V/WindowManagerShell(  836): Transition animation finished (aborted=false), notifying core (#548) android.os.BinderProxy@1f44575@0
04-20 02:40:39.694 V/WindowManager(  590): Finish Transition (#548): created at 04-20 02:40:39.378 collect-started=0.026ms request-sent=2.777ms started=5.931ms ready=24.557ms sent=25.123ms finished=315.229ms
04-20 02:40:39.694 D/VRI[NexusLauncherActivity]( 1099): visibilityChanged oldVisibility=true newVisibility=false
04-20 02:40:39.695 V/WindowManagerShell(  836): Track 0 became idle
04-20 02:40:39.695 V/WindowManagerShell(  836): All active transition animations finished
04-20 02:40:39.696 W/UserManagerService(  590): Requested status bar icon for non-badged user 0
04-20 02:40:39.696 W/UserManagerService(  590): Requested status bar icon for non-badged user 0
04-20 02:40:39.698 I/MMKV    (14873): <MMKV_IO.cpp:609::writeActualSize> [mixc-retail-assembly-rn84::state] increase sequence to 81, crc 1985576407, actualSize 24488
04-20 02:40:39.698 I/MMKV    (14873): <MMKV.cpp:1208::sync> MMKV::sync, SyncFlag = 1
04-20 02:40:39.703 I/MMKV    (14873): <MMKV_IO.cpp:609::writeActualSize> [mixc-retail-assembly-rn84::state] increase sequence to 82, crc 2089930930, actualSize 24488
04-20 02:40:39.703 I/MMKV    (14873): <MMKV.cpp:1208::sync> MMKV::sync, SyncFlag = 1
04-20 02:40:39.708 I/MMKV    (14873): <MMKV_IO.cpp:609::writeActualSize> [mixc-retail-assembly-rn84::state] increase sequence to 83, crc 1637435304, actualSize 24488
04-20 02:40:39.708 I/MMKV    (14873): <MMKV.cpp:1208::sync> MMKV::sync, SyncFlag = 1
04-20 02:40:39.709 D/NexusLauncherModelDelegate( 1099): notifySmartspaceEvent: SmartspaceTargetEvent{mSmartspaceTarget=null, mSmartspaceActionId='null', mEventType=7}
04-20 02:40:39.714 I/MMKV    (14873): <MMKV_IO.cpp:609::writeActualSize> [mixc-retail-assembly-rn84::state] increase sequence to 84, crc 745263464, actualSize 24488
04-20 02:40:39.714 I/MMKV    (14873): <MMKV.cpp:1208::sync> MMKV::sync, SyncFlag = 1
04-20 02:40:39.715 D/BaseDepthController( 1099): setSurface:
04-20 02:40:39.715 D/BaseDepthController( 1099): 	mWaitingOnSurfaceValidity: false
04-20 02:40:39.715 D/BaseDepthController( 1099): 	mSurface: null
04-20 02:40:39.715 D/BaseDepthController( 1099): mSurface is null and mCurrentBlur is: 0
04-20 02:40:39.715 D/StateManager( 1099): goToState - fromState: Normal, toState: Normal, partial trace:
04-20 02:40:39.715 D/StateManager( 1099): 	at com.android.launcher3.statemanager.StateManager.moveToRestState(go/retraceme 6422cbaa18704413bfb3e93ebb8478614d3644845132061bc54b1fae066de31d:4)
04-20 02:40:39.715 D/StateManager( 1099): 	at com.android.launcher3.statemanager.StateManager.moveToRestState(go/retraceme 6422cbaa18704413bfb3e93ebb8478614d3644845132061bc54b1fae066de31d:1)
04-20 02:40:39.715 D/StateManager( 1099): 	at com.android.launcher3.statemanager.StatefulActivity.onStop(go/retraceme 6422cbaa18704413bfb3e93ebb8478614d3644845132061bc54b1fae066de31d:34)
04-20 02:40:39.715 D/StatsLog( 1099): LAUNCHER_ONSTOP
04-20 02:40:39.716 I/AppWidgetServiceImpl(  590): setAppWidgetHidden() 0
04-20 02:40:39.716 D/OneSearchSuggestProvider( 1099): Shut down the binder channel
04-20 02:40:39.716 D/StatsLog( 1099): LAUNCHER_GOOGLE_SEARCH_RESTORE_LIST_SIZE_AFTER_ACTIVITY_RESTART
04-20 02:40:39.720 I/MMKV    (14873): <MMKV_IO.cpp:609::writeActualSize> [mixc-retail-assembly-rn84::state] increase sequence to 85, crc 2089930930, actualSize 24488
04-20 02:40:39.720 I/MMKV    (14873): <MMKV.cpp:1208::sync> MMKV::sync, SyncFlag = 1
04-20 02:40:39.729 I/MMKV    (14873): <MMKV_IO.cpp:609::writeActualSize> [mixc-retail-assembly-rn84::secure-state] increase sequence to 7, crc 3931882489, actualSize 259
04-20 02:40:39.730 I/MMKV    (14873): <MMKV.cpp:1208::sync> MMKV::sync, SyncFlag = 1
04-20 02:40:39.732 I/MMKV    (14873): <MMKV_IO.cpp:609::writeActualSize> [mixc-retail-assembly-rn84::state] increase sequence to 86, crc 1637435304, actualSize 24488
04-20 02:40:39.732 I/MMKV    (14873): <MMKV.cpp:1208::sync> MMKV::sync, SyncFlag = 1
04-20 02:40:39.737 I/MMKV    (14873): <MMKV_IO.cpp:609::writeActualSize> [mixc-retail-assembly-rn84::state] increase sequence to 87, crc 745263464, actualSize 24488
04-20 02:40:39.737 I/MMKV    (14873): <MMKV.cpp:1208::sync> MMKV::sync, SyncFlag = 1
04-20 02:40:39.756 I/MMKV    (14873): <MMKV_IO.cpp:609::writeActualSize> [mixc-retail-assembly-rn84::state] increase sequence to 88, crc 2089930930, actualSize 24488
04-20 02:40:39.756 I/MMKV    (14873): <MMKV.cpp:1208::sync> MMKV::sync, SyncFlag = 1
04-20 02:40:39.765 I/MMKV    (14873): <MMKV_IO.cpp:609::writeActualSize> [mixc-retail-assembly-rn84::state] increase sequence to 89, crc 1637435304, actualSize 24488
04-20 02:40:39.765 I/MMKV    (14873): <MMKV.cpp:1208::sync> MMKV::sync, SyncFlag = 1
04-20 02:40:39.769 I/MMKV    (14873): <MMKV_IO.cpp:609::writeActualSize> [mixc-retail-assembly-rn84::state] increase sequence to 90, crc 745263464, actualSize 24488
04-20 02:40:39.769 I/MMKV    (14873): <MMKV.cpp:1208::sync> MMKV::sync, SyncFlag = 1
04-20 02:40:39.776 I/MMKV    (14873): <MMKV_IO.cpp:609::writeActualSize> [mixc-retail-assembly-rn84::state] increase sequence to 91, crc 2089930930, actualSize 24488
04-20 02:40:39.776 I/MMKV    (14873): <MMKV.cpp:1208::sync> MMKV::sync, SyncFlag = 1
04-20 02:40:39.797 I/StartupAudit(14873): main_process_restart_scheduled triggerAt=1776624039996 pid=14873 time=2026-04-20 02:40:39.797
04-20 02:40:39.798 V/WindowManagerShell(  836): Transition requested (#549): android.os.BinderProxy@8213128 TransitionRequestInfo { type = CLOSE, triggerTask = TaskInfo{userId=0 taskId=861 displayId=0 isRunning=false baseIntent=Intent { flg=0x10000000 cmp=com.impos2.mixcretailassemblyrn84/.MainActivity } baseActivity=null topActivity=null origActivity=null realActivity=ComponentInfo{com.impos2.mixcretailassemblyrn84/com.impos2.mixcretailassemblyrn84.MainActivity} numActivities=0 lastActiveTime=265424974 supportsMultiWindow=true resizeMode=1 isResizeable=true minWidth=-1 minHeight=-1 defaultMinSize=220 token=WCT{android.window.IWindowContainerToken$Stub$Proxy@c4e41} topActivityType=1 pictureInPictureParams=null shouldDockBigOverlays=false launchIntoPipHostTaskId=-1 lastParentTaskIdBeforePip=-1 displayCutoutSafeInsets=null topActivityInfo=null launchCookies=[] positionInParent=Point(0, 0) parentTaskId=-1 isFocused=true isVisible=true isVisibleRequested=true isSleeping=false locusId=null displayAreaFeatureId=1 isTopActivityTransparent=false appCompatTaskInfo=AppCompatTaskInfo { topActivityInSizeCompat=false topActivityEligibleForLetterboxEducation= falseisLetterboxEducationEnabled= false isLetterboxDoubleTapEnabled= false topActivityEligibleForUserAspectRatioButton= false topActivityBoundsLetterboxed= false isFromLetterboxDoubleTap= false topActivityLetterboxVerticalPosition= -1 topActivityLetterboxHorizontalPosition= -1 topActivityLetterboxWidth=-1 topActivityLetterboxHeight=-1 isUserFullscreenOverrideEnabled=false isSystemFullscreenOverrideEnabled=false cameraCompatTaskInfo=CameraCompatTaskInfo { cameraCompatControlState=hidden freeformCameraCompatMode=inactive}}}, pipTask = null, remoteTransition = null, displayChange = null, flags = 0, debugId = 549 }
04-20 02:40:39.798 I/StartupAudit(14873): main_process_exit pid=14873 time=2026-04-20 02:40:39.798
04-20 02:40:39.798 I/Process (14873): Sending signal. PID: 14873 SIG: 9
04-20 02:40:39.799 I/TopTaskTracker( 1099): onTaskMovedToFront: (moved taskInfo to front) taskId=670, baseIntent=Intent { act=android.intent.action.MAIN cat=[android.intent.category.HOME] flg=0x10000100 cmp=com.google.android.apps.nexuslauncher/.NexusLauncherActivity }
04-20 02:40:39.805 I/WindowManager(  590): WIN DEATH: Window{969e408 u0 com.impos2.mixcretailassemblyrn84/com.impos2.mixcretailassemblyrn84.MainActivity}
04-20 02:40:39.805 I/ImeTracker(  590): com.impos2.mixcretailassemblyrn84:a55d977d: onRequestHide at ORIGIN_SERVER reason HIDE_REMOVE_CLIENT fromUser false
04-20 02:40:39.805 I/ActivityManager(  590): Process com.impos2.mixcretailassemblyrn84 (pid 14873) has died: fg  TOP 
04-20 02:40:39.805 I/ImeTracker(  590): com.impos2.mixcretailassemblyrn84:a55d977d: onCancelled at PHASE_SERVER_SHOULD_HIDE
04-20 02:40:39.805 W/InputManager-JNI(  590): Input channel object '969e408 com.impos2.mixcretailassemblyrn84/com.impos2.mixcretailassemblyrn84.MainActivity (client)' was disposed without first being removed with the input manager!
04-20 02:40:39.805 I/libprocessgroup(  590): Removed cgroup /sys/fs/cgroup/uid_10217/pid_14873
04-20 02:40:39.806 I/Zygote  (  389): Process 14873 exited due to signal 9 (Killed)
04-20 02:40:39.806 W/ActivityManager(  590): Scheduling restart of crashed service com.impos2.mixcretailassemblyrn84/com.impos2.adapterv2.topologyhostv3.TopologyHostV3Service in 1000ms for start-requested
04-20 02:40:39.806 W/InputDispatcher(  590): Focused display #2 does not have a focused window.
04-20 02:40:39.806 E/InputDispatcher(  590): But another display has a focused window
04-20 02:40:39.806 E/InputDispatcher(  590):   FocusedWindows:
04-20 02:40:39.806 E/InputDispatcher(  590):     displayId=0, name='969e408 com.impos2.mixcretailassemblyrn84/com.impos2.mixcretailassemblyrn84.MainActivity'
04-20 02:40:39.807 D/DisplayManagerService(  590): Drop pending events for gone uid 10217
04-20 02:40:39.807 D/InetDiagMessage(  590): Destroyed 0 sockets, proto=IPPROTO_TCP, family=AF_INET, states=14
04-20 02:40:39.808 D/InetDiagMessage(  590): Destroyed 0 sockets, proto=IPPROTO_TCP, family=AF_INET6, states=14
04-20 02:40:39.808 D/InetDiagMessage(  590): Destroyed live tcp sockets for uids={10217} in 0ms
04-20 02:40:39.808 D/InetDiagMessage(  590): Destroyed 0 sockets, proto=IPPROTO_TCP, family=AF_INET, states=14
04-20 02:40:39.808 I/AppWidgetServiceImpl(  590): startListening() 0
04-20 02:40:39.808 D/InetDiagMessage(  590): Destroyed 0 sockets, proto=IPPROTO_TCP, family=AF_INET6, states=14
04-20 02:40:39.808 D/InetDiagMessage(  590): Destroyed live tcp sockets for uids={20217} in 0ms
04-20 02:40:39.808 W/ActivityManager(  590): setHasOverlayUi called on unknown pid: 14873
04-20 02:40:39.809 D/StatsLog( 1099): LAUNCHER_ONRESUME
04-20 02:40:39.809 I/BpBinder(  439): onLastStrongRef automatically unlinking death recipients: 
04-20 02:40:39.809 V/WindowManager(  590): Unknown focus tokens, dropping reportFocusChanged
04-20 02:40:39.809 V/WindowManager(  590): Unknown focus tokens, dropping reportFocusChanged
04-20 02:40:39.809 D/NexusLauncherModelDelegate( 1099): notifySmartspaceEvent: SmartspaceTargetEvent{mSmartspaceTarget=null, mSmartspaceActionId='null', mEventType=6}
04-20 02:40:39.810 W/AppSearchIcing(  590): icing-search-engine.cc:321: Error: 5, Message: Document (com.google.android.googlequicksearchbox$OneSearchZeroStateGoogleSuggestions/default, zp) not found.
04-20 02:40:39.811 D/OneSearchSuggestProvider( 1099): AppSearch 0-state cache not available, fallback to AGA
04-20 02:40:39.811 D/OneSearchSuggestProvider( 1099): java.util.concurrent.CompletionException: java.util.NoSuchElementException: No value present
04-20 02:40:39.811 D/OneSearchSuggestProvider( 1099): 	at java.util.concurrent.CompletableFuture.encodeThrowable(CompletableFuture.java:308)
04-20 02:40:39.811 D/OneSearchSuggestProvider( 1099): 	at java.util.concurrent.CompletableFuture.completeThrowable(CompletableFuture.java:323)
04-20 02:40:39.811 D/OneSearchSuggestProvider( 1099): 	at java.util.concurrent.CompletableFuture$UniAccept.tryFire(CompletableFuture.java:684)
04-20 02:40:39.811 D/OneSearchSuggestProvider( 1099): 	at java.util.concurrent.CompletableFuture.postComplete(CompletableFuture.java:486)
04-20 02:40:39.811 D/OneSearchSuggestProvider( 1099): 	at java.util.concurrent.CompletableFuture.completeExceptionally(CompletableFuture.java:2138)
04-20 02:40:39.811 D/OneSearchSuggestProvider( 1099): 	at com.google.android.apps.nexuslauncher.allapps.E0.onResult(go/retraceme 6422cbaa18704413bfb3e93ebb8478614d3644845132061bc54b1fae066de31d:67)
04-20 02:40:39.811 D/OneSearchSuggestProvider( 1099): 	at android.app.appsearch.SearchSessionUtil$1.lambda$onResult$0(go/retraceme 64eee9e9f568ff45978879ad2ff83146f2618ee8a88278736fbdf5fae931976e:144)
04-20 02:40:39.811 D/OneSearchSuggestProvider( 1099): 	at android.app.appsearch.SearchSessionUtil$1.$r8$lambda$CEk3q8sDAQVhU3rQwVueB8FAj_M(go/retraceme 64eee9e9f568ff45978879ad2ff83146f2618ee8a88278736fbdf5fae931976e:1)
04-20 02:40:39.811 D/OneSearchSuggestProvider( 1099): 	at android.app.appsearch.SearchSessionUtil$1$$ExternalSyntheticLambda0.run(go/retraceme 64eee9e9f568ff45978879ad2ff83146f2618ee8a88278736fbdf5fae931976e:22)
04-20 02:40:39.811 D/OneSearchSuggestProvider( 1099): 	at android.os.Handler.handleCallback(Handler.java:959)
04-20 02:40:39.811 D/OneSearchSuggestProvider( 1099): 	at android.os.Handler.dispatchMessage(Handler.java:100)
04-20 02:40:39.811 D/OneSearchSuggestProvider( 1099): 	at android.os.Looper.loopOnce(Looper.java:232)
04-20 02:40:39.811 D/OneSearchSuggestProvider( 1099): 	at android.os.Looper.loop(Looper.java:317)
04-20 02:40:39.811 D/OneSearchSuggestProvider( 1099): 	at android.os.HandlerThread.run(HandlerThread.java:85)
04-20 02:40:39.811 D/OneSearchSuggestProvider( 1099): Caused by: java.util.NoSuchElementException: No value present
04-20 02:40:39.811 D/OneSearchSuggestProvider( 1099): 	at java.util.Optional.get(Optional.java:143)
04-20 02:40:39.811 D/OneSearchSuggestProvider( 1099): 	at com.google.android.apps.nexuslauncher.allapps.E0.onResult(go/retraceme 6422cbaa18704413bfb3e93ebb8478614d3644845132061bc54b1fae066de31d:28)
04-20 02:40:39.811 D/OneSearchSuggestProvider( 1099): 	... 8 more
04-20 02:40:39.813 W/ActivityTaskManager(  590): Unable to send transaction to client proc com.impos2.mixcretailassemblyrn84: no app thread
04-20 02:40:39.813 D/OneSearchSuggestProvider( 1099): Created the binder channel successfully for end point service =com.google.android.apps.search.googleapp.search.suggest.plugins.onesearch.server.OneSearchSuggestService , mChannel=i1{delegate=f{logId=395, target=directaddress:///AndroidComponentAddress%5BIntent%20%7B%20act=grpc.io.action.BIND%20cmp=com.google.android.googlequicksearchbox/com.google.android.apps.search.googleapp.search.suggest.plugins.onesearch.server.OneSearchSuggestService%20%7D%5D}} , mOneSearchConnection=m2.Z@53462da
04-20 02:40:39.813 D/QuickstepModelDelegate( 1099): notifyAppTargetEvent action=1 launchLocation=workspace/0/[-1,-1]/[1,1]
04-20 02:40:39.814 V/WindowManager(  590): Unknown focus tokens, dropping reportFocusChanged
04-20 02:40:39.815 D/WindowManagerShell(  836): setLauncherKeepClearAreaHeight: visible=true, height=223
04-20 02:40:39.815 D/BaseDepthController( 1099): setSurface:
04-20 02:40:39.815 D/BaseDepthController( 1099): 	mWaitingOnSurfaceValidity: false
04-20 02:40:39.815 D/BaseDepthController( 1099): 	mSurface: Surface(name=com.google.android.apps.nexuslauncher/com.google.android.apps.nexuslauncher.NexusLauncherActivity)/@0xad0fc95
04-20 02:40:39.816 I/AiAiEcho( 1389): Predicting[0]:  [CONTEXT sampling_count=5 ]
04-20 02:40:39.816 I/AiAiEcho( 1389): EchoTargets: 
04-20 02:40:39.816 I/AiAiEcho( 1389): Filtered by AiAi flag check: 
04-20 02:40:39.816 I/AiAiEcho( 1389): [CONTEXT ratelimit_period="10 SECONDS" ]
04-20 02:40:39.816 I/AiAiEcho( 1389): Ranked targets strategy: SORT, count: 0, ranking metadata:  [CONTEXT ratelimit_period="10 SECONDS" ]
04-20 02:40:39.816 I/AiAiEcho( 1389): #remoteViewsTwiddler: feature disabled.
04-20 02:40:39.816 I/AiAiEcho( 1389): #postPredictionTargets: Sending updates to UISurface home with targets# 0 (types=[])
04-20 02:40:39.822 V/WindowManagerShell(  836): onTransitionReady(transaction=2534030744905)
04-20 02:40:39.822 V/WindowManagerShell(  836): onTransitionReady (#549) android.os.BinderProxy@8213128: {id=549 t=CLOSE f=0x0 trk=0 r=[0@Point(0, 0)] c=[{WCT{android.window.IWindowContainerToken$Stub$Proxy@abefd40} m=TO_FRONT f=SHOW_WALLPAPER leash=Surface(name=Task=1)/@0xeec37d4 sb=Rect(0, 0 - 2560, 1600) eb=Rect(0, 0 - 2560, 1600) d=0 taskParent=-1},{WCT{android.window.IWindowContainerToken$Stub$Proxy@3fb8479} m=CLOSE f=NONE leash=Surface(name=Task=861)/@0x58e8d7d sb=Rect(0, 0 - 2560, 1600) eb=Rect(0, 0 - 2560, 1600) d=0 taskParent=-1},{null m=TO_FRONT f=IS_WALLPAPER leash=Surface(name=WallpaperWindowToken{55198b token=android.os.Binder@bf0535a})/@0x87c8472 sb=Rect(0, 0 - 2560, 1600) eb=Rect(0, 0 - 2560, 1600) d=0}]}
04-20 02:40:39.825 V/WindowManager(  590): Sent Transition (#549) createdAt=04-20 02:40:39.798 via request=TransitionRequestInfo { type = CLOSE, triggerTask = TaskInfo{userId=0 taskId=861 displayId=0 isRunning=false baseIntent=Intent { flg=0x10000000 cmp=com.impos2.mixcretailassemblyrn84/.MainActivity } baseActivity=null topActivity=null origActivity=null realActivity=ComponentInfo{com.impos2.mixcretailassemblyrn84/com.impos2.mixcretailassemblyrn84.MainActivity} numActivities=0 lastActiveTime=265424974 supportsMultiWindow=true resizeMode=1 isResizeable=true minWidth=-1 minHeight=-1 defaultMinSize=220 token=WCT{RemoteToken{c6fa3e Task{1be0342 #861 type=standard A=10217:com.impos2.mixcretailassemblyrn84}}} topActivityType=1 pictureInPictureParams=null shouldDockBigOverlays=false launchIntoPipHostTaskId=-1 lastParentTaskIdBeforePip=-1 displayCutoutSafeInsets=null topActivityInfo=null launchCookies=[] positionInParent=Point(0, 0) parentTaskId=-1 isFocused=true isVisible=true isVisibleRequested=true isSleeping=false locusId=null displayAreaFeatureId=1 isTopActivityTransparent=false appCompatTaskInfo=AppCompatTaskInfo { topActivityInSizeCompat=false topActivityEligibleForLetterboxEducation= falseisLetterboxEducationEnabled= false isLetterboxDoubleTapEnabled= false topActivityEligibleForUserAspectRatioButton= false topActivityBoundsLetterboxed= false isFromLetterboxDoubleTap= false topActivityLetterboxVerticalPosition= -1 topActivityLetterboxHorizontalPosition= -1 topActivityLetterboxWidth=-1 topActivityLetterboxHeight=-1 isUserFullscreenOverrideEnabled=false isSystemFullscreenOverrideEnabled=false cameraCompatTaskInfo=CameraCompatTaskInfo { cameraCompatControlState=hidden freeformCameraCompatMode=inactive}}}, pipTask = null, remoteTransition = null, displayChange = null, flags = 0, debugId = 549 }
04-20 02:40:39.825 V/WindowManager(  590):     startWCT=WindowContainerTransaction { changes = {} hops = [] errorCallbackToken=null taskFragmentOrganizer=null }
04-20 02:40:39.825 V/WindowManager(  590):     info={id=549 t=CLOSE f=0x0 trk=0 r=[0@Point(0, 0)] c=[
04-20 02:40:39.825 V/WindowManager(  590):         {WCT{RemoteToken{eecd609 Task{403a6f7 #1 type=home}}} m=TO_FRONT f=SHOW_WALLPAPER leash=Surface(name=Task=1)/@0x27bc150 sb=Rect(0, 0 - 2560, 1600) eb=Rect(0, 0 - 2560, 1600) d=0 taskParent=-1},
04-20 02:40:39.825 V/WindowManager(  590):         {WCT{RemoteToken{c6fa3e Task{1be0342 #861 type=standard A=10217:com.impos2.mixcretailassemblyrn84}}} m=CLOSE f=NONE leash=Surface(name=Task=861)/@0xea9cdc0 sb=Rect(0, 0 - 2560, 1600) eb=Rect(0, 0 - 2560, 1600) d=0 taskParent=-1},
04-20 02:40:39.825 V/WindowManager(  590):         {null m=TO_FRONT f=IS_WALLPAPER leash=Surface(name=WallpaperWindowToken{55198b token=android.os.Binder@bf0535a})/@0x6a378e3 sb=Rect(0, 0 - 2560, 1600) eb=Rect(0, 0 - 2560, 1600) d=0}
04-20 02:40:39.825 V/WindowManager(  590):     ]}
04-20 02:40:39.826 V/WindowManagerShell(  836): Playing animation for (#549) android.os.BinderProxy@8213128@0
04-20 02:40:39.826 V/WindowManagerShell(  836):  try handler com.android.wm.shell.transition.DefaultMixedHandler@a4b4bb1
04-20 02:40:39.826 V/WindowManagerShell(  836):  try handler com.android.wm.shell.keyguard.KeyguardTransitionHandler@f055896
04-20 02:40:39.826 V/WindowManagerShell(  836):  try handler com.android.wm.shell.pip.PipTransition@489c17
04-20 02:40:39.826 V/WindowManagerShell(  836):  try handler com.android.wm.shell.activityembedding.ActivityEmbeddingController@f43a804
04-20 02:40:39.826 V/WindowManagerShell(  836):  try handler com.android.wm.shell.splitscreen.StageCoordinator@417f1ed
04-20 02:40:39.826 V/WindowManagerShell(  836):  try handler com.android.wm.shell.desktopmode.DesktopTasksController@4366822
04-20 02:40:39.826 V/WindowManagerShell(  836):  try handler com.android.wm.shell.recents.RecentsTransitionHandler@b30e2b3
04-20 02:40:39.826 V/ShellRecents(  836): RecentsTransitionHandler.startAnimation: no controller found
04-20 02:40:39.826 V/WindowManagerShell(  836):  try handler com.android.wm.shell.transition.RemoteTransitionHandler@2554070
04-20 02:40:39.826 V/WindowManagerShell(  836): Transition doesn't have explicit remote, search filters for match for {id=549 t=CLOSE f=0x0 trk=0 r=[0@Point(0, 0)] c=[{WCT{android.window.IWindowContainerToken$Stub$Proxy@abefd40} m=TO_FRONT f=SHOW_WALLPAPER leash=Surface(name=Task=1)/@0xeec37d4 sb=Rect(0, 0 - 2560, 1600) eb=Rect(0, 0 - 2560, 1600) d=0 taskParent=-1},{WCT{android.window.IWindowContainerToken$Stub$Proxy@3fb8479} m=CLOSE f=NONE leash=Surface(name=Task=861)/@0x58e8d7d sb=Rect(0, 0 - 2560, 1600) eb=Rect(0, 0 - 2560, 1600) d=0 taskParent=-1},{null m=TO_FRONT f=IS_WALLPAPER leash=Surface(name=WallpaperWindowToken{55198b token=android.os.Binder@bf0535a})/@0x87c8472 sb=Rect(0, 0 - 2560, 1600) eb=Rect(0, 0 - 2560, 1600) d=0}]}
04-20 02:40:39.826 V/WindowManagerShell(  836):  Checking filter Pair{{types=[] flags=0x0] notFlags=0x0 checks=[{atype=undefined independent=true modes=[OPEN,TO_FRONT] flags=IN_TASK_WITH_EMBEDDED_ACTIVITY mustBeTask=false order=ANY topActivity=ComponentInfo{com.google.android.apps.nexuslauncher/com.google.android.apps.nexuslauncher.NexusLauncherActivity} launchCookie=null},{atype=undefined independent=true modes=[CLOSE,TO_BACK] flags=IN_TASK_WITH_EMBEDDED_ACTIVITY mustBeTask=false order=ANY topActivity=null launchCookie=null}]} RemoteTransition { remoteTransition = android.window.IRemoteTransition$Stub$Proxy@e8ebfe9, appThread = android.app.IApplicationThread$Stub$Proxy@876e46e, debugName = OverlaySwipeBack }}
04-20 02:40:39.826 V/WindowManagerShell(  836):  Checking filter Pair{{types=[] flags=0x0] notFlags=0x0 checks=[{atype=dream independent=true modes=[OPEN,TO_FRONT] flags=NONE mustBeTask=false order=ANY topActivity=null launchCookie=null},{atype=home independent=true modes=[CLOSE,TO_BACK] flags=NONE mustBeTask=false order=ANY topActivity=null launchCookie=null}]} RemoteTransition { remoteTransition = android.window.IRemoteTransition$Stub$Proxy@f4cf70f, appThread = android.app.IApplicationThread$Stub$Proxy@ba5f39c, debugName = LauncherToDream }}
04-20 02:40:39.826 V/WindowManagerShell(  836):  Checking filter Pair{{types=[] flags=0x0] notFlags=0x100 checks=[{atype=home independent=true modes=[OPEN,TO_FRONT] flags=NONE mustBeTask=false order=TOP topActivity=ComponentInfo{com.google.android.apps.nexuslauncher/com.google.android.apps.nexuslauncher.NexusLauncherActivity} launchCookie=null},{atype=standard independent=true modes=[CLOSE,TO_BACK] flags=NONE mustBeTask=false order=ANY topActivity=null launchCookie=null}]} RemoteTransition { remoteTransition = android.window.IRemoteTransition$Stub$Proxy@c8a71a5, appThread = android.app.IApplicationThread$Stub$Proxy@30d97a, debugName = QuickstepLaunchHome }}
04-20 02:40:39.826 D/RemoteTransitionHandler(  836): Found filterPair{{types=[] flags=0x0] notFlags=0x100 checks=[{atype=home independent=true modes=[OPEN,TO_FRONT] flags=NONE mustBeTask=false order=TOP topActivity=ComponentInfo{com.google.android.apps.nexuslauncher/com.google.android.apps.nexuslauncher.NexusLauncherActivity} launchCookie=null},{atype=standard independent=true modes=[CLOSE,TO_BACK] flags=NONE mustBeTask=false order=ANY topActivity=null launchCookie=null}]} RemoteTransition { remoteTransition = android.window.IRemoteTransition$Stub$Proxy@c8a71a5, appThread = android.app.IApplicationThread$Stub$Proxy@30d97a, debugName = QuickstepLaunchHome }}
04-20 02:40:39.826 V/WindowManagerShell(  836):  Delegate animation for (#549) to RemoteTransition { remoteTransition = android.window.IRemoteTransition$Stub$Proxy@c8a71a5, appThread = android.app.IApplicationThread$Stub$Proxy@30d97a, debugName = QuickstepLaunchHome }
04-20 02:40:39.827 D/SsBaseTemplateCard( 1099): No text view can be set up
04-20 02:40:39.827 D/SsBaseTemplateCard( 1099): Passed-in item info is null
04-20 02:40:39.827 D/SsBaseTemplateCard( 1099): Passed-in item info is null
04-20 02:40:39.827 D/SsBaseTemplateCard( 1099): Passed-in item info is null
04-20 02:40:39.827 I/SsBaseTemplateCard( 1099): Secondary card pane is null
04-20 02:40:39.827 D/ActivityManager(  590): sync unfroze 21035 com.google.android.googlequicksearchbox:search for 6
04-20 02:40:39.830 V/WindowManagerShell(  836):  animated by com.android.wm.shell.transition.RemoteTransitionHandler@2554070
04-20 02:40:39.830 D/ActivityManager(  590): sync unfroze 21183 com.google.android.webview:sandboxed_process0:org.chromium.content.app.SandboxedProcessService0:0 for 6
04-20 02:40:39.831 I/BpBinder(  439): onLastStrongRef automatically unlinking death recipients: 
04-20 02:40:39.831 W/UserManagerService(  590): Requested status bar icon for non-badged user 0
04-20 02:40:39.833 D/StateManager( 1099): createAtomicAnimation - fromState: Background, toState: Normal, partial trace:
04-20 02:40:39.833 D/StateManager( 1099): 	at com.android.quickstep.util.StaggeredWorkspaceAnim.prepareToAnimate(go/retraceme 6422cbaa18704413bfb3e93ebb8478614d3644845132061bc54b1fae066de31d:22)
04-20 02:40:39.833 D/StateManager( 1099): 	at com.android.quickstep.util.StaggeredWorkspaceAnim.<init>(go/retraceme 6422cbaa18704413bfb3e93ebb8478614d3644845132061bc54b1fae066de31d:4)
04-20 02:40:39.833 D/StateManager( 1099): 	at com.android.quickstep.util.StaggeredWorkspaceAnim.<init>(go/retraceme 6422cbaa18704413bfb3e93ebb8478614d3644845132061bc54b1fae066de31d:1)
04-20 02:40:39.833 I/A       (21035): (REDACTED) Created gRPC endpoint for service %s
04-20 02:40:39.850 W/FrameTracker( 1099): Missed SF frame:PREDICTION_ERROR, 170231707, 6051377, CUJ=J<TASKBAR_COLLAPSE::Home to App>
04-20 02:40:39.850 W/FrameTracker( 1099): Missed SF frame:PREDICTION_ERROR, 170231966, 10317174, CUJ=J<TASKBAR_COLLAPSE::Home to App>
04-20 02:40:39.850 W/FrameTracker( 1099): Missed SF frame:PREDICTION_ERROR, 170232023, 8312883, CUJ=J<TASKBAR_COLLAPSE::Home to App>
04-20 02:40:39.850 W/FrameTracker( 1099): Missed SF frame:PREDICTION_ERROR, 170232224, 4732844, CUJ=J<TASKBAR_COLLAPSE::Home to App>
04-20 02:40:39.850 W/FrameTracker( 1099): Missed SF frame:PREDICTION_ERROR, 170232296, 5108137, CUJ=J<TASKBAR_COLLAPSE::Home to App>
04-20 02:40:39.850 W/FrameTracker( 1099): Missing HWUI jank callback for vsyncId: 170232613, CUJ=J<TASKBAR_COLLAPSE::Home to App>
04-20 02:40:39.850 I/ImeTracker(  590): com.google.android.apps.nexuslauncher:18c4bb78: onRequestHide at ORIGIN_SERVER reason HIDE_UNSPECIFIED_WINDOW fromUser false
04-20 02:40:39.850 I/ImeTracker(  590): com.google.android.apps.nexuslauncher:18c4bb78: onCancelled at PHASE_SERVER_SHOULD_HIDE
04-20 02:40:39.850 V/PerfettoTrigger( 1099): Triggering /system/bin/trigger_perfetto com.android.telemetry.interaction-jank-monitor-61
04-20 02:40:39.851 I/GoogleInputMethodService(20885): GoogleInputMethodService.onFinishInput():3157 
04-20 02:40:39.852 I/GoogleInputMethodService(20885): GoogleInputMethodService.updateDeviceLockedStatus():2248 repeatCheckTimes = 0, locked = false
04-20 02:40:39.852 I/GoogleInputMethodService(20885): GoogleInputMethodService.onStartInput():1986 onStartInput(EditorInfo{EditorInfo{packageName=com.google.android.apps.nexuslauncher, inputType=0, inputTypeString=NULL, enableLearning=false, autoCorrection=false, autoComplete=false, imeOptions=0, privateImeOptions=null, actionName=UNSPECIFIED, actionLabel=null, initialSelStart=-1, initialSelEnd=-1, initialCapsMode=0, label=null, fieldId=0, fieldName=null, extras=null, hintText=null, hintLocales=[]}}, false)
04-20 02:40:39.852 I/GoogleInputMethodService(20885): GoogleInputMethodService.updateDeviceLockedStatus():2248 repeatCheckTimes = 1, locked = false
04-20 02:40:39.852 I/AndroidIME(20885): InputBundleManager.loadActiveInputBundleId():450 loadActiveInputBundleId: und-Latn-x-password, password
04-20 02:40:39.852 W/PackageConfigPersister(  590): App-specific configuration not found for packageName: com.google.android.apps.nexuslauncher and userId: 0
04-20 02:40:39.861 W/ActivityTaskManager(  590): Unable to send transaction to client proc com.impos2.mixcretailassemblyrn84: no app thread
04-20 02:40:39.867 I/resolv  (  388): GetAddrInfoHandler::run: {0 262144 0 983040 10144 0}
04-20 02:40:39.868 I/resolv  (  388): GetAddrInfoHandler::run: {0 262144 0 983040 10144 0}
04-20 02:40:39.869 W/A       (21035): CompleteServer request has failed and can't show offline suggestions.
04-20 02:40:39.869 W/A       (21035): com.google.frameworks.client.data.android.ac: Http networking stack error
04-20 02:40:39.869 W/A       (21035): 	at com.google.frameworks.client.data.android.x.run(PG:36)
04-20 02:40:39.869 W/A       (21035): 	at com.google.android.libraries.k.x.run(PG:3)
04-20 02:40:39.869 W/A       (21035): 	at com.google.common.n.c.c.run(PG:50)
04-20 02:40:39.869 W/A       (21035): 	at com.google.android.libraries.k.e.run(PG:8)
04-20 02:40:39.869 W/A       (21035): 	at java.lang.Thread.run(Thread.java:1012)
04-20 02:40:39.869 W/A       (21035): 	at com.google.android.libraries.k.d.b.run(PG:74)
04-20 02:40:39.869 W/A       (21035): Caused by: org.chromium.net.impl.ct: Exception in CronetUrlRequest: net::ERR_INTERNET_DISCONNECTED, ErrorCode=2, InternalErrorCode=-106, Retryable=false
04-20 02:40:39.869 W/A       (21035): 	at org.chromium.net.impl.CronetUrlRequest.onError(PG:80)
04-20 02:40:39.869 W/A       (21035): #getSuggestions failed
04-20 02:40:39.869 W/A       (21035): com.google.frameworks.client.data.android.ac: Http networking stack error
04-20 02:40:39.869 W/A       (21035): 	at com.google.frameworks.client.data.android.x.run(PG:36)
04-20 02:40:39.869 W/A       (21035): 	at com.google.android.libraries.k.x.run(PG:3)
04-20 02:40:39.869 W/A       (21035): 	at com.google.common.n.c.c.run(PG:50)
04-20 02:40:39.869 W/A       (21035): 	at com.google.android.libraries.k.e.run(PG:8)
04-20 02:40:39.869 W/A       (21035): 	at java.lang.Thread.run(Thread.java:1012)
04-20 02:40:39.869 W/A       (21035): 	at com.google.android.libraries.k.d.b.run(PG:74)
04-20 02:40:39.869 W/A       (21035): Caused by: org.chromium.net.impl.ct: Exception in CronetUrlRequest: net::ERR_INTERNET_DISCONNECTED, ErrorCode=2, InternalErrorCode=-106, Retryable=false
04-20 02:40:39.869 W/A       (21035): 	at org.chromium.net.impl.CronetUrlRequest.onError(PG:80)
04-20 02:40:39.870 E/OneSearchSuggestProvider( 1099): Unable to get suggestions from AGA
04-20 02:40:39.870 E/OneSearchSuggestProvider( 1099): io.grpc.StatusRuntimeException: UNKNOWN
04-20 02:40:39.870 E/OneSearchSuggestProvider( 1099): 	at l3.e.a(go/retraceme 6422cbaa18704413bfb3e93ebb8478614d3644845132061bc54b1fae066de31d:77)
04-20 02:40:39.870 E/OneSearchSuggestProvider( 1099): 	at j3.l.b(go/retraceme 6422cbaa18704413bfb3e93ebb8478614d3644845132061bc54b1fae066de31d:43)
04-20 02:40:39.870 E/OneSearchSuggestProvider( 1099): 	at j3.l.a(go/retraceme 6422cbaa18704413bfb3e93ebb8478614d3644845132061bc54b1fae066de31d:27)
04-20 02:40:39.870 E/OneSearchSuggestProvider( 1099): 	at j3.z.run(go/retraceme 6422cbaa18704413bfb3e93ebb8478614d3644845132061bc54b1fae066de31d:7)
04-20 02:40:39.870 E/OneSearchSuggestProvider( 1099): 	at j3.m2.run(go/retraceme 6422cbaa18704413bfb3e93ebb8478614d3644845132061bc54b1fae066de31d:19)
04-20 02:40:39.870 E/OneSearchSuggestProvider( 1099): 	at java.util.concurrent.ThreadPoolExecutor.runWorker(ThreadPoolExecutor.java:1145)
04-20 02:40:39.870 E/OneSearchSuggestProvider( 1099): 	at java.util.concurrent.ThreadPoolExecutor$Worker.run(ThreadPoolExecutor.java:644)
04-20 02:40:39.870 E/OneSearchSuggestProvider( 1099): 	at java.lang.Thread.run(Thread.java:1012)
04-20 02:40:39.877 I/RanchuHwc(  412): logCompositionFallbackIfChanged: layer 1477 CompositionType fallback from 2 to 1
04-20 02:40:39.877 I/RanchuHwc(  412): logCompositionFallbackIfChanged: layer 1478 CompositionType fallback from 2 to 1
04-20 02:40:39.878 W/WindowOnBackDispatcher(  836): sendCancelIfRunning: isInProgress=false callback=android.view.ViewRootImpl$$ExternalSyntheticLambda11@4c30029
04-20 02:40:39.878 D/CoreBackPreview(  590): Window{51bd945 u0 Splash Screen com.impos2.mixcretailassemblyrn84 EXITING}: Setting back callback null
04-20 02:40:39.879 W/InputManager-JNI(  590): Input channel object '51bd945 Splash Screen com.impos2.mixcretailassemblyrn84 (client)' was disposed without first being removed with the input manager!
04-20 02:40:39.885 D/SearchTargetUtil( 1099): query= size=0
04-20 02:40:39.929 W/FrameTracker(  836): Missing HWUI jank callback for vsyncId: 170232181, CUJ=J<SPLASHSCREEN_EXIT_ANIM>
04-20 02:40:39.929 W/FrameTracker(  836): Missed SF frame:PREDICTION_ERROR, 170232253, 0, CUJ=J<SPLASHSCREEN_EXIT_ANIM>
04-20 02:40:39.929 W/FrameTracker(  836): Missing HWUI jank callback for vsyncId: 170232253, CUJ=J<SPLASHSCREEN_EXIT_ANIM>
04-20 02:40:39.929 W/FrameTracker(  836): Missed SF frame:PREDICTION_ERROR, 170232325, 0, CUJ=J<SPLASHSCREEN_EXIT_ANIM>
04-20 02:40:39.929 W/FrameTracker(  836): Missing HWUI jank callback for vsyncId: 170232325, CUJ=J<SPLASHSCREEN_EXIT_ANIM>
04-20 02:40:39.929 W/FrameTracker(  836): Missing HWUI jank callback for vsyncId: 170232635, CUJ=J<SPLASHSCREEN_EXIT_ANIM>
04-20 02:40:39.929 W/FrameTracker(  836): Missing HWUI jank callback for vsyncId: 170232700, CUJ=J<SPLASHSCREEN_EXIT_ANIM>
04-20 02:40:40.137 W/VsyncModulator(  439): setTransactionSchedule: Unexpected EarlyEnd
04-20 02:40:40.299 W/ActivityTaskManager(  590): Activity top resumed state loss timeout for ActivityRecord{1e858d u0 com.impos2.mixcretailassemblyrn84/.MainActivity t861 f} isExiting}
04-20 02:40:40.327 W/FrameTracker( 1099): Missing HWUI jank callback for vsyncId: 170232685, CUJ=J<TASKBAR_EXPAND::App to Home>
04-20 02:40:40.327 W/FrameTracker( 1099): Missing HWUI jank callback for vsyncId: 170232757, CUJ=J<TASKBAR_EXPAND::App to Home>
04-20 02:40:40.327 W/FrameTracker( 1099): Missed SF frame:PREDICTION_ERROR, 170232872, 4965190, CUJ=J<TASKBAR_EXPAND::App to Home>
04-20 02:40:40.327 W/FrameTracker( 1099): Missed SF frame:PREDICTION_ERROR, 170233062, 3716487, CUJ=J<TASKBAR_EXPAND::App to Home>
04-20 02:40:40.327 W/FrameTracker( 1099): Missed SF frame:PREDICTION_ERROR, 170233084, 4055738, CUJ=J<TASKBAR_EXPAND::App to Home>
04-20 02:40:40.327 W/FrameTracker( 1099): Missed SF frame:PREDICTION_ERROR, 170233129, 7847031, CUJ=J<TASKBAR_EXPAND::App to Home>
04-20 02:40:40.327 W/FrameTracker( 1099): Missed SF frame:PREDICTION_ERROR, 170233182, 5542284, CUJ=J<TASKBAR_EXPAND::App to Home>
04-20 02:40:40.328 V/PerfettoTrigger( 1099): Triggering /system/bin/trigger_perfetto com.android.telemetry.interaction-jank-monitor-60
04-20 02:40:40.412 W/WindowManager(  590): Failed looking up window session=Session{330fbed 836:u0a10186} callers=com.android.server.wm.WindowManagerService.removeClientToken:2058 com.android.server.wm.Session.remove:274 android.view.IWindowSession$Stub.onTransact:685 
04-20 02:40:40.414 V/WindowManagerShell(  836): Transition animation finished (aborted=false), notifying core (#549) android.os.BinderProxy@8213128@0
04-20 02:40:40.414 V/WindowManager(  590): Finish Transition (#549): created at 04-20 02:40:39.798 collect-started=0.009ms request-sent=0.035ms started=0.996ms ready=23.259ms sent=23.894ms finished=616.476ms
04-20 02:40:40.414 E/IPCThreadState(  590): Binder transaction failure. id: 43024912, BR_*: 29189, error: -22 (Invalid argument)
04-20 02:40:40.415 W/ActivityManager(  590): pid 590 system sent binder code 7 with flags 1 to frozen apps and got error -32
04-20 02:40:40.415 W/WindowManager(  590): Exception thrown during dispatchAppVisibility Window{969e408 u0 com.impos2.mixcretailassemblyrn84/com.impos2.mixcretailassemblyrn84.MainActivity EXITING}
04-20 02:40:40.415 W/WindowManager(  590): android.os.DeadObjectException
04-20 02:40:40.415 W/WindowManager(  590): 	at android.os.BinderProxy.transactNative(Native Method)
04-20 02:40:40.415 W/WindowManager(  590): 	at android.os.BinderProxy.transact(BinderProxy.java:586)
04-20 02:40:40.415 W/WindowManager(  590): 	at android.view.IWindow$Stub$Proxy.dispatchAppVisibility(IWindow.java:553)
04-20 02:40:40.415 W/WindowManager(  590): 	at com.android.server.wm.WindowState.sendAppVisibilityToClients(WindowState.java:3253)
04-20 02:40:40.415 W/WindowManager(  590): 	at com.android.server.wm.WindowContainer.sendAppVisibilityToClients(WindowContainer.java:1289)
04-20 02:40:40.415 W/WindowManager(  590): 	at com.android.server.wm.WindowToken.setClientVisible(WindowToken.java:403)
04-20 02:40:40.415 W/WindowManager(  590): 	at com.android.server.wm.ActivityRecord.setClientVisible(ActivityRecord.java:7166)
04-20 02:40:40.415 W/WindowManager(  590): 	at com.android.server.wm.ActivityRecord.postApplyAnimation(ActivityRecord.java:5881)
04-20 02:40:40.415 W/WindowManager(  590): 	at com.android.server.wm.ActivityRecord.commitVisibility(ActivityRecord.java:5823)
04-20 02:40:40.415 W/WindowManager(  590): 	at com.android.server.wm.Transition.finishTransition(Transition.java:1286)
04-20 02:40:40.415 W/WindowManager(  590): 	at com.android.server.wm.TransitionController.finishTransition(TransitionController.java:937)
04-20 02:40:40.415 W/WindowManager(  590): 	at com.android.server.wm.WindowOrganizerController.finishTransition(WindowOrganizerController.java:494)
04-20 02:40:40.415 W/WindowManager(  590): 	at android.window.IWindowOrganizerController$Stub.onTransact(IWindowOrganizerController.java:289)
04-20 02:40:40.415 W/WindowManager(  590): 	at com.android.server.wm.WindowOrganizerController.onTransact(WindowOrganizerController.java:204)
04-20 02:40:40.415 W/WindowManager(  590): 	at android.os.Binder.execTransactInternal(Binder.java:1505)
04-20 02:40:40.415 W/WindowManager(  590): 	at android.os.Binder.execTransact(Binder.java:1444)
04-20 02:40:40.415 W/Process (  590): Unable to open /proc/14873/status
04-20 02:40:40.416 I/binder  ( 1605): 1605:590 cannot find target node
04-20 02:40:40.416 I/binder  ( 1605): 590:1605 transaction async to 0:0 failed 43024912/29189/-22, size 64-0 line 3265
04-20 02:40:40.418 W/UserManagerService(  590): Requested status bar icon for non-badged user 0
04-20 02:40:40.418 V/WindowManagerShell(  836): Track 0 became idle
04-20 02:40:40.418 V/WindowManagerShell(  836): All active transition animations finished
04-20 02:40:40.418 V/ShellDesktopMode(  836): Task Vanished: #861 closed=true
04-20 02:40:40.418 I/TopTaskTracker( 1099): onTaskRemoved: taskId=861
04-20 02:40:40.418 I/TopTaskTracker( 1099): onTaskRemoved: taskId=861
04-20 02:40:40.418 W/UserManagerService(  590): Requested status bar icon for non-badged user 0
04-20 02:40:40.431 D/EGL_emulation( 1099): app_time_stats: avg=19.15ms min=7.71ms max=167.84ms count=52
04-20 02:40:40.444 W/FrameTracker( 1099): Missing HWUI jank callback for vsyncId: 170232757, CUJ=J<LAUNCHER_APP_CLOSE_TO_HOME>
04-20 02:40:40.444 W/FrameTracker( 1099): Missed SF frame:PREDICTION_ERROR, 170233129, 12326448, CUJ=J<LAUNCHER_APP_CLOSE_TO_HOME>
04-20 02:40:40.459 E/BpTransactionCompletedListener(  439): Failed to transact (-32)
04-20 02:40:40.670 W/BestClock(  590): java.time.DateTimeException: Missing network time fix
04-20 02:40:40.691 I/netd    (  388): tetherGetStats() -> {[]} <1.15ms>
04-20 02:40:40.693 W/BestClock(  590): java.time.DateTimeException: Missing network time fix
04-20 02:40:40.694 I/netd    (  388): bandwidthSetGlobalAlert(2097152) <0.14ms>
04-20 02:40:40.808 V/GrammaticalInflectionUtils(  590): AttributionSource: AttributionSource { uid = 10217, packageName = null, attributionTag = null, token = android.os.Binder@bdb3573, deviceId = 0, next = null } does not have READ_SYSTEM_GRAMMATICAL_GENDER permission.
04-20 02:40:40.815 D/Zygote  (  389): Forked child process 14955
04-20 02:40:40.816 I/ActivityManager(  590): Start proc 14955:com.impos2.mixcretailassemblyrn84/u0a217 for service {com.impos2.mixcretailassemblyrn84/com.impos2.adapterv2.topologyhostv3.TopologyHostV3Service}
04-20 02:40:40.831 I/netd    (  388): tetherGetStats() -> {[]} <0.46ms>
04-20 02:40:40.847 I/ailassemblyrn84(14955): Using CollectorTypeCMC GC.
04-20 02:40:40.848 E/ailassemblyrn84(14955): Not starting debugger since process cannot load the jdwp agent.
04-20 02:40:40.850 D/nativeloader(14955): Load libframework-connectivity-tiramisu-jni.so using APEX ns com_android_tethering for caller /apex/com.android.tethering/javalib/framework-connectivity-t.jar: ok
04-20 02:40:40.857 D/nativeloader(14955): Configuring clns-7 for other apk /data/app/~~PgovJW1yntqYHQIIOuK2mg==/com.impos2.mixcretailassemblyrn84-OtN7IHmkzsrVu1CZBtG0IA==/base.apk. target_sdk_version=36, uses_libraries=, library_path=/data/app/~~PgovJW1yntqYHQIIOuK2mg==/com.impos2.mixcretailassemblyrn84-OtN7IHmkzsrVu1CZBtG0IA==/lib/arm64:/data/app/~~PgovJW1yntqYHQIIOuK2mg==/com.impos2.mixcretailassemblyrn84-OtN7IHmkzsrVu1CZBtG0IA==/base.apk!/lib/arm64-v8a, permitted_path=/data:/mnt/expand:/data/user/0/com.impos2.mixcretailassemblyrn84
04-20 02:40:40.859 V/GraphicsEnvironment(14955): Currently set values for:
04-20 02:40:40.859 V/GraphicsEnvironment(14955):   angle_gl_driver_selection_pkgs=[]
04-20 02:40:40.859 V/GraphicsEnvironment(14955):   angle_gl_driver_selection_values=[]
04-20 02:40:40.859 V/GraphicsEnvironment(14955): Global.Settings values are invalid: number of packages: 0, number of values: 0
04-20 02:40:40.859 V/GraphicsEnvironment(14955): Neither updatable production driver nor prerelease driver is supported.
04-20 02:40:40.862 W/SoLoader(14955): Initializing SoLoader: 0
04-20 02:40:40.862 W/SoLoader(14955): Recording new base apk path: /data/app/~~PgovJW1yntqYHQIIOuK2mg==/com.impos2.mixcretailassemblyrn84-OtN7IHmkzsrVu1CZBtG0IA==/base.apk
04-20 02:40:40.862 W/SoLoader(14955): Previously recorded 0 base apk paths.
04-20 02:40:40.862 I/SoLoader(14955): Preparing SO source: DirectorySoSource[root = /vendor/lib64 flags = 2]
04-20 02:40:40.863 I/SoLoader(14955): Preparing SO source: DirectorySoSource[root = /system/lib64 flags = 2]
04-20 02:40:40.863 I/SoLoader(14955): Preparing SO source: DirectApkSoSource[root = [/data/app/~~PgovJW1yntqYHQIIOuK2mg==/com.impos2.mixcretailassemblyrn84-OtN7IHmkzsrVu1CZBtG0IA==/base.apk!/lib/arm64-v8a]]
04-20 02:40:40.863 I/SoLoader(14955): Preparing SO source: ApplicationSoSource[DirectorySoSource[root = /data/app/~~PgovJW1yntqYHQIIOuK2mg==/com.impos2.mixcretailassemblyrn84-OtN7IHmkzsrVu1CZBtG0IA==/lib/arm64 flags = 0]]
04-20 02:40:40.863 I/SoLoader(14955): init finish: 4 SO sources prepared
04-20 02:40:40.863 W/SoLoader(14955): SoLoader initialized: 8
04-20 02:40:40.864 D/nativeloader(14955): Load /data/app/~~PgovJW1yntqYHQIIOuK2mg==/com.impos2.mixcretailassemblyrn84-OtN7IHmkzsrVu1CZBtG0IA==/base.apk!/lib/arm64-v8a/libc++_shared.so using ns clns-7 from class loader (caller=/data/app/~~PgovJW1yntqYHQIIOuK2mg==/com.impos2.mixcretailassemblyrn84-OtN7IHmkzsrVu1CZBtG0IA==/base.apk): ok
04-20 02:40:40.865 D/nativeloader(14955): Load /data/app/~~PgovJW1yntqYHQIIOuK2mg==/com.impos2.mixcretailassemblyrn84-OtN7IHmkzsrVu1CZBtG0IA==/base.apk!/lib/arm64-v8a/libjsi.so using ns clns-7 from class loader (caller=/data/app/~~PgovJW1yntqYHQIIOuK2mg==/com.impos2.mixcretailassemblyrn84-OtN7IHmkzsrVu1CZBtG0IA==/base.apk): ok
04-20 02:40:40.866 D/nativeloader(14955): Load /data/app/~~PgovJW1yntqYHQIIOuK2mg==/com.impos2.mixcretailassemblyrn84-OtN7IHmkzsrVu1CZBtG0IA==/base.apk!/lib/arm64-v8a/libfbjni.so using ns clns-7 from class loader (caller=/data/app/~~PgovJW1yntqYHQIIOuK2mg==/com.impos2.mixcretailassemblyrn84-OtN7IHmkzsrVu1CZBtG0IA==/base.apk): ok
04-20 02:40:40.867 D/nativeloader(14955): Load /data/app/~~PgovJW1yntqYHQIIOuK2mg==/com.impos2.mixcretailassemblyrn84-OtN7IHmkzsrVu1CZBtG0IA==/base.apk!/lib/arm64-v8a/libreactnative.so using ns clns-7 from class loader (caller=/data/app/~~PgovJW1yntqYHQIIOuK2mg==/com.impos2.mixcretailassemblyrn84-OtN7IHmkzsrVu1CZBtG0IA==/base.apk): ok
04-20 02:40:40.867 D/jni_lib_merge(14955): Entering merged library JNI_OnLoad.
04-20 02:40:40.867 D/jni_lib_merge(14955): Preparing 12 pre-merged libs (including stub)
04-20 02:40:40.867 D/jni_lib_merge(14955): Preparing to register libfabricjni_so.  onload_func: 0x73abadca50
04-20 02:40:40.867 D/jni_lib_merge(14955): Preparing to register libreact_devsupportjni_so.  onload_func: 0x73abba036c
04-20 02:40:40.867 D/jni_lib_merge(14955): Preparing to register libreact_featureflagsjni_so.  onload_func: 0x73abbbaba8
04-20 02:40:40.867 D/jni_lib_merge(14955): Preparing to register libreact_newarchdefaults_so.  onload_func: 0x73abbf8d74
04-20 02:40:40.867 D/jni_lib_merge(14955): Preparing to register libreactnativeblob_so.  onload_func: 0x73abc99a4c
04-20 02:40:40.867 D/jni_lib_merge(14955): Preparing to register libreactnativejni_so.  onload_func: 0x73abcae9e4
04-20 02:40:40.867 D/jni_lib_merge(14955): Preparing to register libreactnativejni_common_so.  onload_func: 0x73abcb1be0
04-20 02:40:40.867 D/jni_lib_merge(14955): Preparing to register librninstance_so.  onload_func: 0x73abcce778
04-20 02:40:40.867 D/jni_lib_merge(14955): Preparing to register libturbomodulejsijni_so.  onload_func: 0x73abd780e0
04-20 02:40:40.867 D/jni_lib_merge(14955): Preparing to register libuimanagerjni_so.  onload_func: 0x73abd7eb00
04-20 02:40:40.867 D/jni_lib_merge(14955): Preparing to register libyoga_so.  onload_func: 0x73abd860c4
04-20 02:40:40.867 D/jni_lib_merge(14955): About to register 11 actual methods.
