04-20 02:05:52.919   590   648 I ArtService: Dexopt result: [packageName = com.impos2.mixcretailassemblyrn84] DexContainerFileDexoptResult{dexContainerFile=/data/app/~~PgovJW1yntqYHQIIOuK2mg==/com.impos2.mixcretailassemblyrn84-OtN7IHmkzsrVu1CZBtG0IA==/base.apk, primaryAbi=true, abi=arm64-v8a, actualCompilerFilter=verify, status=PERFORMED, dex2oatWallTimeMillis=255, dex2oatCpuTimeMillis=280, sizeBytes=5907620, sizeBeforeBytes=0, extendedStatusFlags=[]}
04-20 02:05:52.919   590   648 V BackupManagerService: [UserID:0] restoreAtInstall pkg=com.impos2.mixcretailassemblyrn84 token=34 restoreSet=0
04-20 02:05:52.924   590   590 I TransportConnection: BackupTransportService#8: Notifying [BMS.restoreAtInstall] transport = BackupTransportClient
04-20 02:05:52.925  4607  4607 D Backup  : [BackupScheduler] Setting backup scheduler enabled=false due to desired state 4
04-20 02:05:52.925  4607  4607 I Backup  : [GmsBackupAccountManager] Backup account not found in gmscore.
04-20 02:05:52.926   590   648 V BackupManagerService: [UserID:0] Finishing install immediately
04-20 02:05:52.927   590   648 I AppsFilter: interaction: PackageSetting{e74725b com.impos2.adapter.dev/10230} -> PackageSetting{961275e com.impos2.mixcretailassemblyrn84/10217} BLOCKED
04-20 02:05:52.927   590   648 I AppsFilter: interaction: PackageSetting{1ffbbd1 com.impos2.mixcretailrn84v2/10231} -> PackageSetting{961275e com.impos2.mixcretailassemblyrn84/10217} BLOCKED
04-20 02:05:52.927   590   648 I AppsFilter: interaction: PackageSetting{9c2d636 com.impos2.mixcretailrn84/10234} -> PackageSetting{961275e com.impos2.mixcretailassemblyrn84/10217} BLOCKED
04-20 02:05:52.927   590   648 I AppsFilter: interaction: PackageSetting{8fdd937 com.impos2.posadapter/10229} -> PackageSetting{961275e com.impos2.mixcretailassemblyrn84/10217} BLOCKED
04-20 02:05:52.927   590   648 E AppOps  : Trying to set mode for unknown uid 10217.
04-20 02:05:52.927   590   648 E AppOpService: Blocked setUidMode call for runtime permission app op: uid = 10217, code = POST_NOTIFICATION, mode = ignore, callingUid = 1000, oldMode = allow
04-20 02:05:52.927   590   648 E AppOpService: java.lang.RuntimeException
04-20 02:05:52.927   590   648 E AppOpService: 	at com.android.server.permission.access.appop.AppOpService.setUidMode(AppOpService.kt:268)
04-20 02:05:52.927   590   648 E AppOpService: 	at com.android.server.appop.AppOpsCheckingServiceTracingDecorator.setUidMode(AppOpsCheckingServiceTracingDecorator.java:120)
04-20 02:05:52.927   590   648 E AppOpService: 	at com.android.server.appop.AppOpsService.setUidMode(AppOpsService.java:2076)
04-20 02:05:52.927   590   648 E AppOpService: 	at com.android.server.appop.AppOpsService.-$$Nest$msetUidMode(AppOpsService.java:0)
04-20 02:05:52.927   590   648 E AppOpService: 	at com.android.server.appop.AppOpsService$AppOpsManagerInternalImpl.setUidModeFromPermissionPolicy(AppOpsService.java:7125)
04-20 02:05:52.927   590   648 E AppOpService: 	at com.android.server.policy.PermissionPolicyService$PermissionToOpSynchroniser.setUidMode(PermissionPolicyService.java:1112)
04-20 02:05:52.927   590   648 E AppOpService: 	at com.android.server.policy.PermissionPolicyService$PermissionToOpSynchroniser.setUidModeIgnored(PermissionPolicyService.java:1090)
04-20 02:05:52.927   590   648 E AppOpService: 	at com.android.server.policy.PermissionPolicyService$PermissionToOpSynchroniser.syncPackages(PermissionPolicyService.java:898)
04-20 02:05:52.927   590   648 E AppOpService: 	at com.android.server.policy.PermissionPolicyService$PermissionToOpSynchroniser.-$$Nest$msyncPackages(PermissionPolicyService.java:0)
04-20 02:05:52.927   590   648 E AppOpService: 	at com.android.server.policy.PermissionPolicyService.synchronizeUidPermissionsAndAppOps(PermissionPolicyService.java:690)
04-20 02:05:52.927   590   648 E AppOpService: 	at com.android.server.policy.PermissionPolicyService.-$$Nest$msynchronizeUidPermissionsAndAppOps(PermissionPolicyService.java:0)
04-20 02:05:52.927   590   648 E AppOpService: 	at com.android.server.policy.PermissionPolicyService$1.onPackageAdded(PermissionPolicyService.java:203)
04-20 02:05:52.927   590   648 E AppOpService: 	at com.android.server.pm.PackageList.onPackageAdded(PackageList.java:51)
04-20 02:05:52.927   590   648 E AppOpService: 	at com.android.server.pm.PackageObserverHelper.notifyAdded(PackageObserverHelper.java:61)
04-20 02:05:52.927   590   648 E AppOpService: 	at com.android.server.pm.PackageManagerService.notifyPackageAdded(PackageManagerService.java:3131)
04-20 02:05:52.927   590   648 E AppOpService: 	at com.android.server.pm.InstallPackageHelper.handlePackagePostInstall(InstallPackageHelper.java:2886)
04-20 02:05:52.927   590   648 E AppOpService: 	at com.android.server.pm.PackageManagerService.handlePackagePostInstall(PackageManagerService.java:8073)
04-20 02:05:52.927   590   648 E AppOpService: 	at com.android.server.pm.PackageHandler.doHandleMessage(PackageHandler.java:102)
04-20 02:05:52.927   590   648 E AppOpService: 	at com.android.server.pm.PackageHandler.handleMessage(PackageHandler.java:72)
04-20 02:05:52.927   590   648 E AppOpService: 	at android.os.Handler.dispatchMessage(Handler.java:107)
04-20 02:05:52.927   590   648 E AppOpService: 	at android.os.Looper.loopOnce(Looper.java:232)
04-20 02:05:52.927   590   648 E AppOpService: 	at android.os.Looper.loop(Looper.java:317)
04-20 02:05:52.927   590   648 E AppOpService: 	at android.os.HandlerThread.run(HandlerThread.java:85)
04-20 02:05:52.927   590   648 E AppOpService: 	at com.android.server.ServiceThread.run(ServiceThread.java:46)
04-20 02:05:52.927  4607  4607 V Backup  : [GmsBackupTransport] currentDestinationString: null
04-20 02:05:52.928   590  1609 D BackupTransportManager: [UserID:0] Transport com.google.android.gms/.backup.BackupTransportService updated its attributes
04-20 02:05:52.929   590   648 D PackageInstallerSession: Marking session 1670223807 as applied
04-20 02:05:52.930   937 14256 W ChimeraUtils: Module com.google.android.gms.backup_base missing resource null(0)
04-20 02:05:52.930   937 14256 V Backup  : [BackupAccountNotifier] Handling new intent. Show notification: true
04-20 02:05:52.932   590   590 W binder:590_F: type=1400 audit(0.0:2328): avc:  denied  { getopt } for  scontext=u:r:system_server:s0 tcontext=u:r:shell:s0 tclass=unix_stream_socket permissive=0
04-20 02:05:52.932   590   590 W binder:590_F: type=1400 audit(0.0:2329): avc:  denied  { getopt } for  scontext=u:r:system_server:s0 tcontext=u:r:shell:s0 tclass=unix_stream_socket permissive=0
04-20 02:05:52.932   590   590 W binder:590_F: type=1400 audit(0.0:2330): avc:  denied  { getopt } for  scontext=u:r:system_server:s0 tcontext=u:r:shell:s0 tclass=unix_stream_socket permissive=0
04-20 02:05:52.933  1099  1138 D SessionCommitReceiver: Removing PromiseIcon for package: com.impos2.mixcretailassemblyrn84, install reason: 0, alreadyAddedPromiseIcon: false
04-20 02:05:52.935 21463 21463 I SafetyLabelChangedBroadcastReceiver: received broadcast packageName: com.impos2.mixcretailassemblyrn84, current user: UserHandle{0}, packageChangeEvent: NEW_INSTALL, intent user: UserHandle{0}
04-20 02:05:52.936   590   612 E AtomicFile: Failed to rename /data/system/install_sessions.xml.new to /data/system/install_sessions.xml
04-20 02:05:52.938   590   775 I AppWidgetServiceImpl: Received broadcast: android.intent.action.PACKAGE_ADDED on user 0
04-20 02:05:52.941   590   590 D TransparencyService: Not an update. Skipping...
04-20 02:05:52.941   590   625 D ActivityManager: sync unfroze 11086 com.google.android.packageinstaller for 3
04-20 02:05:52.942   590   805 I SdkSandboxManager: No SDKs used. Skipping SDK data reconcilation for CallingInfo{mUid=10217, mPackageName='com.impos2.mixcretailassemblyrn84, mAppProcessToken='null'}
04-20 02:05:52.944  1389  1389 I AiAiEcho: AppFetcherImplV2 updateApps package:[com.impos2.mixcretailassemblyrn84], userId:[0], reason:[package is added.].
04-20 02:05:52.944   590   590 I AppsFilter: interaction: PackageSetting{570bcfe com.impos2.adapter.dev/10230} -> PackageSetting{50a0c5f com.impos2.mixcretailassemblyrn84/10217} BLOCKED
04-20 02:05:52.945  1099  1138 D PackageUpdatedTask: Package updated: mOp=ADD packages=[com.impos2.mixcretailassemblyrn84]
04-20 02:05:52.945   590   590 I AppsFilter: interaction: PackageSetting{297ab0a com.impos2.mixcretailrn84v2/10231} -> PackageSetting{50a0c5f com.impos2.mixcretailassemblyrn84/10217} BLOCKED
04-20 02:05:52.946   590   590 I AppsFilter: interaction: PackageSetting{46d0f7b com.impos2.mixcretailrn84/10234} -> PackageSetting{50a0c5f com.impos2.mixcretailassemblyrn84/10217} BLOCKED
04-20 02:05:52.946   590   590 I AppsFilter: interaction: PackageSetting{1494198 com.impos2.posadapter/10229} -> PackageSetting{50a0c5f com.impos2.mixcretailassemblyrn84/10217} BLOCKED
04-20 02:05:52.948   590   775 I AppWidgetServiceImpl: Received broadcast: android.intent.action.PACKAGE_CHANGED on user 0
04-20 02:05:52.949   590   795 D ShortcutService: received package broadcast intent: Intent { act=android.intent.action.PACKAGE_ADDED dat=package: flg=0x4000010 (has extras) }
04-20 02:05:52.949   590   795 D ShortcutService: adding package: com.impos2.mixcretailassemblyrn84 userId0
04-20 02:05:52.949   388   472 I netd    : tetherGetStats() -> {[]} <0.34ms>
04-20 02:05:52.949   590   795 D ShortcutService: handlePackageAdded: com.impos2.mixcretailassemblyrn84 user=0
04-20 02:05:52.949   590   795 D ShortcutService: rescanPackageIfNeeded 0@com.impos2.mixcretailassemblyrn84, forceRescan=true , isNewApp=true
04-20 02:05:52.950   590   795 D ShortcutService: Package com.impos2.mixcretailassemblyrn84 has 0 manifest shortcut(s), and 0 share target(s)
04-20 02:05:52.950 21463 24976 I PermissionControllerServiceImpl: Updating user sensitive for uid 10217
04-20 02:05:52.951 21463 24976 I PermissionControllerServiceImpl: Updating user sensitive for uid 10217
04-20 02:05:52.952   590   795 D ShortcutService: received package broadcast intent: Intent { act=android.intent.action.PACKAGE_CHANGED dat=package: flg=0x5000010 (has extras) }
04-20 02:05:52.952   590   795 D ShortcutService: changing package: com.impos2.mixcretailassemblyrn84 userId0
04-20 02:05:52.952   590   795 D ShortcutService: handlePackageChanged: com.impos2.mixcretailassemblyrn84 user=0
04-20 02:05:52.952   590   795 D ShortcutService: rescanPackageIfNeeded 0@com.impos2.mixcretailassemblyrn84, forceRescan=true , isNewApp=true
04-20 02:05:52.952   590   795 D ShortcutService: Package com.impos2.mixcretailassemblyrn84 has 0 manifest shortcut(s), and 0 share target(s)
04-20 02:05:52.952   590   624 W PackageManager: Failed registering loading progress callback. Package is fully loaded.
04-20 02:05:52.953   590  1609 D ShortcutService: Getting shortcuts for launcher= com.google.android.asuser=0 pkg=null
04-20 02:05:52.957  1099  1099 D StatsLog: LAUNCHER_ALLAPPS_COUNT
04-20 02:05:52.958   590   624 W MagnificationConnectionManager: requestConnection duplicated request: connect=false, mConnectionState=DISCONNECTED
04-20 02:05:52.958  1099  1099 D StatsLog: LAUNCHER_ALLAPPS_COUNT
04-20 02:05:52.959   590   671 I AppWidgetServiceImpl: getInstalledProvidersForProfiles() 0
04-20 02:05:52.959   590   590 W IPCThreadState: Sending oneway calls to frozen process.
04-20 02:05:52.961  1389  1389 I AiAiEcho: AppFetcherImpl onPackageChanged com.impos2.mixcretailassemblyrn84.
04-20 02:05:52.962  1389 14285 I AiAiEcho: AppIndexer Package:[com.impos2.mixcretailassemblyrn84] UserProfile:[0] Enabled:[true].
04-20 02:05:52.962  1389 14285 I AiAiEcho: AppFetcherImplV2 updateApps package:[com.impos2.mixcretailassemblyrn84], userId:[0], reason:[package is updated.].
04-20 02:05:52.962   590   624 W MagnificationConnectionManager: requestConnection duplicated request: connect=false, mConnectionState=DISCONNECTED
04-20 02:05:52.963   590   590 W IPCThreadState: Sending oneway calls to frozen process.
04-20 02:05:52.964   590  1609 I AppWidgetServiceImpl: getInstalledProvidersForProfiles() 0
04-20 02:05:52.965   590  3780 W ParceledListSlice: Element #26 is 21180 bytes.
04-20 02:05:52.965   590  3780 W ParceledListSlice: Element #27 is 21216 bytes.
04-20 02:05:52.966   590  3780 W ParceledListSlice: Element #28 is 21060 bytes.
04-20 02:05:52.966   590  3780 W ParceledListSlice: Overly large reply size: 82360
04-20 02:05:52.966   590  1609 W ParceledListSlice: Element #29 is 20968 bytes.
04-20 02:05:52.966   590  1609 W ParceledListSlice: Element #30 is 21080 bytes.
04-20 02:05:52.967  1389  1707 W PackageManager: Failure retrieving text 0x7f130786 in package com.android.systemui
04-20 02:05:52.967  1389  1707 W PackageManager: android.content.res.Resources$NotFoundException: String resource ID #0x7f130786
04-20 02:05:52.967  1389  1707 W PackageManager: 	at android.content.res.Resources.getText(Resources.java:466)
04-20 02:05:52.967  1389  1707 W PackageManager: 	at android.app.ApplicationPackageManager.getText(ApplicationPackageManager.java:2405)
04-20 02:05:52.967  1389  1707 W PackageManager: 	at android.appwidget.AppWidgetProviderInfo.loadDescription(AppWidgetProviderInfo.java:484)
04-20 02:05:52.967  1389  1707 W PackageManager: 	at knv.a(PG:341)
04-20 02:05:52.967  1389  1707 W PackageManager: 	at knq.b(PG:39)
04-20 02:05:52.967  1389  1707 W PackageManager: 	at aaho.g(PG:13)
04-20 02:05:52.967  1389  1707 W PackageManager: 	at kotlinx.coroutines.DispatchedTask.run(PG:114)
04-20 02:05:52.967  1389  1707 W PackageManager: 	at java.util.concurrent.Executors$RunnableAdapter.call(Executors.java:487)
04-20 02:05:52.967  1389  1707 W PackageManager: 	at wtk.a(PG:3)
04-20 02:05:52.967  1389  1707 W PackageManager: 	at wsm.run(PG:21)
04-20 02:05:52.967  1389  1707 W PackageManager: 	at wtl.run(PG:5)
04-20 02:05:52.967  1389  1707 W PackageManager: 	at java.util.concurrent.Executors$RunnableAdapter.call(Executors.java:487)
04-20 02:05:52.967  1389  1707 W PackageManager: 	at java.util.concurrent.FutureTask.run(FutureTask.java:264)
04-20 02:05:52.967  1389  1707 W PackageManager: 	at java.util.concurrent.ScheduledThreadPoolExecutor$ScheduledFutureTask.run(ScheduledThreadPoolExecutor.java:307)
04-20 02:05:52.967  1389  1707 W PackageManager: 	at java.util.concurrent.ThreadPoolExecutor.runWorker(ThreadPoolExecutor.java:1145)
04-20 02:05:52.967  1389  1707 W PackageManager: 	at java.util.concurrent.ThreadPoolExecutor$Worker.run(ThreadPoolExecutor.java:644)
04-20 02:05:52.967  1389  1707 W PackageManager: 	at hqj.run(PG:221)
04-20 02:05:52.967  1389  1707 W PackageManager: 	at java.lang.Thread.run(Thread.java:1012)
04-20 02:05:52.968  1389  1707 I AiAiEcho: EchoSearch: WidgetFetcherImpl is initialized with [37] widgets [reason=package added for userId: 0]
04-20 02:05:52.979  1099  1490 D EGL_emulation: app_time_stats: avg=77.53ms min=4.22ms max=564.44ms count=13
04-20 02:05:52.979  1099  1138 D PackageUpdatedTask: Package updated: mOp=UPDATE packages=[com.impos2.mixcretailassemblyrn84]
04-20 02:05:53.000  1099  1099 D StatsLog: LAUNCHER_ALLAPPS_COUNT
04-20 02:05:53.000  1099  1099 D StatsLog: LAUNCHER_ALLAPPS_COUNT
04-20 02:05:53.006   590   603 W system_server: ApkAssets: Deleting an ApkAssets object '<empty> and /product/app/PrebuiltGmail/PrebuiltGmail.apk' with 1 weak references
04-20 02:05:53.006   590   603 W system_server: ApkAssets: Deleting an ApkAssets object '<empty> and /product/priv-app/Velvet/Velvet.apk' with 1 weak references
04-20 02:05:53.007   590   603 W system_server: ApkAssets: Deleting an ApkAssets object '<empty> and /product/app/PlayBooksPrebuilt/PlayBooksPrebuilt.apk' with 1 weak references
04-20 02:05:53.007   590   603 W system_server: ApkAssets: Deleting an ApkAssets object '<empty> and /product/app/Drive/Drive.apk' with 1 weak references
04-20 02:05:53.008   590   603 W system_server: ApkAssets: Deleting an ApkAssets object '<empty> and /product/app/CalendarGooglePrebuilt/CalendarGooglePrebuilt.apk' with 1 weak references
04-20 02:05:53.008   590   603 W system_server: ApkAssets: Deleting an ApkAssets object '<empty> and /product/priv-app/PrebuiltGmsCore/PrebuiltGmsCore.apk' with 1 weak references
04-20 02:05:53.009   590   603 W system_server: ApkAssets: Deleting an ApkAssets object '<empty> and /product/app/GoogleKeepPrebuilt/GoogleKeepPrebuilt.apk' with 1 weak references
04-20 02:05:53.009   590   603 W system_server: ApkAssets: Deleting an ApkAssets object '<empty> and /product/app/LatinIMEGooglePrebuilt/LatinIMEGooglePrebuilt.apk' with 1 weak references
04-20 02:05:53.010   590   603 W system_server: ApkAssets: Deleting an ApkAssets object '<empty> and /system_ext/app/AccessibilityMenu/AccessibilityMenu.apk' with 1 weak references
04-20 02:05:53.010   590   603 W system_server: ApkAssets: Deleting an ApkAssets object '<empty> and /product/app/talkback/talkback.apk' with 1 weak references
04-20 02:05:53.010   590   603 W system_server: ApkAssets: Deleting an ApkAssets object '/vendor/overlay/EmulatorTalkBackOverlay/EmulatorTalkBackOverlay.apk' with 1 weak references
04-20 02:05:53.011   590   603 W system_server: ApkAssets: Deleting an ApkAssets object '<empty> and /product/app/GoogleTTS/GoogleTTS.apk' with 1 weak references
04-20 02:05:53.012   590   603 W system_server: ApkAssets: Deleting an ApkAssets object '<empty> and /system/priv-app/InputDevices/InputDevices.apk' with 1 weak references
04-20 02:05:53.030  1099  1490 D EGL_emulation: app_time_stats: avg=26.62ms min=11.34ms max=279.56ms count=38
04-20 02:05:53.135   590   692 I RoleService: Granting default roles...
04-20 02:05:53.138   590  3248 W Role    : Default holder doesn't have required signing certificate: com.google.android.retaildemo:6547c73dee150c103980bfdffe55cc9a011d785dd694a5f99afd8205bcaf1f80
04-20 02:05:53.138   590  3248 E RoleControllerServiceImpl: Default/fallback role holder package doesn't qualify for the role, package: com.google.android.gms.supervision, role: android.app.role.SYSTEM_SUPERVISION
04-20 02:05:53.139   590  3248 W Role    : Default holder doesn't have required signing certificate: com.google.android.apps.work.clouddpc:23962F4B43B9857638EA66F4D419518EAE282491ACDA4B94707BD59003C45E58
04-20 02:05:53.145   590  3248 W Role    : Cannot get ApplicationInfo for default holder: com.google.android.dialer
04-20 02:05:53.146   590  3248 E RoleControllerServiceImpl: Default/fallback role holder package doesn't qualify for the role, package: com.google.android.gms, role: android.app.role.WALLET
04-20 02:05:53.149   590  3248 E RoleControllerServiceImpl: Default/fallback role holder package doesn't qualify for the role, package: com.google.android.devicelockcontroller, role: android.app.role.SYSTEM_FINANCED_DEVICE_CONTROLLER
04-20 02:05:53.439  1413  1413 I GsaVoiceInteractionSrv: (REDACTED) O received %s
04-20 02:05:53.440   836   836 D ControlsListingControllerImpl: ServiceConfig reloaded, count: 1
04-20 02:05:53.441   836   836 D ControlsListingControllerImpl: ServiceConfig reloaded, count: 1
04-20 02:05:53.447   937 14259 I Fitness : OnPackageChangedOperation got intent: Intent { act=android.intent.action.PACKAGE_CHANGED dat=package: flg=0x5000010 pkg=com.google.android.gms cmp=com.google.android.gms/.chimera.PersistentIntentOperationService (has extras) } [CONTEXT service_id=17 ]
04-20 02:05:53.454  4607 14252 I Auth    : [SupervisedAccountIntentOperation] onHandleIntent(): android.intent.action.PACKAGE_ADDED
04-20 02:05:53.454  4607 14252 I Auth    : [SupervisedAccountIntentOperation] This operation is disabled
04-20 02:05:53.454  4607 14288 V Backup  : [PhotosPackagedAddedIO] Flag is disabled.
04-20 02:05:53.455  4607 14288 I Dck     : disableDckSupport: false [CONTEXT service_id=289 ]
04-20 02:05:53.455  4607 14288 I Dck     : doesDeviceHaveSupportedWirelessCapabilities: wccSysProp:0, wccMendel:3, deviceWccOverride:false [CONTEXT service_id=289 ]
04-20 02:05:53.455  4607 14288 I Dck     : Dck module condition - hasWccSupport: false [CONTEXT service_id=289 ]
04-20 02:05:53.455  4607 14288 I Dck     : Dck module condition - downloadAllowed: false [CONTEXT service_id=289 ]
04-20 02:05:53.455  4607 14288 W Dck     : Dck module not eligible for asynchronous downloading [CONTEXT service_id=289 ]
04-20 02:05:53.455  1389  1839 I AiAiTextClassifier: [VisualCortexAdapter]: provideRegistration: Registered Prominent Screen Entities for updates.
04-20 02:05:53.456  1389  1839 I AiAiTextClassifier: [VisualCortexAdapter]: provideRegistration: Registered Prominent Screen Entities for updates.
04-20 02:05:53.456  4607 14257 I Blockstore: [DataStoreImpl] Clearing Blockstore Data for package com.impos2.mixcretailassemblyrn84 [CONTEXT service_id=258 ]
04-20 02:05:53.456  4607 14257 I Blockstore: [DataStoreImpl] Keyless data not found or its IsLastInstallationData = false. [CONTEXT service_id=258 ]
04-20 02:05:53.456  1389  1839 I AiAiTextClassifier: [VisualCortexAdapter]: provideRegistration: Registered Prominent Screen Entities for updates.
04-20 02:05:53.460   937 14255 I Fitness : FitCleanupIntentOperation received Intent android.intent.action.PACKAGE_CHANGED [CONTEXT service_id=17 ]
04-20 02:05:53.462   937 14256 W GCM     : Unexpected forwarded intent: Intent { act=android.intent.action.PACKAGE_ADDED dat=package: flg=0x4000010 pkg=com.google.android.gms cmp=com.google.android.gms/.chimera.PersistentIntentOperationService (has extras) }
04-20 02:05:53.463   937 14259 W NetworkScheduler: Unexpected forwarded intent: Intent { act=android.intent.action.PACKAGE_ADDED dat=package: flg=0x4000010 pkg=com.google.android.gms cmp=com.google.android.gms/.chimera.PersistentIntentOperationService (has extras) }
04-20 02:05:53.467   937 14265 I Fitness : OnPackageChangedOperation got intent: Intent { act=android.intent.action.PACKAGE_CHANGED dat=package: flg=0x5000010 pkg=com.google.android.gms cmp=com.google.android.gms/.chimera.PersistentIntentOperationService (has extras) } [CONTEXT service_id=17 ]
04-20 02:05:53.470   937 14259 I Fitness : FitCleanupIntentOperation received Intent android.intent.action.PACKAGE_CHANGED [CONTEXT service_id=17 ]
04-20 02:05:53.487  4607 13538 I Icing   : Indexing com.google.android.gms-apps from com.google.android.gms
04-20 02:05:53.492  4607 13538 I Icing   : Indexing com.google.android.gms-internal.3p:MobileApplication from com.google.android.gms
04-20 02:05:53.495  4607 13538 I Icing   : Indexing done com.google.android.gms-apps
04-20 02:05:53.495  4607 13538 I Icing   : Indexing done com.google.android.gms-internal.3p:MobileApplication
04-20 02:05:53.540   590  1609 I ActivityManager: Background started FGS: Allowed [callingPackage: com.google.android.apps.wellbeing; callingUid: 10142; uidState: BTOP; uidBFSL: [BFSL]; intent: Intent { cmp=com.google.android.apps.wellbeing/com.google.apps.tiktok.concurrent.InternalForegroundService (has extras) }; code:BACKGROUND_ACTIVITY_PERMISSION; tempAllowListReason:<null>; targetSdkVersion:34; callerTargetSdkVersion:34; startForegroundCount:0; bindFromPackage:null: isBindService:false]
04-20 02:05:53.543   590   671 W ForegroundServiceTypeLoggerModule: Foreground service start for UID: 10142 does not have any types
04-20 02:05:53.545   590   671 W ForegroundServiceTypeLoggerModule: FGS stop call for: 10142 has no types!
04-20 02:05:53.749   590   590 I NotificationService: Cannot find enqueued record for key: 0|com.google.android.apps.wellbeing|174344743|null|10142
04-20 02:05:54.478  4607 13538 I Icing   : Indexing com.google.android.gms-apps from com.google.android.gms
04-20 02:05:54.481  4607 13538 I Icing   : Indexing done com.google.android.gms-apps
04-20 02:05:54.481  4607 13538 I Icing   : Indexing com.google.android.gms-internal.3p:MobileApplication from com.google.android.gms
04-20 02:05:54.482  4607 13538 I Icing   : Indexing done com.google.android.gms-internal.3p:MobileApplication
04-20 02:05:54.484  4607 13538 I Icing   : Indexing com.google.android.gms-apps from com.google.android.gms
04-20 02:05:54.485  4607 13538 I Icing   : Indexing done com.google.android.gms-apps
04-20 02:05:54.486  4607 13538 I Icing   : Indexing com.google.android.gms-internal.3p:MobileApplication from com.google.android.gms
04-20 02:05:54.486  4607 13538 I Icing   : Indexing done com.google.android.gms-internal.3p:MobileApplication
04-20 02:05:54.497  4607 13538 I Icing   : Indexing com.google.android.gms-apps from com.google.android.gms
04-20 02:05:54.497  4607 13538 I Icing   : Indexing done com.google.android.gms-apps
04-20 02:05:55.017  1099  1490 D EGL_emulation: app_time_stats: avg=90.26ms min=12.83ms max=1006.03ms count=22
04-20 02:05:55.694   590  1464 E TaskPersister: File error accessing recents directory (directory doesn't exist?).
04-20 02:05:56.895   443   443 E adbd    : failed to connect to socket 'tcp:18584': Connection refused
04-20 02:05:56.897   443   443 E adbd    : failed to connect to socket 'tcp:18584': Connection refused
04-20 02:05:57.016  1099  1490 D EGL_emulation: app_time_stats: avg=999.60ms min=997.88ms max=1001.33ms count=2
04-20 02:05:57.281   590   745 D InetDiagMessage: Destroyed 0 sockets, proto=IPPROTO_TCP, family=AF_INET, states=14
04-20 02:05:57.282   590   745 D InetDiagMessage: Destroyed 0 sockets, proto=IPPROTO_TCP, family=AF_INET6, states=14
04-20 02:05:57.282   590   745 D InetDiagMessage: Destroyed live tcp sockets for uids={10145} in 2ms
04-20 02:05:57.282   590   745 D InetDiagMessage: Destroyed 0 sockets, proto=IPPROTO_TCP, family=AF_INET, states=14
04-20 02:05:57.283   590   745 D InetDiagMessage: Destroyed 0 sockets, proto=IPPROTO_TCP, family=AF_INET6, states=14
04-20 02:05:57.283   590   745 D InetDiagMessage: Destroyed live tcp sockets for uids={20145} in 1ms
04-20 02:05:59.014  1099  1490 D EGL_emulation: app_time_stats: avg=999.11ms min=999.04ms max=999.18ms count=2
04-20 02:05:59.595   388   472 I netd    : tetherGetStats() -> {[]} <1.13ms>
04-20 02:05:59.751   397   397 W healthd : battery l=47 v=5000 t=25.0 h=2 st=4 c=900000 fc=3000000 cc=10 chg=a
04-20 02:06:00.007  1389  1552 I AiAiEcho: Predicting[0]:  [CONTEXT sampling_count=5 ]
04-20 02:06:00.007  1389  1552 I AiAiEcho: EchoTargets: 
04-20 02:06:00.007  1389  1552 I AiAiEcho: Filtered by AiAi flag check: 
04-20 02:06:00.007  1389  1552 I AiAiEcho: [CONTEXT ratelimit_period="10 SECONDS" ]
04-20 02:06:00.007  1389  1552 I AiAiEcho: Ranked targets strategy: SORT, count: 0, ranking metadata:  [CONTEXT ratelimit_period="10 SECONDS" ]
04-20 02:06:00.007  1389  1552 I AiAiEcho: #remoteViewsTwiddler: feature disabled.
04-20 02:06:00.007  1389  1552 I AiAiEcho: Predicting[0]:  [CONTEXT sampling_count=5 ]
04-20 02:06:00.007  1389  1552 I AiAiEcho: EchoTargets: 
04-20 02:06:00.007  1389  1552 I AiAiEcho: Filtered by AiAi flag check: 
04-20 02:06:00.007  1389  1552 I AiAiEcho: [CONTEXT ratelimit_period="10 SECONDS" ]
04-20 02:06:00.007  1389  1552 I AiAiEcho: Ranked targets strategy: SORT, count: 0, ranking metadata:  [CONTEXT ratelimit_period="10 SECONDS" ]
04-20 02:06:00.007  1389  1552 I AiAiEcho: #remoteViewsTwiddler: feature disabled.
04-20 02:06:00.008  1389  1552 I AiAiEcho: #postPredictionTargets: Sending updates to UISurface lockscreen with targets# 0 (types=[])
04-20 02:06:00.008  1389  1552 I AiAiEcho: #postPredictionTargets: Sending updates to UISurface home with targets# 0 (types=[])
04-20 02:06:00.011  1099  1099 D SsBaseTemplateCard: No text view can be set up
04-20 02:06:00.011  1099  1099 D SsBaseTemplateCard: Passed-in item info is null
04-20 02:06:00.011  1099  1099 D SsBaseTemplateCard: Passed-in item info is null
04-20 02:06:00.011  1099  1099 D SsBaseTemplateCard: Passed-in item info is null
04-20 02:06:00.011  1099  1099 I SsBaseTemplateCard: Secondary card pane is null
04-20 02:06:00.012   836   836 W PageIndicator: Total number of pages invalid: 0. Assuming 1 page.
04-20 02:06:00.017   836   978 D EGL_emulation: app_time_stats: avg=60000.27ms min=60000.27ms max=60000.27ms count=1
04-20 02:06:01.014  1099  1490 D EGL_emulation: app_time_stats: avg=999.96ms min=998.55ms max=1001.37ms count=2
04-20 02:06:01.825   388 14295 I resolv  : GetAddrInfoHandler::run: {0 786432 0 983040 10143 0}
04-20 02:06:01.826   937 14294 W gclk    : [{0}] Failed to resolve name. status={1}
04-20 02:06:01.961   590   613 W ActivityTaskManager: Launch timeout has expired, giving up wake lock!
04-20 02:06:02.022 11606 11606 I logd    : start watching /data/system/packages.list ...
04-20 02:06:02.023 11606 11606 I logd    : ReadPackageList, total packages: 224
04-20 02:06:02.163   590   825 W FileUtils: Failed to chmod(AtomicFile[/data/system_de/0/system/game-manager-service.xml]): android.system.ErrnoException: chmod failed: ENOENT (No such file or directory)
04-20 02:06:02.208   590   689 D ActivityManager: freezing 12101 com.google.android.documentsui
04-20 02:06:02.210   590   745 D InetDiagMessage: Destroyed 0 sockets, proto=IPPROTO_TCP, family=AF_INET, states=14
04-20 02:06:02.211   590   745 D InetDiagMessage: Destroyed 0 sockets, proto=IPPROTO_TCP, family=AF_INET6, states=14
04-20 02:06:02.211   590   745 D InetDiagMessage: Destroyed live tcp sockets for uids={10090} in 1ms
04-20 02:06:02.221   590   689 D ActivityManager: freezing 11358 com.android.chrome
04-20 02:06:02.224   590   745 D InetDiagMessage: Destroyed 0 sockets, proto=IPPROTO_TCP, family=AF_INET, states=14
04-20 02:06:02.225   590   745 D InetDiagMessage: Destroyed 0 sockets, proto=IPPROTO_TCP, family=AF_INET6, states=14
04-20 02:06:02.225   590   745 D InetDiagMessage: Destroyed live tcp sockets for uids={10145} in 1ms
04-20 02:06:02.297   590   689 D ActivityManager: freezing 10961 android.process.media
04-20 02:06:02.298   590   745 D InetDiagMessage: Destroyed 0 sockets, proto=IPPROTO_TCP, family=AF_INET, states=14
04-20 02:06:02.298   590   745 D InetDiagMessage: Destroyed 0 sockets, proto=IPPROTO_TCP, family=AF_INET6, states=14
04-20 02:06:02.298   590   745 D InetDiagMessage: Destroyed live tcp sockets for uids={10088} in 1ms
04-20 02:06:02.949   590   689 D ActivityManager: freezing 11086 com.google.android.packageinstaller
04-20 02:06:02.952   590   745 D InetDiagMessage: Destroyed 0 sockets, proto=IPPROTO_TCP, family=AF_INET, states=14
04-20 02:06:02.952   590   745 D InetDiagMessage: Destroyed 0 sockets, proto=IPPROTO_TCP, family=AF_INET6, states=14
04-20 02:06:02.953   590   745 D InetDiagMessage: Destroyed live tcp sockets for uids={10093} in 1ms
04-20 02:06:02.978   388   472 I netd    : tetherGetStats() -> {[]} <0.51ms>
04-20 02:06:03.013  1099  1490 D EGL_emulation: app_time_stats: avg=999.14ms min=997.42ms max=1000.86ms count=2
04-20 02:06:03.439   189 14220 I keystore2: system/security/keystore2/watchdog/src/lib.rs:319 - Watchdog thread idle -> terminating. Have a great day.
04-20 02:06:04.014  1099  1490 D EGL_emulation: app_time_stats: avg=1001.35ms min=1001.35ms max=1001.35ms count=1
04-20 02:06:04.584   590   745 D InetDiagMessage: Destroyed 0 sockets, proto=IPPROTO_TCP, family=AF_INET, states=14
04-20 02:06:04.585   590   745 D InetDiagMessage: Destroyed 0 sockets, proto=IPPROTO_TCP, family=AF_INET6, states=14
04-20 02:06:04.585   590   745 D InetDiagMessage: Destroyed live tcp sockets for uids={10142} in 1ms
04-20 02:06:04.585   590   745 D InetDiagMessage: Destroyed 0 sockets, proto=IPPROTO_TCP, family=AF_INET, states=14
04-20 02:06:04.587   590   745 D InetDiagMessage: Destroyed 0 sockets, proto=IPPROTO_TCP, family=AF_INET6, states=14
04-20 02:06:04.587   590   745 D InetDiagMessage: Destroyed live tcp sockets for uids={20142} in 2ms
04-20 02:06:05.015  1099  1490 D EGL_emulation: app_time_stats: avg=1000.85ms min=1000.85ms max=1000.85ms count=1
04-20 02:06:07.015  1099  1490 D EGL_emulation: app_time_stats: avg=999.78ms min=997.31ms max=1002.25ms count=2
04-20 02:06:07.454   388   472 I netd    : tetherGetStats() -> {[]} <0.76ms>
04-20 02:06:07.571  1413  1738 I BistoHotwordHelper: (REDACTED) getHotwordActive::active query: %s, watch: %s, devices connected: %s
04-20 02:06:07.594  4607  4613 W gle.android.gms: ApkAssets: Deleting an ApkAssets object '<empty> and /data/app/~~PgovJW1yntqYHQIIOuK2mg==/com.impos2.mixcretailassemblyrn84-OtN7IHmkzsrVu1CZBtG0IA==/base.apk' with 1 weak references
04-20 02:06:08.015  1099  1490 D EGL_emulation: app_time_stats: avg=1000.21ms min=1000.21ms max=1000.21ms count=1
04-20 02:06:09.579   590   738 D WifiConfigStore: Writing to stores completed in 5 ms.
04-20 02:06:10.014  1099  1490 D EGL_emulation: app_time_stats: avg=999.43ms min=998.03ms max=1000.83ms count=2
04-20 02:06:11.014  1099  1490 D EGL_emulation: app_time_stats: avg=999.97ms min=999.97ms max=999.97ms count=1
04-20 02:06:12.014  1099  1490 D EGL_emulation: app_time_stats: avg=999.93ms min=999.93ms max=999.93ms count=1
04-20 02:06:13.009   590   689 D ActivityManager: freezing 21463 com.google.android.permissioncontroller
04-20 02:06:13.013   590   745 D InetDiagMessage: Destroyed 0 sockets, proto=IPPROTO_TCP, family=AF_INET, states=14
04-20 02:06:13.014   590   745 D InetDiagMessage: Destroyed 0 sockets, proto=IPPROTO_TCP, family=AF_INET6, states=14
04-20 02:06:13.014   590   745 D InetDiagMessage: Destroyed live tcp sockets for uids={10207} in 1ms
04-20 02:06:13.015  1099  1490 D EGL_emulation: app_time_stats: avg=1000.68ms min=1000.68ms max=1000.68ms count=1
04-20 02:06:14.015  1099  1490 D EGL_emulation: app_time_stats: avg=1000.08ms min=1000.08ms max=1000.08ms count=1
04-20 02:06:15.775   167   167 I logd    : logdr: UID=2000 GID=2000 PID=14298 n tail=0 logMask=99 pid=0 start=0ns deadline=0ns
