--------- beginning of main
04-20 02:11:55.303 14324 14346 I assembly.assembly.android.mixc-retail-rn84: [assembly.topology] Native topology host already matches desired lifecycle state {"displayCount":2,"displayIndex":0,"deviceId":"J9RZPWR3HK","instanceMode":"MASTER","enableSlave":true,"running":false,"reason":"not-master-or-single-primary-host"}
04-20 02:11:55.304 14324 14346 I MMKV    : <MMKV_IO.cpp:609::writeActualSize> [mixc-retail-assembly-rn84::state] increase sequence to 39, crc 1679616920, actualSize 19415
04-20 02:11:55.304 14324 14346 I MMKV    : <MMKV.cpp:1208::sync> MMKV::sync, SyncFlag = 1
04-20 02:11:55.306 14324 14346 I assembly.assembly.android.mixc-retail-rn84: [assembly.topology] Native topology host already matches desired lifecycle state {"displayCount":2,"displayIndex":0,"deviceId":"J9RZPWR3HK","instanceMode":"MASTER","enableSlave":true,"running":false,"reason":"not-master-or-single-primary-host"}
04-20 02:11:55.307 14324 14346 I assembly.assembly.android.mixc-retail-rn84: [assembly.topology] Native topology host already matches desired lifecycle state {"displayCount":2,"displayIndex":0,"deviceId":"J9RZPWR3HK","instanceMode":"MASTER","enableSlave":true,"running":false,"reason":"not-master-or-single-primary-host"}
04-20 02:11:55.307 14394 14414 I ReactNativeJS: '[runtime-state-sync-apply]', '{"direction":"master-to-slave","incomingSliceNames":["kernel.base.tdp-sync-runtime-v2.hot-update"],"appliedSliceNames":["kernel.base.tdp-sync-runtime-v2.hot-update"],"skippedSliceReasons":[]}'
04-20 02:11:55.307 14324 14346 I assembly.assembly.android.mixc-retail-rn84: [assembly.topology] Native topology host already matches desired lifecycle state {"displayCount":2,"displayIndex":0,"deviceId":"J9RZPWR3HK","instanceMode":"MASTER","enableSlave":true,"running":false,"reason":"not-master-or-single-primary-host"}
04-20 02:11:55.307 14324 14346 I assembly.assembly.android.mixc-retail-rn84: [assembly.topology] Native topology host already matches desired lifecycle state {"displayCount":2,"displayIndex":0,"deviceId":"J9RZPWR3HK","instanceMode":"MASTER","enableSlave":true,"running":false,"reason":"not-master-or-single-primary-host"}
04-20 02:11:55.307 14324 14480 D TrafficStats: tagSocket(5) with statsTag=0xffffffff, statsUid=-1
04-20 02:11:55.308 14394 14415 I assembly.assembly.android.mixc-retail-rn84: [assembly.topology] Native topology host already matches desired lifecycle state {"displayCount":2,"displayIndex":1,"deviceId":"J9RZPWR3HK","instanceMode":"SLAVE","enableSlave":false,"running":false,"reason":"not-master-or-single-primary-host"}
04-20 02:11:55.309 14394 14415 I assembly.assembly.android.mixc-retail-rn84: [assembly.topology] Native topology host already matches desired lifecycle state {"displayCount":2,"displayIndex":1,"deviceId":"J9RZPWR3HK","instanceMode":"SLAVE","enableSlave":false,"running":false,"reason":"not-master-or-single-primary-host"}
04-20 02:11:55.309 14324 14346 I MMKV    : <MMKV_IO.cpp:609::writeActualSize> [mixc-retail-assembly-rn84::state] increase sequence to 40, crc 1933002063, actualSize 19483
04-20 02:11:55.309 14324 14346 I MMKV    : <MMKV.cpp:1208::sync> MMKV::sync, SyncFlag = 1
04-20 02:11:55.311 14324 14346 I MMKV    : <MMKV_IO.cpp:530::expandAndWriteBack> extending [mixc-retail-assembly-rn84::state] file size from 32768 to 65536, incoming size:171, future usage:11304
04-20 02:11:55.312 14324 14346 I MMKV    : <MemoryFile.cpp:103::open> open fd[141], flag 0x7, /data/data/com.impos2.mixcretailassemblyrn84/files/mmkv/specialCharacter/cac4ff37f0f9b0189974948d3d3aa0fe
04-20 02:11:55.312 14324 14346 I MMKV    : <MemoryFile.cpp:250::mmapOrCleanup> mmap to address [0x76f0000000], oldPtr [0x76fbfb8000], [/data/data/com.impos2.mixcretailassemblyrn84/files/mmkv/specialCharacter/cac4ff37f0f9b0189974948d3d3aa0fe]
04-20 02:11:55.312 14324 14346 I MMKV    : <MemoryFile.cpp:109::close> closing fd[141], /data/data/com.impos2.mixcretailassemblyrn84/files/mmkv/specialCharacter/cac4ff37f0f9b0189974948d3d3aa0fe
04-20 02:11:55.312 14324 14346 I MMKV    : <MMKV_IO.cpp:609::writeActualSize> [mixc-retail-assembly-rn84::state] increase sequence to 41, crc 403336454, actualSize 22410
04-20 02:11:55.312 14324 14346 I MMKV    : <MMKV.cpp:1208::sync> MMKV::sync, SyncFlag = 1
04-20 02:11:55.336 14324 14346 I assembly.assembly.android.mixc-retail-rn84: [assembly.topology] Native topology host already matches desired lifecycle state {"displayCount":2,"displayIndex":0,"deviceId":"J9RZPWR3HK","instanceMode":"MASTER","enableSlave":true,"running":false,"reason":"not-master-or-single-primary-host"}
04-20 02:11:55.336 14324 14346 I MMKV    : <MMKV_IO.cpp:609::writeActualSize> [mixc-retail-assembly-rn84::state] increase sequence to 42, crc 3516110652, actualSize 22867
04-20 02:11:55.337 14324 14346 I MMKV    : <MMKV.cpp:1208::sync> MMKV::sync, SyncFlag = 1
04-20 02:11:55.338 14324 14346 I assembly.assembly.android.mixc-retail-rn84: [assembly.topology] Native topology host already matches desired lifecycle state {"displayCount":2,"displayIndex":0,"deviceId":"J9RZPWR3HK","instanceMode":"MASTER","enableSlave":true,"running":false,"reason":"not-master-or-single-primary-host"}
04-20 02:11:55.339 14324 14324 I StartupAudit: restart_requested hasSecondary=true pid=14324 time=2026-04-20 02:11:55.339
04-20 02:11:55.339 14324 14324 I StartupAudit: topology_host_stopping pid=14324 time=2026-04-20 02:11:55.339
04-20 02:11:55.340 14394 14414 I ReactNativeJS: '[runtime-state-sync-apply]', '{"direction":"master-to-slave","incomingSliceNames":["kernel.base.tdp-sync-runtime-v2.hot-update"],"appliedSliceNames":["kernel.base.tdp-sync-runtime-v2.hot-update"],"skippedSliceReasons":[]}'
04-20 02:11:55.341 14324 14346 I assembly.assembly.android.mixc-retail-rn84: [assembly.topology] Native topology host already matches desired lifecycle state {"displayCount":2,"displayIndex":0,"deviceId":"J9RZPWR3HK","instanceMode":"MASTER","enableSlave":true,"running":false,"reason":"not-master-or-single-primary-host"}
04-20 02:11:55.341 14324 14346 I assembly.assembly.android.mixc-retail-rn84: [assembly.topology] Native topology host already matches desired lifecycle state {"displayCount":2,"displayIndex":0,"deviceId":"J9RZPWR3HK","instanceMode":"MASTER","enableSlave":true,"running":false,"reason":"not-master-or-single-primary-host"}
04-20 02:11:55.341 14324 14346 I assembly.assembly.android.mixc-retail-rn84: [assembly.topology] Native topology host already matches desired lifecycle state {"displayCount":2,"displayIndex":0,"deviceId":"J9RZPWR3HK","instanceMode":"MASTER","enableSlave":true,"running":false,"reason":"not-master-or-single-primary-host"}
04-20 02:11:55.341 14324 14346 I assembly.assembly.android.mixc-retail-rn84: [assembly.topology] Native topology host already matches desired lifecycle state {"displayCount":2,"displayIndex":0,"deviceId":"J9RZPWR3HK","instanceMode":"MASTER","enableSlave":true,"running":false,"reason":"not-master-or-single-primary-host"}
04-20 02:11:55.341 14324 14346 I assembly.assembly.android.mixc-retail-rn84: [assembly.topology] Native topology host already matches desired lifecycle state {"displayCount":2,"displayIndex":0,"deviceId":"J9RZPWR3HK","instanceMode":"MASTER","enableSlave":true,"running":false,"reason":"not-master-or-single-primary-host"}
04-20 02:11:55.343 14394 14415 I assembly.assembly.android.mixc-retail-rn84: [assembly.topology] Native topology host already matches desired lifecycle state {"displayCount":2,"displayIndex":1,"deviceId":"J9RZPWR3HK","instanceMode":"SLAVE","enableSlave":false,"running":false,"reason":"not-master-or-single-primary-host"}
04-20 02:11:55.343 14394 14415 I assembly.assembly.android.mixc-retail-rn84: [assembly.topology] Native topology host already matches desired lifecycle state {"displayCount":2,"displayIndex":1,"deviceId":"J9RZPWR3HK","instanceMode":"SLAVE","enableSlave":false,"running":false,"reason":"not-master-or-single-primary-host"}
04-20 02:11:55.343 14324 14324 I StartupAudit: topology_host_stopped pid=14324 time=2026-04-20 02:11:55.343
04-20 02:11:55.343 14394 14414 I ReactNativeJS: '[runtime-state-sync-apply]', '{"direction":"master-to-slave","incomingSliceNames":["kernel.base.tdp-sync-runtime-v2.hot-update"],"appliedSliceNames":["kernel.base.tdp-sync-runtime-v2.hot-update"],"skippedSliceReasons":[]}'
04-20 02:11:55.344 14394 14415 I assembly.assembly.android.mixc-retail-rn84: [assembly.topology] Native topology host already matches desired lifecycle state {"displayCount":2,"displayIndex":1,"deviceId":"J9RZPWR3HK","instanceMode":"SLAVE","enableSlave":false,"running":false,"reason":"not-master-or-single-primary-host"}
04-20 02:11:55.344 14394 14415 I assembly.assembly.android.mixc-retail-rn84: [assembly.topology] Native topology host already matches desired lifecycle state {"displayCount":2,"displayIndex":1,"deviceId":"J9RZPWR3HK","instanceMode":"SLAVE","enableSlave":false,"running":false,"reason":"not-master-or-single-primary-host"}
04-20 02:11:55.345 14394 14414 I ReactNativeJS: '[runtime-state-sync-apply]', '{"direction":"master-to-slave","incomingSliceNames":["kernel.base.tdp-sync-runtime-v2.hot-update"],"appliedSliceNames":["kernel.base.tdp-sync-runtime-v2.hot-update"],"skippedSliceReasons":[]}'
04-20 02:11:55.345 14394 14415 I assembly.assembly.android.mixc-retail-rn84: [assembly.topology] Native topology host already matches desired lifecycle state {"displayCount":2,"displayIndex":1,"deviceId":"J9RZPWR3HK","instanceMode":"SLAVE","enableSlave":false,"running":false,"reason":"not-master-or-single-primary-host"}
04-20 02:11:55.345 14394 14415 I assembly.assembly.android.mixc-retail-rn84: [assembly.topology] Native topology host already matches desired lifecycle state {"displayCount":2,"displayIndex":1,"deviceId":"J9RZPWR3HK","instanceMode":"SLAVE","enableSlave":false,"running":false,"reason":"not-master-or-single-primary-host"}
04-20 02:11:55.346 14394 14415 I assembly.assembly.android.mixc-retail-rn84: [assembly.topology] Native topology host already matches desired lifecycle state {"displayCount":2,"displayIndex":1,"deviceId":"J9RZPWR3HK","instanceMode":"SLAVE","enableSlave":false,"running":false,"reason":"not-master-or-single-primary-host"}
04-20 02:11:55.346 14394 14415 I assembly.assembly.android.mixc-retail-rn84: [assembly.topology] Native topology host already matches desired lifecycle state {"displayCount":2,"displayIndex":1,"deviceId":"J9RZPWR3HK","instanceMode":"SLAVE","enableSlave":false,"running":false,"reason":"not-master-or-single-primary-host"}
04-20 02:11:55.347 14394 14415 I assembly.assembly.android.mixc-retail-rn84: [assembly.topology] Native topology host already matches desired lifecycle state {"displayCount":2,"displayIndex":1,"deviceId":"J9RZPWR3HK","instanceMode":"SLAVE","enableSlave":false,"running":false,"reason":"not-master-or-single-primary-host"}
04-20 02:11:55.347 14394 14415 I assembly.assembly.android.mixc-retail-rn84: [assembly.topology] Native topology host already matches desired lifecycle state {"displayCount":2,"displayIndex":1,"deviceId":"J9RZPWR3HK","instanceMode":"SLAVE","enableSlave":false,"running":false,"reason":"not-master-or-single-primary-host"}
04-20 02:11:55.348 14394 14415 I assembly.assembly.android.mixc-retail-rn84: [assembly.topology] Native topology host already matches desired lifecycle state {"displayCount":2,"displayIndex":1,"deviceId":"J9RZPWR3HK","instanceMode":"SLAVE","enableSlave":false,"running":false,"reason":"not-master-or-single-primary-host"}
04-20 02:11:55.448 14324 14324 I StartupAudit: main_process_restart_scheduled triggerAt=1776622315646 pid=14324 time=2026-04-20 02:11:55.447
04-20 02:11:55.454  1099  1099 I TopTaskTracker: onTaskMovedToFront: (moved taskInfo to front) taskId=670, baseIntent=Intent { act=android.intent.action.MAIN cat=[android.intent.category.HOME] flg=0x10000100 cmp=com.google.android.apps.nexuslauncher/.NexusLauncherActivity }
--------- beginning of system
04-20 02:11:55.457   836   874 V WindowManagerShell: Transition requested (#544): android.os.BinderProxy@4d4595e TransitionRequestInfo { type = CLOSE, triggerTask = TaskInfo{userId=0 taskId=857 displayId=0 isRunning=false baseIntent=Intent { flg=0x10000000 cmp=com.impos2.mixcretailassemblyrn84/.MainActivity } baseActivity=null topActivity=null origActivity=null realActivity=ComponentInfo{com.impos2.mixcretailassemblyrn84/com.impos2.mixcretailassemblyrn84.MainActivity} numActivities=0 lastActiveTime=263406445 supportsMultiWindow=true resizeMode=1 isResizeable=true minWidth=-1 minHeight=-1 defaultMinSize=220 token=WCT{android.window.IWindowContainerToken$Stub$Proxy@e58e13f} topActivityType=1 pictureInPictureParams=null shouldDockBigOverlays=false launchIntoPipHostTaskId=-1 lastParentTaskIdBeforePip=-1 displayCutoutSafeInsets=null topActivityInfo=null launchCookies=[] positionInParent=Point(0, 0) parentTaskId=-1 isFocused=true isVisible=true isVisibleRequested=true isSleeping=false locusId=null displayAreaFeatureId=1 isTopActivityTransparent=false appCompatTaskInfo=AppCompatTaskInfo { topActivityInSizeCompat=false topActivityEligibleForLetterboxEducation= falseisLetterboxEducationEnabled= false isLetterboxDoubleTapEnabled= false topActivityEligibleForUserAspectRatioButton= false topActivityBoundsLetterboxed= false isFromLetterboxDoubleTap= false topActivityLetterboxVerticalPosition= -1 topActivityLetterboxHorizontalPosition= -1 topActivityLetterboxWidth=-1 topActivityLetterboxHeight=-1 isUserFullscreenOverrideEnabled=false isSystemFullscreenOverrideEnabled=false cameraCompatTaskInfo=CameraCompatTaskInfo { cameraCompatControlState=hidden freeformCameraCompatMode=inactive}}}, pipTask = null, remoteTransition = null, displayChange = null, flags = 0, debugId = 544 }
04-20 02:11:55.458 14324 14324 I StartupAudit: main_process_exit pid=14324 time=2026-04-20 02:11:55.458
04-20 02:11:55.458 14324 14324 I Process : Sending signal. PID: 14324 SIG: 9
04-20 02:11:55.470   590  1501 I WindowManager: WIN DEATH: Window{1371839 u0 com.impos2.mixcretailassemblyrn84/com.impos2.mixcretailassemblyrn84.MainActivity}
04-20 02:11:55.471   590  1501 W InputManager-JNI: Input channel object '1371839 com.impos2.mixcretailassemblyrn84/com.impos2.mixcretailassemblyrn84.MainActivity (client)' was disposed without first being removed with the input manager!
04-20 02:11:55.471   389   389 I Zygote  : Process 14324 exited due to signal 9 (Killed)
04-20 02:11:55.472   590  1605 I ActivityManager: Process com.impos2.mixcretailassemblyrn84 (pid 14324) has died: fg +50 TOP 
04-20 02:11:55.473   590   627 I libprocessgroup: Removed cgroup /sys/fs/cgroup/uid_10217/pid_14324
04-20 02:11:55.476   590  1605 W ActivityManager: Scheduling restart of crashed service com.impos2.mixcretailassemblyrn84/com.impos2.adapterv2.topologyhostv3.TopologyHostV3Service in 1000ms for start-requested
04-20 02:11:55.477   439   439 I BpBinder: onLastStrongRef automatically unlinking death recipients: 
04-20 02:11:55.481   590  1501 I AppWidgetServiceImpl: startListening() 0
04-20 02:11:55.481   590   613 W ActivityManager: setHasOverlayUi called on unknown pid: 14324
04-20 02:11:55.482  1099  1099 D StatsLog: LAUNCHER_ONRESUME
04-20 02:11:55.483   590  1420 W AppSearchIcing: icing-search-engine.cc:321: Error: 5, Message: Document (com.google.android.googlequicksearchbox$OneSearchZeroStateGoogleSuggestions/default, zp) not found.
04-20 02:11:55.485  1099  1562 D OneSearchSuggestProvider: AppSearch 0-state cache not available, fallback to AGA
04-20 02:11:55.485  1099  1562 D OneSearchSuggestProvider: java.util.concurrent.CompletionException: java.util.NoSuchElementException: No value present
04-20 02:11:55.485  1099  1562 D OneSearchSuggestProvider: 	at java.util.concurrent.CompletableFuture.encodeThrowable(CompletableFuture.java:308)
04-20 02:11:55.485  1099  1562 D OneSearchSuggestProvider: 	at java.util.concurrent.CompletableFuture.completeThrowable(CompletableFuture.java:323)
04-20 02:11:55.485  1099  1562 D OneSearchSuggestProvider: 	at java.util.concurrent.CompletableFuture$UniAccept.tryFire(CompletableFuture.java:684)
04-20 02:11:55.485  1099  1562 D OneSearchSuggestProvider: 	at java.util.concurrent.CompletableFuture.postComplete(CompletableFuture.java:486)
04-20 02:11:55.485  1099  1562 D OneSearchSuggestProvider: 	at java.util.concurrent.CompletableFuture.completeExceptionally(CompletableFuture.java:2138)
04-20 02:11:55.485  1099  1562 D OneSearchSuggestProvider: 	at com.google.android.apps.nexuslauncher.allapps.E0.onResult(go/retraceme 6422cbaa18704413bfb3e93ebb8478614d3644845132061bc54b1fae066de31d:67)
04-20 02:11:55.485  1099  1562 D OneSearchSuggestProvider: 	at android.app.appsearch.SearchSessionUtil$1.lambda$onResult$0(go/retraceme 64eee9e9f568ff45978879ad2ff83146f2618ee8a88278736fbdf5fae931976e:144)
04-20 02:11:55.485  1099  1562 D OneSearchSuggestProvider: 	at android.app.appsearch.SearchSessionUtil$1.$r8$lambda$CEk3q8sDAQVhU3rQwVueB8FAj_M(go/retraceme 64eee9e9f568ff45978879ad2ff83146f2618ee8a88278736fbdf5fae931976e:1)
04-20 02:11:55.485  1099  1562 D OneSearchSuggestProvider: 	at android.app.appsearch.SearchSessionUtil$1$$ExternalSyntheticLambda0.run(go/retraceme 64eee9e9f568ff45978879ad2ff83146f2618ee8a88278736fbdf5fae931976e:22)
04-20 02:11:55.485  1099  1562 D OneSearchSuggestProvider: 	at android.os.Handler.handleCallback(Handler.java:959)
04-20 02:11:55.485  1099  1562 D OneSearchSuggestProvider: 	at android.os.Handler.dispatchMessage(Handler.java:100)
04-20 02:11:55.485  1099  1562 D OneSearchSuggestProvider: 	at android.os.Looper.loopOnce(Looper.java:232)
04-20 02:11:55.485  1099  1562 D OneSearchSuggestProvider: 	at android.os.Looper.loop(Looper.java:317)
04-20 02:11:55.485  1099  1562 D OneSearchSuggestProvider: 	at android.os.HandlerThread.run(HandlerThread.java:85)
04-20 02:11:55.485  1099  1562 D OneSearchSuggestProvider: Caused by: java.util.NoSuchElementException: No value present
04-20 02:11:55.485  1099  1562 D OneSearchSuggestProvider: 	at java.util.Optional.get(Optional.java:143)
04-20 02:11:55.485  1099  1562 D OneSearchSuggestProvider: 	at com.google.android.apps.nexuslauncher.allapps.E0.onResult(go/retraceme 6422cbaa18704413bfb3e93ebb8478614d3644845132061bc54b1fae066de31d:28)
04-20 02:11:55.485  1099  1562 D OneSearchSuggestProvider: 	... 8 more
04-20 02:11:55.487  1099  1562 D OneSearchSuggestProvider: Created the binder channel successfully for end point service =com.google.android.apps.search.googleapp.search.suggest.plugins.onesearch.server.OneSearchSuggestService , mChannel=i1{delegate=f{logId=387, target=directaddress:///AndroidComponentAddress%5BIntent%20%7B%20act=grpc.io.action.BIND%20cmp=com.google.android.googlequicksearchbox/com.google.android.apps.search.googleapp.search.suggest.plugins.onesearch.server.OneSearchSuggestService%20%7D%5D}} , mOneSearchConnection=m2.Z@fe3b299
04-20 02:11:55.489   836   874 D WindowManagerShell: setLauncherKeepClearAreaHeight: visible=true, height=223
04-20 02:11:55.490  1099  1138 D QuickstepModelDelegate: notifyAppTargetEvent action=1 launchLocation=workspace/0/[-1,-1]/[1,1]
04-20 02:11:55.493  1099  1099 D NexusLauncherModelDelegate: notifySmartspaceEvent: SmartspaceTargetEvent{mSmartspaceTarget=null, mSmartspaceActionId='null', mEventType=6}
04-20 02:11:55.498  1099  1099 D BaseDepthController: setSurface:
04-20 02:11:55.498  1099  1099 D BaseDepthController: 	mWaitingOnSurfaceValidity: false
04-20 02:11:55.498  1099  1099 D BaseDepthController: 	mSurface: Surface(name=com.google.android.apps.nexuslauncher/com.google.android.apps.nexuslauncher.NexusLauncherActivity)/@0xad0fc95
04-20 02:11:55.502   388   472 I netd    : tetherGetStats() -> {[]} <1.07ms>
04-20 02:11:55.503  1389  1552 I AiAiEcho: Predicting[0]:  [CONTEXT sampling_count=5 ]
04-20 02:11:55.503  1389  1552 I AiAiEcho: EchoTargets: 
04-20 02:11:55.503  1389  1552 I AiAiEcho: Filtered by AiAi flag check: 
04-20 02:11:55.503  1389  1552 I AiAiEcho: [CONTEXT ratelimit_period="10 SECONDS" ]
04-20 02:11:55.503  1389  1552 I AiAiEcho: Ranked targets strategy: SORT, count: 0, ranking metadata:  [CONTEXT ratelimit_period="10 SECONDS" ]
04-20 02:11:55.503  1389  1552 I AiAiEcho: #remoteViewsTwiddler: feature disabled.
04-20 02:11:55.504  1389  1552 I AiAiEcho: #postPredictionTargets: Sending updates to UISurface home with targets# 0 (types=[])
04-20 02:11:55.512   590  1501 D ActivityManager: sync unfroze 21035 com.google.android.googlequicksearchbox:search for 6
04-20 02:11:55.514   590  1501 D ActivityManager: sync unfroze 21183 com.google.android.webview:sandboxed_process0:org.chromium.content.app.SandboxedProcessService0:0 for 6
04-20 02:11:55.517  1099  1099 D SsBaseTemplateCard: No text view can be set up
04-20 02:11:55.520   836  1513 V WindowManagerShell: onTransitionReady(transaction=2534030744694)
04-20 02:11:55.521  1099  1099 D SsBaseTemplateCard: Passed-in item info is null
04-20 02:11:55.521  1099  1099 D SsBaseTemplateCard: Passed-in item info is null
04-20 02:11:55.521  1099  1099 D SsBaseTemplateCard: Passed-in item info is null
04-20 02:11:55.521  1099  1099 I SsBaseTemplateCard: Secondary card pane is null
04-20 02:11:55.521 21035 21035 I A       : (REDACTED) Created gRPC endpoint for service %s
04-20 02:11:55.521   590   613 W ProcessStats: Tracking association SourceState{e668274 com.google.android.googlequicksearchbox:search/10144 BTop #19851} whose proc state 2 is better than process ProcessState{cc910ab com.google.android.webview:sandboxed_process0:org.chromium.content.app.SandboxedProcessService0:0/10144 pkg=com.google.android.googlequicksearchbox} proc state 8 (41 skipped)
04-20 02:11:55.521   836   874 V WindowManagerShell: onTransitionReady (#544) android.os.BinderProxy@4d4595e: {id=544 t=CLOSE f=0x0 trk=0 r=[0@Point(0, 0)] c=[{WCT{android.window.IWindowContainerToken$Stub$Proxy@5d0faf8} m=TO_FRONT f=SHOW_WALLPAPER leash=Surface(name=Task=1)/@0x6334a0c sb=Rect(0, 0 - 2560, 1600) eb=Rect(0, 0 - 2560, 1600) d=0 taskParent=-1},{WCT{android.window.IWindowContainerToken$Stub$Proxy@a429bd1} m=CLOSE f=NONE leash=Surface(name=Task=857)/@0x5ae5f55 sb=Rect(0, 0 - 2560, 1600) eb=Rect(0, 0 - 2560, 1600) d=0 taskParent=-1},{null m=TO_FRONT f=IS_WALLPAPER leash=Surface(name=WallpaperWindowToken{55198b token=android.os.Binder@bf0535a})/@0xd08ad6a sb=Rect(0, 0 - 2560, 1600) eb=Rect(0, 0 - 2560, 1600) d=0}]}
04-20 02:11:55.522   836   874 V WindowManagerShell: Playing animation for (#544) android.os.BinderProxy@4d4595e@0
04-20 02:11:55.522   836   874 V WindowManagerShell:  try handler com.android.wm.shell.transition.DefaultMixedHandler@a4b4bb1
04-20 02:11:55.522   836   874 V WindowManagerShell:  try handler com.android.wm.shell.keyguard.KeyguardTransitionHandler@f055896
04-20 02:11:55.522   836   874 V WindowManagerShell:  try handler com.android.wm.shell.pip.PipTransition@489c17
04-20 02:11:55.522   836   874 V WindowManagerShell:  try handler com.android.wm.shell.activityembedding.ActivityEmbeddingController@f43a804
04-20 02:11:55.522   836   874 V WindowManagerShell:  try handler com.android.wm.shell.splitscreen.StageCoordinator@417f1ed
04-20 02:11:55.522   836   874 V WindowManagerShell:  try handler com.android.wm.shell.desktopmode.DesktopTasksController@4366822
04-20 02:11:55.522   836   874 V WindowManagerShell:  try handler com.android.wm.shell.recents.RecentsTransitionHandler@b30e2b3
04-20 02:11:55.522   836   874 V ShellRecents: RecentsTransitionHandler.startAnimation: no controller found
04-20 02:11:55.522   836   874 V WindowManagerShell:  try handler com.android.wm.shell.transition.RemoteTransitionHandler@2554070
04-20 02:11:55.522   836   874 V WindowManagerShell: Transition doesn't have explicit remote, search filters for match for {id=544 t=CLOSE f=0x0 trk=0 r=[0@Point(0, 0)] c=[{WCT{android.window.IWindowContainerToken$Stub$Proxy@5d0faf8} m=TO_FRONT f=SHOW_WALLPAPER leash=Surface(name=Task=1)/@0x6334a0c sb=Rect(0, 0 - 2560, 1600) eb=Rect(0, 0 - 2560, 1600) d=0 taskParent=-1},{WCT{android.window.IWindowContainerToken$Stub$Proxy@a429bd1} m=CLOSE f=NONE leash=Surface(name=Task=857)/@0x5ae5f55 sb=Rect(0, 0 - 2560, 1600) eb=Rect(0, 0 - 2560, 1600) d=0 taskParent=-1},{null m=TO_FRONT f=IS_WALLPAPER leash=Surface(name=WallpaperWindowToken{55198b token=android.os.Binder@bf0535a})/@0xd08ad6a sb=Rect(0, 0 - 2560, 1600) eb=Rect(0, 0 - 2560, 1600) d=0}]}
04-20 02:11:55.522   836   874 V WindowManagerShell:  Checking filter Pair{{types=[] flags=0x0] notFlags=0x0 checks=[{atype=undefined independent=true modes=[OPEN,TO_FRONT] flags=IN_TASK_WITH_EMBEDDED_ACTIVITY mustBeTask=false order=ANY topActivity=ComponentInfo{com.google.android.apps.nexuslauncher/com.google.android.apps.nexuslauncher.NexusLauncherActivity} launchCookie=null},{atype=undefined independent=true modes=[CLOSE,TO_BACK] flags=IN_TASK_WITH_EMBEDDED_ACTIVITY mustBeTask=false order=ANY topActivity=null launchCookie=null}]} RemoteTransition { remoteTransition = android.window.IRemoteTransition$Stub$Proxy@e8ebfe9, appThread = android.app.IApplicationThread$Stub$Proxy@876e46e, debugName = OverlaySwipeBack }}
04-20 02:11:55.522   836   874 V WindowManagerShell:  Checking filter Pair{{types=[] flags=0x0] notFlags=0x0 checks=[{atype=dream independent=true modes=[OPEN,TO_FRONT] flags=NONE mustBeTask=false order=ANY topActivity=null launchCookie=null},{atype=home independent=true modes=[CLOSE,TO_BACK] flags=NONE mustBeTask=false order=ANY topActivity=null launchCookie=null}]} RemoteTransition { remoteTransition = android.window.IRemoteTransition$Stub$Proxy@f4cf70f, appThread = android.app.IApplicationThread$Stub$Proxy@ba5f39c, debugName = LauncherToDream }}
04-20 02:11:55.522   836   874 V WindowManagerShell:  Checking filter Pair{{types=[] flags=0x0] notFlags=0x100 checks=[{atype=home independent=true modes=[OPEN,TO_FRONT] flags=NONE mustBeTask=false order=TOP topActivity=ComponentInfo{com.google.android.apps.nexuslauncher/com.google.android.apps.nexuslauncher.NexusLauncherActivity} launchCookie=null},{atype=standard independent=true modes=[CLOSE,TO_BACK] flags=NONE mustBeTask=false order=ANY topActivity=null launchCookie=null}]} RemoteTransition { remoteTransition = android.window.IRemoteTransition$Stub$Proxy@c8a71a5, appThread = android.app.IApplicationThread$Stub$Proxy@30d97a, debugName = QuickstepLaunchHome }}
04-20 02:11:55.522   836   874 D RemoteTransitionHandler: Found filterPair{{types=[] flags=0x0] notFlags=0x100 checks=[{atype=home independent=true modes=[OPEN,TO_FRONT] flags=NONE mustBeTask=false order=TOP topActivity=ComponentInfo{com.google.android.apps.nexuslauncher/com.google.android.apps.nexuslauncher.NexusLauncherActivity} launchCookie=null},{atype=standard independent=true modes=[CLOSE,TO_BACK] flags=NONE mustBeTask=false order=ANY topActivity=null launchCookie=null}]} RemoteTransition { remoteTransition = android.window.IRemoteTransition$Stub$Proxy@c8a71a5, appThread = android.app.IApplicationThread$Stub$Proxy@30d97a, debugName = QuickstepLaunchHome }}
04-20 02:11:55.522   836   874 V WindowManagerShell:  Delegate animation for (#544) to RemoteTransition { remoteTransition = android.window.IRemoteTransition$Stub$Proxy@c8a71a5, appThread = android.app.IApplicationThread$Stub$Proxy@30d97a, debugName = QuickstepLaunchHome }
04-20 02:11:55.523   590   610 V WindowManager: Sent Transition (#544) createdAt=04-20 02:11:55.449 via request=TransitionRequestInfo { type = CLOSE, triggerTask = TaskInfo{userId=0 taskId=857 displayId=0 isRunning=false baseIntent=Intent { flg=0x10000000 cmp=com.impos2.mixcretailassemblyrn84/.MainActivity } baseActivity=null topActivity=null origActivity=null realActivity=ComponentInfo{com.impos2.mixcretailassemblyrn84/com.impos2.mixcretailassemblyrn84.MainActivity} numActivities=0 lastActiveTime=263406445 supportsMultiWindow=true resizeMode=1 isResizeable=true minWidth=-1 minHeight=-1 defaultMinSize=220 token=WCT{RemoteToken{aaa791e Task{cfc2b3b #857 type=standard A=10217:com.impos2.mixcretailassemblyrn84}}} topActivityType=1 pictureInPictureParams=null shouldDockBigOverlays=false launchIntoPipHostTaskId=-1 lastParentTaskIdBeforePip=-1 displayCutoutSafeInsets=null topActivityInfo=null launchCookies=[] positionInParent=Point(0, 0) parentTaskId=-1 isFocused=true isVisible=true isVisibleRequested=true isSleeping=false locusId=null displayAreaFeatureId=1 isTopActivityTransparent=false appCompatTaskInfo=AppCompatTaskInfo { topActivityInSizeCompat=false topActivityEligibleForLetterboxEducation= falseisLetterboxEducationEnabled= false isLetterboxDoubleTapEnabled= false topActivityEligibleForUserAspectRatioButton= false topActivityBoundsLetterboxed= false isFromLetterboxDoubleTap= false topActivityLetterboxVerticalPosition= -1 topActivityLetterboxHorizontalPosition= -1 topActivityLetterboxWidth=-1 topActivityLetterboxHeight=-1 isUserFullscreenOverrideEnabled=false isSystemFullscreenOverrideEnabled=false cameraCompatTaskInfo=CameraCompatTaskInfo { cameraCompatControlState=hidden freeformCameraCompatMode=inactive}}}, pipTask = null, remoteTransition = null, displayChange = null, flags = 0, debugId = 544 }
04-20 02:11:55.523   590   610 V WindowManager:     startWCT=WindowContainerTransaction { changes = {} hops = [] errorCallbackToken=null taskFragmentOrganizer=null }
04-20 02:11:55.523   590   610 V WindowManager:     info={id=544 t=CLOSE f=0x0 trk=0 r=[0@Point(0, 0)] c=[
04-20 02:11:55.523   590   610 V WindowManager:         {WCT{RemoteToken{eecd609 Task{403a6f7 #1 type=home}}} m=TO_FRONT f=SHOW_WALLPAPER leash=Surface(name=Task=1)/@0x27bc150 sb=Rect(0, 0 - 2560, 1600) eb=Rect(0, 0 - 2560, 1600) d=0 taskParent=-1},
04-20 02:11:55.523   590   610 V WindowManager:         {WCT{RemoteToken{aaa791e Task{cfc2b3b #857 type=standard A=10217:com.impos2.mixcretailassemblyrn84}}} m=CLOSE f=NONE leash=Surface(name=Task=857)/@0xfd8b9a0 sb=Rect(0, 0 - 2560, 1600) eb=Rect(0, 0 - 2560, 1600) d=0 taskParent=-1},
04-20 02:11:55.523   590   610 V WindowManager:         {null m=TO_FRONT f=IS_WALLPAPER leash=Surface(name=WallpaperWindowToken{55198b token=android.os.Binder@bf0535a})/@0x6a378e3 sb=Rect(0, 0 - 2560, 1600) eb=Rect(0, 0 - 2560, 1600) d=0}
04-20 02:11:55.523   590   610 V WindowManager:     ]}
04-20 02:11:55.527   590   614 W ActivityTaskManager: Unable to send transaction to client proc com.impos2.mixcretailassemblyrn84: no app thread
04-20 02:11:55.528   836   874 V WindowManagerShell:  animated by com.android.wm.shell.transition.RemoteTransitionHandler@2554070
04-20 02:11:55.531  1099  1099 D StateManager: createAtomicAnimation - fromState: Background, toState: Normal, partial trace:
04-20 02:11:55.531  1099  1099 D StateManager: 	at com.android.quickstep.util.StaggeredWorkspaceAnim.prepareToAnimate(go/retraceme 6422cbaa18704413bfb3e93ebb8478614d3644845132061bc54b1fae066de31d:22)
04-20 02:11:55.531  1099  1099 D StateManager: 	at com.android.quickstep.util.StaggeredWorkspaceAnim.<init>(go/retraceme 6422cbaa18704413bfb3e93ebb8478614d3644845132061bc54b1fae066de31d:4)
04-20 02:11:55.531  1099  1099 D StateManager: 	at com.android.quickstep.util.StaggeredWorkspaceAnim.<init>(go/retraceme 6422cbaa18704413bfb3e93ebb8478614d3644845132061bc54b1fae066de31d:1)
04-20 02:11:55.535   590  1501 W UserManagerService: Requested status bar icon for non-badged user 0
04-20 02:11:55.547  1099  1490 D EGL_emulation: app_time_stats: avg=11334.38ms min=9.76ms max=294283.59ms count=26
04-20 02:11:55.551  1099  1106 W s.nexuslauncher: ApkAssets: Deleting an ApkAssets object '<empty> and /product/priv-app/Velvet/Velvet.apk' with 1 weak references
04-20 02:11:55.559   388 14499 I resolv  : GetAddrInfoHandler::run: {0 262144 0 983040 10144 0}
04-20 02:11:55.561   388 14500 I resolv  : GetAddrInfoHandler::run: {0 262144 0 983040 10144 0}
04-20 02:11:55.563 21035 21080 W A       : CompleteServer request has failed and can't show offline suggestions.
04-20 02:11:55.563 21035 21080 W A       : com.google.frameworks.client.data.android.ac: Http networking stack error
04-20 02:11:55.563 21035 21080 W A       : 	at com.google.frameworks.client.data.android.x.run(PG:36)
04-20 02:11:55.563 21035 21080 W A       : 	at com.google.android.libraries.k.x.run(PG:3)
04-20 02:11:55.563 21035 21080 W A       : 	at com.google.common.n.c.c.run(PG:50)
04-20 02:11:55.563 21035 21080 W A       : 	at com.google.android.libraries.k.e.run(PG:8)
04-20 02:11:55.563 21035 21080 W A       : 	at java.lang.Thread.run(Thread.java:1012)
04-20 02:11:55.563 21035 21080 W A       : 	at com.google.android.libraries.k.d.b.run(PG:74)
04-20 02:11:55.563 21035 21080 W A       : Caused by: org.chromium.net.impl.ct: Exception in CronetUrlRequest: net::ERR_INTERNET_DISCONNECTED, ErrorCode=2, InternalErrorCode=-106, Retryable=false
04-20 02:11:55.563 21035 21080 W A       : 	at org.chromium.net.impl.CronetUrlRequest.onError(PG:80)
04-20 02:11:55.564 21035 21061 W A       : #getSuggestions failed
04-20 02:11:55.564 21035 21061 W A       : com.google.frameworks.client.data.android.ac: Http networking stack error
04-20 02:11:55.564 21035 21061 W A       : 	at com.google.frameworks.client.data.android.x.run(PG:36)
04-20 02:11:55.564 21035 21061 W A       : 	at com.google.android.libraries.k.x.run(PG:3)
04-20 02:11:55.564 21035 21061 W A       : 	at com.google.common.n.c.c.run(PG:50)
04-20 02:11:55.564 21035 21061 W A       : 	at com.google.android.libraries.k.e.run(PG:8)
04-20 02:11:55.564 21035 21061 W A       : 	at java.lang.Thread.run(Thread.java:1012)
04-20 02:11:55.564 21035 21061 W A       : 	at com.google.android.libraries.k.d.b.run(PG:74)
04-20 02:11:55.564 21035 21061 W A       : Caused by: org.chromium.net.impl.ct: Exception in CronetUrlRequest: net::ERR_INTERNET_DISCONNECTED, ErrorCode=2, InternalErrorCode=-106, Retryable=false
04-20 02:11:55.564 21035 21061 W A       : 	at org.chromium.net.impl.CronetUrlRequest.onError(PG:80)
04-20 02:11:55.569  1099 14497 E OneSearchSuggestProvider: Unable to get suggestions from AGA
04-20 02:11:55.569  1099 14497 E OneSearchSuggestProvider: io.grpc.StatusRuntimeException: UNKNOWN
04-20 02:11:55.569  1099 14497 E OneSearchSuggestProvider: 	at l3.e.a(go/retraceme 6422cbaa18704413bfb3e93ebb8478614d3644845132061bc54b1fae066de31d:77)
04-20 02:11:55.569  1099 14497 E OneSearchSuggestProvider: 	at j3.l.b(go/retraceme 6422cbaa18704413bfb3e93ebb8478614d3644845132061bc54b1fae066de31d:43)
04-20 02:11:55.569  1099 14497 E OneSearchSuggestProvider: 	at j3.l.a(go/retraceme 6422cbaa18704413bfb3e93ebb8478614d3644845132061bc54b1fae066de31d:27)
04-20 02:11:55.569  1099 14497 E OneSearchSuggestProvider: 	at j3.z.run(go/retraceme 6422cbaa18704413bfb3e93ebb8478614d3644845132061bc54b1fae066de31d:7)
04-20 02:11:55.569  1099 14497 E OneSearchSuggestProvider: 	at j3.m2.run(go/retraceme 6422cbaa18704413bfb3e93ebb8478614d3644845132061bc54b1fae066de31d:19)
04-20 02:11:55.569  1099 14497 E OneSearchSuggestProvider: 	at java.util.concurrent.ThreadPoolExecutor.runWorker(ThreadPoolExecutor.java:1145)
04-20 02:11:55.569  1099 14497 E OneSearchSuggestProvider: 	at java.util.concurrent.ThreadPoolExecutor$Worker.run(ThreadPoolExecutor.java:644)
04-20 02:11:55.569  1099 14497 E OneSearchSuggestProvider: 	at java.lang.Thread.run(Thread.java:1012)
04-20 02:11:55.570  1099  1099 D SearchTargetUtil: query= size=0
04-20 02:11:55.594   412  1089 I RanchuHwc: logCompositionFallbackIfChanged: layer 1465 CompositionType fallback from 2 to 1
04-20 02:11:55.594   412  1089 I RanchuHwc: logCompositionFallbackIfChanged: layer 1466 CompositionType fallback from 2 to 1
04-20 02:11:55.832   439   821 W VsyncModulator: setTransactionSchedule: Unexpected EarlyEnd
04-20 02:11:55.979  1099  1099 W FrameTracker: Missed SF frame:PREDICTION_ERROR, 169381258, 5517767, CUJ=J<TASKBAR_EXPAND::App to Home>
04-20 02:11:55.979  1099  1099 W FrameTracker: Missed SF frame:PREDICTION_ERROR, 169381324, 11023686, CUJ=J<TASKBAR_EXPAND::App to Home>
04-20 02:11:55.979  1099  1099 W FrameTracker: Missed SF frame:PREDICTION_ERROR, 169381346, 4796520, CUJ=J<TASKBAR_EXPAND::App to Home>
04-20 02:11:55.979  1099  1099 W FrameTracker: Missed SF frame:PREDICTION_ERROR, 169381361, 4111646, CUJ=J<TASKBAR_EXPAND::App to Home>
04-20 02:11:55.979  1099  1099 W FrameTracker: Missed SF frame:PREDICTION_ERROR, 169381390, 6346896, CUJ=J<TASKBAR_EXPAND::App to Home>
04-20 02:11:55.979  1099  1099 W FrameTracker: Missed SF frame:PREDICTION_ERROR, 169381412, 4678689, CUJ=J<TASKBAR_EXPAND::App to Home>
04-20 02:11:55.979  1099  1099 W FrameTracker: Missed SF frame:PREDICTION_ERROR, 169381449, 5162357, CUJ=J<TASKBAR_EXPAND::App to Home>
04-20 02:11:55.979  1099  1099 W FrameTracker: Missed SF frame:PREDICTION_ERROR, 169381522, 6711234, CUJ=J<TASKBAR_EXPAND::App to Home>
04-20 02:11:55.979  1099  1099 W FrameTracker: Missed SF frame:PREDICTION_ERROR, 169381632, 5154904, CUJ=J<TASKBAR_EXPAND::App to Home>
04-20 02:11:55.979  1099  1099 W FrameTracker: Missed SF frame:PREDICTION_ERROR, 169381647, 8017196, CUJ=J<TASKBAR_EXPAND::App to Home>
04-20 02:11:55.979  1099  1099 W FrameTracker: Missed SF frame:PREDICTION_ERROR, 169381706, 5567448, CUJ=J<TASKBAR_EXPAND::App to Home>
04-20 02:11:55.979  1099  1099 W FrameTracker: Missed SF frame:PREDICTION_ERROR, 169381721, 6336282, CUJ=J<TASKBAR_EXPAND::App to Home>
04-20 02:11:55.979  1099  1125 V PerfettoTrigger: Triggering /system/bin/trigger_perfetto com.android.telemetry.interaction-jank-monitor-60
04-20 02:11:56.112   590   606 W WindowManager: Failed looking up window session=Session{330fbed 836:u0a10186} callers=com.android.server.wm.WindowManagerService.removeClientToken:2058 com.android.server.wm.Session.remove:274 android.view.IWindowSession$Stub.onTransact:685 
04-20 02:11:56.114   836   874 V WindowManagerShell: Transition animation finished (aborted=false), notifying core (#544) android.os.BinderProxy@4d4595e@0
04-20 02:11:56.115   590   610 V WindowManager: Finish Transition (#544): created at 04-20 02:11:55.449 collect-started=0.072ms request-sent=0.158ms started=11.611ms ready=65.274ms sent=67.04ms finished=665.841ms
04-20 02:11:56.115   590   606 E IPCThreadState: Binder transaction failure. id: 42782034, BR_*: 29189, error: -22 (Invalid argument)
04-20 02:11:56.115   590   606 W ActivityManager: pid 590 system sent binder code 7 with flags 1 to frozen apps and got error -32
04-20 02:11:56.115   590   606 W WindowManager: Exception thrown during dispatchAppVisibility Window{1371839 u0 com.impos2.mixcretailassemblyrn84/com.impos2.mixcretailassemblyrn84.MainActivity EXITING}
04-20 02:11:56.115   590   606 W WindowManager: android.os.DeadObjectException
04-20 02:11:56.115   590   606 W WindowManager: 	at android.os.BinderProxy.transactNative(Native Method)
04-20 02:11:56.115   590   606 W WindowManager: 	at android.os.BinderProxy.transact(BinderProxy.java:586)
04-20 02:11:56.115   590   606 W WindowManager: 	at android.view.IWindow$Stub$Proxy.dispatchAppVisibility(IWindow.java:553)
04-20 02:11:56.115   590   606 W WindowManager: 	at com.android.server.wm.WindowState.sendAppVisibilityToClients(WindowState.java:3253)
04-20 02:11:56.115   590   606 W WindowManager: 	at com.android.server.wm.WindowContainer.sendAppVisibilityToClients(WindowContainer.java:1289)
04-20 02:11:56.115   590   606 W WindowManager: 	at com.android.server.wm.WindowToken.setClientVisible(WindowToken.java:403)
04-20 02:11:56.115   590   606 W WindowManager: 	at com.android.server.wm.ActivityRecord.setClientVisible(ActivityRecord.java:7166)
04-20 02:11:56.115   590   606 W WindowManager: 	at com.android.server.wm.ActivityRecord.postApplyAnimation(ActivityRecord.java:5881)
04-20 02:11:56.115   590   606 W WindowManager: 	at com.android.server.wm.ActivityRecord.commitVisibility(ActivityRecord.java:5823)
04-20 02:11:56.115   590   606 W WindowManager: 	at com.android.server.wm.Transition.finishTransition(Transition.java:1286)
04-20 02:11:56.115   590   606 W WindowManager: 	at com.android.server.wm.TransitionController.finishTransition(TransitionController.java:937)
04-20 02:11:56.115   590   606 W WindowManager: 	at com.android.server.wm.WindowOrganizerController.finishTransition(WindowOrganizerController.java:494)
04-20 02:11:56.115   590   606 W WindowManager: 	at android.window.IWindowOrganizerController$Stub.onTransact(IWindowOrganizerController.java:289)
04-20 02:11:56.115   590   606 W WindowManager: 	at com.android.server.wm.WindowOrganizerController.onTransact(WindowOrganizerController.java:204)
04-20 02:11:56.115   590   606 W WindowManager: 	at android.os.Binder.execTransactInternal(Binder.java:1505)
04-20 02:11:56.115   590   606 W WindowManager: 	at android.os.Binder.execTransact(Binder.java:1444)
04-20 02:11:56.115   590   606 W Process : Unable to open /proc/14324/status
--------- beginning of kernel
04-20 02:11:56.117   606   606 I binder  : 606:590 cannot find target node
04-20 02:11:56.117   606   606 I binder  : 590:606 transaction async to 0:0 failed 42782034/29189/-22, size 64-0 line 3265
04-20 02:11:56.121   836   874 V WindowManagerShell: Track 0 became idle
04-20 02:11:56.121   836   874 V WindowManagerShell: All active transition animations finished
04-20 02:11:56.122   836   874 V ShellDesktopMode: Task Vanished: #857 closed=true
04-20 02:11:56.123   590  1501 W UserManagerService: Requested status bar icon for non-badged user 0
04-20 02:11:56.123   590   606 W UserManagerService: Requested status bar icon for non-badged user 0
04-20 02:11:56.133  1099  1099 I TopTaskTracker: onTaskRemoved: taskId=857
04-20 02:11:56.133  1099  1099 I TopTaskTracker: onTaskRemoved: taskId=857
04-20 02:11:56.144  1099  1099 W FrameTracker: Missed SF frame:PREDICTION_ERROR, 169381324, 13238186, CUJ=J<LAUNCHER_APP_CLOSE_TO_HOME>
04-20 02:11:56.144  1099  1099 W FrameTracker: Missed SF frame:PREDICTION_ERROR, 169381361, 7527979, CUJ=J<LAUNCHER_APP_CLOSE_TO_HOME>
04-20 02:11:56.144  1099  1099 W FrameTracker: Missed SF frame:PREDICTION_ERROR, 169381449, 8069190, CUJ=J<LAUNCHER_APP_CLOSE_TO_HOME>
04-20 02:11:56.144  1099  1099 W FrameTracker: Missed SF frame:PREDICTION_ERROR, 169381522, 8828859, CUJ=J<LAUNCHER_APP_CLOSE_TO_HOME>
04-20 02:11:56.144  1099  1099 W FrameTracker: Missed SF frame:PREDICTION_ERROR, 169381588, 7788902, CUJ=J<LAUNCHER_APP_CLOSE_TO_HOME>
04-20 02:11:56.144  1099  1099 W FrameTracker: Missed SF frame:PREDICTION_ERROR, 169381706, 7553115, CUJ=J<LAUNCHER_APP_CLOSE_TO_HOME>
04-20 02:11:56.144  1099  1099 W FrameTracker: Missed SF frame:PREDICTION_ERROR, 169381721, 8637032, CUJ=J<LAUNCHER_APP_CLOSE_TO_HOME>
04-20 02:11:56.144  1099  1099 W FrameTracker: Missed SF frame:PREDICTION_ERROR, 169381736, 8140241, CUJ=J<LAUNCHER_APP_CLOSE_TO_HOME>
04-20 02:11:56.144  1099  1099 W FrameTracker: Missed SF frame:PREDICTION_ERROR, 169381751, 8005450, CUJ=J<LAUNCHER_APP_CLOSE_TO_HOME>
04-20 02:11:56.144  1099  1099 W FrameTracker: Missed SF frame:PREDICTION_ERROR, 169381766, 9158034, CUJ=J<LAUNCHER_APP_CLOSE_TO_HOME>
04-20 02:11:56.144  1099  1099 W FrameTracker: Missed SF frame:PREDICTION_ERROR, 169381796, 6672244, CUJ=J<LAUNCHER_APP_CLOSE_TO_HOME>
04-20 02:11:56.144  1099  1099 W FrameTracker: Missed SF frame:PREDICTION_ERROR, 169381826, 4936662, CUJ=J<LAUNCHER_APP_CLOSE_TO_HOME>
04-20 02:11:56.144  1099  1099 W FrameTracker: Missed SF frame:PREDICTION_ERROR, 169381841, 5515163, CUJ=J<LAUNCHER_APP_CLOSE_TO_HOME>
04-20 02:11:56.144  1099  1099 W FrameTracker: Missed SF frame:PREDICTION_ERROR, 169381856, 4992663, CUJ=J<LAUNCHER_APP_CLOSE_TO_HOME>
04-20 02:11:56.144  1099  1099 W FrameTracker: Missed SF frame:PREDICTION_ERROR, 169381886, 5959706, CUJ=J<LAUNCHER_APP_CLOSE_TO_HOME>
04-20 02:11:56.144  1099  1125 V PerfettoTrigger: Triggering /system/bin/trigger_perfetto com.android.telemetry.interaction-jank-monitor-9
04-20 02:11:56.160   439   439 E BpTransactionCompletedListener: Failed to transact (-32)
04-20 02:11:56.199   590   602 I BpBinder: onLastStrongRef automatically unlinking death recipients: 
04-20 02:11:56.200   590   603 W system_server: ApkAssets: Deleting an ApkAssets object '<empty> and /product/priv-app/Velvet/Velvet.apk' with 1 weak references
04-20 02:11:56.202   590   603 W system_server: ApkAssets: Deleting an ApkAssets object '<empty> and /product/app/LatinIMEGooglePrebuilt/LatinIMEGooglePrebuilt.apk' with 1 weak references
04-20 02:11:56.202   590   603 W system_server: ApkAssets: Deleting an ApkAssets object '<empty> and /product/app/GoogleTTS/GoogleTTS.apk' with 1 weak references
04-20 02:11:56.320   590   734 W BestClock: java.time.DateTimeException: Missing network time fix
04-20 02:11:56.338   388   472 I netd    : tetherGetStats() -> {[]} <1.02ms>
04-20 02:11:56.339   590   734 W BestClock: java.time.DateTimeException: Missing network time fix
04-20 02:11:56.340   388   472 I netd    : bandwidthSetGlobalAlert(2097152) <0.09ms>
04-20 02:11:56.477   590   625 V GrammaticalInflectionUtils: AttributionSource: AttributionSource { uid = 10217, packageName = null, attributionTag = null, token = android.os.Binder@bdb3573, deviceId = 0, next = null } does not have READ_SYSTEM_GRAMMATICAL_GENDER permission.
04-20 02:11:56.483   389   389 D Zygote  : Forked child process 14504
04-20 02:11:56.483   590   626 I ActivityManager: Start proc 14504:com.impos2.mixcretailassemblyrn84/u0a217 for service {com.impos2.mixcretailassemblyrn84/com.impos2.adapterv2.topologyhostv3.TopologyHostV3Service}
04-20 02:11:56.503 14504 14504 I ailassemblyrn84: Using CollectorTypeCMC GC.
04-20 02:11:56.505 14504 14504 E ailassemblyrn84: Not starting debugger since process cannot load the jdwp agent.
04-20 02:11:56.507 14504 14504 D nativeloader: Load libframework-connectivity-tiramisu-jni.so using APEX ns com_android_tethering for caller /apex/com.android.tethering/javalib/framework-connectivity-t.jar: ok
04-20 02:11:56.514 14504 14504 D nativeloader: Configuring clns-7 for other apk /data/app/~~PgovJW1yntqYHQIIOuK2mg==/com.impos2.mixcretailassemblyrn84-OtN7IHmkzsrVu1CZBtG0IA==/base.apk. target_sdk_version=36, uses_libraries=, library_path=/data/app/~~PgovJW1yntqYHQIIOuK2mg==/com.impos2.mixcretailassemblyrn84-OtN7IHmkzsrVu1CZBtG0IA==/lib/arm64:/data/app/~~PgovJW1yntqYHQIIOuK2mg==/com.impos2.mixcretailassemblyrn84-OtN7IHmkzsrVu1CZBtG0IA==/base.apk!/lib/arm64-v8a, permitted_path=/data:/mnt/expand:/data/user/0/com.impos2.mixcretailassemblyrn84
04-20 02:11:56.517 14504 14504 V GraphicsEnvironment: Currently set values for:
04-20 02:11:56.517 14504 14504 V GraphicsEnvironment:   angle_gl_driver_selection_pkgs=[]
04-20 02:11:56.517 14504 14504 V GraphicsEnvironment:   angle_gl_driver_selection_values=[]
04-20 02:11:56.517 14504 14504 V GraphicsEnvironment: Global.Settings values are invalid: number of packages: 0, number of values: 0
04-20 02:11:56.517 14504 14504 V GraphicsEnvironment: Neither updatable production driver nor prerelease driver is supported.
04-20 02:11:56.522 14504 14504 W SoLoader: Initializing SoLoader: 0
04-20 02:11:56.522 14504 14504 W SoLoader: Recording new base apk path: /data/app/~~PgovJW1yntqYHQIIOuK2mg==/com.impos2.mixcretailassemblyrn84-OtN7IHmkzsrVu1CZBtG0IA==/base.apk
04-20 02:11:56.522 14504 14504 W SoLoader: Previously recorded 0 base apk paths.
04-20 02:11:56.522 14504 14504 I SoLoader: Preparing SO source: DirectorySoSource[root = /vendor/lib64 flags = 2]
04-20 02:11:56.523 14504 14504 I SoLoader: Preparing SO source: DirectorySoSource[root = /system/lib64 flags = 2]
04-20 02:11:56.523 14504 14504 I SoLoader: Preparing SO source: DirectApkSoSource[root = [/data/app/~~PgovJW1yntqYHQIIOuK2mg==/com.impos2.mixcretailassemblyrn84-OtN7IHmkzsrVu1CZBtG0IA==/base.apk!/lib/arm64-v8a]]
04-20 02:11:56.523 14504 14504 I SoLoader: Preparing SO source: ApplicationSoSource[DirectorySoSource[root = /data/app/~~PgovJW1yntqYHQIIOuK2mg==/com.impos2.mixcretailassemblyrn84-OtN7IHmkzsrVu1CZBtG0IA==/lib/arm64 flags = 0]]
04-20 02:11:56.523 14504 14504 I SoLoader: init finish: 4 SO sources prepared
04-20 02:11:56.523 14504 14504 W SoLoader: SoLoader initialized: 8
04-20 02:11:56.525 14504 14504 D nativeloader: Load /data/app/~~PgovJW1yntqYHQIIOuK2mg==/com.impos2.mixcretailassemblyrn84-OtN7IHmkzsrVu1CZBtG0IA==/base.apk!/lib/arm64-v8a/libc++_shared.so using ns clns-7 from class loader (caller=/data/app/~~PgovJW1yntqYHQIIOuK2mg==/com.impos2.mixcretailassemblyrn84-OtN7IHmkzsrVu1CZBtG0IA==/base.apk): ok
04-20 02:11:56.526 14504 14504 D nativeloader: Load /data/app/~~PgovJW1yntqYHQIIOuK2mg==/com.impos2.mixcretailassemblyrn84-OtN7IHmkzsrVu1CZBtG0IA==/base.apk!/lib/arm64-v8a/libjsi.so using ns clns-7 from class loader (caller=/data/app/~~PgovJW1yntqYHQIIOuK2mg==/com.impos2.mixcretailassemblyrn84-OtN7IHmkzsrVu1CZBtG0IA==/base.apk): ok
04-20 02:11:56.527 14504 14504 D nativeloader: Load /data/app/~~PgovJW1yntqYHQIIOuK2mg==/com.impos2.mixcretailassemblyrn84-OtN7IHmkzsrVu1CZBtG0IA==/base.apk!/lib/arm64-v8a/libfbjni.so using ns clns-7 from class loader (caller=/data/app/~~PgovJW1yntqYHQIIOuK2mg==/com.impos2.mixcretailassemblyrn84-OtN7IHmkzsrVu1CZBtG0IA==/base.apk): ok
04-20 02:11:56.528 14504 14504 D nativeloader: Load /data/app/~~PgovJW1yntqYHQIIOuK2mg==/com.impos2.mixcretailassemblyrn84-OtN7IHmkzsrVu1CZBtG0IA==/base.apk!/lib/arm64-v8a/libreactnative.so using ns clns-7 from class loader (caller=/data/app/~~PgovJW1yntqYHQIIOuK2mg==/com.impos2.mixcretailassemblyrn84-OtN7IHmkzsrVu1CZBtG0IA==/base.apk): ok
04-20 02:11:56.528 14504 14504 D jni_lib_merge: Entering merged library JNI_OnLoad.
04-20 02:11:56.528 14504 14504 D jni_lib_merge: Preparing 12 pre-merged libs (including stub)
04-20 02:11:56.528 14504 14504 D jni_lib_merge: Preparing to register libfabricjni_so.  onload_func: 0x73aa7b5a50
04-20 02:11:56.528 14504 14504 D jni_lib_merge: Preparing to register libreact_devsupportjni_so.  onload_func: 0x73aa87936c
04-20 02:11:56.528 14504 14504 D jni_lib_merge: Preparing to register libreact_featureflagsjni_so.  onload_func: 0x73aa893ba8
04-20 02:11:56.528 14504 14504 D jni_lib_merge: Preparing to register libreact_newarchdefaults_so.  onload_func: 0x73aa8d1d74
04-20 02:11:56.528 14504 14504 D jni_lib_merge: Preparing to register libreactnativeblob_so.  onload_func: 0x73aa972a4c
