--------- beginning of main
04-20 01:53:13.127 13578 13639 D TrafficStats: tagSocket(132) with statsTag=0xffffffff, statsUid=-1
04-20 01:53:31.131 13578 13639 D TrafficStats: tagSocket(122) with statsTag=0xffffffff, statsUid=-1
04-20 01:53:31.136 13578 13639 D TrafficStats: tagSocket(122) with statsTag=0xffffffff, statsUid=-1
04-20 01:53:31.140 13578 13639 D TrafficStats: tagSocket(122) with statsTag=0xffffffff, statsUid=-1
04-20 01:53:31.143 13578 13639 D TrafficStats: tagSocket(122) with statsTag=0xffffffff, statsUid=-1
04-20 01:53:31.184 13578 13593 D EGL_emulation: app_time_stats: avg=40192.63ms min=59.53ms max=80325.73ms count=2
04-20 01:53:31.196 13578 13639 D TrafficStats: tagSocket(122) with statsTag=0xffffffff, statsUid=-1
04-20 01:53:31.222 13578 13639 D TrafficStats: tagSocket(122) with statsTag=0xffffffff, statsUid=-1
04-20 01:53:31.225 13578 13639 D TrafficStats: tagSocket(122) with statsTag=0xffffffff, statsUid=-1
04-20 01:53:31.263 13578 13639 D TrafficStats: tagSocket(116) with statsTag=0xffffffff, statsUid=-1
04-20 01:53:31.268 13578 13639 D TrafficStats: tagSocket(116) with statsTag=0xffffffff, statsUid=-1
04-20 01:53:31.271 13578 13639 D TrafficStats: tagSocket(116) with statsTag=0xffffffff, statsUid=-1
04-20 01:53:31.273 13578 13639 D TrafficStats: tagSocket(116) with statsTag=0xffffffff, statsUid=-1
04-20 01:53:31.327 13578 13639 D TrafficStats: tagSocket(117) with statsTag=0xffffffff, statsUid=-1
04-20 01:53:31.330 13578 13639 D TrafficStats: tagSocket(117) with statsTag=0xffffffff, statsUid=-1
04-20 01:53:31.333 13578 13639 D TrafficStats: tagSocket(117) with statsTag=0xffffffff, statsUid=-1
04-20 01:53:31.386 13578 13639 D TrafficStats: tagSocket(118) with statsTag=0xffffffff, statsUid=-1
04-20 01:53:31.390 13578 13639 D TrafficStats: tagSocket(118) with statsTag=0xffffffff, statsUid=-1
04-20 01:53:31.392 13578 13639 D TrafficStats: tagSocket(169) with statsTag=0xffffffff, statsUid=-1
04-20 01:53:31.395 13578 13639 D TrafficStats: tagSocket(118) with statsTag=0xffffffff, statsUid=-1
04-20 01:53:31.398 13578 13639 D TrafficStats: tagSocket(118) with statsTag=0xffffffff, statsUid=-1
04-20 01:53:31.401 13578 13639 D TrafficStats: tagSocket(118) with statsTag=0xffffffff, statsUid=-1
04-20 01:53:31.403 13578 13639 D TrafficStats: tagSocket(118) with statsTag=0xffffffff, statsUid=-1
04-20 01:53:31.457 13578 13639 D TrafficStats: tagSocket(5) with statsTag=0xffffffff, statsUid=-1
04-20 01:53:31.460 13578 13639 D TrafficStats: tagSocket(5) with statsTag=0xffffffff, statsUid=-1
04-20 01:53:31.463 13578 13639 D TrafficStats: tagSocket(5) with statsTag=0xffffffff, statsUid=-1
04-20 01:53:31.518 13578 13639 D TrafficStats: tagSocket(122) with statsTag=0xffffffff, statsUid=-1
04-20 01:53:31.525 13578 13639 D TrafficStats: tagSocket(122) with statsTag=0xffffffff, statsUid=-1
04-20 01:53:31.529 13578 13639 D TrafficStats: tagSocket(122) with statsTag=0xffffffff, statsUid=-1
04-20 01:53:31.868 13578 13639 D TrafficStats: tagSocket(122) with statsTag=0xffffffff, statsUid=-1
04-20 01:53:31.871 13578 13639 D TrafficStats: tagSocket(122) with statsTag=0xffffffff, statsUid=-1
04-20 01:53:31.874 13578 13639 D TrafficStats: tagSocket(122) with statsTag=0xffffffff, statsUid=-1
04-20 01:53:31.945 13578 13639 D TrafficStats: tagSocket(122) with statsTag=0xffffffff, statsUid=-1
04-20 01:53:31.948 13578 13601 I assembly.assembly.android.mixc-retail-rn84: [assembly.topology] Native topology host already matches desired lifecycle state {"displayCount":2,"displayIndex":0,"deviceId":"J9RZPWR3HK","instanceMode":"MASTER","enableSlave":true,"running":false,"reason":"not-master-or-single-primary-host"}
04-20 01:53:31.950 13578 13639 D TrafficStats: tagSocket(122) with statsTag=0xffffffff, statsUid=-1
04-20 01:53:31.953 13578 13639 D TrafficStats: tagSocket(122) with statsTag=0xffffffff, statsUid=-1
04-20 01:53:31.955 13578 13601 I assembly.assembly.android.mixc-retail-rn84.transport.http.HttpRuntime: [transport.http] HTTP request started: kernel.base.tcp-control-runtime-v2.deactivate-terminal {"endpointName":"kernel.base.tcp-control-runtime-v2.deactivate-terminal","serverName":"mock-terminal-platform","addressName":"local","method":"POST","roundIndex":0,"attemptIndex":1}
04-20 01:53:31.957 13578 13639 D TrafficStats: tagSocket(122) with statsTag=0xffffffff, statsUid=-1
04-20 01:53:31.958 13578 13729 D TrafficStats: tagSocket(132) with statsTag=0xffffffff, statsUid=-1
04-20 01:53:31.977 13578 13601 I assembly.assembly.android.mixc-retail-rn84.transport.http.HttpRuntime: [transport.http] HTTP request completed: kernel.base.tcp-control-runtime-v2.deactivate-terminal {"endpointName":"kernel.base.tcp-control-runtime-v2.deactivate-terminal","serverName":"mock-terminal-platform","addressName":"local","status":200}
04-20 01:53:31.981 13648 13668 I ReactNativeJS: '[runtime-state-sync-apply]', '{"direction":"master-to-slave","incomingSliceNames":["kernel.base.ui-runtime-v2.screen.main"],"appliedSliceNames":["kernel.base.ui-runtime-v2.screen.main"],"skippedSliceReasons":[]}'
04-20 01:53:31.981 13648 13669 I assembly.assembly.android.mixc-retail-rn84: [assembly.topology] Native topology host already matches desired lifecycle state {"displayCount":2,"displayIndex":1,"deviceId":"J9RZPWR3HK","instanceMode":"SLAVE","enableSlave":false,"running":false,"reason":"not-master-or-single-primary-host"}
04-20 01:53:31.982 13648 13669 I assembly.assembly.android.mixc-retail-rn84: [assembly.topology] Native topology host already matches desired lifecycle state {"displayCount":2,"displayIndex":1,"deviceId":"J9RZPWR3HK","instanceMode":"SLAVE","enableSlave":false,"running":false,"reason":"not-master-or-single-primary-host"}
04-20 01:53:31.984 13578 13601 I assembly.assembly.android.mixc-retail-rn84: [assembly.topology] Native topology host already matches desired lifecycle state {"displayCount":2,"displayIndex":0,"deviceId":"J9RZPWR3HK","instanceMode":"MASTER","enableSlave":true,"running":false,"reason":"not-master-or-single-primary-host"}
04-20 01:53:31.985 13578 13601 I assembly.assembly.android.mixc-retail-rn84: [assembly.topology] Native topology host already matches desired lifecycle state {"displayCount":2,"displayIndex":0,"deviceId":"J9RZPWR3HK","instanceMode":"MASTER","enableSlave":true,"running":false,"reason":"not-master-or-single-primary-host"}
04-20 01:53:31.990 13578 13601 I assembly.assembly.android.mixc-retail-rn84: [assembly.topology] Native topology host already matches desired lifecycle state {"displayCount":2,"displayIndex":0,"deviceId":"J9RZPWR3HK","instanceMode":"MASTER","enableSlave":true,"running":false,"reason":"not-master-or-single-primary-host"}
04-20 01:53:31.991 13578 13601 I assembly.assembly.android.mixc-retail-rn84: [assembly.topology] Native topology host already matches desired lifecycle state {"displayCount":2,"displayIndex":0,"deviceId":"J9RZPWR3HK","instanceMode":"MASTER","enableSlave":true,"running":false,"reason":"not-master-or-single-primary-host"}
04-20 01:53:31.991 13578 13601 I assembly.assembly.android.mixc-retail-rn84: [assembly.topology] Native topology host already matches desired lifecycle state {"displayCount":2,"displayIndex":0,"deviceId":"J9RZPWR3HK","instanceMode":"MASTER","enableSlave":true,"running":false,"reason":"not-master-or-single-primary-host"}
04-20 01:53:31.991 13578 13601 I assembly.assembly.android.mixc-retail-rn84: [assembly.topology] Native topology host already matches desired lifecycle state {"displayCount":2,"displayIndex":0,"deviceId":"J9RZPWR3HK","instanceMode":"MASTER","enableSlave":true,"running":false,"reason":"not-master-or-single-primary-host"}
04-20 01:53:31.992 13578 13601 I assembly.assembly.android.mixc-retail-rn84: [assembly.topology] Native topology host already matches desired lifecycle state {"displayCount":2,"displayIndex":0,"deviceId":"J9RZPWR3HK","instanceMode":"MASTER","enableSlave":true,"running":false,"reason":"not-master-or-single-primary-host"}
04-20 01:53:31.992 13578 13601 I assembly.assembly.android.mixc-retail-rn84: [assembly.topology] Native topology host already matches desired lifecycle state {"displayCount":2,"displayIndex":0,"deviceId":"J9RZPWR3HK","instanceMode":"MASTER","enableSlave":true,"running":false,"reason":"not-master-or-single-primary-host"}
04-20 01:53:31.992 13578 13601 W assembly.assembly.android.mixc-retail-rn84: [runtime.reset] reset runtime application state {"runtimeId":"run_mo62bm9n_4grin8bguxlp2kdr","localNodeId":"master:J9RZPWR3HK","reason":"kernel.base.tcp-control-runtime-v2.deactivateTerminal"}
04-20 01:53:31.992 13578 13601 I assembly.assembly.android.mixc-retail-rn84: [assembly.topology] Native topology host already matches desired lifecycle state {"displayCount":2,"displayIndex":0,"deviceId":"J9RZPWR3HK","instanceMode":"MASTER","enableSlave":true,"running":false,"reason":"not-master-or-single-primary-host"}
04-20 01:53:31.994 13578 13601 I assembly.assembly.android.mixc-retail-rn84: [assembly.topology] Native topology host already matches desired lifecycle state {"displayCount":2,"displayIndex":0,"deviceId":"J9RZPWR3HK","instanceMode":"MASTER","enableSlave":true,"running":false,"reason":"not-master-or-single-primary-host"}
04-20 01:53:31.995 13578 13601 I assembly.assembly.android.mixc-retail-rn84: [assembly.topology] Native topology host already matches desired lifecycle state {"displayCount":2,"displayIndex":0,"deviceId":"J9RZPWR3HK","instanceMode":"MASTER","enableSlave":true,"running":false,"reason":"not-master-or-single-primary-host"}
04-20 01:53:31.995 13578 13601 I assembly.assembly.android.mixc-retail-rn84: [assembly.topology] Native topology host already matches desired lifecycle state {"displayCount":2,"displayIndex":0,"deviceId":"J9RZPWR3HK","instanceMode":"MASTER","enableSlave":true,"running":false,"reason":"not-master-or-single-primary-host"}
04-20 01:53:31.996 13578 13601 I MMKV    : <MMKV_IO.cpp:609::writeActualSize> [mixc-retail-assembly-rn84::state] increase sequence to 39, crc 935428069, actualSize 15243
04-20 01:53:31.996 13578 13601 I MMKV    : <MMKV.cpp:1208::sync> MMKV::sync, SyncFlag = 1
04-20 01:53:31.999 13578 13601 I MMKV    : <MMKV_IO.cpp:609::writeActualSize> [mixc-retail-assembly-rn84::state] increase sequence to 40, crc 2275233082, actualSize 15231
04-20 01:53:31.999 13578 13601 I MMKV    : <MMKV.cpp:1208::sync> MMKV::sync, SyncFlag = 1
04-20 01:53:32.002 13578 13601 I MMKV    : <MMKV_IO.cpp:609::writeActualSize> [mixc-retail-assembly-rn84::state] increase sequence to 41, crc 1850334261, actualSize 15231
04-20 01:53:32.002 13578 13601 I MMKV    : <MMKV.cpp:1208::sync> MMKV::sync, SyncFlag = 1
04-20 01:53:32.005 13578 13601 I MMKV    : <MMKV_IO.cpp:1533::clearAll> cleaning all key-values from [mixc-retail-assembly-rn84::state]
04-20 01:53:32.005 13578 13601 I MMKV    : <MemoryFile.cpp:103::open> open fd[126], flag 0x7, /data/data/com.impos2.mixcretailassemblyrn84/files/mmkv/specialCharacter/cac4ff37f0f9b0189974948d3d3aa0fe
04-20 01:53:32.006 13578 13639 D TrafficStats: tagSocket(122) with statsTag=0xffffffff, statsUid=-1
04-20 01:53:32.006 13578 13601 I MMKV    : <MemoryFile.cpp:250::mmapOrCleanup> mmap to address [0x76fbfb8000], oldPtr [0x76fbfb8000], [/data/data/com.impos2.mixcretailassemblyrn84/files/mmkv/specialCharacter/cac4ff37f0f9b0189974948d3d3aa0fe]
04-20 01:53:32.006 13578 13601 I MMKV    : <MemoryFile.cpp:109::close> closing fd[126], /data/data/com.impos2.mixcretailassemblyrn84/files/mmkv/specialCharacter/cac4ff37f0f9b0189974948d3d3aa0fe
04-20 01:53:32.006 13578 13601 I MMKV    : <MMKV_IO.cpp:609::writeActualSize> [mixc-retail-assembly-rn84::state] increase sequence to 42, crc 0, actualSize 0
04-20 01:53:32.008 13578 13601 I MMKV    : <MMKV.cpp:340::clearMemoryCache> clearMemoryCache [mixc-retail-assembly-rn84::state]
04-20 01:53:32.008 13578 13601 I MMKV    : <MMKV_IO.cpp:287::loadMetaInfoAndCheck> meta file [mixc-retail-assembly-rn84::state] has flag [0]
04-20 01:53:32.008 13578 13601 I MMKV    : <MemoryFile.cpp:103::open> open fd[126], flag 0x7, /data/data/com.impos2.mixcretailassemblyrn84/files/mmkv/specialCharacter/cac4ff37f0f9b0189974948d3d3aa0fe
04-20 01:53:32.009 13578 13601 I MMKV    : <MemoryFile.cpp:250::mmapOrCleanup> mmap to address [0x76fc47c000], oldPtr [0x0], [/data/data/com.impos2.mixcretailassemblyrn84/files/mmkv/specialCharacter/cac4ff37f0f9b0189974948d3d3aa0fe]
04-20 01:53:32.009 13578 13601 I MMKV    : <MemoryFile.cpp:109::close> closing fd[126], /data/data/com.impos2.mixcretailassemblyrn84/files/mmkv/specialCharacter/cac4ff37f0f9b0189974948d3d3aa0fe
04-20 01:53:32.009 13578 13601 I MMKV    : <MMKV_IO.cpp:94::loadFromFile> loading [mixc-retail-assembly-rn84::state] with 0 actual size, file size 4096, InterProcess 0, meta info version:4
04-20 01:53:32.009 13578 13601 I MMKV    : <MMKV_IO.cpp:145::loadFromFile> loaded [mixc-retail-assembly-rn84::state] with 0 key-values
04-20 01:53:32.011 13578 13601 I MMKV    : <MMKV_IO.cpp:1533::clearAll> cleaning all key-values from [mixc-retail-assembly-rn84::secure-state]
04-20 01:53:32.011 13578 13601 I MMKV    : <MemoryFile.cpp:103::open> open fd[126], flag 0x7, /data/data/com.impos2.mixcretailassemblyrn84/files/mmkv/specialCharacter/c08c20d895f199f98a40164528d2f6a6
04-20 01:53:32.011 13578 13601 I MMKV    : <MMKV_IO.cpp:609::writeActualSize> [mixc-retail-assembly-rn84::secure-state] increase sequence to 2, crc 0, actualSize 0
04-20 01:53:32.012 13578 13601 I MMKV    : <MMKV.cpp:340::clearMemoryCache> clearMemoryCache [mixc-retail-assembly-rn84::secure-state]
04-20 01:53:32.012 13578 13601 I MMKV    : <MemoryFile.cpp:109::close> closing fd[126], /data/data/com.impos2.mixcretailassemblyrn84/files/mmkv/specialCharacter/c08c20d895f199f98a40164528d2f6a6
04-20 01:53:32.012 13578 13601 I MMKV    : <MMKV_IO.cpp:287::loadMetaInfoAndCheck> meta file [mixc-retail-assembly-rn84::secure-state] has flag [0]
04-20 01:53:32.012 13578 13601 I MMKV    : <MemoryFile.cpp:103::open> open fd[126], flag 0x7, /data/data/com.impos2.mixcretailassemblyrn84/files/mmkv/specialCharacter/c08c20d895f199f98a40164528d2f6a6
04-20 01:53:32.012 13578 13601 I MMKV    : <MemoryFile.cpp:250::mmapOrCleanup> mmap to address [0x76fc49c000], oldPtr [0x0], [/data/data/com.impos2.mixcretailassemblyrn84/files/mmkv/specialCharacter/c08c20d895f199f98a40164528d2f6a6]
04-20 01:53:32.012 13578 13601 I MMKV    : <MemoryFile.cpp:109::close> closing fd[126], /data/data/com.impos2.mixcretailassemblyrn84/files/mmkv/specialCharacter/c08c20d895f199f98a40164528d2f6a6
04-20 01:53:32.012 13578 13601 I MMKV    : <MMKV_IO.cpp:94::loadFromFile> loading [mixc-retail-assembly-rn84::secure-state] with 0 actual size, file size 4096, InterProcess 0, meta info version:4
04-20 01:53:32.012 13578 13601 I MMKV    : <MMKV_IO.cpp:145::loadFromFile> loaded [mixc-retail-assembly-rn84::secure-state] with 0 key-values
04-20 01:53:32.020 13578 13601 I assembly.assembly.android.mixc-retail-rn84: [assembly.topology] Native topology host already matches desired lifecycle state {"displayCount":2,"displayIndex":0,"deviceId":"J9RZPWR3HK","instanceMode":"MASTER","enableSlave":true,"running":false,"reason":"not-master-or-single-primary-host"}
04-20 01:53:32.022 13578 13601 I MMKV    : <MMKV_IO.cpp:609::writeActualSize> [mixc-retail-assembly-rn84::state] increase sequence to 43, crc 1690203387, actualSize 4
04-20 01:53:32.022 13578 13601 I MMKV    : <MMKV_IO.cpp:530::expandAndWriteBack> extending [mixc-retail-assembly-rn84::state] file size from 4096 to 8192, incoming size:337, future usage:2616
04-20 01:53:32.022 13578 13601 I MMKV    : <MemoryFile.cpp:103::open> open fd[117], flag 0x7, /data/data/com.impos2.mixcretailassemblyrn84/files/mmkv/specialCharacter/cac4ff37f0f9b0189974948d3d3aa0fe
04-20 01:53:32.023 13578 13601 I MMKV    : <MemoryFile.cpp:250::mmapOrCleanup> mmap to address [0x76fc416000], oldPtr [0x76fc47c000], [/data/data/com.impos2.mixcretailassemblyrn84/files/mmkv/specialCharacter/cac4ff37f0f9b0189974948d3d3aa0fe]
04-20 01:53:32.023 13578 13601 I MMKV    : <MemoryFile.cpp:109::close> closing fd[117], /data/data/com.impos2.mixcretailassemblyrn84/files/mmkv/specialCharacter/cac4ff37f0f9b0189974948d3d3aa0fe
04-20 01:53:32.023 13578 13601 I MMKV    : <MMKV_IO.cpp:609::writeActualSize> [mixc-retail-assembly-rn84::state] increase sequence to 44, crc 1295824698, actualSize 3906
04-20 01:53:32.023 13578 13601 I MMKV    : <MMKV.cpp:1208::sync> MMKV::sync, SyncFlag = 1
04-20 01:53:32.023 13578 13600 I ReactNativeJS: '[tcp-bootstrap-state-written]', '{"nodeId":"master:J9RZPWR3HK","runtimeId":"run_mo62bm9n_4grin8bguxlp2kdr","displayIndex":0,"requestId":"req_mo62ecmr_etz7ew9lv9bqxkks","commandId":"cmd_mo62ecmv_d029lgr1bkumy88n","nextDeviceFingerprint":"J9RZPWR3HK","nextDeviceInfo":{"id":"J9RZPWR3HK","model":"Mixc Retail Android RN84"},"previousIdentity":{"activationStatus":"UNACTIVATED"}}'
04-20 01:53:32.025 13648 13668 I ReactNativeJS: '[runtime-state-sync-apply]', '{"direction":"master-to-slave","incomingSliceNames":["kernel.base.ui-runtime-v2.screen.main"],"appliedSliceNames":["kernel.base.ui-runtime-v2.screen.main"],"skippedSliceReasons":[]}'
04-20 01:53:32.026 13578 13601 I MMKV    : <MMKV_IO.cpp:530::expandAndWriteBack> extending [mixc-retail-assembly-rn84::state] file size from 8192 to 16384, incoming size:283, future usage:4056
04-20 01:53:32.026 13578 13601 I MMKV    : <MemoryFile.cpp:103::open> open fd[140], flag 0x7, /data/data/com.impos2.mixcretailassemblyrn84/files/mmkv/specialCharacter/cac4ff37f0f9b0189974948d3d3aa0fe
04-20 01:53:32.026 13578 13601 I MMKV    : <MemoryFile.cpp:250::mmapOrCleanup> mmap to address [0x76fc2d7000], oldPtr [0x76fc416000], [/data/data/com.impos2.mixcretailassemblyrn84/files/mmkv/specialCharacter/cac4ff37f0f9b0189974948d3d3aa0fe]
04-20 01:53:32.026 13578 13601 I MMKV    : <MemoryFile.cpp:109::close> closing fd[140], /data/data/com.impos2.mixcretailassemblyrn84/files/mmkv/specialCharacter/cac4ff37f0f9b0189974948d3d3aa0fe
04-20 01:53:32.026 13578 13601 I MMKV    : <MMKV_IO.cpp:609::writeActualSize> [mixc-retail-assembly-rn84::state] increase sequence to 45, crc 772502011, actualSize 8135
04-20 01:53:32.026 13578 13601 I MMKV    : <MMKV.cpp:1208::sync> MMKV::sync, SyncFlag = 1
04-20 01:53:32.029 13648 13669 I assembly.assembly.android.mixc-retail-rn84: [assembly.topology] Native topology host already matches desired lifecycle state {"displayCount":2,"displayIndex":1,"deviceId":"J9RZPWR3HK","instanceMode":"SLAVE","enableSlave":false,"running":false,"reason":"not-master-or-single-primary-host"}
04-20 01:53:32.029 13648 13669 I assembly.assembly.android.mixc-retail-rn84: [assembly.topology] Native topology host already matches desired lifecycle state {"displayCount":2,"displayIndex":1,"deviceId":"J9RZPWR3HK","instanceMode":"SLAVE","enableSlave":false,"running":false,"reason":"not-master-or-single-primary-host"}
04-20 01:53:32.030 13648 13668 I ReactNativeJS: '[runtime-state-sync-apply]', '{"direction":"master-to-slave","incomingSliceNames":["kernel.base.tcp-control-runtime-v2.identity"],"appliedSliceNames":["kernel.base.tcp-control-runtime-v2.identity"],"skippedSliceReasons":[]}'
04-20 01:53:32.030 13578 13601 I assembly.assembly.android.mixc-retail-rn84: [assembly.topology] Native topology host already matches desired lifecycle state {"displayCount":2,"displayIndex":0,"deviceId":"J9RZPWR3HK","instanceMode":"MASTER","enableSlave":true,"running":false,"reason":"not-master-or-single-primary-host"}
04-20 01:53:32.030 13578 13601 I assembly.assembly.android.mixc-retail-rn84: [assembly.topology] Native topology host already matches desired lifecycle state {"displayCount":2,"displayIndex":0,"deviceId":"J9RZPWR3HK","instanceMode":"MASTER","enableSlave":true,"running":false,"reason":"not-master-or-single-primary-host"}
04-20 01:53:32.030 13578 13601 I assembly.assembly.android.mixc-retail-rn84: [assembly.topology] Native topology host already matches desired lifecycle state {"displayCount":2,"displayIndex":0,"deviceId":"J9RZPWR3HK","instanceMode":"MASTER","enableSlave":true,"running":false,"reason":"not-master-or-single-primary-host"}
04-20 01:53:32.030 13578 13601 I assembly.assembly.android.mixc-retail-rn84: [assembly.topology] Native topology host already matches desired lifecycle state {"displayCount":2,"displayIndex":0,"deviceId":"J9RZPWR3HK","instanceMode":"MASTER","enableSlave":true,"running":false,"reason":"not-master-or-single-primary-host"}
04-20 01:53:32.030 13578 13601 I assembly.assembly.android.mixc-retail-rn84: [assembly.topology] Native topology host already matches desired lifecycle state {"displayCount":2,"displayIndex":0,"deviceId":"J9RZPWR3HK","instanceMode":"MASTER","enableSlave":true,"running":false,"reason":"not-master-or-single-primary-host"}
04-20 01:53:32.031 13648 13669 I assembly.assembly.android.mixc-retail-rn84: [assembly.topology] Native topology host already matches desired lifecycle state {"displayCount":2,"displayIndex":1,"deviceId":"J9RZPWR3HK","instanceMode":"SLAVE","enableSlave":false,"running":false,"reason":"not-master-or-single-primary-host"}
04-20 01:53:32.032 13648 13669 I assembly.assembly.android.mixc-retail-rn84: [assembly.topology] Native topology host already matches desired lifecycle state {"displayCount":2,"displayIndex":1,"deviceId":"J9RZPWR3HK","instanceMode":"SLAVE","enableSlave":false,"running":false,"reason":"not-master-or-single-primary-host"}
04-20 01:53:32.032 13578 13601 I assembly.assembly.android.mixc-retail-rn84: [assembly.topology] Native topology host already matches desired lifecycle state {"displayCount":2,"displayIndex":0,"deviceId":"J9RZPWR3HK","instanceMode":"MASTER","enableSlave":true,"running":false,"reason":"not-master-or-single-primary-host"}
04-20 01:53:32.032 13578 13601 I assembly.assembly.android.mixc-retail-rn84: [assembly.topology] Native topology host already matches desired lifecycle state {"displayCount":2,"displayIndex":0,"deviceId":"J9RZPWR3HK","instanceMode":"MASTER","enableSlave":true,"running":false,"reason":"not-master-or-single-primary-host"}
04-20 01:53:32.032 13578 13601 I assembly.assembly.android.mixc-retail-rn84: [assembly.topology] Native topology host already matches desired lifecycle state {"displayCount":2,"displayIndex":0,"deviceId":"J9RZPWR3HK","instanceMode":"MASTER","enableSlave":true,"running":false,"reason":"not-master-or-single-primary-host"}
04-20 01:53:32.033 13578 13601 I assembly.assembly.android.mixc-retail-rn84: [assembly.topology] Native topology host already matches desired lifecycle state {"displayCount":2,"displayIndex":0,"deviceId":"J9RZPWR3HK","instanceMode":"MASTER","enableSlave":true,"running":false,"reason":"not-master-or-single-primary-host"}
04-20 01:53:32.033 13648 13668 I ReactNativeJS: '[runtime-state-sync-apply]', '{"direction":"master-to-slave","incomingSliceNames":["kernel.base.tcp-control-runtime-v2.credential"],"appliedSliceNames":["kernel.base.tcp-control-runtime-v2.credential"],"skippedSliceReasons":[]}'
04-20 01:53:32.035 13578 13601 I assembly.assembly.android.mixc-retail-rn84: [assembly.topology] Native topology host already matches desired lifecycle state {"displayCount":2,"displayIndex":0,"deviceId":"J9RZPWR3HK","instanceMode":"MASTER","enableSlave":true,"running":false,"reason":"not-master-or-single-primary-host"}
04-20 01:53:32.035 13578 13601 I assembly.assembly.android.mixc-retail-rn84: [assembly.topology] Native topology host already matches desired lifecycle state {"displayCount":2,"displayIndex":0,"deviceId":"J9RZPWR3HK","instanceMode":"MASTER","enableSlave":true,"running":false,"reason":"not-master-or-single-primary-host"}
04-20 01:53:32.035 13578 13601 I assembly.assembly.android.mixc-retail-rn84: [assembly.topology] Native topology host already matches desired lifecycle state {"displayCount":2,"displayIndex":0,"deviceId":"J9RZPWR3HK","instanceMode":"MASTER","enableSlave":true,"running":false,"reason":"not-master-or-single-primary-host"}
04-20 01:53:32.035 13578 13601 I assembly.assembly.android.mixc-retail-rn84: [assembly.topology] Native topology host already matches desired lifecycle state {"displayCount":2,"displayIndex":0,"deviceId":"J9RZPWR3HK","instanceMode":"MASTER","enableSlave":true,"running":false,"reason":"not-master-or-single-primary-host"}
04-20 01:53:32.035 13578 13601 I assembly.assembly.android.mixc-retail-rn84: [assembly.topology] Native topology host already matches desired lifecycle state {"displayCount":2,"displayIndex":0,"deviceId":"J9RZPWR3HK","instanceMode":"MASTER","enableSlave":true,"running":false,"reason":"not-master-or-single-primary-host"}
04-20 01:53:32.035 13578 13601 I assembly.assembly.android.mixc-retail-rn84: [assembly.topology] Native topology host already matches desired lifecycle state {"displayCount":2,"displayIndex":0,"deviceId":"J9RZPWR3HK","instanceMode":"MASTER","enableSlave":true,"running":false,"reason":"not-master-or-single-primary-host"}
04-20 01:53:32.035 13578 13601 I assembly.assembly.android.mixc-retail-rn84: [assembly.topology] Native topology host already matches desired lifecycle state {"displayCount":2,"displayIndex":0,"deviceId":"J9RZPWR3HK","instanceMode":"MASTER","enableSlave":true,"running":false,"reason":"not-master-or-single-primary-host"}
04-20 01:53:32.035 13578 13601 I assembly.assembly.android.mixc-retail-rn84: [assembly.topology] Native topology host already matches desired lifecycle state {"displayCount":2,"displayIndex":0,"deviceId":"J9RZPWR3HK","instanceMode":"MASTER","enableSlave":true,"running":false,"reason":"not-master-or-single-primary-host"}
04-20 01:53:32.035 13578 13601 I assembly.assembly.android.mixc-retail-rn84: [assembly.topology] Native topology host already matches desired lifecycle state {"displayCount":2,"displayIndex":0,"deviceId":"J9RZPWR3HK","instanceMode":"MASTER","enableSlave":true,"running":false,"reason":"not-master-or-single-primary-host"}
04-20 01:53:32.035 13578 13601 I assembly.assembly.android.mixc-retail-rn84: [assembly.topology] Native topology host already matches desired lifecycle state {"displayCount":2,"displayIndex":0,"deviceId":"J9RZPWR3HK","instanceMode":"MASTER","enableSlave":true,"running":false,"reason":"not-master-or-single-primary-host"}
04-20 01:53:32.036 13578 13601 I assembly.assembly.android.mixc-retail-rn84: [assembly.topology] Native topology host already matches desired lifecycle state {"displayCount":2,"displayIndex":0,"deviceId":"J9RZPWR3HK","instanceMode":"MASTER","enableSlave":true,"running":false,"reason":"not-master-or-single-primary-host"}
04-20 01:53:32.036 13578 13601 I assembly.assembly.android.mixc-retail-rn84: [assembly.topology] Native topology host already matches desired lifecycle state {"displayCount":2,"displayIndex":0,"deviceId":"J9RZPWR3HK","instanceMode":"MASTER","enableSlave":true,"running":false,"reason":"not-master-or-single-primary-host"}
04-20 01:53:32.036 13578 13601 I assembly.assembly.android.mixc-retail-rn84: [assembly.topology] Native topology host already matches desired lifecycle state {"displayCount":2,"displayIndex":0,"deviceId":"J9RZPWR3HK","instanceMode":"MASTER","enableSlave":true,"running":false,"reason":"not-master-or-single-primary-host"}
04-20 01:53:32.036 13578 13601 I assembly.assembly.android.mixc-retail-rn84: [assembly.topology] Native topology host already matches desired lifecycle state {"displayCount":2,"displayIndex":0,"deviceId":"J9RZPWR3HK","instanceMode":"MASTER","enableSlave":true,"running":false,"reason":"not-master-or-single-primary-host"}
04-20 01:53:32.036 13578 13601 I assembly.assembly.android.mixc-retail-rn84: [assembly.topology] Native topology host already matches desired lifecycle state {"displayCount":2,"displayIndex":0,"deviceId":"J9RZPWR3HK","instanceMode":"MASTER","enableSlave":true,"running":false,"reason":"not-master-or-single-primary-host"}
04-20 01:53:32.036 13578 13601 I assembly.assembly.android.mixc-retail-rn84: [assembly.topology] Native topology host already matches desired lifecycle state {"displayCount":2,"displayIndex":0,"deviceId":"J9RZPWR3HK","instanceMode":"MASTER","enableSlave":true,"running":false,"reason":"not-master-or-single-primary-host"}
04-20 01:53:32.036 13578 13601 I assembly.assembly.android.mixc-retail-rn84: [assembly.topology] Native topology host already matches desired lifecycle state {"displayCount":2,"displayIndex":0,"deviceId":"J9RZPWR3HK","instanceMode":"MASTER","enableSlave":true,"running":false,"reason":"not-master-or-single-primary-host"}
04-20 01:53:32.036 13578 13601 I assembly.assembly.android.mixc-retail-rn84: [assembly.topology] Native topology host already matches desired lifecycle state {"displayCount":2,"displayIndex":0,"deviceId":"J9RZPWR3HK","instanceMode":"MASTER","enableSlave":true,"running":false,"reason":"not-master-or-single-primary-host"}
04-20 01:53:32.036 13578 13601 I assembly.assembly.android.mixc-retail-rn84: [assembly.topology] Native topology host already matches desired lifecycle state {"displayCount":2,"displayIndex":0,"deviceId":"J9RZPWR3HK","instanceMode":"MASTER","enableSlave":true,"running":false,"reason":"not-master-or-single-primary-host"}
04-20 01:53:32.037 13578 13601 I assembly.assembly.android.mixc-retail-rn84: [assembly.topology] Native topology host already matches desired lifecycle state {"displayCount":2,"displayIndex":0,"deviceId":"J9RZPWR3HK","instanceMode":"MASTER","enableSlave":true,"running":false,"reason":"not-master-or-single-primary-host"}
04-20 01:53:32.037 13578 13601 I assembly.assembly.android.mixc-retail-rn84: [assembly.topology] Native topology host already matches desired lifecycle state {"displayCount":2,"displayIndex":0,"deviceId":"J9RZPWR3HK","instanceMode":"MASTER","enableSlave":true,"running":false,"reason":"not-master-or-single-primary-host"}
04-20 01:53:32.037 13578 13601 I assembly.assembly.android.mixc-retail-rn84: [assembly.topology] Native topology host already matches desired lifecycle state {"displayCount":2,"displayIndex":0,"deviceId":"J9RZPWR3HK","instanceMode":"MASTER","enableSlave":true,"running":false,"reason":"not-master-or-single-primary-host"}
04-20 01:53:32.037 13578 13601 I assembly.assembly.android.mixc-retail-rn84: [assembly.topology] Native topology host already matches desired lifecycle state {"displayCount":2,"displayIndex":0,"deviceId":"J9RZPWR3HK","instanceMode":"MASTER","enableSlave":true,"running":false,"reason":"not-master-or-single-primary-host"}
04-20 01:53:32.041 13648 13662 D EGL_emulation: app_time_stats: avg=40572.51ms min=2.07ms max=81142.94ms count=2
04-20 01:53:32.041 13578 13601 I assembly.assembly.android.mixc-retail-rn84: [assembly.topology] Native topology host already matches desired lifecycle state {"displayCount":2,"displayIndex":0,"deviceId":"J9RZPWR3HK","instanceMode":"MASTER","enableSlave":true,"running":false,"reason":"not-master-or-single-primary-host"}
04-20 01:53:32.042 13578 13601 I assembly.assembly.android.mixc-retail-rn84: [assembly.topology] Native topology host already matches desired lifecycle state {"displayCount":2,"displayIndex":0,"deviceId":"J9RZPWR3HK","instanceMode":"MASTER","enableSlave":true,"running":false,"reason":"not-master-or-single-primary-host"}
04-20 01:53:32.042 13578 13601 I assembly.assembly.android.mixc-retail-rn84: [assembly.topology] Native topology host already matches desired lifecycle state {"displayCount":2,"displayIndex":0,"deviceId":"J9RZPWR3HK","instanceMode":"MASTER","enableSlave":true,"running":false,"reason":"not-master-or-single-primary-host"}
04-20 01:53:32.042 13578 13601 I assembly.assembly.android.mixc-retail-rn84: [assembly.topology] Native topology host already matches desired lifecycle state {"displayCount":2,"displayIndex":0,"deviceId":"J9RZPWR3HK","instanceMode":"MASTER","enableSlave":true,"running":false,"reason":"not-master-or-single-primary-host"}
04-20 01:53:32.042 13578 13601 I assembly.assembly.android.mixc-retail-rn84: [assembly.topology] Native topology host already matches desired lifecycle state {"displayCount":2,"displayIndex":0,"deviceId":"J9RZPWR3HK","instanceMode":"MASTER","enableSlave":true,"running":false,"reason":"not-master-or-single-primary-host"}
04-20 01:53:32.042 13648 13669 I assembly.assembly.android.mixc-retail-rn84: [assembly.topology] Native topology host already matches desired lifecycle state {"displayCount":2,"displayIndex":1,"deviceId":"J9RZPWR3HK","instanceMode":"SLAVE","enableSlave":false,"running":false,"reason":"not-master-or-single-primary-host"}
04-20 01:53:32.042 13578 13601 I assembly.assembly.android.mixc-retail-rn84: [assembly.topology] Native topology host already matches desired lifecycle state {"displayCount":2,"displayIndex":0,"deviceId":"J9RZPWR3HK","instanceMode":"MASTER","enableSlave":true,"running":false,"reason":"not-master-or-single-primary-host"}
04-20 01:53:32.042 13578 13601 I assembly.assembly.android.mixc-retail-rn84: [assembly.topology] Native topology host already matches desired lifecycle state {"displayCount":2,"displayIndex":0,"deviceId":"J9RZPWR3HK","instanceMode":"MASTER","enableSlave":true,"running":false,"reason":"not-master-or-single-primary-host"}
04-20 01:53:32.042 13578 13601 I assembly.assembly.android.mixc-retail-rn84: [assembly.topology] Native topology host already matches desired lifecycle state {"displayCount":2,"displayIndex":0,"deviceId":"J9RZPWR3HK","instanceMode":"MASTER","enableSlave":true,"running":false,"reason":"not-master-or-single-primary-host"}
04-20 01:53:32.042 13578 13601 I assembly.assembly.android.mixc-retail-rn84: [assembly.topology] Native topology host already matches desired lifecycle state {"displayCount":2,"displayIndex":0,"deviceId":"J9RZPWR3HK","instanceMode":"MASTER","enableSlave":true,"running":false,"reason":"not-master-or-single-primary-host"}
04-20 01:53:32.043 13578 13601 I MMKV    : <MMKV_IO.cpp:530::expandAndWriteBack> extending [mixc-retail-assembly-rn84::state] file size from 16384 to 32768, incoming size:314, future usage:6816
04-20 01:53:32.043 13578 13601 I MMKV    : <MemoryFile.cpp:103::open> open fd[117], flag 0x7, /data/data/com.impos2.mixcretailassemblyrn84/files/mmkv/specialCharacter/cac4ff37f0f9b0189974948d3d3aa0fe
04-20 01:53:32.043 13578 13601 I MMKV    : <MemoryFile.cpp:250::mmapOrCleanup> mmap to address [0x76fbfb8000], oldPtr [0x76fc2d7000], [/data/data/com.impos2.mixcretailassemblyrn84/files/mmkv/specialCharacter/cac4ff37f0f9b0189974948d3d3aa0fe]
04-20 01:53:32.043 13578 13601 I MMKV    : <MemoryFile.cpp:109::close> closing fd[117], /data/data/com.impos2.mixcretailassemblyrn84/files/mmkv/specialCharacter/cac4ff37f0f9b0189974948d3d3aa0fe
04-20 01:53:32.043 13578 13601 I MMKV    : <MMKV_IO.cpp:609::writeActualSize> [mixc-retail-assembly-rn84::state] increase sequence to 46, crc 376661218, actualSize 13301
04-20 01:53:32.043 13578 13601 I MMKV    : <MMKV.cpp:1208::sync> MMKV::sync, SyncFlag = 1
04-20 01:53:32.048 13648 13668 I ReactNativeJS: '[runtime-state-sync-apply]', '{"direction":"master-to-slave","incomingSliceNames":["kernel.base.tcp-control-runtime-v2.binding"],"appliedSliceNames":["kernel.base.tcp-control-runtime-v2.binding"],"skippedSliceReasons":[]}'
04-20 01:53:32.048 13648 13669 I assembly.assembly.android.mixc-retail-rn84: [assembly.topology] Native topology host already matches desired lifecycle state {"displayCount":2,"displayIndex":1,"deviceId":"J9RZPWR3HK","instanceMode":"SLAVE","enableSlave":false,"running":false,"reason":"not-master-or-single-primary-host"}
04-20 01:53:32.049 13648 13669 I assembly.assembly.android.mixc-retail-rn84: [assembly.topology] Native topology host already matches desired lifecycle state {"displayCount":2,"displayIndex":1,"deviceId":"J9RZPWR3HK","instanceMode":"SLAVE","enableSlave":false,"running":false,"reason":"not-master-or-single-primary-host"}
04-20 01:53:32.050 13648 13669 I assembly.assembly.android.mixc-retail-rn84: [assembly.topology] Native topology host already matches desired lifecycle state {"displayCount":2,"displayIndex":1,"deviceId":"J9RZPWR3HK","instanceMode":"SLAVE","enableSlave":false,"running":false,"reason":"not-master-or-single-primary-host"}
04-20 01:53:32.051 13578 13601 I assembly.assembly.android.mixc-retail-rn84: [assembly.topology] Native topology host already matches desired lifecycle state {"displayCount":2,"displayIndex":0,"deviceId":"J9RZPWR3HK","instanceMode":"MASTER","enableSlave":true,"running":false,"reason":"not-master-or-single-primary-host"}
04-20 01:53:32.051 13578 13601 I assembly.assembly.android.mixc-retail-rn84: [assembly.topology] Native topology host already matches desired lifecycle state {"displayCount":2,"displayIndex":0,"deviceId":"J9RZPWR3HK","instanceMode":"MASTER","enableSlave":true,"running":false,"reason":"not-master-or-single-primary-host"}
04-20 01:53:32.051 13578 13601 I assembly.assembly.android.mixc-retail-rn84: [assembly.topology] Native topology host already matches desired lifecycle state {"displayCount":2,"displayIndex":0,"deviceId":"J9RZPWR3HK","instanceMode":"MASTER","enableSlave":true,"running":false,"reason":"not-master-or-single-primary-host"}
04-20 01:53:32.053 13578 13601 I MMKV    : <MMKV_IO.cpp:609::writeActualSize> [mixc-retail-assembly-rn84::state] increase sequence to 47, crc 1102460811, actualSize 14107
04-20 01:53:32.053 13578 13601 I MMKV    : <MMKV.cpp:1208::sync> MMKV::sync, SyncFlag = 1
04-20 01:53:32.053 13648 13668 I ReactNativeJS: '[runtime-state-sync-apply]', '{"direction":"master-to-slave","incomingSliceNames":["kernel.base.tcp-control-runtime-v2.sandbox"],"appliedSliceNames":["kernel.base.tcp-control-runtime-v2.sandbox"],"skippedSliceReasons":[]}'
04-20 01:53:32.054 13648 13669 I assembly.assembly.android.mixc-retail-rn84: [assembly.topology] Native topology host already matches desired lifecycle state {"displayCount":2,"displayIndex":1,"deviceId":"J9RZPWR3HK","instanceMode":"SLAVE","enableSlave":false,"running":false,"reason":"not-master-or-single-primary-host"}
04-20 01:53:32.057 13648 13669 I assembly.assembly.android.mixc-retail-rn84: [assembly.topology] Native topology host already matches desired lifecycle state {"displayCount":2,"displayIndex":1,"deviceId":"J9RZPWR3HK","instanceMode":"SLAVE","enableSlave":false,"running":false,"reason":"not-master-or-single-primary-host"}
04-20 01:53:32.057 13648 13668 I ReactNativeJS: '[runtime-state-sync-apply]', '{"direction":"master-to-slave","incomingSliceNames":["kernel.base.ui-runtime-v2.screen.main"],"appliedSliceNames":["kernel.base.ui-runtime-v2.screen.main"],"skippedSliceReasons":[]}'
04-20 01:53:32.058 13578 13601 I MMKV    : <MMKV_IO.cpp:609::writeActualSize> [mixc-retail-assembly-rn84::state] increase sequence to 48, crc 98285202, actualSize 14107
04-20 01:53:32.058 13578 13601 I MMKV    : <MMKV.cpp:1208::sync> MMKV::sync, SyncFlag = 1
04-20 01:53:32.059 13648 13668 I ReactNativeJS: '[runtime-state-sync-apply]', '{"direction":"master-to-slave","incomingSliceNames":["kernel.base.ui-runtime-v2.screen.main"],"appliedSliceNames":["kernel.base.ui-runtime-v2.screen.main"],"skippedSliceReasons":[]}'
04-20 01:53:32.060 13648 13669 I assembly.assembly.android.mixc-retail-rn84: [assembly.topology] Native topology host already matches desired lifecycle state {"displayCount":2,"displayIndex":1,"deviceId":"J9RZPWR3HK","instanceMode":"SLAVE","enableSlave":false,"running":false,"reason":"not-master-or-single-primary-host"}
04-20 01:53:32.060 13648 13669 I assembly.assembly.android.mixc-retail-rn84: [assembly.topology] Native topology host already matches desired lifecycle state {"displayCount":2,"displayIndex":1,"deviceId":"J9RZPWR3HK","instanceMode":"SLAVE","enableSlave":false,"running":false,"reason":"not-master-or-single-primary-host"}
04-20 01:53:32.066 13648 13668 I ReactNativeJS: '[runtime-state-sync-apply]', '{"direction":"master-to-slave","incomingSliceNames":["kernel.base.topology-runtime-v3.demo.master","kernel.base.tcp-control-runtime-v2.identity","kernel.base.tcp-control-runtime-v2.credential","kernel.base.tcp-control-runtime-v2.binding","kernel.base.tcp-control-runtime-v2.sandbox","kernel.base.tdp-sync-runtime-v2.hot-update","kernel.base.ui-runtime-v2.screen.main","kernel.base.ui-runtime-v2.overlay.main","kernel.base.ui-runtime-v2.ui-variable.main"],"appliedSliceNames":["kernel.base.topology-runtime-v3.demo.master","kernel.base.tcp-control-runtime-v2.identity","kernel.base.tcp-control-runtime-v2.credential","kernel.base.tcp-control-runtime-v2.binding","kernel.base.tcp-control-runtime-v2.sandbox","kernel.base.tdp-sync-runtime-v2.hot-update","kernel.base.ui-runtime-v2.screen.main","kernel.base.ui-runtime-v2.overlay.main","kernel.base.ui-runtime-v2.ui-variable.main"],"skippedSliceReasons":[]}'
04-20 01:53:32.066 13648 13669 I assembly.assembly.android.mixc-retail-rn84: [assembly.topology] Native topology host already matches desired lifecycle state {"displayCount":2,"displayIndex":1,"deviceId":"J9RZPWR3HK","instanceMode":"SLAVE","enableSlave":false,"running":false,"reason":"not-master-or-single-primary-host"}
04-20 01:53:32.066 13648 13669 I assembly.assembly.android.mixc-retail-rn84: [assembly.topology] Native topology host already matches desired lifecycle state {"displayCount":2,"displayIndex":1,"deviceId":"J9RZPWR3HK","instanceMode":"SLAVE","enableSlave":false,"running":false,"reason":"not-master-or-single-primary-host"}
04-20 01:53:32.067 13648 13669 I assembly.assembly.android.mixc-retail-rn84: [assembly.topology] Native topology host already matches desired lifecycle state {"displayCount":2,"displayIndex":1,"deviceId":"J9RZPWR3HK","instanceMode":"SLAVE","enableSlave":false,"running":false,"reason":"not-master-or-single-primary-host"}
04-20 01:53:32.067 13648 13669 I assembly.assembly.android.mixc-retail-rn84: [assembly.topology] Native topology host already matches desired lifecycle state {"displayCount":2,"displayIndex":1,"deviceId":"J9RZPWR3HK","instanceMode":"SLAVE","enableSlave":false,"running":false,"reason":"not-master-or-single-primary-host"}
04-20 01:53:32.067 13648 13669 I assembly.assembly.android.mixc-retail-rn84: [assembly.topology] Native topology host already matches desired lifecycle state {"displayCount":2,"displayIndex":1,"deviceId":"J9RZPWR3HK","instanceMode":"SLAVE","enableSlave":false,"running":false,"reason":"not-master-or-single-primary-host"}
04-20 01:53:32.068 13578 13601 I MMKV    : <MMKV_IO.cpp:609::writeActualSize> [mixc-retail-assembly-rn84::state] increase sequence to 49, crc 2009745429, actualSize 14107
04-20 01:53:32.068 13578 13601 I MMKV    : <MMKV.cpp:1208::sync> MMKV::sync, SyncFlag = 1
04-20 01:53:32.069 13578 13600 I ReactNativeJS: '[runtime-state-sync-apply]', '{"direction":"slave-to-master","incomingSliceNames":["kernel.base.topology-runtime-v3.demo.slave","kernel.base.ui-runtime-v2.screen.branch","kernel.base.ui-runtime-v2.overlay.branch","kernel.base.ui-runtime-v2.ui-variable.branch"],"appliedSliceNames":["kernel.base.topology-runtime-v3.demo.slave","kernel.base.ui-runtime-v2.screen.branch","kernel.base.ui-runtime-v2.overlay.branch","kernel.base.ui-runtime-v2.ui-variable.branch"],"skippedSliceReasons":[]}'
04-20 01:53:32.070 13648 13669 I assembly.assembly.android.mixc-retail-rn84: [assembly.topology] Native topology host already matches desired lifecycle state {"displayCount":2,"displayIndex":1,"deviceId":"J9RZPWR3HK","instanceMode":"SLAVE","enableSlave":false,"running":false,"reason":"not-master-or-single-primary-host"}
04-20 01:53:32.070 13578 13601 I assembly.assembly.android.mixc-retail-rn84: [assembly.topology] Native topology host already matches desired lifecycle state {"displayCount":2,"displayIndex":0,"deviceId":"J9RZPWR3HK","instanceMode":"MASTER","enableSlave":true,"running":false,"reason":"not-master-or-single-primary-host"}
04-20 01:53:32.070 13578 13601 I assembly.assembly.android.mixc-retail-rn84: [assembly.topology] Native topology host already matches desired lifecycle state {"displayCount":2,"displayIndex":0,"deviceId":"J9RZPWR3HK","instanceMode":"MASTER","enableSlave":true,"running":false,"reason":"not-master-or-single-primary-host"}
04-20 01:53:32.071 13648 13669 I assembly.assembly.android.mixc-retail-rn84: [assembly.topology] Native topology host already matches desired lifecycle state {"displayCount":2,"displayIndex":1,"deviceId":"J9RZPWR3HK","instanceMode":"SLAVE","enableSlave":false,"running":false,"reason":"not-master-or-single-primary-host"}
04-20 01:53:32.071 13578 13601 I MMKV    : <MMKV_IO.cpp:609::writeActualSize> [mixc-retail-assembly-rn84::state] increase sequence to 50, crc 3066406674, actualSize 14107
04-20 01:53:32.071 13578 13601 I MMKV    : <MMKV.cpp:1208::sync> MMKV::sync, SyncFlag = 1
04-20 01:53:32.074 13578 13601 I MMKV    : <MMKV_IO.cpp:609::writeActualSize> [mixc-retail-assembly-rn84::state] increase sequence to 51, crc 931159713, actualSize 14107
04-20 01:53:32.074 13578 13601 I MMKV    : <MMKV.cpp:1208::sync> MMKV::sync, SyncFlag = 1
04-20 01:53:32.078 13578 13601 I MMKV    : <MMKV_IO.cpp:609::writeActualSize> [mixc-retail-assembly-rn84::state] increase sequence to 52, crc 4056572526, actualSize 14107
04-20 01:53:32.078 13578 13601 I MMKV    : <MMKV.cpp:1208::sync> MMKV::sync, SyncFlag = 1
04-20 01:53:32.081 13578 13601 I MMKV    : <MMKV_IO.cpp:609::writeActualSize> [mixc-retail-assembly-rn84::state] increase sequence to 53, crc 2278273551, actualSize 14107
04-20 01:53:32.081 13578 13601 I MMKV    : <MMKV.cpp:1208::sync> MMKV::sync, SyncFlag = 1
04-20 01:53:32.084 13578 13601 I MMKV    : <MMKV_IO.cpp:609::writeActualSize> [mixc-retail-assembly-rn84::state] increase sequence to 54, crc 192259672, actualSize 14107
04-20 01:53:32.084 13578 13601 I MMKV    : <MMKV.cpp:1208::sync> MMKV::sync, SyncFlag = 1
04-20 01:53:32.087 13578 13601 I MMKV    : <MMKV_IO.cpp:609::writeActualSize> [mixc-retail-assembly-rn84::state] increase sequence to 55, crc 1439473684, actualSize 14107
04-20 01:53:32.087 13578 13601 I MMKV    : <MMKV.cpp:1208::sync> MMKV::sync, SyncFlag = 1
04-20 01:53:32.090 13578 13601 I MMKV    : <MMKV_IO.cpp:609::writeActualSize> [mixc-retail-assembly-rn84::state] increase sequence to 56, crc 367054320, actualSize 14107
04-20 01:53:32.090 13578 13601 I MMKV    : <MMKV.cpp:1208::sync> MMKV::sync, SyncFlag = 1
04-20 01:53:32.093 13578 13601 I MMKV    : <MMKV_IO.cpp:609::writeActualSize> [mixc-retail-assembly-rn84::state] increase sequence to 57, crc 2696218816, actualSize 14107
04-20 01:53:32.093 13578 13601 I MMKV    : <MMKV.cpp:1208::sync> MMKV::sync, SyncFlag = 1
04-20 01:53:32.096 13578 13601 I MMKV    : <MMKV_IO.cpp:609::writeActualSize> [mixc-retail-assembly-rn84::state] increase sequence to 58, crc 4228625421, actualSize 14107
04-20 01:53:32.096 13578 13601 I MMKV    : <MMKV.cpp:1208::sync> MMKV::sync, SyncFlag = 1
04-20 01:53:32.099 13578 13601 I MMKV    : <MMKV_IO.cpp:609::writeActualSize> [mixc-retail-assembly-rn84::state] increase sequence to 59, crc 1293105252, actualSize 14107
04-20 01:53:32.099 13578 13601 I MMKV    : <MMKV.cpp:1208::sync> MMKV::sync, SyncFlag = 1
04-20 01:53:32.102 13578 13601 I MMKV    : <MMKV_IO.cpp:609::writeActualSize> [mixc-retail-assembly-rn84::state] increase sequence to 60, crc 1567046610, actualSize 14107
04-20 01:53:32.102 13578 13601 I MMKV    : <MMKV.cpp:1208::sync> MMKV::sync, SyncFlag = 1
04-20 01:53:32.106 13578 13601 I MMKV    : <MMKV_IO.cpp:609::writeActualSize> [mixc-retail-assembly-rn84::state] increase sequence to 61, crc 3841714142, actualSize 14107
04-20 01:53:32.106 13578 13601 I MMKV    : <MMKV.cpp:1208::sync> MMKV::sync, SyncFlag = 1
04-20 01:53:32.110 13578 13601 I MMKV    : <MMKV_IO.cpp:609::writeActualSize> [mixc-retail-assembly-rn84::state] increase sequence to 62, crc 753142027, actualSize 14107
04-20 01:53:32.110 13578 13601 I MMKV    : <MMKV.cpp:1208::sync> MMKV::sync, SyncFlag = 1
04-20 01:53:32.112 13578 13601 I MMKV    : <MMKV_IO.cpp:609::writeActualSize> [mixc-retail-assembly-rn84::state] increase sequence to 63, crc 4270449996, actualSize 14107
04-20 01:53:32.112 13578 13601 I MMKV    : <MMKV.cpp:1208::sync> MMKV::sync, SyncFlag = 1
04-20 01:53:32.116 13578 13601 I MMKV    : <MMKV_IO.cpp:609::writeActualSize> [mixc-retail-assembly-rn84::state] increase sequence to 64, crc 98285202, actualSize 14107
04-20 01:53:32.116 13578 13601 I MMKV    : <MMKV.cpp:1208::sync> MMKV::sync, SyncFlag = 1
04-20 01:53:32.119 13578 13601 I MMKV    : <MMKV_IO.cpp:609::writeActualSize> [mixc-retail-assembly-rn84::state] increase sequence to 65, crc 2009745429, actualSize 14107
04-20 01:53:32.119 13578 13601 I MMKV    : <MMKV.cpp:1208::sync> MMKV::sync, SyncFlag = 1
04-20 01:53:32.122 13578 13601 I MMKV    : <MMKV_IO.cpp:609::writeActualSize> [mixc-retail-assembly-rn84::state] increase sequence to 66, crc 3066406674, actualSize 14107
04-20 01:53:32.122 13578 13601 I MMKV    : <MMKV.cpp:1208::sync> MMKV::sync, SyncFlag = 1
04-20 01:53:32.126 13578 13601 I MMKV    : <MMKV_IO.cpp:609::writeActualSize> [mixc-retail-assembly-rn84::state] increase sequence to 67, crc 931159713, actualSize 14107
04-20 01:53:32.126 13578 13601 I MMKV    : <MMKV.cpp:1208::sync> MMKV::sync, SyncFlag = 1
04-20 01:53:32.130 13578 13601 I MMKV    : <MMKV_IO.cpp:609::writeActualSize> [mixc-retail-assembly-rn84::state] increase sequence to 68, crc 4056572526, actualSize 14107
04-20 01:53:32.130 13578 13601 I MMKV    : <MMKV.cpp:1208::sync> MMKV::sync, SyncFlag = 1
04-20 01:53:32.133 13578 13601 I MMKV    : <MMKV_IO.cpp:609::writeActualSize> [mixc-retail-assembly-rn84::state] increase sequence to 69, crc 2278273551, actualSize 14107
04-20 01:53:32.133 13578 13601 I MMKV    : <MMKV.cpp:1208::sync> MMKV::sync, SyncFlag = 1
04-20 01:53:32.135 13578 13601 I MMKV    : <MMKV_IO.cpp:609::writeActualSize> [mixc-retail-assembly-rn84::state] increase sequence to 70, crc 192259672, actualSize 14107
04-20 01:53:32.135 13578 13601 I MMKV    : <MMKV.cpp:1208::sync> MMKV::sync, SyncFlag = 1
04-20 01:53:33.508 13578 13593 D EGL_emulation: app_time_stats: avg=165.17ms min=4.02ms max=1442.57ms count=14
