--------- beginning of main
04-20 01:54:13.709 13762 13822 D TrafficStats: tagSocket(5) with statsTag=0xffffffff, statsUid=-1
04-20 01:54:13.716 13762 13822 D TrafficStats: tagSocket(5) with statsTag=0xffffffff, statsUid=-1
04-20 01:54:13.721 13762 13822 D TrafficStats: tagSocket(5) with statsTag=0xffffffff, statsUid=-1
04-20 01:54:13.789 13762 13822 D TrafficStats: tagSocket(5) with statsTag=0xffffffff, statsUid=-1
04-20 01:54:13.794 13762 13778 D EGL_emulation: app_time_stats: avg=1200.71ms min=2.51ms max=17966.91ms count=15
04-20 01:54:13.798 13762 13822 D TrafficStats: tagSocket(5) with statsTag=0xffffffff, statsUid=-1
04-20 01:54:13.814 13762 13822 D TrafficStats: tagSocket(5) with statsTag=0xffffffff, statsUid=-1
04-20 01:54:13.817 13762 13822 D TrafficStats: tagSocket(5) with statsTag=0xffffffff, statsUid=-1
04-20 01:54:13.876 13762 13822 D TrafficStats: tagSocket(137) with statsTag=0xffffffff, statsUid=-1
04-20 01:54:13.890 13762 13822 D TrafficStats: tagSocket(137) with statsTag=0xffffffff, statsUid=-1
04-20 01:54:13.893 13762 13822 D TrafficStats: tagSocket(137) with statsTag=0xffffffff, statsUid=-1
04-20 01:54:13.950 13762 13822 D TrafficStats: tagSocket(127) with statsTag=0xffffffff, statsUid=-1
04-20 01:54:13.964 13762 13822 D TrafficStats: tagSocket(127) with statsTag=0xffffffff, statsUid=-1
04-20 01:54:13.967 13762 13822 D TrafficStats: tagSocket(127) with statsTag=0xffffffff, statsUid=-1
04-20 01:54:14.022 13762 13822 D TrafficStats: tagSocket(126) with statsTag=0xffffffff, statsUid=-1
04-20 01:54:14.038 13762 13822 D TrafficStats: tagSocket(126) with statsTag=0xffffffff, statsUid=-1
04-20 01:54:14.040 13762 13822 D TrafficStats: tagSocket(126) with statsTag=0xffffffff, statsUid=-1
04-20 01:54:14.097 13762 13822 D TrafficStats: tagSocket(113) with statsTag=0xffffffff, statsUid=-1
04-20 01:54:14.110 13762 13822 D TrafficStats: tagSocket(113) with statsTag=0xffffffff, statsUid=-1
04-20 01:54:14.113 13762 13822 D TrafficStats: tagSocket(131) with statsTag=0xffffffff, statsUid=-1
04-20 01:54:14.168 13762 13822 D TrafficStats: tagSocket(116) with statsTag=0xffffffff, statsUid=-1
04-20 01:54:14.182 13762 13822 D TrafficStats: tagSocket(116) with statsTag=0xffffffff, statsUid=-1
04-20 01:54:14.185 13762 13822 D TrafficStats: tagSocket(116) with statsTag=0xffffffff, statsUid=-1
04-20 01:54:14.243 13762 13822 D TrafficStats: tagSocket(124) with statsTag=0xffffffff, statsUid=-1
04-20 01:54:14.257 13762 13822 D TrafficStats: tagSocket(124) with statsTag=0xffffffff, statsUid=-1
04-20 01:54:14.261 13762 13822 D TrafficStats: tagSocket(124) with statsTag=0xffffffff, statsUid=-1
04-20 01:54:14.317 13762 13822 D TrafficStats: tagSocket(5) with statsTag=0xffffffff, statsUid=-1
04-20 01:54:14.330 13762 13822 D TrafficStats: tagSocket(5) with statsTag=0xffffffff, statsUid=-1
04-20 01:54:14.333 13762 13822 D TrafficStats: tagSocket(5) with statsTag=0xffffffff, statsUid=-1
04-20 01:54:14.388 13762 13822 D TrafficStats: tagSocket(129) with statsTag=0xffffffff, statsUid=-1
04-20 01:54:14.402 13762 13822 D TrafficStats: tagSocket(129) with statsTag=0xffffffff, statsUid=-1
04-20 01:54:14.406 13762 13822 D TrafficStats: tagSocket(129) with statsTag=0xffffffff, statsUid=-1
04-20 01:54:14.460 13762 13822 D TrafficStats: tagSocket(127) with statsTag=0xffffffff, statsUid=-1
04-20 01:54:14.475 13762 13822 D TrafficStats: tagSocket(127) with statsTag=0xffffffff, statsUid=-1
04-20 01:54:14.498 13762 13822 D TrafficStats: tagSocket(127) with statsTag=0xffffffff, statsUid=-1
04-20 01:54:14.555 13762 13822 D TrafficStats: tagSocket(126) with statsTag=0xffffffff, statsUid=-1
04-20 01:54:14.569 13762 13822 D TrafficStats: tagSocket(126) with statsTag=0xffffffff, statsUid=-1
04-20 01:54:14.572 13762 13822 D TrafficStats: tagSocket(126) with statsTag=0xffffffff, statsUid=-1
04-20 01:54:14.627 13762 13822 D TrafficStats: tagSocket(116) with statsTag=0xffffffff, statsUid=-1
04-20 01:54:14.641 13762 13822 D TrafficStats: tagSocket(116) with statsTag=0xffffffff, statsUid=-1
04-20 01:54:14.644 13762 13822 D TrafficStats: tagSocket(116) with statsTag=0xffffffff, statsUid=-1
04-20 01:54:14.699 13762 13822 D TrafficStats: tagSocket(120) with statsTag=0xffffffff, statsUid=-1
04-20 01:54:14.713 13762 13822 D TrafficStats: tagSocket(120) with statsTag=0xffffffff, statsUid=-1
04-20 01:54:14.721 13762 13822 D TrafficStats: tagSocket(120) with statsTag=0xffffffff, statsUid=-1
04-20 01:54:14.736 13762 13822 D TrafficStats: tagSocket(124) with statsTag=0xffffffff, statsUid=-1
04-20 01:54:14.739 13762 13822 D TrafficStats: tagSocket(124) with statsTag=0xffffffff, statsUid=-1
04-20 01:54:14.794 13762 13822 D TrafficStats: tagSocket(129) with statsTag=0xffffffff, statsUid=-1
04-20 01:54:14.808 13762 13822 D TrafficStats: tagSocket(129) with statsTag=0xffffffff, statsUid=-1
04-20 01:54:14.811 13762 13822 D TrafficStats: tagSocket(129) with statsTag=0xffffffff, statsUid=-1
04-20 01:54:14.829 13762 13778 D EGL_emulation: app_time_stats: avg=51.76ms min=16.04ms max=83.07ms count=20
04-20 01:54:14.867 13762 13822 D TrafficStats: tagSocket(130) with statsTag=0xffffffff, statsUid=-1
04-20 01:54:14.881 13762 13822 D TrafficStats: tagSocket(130) with statsTag=0xffffffff, statsUid=-1
04-20 01:54:14.883 13762 13822 D TrafficStats: tagSocket(130) with statsTag=0xffffffff, statsUid=-1
04-20 01:54:14.939 13762 13822 D TrafficStats: tagSocket(127) with statsTag=0xffffffff, statsUid=-1
04-20 01:54:14.952 13762 13822 D TrafficStats: tagSocket(127) with statsTag=0xffffffff, statsUid=-1
04-20 01:54:14.957 13762 13822 D TrafficStats: tagSocket(127) with statsTag=0xffffffff, statsUid=-1
04-20 01:54:15.013 13762 13822 D TrafficStats: tagSocket(126) with statsTag=0xffffffff, statsUid=-1
04-20 01:54:15.026 13762 13822 D TrafficStats: tagSocket(126) with statsTag=0xffffffff, statsUid=-1
04-20 01:54:15.033 13762 13822 D TrafficStats: tagSocket(126) with statsTag=0xffffffff, statsUid=-1
04-20 01:54:15.050 13762 13822 D TrafficStats: tagSocket(113) with statsTag=0xffffffff, statsUid=-1
04-20 01:54:15.053 13762 13822 D TrafficStats: tagSocket(113) with statsTag=0xffffffff, statsUid=-1
04-20 01:54:15.108 13762 13822 D TrafficStats: tagSocket(116) with statsTag=0xffffffff, statsUid=-1
04-20 01:54:15.122 13762 13822 D TrafficStats: tagSocket(116) with statsTag=0xffffffff, statsUid=-1
04-20 01:54:15.126 13762 13822 D TrafficStats: tagSocket(116) with statsTag=0xffffffff, statsUid=-1
04-20 01:54:15.183 13762 13822 D TrafficStats: tagSocket(120) with statsTag=0xffffffff, statsUid=-1
04-20 01:54:15.196 13762 13822 D TrafficStats: tagSocket(120) with statsTag=0xffffffff, statsUid=-1
04-20 01:54:15.199 13762 13822 D TrafficStats: tagSocket(120) with statsTag=0xffffffff, statsUid=-1
04-20 01:54:15.255 13762 13822 D TrafficStats: tagSocket(124) with statsTag=0xffffffff, statsUid=-1
04-20 01:54:15.269 13762 13822 D TrafficStats: tagSocket(124) with statsTag=0xffffffff, statsUid=-1
04-20 01:54:15.273 13762 13822 D TrafficStats: tagSocket(124) with statsTag=0xffffffff, statsUid=-1
04-20 01:54:15.329 13762 13822 D TrafficStats: tagSocket(129) with statsTag=0xffffffff, statsUid=-1
04-20 01:54:15.342 13762 13822 D TrafficStats: tagSocket(129) with statsTag=0xffffffff, statsUid=-1
04-20 01:54:15.345 13762 13822 D TrafficStats: tagSocket(129) with statsTag=0xffffffff, statsUid=-1
04-20 01:54:15.400 13762 13822 D TrafficStats: tagSocket(130) with statsTag=0xffffffff, statsUid=-1
04-20 01:54:15.414 13762 13822 D TrafficStats: tagSocket(130) with statsTag=0xffffffff, statsUid=-1
04-20 01:54:15.417 13762 13822 D TrafficStats: tagSocket(130) with statsTag=0xffffffff, statsUid=-1
04-20 01:54:15.472 13762 13822 D TrafficStats: tagSocket(127) with statsTag=0xffffffff, statsUid=-1
04-20 01:54:15.487 13762 13822 D TrafficStats: tagSocket(127) with statsTag=0xffffffff, statsUid=-1
04-20 01:54:15.502 13762 13822 D TrafficStats: tagSocket(126) with statsTag=0xffffffff, statsUid=-1
04-20 01:54:15.816 13762 13822 D TrafficStats: tagSocket(126) with statsTag=0xffffffff, statsUid=-1
04-20 01:54:15.821 13762 13822 D TrafficStats: tagSocket(126) with statsTag=0xffffffff, statsUid=-1
04-20 01:54:15.825 13762 13822 D TrafficStats: tagSocket(126) with statsTag=0xffffffff, statsUid=-1
04-20 01:54:15.860 13762 13778 D EGL_emulation: app_time_stats: avg=85.86ms min=18.28ms max=365.08ms count=12
04-20 01:54:15.874 13762 13822 D TrafficStats: tagSocket(113) with statsTag=0xffffffff, statsUid=-1
04-20 01:54:15.879 13762 13822 D TrafficStats: tagSocket(113) with statsTag=0xffffffff, statsUid=-1
04-20 01:54:15.893 13762 13822 D TrafficStats: tagSocket(113) with statsTag=0xffffffff, statsUid=-1
04-20 01:54:15.897 13762 13822 D TrafficStats: tagSocket(113) with statsTag=0xffffffff, statsUid=-1
04-20 01:54:15.953 13762 13822 D TrafficStats: tagSocket(120) with statsTag=0xffffffff, statsUid=-1
04-20 01:54:15.968 13762 13822 D TrafficStats: tagSocket(120) with statsTag=0xffffffff, statsUid=-1
04-20 01:54:15.971 13762 13822 D TrafficStats: tagSocket(120) with statsTag=0xffffffff, statsUid=-1
04-20 01:54:16.026 13762 13822 D TrafficStats: tagSocket(124) with statsTag=0xffffffff, statsUid=-1
04-20 01:54:16.039 13762 13822 D TrafficStats: tagSocket(124) with statsTag=0xffffffff, statsUid=-1
04-20 01:54:16.043 13762 13822 D TrafficStats: tagSocket(124) with statsTag=0xffffffff, statsUid=-1
04-20 01:54:16.100 13762 13822 D TrafficStats: tagSocket(5) with statsTag=0xffffffff, statsUid=-1
04-20 01:54:16.114 13762 13822 D TrafficStats: tagSocket(5) with statsTag=0xffffffff, statsUid=-1
04-20 01:54:16.120 13762 13822 D TrafficStats: tagSocket(5) with statsTag=0xffffffff, statsUid=-1
04-20 01:54:16.133 13762 13822 D TrafficStats: tagSocket(126) with statsTag=0xffffffff, statsUid=-1
04-20 01:54:16.137 13762 13822 D TrafficStats: tagSocket(126) with statsTag=0xffffffff, statsUid=-1
04-20 01:54:16.152 13762 13822 D TrafficStats: tagSocket(129) with statsTag=0xffffffff, statsUid=-1
04-20 01:54:16.157 13762 13822 D TrafficStats: tagSocket(129) with statsTag=0xffffffff, statsUid=-1
04-20 01:54:16.172 13762 13822 D TrafficStats: tagSocket(127) with statsTag=0xffffffff, statsUid=-1
04-20 01:54:16.174 13762 13822 D TrafficStats: tagSocket(127) with statsTag=0xffffffff, statsUid=-1
04-20 01:54:16.229 13762 13822 D TrafficStats: tagSocket(130) with statsTag=0xffffffff, statsUid=-1
04-20 01:54:16.244 13762 13822 D TrafficStats: tagSocket(130) with statsTag=0xffffffff, statsUid=-1
04-20 01:54:16.250 13762 13822 D TrafficStats: tagSocket(130) with statsTag=0xffffffff, statsUid=-1
04-20 01:54:16.264 13762 13822 D TrafficStats: tagSocket(113) with statsTag=0xffffffff, statsUid=-1
04-20 01:54:16.267 13762 13822 D TrafficStats: tagSocket(113) with statsTag=0xffffffff, statsUid=-1
04-20 01:54:16.321 13762 13822 D TrafficStats: tagSocket(116) with statsTag=0xffffffff, statsUid=-1
04-20 01:54:16.334 13762 13822 D TrafficStats: tagSocket(116) with statsTag=0xffffffff, statsUid=-1
04-20 01:54:16.337 13762 13822 D TrafficStats: tagSocket(116) with statsTag=0xffffffff, statsUid=-1
04-20 01:54:16.392 13762 13822 D TrafficStats: tagSocket(120) with statsTag=0xffffffff, statsUid=-1
04-20 01:54:16.406 13762 13822 D TrafficStats: tagSocket(120) with statsTag=0xffffffff, statsUid=-1
04-20 01:54:16.409 13762 13822 D TrafficStats: tagSocket(120) with statsTag=0xffffffff, statsUid=-1
04-20 01:54:16.463 13762 13822 D TrafficStats: tagSocket(124) with statsTag=0xffffffff, statsUid=-1
04-20 01:54:16.478 13762 13822 D TrafficStats: tagSocket(124) with statsTag=0xffffffff, statsUid=-1
04-20 01:54:16.480 13762 13822 D TrafficStats: tagSocket(124) with statsTag=0xffffffff, statsUid=-1
04-20 01:54:16.484 13762 13822 D TrafficStats: tagSocket(124) with statsTag=0xffffffff, statsUid=-1
04-20 01:54:16.487 13762 13822 D TrafficStats: tagSocket(124) with statsTag=0xffffffff, statsUid=-1
04-20 01:54:16.534 13762 13822 D TrafficStats: tagSocket(5) with statsTag=0xffffffff, statsUid=-1
04-20 01:54:16.549 13762 13822 D TrafficStats: tagSocket(5) with statsTag=0xffffffff, statsUid=-1
04-20 01:54:16.563 13762 13822 D TrafficStats: tagSocket(126) with statsTag=0xffffffff, statsUid=-1
--------- beginning of kernel
04-20 01:54:16.631   167   167 I logd    : logdr: UID=2000 GID=2000 PID=13889 n tail=0 logMask=99 pid=0 start=0ns deadline=0ns
04-20 01:54:16.897 13762 13822 D TrafficStats: tagSocket(126) with statsTag=0xffffffff, statsUid=-1
04-20 01:54:16.902 13762 13822 D TrafficStats: tagSocket(126) with statsTag=0xffffffff, statsUid=-1
04-20 01:54:16.906 13827 13847 I ReactNativeJS: '[runtime-state-sync-apply]', '{"direction":"master-to-slave","incomingSliceNames":["kernel.base.tcp-control-runtime-v2.identity"],"appliedSliceNames":["kernel.base.tcp-control-runtime-v2.identity"],"skippedSliceReasons":[]}'
04-20 01:54:16.907 13762 13785 I assembly.assembly.android.mixc-retail-rn84.transport.http.HttpRuntime: [transport.http] HTTP request started: kernel.base.tcp-control-runtime-v2.activate-terminal {"endpointName":"kernel.base.tcp-control-runtime-v2.activate-terminal","serverName":"mock-terminal-platform","addressName":"local","method":"POST","roundIndex":0,"attemptIndex":1}
04-20 01:54:16.907 13827 13848 I assembly.assembly.android.mixc-retail-rn84: [assembly.topology] Native topology host already matches desired lifecycle state {"displayCount":2,"displayIndex":1,"deviceId":"J9RZPWR3HK","instanceMode":"SLAVE","enableSlave":false,"running":false,"reason":"not-master-or-single-primary-host"}
04-20 01:54:16.907 13827 13848 I assembly.assembly.android.mixc-retail-rn84: [assembly.topology] Native topology host already matches desired lifecycle state {"displayCount":2,"displayIndex":1,"deviceId":"J9RZPWR3HK","instanceMode":"SLAVE","enableSlave":false,"running":false,"reason":"not-master-or-single-primary-host"}
04-20 01:54:16.909 13762 13785 I assembly.assembly.android.mixc-retail-rn84: [assembly.topology] Native topology host already matches desired lifecycle state {"displayCount":2,"displayIndex":0,"deviceId":"J9RZPWR3HK","instanceMode":"MASTER","enableSlave":true,"running":false,"reason":"not-master-or-single-primary-host"}
04-20 01:54:16.910 13762 13785 I MMKV    : <MMKV_IO.cpp:609::writeActualSize> [mixc-retail-assembly-rn84::state] increase sequence to 98, crc 763013909, actualSize 14487
04-20 01:54:16.910 13762 13785 I MMKV    : <MMKV.cpp:1208::sync> MMKV::sync, SyncFlag = 1
04-20 01:54:16.912 13762 13892 D TrafficStats: tagSocket(131) with statsTag=0xffffffff, statsUid=-1
04-20 01:54:16.912 13762 13785 I assembly.assembly.android.mixc-retail-rn84: [assembly.topology] Native topology host already matches desired lifecycle state {"displayCount":2,"displayIndex":0,"deviceId":"J9RZPWR3HK","instanceMode":"MASTER","enableSlave":true,"running":false,"reason":"not-master-or-single-primary-host"}
04-20 01:54:16.912 13762 13785 I assembly.assembly.android.mixc-retail-rn84: [assembly.topology] Native topology host already matches desired lifecycle state {"displayCount":2,"displayIndex":0,"deviceId":"J9RZPWR3HK","instanceMode":"MASTER","enableSlave":true,"running":false,"reason":"not-master-or-single-primary-host"}
04-20 01:54:16.914 13762 13785 I assembly.assembly.android.mixc-retail-rn84: [assembly.topology] Native topology host already matches desired lifecycle state {"displayCount":2,"displayIndex":0,"deviceId":"J9RZPWR3HK","instanceMode":"MASTER","enableSlave":true,"running":false,"reason":"not-master-or-single-primary-host"}
04-20 01:54:16.917 13762 13822 D TrafficStats: tagSocket(126) with statsTag=0xffffffff, statsUid=-1
04-20 01:54:16.921 13827 13833 W yrn84:secondary: ApkAssets: Deleting an ApkAssets object '<empty> and /data/app/~~j4BrjP0JsvTGmjdLkkfrgg==/com.google.android.webview-lp5hhYzxsBeFuV03zuxwaw==/WebViewGoogle.apk' with 2 weak references
04-20 01:54:16.926 13762 13785 I assembly.assembly.android.mixc-retail-rn84.transport.http.HttpRuntime: [transport.http] HTTP request completed: kernel.base.tcp-control-runtime-v2.activate-terminal {"endpointName":"kernel.base.tcp-control-runtime-v2.activate-terminal","serverName":"mock-terminal-platform","addressName":"local","status":201}
04-20 01:54:16.928 13762 13784 I ReactNativeJS: '[tcp-activation-state-written]', '{"nodeId":"master:J9RZPWR3HK","sandboxId":"sandbox-kernel-base-test","terminalId":"terminal_seet010v39an","bindingKeys":["platformId","tenantId","brandId","projectId","storeId","profileId","templateId"],"activatedAt":1776621256926}'
04-20 01:54:16.929 13762 13784 I ReactNativeJS: '[assembly.android.mixc-retail-rn84.websocket] connect', { url: 'ws://127.0.0.1:5810/api/v1/tdp/ws/connect?sandboxId=sandbox-kernel-base-test&terminalId=terminal_seet010v39an&token=token_tu0jg8v839an',
04-20 01:54:16.929 13762 13784 I ReactNativeJS:   protocol: 'ws',
04-20 01:54:16.929 13762 13784 I ReactNativeJS:   host: '127.0.0.1:5810',
04-20 01:54:16.929 13762 13784 I ReactNativeJS:   pathname: '/api/v1/tdp/ws/connect' }
04-20 01:54:16.929 13762 13785 I assembly.assembly.android.mixc-retail-rn84.transport.ws.SocketRuntime: [transport.ws] Socket connect started: kernel.base.tdp-sync-runtime-v2.socket {"profileName":"kernel.base.tdp-sync-runtime-v2.socket","serverName":"mock-terminal-platform","addressName":"local"}
04-20 01:54:16.930 13762 13778 D EGL_emulation: app_time_stats: avg=71.35ms min=14.48ms max=368.81ms count=15
04-20 01:54:16.931 13762 13894 D TrafficStats: tagSocket(129) with statsTag=0xffffffff, statsUid=-1
04-20 01:54:16.935 13762 13785 I assembly.assembly.android.mixc-retail-rn84: [assembly.topology] Native topology host already matches desired lifecycle state {"displayCount":2,"displayIndex":0,"deviceId":"J9RZPWR3HK","instanceMode":"MASTER","enableSlave":true,"running":false,"reason":"not-master-or-single-primary-host"}
04-20 01:54:16.938 13762 13785 I assembly.assembly.android.mixc-retail-rn84: [assembly.topology] Native topology host already matches desired lifecycle state {"displayCount":2,"displayIndex":0,"deviceId":"J9RZPWR3HK","instanceMode":"MASTER","enableSlave":true,"running":false,"reason":"not-master-or-single-primary-host"}
04-20 01:54:16.941 13762 13785 I assembly.assembly.android.mixc-retail-rn84: [assembly.topology] Native topology host already matches desired lifecycle state {"displayCount":2,"displayIndex":0,"deviceId":"J9RZPWR3HK","instanceMode":"MASTER","enableSlave":true,"running":false,"reason":"not-master-or-single-primary-host"}
04-20 01:54:16.941 13762 13785 I assembly.assembly.android.mixc-retail-rn84: [assembly.topology] Native topology host already matches desired lifecycle state {"displayCount":2,"displayIndex":0,"deviceId":"J9RZPWR3HK","instanceMode":"MASTER","enableSlave":true,"running":false,"reason":"not-master-or-single-primary-host"}
04-20 01:54:16.941 13762 13785 I assembly.assembly.android.mixc-retail-rn84: [assembly.topology] Native topology host already matches desired lifecycle state {"displayCount":2,"displayIndex":0,"deviceId":"J9RZPWR3HK","instanceMode":"MASTER","enableSlave":true,"running":false,"reason":"not-master-or-single-primary-host"}
04-20 01:54:16.941 13762 13785 I assembly.assembly.android.mixc-retail-rn84: [assembly.topology] Native topology host already matches desired lifecycle state {"displayCount":2,"displayIndex":0,"deviceId":"J9RZPWR3HK","instanceMode":"MASTER","enableSlave":true,"running":false,"reason":"not-master-or-single-primary-host"}
04-20 01:54:16.941 13762 13785 I assembly.assembly.android.mixc-retail-rn84: [assembly.topology] Native topology host already matches desired lifecycle state {"displayCount":2,"displayIndex":0,"deviceId":"J9RZPWR3HK","instanceMode":"MASTER","enableSlave":true,"running":false,"reason":"not-master-or-single-primary-host"}
04-20 01:54:16.941 13762 13785 I assembly.assembly.android.mixc-retail-rn84: [assembly.topology] Native topology host already matches desired lifecycle state {"displayCount":2,"displayIndex":0,"deviceId":"J9RZPWR3HK","instanceMode":"MASTER","enableSlave":true,"running":false,"reason":"not-master-or-single-primary-host"}
04-20 01:54:16.945 13762 13785 I assembly.assembly.android.mixc-retail-rn84: [assembly.topology] Native topology host already matches desired lifecycle state {"displayCount":2,"displayIndex":0,"deviceId":"J9RZPWR3HK","instanceMode":"MASTER","enableSlave":true,"running":false,"reason":"not-master-or-single-primary-host"}
04-20 01:54:16.945 13762 13785 I MMKV    : <MMKV_IO.cpp:609::writeActualSize> [mixc-retail-assembly-rn84::secure-state] increase sequence to 3, crc 28609935, actualSize 4
04-20 01:54:16.947 13762 13785 I MMKV    : <MMKV_IO.cpp:609::writeActualSize> [mixc-retail-assembly-rn84::state] increase sequence to 99, crc 3996673187, actualSize 16319
04-20 01:54:16.947 13762 13785 I MMKV    : <MMKV.cpp:1208::sync> MMKV::sync, SyncFlag = 1
04-20 01:54:16.949 13827 13847 I ReactNativeJS: '[runtime-state-sync-apply]', '{"direction":"master-to-slave","incomingSliceNames":["kernel.base.tcp-control-runtime-v2.sandbox"],"appliedSliceNames":["kernel.base.tcp-control-runtime-v2.sandbox"],"skippedSliceReasons":[]}'
04-20 01:54:16.949 13762 13785 I assembly.assembly.android.mixc-retail-rn84: [assembly.topology] Native topology host already matches desired lifecycle state {"displayCount":2,"displayIndex":0,"deviceId":"J9RZPWR3HK","instanceMode":"MASTER","enableSlave":true,"running":false,"reason":"not-master-or-single-primary-host"}
04-20 01:54:16.950 13762 13785 I MMKV    : <MMKV_IO.cpp:609::writeActualSize> [mixc-retail-assembly-rn84::state] increase sequence to 100, crc 586012875, actualSize 16386
04-20 01:54:16.950 13762 13785 I MMKV    : <MMKV.cpp:1208::sync> MMKV::sync, SyncFlag = 1
04-20 01:54:16.950 13827 13848 I assembly.assembly.android.mixc-retail-rn84: [assembly.topology] Native topology host already matches desired lifecycle state {"displayCount":2,"displayIndex":1,"deviceId":"J9RZPWR3HK","instanceMode":"SLAVE","enableSlave":false,"running":false,"reason":"not-master-or-single-primary-host"}
04-20 01:54:16.950 13827 13847 I ReactNativeJS: '[runtime-state-sync-apply]', '{"direction":"master-to-slave","incomingSliceNames":["kernel.base.tcp-control-runtime-v2.identity"],"appliedSliceNames":["kernel.base.tcp-control-runtime-v2.identity"],"skippedSliceReasons":[]}'
04-20 01:54:16.951 13827 13848 I assembly.assembly.android.mixc-retail-rn84: [assembly.topology] Native topology host already matches desired lifecycle state {"displayCount":2,"displayIndex":1,"deviceId":"J9RZPWR3HK","instanceMode":"SLAVE","enableSlave":false,"running":false,"reason":"not-master-or-single-primary-host"}
04-20 01:54:16.952 13762 13785 I MMKV    : <MMKV_IO.cpp:609::writeActualSize> [mixc-retail-assembly-rn84::state] increase sequence to 101, crc 3119727296, actualSize 16386
04-20 01:54:16.952 13762 13785 I MMKV    : <MMKV.cpp:1208::sync> MMKV::sync, SyncFlag = 1
04-20 01:54:16.953 13827 13848 I assembly.assembly.android.mixc-retail-rn84: [assembly.topology] Native topology host already matches desired lifecycle state {"displayCount":2,"displayIndex":1,"deviceId":"J9RZPWR3HK","instanceMode":"SLAVE","enableSlave":false,"running":false,"reason":"not-master-or-single-primary-host"}
04-20 01:54:16.953 13827 13848 I assembly.assembly.android.mixc-retail-rn84: [assembly.topology] Native topology host already matches desired lifecycle state {"displayCount":2,"displayIndex":1,"deviceId":"J9RZPWR3HK","instanceMode":"SLAVE","enableSlave":false,"running":false,"reason":"not-master-or-single-primary-host"}
04-20 01:54:16.953 13827 13847 I ReactNativeJS: '[runtime-state-sync-apply]', '{"direction":"master-to-slave","incomingSliceNames":["kernel.base.tcp-control-runtime-v2.credential"],"appliedSliceNames":["kernel.base.tcp-control-runtime-v2.credential"],"skippedSliceReasons":[]}'
04-20 01:54:16.954 13827 13847 I ReactNativeJS: '[runtime-state-sync-apply]', '{"direction":"master-to-slave","incomingSliceNames":["kernel.base.tcp-control-runtime-v2.binding"],"appliedSliceNames":["kernel.base.tcp-control-runtime-v2.binding"],"skippedSliceReasons":[]}'
04-20 01:54:16.954 13827 13895 D TrafficStats: tagSocket(5) with statsTag=0xffffffff, statsUid=-1
04-20 01:54:16.955 13827 13848 I assembly.assembly.android.mixc-retail-rn84: [assembly.topology] Native topology host already matches desired lifecycle state {"displayCount":2,"displayIndex":1,"deviceId":"J9RZPWR3HK","instanceMode":"SLAVE","enableSlave":false,"running":false,"reason":"not-master-or-single-primary-host"}
04-20 01:54:16.955 13827 13848 I assembly.assembly.android.mixc-retail-rn84: [assembly.topology] Native topology host already matches desired lifecycle state {"displayCount":2,"displayIndex":1,"deviceId":"J9RZPWR3HK","instanceMode":"SLAVE","enableSlave":false,"running":false,"reason":"not-master-or-single-primary-host"}
04-20 01:54:16.956 13827 13848 I assembly.assembly.android.mixc-retail-rn84: [assembly.topology] Native topology host already matches desired lifecycle state {"displayCount":2,"displayIndex":1,"deviceId":"J9RZPWR3HK","instanceMode":"SLAVE","enableSlave":false,"running":false,"reason":"not-master-or-single-primary-host"}
04-20 01:54:16.956 13827 13848 I assembly.assembly.android.mixc-retail-rn84: [assembly.topology] Native topology host already matches desired lifecycle state {"displayCount":2,"displayIndex":1,"deviceId":"J9RZPWR3HK","instanceMode":"SLAVE","enableSlave":false,"running":false,"reason":"not-master-or-single-primary-host"}
04-20 01:54:16.957 13827 13847 I ReactNativeJS: '[runtime-state-sync-apply]', '{"direction":"master-to-slave","incomingSliceNames":["kernel.base.ui-runtime-v2.screen.main"],"appliedSliceNames":["kernel.base.ui-runtime-v2.screen.main"],"skippedSliceReasons":[]}'
04-20 01:54:16.957 13827 13847 I ReactNativeJS: '[runtime-state-sync-apply]', '{"direction":"master-to-slave","incomingSliceNames":["kernel.base.ui-runtime-v2.screen.main"],"appliedSliceNames":["kernel.base.ui-runtime-v2.screen.main"],"skippedSliceReasons":[]}'
04-20 01:54:16.960 13827 13848 I assembly.assembly.android.mixc-retail-rn84: [assembly.topology] Native topology host already matches desired lifecycle state {"displayCount":2,"displayIndex":1,"deviceId":"J9RZPWR3HK","instanceMode":"SLAVE","enableSlave":false,"running":false,"reason":"not-master-or-single-primary-host"}
04-20 01:54:16.961 13827 13848 I assembly.assembly.android.mixc-retail-rn84: [assembly.topology] Native topology host already matches desired lifecycle state {"displayCount":2,"displayIndex":1,"deviceId":"J9RZPWR3HK","instanceMode":"SLAVE","enableSlave":false,"running":false,"reason":"not-master-or-single-primary-host"}
04-20 01:54:16.962 13827 13848 I assembly.assembly.android.mixc-retail-rn84: [assembly.topology] Native topology host already matches desired lifecycle state {"displayCount":2,"displayIndex":1,"deviceId":"J9RZPWR3HK","instanceMode":"SLAVE","enableSlave":false,"running":false,"reason":"not-master-or-single-primary-host"}
04-20 01:54:16.962 13827 13848 I assembly.assembly.android.mixc-retail-rn84: [assembly.topology] Native topology host already matches desired lifecycle state {"displayCount":2,"displayIndex":1,"deviceId":"J9RZPWR3HK","instanceMode":"SLAVE","enableSlave":false,"running":false,"reason":"not-master-or-single-primary-host"}
04-20 01:54:16.963 13762 13785 I MMKV    : <MMKV_IO.cpp:609::writeActualSize> [mixc-retail-assembly-rn84::state] increase sequence to 102, crc 1599135046, actualSize 16386
04-20 01:54:16.964 13762 13785 I MMKV    : <MMKV.cpp:1208::sync> MMKV::sync, SyncFlag = 1
04-20 01:54:16.990 13762 13785 I assembly.assembly.android.mixc-retail-rn84: [assembly.topology] Native topology host already matches desired lifecycle state {"displayCount":2,"displayIndex":0,"deviceId":"J9RZPWR3HK","instanceMode":"MASTER","enableSlave":true,"running":false,"reason":"not-master-or-single-primary-host"}
04-20 01:54:16.990 13762 13785 I MMKV    : <MMKV_IO.cpp:609::writeActualSize> [mixc-retail-assembly-rn84::state] increase sequence to 103, crc 2287582056, actualSize 16386
04-20 01:54:16.990 13762 13785 I MMKV    : <MMKV.cpp:1208::sync> MMKV::sync, SyncFlag = 1
04-20 01:54:16.995 13827 13840 D EGL_emulation: app_time_stats: avg=2820.15ms min=1.12ms max=19579.90ms count=7
04-20 01:54:16.995 13762 13785 I MMKV    : <MMKV_IO.cpp:609::writeActualSize> [mixc-retail-assembly-rn84::state] increase sequence to 104, crc 1042736762, actualSize 17119
04-20 01:54:16.996 13762 13785 I MMKV    : <MMKV.cpp:1208::sync> MMKV::sync, SyncFlag = 1
04-20 01:54:16.998 13762 13785 I assembly.assembly.android.mixc-retail-rn84: [assembly.topology] Native topology host already matches desired lifecycle state {"displayCount":2,"displayIndex":0,"deviceId":"J9RZPWR3HK","instanceMode":"MASTER","enableSlave":true,"running":false,"reason":"not-master-or-single-primary-host"}
04-20 01:54:16.998 13762 13785 I assembly.assembly.android.mixc-retail-rn84: [assembly.topology] Native topology host already matches desired lifecycle state {"displayCount":2,"displayIndex":0,"deviceId":"J9RZPWR3HK","instanceMode":"MASTER","enableSlave":true,"running":false,"reason":"not-master-or-single-primary-host"}
04-20 01:54:16.999 13762 13785 I assembly.assembly.android.mixc-retail-rn84: [assembly.topology] Native topology host already matches desired lifecycle state {"displayCount":2,"displayIndex":0,"deviceId":"J9RZPWR3HK","instanceMode":"MASTER","enableSlave":true,"running":false,"reason":"not-master-or-single-primary-host"}
04-20 01:54:16.999 13762 13785 I assembly.assembly.android.mixc-retail-rn84: [assembly.topology] Native topology host already matches desired lifecycle state {"displayCount":2,"displayIndex":0,"deviceId":"J9RZPWR3HK","instanceMode":"MASTER","enableSlave":true,"running":false,"reason":"not-master-or-single-primary-host"}
04-20 01:54:16.999 13762 13785 I assembly.assembly.android.mixc-retail-rn84: [assembly.topology] Native topology host already matches desired lifecycle state {"displayCount":2,"displayIndex":0,"deviceId":"J9RZPWR3HK","instanceMode":"MASTER","enableSlave":true,"running":false,"reason":"not-master-or-single-primary-host"}
04-20 01:54:17.000 13762 13785 I assembly.assembly.android.mixc-retail-rn84: [assembly.topology] Native topology host already matches desired lifecycle state {"displayCount":2,"displayIndex":0,"deviceId":"J9RZPWR3HK","instanceMode":"MASTER","enableSlave":true,"running":false,"reason":"not-master-or-single-primary-host"}
04-20 01:54:17.000 13762 13785 I assembly.assembly.android.mixc-retail-rn84: [assembly.topology] Native topology host already matches desired lifecycle state {"displayCount":2,"displayIndex":0,"deviceId":"J9RZPWR3HK","instanceMode":"MASTER","enableSlave":true,"running":false,"reason":"not-master-or-single-primary-host"}
04-20 01:54:17.003 13762 13785 I MMKV    : <MMKV_IO.cpp:609::writeActualSize> [mixc-retail-assembly-rn84::state] increase sequence to 105, crc 1036987357, actualSize 17119
04-20 01:54:17.003 13762 13785 I MMKV    : <MMKV.cpp:1208::sync> MMKV::sync, SyncFlag = 1
04-20 01:54:17.331 13762 13822 D TrafficStats: tagSocket(126) with statsTag=0xffffffff, statsUid=-1
04-20 01:54:17.334 13762 13822 D TrafficStats: tagSocket(126) with statsTag=0xffffffff, statsUid=-1
04-20 01:54:17.337 13762 13822 D TrafficStats: tagSocket(126) with statsTag=0xffffffff, statsUid=-1
04-20 01:54:17.340 13762 13822 D TrafficStats: tagSocket(126) with statsTag=0xffffffff, statsUid=-1
04-20 01:54:23.934   443   443 W adbd    : timeout expired while flushing socket, closing
04-20 01:54:23.962   443   443 W adbd    : timeout expired while flushing socket, closing
04-20 01:54:25.044   590   738 E WifiScoringParams: Invalid frequency(-1), using 5G as default rssi array
04-20 01:54:28.809   590   955 D WifiNl80211Manager: Scan result ready event
04-20 01:54:28.810   590   955 D WifiNative: Scan result ready event
04-20 01:54:28.816   590   738 I HalDevMgr: bestIfaceCreationProposal is null, requestIface=STA, existingIface=[name=wlan0 type=STA]
04-20 01:54:41.441 13762 13822 D TrafficStats: tagSocket(126) with statsTag=0xffffffff, statsUid=-1
04-20 01:54:41.448 13762 13822 D TrafficStats: tagSocket(126) with statsTag=0xffffffff, statsUid=-1
04-20 01:54:41.478 13762 13822 D TrafficStats: tagSocket(126) with statsTag=0xffffffff, statsUid=-1
04-20 01:54:41.484 13762 13822 D TrafficStats: tagSocket(126) with statsTag=0xffffffff, statsUid=-1
04-20 01:54:41.487   167   167 I logd    : logdr: UID=2000 GID=2000 PID=13896 n tail=0 logMask=99 pid=0 start=0ns deadline=0ns
