--------- beginning of main
04-20 03:00:14.692 E/BpTransactionCompletedListener(  439): Failed to transact (-32)
04-20 03:00:14.694 D/StatsLog( 1099): LAUNCHER_ONRESUME
04-20 03:00:14.696 D/QuickstepModelDelegate( 1099): notifyAppTargetEvent action=1 launchLocation=workspace/0/[-1,-1]/[1,1]
04-20 03:00:14.698 W/AppSearchIcing(  590): icing-search-engine.cc:321: Error: 5, Message: Document (com.google.android.googlequicksearchbox$OneSearchZeroStateGoogleSuggestions/default, zp) not found.
04-20 03:00:14.700 I/BpBinder(  439): onLastStrongRef automatically unlinking death recipients: 
04-20 03:00:14.701 D/OneSearchSuggestProvider( 1099): AppSearch 0-state cache not available, fallback to AGA
04-20 03:00:14.701 D/OneSearchSuggestProvider( 1099): java.util.concurrent.CompletionException: java.util.NoSuchElementException: No value present
04-20 03:00:14.701 D/OneSearchSuggestProvider( 1099): 	at java.util.concurrent.CompletableFuture.encodeThrowable(CompletableFuture.java:308)
04-20 03:00:14.701 D/OneSearchSuggestProvider( 1099): 	at java.util.concurrent.CompletableFuture.completeThrowable(CompletableFuture.java:323)
04-20 03:00:14.701 D/OneSearchSuggestProvider( 1099): 	at java.util.concurrent.CompletableFuture$UniAccept.tryFire(CompletableFuture.java:684)
04-20 03:00:14.701 D/OneSearchSuggestProvider( 1099): 	at java.util.concurrent.CompletableFuture.postComplete(CompletableFuture.java:486)
04-20 03:00:14.701 D/OneSearchSuggestProvider( 1099): 	at java.util.concurrent.CompletableFuture.completeExceptionally(CompletableFuture.java:2138)
04-20 03:00:14.701 D/OneSearchSuggestProvider( 1099): 	at com.google.android.apps.nexuslauncher.allapps.E0.onResult(go/retraceme 6422cbaa18704413bfb3e93ebb8478614d3644845132061bc54b1fae066de31d:67)
04-20 03:00:14.701 D/OneSearchSuggestProvider( 1099): 	at android.app.appsearch.SearchSessionUtil$1.lambda$onResult$0(go/retraceme 64eee9e9f568ff45978879ad2ff83146f2618ee8a88278736fbdf5fae931976e:144)
04-20 03:00:14.701 D/OneSearchSuggestProvider( 1099): 	at android.app.appsearch.SearchSessionUtil$1.$r8$lambda$CEk3q8sDAQVhU3rQwVueB8FAj_M(go/retraceme 64eee9e9f568ff45978879ad2ff83146f2618ee8a88278736fbdf5fae931976e:1)
04-20 03:00:14.701 D/OneSearchSuggestProvider( 1099): 	at android.app.appsearch.SearchSessionUtil$1$$ExternalSyntheticLambda0.run(go/retraceme 64eee9e9f568ff45978879ad2ff83146f2618ee8a88278736fbdf5fae931976e:22)
04-20 03:00:14.701 D/OneSearchSuggestProvider( 1099): 	at android.os.Handler.handleCallback(Handler.java:959)
04-20 03:00:14.701 D/OneSearchSuggestProvider( 1099): 	at android.os.Handler.dispatchMessage(Handler.java:100)
04-20 03:00:14.701 D/OneSearchSuggestProvider( 1099): 	at android.os.Looper.loopOnce(Looper.java:232)
04-20 03:00:14.701 D/OneSearchSuggestProvider( 1099): 	at android.os.Looper.loop(Looper.java:317)
04-20 03:00:14.701 D/OneSearchSuggestProvider( 1099): 	at android.os.HandlerThread.run(HandlerThread.java:85)
04-20 03:00:14.701 D/OneSearchSuggestProvider( 1099): Caused by: java.util.NoSuchElementException: No value present
04-20 03:00:14.701 D/OneSearchSuggestProvider( 1099): 	at java.util.Optional.get(Optional.java:143)
04-20 03:00:14.701 D/OneSearchSuggestProvider( 1099): 	at com.google.android.apps.nexuslauncher.allapps.E0.onResult(go/retraceme 6422cbaa18704413bfb3e93ebb8478614d3644845132061bc54b1fae066de31d:28)
04-20 03:00:14.701 D/OneSearchSuggestProvider( 1099): 	... 8 more
04-20 03:00:14.701 I/AiAiEcho( 1389): Predicting[0]:  [CONTEXT sampling_count=5 ]
04-20 03:00:14.701 I/AiAiEcho( 1389): EchoTargets: 
04-20 03:00:14.701 I/AiAiEcho( 1389): Filtered by AiAi flag check: 
04-20 03:00:14.701 I/AiAiEcho( 1389): [CONTEXT ratelimit_period="10 SECONDS" ]
04-20 03:00:14.701 I/AiAiEcho( 1389): Ranked targets strategy: SORT, count: 0, ranking metadata:  [CONTEXT ratelimit_period="10 SECONDS" ]
04-20 03:00:14.701 I/AiAiEcho( 1389): #remoteViewsTwiddler: feature disabled.
04-20 03:00:14.702 I/AiAiEcho( 1389): #postPredictionTargets: Sending updates to UISurface home with targets# 0 (types=[])
04-20 03:00:14.703 D/OneSearchSuggestProvider( 1099): Created the binder channel successfully for end point service =com.google.android.apps.search.googleapp.search.suggest.plugins.onesearch.server.OneSearchSuggestService , mChannel=i1{delegate=f{logId=399, target=directaddress:///AndroidComponentAddress%5BIntent%20%7B%20act=grpc.io.action.BIND%20cmp=com.google.android.googlequicksearchbox/com.google.android.apps.search.googleapp.search.suggest.plugins.onesearch.server.OneSearchSuggestService%20%7D%5D}} , mOneSearchConnection=m2.Z@1899e65
04-20 03:00:14.707 I/A       (21035): (REDACTED) Created gRPC endpoint for service %s
04-20 03:00:14.710 D/SsBaseTemplateCard( 1099): No text view can be set up
04-20 03:00:14.710 D/SsBaseTemplateCard( 1099): Passed-in item info is null
04-20 03:00:14.710 D/SsBaseTemplateCard( 1099): Passed-in item info is null
04-20 03:00:14.710 D/SsBaseTemplateCard( 1099): Passed-in item info is null
04-20 03:00:14.710 I/SsBaseTemplateCard( 1099): Secondary card pane is null
04-20 03:00:14.712 D/EGL_emulation( 1099): app_time_stats: avg=4771.72ms min=4.01ms max=123649.42ms count=26
04-20 03:00:14.735 I/ImeTracker(  590): com.google.android.apps.nexuslauncher:fc4c8440: onRequestHide at ORIGIN_SERVER reason HIDE_UNSPECIFIED_WINDOW fromUser false
04-20 03:00:14.735 I/ImeTracker(  590): com.google.android.apps.nexuslauncher:fc4c8440: onCancelled at PHASE_SERVER_SHOULD_HIDE
04-20 03:00:14.735 W/InputManager-JNI(  590): Input channel object '4b918f1 InputMethod (client)' was disposed without first being removed with the input manager!
04-20 03:00:14.736 I/GoogleInputMethodService(20885): GoogleInputMethodService.onDestroy():1509 
04-20 03:00:14.736 I/GoogleInputMethodService(20885): GoogleInputMethodService.onFinishInput():3157 
04-20 03:00:14.736 I/GoogleInputMethodService(20885): GoogleInputMethodService.updateDeviceLockedStatus():2248 repeatCheckTimes = 0, locked = false
--------- beginning of system
04-20 03:00:14.737 W/WindowManager(  590): Failed looking up window session=Session{11d9fff 20885:u0a10158} callers=com.android.server.wm.WindowManagerService.removeClientToken:2058 com.android.server.wm.Session.remove:274 android.view.IWindowSession$Stub.onTransact:685 
04-20 03:00:14.737 I/resolv  (  388): GetAddrInfoHandler::run: {0 262144 0 983040 10144 0}
04-20 03:00:14.737 I/GoogleInputMethodService(20885): GoogleInputMethodService.clearInputMethodServiceData():1613 clearInputMethodServiceData for onDestroy
04-20 03:00:14.737 I/GoogleInputMethodService(20885): GoogleInputMethodService.discardAllKeyboardViewAndInputView():1818 discardAllKeyboardViewAndInputView()
04-20 03:00:14.737 I/KeyboardModeManager(20885): KeyboardModeManager.setInputViewKeyboardViewHolderProvider():625 setInputView() : supportsOneHandedMode=false supportsSplitMode=true
04-20 03:00:14.737 I/NormalModeController(20885): NormalModeController.getKeyboardBodyViewHolderPaddingBottom():104 currentPrimeKeyboardType:SOFT systemPaddingBottom:-1
04-20 03:00:14.737 I/KeyboardModeManager(20885): KeyboardModeManager.setInputViewKeyboardViewHolderProvider():613 setInputView() : supportsOneHandedMode=false, supportSplitMode=true
04-20 03:00:14.737 I/InputMethodEntryManager(20885): InputMethodEntryManager.notifyCurrentInputMethodEntryOnContextChanged():521 notifyCurrentInputMethodEntryOnContextChanged()
04-20 03:00:14.737 I/InputMethodEntryManager(20885): InputMethodEntryManager.notifyCurrentInputMethodEntryOnContextChanged():542 Notify current input method entry changed on context change
04-20 03:00:14.737 I/resolv  (  388): GetAddrInfoHandler::run: {0 262144 0 983040 10144 0}
04-20 03:00:14.738 I/SystemSubtypesReportModule(20885): SystemSubtypesReportModule$3.onCurrentInputMethodEntryChanged():136 entry: en-US, source: UNSPECIFIED
04-20 03:00:14.738 I/SP      (20885): Registering emoticon_content_description.2022081613, url: https://www.gstatic.com/android/keyboard/emoticon_content_desc/202208161305/superpacks_manifest.json, constraints: W:*:*:*, flags: bg, requested: 2022081613, current: -1
04-20 03:00:14.738 I/KeyboardThemeProvider(20885): KeyboardThemeProvider.reset():40 Reset keyboard theme
04-20 03:00:14.738 I/KeyboardContextProvider(20885): KeyboardContextProvider.setBaseContextAndInvalidKeyboardContextCache():88 setBaseContextAndInvalidKeyboardContextCache(): null
04-20 03:00:14.738 I/DeviceModeMonitor(20885): DeviceModeMonitor.calculateDeviceMode():76 Get device mode tablet_large by screen size and smallestScreenWidthDp: 723
04-20 03:00:14.739 W/A       (21035): CompleteServer request has failed and can't show offline suggestions.
04-20 03:00:14.739 W/A       (21035): com.google.frameworks.client.data.android.ac: Http networking stack error
04-20 03:00:14.739 W/A       (21035): 	at com.google.frameworks.client.data.android.x.run(PG:36)
04-20 03:00:14.739 W/A       (21035): 	at com.google.android.libraries.k.x.run(PG:3)
04-20 03:00:14.739 W/A       (21035): 	at com.google.common.n.c.c.run(PG:50)
04-20 03:00:14.739 W/A       (21035): 	at com.google.android.libraries.k.e.run(PG:8)
04-20 03:00:14.739 W/A       (21035): 	at java.lang.Thread.run(Thread.java:1012)
04-20 03:00:14.739 W/A       (21035): 	at com.google.android.libraries.k.d.b.run(PG:74)
04-20 03:00:14.739 W/A       (21035): Caused by: org.chromium.net.impl.ct: Exception in CronetUrlRequest: net::ERR_INTERNET_DISCONNECTED, ErrorCode=2, InternalErrorCode=-106, Retryable=false
04-20 03:00:14.739 W/A       (21035): 	at org.chromium.net.impl.CronetUrlRequest.onError(PG:80)
04-20 03:00:14.739 I/HardKeyTracker(20885): HardKeyTracker.unregisterKeySequence():183 Unregister key sequence lnk{labelResId=2132019809, callback=jjt@664802e, lastModifier=2, keyCodes=[47], actions=[0]}
04-20 03:00:14.739 W/A       (21035): #getSuggestions failed
04-20 03:00:14.739 W/A       (21035): com.google.frameworks.client.data.android.ac: Http networking stack error
04-20 03:00:14.739 W/A       (21035): 	at com.google.frameworks.client.data.android.x.run(PG:36)
04-20 03:00:14.739 W/A       (21035): 	at com.google.android.libraries.k.x.run(PG:3)
04-20 03:00:14.739 W/A       (21035): 	at com.google.common.n.c.c.run(PG:50)
04-20 03:00:14.739 W/A       (21035): 	at com.google.android.libraries.k.e.run(PG:8)
04-20 03:00:14.739 W/A       (21035): 	at java.lang.Thread.run(Thread.java:1012)
04-20 03:00:14.739 W/A       (21035): 	at com.google.android.libraries.k.d.b.run(PG:74)
04-20 03:00:14.739 W/A       (21035): Caused by: org.chromium.net.impl.ct: Exception in CronetUrlRequest: net::ERR_INTERNET_DISCONNECTED, ErrorCode=2, InternalErrorCode=-106, Retryable=false
04-20 03:00:14.739 W/A       (21035): 	at org.chromium.net.impl.CronetUrlRequest.onError(PG:80)
04-20 03:00:14.739 I/HardKeyTracker(20885): HardKeyTracker.unregisterKeySequence():183 Unregister key sequence lnk{labelResId=0, callback=jwl@3bc713a, lastModifier=0, keyCodes=[204], actions=[0]}
04-20 03:00:14.739 W/AccessPointsManager(20885): AccessPointsManager.removeAccessPoint():834 The holder controller #0x7f0b2078 is not registered
04-20 03:00:14.739 I/AccessPointsListHolderController(20885): AccessPointsListHolderController.removeAccessPoint():304 The access point textediting is not added
04-20 03:00:14.739 E/OneSearchSuggestProvider( 1099): Unable to get suggestions from AGA
04-20 03:00:14.739 E/OneSearchSuggestProvider( 1099): io.grpc.StatusRuntimeException: UNKNOWN
04-20 03:00:14.739 E/OneSearchSuggestProvider( 1099): 	at l3.e.a(go/retraceme 6422cbaa18704413bfb3e93ebb8478614d3644845132061bc54b1fae066de31d:77)
04-20 03:00:14.739 E/OneSearchSuggestProvider( 1099): 	at j3.l.b(go/retraceme 6422cbaa18704413bfb3e93ebb8478614d3644845132061bc54b1fae066de31d:43)
04-20 03:00:14.739 E/OneSearchSuggestProvider( 1099): 	at j3.l.a(go/retraceme 6422cbaa18704413bfb3e93ebb8478614d3644845132061bc54b1fae066de31d:27)
04-20 03:00:14.739 E/OneSearchSuggestProvider( 1099): 	at j3.z.run(go/retraceme 6422cbaa18704413bfb3e93ebb8478614d3644845132061bc54b1fae066de31d:7)
04-20 03:00:14.739 E/OneSearchSuggestProvider( 1099): 	at j3.m2.run(go/retraceme 6422cbaa18704413bfb3e93ebb8478614d3644845132061bc54b1fae066de31d:19)
04-20 03:00:14.739 E/OneSearchSuggestProvider( 1099): 	at java.util.concurrent.ThreadPoolExecutor.runWorker(ThreadPoolExecutor.java:1145)
04-20 03:00:14.739 E/OneSearchSuggestProvider( 1099): 	at java.util.concurrent.ThreadPoolExecutor$Worker.run(ThreadPoolExecutor.java:644)
04-20 03:00:14.739 E/OneSearchSuggestProvider( 1099): 	at java.lang.Thread.run(Thread.java:1012)
04-20 03:00:14.739 I/AccessPointsListHolderController(20885): AccessPointsListHolderController.removeAccessPoint():304 The access point settings is not added
04-20 03:00:14.739 I/AccessPointsListHolderController(20885): AccessPointsListHolderController.removeAccessPoint():304 The access point theme_setting is not added
04-20 03:00:14.739 I/OnDevicePackDownloadModule(20885): OnDevicePackDownloadModule.onDestroy():95 onDestroy()
04-20 03:00:14.739 I/NewS3RecognizerModule(20885): NewS3RecognizerModule.onDestroy():21 onDestroy [news3]
04-20 03:00:14.739 I/HardKeyTracker(20885): HardKeyTracker.unregisterKeySequence():183 Unregister key sequence lnk{labelResId=2132019800, callback=gnd@d19e727, lastModifier=0, keyCodes=[57, 57], actions=[1, 0]}
04-20 03:00:14.739 I/HardKeyTracker(20885): HardKeyTracker.unregisterKeySequence():183 Unregister key sequence lnk{labelResId=0, callback=gnd@e203a72, lastModifier=0, keyCodes=[58, 58], actions=[1, 0]}
04-20 03:00:14.739 I/AbstractOpenableExtension(20885): AbstractOpenableExtension.maybeDestroyExistingKeyboardGroupManager():538 Destroy existing keyboard group manager in fvq
04-20 03:00:14.740 I/EmojifyExtensionImpl(20885): EmojifyExtensionImpl.onDestroy():605 Destroying Emojify extension ehb@3f17a7c.
04-20 03:00:14.740 I/AbstractOpenableExtension(20885): AbstractOpenableExtension.maybeDestroyExistingKeyboardGroupManager():538 Destroy existing keyboard group manager in fxu
04-20 03:00:14.741 W/WindowTokenClientController(20885): Can't find attached WindowTokenClient for android.window.WindowTokenClient@cf06970
04-20 03:00:14.741 I/JapaneseMozcExtension(20885): JapaneseMozcExtension.onDestroyServiceInternal():81 onDestroyServiceInternal()
04-20 03:00:14.741 D/WindowTokenClient(20885): Only apply configuration update to Resources because shouldReportConfigChange is false. context=com.android.inputmethod.latin.LatinIME@b2e0b1b, config={1.3 ?mcc0mnc [en_US] ldltr sw723dp w1157dp h723dp 354dpi xlrg land finger qwerty/v/v dpad/v winConfig={ mBounds=Rect(0, 0 - 2560, 1600) mAppBounds=Rect(0, 0 - 2560, 1600) mMaxBounds=Rect(0, 0 - 2560, 1600) mDisplayRotation=ROTATION_0 mWindowingMode=fullscreen mActivityType=undefined mAlwaysOnTop=undefined mRotation=ROTATION_0} s.8 fontWeightAdjustment=0}, display ID=0
04-20 03:00:14.741 D/WindowTokenClient(20885): android.window.WindowTokenClient.onConfigurationChanged:161 android.window.WindowTokenClientController.onWindowContextTokenAttached:197 android.window.WindowTokenClientController.attachToDisplayArea:116 android.window.WindowContextController.attachToDisplayArea:108 android.window.WindowProviderService.attachBaseContext:218 
04-20 03:00:14.741 I/GoogleInputMethodService(20885): GoogleInputMethodService.onCreate():1025 
04-20 03:00:14.744 I/WindowMetricsNotification(20885): WindowMetricsNotification.notify():106 WindowMetricsNotification{bounds=Rect(0, 53 - 2560, 1600), insets=Rect(0, 0 - 0, 0), densityDpi=354, smallestScreenWidthDp=723, displayWidth=2560, displayHeight=1600, xdpi=320.0, ydpi=320.0}; DisplayMetrics{density=2.2125, width=2560, height=1600, scaledDensity=2.2125, xdpi=320.0, ydpi=320.0}
04-20 03:00:14.744 I/WindowMetricsHelper(20885): WindowMetricsHelper.predictAndNotify():140 Window metrics predicted.
04-20 03:00:14.744 I/InputMethodEntryManager(20885): InputMethodEntryManager.notifyCurrentInputMethodEntryOnContextChanged():521 notifyCurrentInputMethodEntryOnContextChanged()
04-20 03:00:14.744 I/InputMethodEntryManager(20885): InputMethodEntryManager.notifyCurrentInputMethodEntryOnContextChanged():542 Notify current input method entry changed on context change
04-20 03:00:14.744 I/KeyboardContextProvider(20885): KeyboardContextProvider.setBaseContextAndInvalidKeyboardContextCache():88 setBaseContextAndInvalidKeyboardContextCache(): com.android.inputmethod.latin.LatinIME@b2e0b1b
04-20 03:00:14.745 E/GoogleInputMethodService(20885): GoogleInputMethodService.getAppEditorInfo():2810 App EditorInfo should never be null.
04-20 03:00:14.745 I/StyledKeyboardThemeBuilder(20885): StyledKeyboardThemeBuilder.build():132 Pref: [], themeName: [silk:], darkMode: [false], cacheKey: [overlay_builtin_dynamic_color_light_base.binarypb:dynamic-gm3-light-fffefbff-ff495d92-88aedfe362701b9d56ce578190f21130]
04-20 03:00:14.745 I/KeyboardThemeProvider(20885): KeyboardThemeProvider.applyKeyboardTheme():27 Apply keyboard theme: theme_border_stylesheet_noshadow_pgsans_pillkey_silkpopup_light_tablet_large_keyboard_width_tablet_small_navredesign_600_overlay_builtin_dynamic_color_light_base.binarypb:dynamic-gm3-light-fffefbff-ff495d92-88aedfe362701b9d56ce578190f21130_land
04-20 03:00:14.745 I/KeyboardContextProvider(20885): KeyboardContextProvider$KeyboardContextCache.createKeyboardContext():173 createKeyboardContext(): en-US, jgg@6b77683(com.android.inputmethod.latin.LatinIME@b2e0b1b), {1.3 ?mcc0mnc [en_US] ldltr sw723dp w1157dp h723dp 354dpi xlrg land finger qwerty/v/v dpad/v winConfig={ mBounds=Rect(0, 0 - 2560, 1600) mAppBounds=Rect(0, 0 - 2560, 1600) mMaxBounds=Rect(0, 0 - 2560, 1600) mDisplayRotation=ROTATION_0 mWindowingMode=fullscreen mActivityType=undefined mAlwaysOnTop=undefined mRotation=ROTATION_0} s.8 fontWeightAdjustment=0}
04-20 03:00:14.745 I/KeyboardHeightUtil(20885): KeyboardHeightUtil.calculateMaxKeyboardBodyHeight():45 leave 237 height for app when ime window height:1547, header height:106 and isFullscreenMode:false, so the max keyboard body height is:1204
04-20 03:00:14.746 I/KeyboardHeightUtil(20885): KeyboardHeightUtil.calculateMaxKeyboardBodyHeight():45 leave 237 height for app when ime window height:1547, header height:106 and isFullscreenMode:false, so the max keyboard body height is:1204
04-20 03:00:14.746 I/NormalModeController(20885): NormalModeController.getKeyboardBodyViewHolderPaddingBottom():104 currentPrimeKeyboardType:SOFT systemPaddingBottom:-1
04-20 03:00:14.746 I/GoogleInputMethodService(20885): GoogleInputMethodService.onCurrentInputMethodEntryChanged():3655 onCurrentInputMethodEntryChanged(): imeDefsChanged=false, initializedEntryChanged=true, keyboardContextChanged=true
04-20 03:00:14.746 I/GoogleInputMethodService(20885): GoogleInputMethodService.clearInputMethodServiceData():1613 clearInputMethodServiceData for entryChange
04-20 03:00:14.746 I/KeyboardHeightUtil(20885): KeyboardHeightUtil.calculateMaxKeyboardBodyHeight():45 leave 237 height for app when ime window height:1547, header height:106 and isFullscreenMode:false, so the max keyboard body height is:1204
04-20 03:00:14.746 I/KeyboardHeightUtil(20885): KeyboardHeightUtil.calculateMaxKeyboardBodyHeight():45 leave 237 height for app when ime window height:1547, header height:106 and isFullscreenMode:false, so the max keyboard body height is:1204
04-20 03:00:14.746 I/KeyboardModeManager(20885): KeyboardModeManager.onCurrentInputMethodEntryChanged():1133 Reload data for context change
04-20 03:00:14.746 I/GoogleInputMethodService(20885): GoogleInputMethodService.initializeInputMethodServiceData():1382 initializeInputMethodServiceData for kct{languageTag=en-US, variant=qwerty, hasLocalizedResources=true, conditionCacheKey=_cache_additional_ime_defs_for_condition_change=false_cache_ime_defs_for_condition_change=false_device=tablet_device_size=large_enable_flick_symbols=false_enable_more_candidates_view_for_multilingual=false_enable_number_row=false_enable_preemptive_decode=true_enable_secondary_digits=true_enable_secondary_symbols=false_enable_show_foldable_layout_on_small_tablet=false_expressions=normal_four_or_more_letter_rows=false_keyboard_mode=normal_language=en-US_orientation=landscape_physical_keyboard=qwerty_rtl_layout=false_show_secondary_digits=true_show_suggestions=true_split_with_duplicate_keys=true_variant=qwerty, imeDef.stringId=ime_english_united_states, imeDef.className=com.google.android.apps.inputmethod.libs.latin5.LatinIme, imeDef.languageTag=en-US}
04-20 03:00:14.746 E/GoogleInputMethodService(20885): GoogleInputMethodService.getAppEditorInfo():2810 App EditorInfo should never be null.
04-20 03:00:14.746 I/StyledKeyboardThemeBuilder(20885): StyledKeyboardThemeBuilder.build():132 Pref: [], themeName: [silk:], darkMode: [false], cacheKey: [overlay_builtin_dynamic_color_light_base.binarypb:dynamic-gm3-light-fffefbff-ff495d92-88aedfe362701b9d56ce578190f21130]
04-20 03:00:14.746 I/KeyboardThemeProvider(20885): KeyboardThemeProvider.applyKeyboardTheme():27 Apply keyboard theme: theme_border_stylesheet_noshadow_pgsans_pillkey_silkpopup_light_tablet_large_keyboard_width_tablet_extra_large_navredesign_600_overlay_builtin_dynamic_color_light_base.binarypb:dynamic-gm3-light-fffefbff-ff495d92-88aedfe362701b9d56ce578190f21130_land
04-20 03:00:14.747 I/AndroidIME(20885): InputBundleManager.loadActiveInputBundleId():450 loadActiveInputBundleId: und-Latn-x-password, password
04-20 03:00:14.747 I/SystemSubtypesReportModule(20885): SystemSubtypesReportModule$4.onSetCurrentInputMethodSubtype():160 en_US
04-20 03:00:14.747 I/DeviceModeMonitor(20885): DeviceModeMonitor.calculateDeviceMode():76 Get device mode tablet_large by screen size and smallestScreenWidthDp: 723
04-20 03:00:14.748 I/HardKeyTracker(20885): HardKeyTracker.registerKeySequence():139 Register key sequence lnk{labelResId=2132019809, callback=jjt@86a7263, lastModifier=2, keyCodes=[47], actions=[0]}
04-20 03:00:14.748 I/HardKeyTracker(20885): HardKeyTracker.registerKeySequence():139 Register key sequence lnk{labelResId=0, callback=jwl@c87d1bf, lastModifier=0, keyCodes=[204], actions=[0]}
04-20 03:00:14.750 I/AbstractOpenableExtension(20885): AbstractOpenableExtension$3.onSuccess():552 KeyboardGroupManager destroyed in fvq.
04-20 03:00:14.750 I/AbstractOpenableExtension(20885): AbstractOpenableExtension$3.onSuccess():552 KeyboardGroupManager destroyed in fxu.
04-20 03:00:14.750 I/NetworkInfoNotification(20885): NetworkInfoNotification$Listener.onReceive():112 onNetworkLost: networkState = NO_CONNECTION, isAirplaneModeOn = false
04-20 03:00:14.750 I/JapaneseMozcExtension(20885): JapaneseMozcExtension.onCreateServiceInternal():76 onCreateServiceInternal()
04-20 03:00:14.750 I/NetworkInfoNotification(20885): NetworkInfoNotification$Listener.onReceive():112 onNetworkLost: networkState = NO_CONNECTION, isAirplaneModeOn = false
04-20 03:00:14.750 I/NewS3RecognizerModule(20885): NewS3RecognizerModule.onCreate():14 onCreate [news3]
04-20 03:00:14.750 I/AccessPointsListHolderController(20885): AccessPointsListHolderController.removeAccessPoint():304 The access point textediting is not added
04-20 03:00:14.750 I/EmojifyExtensionImpl(20885): EmojifyExtensionImpl.onCreate():599 Creating Emojify extension ehb@1fb5eaa.
04-20 03:00:14.750 I/AccessPointsListHolderController(20885): AccessPointsListHolderController.removeAccessPoint():304 The access point settings is not added
04-20 03:00:14.750 I/AbstractOpenableExtension(20885): AbstractOpenableExtension.createKeyboardGroupManagerListenableFuture():120 Create keyboard group manager listenable future in fxu
04-20 03:00:14.750 I/AccessPointsListHolderController(20885): AccessPointsListHolderController.removeAccessPoint():304 The access point theme_setting is not added
04-20 03:00:14.750 I/AccessPointsListHolderController(20885): AccessPointsListHolderController.removeAccessPoint():304 The access point one_handed is not added
04-20 03:00:14.750 I/AbstractOpenableExtension(20885): AbstractOpenableExtension.createKeyboardGroupManagerListenableFuture():120 Create keyboard group manager listenable future in fvq
04-20 03:00:14.750 I/ClipboardDataHandler(20885): ClipboardDataHandler.updateScreenshotsContentObserver():268 Disable the feature of handling screenshots in the clipboard.
04-20 03:00:14.750 I/KeyboardGroupDefParser(20885): KeyboardGroupDefParser.parseKeyboardGroupDef():83 parseKeyboardGroupDef() 2132214040 -> 0_resource_name_obfuscated : WaitTime = 0 ms : RunTime = 1 ms
04-20 03:00:14.750 I/KeyboardGroupDefParser(20885): KeyboardGroupDefParser.parseKeyboardGroupDef():83 parseKeyboardGroupDef() 2132214033 -> 0_resource_name_obfuscated : WaitTime = 1 ms : RunTime = 0 ms
04-20 03:00:14.750 I/KeyboardGroupDefParser(20885): KeyboardGroupDefParser.parseKeyboardGroupDef():83 parseKeyboardGroupDef() 2132214034 -> 0_resource_name_obfuscated : WaitTime = 1 ms : RunTime = 0 ms
04-20 03:00:14.751 I/KeyboardGroupDefParser(20885): KeyboardGroupDefParser.parseKeyboardGroupDef():83 parseKeyboardGroupDef() 2132214028 -> 0_resource_name_obfuscated : WaitTime = 0 ms : RunTime = 0 ms
04-20 03:00:14.751 I/NetworkInfoNotification(20885): NetworkInfoNotification$Listener.onReceive():112 onNetworkLost: networkState = NO_CONNECTION, isAirplaneModeOn = false
04-20 03:00:14.751 I/NetworkInfoNotification(20885): NetworkInfoNotification$Listener.onReceive():112 onNetworkLost: networkState = NO_CONNECTION, isAirplaneModeOn = false
04-20 03:00:14.751 I/OnDevicePackDownloadModule(20885): OnDevicePackDownloadModule.onCreate():60 onCreate()
04-20 03:00:14.752 I/NetworkInfoNotification(20885): NetworkInfoNotification$Listener.onReceive():112 onNetworkLost: networkState = NO_CONNECTION, isAirplaneModeOn = false
04-20 03:00:14.752 D/InputMethodManagerService(  590): Initializing Handwriting Spy
04-20 03:00:14.752 W/InputManager-JNI(  590): Input channel object 'stylus-handwriting-event-receiver-0 (client)' was disposed without first being removed with the input manager!
04-20 03:00:14.752 I/Environment(20885): Environment.isPackageInstalled():234 com.bitstrips.imoji is not installed
04-20 03:00:14.752 W/AndroidCreativeStickerFetcherFactory(20885): AndroidCreativeStickerFetcherFactory.createFetcher():19 Empty host or api key
04-20 03:00:14.753 D/SearchTargetUtil( 1099): query= size=0
04-20 03:00:14.754 I/GoogleInputMethodService(20885): GoogleInputMethodService$GoogleInputMethodImpl.attachToken():4209 
04-20 03:00:14.758 I/SystemSubtypesReportModule(20885): SystemSubtypesReportModule$3.onCurrentInputMethodEntryChanged():136 entry: en-US, source: UNSPECIFIED
04-20 03:00:14.758 I/SystemSubtypesReportModule(20885): SystemSubtypesReportModule.switchToSubtypeByEntry():205 en-US
04-20 03:00:14.758 D/WindowTokenClient(20885): Configuration not dispatch to IME because configuration is up to date. Current config={1.3 ?mcc0mnc [en_US] ldltr sw723dp w1157dp h723dp 354dpi xlrg land finger qwerty/v/v dpad/v winConfig={ mBounds=Rect(0, 0 - 2560, 1600) mAppBounds=Rect(0, 0 - 2560, 1600) mMaxBounds=Rect(0, 0 - 2560, 1600) mDisplayRotation=ROTATION_0 mWindowingMode=fullscreen mActivityType=undefined mAlwaysOnTop=undefined mRotation=ROTATION_0} s.8 fontWeightAdjustment=0}, reported config={1.3 ?mcc0mnc [en_US] ldltr sw723dp w1157dp h723dp 354dpi xlrg land finger qwerty/v/v dpad/v winConfig={ mBounds=Rect(0, 0 - 2560, 1600) mAppBounds=Rect(0, 0 - 2560, 1600) mMaxBounds=Rect(0, 0 - 2560, 1600) mDisplayRotation=ROTATION_0 mWindowingMode=fullscreen mActivityType=undefined mAlwaysOnTop=undefined mRotation=ROTATION_0} s.8 fontWeightAdjustment=0}, updated config={1.3 ?mcc0mnc [en_US] ldltr sw723dp w1157dp h723dp 354dpi xlrg land finger qwerty/v/v dpad/v winConfig={ mBounds=Rect(0, 0 - 2560, 1600) mAppBounds=Rect(0, 0 - 2560, 1600) mMaxBounds=Rect(0, 0 - 2560, 1600) mDisplayRotation=ROTATION_0 mWindowingMode=fullscreen mActivityType=undefined mAlwaysOnTop=undefined mRotation=ROTATION_0} s.8 fontWeightAdjustment=0}, updated display ID=0
04-20 03:00:14.758 D/WindowTokenClient(20885): Configuration not dispatch to IME because configuration is up to date. Current config={1.3 ?mcc0mnc [en_US] ldltr sw723dp w1157dp h723dp 354dpi xlrg land finger qwerty/v/v dpad/v winConfig={ mBounds=Rect(0, 0 - 2560, 1600) mAppBounds=Rect(0, 0 - 2560, 1600) mMaxBounds=Rect(0, 0 - 2560, 1600) mDisplayRotation=ROTATION_0 mWindowingMode=fullscreen mActivityType=undefined mAlwaysOnTop=undefined mRotation=ROTATION_0} s.8 fontWeightAdjustment=0}, reported config={1.3 ?mcc0mnc [en_US] ldltr sw723dp w1157dp h723dp 354dpi xlrg land finger qwerty/v/v dpad/v winConfig={ mBounds=Rect(0, 0 - 2560, 1600) mAppBounds=Rect(0, 0 - 2560, 1600) mMaxBounds=Rect(0, 0 - 2560, 1600) mDisplayRotation=ROTATION_0 mWindowingMode=fullscreen mActivityType=undefined mAlwaysOnTop=undefined mRotation=ROTATION_0} s.8 fontWeightAdjustment=0}, updated config={1.3 ?mcc0mnc [en_US] ldltr sw723dp w1157dp h723dp 354dpi xlrg land finger qwerty/v/v dpad/v winConfig={ mBounds=Rect(0, 0 - 2560, 1600) mAppBounds=Rect(0, 0 - 2560, 1600) mMaxBounds=Rect(0, 0 - 2560, 1600) mDisplayRotation=ROTATION_0 mWindowingMode=fullscreen mActivityType=undefined mAlwaysOnTop=undefined mRotation=ROTATION_0} s.8 fontWeightAdjustment=0}, updated display ID=0
04-20 03:00:14.759 I/SP      (20885): Scheduling job with delay of 0s for {m:b:u:l, bg}, 2 candidates
04-20 03:00:14.759 I/GoogleInputMethodService(20885): GoogleInputMethodService.onStartInput():1986 onStartInput(EditorInfo{EditorInfo{packageName=com.google.android.apps.nexuslauncher, inputType=0, inputTypeString=NULL, enableLearning=false, autoCorrection=false, autoComplete=false, imeOptions=0, privateImeOptions=null, actionName=UNSPECIFIED, actionLabel=null, initialSelStart=-1, initialSelEnd=-1, initialCapsMode=0, label=null, fieldId=0, fieldName=null, extras=null, hintText=null, hintLocales=[]}}, false)
04-20 03:00:14.760 E/JobScheduler.JobStatus(  590): App com.google.android.inputmethod.latin became active but still in NEVER bucket
04-20 03:00:14.760 I/GoogleInputMethodService(20885): GoogleInputMethodService.updateDeviceLockedStatus():2248 repeatCheckTimes = 1, locked = false
04-20 03:00:14.760 I/AndroidIME(20885): InputBundleManager.loadActiveInputBundleId():450 loadActiveInputBundleId: und-Latn-x-password, password
04-20 03:00:14.760 I/SP      (20885): Scheduling job with delay of 0s for {W:b:u:l, bg}, 1 candidates
04-20 03:00:14.760 I/HardKeyTracker(20885): HardKeyTracker.registerKeySequence():139 Register key sequence lnk{labelResId=2132019800, callback=gnd@9adc704, lastModifier=0, keyCodes=[57, 57], actions=[1, 0]}
04-20 03:00:14.760 I/HardKeyTracker(20885): HardKeyTracker.registerKeySequence():139 Register key sequence lnk{labelResId=0, callback=gnd@9fccdb3, lastModifier=0, keyCodes=[58, 58], actions=[1, 0]}
04-20 03:00:14.760 W/PackageConfigPersister(  590): App-specific configuration not found for packageName: com.google.android.apps.nexuslauncher and userId: 0
04-20 03:00:14.761 E/JobScheduler.JobStatus(  590): App com.google.android.inputmethod.latin became active but still in NEVER bucket
04-20 03:00:14.768 I/SP      (20885): Scheduling: download registered, 0 started, 0 paused, 3 scheduled, 3 pending: manifests:next-word-predictor-20210507 * {m:b:u:l, bg}, manifests:emoji-2023020111 * {m:b:u:l, bg}, manifests:emoticon_content_description-2022081613 * {W:b:u:l, bg}
04-20 03:00:14.768 I/SuperpacksManagerImpl(20885): SuperpacksManagerImpl$3$1.onFailure():588 emoticon_content_description.registerManifest() cancelled
04-20 03:00:14.768 I/SP      (20885): Registering emoticon_content_description.2022081613, url: https://www.gstatic.com/android/keyboard/emoticon_content_desc/202208161305/superpacks_manifest.json, constraints: W:*:*:*, flags: bg, requested: 2022081613, current: -1
04-20 03:00:14.768 I/SP      (20885): Registering emoticon_content_description.2022081613, url: https://www.gstatic.com/android/keyboard/emoticon_content_desc/202208161305/superpacks_manifest.json, constraints: W:*:*:*, flags: bg, requested: 2022081613, current: -1
04-20 03:00:14.781 I/SP      (20885): Scheduling job with delay of 0s for {m:b:u:l, bg}, 2 candidates
04-20 03:00:14.784 E/JobScheduler.JobStatus(  590): App com.google.android.inputmethod.latin became active but still in NEVER bucket
04-20 03:00:14.785 I/SP      (20885): Scheduling job with delay of 0s for {W:b:u:l, bg}, 1 candidates
04-20 03:00:14.785 E/JobScheduler.JobStatus(  590): App com.google.android.inputmethod.latin became active but still in NEVER bucket
04-20 03:00:14.792 I/SP      (20885): Scheduling: download registered, 0 started, 0 paused, 3 scheduled, 3 pending: manifests:next-word-predictor-20210507 * {m:b:u:l, bg}, manifests:emoji-2023020111 * {m:b:u:l, bg}, manifests:emoticon_content_description-2022081613 * {W:b:u:l, bg}
04-20 03:00:14.792 I/SuperpacksManagerImpl(20885): SuperpacksManagerImpl$3$1.onFailure():588 emoticon_content_description.registerManifest() cancelled
04-20 03:00:14.792 I/SuperpacksManagerImpl(20885): SuperpacksManagerImpl$3$1.onFailure():588 emoticon_content_description.registerManifest() cancelled
04-20 03:00:14.800 W/ActivityTaskManager(  590): callingPackage for (uid=0, pid=15246) has no WPC
04-20 03:00:14.801 W/OptProp (  590): Cannot read opt property android.window.PROPERTY_COMPAT_ALLOW_USER_ASPECT_RATIO_OVERRIDE
04-20 03:00:14.801 W/OptProp (  590): Cannot read opt property android.window.PROPERTY_COMPAT_ALLOW_USER_ASPECT_RATIO_FULLSCREEN_OVERRIDE
04-20 03:00:14.801 W/OptProp (  590): Cannot read opt property android.window.PROPERTY_COMPAT_ALLOW_ORIENTATION_OVERRIDE
04-20 03:00:14.801 V/GrammaticalInflectionUtils(  590): AttributionSource: AttributionSource { uid = 10217, packageName = null, attributionTag = null, token = android.os.Binder@bdb3573, deviceId = 0, next = null } does not have READ_SYSTEM_GRAMMATICAL_GENDER permission.
04-20 03:00:14.801 W/OptProp (  590): Cannot read opt property android.window.PROPERTY_COMPAT_ALLOW_RESIZEABLE_ACTIVITY_OVERRIDES
04-20 03:00:14.801 W/OptProp (  590): Cannot read opt property android.window.PROPERTY_COMPAT_ALLOW_MIN_ASPECT_RATIO_OVERRIDE
04-20 03:00:14.803 W/InputDispatcher(  590): Focused display #0 does not have a focused window.
04-20 03:00:14.803 E/InputDispatcher(  590): But another display has a focused window
04-20 03:00:14.803 E/InputDispatcher(  590):   FocusedWindows:
04-20 03:00:14.803 E/InputDispatcher(  590):     displayId=2, name='57831cd com.google.android.apps.nexuslauncher/com.android.launcher3.secondarydisplay.SecondaryDisplayLauncher'
04-20 03:00:14.804 I/ActivityTaskManager(  590): Add Task{bb9ddf9 #863 type=standard A=10217:com.impos2.mixcretailassemblyrn84} to hidden list because adding Task{152c825 #864 type=standard A=10217:com.impos2.mixcretailassemblyrn84}
04-20 03:00:14.805 I/ActivityTaskManager(  590): START u0 {flg=0x10000000 cmp=com.impos2.mixcretailassemblyrn84/.MainActivity} with LAUNCH_SINGLE_TASK from uid 0 (BAL_ALLOW_ALLOWLISTED_UID) result code=0
04-20 03:00:14.805 V/GrammaticalInflectionUtils(  590): AttributionSource: AttributionSource { uid = 10217, packageName = null, attributionTag = null, token = android.os.Binder@bdb3573, deviceId = 0, next = null } does not have READ_SYSTEM_GRAMMATICAL_GENDER permission.
04-20 03:00:14.805 D/SplashScreenView(  836): Build android.window.SplashScreenView{6545fc6 V.E...... ......ID 0,0-0,0}
04-20 03:00:14.805 D/SplashScreenView(  836): Icon: view: android.widget.ImageView{3f4b87 V.ED..... ......I. 0,0-0,0 #1020504 android:id/splashscreen_icon_view} drawable: com.android.wm.shell.startingsurface.SplashscreenIconDrawableFactory$ImmobileIconDrawable@5607ab4 size: 424
04-20 03:00:14.805 D/SplashScreenView(  836): Branding: view: android.view.View{aaf46dd G.ED..... ......I. 0,0-0,0 #1020503 android:id/splashscreen_branding_view} drawable: null size w: 0 h: 0
04-20 03:00:14.806 W/SplitSelectStateCtor( 1099): Missing session instanceIds
04-20 03:00:14.806 D/StatsLog( 1099): LAUNCHER_SPLIT_SELECTION_EXIT_INTERRUPTED
04-20 03:00:14.806 V/WindowManagerShell(  836): Transition requested (#554): android.os.BinderProxy@83b1923 TransitionRequestInfo { type = OPEN, triggerTask = TaskInfo{userId=0 taskId=864 displayId=0 isRunning=true baseIntent=Intent { flg=0x10000000 cmp=com.impos2.mixcretailassemblyrn84/.MainActivity } baseActivity=ComponentInfo{com.impos2.mixcretailassemblyrn84/com.impos2.mixcretailassemblyrn84.MainActivity} topActivity=ComponentInfo{com.impos2.mixcretailassemblyrn84/com.impos2.mixcretailassemblyrn84.MainActivity} origActivity=null realActivity=ComponentInfo{com.impos2.mixcretailassemblyrn84/com.impos2.mixcretailassemblyrn84.MainActivity} numActivities=1 lastActiveTime=266600351 supportsMultiWindow=true resizeMode=1 isResizeable=true minWidth=-1 minHeight=-1 defaultMinSize=220 token=WCT{android.window.IWindowContainerToken$Stub$Proxy@6e48e20} topActivityType=1 pictureInPictureParams=null shouldDockBigOverlays=false launchIntoPipHostTaskId=-1 lastParentTaskIdBeforePip=-1 displayCutoutSafeInsets=null topActivityInfo=ActivityInfo{f5e73d9 com.impos2.mixcretailassemblyrn84.MainActivity} launchCookies=[] positionInParent=Point(0, 0) parentTaskId=-1 isFocused=false isVisible=false isVisibleRequested=false isSleeping=false locusId=null displayAreaFeatureId=1 isTopActivityTransparent=false appCompatTaskInfo=AppCompatTaskInfo { topActivityInSizeCompat=false topActivityEligibleForLetterboxEducation= falseisLetterboxEducationEnabled= true isLetterboxDoubleTapEnabled= false topActivityEligibleForUserAspectRatioButton= true topActivityBoundsLetterboxed= false isFromLetterboxDoubleTap= false topActivityLetterboxVerticalPosition= -1 topActivityLetterboxHorizontalPosition= -1 topActivityLetterboxWidth=2560 topActivityLetterboxHeight=1600 isUserFullscreenOverrideEnabled=false isSystemFullscreenOverrideEnabled=false cameraCompatTaskInfo=CameraCompatTaskInfo { cameraCompatControlState=hidden freeformCameraCompatMode=inactive}}}, pipTask = null, remoteTransition = null, displayChange = null, flags = 0, debugId = 554 }
04-20 03:00:14.806 D/ShellDesktopMode(  836): DesktopTaskRepo: visibleTaskCount= 0
04-20 03:00:14.808 I/AppsFilter(  590): interaction: PackageSetting{570bcfe com.impos2.adapter.dev/10230} -> PackageSetting{50cc1a1 com.impos2.mixcretailassemblyrn84/10217} BLOCKED
04-20 03:00:14.808 I/AppsFilter(  590): interaction: PackageSetting{297ab0a com.impos2.mixcretailrn84v2/10231} -> PackageSetting{50cc1a1 com.impos2.mixcretailassemblyrn84/10217} BLOCKED
04-20 03:00:14.808 I/AppsFilter(  590): interaction: PackageSetting{46d0f7b com.impos2.mixcretailrn84/10234} -> PackageSetting{50cc1a1 com.impos2.mixcretailassemblyrn84/10217} BLOCKED
04-20 03:00:14.808 I/AppsFilter(  590): interaction: PackageSetting{1494198 com.impos2.posadapter/10229} -> PackageSetting{50cc1a1 com.impos2.mixcretailassemblyrn84/10217} BLOCKED
04-20 03:00:14.809 I/TopTaskTracker( 1099): onTaskMovedToFront: (moved taskInfo to front) taskId=864, baseIntent=Intent { flg=0x10000000 cmp=com.impos2.mixcretailassemblyrn84/.MainActivity }
04-20 03:00:14.809 I/AppWidgetServiceImpl(  590): Received broadcast: android.intent.action.PACKAGE_UNSTOPPED on user 0
04-20 03:00:14.810 I/AppWidgetServiceImpl(  590): Updating package stopped masked state for uid 10217 package com.impos2.mixcretailassemblyrn84 isStopped false
04-20 03:00:14.813 W/OptProp (  590): Cannot read opt property android.window.PROPERTY_COMPAT_ALLOW_DISPLAY_ORIENTATION_OVERRIDE
04-20 03:00:14.814 D/Zygote  (  389): Forked child process 15249
04-20 03:00:14.815 D/WindowManagerShell(  836): setLauncherKeepClearAreaHeight: visible=false, height=223
04-20 03:00:14.816 D/CoreBackPreview(  590): Window{812d6dd u0 Splash Screen com.impos2.mixcretailassemblyrn84}: Setting back callback OnBackInvokedCallbackInfo{mCallback=android.window.IOnBackInvokedCallback$Stub$Proxy@100999b, mPriority=0, mIsAnimationCallback=false}
04-20 03:00:14.817 I/ActivityManager(  590): Start proc 15249:com.impos2.mixcretailassemblyrn84/u0a217 for next-top-activity {com.impos2.mixcretailassemblyrn84/com.impos2.mixcretailassemblyrn84.MainActivity}
04-20 03:00:14.826 I/ailassemblyrn84(15249): Using CollectorTypeCMC GC.
04-20 03:00:14.827 V/WindowManagerShell(  836): onTransitionReady(transaction=2534030745101)
04-20 03:00:14.829 V/WindowManager(  590): Sent Transition (#554) createdAt=04-20 03:00:14.802 via request=TransitionRequestInfo { type = OPEN, triggerTask = TaskInfo{userId=0 taskId=864 displayId=0 isRunning=true baseIntent=Intent { flg=0x10000000 cmp=com.impos2.mixcretailassemblyrn84/.MainActivity } baseActivity=ComponentInfo{com.impos2.mixcretailassemblyrn84/com.impos2.mixcretailassemblyrn84.MainActivity} topActivity=ComponentInfo{com.impos2.mixcretailassemblyrn84/com.impos2.mixcretailassemblyrn84.MainActivity} origActivity=null realActivity=ComponentInfo{com.impos2.mixcretailassemblyrn84/com.impos2.mixcretailassemblyrn84.MainActivity} numActivities=1 lastActiveTime=266600351 supportsMultiWindow=true resizeMode=1 isResizeable=true minWidth=-1 minHeight=-1 defaultMinSize=220 token=WCT{RemoteToken{7453477 Task{152c825 #864 type=standard A=10217:com.impos2.mixcretailassemblyrn84}}} topActivityType=1 pictureInPictureParams=null shouldDockBigOverlays=false launchIntoPipHostTaskId=-1 lastParentTaskIdBeforePip=-1 displayCutoutSafeInsets=null topActivityInfo=ActivityInfo{97dc8e4 com.impos2.mixcretailassemblyrn84.MainActivity} launchCookies=[] positionInParent=Point(0, 0) parentTaskId=-1 isFocused=false isVisible=false isVisibleRequested=false isSleeping=false locusId=null displayAreaFeatureId=1 isTopActivityTransparent=false appCompatTaskInfo=AppCompatTaskInfo { topActivityInSizeCompat=false topActivityEligibleForLetterboxEducation= falseisLetterboxEducationEnabled= true isLetterboxDoubleTapEnabled= false topActivityEligibleForUserAspectRatioButton= true topActivityBoundsLetterboxed= false isFromLetterboxDoubleTap= false topActivityLetterboxVerticalPosition= -1 topActivityLetterboxHorizontalPosition= -1 topActivityLetterboxWidth=2560 topActivityLetterboxHeight=1600 isUserFullscreenOverrideEnabled=false isSystemFullscreenOverrideEnabled=false cameraCompatTaskInfo=CameraCompatTaskInfo { cameraCompatControlState=hidden freeformCameraCompatMode=inactive}}}, pipTask = null, remoteTransition = null, displayChange = null, flags = 0, debugId = 554 }
04-20 03:00:14.829 V/WindowManagerShell(  836): onTransitionReady (#554) android.os.BinderProxy@83b1923: {id=554 t=OPEN f=0x0 trk=0 r=[0@Point(0, 0)] c=[{WCT{android.window.IWindowContainerToken$Stub$Proxy@671f8e4} m=OPEN f=NONE leash=Surface(name=Task=864)/@0x889c511 sb=Rect(0, 0 - 2560, 1600) eb=Rect(0, 0 - 2560, 1600) d=0 taskParent=-1},{WCT{android.window.IWindowContainerToken$Stub$Proxy@cb4a14d} m=TO_BACK f=SHOW_WALLPAPER leash=Surface(name=Task=1)/@0x8da4676 sb=Rect(0, 0 - 2560, 1600) eb=Rect(0, 0 - 2560, 1600) d=0 taskParent=-1}]}
04-20 03:00:14.829 E/ailassemblyrn84(15249): Not starting debugger since process cannot load the jdwp agent.
04-20 03:00:14.830 V/WindowManager(  590):     startWCT=WindowContainerTransaction { changes = {} hops = [] errorCallbackToken=null taskFragmentOrganizer=null }
04-20 03:00:14.830 V/WindowManager(  590):     info={id=554 t=OPEN f=0x0 trk=0 r=[0@Point(0, 0)] c=[
04-20 03:00:14.830 V/WindowManager(  590):         {WCT{RemoteToken{7453477 Task{152c825 #864 type=standard A=10217:com.impos2.mixcretailassemblyrn84}}} m=OPEN f=NONE leash=Surface(name=Task=864)/@0x3985511 sb=Rect(0, 0 - 2560, 1600) eb=Rect(0, 0 - 2560, 1600) d=0 taskParent=-1},
04-20 03:00:14.830 V/WindowManager(  590):         {WCT{RemoteToken{eecd609 Task{403a6f7 #1 type=home}}} m=TO_BACK f=SHOW_WALLPAPER leash=Surface(name=Task=1)/@0x27bc150 sb=Rect(0, 0 - 2560, 1600) eb=Rect(0, 0 - 2560, 1600) d=0 taskParent=-1}
04-20 03:00:14.830 V/WindowManager(  590):     ]}
04-20 03:00:14.830 D/nativeloader(15249): Load libframework-connectivity-tiramisu-jni.so using APEX ns com_android_tethering for caller /apex/com.android.tethering/javalib/framework-connectivity-t.jar: ok
04-20 03:00:14.831 V/WindowManagerShell(  836): Transition (#554) android.os.BinderProxy@83b1923@0 ready while (#553) android.os.BinderProxy@f5dbd43@0 is still animating. Notify the animating transition in case they can be merged
04-20 03:00:14.833 W/UserManagerService(  590): Requested status bar icon for non-badged user 0
04-20 03:00:14.836 W/WindowManager(  590): Failed looking up window session=Session{330fbed 836:u0a10186} callers=com.android.server.wm.WindowManagerService.removeClientToken:2058 com.android.server.wm.Session.remove:274 android.view.IWindowSession$Stub.onTransact:685 
04-20 03:00:14.838 I/BpBinder(  590): onLastStrongRef automatically unlinking death recipients: 
04-20 03:00:14.838 W/system_server(  590): ApkAssets: Deleting an ApkAssets object '<empty> and /product/app/LatinIMEGooglePrebuilt/LatinIMEGooglePrebuilt.apk' with 1 weak references
04-20 03:00:14.838 V/WindowManagerShell(  836): Transition animation finished (aborted=false), notifying core (#553) android.os.BinderProxy@f5dbd43@0
04-20 03:00:14.839 V/WindowManager(  590): Finish Transition (#553): created at 04-20 03:00:14.652 collect-started=0.017ms request-sent=0.1ms started=2.064ms ready=28.056ms sent=38.551ms finished=186.701ms
04-20 03:00:14.839 E/IPCThreadState(  590): Binder transaction failure. id: 43132857, BR_*: 29189, error: -22 (Invalid argument)
04-20 03:00:14.839 W/ActivityManager(  590): pid 590 system sent binder code 7 with flags 1 to frozen apps and got error -32
04-20 03:00:14.839 W/WindowManager(  590): Exception thrown during dispatchAppVisibility Window{d268a23 u0 com.impos2.mixcretailassemblyrn84/com.impos2.mixcretailassemblyrn84.SecondaryActivity EXITING}
04-20 03:00:14.839 W/WindowManager(  590): android.os.DeadObjectException
04-20 03:00:14.839 W/WindowManager(  590): 	at android.os.BinderProxy.transactNative(Native Method)
04-20 03:00:14.839 W/WindowManager(  590): 	at android.os.BinderProxy.transact(BinderProxy.java:586)
04-20 03:00:14.839 W/WindowManager(  590): 	at android.view.IWindow$Stub$Proxy.dispatchAppVisibility(IWindow.java:553)
04-20 03:00:14.839 W/WindowManager(  590): 	at com.android.server.wm.WindowState.sendAppVisibilityToClients(WindowState.java:3253)
04-20 03:00:14.839 W/WindowManager(  590): 	at com.android.server.wm.WindowContainer.sendAppVisibilityToClients(WindowContainer.java:1289)
04-20 03:00:14.839 W/WindowManager(  590): 	at com.android.server.wm.WindowToken.setClientVisible(WindowToken.java:403)
04-20 03:00:14.839 W/WindowManager(  590): 	at com.android.server.wm.ActivityRecord.setClientVisible(ActivityRecord.java:7166)
04-20 03:00:14.839 W/WindowManager(  590): 	at com.android.server.wm.ActivityRecord.postApplyAnimation(ActivityRecord.java:5881)
04-20 03:00:14.839 W/WindowManager(  590): 	at com.android.server.wm.ActivityRecord.commitVisibility(ActivityRecord.java:5823)
04-20 03:00:14.839 W/WindowManager(  590): 	at com.android.server.wm.Transition.finishTransition(Transition.java:1286)
04-20 03:00:14.839 W/WindowManager(  590): 	at com.android.server.wm.TransitionController.finishTransition(TransitionController.java:937)
04-20 03:00:14.839 W/WindowManager(  590): 	at com.android.server.wm.WindowOrganizerController.finishTransition(WindowOrganizerController.java:494)
04-20 03:00:14.839 W/WindowManager(  590): 	at android.window.IWindowOrganizerController$Stub.onTransact(IWindowOrganizerController.java:289)
04-20 03:00:14.839 W/WindowManager(  590): 	at com.android.server.wm.WindowOrganizerController.onTransact(WindowOrganizerController.java:204)
04-20 03:00:14.839 W/WindowManager(  590): 	at android.os.Binder.execTransactInternal(Binder.java:1505)
04-20 03:00:14.839 W/WindowManager(  590): 	at android.os.Binder.execTransact(Binder.java:1444)
04-20 03:00:14.839 W/system_server(  590): ApkAssets: Deleting an ApkAssets object '<empty> and /product/app/GoogleTTS/GoogleTTS.apk' with 1 weak references
04-20 03:00:14.839 W/Process (  590): Unable to open /proc/15139/status
--------- beginning of kernel
04-20 03:00:14.840 I/binder  (  909): 909:590 cannot find target node
04-20 03:00:14.840 I/binder  (  909): 590:909 transaction async to 0:0 failed 43132857/29189/-22, size 64-0 line 3265
04-20 03:00:14.841 V/WindowManagerShell(  836): Playing animation for (#554) android.os.BinderProxy@83b1923@0
04-20 03:00:14.841 V/WindowManagerShell(  836):  try handler com.android.wm.shell.transition.DefaultMixedHandler@a4b4bb1
04-20 03:00:14.841 V/WindowManagerShell(  836):  try handler com.android.wm.shell.keyguard.KeyguardTransitionHandler@f055896
04-20 03:00:14.841 V/WindowManagerShell(  836):  try handler com.android.wm.shell.pip.PipTransition@489c17
04-20 03:00:14.841 V/WindowManagerShell(  836):  try handler com.android.wm.shell.activityembedding.ActivityEmbeddingController@f43a804
04-20 03:00:14.841 V/WindowManagerShell(  836):  try handler com.android.wm.shell.splitscreen.StageCoordinator@417f1ed
04-20 03:00:14.841 V/WindowManagerShell(  836):  try handler com.android.wm.shell.desktopmode.DesktopTasksController@4366822
04-20 03:00:14.841 V/WindowManagerShell(  836):  try handler com.android.wm.shell.recents.RecentsTransitionHandler@b30e2b3
04-20 03:00:14.841 V/ShellRecents(  836): RecentsTransitionHandler.startAnimation: no controller found
04-20 03:00:14.841 V/WindowManagerShell(  836):  try handler com.android.wm.shell.transition.RemoteTransitionHandler@2554070
04-20 03:00:14.841 V/WindowManagerShell(  836): Transition doesn't have explicit remote, search filters for match for {id=554 t=OPEN f=0x0 trk=0 r=[0@Point(0, 0)] c=[{WCT{android.window.IWindowContainerToken$Stub$Proxy@671f8e4} m=OPEN f=NONE leash=Surface(name=Task=864)/@0x889c511 sb=Rect(0, 0 - 2560, 1600) eb=Rect(0, 0 - 2560, 1600) d=0 taskParent=-1},{WCT{android.window.IWindowContainerToken$Stub$Proxy@cb4a14d} m=TO_BACK f=SHOW_WALLPAPER leash=Surface(name=Task=1)/@0x8da4676 sb=Rect(0, 0 - 2560, 1600) eb=Rect(0, 0 - 2560, 1600) d=0 taskParent=-1}]}
