--------- beginning of system
04-20 02:58:10.610 W/ActivityTaskManager(  590): callingPackage for (uid=0, pid=15066) has no WPC
04-20 02:58:10.610 W/OptProp (  590): Cannot read opt property android.window.PROPERTY_COMPAT_ALLOW_USER_ASPECT_RATIO_OVERRIDE
04-20 02:58:10.610 W/OptProp (  590): Cannot read opt property android.window.PROPERTY_COMPAT_ALLOW_USER_ASPECT_RATIO_FULLSCREEN_OVERRIDE
04-20 02:58:10.610 W/OptProp (  590): Cannot read opt property android.window.PROPERTY_COMPAT_ALLOW_ORIENTATION_OVERRIDE
--------- beginning of main
04-20 02:58:10.611 V/GrammaticalInflectionUtils(  590): AttributionSource: AttributionSource { uid = 10217, packageName = null, attributionTag = null, token = android.os.Binder@bdb3573, deviceId = 0, next = null } does not have READ_SYSTEM_GRAMMATICAL_GENDER permission.
04-20 02:58:10.611 W/OptProp (  590): Cannot read opt property android.window.PROPERTY_COMPAT_ALLOW_RESIZEABLE_ACTIVITY_OVERRIDES
04-20 02:58:10.611 W/OptProp (  590): Cannot read opt property android.window.PROPERTY_COMPAT_ALLOW_MIN_ASPECT_RATIO_OVERRIDE
04-20 02:58:10.614 V/WindowManagerShell(  836): Transition requested (#551): android.os.BinderProxy@585c32d TransitionRequestInfo { type = OPEN, triggerTask = TaskInfo{userId=0 taskId=862 displayId=0 isRunning=true baseIntent=Intent { flg=0x10000000 cmp=com.impos2.mixcretailassemblyrn84/.MainActivity } baseActivity=ComponentInfo{com.impos2.mixcretailassemblyrn84/com.impos2.mixcretailassemblyrn84.MainActivity} topActivity=ComponentInfo{com.impos2.mixcretailassemblyrn84/com.impos2.mixcretailassemblyrn84.MainActivity} origActivity=null realActivity=ComponentInfo{com.impos2.mixcretailassemblyrn84/com.impos2.mixcretailassemblyrn84.MainActivity} numActivities=1 lastActiveTime=266476161 supportsMultiWindow=true resizeMode=1 isResizeable=true minWidth=-1 minHeight=-1 defaultMinSize=220 token=WCT{android.window.IWindowContainerToken$Stub$Proxy@d3a0062} topActivityType=1 pictureInPictureParams=null shouldDockBigOverlays=false launchIntoPipHostTaskId=-1 lastParentTaskIdBeforePip=-1 displayCutoutSafeInsets=null topActivityInfo=ActivityInfo{b9c35f3 com.impos2.mixcretailassemblyrn84.MainActivity} launchCookies=[] positionInParent=Point(0, 0) parentTaskId=-1 isFocused=false isVisible=false isVisibleRequested=false isSleeping=false locusId=null displayAreaFeatureId=1 isTopActivityTransparent=false appCompatTaskInfo=AppCompatTaskInfo { topActivityInSizeCompat=false topActivityEligibleForLetterboxEducation= falseisLetterboxEducationEnabled= true isLetterboxDoubleTapEnabled= false topActivityEligibleForUserAspectRatioButton= true topActivityBoundsLetterboxed= false isFromLetterboxDoubleTap= false topActivityLetterboxVerticalPosition= -1 topActivityLetterboxHorizontalPosition= -1 topActivityLetterboxWidth=2560 topActivityLetterboxHeight=1600 isUserFullscreenOverrideEnabled=false isSystemFullscreenOverrideEnabled=false cameraCompatTaskInfo=CameraCompatTaskInfo { cameraCompatControlState=hidden freeformCameraCompatMode=inactive}}}, pipTask = null, remoteTransition = null, displayChange = null, flags = 0, debugId = 551 }
04-20 02:58:10.614 D/ShellDesktopMode(  836): DesktopTaskRepo: visibleTaskCount= 0
04-20 02:58:10.614 I/ActivityTaskManager(  590): START u0 {flg=0x10000000 cmp=com.impos2.mixcretailassemblyrn84/.MainActivity} with LAUNCH_SINGLE_TASK from uid 0 (BAL_ALLOW_ALLOWLISTED_UID) result code=0
04-20 02:58:10.615 D/SplashScreenView(  836): Build android.window.SplashScreenView{9392ae5 V.E...... ......ID 0,0-0,0}
04-20 02:58:10.615 D/SplashScreenView(  836): Icon: view: android.widget.ImageView{a8739ba V.ED..... ......I. 0,0-0,0 #1020504 android:id/splashscreen_icon_view} drawable: com.android.wm.shell.startingsurface.SplashscreenIconDrawableFactory$ImmobileIconDrawable@f06706b size: 424
04-20 02:58:10.615 D/SplashScreenView(  836): Branding: view: android.view.View{9c0a7c8 G.ED..... ......I. 0,0-0,0 #1020503 android:id/splashscreen_branding_view} drawable: null size w: 0 h: 0
04-20 02:58:10.615 V/GrammaticalInflectionUtils(  590): AttributionSource: AttributionSource { uid = 10217, packageName = null, attributionTag = null, token = android.os.Binder@bdb3573, deviceId = 0, next = null } does not have READ_SYSTEM_GRAMMATICAL_GENDER permission.
04-20 02:58:10.615 W/SplitSelectStateCtor( 1099): Missing session instanceIds
04-20 02:58:10.615 D/StatsLog( 1099): LAUNCHER_SPLIT_SELECTION_EXIT_INTERRUPTED
04-20 02:58:10.616 D/WindowManagerShell(  836): setLauncherKeepClearAreaHeight: visible=false, height=223
04-20 02:58:10.617 I/AppsFilter(  590): interaction: PackageSetting{570bcfe com.impos2.adapter.dev/10230} -> PackageSetting{eb1e12a com.impos2.mixcretailassemblyrn84/10217} BLOCKED
04-20 02:58:10.617 I/AppsFilter(  590): interaction: PackageSetting{297ab0a com.impos2.mixcretailrn84v2/10231} -> PackageSetting{eb1e12a com.impos2.mixcretailassemblyrn84/10217} BLOCKED
04-20 02:58:10.617 I/AppsFilter(  590): interaction: PackageSetting{46d0f7b com.impos2.mixcretailrn84/10234} -> PackageSetting{eb1e12a com.impos2.mixcretailassemblyrn84/10217} BLOCKED
04-20 02:58:10.617 I/AppsFilter(  590): interaction: PackageSetting{1494198 com.impos2.posadapter/10229} -> PackageSetting{eb1e12a com.impos2.mixcretailassemblyrn84/10217} BLOCKED
04-20 02:58:10.618 I/TopTaskTracker( 1099): onTaskMovedToFront: (moved taskInfo to front) taskId=862, baseIntent=Intent { flg=0x10000000 cmp=com.impos2.mixcretailassemblyrn84/.MainActivity }
04-20 02:58:10.621 I/AppWidgetServiceImpl(  590): Received broadcast: android.intent.action.PACKAGE_UNSTOPPED on user 0
04-20 02:58:10.621 I/AppWidgetServiceImpl(  590): Updating package stopped masked state for uid 10217 package com.impos2.mixcretailassemblyrn84 isStopped false
04-20 02:58:10.621 D/Zygote  (  389): Forked child process 15069
04-20 02:58:10.623 I/ActivityManager(  590): Start proc 15069:com.impos2.mixcretailassemblyrn84/u0a217 for next-top-activity {com.impos2.mixcretailassemblyrn84/com.impos2.mixcretailassemblyrn84.MainActivity}
04-20 02:58:10.625 I/BpBinder(  439): onLastStrongRef automatically unlinking death recipients: 
04-20 02:58:10.626 D/CoreBackPreview(  590): Window{6fd5dff u0 Splash Screen com.impos2.mixcretailassemblyrn84}: Setting back callback OnBackInvokedCallbackInfo{mCallback=android.window.IOnBackInvokedCallback$Stub$Proxy@c716b82, mPriority=0, mIsAnimationCallback=false}
04-20 02:58:10.627 W/OptProp (  590): Cannot read opt property android.window.PROPERTY_COMPAT_ALLOW_DISPLAY_ORIENTATION_OVERRIDE
04-20 02:58:10.638 V/WindowManager(  590): Sent Transition (#551) createdAt=04-20 02:58:10.611 via request=TransitionRequestInfo { type = OPEN, triggerTask = TaskInfo{userId=0 taskId=862 displayId=0 isRunning=true baseIntent=Intent { flg=0x10000000 cmp=com.impos2.mixcretailassemblyrn84/.MainActivity } baseActivity=ComponentInfo{com.impos2.mixcretailassemblyrn84/com.impos2.mixcretailassemblyrn84.MainActivity} topActivity=ComponentInfo{com.impos2.mixcretailassemblyrn84/com.impos2.mixcretailassemblyrn84.MainActivity} origActivity=null realActivity=ComponentInfo{com.impos2.mixcretailassemblyrn84/com.impos2.mixcretailassemblyrn84.MainActivity} numActivities=1 lastActiveTime=266476161 supportsMultiWindow=true resizeMode=1 isResizeable=true minWidth=-1 minHeight=-1 defaultMinSize=220 token=WCT{RemoteToken{f4ebdce Task{df3baa3 #862 type=standard A=10217:com.impos2.mixcretailassemblyrn84}}} topActivityType=1 pictureInPictureParams=null shouldDockBigOverlays=false launchIntoPipHostTaskId=-1 lastParentTaskIdBeforePip=-1 displayCutoutSafeInsets=null topActivityInfo=ActivityInfo{dafc4ef com.impos2.mixcretailassemblyrn84.MainActivity} launchCookies=[] positionInParent=Point(0, 0) parentTaskId=-1 isFocused=false isVisible=false isVisibleRequested=false isSleeping=false locusId=null displayAreaFeatureId=1 isTopActivityTransparent=false appCompatTaskInfo=AppCompatTaskInfo { topActivityInSizeCompat=false topActivityEligibleForLetterboxEducation= falseisLetterboxEducationEnabled= true isLetterboxDoubleTapEnabled= false topActivityEligibleForUserAspectRatioButton= true topActivityBoundsLetterboxed= false isFromLetterboxDoubleTap= false topActivityLetterboxVerticalPosition= -1 topActivityLetterboxHorizontalPosition= -1 topActivityLetterboxWidth=2560 topActivityLetterboxHeight=1600 isUserFullscreenOverrideEnabled=false isSystemFullscreenOverrideEnabled=false cameraCompatTaskInfo=CameraCompatTaskInfo { cameraCompatControlState=hidden freeformCameraCompatMode=inactive}}}, pipTask = null, remoteTransition = null, displayChange = null, flags = 0, debugId = 551 }
04-20 02:58:10.638 V/WindowManager(  590):     startWCT=WindowContainerTransaction { changes = {} hops = [] errorCallbackToken=null taskFragmentOrganizer=null }
04-20 02:58:10.638 V/WindowManager(  590):     info={id=551 t=OPEN f=0x0 trk=0 r=[0@Point(0, 0)] c=[
04-20 02:58:10.638 V/WindowManager(  590):         {WCT{RemoteToken{f4ebdce Task{df3baa3 #862 type=standard A=10217:com.impos2.mixcretailassemblyrn84}}} m=OPEN f=NONE leash=Surface(name=Task=862)/@0x3989293 sb=Rect(0, 0 - 2560, 1600) eb=Rect(0, 0 - 2560, 1600) d=0 taskParent=-1},
04-20 02:58:10.638 V/WindowManager(  590):         {WCT{RemoteToken{eecd609 Task{403a6f7 #1 type=home}}} m=TO_BACK f=SHOW_WALLPAPER leash=Surface(name=Task=1)/@0x27bc150 sb=Rect(0, 0 - 2560, 1600) eb=Rect(0, 0 - 2560, 1600) d=0 taskParent=-1}
04-20 02:58:10.638 V/WindowManager(  590):     ]}
04-20 02:58:10.638 V/WindowManagerShell(  836): onTransitionReady(transaction=2534030744964)
04-20 02:58:10.638 V/WindowManagerShell(  836): onTransitionReady (#551) android.os.BinderProxy@585c32d: {id=551 t=OPEN f=0x0 trk=0 r=[0@Point(0, 0)] c=[{WCT{android.window.IWindowContainerToken$Stub$Proxy@3da620c} m=OPEN f=NONE leash=Surface(name=Task=862)/@0x947ea99 sb=Rect(0, 0 - 2560, 1600) eb=Rect(0, 0 - 2560, 1600) d=0 taskParent=-1},{WCT{android.window.IWindowContainerToken$Stub$Proxy@f239755} m=TO_BACK f=SHOW_WALLPAPER leash=Surface(name=Task=1)/@0x86fb15e sb=Rect(0, 0 - 2560, 1600) eb=Rect(0, 0 - 2560, 1600) d=0 taskParent=-1}]}
04-20 02:58:10.639 W/UserManagerService(  590): Requested status bar icon for non-badged user 0
04-20 02:58:10.640 V/WindowManagerShell(  836): Playing animation for (#551) android.os.BinderProxy@585c32d@0
04-20 02:58:10.640 V/WindowManagerShell(  836):  try handler com.android.wm.shell.transition.DefaultMixedHandler@a4b4bb1
04-20 02:58:10.640 V/WindowManagerShell(  836):  try handler com.android.wm.shell.keyguard.KeyguardTransitionHandler@f055896
04-20 02:58:10.640 V/WindowManagerShell(  836):  try handler com.android.wm.shell.pip.PipTransition@489c17
04-20 02:58:10.640 V/WindowManagerShell(  836):  try handler com.android.wm.shell.activityembedding.ActivityEmbeddingController@f43a804
04-20 02:58:10.640 V/WindowManagerShell(  836):  try handler com.android.wm.shell.splitscreen.StageCoordinator@417f1ed
04-20 02:58:10.640 V/WindowManagerShell(  836):  try handler com.android.wm.shell.desktopmode.DesktopTasksController@4366822
04-20 02:58:10.640 V/WindowManagerShell(  836):  try handler com.android.wm.shell.recents.RecentsTransitionHandler@b30e2b3
04-20 02:58:10.640 V/ShellRecents(  836): RecentsTransitionHandler.startAnimation: no controller found
04-20 02:58:10.640 V/WindowManagerShell(  836):  try handler com.android.wm.shell.transition.RemoteTransitionHandler@2554070
04-20 02:58:10.640 V/WindowManagerShell(  836): Transition doesn't have explicit remote, search filters for match for {id=551 t=OPEN f=0x0 trk=0 r=[0@Point(0, 0)] c=[{WCT{android.window.IWindowContainerToken$Stub$Proxy@3da620c} m=OPEN f=NONE leash=Surface(name=Task=862)/@0x947ea99 sb=Rect(0, 0 - 2560, 1600) eb=Rect(0, 0 - 2560, 1600) d=0 taskParent=-1},{WCT{android.window.IWindowContainerToken$Stub$Proxy@f239755} m=TO_BACK f=SHOW_WALLPAPER leash=Surface(name=Task=1)/@0x86fb15e sb=Rect(0, 0 - 2560, 1600) eb=Rect(0, 0 - 2560, 1600) d=0 taskParent=-1}]}
04-20 02:58:10.640 V/WindowManagerShell(  836):  Checking filter Pair{{types=[] flags=0x0] notFlags=0x0 checks=[{atype=undefined independent=true modes=[OPEN,TO_FRONT] flags=IN_TASK_WITH_EMBEDDED_ACTIVITY mustBeTask=false order=ANY topActivity=ComponentInfo{com.google.android.apps.nexuslauncher/com.google.android.apps.nexuslauncher.NexusLauncherActivity} launchCookie=null},{atype=undefined independent=true modes=[CLOSE,TO_BACK] flags=IN_TASK_WITH_EMBEDDED_ACTIVITY mustBeTask=false order=ANY topActivity=null launchCookie=null}]} RemoteTransition { remoteTransition = android.window.IRemoteTransition$Stub$Proxy@e8ebfe9, appThread = android.app.IApplicationThread$Stub$Proxy@876e46e, debugName = OverlaySwipeBack }}
04-20 02:58:10.641 V/WindowManagerShell(  836):  Checking filter Pair{{types=[] flags=0x0] notFlags=0x0 checks=[{atype=dream independent=true modes=[OPEN,TO_FRONT] flags=NONE mustBeTask=false order=ANY topActivity=null launchCookie=null},{atype=home independent=true modes=[CLOSE,TO_BACK] flags=NONE mustBeTask=false order=ANY topActivity=null launchCookie=null}]} RemoteTransition { remoteTransition = android.window.IRemoteTransition$Stub$Proxy@f4cf70f, appThread = android.app.IApplicationThread$Stub$Proxy@ba5f39c, debugName = LauncherToDream }}
04-20 02:58:10.641 V/WindowManagerShell(  836):  Checking filter Pair{{types=[] flags=0x0] notFlags=0x100 checks=[{atype=home independent=true modes=[OPEN,TO_FRONT] flags=NONE mustBeTask=false order=TOP topActivity=ComponentInfo{com.google.android.apps.nexuslauncher/com.google.android.apps.nexuslauncher.NexusLauncherActivity} launchCookie=null},{atype=standard independent=true modes=[CLOSE,TO_BACK] flags=NONE mustBeTask=false order=ANY topActivity=null launchCookie=null}]} RemoteTransition { remoteTransition = android.window.IRemoteTransition$Stub$Proxy@c8a71a5, appThread = android.app.IApplicationThread$Stub$Proxy@30d97a, debugName = QuickstepLaunchHome }}
04-20 02:58:10.641 V/WindowManagerShell(  836):  Delegate animation for (#551) to null
04-20 02:58:10.641 V/WindowManagerShell(  836):  try handler com.android.wm.shell.transition.DefaultTransitionHandler@56bf52b
04-20 02:58:10.641 V/WindowManagerShell(  836): start default transition animation, info = {id=551 t=OPEN f=0x0 trk=0 r=[0@Point(0, 0)] c=[{WCT{android.window.IWindowContainerToken$Stub$Proxy@3da620c} m=OPEN f=NONE leash=Surface(name=Task=862)/@0x947ea99 sb=Rect(0, 0 - 2560, 1600) eb=Rect(0, 0 - 2560, 1600) d=0 taskParent=-1},{WCT{android.window.IWindowContainerToken$Stub$Proxy@f239755} m=TO_BACK f=SHOW_WALLPAPER leash=Surface(name=Task=1)/@0x86fb15e sb=Rect(0, 0 - 2560, 1600) eb=Rect(0, 0 - 2560, 1600) d=0 taskParent=-1}]}
04-20 02:58:10.641 V/WindowManagerShell(  836): loadAnimation: anim=android.view.animation.AnimationSet@4c3a9d3 animAttr=0x13 type=OPEN isEntrance=false
04-20 02:58:10.641 V/WindowManagerShell(  836): loadAnimation: anim=android.view.animation.AnimationSet@2192e0e animAttr=0x12 type=OPEN isEntrance=true
04-20 02:58:10.641 V/WindowManagerShell(  836):  animated by com.android.wm.shell.transition.DefaultTransitionHandler@56bf52b
04-20 02:58:10.641 I/netd    (  388): tetherGetStats() -> {[]} <0.27ms>
04-20 02:58:10.643 I/ailassemblyrn84(15069): Using CollectorTypeCMC GC.
04-20 02:58:10.647 D/EGL_emulation( 1099): app_time_stats: avg=1050216.38ms min=1050216.38ms max=1050216.38ms count=1
04-20 02:58:10.647 E/ailassemblyrn84(15069): Not starting debugger since process cannot load the jdwp agent.
04-20 02:58:10.650 D/nativeloader(15069): Load libframework-connectivity-tiramisu-jni.so using APEX ns com_android_tethering for caller /apex/com.android.tethering/javalib/framework-connectivity-t.jar: ok
04-20 02:58:10.657 D/EGL_emulation(  836): app_time_stats: avg=10639.86ms min=10639.86ms max=10639.86ms count=1
04-20 02:58:10.661 D/ActivityManager(  590): sync unfroze 21035 com.google.android.googlequicksearchbox:search for 6
04-20 02:58:10.661 D/ActivityManager(  590): sync unfroze 21183 com.google.android.webview:sandboxed_process0:org.chromium.content.app.SandboxedProcessService0:0 for 6
04-20 02:58:10.668 D/nativeloader(15069): Configuring clns-7 for other apk /data/app/~~5KwwXBKvn3G-WqIOf_KuQw==/com.impos2.mixcretailassemblyrn84-cGXdLhOV8QU4kHWlSzh0Yw==/base.apk. target_sdk_version=36, uses_libraries=, library_path=/data/app/~~5KwwXBKvn3G-WqIOf_KuQw==/com.impos2.mixcretailassemblyrn84-cGXdLhOV8QU4kHWlSzh0Yw==/lib/arm64:/data/app/~~5KwwXBKvn3G-WqIOf_KuQw==/com.impos2.mixcretailassemblyrn84-cGXdLhOV8QU4kHWlSzh0Yw==/base.apk!/lib/arm64-v8a, permitted_path=/data:/mnt/expand:/data/user/0/com.impos2.mixcretailassemblyrn84
04-20 02:58:10.674 D/EGL_emulation( 1099): app_time_stats: avg=817.36ms min=655.08ms max=979.64ms count=2
04-20 02:58:10.674 V/GraphicsEnvironment(15069): Currently set values for:
04-20 02:58:10.674 V/GraphicsEnvironment(15069):   angle_gl_driver_selection_pkgs=[]
04-20 02:58:10.674 V/GraphicsEnvironment(15069):   angle_gl_driver_selection_values=[]
04-20 02:58:10.674 V/GraphicsEnvironment(15069): Global.Settings values are invalid: number of packages: 0, number of values: 0
04-20 02:58:10.674 V/GraphicsEnvironment(15069): Neither updatable production driver nor prerelease driver is supported.
04-20 02:58:10.674 I/A       (21035): #sync(). Running Synclets and scheduling next sync.
04-20 02:58:10.683 I/A       (21035): (REDACTED) Starting synclet: %s
04-20 02:58:10.683 I/LPAutoUpdateSynclet(21035): #sync
04-20 02:58:10.684 W/SoLoader(15069): Initializing SoLoader: 0
04-20 02:58:10.684 W/SoLoader(15069): Recording new base apk path: /data/app/~~5KwwXBKvn3G-WqIOf_KuQw==/com.impos2.mixcretailassemblyrn84-cGXdLhOV8QU4kHWlSzh0Yw==/base.apk
04-20 02:58:10.684 W/SoLoader(15069): Previously recorded 0 base apk paths.
04-20 02:58:10.684 I/LPDownloadSettingsState(21035): (REDACTED) Defaulting LP download condition to %s as user has not edited settings.
04-20 02:58:10.684 I/DefaultLPManager(21035): #getAvailablePackages
04-20 02:58:10.685 I/A       (21035): #getDownloadableLanguagePacks
04-20 02:58:10.685 I/SoLoader(15069): Preparing SO source: DirectorySoSource[root = /vendor/lib64 flags = 2]
04-20 02:58:10.685 I/SoLoader(15069): Preparing SO source: DirectorySoSource[root = /system/lib64 flags = 2]
04-20 02:58:10.685 I/SoLoader(15069): Preparing SO source: DirectApkSoSource[root = [/data/app/~~5KwwXBKvn3G-WqIOf_KuQw==/com.impos2.mixcretailassemblyrn84-cGXdLhOV8QU4kHWlSzh0Yw==/base.apk!/lib/arm64-v8a]]
04-20 02:58:10.685 I/A       (21035): #sync() complete
04-20 02:58:10.685 I/A       (21035): Completed sync. Scheduling next wakeup
04-20 02:58:10.685 I/A       (21035): Scheduling next onetime WorkManager workers
04-20 02:58:10.686 I/SoLoader(15069): Preparing SO source: ApplicationSoSource[DirectorySoSource[root = /data/app/~~5KwwXBKvn3G-WqIOf_KuQw==/com.impos2.mixcretailassemblyrn84-cGXdLhOV8QU4kHWlSzh0Yw==/lib/arm64 flags = 0]]
04-20 02:58:10.686 I/SoLoader(15069): init finish: 4 SO sources prepared
04-20 02:58:10.686 W/SoLoader(15069): SoLoader initialized: 8
04-20 02:58:10.686 I/A       (21035): (REDACTED) Loaded languagepack (LP) flag value from latest config %s: %s
04-20 02:58:10.686 W/SystemLPSourceImpl(21035): #getAvailablePackages: Note there is not reason to call this method, as getInstalledPackages() returns the same LanguagePacks for this impl.
04-20 02:58:10.686 W/LegacyLPSourceImpl(21035): #getAvailablePackages: Note there is no reason to call this method, as getInstalledPackages() returns the same LanguagePacks for this impl.
04-20 02:58:10.686 I/DefaultLPManager(21035): #getInstalledPackages
04-20 02:58:10.686 I/A       (21035): #getInstalledPackages
04-20 02:58:10.687 I/DefaultLPManager(21035): #getInstalledPackages
04-20 02:58:10.687 I/A       (21035): #getInstalledPackages
04-20 02:58:10.687 I/DefaultLPManager(21035): #getRequestedPackages
04-20 02:58:10.687 I/WM-WorkerWrapper(21035): Worker result SUCCESS for Work [ id=bfb5bc3d-51c5-4260-b222-88452429bf3e, tags={ com.google.apps.tiktok.contrib.work.TikTokListenableWorker,com.google.apps.tiktok.sync.impl.workmanager.SyncWorker,TikTokWorker#com.google.apps.tiktok.sync.impl.workmanager.SyncWorker } ]
04-20 02:58:10.687 I/ZipLPPopulator(21035): #addNewFileGroups
04-20 02:58:10.687 I/A       (21035): #getDownloadableLanguagePacks
04-20 02:58:10.687 I/A       (21035): (REDACTED) Loaded languagepack (LP) flag value from latest config %s: %s
04-20 02:58:10.687 W/SystemLPSourceImpl(21035): #getRequestedPackages: There is not reason to call this method, as the result is always empty.
04-20 02:58:10.687 W/LegacyLPSourceImpl(21035): #getRequestedPackages: There is no reason to call this method, as the result is always empty.
04-20 02:58:10.687 I/DefaultLPManager(21035): #getAvailablePackages
04-20 02:58:10.687 I/A       (21035): #getDownloadableLanguagePacks
04-20 02:58:10.687 I/A       (21035): (REDACTED) Loaded languagepack (LP) flag value from latest config %s: %s
04-20 02:58:10.687 W/SystemLPSourceImpl(21035): #getAvailablePackages: Note there is not reason to call this method, as getInstalledPackages() returns the same LanguagePacks for this impl.
04-20 02:58:10.687 W/LegacyLPSourceImpl(21035): #getAvailablePackages: Note there is no reason to call this method, as getInstalledPackages() returns the same LanguagePacks for this impl.
04-20 02:58:10.689 D/nativeloader(15069): Load /data/app/~~5KwwXBKvn3G-WqIOf_KuQw==/com.impos2.mixcretailassemblyrn84-cGXdLhOV8QU4kHWlSzh0Yw==/base.apk!/lib/arm64-v8a/libc++_shared.so using ns clns-7 from class loader (caller=/data/app/~~5KwwXBKvn3G-WqIOf_KuQw==/com.impos2.mixcretailassemblyrn84-cGXdLhOV8QU4kHWlSzh0Yw==/base.apk): ok
04-20 02:58:10.690 D/nativeloader(15069): Load /data/app/~~5KwwXBKvn3G-WqIOf_KuQw==/com.impos2.mixcretailassemblyrn84-cGXdLhOV8QU4kHWlSzh0Yw==/base.apk!/lib/arm64-v8a/libjsi.so using ns clns-7 from class loader (caller=/data/app/~~5KwwXBKvn3G-WqIOf_KuQw==/com.impos2.mixcretailassemblyrn84-cGXdLhOV8QU4kHWlSzh0Yw==/base.apk): ok
04-20 02:58:10.690 D/nativeloader(15069): Load /data/app/~~5KwwXBKvn3G-WqIOf_KuQw==/com.impos2.mixcretailassemblyrn84-cGXdLhOV8QU4kHWlSzh0Yw==/base.apk!/lib/arm64-v8a/libfbjni.so using ns clns-7 from class loader (caller=/data/app/~~5KwwXBKvn3G-WqIOf_KuQw==/com.impos2.mixcretailassemblyrn84-cGXdLhOV8QU4kHWlSzh0Yw==/base.apk): ok
04-20 02:58:10.692 D/nativeloader(15069): Load /data/app/~~5KwwXBKvn3G-WqIOf_KuQw==/com.impos2.mixcretailassemblyrn84-cGXdLhOV8QU4kHWlSzh0Yw==/base.apk!/lib/arm64-v8a/libreactnative.so using ns clns-7 from class loader (caller=/data/app/~~5KwwXBKvn3G-WqIOf_KuQw==/com.impos2.mixcretailassemblyrn84-cGXdLhOV8QU4kHWlSzh0Yw==/base.apk): ok
04-20 02:58:10.692 D/jni_lib_merge(15069): Entering merged library JNI_OnLoad.
04-20 02:58:10.692 D/jni_lib_merge(15069): Preparing 12 pre-merged libs (including stub)
04-20 02:58:10.692 D/jni_lib_merge(15069): Preparing to register libfabricjni_so.  onload_func: 0x73ab6dda50
04-20 02:58:10.692 D/jni_lib_merge(15069): Preparing to register libreact_devsupportjni_so.  onload_func: 0x73ab7a136c
04-20 02:58:10.692 D/jni_lib_merge(15069): Preparing to register libreact_featureflagsjni_so.  onload_func: 0x73ab7bbba8
04-20 02:58:10.692 D/jni_lib_merge(15069): Preparing to register libreact_newarchdefaults_so.  onload_func: 0x73ab7f9d74
04-20 02:58:10.692 D/jni_lib_merge(15069): Preparing to register libreactnativeblob_so.  onload_func: 0x73ab89aa4c
04-20 02:58:10.692 D/jni_lib_merge(15069): Preparing to register libreactnativejni_so.  onload_func: 0x73ab8af9e4
04-20 02:58:10.692 D/jni_lib_merge(15069): Preparing to register libreactnativejni_common_so.  onload_func: 0x73ab8b2be0
04-20 02:58:10.692 D/jni_lib_merge(15069): Preparing to register librninstance_so.  onload_func: 0x73ab8cf778
04-20 02:58:10.692 D/jni_lib_merge(15069): Preparing to register libturbomodulejsijni_so.  onload_func: 0x73ab9790e0
04-20 02:58:10.692 D/jni_lib_merge(15069): Preparing to register libuimanagerjni_so.  onload_func: 0x73ab97fb00
04-20 02:58:10.692 D/jni_lib_merge(15069): Preparing to register libyoga_so.  onload_func: 0x73ab9870c4
04-20 02:58:10.692 D/jni_lib_merge(15069): About to register 11 actual methods.
04-20 02:58:10.693 I/LegacyLPSourceImpl(21035): (REDACTED) Parsing legacy read-only LanguagePack metadata file: %s
04-20 02:58:10.693 I/LPRequestState(21035): (REDACTED) [%s] #resolveDesiredLanguagePacks
04-20 02:58:10.693 I/LPDownloadSettingsState(21035): (REDACTED) Defaulting LP download condition to %s as user has not edited settings.
04-20 02:58:10.694 D/nativeloader(15069): Load /data/app/~~5KwwXBKvn3G-WqIOf_KuQw==/com.impos2.mixcretailassemblyrn84-cGXdLhOV8QU4kHWlSzh0Yw==/base.apk!/lib/arm64-v8a/libreact_codegen_rnsvg.so using ns clns-7 from class loader (caller=/data/app/~~5KwwXBKvn3G-WqIOf_KuQw==/com.impos2.mixcretailassemblyrn84-cGXdLhOV8QU4kHWlSzh0Yw==/base.apk): ok
04-20 02:58:10.694 D/jni_lib_merge(15069): Entering merged library JNI_OnLoad.
04-20 02:58:10.694 D/jni_lib_merge(15069): Preparing 12 pre-merged libs (including stub)
04-20 02:58:10.694 D/jni_lib_merge(15069): Preparing to register libfabricjni_so.  onload_func: 0x73ab6dda50
04-20 02:58:10.694 D/jni_lib_merge(15069): Preparing to register libreact_devsupportjni_so.  onload_func: 0x73ab7a136c
04-20 02:58:10.694 D/jni_lib_merge(15069): Preparing to register libreact_featureflagsjni_so.  onload_func: 0x73ab7bbba8
04-20 02:58:10.694 D/jni_lib_merge(15069): Preparing to register libreact_newarchdefaults_so.  onload_func: 0x73ab7f9d74
04-20 02:58:10.694 D/jni_lib_merge(15069): Preparing to register libreactnativeblob_so.  onload_func: 0x73ab89aa4c
04-20 02:58:10.694 D/jni_lib_merge(15069): Preparing to register libreactnativejni_so.  onload_func: 0x73ab8af9e4
04-20 02:58:10.694 D/jni_lib_merge(15069): Preparing to register libreactnativejni_common_so.  onload_func: 0x73ab8b2be0
04-20 02:58:10.694 D/jni_lib_merge(15069): Preparing to register librninstance_so.  onload_func: 0x73ab8cf778
04-20 02:58:10.694 D/jni_lib_merge(15069): Preparing to register libturbomodulejsijni_so.  onload_func: 0x73ab9790e0
04-20 02:58:10.694 D/jni_lib_merge(15069): Preparing to register libuimanagerjni_so.  onload_func: 0x73ab97fb00
04-20 02:58:10.694 D/jni_lib_merge(15069): Preparing to register libyoga_so.  onload_func: 0x73ab9870c4
04-20 02:58:10.694 D/jni_lib_merge(15069): About to register 11 actual methods.
04-20 02:58:10.695 D/nativeloader(15069): Load /data/app/~~5KwwXBKvn3G-WqIOf_KuQw==/com.impos2.mixcretailassemblyrn84-cGXdLhOV8QU4kHWlSzh0Yw==/base.apk!/lib/arm64-v8a/libappmodules.so using ns clns-7 from class loader (caller=/data/app/~~5KwwXBKvn3G-WqIOf_KuQw==/com.impos2.mixcretailassemblyrn84-cGXdLhOV8QU4kHWlSzh0Yw==/base.apk): ok
04-20 02:58:10.695 I/LegacyLPSourceImpl(21035): (REDACTED) Parsing legacy read-only LanguagePack metadata file: %s
04-20 02:58:10.696 W/OptProp (  590): Cannot read opt property android.window.PROPERTY_COMPAT_ENABLE_FAKE_FOCUS
04-20 02:58:10.696 I/LPRequestState(21035): (REDACTED) [%s] #resolveUnusedLanguagePacks
04-20 02:58:10.696 I/LPRequestState(21035): (REDACTED) [%s] #resolveDesiredLanguagePacks
04-20 02:58:10.698 I/LegacyLPSourceImpl(21035): (REDACTED) Parsing legacy read-only LanguagePack metadata file: %s
04-20 02:58:10.698 I/LegacyLPSourceImpl(21035): (REDACTED) Parsing legacy read-only LanguagePack metadata file: %s
04-20 02:58:10.698 I/LPRequestState(21035): (REDACTED) [%s] #resolveDesiredLanguagePacks
04-20 02:58:10.698 I/LanguagePackMaintenance(21035): (REDACTED) Background downloading %d packs, for an ideal set of %d total packs
04-20 02:58:10.699 I/LanguagePackMaintenance(21035): (REDACTED) Background downloading packs [%s]
04-20 02:58:10.699 I/LanguagePackMaintenance(21035): (REDACTED) Ideal set: [%s]
04-20 02:58:10.700 W/BestClock(  590): java.time.DateTimeException: Missing network time fix
04-20 02:58:10.699 I/DefaultLPManager(21035): #installPackage
04-20 02:58:10.700 W/BestClock(  590): java.time.DateTimeException: Missing network time fix
04-20 02:58:10.700 W/BestClock(  590): java.time.DateTimeException: Missing network time fix
04-20 02:58:10.700 W/BestClock(  590): java.time.DateTimeException: Missing network time fix
04-20 02:58:10.700 W/BestClock(  590): java.time.DateTimeException: Missing network time fix
04-20 02:58:10.701 I/LPRequestState(21035): (REDACTED) [%s] #addRequest
04-20 02:58:10.701 I/ZipLPPopulator(21035): #addNewFileGroups
04-20 02:58:10.701 I/A       (21035): #getDownloadableLanguagePacks
04-20 02:58:10.701 I/A       (21035): (REDACTED) Loaded languagepack (LP) flag value from latest config %s: %s
04-20 02:58:10.701 I/LPRequestState(21035): (REDACTED) [%s] #resolveDesiredLanguagePacks
04-20 02:58:10.701 I/LPDownloadSettingsState(21035): (REDACTED) Defaulting LP download condition to %s as user has not edited settings.
04-20 02:58:10.702 I/ZipLPPopulator(21035): (REDACTED) Updated file group for group '%s' from location: %s
04-20 02:58:10.702 I/A       (21035): #getPendingPackages
04-20 02:58:10.703 I/ZipLPPopulator(21035): (REDACTED) Updated file group for group '%s' from location: %s
04-20 02:58:10.703 I/LanguagePackCBTrigger(21035): (REDACTED) No #onInstallRequest callbacks registered. Request logged for %s
04-20 02:58:10.703 D/AppCompatDelegate(15069): Checking for metadata for AppLocalesMetadataHolderService : Service not found
04-20 02:58:10.703 W/BestClock(  590): java.time.DateTimeException: Missing network time fix
04-20 02:58:10.703 W/BestClock(  590): java.time.DateTimeException: Missing network time fix
04-20 02:58:10.703 W/BestClock(  590): java.time.DateTimeException: Missing network time fix
04-20 02:58:10.703 W/BestClock(  590): java.time.DateTimeException: Missing network time fix
04-20 02:58:10.704 I/LanguagePackCBTrigger(21035): (REDACTED) No #onInstallRequest callbacks registered. Request logged for %s
04-20 02:58:10.704 I/LPRequestState(21035): (REDACTED) [%s] #resolveUnusedLanguagePacks
04-20 02:58:10.705 I/LPRequestState(21035): (REDACTED) [%s] #resolveDesiredLanguagePacks
04-20 02:58:10.705 I/LanguagePackMaintenance(21035): (REDACTED) Background deleting %d stale packs: %s
04-20 02:58:10.708 I/StartupAudit(15069): activity_created activity=MainActivity displayIndex=0 pid=15069 time=2026-04-20 02:58:10.708
04-20 02:58:10.713 I/A       (21035): Successfully scheduled next onetime workers
04-20 02:58:10.716 D/FileUtils(  590): Rounded bytes from 3120193536 to 4000000000
04-20 02:58:10.718 D/nativeloader(15069): Load /data/app/~~5KwwXBKvn3G-WqIOf_KuQw==/com.impos2.mixcretailassemblyrn84-cGXdLhOV8QU4kHWlSzh0Yw==/base.apk!/lib/arm64-v8a/libhermesvm.so using ns clns-7 from class loader (caller=/data/app/~~5KwwXBKvn3G-WqIOf_KuQw==/com.impos2.mixcretailassemblyrn84-cGXdLhOV8QU4kHWlSzh0Yw==/base.apk): ok
04-20 02:58:10.719 D/nativeloader(15069): Load /data/app/~~5KwwXBKvn3G-WqIOf_KuQw==/com.impos2.mixcretailassemblyrn84-cGXdLhOV8QU4kHWlSzh0Yw==/base.apk!/lib/arm64-v8a/libhermestooling.so using ns clns-7 from class loader (caller=/data/app/~~5KwwXBKvn3G-WqIOf_KuQw==/com.impos2.mixcretailassemblyrn84-cGXdLhOV8QU4kHWlSzh0Yw==/base.apk): ok
04-20 02:58:10.719 D/jni_lib_merge(15069): Entering merged library JNI_OnLoad.
04-20 02:58:10.719 D/jni_lib_merge(15069): Preparing 4 pre-merged libs (including stub)
04-20 02:58:10.719 D/jni_lib_merge(15069): Preparing to register libhermes_executor_so.  onload_func: 0x7402b9c728
04-20 02:58:10.719 D/jni_lib_merge(15069): Preparing to register libhermesinstancejni_so.  onload_func: 0x7402ba3d44
04-20 02:58:10.719 D/jni_lib_merge(15069): Preparing to register libjsijniprofiler_so.  onload_func: 0x7402ba4530
04-20 02:58:10.719 D/jni_lib_merge(15069): About to register 3 actual methods.
04-20 02:58:10.724 W/unknown:BridgelessReact(15069): ReactHost{0}.startSurface(surfaceId = 0): Schedule
04-20 02:58:10.724 W/unknown:BridgelessReact(15069): ReactHost{0}.attachSurface(surfaceId = 0)
04-20 02:58:10.724 W/unknown:BridgelessReact(15069): ReactHost{0}.getOrCreateReactInstanceTask()
04-20 02:58:10.724 W/unknown:BridgelessReact(15069): ReactHost{0}.getOrCreateReactInstanceTask(): Start
04-20 02:58:10.724 W/unknown:BridgelessReact(15069): ReactHost{0}.getJSBundleLoader()
04-20 02:58:10.724 W/unknown:BridgelessReact(15069): ReactHost{0}.getOrCreateReactInstanceTask(): Creating BridgelessReactContext
04-20 02:58:10.725 W/unknown:BridgelessReact(15069): ReactHost{0}.getOrCreateReactInstanceTask(): Creating ReactInstance
04-20 02:58:10.729 W/unknown:BridgelessReact(15069): ReactHost{0}.onHostResume(activity)
04-20 02:58:10.729 W/unknown:BridgelessReact(15069): ReactHost{0}.ReactContext.onHostResume()
04-20 02:58:10.732 W/HWUI    (15069): Unknown dataspace 0
04-20 02:58:10.740 W/unknown:BridgelessReact(15069): ReactHost{0}.getOrCreateReactInstanceTask(): Loading JS Bundle
04-20 02:58:10.740 W/unknown:BridgelessReact(15069): ReactHost{0}.getOrCreateReactInstanceTask(): DevSupportManager.onNewReactContextCreated()
04-20 02:58:10.741 W/unknown:BridgelessReact(15069): ReactHost{0}.startSurface(surfaceId = 0): Execute
04-20 02:58:10.741 I/ReactNativeJS(15069): Running "MixcRetailAssemblyRN84"
04-20 02:58:10.745 W/unknown:ViewManagerPropertyUpdater(15069): Could not find generated setter for class com.horcrux.svg.RenderableViewManager$DefsViewManager
04-20 02:58:10.746 W/unknown:ViewManagerPropertyUpdater(15069): Could not find generated setter for class com.horcrux.svg.VirtualViewManager$c
04-20 02:58:10.746 D/CoreBackPreview(  590): Window{d1266cf u0 com.impos2.mixcretailassemblyrn84/com.impos2.mixcretailassemblyrn84.MainActivity}: Setting back callback OnBackInvokedCallbackInfo{mCallback=android.window.IOnBackInvokedCallback$Stub$Proxy@f3ec765, mPriority=0, mIsAnimationCallback=false}
04-20 02:58:10.747 W/unknown:ViewManagerPropertyUpdater(15069): Could not find generated setter for class com.horcrux.svg.RenderableViewManager$FeMergeManager
04-20 02:58:10.748 W/unknown:ViewManagerPropertyUpdater(15069): Could not find generated setter for class com.facebook.react.views.safeareaview.ReactSafeAreaViewManager
04-20 02:58:10.748 W/unknown:ViewManagerPropertyUpdater(15069): Could not find generated setter for class com.facebook.react.uimanager.V
04-20 02:58:10.748 W/unknown:ViewManagerPropertyUpdater(15069): Could not find generated setter for class com.horcrux.svg.RenderableViewManager$LinearGradientManager
04-20 02:58:10.749 W/unknown:ViewManagerPropertyUpdater(15069): Could not find generated setter for class com.horcrux.svg.RenderableViewManager$FeGaussianBlurManager
04-20 02:58:10.750 W/unknown:ViewManagerPropertyUpdater(15069): Could not find generated setter for class com.facebook.react.views.progressbar.ReactProgressBarViewManager
04-20 02:58:10.750 W/unknown:ViewManagerPropertyUpdater(15069): Could not find generated setter for class com.facebook.react.views.progressbar.b
04-20 02:58:10.750 W/unknown:ViewManagerPropertyUpdater(15069): Could not find generated setter for class com.facebook.react.views.scroll.ReactHorizontalScrollViewManager
04-20 02:58:10.751 W/unknown:ViewManagerPropertyUpdater(15069): Could not find generated setter for class com.facebook.react.views.text.ReactTextViewManager
04-20 02:58:10.751 W/unknown:ViewManagerPropertyUpdater(15069): Could not find generated setter for class com.facebook.react.views.text.j
04-20 02:58:10.751 W/unknown:ViewManagerPropertyUpdater(15069): Could not find generated setter for class com.horcrux.svg.RenderableViewManager$FeColorMatrixManager
04-20 02:58:10.751 I/EGL_emulation(15069): Opening libGLESv1_CM_emulation.so
04-20 02:58:10.751 I/EGL_emulation(15069): Opening libGLESv2_emulation.so
04-20 02:58:10.752 W/unknown:ViewManagerPropertyUpdater(15069): Could not find generated setter for class com.facebook.react.views.scroll.ReactHorizontalScrollContainerViewManager
04-20 02:58:10.752 W/unknown:ViewManagerPropertyUpdater(15069): Could not find generated setter for class com.horcrux.svg.RenderableViewManager$ClipPathViewManager
04-20 02:58:10.753 W/unknown:ViewManagerPropertyUpdater(15069): Could not find generated setter for class com.horcrux.svg.RenderableViewManager$SymbolManager
04-20 02:58:10.753 W/unknown:ViewManagerPropertyUpdater(15069): Could not find generated setter for class com.horcrux.svg.RenderableViewManager$PatternManager
04-20 02:58:10.754 W/unknown:ViewManagerPropertyUpdater(15069): Could not find generated setter for class com.horcrux.svg.RenderableViewManager$FeBlendManager
04-20 02:58:10.754 W/HWUI    (15069): Failed to choose config with EGL_SWAP_BEHAVIOR_PRESERVED, retrying without...
04-20 02:58:10.754 W/HWUI    (15069): Failed to initialize 101010-2 format, error = EGL_SUCCESS
04-20 02:58:10.754 W/unknown:ViewManagerPropertyUpdater(15069): Could not find generated setter for class com.facebook.react.views.view.ReactViewManager
04-20 02:58:10.754 W/unknown:ViewManagerPropertyUpdater(15069): Could not find generated setter for class com.horcrux.svg.SvgViewManager
04-20 02:58:10.755 W/unknown:ViewManagerPropertyUpdater(15069): Could not find generated setter for class com.facebook.react.views.switchview.ReactSwitchManager
04-20 02:58:10.755 W/unknown:ViewManagerPropertyUpdater(15069): Could not find generated setter for class com.facebook.react.views.switchview.d
04-20 02:58:10.755 W/unknown:ViewManagerPropertyUpdater(15069): Could not find generated setter for class com.horcrux.svg.RenderableViewManager$UseViewManager
04-20 02:58:10.756 W/unknown:ViewManagerPropertyUpdater(15069): Could not find generated setter for class com.horcrux.svg.RenderableViewManager$CircleViewManager
04-20 02:58:10.756 W/unknown:ViewManagerPropertyUpdater(15069): Could not find generated setter for class com.horcrux.svg.RenderableViewManager$TSpanViewManager
04-20 02:58:10.757 W/unknown:ViewManagerPropertyUpdater(15069): Could not find generated setter for class com.horcrux.svg.RenderableViewManager$FilterManager
04-20 02:58:10.757 W/unknown:ViewManagerPropertyUpdater(15069): Could not find generated setter for class com.horcrux.svg.RenderableViewManager$MarkerManager
04-20 02:58:10.758 W/unknown:ViewManagerPropertyUpdater(15069): Could not find generated setter for class com.facebook.react.views.modal.ReactModalHostManager
04-20 02:58:10.758 I/hwservicemanager(  162): getTransport: Cannot find entry android.hardware.graphics.mapper@4.0::IMapper/default in either framework or device VINTF manifest.
04-20 02:58:10.758 I/Gralloc4(15069): mapper 4.x is not supported
04-20 02:58:10.758 W/unknown:ViewManagerPropertyUpdater(15069): Could not find generated setter for class com.horcrux.svg.RenderableViewManager$ForeignObjectManager
04-20 02:58:10.759 W/unknown:ViewManagerPropertyUpdater(15069): Could not find generated setter for class com.horcrux.svg.RenderableViewManager$EllipseViewManager
04-20 02:58:10.760 W/unknown:ViewManagerPropertyUpdater(15069): Could not find generated setter for class com.horcrux.svg.RenderableViewManager$LineViewManager
04-20 02:58:10.760 W/unknown:ViewManagerPropertyUpdater(15069): Could not find generated setter for class com.facebook.react.views.text.frescosupport.FrescoBasedReactTextInlineImageViewManager
04-20 02:58:10.760 W/unknown:ViewManagerPropertyUpdater(15069): Could not find generated setter for class com.facebook.react.views.text.frescosupport.a
--------- beginning of kernel
04-20 02:58:10.759 I/servicemanager(  157): Caller(pid=15069,uid=10217,sid=u:r:untrusted_app:s0:c217,c256,c512,c768) Could not find android.hardware.graphics.allocator.IAllocator/default in the VINTF manifest. No alternative instances declared in VINTF.
04-20 02:58:10.760 W/unknown:ViewManagerPropertyUpdater(15069): Could not find generated setter for class com.horcrux.svg.RenderableViewManager$FeFloodManager
04-20 02:58:10.761 W/unknown:ViewManagerPropertyUpdater(15069): Could not find generated setter for class com.horcrux.svg.RenderableViewManager$GroupViewManager
04-20 02:58:10.761 W/unknown:ViewManagerPropertyUpdater(15069): Could not find generated setter for class com.horcrux.svg.RenderableViewManager$TextViewManager
04-20 02:58:10.762 W/unknown:ViewManagerPropertyUpdater(15069): Could not find generated setter for class com.horcrux.svg.RenderableViewManager$ImageViewManager
04-20 02:58:10.763 W/unknown:ViewManagerPropertyUpdater(15069): Could not find generated setter for class com.horcrux.svg.RenderableViewManager$FeCompositeManager
04-20 02:58:10.763 W/unknown:ViewManagerPropertyUpdater(15069): Could not find generated setter for class com.facebook.react.views.image.ReactImageManager
04-20 02:58:10.764 W/unknown:ViewManagerPropertyUpdater(15069): Could not find generated setter for class com.horcrux.svg.RenderableViewManager$RadialGradientManager
04-20 02:58:10.765 W/unknown:ViewManagerPropertyUpdater(15069): Could not find generated setter for class com.horcrux.svg.RenderableViewManager$MaskManager
04-20 02:58:10.765 W/unknown:ViewManagerPropertyUpdater(15069): Could not find generated setter for class com.facebook.react.views.unimplementedview.ReactUnimplementedViewManager
04-20 02:58:10.766 W/unknown:ViewManagerPropertyUpdater(15069): Could not find generated setter for class com.horcrux.svg.RenderableViewManager$RectViewManager
04-20 02:58:10.766 W/unknown:ViewManagerPropertyUpdater(15069): Could not find generated setter for class com.horcrux.svg.RenderableViewManager$TextPathViewManager
04-20 02:58:10.767 W/unknown:ViewManagerPropertyUpdater(15069): Could not find generated setter for class com.facebook.react.views.scroll.ReactScrollViewManager
04-20 02:58:10.767 W/unknown:ViewManagerPropertyUpdater(15069): Could not find generated setter for class com.horcrux.svg.RenderableViewManager$FeOffsetManager
04-20 02:58:10.768 W/unknown:ViewManagerPropertyUpdater(15069): Could not find generated setter for class com.horcrux.svg.RenderableViewManager$PathViewManager
04-20 02:58:10.768 W/unknown:ViewManagerPropertyUpdater(15069): Could not find generated setter for class com.facebook.react.views.drawer.ReactDrawerLayoutManager
04-20 02:58:10.769 W/unknown:ViewManagerPropertyUpdater(15069): Could not find generated setter for class com.facebook.react.views.swiperefresh.SwipeRefreshLayoutManager
04-20 02:58:10.769 W/unknown:ViewManagerPropertyUpdater(15069): Could not find generated setter for class com.facebook.react.views.textinput.ReactTextInputManager
04-20 02:58:10.770 W/unknown:ViewManagerPropertyUpdater(15069): Could not find generated setter for class com.facebook.react.views.textinput.F
04-20 02:58:10.773 I/ConnectorManager(15069): connector initialized
04-20 02:58:10.775 W/unknown:BridgelessReact(15069): ReactHost{0}.ReactContext.onHostResume()
04-20 02:58:10.775 W/unknown:BridgelessReact(15069): ReactHost{0}.getOrCreateReactInstanceTask(): Executing ReactInstanceEventListeners
04-20 02:58:10.775 W/unknown:ViewManagerPropertyUpdater(15069): Could not find generated setter for class com.facebook.react.uimanager.RootViewManager
04-20 02:58:10.775 I/assembly.android.mixc-retail-rn84.boot(15069): {"stage":"resolve-topology:start","displayIndex":0,"displayCount":2}
04-20 02:58:10.776 I/ActivityManager(  590): Background started FGS: Allowed [callingPackage: com.impos2.mixcretailassemblyrn84; callingUid: 10217; uidState: TOP ; uidBFSL: [BFSL]; intent: Intent { cmp=com.impos2.mixcretailassemblyrn84/com.impos2.adapterv2.topologyhostv3.TopologyHostV3Service }; code:PROC_STATE_TOP; tempAllowListReason:<null>; targetSdkVersion:36; callerTargetSdkVersion:36; startForegroundCount:0; bindFromPackage:null: isBindService:false]
04-20 02:58:10.779 I/ActivityTaskManager(  590): Displayed com.impos2.mixcretailassemblyrn84/.MainActivity for user 0: +166ms
04-20 02:58:10.783 I/ActivityManager(  590): Background started FGS: Allowed [callingPackage: com.impos2.mixcretailassemblyrn84; callingUid: 10217; uidState: TOP ; uidBFSL: [BFSL]; intent: Intent { cmp=com.impos2.mixcretailassemblyrn84/com.impos2.adapterv2.topologyhostv3.TopologyHostV3Service }; code:PROC_STATE_TOP; tempAllowListReason:<null>; targetSdkVersion:36; callerTargetSdkVersion:36; startForegroundCount:0; bindFromPackage:null: isBindService:false]
04-20 02:58:10.783 W/ForegroundServiceTypeLoggerModule(  590): Foreground service start for UID: 10217 does not have any types
04-20 02:58:10.795 I/ImeTracker(  590): com.impos2.mixcretailassemblyrn84:97182b6c: onRequestHide at ORIGIN_SERVER reason HIDE_UNSPECIFIED_WINDOW fromUser false
04-20 02:58:10.795 D/FileUtils(  590): Rounded bytes from 3120193536 to 4000000000
04-20 02:58:10.795 I/ImeTracker(  590): com.impos2.mixcretailassemblyrn84:97182b6c: onCancelled at PHASE_SERVER_SHOULD_HIDE
04-20 02:58:10.797 I/BpBinder(  439): onLastStrongRef automatically unlinking death recipients: 
04-20 02:58:10.797 D/TrafficStats(15069): tagSocket(119) with statsTag=0xffffffff, statsUid=-1
04-20 02:58:10.798 I/GoogleInputMethodService(20885): GoogleInputMethodService.onFinishInput():3157 
04-20 02:58:10.799 I/GoogleInputMethodService(20885): GoogleInputMethodService.updateDeviceLockedStatus():2248 repeatCheckTimes = 0, locked = false
04-20 02:58:10.799 I/GoogleInputMethodService(20885): GoogleInputMethodService.onStartInput():1986 onStartInput(EditorInfo{EditorInfo{packageName=com.impos2.mixcretailassemblyrn84, inputType=0, inputTypeString=NULL, enableLearning=false, autoCorrection=false, autoComplete=false, imeOptions=0, privateImeOptions=null, actionName=UNSPECIFIED, actionLabel=null, initialSelStart=-1, initialSelEnd=-1, initialCapsMode=0, label=null, fieldId=0, fieldName=null, extras=null, hintText=null, hintLocales=[]}}, false)
04-20 02:58:10.799 I/GoogleInputMethodService(20885): GoogleInputMethodService.updateDeviceLockedStatus():2248 repeatCheckTimes = 1, locked = false
04-20 02:58:10.799 I/AndroidIME(20885): InputBundleManager.loadActiveInputBundleId():450 loadActiveInputBundleId: und-Latn-x-password, password
04-20 02:58:10.799 D/FileUtils(  590): Rounded bytes from 3120193536 to 4000000000
04-20 02:58:10.799 W/PackageConfigPersister(  590): App-specific configuration not found for packageName: com.impos2.mixcretailassemblyrn84 and userId: 0
04-20 02:58:10.801 I/assembly.android.mixc-retail-rn84.boot(15069): {"stage":"resolve-topology:done","displayIndex":0,"displayCount":2,"resolvedRole":"master","resolvedWsUrl":"ws://127.0.0.1:8888/mockMasterServer/ws"}
04-20 02:58:10.802 I/assembly.android.mixc-retail-rn84.boot(15069): {"stage":"create-app:start","displayIndex":0,"displayCount":2}
04-20 02:58:10.829 I/assembly.kernel.base.runtime-shell-v2.state-runtime(15069): [runtime.load] load kernel.base.runtime-shell-v2 {"slices":["kernel.base.runtime-shell-v2.error-catalog","kernel.base.runtime-shell-v2.parameter-catalog","kernel.base.topology-runtime-v3.config","kernel.base.topology-runtime-v3.context","kernel.base.topology-runtime-v3.connection","kernel.base.topology-runtime-v3.peer","kernel.base.topology-runtime-v3.sync","kernel.base.topology-runtime-v3.request-mirror","kernel.base.topology-runtime-v3.demo.master","kernel.base.topology-runtime-v3.demo.slave","kernel.base.tcp-control-runtime-v2.identity","kernel.base.tcp-control-runtime-v2.credential","kernel.base.tcp-control-runtime-v2.binding","kernel.base.tcp-control-runtime-v2.sandbox","kernel.base.tcp-control-runtime-v2.runtime","kernel.base.tdp-sync-runtime-v2.session","kernel.base.tdp-sync-runtime-v2.sync","kernel.base.tdp-sync-runtime-v2.projection","kernel.base.tdp-sync-runtime-v2.command-inbox","kernel.base.tdp-sync-runtime-v2.control-signals","kernel.base.tdp-sync-runtime-v2.hot-update","kernel.base.ui-runtime-v2.screen.main","kernel.base.ui-runtime-v2.screen.branch","kernel.base.ui-runtime-v2.overlay.main","kernel.base.ui-runtime-v2.overlay.branch","kernel.base.ui-runtime-v2.ui-variable.main","kernel.base.ui-runtime-v2.ui-variable.branch","ui.base.admin-console.console"],"persistableSlices":["kernel.base.runtime-shell-v2.error-catalog","kernel.base.runtime-shell-v2.parameter-catalog","kernel.base.topology-runtime-v3.config","kernel.base.tcp-control-runtime-v2.identity","kernel.base.tcp-control-runtime-v2.credential","kernel.base.tcp-control-runtime-v2.binding","kernel.base.tcp-control-runtime-v2.sandbox","kernel.base.tdp-sync-runtime-v2.sync","kernel.base.tdp-sync-runtime-v2.projection","kernel.base.tdp-sync-runtime-v2.hot-update","kernel.base.ui-runtime-v2.screen.main","kernel.base.ui-runtime-v2.screen.branch","kernel.base.ui-runtime-v2.overlay.main","kernel.base.ui-runtime-v2.overlay.branch","kernel.base.ui-runtime-v2.ui-variable.main","kernel.base.ui-runtime-v2.ui-variable.branch","ui.base.admin-console.console"],"persistenceEnabled":true}
04-20 02:58:10.829 I/assembly.android.mixc-retail-rn84.boot(15069): {"stage":"create-app:done","displayIndex":0,"displayCount":2}
04-20 02:58:10.829 I/assembly.android.mixc-retail-rn84.boot(15069): {"stage":"runtime.start:start","displayIndex":0,"displayCount":2}
04-20 02:58:10.829 I/assembly.kernel.base.runtime-shell-v2.application.KernelRuntimeAppV2(15069): [runtime.load] created kernel runtime app v2 {"runtimeName":"assembly.android.mixc-retail-rn84","runtimeId":"run_mo64phjg_5xskt4m29597yf5i","localNodeId":"master:J9RZPWR3HK","moduleNames":["assembly.android.mixc-retail-rn84","kernel.base.topology-runtime-v3","kernel.base.tcp-control-runtime-v2","kernel.base.tdp-sync-runtime-v2","kernel.base.ui-runtime-v2","ui.base.runtime-react","ui.base.input-runtime","ui.base.admin-console","ui.base.terminal-console","ui.integration.retail-shell"]}
04-20 02:58:10.829 I/assembly.kernel.base.runtime-shell-v2.application.KernelRuntimeAppV2(15069): [runtime.load] start kernel runtime app v2 pre-setup {"runtimeName":"assembly.android.mixc-retail-rn84","moduleNames":["assembly.android.mixc-retail-rn84","kernel.base.topology-runtime-v3","kernel.base.tcp-control-runtime-v2","kernel.base.tdp-sync-runtime-v2","kernel.base.ui-runtime-v2","ui.base.runtime-react","ui.base.input-runtime","ui.base.admin-console","ui.base.terminal-console","ui.integration.retail-shell"]}
