04-20 02:02:10.278   590   626 I ActivityManager: Start proc 14068:com.impos2.mixcretailassemblyrn84/u0a216 for service {com.impos2.mixcretailassemblyrn84/com.impos2.adapterv2.topologyhostv3.TopologyHostV3Service}
04-20 02:02:10.302 14068 14068 I ailassemblyrn84: Using CollectorTypeCMC GC.
04-20 02:02:10.304 14068 14068 E ailassemblyrn84: Not starting debugger since process cannot load the jdwp agent.
04-20 02:02:10.306 14068 14068 D nativeloader: Load libframework-connectivity-tiramisu-jni.so using APEX ns com_android_tethering for caller /apex/com.android.tethering/javalib/framework-connectivity-t.jar: ok
04-20 02:02:10.315 14068 14068 D nativeloader: Configuring clns-7 for other apk /data/app/~~f3UmhMudmE-mCoBf2KQ6gg==/com.impos2.mixcretailassemblyrn84-4FpUS9r4ynFlQ940asAVuQ==/base.apk. target_sdk_version=36, uses_libraries=, library_path=/data/app/~~f3UmhMudmE-mCoBf2KQ6gg==/com.impos2.mixcretailassemblyrn84-4FpUS9r4ynFlQ940asAVuQ==/lib/arm64:/data/app/~~f3UmhMudmE-mCoBf2KQ6gg==/com.impos2.mixcretailassemblyrn84-4FpUS9r4ynFlQ940asAVuQ==/base.apk!/lib/arm64-v8a, permitted_path=/data:/mnt/expand:/data/user/0/com.impos2.mixcretailassemblyrn84
04-20 02:02:10.318 14068 14068 V GraphicsEnvironment: Currently set values for:
04-20 02:02:10.318 14068 14068 V GraphicsEnvironment:   angle_gl_driver_selection_pkgs=[]
04-20 02:02:10.318 14068 14068 V GraphicsEnvironment:   angle_gl_driver_selection_values=[]
04-20 02:02:10.318 14068 14068 V GraphicsEnvironment: Global.Settings values are invalid: number of packages: 0, number of values: 0
04-20 02:02:10.318 14068 14068 V GraphicsEnvironment: Neither updatable production driver nor prerelease driver is supported.
04-20 02:02:10.323 14068 14068 W SoLoader: Initializing SoLoader: 0
04-20 02:02:10.323 14068 14068 W SoLoader: Recording new base apk path: /data/app/~~f3UmhMudmE-mCoBf2KQ6gg==/com.impos2.mixcretailassemblyrn84-4FpUS9r4ynFlQ940asAVuQ==/base.apk
04-20 02:02:10.323 14068 14068 W SoLoader: Previously recorded 0 base apk paths.
04-20 02:02:10.323 14068 14068 I SoLoader: Preparing SO source: DirectorySoSource[root = /vendor/lib64 flags = 2]
04-20 02:02:10.323 14068 14068 I SoLoader: Preparing SO source: DirectorySoSource[root = /system/lib64 flags = 2]
04-20 02:02:10.324 14068 14068 I SoLoader: Preparing SO source: DirectApkSoSource[root = [/data/app/~~f3UmhMudmE-mCoBf2KQ6gg==/com.impos2.mixcretailassemblyrn84-4FpUS9r4ynFlQ940asAVuQ==/base.apk!/lib/arm64-v8a]]
04-20 02:02:10.324 14068 14068 I SoLoader: Preparing SO source: ApplicationSoSource[DirectorySoSource[root = /data/app/~~f3UmhMudmE-mCoBf2KQ6gg==/com.impos2.mixcretailassemblyrn84-4FpUS9r4ynFlQ940asAVuQ==/lib/arm64 flags = 0]]
04-20 02:02:10.324 14068 14068 I SoLoader: init finish: 4 SO sources prepared
04-20 02:02:10.324 14068 14068 W SoLoader: SoLoader initialized: 8
04-20 02:02:10.326 14068 14068 D nativeloader: Load /data/app/~~f3UmhMudmE-mCoBf2KQ6gg==/com.impos2.mixcretailassemblyrn84-4FpUS9r4ynFlQ940asAVuQ==/base.apk!/lib/arm64-v8a/libc++_shared.so using ns clns-7 from class loader (caller=/data/app/~~f3UmhMudmE-mCoBf2KQ6gg==/com.impos2.mixcretailassemblyrn84-4FpUS9r4ynFlQ940asAVuQ==/base.apk): ok
04-20 02:02:10.327 14068 14068 D nativeloader: Load /data/app/~~f3UmhMudmE-mCoBf2KQ6gg==/com.impos2.mixcretailassemblyrn84-4FpUS9r4ynFlQ940asAVuQ==/base.apk!/lib/arm64-v8a/libjsi.so using ns clns-7 from class loader (caller=/data/app/~~f3UmhMudmE-mCoBf2KQ6gg==/com.impos2.mixcretailassemblyrn84-4FpUS9r4ynFlQ940asAVuQ==/base.apk): ok
04-20 02:02:10.328 14068 14068 D nativeloader: Load /data/app/~~f3UmhMudmE-mCoBf2KQ6gg==/com.impos2.mixcretailassemblyrn84-4FpUS9r4ynFlQ940asAVuQ==/base.apk!/lib/arm64-v8a/libfbjni.so using ns clns-7 from class loader (caller=/data/app/~~f3UmhMudmE-mCoBf2KQ6gg==/com.impos2.mixcretailassemblyrn84-4FpUS9r4ynFlQ940asAVuQ==/base.apk): ok
04-20 02:02:10.329 14068 14068 D nativeloader: Load /data/app/~~f3UmhMudmE-mCoBf2KQ6gg==/com.impos2.mixcretailassemblyrn84-4FpUS9r4ynFlQ940asAVuQ==/base.apk!/lib/arm64-v8a/libreactnative.so using ns clns-7 from class loader (caller=/data/app/~~f3UmhMudmE-mCoBf2KQ6gg==/com.impos2.mixcretailassemblyrn84-4FpUS9r4ynFlQ940asAVuQ==/base.apk): ok
04-20 02:02:10.329 14068 14068 D jni_lib_merge: Entering merged library JNI_OnLoad.
04-20 02:02:10.329 14068 14068 D jni_lib_merge: Preparing 12 pre-merged libs (including stub)
04-20 02:02:10.329 14068 14068 D jni_lib_merge: Preparing to register libfabricjni_so.  onload_func: 0x73a846ba50
04-20 02:02:10.329 14068 14068 D jni_lib_merge: Preparing to register libreact_devsupportjni_so.  onload_func: 0x73a852f36c
04-20 02:02:10.329 14068 14068 D jni_lib_merge: Preparing to register libreact_featureflagsjni_so.  onload_func: 0x73a8549ba8
04-20 02:02:10.329 14068 14068 D jni_lib_merge: Preparing to register libreact_newarchdefaults_so.  onload_func: 0x73a8587d74
04-20 02:02:10.329 14068 14068 D jni_lib_merge: Preparing to register libreactnativeblob_so.  onload_func: 0x73a8628a4c
04-20 02:02:10.329 14068 14068 D jni_lib_merge: Preparing to register libreactnativejni_so.  onload_func: 0x73a863d9e4
04-20 02:02:10.329 14068 14068 D jni_lib_merge: Preparing to register libreactnativejni_common_so.  onload_func: 0x73a8640be0
04-20 02:02:10.329 14068 14068 D jni_lib_merge: Preparing to register librninstance_so.  onload_func: 0x73a865d778
04-20 02:02:10.329 14068 14068 D jni_lib_merge: Preparing to register libturbomodulejsijni_so.  onload_func: 0x73a87070e0
04-20 02:02:10.329 14068 14068 D jni_lib_merge: Preparing to register libuimanagerjni_so.  onload_func: 0x73a870db00
04-20 02:02:10.329 14068 14068 D jni_lib_merge: Preparing to register libyoga_so.  onload_func: 0x73a87150c4
04-20 02:02:10.329 14068 14068 D jni_lib_merge: About to register 11 actual methods.
04-20 02:02:10.330 14068 14068 D nativeloader: Load /data/app/~~f3UmhMudmE-mCoBf2KQ6gg==/com.impos2.mixcretailassemblyrn84-4FpUS9r4ynFlQ940asAVuQ==/base.apk!/lib/arm64-v8a/libreact_codegen_rnsvg.so using ns clns-7 from class loader (caller=/data/app/~~f3UmhMudmE-mCoBf2KQ6gg==/com.impos2.mixcretailassemblyrn84-4FpUS9r4ynFlQ940asAVuQ==/base.apk): ok
04-20 02:02:10.330 14068 14068 D jni_lib_merge: Entering merged library JNI_OnLoad.
04-20 02:02:10.330 14068 14068 D jni_lib_merge: Preparing 12 pre-merged libs (including stub)
04-20 02:02:10.330 14068 14068 D jni_lib_merge: Preparing to register libfabricjni_so.  onload_func: 0x73a846ba50
04-20 02:02:10.330 14068 14068 D jni_lib_merge: Preparing to register libreact_devsupportjni_so.  onload_func: 0x73a852f36c
04-20 02:02:10.330 14068 14068 D jni_lib_merge: Preparing to register libreact_featureflagsjni_so.  onload_func: 0x73a8549ba8
04-20 02:02:10.330 14068 14068 D jni_lib_merge: Preparing to register libreact_newarchdefaults_so.  onload_func: 0x73a8587d74
04-20 02:02:10.330 14068 14068 D jni_lib_merge: Preparing to register libreactnativeblob_so.  onload_func: 0x73a8628a4c
04-20 02:02:10.330 14068 14068 D jni_lib_merge: Preparing to register libreactnativejni_so.  onload_func: 0x73a863d9e4
04-20 02:02:10.330 14068 14068 D jni_lib_merge: Preparing to register libreactnativejni_common_so.  onload_func: 0x73a8640be0
04-20 02:02:10.330 14068 14068 D jni_lib_merge: Preparing to register librninstance_so.  onload_func: 0x73a865d778
04-20 02:02:10.330 14068 14068 D jni_lib_merge: Preparing to register libturbomodulejsijni_so.  onload_func: 0x73a87070e0
04-20 02:02:10.330 14068 14068 D jni_lib_merge: Preparing to register libuimanagerjni_so.  onload_func: 0x73a870db00
04-20 02:02:10.330 14068 14068 D jni_lib_merge: Preparing to register libyoga_so.  onload_func: 0x73a87150c4
04-20 02:02:10.330 14068 14068 D jni_lib_merge: About to register 11 actual methods.
04-20 02:02:10.331 14068 14068 D nativeloader: Load /data/app/~~f3UmhMudmE-mCoBf2KQ6gg==/com.impos2.mixcretailassemblyrn84-4FpUS9r4ynFlQ940asAVuQ==/base.apk!/lib/arm64-v8a/libappmodules.so using ns clns-7 from class loader (caller=/data/app/~~f3UmhMudmE-mCoBf2KQ6gg==/com.impos2.mixcretailassemblyrn84-4FpUS9r4ynFlQ940asAVuQ==/base.apk): ok
04-20 02:02:10.334   590  1504 I ActivityManager: Background started FGS: Allowed [callingPackage: com.impos2.mixcretailassemblyrn84; callingUid: 10216; uidState: TOP ; uidBFSL: [BFSL]; intent: Intent { cmp=com.impos2.mixcretailassemblyrn84/com.impos2.adapterv2.topologyhostv3.TopologyHostV3Service }; code:PROC_STATE_TOP; tempAllowListReason:<null>; targetSdkVersion:36; callerTargetSdkVersion:36; startForegroundCount:1; bindFromPackage:null: isBindService:false]
04-20 02:02:11.013  1099  1490 D EGL_emulation: app_time_stats: avg=39.84ms min=2.36ms max=1002.40ms count=37
04-20 02:02:11.233   443   443 E adbd    : failed to connect to socket 'tcp:18584': Connection refused
04-20 02:02:12.015  1099  1490 D EGL_emulation: app_time_stats: avg=1001.65ms min=1001.65ms max=1001.65ms count=1
04-20 02:02:12.911   590  1464 E TaskPersister: File error accessing recents directory (directory doesn't exist?).
04-20 02:02:13.395   443   443 E adbd    : failed to connect to socket 'tcp:18584': Connection refused
04-20 02:02:14.014  1099  1490 D EGL_emulation: app_time_stats: avg=999.64ms min=999.30ms max=999.99ms count=2
04-20 02:02:14.261   590   694 W ActivityTaskManager: callingPackage for (uid=1000, pid=590) is ambiguous: [android, com.android.providers.settings, com.android.server.telecom, com.android.location.fused]
04-20 02:02:14.261   590   694 I ActivityTaskManager: START u0 {act=android.intent.action.MAIN cat=[android.intent.category.LAUNCHER] flg=0x10008000 pkg=com.impos2.mixcretailassemblyrn84 cmp=com.impos2.mixcretailassemblyrn84/.MainActivity} with LAUNCH_SINGLE_TASK from uid 10216 (realCallingUid=1000) result code=0
04-20 02:02:14.261   590   694 W ActivityManager: Unable to send startActivity intent
04-20 02:02:14.261   590   694 W ActivityManager: java.lang.IllegalStateException: unsupported BackgroundActivityStartMode: 3
04-20 02:02:14.261   590   694 W ActivityManager: 	at com.android.server.wm.BackgroundActivityStartController$BalState.getBackgroundStartPrivilegesAllowedByCreator(BackgroundActivityStartController.java:412)
04-20 02:02:14.261   590   694 W ActivityManager: 	at com.android.server.wm.BackgroundActivityStartController$BalState.<init>(BackgroundActivityStartController.java:327)
04-20 02:02:14.261   590   694 W ActivityManager: 	at com.android.server.wm.BackgroundActivityStartController.checkBackgroundActivityStart(BackgroundActivityStartController.java:687)
04-20 02:02:14.261   590   694 W ActivityManager: 	at com.android.server.wm.ActivityStarter.executeRequest(ActivityStarter.java:1161)
04-20 02:02:14.261   590   694 W ActivityManager: 	at com.android.server.wm.ActivityStarter.execute(ActivityStarter.java:782)
04-20 02:02:14.261   590   694 W ActivityManager: 	at com.android.server.wm.ActivityStartController.startActivityInPackage(ActivityStartController.java:314)
04-20 02:02:14.261   590   694 W ActivityManager: 	at com.android.server.wm.ActivityTaskManagerService$LocalService.startActivityInPackage(ActivityTaskManagerService.java:6037)
04-20 02:02:14.261   590   694 W ActivityManager: 	at com.android.server.am.PendingIntentRecord.sendInner(PendingIntentRecord.java:633)
04-20 02:02:14.261   590   694 W ActivityManager: 	at com.android.server.am.PendingIntentRecord.sendWithResult(PendingIntentRecord.java:365)
04-20 02:02:14.261   590   694 W ActivityManager: 	at com.android.server.am.ActivityManagerService.sendIntentSender(ActivityManagerService.java:5670)
04-20 02:02:14.261   590   694 W ActivityManager: 	at android.app.PendingIntent.sendAndReturnResult(PendingIntent.java:1113)
04-20 02:02:14.261   590   694 W ActivityManager: 	at android.app.PendingIntent.send(PendingIntent.java:1082)
04-20 02:02:14.261   590   694 W ActivityManager: 	at com.android.server.alarm.AlarmManagerService$DeliveryTracker.deliverLocked(AlarmManagerService.java:5376)
04-20 02:02:14.261   590   694 W ActivityManager: 	at com.android.server.alarm.AlarmManagerService.deliverAlarmsLocked(AlarmManagerService.java:4320)
04-20 02:02:14.261   590   694 W ActivityManager: 	at com.android.server.alarm.AlarmManagerService$AlarmThread.run(AlarmManagerService.java:4591)
04-20 02:02:15.493   443   443 E adbd    : failed to connect to socket 'tcp:18584': Connection refused
04-20 02:02:15.944 14068 14087 D ProfileInstaller: Installing profile for com.impos2.mixcretailassemblyrn84
04-20 02:02:16.014  1099  1490 D EGL_emulation: app_time_stats: avg=999.80ms min=999.15ms max=1000.46ms count=2
04-20 02:02:17.586   443   443 E adbd    : failed to connect to socket 'tcp:18584': Connection refused
04-20 02:02:18.015  1099  1490 D EGL_emulation: app_time_stats: avg=1000.26ms min=999.28ms max=1001.24ms count=2
04-20 02:02:19.678   443   443 E adbd    : failed to connect to socket 'tcp:18584': Connection refused
04-20 02:02:20.011  1099  1490 D EGL_emulation: app_time_stats: avg=998.05ms min=996.36ms max=999.74ms count=2
04-20 02:02:21.012  1099  1490 D EGL_emulation: app_time_stats: avg=1001.60ms min=1001.60ms max=1001.60ms count=1
04-20 02:02:21.777   443   443 E adbd    : failed to connect to socket 'tcp:18584': Connection refused
04-20 02:02:22.015  1099  1490 D EGL_emulation: app_time_stats: avg=1002.50ms min=1002.50ms max=1002.50ms count=1
04-20 02:02:23.866   443   443 E adbd    : failed to connect to socket 'tcp:18584': Connection refused
04-20 02:02:24.013  1099  1490 D EGL_emulation: app_time_stats: avg=998.76ms min=998.13ms max=999.39ms count=2
04-20 02:02:24.382   388   472 I netd    : tetherGetStats() -> {[]} <1.02ms>
04-20 02:02:25.014  1099  1490 D EGL_emulation: app_time_stats: avg=1001.27ms min=1001.27ms max=1001.27ms count=1
04-20 02:02:25.162   590   738 E WifiScoringParams: Invalid frequency(-1), using 5G as default rssi array
04-20 02:02:25.966   443   443 E adbd    : failed to connect to socket 'tcp:18584': Connection refused
04-20 02:02:27.015  1099  1490 D EGL_emulation: app_time_stats: avg=1000.58ms min=999.08ms max=1002.08ms count=2
04-20 02:02:28.074   443   443 E adbd    : failed to connect to socket 'tcp:18584': Connection refused
04-20 02:02:28.930   590  1504 D WifiNl80211Manager: Scan result ready event
04-20 02:02:28.930   590  1504 D WifiNative: Scan result ready event
04-20 02:02:28.935   590   738 I HalDevMgr: bestIfaceCreationProposal is null, requestIface=STA, existingIface=[name=wlan0 type=STA]
04-20 02:02:29.015  1099  1490 D EGL_emulation: app_time_stats: avg=999.93ms min=995.71ms max=1004.15ms count=2
04-20 02:02:29.165 13827 13847 I ReactNativeJS: '[assembly.android.mixc-retail-rn84.websocket] connect', { url: 'ws://127.0.0.1:8888/mockMasterServer/ws',
04-20 02:02:29.165 13827 13847 I ReactNativeJS:   protocol: 'ws',
04-20 02:02:29.165 13827 13847 I ReactNativeJS:   host: '127.0.0.1:8888',
04-20 02:02:29.165 13827 13847 I ReactNativeJS:   pathname: '/mockMasterServer/ws' }
04-20 02:02:29.165 13827 13848 I assembly.assembly.android.mixc-retail-rn84.transport.ws.SocketRuntime: [transport.ws] Socket connect started: assembly.android.mixc-retail-rn84.topology {"profileName":"assembly.android.mixc-retail-rn84.topology","serverName":"dual-topology-host-v3","addressName":"dynamic-topology-host"}
04-20 02:02:29.167 13827 13848 I assembly.assembly.android.mixc-retail-rn84: [assembly.topology] Native topology host already matches desired lifecycle state {"displayCount":2,"displayIndex":1,"deviceId":"J9RZPWR3HK","instanceMode":"SLAVE","enableSlave":false,"running":false,"reason":"not-master-or-single-primary-host"}
04-20 02:02:29.167 13827 13848 I assembly.assembly.android.mixc-retail-rn84: [assembly.topology] Native topology host already matches desired lifecycle state {"displayCount":2,"displayIndex":1,"deviceId":"J9RZPWR3HK","instanceMode":"SLAVE","enableSlave":false,"running":false,"reason":"not-master-or-single-primary-host"}
04-20 02:02:29.168 13827 14100 D TrafficStats: tagSocket(125) with statsTag=0xffffffff, statsUid=-1
04-20 02:02:29.171 13827 13848 I assembly.assembly.android.mixc-retail-rn84: [assembly.topology] Native topology host already matches desired lifecycle state {"displayCount":2,"displayIndex":1,"deviceId":"J9RZPWR3HK","instanceMode":"SLAVE","enableSlave":false,"running":false,"reason":"not-master-or-single-primary-host"}
04-20 02:02:29.171 13827 13848 I assembly.assembly.android.mixc-retail-rn84: [assembly.topology] Native topology host already matches desired lifecycle state {"displayCount":2,"displayIndex":1,"deviceId":"J9RZPWR3HK","instanceMode":"SLAVE","enableSlave":false,"running":false,"reason":"not-master-or-single-primary-host"}
04-20 02:02:29.171 13827 13848 I assembly.assembly.android.mixc-retail-rn84: [assembly.topology] Native topology host already matches desired lifecycle state {"displayCount":2,"displayIndex":1,"deviceId":"J9RZPWR3HK","instanceMode":"SLAVE","enableSlave":false,"running":false,"reason":"not-master-or-single-primary-host"}
04-20 02:02:29.171 13827 13848 I assembly.assembly.android.mixc-retail-rn84: [assembly.topology] Native topology host already matches desired lifecycle state {"displayCount":2,"displayIndex":1,"deviceId":"J9RZPWR3HK","instanceMode":"SLAVE","enableSlave":false,"running":false,"reason":"not-master-or-single-primary-host"}
04-20 02:02:29.171 13827 13848 I assembly.assembly.android.mixc-retail-rn84: [assembly.topology] Native topology host already matches desired lifecycle state {"displayCount":2,"displayIndex":1,"deviceId":"J9RZPWR3HK","instanceMode":"SLAVE","enableSlave":false,"running":false,"reason":"not-master-or-single-primary-host"}
04-20 02:02:30.016  1099  1490 D EGL_emulation: app_time_stats: avg=1000.78ms min=1000.78ms max=1000.78ms count=1
04-20 02:02:30.171   443   443 E adbd    : failed to connect to socket 'tcp:18584': Connection refused
04-20 02:02:32.014  1099  1490 D EGL_emulation: app_time_stats: avg=998.83ms min=996.99ms max=1000.67ms count=2
04-20 02:02:32.272   443   443 E adbd    : failed to connect to socket 'tcp:18584': Connection refused
04-20 02:02:33.017  1099  1490 D EGL_emulation: app_time_stats: avg=1003.19ms min=1003.19ms max=1003.19ms count=1
04-20 02:02:34.376   443   443 E adbd    : failed to connect to socket 'tcp:18584': Connection refused
04-20 02:02:35.010  1099  1490 D EGL_emulation: app_time_stats: avg=996.53ms min=994.39ms max=998.66ms count=2
04-20 02:02:36.015  1099  1490 D EGL_emulation: app_time_stats: avg=1004.26ms min=1004.26ms max=1004.26ms count=1
04-20 02:02:36.490   443   443 E adbd    : failed to connect to socket 'tcp:18584': Connection refused
04-20 02:02:37.015  1099  1490 D EGL_emulation: app_time_stats: avg=1000.48ms min=1000.48ms max=1000.48ms count=1
04-20 02:02:38.728   443   443 E adbd    : failed to connect to socket 'tcp:18584': Connection refused
04-20 02:02:39.013  1099  1490 D EGL_emulation: app_time_stats: avg=998.82ms min=998.67ms max=998.97ms count=2
04-20 02:02:40.015  1099  1490 D EGL_emulation: app_time_stats: avg=1002.13ms min=1002.13ms max=1002.13ms count=1
04-20 02:02:40.833   443   443 E adbd    : failed to connect to socket 'tcp:18584': Connection refused
04-20 02:02:42.015  1099  1490 D EGL_emulation: app_time_stats: avg=999.74ms min=999.62ms max=999.86ms count=2
04-20 02:02:42.926   443   443 E adbd    : failed to connect to socket 'tcp:18584': Connection refused
04-20 02:02:44.014  1099  1490 D EGL_emulation: app_time_stats: avg=999.73ms min=997.56ms max=1001.90ms count=2
04-20 02:02:45.026   443   443 E adbd    : failed to connect to socket 'tcp:18584': Connection refused
04-20 02:02:46.013  1099  1490 D EGL_emulation: app_time_stats: avg=999.48ms min=996.85ms max=1002.11ms count=2
04-20 02:02:47.014  1099  1490 D EGL_emulation: app_time_stats: avg=1000.19ms min=1000.19ms max=1000.19ms count=1
04-20 02:02:47.122   443   443 E adbd    : failed to connect to socket 'tcp:18584': Connection refused
04-20 02:02:48.017  1099  1490 D EGL_emulation: app_time_stats: avg=1003.21ms min=1003.21ms max=1003.21ms count=1
04-20 02:02:49.177 13827 13848 I assembly.assembly.android.mixc-retail-rn84.transport.ws.SocketRuntime: [transport.ws] Socket connect started: assembly.android.mixc-retail-rn84.topology {"profileName":"assembly.android.mixc-retail-rn84.topology","serverName":"dual-topology-host-v3","addressName":"dynamic-topology-host"}
04-20 02:02:49.178 13827 13847 I ReactNativeJS: '[assembly.android.mixc-retail-rn84.websocket] connect', { url: 'ws://127.0.0.1:8888/mockMasterServer/ws',
04-20 02:02:49.178 13827 13847 I ReactNativeJS:   protocol: 'ws',
04-20 02:02:49.178 13827 13847 I ReactNativeJS:   host: '127.0.0.1:8888',
04-20 02:02:49.178 13827 13847 I ReactNativeJS:   pathname: '/mockMasterServer/ws' }
04-20 02:02:49.180 13827 13848 I assembly.assembly.android.mixc-retail-rn84: [assembly.topology] Native topology host already matches desired lifecycle state {"displayCount":2,"displayIndex":1,"deviceId":"J9RZPWR3HK","instanceMode":"SLAVE","enableSlave":false,"running":false,"reason":"not-master-or-single-primary-host"}
04-20 02:02:49.180 13827 13848 I assembly.assembly.android.mixc-retail-rn84: [assembly.topology] Native topology host already matches desired lifecycle state {"displayCount":2,"displayIndex":1,"deviceId":"J9RZPWR3HK","instanceMode":"SLAVE","enableSlave":false,"running":false,"reason":"not-master-or-single-primary-host"}
04-20 02:02:49.181 13827 14121 D TrafficStats: tagSocket(125) with statsTag=0xffffffff, statsUid=-1
04-20 02:02:49.183 13827 13848 I assembly.assembly.android.mixc-retail-rn84: [assembly.topology] Native topology host already matches desired lifecycle state {"displayCount":2,"displayIndex":1,"deviceId":"J9RZPWR3HK","instanceMode":"SLAVE","enableSlave":false,"running":false,"reason":"not-master-or-single-primary-host"}
04-20 02:02:49.183 13827 13848 I assembly.assembly.android.mixc-retail-rn84: [assembly.topology] Native topology host already matches desired lifecycle state {"displayCount":2,"displayIndex":1,"deviceId":"J9RZPWR3HK","instanceMode":"SLAVE","enableSlave":false,"running":false,"reason":"not-master-or-single-primary-host"}
04-20 02:02:49.183 13827 13848 I assembly.assembly.android.mixc-retail-rn84: [assembly.topology] Native topology host already matches desired lifecycle state {"displayCount":2,"displayIndex":1,"deviceId":"J9RZPWR3HK","instanceMode":"SLAVE","enableSlave":false,"running":false,"reason":"not-master-or-single-primary-host"}
04-20 02:02:49.184 13827 13848 I assembly.assembly.android.mixc-retail-rn84: [assembly.topology] Native topology host already matches desired lifecycle state {"displayCount":2,"displayIndex":1,"deviceId":"J9RZPWR3HK","instanceMode":"SLAVE","enableSlave":false,"running":false,"reason":"not-master-or-single-primary-host"}
04-20 02:02:49.184 13827 13848 I assembly.assembly.android.mixc-retail-rn84: [assembly.topology] Native topology host already matches desired lifecycle state {"displayCount":2,"displayIndex":1,"deviceId":"J9RZPWR3HK","instanceMode":"SLAVE","enableSlave":false,"running":false,"reason":"not-master-or-single-primary-host"}
04-20 02:02:49.216   443   443 E adbd    : failed to connect to socket 'tcp:18584': Connection refused
04-20 02:02:50.016  1099  1490 D EGL_emulation: app_time_stats: avg=999.27ms min=998.83ms max=999.71ms count=2
04-20 02:02:51.016  1099  1490 D EGL_emulation: app_time_stats: avg=1000.05ms min=1000.05ms max=1000.05ms count=1
04-20 02:02:51.320   443   443 E adbd    : failed to connect to socket 'tcp:18584': Connection refused
04-20 02:02:53.014  1099  1490 D EGL_emulation: app_time_stats: avg=999.27ms min=999.19ms max=999.35ms count=2
04-20 02:02:53.444   443   443 E adbd    : failed to connect to socket 'tcp:18584': Connection refused
04-20 02:02:54.019  1099  1490 D EGL_emulation: app_time_stats: avg=1004.91ms min=1004.91ms max=1004.91ms count=1
04-20 02:02:55.549   443   443 E adbd    : failed to connect to socket 'tcp:18584': Connection refused
04-20 02:02:56.013  1099  1490 D EGL_emulation: app_time_stats: avg=996.58ms min=995.21ms max=997.94ms count=2
04-20 02:02:57.015  1099  1490 D EGL_emulation: app_time_stats: avg=1002.17ms min=1002.17ms max=1002.17ms count=1
04-20 02:02:57.646   443   443 E adbd    : failed to connect to socket 'tcp:18584': Connection refused
04-20 02:02:59.016  1099  1490 D EGL_emulation: app_time_stats: avg=1000.59ms min=998.50ms max=1002.67ms count=2
04-20 02:02:59.742   443   443 E adbd    : failed to connect to socket 'tcp:18584': Connection refused
04-20 02:02:59.747   397   397 W healthd : battery l=47 v=5000 t=25.0 h=2 st=4 c=900000 fc=3000000 cc=10 chg=a
04-20 02:03:00.009  1389  1552 I AiAiEcho: Predicting[0]:  [CONTEXT sampling_count=5 ]
04-20 02:03:00.009  1389  1552 I AiAiEcho: EchoTargets: 
04-20 02:03:00.009  1389  1552 I AiAiEcho: Filtered by AiAi flag check: 
04-20 02:03:00.009  1389  1552 I AiAiEcho: [CONTEXT ratelimit_period="10 SECONDS" ]
04-20 02:03:00.009  1389  1552 I AiAiEcho: Ranked targets strategy: SORT, count: 0, ranking metadata:  [CONTEXT ratelimit_period="10 SECONDS" ]
04-20 02:03:00.010  1389  1552 I AiAiEcho: #remoteViewsTwiddler: feature disabled.
04-20 02:03:00.010  1389  1552 I AiAiEcho: Predicting[0]:  [CONTEXT sampling_count=5 ]
04-20 02:03:00.010  1389  1552 I AiAiEcho: EchoTargets: 
04-20 02:03:00.010  1389  1552 I AiAiEcho: Filtered by AiAi flag check: 
04-20 02:03:00.010  1389  1552 I AiAiEcho: [CONTEXT ratelimit_period="10 SECONDS" ]
04-20 02:03:00.010  1389  1552 I AiAiEcho: Ranked targets strategy: SORT, count: 0, ranking metadata:  [CONTEXT ratelimit_period="10 SECONDS" ]
04-20 02:03:00.010  1389  1552 I AiAiEcho: #remoteViewsTwiddler: feature disabled.
04-20 02:03:00.010  1389  1552 I AiAiEcho: #postPredictionTargets: Sending updates to UISurface lockscreen with targets# 0 (types=[])
04-20 02:03:00.010  1389  1552 I AiAiEcho: #postPredictionTargets: Sending updates to UISurface home with targets# 0 (types=[])
04-20 02:03:00.013  1099  1099 D SsBaseTemplateCard: No text view can be set up
04-20 02:03:00.013  1099  1099 D SsBaseTemplateCard: Passed-in item info is null
04-20 02:03:00.013  1099  1099 D SsBaseTemplateCard: Passed-in item info is null
04-20 02:03:00.013  1099  1099 D SsBaseTemplateCard: Passed-in item info is null
04-20 02:03:00.013  1099  1099 I SsBaseTemplateCard: Secondary card pane is null
04-20 02:03:00.014   836   836 W PageIndicator: Total number of pages invalid: 0. Assuming 1 page.
04-20 02:03:00.016   836   978 D EGL_emulation: app_time_stats: avg=59988.34ms min=59988.34ms max=59988.34ms count=1
04-20 02:03:01.016  1099  1490 D EGL_emulation: app_time_stats: avg=999.64ms min=997.15ms max=1002.13ms count=2
04-20 02:03:01.834   443   443 E adbd    : failed to connect to socket 'tcp:18584': Connection refused
04-20 02:03:03.014  1099  1490 D EGL_emulation: app_time_stats: avg=999.07ms min=998.28ms max=999.86ms count=2
04-20 02:03:03.932   443   443 E adbd    : failed to connect to socket 'tcp:18584': Connection refused
04-20 02:03:05.013  1099  1490 D EGL_emulation: app_time_stats: avg=999.69ms min=999.56ms max=999.83ms count=2
04-20 02:03:06.028   443   443 E adbd    : failed to connect to socket 'tcp:18584': Connection refused
04-20 02:03:07.015  1099  1490 D EGL_emulation: app_time_stats: avg=1000.62ms min=997.73ms max=1003.51ms count=2
04-20 02:03:07.571  1413  1753 I BistoHotwordHelper: (REDACTED) getHotwordActive::active query: %s, watch: %s, devices connected: %s
04-20 02:03:08.016  1099  1490 D EGL_emulation: app_time_stats: avg=1001.49ms min=1001.49ms max=1001.49ms count=1
04-20 02:03:08.121   443   443 E adbd    : failed to connect to socket 'tcp:18584': Connection refused
04-20 02:03:09.196 13827 13848 I assembly.assembly.android.mixc-retail-rn84.transport.ws.SocketRuntime: [transport.ws] Socket connect started: assembly.android.mixc-retail-rn84.topology {"profileName":"assembly.android.mixc-retail-rn84.topology","serverName":"dual-topology-host-v3","addressName":"dynamic-topology-host"}
04-20 02:03:09.196 13827 13847 I ReactNativeJS: '[assembly.android.mixc-retail-rn84.websocket] connect', { url: 'ws://127.0.0.1:8888/mockMasterServer/ws',
04-20 02:03:09.196 13827 13847 I ReactNativeJS:   protocol: 'ws',
04-20 02:03:09.196 13827 13847 I ReactNativeJS:   host: '127.0.0.1:8888',
04-20 02:03:09.196 13827 13847 I ReactNativeJS:   pathname: '/mockMasterServer/ws' }
04-20 02:03:09.199 13827 13848 I assembly.assembly.android.mixc-retail-rn84: [assembly.topology] Native topology host already matches desired lifecycle state {"displayCount":2,"displayIndex":1,"deviceId":"J9RZPWR3HK","instanceMode":"SLAVE","enableSlave":false,"running":false,"reason":"not-master-or-single-primary-host"}
04-20 02:03:09.199 13827 13848 I assembly.assembly.android.mixc-retail-rn84: [assembly.topology] Native topology host already matches desired lifecycle state {"displayCount":2,"displayIndex":1,"deviceId":"J9RZPWR3HK","instanceMode":"SLAVE","enableSlave":false,"running":false,"reason":"not-master-or-single-primary-host"}
04-20 02:03:09.201 13827 14140 D TrafficStats: tagSocket(125) with statsTag=0xffffffff, statsUid=-1
04-20 02:03:09.205 13827 13848 I assembly.assembly.android.mixc-retail-rn84: [assembly.topology] Native topology host already matches desired lifecycle state {"displayCount":2,"displayIndex":1,"deviceId":"J9RZPWR3HK","instanceMode":"SLAVE","enableSlave":false,"running":false,"reason":"not-master-or-single-primary-host"}
04-20 02:03:09.205 13827 13848 I assembly.assembly.android.mixc-retail-rn84: [assembly.topology] Native topology host already matches desired lifecycle state {"displayCount":2,"displayIndex":1,"deviceId":"J9RZPWR3HK","instanceMode":"SLAVE","enableSlave":false,"running":false,"reason":"not-master-or-single-primary-host"}
04-20 02:03:09.205 13827 13848 I assembly.assembly.android.mixc-retail-rn84: [assembly.topology] Native topology host already matches desired lifecycle state {"displayCount":2,"displayIndex":1,"deviceId":"J9RZPWR3HK","instanceMode":"SLAVE","enableSlave":false,"running":false,"reason":"not-master-or-single-primary-host"}
04-20 02:03:09.206 13827 13848 I assembly.assembly.android.mixc-retail-rn84: [assembly.topology] Native topology host already matches desired lifecycle state {"displayCount":2,"displayIndex":1,"deviceId":"J9RZPWR3HK","instanceMode":"SLAVE","enableSlave":false,"running":false,"reason":"not-master-or-single-primary-host"}
04-20 02:03:09.206 13827 13848 I assembly.assembly.android.mixc-retail-rn84: [assembly.topology] Native topology host already matches desired lifecycle state {"displayCount":2,"displayIndex":1,"deviceId":"J9RZPWR3HK","instanceMode":"SLAVE","enableSlave":false,"running":false,"reason":"not-master-or-single-primary-host"}
04-20 02:03:09.374   388   472 I netd    : tetherGetStats() -> {[]} <0.49ms>
04-20 02:03:10.015  1099  1490 D EGL_emulation: app_time_stats: avg=999.50ms min=998.08ms max=1000.92ms count=2
04-20 02:03:10.232   443   443 E adbd    : failed to connect to socket 'tcp:18584': Connection refused
04-20 02:03:12.016  1099  1490 D EGL_emulation: app_time_stats: avg=1000.44ms min=997.17ms max=1003.71ms count=2
04-20 02:03:12.331   443   443 E adbd    : failed to connect to socket 'tcp:18584': Connection refused
04-20 02:03:14.014  1099  1490 D EGL_emulation: app_time_stats: avg=998.90ms min=996.57ms max=1001.24ms count=2
04-20 02:03:14.359  1099  1242 I IPCThreadState: oneway function results for code 2 on binder at 0xb4000075db354500 will be dropped but finished with status UNKNOWN_TRANSACTION
04-20 02:03:14.377   388   472 I netd    : tetherGetStats() -> {[]} <0.30ms>
04-20 02:03:14.434   443   443 E adbd    : failed to connect to socket 'tcp:18584': Connection refused
04-20 02:03:16.016  1099  1490 D EGL_emulation: app_time_stats: avg=1000.63ms min=998.83ms max=1002.43ms count=2
04-20 02:03:16.529   443   443 E adbd    : failed to connect to socket 'tcp:18584': Connection refused
04-20 02:03:18.020  1099  1490 D EGL_emulation: app_time_stats: avg=1002.23ms min=998.38ms max=1006.07ms count=2
04-20 02:03:18.766   443   443 E adbd    : failed to connect to socket 'tcp:18584': Connection refused
04-20 02:03:20.016  1099  1490 D EGL_emulation: app_time_stats: avg=997.34ms min=993.37ms max=1001.30ms count=2
04-20 02:03:20.866   443   443 E adbd    : failed to connect to socket 'tcp:18584': Connection refused
04-20 02:03:22.014  1099  1490 D EGL_emulation: app_time_stats: avg=999.12ms min=996.91ms max=1001.33ms count=2
04-20 02:03:22.971   443   443 E adbd    : failed to connect to socket 'tcp:18584': Connection refused
04-20 02:03:24.016  1099  1490 D EGL_emulation: app_time_stats: avg=1000.89ms min=999.56ms max=1002.22ms count=2
04-20 02:03:24.413   590   689 D ActivityManager: freezing 21035 com.google.android.googlequicksearchbox:search
04-20 02:03:24.415   590   689 D ActivityManager: freezing 21183 com.google.android.webview:sandboxed_process0:org.chromium.content.app.SandboxedProcessService0:0
04-20 02:03:24.471   590   745 D InetDiagMessage: Destroyed 0 sockets, proto=IPPROTO_TCP, family=AF_INET, states=14
04-20 02:03:24.471   590   745 D InetDiagMessage: Destroyed 0 sockets, proto=IPPROTO_TCP, family=AF_INET6, states=14
04-20 02:03:24.471   590   745 D InetDiagMessage: Destroyed live tcp sockets for uids={99001} in 0ms
04-20 02:03:25.074   443   443 E adbd    : failed to connect to socket 'tcp:18584': Connection refused
04-20 02:03:26.014  1099  1490 D EGL_emulation: app_time_stats: avg=998.91ms min=995.57ms max=1002.24ms count=2
04-20 02:03:27.015  1099  1490 D EGL_emulation: app_time_stats: avg=1000.99ms min=1000.99ms max=1000.99ms count=1
04-20 02:03:27.173   443   443 E adbd    : failed to connect to socket 'tcp:18584': Connection refused
04-20 02:03:28.015  1099  1490 D EGL_emulation: app_time_stats: avg=1000.36ms min=1000.36ms max=1000.36ms count=1
04-20 02:03:29.210 13827 13848 I assembly.assembly.android.mixc-retail-rn84.transport.ws.SocketRuntime: [transport.ws] Socket connect started: assembly.android.mixc-retail-rn84.topology {"profileName":"assembly.android.mixc-retail-rn84.topology","serverName":"dual-topology-host-v3","addressName":"dynamic-topology-host"}
04-20 02:03:29.210 13827 13847 I ReactNativeJS: '[assembly.android.mixc-retail-rn84.websocket] connect', { url: 'ws://127.0.0.1:8888/mockMasterServer/ws',
04-20 02:03:29.210 13827 13847 I ReactNativeJS:   protocol: 'ws',
04-20 02:03:29.210 13827 13847 I ReactNativeJS:   host: '127.0.0.1:8888',
04-20 02:03:29.210 13827 13847 I ReactNativeJS:   pathname: '/mockMasterServer/ws' }
04-20 02:03:29.212 13827 13848 I assembly.assembly.android.mixc-retail-rn84: [assembly.topology] Native topology host already matches desired lifecycle state {"displayCount":2,"displayIndex":1,"deviceId":"J9RZPWR3HK","instanceMode":"SLAVE","enableSlave":false,"running":false,"reason":"not-master-or-single-primary-host"}
04-20 02:03:29.212 13827 13848 I assembly.assembly.android.mixc-retail-rn84: [assembly.topology] Native topology host already matches desired lifecycle state {"displayCount":2,"displayIndex":1,"deviceId":"J9RZPWR3HK","instanceMode":"SLAVE","enableSlave":false,"running":false,"reason":"not-master-or-single-primary-host"}
04-20 02:03:29.213 13827 14161 D TrafficStats: tagSocket(125) with statsTag=0xffffffff, statsUid=-1
04-20 02:03:29.216 13827 13848 I assembly.assembly.android.mixc-retail-rn84: [assembly.topology] Native topology host already matches desired lifecycle state {"displayCount":2,"displayIndex":1,"deviceId":"J9RZPWR3HK","instanceMode":"SLAVE","enableSlave":false,"running":false,"reason":"not-master-or-single-primary-host"}
04-20 02:03:29.216 13827 13848 I assembly.assembly.android.mixc-retail-rn84: [assembly.topology] Native topology host already matches desired lifecycle state {"displayCount":2,"displayIndex":1,"deviceId":"J9RZPWR3HK","instanceMode":"SLAVE","enableSlave":false,"running":false,"reason":"not-master-or-single-primary-host"}
04-20 02:03:29.216 13827 13848 I assembly.assembly.android.mixc-retail-rn84: [assembly.topology] Native topology host already matches desired lifecycle state {"displayCount":2,"displayIndex":1,"deviceId":"J9RZPWR3HK","instanceMode":"SLAVE","enableSlave":false,"running":false,"reason":"not-master-or-single-primary-host"}
04-20 02:03:29.216 13827 13848 I assembly.assembly.android.mixc-retail-rn84: [assembly.topology] Native topology host already matches desired lifecycle state {"displayCount":2,"displayIndex":1,"deviceId":"J9RZPWR3HK","instanceMode":"SLAVE","enableSlave":false,"running":false,"reason":"not-master-or-single-primary-host"}
04-20 02:03:29.216 13827 13848 I assembly.assembly.android.mixc-retail-rn84: [assembly.topology] Native topology host already matches desired lifecycle state {"displayCount":2,"displayIndex":1,"deviceId":"J9RZPWR3HK","instanceMode":"SLAVE","enableSlave":false,"running":false,"reason":"not-master-or-single-primary-host"}
04-20 02:03:29.273   443   443 E adbd    : failed to connect to socket 'tcp:18584': Connection refused
04-20 02:03:30.014  1099  1490 D EGL_emulation: app_time_stats: avg=999.34ms min=999.18ms max=999.49ms count=2
04-20 02:03:31.016  1099  1490 D EGL_emulation: app_time_stats: avg=1001.58ms min=1001.58ms max=1001.58ms count=1
04-20 02:03:31.367   443   443 E adbd    : failed to connect to socket 'tcp:18584': Connection refused
04-20 02:03:33.017  1099  1490 D EGL_emulation: app_time_stats: avg=1000.41ms min=997.85ms max=1002.97ms count=2
04-20 02:03:33.593   443   443 E adbd    : failed to connect to socket 'tcp:18584': Connection refused
04-20 02:03:35.016  1099  1490 D EGL_emulation: app_time_stats: avg=999.35ms min=998.56ms max=1000.14ms count=2
04-20 02:03:35.693   443   443 E adbd    : failed to connect to socket 'tcp:18584': Connection refused
04-20 02:03:37.015  1099  1490 D EGL_emulation: app_time_stats: avg=999.81ms min=998.05ms max=1001.57ms count=2
04-20 02:03:37.789   443   443 E adbd    : failed to connect to socket 'tcp:18584': Connection refused
04-20 02:03:39.014  1099  1490 D EGL_emulation: app_time_stats: avg=999.56ms min=999.05ms max=1000.07ms count=2
04-20 02:03:39.890   443   443 E adbd    : failed to connect to socket 'tcp:18584': Connection refused
04-20 02:03:41.014  1099  1490 D EGL_emulation: app_time_stats: avg=999.67ms min=999.58ms max=999.76ms count=2
04-20 02:03:41.997   443   443 E adbd    : failed to connect to socket 'tcp:18584': Connection refused
04-20 02:03:43.014  1099  1490 D EGL_emulation: app_time_stats: avg=999.99ms min=996.54ms max=1003.44ms count=2
04-20 02:03:44.094   443   443 E adbd    : failed to connect to socket 'tcp:18584': Connection refused
04-20 02:03:45.015  1099  1490 D EGL_emulation: app_time_stats: avg=1000.25ms min=999.45ms max=1001.05ms count=2
04-20 02:03:47.015  1099  1490 D EGL_emulation: app_time_stats: avg=1000.06ms min=998.80ms max=1001.31ms count=2
04-20 02:03:48.015  1099  1490 D EGL_emulation: app_time_stats: avg=1000.13ms min=1000.13ms max=1000.13ms count=1
04-20 02:03:49.228 13827 13847 I ReactNativeJS: '[assembly.android.mixc-retail-rn84.websocket] connect', { url: 'ws://127.0.0.1:8888/mockMasterServer/ws',
04-20 02:03:49.228 13827 13847 I ReactNativeJS:   protocol: 'ws',
04-20 02:03:49.228 13827 13847 I ReactNativeJS:   host: '127.0.0.1:8888',
04-20 02:03:49.228 13827 13847 I ReactNativeJS:   pathname: '/mockMasterServer/ws' }
04-20 02:03:49.228 13827 13848 I assembly.assembly.android.mixc-retail-rn84.transport.ws.SocketRuntime: [transport.ws] Socket connect started: assembly.android.mixc-retail-rn84.topology {"profileName":"assembly.android.mixc-retail-rn84.topology","serverName":"dual-topology-host-v3","addressName":"dynamic-topology-host"}
04-20 02:03:49.231 13827 13848 I assembly.assembly.android.mixc-retail-rn84: [assembly.topology] Native topology host already matches desired lifecycle state {"displayCount":2,"displayIndex":1,"deviceId":"J9RZPWR3HK","instanceMode":"SLAVE","enableSlave":false,"running":false,"reason":"not-master-or-single-primary-host"}
04-20 02:03:49.232 13827 13848 I assembly.assembly.android.mixc-retail-rn84: [assembly.topology] Native topology host already matches desired lifecycle state {"displayCount":2,"displayIndex":1,"deviceId":"J9RZPWR3HK","instanceMode":"SLAVE","enableSlave":false,"running":false,"reason":"not-master-or-single-primary-host"}
04-20 02:03:49.233 13827 14178 D TrafficStats: tagSocket(125) with statsTag=0xffffffff, statsUid=-1
04-20 02:03:49.237 13827 13848 I assembly.assembly.android.mixc-retail-rn84: [assembly.topology] Native topology host already matches desired lifecycle state {"displayCount":2,"displayIndex":1,"deviceId":"J9RZPWR3HK","instanceMode":"SLAVE","enableSlave":false,"running":false,"reason":"not-master-or-single-primary-host"}
04-20 02:03:49.238 13827 13848 I assembly.assembly.android.mixc-retail-rn84: [assembly.topology] Native topology host already matches desired lifecycle state {"displayCount":2,"displayIndex":1,"deviceId":"J9RZPWR3HK","instanceMode":"SLAVE","enableSlave":false,"running":false,"reason":"not-master-or-single-primary-host"}
04-20 02:03:49.238 13827 13848 I assembly.assembly.android.mixc-retail-rn84: [assembly.topology] Native topology host already matches desired lifecycle state {"displayCount":2,"displayIndex":1,"deviceId":"J9RZPWR3HK","instanceMode":"SLAVE","enableSlave":false,"running":false,"reason":"not-master-or-single-primary-host"}
04-20 02:03:49.238 13827 13848 I assembly.assembly.android.mixc-retail-rn84: [assembly.topology] Native topology host already matches desired lifecycle state {"displayCount":2,"displayIndex":1,"deviceId":"J9RZPWR3HK","instanceMode":"SLAVE","enableSlave":false,"running":false,"reason":"not-master-or-single-primary-host"}
04-20 02:03:49.239 13827 13848 I assembly.assembly.android.mixc-retail-rn84: [assembly.topology] Native topology host already matches desired lifecycle state {"displayCount":2,"displayIndex":1,"deviceId":"J9RZPWR3HK","instanceMode":"SLAVE","enableSlave":false,"running":false,"reason":"not-master-or-single-primary-host"}
04-20 02:03:50.011  1099  1490 D EGL_emulation: app_time_stats: avg=997.76ms min=997.76ms max=997.77ms count=2
04-20 02:03:51.014  1099  1490 D EGL_emulation: app_time_stats: avg=1003.23ms min=1003.23ms max=1003.23ms count=1
04-20 02:03:52.015  1099  1490 D EGL_emulation: app_time_stats: avg=1000.33ms min=1000.33ms max=1000.33ms count=1
04-20 02:03:53.016  1099  1490 D EGL_emulation: app_time_stats: avg=1001.08ms min=1001.08ms max=1001.08ms count=1
04-20 02:03:55.014  1099  1490 D EGL_emulation: app_time_stats: avg=998.93ms min=998.64ms max=999.22ms count=2
04-20 02:03:56.015  1099  1490 D EGL_emulation: app_time_stats: avg=1001.04ms min=1001.04ms max=1001.04ms count=1
04-20 02:03:58.015  1099  1490 D EGL_emulation: app_time_stats: avg=1000.14ms min=999.42ms max=1000.86ms count=2
04-20 02:03:59.719   388 14181 I resolv  : GetAddrInfoHandler::run: {0 786432 0 983040 10143 0}
04-20 02:03:59.720   937 14180 W gclk    : [{0}] Failed to resolve name. status={1}
04-20 02:03:59.747   397   397 W healthd : battery l=47 v=5000 t=25.0 h=2 st=4 c=900000 fc=3000000 cc=10 chg=a
04-20 02:04:00.004  1389  1552 I AiAiEcho: Predicting[0]:  [CONTEXT sampling_count=5 ]
04-20 02:04:00.004  1389  1552 I AiAiEcho: EchoTargets: 
04-20 02:04:00.004  1389  1552 I AiAiEcho: Filtered by AiAi flag check: 
04-20 02:04:00.004  1389  1552 I AiAiEcho: [CONTEXT ratelimit_period="10 SECONDS" ]
04-20 02:04:00.004  1389  1552 I AiAiEcho: Ranked targets strategy: SORT, count: 0, ranking metadata:  [CONTEXT ratelimit_period="10 SECONDS" ]
04-20 02:04:00.004  1389  1552 I AiAiEcho: #remoteViewsTwiddler: feature disabled.
04-20 02:04:00.004  1389  1552 I AiAiEcho: Predicting[0]:  [CONTEXT sampling_count=5 ]
04-20 02:04:00.004  1389  1552 I AiAiEcho: EchoTargets: 
04-20 02:04:00.004  1389  1552 I AiAiEcho: Filtered by AiAi flag check: 
04-20 02:04:00.004  1389  1552 I AiAiEcho: [CONTEXT ratelimit_period="10 SECONDS" ]
04-20 02:04:00.004  1389  1552 I AiAiEcho: Ranked targets strategy: SORT, count: 0, ranking metadata:  [CONTEXT ratelimit_period="10 SECONDS" ]
04-20 02:04:00.004  1389  1552 I AiAiEcho: #remoteViewsTwiddler: feature disabled.
04-20 02:04:00.005  1389  1552 I AiAiEcho: #postPredictionTargets: Sending updates to UISurface lockscreen with targets# 0 (types=[])
04-20 02:04:00.005  1389  1552 I AiAiEcho: #postPredictionTargets: Sending updates to UISurface home with targets# 0 (types=[])
04-20 02:04:00.011  1099  1099 D SsBaseTemplateCard: No text view can be set up
04-20 02:04:00.011  1099  1099 D SsBaseTemplateCard: Passed-in item info is null
04-20 02:04:00.011  1099  1099 D SsBaseTemplateCard: Passed-in item info is null
04-20 02:04:00.011  1099  1099 D SsBaseTemplateCard: Passed-in item info is null
04-20 02:04:00.011  1099  1099 I SsBaseTemplateCard: Secondary card pane is null
04-20 02:04:00.014   836   836 W PageIndicator: Total number of pages invalid: 0. Assuming 1 page.
04-20 02:04:00.014  1099  1490 D EGL_emulation: app_time_stats: avg=999.55ms min=999.23ms max=999.87ms count=2
04-20 02:04:00.018   836   978 D EGL_emulation: app_time_stats: avg=60002.30ms min=60002.30ms max=60002.30ms count=1
04-20 02:04:01.016  1099  1490 D EGL_emulation: app_time_stats: avg=1001.54ms min=1001.54ms max=1001.54ms count=1
04-20 02:04:03.013  1099  1490 D EGL_emulation: app_time_stats: avg=998.62ms min=998.51ms max=998.74ms count=2
04-20 02:04:04.014  1099  1490 D EGL_emulation: app_time_stats: avg=1001.06ms min=1001.06ms max=1001.06ms count=1
04-20 02:04:05.015  1099  1490 D EGL_emulation: app_time_stats: avg=1000.48ms min=1000.48ms max=1000.48ms count=1
04-20 02:04:07.016  1099  1490 D EGL_emulation: app_time_stats: avg=1000.32ms min=999.48ms max=1001.16ms count=2
04-20 02:04:07.574  1413  1753 I BistoHotwordHelper: (REDACTED) getHotwordActive::active query: %s, watch: %s, devices connected: %s
04-20 02:04:09.015  1099  1490 D EGL_emulation: app_time_stats: avg=999.67ms min=999.12ms max=1000.23ms count=2
04-20 02:04:09.247 13827 13847 I ReactNativeJS: '[assembly.android.mixc-retail-rn84.websocket] connect', { url: 'ws://127.0.0.1:8888/mockMasterServer/ws',
04-20 02:04:09.247 13827 13847 I ReactNativeJS:   protocol: 'ws',
04-20 02:04:09.247 13827 13847 I ReactNativeJS:   host: '127.0.0.1:8888',
04-20 02:04:09.247 13827 13847 I ReactNativeJS:   pathname: '/mockMasterServer/ws' }
04-20 02:04:09.247 13827 13848 I assembly.assembly.android.mixc-retail-rn84.transport.ws.SocketRuntime: [transport.ws] Socket connect started: assembly.android.mixc-retail-rn84.topology {"profileName":"assembly.android.mixc-retail-rn84.topology","serverName":"dual-topology-host-v3","addressName":"dynamic-topology-host"}
04-20 02:04:09.251 13827 13848 I assembly.assembly.android.mixc-retail-rn84: [assembly.topology] Native topology host already matches desired lifecycle state {"displayCount":2,"displayIndex":1,"deviceId":"J9RZPWR3HK","instanceMode":"SLAVE","enableSlave":false,"running":false,"reason":"not-master-or-single-primary-host"}
04-20 02:04:09.251 13827 13848 I assembly.assembly.android.mixc-retail-rn84: [assembly.topology] Native topology host already matches desired lifecycle state {"displayCount":2,"displayIndex":1,"deviceId":"J9RZPWR3HK","instanceMode":"SLAVE","enableSlave":false,"running":false,"reason":"not-master-or-single-primary-host"}
04-20 02:04:09.252 13827 14182 D TrafficStats: tagSocket(125) with statsTag=0xffffffff, statsUid=-1
04-20 02:04:09.255 13827 13848 I assembly.assembly.android.mixc-retail-rn84: [assembly.topology] Native topology host already matches desired lifecycle state {"displayCount":2,"displayIndex":1,"deviceId":"J9RZPWR3HK","instanceMode":"SLAVE","enableSlave":false,"running":false,"reason":"not-master-or-single-primary-host"}
04-20 02:04:09.255 13827 13848 I assembly.assembly.android.mixc-retail-rn84: [assembly.topology] Native topology host already matches desired lifecycle state {"displayCount":2,"displayIndex":1,"deviceId":"J9RZPWR3HK","instanceMode":"SLAVE","enableSlave":false,"running":false,"reason":"not-master-or-single-primary-host"}
04-20 02:04:09.255 13827 13848 I assembly.assembly.android.mixc-retail-rn84: [assembly.topology] Native topology host already matches desired lifecycle state {"displayCount":2,"displayIndex":1,"deviceId":"J9RZPWR3HK","instanceMode":"SLAVE","enableSlave":false,"running":false,"reason":"not-master-or-single-primary-host"}
04-20 02:04:09.255 13827 13848 I assembly.assembly.android.mixc-retail-rn84: [assembly.topology] Native topology host already matches desired lifecycle state {"displayCount":2,"displayIndex":1,"deviceId":"J9RZPWR3HK","instanceMode":"SLAVE","enableSlave":false,"running":false,"reason":"not-master-or-single-primary-host"}
04-20 02:04:09.255 13827 13848 I assembly.assembly.android.mixc-retail-rn84: [assembly.topology] Native topology host already matches desired lifecycle state {"displayCount":2,"displayIndex":1,"deviceId":"J9RZPWR3HK","instanceMode":"SLAVE","enableSlave":false,"running":false,"reason":"not-master-or-single-primary-host"}
04-20 02:04:11.016  1099  1490 D EGL_emulation: app_time_stats: avg=1000.45ms min=999.94ms max=1000.97ms count=2
04-20 02:04:12.375   167   167 I logd    : logdr: UID=2000 GID=2000 PID=14183 n tail=0 logMask=99 pid=0 start=0ns deadline=0ns
04-20 02:04:12.467   443   443 E adbd    : failed to connect to socket 'tcp:18584': Connection refused
04-20 02:04:12.485   443   443 E adbd    : failed to connect to socket 'tcp:18584': Connection refused
04-20 02:04:12.489   443   443 E adbd    : failed to connect to socket 'tcp:18584': Connection refused
04-20 02:04:12.498   443   443 E adbd    : failed to connect to socket 'tcp:18584': Connection refused
04-20 02:04:13.016  1099  1490 D EGL_emulation: app_time_stats: avg=999.64ms min=997.74ms max=1001.53ms count=2
04-20 02:04:15.014  1099  1490 D EGL_emulation: app_time_stats: avg=999.18ms min=997.54ms max=1000.82ms count=2
04-20 02:04:17.014  1099  1490 D EGL_emulation: app_time_stats: avg=999.89ms min=999.02ms max=1000.76ms count=2
04-20 02:04:18.015  1099  1490 D EGL_emulation: app_time_stats: avg=1000.13ms min=1000.13ms max=1000.13ms count=1
