04-20 01:39:12.067 13248 13248 D jni_lib_merge: Preparing to register libreact_featureflagsjni_so.  onload_func: 0x73a7d60ba8
04-20 01:39:12.067 13248 13248 D jni_lib_merge: Preparing to register libreact_newarchdefaults_so.  onload_func: 0x73a7d9ed74
04-20 01:39:12.067 13248 13248 D jni_lib_merge: Preparing to register libreactnativeblob_so.  onload_func: 0x73a7e3fa4c
04-20 01:39:12.067 13248 13248 D jni_lib_merge: Preparing to register libreactnativejni_so.  onload_func: 0x73a7e549e4
04-20 01:39:12.067 13248 13248 D jni_lib_merge: Preparing to register libreactnativejni_common_so.  onload_func: 0x73a7e57be0
04-20 01:39:12.067 13248 13248 D jni_lib_merge: Preparing to register librninstance_so.  onload_func: 0x73a7e74778
04-20 01:39:12.067 13248 13248 D jni_lib_merge: Preparing to register libturbomodulejsijni_so.  onload_func: 0x73a7f1e0e0
04-20 01:39:12.067 13248 13248 D jni_lib_merge: Preparing to register libuimanagerjni_so.  onload_func: 0x73a7f24b00
04-20 01:39:12.067 13248 13248 D jni_lib_merge: Preparing to register libyoga_so.  onload_func: 0x73a7f2c0c4
04-20 01:39:12.067 13248 13248 D jni_lib_merge: About to register 11 actual methods.
04-20 01:39:12.069 13248 13248 D nativeloader: Load /data/app/~~tP809n97RtWMBq6zaWAxGg==/com.impos2.mixcretailassemblyrn84-55rLqenivyMdLHv3eqr_ew==/base.apk!/lib/arm64-v8a/libreact_codegen_rnsvg.so using ns clns-7 from class loader (caller=/data/app/~~tP809n97RtWMBq6zaWAxGg==/com.impos2.mixcretailassemblyrn84-55rLqenivyMdLHv3eqr_ew==/base.apk): ok
04-20 01:39:12.069 13248 13248 D jni_lib_merge: Entering merged library JNI_OnLoad.
04-20 01:39:12.069 13248 13248 D jni_lib_merge: Preparing 12 pre-merged libs (including stub)
04-20 01:39:12.069 13248 13248 D jni_lib_merge: Preparing to register libfabricjni_so.  onload_func: 0x73a7c82a50
04-20 01:39:12.069 13248 13248 D jni_lib_merge: Preparing to register libreact_devsupportjni_so.  onload_func: 0x73a7d4636c
04-20 01:39:12.069 13248 13248 D jni_lib_merge: Preparing to register libreact_featureflagsjni_so.  onload_func: 0x73a7d60ba8
04-20 01:39:12.069 13248 13248 D jni_lib_merge: Preparing to register libreact_newarchdefaults_so.  onload_func: 0x73a7d9ed74
04-20 01:39:12.069 13248 13248 D jni_lib_merge: Preparing to register libreactnativeblob_so.  onload_func: 0x73a7e3fa4c
04-20 01:39:12.069 13248 13248 D jni_lib_merge: Preparing to register libreactnativejni_so.  onload_func: 0x73a7e549e4
04-20 01:39:12.069 13248 13248 D jni_lib_merge: Preparing to register libreactnativejni_common_so.  onload_func: 0x73a7e57be0
04-20 01:39:12.069 13248 13248 D jni_lib_merge: Preparing to register librninstance_so.  onload_func: 0x73a7e74778
04-20 01:39:12.069 13248 13248 D jni_lib_merge: Preparing to register libturbomodulejsijni_so.  onload_func: 0x73a7f1e0e0
04-20 01:39:12.069 13248 13248 D jni_lib_merge: Preparing to register libuimanagerjni_so.  onload_func: 0x73a7f24b00
04-20 01:39:12.069 13248 13248 D jni_lib_merge: Preparing to register libyoga_so.  onload_func: 0x73a7f2c0c4
04-20 01:39:12.069 13248 13248 D jni_lib_merge: About to register 11 actual methods.
04-20 01:39:12.069 13248 13248 D nativeloader: Load /data/app/~~tP809n97RtWMBq6zaWAxGg==/com.impos2.mixcretailassemblyrn84-55rLqenivyMdLHv3eqr_ew==/base.apk!/lib/arm64-v8a/libappmodules.so using ns clns-7 from class loader (caller=/data/app/~~tP809n97RtWMBq6zaWAxGg==/com.impos2.mixcretailassemblyrn84-55rLqenivyMdLHv3eqr_ew==/base.apk): ok
04-20 01:39:12.071   590  1605 I ActivityManager: Background started FGS: Allowed [callingPackage: com.impos2.mixcretailassemblyrn84; callingUid: 10215; uidState: TOP ; uidBFSL: [BFSL]; intent: Intent { cmp=com.impos2.mixcretailassemblyrn84/com.impos2.adapterv2.topologyhostv3.TopologyHostV3Service }; code:PROC_STATE_TOP; tempAllowListReason:<null>; targetSdkVersion:36; callerTargetSdkVersion:36; startForegroundCount:1; bindFromPackage:null: isBindService:false]
04-20 01:39:12.208   388 13261 I resolv  : GetAddrInfoHandler::run: {0 786432 0 983040 10143 0}
04-20 01:39:12.209   937 13227 W gclk    : [{0}] Failed to resolve name. status={1}
04-20 01:39:13.012  1099  1490 D EGL_emulation: app_time_stats: avg=50.59ms min=12.75ms max=994.72ms count=39
04-20 01:39:14.019  1099  1490 D EGL_emulation: app_time_stats: avg=503.12ms min=21.51ms max=984.73ms count=2
04-20 01:39:14.663   590  1464 E TaskPersister: File error accessing recents directory (directory doesn't exist?).
04-20 01:39:15.041  1099  1490 D EGL_emulation: app_time_stats: avg=1021.85ms min=1021.85ms max=1021.85ms count=1
04-20 01:39:15.131   443   443 E adbd    : failed to connect to socket 'tcp:18584': Connection refused
04-20 01:39:15.999   590   694 W ActivityTaskManager: callingPackage for (uid=1000, pid=590) is ambiguous: [android, com.android.providers.settings, com.android.server.telecom, com.android.location.fused]
04-20 01:39:15.999   590   694 W ActivityTaskManager: Without BAL hardening this activity start would be allowed
04-20 01:39:16.002   590   694 E ActivityTaskManager: Background activity launch blocked! [callingPackage: com.impos2.mixcretailassemblyrn84; callingPackageTargetSdk: 36; callingUid: 10215; callingPid: -1; appSwitchState: 2; callingUidHasAnyVisibleWindow: true; callingUidProcState: TOP; isCallingUidPersistentSystemProcess: false; forcedBalByPiSender: BSP.NONE; intent: Intent { act=android.intent.action.MAIN cat=[android.intent.category.LAUNCHER] flg=0x10008000 pkg=com.impos2.mixcretailassemblyrn84 cmp=com.impos2.mixcretailassemblyrn84/.MainActivity }; callerApp: null; balAllowedByPiCreator: BSP.NONE; balAllowedByPiCreatorWithHardening: BSP.NONE; resultIfPiCreatorAllowsBal: BAL_ALLOW_VISIBLE_WINDOW; hasRealCaller: true; isCallForResult: false; isPendingIntent: true; autoOptInReason: null; realCallingPackage: android.uid.system:1000[debugOnly]; realCallingPackageTargetSdk: -1; realCallingUid: 1000; realCallingPid: 590; realCallingUidHasAnyVisibleWindow: false; realCallingUidProcState: PERSISTENT; isRealCallingUidPersistentSystemProcess: true; originatingPendingIntent: PendingIntentRecord{f778553 com.impos2.mixcretailassemblyrn84 startActivity}; realCallerApp: null; balAllowedByPiSender: BSP.NONE; resultIfPiSenderAllowsBal: BAL_BLOCK; balImproveRealCallerVisibilityCheck: true; balRequireOptInByPendingIntentCreator: true; balRequireOptInSameUid: false; balRespectAppSwitchStateWhenCheckBoundByForegroundUid: true; balDontBringExistingBackgroundTaskStackToFg: true]
04-20 01:39:16.005   590   694 W OptProp : Cannot read opt property android.window.PROPERTY_COMPAT_ALLOW_USER_ASPECT_RATIO_OVERRIDE
04-20 01:39:16.005   590   694 W OptProp : Cannot read opt property android.window.PROPERTY_COMPAT_ALLOW_USER_ASPECT_RATIO_FULLSCREEN_OVERRIDE
04-20 01:39:16.005   590   694 W OptProp : Cannot read opt property android.window.PROPERTY_COMPAT_ALLOW_ORIENTATION_OVERRIDE
04-20 01:39:16.005   590   694 V GrammaticalInflectionUtils: AttributionSource: AttributionSource { uid = 10215, packageName = null, attributionTag = null, token = android.os.Binder@bdb3573, deviceId = 0, next = null } does not have READ_SYSTEM_GRAMMATICAL_GENDER permission.
04-20 01:39:16.005   590   694 W OptProp : Cannot read opt property android.window.PROPERTY_COMPAT_ALLOW_RESIZEABLE_ACTIVITY_OVERRIDES
04-20 01:39:16.006   590   694 W OptProp : Cannot read opt property android.window.PROPERTY_COMPAT_ALLOW_MIN_ASPECT_RATIO_OVERRIDE
04-20 01:39:16.008   590   694 E ActivityTaskManager: Abort background activity starts from 10215
04-20 01:39:16.009   836  1513 D KeyguardService: setOccluded(false)
04-20 01:39:16.009   836  1513 D KeyguardViewMediator: setOccluded(false)
04-20 01:39:16.009   836   836 D KeyguardViewMediator: handleSetOccluded(false)
04-20 01:39:16.010   836   836 D KeyguardViewMediator: KeyguardViewMediator queue processing message: SET_OCCLUDED
04-20 01:39:16.010   590   694 I ActivityTaskManager: START u0 {act=android.intent.action.MAIN cat=[android.intent.category.LAUNCHER] flg=0x10008000 pkg=com.impos2.mixcretailassemblyrn84 cmp=com.impos2.mixcretailassemblyrn84/.MainActivity} with LAUNCH_SINGLE_TASK from uid 10215 (realCallingUid=1000) (BAL_BLOCK) result code=102
04-20 01:39:17.017  1099  1490 D EGL_emulation: app_time_stats: avg=988.18ms min=973.13ms max=1003.22ms count=2
04-20 01:39:17.226   443   443 E adbd    : failed to connect to socket 'tcp:18584': Connection refused
04-20 01:39:17.485 13248 13266 D ProfileInstaller: Installing profile for com.impos2.mixcretailassemblyrn84
04-20 01:39:19.017  1099  1490 D EGL_emulation: app_time_stats: avg=999.71ms min=999.15ms max=1000.26ms count=2
04-20 01:39:19.345   443   443 E adbd    : failed to connect to socket 'tcp:18584': Connection refused
04-20 01:39:21.017  1099  1490 D EGL_emulation: app_time_stats: avg=1000.03ms min=998.59ms max=1001.46ms count=2
04-20 01:39:21.471   443   443 E adbd    : failed to connect to socket 'tcp:18584': Connection refused
04-20 01:39:22.019  1099  1490 D EGL_emulation: app_time_stats: avg=1001.41ms min=1001.41ms max=1001.41ms count=1
04-20 01:39:22.539   388   472 I netd    : tetherGetStats() -> {[]} <1.28ms>
04-20 01:39:23.575   443   443 E adbd    : failed to connect to socket 'tcp:18584': Connection refused
04-20 01:39:24.018  1099  1490 D EGL_emulation: app_time_stats: avg=999.42ms min=997.48ms max=1001.37ms count=2
04-20 01:39:25.018  1099  1490 D EGL_emulation: app_time_stats: avg=1000.12ms min=1000.12ms max=1000.12ms count=1
04-20 01:39:25.689   443   443 E adbd    : failed to connect to socket 'tcp:18584': Connection refused
04-20 01:39:26.019  1099  1490 D EGL_emulation: app_time_stats: avg=1000.72ms min=1000.72ms max=1000.72ms count=1
04-20 01:39:26.122   388   472 I netd    : tetherGetStats() -> {[]} <0.91ms>
04-20 01:39:27.806   443   443 E adbd    : failed to connect to socket 'tcp:18584': Connection refused
04-20 01:39:28.018  1099  1490 D EGL_emulation: app_time_stats: avg=999.47ms min=997.23ms max=1001.71ms count=2
04-20 01:39:29.018  1099  1490 D EGL_emulation: app_time_stats: avg=1000.28ms min=1000.28ms max=1000.28ms count=1
04-20 01:39:29.917   443   443 E adbd    : failed to connect to socket 'tcp:18584': Connection refused
04-20 01:39:30.018  1099  1490 D EGL_emulation: app_time_stats: avg=1000.00ms min=1000.00ms max=1000.00ms count=1
04-20 01:39:30.896 13132 13151 I assembly.assembly.android.mixc-retail-rn84.transport.ws.SocketRuntime: [transport.ws] Socket connect started: assembly.android.mixc-retail-rn84.topology {"profileName":"assembly.android.mixc-retail-rn84.topology","serverName":"dual-topology-host-v3","addressName":"dynamic-topology-host"}
04-20 01:39:30.897 13132 13150 I ReactNativeJS: '[assembly.android.mixc-retail-rn84.websocket] connect', { url: 'ws://127.0.0.1:8888/mockMasterServer/ws',
04-20 01:39:30.897 13132 13150 I ReactNativeJS:   protocol: 'ws',
04-20 01:39:30.897 13132 13150 I ReactNativeJS:   host: '127.0.0.1:8888',
04-20 01:39:30.897 13132 13150 I ReactNativeJS:   pathname: '/mockMasterServer/ws' }
04-20 01:39:30.900 13132 13151 I assembly.assembly.android.mixc-retail-rn84: [assembly.topology] Native topology host already matches desired lifecycle state {"displayCount":2,"displayIndex":1,"deviceId":"438176N3MB","instanceMode":"SLAVE","enableSlave":false,"running":false,"reason":"not-master-or-single-primary-host"}
04-20 01:39:30.900 13132 13151 I assembly.assembly.android.mixc-retail-rn84: [assembly.topology] Native topology host already matches desired lifecycle state {"displayCount":2,"displayIndex":1,"deviceId":"438176N3MB","instanceMode":"SLAVE","enableSlave":false,"running":false,"reason":"not-master-or-single-primary-host"}
04-20 01:39:30.901 13132 13279 D TrafficStats: tagSocket(130) with statsTag=0xffffffff, statsUid=-1
04-20 01:39:30.904 13132 13151 I assembly.assembly.android.mixc-retail-rn84: [assembly.topology] Native topology host already matches desired lifecycle state {"displayCount":2,"displayIndex":1,"deviceId":"438176N3MB","instanceMode":"SLAVE","enableSlave":false,"running":false,"reason":"not-master-or-single-primary-host"}
04-20 01:39:30.904 13132 13151 I assembly.assembly.android.mixc-retail-rn84: [assembly.topology] Native topology host already matches desired lifecycle state {"displayCount":2,"displayIndex":1,"deviceId":"438176N3MB","instanceMode":"SLAVE","enableSlave":false,"running":false,"reason":"not-master-or-single-primary-host"}
04-20 01:39:30.904 13132 13151 I assembly.assembly.android.mixc-retail-rn84: [assembly.topology] Native topology host already matches desired lifecycle state {"displayCount":2,"displayIndex":1,"deviceId":"438176N3MB","instanceMode":"SLAVE","enableSlave":false,"running":false,"reason":"not-master-or-single-primary-host"}
04-20 01:39:30.904 13132 13151 I assembly.assembly.android.mixc-retail-rn84: [assembly.topology] Native topology host already matches desired lifecycle state {"displayCount":2,"displayIndex":1,"deviceId":"438176N3MB","instanceMode":"SLAVE","enableSlave":false,"running":false,"reason":"not-master-or-single-primary-host"}
04-20 01:39:30.904 13132 13151 I assembly.assembly.android.mixc-retail-rn84: [assembly.topology] Native topology host already matches desired lifecycle state {"displayCount":2,"displayIndex":1,"deviceId":"438176N3MB","instanceMode":"SLAVE","enableSlave":false,"running":false,"reason":"not-master-or-single-primary-host"}
04-20 01:39:31.021  1099  1490 D EGL_emulation: app_time_stats: avg=1002.52ms min=1002.52ms max=1002.52ms count=1
04-20 01:39:32.036   443   443 E adbd    : failed to connect to socket 'tcp:18584': Connection refused
04-20 01:39:33.017  1099  1490 D EGL_emulation: app_time_stats: avg=998.02ms min=989.53ms max=1006.51ms count=2
04-20 01:39:34.157   443   443 E adbd    : failed to connect to socket 'tcp:18584': Connection refused
04-20 01:39:35.017  1099  1490 D EGL_emulation: app_time_stats: avg=999.83ms min=999.83ms max=999.83ms count=2
04-20 01:39:36.018  1099  1490 D EGL_emulation: app_time_stats: avg=1000.92ms min=1000.92ms max=1000.92ms count=1
04-20 01:39:36.277   443   443 E adbd    : failed to connect to socket 'tcp:18584': Connection refused
04-20 01:39:38.018  1099  1490 D EGL_emulation: app_time_stats: avg=1000.09ms min=997.71ms max=1002.48ms count=2
04-20 01:39:38.470   443   443 E adbd    : failed to connect to socket 'tcp:18584': Connection refused
04-20 01:39:40.020  1099  1490 D EGL_emulation: app_time_stats: avg=1000.72ms min=998.65ms max=1002.80ms count=2
04-20 01:39:40.574   443   443 E adbd    : failed to connect to socket 'tcp:18584': Connection refused
04-20 01:39:42.017  1099  1490 D EGL_emulation: app_time_stats: avg=998.40ms min=995.82ms max=1000.99ms count=2
04-20 01:39:42.689   443   443 E adbd    : failed to connect to socket 'tcp:18584': Connection refused
04-20 01:39:43.020  1099  1490 D EGL_emulation: app_time_stats: avg=1003.30ms min=1003.30ms max=1003.30ms count=1
04-20 01:39:44.816   443   443 E adbd    : failed to connect to socket 'tcp:18584': Connection refused
04-20 01:39:45.017  1099  1490 D EGL_emulation: app_time_stats: avg=998.35ms min=994.75ms max=1001.94ms count=2
04-20 01:39:46.941   443   443 E adbd    : failed to connect to socket 'tcp:18584': Connection refused
04-20 01:39:47.018  1099  1490 D EGL_emulation: app_time_stats: avg=1000.56ms min=996.06ms max=1005.05ms count=2
04-20 01:39:48.018  1099  1490 D EGL_emulation: app_time_stats: avg=1000.01ms min=1000.01ms max=1000.01ms count=1
04-20 01:39:49.066   443   443 E adbd    : failed to connect to socket 'tcp:18584': Connection refused
04-20 01:39:50.019  1099  1490 D EGL_emulation: app_time_stats: avg=1000.62ms min=992.76ms max=1008.49ms count=2
04-20 01:39:50.913 13132 13151 I assembly.assembly.android.mixc-retail-rn84.transport.ws.SocketRuntime: [transport.ws] Socket connect started: assembly.android.mixc-retail-rn84.topology {"profileName":"assembly.android.mixc-retail-rn84.topology","serverName":"dual-topology-host-v3","addressName":"dynamic-topology-host"}
04-20 01:39:50.913 13132 13150 I ReactNativeJS: '[assembly.android.mixc-retail-rn84.websocket] connect', { url: 'ws://127.0.0.1:8888/mockMasterServer/ws',
04-20 01:39:50.913 13132 13150 I ReactNativeJS:   protocol: 'ws',
04-20 01:39:50.913 13132 13150 I ReactNativeJS:   host: '127.0.0.1:8888',
04-20 01:39:50.913 13132 13150 I ReactNativeJS:   pathname: '/mockMasterServer/ws' }
04-20 01:39:50.916 13132 13151 I assembly.assembly.android.mixc-retail-rn84: [assembly.topology] Native topology host already matches desired lifecycle state {"displayCount":2,"displayIndex":1,"deviceId":"438176N3MB","instanceMode":"SLAVE","enableSlave":false,"running":false,"reason":"not-master-or-single-primary-host"}
04-20 01:39:50.916 13132 13151 I assembly.assembly.android.mixc-retail-rn84: [assembly.topology] Native topology host already matches desired lifecycle state {"displayCount":2,"displayIndex":1,"deviceId":"438176N3MB","instanceMode":"SLAVE","enableSlave":false,"running":false,"reason":"not-master-or-single-primary-host"}
04-20 01:39:50.917 13132 13298 D TrafficStats: tagSocket(130) with statsTag=0xffffffff, statsUid=-1
04-20 01:39:50.919 13132 13151 I assembly.assembly.android.mixc-retail-rn84: [assembly.topology] Native topology host already matches desired lifecycle state {"displayCount":2,"displayIndex":1,"deviceId":"438176N3MB","instanceMode":"SLAVE","enableSlave":false,"running":false,"reason":"not-master-or-single-primary-host"}
04-20 01:39:50.919 13132 13151 I assembly.assembly.android.mixc-retail-rn84: [assembly.topology] Native topology host already matches desired lifecycle state {"displayCount":2,"displayIndex":1,"deviceId":"438176N3MB","instanceMode":"SLAVE","enableSlave":false,"running":false,"reason":"not-master-or-single-primary-host"}
04-20 01:39:50.920 13132 13151 I assembly.assembly.android.mixc-retail-rn84: [assembly.topology] Native topology host already matches desired lifecycle state {"displayCount":2,"displayIndex":1,"deviceId":"438176N3MB","instanceMode":"SLAVE","enableSlave":false,"running":false,"reason":"not-master-or-single-primary-host"}
04-20 01:39:50.920 13132 13151 I assembly.assembly.android.mixc-retail-rn84: [assembly.topology] Native topology host already matches desired lifecycle state {"displayCount":2,"displayIndex":1,"deviceId":"438176N3MB","instanceMode":"SLAVE","enableSlave":false,"running":false,"reason":"not-master-or-single-primary-host"}
04-20 01:39:50.920 13132 13151 I assembly.assembly.android.mixc-retail-rn84: [assembly.topology] Native topology host already matches desired lifecycle state {"displayCount":2,"displayIndex":1,"deviceId":"438176N3MB","instanceMode":"SLAVE","enableSlave":false,"running":false,"reason":"not-master-or-single-primary-host"}
04-20 01:39:51.171   443   443 E adbd    : failed to connect to socket 'tcp:18584': Connection refused
04-20 01:39:52.018  1099  1490 D EGL_emulation: app_time_stats: avg=999.24ms min=996.94ms max=1001.54ms count=2
04-20 01:39:53.387   443   443 E adbd    : failed to connect to socket 'tcp:18584': Connection refused
04-20 01:39:54.014  1099  1490 D EGL_emulation: app_time_stats: avg=997.86ms min=996.58ms max=999.15ms count=2
04-20 01:39:55.468   443   443 E adbd    : failed to connect to socket 'tcp:18584': Connection refused
04-20 01:39:56.021  1099  1490 D EGL_emulation: app_time_stats: avg=1003.36ms min=997.57ms max=1009.16ms count=2
04-20 01:39:57.582   443   443 E adbd    : failed to connect to socket 'tcp:18584': Connection refused
04-20 01:39:58.020  1099  1490 D EGL_emulation: app_time_stats: avg=999.44ms min=990.72ms max=1008.15ms count=2
04-20 01:39:59.707   443   443 E adbd    : failed to connect to socket 'tcp:18584': Connection refused
04-20 01:39:59.751   397   397 W healthd : battery l=47 v=5000 t=25.0 h=2 st=4 c=900000 fc=3000000 cc=10 chg=a
04-20 01:40:00.086  1099  1490 D EGL_emulation: app_time_stats: avg=1033.10ms min=996.62ms max=1069.57ms count=2
04-20 01:40:00.191  1389  1552 I AiAiEcho: Predicting[0]:  [CONTEXT sampling_count=5 ]
04-20 01:40:00.191  1389  1552 I AiAiEcho: EchoTargets: 
04-20 01:40:00.191  1389  1552 I AiAiEcho: Filtered by AiAi flag check: 
04-20 01:40:00.191  1389  1552 I AiAiEcho: [CONTEXT ratelimit_period="10 SECONDS" ]
04-20 01:40:00.203  1389  1552 I AiAiEcho: Ranked targets strategy: SORT, count: 0, ranking metadata:  [CONTEXT ratelimit_period="10 SECONDS" ]
04-20 01:40:00.212  1389  1552 I AiAiEcho: #remoteViewsTwiddler: feature disabled.
04-20 01:40:00.212  1389  1552 I AiAiEcho: Predicting[0]:  [CONTEXT sampling_count=5 ]
04-20 01:40:00.212  1389  1552 I AiAiEcho: EchoTargets: 
04-20 01:40:00.212  1389  1552 I AiAiEcho: Filtered by AiAi flag check: 
04-20 01:40:00.212  1389  1552 I AiAiEcho: [CONTEXT ratelimit_period="10 SECONDS" ]
04-20 01:40:00.215  1389  1552 I AiAiEcho: Ranked targets strategy: SORT, count: 0, ranking metadata:  [CONTEXT ratelimit_period="10 SECONDS" ]
04-20 01:40:00.215  1389  1552 I AiAiEcho: #remoteViewsTwiddler: feature disabled.
04-20 01:40:00.230  1389  1552 I AiAiEcho: #postPredictionTargets: Sending updates to UISurface lockscreen with targets# 0 (types=[])
04-20 01:40:00.269  1389  1552 I AiAiEcho: #postPredictionTargets: Sending updates to UISurface home with targets# 0 (types=[])
04-20 01:40:00.296  1099  1099 D SsBaseTemplateCard: No text view can be set up
04-20 01:40:00.298  1099  1099 D SsBaseTemplateCard: Passed-in item info is null
04-20 01:40:00.298  1099  1099 D SsBaseTemplateCard: Passed-in item info is null
04-20 01:40:00.298  1099  1099 D SsBaseTemplateCard: Passed-in item info is null
04-20 01:40:00.298  1099  1099 I SsBaseTemplateCard: Secondary card pane is null
04-20 01:40:00.372   836   836 W PageIndicator: Total number of pages invalid: 0. Assuming 1 page.
04-20 01:40:00.452   836   978 D EGL_emulation: app_time_stats: avg=60420.33ms min=60420.33ms max=60420.33ms count=1
04-20 01:40:01.812   443   443 E adbd    : failed to connect to socket 'tcp:18584': Connection refused
04-20 01:40:02.012  1099  1490 D EGL_emulation: app_time_stats: avg=963.05ms min=925.44ms max=1000.65ms count=2
04-20 01:40:03.018  1099  1490 D EGL_emulation: app_time_stats: avg=1005.73ms min=1005.73ms max=1005.73ms count=1
04-20 01:40:03.933   443   443 E adbd    : failed to connect to socket 'tcp:18584': Connection refused
04-20 01:40:05.015  1099  1490 D EGL_emulation: app_time_stats: avg=998.36ms min=996.87ms max=999.85ms count=2
04-20 01:40:06.026   443   443 E adbd    : failed to connect to socket 'tcp:18584': Connection refused
04-20 01:40:07.014  1099  1490 D EGL_emulation: app_time_stats: avg=999.66ms min=996.93ms max=1002.39ms count=2
04-20 01:40:07.573  1413  1738 I BistoHotwordHelper: (REDACTED) getHotwordActive::active query: %s, watch: %s, devices connected: %s
04-20 01:40:08.016  1099  1490 D EGL_emulation: app_time_stats: avg=1001.43ms min=1001.43ms max=1001.43ms count=1
04-20 01:40:08.186   443   443 E adbd    : failed to connect to socket 'tcp:18584': Connection refused
04-20 01:40:10.011  1099  1490 D EGL_emulation: app_time_stats: avg=997.49ms min=995.36ms max=999.62ms count=2
04-20 01:40:10.282   443   443 E adbd    : failed to connect to socket 'tcp:18584': Connection refused
04-20 01:40:10.928 13132 13150 I ReactNativeJS: '[assembly.android.mixc-retail-rn84.websocket] connect', { url: 'ws://127.0.0.1:8888/mockMasterServer/ws',
04-20 01:40:10.928 13132 13150 I ReactNativeJS:   protocol: 'ws',
04-20 01:40:10.928 13132 13150 I ReactNativeJS:   host: '127.0.0.1:8888',
04-20 01:40:10.928 13132 13150 I ReactNativeJS:   pathname: '/mockMasterServer/ws' }
04-20 01:40:10.928 13132 13151 I assembly.assembly.android.mixc-retail-rn84.transport.ws.SocketRuntime: [transport.ws] Socket connect started: assembly.android.mixc-retail-rn84.topology {"profileName":"assembly.android.mixc-retail-rn84.topology","serverName":"dual-topology-host-v3","addressName":"dynamic-topology-host"}
04-20 01:40:10.930 13132 13151 I assembly.assembly.android.mixc-retail-rn84: [assembly.topology] Native topology host already matches desired lifecycle state {"displayCount":2,"displayIndex":1,"deviceId":"438176N3MB","instanceMode":"SLAVE","enableSlave":false,"running":false,"reason":"not-master-or-single-primary-host"}
04-20 01:40:10.930 13132 13151 I assembly.assembly.android.mixc-retail-rn84: [assembly.topology] Native topology host already matches desired lifecycle state {"displayCount":2,"displayIndex":1,"deviceId":"438176N3MB","instanceMode":"SLAVE","enableSlave":false,"running":false,"reason":"not-master-or-single-primary-host"}
04-20 01:40:10.931 13132 13319 D TrafficStats: tagSocket(130) with statsTag=0xffffffff, statsUid=-1
04-20 01:40:10.933 13132 13151 I assembly.assembly.android.mixc-retail-rn84: [assembly.topology] Native topology host already matches desired lifecycle state {"displayCount":2,"displayIndex":1,"deviceId":"438176N3MB","instanceMode":"SLAVE","enableSlave":false,"running":false,"reason":"not-master-or-single-primary-host"}
04-20 01:40:10.933 13132 13151 I assembly.assembly.android.mixc-retail-rn84: [assembly.topology] Native topology host already matches desired lifecycle state {"displayCount":2,"displayIndex":1,"deviceId":"438176N3MB","instanceMode":"SLAVE","enableSlave":false,"running":false,"reason":"not-master-or-single-primary-host"}
04-20 01:40:10.934 13132 13151 I assembly.assembly.android.mixc-retail-rn84: [assembly.topology] Native topology host already matches desired lifecycle state {"displayCount":2,"displayIndex":1,"deviceId":"438176N3MB","instanceMode":"SLAVE","enableSlave":false,"running":false,"reason":"not-master-or-single-primary-host"}
04-20 01:40:10.934 13132 13151 I assembly.assembly.android.mixc-retail-rn84: [assembly.topology] Native topology host already matches desired lifecycle state {"displayCount":2,"displayIndex":1,"deviceId":"438176N3MB","instanceMode":"SLAVE","enableSlave":false,"running":false,"reason":"not-master-or-single-primary-host"}
04-20 01:40:10.934 13132 13151 I assembly.assembly.android.mixc-retail-rn84: [assembly.topology] Native topology host already matches desired lifecycle state {"displayCount":2,"displayIndex":1,"deviceId":"438176N3MB","instanceMode":"SLAVE","enableSlave":false,"running":false,"reason":"not-master-or-single-primary-host"}
04-20 01:40:11.011  1099  1490 D EGL_emulation: app_time_stats: avg=1000.30ms min=1000.30ms max=1000.30ms count=1
04-20 01:40:11.103   388   472 I netd    : tetherGetStats() -> {[]} <0.87ms>
04-20 01:40:12.374   443   443 E adbd    : failed to connect to socket 'tcp:18584': Connection refused
04-20 01:40:13.011  1099  1490 D EGL_emulation: app_time_stats: avg=999.83ms min=999.50ms max=1000.15ms count=2
04-20 01:40:14.017  1099  1490 D EGL_emulation: app_time_stats: avg=1006.33ms min=1006.33ms max=1006.33ms count=1
04-20 01:40:14.467   443   443 E adbd    : failed to connect to socket 'tcp:18584': Connection refused
04-20 01:40:16.013  1099  1490 D EGL_emulation: app_time_stats: avg=998.00ms min=997.07ms max=998.93ms count=2
04-20 01:40:16.091  1099  1108 I IPCThreadState: oneway function results for code 2 on binder at 0xb4000075db359180 will be dropped but finished with status UNKNOWN_TRANSACTION
04-20 01:40:16.122   388   472 I netd    : tetherGetStats() -> {[]} <0.38ms>
04-20 01:40:16.561   443   443 E adbd    : failed to connect to socket 'tcp:18584': Connection refused
04-20 01:40:16.569   388 13327 I resolv  : GetAddrInfoHandler::run: {0 786432 0 983040 10143 0}
04-20 01:40:16.570   937 13326 W gclk    : [{0}] Failed to resolve name. status={1}
04-20 01:40:18.015  1099  1490 D EGL_emulation: app_time_stats: avg=1000.92ms min=998.21ms max=1003.62ms count=2
04-20 01:40:19.016  1099  1490 D EGL_emulation: app_time_stats: avg=1001.19ms min=1001.19ms max=1001.19ms count=1
04-20 01:40:21.017  1099  1490 D EGL_emulation: app_time_stats: avg=1000.43ms min=997.15ms max=1003.70ms count=2
04-20 01:40:23.019  1099  1490 D EGL_emulation: app_time_stats: avg=1000.58ms min=997.50ms max=1003.66ms count=2
04-20 01:40:25.014  1099  1490 D EGL_emulation: app_time_stats: avg=997.75ms min=994.15ms max=1001.34ms count=2
04-20 01:40:26.127   590   689 D ActivityManager: freezing 21035 com.google.android.googlequicksearchbox:search
04-20 01:40:26.129   590   689 D ActivityManager: freezing 21183 com.google.android.webview:sandboxed_process0:org.chromium.content.app.SandboxedProcessService0:0
04-20 01:40:26.211   590   745 D InetDiagMessage: Destroyed 0 sockets, proto=IPPROTO_TCP, family=AF_INET, states=14
04-20 01:40:26.211   590   745 D InetDiagMessage: Destroyed 0 sockets, proto=IPPROTO_TCP, family=AF_INET6, states=14
04-20 01:40:26.212   590   745 D InetDiagMessage: Destroyed live tcp sockets for uids={99001} in 1ms
04-20 01:40:27.015  1099  1490 D EGL_emulation: app_time_stats: avg=1000.07ms min=999.12ms max=1001.01ms count=2
04-20 01:40:29.015  1099  1490 D EGL_emulation: app_time_stats: avg=1000.03ms min=999.79ms max=1000.27ms count=2
04-20 01:40:30.016  1099  1490 D EGL_emulation: app_time_stats: avg=1000.86ms min=1000.86ms max=1000.86ms count=1
04-20 01:40:30.946 13132 13151 I assembly.assembly.android.mixc-retail-rn84.transport.ws.SocketRuntime: [transport.ws] Socket connect started: assembly.android.mixc-retail-rn84.topology {"profileName":"assembly.android.mixc-retail-rn84.topology","serverName":"dual-topology-host-v3","addressName":"dynamic-topology-host"}
04-20 01:40:30.946 13132 13150 I ReactNativeJS: '[assembly.android.mixc-retail-rn84.websocket] connect', { url: 'ws://127.0.0.1:8888/mockMasterServer/ws',
04-20 01:40:30.946 13132 13150 I ReactNativeJS:   protocol: 'ws',
04-20 01:40:30.946 13132 13150 I ReactNativeJS:   host: '127.0.0.1:8888',
04-20 01:40:30.946 13132 13150 I ReactNativeJS:   pathname: '/mockMasterServer/ws' }
04-20 01:40:30.951 13132 13151 I assembly.assembly.android.mixc-retail-rn84: [assembly.topology] Native topology host already matches desired lifecycle state {"displayCount":2,"displayIndex":1,"deviceId":"438176N3MB","instanceMode":"SLAVE","enableSlave":false,"running":false,"reason":"not-master-or-single-primary-host"}
04-20 01:40:30.951 13132 13151 I assembly.assembly.android.mixc-retail-rn84: [assembly.topology] Native topology host already matches desired lifecycle state {"displayCount":2,"displayIndex":1,"deviceId":"438176N3MB","instanceMode":"SLAVE","enableSlave":false,"running":false,"reason":"not-master-or-single-primary-host"}
04-20 01:40:30.952 13132 13328 D TrafficStats: tagSocket(141) with statsTag=0xffffffff, statsUid=-1
04-20 01:40:30.954 13132 13151 I assembly.assembly.android.mixc-retail-rn84: [assembly.topology] Native topology host already matches desired lifecycle state {"displayCount":2,"displayIndex":1,"deviceId":"438176N3MB","instanceMode":"SLAVE","enableSlave":false,"running":false,"reason":"not-master-or-single-primary-host"}
04-20 01:40:30.954 13132 13151 I assembly.assembly.android.mixc-retail-rn84: [assembly.topology] Native topology host already matches desired lifecycle state {"displayCount":2,"displayIndex":1,"deviceId":"438176N3MB","instanceMode":"SLAVE","enableSlave":false,"running":false,"reason":"not-master-or-single-primary-host"}
04-20 01:40:30.955 13132 13151 I assembly.assembly.android.mixc-retail-rn84: [assembly.topology] Native topology host already matches desired lifecycle state {"displayCount":2,"displayIndex":1,"deviceId":"438176N3MB","instanceMode":"SLAVE","enableSlave":false,"running":false,"reason":"not-master-or-single-primary-host"}
04-20 01:40:30.955 13132 13151 I assembly.assembly.android.mixc-retail-rn84: [assembly.topology] Native topology host already matches desired lifecycle state {"displayCount":2,"displayIndex":1,"deviceId":"438176N3MB","instanceMode":"SLAVE","enableSlave":false,"running":false,"reason":"not-master-or-single-primary-host"}
04-20 01:40:30.955 13132 13151 I assembly.assembly.android.mixc-retail-rn84: [assembly.topology] Native topology host already matches desired lifecycle state {"displayCount":2,"displayIndex":1,"deviceId":"438176N3MB","instanceMode":"SLAVE","enableSlave":false,"running":false,"reason":"not-master-or-single-primary-host"}
04-20 01:40:32.012  1099  1490 D EGL_emulation: app_time_stats: avg=997.61ms min=995.58ms max=999.64ms count=2
04-20 01:40:33.014  1099  1490 D EGL_emulation: app_time_stats: avg=1002.29ms min=1002.29ms max=1002.29ms count=1
04-20 01:40:34.016  1099  1490 D EGL_emulation: app_time_stats: avg=1002.22ms min=1002.22ms max=1002.22ms count=1
04-20 01:40:36.015  1099  1490 D EGL_emulation: app_time_stats: avg=999.46ms min=998.73ms max=1000.18ms count=2
04-20 01:40:38.014  1099  1490 D EGL_emulation: app_time_stats: avg=999.02ms min=998.21ms max=999.83ms count=2
04-20 01:40:39.014  1099  1490 D EGL_emulation: app_time_stats: avg=999.96ms min=999.96ms max=999.96ms count=1
04-20 01:40:40.014  1099  1490 D EGL_emulation: app_time_stats: avg=1000.17ms min=1000.17ms max=1000.17ms count=1
