--------- beginning of main
04-20 02:01:27.593 13762 13822 D TrafficStats: tagSocket(126) with statsTag=0xffffffff, statsUid=-1
04-20 02:01:27.597 13762 13822 D TrafficStats: tagSocket(126) with statsTag=0xffffffff, statsUid=-1
04-20 02:01:27.601 13762 13822 D TrafficStats: tagSocket(126) with statsTag=0xffffffff, statsUid=-1
04-20 02:01:27.632 13762 13778 D EGL_emulation: app_time_stats: avg=22522.70ms min=3.27ms max=382821.62ms count=17
04-20 02:01:27.657 13762 13822 D TrafficStats: tagSocket(116) with statsTag=0xffffffff, statsUid=-1
04-20 02:01:27.661 13762 13822 D TrafficStats: tagSocket(116) with statsTag=0xffffffff, statsUid=-1
04-20 02:01:27.677 13762 13822 D TrafficStats: tagSocket(116) with statsTag=0xffffffff, statsUid=-1
04-20 02:01:27.680 13762 13822 D TrafficStats: tagSocket(116) with statsTag=0xffffffff, statsUid=-1
04-20 02:01:27.738 13762 13822 D TrafficStats: tagSocket(120) with statsTag=0xffffffff, statsUid=-1
04-20 02:01:27.752 13762 13822 D TrafficStats: tagSocket(120) with statsTag=0xffffffff, statsUid=-1
04-20 02:01:27.755 13762 13822 D TrafficStats: tagSocket(120) with statsTag=0xffffffff, statsUid=-1
04-20 02:01:27.813 13762 13822 D TrafficStats: tagSocket(126) with statsTag=0xffffffff, statsUid=-1
04-20 02:01:27.827 13762 13822 D TrafficStats: tagSocket(126) with statsTag=0xffffffff, statsUid=-1
04-20 02:01:27.830 13762 13822 D TrafficStats: tagSocket(126) with statsTag=0xffffffff, statsUid=-1
04-20 02:01:27.886 13762 13822 D TrafficStats: tagSocket(127) with statsTag=0xffffffff, statsUid=-1
04-20 02:01:27.900 13762 13822 D TrafficStats: tagSocket(127) with statsTag=0xffffffff, statsUid=-1
04-20 02:01:27.903 13762 13822 D TrafficStats: tagSocket(127) with statsTag=0xffffffff, statsUid=-1
04-20 02:01:27.959 13762 13822 D TrafficStats: tagSocket(113) with statsTag=0xffffffff, statsUid=-1
04-20 02:01:27.972 13762 13822 D TrafficStats: tagSocket(113) with statsTag=0xffffffff, statsUid=-1
04-20 02:01:27.977 13762 13822 D TrafficStats: tagSocket(165) with statsTag=0xffffffff, statsUid=-1
04-20 02:01:28.034 13762 13822 D TrafficStats: tagSocket(130) with statsTag=0xffffffff, statsUid=-1
04-20 02:01:28.049 13762 13822 D TrafficStats: tagSocket(130) with statsTag=0xffffffff, statsUid=-1
04-20 02:01:28.053 13762 13822 D TrafficStats: tagSocket(130) with statsTag=0xffffffff, statsUid=-1
04-20 02:01:28.110 13762 13822 D TrafficStats: tagSocket(124) with statsTag=0xffffffff, statsUid=-1
04-20 02:01:28.125 13762 13822 D TrafficStats: tagSocket(124) with statsTag=0xffffffff, statsUid=-1
04-20 02:01:28.128 13762 13822 D TrafficStats: tagSocket(124) with statsTag=0xffffffff, statsUid=-1
04-20 02:01:28.183 13762 13822 D TrafficStats: tagSocket(120) with statsTag=0xffffffff, statsUid=-1
04-20 02:01:28.198 13762 13822 D TrafficStats: tagSocket(120) with statsTag=0xffffffff, statsUid=-1
04-20 02:01:28.205 13762 13822 D TrafficStats: tagSocket(120) with statsTag=0xffffffff, statsUid=-1
04-20 02:01:28.218 13762 13822 D TrafficStats: tagSocket(5) with statsTag=0xffffffff, statsUid=-1
04-20 02:01:28.221 13762 13822 D TrafficStats: tagSocket(5) with statsTag=0xffffffff, statsUid=-1
04-20 02:01:28.279 13762 13822 D TrafficStats: tagSocket(127) with statsTag=0xffffffff, statsUid=-1
04-20 02:01:28.292 13762 13822 D TrafficStats: tagSocket(127) with statsTag=0xffffffff, statsUid=-1
04-20 02:01:28.295 13762 13822 D TrafficStats: tagSocket(127) with statsTag=0xffffffff, statsUid=-1
04-20 02:01:28.351 13762 13822 D TrafficStats: tagSocket(129) with statsTag=0xffffffff, statsUid=-1
04-20 02:01:28.364 13762 13822 D TrafficStats: tagSocket(129) with statsTag=0xffffffff, statsUid=-1
04-20 02:01:28.367 13762 13822 D TrafficStats: tagSocket(129) with statsTag=0xffffffff, statsUid=-1
04-20 02:01:28.423 13762 13822 D TrafficStats: tagSocket(113) with statsTag=0xffffffff, statsUid=-1
04-20 02:01:28.438 13762 13822 D TrafficStats: tagSocket(113) with statsTag=0xffffffff, statsUid=-1
04-20 02:01:28.442 13762 13822 D TrafficStats: tagSocket(113) with statsTag=0xffffffff, statsUid=-1
04-20 02:01:28.498 13762 13822 D TrafficStats: tagSocket(130) with statsTag=0xffffffff, statsUid=-1
04-20 02:01:28.512 13762 13822 D TrafficStats: tagSocket(130) with statsTag=0xffffffff, statsUid=-1
04-20 02:01:28.514 13762 13822 D TrafficStats: tagSocket(130) with statsTag=0xffffffff, statsUid=-1
04-20 02:01:28.570 13762 13822 D TrafficStats: tagSocket(116) with statsTag=0xffffffff, statsUid=-1
04-20 02:01:28.584 13762 13822 D TrafficStats: tagSocket(116) with statsTag=0xffffffff, statsUid=-1
04-20 02:01:28.587 13762 13822 D TrafficStats: tagSocket(116) with statsTag=0xffffffff, statsUid=-1
04-20 02:01:28.644 13762 13822 D TrafficStats: tagSocket(120) with statsTag=0xffffffff, statsUid=-1
04-20 02:01:28.658 13762 13822 D TrafficStats: tagSocket(120) with statsTag=0xffffffff, statsUid=-1
04-20 02:01:28.665 13762 13822 D TrafficStats: tagSocket(120) with statsTag=0xffffffff, statsUid=-1
04-20 02:01:28.685 13762 13822 D TrafficStats: tagSocket(120) with statsTag=0xffffffff, statsUid=-1
04-20 02:01:28.689 13762 13778 D EGL_emulation: app_time_stats: avg=50.29ms min=16.70ms max=83.86ms count=21
04-20 02:01:28.695 13762 13822 D TrafficStats: tagSocket(120) with statsTag=0xffffffff, statsUid=-1
04-20 02:01:28.754 13762 13822 D TrafficStats: tagSocket(126) with statsTag=0xffffffff, statsUid=-1
04-20 02:01:28.767 13762 13822 D TrafficStats: tagSocket(126) with statsTag=0xffffffff, statsUid=-1
04-20 02:01:28.770 13762 13822 D TrafficStats: tagSocket(126) with statsTag=0xffffffff, statsUid=-1
04-20 02:01:28.827 13762 13822 D TrafficStats: tagSocket(129) with statsTag=0xffffffff, statsUid=-1
04-20 02:01:28.840 13762 13822 D TrafficStats: tagSocket(129) with statsTag=0xffffffff, statsUid=-1
04-20 02:01:28.844 13762 13822 D TrafficStats: tagSocket(129) with statsTag=0xffffffff, statsUid=-1
04-20 02:01:28.899 13762 13822 D TrafficStats: tagSocket(113) with statsTag=0xffffffff, statsUid=-1
04-20 02:01:28.914 13762 13822 D TrafficStats: tagSocket(113) with statsTag=0xffffffff, statsUid=-1
04-20 02:01:28.916 13762 13822 D TrafficStats: tagSocket(113) with statsTag=0xffffffff, statsUid=-1
04-20 02:01:28.972 13762 13822 D TrafficStats: tagSocket(130) with statsTag=0xffffffff, statsUid=-1
04-20 02:01:28.986 13762 13822 D TrafficStats: tagSocket(130) with statsTag=0xffffffff, statsUid=-1
04-20 02:01:28.989 13762 13822 D TrafficStats: tagSocket(130) with statsTag=0xffffffff, statsUid=-1
04-20 02:01:29.046 13762 13822 D TrafficStats: tagSocket(116) with statsTag=0xffffffff, statsUid=-1
04-20 02:01:29.060 13762 13822 D TrafficStats: tagSocket(116) with statsTag=0xffffffff, statsUid=-1
04-20 02:01:29.063 13762 13822 D TrafficStats: tagSocket(116) with statsTag=0xffffffff, statsUid=-1
04-20 02:01:29.119 13762 13822 D TrafficStats: tagSocket(5) with statsTag=0xffffffff, statsUid=-1
04-20 02:01:29.134 13762 13822 D TrafficStats: tagSocket(5) with statsTag=0xffffffff, statsUid=-1
04-20 02:01:29.137 13762 13822 D TrafficStats: tagSocket(5) with statsTag=0xffffffff, statsUid=-1
04-20 02:01:29.195 13762 13822 D TrafficStats: tagSocket(120) with statsTag=0xffffffff, statsUid=-1
04-20 02:01:29.209 13762 13822 D TrafficStats: tagSocket(120) with statsTag=0xffffffff, statsUid=-1
04-20 02:01:29.217 13762 13822 D TrafficStats: tagSocket(120) with statsTag=0xffffffff, statsUid=-1
04-20 02:01:29.233 13762 13822 D TrafficStats: tagSocket(126) with statsTag=0xffffffff, statsUid=-1
04-20 02:01:29.241 13762 13822 D TrafficStats: tagSocket(126) with statsTag=0xffffffff, statsUid=-1
04-20 02:01:29.261 13762 13822 D TrafficStats: tagSocket(126) with statsTag=0xffffffff, statsUid=-1
04-20 02:01:29.277 13762 13822 D TrafficStats: tagSocket(127) with statsTag=0xffffffff, statsUid=-1
04-20 02:01:29.614 13762 13822 D TrafficStats: tagSocket(113) with statsTag=0xffffffff, statsUid=-1
04-20 02:01:29.619 13762 13822 D TrafficStats: tagSocket(113) with statsTag=0xffffffff, statsUid=-1
04-20 02:01:29.626 13762 13822 D TrafficStats: tagSocket(113) with statsTag=0xffffffff, statsUid=-1
04-20 02:01:29.690 13762 13822 D TrafficStats: tagSocket(113) with statsTag=0xffffffff, statsUid=-1
04-20 02:01:29.697 13762 13822 D TrafficStats: tagSocket(113) with statsTag=0xffffffff, statsUid=-1
04-20 02:01:29.712 13762 13822 D TrafficStats: tagSocket(113) with statsTag=0xffffffff, statsUid=-1
04-20 02:01:29.715 13762 13822 D TrafficStats: tagSocket(113) with statsTag=0xffffffff, statsUid=-1
04-20 02:01:29.730 13762 13778 D EGL_emulation: app_time_stats: avg=69.38ms min=15.10ms max=374.25ms count=15
04-20 02:01:29.771 13762 13822 D TrafficStats: tagSocket(5) with statsTag=0xffffffff, statsUid=-1
04-20 02:01:29.786 13762 13822 D TrafficStats: tagSocket(5) with statsTag=0xffffffff, statsUid=-1
04-20 02:01:29.789 13762 13822 D TrafficStats: tagSocket(5) with statsTag=0xffffffff, statsUid=-1
04-20 02:01:29.847 13762 13822 D TrafficStats: tagSocket(124) with statsTag=0xffffffff, statsUid=-1
04-20 02:01:29.862 13762 13822 D TrafficStats: tagSocket(124) with statsTag=0xffffffff, statsUid=-1
04-20 02:01:29.865 13762 13822 D TrafficStats: tagSocket(124) with statsTag=0xffffffff, statsUid=-1
04-20 02:01:29.924 13762 13822 D TrafficStats: tagSocket(120) with statsTag=0xffffffff, statsUid=-1
04-20 02:01:29.938 13762 13822 D TrafficStats: tagSocket(120) with statsTag=0xffffffff, statsUid=-1
04-20 02:01:29.941 13762 13822 D TrafficStats: tagSocket(120) with statsTag=0xffffffff, statsUid=-1
04-20 02:01:30.001 13762 13822 D TrafficStats: tagSocket(130) with statsTag=0xffffffff, statsUid=-1
04-20 02:01:30.015 13762 13822 D TrafficStats: tagSocket(130) with statsTag=0xffffffff, statsUid=-1
04-20 02:01:30.019 13762 13822 D TrafficStats: tagSocket(130) with statsTag=0xffffffff, statsUid=-1
04-20 02:01:30.075 13762 13822 D TrafficStats: tagSocket(126) with statsTag=0xffffffff, statsUid=-1
04-20 02:01:30.090 13762 13822 D TrafficStats: tagSocket(126) with statsTag=0xffffffff, statsUid=-1
04-20 02:01:30.093 13762 13822 D TrafficStats: tagSocket(165) with statsTag=0xffffffff, statsUid=-1
04-20 02:01:30.151 13762 13822 D TrafficStats: tagSocket(129) with statsTag=0xffffffff, statsUid=-1
04-20 02:01:30.165 13762 13822 D TrafficStats: tagSocket(129) with statsTag=0xffffffff, statsUid=-1
04-20 02:01:30.168 13762 13822 D TrafficStats: tagSocket(129) with statsTag=0xffffffff, statsUid=-1
04-20 02:01:30.226 13762 13822 D TrafficStats: tagSocket(127) with statsTag=0xffffffff, statsUid=-1
04-20 02:01:30.240 13762 13822 D TrafficStats: tagSocket(127) with statsTag=0xffffffff, statsUid=-1
04-20 02:01:30.243 13762 13822 D TrafficStats: tagSocket(127) with statsTag=0xffffffff, statsUid=-1
04-20 02:01:30.298 13762 13822 D TrafficStats: tagSocket(113) with statsTag=0xffffffff, statsUid=-1
04-20 02:01:30.312 13762 13822 D TrafficStats: tagSocket(113) with statsTag=0xffffffff, statsUid=-1
04-20 02:01:30.315 13762 13822 D TrafficStats: tagSocket(113) with statsTag=0xffffffff, statsUid=-1
04-20 02:01:30.372 13762 13822 D TrafficStats: tagSocket(116) with statsTag=0xffffffff, statsUid=-1
04-20 02:01:30.385 13762 13822 D TrafficStats: tagSocket(116) with statsTag=0xffffffff, statsUid=-1
04-20 02:01:30.388 13762 13822 D TrafficStats: tagSocket(116) with statsTag=0xffffffff, statsUid=-1
04-20 02:01:30.446 13762 13822 D TrafficStats: tagSocket(5) with statsTag=0xffffffff, statsUid=-1
04-20 02:01:30.458 13762 13822 D TrafficStats: tagSocket(5) with statsTag=0xffffffff, statsUid=-1
04-20 02:01:30.461 13762 13822 D TrafficStats: tagSocket(5) with statsTag=0xffffffff, statsUid=-1
04-20 02:01:30.519 13762 13822 D TrafficStats: tagSocket(124) with statsTag=0xffffffff, statsUid=-1
04-20 02:01:30.533 13762 13822 D TrafficStats: tagSocket(124) with statsTag=0xffffffff, statsUid=-1
04-20 02:01:30.537 13762 13822 D TrafficStats: tagSocket(124) with statsTag=0xffffffff, statsUid=-1
04-20 02:01:30.596 13762 13822 D TrafficStats: tagSocket(120) with statsTag=0xffffffff, statsUid=-1
04-20 02:01:30.610 13762 13822 D TrafficStats: tagSocket(120) with statsTag=0xffffffff, statsUid=-1
04-20 02:01:30.625 13762 13822 D TrafficStats: tagSocket(120) with statsTag=0xffffffff, statsUid=-1
04-20 02:01:30.932 13762 13822 D TrafficStats: tagSocket(120) with statsTag=0xffffffff, statsUid=-1
04-20 02:01:30.937 13762 13822 D TrafficStats: tagSocket(120) with statsTag=0xffffffff, statsUid=-1
04-20 02:01:30.940 13827 13847 I ReactNativeJS: '[runtime-state-sync-apply]', '{"direction":"master-to-slave","incomingSliceNames":["kernel.base.tcp-control-runtime-v2.identity"],"appliedSliceNames":["kernel.base.tcp-control-runtime-v2.identity"],"skippedSliceReasons":[]}'
04-20 02:01:30.941 13827 13848 I assembly.assembly.android.mixc-retail-rn84: [assembly.topology] Native topology host already matches desired lifecycle state {"displayCount":2,"displayIndex":1,"deviceId":"J9RZPWR3HK","instanceMode":"SLAVE","enableSlave":false,"running":false,"reason":"not-master-or-single-primary-host"}
04-20 02:01:30.941 13827 13848 I assembly.assembly.android.mixc-retail-rn84: [assembly.topology] Native topology host already matches desired lifecycle state {"displayCount":2,"displayIndex":1,"deviceId":"J9RZPWR3HK","instanceMode":"SLAVE","enableSlave":false,"running":false,"reason":"not-master-or-single-primary-host"}
04-20 02:01:30.944 13762 13785 I assembly.assembly.android.mixc-retail-rn84.transport.http.HttpRuntime: [transport.http] HTTP request started: kernel.base.tcp-control-runtime-v2.activate-terminal {"endpointName":"kernel.base.tcp-control-runtime-v2.activate-terminal","serverName":"mock-terminal-platform","addressName":"local","method":"POST","roundIndex":0,"attemptIndex":1}
04-20 02:01:30.945 13762 13785 I assembly.assembly.android.mixc-retail-rn84: [assembly.topology] Native topology host already matches desired lifecycle state {"displayCount":2,"displayIndex":0,"deviceId":"J9RZPWR3HK","instanceMode":"MASTER","enableSlave":true,"running":false,"reason":"not-master-or-single-primary-host"}
04-20 02:01:30.946 13762 13785 I MMKV    : <MMKV_IO.cpp:609::writeActualSize> [mixc-retail-assembly-rn84::state] increase sequence to 138, crc 2728060755, actualSize 14107
04-20 02:01:30.946 13762 13785 I MMKV    : <MMKV.cpp:1208::sync> MMKV::sync, SyncFlag = 1
04-20 02:01:30.946 13762 14033 D TrafficStats: tagSocket(130) with statsTag=0xffffffff, statsUid=-1
04-20 02:01:30.948 13762 13785 I assembly.assembly.android.mixc-retail-rn84: [assembly.topology] Native topology host already matches desired lifecycle state {"displayCount":2,"displayIndex":0,"deviceId":"J9RZPWR3HK","instanceMode":"MASTER","enableSlave":true,"running":false,"reason":"not-master-or-single-primary-host"}
04-20 02:01:30.949 13762 13785 I assembly.assembly.android.mixc-retail-rn84: [assembly.topology] Native topology host already matches desired lifecycle state {"displayCount":2,"displayIndex":0,"deviceId":"J9RZPWR3HK","instanceMode":"MASTER","enableSlave":true,"running":false,"reason":"not-master-or-single-primary-host"}
04-20 02:01:30.949 13762 13785 I assembly.assembly.android.mixc-retail-rn84: [assembly.topology] Native topology host already matches desired lifecycle state {"displayCount":2,"displayIndex":0,"deviceId":"J9RZPWR3HK","instanceMode":"MASTER","enableSlave":true,"running":false,"reason":"not-master-or-single-primary-host"}
04-20 02:01:30.952 13762 13822 D TrafficStats: tagSocket(137) with statsTag=0xffffffff, statsUid=-1
04-20 02:01:30.961 13762 13785 I assembly.assembly.android.mixc-retail-rn84.transport.http.HttpRuntime: [transport.http] HTTP request completed: kernel.base.tcp-control-runtime-v2.activate-terminal {"endpointName":"kernel.base.tcp-control-runtime-v2.activate-terminal","serverName":"mock-terminal-platform","addressName":"local","status":201}
04-20 02:01:30.963 13762 13784 I ReactNativeJS: '[tcp-activation-state-written]', '{"nodeId":"master:J9RZPWR3HK","sandboxId":"sandbox-kernel-base-test","terminalId":"terminal_es2jjmveck7u","bindingKeys":["platformId","tenantId","brandId","projectId","storeId","profileId","templateId"],"activatedAt":1776621690961}'
04-20 02:01:30.963 13762 13784 I ReactNativeJS: '[assembly.android.mixc-retail-rn84.websocket] connect', { url: 'ws://127.0.0.1:5810/api/v1/tdp/ws/connect?sandboxId=sandbox-kernel-base-test&terminalId=terminal_es2jjmveck7u&token=token_d8p6pbb1ck7u',
04-20 02:01:30.963 13762 13784 I ReactNativeJS:   protocol: 'ws',
04-20 02:01:30.963 13762 13784 I ReactNativeJS:   host: '127.0.0.1:5810',
04-20 02:01:30.963 13762 13784 I ReactNativeJS:   pathname: '/api/v1/tdp/ws/connect' }
04-20 02:01:30.963 13762 13785 I assembly.assembly.android.mixc-retail-rn84.transport.ws.SocketRuntime: [transport.ws] Socket connect started: kernel.base.tdp-sync-runtime-v2.socket {"profileName":"kernel.base.tdp-sync-runtime-v2.socket","serverName":"mock-terminal-platform","addressName":"local"}
04-20 02:01:30.965 13762 13778 D EGL_emulation: app_time_stats: avg=88.25ms min=17.74ms max=336.42ms count=14
04-20 02:01:30.966 13762 14037 D TrafficStats: tagSocket(126) with statsTag=0xffffffff, statsUid=-1
04-20 02:01:30.971 13762 13785 I assembly.assembly.android.mixc-retail-rn84: [assembly.topology] Native topology host already matches desired lifecycle state {"displayCount":2,"displayIndex":0,"deviceId":"J9RZPWR3HK","instanceMode":"MASTER","enableSlave":true,"running":false,"reason":"not-master-or-single-primary-host"}
04-20 02:01:30.972 13762 13785 I MMKV    : <MMKV_IO.cpp:609::writeActualSize> [mixc-retail-assembly-rn84::state] increase sequence to 139, crc 4074158980, actualSize 14106
04-20 02:01:30.972 13762 13785 I MMKV    : <MMKV.cpp:1208::sync> MMKV::sync, SyncFlag = 1
04-20 02:01:30.973 13762 13785 I assembly.assembly.android.mixc-retail-rn84: [assembly.topology] Native topology host already matches desired lifecycle state {"displayCount":2,"displayIndex":0,"deviceId":"J9RZPWR3HK","instanceMode":"MASTER","enableSlave":true,"running":false,"reason":"not-master-or-single-primary-host"}
04-20 02:01:30.974 13762 13785 I assembly.assembly.android.mixc-retail-rn84: [assembly.topology] Native topology host already matches desired lifecycle state {"displayCount":2,"displayIndex":0,"deviceId":"J9RZPWR3HK","instanceMode":"MASTER","enableSlave":true,"running":false,"reason":"not-master-or-single-primary-host"}
04-20 02:01:30.975 13762 13785 I assembly.assembly.android.mixc-retail-rn84: [assembly.topology] Native topology host already matches desired lifecycle state {"displayCount":2,"displayIndex":0,"deviceId":"J9RZPWR3HK","instanceMode":"MASTER","enableSlave":true,"running":false,"reason":"not-master-or-single-primary-host"}
04-20 02:01:30.975 13762 13785 I assembly.assembly.android.mixc-retail-rn84: [assembly.topology] Native topology host already matches desired lifecycle state {"displayCount":2,"displayIndex":0,"deviceId":"J9RZPWR3HK","instanceMode":"MASTER","enableSlave":true,"running":false,"reason":"not-master-or-single-primary-host"}
04-20 02:01:30.975 13762 13785 I assembly.assembly.android.mixc-retail-rn84: [assembly.topology] Native topology host already matches desired lifecycle state {"displayCount":2,"displayIndex":0,"deviceId":"J9RZPWR3HK","instanceMode":"MASTER","enableSlave":true,"running":false,"reason":"not-master-or-single-primary-host"}
04-20 02:01:30.975 13762 13785 I assembly.assembly.android.mixc-retail-rn84: [assembly.topology] Native topology host already matches desired lifecycle state {"displayCount":2,"displayIndex":0,"deviceId":"J9RZPWR3HK","instanceMode":"MASTER","enableSlave":true,"running":false,"reason":"not-master-or-single-primary-host"}
04-20 02:01:30.976 13762 13785 I assembly.assembly.android.mixc-retail-rn84: [assembly.topology] Native topology host already matches desired lifecycle state {"displayCount":2,"displayIndex":0,"deviceId":"J9RZPWR3HK","instanceMode":"MASTER","enableSlave":true,"running":false,"reason":"not-master-or-single-primary-host"}
04-20 02:01:30.979 13762 13785 I assembly.assembly.android.mixc-retail-rn84: [assembly.topology] Native topology host already matches desired lifecycle state {"displayCount":2,"displayIndex":0,"deviceId":"J9RZPWR3HK","instanceMode":"MASTER","enableSlave":true,"running":false,"reason":"not-master-or-single-primary-host"}
04-20 02:01:30.981 13762 13785 I MMKV    : <MMKV_IO.cpp:609::writeActualSize> [mixc-retail-assembly-rn84::secure-state] increase sequence to 5, crc 2870157681, actualSize 4
04-20 02:01:30.984 13762 13785 I MMKV    : <MMKV_IO.cpp:609::writeActualSize> [mixc-retail-assembly-rn84::state] increase sequence to 140, crc 3947118178, actualSize 15938
04-20 02:01:30.984 13762 13785 I MMKV    : <MMKV.cpp:1208::sync> MMKV::sync, SyncFlag = 1
04-20 02:01:30.985 13827 13847 I ReactNativeJS: '[runtime-state-sync-apply]', '{"direction":"master-to-slave","incomingSliceNames":["kernel.base.tcp-control-runtime-v2.sandbox"],"appliedSliceNames":["kernel.base.tcp-control-runtime-v2.sandbox"],"skippedSliceReasons":[]}'
04-20 02:01:30.986 13827 13848 I assembly.assembly.android.mixc-retail-rn84: [assembly.topology] Native topology host already matches desired lifecycle state {"displayCount":2,"displayIndex":1,"deviceId":"J9RZPWR3HK","instanceMode":"SLAVE","enableSlave":false,"running":false,"reason":"not-master-or-single-primary-host"}
04-20 02:01:30.986 13827 13848 I assembly.assembly.android.mixc-retail-rn84: [assembly.topology] Native topology host already matches desired lifecycle state {"displayCount":2,"displayIndex":1,"deviceId":"J9RZPWR3HK","instanceMode":"SLAVE","enableSlave":false,"running":false,"reason":"not-master-or-single-primary-host"}
04-20 02:01:30.986 13827 13847 I ReactNativeJS: '[runtime-state-sync-apply]', '{"direction":"master-to-slave","incomingSliceNames":["kernel.base.tcp-control-runtime-v2.identity"],"appliedSliceNames":["kernel.base.tcp-control-runtime-v2.identity"],"skippedSliceReasons":[]}'
04-20 02:01:30.987 13827 13847 I ReactNativeJS: '[runtime-state-sync-apply]', '{"direction":"master-to-slave","incomingSliceNames":["kernel.base.tcp-control-runtime-v2.credential"],"appliedSliceNames":["kernel.base.tcp-control-runtime-v2.credential"],"skippedSliceReasons":[]}'
04-20 02:01:30.987 13827 13848 I assembly.assembly.android.mixc-retail-rn84: [assembly.topology] Native topology host already matches desired lifecycle state {"displayCount":2,"displayIndex":1,"deviceId":"J9RZPWR3HK","instanceMode":"SLAVE","enableSlave":false,"running":false,"reason":"not-master-or-single-primary-host"}
04-20 02:01:30.988 13827 13848 I assembly.assembly.android.mixc-retail-rn84: [assembly.topology] Native topology host already matches desired lifecycle state {"displayCount":2,"displayIndex":1,"deviceId":"J9RZPWR3HK","instanceMode":"SLAVE","enableSlave":false,"running":false,"reason":"not-master-or-single-primary-host"}
04-20 02:01:30.988 13827 13848 I assembly.assembly.android.mixc-retail-rn84: [assembly.topology] Native topology host already matches desired lifecycle state {"displayCount":2,"displayIndex":1,"deviceId":"J9RZPWR3HK","instanceMode":"SLAVE","enableSlave":false,"running":false,"reason":"not-master-or-single-primary-host"}
04-20 02:01:30.988 13762 13785 I assembly.assembly.android.mixc-retail-rn84: [assembly.topology] Native topology host already matches desired lifecycle state {"displayCount":2,"displayIndex":0,"deviceId":"J9RZPWR3HK","instanceMode":"MASTER","enableSlave":true,"running":false,"reason":"not-master-or-single-primary-host"}
04-20 02:01:30.989 13827 13848 I assembly.assembly.android.mixc-retail-rn84: [assembly.topology] Native topology host already matches desired lifecycle state {"displayCount":2,"displayIndex":1,"deviceId":"J9RZPWR3HK","instanceMode":"SLAVE","enableSlave":false,"running":false,"reason":"not-master-or-single-primary-host"}
04-20 02:01:30.989 13827 13847 I ReactNativeJS: '[runtime-state-sync-apply]', '{"direction":"master-to-slave","incomingSliceNames":["kernel.base.tcp-control-runtime-v2.binding"],"appliedSliceNames":["kernel.base.tcp-control-runtime-v2.binding"],"skippedSliceReasons":[]}'
04-20 02:01:30.990 13827 13848 I assembly.assembly.android.mixc-retail-rn84: [assembly.topology] Native topology host already matches desired lifecycle state {"displayCount":2,"displayIndex":1,"deviceId":"J9RZPWR3HK","instanceMode":"SLAVE","enableSlave":false,"running":false,"reason":"not-master-or-single-primary-host"}
04-20 02:01:30.990 13827 13848 I assembly.assembly.android.mixc-retail-rn84: [assembly.topology] Native topology host already matches desired lifecycle state {"displayCount":2,"displayIndex":1,"deviceId":"J9RZPWR3HK","instanceMode":"SLAVE","enableSlave":false,"running":false,"reason":"not-master-or-single-primary-host"}
04-20 02:01:30.990 13827 13847 I ReactNativeJS: '[runtime-state-sync-apply]', '{"direction":"master-to-slave","incomingSliceNames":["kernel.base.ui-runtime-v2.screen.main"],"appliedSliceNames":["kernel.base.ui-runtime-v2.screen.main"],"skippedSliceReasons":[]}'
04-20 02:01:30.990 13827 13848 I assembly.assembly.android.mixc-retail-rn84: [assembly.topology] Native topology host already matches desired lifecycle state {"displayCount":2,"displayIndex":1,"deviceId":"J9RZPWR3HK","instanceMode":"SLAVE","enableSlave":false,"running":false,"reason":"not-master-or-single-primary-host"}
04-20 02:01:30.991 13827 13847 I ReactNativeJS: '[runtime-state-sync-apply]', '{"direction":"master-to-slave","incomingSliceNames":["kernel.base.ui-runtime-v2.screen.main"],"appliedSliceNames":["kernel.base.ui-runtime-v2.screen.main"],"skippedSliceReasons":[]}'
04-20 02:01:30.991 13827 13848 I assembly.assembly.android.mixc-retail-rn84: [assembly.topology] Native topology host already matches desired lifecycle state {"displayCount":2,"displayIndex":1,"deviceId":"J9RZPWR3HK","instanceMode":"SLAVE","enableSlave":false,"running":false,"reason":"not-master-or-single-primary-host"}
04-20 02:01:30.992 13827 14040 D TrafficStats: tagSocket(5) with statsTag=0xffffffff, statsUid=-1
04-20 02:01:30.999 13827 13848 I assembly.assembly.android.mixc-retail-rn84: [assembly.topology] Native topology host already matches desired lifecycle state {"displayCount":2,"displayIndex":1,"deviceId":"J9RZPWR3HK","instanceMode":"SLAVE","enableSlave":false,"running":false,"reason":"not-master-or-single-primary-host"}
04-20 02:01:30.999 13827 13848 I assembly.assembly.android.mixc-retail-rn84: [assembly.topology] Native topology host already matches desired lifecycle state {"displayCount":2,"displayIndex":1,"deviceId":"J9RZPWR3HK","instanceMode":"SLAVE","enableSlave":false,"running":false,"reason":"not-master-or-single-primary-host"}
04-20 02:01:31.002 13762 13785 I MMKV    : <MMKV_IO.cpp:609::writeActualSize> [mixc-retail-assembly-rn84::state] increase sequence to 141, crc 3919783720, actualSize 16005
04-20 02:01:31.002 13762 13785 I MMKV    : <MMKV.cpp:1208::sync> MMKV::sync, SyncFlag = 1
04-20 02:01:31.006 13762 13785 I MMKV    : <MMKV_IO.cpp:609::writeActualSize> [mixc-retail-assembly-rn84::state] increase sequence to 142, crc 2448935502, actualSize 16005
04-20 02:01:31.006 13762 13785 I MMKV    : <MMKV.cpp:1208::sync> MMKV::sync, SyncFlag = 1
04-20 02:01:31.009 13762 13785 I MMKV    : <MMKV_IO.cpp:609::writeActualSize> [mixc-retail-assembly-rn84::state] increase sequence to 143, crc 3913054954, actualSize 16005
04-20 02:01:31.009 13762 13785 I MMKV    : <MMKV.cpp:1208::sync> MMKV::sync, SyncFlag = 1
04-20 02:01:31.017 13827 13840 D EGL_emulation: app_time_stats: avg=193960.36ms min=3.61ms max=387917.12ms count=2
04-20 02:01:31.031 13762 13785 I assembly.assembly.android.mixc-retail-rn84: [assembly.topology] Native topology host already matches desired lifecycle state {"displayCount":2,"displayIndex":0,"deviceId":"J9RZPWR3HK","instanceMode":"MASTER","enableSlave":true,"running":false,"reason":"not-master-or-single-primary-host"}
04-20 02:01:31.032 13762 13785 I MMKV    : <MMKV_IO.cpp:609::writeActualSize> [mixc-retail-assembly-rn84::state] increase sequence to 144, crc 162535381, actualSize 16005
04-20 02:01:31.032 13762 13785 I MMKV    : <MMKV.cpp:1208::sync> MMKV::sync, SyncFlag = 1
04-20 02:01:31.034 13762 13785 I assembly.assembly.android.mixc-retail-rn84: [assembly.topology] Native topology host already matches desired lifecycle state {"displayCount":2,"displayIndex":0,"deviceId":"J9RZPWR3HK","instanceMode":"MASTER","enableSlave":true,"running":false,"reason":"not-master-or-single-primary-host"}
04-20 02:01:31.035 13762 13785 I assembly.assembly.android.mixc-retail-rn84: [assembly.topology] Native topology host already matches desired lifecycle state {"displayCount":2,"displayIndex":0,"deviceId":"J9RZPWR3HK","instanceMode":"MASTER","enableSlave":true,"running":false,"reason":"not-master-or-single-primary-host"}
04-20 02:01:31.035 13762 13785 I assembly.assembly.android.mixc-retail-rn84: [assembly.topology] Native topology host already matches desired lifecycle state {"displayCount":2,"displayIndex":0,"deviceId":"J9RZPWR3HK","instanceMode":"MASTER","enableSlave":true,"running":false,"reason":"not-master-or-single-primary-host"}
04-20 02:01:31.036 13762 13785 I assembly.assembly.android.mixc-retail-rn84: [assembly.topology] Native topology host already matches desired lifecycle state {"displayCount":2,"displayIndex":0,"deviceId":"J9RZPWR3HK","instanceMode":"MASTER","enableSlave":true,"running":false,"reason":"not-master-or-single-primary-host"}
04-20 02:01:31.036 13762 13785 I assembly.assembly.android.mixc-retail-rn84: [assembly.topology] Native topology host already matches desired lifecycle state {"displayCount":2,"displayIndex":0,"deviceId":"J9RZPWR3HK","instanceMode":"MASTER","enableSlave":true,"running":false,"reason":"not-master-or-single-primary-host"}
04-20 02:01:31.036 13762 13785 I assembly.assembly.android.mixc-retail-rn84: [assembly.topology] Native topology host already matches desired lifecycle state {"displayCount":2,"displayIndex":0,"deviceId":"J9RZPWR3HK","instanceMode":"MASTER","enableSlave":true,"running":false,"reason":"not-master-or-single-primary-host"}
04-20 02:01:31.036 13762 13785 I assembly.assembly.android.mixc-retail-rn84: [assembly.topology] Native topology host already matches desired lifecycle state {"displayCount":2,"displayIndex":0,"deviceId":"J9RZPWR3HK","instanceMode":"MASTER","enableSlave":true,"running":false,"reason":"not-master-or-single-primary-host"}
04-20 02:01:31.038 13762 13785 I MMKV    : <MMKV_IO.cpp:609::writeActualSize> [mixc-retail-assembly-rn84::state] increase sequence to 145, crc 1555729282, actualSize 16738
04-20 02:01:31.038 13762 13785 I MMKV    : <MMKV.cpp:1208::sync> MMKV::sync, SyncFlag = 1
04-20 02:01:31.363 13762 13822 D TrafficStats: tagSocket(127) with statsTag=0xffffffff, statsUid=-1
04-20 02:01:31.367 13762 13822 D TrafficStats: tagSocket(127) with statsTag=0xffffffff, statsUid=-1
04-20 02:01:31.371 13762 13822 D TrafficStats: tagSocket(127) with statsTag=0xffffffff, statsUid=-1
04-20 02:01:31.375 13762 13822 D TrafficStats: tagSocket(127) with statsTag=0xffffffff, statsUid=-1
04-20 02:01:32.491 13762 13822 D TrafficStats: tagSocket(127) with statsTag=0xffffffff, statsUid=-1
04-20 02:01:32.498 13762 13822 D TrafficStats: tagSocket(127) with statsTag=0xffffffff, statsUid=-1
--------- beginning of kernel
04-20 02:01:32.502   167   167 I logd    : logdr: UID=2000 GID=2000 PID=14045 n tail=0 logMask=99 pid=0 start=0ns deadline=0ns
