04-20 02:40:40.868 D/nativeloader(14955): Load /data/app/~~PgovJW1yntqYHQIIOuK2mg==/com.impos2.mixcretailassemblyrn84-OtN7IHmkzsrVu1CZBtG0IA==/base.apk!/lib/arm64-v8a/libreact_codegen_rnsvg.so using ns clns-7 from class loader (caller=/data/app/~~PgovJW1yntqYHQIIOuK2mg==/com.impos2.mixcretailassemblyrn84-OtN7IHmkzsrVu1CZBtG0IA==/base.apk): ok
04-20 02:40:40.868 D/jni_lib_merge(14955): Entering merged library JNI_OnLoad.
04-20 02:40:40.868 D/jni_lib_merge(14955): Preparing 12 pre-merged libs (including stub)
04-20 02:40:40.868 D/jni_lib_merge(14955): Preparing to register libfabricjni_so.  onload_func: 0x73abadca50
04-20 02:40:40.868 D/jni_lib_merge(14955): Preparing to register libreact_devsupportjni_so.  onload_func: 0x73abba036c
04-20 02:40:40.868 D/jni_lib_merge(14955): Preparing to register libreact_featureflagsjni_so.  onload_func: 0x73abbbaba8
04-20 02:40:40.868 D/jni_lib_merge(14955): Preparing to register libreact_newarchdefaults_so.  onload_func: 0x73abbf8d74
04-20 02:40:40.868 D/jni_lib_merge(14955): Preparing to register libreactnativeblob_so.  onload_func: 0x73abc99a4c
04-20 02:40:40.868 D/jni_lib_merge(14955): Preparing to register libreactnativejni_so.  onload_func: 0x73abcae9e4
04-20 02:40:40.868 D/jni_lib_merge(14955): Preparing to register libreactnativejni_common_so.  onload_func: 0x73abcb1be0
04-20 02:40:40.868 D/jni_lib_merge(14955): Preparing to register librninstance_so.  onload_func: 0x73abcce778
04-20 02:40:40.868 D/jni_lib_merge(14955): Preparing to register libturbomodulejsijni_so.  onload_func: 0x73abd780e0
04-20 02:40:40.868 D/jni_lib_merge(14955): Preparing to register libuimanagerjni_so.  onload_func: 0x73abd7eb00
04-20 02:40:40.868 D/jni_lib_merge(14955): Preparing to register libyoga_so.  onload_func: 0x73abd860c4
04-20 02:40:40.868 D/jni_lib_merge(14955): About to register 11 actual methods.
04-20 02:40:40.869 D/nativeloader(14955): Load /data/app/~~PgovJW1yntqYHQIIOuK2mg==/com.impos2.mixcretailassemblyrn84-OtN7IHmkzsrVu1CZBtG0IA==/base.apk!/lib/arm64-v8a/libappmodules.so using ns clns-7 from class loader (caller=/data/app/~~PgovJW1yntqYHQIIOuK2mg==/com.impos2.mixcretailassemblyrn84-OtN7IHmkzsrVu1CZBtG0IA==/base.apk): ok
04-20 02:40:40.871 I/ActivityManager(  590): Background started FGS: Allowed [callingPackage: com.impos2.mixcretailassemblyrn84; callingUid: 10217; uidState: FGS ; uidBFSL: [BFSL]; intent: Intent { cmp=com.impos2.mixcretailassemblyrn84/com.impos2.adapterv2.topologyhostv3.TopologyHostV3Service }; code:PROC_STATE_FGS; tempAllowListReason:<null>; targetSdkVersion:36; callerTargetSdkVersion:36; startForegroundCount:1; bindFromPackage:null: isBindService:false]
04-20 02:40:41.012 D/EGL_emulation( 1099): app_time_stats: avg=32.23ms min=13.25ms max=579.86ms count=37
04-20 02:40:42.034 D/EGL_emulation( 1099): app_time_stats: avg=1021.98ms min=1021.98ms max=1021.98ms count=1
04-20 02:40:42.890 E/TaskPersister(  590): File error accessing recents directory (directory doesn't exist?).
04-20 02:40:44.016 D/EGL_emulation( 1099): app_time_stats: avg=990.79ms min=981.21ms max=1000.37ms count=2
04-20 02:40:44.805 W/ActivityTaskManager(  590): callingPackage for (uid=1000, pid=590) is ambiguous: [android, com.android.providers.settings, com.android.server.telecom, com.android.location.fused]
04-20 02:40:44.807 E/ActivityTaskManager(  590): Background activity launch blocked! [callingPackage: com.impos2.mixcretailassemblyrn84; callingPackageTargetSdk: 36; callingUid: 10217; callingPid: -1; appSwitchState: 2; callingUidHasAnyVisibleWindow: false; callingUidProcState: FOREGROUND_SERVICE; isCallingUidPersistentSystemProcess: false; forcedBalByPiSender: BSP.NONE; intent: Intent { act=android.intent.action.MAIN cat=[android.intent.category.LAUNCHER] flg=0x10008000 pkg=com.impos2.mixcretailassemblyrn84 cmp=com.impos2.mixcretailassemblyrn84/.MainActivity }; callerApp: null; balAllowedByPiCreator: BSP.ALLOW_BAL; balAllowedByPiCreatorWithHardening: BSP.ALLOW_BAL; resultIfPiCreatorAllowsBal: BAL_BLOCK; hasRealCaller: true; isCallForResult: false; isPendingIntent: true; autoOptInReason: null; realCallingPackage: android.uid.system:1000[debugOnly]; realCallingPackageTargetSdk: -1; realCallingUid: 1000; realCallingPid: 590; realCallingUidHasAnyVisibleWindow: false; realCallingUidProcState: PERSISTENT; isRealCallingUidPersistentSystemProcess: true; originatingPendingIntent: PendingIntentRecord{3c952f com.impos2.mixcretailassemblyrn84 startActivity}; realCallerApp: null; balAllowedByPiSender: BSP.NONE; resultIfPiSenderAllowsBal: BAL_BLOCK; balImproveRealCallerVisibilityCheck: true; balRequireOptInByPendingIntentCreator: true; balRequireOptInSameUid: false; balRespectAppSwitchStateWhenCheckBoundByForegroundUid: true; balDontBringExistingBackgroundTaskStackToFg: true]
04-20 02:40:44.808 W/OptProp (  590): Cannot read opt property android.window.PROPERTY_COMPAT_ALLOW_USER_ASPECT_RATIO_OVERRIDE
04-20 02:40:44.808 W/OptProp (  590): Cannot read opt property android.window.PROPERTY_COMPAT_ALLOW_USER_ASPECT_RATIO_FULLSCREEN_OVERRIDE
04-20 02:40:44.808 W/OptProp (  590): Cannot read opt property android.window.PROPERTY_COMPAT_ALLOW_ORIENTATION_OVERRIDE
04-20 02:40:44.809 V/GrammaticalInflectionUtils(  590): AttributionSource: AttributionSource { uid = 10217, packageName = null, attributionTag = null, token = android.os.Binder@bdb3573, deviceId = 0, next = null } does not have READ_SYSTEM_GRAMMATICAL_GENDER permission.
04-20 02:40:44.809 W/OptProp (  590): Cannot read opt property android.window.PROPERTY_COMPAT_ALLOW_RESIZEABLE_ACTIVITY_OVERRIDES
04-20 02:40:44.809 W/OptProp (  590): Cannot read opt property android.window.PROPERTY_COMPAT_ALLOW_MIN_ASPECT_RATIO_OVERRIDE
04-20 02:40:44.810 E/ActivityTaskManager(  590): Abort background activity starts from 10217
04-20 02:40:44.810 I/ActivityTaskManager(  590): START u0 {act=android.intent.action.MAIN cat=[android.intent.category.LAUNCHER] flg=0x10008000 pkg=com.impos2.mixcretailassemblyrn84 cmp=com.impos2.mixcretailassemblyrn84/.MainActivity} with LAUNCH_SINGLE_TASK from uid 10217 (realCallingUid=1000) (BAL_BLOCK) result code=102
04-20 02:40:44.811 D/KeyguardService(  836): setOccluded(false)
04-20 02:40:44.811 D/KeyguardViewMediator(  836): setOccluded(false)
04-20 02:40:44.812 D/KeyguardViewMediator(  836): handleSetOccluded(false)
04-20 02:40:44.812 D/KeyguardViewMediator(  836): KeyguardViewMediator queue processing message: SET_OCCLUDED
04-20 02:40:46.017 D/EGL_emulation( 1099): app_time_stats: avg=1000.34ms min=998.66ms max=1002.02ms count=2
04-20 02:40:46.669 D/ProfileInstaller(14955): Installing profile for com.impos2.mixcretailassemblyrn84
04-20 02:40:47.037 D/EGL_emulation( 1099): app_time_stats: avg=1019.27ms min=1019.27ms max=1019.27ms count=1
04-20 02:40:49.018 D/EGL_emulation( 1099): app_time_stats: avg=990.39ms min=981.06ms max=999.72ms count=2
04-20 02:40:51.033 D/EGL_emulation( 1099): app_time_stats: avg=1007.63ms min=998.85ms max=1016.41ms count=2
04-20 02:40:52.038 D/EGL_emulation( 1099): app_time_stats: avg=1005.14ms min=1005.14ms max=1005.14ms count=1
04-20 02:40:54.035 D/EGL_emulation( 1099): app_time_stats: avg=998.06ms min=979.12ms max=1017.00ms count=2
04-20 02:40:54.923 I/netd    (  388): tetherGetStats() -> {[]} <0.93ms>
04-20 02:40:55.038 D/EGL_emulation( 1099): app_time_stats: avg=1003.33ms min=1003.33ms max=1003.33ms count=1
04-20 02:40:56.038 D/EGL_emulation( 1099): app_time_stats: avg=999.95ms min=999.95ms max=999.95ms count=1
04-20 02:40:58.035 D/EGL_emulation( 1099): app_time_stats: avg=998.11ms min=977.18ms max=1019.04ms count=2
04-20 02:40:59.755 W/healthd (  397): battery l=47 v=5000 t=25.0 h=2 st=4 c=900000 fc=3000000 cc=10 chg=a
04-20 02:41:00.007 I/AiAiEcho( 1389): Predicting[0]:  [CONTEXT sampling_count=5 ]
04-20 02:41:00.007 I/AiAiEcho( 1389): EchoTargets: 
04-20 02:41:00.007 I/AiAiEcho( 1389): Filtered by AiAi flag check: 
04-20 02:41:00.007 I/AiAiEcho( 1389): [CONTEXT ratelimit_period="10 SECONDS" ]
04-20 02:41:00.007 I/AiAiEcho( 1389): Ranked targets strategy: SORT, count: 0, ranking metadata:  [CONTEXT ratelimit_period="10 SECONDS" ]
04-20 02:41:00.007 I/AiAiEcho( 1389): #remoteViewsTwiddler: feature disabled.
04-20 02:41:00.007 I/AiAiEcho( 1389): Predicting[0]:  [CONTEXT sampling_count=5 ]
04-20 02:41:00.007 I/AiAiEcho( 1389): EchoTargets: 
04-20 02:41:00.007 I/AiAiEcho( 1389): Filtered by AiAi flag check: 
04-20 02:41:00.007 I/AiAiEcho( 1389): [CONTEXT ratelimit_period="10 SECONDS" ]
04-20 02:41:00.007 I/AiAiEcho( 1389): Ranked targets strategy: SORT, count: 0, ranking metadata:  [CONTEXT ratelimit_period="10 SECONDS" ]
04-20 02:41:00.007 I/AiAiEcho( 1389): #remoteViewsTwiddler: feature disabled.
04-20 02:41:00.008 I/AiAiEcho( 1389): #postPredictionTargets: Sending updates to UISurface lockscreen with targets# 0 (types=[])
04-20 02:41:00.008 I/AiAiEcho( 1389): #postPredictionTargets: Sending updates to UISurface home with targets# 0 (types=[])
04-20 02:41:00.011 D/SsBaseTemplateCard( 1099): No text view can be set up
04-20 02:41:00.011 D/SsBaseTemplateCard( 1099): Passed-in item info is null
04-20 02:41:00.012 D/SsBaseTemplateCard( 1099): Passed-in item info is null
04-20 02:41:00.012 D/SsBaseTemplateCard( 1099): Passed-in item info is null
04-20 02:41:00.012 I/SsBaseTemplateCard( 1099): Secondary card pane is null
04-20 02:41:00.013 W/PageIndicator(  836): Total number of pages invalid: 0. Assuming 1 page.
04-20 02:41:00.015 D/EGL_emulation( 1099): app_time_stats: avg=989.89ms min=980.98ms max=998.81ms count=2
04-20 02:41:00.017 D/EGL_emulation(  836): app_time_stats: avg=1029.29ms min=11.27ms max=20020.51ms count=20
04-20 02:41:01.016 D/EGL_emulation( 1099): app_time_stats: avg=1001.38ms min=1001.38ms max=1001.38ms count=1
04-20 02:41:02.017 D/EGL_emulation( 1099): app_time_stats: avg=1000.91ms min=1000.91ms max=1000.91ms count=1
04-20 02:41:03.037 D/EGL_emulation( 1099): app_time_stats: avg=1019.63ms min=1019.63ms max=1019.63ms count=1
