04-20 02:58:14.070 D/TrafficStats(15139): tagSocket(126) with statsTag=0xffffffff, statsUid=-1
04-20 02:58:14.070 E/JobScheduler.JobStatus(  590): App com.google.android.inputmethod.latin became active but still in NEVER bucket
04-20 02:58:14.071 I/SystemSubtypesReportModule(20885): SystemSubtypesReportModule$3.onCurrentInputMethodEntryChanged():136 entry: en-US, source: UNSPECIFIED
04-20 02:58:14.071 I/SystemSubtypesReportModule(20885): SystemSubtypesReportModule.switchToSubtypeByEntry():205 en-US
04-20 02:58:14.071 D/WindowTokenClient(20885): Configuration not dispatch to IME because configuration is up to date. Current config={1.3 ?mcc0mnc [en_US] ldltr sw723dp w1157dp h723dp 354dpi xlrg land finger qwerty/v/v dpad/v winConfig={ mBounds=Rect(0, 0 - 2560, 1600) mAppBounds=Rect(0, 0 - 2560, 1600) mMaxBounds=Rect(0, 0 - 2560, 1600) mDisplayRotation=ROTATION_0 mWindowingMode=fullscreen mActivityType=undefined mAlwaysOnTop=undefined mRotation=ROTATION_0} s.8 fontWeightAdjustment=0}, reported config={1.3 ?mcc0mnc [en_US] ldltr sw723dp w1157dp h723dp 354dpi xlrg land finger qwerty/v/v dpad/v winConfig={ mBounds=Rect(0, 0 - 2560, 1600) mAppBounds=Rect(0, 0 - 2560, 1600) mMaxBounds=Rect(0, 0 - 2560, 1600) mDisplayRotation=ROTATION_0 mWindowingMode=fullscreen mActivityType=undefined mAlwaysOnTop=undefined mRotation=ROTATION_0} s.8 fontWeightAdjustment=0}, updated config={1.3 ?mcc0mnc [en_US] ldltr sw723dp w1157dp h723dp 354dpi xlrg land finger qwerty/v/v dpad/v winConfig={ mBounds=Rect(0, 0 - 2560, 1600) mAppBounds=Rect(0, 0 - 2560, 1600) mMaxBounds=Rect(0, 0 - 2560, 1600) mDisplayRotation=ROTATION_0 mWindowingMode=fullscreen mActivityType=undefined mAlwaysOnTop=undefined mRotation=ROTATION_0} s.8 fontWeightAdjustment=0}, updated display ID=0
04-20 02:58:14.071 D/TrafficStats(15069): tagSocket(118) with statsTag=0xffffffff, statsUid=-1
04-20 02:58:14.071 D/WindowTokenClient(20885): Configuration not dispatch to IME because configuration is up to date. Current config={1.3 ?mcc0mnc [en_US] ldltr sw723dp w1157dp h723dp 354dpi xlrg land finger qwerty/v/v dpad/v winConfig={ mBounds=Rect(0, 0 - 2560, 1600) mAppBounds=Rect(0, 0 - 2560, 1600) mMaxBounds=Rect(0, 0 - 2560, 1600) mDisplayRotation=ROTATION_0 mWindowingMode=fullscreen mActivityType=undefined mAlwaysOnTop=undefined mRotation=ROTATION_0} s.8 fontWeightAdjustment=0}, reported config={1.3 ?mcc0mnc [en_US] ldltr sw723dp w1157dp h723dp 354dpi xlrg land finger qwerty/v/v dpad/v winConfig={ mBounds=Rect(0, 0 - 2560, 1600) mAppBounds=Rect(0, 0 - 2560, 1600) mMaxBounds=Rect(0, 0 - 2560, 1600) mDisplayRotation=ROTATION_0 mWindowingMode=fullscreen mActivityType=undefined mAlwaysOnTop=undefined mRotation=ROTATION_0} s.8 fontWeightAdjustment=0}, updated config={1.3 ?mcc0mnc [en_US] ldltr sw723dp w1157dp h723dp 354dpi xlrg land finger qwerty/v/v dpad/v winConfig={ mBounds=Rect(0, 0 - 2560, 1600) mAppBounds=Rect(0, 0 - 2560, 1600) mMaxBounds=Rect(0, 0 - 2560, 1600) mDisplayRotation=ROTATION_0 mWindowingMode=fullscreen mActivityType=undefined mAlwaysOnTop=undefined mRotation=ROTATION_0} s.8 fontWeightAdjustment=0}, updated display ID=0
04-20 02:58:14.072 I/GoogleInputMethodService(20885): GoogleInputMethodService.onStartInput():1986 onStartInput(EditorInfo{EditorInfo{packageName=com.impos2.mixcretailassemblyrn84, inputType=0, inputTypeString=NULL, enableLearning=false, autoCorrection=false, autoComplete=false, imeOptions=0, privateImeOptions=null, actionName=UNSPECIFIED, actionLabel=null, initialSelStart=-1, initialSelEnd=-1, initialCapsMode=0, label=null, fieldId=0, fieldName=null, extras=null, hintText=null, hintLocales=[]}}, false)
04-20 02:58:14.072 I/GoogleInputMethodService(20885): GoogleInputMethodService.updateDeviceLockedStatus():2248 repeatCheckTimes = 1, locked = false
04-20 02:58:14.072 I/AndroidIME(20885): InputBundleManager.loadActiveInputBundleId():450 loadActiveInputBundleId: und-Latn-x-password, password
04-20 02:58:14.072 I/HardKeyTracker(20885): HardKeyTracker.registerKeySequence():139 Register key sequence lnk{labelResId=2132019800, callback=gnd@d19e727, lastModifier=0, keyCodes=[57, 57], actions=[1, 0]}
04-20 02:58:14.072 I/HardKeyTracker(20885): HardKeyTracker.registerKeySequence():139 Register key sequence lnk{labelResId=0, callback=gnd@e203a72, lastModifier=0, keyCodes=[58, 58], actions=[1, 0]}
04-20 02:58:14.072 I/SP      (20885): Scheduling: download registered, 0 started, 0 paused, 3 scheduled, 3 pending: manifests:next-word-predictor-20210507 * {m:b:u:l, bg}, manifests:emoji-2023020111 * {m:b:u:l, bg}, manifests:emoticon_content_description-2022081613 * {W:b:u:l, bg}
04-20 02:58:14.072 W/PackageConfigPersister(  590): App-specific configuration not found for packageName: com.impos2.mixcretailassemblyrn84 and userId: 0
04-20 02:58:14.072 I/SuperpacksManagerImpl(20885): SuperpacksManagerImpl$3$1.onFailure():588 emoticon_content_description.registerManifest() cancelled
04-20 02:58:14.072 I/SP      (20885): Registering emoticon_content_description.2022081613, url: https://www.gstatic.com/android/keyboard/emoticon_content_desc/202208161305/superpacks_manifest.json, constraints: W:*:*:*, flags: bg, requested: 2022081613, current: -1
04-20 02:58:14.072 I/SP      (20885): Registering emoticon_content_description.2022081613, url: https://www.gstatic.com/android/keyboard/emoticon_content_desc/202208161305/superpacks_manifest.json, constraints: W:*:*:*, flags: bg, requested: 2022081613, current: -1
04-20 02:58:14.073 I/assembly.android.mixc-retail-rn84.boot(15139): {"stage":"runtime.start:done","displayIndex":1,"displayCount":2,"topologyRole":"slave","topologyWsUrl":"ws://127.0.0.1:8888/mockMasterServer/ws"}
04-20 02:58:14.074 D/TrafficStats(15139): tagSocket(129) with statsTag=0xffffffff, statsUid=-1
04-20 02:58:14.074 I/assembly.assembly.android.mixc-retail-rn84(15139): [assembly.topology] Native topology host already matches desired lifecycle state {"displayCount":2,"displayIndex":1,"deviceId":"J9RZPWR3HK","instanceMode":"SLAVE","enableSlave":false,"running":false,"reason":"not-master-or-single-primary-host"}
04-20 02:58:14.076 I/assembly.android.mixc-retail-rn84.boot(15139): {"stage":"automation.host:start","displayIndex":1,"displayCount":2,"topologyRole":"slave","topologyWsUrl":"ws://127.0.0.1:8888/mockMasterServer/ws","target":"secondary","host":"127.0.0.1","port":18585}
04-20 02:58:14.079 I/SP      (20885): Scheduling job with delay of 0s for {m:b:u:l, bg}, 2 candidates
04-20 02:58:14.080 I/assembly.assembly.android.mixc-retail-rn84(15069): [assembly.topology] Native topology host already matches desired lifecycle state {"displayCount":2,"displayIndex":0,"deviceId":"J9RZPWR3HK","instanceMode":"MASTER","enableSlave":true,"running":false,"reason":"not-master-or-single-primary-host"}
04-20 02:58:14.080 I/assembly.assembly.android.mixc-retail-rn84(15069): [assembly.topology] Native topology host already matches desired lifecycle state {"displayCount":2,"displayIndex":0,"deviceId":"J9RZPWR3HK","instanceMode":"MASTER","enableSlave":true,"running":false,"reason":"not-master-or-single-primary-host"}
04-20 02:58:14.080 I/assembly.assembly.android.mixc-retail-rn84(15069): [assembly.topology] Native topology host already matches desired lifecycle state {"displayCount":2,"displayIndex":0,"deviceId":"J9RZPWR3HK","instanceMode":"MASTER","enableSlave":true,"running":false,"reason":"not-master-or-single-primary-host"}
04-20 02:58:14.081 E/JobScheduler.JobStatus(  590): App com.google.android.inputmethod.latin became active but still in NEVER bucket
04-20 02:58:14.082 I/assembly.assembly.android.mixc-retail-rn84(15139): [assembly.topology] Native topology host already matches desired lifecycle state {"displayCount":2,"displayIndex":1,"deviceId":"J9RZPWR3HK","instanceMode":"SLAVE","enableSlave":false,"running":false,"reason":"not-master-or-single-primary-host"}
04-20 02:58:14.083 I/ReactNativeJS(15069): '[runtime-state-sync-apply]', '{"direction":"slave-to-master","incomingSliceNames":["kernel.base.topology-runtime-v3.demo.slave","kernel.base.ui-runtime-v2.screen.branch","kernel.base.ui-runtime-v2.overlay.branch","kernel.base.ui-runtime-v2.ui-variable.branch"],"appliedSliceNames":["kernel.base.topology-runtime-v3.demo.slave","kernel.base.ui-runtime-v2.screen.branch","kernel.base.ui-runtime-v2.overlay.branch","kernel.base.ui-runtime-v2.ui-variable.branch"],"skippedSliceReasons":[]}'
04-20 02:58:14.083 I/assembly.assembly.android.mixc-retail-rn84(15069): [assembly.topology] Native topology host already matches desired lifecycle state {"displayCount":2,"displayIndex":0,"deviceId":"J9RZPWR3HK","instanceMode":"MASTER","enableSlave":true,"running":false,"reason":"not-master-or-single-primary-host"}
04-20 02:58:14.083 I/assembly.assembly.android.mixc-retail-rn84(15139): [assembly.topology] Native topology host already matches desired lifecycle state {"displayCount":2,"displayIndex":1,"deviceId":"J9RZPWR3HK","instanceMode":"SLAVE","enableSlave":false,"running":false,"reason":"not-master-or-single-primary-host"}
04-20 02:58:14.083 I/assembly.assembly.android.mixc-retail-rn84(15069): [assembly.topology] Native topology host already matches desired lifecycle state {"displayCount":2,"displayIndex":0,"deviceId":"J9RZPWR3HK","instanceMode":"MASTER","enableSlave":true,"running":false,"reason":"not-master-or-single-primary-host"}
04-20 02:58:14.083 I/assembly.assembly.android.mixc-retail-rn84(15139): [assembly.topology] Native topology host already matches desired lifecycle state {"displayCount":2,"displayIndex":1,"deviceId":"J9RZPWR3HK","instanceMode":"SLAVE","enableSlave":false,"running":false,"reason":"not-master-or-single-primary-host"}
04-20 02:58:14.084 I/ReactNativeJS(15139): '[runtime-state-sync-apply]', '{"direction":"master-to-slave","incomingSliceNames":["kernel.base.topology-runtime-v3.demo.master","kernel.base.tcp-control-runtime-v2.identity","kernel.base.tcp-control-runtime-v2.credential","kernel.base.tcp-control-runtime-v2.binding","kernel.base.tcp-control-runtime-v2.sandbox","kernel.base.tdp-sync-runtime-v2.hot-update","kernel.base.ui-runtime-v2.screen.main","kernel.base.ui-runtime-v2.overlay.main","kernel.base.ui-runtime-v2.ui-variable.main"],"appliedSliceNames":["kernel.base.topology-runtime-v3.demo.master","kernel.base.tcp-control-runtime-v2.identity","kernel.base.tcp-control-runtime-v2.credential","kernel.base.tcp-control-runtime-v2.binding","kernel.base.tcp-control-runtime-v2.sandbox","kernel.base.tdp-sync-runtime-v2.hot-update","kernel.base.ui-runtime-v2.screen.main","kernel.base.ui-runtime-v2.overlay.main","kernel.base.ui-runtime-v2.ui-variable.main"],"skippedSliceReasons":[]}'
04-20 02:58:14.084 I/SP      (20885): Scheduling job with delay of 0s for {W:b:u:l, bg}, 1 candidates
04-20 02:58:14.085 E/JobScheduler.JobStatus(  590): App com.google.android.inputmethod.latin became active but still in NEVER bucket
04-20 02:58:14.088 I/SP      (20885): Scheduling: download registered, 0 started, 0 paused, 3 scheduled, 3 pending: manifests:next-word-predictor-20210507 * {m:b:u:l, bg}, manifests:emoji-2023020111 * {m:b:u:l, bg}, manifests:emoticon_content_description-2022081613 * {W:b:u:l, bg}
04-20 02:58:14.088 I/SuperpacksManagerImpl(20885): SuperpacksManagerImpl$3$1.onFailure():588 emoticon_content_description.registerManifest() cancelled
04-20 02:58:14.088 I/SuperpacksManagerImpl(20885): SuperpacksManagerImpl$3$1.onFailure():588 emoticon_content_description.registerManifest() cancelled
04-20 02:58:14.089 I/assembly.assembly.android.mixc-retail-rn84(15139): [assembly.topology] Native topology host already matches desired lifecycle state {"displayCount":2,"displayIndex":1,"deviceId":"J9RZPWR3HK","instanceMode":"SLAVE","enableSlave":false,"running":false,"reason":"not-master-or-single-primary-host"}
04-20 02:58:14.089 I/assembly.assembly.android.mixc-retail-rn84(15139): [assembly.topology] Native topology host already matches desired lifecycle state {"displayCount":2,"displayIndex":1,"deviceId":"J9RZPWR3HK","instanceMode":"SLAVE","enableSlave":false,"running":false,"reason":"not-master-or-single-primary-host"}
04-20 02:58:14.090 I/assembly.android.mixc-retail-rn84.boot(15139): {"stage":"app-load-complete:start","displayIndex":1}
04-20 02:58:14.090 D/TrafficStats(15139): tagSocket(132) with statsTag=0xffffffff, statsUid=-1
04-20 02:58:14.091 I/assembly.assembly.android.mixc-retail-rn84(15139): [assembly.topology] Native topology host already matches desired lifecycle state {"displayCount":2,"displayIndex":1,"deviceId":"J9RZPWR3HK","instanceMode":"SLAVE","enableSlave":false,"running":false,"reason":"not-master-or-single-primary-host"}
04-20 02:58:14.091 I/assembly.android.mixc-retail-rn84.boot(15139): {"stage":"app-load-complete:done","displayIndex":1}
04-20 02:58:14.094 D/TrafficStats(15139): tagSocket(135) with statsTag=0xffffffff, statsUid=-1
04-20 02:58:14.113 I/MMKV    (15069): <MMKV_IO.cpp:609::writeActualSize> [mixc-retail-assembly-rn84::state] increase sequence to 116, crc 1492283805, actualSize 23518
04-20 02:58:14.113 I/MMKV    (15069): <MMKV.cpp:1208::sync> MMKV::sync, SyncFlag = 1
04-20 02:58:14.227 V/WindowManagerShell(  836): Transition animation finished (aborted=false), notifying core (#552) android.os.BinderProxy@9c8e4ed@0
04-20 02:58:14.227 V/WindowManager(  590): Finish Transition (#552): created at 04-20 02:58:13.891 collect-started=0.014ms request-sent=3.424ms started=4.453ms ready=35.287ms sent=35.976ms finished=336.03ms
04-20 02:58:14.228 D/VRI[SecondaryDisplayLauncher]( 1099): visibilityChanged oldVisibility=true newVisibility=false
04-20 02:58:14.229 V/WindowManagerShell(  836): Track 0 became idle
04-20 02:58:14.229 V/WindowManagerShell(  836): All active transition animations finished
04-20 02:58:14.229 W/UserManagerService(  590): Requested status bar icon for non-badged user 0
04-20 02:58:14.230 W/UserManagerService(  590): Requested status bar icon for non-badged user 0
04-20 02:58:14.296 W/WindowOnBackDispatcher(  836): sendCancelIfRunning: isInProgress=false callback=android.view.ViewRootImpl$$ExternalSyntheticLambda11@e58002b
04-20 02:58:14.296 W/InputManager-JNI(  590): Input channel object '4b160b5 Splash Screen com.impos2.mixcretailassemblyrn84 (client)' was disposed without first being removed with the input manager!
04-20 02:58:14.296 D/CoreBackPreview(  590): Window{4b160b5 u0 Splash Screen com.impos2.mixcretailassemblyrn84 EXITING}: Setting back callback null
04-20 02:58:14.346 W/FrameTracker(  836): Missed SF frame:PREDICTION_ERROR, 170244892, 7045358, CUJ=J<SPLASHSCREEN_EXIT_ANIM>
04-20 02:58:14.346 W/FrameTracker(  836): Missed SF frame:PREDICTION_ERROR, 170245250, 6412072, CUJ=J<SPLASHSCREEN_EXIT_ANIM>
04-20 02:58:14.346 W/FrameTracker(  836): Missed SF frame:PREDICTION_ERROR, 170245322, 6425948, CUJ=J<SPLASHSCREEN_EXIT_ANIM>
04-20 02:58:14.346 W/FrameTracker(  836): Missing HWUI jank callback for vsyncId: 170245430, CUJ=J<SPLASHSCREEN_EXIT_ANIM>
04-20 02:58:14.346 V/PerfettoTrigger(  836): Not triggering com.android.telemetry.interaction-jank-monitor-39 - not enough time since last trigger
04-20 02:58:14.621 E/TaskPersister(  590): File error accessing recents directory (directory doesn't exist?).
04-20 02:58:15.932 D/ProfileInstaller(15069): Installing profile for com.impos2.mixcretailassemblyrn84
04-20 02:58:17.279 I/netd    (  388): tetherGetStats() -> {[]} <1.07ms>
04-20 02:58:17.884 W/adbd    (14705): timeout expired while flushing socket, closing
04-20 02:58:17.898 W/adbd    (14705): timeout expired while flushing socket, closing
04-20 02:58:17.958 D/ActivityManager(  590): freezing 4607 com.google.android.gms
04-20 02:58:20.698 D/ActivityManager(  590): freezing 21035 com.google.android.googlequicksearchbox:search
04-20 02:58:20.699 D/ActivityManager(  590): freezing 21183 com.google.android.webview:sandboxed_process0:org.chromium.content.app.SandboxedProcessService0:0
04-20 02:58:20.740 D/InetDiagMessage(  590): Destroyed 0 sockets, proto=IPPROTO_TCP, family=AF_INET, states=14
04-20 02:58:20.741 D/InetDiagMessage(  590): Destroyed 0 sockets, proto=IPPROTO_TCP, family=AF_INET6, states=14
04-20 02:58:20.741 D/InetDiagMessage(  590): Destroyed live tcp sockets for uids={99001} in 0ms
04-20 02:58:21.097 W/adbd    (14705): timeout expired while flushing socket, closing
04-20 02:58:21.102 W/adbd    (14705): timeout expired while flushing socket, closing
04-20 02:58:25.253 W/ailassemblyrn84(15069): ApkAssets: Deleting an ApkAssets object '<empty> and /data/app/~~j4BrjP0JsvTGmjdLkkfrgg==/com.google.android.webview-lp5hhYzxsBeFuV03zuxwaw==/WebViewGoogle.apk' with 2 weak references
04-20 02:58:26.244 E/WifiScoringParams(  590): Invalid frequency(-1), using 5G as default rssi array
04-20 02:58:27.881 W/yrn84:secondary(15139): ApkAssets: Deleting an ApkAssets object '<empty> and /data/app/~~j4BrjP0JsvTGmjdLkkfrgg==/com.google.android.webview-lp5hhYzxsBeFuV03zuxwaw==/WebViewGoogle.apk' with 2 weak references
04-20 02:58:29.024 I/netd    (  388): tetherGetStats() -> {[]} <1.28ms>
04-20 02:58:30.038 D/WifiNl80211Manager(  590): Scan result ready event
04-20 02:58:30.039 D/WifiNative(  590): Scan result ready event
04-20 02:58:30.048 I/HalDevMgr(  590): bestIfaceCreationProposal is null, requestIface=STA, existingIface=[name=wlan0 type=STA]
04-20 02:58:32.310 D/ActivityManager(  590): freezing 12083 com.android.keychain
04-20 02:58:32.312 D/ActivityManager(  590): freezing 11983 com.android.settings
04-20 02:58:33.785 D/TrafficStats(15069): tagSocket(5) with statsTag=0xffffffff, statsUid=-1
04-20 02:58:33.801 D/TrafficStats(15139): tagSocket(5) with statsTag=0xffffffff, statsUid=-1
04-20 02:58:41.819 I/logd    (  167): logdr: UID=0 GID=0 PID=15201 n tail=0 logMask=99 pid=0 start=0ns deadline=0ns
