--------- beginning of main
04-20 01:25:08.556 I/A       (21035): (REDACTED) Created gRPC endpoint for service %s
04-20 01:25:08.569 D/BoundBrokerSvc(  937): onBind: Intent { act=com.google.android.gms.phenotype.service.START pkg=com.google.android.gms }
04-20 01:25:08.569 D/BoundBrokerSvc(  937): Loading bound service for intent: Intent { act=com.google.android.gms.phenotype.service.START pkg=com.google.android.gms }
04-20 01:25:08.571 V/ClearcutMetricXmitter(21035): Transmission is done.
04-20 01:25:08.580 I/ImeTracker(  590): com.google.android.apps.nexuslauncher:673283e3: onRequestHide at ORIGIN_SERVER reason HIDE_UNSPECIFIED_WINDOW fromUser false
04-20 01:25:08.581 D/EGL_emulation( 1099): app_time_stats: avg=5516.74ms min=1.09ms max=137751.12ms count=25
04-20 01:25:08.582 I/ImeTracker(  590): com.google.android.apps.nexuslauncher:673283e3: onCancelled at PHASE_SERVER_SHOULD_HIDE
04-20 01:25:08.583 I/GoogleInputMethodService(20885): GoogleInputMethodService.onDestroy():1509 
04-20 01:25:08.583 W/InputManager-JNI(  590): Input channel object '90795b0 InputMethod (client)' was disposed without first being removed with the input manager!
04-20 01:25:08.584 I/GoogleInputMethodService(20885): GoogleInputMethodService.onFinishInput():3157 
04-20 01:25:08.584 I/resolv  (  388): GetAddrInfoHandler::run: {0 262144 0 983040 10144 0}
04-20 01:25:08.585 I/GoogleInputMethodService(20885): GoogleInputMethodService.updateDeviceLockedStatus():2248 repeatCheckTimes = 0, locked = false
04-20 01:25:08.585 I/resolv  (  388): GetAddrInfoHandler::run: {0 262144 0 983040 10144 0}
--------- beginning of system
04-20 01:25:08.585 W/WindowManager(  590): Failed looking up window session=Session{11d9fff 20885:u0a10158} callers=com.android.server.wm.WindowManagerService.removeClientToken:2058 com.android.server.wm.Session.remove:274 android.view.IWindowSession$Stub.onTransact:685 
04-20 01:25:08.586 I/GoogleInputMethodService(20885): GoogleInputMethodService.clearInputMethodServiceData():1613 clearInputMethodServiceData for onDestroy
04-20 01:25:08.586 W/A       (21035): CompleteServer request has failed and can't show offline suggestions.
04-20 01:25:08.586 W/A       (21035): com.google.frameworks.client.data.android.ac: Http networking stack error
04-20 01:25:08.586 W/A       (21035): 	at com.google.frameworks.client.data.android.x.run(PG:36)
04-20 01:25:08.586 W/A       (21035): 	at com.google.android.libraries.k.x.run(PG:3)
04-20 01:25:08.586 W/A       (21035): 	at com.google.common.n.c.c.run(PG:50)
04-20 01:25:08.586 W/A       (21035): 	at com.google.android.libraries.k.e.run(PG:8)
04-20 01:25:08.586 W/A       (21035): 	at java.lang.Thread.run(Thread.java:1012)
04-20 01:25:08.586 W/A       (21035): 	at com.google.android.libraries.k.d.b.run(PG:74)
04-20 01:25:08.586 W/A       (21035): Caused by: org.chromium.net.impl.ct: Exception in CronetUrlRequest: net::ERR_INTERNET_DISCONNECTED, ErrorCode=2, InternalErrorCode=-106, Retryable=false
04-20 01:25:08.586 W/A       (21035): 	at org.chromium.net.impl.CronetUrlRequest.onError(PG:80)
04-20 01:25:08.586 W/A       (21035): #getSuggestions failed
04-20 01:25:08.586 W/A       (21035): com.google.frameworks.client.data.android.ac: Http networking stack error
04-20 01:25:08.586 W/A       (21035): 	at com.google.frameworks.client.data.android.x.run(PG:36)
04-20 01:25:08.586 W/A       (21035): 	at com.google.android.libraries.k.x.run(PG:3)
04-20 01:25:08.586 W/A       (21035): 	at com.google.common.n.c.c.run(PG:50)
04-20 01:25:08.586 W/A       (21035): 	at com.google.android.libraries.k.e.run(PG:8)
04-20 01:25:08.586 W/A       (21035): 	at java.lang.Thread.run(Thread.java:1012)
04-20 01:25:08.586 W/A       (21035): 	at com.google.android.libraries.k.d.b.run(PG:74)
04-20 01:25:08.586 W/A       (21035): Caused by: org.chromium.net.impl.ct: Exception in CronetUrlRequest: net::ERR_INTERNET_DISCONNECTED, ErrorCode=2, InternalErrorCode=-106, Retryable=false
04-20 01:25:08.586 W/A       (21035): 	at org.chromium.net.impl.CronetUrlRequest.onError(PG:80)
04-20 01:25:08.586 I/GoogleInputMethodService(20885): GoogleInputMethodService.discardAllKeyboardViewAndInputView():1818 discardAllKeyboardViewAndInputView()
04-20 01:25:08.586 I/KeyboardModeManager(20885): KeyboardModeManager.setInputViewKeyboardViewHolderProvider():625 setInputView() : supportsOneHandedMode=false supportsSplitMode=true
04-20 01:25:08.586 I/NormalModeController(20885): NormalModeController.getKeyboardBodyViewHolderPaddingBottom():104 currentPrimeKeyboardType:SOFT systemPaddingBottom:-1
04-20 01:25:08.586 I/KeyboardModeManager(20885): KeyboardModeManager.setInputViewKeyboardViewHolderProvider():613 setInputView() : supportsOneHandedMode=false, supportSplitMode=true
04-20 01:25:08.586 I/InputMethodEntryManager(20885): InputMethodEntryManager.notifyCurrentInputMethodEntryOnContextChanged():521 notifyCurrentInputMethodEntryOnContextChanged()
04-20 01:25:08.586 I/InputMethodEntryManager(20885): InputMethodEntryManager.notifyCurrentInputMethodEntryOnContextChanged():542 Notify current input method entry changed on context change
04-20 01:25:08.587 E/OneSearchSuggestProvider( 1099): Unable to get suggestions from AGA
04-20 01:25:08.587 E/OneSearchSuggestProvider( 1099): io.grpc.StatusRuntimeException: UNKNOWN
04-20 01:25:08.587 E/OneSearchSuggestProvider( 1099): 	at l3.e.a(go/retraceme 6422cbaa18704413bfb3e93ebb8478614d3644845132061bc54b1fae066de31d:77)
04-20 01:25:08.587 E/OneSearchSuggestProvider( 1099): 	at j3.l.b(go/retraceme 6422cbaa18704413bfb3e93ebb8478614d3644845132061bc54b1fae066de31d:43)
04-20 01:25:08.587 E/OneSearchSuggestProvider( 1099): 	at j3.l.a(go/retraceme 6422cbaa18704413bfb3e93ebb8478614d3644845132061bc54b1fae066de31d:27)
04-20 01:25:08.587 E/OneSearchSuggestProvider( 1099): 	at j3.z.run(go/retraceme 6422cbaa18704413bfb3e93ebb8478614d3644845132061bc54b1fae066de31d:7)
04-20 01:25:08.587 E/OneSearchSuggestProvider( 1099): 	at j3.m2.run(go/retraceme 6422cbaa18704413bfb3e93ebb8478614d3644845132061bc54b1fae066de31d:19)
04-20 01:25:08.587 E/OneSearchSuggestProvider( 1099): 	at java.util.concurrent.ThreadPoolExecutor.runWorker(ThreadPoolExecutor.java:1145)
04-20 01:25:08.587 E/OneSearchSuggestProvider( 1099): 	at java.util.concurrent.ThreadPoolExecutor$Worker.run(ThreadPoolExecutor.java:644)
04-20 01:25:08.587 E/OneSearchSuggestProvider( 1099): 	at java.lang.Thread.run(Thread.java:1012)
04-20 01:25:08.587 I/SystemSubtypesReportModule(20885): SystemSubtypesReportModule$3.onCurrentInputMethodEntryChanged():136 entry: en-US, source: UNSPECIFIED
04-20 01:25:08.587 I/KeyboardThemeProvider(20885): KeyboardThemeProvider.reset():40 Reset keyboard theme
04-20 01:25:08.587 I/KeyboardContextProvider(20885): KeyboardContextProvider.setBaseContextAndInvalidKeyboardContextCache():88 setBaseContextAndInvalidKeyboardContextCache(): null
04-20 01:25:08.587 I/DeviceModeMonitor(20885): DeviceModeMonitor.calculateDeviceMode():76 Get device mode tablet_large by screen size and smallestScreenWidthDp: 723
04-20 01:25:08.587 I/HardKeyTracker(20885): HardKeyTracker.unregisterKeySequence():183 Unregister key sequence lnk{labelResId=2132019809, callback=jjt@6a05da2, lastModifier=2, keyCodes=[47], actions=[0]}
04-20 01:25:08.587 I/HardKeyTracker(20885): HardKeyTracker.unregisterKeySequence():183 Unregister key sequence lnk{labelResId=0, callback=jwl@34ab1ee, lastModifier=0, keyCodes=[204], actions=[0]}
04-20 01:25:08.587 W/AccessPointsManager(20885): AccessPointsManager.removeAccessPoint():834 The holder controller #0x7f0b2078 is not registered
04-20 01:25:08.587 I/AccessPointsListHolderController(20885): AccessPointsListHolderController.removeAccessPoint():304 The access point textediting is not added
04-20 01:25:08.587 I/AccessPointsListHolderController(20885): AccessPointsListHolderController.removeAccessPoint():304 The access point settings is not added
04-20 01:25:08.587 I/AccessPointsListHolderController(20885): AccessPointsListHolderController.removeAccessPoint():304 The access point theme_setting is not added
04-20 01:25:08.587 I/SP      (20885): Registering emoticon_content_description.2022081613, url: https://www.gstatic.com/android/keyboard/emoticon_content_desc/202208161305/superpacks_manifest.json, constraints: W:*:*:*, flags: bg, requested: 2022081613, current: -1
04-20 01:25:08.588 I/OnDevicePackDownloadModule(20885): OnDevicePackDownloadModule.onDestroy():95 onDestroy()
04-20 01:25:08.588 I/NewS3RecognizerModule(20885): NewS3RecognizerModule.onDestroy():21 onDestroy [news3]
04-20 01:25:08.588 I/HardKeyTracker(20885): HardKeyTracker.unregisterKeySequence():183 Unregister key sequence lnk{labelResId=2132019800, callback=gnd@dbd4ce, lastModifier=0, keyCodes=[57, 57], actions=[1, 0]}
04-20 01:25:08.588 I/HardKeyTracker(20885): HardKeyTracker.unregisterKeySequence():183 Unregister key sequence lnk{labelResId=0, callback=gnd@b4ee585, lastModifier=0, keyCodes=[58, 58], actions=[1, 0]}
04-20 01:25:08.588 I/AbstractOpenableExtension(20885): AbstractOpenableExtension.maybeDestroyExistingKeyboardGroupManager():538 Destroy existing keyboard group manager in fvq
04-20 01:25:08.590 I/EmojifyExtensionImpl(20885): EmojifyExtensionImpl.onDestroy():605 Destroying Emojify extension ehb@63a510.
04-20 01:25:08.590 I/AbstractOpenableExtension(20885): AbstractOpenableExtension.maybeDestroyExistingKeyboardGroupManager():538 Destroy existing keyboard group manager in fxu
04-20 01:25:08.591 W/WindowTokenClientController(20885): Can't find attached WindowTokenClient for android.window.WindowTokenClient@1c230c4
04-20 01:25:08.591 I/JapaneseMozcExtension(20885): JapaneseMozcExtension.onDestroyServiceInternal():81 onDestroyServiceInternal()
04-20 01:25:08.591 D/WindowTokenClient(20885): Only apply configuration update to Resources because shouldReportConfigChange is false. context=com.android.inputmethod.latin.LatinIME@2ec9f92, config={1.3 ?mcc0mnc [en_US] ldltr sw723dp w1157dp h723dp 354dpi xlrg land finger qwerty/v/v dpad/v winConfig={ mBounds=Rect(0, 0 - 2560, 1600) mAppBounds=Rect(0, 0 - 2560, 1600) mMaxBounds=Rect(0, 0 - 2560, 1600) mDisplayRotation=ROTATION_0 mWindowingMode=fullscreen mActivityType=undefined mAlwaysOnTop=undefined mRotation=ROTATION_0} s.8 fontWeightAdjustment=0}, display ID=0
04-20 01:25:08.591 D/WindowTokenClient(20885): android.window.WindowTokenClient.onConfigurationChanged:161 android.window.WindowTokenClientController.onWindowContextTokenAttached:197 android.window.WindowTokenClientController.attachToDisplayArea:116 android.window.WindowContextController.attachToDisplayArea:108 android.window.WindowProviderService.attachBaseContext:218 
04-20 01:25:08.591 I/GoogleInputMethodService(20885): GoogleInputMethodService.onCreate():1025 
04-20 01:25:08.593 W/ndroid.systemui(  836): ApkAssets: Deleting an ApkAssets object '<empty> and /data/app/~~tP809n97RtWMBq6zaWAxGg==/com.impos2.mixcretailassemblyrn84-55rLqenivyMdLHv3eqr_ew==/base.apk' with 3 weak references
04-20 01:25:08.598 I/WindowMetricsNotification(20885): WindowMetricsNotification.notify():106 WindowMetricsNotification{bounds=Rect(0, 53 - 2560, 1600), insets=Rect(0, 0 - 0, 0), densityDpi=354, smallestScreenWidthDp=723, displayWidth=2560, displayHeight=1600, xdpi=320.0, ydpi=320.0}; DisplayMetrics{density=2.2125, width=2560, height=1600, scaledDensity=2.2125, xdpi=320.0, ydpi=320.0}
04-20 01:25:08.599 I/WindowMetricsHelper(20885): WindowMetricsHelper.predictAndNotify():140 Window metrics predicted.
04-20 01:25:08.599 I/InputMethodEntryManager(20885): InputMethodEntryManager.notifyCurrentInputMethodEntryOnContextChanged():521 notifyCurrentInputMethodEntryOnContextChanged()
04-20 01:25:08.599 I/InputMethodEntryManager(20885): InputMethodEntryManager.notifyCurrentInputMethodEntryOnContextChanged():542 Notify current input method entry changed on context change
04-20 01:25:08.599 I/KeyboardContextProvider(20885): KeyboardContextProvider.setBaseContextAndInvalidKeyboardContextCache():88 setBaseContextAndInvalidKeyboardContextCache(): com.android.inputmethod.latin.LatinIME@2ec9f92
04-20 01:25:08.600 E/GoogleInputMethodService(20885): GoogleInputMethodService.getAppEditorInfo():2810 App EditorInfo should never be null.
04-20 01:25:08.600 D/SearchTargetUtil( 1099): query= size=0
04-20 01:25:08.601 I/StyledKeyboardThemeBuilder(20885): StyledKeyboardThemeBuilder.build():132 Pref: [], themeName: [silk:], darkMode: [false], cacheKey: [overlay_builtin_dynamic_color_light_base.binarypb:dynamic-gm3-light-fffefbff-ff495d92-88aedfe362701b9d56ce578190f21130]
04-20 01:25:08.601 I/KeyboardThemeProvider(20885): KeyboardThemeProvider.applyKeyboardTheme():27 Apply keyboard theme: theme_border_stylesheet_noshadow_pgsans_pillkey_silkpopup_light_tablet_large_keyboard_width_tablet_small_navredesign_600_overlay_builtin_dynamic_color_light_base.binarypb:dynamic-gm3-light-fffefbff-ff495d92-88aedfe362701b9d56ce578190f21130_land
04-20 01:25:08.601 I/KeyboardContextProvider(20885): KeyboardContextProvider$KeyboardContextCache.createKeyboardContext():173 createKeyboardContext(): en-US, jgg@8b06ac1(com.android.inputmethod.latin.LatinIME@2ec9f92), {1.3 ?mcc0mnc [en_US] ldltr sw723dp w1157dp h723dp 354dpi xlrg land finger qwerty/v/v dpad/v winConfig={ mBounds=Rect(0, 0 - 2560, 1600) mAppBounds=Rect(0, 0 - 2560, 1600) mMaxBounds=Rect(0, 0 - 2560, 1600) mDisplayRotation=ROTATION_0 mWindowingMode=fullscreen mActivityType=undefined mAlwaysOnTop=undefined mRotation=ROTATION_0} s.8 fontWeightAdjustment=0}
04-20 01:25:08.601 I/KeyboardHeightUtil(20885): KeyboardHeightUtil.calculateMaxKeyboardBodyHeight():45 leave 237 height for app when ime window height:1547, header height:106 and isFullscreenMode:false, so the max keyboard body height is:1204
04-20 01:25:08.601 I/KeyboardHeightUtil(20885): KeyboardHeightUtil.calculateMaxKeyboardBodyHeight():45 leave 237 height for app when ime window height:1547, header height:106 and isFullscreenMode:false, so the max keyboard body height is:1204
04-20 01:25:08.601 I/NormalModeController(20885): NormalModeController.getKeyboardBodyViewHolderPaddingBottom():104 currentPrimeKeyboardType:SOFT systemPaddingBottom:-1
04-20 01:25:08.601 I/GoogleInputMethodService(20885): GoogleInputMethodService.onCurrentInputMethodEntryChanged():3655 onCurrentInputMethodEntryChanged(): imeDefsChanged=false, initializedEntryChanged=true, keyboardContextChanged=true
04-20 01:25:08.601 I/GoogleInputMethodService(20885): GoogleInputMethodService.clearInputMethodServiceData():1613 clearInputMethodServiceData for entryChange
04-20 01:25:08.601 I/KeyboardHeightUtil(20885): KeyboardHeightUtil.calculateMaxKeyboardBodyHeight():45 leave 237 height for app when ime window height:1547, header height:106 and isFullscreenMode:false, so the max keyboard body height is:1204
04-20 01:25:08.601 I/KeyboardHeightUtil(20885): KeyboardHeightUtil.calculateMaxKeyboardBodyHeight():45 leave 237 height for app when ime window height:1547, header height:106 and isFullscreenMode:false, so the max keyboard body height is:1204
04-20 01:25:08.601 I/KeyboardModeManager(20885): KeyboardModeManager.onCurrentInputMethodEntryChanged():1133 Reload data for context change
04-20 01:25:08.601 I/GoogleInputMethodService(20885): GoogleInputMethodService.initializeInputMethodServiceData():1382 initializeInputMethodServiceData for kct{languageTag=en-US, variant=qwerty, hasLocalizedResources=true, conditionCacheKey=_cache_additional_ime_defs_for_condition_change=false_cache_ime_defs_for_condition_change=false_device=tablet_device_size=large_enable_flick_symbols=false_enable_more_candidates_view_for_multilingual=false_enable_number_row=false_enable_preemptive_decode=true_enable_secondary_digits=true_enable_secondary_symbols=false_enable_show_foldable_layout_on_small_tablet=false_expressions=normal_four_or_more_letter_rows=false_keyboard_mode=normal_language=en-US_orientation=landscape_physical_keyboard=qwerty_rtl_layout=false_show_secondary_digits=true_show_suggestions=true_split_with_duplicate_keys=true_variant=qwerty, imeDef.stringId=ime_english_united_states, imeDef.className=com.google.android.apps.inputmethod.libs.latin5.LatinIme, imeDef.languageTag=en-US}
04-20 01:25:08.601 E/GoogleInputMethodService(20885): GoogleInputMethodService.getAppEditorInfo():2810 App EditorInfo should never be null.
04-20 01:25:08.601 I/StyledKeyboardThemeBuilder(20885): StyledKeyboardThemeBuilder.build():132 Pref: [], themeName: [silk:], darkMode: [false], cacheKey: [overlay_builtin_dynamic_color_light_base.binarypb:dynamic-gm3-light-fffefbff-ff495d92-88aedfe362701b9d56ce578190f21130]
04-20 01:25:08.601 I/KeyboardThemeProvider(20885): KeyboardThemeProvider.applyKeyboardTheme():27 Apply keyboard theme: theme_border_stylesheet_noshadow_pgsans_pillkey_silkpopup_light_tablet_large_keyboard_width_tablet_extra_large_navredesign_600_overlay_builtin_dynamic_color_light_base.binarypb:dynamic-gm3-light-fffefbff-ff495d92-88aedfe362701b9d56ce578190f21130_land
04-20 01:25:08.602 I/AndroidIME(20885): InputBundleManager.loadActiveInputBundleId():450 loadActiveInputBundleId: und-Latn-x-password, password
04-20 01:25:08.602 I/SystemSubtypesReportModule(20885): SystemSubtypesReportModule$4.onSetCurrentInputMethodSubtype():160 en_US
04-20 01:25:08.603 I/JapaneseMozcExtension(20885): JapaneseMozcExtension.onCreateServiceInternal():76 onCreateServiceInternal()
04-20 01:25:08.603 I/DeviceModeMonitor(20885): DeviceModeMonitor.calculateDeviceMode():76 Get device mode tablet_large by screen size and smallestScreenWidthDp: 723
04-20 01:25:08.603 I/HardKeyTracker(20885): HardKeyTracker.registerKeySequence():139 Register key sequence lnk{labelResId=2132019809, callback=jjt@23d5787, lastModifier=2, keyCodes=[47], actions=[0]}
04-20 01:25:08.603 I/HardKeyTracker(20885): HardKeyTracker.registerKeySequence():139 Register key sequence lnk{labelResId=0, callback=jwl@a0de523, lastModifier=0, keyCodes=[204], actions=[0]}
04-20 01:25:08.603 I/NetworkInfoNotification(20885): NetworkInfoNotification$Listener.onReceive():112 onNetworkLost: networkState = NO_CONNECTION, isAirplaneModeOn = false
04-20 01:25:08.604 I/NewS3RecognizerModule(20885): NewS3RecognizerModule.onCreate():14 onCreate [news3]
04-20 01:25:08.604 I/AbstractOpenableExtension(20885): AbstractOpenableExtension.createKeyboardGroupManagerListenableFuture():120 Create keyboard group manager listenable future in fxu
04-20 01:25:08.604 I/EmojifyExtensionImpl(20885): EmojifyExtensionImpl.onCreate():599 Creating Emojify extension ehb@b238829.
04-20 01:25:08.604 I/KeyboardGroupDefParser(20885): KeyboardGroupDefParser.parseKeyboardGroupDef():83 parseKeyboardGroupDef() 2132214040 -> 0_resource_name_obfuscated : WaitTime = 0 ms : RunTime = 0 ms
04-20 01:25:08.604 I/AbstractOpenableExtension(20885): AbstractOpenableExtension$3.onSuccess():552 KeyboardGroupManager destroyed in fvq.
04-20 01:25:08.604 I/AbstractOpenableExtension(20885): AbstractOpenableExtension$3.onSuccess():552 KeyboardGroupManager destroyed in fxu.
04-20 01:25:08.605 I/NetworkInfoNotification(20885): NetworkInfoNotification$Listener.onReceive():112 onNetworkLost: networkState = NO_CONNECTION, isAirplaneModeOn = false
04-20 01:25:08.605 I/AbstractOpenableExtension(20885): AbstractOpenableExtension.createKeyboardGroupManagerListenableFuture():120 Create keyboard group manager listenable future in fvq
04-20 01:25:08.605 I/AccessPointsListHolderController(20885): AccessPointsListHolderController.removeAccessPoint():304 The access point textediting is not added
04-20 01:25:08.605 D/InputMethodManagerService(  590): Initializing Handwriting Spy
04-20 01:25:08.605 I/KeyboardGroupDefParser(20885): KeyboardGroupDefParser.parseKeyboardGroupDef():83 parseKeyboardGroupDef() 2132214033 -> 0_resource_name_obfuscated : WaitTime = 0 ms : RunTime = 0 ms
04-20 01:25:08.606 W/InputManager-JNI(  590): Input channel object 'stylus-handwriting-event-receiver-0 (client)' was disposed without first being removed with the input manager!
04-20 01:25:08.606 I/AccessPointsListHolderController(20885): AccessPointsListHolderController.removeAccessPoint():304 The access point settings is not added
04-20 01:25:08.606 I/AccessPointsListHolderController(20885): AccessPointsListHolderController.removeAccessPoint():304 The access point theme_setting is not added
04-20 01:25:08.606 I/ClipboardDataHandler(20885): ClipboardDataHandler.updateScreenshotsContentObserver():268 Disable the feature of handling screenshots in the clipboard.
04-20 01:25:08.606 I/KeyboardGroupDefParser(20885): KeyboardGroupDefParser.parseKeyboardGroupDef():83 parseKeyboardGroupDef() 2132214034 -> 0_resource_name_obfuscated : WaitTime = 0 ms : RunTime = 0 ms
04-20 01:25:08.607 I/SP      (20885): Scheduling job with delay of 0s for {m:b:u:l, bg}, 2 candidates
04-20 01:25:08.607 I/KeyboardGroupDefParser(20885): KeyboardGroupDefParser.parseKeyboardGroupDef():83 parseKeyboardGroupDef() 2132214028 -> 0_resource_name_obfuscated : WaitTime = 0 ms : RunTime = 0 ms
04-20 01:25:08.607 I/OnDevicePackDownloadModule(20885): OnDevicePackDownloadModule.onCreate():60 onCreate()
04-20 01:25:08.608 E/JobScheduler.JobStatus(  590): App com.google.android.inputmethod.latin became active but still in NEVER bucket
04-20 01:25:08.608 I/NetworkInfoNotification(20885): NetworkInfoNotification$Listener.onReceive():112 onNetworkLost: networkState = NO_CONNECTION, isAirplaneModeOn = false
04-20 01:25:08.608 I/NetworkInfoNotification(20885): NetworkInfoNotification$Listener.onReceive():112 onNetworkLost: networkState = NO_CONNECTION, isAirplaneModeOn = false
04-20 01:25:08.608 I/AccessPointsListHolderController(20885): AccessPointsListHolderController.removeAccessPoint():304 The access point one_handed is not added
04-20 01:25:08.609 I/SP      (20885): Scheduling job with delay of 0s for {W:b:u:l, bg}, 1 candidates
04-20 01:25:08.609 I/GoogleInputMethodService(20885): GoogleInputMethodService$GoogleInputMethodImpl.attachToken():4209 
04-20 01:25:08.610 I/NetworkInfoNotification(20885): NetworkInfoNotification$Listener.onReceive():112 onNetworkLost: networkState = NO_CONNECTION, isAirplaneModeOn = false
04-20 01:25:08.611 E/JobScheduler.JobStatus(  590): App com.google.android.inputmethod.latin became active but still in NEVER bucket
04-20 01:25:08.611 I/Environment(20885): Environment.isPackageInstalled():234 com.bitstrips.imoji is not installed
04-20 01:25:08.612 W/AndroidCreativeStickerFetcherFactory(20885): AndroidCreativeStickerFetcherFactory.createFetcher():19 Empty host or api key
04-20 01:25:08.615 I/SP      (20885): Scheduling: download registered, 0 started, 0 paused, 3 scheduled, 3 pending: manifests:next-word-predictor-20210507 * {m:b:u:l, bg}, manifests:emoji-2023020111 * {m:b:u:l, bg}, manifests:emoticon_content_description-2022081613 * {W:b:u:l, bg}
04-20 01:25:08.615 I/SuperpacksManagerImpl(20885): SuperpacksManagerImpl$3$1.onFailure():588 emoticon_content_description.registerManifest() cancelled
04-20 01:25:08.615 I/SP      (20885): Registering emoticon_content_description.2022081613, url: https://www.gstatic.com/android/keyboard/emoticon_content_desc/202208161305/superpacks_manifest.json, constraints: W:*:*:*, flags: bg, requested: 2022081613, current: -1
04-20 01:25:08.616 I/SP      (20885): Registering emoticon_content_description.2022081613, url: https://www.gstatic.com/android/keyboard/emoticon_content_desc/202208161305/superpacks_manifest.json, constraints: W:*:*:*, flags: bg, requested: 2022081613, current: -1
04-20 01:25:08.616 I/SystemSubtypesReportModule(20885): SystemSubtypesReportModule$3.onCurrentInputMethodEntryChanged():136 entry: en-US, source: UNSPECIFIED
04-20 01:25:08.616 I/SystemSubtypesReportModule(20885): SystemSubtypesReportModule.switchToSubtypeByEntry():205 en-US
04-20 01:25:08.617 D/WindowTokenClient(20885): Configuration not dispatch to IME because configuration is up to date. Current config={1.3 ?mcc0mnc [en_US] ldltr sw723dp w1157dp h723dp 354dpi xlrg land finger qwerty/v/v dpad/v winConfig={ mBounds=Rect(0, 0 - 2560, 1600) mAppBounds=Rect(0, 0 - 2560, 1600) mMaxBounds=Rect(0, 0 - 2560, 1600) mDisplayRotation=ROTATION_0 mWindowingMode=fullscreen mActivityType=undefined mAlwaysOnTop=undefined mRotation=ROTATION_0} s.8 fontWeightAdjustment=0}, reported config={1.3 ?mcc0mnc [en_US] ldltr sw723dp w1157dp h723dp 354dpi xlrg land finger qwerty/v/v dpad/v winConfig={ mBounds=Rect(0, 0 - 2560, 1600) mAppBounds=Rect(0, 0 - 2560, 1600) mMaxBounds=Rect(0, 0 - 2560, 1600) mDisplayRotation=ROTATION_0 mWindowingMode=fullscreen mActivityType=undefined mAlwaysOnTop=undefined mRotation=ROTATION_0} s.8 fontWeightAdjustment=0}, updated config={1.3 ?mcc0mnc [en_US] ldltr sw723dp w1157dp h723dp 354dpi xlrg land finger qwerty/v/v dpad/v winConfig={ mBounds=Rect(0, 0 - 2560, 1600) mAppBounds=Rect(0, 0 - 2560, 1600) mMaxBounds=Rect(0, 0 - 2560, 1600) mDisplayRotation=ROTATION_0 mWindowingMode=fullscreen mActivityType=undefined mAlwaysOnTop=undefined mRotation=ROTATION_0} s.8 fontWeightAdjustment=0}, updated display ID=0
04-20 01:25:08.619 D/WindowTokenClient(20885): Configuration not dispatch to IME because configuration is up to date. Current config={1.3 ?mcc0mnc [en_US] ldltr sw723dp w1157dp h723dp 354dpi xlrg land finger qwerty/v/v dpad/v winConfig={ mBounds=Rect(0, 0 - 2560, 1600) mAppBounds=Rect(0, 0 - 2560, 1600) mMaxBounds=Rect(0, 0 - 2560, 1600) mDisplayRotation=ROTATION_0 mWindowingMode=fullscreen mActivityType=undefined mAlwaysOnTop=undefined mRotation=ROTATION_0} s.8 fontWeightAdjustment=0}, reported config={1.3 ?mcc0mnc [en_US] ldltr sw723dp w1157dp h723dp 354dpi xlrg land finger qwerty/v/v dpad/v winConfig={ mBounds=Rect(0, 0 - 2560, 1600) mAppBounds=Rect(0, 0 - 2560, 1600) mMaxBounds=Rect(0, 0 - 2560, 1600) mDisplayRotation=ROTATION_0 mWindowingMode=fullscreen mActivityType=undefined mAlwaysOnTop=undefined mRotation=ROTATION_0} s.8 fontWeightAdjustment=0}, updated config={1.3 ?mcc0mnc [en_US] ldltr sw723dp w1157dp h723dp 354dpi xlrg land finger qwerty/v/v dpad/v winConfig={ mBounds=Rect(0, 0 - 2560, 1600) mAppBounds=Rect(0, 0 - 2560, 1600) mMaxBounds=Rect(0, 0 - 2560, 1600) mDisplayRotation=ROTATION_0 mWindowingMode=fullscreen mActivityType=undefined mAlwaysOnTop=undefined mRotation=ROTATION_0} s.8 fontWeightAdjustment=0}, updated display ID=0
04-20 01:25:08.620 I/GoogleInputMethodService(20885): GoogleInputMethodService.onStartInput():1986 onStartInput(EditorInfo{EditorInfo{packageName=com.google.android.apps.nexuslauncher, inputType=0, inputTypeString=NULL, enableLearning=false, autoCorrection=false, autoComplete=false, imeOptions=0, privateImeOptions=null, actionName=UNSPECIFIED, actionLabel=null, initialSelStart=-1, initialSelEnd=-1, initialCapsMode=0, label=null, fieldId=0, fieldName=null, extras=null, hintText=null, hintLocales=[]}}, false)
04-20 01:25:08.621 I/GoogleInputMethodService(20885): GoogleInputMethodService.updateDeviceLockedStatus():2248 repeatCheckTimes = 1, locked = false
04-20 01:25:08.621 I/AndroidIME(20885): InputBundleManager.loadActiveInputBundleId():450 loadActiveInputBundleId: und-Latn-x-password, password
04-20 01:25:08.621 I/HardKeyTracker(20885): HardKeyTracker.registerKeySequence():139 Register key sequence lnk{labelResId=2132019800, callback=gnd@ab8b9ad, lastModifier=0, keyCodes=[57, 57], actions=[1, 0]}
04-20 01:25:08.621 I/HardKeyTracker(20885): HardKeyTracker.registerKeySequence():139 Register key sequence lnk{labelResId=0, callback=gnd@d737b30, lastModifier=0, keyCodes=[58, 58], actions=[1, 0]}
04-20 01:25:08.621 W/PackageConfigPersister(  590): App-specific configuration not found for packageName: com.google.android.apps.nexuslauncher and userId: 0
04-20 01:25:08.623 I/SP      (20885): Scheduling job with delay of 0s for {m:b:u:l, bg}, 2 candidates
04-20 01:25:08.624 E/JobScheduler.JobStatus(  590): App com.google.android.inputmethod.latin became active but still in NEVER bucket
04-20 01:25:08.624 I/SP      (20885): Scheduling job with delay of 0s for {W:b:u:l, bg}, 1 candidates
04-20 01:25:08.624 E/JobScheduler.JobStatus(  590): App com.google.android.inputmethod.latin became active but still in NEVER bucket
04-20 01:25:08.628 W/ActivityTaskManager(  590): Unable to send transaction to client proc com.impos2.mixcretailassemblyrn84: no app thread
04-20 01:25:08.633 I/SP      (20885): Scheduling: download registered, 0 started, 0 paused, 3 scheduled, 3 pending: manifests:next-word-predictor-20210507 * {m:b:u:l, bg}, manifests:emoji-2023020111 * {m:b:u:l, bg}, manifests:emoticon_content_description-2022081613 * {W:b:u:l, bg}
04-20 01:25:08.633 I/SuperpacksManagerImpl(20885): SuperpacksManagerImpl$3$1.onFailure():588 emoticon_content_description.registerManifest() cancelled
04-20 01:25:08.633 I/SuperpacksManagerImpl(20885): SuperpacksManagerImpl$3$1.onFailure():588 emoticon_content_description.registerManifest() cancelled
04-20 01:25:08.660 W/ActivityTaskManager(  590): Unable to send transaction to client proc com.impos2.mixcretailassemblyrn84: no app thread
04-20 01:25:08.690 D/AndroidRuntime(12846): >>>>>> START com.android.internal.os.RuntimeInit uid 2000 <<<<<<
04-20 01:25:08.693 I/AndroidRuntime(12846): Using default boot image
04-20 01:25:08.693 I/AndroidRuntime(12846): Leaving lock profiling enabled
04-20 01:25:08.694 I/app_process(12846): Core platform API reporting enabled, enforcing=false
04-20 01:25:08.694 I/app_process(12846): Using CollectorTypeCMC GC.
04-20 01:25:08.724 D/nativeloader(12846): InitDefaultPublicLibraries for_preload=1: libandroid.so:libaaudio.so:libamidi.so:libbinder_ndk.so:libc.so:libcamera2ndk.so:libdl.so:libEGL.so:libGLESv1_CM.so:libGLESv2.so:libGLESv3.so:libicu.so:libicui18n.so:libicuuc.so:libjnigraphics.so:liblog.so:libmediandk.so:libm.so:libnativehelper.so:libnativewindow.so:libOpenMAXAL.so:libOpenSLES.so:libRS.so:libstdc++.so:libsync.so:libvulkan.so:libwebviewchromium_plat_support.so:libz.so
04-20 01:25:08.729 D/nativeloader(12846): Load libicu_jni.so using APEX ns com_android_art for caller /apex/com.android.art/javalib/core-oj.jar: ok
04-20 01:25:08.729 D/app_process(12846): u_setTimeZoneFilesDirectory("/apex/com.android.tzdata/etc/tz/versioned/8/icu") succeeded. 
04-20 01:25:08.730 D/app_process(12846): I18n APEX ICU file found: /apex/com.android.i18n/etc/icu/icudt75l.dat
04-20 01:25:08.731 D/nativeloader(12846): Load libjavacore.so using APEX ns com_android_art for caller /apex/com.android.art/javalib/core-oj.jar: ok
04-20 01:25:08.732 D/nativeloader(12846): Load libopenjdk.so using APEX ns com_android_art for caller /apex/com.android.art/javalib/core-oj.jar: ok
04-20 01:25:08.741 D/nativeloader(12846): Load libframework-connectivity-tiramisu-jni.so using APEX ns com_android_tethering for caller /apex/com.android.tethering/javalib/framework-connectivity-t.jar: ok
04-20 01:25:08.741 D/AndroidRuntime(12846): Calling main entry com.android.commands.monkey.Monkey
04-20 01:25:08.742 W/Monkey  (12846): args: [-p, com.impos2.mixcretailassemblyrn84, -c, android.intent.category.LAUNCHER, 1]
04-20 01:25:08.743 W/Monkey  (12846):  arg: "-p"
04-20 01:25:08.743 W/Monkey  (12846):  arg: "com.impos2.mixcretailassemblyrn84"
04-20 01:25:08.743 W/Monkey  (12846):  arg: "-c"
04-20 01:25:08.743 W/Monkey  (12846):  arg: "android.intent.category.LAUNCHER"
04-20 01:25:08.743 W/Monkey  (12846):  arg: "1"
04-20 01:25:08.743 W/Monkey  (12846): data="com.impos2.mixcretailassemblyrn84"
04-20 01:25:08.743 W/Monkey  (12846): data="android.intent.category.LAUNCHER"
04-20 01:25:08.752 W/ActivityManager(  590): registerReceiverWithFeature: no app for null
04-20 01:25:08.756 W/ActivityTaskManager(  590): callingPackage for (uid=2000, pid=12846) has no WPC
04-20 01:25:08.756 W/OptProp (  590): Cannot read opt property android.window.PROPERTY_COMPAT_ALLOW_USER_ASPECT_RATIO_OVERRIDE
04-20 01:25:08.756 W/OptProp (  590): Cannot read opt property android.window.PROPERTY_COMPAT_ALLOW_USER_ASPECT_RATIO_FULLSCREEN_OVERRIDE
04-20 01:25:08.756 W/OptProp (  590): Cannot read opt property android.window.PROPERTY_COMPAT_ALLOW_ORIENTATION_OVERRIDE
04-20 01:25:08.757 V/GrammaticalInflectionUtils(  590): AttributionSource: AttributionSource { uid = 10215, packageName = null, attributionTag = null, token = android.os.Binder@bdb3573, deviceId = 0, next = null } does not have READ_SYSTEM_GRAMMATICAL_GENDER permission.
04-20 01:25:08.757 W/OptProp (  590): Cannot read opt property android.window.PROPERTY_COMPAT_ALLOW_RESIZEABLE_ACTIVITY_OVERRIDES
04-20 01:25:08.757 W/OptProp (  590): Cannot read opt property android.window.PROPERTY_COMPAT_ALLOW_MIN_ASPECT_RATIO_OVERRIDE
04-20 01:25:08.759 W/InputDispatcher(  590): Focused display #0 does not have a focused window.
04-20 01:25:08.759 E/InputDispatcher(  590): But another display has a focused window
04-20 01:25:08.759 E/InputDispatcher(  590):   FocusedWindows:
04-20 01:25:08.759 E/InputDispatcher(  590):     displayId=2, name='57831cd com.google.android.apps.nexuslauncher/com.android.launcher3.secondarydisplay.SecondaryDisplayLauncher'
04-20 01:25:08.760 I/ActivityTaskManager(  590): Add Task{f3778f0 #847 type=standard A=10215:com.impos2.mixcretailassemblyrn84} to hidden list because adding Task{929448 #848 type=standard A=10215:com.impos2.mixcretailassemblyrn84}
04-20 01:25:08.763 D/SplashScreenView(  836): Build android.window.SplashScreenView{6e70f72 V.E...... ......ID 0,0-0,0}
04-20 01:25:08.763 D/SplashScreenView(  836): Icon: view: android.widget.ImageView{b427fc3 V.ED..... ......I. 0,0-0,0 #1020504 android:id/splashscreen_icon_view} drawable: com.android.wm.shell.startingsurface.SplashscreenIconDrawableFactory$ImmobileIconDrawable@2100040 size: 424
04-20 01:25:08.763 D/SplashScreenView(  836): Branding: view: android.view.View{263cb79 G.ED..... ......I. 0,0-0,0 #1020503 android:id/splashscreen_branding_view} drawable: null size w: 0 h: 0
04-20 01:25:08.764 I/ActivityTaskManager(  590): START u0 {act=android.intent.action.MAIN cat=[android.intent.category.LAUNCHER] flg=0x10200000 cmp=com.impos2.mixcretailassemblyrn84/.MainActivity} with LAUNCH_SINGLE_TASK from uid 2000 (BAL_ALLOW_PERMISSION) result code=0
04-20 01:25:08.765 I/Monkey  (12846): Events injected: 1
04-20 01:25:08.765 V/GrammaticalInflectionUtils(  590): AttributionSource: AttributionSource { uid = 10215, packageName = null, attributionTag = null, token = android.os.Binder@bdb3573, deviceId = 0, next = null } does not have READ_SYSTEM_GRAMMATICAL_GENDER permission.
04-20 01:25:08.765 W/SplitSelectStateCtor( 1099): Missing session instanceIds
04-20 01:25:08.765 D/StatsLog( 1099): LAUNCHER_SPLIT_SELECTION_EXIT_INTERRUPTED
04-20 01:25:08.767 V/WindowManagerShell(  836): Transition requested (#527): android.os.BinderProxy@bc3551f TransitionRequestInfo { type = OPEN, triggerTask = TaskInfo{userId=0 taskId=848 displayId=0 isRunning=true baseIntent=Intent { act=android.intent.action.MAIN cat=[android.intent.category.LAUNCHER] flg=0x10200000 cmp=com.impos2.mixcretailassemblyrn84/.MainActivity } baseActivity=ComponentInfo{com.impos2.mixcretailassemblyrn84/com.impos2.mixcretailassemblyrn84.MainActivity} topActivity=ComponentInfo{com.impos2.mixcretailassemblyrn84/com.impos2.mixcretailassemblyrn84.MainActivity} origActivity=null realActivity=ComponentInfo{com.impos2.mixcretailassemblyrn84/com.impos2.mixcretailassemblyrn84.MainActivity} numActivities=1 lastActiveTime=260894310 supportsMultiWindow=true resizeMode=1 isResizeable=true minWidth=-1 minHeight=-1 defaultMinSize=220 token=WCT{android.window.IWindowContainerToken$Stub$Proxy@b14e06c} topActivityType=1 pictureInPictureParams=null shouldDockBigOverlays=false launchIntoPipHostTaskId=-1 lastParentTaskIdBeforePip=-1 displayCutoutSafeInsets=null topActivityInfo=ActivityInfo{3cca635 com.impos2.mixcretailassemblyrn84.MainActivity} launchCookies=[] positionInParent=Point(0, 0) parentTaskId=-1 isFocused=false isVisible=false isVisibleRequested=false isSleeping=false locusId=null displayAreaFeatureId=1 isTopActivityTransparent=false appCompatTaskInfo=AppCompatTaskInfo { topActivityInSizeCompat=false topActivityEligibleForLetterboxEducation= falseisLetterboxEducationEnabled= true isLetterboxDoubleTapEnabled= false topActivityEligibleForUserAspectRatioButton= true topActivityBoundsLetterboxed= false isFromLetterboxDoubleTap= false topActivityLetterboxVerticalPosition= -1 topActivityLetterboxHorizontalPosition= -1 topActivityLetterboxWidth=2560 topActivityLetterboxHeight=1600 isUserFullscreenOverrideEnabled=false isSystemFullscreenOverrideEnabled=false cameraCompatTaskInfo=CameraCompatTaskInfo { cameraCompatControlState=hidden freeformCameraCompatMode=inactive}}}, pipTask = null, remoteTransition = null, displayChange = null, flags = 0, debugId = 527 }
04-20 01:25:08.767 D/ShellDesktopMode(  836): DesktopTaskRepo: visibleTaskCount= 0
04-20 01:25:08.767 I/AppsFilter(  590): interaction: PackageSetting{cd6f67d com.impos2.adapter.dev/10230} -> PackageSetting{955a460 com.impos2.mixcretailassemblyrn84/10215} BLOCKED
04-20 01:25:08.767 I/AppsFilter(  590): interaction: PackageSetting{d6861c3 com.impos2.mixcretailrn84v2/10231} -> PackageSetting{955a460 com.impos2.mixcretailassemblyrn84/10215} BLOCKED
04-20 01:25:08.767 I/AppsFilter(  590): interaction: PackageSetting{30d3a40 com.impos2.mixcretailrn84/10234} -> PackageSetting{955a460 com.impos2.mixcretailassemblyrn84/10215} BLOCKED
04-20 01:25:08.767 I/AppsFilter(  590): interaction: PackageSetting{5d37abe com.impos2.posadapter/10229} -> PackageSetting{955a460 com.impos2.mixcretailassemblyrn84/10215} BLOCKED
04-20 01:25:08.768 I/TopTaskTracker( 1099): onTaskMovedToFront: (moved taskInfo to front) taskId=848, baseIntent=Intent { act=android.intent.action.MAIN cat=[android.intent.category.LAUNCHER] flg=0x10200000 cmp=com.impos2.mixcretailassemblyrn84/.MainActivity }
04-20 01:25:08.768 I/AppWidgetServiceImpl(  590): Received broadcast: android.intent.action.PACKAGE_UNSTOPPED on user 0
04-20 01:25:08.768 I/AppWidgetServiceImpl(  590): Updating package stopped masked state for uid 10215 package com.impos2.mixcretailassemblyrn84 isStopped false
04-20 01:25:08.771 D/Zygote  (  389): Forked child process 12857
04-20 01:25:08.771 I/ActivityManager(  590): Start proc 12857:com.impos2.mixcretailassemblyrn84/u0a215 for next-top-activity {com.impos2.mixcretailassemblyrn84/com.impos2.mixcretailassemblyrn84.MainActivity}
04-20 01:25:08.771 W/ActivityTaskManager(  590): Unable to send transaction to client proc com.impos2.mixcretailassemblyrn84: no app thread
04-20 01:25:08.773 D/WindowManagerShell(  836): setLauncherKeepClearAreaHeight: visible=false, height=223
04-20 01:25:08.774 W/OptProp (  590): Cannot read opt property android.window.PROPERTY_COMPAT_ALLOW_DISPLAY_ORIENTATION_OVERRIDE
04-20 01:25:08.775 I/Monkey  (12846): ## Network stats: elapsed time=20ms (0ms mobile, 0ms wifi, 20ms not connected)
04-20 01:25:08.776 I/app_process(12846): System.exit called, status: 0
04-20 01:25:08.776 I/AndroidRuntime(12846): VM exiting with result code 0.
04-20 01:25:08.778 D/CoreBackPreview(  590): Window{2379f78 u0 Splash Screen com.impos2.mixcretailassemblyrn84}: Setting back callback OnBackInvokedCallbackInfo{mCallback=android.window.IOnBackInvokedCallback$Stub$Proxy@1033b24, mPriority=0, mIsAnimationCallback=false}
04-20 01:25:08.782 I/ailassemblyrn84(12857): Using CollectorTypeCMC GC.
04-20 01:25:08.784 E/ailassemblyrn84(12857): Not starting debugger since process cannot load the jdwp agent.
04-20 01:25:08.785 D/nativeloader(12857): Load libframework-connectivity-tiramisu-jni.so using APEX ns com_android_tethering for caller /apex/com.android.tethering/javalib/framework-connectivity-t.jar: ok
04-20 01:25:08.793 V/WindowManagerShell(  836): onTransitionReady(transaction=2534030743881)
04-20 01:25:08.794 V/WindowManagerShell(  836): onTransitionReady (#527) android.os.BinderProxy@bc3551f: {id=527 t=OPEN f=0x0 trk=0 r=[0@Point(0, 0)] c=[{WCT{android.window.IWindowContainerToken$Stub$Proxy@843f970} m=OPEN f=NONE leash=Surface(name=Task=848)/@0x60866ed sb=Rect(0, 0 - 2560, 1600) eb=Rect(0, 0 - 2560, 1600) d=0 taskParent=-1},{WCT{android.window.IWindowContainerToken$Stub$Proxy@79184e9} m=TO_BACK f=SHOW_WALLPAPER leash=Surface(name=Task=1)/@0x93e3922 sb=Rect(0, 0 - 2560, 1600) eb=Rect(0, 0 - 2560, 1600) d=0 taskParent=-1}]}
04-20 01:25:08.795 W/ActivityTaskManager(  590): Unable to send transaction to client proc com.impos2.mixcretailassemblyrn84: no app thread
04-20 01:25:08.796 V/WindowManager(  590): Sent Transition (#527) createdAt=04-20 01:25:08.757 via request=TransitionRequestInfo { type = OPEN, triggerTask = TaskInfo{userId=0 taskId=848 displayId=0 isRunning=true baseIntent=Intent { act=android.intent.action.MAIN cat=[android.intent.category.LAUNCHER] flg=0x10200000 cmp=com.impos2.mixcretailassemblyrn84/.MainActivity } baseActivity=ComponentInfo{com.impos2.mixcretailassemblyrn84/com.impos2.mixcretailassemblyrn84.MainActivity} topActivity=ComponentInfo{com.impos2.mixcretailassemblyrn84/com.impos2.mixcretailassemblyrn84.MainActivity} origActivity=null realActivity=ComponentInfo{com.impos2.mixcretailassemblyrn84/com.impos2.mixcretailassemblyrn84.MainActivity} numActivities=1 lastActiveTime=260894310 supportsMultiWindow=true resizeMode=1 isResizeable=true minWidth=-1 minHeight=-1 defaultMinSize=220 token=WCT{RemoteToken{7bbc5c1 Task{929448 #848 type=standard A=10215:com.impos2.mixcretailassemblyrn84}}} topActivityType=1 pictureInPictureParams=null shouldDockBigOverlays=false launchIntoPipHostTaskId=-1 lastParentTaskIdBeforePip=-1 displayCutoutSafeInsets=null topActivityInfo=ActivityInfo{57a3166 com.impos2.mixcretailassemblyrn84.MainActivity} launchCookies=[] positionInParent=Point(0, 0) parentTaskId=-1 isFocused=false isVisible=false isVisibleRequested=false isSleeping=false locusId=null displayAreaFeatureId=1 isTopActivityTransparent=false appCompatTaskInfo=AppCompatTaskInfo { topActivityInSizeCompat=false topActivityEligibleForLetterboxEducation= falseisLetterboxEducationEnabled= true isLetterboxDoubleTapEnabled= false topActivityEligibleForUserAspectRatioButton= true topActivityBoundsLetterboxed= false isFromLetterboxDoubleTap= false topActivityLetterboxVerticalPosition= -1 topActivityLetterboxHorizontalPosition= -1 topActivityLetterboxWidth=2560 topActivityLetterboxHeight=1600 isUserFullscreenOverrideEnabled=false isSystemFullscreenOverrideEnabled=false cameraCompatTaskInfo=CameraCompatTaskInfo { cameraCompatControlState=hidden freeformCameraCompatMode=inactive}}}, pipTask = null, remoteTransition = null, displayChange = null, flags = 0, debugId = 527 }
04-20 01:25:08.796 V/WindowManager(  590):     startWCT=WindowContainerTransaction { changes = {} hops = [] errorCallbackToken=null taskFragmentOrganizer=null }
04-20 01:25:08.797 V/WindowManager(  590):     info={id=527 t=OPEN f=0x0 trk=0 r=[0@Point(0, 0)] c=[
04-20 01:25:08.797 V/WindowManager(  590):         {WCT{RemoteToken{7bbc5c1 Task{929448 #848 type=standard A=10215:com.impos2.mixcretailassemblyrn84}}} m=OPEN f=NONE leash=Surface(name=Task=848)/@0xa5e36af sb=Rect(0, 0 - 2560, 1600) eb=Rect(0, 0 - 2560, 1600) d=0 taskParent=-1},
04-20 01:25:08.797 V/WindowManager(  590):         {WCT{RemoteToken{eecd609 Task{403a6f7 #1 type=home}}} m=TO_BACK f=SHOW_WALLPAPER leash=Surface(name=Task=1)/@0x27bc150 sb=Rect(0, 0 - 2560, 1600) eb=Rect(0, 0 - 2560, 1600) d=0 taskParent=-1}
04-20 01:25:08.797 V/WindowManager(  590):     ]}
04-20 01:25:08.798 D/nativeloader(12857): Configuring clns-7 for other apk /data/app/~~tP809n97RtWMBq6zaWAxGg==/com.impos2.mixcretailassemblyrn84-55rLqenivyMdLHv3eqr_ew==/base.apk. target_sdk_version=36, uses_libraries=, library_path=/data/app/~~tP809n97RtWMBq6zaWAxGg==/com.impos2.mixcretailassemblyrn84-55rLqenivyMdLHv3eqr_ew==/lib/arm64:/data/app/~~tP809n97RtWMBq6zaWAxGg==/com.impos2.mixcretailassemblyrn84-55rLqenivyMdLHv3eqr_ew==/base.apk!/lib/arm64-v8a, permitted_path=/data:/mnt/expand:/data/user/0/com.impos2.mixcretailassemblyrn84
04-20 01:25:08.798 V/WindowManagerShell(  836): Transition (#527) android.os.BinderProxy@bc3551f@0 ready while (#526) android.os.BinderProxy@21a4969@0 is still animating. Notify the animating transition in case they can be merged
04-20 01:25:08.798 W/UserManagerService(  590): Requested status bar icon for non-badged user 0
04-20 01:25:08.801 W/WindowManager(  590): Failed looking up window session=Session{330fbed 836:u0a10186} callers=com.android.server.wm.WindowManagerService.removeClientToken:2058 com.android.server.wm.Session.remove:274 android.view.IWindowSession$Stub.onTransact:685 
04-20 01:25:08.801 V/GraphicsEnvironment(12857): Currently set values for:
04-20 01:25:08.801 V/GraphicsEnvironment(12857):   angle_gl_driver_selection_pkgs=[]
04-20 01:25:08.801 V/GraphicsEnvironment(12857):   angle_gl_driver_selection_values=[]
04-20 01:25:08.801 V/GraphicsEnvironment(12857): Global.Settings values are invalid: number of packages: 0, number of values: 0
04-20 01:25:08.801 V/GraphicsEnvironment(12857): Neither updatable production driver nor prerelease driver is supported.
04-20 01:25:08.802 W/WindowManager(  590): Failed looking up window session=Session{330fbed 836:u0a10186} callers=com.android.server.wm.WindowManagerService.removeClientToken:2058 com.android.server.wm.Session.remove:274 android.view.IWindowSession$Stub.onTransact:685 
04-20 01:25:08.802 V/WindowManagerShell(  836): Transition animation finished (aborted=false), notifying core (#526) android.os.BinderProxy@21a4969@0
04-20 01:25:08.804 E/IPCThreadState(  590): Binder transaction failure. id: 42271476, BR_*: 29189, error: -22 (Invalid argument)
04-20 01:25:08.804 W/ActivityManager(  590): pid 590 system sent binder code 7 with flags 1 to frozen apps and got error -32
04-20 01:25:08.804 V/WindowManager(  590): Finish Transition (#526): created at 04-20 01:25:08.499 collect-started=0.013ms request-sent=0.046ms started=1.653ms ready=26.103ms sent=40.328ms finished=303.861ms
--------- beginning of kernel
04-20 01:25:08.805 I/binder  ( 1609): 1609:590 cannot find target node
04-20 01:25:08.805 I/binder  ( 1609): 590:1609 transaction async to 0:0 failed 42271476/29189/-22, size 64-0 line 3265
04-20 01:25:08.805 W/WindowManager(  590): Exception thrown during dispatchAppVisibility Window{cd57e64 u0 com.impos2.mixcretailassemblyrn84/com.impos2.mixcretailassemblyrn84.MainActivity EXITING}
04-20 01:25:08.805 W/WindowManager(  590): android.os.DeadObjectException
04-20 01:25:08.805 W/WindowManager(  590): 	at android.os.BinderProxy.transactNative(Native Method)
04-20 01:25:08.805 W/WindowManager(  590): 	at android.os.BinderProxy.transact(BinderProxy.java:586)
04-20 01:25:08.805 W/WindowManager(  590): 	at android.view.IWindow$Stub$Proxy.dispatchAppVisibility(IWindow.java:553)
04-20 01:25:08.805 W/WindowManager(  590): 	at com.android.server.wm.WindowState.sendAppVisibilityToClients(WindowState.java:3253)
04-20 01:25:08.805 W/WindowManager(  590): 	at com.android.server.wm.WindowContainer.sendAppVisibilityToClients(WindowContainer.java:1289)
04-20 01:25:08.805 W/WindowManager(  590): 	at com.android.server.wm.WindowToken.setClientVisible(WindowToken.java:403)
04-20 01:25:08.805 W/WindowManager(  590): 	at com.android.server.wm.ActivityRecord.setClientVisible(ActivityRecord.java:7166)
04-20 01:25:08.805 W/WindowManager(  590): 	at com.android.server.wm.ActivityRecord.postApplyAnimation(ActivityRecord.java:5881)
04-20 01:25:08.805 W/WindowManager(  590): 	at com.android.server.wm.ActivityRecord.commitVisibility(ActivityRecord.java:5823)
04-20 01:25:08.805 W/WindowManager(  590): 	at com.android.server.wm.Transition.finishTransition(Transition.java:1286)
04-20 01:25:08.805 W/WindowManager(  590): 	at com.android.server.wm.TransitionController.finishTransition(TransitionController.java:937)
04-20 01:25:08.805 W/WindowManager(  590): 	at com.android.server.wm.WindowOrganizerController.finishTransition(WindowOrganizerController.java:494)
04-20 01:25:08.805 W/WindowManager(  590): 	at android.window.IWindowOrganizerController$Stub.onTransact(IWindowOrganizerController.java:289)
04-20 01:25:08.805 W/WindowManager(  590): 	at com.android.server.wm.WindowOrganizerController.onTransact(WindowOrganizerController.java:204)
04-20 01:25:08.805 W/WindowManager(  590): 	at android.os.Binder.execTransactInternal(Binder.java:1505)
04-20 01:25:08.805 W/WindowManager(  590): 	at android.os.Binder.execTransact(Binder.java:1444)
04-20 01:25:08.805 W/Process (  590): Unable to open /proc/12652/status
04-20 01:25:08.805 E/IPCThreadState(  590): Binder transaction failure. id: 42271479, BR_*: 29189, error: -22 (Invalid argument)
04-20 01:25:08.805 W/ActivityManager(  590): pid 590 system sent binder code 7 with flags 1 to frozen apps and got error -32
04-20 01:25:08.805 D/ActivityManager(  590): Too many transaction errors, throttling freezer binder callback.
04-20 01:25:08.805 W/WindowManager(  590): Exception thrown during dispatchAppVisibility Window{fb22f50 u0 com.impos2.mixcretailassemblyrn84/com.impos2.mixcretailassemblyrn84.SecondaryActivity EXITING}
04-20 01:25:08.805 W/WindowManager(  590): android.os.DeadObjectException
04-20 01:25:08.805 W/WindowManager(  590): 	at android.os.BinderProxy.transactNative(Native Method)
04-20 01:25:08.805 W/WindowManager(  590): 	at android.os.BinderProxy.transact(BinderProxy.java:586)
04-20 01:25:08.805 W/WindowManager(  590): 	at android.view.IWindow$Stub$Proxy.dispatchAppVisibility(IWindow.java:553)
04-20 01:25:08.805 W/WindowManager(  590): 	at com.android.server.wm.WindowState.sendAppVisibilityToClients(WindowState.java:3253)
04-20 01:25:08.805 W/WindowManager(  590): 	at com.android.server.wm.WindowContainer.sendAppVisibilityToClients(WindowContainer.java:1289)
04-20 01:25:08.805 W/WindowManager(  590): 	at com.android.server.wm.WindowToken.setClientVisible(WindowToken.java:403)
04-20 01:25:08.805 W/WindowManager(  590): 	at com.android.server.wm.ActivityRecord.setClientVisible(ActivityRecord.java:7166)
04-20 01:25:08.805 W/WindowManager(  590): 	at com.android.server.wm.ActivityRecord.postApplyAnimation(ActivityRecord.java:5881)
