04-20 01:25:29.878 I/logd    (  167): logdr: UID=2000 GID=2000 PID=12973 n tail=0 logMask=99 pid=0 start=0ns deadline=0ns
04-20 01:25:29.896 D/TrafficStats(12921): tagSocket(138) with statsTag=0xffffffff, statsUid=-1
04-20 01:25:29.902 W/yrn84:secondary(12921): ApkAssets: Deleting an ApkAssets object '<empty> and /data/app/~~j4BrjP0JsvTGmjdLkkfrgg==/com.google.android.webview-lp5hhYzxsBeFuV03zuxwaw==/WebViewGoogle.apk' with 2 weak references
04-20 01:25:29.922 D/TrafficStats(12857): tagSocket(5) with statsTag=0xffffffff, statsUid=-1
04-20 01:25:29.925 D/TrafficStats(12857): tagSocket(5) with statsTag=0xffffffff, statsUid=-1
04-20 01:25:29.947 D/TrafficStats(12921): tagSocket(5) with statsTag=0xffffffff, statsUid=-1
04-20 01:25:29.950 D/TrafficStats(12921): tagSocket(5) with statsTag=0xffffffff, statsUid=-1
04-20 01:25:29.981 D/TrafficStats(12857): tagSocket(5) with statsTag=0xffffffff, statsUid=-1
04-20 01:25:29.985 D/TrafficStats(12857): tagSocket(5) with statsTag=0xffffffff, statsUid=-1
04-20 01:25:30.001 D/TrafficStats(12921): tagSocket(5) with statsTag=0xffffffff, statsUid=-1
04-20 01:25:30.004 D/TrafficStats(12921): tagSocket(5) with statsTag=0xffffffff, statsUid=-1
04-20 01:25:31.449 I/resolv  (  388): GetAddrInfoHandler::run: {0 786432 0 983040 10143 0}
04-20 01:25:31.450 W/gclk    (  937): [{0}] Failed to resolve name. status={1}
04-20 01:25:59.747 W/healthd (  397): battery l=47 v=5000 t=25.0 h=2 st=4 c=900000 fc=3000000 cc=10 chg=a
04-20 01:26:00.007 I/AiAiEcho( 1389): Predicting[0]:  [CONTEXT sampling_count=5 ]
04-20 01:26:00.007 I/AiAiEcho( 1389): EchoTargets: 
04-20 01:26:00.007 I/AiAiEcho( 1389): Filtered by AiAi flag check: 
04-20 01:26:00.007 I/AiAiEcho( 1389): [CONTEXT ratelimit_period="10 SECONDS" ]
04-20 01:26:00.008 I/AiAiEcho( 1389): Ranked targets strategy: SORT, count: 0, ranking metadata:  [CONTEXT ratelimit_period="10 SECONDS" ]
04-20 01:26:00.008 I/AiAiEcho( 1389): #remoteViewsTwiddler: feature disabled.
04-20 01:26:00.008 I/AiAiEcho( 1389): Predicting[0]:  [CONTEXT sampling_count=5 ]
04-20 01:26:00.008 I/AiAiEcho( 1389): EchoTargets: 
04-20 01:26:00.008 I/AiAiEcho( 1389): Filtered by AiAi flag check: 
04-20 01:26:00.008 I/AiAiEcho( 1389): [CONTEXT ratelimit_period="10 SECONDS" ]
04-20 01:26:00.008 I/AiAiEcho( 1389): Ranked targets strategy: SORT, count: 0, ranking metadata:  [CONTEXT ratelimit_period="10 SECONDS" ]
04-20 01:26:00.008 I/AiAiEcho( 1389): #remoteViewsTwiddler: feature disabled.
04-20 01:26:00.008 I/AiAiEcho( 1389): #postPredictionTargets: Sending updates to UISurface lockscreen with targets# 0 (types=[])
04-20 01:26:00.009 I/AiAiEcho( 1389): #postPredictionTargets: Sending updates to UISurface home with targets# 0 (types=[])
04-20 01:26:00.011 D/SsBaseTemplateCard( 1099): No text view can be set up
04-20 01:26:00.011 D/SsBaseTemplateCard( 1099): Passed-in item info is null
04-20 01:26:00.011 D/SsBaseTemplateCard( 1099): Passed-in item info is null
04-20 01:26:00.011 D/SsBaseTemplateCard( 1099): Passed-in item info is null
04-20 01:26:00.011 I/SsBaseTemplateCard( 1099): Secondary card pane is null
04-20 01:26:00.014 W/PageIndicator(  836): Total number of pages invalid: 0. Assuming 1 page.
04-20 01:26:00.032 D/EGL_emulation(  836): app_time_stats: avg=2560.46ms min=11.65ms max=50403.72ms count=20
04-20 01:26:02.134 I/resolv  (  388): GetAddrInfoHandler::run: {0 786432 0 983040 10143 0}
04-20 01:26:02.135 W/gclk    (  937): [{0}] Failed to resolve name. status={1}
04-20 01:26:02.791 D/TrafficStats(12857): tagSocket(5) with statsTag=0xffffffff, statsUid=-1
04-20 01:26:02.797 D/TrafficStats(12857): tagSocket(5) with statsTag=0xffffffff, statsUid=-1
04-20 01:26:02.805 D/TrafficStats(12857): tagSocket(5) with statsTag=0xffffffff, statsUid=-1
04-20 01:26:02.819 D/TrafficStats(12857): tagSocket(5) with statsTag=0xffffffff, statsUid=-1
04-20 01:26:02.822 D/TrafficStats(12857): tagSocket(5) with statsTag=0xffffffff, statsUid=-1
04-20 01:26:02.842 D/EGL_emulation(12857): app_time_stats: avg=3471.45ms min=1.79ms max=52031.71ms count=15
04-20 01:26:02.844 D/TrafficStats(12857): tagSocket(123) with statsTag=0xffffffff, statsUid=-1
04-20 01:26:02.848 D/TrafficStats(12857): tagSocket(123) with statsTag=0xffffffff, statsUid=-1
04-20 01:26:02.906 D/TrafficStats(12857): tagSocket(126) with statsTag=0xffffffff, statsUid=-1
04-20 01:26:02.921 D/TrafficStats(12857): tagSocket(126) with statsTag=0xffffffff, statsUid=-1
04-20 01:26:02.923 D/TrafficStats(12857): tagSocket(126) with statsTag=0xffffffff, statsUid=-1
04-20 01:26:02.978 D/TrafficStats(12857): tagSocket(150) with statsTag=0xffffffff, statsUid=-1
04-20 01:26:02.993 D/TrafficStats(12857): tagSocket(150) with statsTag=0xffffffff, statsUid=-1
04-20 01:26:02.995 D/TrafficStats(12857): tagSocket(150) with statsTag=0xffffffff, statsUid=-1
04-20 01:26:03.051 D/TrafficStats(12857): tagSocket(130) with statsTag=0xffffffff, statsUid=-1
04-20 01:26:03.066 D/TrafficStats(12857): tagSocket(130) with statsTag=0xffffffff, statsUid=-1
04-20 01:26:03.069 D/TrafficStats(12857): tagSocket(130) with statsTag=0xffffffff, statsUid=-1
04-20 01:26:03.122 D/TrafficStats(12857): tagSocket(128) with statsTag=0xffffffff, statsUid=-1
04-20 01:26:03.137 D/TrafficStats(12857): tagSocket(128) with statsTag=0xffffffff, statsUid=-1
04-20 01:26:03.139 D/TrafficStats(12857): tagSocket(134) with statsTag=0xffffffff, statsUid=-1
04-20 01:26:03.195 D/TrafficStats(12857): tagSocket(5) with statsTag=0xffffffff, statsUid=-1
04-20 01:26:03.208 D/TrafficStats(12857): tagSocket(5) with statsTag=0xffffffff, statsUid=-1
04-20 01:26:03.211 D/TrafficStats(12857): tagSocket(5) with statsTag=0xffffffff, statsUid=-1
04-20 01:26:03.267 D/TrafficStats(12857): tagSocket(123) with statsTag=0xffffffff, statsUid=-1
04-20 01:26:03.281 D/TrafficStats(12857): tagSocket(123) with statsTag=0xffffffff, statsUid=-1
04-20 01:26:03.283 D/TrafficStats(12857): tagSocket(123) with statsTag=0xffffffff, statsUid=-1
04-20 01:26:03.339 D/TrafficStats(12857): tagSocket(125) with statsTag=0xffffffff, statsUid=-1
04-20 01:26:03.354 D/TrafficStats(12857): tagSocket(125) with statsTag=0xffffffff, statsUid=-1
04-20 01:26:03.356 D/TrafficStats(12857): tagSocket(125) with statsTag=0xffffffff, statsUid=-1
04-20 01:26:03.411 D/TrafficStats(12857): tagSocket(126) with statsTag=0xffffffff, statsUid=-1
04-20 01:26:03.426 D/TrafficStats(12857): tagSocket(126) with statsTag=0xffffffff, statsUid=-1
04-20 01:26:03.428 D/TrafficStats(12857): tagSocket(126) with statsTag=0xffffffff, statsUid=-1
04-20 01:26:03.484 D/TrafficStats(12857): tagSocket(127) with statsTag=0xffffffff, statsUid=-1
04-20 01:26:03.499 D/TrafficStats(12857): tagSocket(127) with statsTag=0xffffffff, statsUid=-1
04-20 01:26:03.502 D/TrafficStats(12857): tagSocket(146) with statsTag=0xffffffff, statsUid=-1
04-20 01:26:03.559 D/TrafficStats(12857): tagSocket(146) with statsTag=0xffffffff, statsUid=-1
04-20 01:26:03.574 D/TrafficStats(12857): tagSocket(146) with statsTag=0xffffffff, statsUid=-1
04-20 01:26:03.578 D/TrafficStats(12857): tagSocket(146) with statsTag=0xffffffff, statsUid=-1
04-20 01:26:03.634 D/TrafficStats(12857): tagSocket(130) with statsTag=0xffffffff, statsUid=-1
04-20 01:26:03.649 D/TrafficStats(12857): tagSocket(130) with statsTag=0xffffffff, statsUid=-1
04-20 01:26:03.652 D/TrafficStats(12857): tagSocket(130) with statsTag=0xffffffff, statsUid=-1
04-20 01:26:03.709 D/TrafficStats(12857): tagSocket(128) with statsTag=0xffffffff, statsUid=-1
04-20 01:26:03.724 D/TrafficStats(12857): tagSocket(128) with statsTag=0xffffffff, statsUid=-1
04-20 01:26:03.728 D/TrafficStats(12857): tagSocket(128) with statsTag=0xffffffff, statsUid=-1
04-20 01:26:03.785 D/TrafficStats(12857): tagSocket(113) with statsTag=0xffffffff, statsUid=-1
04-20 01:26:03.800 D/TrafficStats(12857): tagSocket(113) with statsTag=0xffffffff, statsUid=-1
04-20 01:26:03.803 D/TrafficStats(12857): tagSocket(113) with statsTag=0xffffffff, statsUid=-1
04-20 01:26:03.859 D/TrafficStats(12857): tagSocket(5) with statsTag=0xffffffff, statsUid=-1
04-20 01:26:03.872 D/TrafficStats(12857): tagSocket(5) with statsTag=0xffffffff, statsUid=-1
04-20 01:26:03.875 D/TrafficStats(12857): tagSocket(5) with statsTag=0xffffffff, statsUid=-1
04-20 01:26:03.895 D/EGL_emulation(12857): app_time_stats: avg=58.51ms min=13.66ms max=86.04ms count=18
04-20 01:26:03.933 D/TrafficStats(12857): tagSocket(123) with statsTag=0xffffffff, statsUid=-1
04-20 01:26:03.948 D/TrafficStats(12857): tagSocket(123) with statsTag=0xffffffff, statsUid=-1
04-20 01:26:03.951 D/TrafficStats(12857): tagSocket(123) with statsTag=0xffffffff, statsUid=-1
04-20 01:26:04.008 D/TrafficStats(12857): tagSocket(125) with statsTag=0xffffffff, statsUid=-1
04-20 01:26:04.024 D/TrafficStats(12857): tagSocket(125) with statsTag=0xffffffff, statsUid=-1
04-20 01:26:04.029 D/TrafficStats(12857): tagSocket(133) with statsTag=0xffffffff, statsUid=-1
04-20 01:26:04.084 D/TrafficStats(12857): tagSocket(126) with statsTag=0xffffffff, statsUid=-1
04-20 01:26:04.099 D/TrafficStats(12857): tagSocket(126) with statsTag=0xffffffff, statsUid=-1
04-20 01:26:04.102 D/TrafficStats(12857): tagSocket(126) with statsTag=0xffffffff, statsUid=-1
04-20 01:26:04.159 D/TrafficStats(12857): tagSocket(127) with statsTag=0xffffffff, statsUid=-1
04-20 01:26:04.175 D/TrafficStats(12857): tagSocket(127) with statsTag=0xffffffff, statsUid=-1
04-20 01:26:04.178 D/TrafficStats(12857): tagSocket(127) with statsTag=0xffffffff, statsUid=-1
04-20 01:26:04.234 D/TrafficStats(12857): tagSocket(133) with statsTag=0xffffffff, statsUid=-1
04-20 01:26:04.251 D/TrafficStats(12857): tagSocket(133) with statsTag=0xffffffff, statsUid=-1
04-20 01:26:04.254 D/TrafficStats(12857): tagSocket(133) with statsTag=0xffffffff, statsUid=-1
04-20 01:26:04.311 D/TrafficStats(12857): tagSocket(130) with statsTag=0xffffffff, statsUid=-1
04-20 01:26:04.326 D/TrafficStats(12857): tagSocket(130) with statsTag=0xffffffff, statsUid=-1
04-20 01:26:04.333 D/TrafficStats(12857): tagSocket(130) with statsTag=0xffffffff, statsUid=-1
04-20 01:26:04.350 D/TrafficStats(12857): tagSocket(128) with statsTag=0xffffffff, statsUid=-1
04-20 01:26:04.353 D/TrafficStats(12857): tagSocket(128) with statsTag=0xffffffff, statsUid=-1
04-20 01:26:04.410 D/TrafficStats(12857): tagSocket(113) with statsTag=0xffffffff, statsUid=-1
04-20 01:26:04.426 D/TrafficStats(12857): tagSocket(113) with statsTag=0xffffffff, statsUid=-1
04-20 01:26:04.429 D/TrafficStats(12857): tagSocket(113) with statsTag=0xffffffff, statsUid=-1
04-20 01:26:04.485 D/TrafficStats(12857): tagSocket(5) with statsTag=0xffffffff, statsUid=-1
04-20 01:26:04.500 D/TrafficStats(12857): tagSocket(5) with statsTag=0xffffffff, statsUid=-1
04-20 01:26:04.503 D/TrafficStats(12857): tagSocket(5) with statsTag=0xffffffff, statsUid=-1
04-20 01:26:04.559 D/TrafficStats(12857): tagSocket(123) with statsTag=0xffffffff, statsUid=-1
04-20 01:26:04.575 D/TrafficStats(12857): tagSocket(123) with statsTag=0xffffffff, statsUid=-1
04-20 01:26:04.590 D/TrafficStats(12857): tagSocket(123) with statsTag=0xffffffff, statsUid=-1
04-20 01:26:04.914 D/TrafficStats(12857): tagSocket(123) with statsTag=0xffffffff, statsUid=-1
04-20 01:26:04.920 D/TrafficStats(12857): tagSocket(123) with statsTag=0xffffffff, statsUid=-1
04-20 01:26:04.924 D/TrafficStats(12857): tagSocket(123) with statsTag=0xffffffff, statsUid=-1
04-20 01:26:04.952 D/EGL_emulation(12857): app_time_stats: avg=96.08ms min=16.55ms max=357.28ms count=11
04-20 01:26:04.975 D/TrafficStats(12857): tagSocket(123) with statsTag=0xffffffff, statsUid=-1
04-20 01:26:04.979 D/TrafficStats(12857): tagSocket(123) with statsTag=0xffffffff, statsUid=-1
04-20 01:26:04.993 D/TrafficStats(12857): tagSocket(123) with statsTag=0xffffffff, statsUid=-1
04-20 01:26:04.997 D/TrafficStats(12857): tagSocket(123) with statsTag=0xffffffff, statsUid=-1
04-20 01:26:05.053 D/TrafficStats(12857): tagSocket(127) with statsTag=0xffffffff, statsUid=-1
04-20 01:26:05.069 D/TrafficStats(12857): tagSocket(127) with statsTag=0xffffffff, statsUid=-1
04-20 01:26:05.074 D/TrafficStats(12857): tagSocket(127) with statsTag=0xffffffff, statsUid=-1
04-20 01:26:05.130 D/TrafficStats(12857): tagSocket(130) with statsTag=0xffffffff, statsUid=-1
04-20 01:26:05.146 D/TrafficStats(12857): tagSocket(130) with statsTag=0xffffffff, statsUid=-1
04-20 01:26:05.149 D/TrafficStats(12857): tagSocket(130) with statsTag=0xffffffff, statsUid=-1
04-20 01:26:05.206 D/TrafficStats(12857): tagSocket(128) with statsTag=0xffffffff, statsUid=-1
04-20 01:26:05.221 D/TrafficStats(12857): tagSocket(128) with statsTag=0xffffffff, statsUid=-1
04-20 01:26:05.224 D/TrafficStats(12857): tagSocket(128) with statsTag=0xffffffff, statsUid=-1
04-20 01:26:05.281 D/TrafficStats(12857): tagSocket(113) with statsTag=0xffffffff, statsUid=-1
04-20 01:26:05.298 D/TrafficStats(12857): tagSocket(113) with statsTag=0xffffffff, statsUid=-1
04-20 01:26:05.301 D/TrafficStats(12857): tagSocket(113) with statsTag=0xffffffff, statsUid=-1
04-20 01:26:05.358 D/TrafficStats(12857): tagSocket(5) with statsTag=0xffffffff, statsUid=-1
04-20 01:26:05.374 D/TrafficStats(12857): tagSocket(5) with statsTag=0xffffffff, statsUid=-1
04-20 01:26:05.377 D/TrafficStats(12857): tagSocket(5) with statsTag=0xffffffff, statsUid=-1
04-20 01:26:05.433 D/TrafficStats(12857): tagSocket(133) with statsTag=0xffffffff, statsUid=-1
04-20 01:26:05.448 D/TrafficStats(12857): tagSocket(133) with statsTag=0xffffffff, statsUid=-1
04-20 01:26:05.451 D/TrafficStats(12857): tagSocket(133) with statsTag=0xffffffff, statsUid=-1
04-20 01:26:05.508 D/TrafficStats(12857): tagSocket(125) with statsTag=0xffffffff, statsUid=-1
04-20 01:26:05.524 D/TrafficStats(12857): tagSocket(125) with statsTag=0xffffffff, statsUid=-1
04-20 01:26:05.528 D/TrafficStats(12857): tagSocket(125) with statsTag=0xffffffff, statsUid=-1
04-20 01:26:05.585 D/TrafficStats(12857): tagSocket(123) with statsTag=0xffffffff, statsUid=-1
04-20 01:26:05.601 D/TrafficStats(12857): tagSocket(123) with statsTag=0xffffffff, statsUid=-1
04-20 01:26:05.607 D/TrafficStats(12857): tagSocket(123) with statsTag=0xffffffff, statsUid=-1
04-20 01:26:05.621 D/TrafficStats(12857): tagSocket(126) with statsTag=0xffffffff, statsUid=-1
04-20 01:26:05.628 D/TrafficStats(12857): tagSocket(126) with statsTag=0xffffffff, statsUid=-1
04-20 01:26:05.644 D/TrafficStats(12857): tagSocket(126) with statsTag=0xffffffff, statsUid=-1
04-20 01:26:05.647 D/TrafficStats(12857): tagSocket(126) with statsTag=0xffffffff, statsUid=-1
04-20 01:26:05.703 D/TrafficStats(12857): tagSocket(127) with statsTag=0xffffffff, statsUid=-1
04-20 01:26:05.719 D/TrafficStats(12857): tagSocket(127) with statsTag=0xffffffff, statsUid=-1
04-20 01:26:05.725 D/TrafficStats(12857): tagSocket(127) with statsTag=0xffffffff, statsUid=-1
04-20 01:26:05.739 D/TrafficStats(12857): tagSocket(128) with statsTag=0xffffffff, statsUid=-1
04-20 01:26:05.755 D/TrafficStats(12857): tagSocket(113) with statsTag=0xffffffff, statsUid=-1
04-20 01:26:06.071 D/TrafficStats(12857): tagSocket(113) with statsTag=0xffffffff, statsUid=-1
04-20 01:26:06.076 D/TrafficStats(12857): tagSocket(113) with statsTag=0xffffffff, statsUid=-1
04-20 01:26:06.081 I/ReactNativeJS(12921): '[runtime-state-sync-apply]', '{"direction":"master-to-slave","incomingSliceNames":["kernel.base.tcp-control-runtime-v2.identity"],"appliedSliceNames":["kernel.base.tcp-control-runtime-v2.identity"],"skippedSliceReasons":[]}'
04-20 01:26:06.082 I/assembly.assembly.android.mixc-retail-rn84.transport.http.HttpRuntime(12857): [transport.http] HTTP request started: kernel.base.tcp-control-runtime-v2.activate-terminal {"endpointName":"kernel.base.tcp-control-runtime-v2.activate-terminal","serverName":"mock-terminal-platform","addressName":"local","method":"POST","roundIndex":0,"attemptIndex":1}
04-20 01:26:06.082 I/assembly.assembly.android.mixc-retail-rn84(12921): [assembly.topology] Native topology host already matches desired lifecycle state {"displayCount":2,"displayIndex":1,"deviceId":"438176N3MB","instanceMode":"SLAVE","enableSlave":false,"running":false,"reason":"not-master-or-single-primary-host"}
04-20 01:26:06.083 I/assembly.assembly.android.mixc-retail-rn84(12921): [assembly.topology] Native topology host already matches desired lifecycle state {"displayCount":2,"displayIndex":1,"deviceId":"438176N3MB","instanceMode":"SLAVE","enableSlave":false,"running":false,"reason":"not-master-or-single-primary-host"}
04-20 01:26:06.084 I/assembly.assembly.android.mixc-retail-rn84(12857): [assembly.topology] Native topology host already matches desired lifecycle state {"displayCount":2,"displayIndex":0,"deviceId":"438176N3MB","instanceMode":"MASTER","enableSlave":true,"running":false,"reason":"not-master-or-single-primary-host"}
04-20 01:26:06.085 I/MMKV    (12857): <MMKV_IO.cpp:609::writeActualSize> [mixc-retail-assembly-rn84::state] increase sequence to 98, crc 3711554325, actualSize 14487
04-20 01:26:06.085 I/MMKV    (12857): <MMKV.cpp:1208::sync> MMKV::sync, SyncFlag = 1
04-20 01:26:06.086 D/TrafficStats(12857): tagSocket(130) with statsTag=0xffffffff, statsUid=-1
04-20 01:26:06.087 I/assembly.assembly.android.mixc-retail-rn84(12857): [assembly.topology] Native topology host already matches desired lifecycle state {"displayCount":2,"displayIndex":0,"deviceId":"438176N3MB","instanceMode":"MASTER","enableSlave":true,"running":false,"reason":"not-master-or-single-primary-host"}
04-20 01:26:06.087 I/assembly.assembly.android.mixc-retail-rn84(12857): [assembly.topology] Native topology host already matches desired lifecycle state {"displayCount":2,"displayIndex":0,"deviceId":"438176N3MB","instanceMode":"MASTER","enableSlave":true,"running":false,"reason":"not-master-or-single-primary-host"}
04-20 01:26:06.089 I/assembly.assembly.android.mixc-retail-rn84(12857): [assembly.topology] Native topology host already matches desired lifecycle state {"displayCount":2,"displayIndex":0,"deviceId":"438176N3MB","instanceMode":"MASTER","enableSlave":true,"running":false,"reason":"not-master-or-single-primary-host"}
04-20 01:26:06.090 D/TrafficStats(12857): tagSocket(153) with statsTag=0xffffffff, statsUid=-1
04-20 01:26:06.097 D/EGL_emulation(12857): app_time_stats: avg=76.29ms min=16.48ms max=349.68ms count=15
04-20 01:26:06.111 I/assembly.assembly.android.mixc-retail-rn84.transport.http.HttpRuntime(12857): [transport.http] HTTP request completed: kernel.base.tcp-control-runtime-v2.activate-terminal {"endpointName":"kernel.base.tcp-control-runtime-v2.activate-terminal","serverName":"mock-terminal-platform","addressName":"local","status":201}
04-20 01:26:06.113 I/ReactNativeJS(12857): '[tcp-activation-state-written]', '{"nodeId":"master:438176N3MB","sandboxId":"sandbox-kernel-base-test","terminalId":"terminal_82819zc730ml","bindingKeys":["platformId","tenantId","brandId","projectId","storeId","profileId","templateId"],"activatedAt":1776619566111}'
04-20 01:26:06.114 I/ReactNativeJS(12857): '[assembly.android.mixc-retail-rn84.websocket] connect', { url: 'ws://127.0.0.1:5810/api/v1/tdp/ws/connect?sandboxId=sandbox-kernel-base-test&terminalId=terminal_82819zc730ml&token=token_jpp5ap5p30mm',
04-20 01:26:06.114 I/ReactNativeJS(12857):   protocol: 'ws',
04-20 01:26:06.114 I/ReactNativeJS(12857):   host: '127.0.0.1:5810',
04-20 01:26:06.114 I/ReactNativeJS(12857):   pathname: '/api/v1/tdp/ws/connect' }
04-20 01:26:06.114 I/assembly.assembly.android.mixc-retail-rn84.transport.ws.SocketRuntime(12857): [transport.ws] Socket connect started: kernel.base.tdp-sync-runtime-v2.socket {"profileName":"kernel.base.tdp-sync-runtime-v2.socket","serverName":"mock-terminal-platform","addressName":"local"}
04-20 01:26:06.116 D/TrafficStats(12857): tagSocket(5) with statsTag=0xffffffff, statsUid=-1
04-20 01:26:06.120 I/assembly.assembly.android.mixc-retail-rn84(12857): [assembly.topology] Native topology host already matches desired lifecycle state {"displayCount":2,"displayIndex":0,"deviceId":"438176N3MB","instanceMode":"MASTER","enableSlave":true,"running":false,"reason":"not-master-or-single-primary-host"}
04-20 01:26:06.121 I/assembly.assembly.android.mixc-retail-rn84(12857): [assembly.topology] Native topology host already matches desired lifecycle state {"displayCount":2,"displayIndex":0,"deviceId":"438176N3MB","instanceMode":"MASTER","enableSlave":true,"running":false,"reason":"not-master-or-single-primary-host"}
04-20 01:26:06.121 I/assembly.assembly.android.mixc-retail-rn84(12857): [assembly.topology] Native topology host already matches desired lifecycle state {"displayCount":2,"displayIndex":0,"deviceId":"438176N3MB","instanceMode":"MASTER","enableSlave":true,"running":false,"reason":"not-master-or-single-primary-host"}
04-20 01:26:06.121 I/assembly.assembly.android.mixc-retail-rn84(12857): [assembly.topology] Native topology host already matches desired lifecycle state {"displayCount":2,"displayIndex":0,"deviceId":"438176N3MB","instanceMode":"MASTER","enableSlave":true,"running":false,"reason":"not-master-or-single-primary-host"}
04-20 01:26:06.121 I/assembly.assembly.android.mixc-retail-rn84(12857): [assembly.topology] Native topology host already matches desired lifecycle state {"displayCount":2,"displayIndex":0,"deviceId":"438176N3MB","instanceMode":"MASTER","enableSlave":true,"running":false,"reason":"not-master-or-single-primary-host"}
04-20 01:26:06.121 I/assembly.assembly.android.mixc-retail-rn84(12857): [assembly.topology] Native topology host already matches desired lifecycle state {"displayCount":2,"displayIndex":0,"deviceId":"438176N3MB","instanceMode":"MASTER","enableSlave":true,"running":false,"reason":"not-master-or-single-primary-host"}
04-20 01:26:06.121 I/assembly.assembly.android.mixc-retail-rn84(12857): [assembly.topology] Native topology host already matches desired lifecycle state {"displayCount":2,"displayIndex":0,"deviceId":"438176N3MB","instanceMode":"MASTER","enableSlave":true,"running":false,"reason":"not-master-or-single-primary-host"}
04-20 01:26:06.121 I/ReactNativeJS(12921): '[runtime-state-sync-apply]', '{"direction":"master-to-slave","incomingSliceNames":["kernel.base.tcp-control-runtime-v2.sandbox"],"appliedSliceNames":["kernel.base.tcp-control-runtime-v2.sandbox"],"skippedSliceReasons":[]}'
04-20 01:26:06.122 I/assembly.assembly.android.mixc-retail-rn84(12857): [assembly.topology] Native topology host already matches desired lifecycle state {"displayCount":2,"displayIndex":0,"deviceId":"438176N3MB","instanceMode":"MASTER","enableSlave":true,"running":false,"reason":"not-master-or-single-primary-host"}
04-20 01:26:06.122 I/MMKV    (12857): <MMKV_IO.cpp:609::writeActualSize> [mixc-retail-assembly-rn84::secure-state] increase sequence to 3, crc 114178764, actualSize 4
04-20 01:26:06.123 I/assembly.assembly.android.mixc-retail-rn84(12857): [assembly.topology] Native topology host already matches desired lifecycle state {"displayCount":2,"displayIndex":0,"deviceId":"438176N3MB","instanceMode":"MASTER","enableSlave":true,"running":false,"reason":"not-master-or-single-primary-host"}
04-20 01:26:06.124 I/MMKV    (12857): <MMKV_IO.cpp:609::writeActualSize> [mixc-retail-assembly-rn84::state] increase sequence to 99, crc 2769519954, actualSize 16319
04-20 01:26:06.124 I/MMKV    (12857): <MMKV.cpp:1208::sync> MMKV::sync, SyncFlag = 1
04-20 01:26:06.126 I/assembly.assembly.android.mixc-retail-rn84(12921): [assembly.topology] Native topology host already matches desired lifecycle state {"displayCount":2,"displayIndex":1,"deviceId":"438176N3MB","instanceMode":"SLAVE","enableSlave":false,"running":false,"reason":"not-master-or-single-primary-host"}
04-20 01:26:06.127 I/assembly.assembly.android.mixc-retail-rn84(12921): [assembly.topology] Native topology host already matches desired lifecycle state {"displayCount":2,"displayIndex":1,"deviceId":"438176N3MB","instanceMode":"SLAVE","enableSlave":false,"running":false,"reason":"not-master-or-single-primary-host"}
04-20 01:26:06.127 I/ReactNativeJS(12921): '[runtime-state-sync-apply]', '{"direction":"master-to-slave","incomingSliceNames":["kernel.base.tcp-control-runtime-v2.identity"],"appliedSliceNames":["kernel.base.tcp-control-runtime-v2.identity"],"skippedSliceReasons":[]}'
04-20 01:26:06.129 I/MMKV    (12857): <MMKV_IO.cpp:609::writeActualSize> [mixc-retail-assembly-rn84::state] increase sequence to 100, crc 346089706, actualSize 16386
04-20 01:26:06.129 I/MMKV    (12857): <MMKV.cpp:1208::sync> MMKV::sync, SyncFlag = 1
04-20 01:26:06.131 I/assembly.assembly.android.mixc-retail-rn84(12857): [assembly.topology] Native topology host already matches desired lifecycle state {"displayCount":2,"displayIndex":0,"deviceId":"438176N3MB","instanceMode":"MASTER","enableSlave":true,"running":false,"reason":"not-master-or-single-primary-host"}
04-20 01:26:06.132 I/MMKV    (12857): <MMKV_IO.cpp:609::writeActualSize> [mixc-retail-assembly-rn84::state] increase sequence to 101, crc 1196790635, actualSize 16386
04-20 01:26:06.132 I/MMKV    (12857): <MMKV.cpp:1208::sync> MMKV::sync, SyncFlag = 1
04-20 01:26:06.132 I/ReactNativeJS(12921): '[runtime-state-sync-apply]', '{"direction":"master-to-slave","incomingSliceNames":["kernel.base.tcp-control-runtime-v2.credential"],"appliedSliceNames":["kernel.base.tcp-control-runtime-v2.credential"],"skippedSliceReasons":[]}'
04-20 01:26:06.134 I/ReactNativeJS(12921): '[runtime-state-sync-apply]', '{"direction":"master-to-slave","incomingSliceNames":["kernel.base.tcp-control-runtime-v2.binding"],"appliedSliceNames":["kernel.base.tcp-control-runtime-v2.binding"],"skippedSliceReasons":[]}'
04-20 01:26:06.135 I/ReactNativeJS(12921): '[runtime-state-sync-apply]', '{"direction":"master-to-slave","incomingSliceNames":["kernel.base.ui-runtime-v2.screen.main"],"appliedSliceNames":["kernel.base.ui-runtime-v2.screen.main"],"skippedSliceReasons":[]}'
04-20 01:26:06.135 I/ReactNativeJS(12921): '[runtime-state-sync-apply]', '{"direction":"master-to-slave","incomingSliceNames":["kernel.base.ui-runtime-v2.screen.main"],"appliedSliceNames":["kernel.base.ui-runtime-v2.screen.main"],"skippedSliceReasons":[]}'
04-20 01:26:06.137 I/assembly.assembly.android.mixc-retail-rn84(12921): [assembly.topology] Native topology host already matches desired lifecycle state {"displayCount":2,"displayIndex":1,"deviceId":"438176N3MB","instanceMode":"SLAVE","enableSlave":false,"running":false,"reason":"not-master-or-single-primary-host"}
04-20 01:26:06.137 I/assembly.assembly.android.mixc-retail-rn84(12921): [assembly.topology] Native topology host already matches desired lifecycle state {"displayCount":2,"displayIndex":1,"deviceId":"438176N3MB","instanceMode":"SLAVE","enableSlave":false,"running":false,"reason":"not-master-or-single-primary-host"}
04-20 01:26:06.138 I/assembly.assembly.android.mixc-retail-rn84(12921): [assembly.topology] Native topology host already matches desired lifecycle state {"displayCount":2,"displayIndex":1,"deviceId":"438176N3MB","instanceMode":"SLAVE","enableSlave":false,"running":false,"reason":"not-master-or-single-primary-host"}
04-20 01:26:06.138 I/assembly.assembly.android.mixc-retail-rn84(12921): [assembly.topology] Native topology host already matches desired lifecycle state {"displayCount":2,"displayIndex":1,"deviceId":"438176N3MB","instanceMode":"SLAVE","enableSlave":false,"running":false,"reason":"not-master-or-single-primary-host"}
04-20 01:26:06.138 I/assembly.assembly.android.mixc-retail-rn84(12921): [assembly.topology] Native topology host already matches desired lifecycle state {"displayCount":2,"displayIndex":1,"deviceId":"438176N3MB","instanceMode":"SLAVE","enableSlave":false,"running":false,"reason":"not-master-or-single-primary-host"}
04-20 01:26:06.138 I/assembly.assembly.android.mixc-retail-rn84(12921): [assembly.topology] Native topology host already matches desired lifecycle state {"displayCount":2,"displayIndex":1,"deviceId":"438176N3MB","instanceMode":"SLAVE","enableSlave":false,"running":false,"reason":"not-master-or-single-primary-host"}
04-20 01:26:06.138 I/assembly.assembly.android.mixc-retail-rn84(12921): [assembly.topology] Native topology host already matches desired lifecycle state {"displayCount":2,"displayIndex":1,"deviceId":"438176N3MB","instanceMode":"SLAVE","enableSlave":false,"running":false,"reason":"not-master-or-single-primary-host"}
04-20 01:26:06.139 I/assembly.assembly.android.mixc-retail-rn84(12921): [assembly.topology] Native topology host already matches desired lifecycle state {"displayCount":2,"displayIndex":1,"deviceId":"438176N3MB","instanceMode":"SLAVE","enableSlave":false,"running":false,"reason":"not-master-or-single-primary-host"}
04-20 01:26:06.140 D/TrafficStats(12921): tagSocket(5) with statsTag=0xffffffff, statsUid=-1
04-20 01:26:06.144 I/assembly.assembly.android.mixc-retail-rn84(12921): [assembly.topology] Native topology host already matches desired lifecycle state {"displayCount":2,"displayIndex":1,"deviceId":"438176N3MB","instanceMode":"SLAVE","enableSlave":false,"running":false,"reason":"not-master-or-single-primary-host"}
04-20 01:26:06.144 I/assembly.assembly.android.mixc-retail-rn84(12921): [assembly.topology] Native topology host already matches desired lifecycle state {"displayCount":2,"displayIndex":1,"deviceId":"438176N3MB","instanceMode":"SLAVE","enableSlave":false,"running":false,"reason":"not-master-or-single-primary-host"}
04-20 01:26:06.144 I/MMKV    (12857): <MMKV_IO.cpp:609::writeActualSize> [mixc-retail-assembly-rn84::state] increase sequence to 102, crc 295697568, actualSize 16386
04-20 01:26:06.144 I/MMKV    (12857): <MMKV.cpp:1208::sync> MMKV::sync, SyncFlag = 1
04-20 01:26:06.172 D/EGL_emulation(12921): app_time_stats: avg=7710.30ms min=0.85ms max=53874.93ms count=7
04-20 01:26:06.174 I/assembly.assembly.android.mixc-retail-rn84(12857): [assembly.topology] Native topology host already matches desired lifecycle state {"displayCount":2,"displayIndex":0,"deviceId":"438176N3MB","instanceMode":"MASTER","enableSlave":true,"running":false,"reason":"not-master-or-single-primary-host"}
04-20 01:26:06.174 I/MMKV    (12857): <MMKV_IO.cpp:609::writeActualSize> [mixc-retail-assembly-rn84::state] increase sequence to 103, crc 149421911, actualSize 16386
04-20 01:26:06.174 I/MMKV    (12857): <MMKV.cpp:1208::sync> MMKV::sync, SyncFlag = 1
04-20 01:26:06.177 I/MMKV    (12857): <MMKV_IO.cpp:609::writeActualSize> [mixc-retail-assembly-rn84::state] increase sequence to 104, crc 2228573935, actualSize 17119
04-20 01:26:06.177 I/MMKV    (12857): <MMKV.cpp:1208::sync> MMKV::sync, SyncFlag = 1
04-20 01:26:06.179 I/assembly.assembly.android.mixc-retail-rn84(12857): [assembly.topology] Native topology host already matches desired lifecycle state {"displayCount":2,"displayIndex":0,"deviceId":"438176N3MB","instanceMode":"MASTER","enableSlave":true,"running":false,"reason":"not-master-or-single-primary-host"}
04-20 01:26:06.180 I/assembly.assembly.android.mixc-retail-rn84(12857): [assembly.topology] Native topology host already matches desired lifecycle state {"displayCount":2,"displayIndex":0,"deviceId":"438176N3MB","instanceMode":"MASTER","enableSlave":true,"running":false,"reason":"not-master-or-single-primary-host"}
04-20 01:26:06.181 I/assembly.assembly.android.mixc-retail-rn84(12857): [assembly.topology] Native topology host already matches desired lifecycle state {"displayCount":2,"displayIndex":0,"deviceId":"438176N3MB","instanceMode":"MASTER","enableSlave":true,"running":false,"reason":"not-master-or-single-primary-host"}
04-20 01:26:06.182 I/assembly.assembly.android.mixc-retail-rn84(12857): [assembly.topology] Native topology host already matches desired lifecycle state {"displayCount":2,"displayIndex":0,"deviceId":"438176N3MB","instanceMode":"MASTER","enableSlave":true,"running":false,"reason":"not-master-or-single-primary-host"}
04-20 01:26:06.182 I/assembly.assembly.android.mixc-retail-rn84(12857): [assembly.topology] Native topology host already matches desired lifecycle state {"displayCount":2,"displayIndex":0,"deviceId":"438176N3MB","instanceMode":"MASTER","enableSlave":true,"running":false,"reason":"not-master-or-single-primary-host"}
04-20 01:26:06.184 I/assembly.assembly.android.mixc-retail-rn84(12857): [assembly.topology] Native topology host already matches desired lifecycle state {"displayCount":2,"displayIndex":0,"deviceId":"438176N3MB","instanceMode":"MASTER","enableSlave":true,"running":false,"reason":"not-master-or-single-primary-host"}
04-20 01:26:06.184 I/assembly.assembly.android.mixc-retail-rn84(12857): [assembly.topology] Native topology host already matches desired lifecycle state {"displayCount":2,"displayIndex":0,"deviceId":"438176N3MB","instanceMode":"MASTER","enableSlave":true,"running":false,"reason":"not-master-or-single-primary-host"}
04-20 01:26:06.186 I/MMKV    (12857): <MMKV_IO.cpp:609::writeActualSize> [mixc-retail-assembly-rn84::state] increase sequence to 105, crc 3423676774, actualSize 17119
04-20 01:26:06.186 I/MMKV    (12857): <MMKV.cpp:1208::sync> MMKV::sync, SyncFlag = 1
04-20 01:26:06.520 D/TrafficStats(12857): tagSocket(133) with statsTag=0xffffffff, statsUid=-1
04-20 01:26:06.526 D/TrafficStats(12857): tagSocket(133) with statsTag=0xffffffff, statsUid=-1
04-20 01:26:06.531 D/TrafficStats(12857): tagSocket(133) with statsTag=0xffffffff, statsUid=-1
04-20 01:26:06.535 D/TrafficStats(12857): tagSocket(133) with statsTag=0xffffffff, statsUid=-1
04-20 01:26:07.154 I/logd    (  167): logdr: UID=2000 GID=2000 PID=12987 n tail=0 logMask=99 pid=0 start=0ns deadline=0ns
