--------- beginning of main
04-20 04:02:01.542 W/IPCThreadState(  590): Sending oneway calls to frozen process.
04-20 04:02:01.544 W/InputDispatcher(  590): Focused display #0 does not have a focused window.
04-20 04:02:01.544 E/InputDispatcher(  590): But another display has a focused window
04-20 04:02:01.544 E/InputDispatcher(  590):   FocusedWindows:
04-20 04:02:01.544 E/InputDispatcher(  590):     displayId=2, name='c78baf9 com.impos2.mixcretailassemblyrn84/com.impos2.mixcretailassemblyrn84.SecondaryActivity'
04-20 04:02:01.548 D/VRI[SecondaryDisplayLauncher]( 1099): visibilityChanged oldVisibility=false newVisibility=true
04-20 04:02:01.557 D/InetDiagMessage(  590): Destroyed 0 sockets, proto=IPPROTO_TCP, family=AF_INET, states=14
04-20 04:02:01.557 D/InetDiagMessage(  590): Destroyed 0 sockets, proto=IPPROTO_TCP, family=AF_INET6, states=14
04-20 04:02:01.557 D/InetDiagMessage(  590): Destroyed live tcp sockets for uids={10217} in 1ms
04-20 04:02:01.557 D/InetDiagMessage(  590): Destroyed 0 sockets, proto=IPPROTO_TCP, family=AF_INET, states=14
04-20 04:02:01.557 D/InetDiagMessage(  590): Destroyed 0 sockets, proto=IPPROTO_TCP, family=AF_INET6, states=14
04-20 04:02:01.557 D/InetDiagMessage(  590): Destroyed live tcp sockets for uids={20217} in 0ms
--------- beginning of system
04-20 04:02:01.558 I/AppsFilter(  590): interaction: PackageSetting{570bcfe com.impos2.adapter.dev/10230} -> PackageSetting{cd005e3 com.impos2.mixcretailassemblyrn84/10217} BLOCKED
04-20 04:02:01.558 I/AppsFilter(  590): interaction: PackageSetting{297ab0a com.impos2.mixcretailrn84v2/10231} -> PackageSetting{cd005e3 com.impos2.mixcretailassemblyrn84/10217} BLOCKED
04-20 04:02:01.558 I/AppsFilter(  590): interaction: PackageSetting{46d0f7b com.impos2.mixcretailrn84/10234} -> PackageSetting{cd005e3 com.impos2.mixcretailassemblyrn84/10217} BLOCKED
04-20 04:02:01.558 I/AppsFilter(  590): interaction: PackageSetting{1494198 com.impos2.posadapter/10229} -> PackageSetting{cd005e3 com.impos2.mixcretailassemblyrn84/10217} BLOCKED
04-20 04:02:01.558 I/BpBinder(  439): onLastStrongRef automatically unlinking death recipients: 
04-20 04:02:01.560 W/BestClock(  590): java.time.DateTimeException: Missing network time fix
04-20 04:02:01.561 W/BestClock(  590): java.time.DateTimeException: Missing network time fix
04-20 04:02:01.562 W/BestClock(  590): java.time.DateTimeException: Missing network time fix
04-20 04:02:01.563 W/BestClock(  590): java.time.DateTimeException: Missing network time fix
04-20 04:02:01.563 W/BestClock(  590): java.time.DateTimeException: Missing network time fix
04-20 04:02:01.566 W/ActivityTaskManager(  590): Unable to send transaction to client proc com.impos2.mixcretailassemblyrn84:secondary: no app thread
04-20 04:02:01.567 I/AppWidgetServiceImpl(  590): Received broadcast: android.intent.action.PACKAGE_RESTARTED on user 0
04-20 04:02:01.568 I/AppWidgetServiceImpl(  590): Updating package stopped masked state for uid 10217 package com.impos2.mixcretailassemblyrn84 isStopped true
04-20 04:02:01.569 I/netd    (  388): tetherGetStats() -> {[]} <0.44ms>
04-20 04:02:01.572 W/.apps.wellbeing(22500): ApkAssets: Deleting an ApkAssets object '<empty> and /product/app/YouTube/YouTube.apk' with 1 weak references
04-20 04:02:01.574 W/.apps.wellbeing(22500): ApkAssets: Deleting an ApkAssets object '<empty> and /product/overlay/DisplayCutoutEmulationCorner/DisplayCutoutEmulationCornerOverlay.apk' with 1 weak references
04-20 04:02:01.574 W/.apps.wellbeing(22500): ApkAssets: Deleting an ApkAssets object '<empty> and /apex/com.android.extservices/priv-app/GoogleExtServices@350820300/GoogleExtServices.apk' with 1 weak references
04-20 04:02:01.574 W/.apps.wellbeing(22500): ApkAssets: Deleting an ApkAssets object '<empty> and /product/priv-app/AndroidMediaShell/AndroidMediaShell.apk' with 1 weak references
04-20 04:02:01.574 W/.apps.wellbeing(22500): ApkAssets: Deleting an ApkAssets object '<empty> and /data/app/~~3N3vn8w5y8ccHDq5787iUQ==/com.impos2.posadapter-DxY_tj3LXZX-sctZUEAa_g==/base.apk' with 1 weak references
04-20 04:02:01.575 W/.apps.wellbeing(22500): ApkAssets: Deleting an ApkAssets object '<empty> and /product/overlay/DisplayCutoutEmulationDouble/DisplayCutoutEmulationDoubleOverlay.apk' with 1 weak references
04-20 04:02:01.575 W/.apps.wellbeing(22500): ApkAssets: Deleting an ApkAssets object '<empty> and /system/priv-app/TelephonyProvider/TelephonyProvider.apk' with 1 weak references
04-20 04:02:01.575 W/.apps.wellbeing(22500): ApkAssets: Deleting an ApkAssets object '/product/overlay/TelephonyProvider__tablet__auto_generated_characteristics_rro.apk' with 1 weak references
04-20 04:02:01.575 W/.apps.wellbeing(22500): ApkAssets: Deleting an ApkAssets object '<empty> and /product/priv-app/CarrierLocation/CarrierLocation.apk' with 1 weak references
04-20 04:02:01.578 W/.apps.wellbeing(22500): ApkAssets: Deleting an ApkAssets object '<empty> and /system/priv-app/DynamicSystemInstallationService/DynamicSystemInstallationService.apk' with 1 weak references
04-20 04:02:01.578 W/.apps.wellbeing(22500): ApkAssets: Deleting an ApkAssets object '<empty> and /product/priv-app/Velvet/Velvet.apk' with 1 weak references
04-20 04:02:01.579 W/.apps.wellbeing(22500): ApkAssets: Deleting an ApkAssets object '<empty> and /system/priv-app/CalendarProvider/CalendarProvider.apk' with 1 weak references
04-20 04:02:01.579 W/.apps.wellbeing(22500): ApkAssets: Deleting an ApkAssets object '<empty> and /product/priv-app/GoogleOneTimeInitializer/GoogleOneTimeInitializer.apk' with 1 weak references
04-20 04:02:01.579 W/.apps.wellbeing(22500): ApkAssets: Deleting an ApkAssets object '<empty> and /system/app/GoogleExtShared/GoogleExtShared.apk' with 1 weak references
04-20 04:02:01.579 I/abb     (14994): StartCommandInProcess(73657474696e67730067657400676c6f settings.get.glo [truncated])
04-20 04:02:01.579 W/.apps.wellbeing(22500): ApkAssets: Deleting an ApkAssets object '<empty> and /product/priv-app/CastAuthPrebuilt/CastAuthPrebuilt.apk' with 1 weak references
04-20 04:02:01.580 W/.apps.wellbeing(22500): ApkAssets: Deleting an ApkAssets object '<empty> and /system_ext/priv-app/DockSetup/DockSetup.apk' with 1 weak references
04-20 04:02:01.580 W/.apps.wellbeing(22500): ApkAssets: Deleting an ApkAssets object '/product/overlay/DockSetup__sdk_gtablet_arm64__auto_generated_rro_product.apk' with 1 weak references
04-20 04:02:01.580 W/.apps.wellbeing(22500): ApkAssets: Deleting an ApkAssets object '<empty> and /system/priv-app/ExternalStorageProvider/ExternalStorageProvider.apk' with 1 weak references
04-20 04:02:01.580 W/.apps.wellbeing(22500): ApkAssets: Deleting an ApkAssets object '<empty> and /system/app/HTMLViewer/HTMLViewer.apk' with 1 weak references
04-20 04:02:01.580 W/.apps.wellbeing(22500): ApkAssets: Deleting an ApkAssets object '<empty> and /system/app/CompanionDeviceManager/CompanionDeviceManager.apk' with 1 weak references
04-20 04:02:01.580 W/.apps.wellbeing(22500): ApkAssets: Deleting an ApkAssets object '/product/overlay/CompanionDeviceManager__tablet__auto_generated_characteristics_rro.apk' with 1 weak references
04-20 04:02:01.580 W/.apps.wellbeing(22500): ApkAssets: Deleting an ApkAssets object '<empty> and /system/priv-app/DownloadProvider/DownloadProvider.apk' with 1 weak references
04-20 04:02:01.580 W/BestClock(  590): java.time.DateTimeException: Missing network time fix
04-20 04:02:01.580 W/.apps.wellbeing(22500): ApkAssets: Deleting an ApkAssets object '<empty> and /product/app/messaging/messaging.apk' with 1 weak references
04-20 04:02:01.581 W/.apps.wellbeing(22500): ApkAssets: Deleting an ApkAssets object '<empty> and /product/app/SoundPickerPrebuilt/SoundPickerPrebuilt.apk' with 1 weak references
04-20 04:02:01.581 W/.apps.wellbeing(22500): ApkAssets: Deleting an ApkAssets object '<empty> and /apex/com.android.mediaprovider/priv-app/MediaProviderGoogle@350820300/MediaProviderGoogle.apk' with 1 weak references
04-20 04:02:01.581 W/.apps.wellbeing(22500): ApkAssets: Deleting an ApkAssets object '<empty> and /data/app/~~pHkHriTuUKu1B4uEYwZgjQ==/com.impos2.mixcretailassemblyrn84-WHh3VFODMg3xCgGFsoJReQ==/base.apk' with 1 weak references
04-20 04:02:01.581 W/.apps.wellbeing(22500): ApkAssets: Deleting an ApkAssets object '<empty> and /system/priv-app/DownloadProviderUi/DownloadProviderUi.apk' with 1 weak references
04-20 04:02:01.581 W/.apps.wellbeing(22500): ApkAssets: Deleting an ApkAssets object '<empty> and /apex/com.android.wifi/app/OsuLoginGoogle@350820300/OsuLoginGoogle.apk' with 1 weak references
04-20 04:02:01.581 W/.apps.wellbeing(22500): ApkAssets: Deleting an ApkAssets object '<empty> and /system/app/PacProcessor/PacProcessor.apk' with 1 weak references
04-20 04:02:01.581 W/.apps.wellbeing(22500): ApkAssets: Deleting an ApkAssets object '<empty> and /system/app/SimAppDialog/SimAppDialog.apk' with 1 weak references
04-20 04:02:01.581 W/.apps.wellbeing(22500): ApkAssets: Deleting an ApkAssets object '<empty> and /apex/com.android.adservices/priv-app/AdServicesApkGoogle@350820260/AdServicesApkGoogle.apk' with 1 weak references
04-20 04:02:01.582 W/.apps.wellbeing(22500): ApkAssets: Deleting an ApkAssets object '<empty> and /product/overlay/DisplayCutoutEmulationHole/DisplayCutoutEmulationHoleOverlay.apk' with 1 weak references
04-20 04:02:01.582 W/.apps.wellbeing(22500): ApkAssets: Deleting an ApkAssets object '<empty> and /product/overlay/DisplayCutoutEmulationTall/DisplayCutoutEmulationTallOverlay.apk' with 1 weak references
04-20 04:02:01.582 W/.apps.wellbeing(22500): ApkAssets: Deleting an ApkAssets object '<empty> and /system/app/CertInstaller/CertInstaller.apk' with 1 weak references
04-20 04:02:01.582 W/.apps.wellbeing(22500): ApkAssets: Deleting an ApkAssets object '<empty> and /product/app/talkback/talkback.apk' with 1 weak references
04-20 04:02:01.582 W/.apps.wellbeing(22500): ApkAssets: Deleting an ApkAssets object '/vendor/overlay/EmulatorTalkBackOverlay/EmulatorTalkBackOverlay.apk' with 1 weak references
04-20 04:02:01.582 I/abb     (14994): StartCommandInProcess(7061636b61676500696e7374616c6c00 package.install. [truncated])
04-20 04:02:01.582 W/.apps.wellbeing(22500): ApkAssets: Deleting an ApkAssets object '<empty> and /product/overlay/NavigationBarMode3Button/NavigationBarMode3ButtonOverlay.apk' with 1 weak references
04-20 04:02:01.582 W/.apps.wellbeing(22500): ApkAssets: Deleting an ApkAssets object '<empty> and /product/priv-app/HotwordEnrollmentXGoogleFUSIONPro/HotwordEnrollmentXGoogleFUSIONPro.apk' with 1 weak references
04-20 04:02:01.582 W/.apps.wellbeing(22500): ApkAssets: Deleting an ApkAssets object '<empty> and /product/app/Camera2/Camera2.apk' with 1 weak references
04-20 04:02:01.582 W/.apps.wellbeing(22500): ApkAssets: Deleting an ApkAssets object '<empty> and /system/app/EasterEgg/EasterEgg.apk' with 1 weak references
04-20 04:02:01.582 W/.apps.wellbeing(22500): ApkAssets: Deleting an ApkAssets object '<empty> and /system/priv-app/MtpService/MtpService.apk' with 1 weak references
04-20 04:02:01.582 W/.apps.wellbeing(22500): ApkAssets: Deleting an ApkAssets object '<empty> and /apex/com.android.nfcservices/priv-app/NfcNciApexGoogle@AE3A.240806.046.T1/NfcNciApexGoogle.apk' with 1 weak references
04-20 04:02:01.582 W/.apps.wellbeing(22500): ApkAssets: Deleting an ApkAssets object '<empty> and /system/app/Stk/Stk.apk' with 1 weak references
04-20 04:02:01.582 W/.apps.wellbeing(22500): ApkAssets: Deleting an ApkAssets object '<empty> and /system_ext/priv-app/TheFlippinApp/TheFlippinApp.apk' with 1 weak references
04-20 04:02:01.583 W/BestClock(  590): java.time.DateTimeException: Missing network time fix
04-20 04:02:01.583 W/.apps.wellbeing(22500): ApkAssets: Deleting an ApkAssets object '<empty> and /product/app/PrebuiltDeskClockGoogle/PrebuiltDeskClockGoogle.apk' with 1 weak references
04-20 04:02:01.583 W/BestClock(  590): java.time.DateTimeException: Missing network time fix
04-20 04:02:01.583 W/.apps.wellbeing(22500): ApkAssets: Deleting an ApkAssets object '<empty> and /product/overlay/NavigationBarMode2Button/NavigationBarMode2ButtonOverlay.apk' with 1 weak references
04-20 04:02:01.583 W/.apps.wellbeing(22500): ApkAssets: Deleting an ApkAssets object '<empty> and /product/priv-app/DevicePersonalizationPrebuiltPixelTablet2023-aiai_20240329.00_RC16/DevicePersonalizationPrebuiltPixelTablet2023-aiai_20240329.00_RC16.apk' with 1 weak references
04-20 04:02:01.583 W/.apps.wellbeing(22500): ApkAssets: Deleting an ApkAssets object '<empty> and /product/app/PrebuiltGmail/PrebuiltGmail.apk' with 1 weak references
04-20 04:02:01.583 W/BestClock(  590): java.time.DateTimeException: Missing network time fix
04-20 04:02:01.583 W/.apps.wellbeing(22500): ApkAssets: Deleting an ApkAssets object '<empty> and /data/app/~~nQsa2q86KwKnft4F4UFHRw==/com.impos2.mixcretailrn84-XalgpTe7Iu_hGdaeMct8gg==/base.apk' with 1 weak references
04-20 04:02:01.583 W/.apps.wellbeing(22500): ApkAssets: Deleting an ApkAssets object '<empty> and /apex/com.android.permission/priv-app/GooglePermissionController@350820360/GooglePermissionController.apk' with 1 weak references
04-20 04:02:01.584 W/.apps.wellbeing(22500): ApkAssets: Deleting an ApkAssets object '/product/overlay/GooglePermissionControllerOverlay.apk' with 1 weak references
04-20 04:02:01.584 W/.apps.wellbeing(22500): ApkAssets: Deleting an ApkAssets object '<empty> and /apex/com.android.btservices/app/BluetoothGoogle@342010060/BluetoothGoogle.apk' with 1 weak references
04-20 04:02:01.584 W/.apps.wellbeing(22500): ApkAssets: Deleting an ApkAssets object '<empty> and /system/priv-app/SettingsProvider/SettingsProvider.apk' with 1 weak references
04-20 04:02:01.584 W/.apps.wellbeing(22500): ApkAssets: Deleting an ApkAssets object '/vendor/overlay/SettingsProvider__sdk_gtablet_arm64__auto_generated_rro_vendor.apk' with 1 weak references
04-20 04:02:01.584 W/.apps.wellbeing(22500): ApkAssets: Deleting an ApkAssets object '/product/overlay/LargeScreenSettingsProviderOverlay.apk' with 1 weak references
04-20 04:02:01.584 W/.apps.wellbeing(22500): ApkAssets: Deleting an ApkAssets object '/product/overlay/SettingsProvider__sdk_gtablet_arm64__auto_generated_rro_product.apk' with 1 weak references
04-20 04:02:01.584 W/.apps.wellbeing(22500): ApkAssets: Deleting an ApkAssets object '/product/overlay/TitanSettingsProviderOverlay.apk' with 1 weak references
04-20 04:02:01.584 W/.apps.wellbeing(22500): ApkAssets: Deleting an ApkAssets object '<empty> and /system/app/PrintSpooler/PrintSpooler.apk' with 1 weak references
04-20 04:02:01.584 W/.apps.wellbeing(22500): ApkAssets: Deleting an ApkAssets object '<empty> and /product/priv-app/HotwordEnrollmentOKGoogleFUSIONPro/HotwordEnrollmentOKGoogleFUSIONPro.apk' with 1 weak references
04-20 04:02:01.584 W/.apps.wellbeing(22500): ApkAssets: Deleting an ApkAssets object '<empty> and /system/app/BasicDreams/BasicDreams.apk' with 1 weak references
04-20 04:02:01.586 I/TopTaskTracker( 1099): onTaskMovedToFront: (moved taskInfo to front) taskId=672, baseIntent=Intent { act=android.intent.action.MAIN cat=[android.intent.category.SECONDARY_HOME] flg=0x10000100 pkg=com.google.android.apps.nexuslauncher cmp=com.google.android.apps.nexuslauncher/com.android.launcher3.secondarydisplay.SecondaryDisplayLauncher }
04-20 04:02:01.586 I/TopTaskTracker( 1099): onTaskMovedToFront: (removing top task on home display) taskId=871, baseIntent=Intent { act=android.intent.action.MAIN cat=[android.intent.category.LAUNCHER] flg=0x10000000 cmp=com.impos2.mixcretailassemblyrn84/.MainActivity }
04-20 04:02:01.586 V/ActivityManager(  590): Got obituary of 16112:com.impos2.mixcretailassemblyrn84:secondary
04-20 04:02:01.586 I/adbd    (14705): Remote process closed the socket (on MSG_PEEK)
04-20 04:02:01.586 I/WindowManager(  590): WIN DEATH: Window{c78baf9 u0 com.impos2.mixcretailassemblyrn84/com.impos2.mixcretailassemblyrn84.SecondaryActivity}
04-20 04:02:01.587 I/AppWidgetServiceImpl(  590): startListening() 0
04-20 04:02:01.587 W/InputManager-JNI(  590): Input channel object 'c78baf9 com.impos2.mixcretailassemblyrn84/com.impos2.mixcretailassemblyrn84.SecondaryActivity (client)' was disposed without first being removed with the input manager!
04-20 04:02:01.587 E/WindowManager(  590): Update wallpaper offsets before the system is ready. Aborting
04-20 04:02:01.587 I/Zygote  (  389): Process 16112 exited due to signal 9 (Killed)
04-20 04:02:01.587 D/NexusLauncherModelDelegate( 1099): notifySmartspaceEvent: SmartspaceTargetEvent{mSmartspaceTarget=null, mSmartspaceActionId='null', mEventType=6}
04-20 04:02:01.588 I/ImeTracker(  590): com.impos2.mixcretailassemblyrn84:24aca71e: onRequestHide at ORIGIN_SERVER reason HIDE_REMOVE_CLIENT fromUser false
04-20 04:02:01.588 I/ImeTracker(  590): com.impos2.mixcretailassemblyrn84:24aca71e: onCancelled at PHASE_SERVER_SHOULD_HIDE
04-20 04:02:01.588 W/ActivityManager(  590): setHasOverlayUi called on unknown pid: 16112
04-20 04:02:01.589 W/.apps.wellbeing(22500): ApkAssets: Deleting an ApkAssets object '<empty> and /product/priv-app/DeviceIntelligenceNetworkPrebuilt-astrea_20240329.00_RC02/DeviceIntelligenceNetworkPrebuilt-astrea_20240329.00_RC02.apk' with 1 weak references
04-20 04:02:01.589 W/.apps.wellbeing(22500): ApkAssets: Deleting an ApkAssets object '<empty> and /system/priv-app/InputDevices/InputDevices.apk' with 1 weak references
04-20 04:02:01.590 W/.apps.wellbeing(22500): ApkAssets: Deleting an ApkAssets object '<empty> and /apex/com.android.devicelock/priv-app/DeviceLockControllerGoogle@AE3A.240806.046.T1/DeviceLockControllerGoogle.apk' with 1 weak references
04-20 04:02:01.590 W/.apps.wellbeing(22500): ApkAssets: Deleting an ApkAssets object '<empty> and /system/priv-app/BuiltInPrintService/BuiltInPrintService.apk' with 1 weak references
04-20 04:02:01.590 W/.apps.wellbeing(22500): ApkAssets: Deleting an ApkAssets object '<empty> and /system/app/CaptivePortalLoginGoogle/CaptivePortalLoginGoogle.apk' with 1 weak references
04-20 04:02:01.590 W/.apps.wellbeing(22500): ApkAssets: Deleting an ApkAssets object '<empty> and /system/priv-app/MusicFX/MusicFX.apk' with 1 weak references
04-20 04:02:01.590 W/.apps.wellbeing(22500): ApkAssets: Deleting an ApkAssets object '<empty> and /product/app/Drive/Drive.apk' with 1 weak references
04-20 04:02:01.590 W/.apps.wellbeing(22500): ApkAssets: Deleting an ApkAssets object '<empty> and /product/app/Maps/Maps.apk' with 1 weak references
04-20 04:02:01.590 W/.apps.wellbeing(22500): ApkAssets: Deleting an ApkAssets object '<empty> and /product/app/ModuleMetadataGoogle/ModuleMetadataGoogle.apk' with 1 weak references
04-20 04:02:01.590 W/.apps.wellbeing(22500): ApkAssets: Deleting an ApkAssets object '<empty> and /product/overlay/DisplayCutoutEmulationEmu01/DisplayCutoutEmulationEmu01Overlay.apk' with 1 weak references
04-20 04:02:01.590 W/.apps.wellbeing(22500): ApkAssets: Deleting an ApkAssets object '<empty> and /system_ext/priv-app/AvatarPickerGoogle/AvatarPickerGoogle.apk' with 1 weak references
04-20 04:02:01.591 W/.apps.wellbeing(22500): ApkAssets: Deleting an ApkAssets object '<empty> and /product/priv-app/KidsHomePrebuilt/KidsHomePrebuilt.apk' with 1 weak references
04-20 04:02:01.591 W/.apps.wellbeing(22500): ApkAssets: Deleting an ApkAssets object '<empty> and /product/app/MarkupGoogle_v2/MarkupGoogle_v2.apk' with 1 weak references
04-20 04:02:01.591 W/.apps.wellbeing(22500): ApkAssets: Deleting an ApkAssets object '<empty> and /system/priv-app/NetworkStackGoogle/NetworkStackGoogle.apk' with 1 weak references
04-20 04:02:01.591 W/.apps.wellbeing(22500): ApkAssets: Deleting an ApkAssets object '<empty> and /apex/com.android.rkpd/priv-app/rkpdapp.google@350820300/rkpdapp.google.apk' with 1 weak references
04-20 04:02:01.591 W/.apps.wellbeing(22500): ApkAssets: Deleting an ApkAssets object '<empty> and /product/app/GoogleContacts/GoogleContacts.apk' with 1 weak references
04-20 04:02:01.591 D/WindowManagerShell(  836): setLauncherKeepClearAreaHeight: visible=true, height=223
04-20 04:02:01.592 V/ActivityManager(  590): Got obituary of 16013:com.impos2.mixcretailassemblyrn84
04-20 04:02:01.593 I/adbd    (14705): Remote process closed the socket (on MSG_PEEK)
04-20 04:02:01.593 I/WindowManager(  590): WIN DEATH: Window{b1e1e62 u0 com.impos2.mixcretailassemblyrn84/com.impos2.mixcretailassemblyrn84.MainActivity}
04-20 04:02:01.593 W/InputManager-JNI(  590): Input channel object 'b1e1e62 com.impos2.mixcretailassemblyrn84/com.impos2.mixcretailassemblyrn84.MainActivity (client)' was disposed without first being removed with the input manager!
04-20 04:02:01.594 W/ActivityManager(  590): setHasOverlayUi called on unknown pid: 16013
04-20 04:02:01.594 D/BaseDepthController( 1099): setSurface:
04-20 04:02:01.594 D/BaseDepthController( 1099): 	mWaitingOnSurfaceValidity: false
04-20 04:02:01.594 D/BaseDepthController( 1099): 	mSurface: Surface(name=com.google.android.apps.nexuslauncher/com.google.android.apps.nexuslauncher.NexusLauncherActivity)/@0xad0fc95
04-20 04:02:01.597 I/Zygote  (  389): Process 16013 exited due to signal 9 (Killed)
04-20 04:02:01.597 W/.apps.wellbeing(22500): ApkAssets: Deleting an ApkAssets object '<empty> and /system/priv-app/Telecom/Telecom.apk' with 1 weak references
04-20 04:02:01.598 W/.apps.wellbeing(22500): ApkAssets: Deleting an ApkAssets object '<empty> and /system/app/KeyChain/KeyChain.apk' with 1 weak references
04-20 04:02:01.598 W/.apps.wellbeing(22500): ApkAssets: Deleting an ApkAssets object '<empty> and /data/app/~~jwwipswfUo6k7ZtZC8X7aA==/com.android.chrome-NMopD1rBq8HOO9jbTqHd9w==/Chrome.apk' with 1 weak references
04-20 04:02:01.598 W/.apps.wellbeing(22500): ApkAssets: Deleting an ApkAssets object '<empty> and /data/app/~~JXob4Tig8lkoK6grnIoRDQ==/com.google.android.trichromelibrary_636771932-v7-OhOMBuMGJ9HOdFxznSA==/TrichromeLibrary.apk' with 1 weak references
04-20 04:02:01.598 W/.apps.wellbeing(22500): ApkAssets: Deleting an ApkAssets object '<empty> and /product/priv-app/Dialer/Dialer.apk' with 1 weak references
04-20 04:02:01.598 W/.apps.wellbeing(22500): ApkAssets: Deleting an ApkAssets object '<empty> and /system/priv-app/GooglePackageInstaller/GooglePackageInstaller.apk' with 1 weak references
04-20 04:02:01.598 W/.apps.wellbeing(22500): ApkAssets: Deleting an ApkAssets object '<empty> and /product/app/PixelThemesStub/PixelThemesStub.apk' with 1 weak references
04-20 04:02:01.598 W/.apps.wellbeing(22500): ApkAssets: Deleting an ApkAssets object '<empty> and /system_ext/priv-app/GoogleServicesFramework/GoogleServicesFramework.apk' with 1 weak references
04-20 04:02:01.598 W/.apps.wellbeing(22500): ApkAssets: Deleting an ApkAssets object '<empty> and /system/priv-app/TagGoogle/TagGoogle.apk' with 1 weak references
04-20 04:02:01.598 W/.apps.wellbeing(22500): ApkAssets: Deleting an ApkAssets object '<empty> and /product/app/GoogleTTS/GoogleTTS.apk' with 1 weak references
04-20 04:02:01.598 W/.apps.wellbeing(22500): ApkAssets: Deleting an ApkAssets object '<empty> and /system/priv-app/CallLogBackup/CallLogBackup.apk' with 1 weak references
04-20 04:02:01.598 W/.apps.wellbeing(22500): ApkAssets: Deleting an ApkAssets object '<empty> and /product/priv-app/PartnerSetupPrebuilt/PartnerSetupPrebuilt.apk' with 1 weak references
04-20 04:02:01.598 W/.apps.wellbeing(22500): ApkAssets: Deleting an ApkAssets object '<empty> and /system/app/CameraExtensionsProxy/CameraExtensionsProxy.apk' with 1 weak references
04-20 04:02:01.598 W/.apps.wellbeing(22500): ApkAssets: Deleting an ApkAssets object '<empty> and /product/app/NexusWallpapersStubPrebuilt2018/NexusWallpapersStubPrebuilt2018.apk' with 1 weak references
04-20 04:02:01.598 W/.apps.wellbeing(22500): ApkAssets: Deleting an ApkAssets object '<empty> and /product/app/PixelWallpapers2023Tablet/PixelWallpapers2023Tablet.apk' with 1 weak references
04-20 04:02:01.599 W/.apps.wellbeing(22500): ApkAssets: Deleting an ApkAssets object '<empty> and /system_ext/priv-app/NexusLauncherRelease/NexusLauncherRelease.apk' with 1 weak references
04-20 04:02:01.599 W/.apps.wellbeing(22500): ApkAssets: Deleting an ApkAssets object '/product/overlay/TitanNexusLauncherOverlay.apk' with 1 weak references
04-20 04:02:01.599 W/.apps.wellbeing(22500): ApkAssets: Deleting an ApkAssets object '<empty> and /system/app/CarrierDefaultApp/CarrierDefaultApp.apk' with 1 weak references
04-20 04:02:01.599 W/.apps.wellbeing(22500): ApkAssets: Deleting an ApkAssets object '<empty> and /system/priv-app/CredentialManager/CredentialManager.apk' with 1 weak references
04-20 04:02:01.599 W/.apps.wellbeing(22500): ApkAssets: Deleting an ApkAssets object '<empty> and /product/overlay/FontNotoSerifSource/FontNotoSerifSourceOverlay.apk' with 1 weak references
04-20 04:02:01.599 W/.apps.wellbeing(22500): ApkAssets: Deleting an ApkAssets object '<empty> and /system/priv-app/DeviceAsWebcam/DeviceAsWebcam.apk' with 1 weak references
04-20 04:02:01.599 W/.apps.wellbeing(22500): ApkAssets: Deleting an ApkAssets object '<empty> and /system/priv-app/ProxyHandler/ProxyHandler.apk' with 1 weak references
04-20 04:02:01.599 W/.apps.wellbeing(22500): ApkAssets: Deleting an ApkAssets object '<empty> and /apex/com.android.permission/priv-app/GoogleSafetyCenterResources@350820360/GoogleSafetyCenterResources.apk' with 1 weak references
04-20 04:02:01.599 W/.apps.wellbeing(22500): ApkAssets: Deleting an ApkAssets object '<empty> and /product/overlay/DisplayCutoutEmulationWaterfall/DisplayCutoutEmulationWaterfallOverlay.apk' with 1 weak references
04-20 04:02:01.599 W/.apps.wellbeing(22500): ApkAssets: Deleting an ApkAssets object '<empty> and /system/priv-app/IntentResolver/IntentResolver.apk' with 1 weak references
04-20 04:02:01.599 W/.apps.wellbeing(22500): ApkAssets: Deleting an ApkAssets object '<empty> and /product/overlay/TransparentNavigationBar/TransparentNavigationBarOverlay.apk' with 1 weak references
04-20 04:02:01.599 W/.apps.wellbeing(22500): ApkAssets: Deleting an ApkAssets object '<empty> and /system/priv-app/E2eeContactKeysProvider/E2eeContactKeysProvider.apk' with 1 weak references
04-20 04:02:01.599 W/.apps.wellbeing(22500): ApkAssets: Deleting an ApkAssets object '<empty> and /apex/com.android.tethering/priv-app/ServiceConnectivityResourcesGoogle@350820300/ServiceConnectivityResourcesGoogle.apk' with 1 weak references
04-20 04:02:01.599 W/.apps.wellbeing(22500): ApkAssets: Deleting an ApkAssets object '/vendor/overlay/goldfish_overlay_connectivity_google.apk' with 1 weak references
04-20 04:02:01.599 W/.apps.wellbeing(22500): ApkAssets: Deleting an ApkAssets object '<empty> and /system_ext/priv-app/GoogleFeedback/GoogleFeedback.apk' with 1 weak references
04-20 04:02:01.599 W/.apps.wellbeing(22500): ApkAssets: Deleting an ApkAssets object '<empty> and /system/app/GooglePrintRecommendationService/GooglePrintRecommendationService.apk' with 1 weak references
04-20 04:02:01.599 W/.apps.wellbeing(22500): ApkAssets: Deleting an ApkAssets object '<empty> and /product/app/Photos/Photos.apk' with 1 weak references
04-20 04:02:01.599 W/.apps.wellbeing(22500): ApkAssets: Deleting an ApkAssets object '<empty> and /product/app/CalendarGooglePrebuilt/CalendarGooglePrebuilt.apk' with 1 weak references
04-20 04:02:01.599 W/.apps.wellbeing(22500): ApkAssets: Deleting an ApkAssets object '<empty> and /system/priv-app/ManagedProvisioning/ManagedProvisioning.apk' with 1 weak references
04-20 04:02:01.599 W/.apps.wellbeing(22500): ApkAssets: Deleting an ApkAssets object '<empty> and /system/priv-app/SoundPicker/SoundPicker.apk' with 1 weak references
04-20 04:02:01.599 W/.apps.wellbeing(22500): ApkAssets: Deleting an ApkAssets object '<empty> and /system/priv-app/DocumentsUIGoogle/DocumentsUIGoogle.apk' with 1 weak references
04-20 04:02:01.600 W/.apps.wellbeing(22500): ApkAssets: Deleting an ApkAssets object '<empty> and /product/app/PrebuiltGoogleTelemetryTvp/PrebuiltGoogleTelemetryTvp.apk' with 1 weak references
04-20 04:02:01.600 W/.apps.wellbeing(22500): ApkAssets: Deleting an ApkAssets object '<empty> and /system_ext/priv-app/MultiDisplayProvider/MultiDisplayProvider.apk' with 1 weak references
04-20 04:02:01.600 W/.apps.wellbeing(22500): ApkAssets: Deleting an ApkAssets object '<empty> and /system/priv-app/DeviceDiagnostics/DeviceDiagnostics.apk' with 1 weak references
04-20 04:02:01.600 W/.apps.wellbeing(22500): ApkAssets: Deleting an ApkAssets object '/product/overlay/DeviceDiagnostics__sdk_gtablet_arm64__auto_generated_rro_product.apk' with 1 weak references
04-20 04:02:01.600 W/.apps.wellbeing(22500): ApkAssets: Deleting an ApkAssets object '<empty> and /product/overlay/NotesRoleEnabled/NotesRoleEnabledOverlay.apk' with 1 weak references
04-20 04:02:01.600 W/.apps.wellbeing(22500): ApkAssets: Deleting an ApkAssets object '<empty> and /system/priv-app/LiveWallpapersPicker/LiveWallpapersPicker.apk' with 1 weak references
04-20 04:02:01.600 W/.apps.wellbeing(22500): ApkAssets: Deleting an ApkAssets object '<empty> and /product/app/YouTubeKidsPrebuilt/YouTubeKidsPrebuilt.apk' with 1 weak references
04-20 04:02:01.600 W/.apps.wellbeing(22500): ApkAssets: Deleting an ApkAssets object '<empty> and /product/app/PrebuiltGoogleAdservicesTvp/PrebuiltGoogleAdservicesTvp.apk' with 1 weak references
04-20 04:02:01.600 W/.apps.wellbeing(22500): ApkAssets: Deleting an ApkAssets object '<empty> and /data/app/~~1pCknmhMWqPGV0ZgnkjYbw==/com.impos2.mixcretailrn84v2-RzehPSuN1SB3CdhpKIoZ8w==/base.apk' with 1 weak references
04-20 04:02:01.600 W/.apps.wellbeing(22500): ApkAssets: Deleting an ApkAssets object '<empty> and /apex/com.android.healthfitness/priv-app/HealthConnectControllerGoogle@350820300/HealthConnectControllerGoogle.apk' with 1 weak references
04-20 04:02:01.600 W/.apps.wellbeing(22500): ApkAssets: Deleting an ApkAssets object '<empty> and /product/priv-app/KidsSupervisionStub/KidsSupervisionStub.apk' with 1 weak references
04-20 04:02:01.600 W/.apps.wellbeing(22500): ApkAssets: Deleting an ApkAssets object '<empty> and /system_ext/priv-app/StorageManager/StorageManager.apk' with 1 weak references
04-20 04:02:01.600 I/libprocessgroup(  590): Removed cgroup /sys/fs/cgroup/uid_10217/pid_16112
04-20 04:02:01.601 I/libprocessgroup(  590): Removed cgroup /sys/fs/cgroup/uid_10217/pid_16013
04-20 04:02:01.601 W/.apps.wellbeing(22500): ApkAssets: Deleting an ApkAssets object '/product/overlay/StorageManager__sdk_gtablet_arm64__auto_generated_rro_product.apk' with 1 weak references
04-20 04:02:01.601 W/.apps.wellbeing(22500): ApkAssets: Deleting an ApkAssets object '<empty> and /system/app/BookmarkProvider/BookmarkProvider.apk' with 1 weak references
04-20 04:02:01.602 W/.apps.wellbeing(22500): ApkAssets: Deleting an ApkAssets object '<empty> and /system_ext/priv-app/SettingsGoogle/SettingsGoogle.apk' with 1 weak references
04-20 04:02:01.602 W/.apps.wellbeing(22500): ApkAssets: Deleting an ApkAssets object '/product/overlay/SettingsGoogle__sdk_gtablet_arm64__auto_generated_rro_product.apk' with 1 weak references
04-20 04:02:01.602 W/.apps.wellbeing(22500): ApkAssets: Deleting an ApkAssets object '/product/overlay/TitanSettingsOverlay.apk' with 1 weak references
04-20 04:02:01.602 W/.apps.wellbeing(22500): ApkAssets: Deleting an ApkAssets object '/product/overlay/SettingsGoogleTangorproOverlay.apk' with 1 weak references
04-20 04:02:01.602 W/.apps.wellbeing(22500): ApkAssets: Deleting an ApkAssets object '<empty> and /product/priv-app/SettingsIntelligenceGooglePrebuilt/SettingsIntelligenceGooglePrebuilt.apk' with 1 weak references
04-20 04:02:01.602 W/.apps.wellbeing(22500): ApkAssets: Deleting an ApkAssets object '<empty> and /product/app/PlayBooksPrebuilt/PlayBooksPrebuilt.apk' with 1 weak references
04-20 04:02:01.602 W/.apps.wellbeing(22500): ApkAssets: Deleting an ApkAssets object '<empty> and /product/priv-app/SCONE-v31427/SCONE-v31427.apk' with 1 weak references
04-20 04:02:01.602 W/.apps.wellbeing(22500): ApkAssets: Deleting an ApkAssets object '<empty> and /apex/com.android.uwb/priv-app/ServiceUwbResourcesGoogle@350820300/ServiceUwbResourcesGoogle.apk' with 1 weak references
04-20 04:02:01.602 W/.apps.wellbeing(22500): ApkAssets: Deleting an ApkAssets object '/product/overlay/UwbOverlayT6pro/PixelUwbOverlayT6pro.apk' with 1 weak references
04-20 04:02:01.602 W/.apps.wellbeing(22500): ApkAssets: Deleting an ApkAssets object '<empty> and /product/priv-app/GoogleHomePrebuilt/GoogleHomePrebuilt.apk' with 1 weak references
04-20 04:02:01.603 W/.apps.wellbeing(22500): ApkAssets: Deleting an ApkAssets object '<empty> and /apex/com.android.wifi/priv-app/ServiceWifiResourcesGoogle@350820300/ServiceWifiResourcesGoogle.apk' with 1 weak references
04-20 04:02:01.603 W/.apps.wellbeing(22500): ApkAssets: Deleting an ApkAssets object '<empty> and /system_ext/priv-app/ThemePicker/ThemePicker.apk' with 1 weak references
04-20 04:02:01.603 W/.apps.wellbeing(22500): ApkAssets: Deleting an ApkAssets object '<empty> and /system_ext/priv-app/WallpaperPickerGoogleRelease/WallpaperPickerGoogleRelease.apk' with 1 weak references
04-20 04:02:01.603 W/.apps.wellbeing(22500): ApkAssets: Deleting an ApkAssets object '<empty> and /product/app/GoogleKeepPrebuilt/GoogleKeepPrebuilt.apk' with 1 weak references
04-20 04:02:01.604 W/.apps.wellbeing(22500): ApkAssets: Deleting an ApkAssets object '<empty> and /product/priv-app/OdadPrebuilt/OdadPrebuilt.apk' with 1 weak references
04-20 04:02:01.604 W/.apps.wellbeing(22500): ApkAssets: Deleting an ApkAssets object '<empty> and /system/priv-app/TeleService/TeleService.apk' with 1 weak references
04-20 04:02:01.604 W/.apps.wellbeing(22500): ApkAssets: Deleting an ApkAssets object '/product/overlay/TeleService__tablet__auto_generated_characteristics_rro.apk' with 1 weak references
04-20 04:02:01.604 W/.apps.wellbeing(22500): ApkAssets: Deleting an ApkAssets object '<empty> and /system/priv-app/Shell/Shell.apk' with 1 weak references
04-20 04:02:01.604 W/.apps.wellbeing(22500): ApkAssets: Deleting an ApkAssets object '<empty> and /system/priv-app/BlockedNumberProvider/BlockedNumberProvider.apk' with 1 weak references
04-20 04:02:01.604 W/.apps.wellbeing(22500): ApkAssets: Deleting an ApkAssets object '<empty> and /system/priv-app/UserDictionaryProvider/UserDictionaryProvider.apk' with 1 weak references
04-20 04:02:01.604 W/.apps.wellbeing(22500): ApkAssets: Deleting an ApkAssets object '<empty> and /system_ext/app/EmergencyInfoGoogleNoUi/EmergencyInfoGoogleNoUi.apk' with 1 weak references
04-20 04:02:01.604 W/.apps.wellbeing(22500): ApkAssets: Deleting an ApkAssets object '<empty> and /product/overlay/NavigationBarModeGestural/NavigationBarModeGesturalOverlay.apk' with 1 weak references
04-20 04:02:01.604 W/.apps.wellbeing(22500): ApkAssets: Deleting an ApkAssets object '<empty> and /system/priv-app/FusedLocation/FusedLocation.apk' with 1 weak references
04-20 04:02:01.604 W/.apps.wellbeing(22500): ApkAssets: Deleting an ApkAssets object '<empty> and /system_ext/priv-app/SystemUITitan/SystemUITitan.apk' with 1 weak references
04-20 04:02:01.604 W/.apps.wellbeing(22500): ApkAssets: Deleting an ApkAssets object '/product/overlay/SystemUITitan__sdk_gtablet_arm64__auto_generated_rro_product.apk' with 1 weak references
04-20 04:02:01.604 W/.apps.wellbeing(22500): ApkAssets: Deleting an ApkAssets object '/product/overlay/TitanSysuiConfigOverlay.apk' with 1 weak references
04-20 04:02:01.604 W/.apps.wellbeing(22500): ApkAssets: Deleting an ApkAssets object '<empty> and /product/app/YouTubeMusicPrebuilt/YouTubeMusicPrebuilt.apk' with 1 weak references
04-20 04:02:01.605 W/.apps.wellbeing(22500): ApkAssets: Deleting an ApkAssets object '<empty> and /system/app/BluetoothMidiService/BluetoothMidiService.apk' with 1 weak references
04-20 04:02:01.605 W/.apps.wellbeing(22500): ApkAssets: Deleting an ApkAssets object '<empty> and /system/app/Traceur/Traceur.apk' with 1 weak references
04-20 04:02:01.605 W/.apps.wellbeing(22500): ApkAssets: Deleting an ApkAssets object '/product/overlay/Traceur__sdk_gtablet_arm64__auto_generated_rro_product.apk' with 1 weak references
04-20 04:02:01.605 W/.apps.wellbeing(22500): ApkAssets: Deleting an ApkAssets object '<empty> and /apex/com.android.cellbroadcast/priv-app/GoogleCellBroadcastApp@350820300/GoogleCellBroadcastApp.apk' with 1 weak references
04-20 04:02:01.605 W/.apps.wellbeing(22500): ApkAssets: Deleting an ApkAssets object '<empty> and /system/priv-app/ContactsProvider/ContactsProvider.apk' with 1 weak references
04-20 04:02:01.605 W/.apps.wellbeing(22500): ApkAssets: Deleting an ApkAssets object '/product/overlay/ContactsProvider__sdk_gtablet_arm64__auto_generated_rro_product.apk' with 1 weak references
04-20 04:02:01.605 W/.apps.wellbeing(22500): ApkAssets: Deleting an ApkAssets object '<empty> and /product/app/LatinIMEGooglePrebuilt/LatinIMEGooglePrebuilt.apk' with 1 weak references
04-20 04:02:01.605 W/.apps.wellbeing(22500): ApkAssets: Deleting an ApkAssets object '<empty> and /product/priv-app/GoogleRestorePrebuilt-v526684/GoogleRestorePrebuilt-v526684.apk' with 1 weak references
04-20 04:02:01.608 D/StatsLog( 1099): LAUNCHER_ONRESUME
04-20 04:02:01.612 V/WindowManagerShell(  836): onTransitionReady(transaction=2534030745812)
04-20 04:02:01.613 V/WindowManagerShell(  836): onTransitionReady (#566) android.os.BinderProxy@e2e792: {id=566 t=CLOSE f=0x0 trk=0 r=[2@Point(0, 0),0@Point(0, 0)] c=[{WCT{android.window.IWindowContainerToken$Stub$Proxy@d480078} m=TO_FRONT f=SHOW_WALLPAPER|MOVE_TO_TOP leash=Surface(name=Task=671)/@0xe9ee560 sb=Rect(0, 0 - 2560, 1600) eb=Rect(0, 0 - 2560, 1600) d=2 taskParent=-1},{WCT{android.window.IWindowContainerToken$Stub$Proxy@c9cf351} m=CLOSE f=NONE leash=Surface(name=Task=872)/@0xbcb1a19 sb=Rect(0, 0 - 2560, 1600) eb=Rect(0, 0 - 2560, 1600) d=2 taskParent=-1},{null m=TO_FRONT f=IS_WALLPAPER leash=Surface(name=WallpaperWindowToken{c5135e7 token=android.os.Binder@aebf7a6})/@0xfc3eade sb=Rect(0, 0 - 2560, 1600) eb=Rect(0, 0 - 2560, 1600) d=2},{WCT{android.window.IWindowContainerToken$Stub$Proxy@29c77b6} m=CLOSE f=NONE leash=Surface(name=Task=871)/@0xdaed4bf sb=Rect(0, 0 - 2560, 1600) eb=Rect(0, 0 - 2560, 1600) d=0 taskParent=-1},{WCT{android.window.IWindowContainerToken$Stub$Proxy@5dc9cb7} m=TO_FRONT f=SHOW_WALLPAPER leash=Surface(name=Task=1)/@0x2fcf78c sb=Rect(0, 0 - 2560, 1600) eb=Rect(0, 0 - 2560, 1600) d=0 taskParent=-1},{null m=TO_FRONT f=IS_WALLPAPER leash=Surface(name=WallpaperWindowToken{55198b token=android.os.Binder@bf0535a})/@0xb6a3ed5 sb=Rect(0, 0 - 2560, 1600) eb=Rect(0, 0 - 2560, 1600) d=0}]}
04-20 04:02:01.613 V/WindowManagerShell(  836): Playing animation for (#566) android.os.BinderProxy@e2e792@0
04-20 04:02:01.613 V/WindowManagerShell(  836):  try handler com.android.wm.shell.transition.DefaultMixedHandler@a4b4bb1
04-20 04:02:01.613 V/WindowManagerShell(  836):  try handler com.android.wm.shell.keyguard.KeyguardTransitionHandler@f055896
04-20 04:02:01.614 V/WindowManagerShell(  836):  try handler com.android.wm.shell.pip.PipTransition@489c17
04-20 04:02:01.614 V/WindowManagerShell(  836):  try handler com.android.wm.shell.activityembedding.ActivityEmbeddingController@f43a804
04-20 04:02:01.614 V/WindowManagerShell(  836):  try handler com.android.wm.shell.splitscreen.StageCoordinator@417f1ed
04-20 04:02:01.614 V/WindowManagerShell(  836):  try handler com.android.wm.shell.desktopmode.DesktopTasksController@4366822
04-20 04:02:01.614 V/WindowManagerShell(  836):  try handler com.android.wm.shell.recents.RecentsTransitionHandler@b30e2b3
04-20 04:02:01.614 V/ShellRecents(  836): RecentsTransitionHandler.startAnimation: no controller found
04-20 04:02:01.614 V/WindowManagerShell(  836):  try handler com.android.wm.shell.transition.RemoteTransitionHandler@2554070
04-20 04:02:01.614 V/WindowManagerShell(  836): Transition doesn't have explicit remote, search filters for match for {id=566 t=CLOSE f=0x0 trk=0 r=[2@Point(0, 0),0@Point(0, 0)] c=[{WCT{android.window.IWindowContainerToken$Stub$Proxy@d480078} m=TO_FRONT f=SHOW_WALLPAPER|MOVE_TO_TOP leash=Surface(name=Task=671)/@0xe9ee560 sb=Rect(0, 0 - 2560, 1600) eb=Rect(0, 0 - 2560, 1600) d=2 taskParent=-1},{WCT{android.window.IWindowContainerToken$Stub$Proxy@c9cf351} m=CLOSE f=NONE leash=Surface(name=Task=872)/@0xbcb1a19 sb=Rect(0, 0 - 2560, 1600) eb=Rect(0, 0 - 2560, 1600) d=2 taskParent=-1},{null m=TO_FRONT f=IS_WALLPAPER leash=Surface(name=WallpaperWindowToken{c5135e7 token=android.os.Binder@aebf7a6})/@0xfc3eade sb=Rect(0, 0 - 2560, 1600) eb=Rect(0, 0 - 2560, 1600) d=2},{WCT{android.window.IWindowContainerToken$Stub$Proxy@29c77b6} m=CLOSE f=NONE leash=Surface(name=Task=871)/@0xdaed4bf sb=Rect(0, 0 - 2560, 1600) eb=Rect(0, 0 - 2560, 1600) d=0 taskParent=-1},{WCT{android.window.IWindowContainerToken$Stub$Proxy@5dc9cb7} m=TO_FRONT f=SHOW_WALLPAPER leash=Surface(name=Task=1)/@0x2fcf78c sb=Rect(0, 0 - 2560, 1600) eb=Rect(0, 0 - 2560, 1600) d=0 taskParent=-1},{null m=TO_FRONT f=IS_WALLPAPER leash=Surface(name=WallpaperWindowToken{55198b token=android.os.Binder@bf0535a})/@0xb6a3ed5 sb=Rect(0, 0 - 2560, 1600) eb=Rect(0, 0 - 2560, 1600) d=0}]}
04-20 04:02:01.614 V/WindowManagerShell(  836):  Checking filter Pair{{types=[] flags=0x0] notFlags=0x0 checks=[{atype=undefined independent=true modes=[OPEN,TO_FRONT] flags=IN_TASK_WITH_EMBEDDED_ACTIVITY mustBeTask=false order=ANY topActivity=ComponentInfo{com.google.android.apps.nexuslauncher/com.google.android.apps.nexuslauncher.NexusLauncherActivity} launchCookie=null},{atype=undefined independent=true modes=[CLOSE,TO_BACK] flags=IN_TASK_WITH_EMBEDDED_ACTIVITY mustBeTask=false order=ANY topActivity=null launchCookie=null}]} RemoteTransition { remoteTransition = android.window.IRemoteTransition$Stub$Proxy@e8ebfe9, appThread = android.app.IApplicationThread$Stub$Proxy@876e46e, debugName = OverlaySwipeBack }}
04-20 04:02:01.614 V/WindowManagerShell(  836):  Checking filter Pair{{types=[] flags=0x0] notFlags=0x0 checks=[{atype=dream independent=true modes=[OPEN,TO_FRONT] flags=NONE mustBeTask=false order=ANY topActivity=null launchCookie=null},{atype=home independent=true modes=[CLOSE,TO_BACK] flags=NONE mustBeTask=false order=ANY topActivity=null launchCookie=null}]} RemoteTransition { remoteTransition = android.window.IRemoteTransition$Stub$Proxy@f4cf70f, appThread = android.app.IApplicationThread$Stub$Proxy@ba5f39c, debugName = LauncherToDream }}
04-20 04:02:01.614 V/WindowManagerShell(  836):  Checking filter Pair{{types=[] flags=0x0] notFlags=0x100 checks=[{atype=home independent=true modes=[OPEN,TO_FRONT] flags=NONE mustBeTask=false order=TOP topActivity=ComponentInfo{com.google.android.apps.nexuslauncher/com.google.android.apps.nexuslauncher.NexusLauncherActivity} launchCookie=null},{atype=standard independent=true modes=[CLOSE,TO_BACK] flags=NONE mustBeTask=false order=ANY topActivity=null launchCookie=null}]} RemoteTransition { remoteTransition = android.window.IRemoteTransition$Stub$Proxy@c8a71a5, appThread = android.app.IApplicationThread$Stub$Proxy@30d97a, debugName = QuickstepLaunchHome }}
04-20 04:02:01.614 V/WindowManagerShell(  836):  Delegate animation for (#566) to null
04-20 04:02:01.614 V/WindowManagerShell(  836):  try handler com.android.wm.shell.transition.DefaultTransitionHandler@56bf52b
04-20 04:02:01.615 V/WindowManagerShell(  836): start default transition animation, info = {id=566 t=CLOSE f=0x0 trk=0 r=[2@Point(0, 0),0@Point(0, 0)] c=[{WCT{android.window.IWindowContainerToken$Stub$Proxy@d480078} m=TO_FRONT f=SHOW_WALLPAPER|MOVE_TO_TOP leash=Surface(name=Task=671)/@0xe9ee560 sb=Rect(0, 0 - 2560, 1600) eb=Rect(0, 0 - 2560, 1600) d=2 taskParent=-1},{WCT{android.window.IWindowContainerToken$Stub$Proxy@c9cf351} m=CLOSE f=NONE leash=Surface(name=Task=872)/@0xbcb1a19 sb=Rect(0, 0 - 2560, 1600) eb=Rect(0, 0 - 2560, 1600) d=2 taskParent=-1},{null m=TO_FRONT f=IS_WALLPAPER leash=Surface(name=WallpaperWindowToken{c5135e7 token=android.os.Binder@aebf7a6})/@0xfc3eade sb=Rect(0, 0 - 2560, 1600) eb=Rect(0, 0 - 2560, 1600) d=2},{WCT{android.window.IWindowContainerToken$Stub$Proxy@29c77b6} m=CLOSE f=NONE leash=Surface(name=Task=871)/@0xdaed4bf sb=Rect(0, 0 - 2560, 1600) eb=Rect(0, 0 - 2560, 1600) d=0 taskParent=-1},{WCT{android.window.IWindowContainerToken$Stub$Proxy@5dc9cb7} m=TO_FRONT f=SHOW_WALLPAPER leash=Surface(name=Task=1)/@0x2fcf78c sb=Rect(0, 0 - 2560, 1600) eb=Rect(0, 0 - 2560, 1600) d=0 taskParent=-1},{null m=TO_FRONT f=IS_WALLPAPER leash=Surface(name=WallpaperWindowToken{55198b token=android.os.Binder@bf0535a})/@0xb6a3ed5 sb=Rect(0, 0 - 2560, 1600) eb=Rect(0, 0 - 2560, 1600) d=0}]}
04-20 04:02:01.615 V/WindowManagerShell(  836): loadAnimation: anim=android.view.animation.AnimationSet@b6c738d animAttr=0x10 type=CLOSE isEntrance=true
04-20 04:02:01.615 V/WindowManagerShell(  836): loadAnimation: anim=android.view.animation.AnimationSet@b666690 animAttr=0x11 type=CLOSE isEntrance=false
04-20 04:02:01.615 V/WindowManagerShell(  836): loadAnimation: anim=android.view.animation.AnimationSet@139bb89 animAttr=0x11 type=CLOSE isEntrance=false
04-20 04:02:01.615 V/WindowManagerShell(  836): loadAnimation: anim=android.view.animation.AnimationSet@1aec78e animAttr=0x10 type=CLOSE isEntrance=true
04-20 04:02:01.616 V/WindowManagerShell(  836):  animated by com.android.wm.shell.transition.DefaultTransitionHandler@56bf52b
04-20 04:02:01.617 W/AppSearchIcing(  590): icing-search-engine.cc:321: Error: 5, Message: Document (com.google.android.googlequicksearchbox$OneSearchZeroStateGoogleSuggestions/default, zp) not found.
04-20 04:02:01.622 D/OneSearchSuggestProvider( 1099): AppSearch 0-state cache not available, fallback to AGA
04-20 04:02:01.622 D/OneSearchSuggestProvider( 1099): java.util.concurrent.CompletionException: java.util.NoSuchElementException: No value present
04-20 04:02:01.622 D/OneSearchSuggestProvider( 1099): 	at java.util.concurrent.CompletableFuture.encodeThrowable(CompletableFuture.java:308)
04-20 04:02:01.622 D/OneSearchSuggestProvider( 1099): 	at java.util.concurrent.CompletableFuture.completeThrowable(CompletableFuture.java:323)
04-20 04:02:01.622 D/OneSearchSuggestProvider( 1099): 	at java.util.concurrent.CompletableFuture$UniAccept.tryFire(CompletableFuture.java:684)
04-20 04:02:01.622 D/OneSearchSuggestProvider( 1099): 	at java.util.concurrent.CompletableFuture.postComplete(CompletableFuture.java:486)
04-20 04:02:01.622 D/OneSearchSuggestProvider( 1099): 	at java.util.concurrent.CompletableFuture.completeExceptionally(CompletableFuture.java:2138)
04-20 04:02:01.622 D/OneSearchSuggestProvider( 1099): 	at com.google.android.apps.nexuslauncher.allapps.E0.onResult(go/retraceme 6422cbaa18704413bfb3e93ebb8478614d3644845132061bc54b1fae066de31d:67)
04-20 04:02:01.622 D/OneSearchSuggestProvider( 1099): 	at android.app.appsearch.SearchSessionUtil$1.lambda$onResult$0(go/retraceme 64eee9e9f568ff45978879ad2ff83146f2618ee8a88278736fbdf5fae931976e:144)
04-20 04:02:01.622 D/OneSearchSuggestProvider( 1099): 	at android.app.appsearch.SearchSessionUtil$1.$r8$lambda$CEk3q8sDAQVhU3rQwVueB8FAj_M(go/retraceme 64eee9e9f568ff45978879ad2ff83146f2618ee8a88278736fbdf5fae931976e:1)
04-20 04:02:01.622 D/OneSearchSuggestProvider( 1099): 	at android.app.appsearch.SearchSessionUtil$1$$ExternalSyntheticLambda0.run(go/retraceme 64eee9e9f568ff45978879ad2ff83146f2618ee8a88278736fbdf5fae931976e:22)
04-20 04:02:01.622 D/OneSearchSuggestProvider( 1099): 	at android.os.Handler.handleCallback(Handler.java:959)
04-20 04:02:01.622 D/OneSearchSuggestProvider( 1099): 	at android.os.Handler.dispatchMessage(Handler.java:100)
04-20 04:02:01.622 D/OneSearchSuggestProvider( 1099): 	at android.os.Looper.loopOnce(Looper.java:232)
04-20 04:02:01.622 D/OneSearchSuggestProvider( 1099): 	at android.os.Looper.loop(Looper.java:317)
04-20 04:02:01.622 D/OneSearchSuggestProvider( 1099): 	at android.os.HandlerThread.run(HandlerThread.java:85)
04-20 04:02:01.622 D/OneSearchSuggestProvider( 1099): Caused by: java.util.NoSuchElementException: No value present
04-20 04:02:01.622 D/OneSearchSuggestProvider( 1099): 	at java.util.Optional.get(Optional.java:143)
04-20 04:02:01.622 D/OneSearchSuggestProvider( 1099): 	at com.google.android.apps.nexuslauncher.allapps.E0.onResult(go/retraceme 6422cbaa18704413bfb3e93ebb8478614d3644845132061bc54b1fae066de31d:28)
04-20 04:02:01.622 D/OneSearchSuggestProvider( 1099): 	... 8 more
04-20 04:02:01.623 D/QuickstepModelDelegate( 1099): notifyAppTargetEvent action=1 launchLocation=workspace/0/[-1,-1]/[1,1]
04-20 04:02:01.624 D/OneSearchSuggestProvider( 1099): Created the binder channel successfully for end point service =com.google.android.apps.search.googleapp.search.suggest.plugins.onesearch.server.OneSearchSuggestService , mChannel=i1{delegate=f{logId=415, target=directaddress:///AndroidComponentAddress%5BIntent%20%7B%20act=grpc.io.action.BIND%20cmp=com.google.android.googlequicksearchbox/com.google.android.apps.search.googleapp.search.suggest.plugins.onesearch.server.OneSearchSuggestService%20%7D%5D}} , mOneSearchConnection=m2.Z@2e79233
