04-20 04:02:01.625 V/WindowManager(  590): Sent Transition (#566) createdAt=04-20 04:02:01.543 via request=TransitionRequestInfo { type = CLOSE, triggerTask = TaskInfo{userId=0 taskId=872 displayId=2 isRunning=false baseIntent=Intent { flg=0x18000000 cmp=com.impos2.mixcretailassemblyrn84/.SecondaryActivity } baseActivity=null topActivity=null origActivity=null realActivity=ComponentInfo{com.impos2.mixcretailassemblyrn84/com.impos2.mixcretailassemblyrn84.SecondaryActivity} numActivities=0 lastActiveTime=269688022 supportsMultiWindow=true resizeMode=1 isResizeable=true minWidth=-1 minHeight=-1 defaultMinSize=220 token=WCT{RemoteToken{9c031b6 Task{61dc192 #872 type=standard A=10217:com.impos2.mixcretailassemblyrn84}}} topActivityType=1 pictureInPictureParams=null shouldDockBigOverlays=false launchIntoPipHostTaskId=-1 lastParentTaskIdBeforePip=-1 displayCutoutSafeInsets=null topActivityInfo=null launchCookies=[] positionInParent=Point(0, 0) parentTaskId=-1 isFocused=true isVisible=true isVisibleRequested=true isSleeping=false locusId=null displayAreaFeatureId=1 isTopActivityTransparent=false appCompatTaskInfo=AppCompatTaskInfo { topActivityInSizeCompat=false topActivityEligibleForLetterboxEducation= falseisLetterboxEducationEnabled= false isLetterboxDoubleTapEnabled= false topActivityEligibleForUserAspectRatioButton= false topActivityBoundsLetterboxed= false isFromLetterboxDoubleTap= false topActivityLetterboxVerticalPosition= -1 topActivityLetterboxHorizontalPosition= -1 topActivityLetterboxWidth=-1 topActivityLetterboxHeight=-1 isUserFullscreenOverrideEnabled=false isSystemFullscreenOverrideEnabled=false cameraCompatTaskInfo=CameraCompatTaskInfo { cameraCompatControlState=hidden freeformCameraCompatMode=inactive}}}, pipTask = null, remoteTransition = null, displayChange = null, flags = 0, debugId = 566 }
04-20 04:02:01.626 V/WindowManager(  590):     startWCT=WindowContainerTransaction { changes = {} hops = [] errorCallbackToken=null taskFragmentOrganizer=null }
04-20 04:02:01.626 V/WindowManager(  590):     info={id=566 t=CLOSE f=0x0 trk=0 r=[2@Point(0, 0),0@Point(0, 0)] c=[
04-20 04:02:01.626 V/WindowManager(  590):         {WCT{RemoteToken{473bc8f Task{c2f742b #671 type=home}}} m=TO_FRONT f=SHOW_WALLPAPER|MOVE_TO_TOP leash=Surface(name=Task=671)/@0x5554f84 sb=Rect(0, 0 - 2560, 1600) eb=Rect(0, 0 - 2560, 1600) d=2 taskParent=-1},
04-20 04:02:01.626 V/WindowManager(  590):         {WCT{RemoteToken{9c031b6 Task{61dc192 #872 type=standard A=10217:com.impos2.mixcretailassemblyrn84}}} m=CLOSE f=NONE leash=Surface(name=Task=872)/@0xdd2aa78 sb=Rect(0, 0 - 2560, 1600) eb=Rect(0, 0 - 2560, 1600) d=2 taskParent=-1},
04-20 04:02:01.626 V/WindowManager(  590):         {null m=TO_FRONT f=IS_WALLPAPER leash=Surface(name=WallpaperWindowToken{c5135e7 token=android.os.Binder@aebf7a6})/@0x479d416 sb=Rect(0, 0 - 2560, 1600) eb=Rect(0, 0 - 2560, 1600) d=2},
04-20 04:02:01.626 V/WindowManager(  590):         {WCT{RemoteToken{7cb1445 Task{a4519bf #871 type=standard A=10217:com.impos2.mixcretailassemblyrn84}}} m=CLOSE f=NONE leash=Surface(name=Task=871)/@0x33df0af sb=Rect(0, 0 - 2560, 1600) eb=Rect(0, 0 - 2560, 1600) d=0 taskParent=-1},
04-20 04:02:01.626 V/WindowManager(  590):         {WCT{RemoteToken{eecd609 Task{403a6f7 #1 type=home}}} m=TO_FRONT f=SHOW_WALLPAPER leash=Surface(name=Task=1)/@0x27bc150 sb=Rect(0, 0 - 2560, 1600) eb=Rect(0, 0 - 2560, 1600) d=0 taskParent=-1},
04-20 04:02:01.626 V/WindowManager(  590):         {null m=TO_FRONT f=IS_WALLPAPER leash=Surface(name=WallpaperWindowToken{55198b token=android.os.Binder@bf0535a})/@0x6a378e3 sb=Rect(0, 0 - 2560, 1600) eb=Rect(0, 0 - 2560, 1600) d=0}
04-20 04:02:01.626 V/WindowManager(  590):     ]}
04-20 04:02:01.629 D/ActivityManager(  590): sync unfroze 21035 com.google.android.googlequicksearchbox:search for 6
04-20 04:02:01.634 D/EGL_emulation( 1099): app_time_stats: avg=13603.90ms min=0.79ms max=625540.50ms count=46
04-20 04:02:01.637 I/AiAiEcho( 1389): Predicting[0]:  [CONTEXT sampling_count=5 ]
04-20 04:02:01.637 I/AiAiEcho( 1389): EchoTargets: 
04-20 04:02:01.637 I/AiAiEcho( 1389): Filtered by AiAi flag check: 
04-20 04:02:01.637 I/AiAiEcho( 1389): [CONTEXT ratelimit_period="10 SECONDS" ]
04-20 04:02:01.637 I/AiAiEcho( 1389): Ranked targets strategy: SORT, count: 0, ranking metadata:  [CONTEXT ratelimit_period="10 SECONDS" ]
04-20 04:02:01.637 I/AiAiEcho( 1389): #remoteViewsTwiddler: feature disabled.
04-20 04:02:01.638 I/ImeTracker(  590): com.google.android.apps.nexuslauncher:a882978f: onRequestHide at ORIGIN_SERVER reason HIDE_UNSPECIFIED_WINDOW fromUser false
04-20 04:02:01.638 I/ImeTracker(  590): com.google.android.apps.nexuslauncher:a882978f: onCancelled at PHASE_SERVER_SHOULD_HIDE
04-20 04:02:01.639 I/AiAiEcho( 1389): #postPredictionTargets: Sending updates to UISurface home with targets# 0 (types=[])
04-20 04:02:01.642 W/UserManagerService(  590): Requested status bar icon for non-badged user 0
04-20 04:02:01.646 D/ActivityManager(  590): sync unfroze 21183 com.google.android.webview:sandboxed_process0:org.chromium.content.app.SandboxedProcessService0:0 for 6
04-20 04:02:01.650 D/SsBaseTemplateCard( 1099): No text view can be set up
04-20 04:02:01.650 D/SsBaseTemplateCard( 1099): Passed-in item info is null
04-20 04:02:01.650 D/SsBaseTemplateCard( 1099): Passed-in item info is null
04-20 04:02:01.650 D/SsBaseTemplateCard( 1099): Passed-in item info is null
04-20 04:02:01.650 I/SsBaseTemplateCard( 1099): Secondary card pane is null
--------- beginning of kernel
04-20 04:02:01.652 I/logd    (  167): logdr: UID=0 GID=0 PID=16277 b tail=0 logMask=99 pid=0 start=0ns deadline=0ns
04-20 04:02:01.658 I/GoogleInputMethodService(20885): GoogleInputMethodService.onDestroy():1509 
04-20 04:02:01.659 I/GoogleInputMethodService(20885): GoogleInputMethodService.onFinishInput():3157 
04-20 04:02:01.660 I/GoogleInputMethodService(20885): GoogleInputMethodService.updateDeviceLockedStatus():2248 repeatCheckTimes = 0, locked = false
04-20 04:02:01.662 W/InputManager-JNI(  590): Input channel object 'b5f5f23 InputMethod (client)' was disposed without first being removed with the input manager!
04-20 04:02:01.664 I/GoogleInputMethodService(20885): GoogleInputMethodService.clearInputMethodServiceData():1613 clearInputMethodServiceData for onDestroy
04-20 04:02:01.664 I/GoogleInputMethodService(20885): GoogleInputMethodService.discardAllKeyboardViewAndInputView():1818 discardAllKeyboardViewAndInputView()
04-20 04:02:01.664 I/KeyboardModeManager(20885): KeyboardModeManager.setInputViewKeyboardViewHolderProvider():625 setInputView() : supportsOneHandedMode=false supportsSplitMode=true
04-20 04:02:01.664 I/NormalModeController(20885): NormalModeController.getKeyboardBodyViewHolderPaddingBottom():104 currentPrimeKeyboardType:SOFT systemPaddingBottom:-1
04-20 04:02:01.664 I/KeyboardModeManager(20885): KeyboardModeManager.setInputViewKeyboardViewHolderProvider():613 setInputView() : supportsOneHandedMode=false, supportSplitMode=true
04-20 04:02:01.664 I/InputMethodEntryManager(20885): InputMethodEntryManager.notifyCurrentInputMethodEntryOnContextChanged():521 notifyCurrentInputMethodEntryOnContextChanged()
04-20 04:02:01.664 I/InputMethodEntryManager(20885): InputMethodEntryManager.notifyCurrentInputMethodEntryOnContextChanged():542 Notify current input method entry changed on context change
04-20 04:02:01.665 I/SystemSubtypesReportModule(20885): SystemSubtypesReportModule$3.onCurrentInputMethodEntryChanged():136 entry: en-US, source: UNSPECIFIED
04-20 04:02:01.666 I/KeyboardThemeProvider(20885): KeyboardThemeProvider.reset():40 Reset keyboard theme
04-20 04:02:01.666 I/KeyboardContextProvider(20885): KeyboardContextProvider.setBaseContextAndInvalidKeyboardContextCache():88 setBaseContextAndInvalidKeyboardContextCache(): null
04-20 04:02:01.666 I/DeviceModeMonitor(20885): DeviceModeMonitor.calculateDeviceMode():76 Get device mode tablet_large by screen size and smallestScreenWidthDp: 723
04-20 04:02:01.666 I/HardKeyTracker(20885): HardKeyTracker.unregisterKeySequence():183 Unregister key sequence lnk{labelResId=2132019809, callback=jjt@dd02636, lastModifier=2, keyCodes=[47], actions=[0]}
04-20 04:02:01.666 I/HardKeyTracker(20885): HardKeyTracker.unregisterKeySequence():183 Unregister key sequence lnk{labelResId=0, callback=jwl@d706fc2, lastModifier=0, keyCodes=[204], actions=[0]}
04-20 04:02:01.666 W/AccessPointsManager(20885): AccessPointsManager.removeAccessPoint():834 The holder controller #0x7f0b2078 is not registered
04-20 04:02:01.666 I/AccessPointsListHolderController(20885): AccessPointsListHolderController.removeAccessPoint():304 The access point textediting is not added
04-20 04:02:01.666 I/AccessPointsListHolderController(20885): AccessPointsListHolderController.removeAccessPoint():304 The access point settings is not added
04-20 04:02:01.667 I/AccessPointsListHolderController(20885): AccessPointsListHolderController.removeAccessPoint():304 The access point theme_setting is not added
04-20 04:02:01.667 I/OnDevicePackDownloadModule(20885): OnDevicePackDownloadModule.onDestroy():95 onDestroy()
04-20 04:02:01.667 I/NewS3RecognizerModule(20885): NewS3RecognizerModule.onDestroy():21 onDestroy [news3]
04-20 04:02:01.668 I/HardKeyTracker(20885): HardKeyTracker.unregisterKeySequence():183 Unregister key sequence lnk{labelResId=2132019800, callback=gnd@debf7c6, lastModifier=0, keyCodes=[57, 57], actions=[1, 0]}
04-20 04:02:01.668 I/HardKeyTracker(20885): HardKeyTracker.unregisterKeySequence():183 Unregister key sequence lnk{labelResId=0, callback=gnd@47dbedd, lastModifier=0, keyCodes=[58, 58], actions=[1, 0]}
04-20 04:02:01.668 I/AbstractOpenableExtension(20885): AbstractOpenableExtension.maybeDestroyExistingKeyboardGroupManager():538 Destroy existing keyboard group manager in fvq
04-20 04:02:01.669 I/EmojifyExtensionImpl(20885): EmojifyExtensionImpl.onDestroy():605 Destroying Emojify extension ehb@d812a56.
04-20 04:02:01.669 I/AbstractOpenableExtension(20885): AbstractOpenableExtension.maybeDestroyExistingKeyboardGroupManager():538 Destroy existing keyboard group manager in fxu
04-20 04:02:01.670 I/JapaneseMozcExtension(20885): JapaneseMozcExtension.onDestroyServiceInternal():81 onDestroyServiceInternal()
04-20 04:02:01.670 I/SP      (20885): Registering emoticon_content_description.2022081613, url: https://www.gstatic.com/android/keyboard/emoticon_content_desc/202208161305/superpacks_manifest.json, constraints: W:*:*:*, flags: bg, requested: 2022081613, current: -1
04-20 04:02:01.670 I/ActivityManager(  590): Killing 11358:com.android.chrome/u0a145 (adj 975): empty #17
04-20 04:02:01.671 I/A       (21035): (REDACTED) Created gRPC endpoint for service %s
04-20 04:02:01.671 I/AbstractOpenableExtension(20885): AbstractOpenableExtension$3.onSuccess():552 KeyboardGroupManager destroyed in fvq.
04-20 04:02:01.671 I/AbstractOpenableExtension(20885): AbstractOpenableExtension$3.onSuccess():552 KeyboardGroupManager destroyed in fxu.
04-20 04:02:01.680 I/AppBase (20885): AppBase.onTrimMemory():412 onTrimMemory(): 40
04-20 04:02:01.680 I/KeyboardDefCache(20885): MemoryFileCache$1.onTrimMemory():126 clearMemory() for trim memory: 40
04-20 04:02:01.680 I/KeyboardDefCache(20885): MemoryFileCache.clearMemory():410 evictAll()
04-20 04:02:01.700 D/WindowTokenClient(20885): Only apply configuration update to Resources because shouldReportConfigChange is false. context=com.android.inputmethod.latin.LatinIME@63ad9b2, config={1.3 ?mcc0mnc [en_US] ldltr sw723dp w1157dp h723dp 354dpi xlrg land finger qwerty/v/v dpad/v winConfig={ mBounds=Rect(0, 0 - 2560, 1600) mAppBounds=Rect(0, 0 - 2560, 1600) mMaxBounds=Rect(0, 0 - 2560, 1600) mDisplayRotation=ROTATION_0 mWindowingMode=fullscreen mActivityType=undefined mAlwaysOnTop=undefined mRotation=ROTATION_0} s.8 fontWeightAdjustment=0}, display ID=0
04-20 04:02:01.700 D/WindowTokenClient(20885): android.window.WindowTokenClient.onConfigurationChanged:161 android.window.WindowTokenClientController.onWindowContextTokenAttached:197 android.window.WindowTokenClientController.attachToDisplayArea:116 android.window.WindowContextController.attachToDisplayArea:108 android.window.WindowProviderService.attachBaseContext:218 
04-20 04:02:01.700 I/GoogleInputMethodService(20885): GoogleInputMethodService.onCreate():1025 
04-20 04:02:01.716 I/WindowMetricsNotification(20885): WindowMetricsNotification.notify():106 WindowMetricsNotification{bounds=Rect(0, 53 - 2560, 1600), insets=Rect(0, 0 - 0, 0), densityDpi=354, smallestScreenWidthDp=723, displayWidth=2560, displayHeight=1600, xdpi=320.0, ydpi=320.0}; DisplayMetrics{density=2.2125, width=2560, height=1600, scaledDensity=2.2125, xdpi=320.0, ydpi=320.0}
04-20 04:02:01.716 I/WindowMetricsHelper(20885): WindowMetricsHelper.predictAndNotify():140 Window metrics predicted.
04-20 04:02:01.716 I/InputMethodEntryManager(20885): InputMethodEntryManager.notifyCurrentInputMethodEntryOnContextChanged():521 notifyCurrentInputMethodEntryOnContextChanged()
04-20 04:02:01.716 I/InputMethodEntryManager(20885): InputMethodEntryManager.notifyCurrentInputMethodEntryOnContextChanged():542 Notify current input method entry changed on context change
04-20 04:02:01.716 I/KeyboardContextProvider(20885): KeyboardContextProvider.setBaseContextAndInvalidKeyboardContextCache():88 setBaseContextAndInvalidKeyboardContextCache(): com.android.inputmethod.latin.LatinIME@63ad9b2
04-20 04:02:01.717 E/GoogleInputMethodService(20885): GoogleInputMethodService.getAppEditorInfo():2810 App EditorInfo should never be null.
04-20 04:02:01.717 I/StyledKeyboardThemeBuilder(20885): StyledKeyboardThemeBuilder.build():132 Pref: [], themeName: [silk:], darkMode: [false], cacheKey: [overlay_builtin_dynamic_color_light_base.binarypb:dynamic-gm3-light-fffefbff-ff495d92-88aedfe362701b9d56ce578190f21130]
04-20 04:02:01.717 I/KeyboardThemeProvider(20885): KeyboardThemeProvider.applyKeyboardTheme():27 Apply keyboard theme: theme_border_stylesheet_noshadow_pgsans_pillkey_silkpopup_light_tablet_large_keyboard_width_tablet_small_navredesign_600_overlay_builtin_dynamic_color_light_base.binarypb:dynamic-gm3-light-fffefbff-ff495d92-88aedfe362701b9d56ce578190f21130_land
04-20 04:02:01.717 I/KeyboardContextProvider(20885): KeyboardContextProvider$KeyboardContextCache.createKeyboardContext():173 createKeyboardContext(): en-US, jgg@83bd2c8(com.android.inputmethod.latin.LatinIME@63ad9b2), {1.3 ?mcc0mnc [en_US] ldltr sw723dp w1157dp h723dp 354dpi xlrg land finger qwerty/v/v dpad/v winConfig={ mBounds=Rect(0, 0 - 2560, 1600) mAppBounds=Rect(0, 0 - 2560, 1600) mMaxBounds=Rect(0, 0 - 2560, 1600) mDisplayRotation=ROTATION_0 mWindowingMode=fullscreen mActivityType=undefined mAlwaysOnTop=undefined mRotation=ROTATION_0} s.8 fontWeightAdjustment=0}
04-20 04:02:01.719 I/KeyboardHeightUtil(20885): KeyboardHeightUtil.calculateMaxKeyboardBodyHeight():45 leave 237 height for app when ime window height:1547, header height:106 and isFullscreenMode:false, so the max keyboard body height is:1204
04-20 04:02:01.719 I/KeyboardHeightUtil(20885): KeyboardHeightUtil.calculateMaxKeyboardBodyHeight():45 leave 237 height for app when ime window height:1547, header height:106 and isFullscreenMode:false, so the max keyboard body height is:1204
04-20 04:02:01.719 I/NormalModeController(20885): NormalModeController.getKeyboardBodyViewHolderPaddingBottom():104 currentPrimeKeyboardType:SOFT systemPaddingBottom:-1
04-20 04:02:01.719 I/GoogleInputMethodService(20885): GoogleInputMethodService.onCurrentInputMethodEntryChanged():3655 onCurrentInputMethodEntryChanged(): imeDefsChanged=false, initializedEntryChanged=true, keyboardContextChanged=true
04-20 04:02:01.719 I/GoogleInputMethodService(20885): GoogleInputMethodService.clearInputMethodServiceData():1613 clearInputMethodServiceData for entryChange
04-20 04:02:01.719 I/KeyboardHeightUtil(20885): KeyboardHeightUtil.calculateMaxKeyboardBodyHeight():45 leave 237 height for app when ime window height:1547, header height:106 and isFullscreenMode:false, so the max keyboard body height is:1204
04-20 04:02:01.719 I/KeyboardHeightUtil(20885): KeyboardHeightUtil.calculateMaxKeyboardBodyHeight():45 leave 237 height for app when ime window height:1547, header height:106 and isFullscreenMode:false, so the max keyboard body height is:1204
04-20 04:02:01.719 I/KeyboardModeManager(20885): KeyboardModeManager.onCurrentInputMethodEntryChanged():1133 Reload data for context change
04-20 04:02:01.719 I/GoogleInputMethodService(20885): GoogleInputMethodService.initializeInputMethodServiceData():1382 initializeInputMethodServiceData for kct{languageTag=en-US, variant=qwerty, hasLocalizedResources=true, conditionCacheKey=_cache_additional_ime_defs_for_condition_change=false_cache_ime_defs_for_condition_change=false_device=tablet_device_size=large_enable_flick_symbols=false_enable_more_candidates_view_for_multilingual=false_enable_number_row=false_enable_preemptive_decode=true_enable_secondary_digits=true_enable_secondary_symbols=false_enable_show_foldable_layout_on_small_tablet=false_expressions=normal_four_or_more_letter_rows=false_keyboard_mode=normal_language=en-US_orientation=landscape_physical_keyboard=qwerty_rtl_layout=false_show_secondary_digits=true_show_suggestions=true_split_with_duplicate_keys=true_variant=qwerty, imeDef.stringId=ime_english_united_states, imeDef.className=com.google.android.apps.inputmethod.libs.latin5.LatinIme, imeDef.languageTag=en-US}
04-20 04:02:01.719 E/GoogleInputMethodService(20885): GoogleInputMethodService.getAppEditorInfo():2810 App EditorInfo should never be null.
04-20 04:02:01.719 I/StyledKeyboardThemeBuilder(20885): StyledKeyboardThemeBuilder.build():132 Pref: [], themeName: [silk:], darkMode: [false], cacheKey: [overlay_builtin_dynamic_color_light_base.binarypb:dynamic-gm3-light-fffefbff-ff495d92-88aedfe362701b9d56ce578190f21130]
04-20 04:02:01.719 I/KeyboardThemeProvider(20885): KeyboardThemeProvider.applyKeyboardTheme():27 Apply keyboard theme: theme_border_stylesheet_noshadow_pgsans_pillkey_silkpopup_light_tablet_large_keyboard_width_tablet_extra_large_navredesign_600_overlay_builtin_dynamic_color_light_base.binarypb:dynamic-gm3-light-fffefbff-ff495d92-88aedfe362701b9d56ce578190f21130_land
04-20 04:02:01.722 I/AndroidIME(20885): InputBundleManager.loadActiveInputBundleId():450 loadActiveInputBundleId: und-Latn-x-password, password
04-20 04:02:01.722 I/SystemSubtypesReportModule(20885): SystemSubtypesReportModule$4.onSetCurrentInputMethodSubtype():160 en_US
04-20 04:02:01.723 D/ConnectivityService(  590): releasing NetworkRequest [ REQUEST id=230, [ Capabilities: INTERNET&NOT_RESTRICTED&TRUSTED&NOT_VCN_MANAGED&NOT_BANDWIDTH_CONSTRAINED Uid: 10145 RequestorUid: 10145 RequestorPkg: com.android.chrome UnderlyingNetworks: Null] ] (release request)
04-20 04:02:01.723 I/binder  (15233): undelivered transaction 43098659, process died.
04-20 04:02:01.723 I/binder  (15233): undelivered transaction 43711693, process died.
04-20 04:02:01.723 I/binder  (15233): undelivered transaction 43711832, process died.
04-20 04:02:01.723 I/binder  (15233): undelivered transaction 43098617, process died.
04-20 04:02:01.723 D/ConnectivityService(  590): releasing NetworkRequest [ REQUEST id=233, [ Capabilities: INTERNET&NOT_RESTRICTED&TRUSTED&NOT_VCN_MANAGED&NOT_BANDWIDTH_CONSTRAINED Uid: 10145 RequestorUid: 10145 RequestorPkg: com.android.chrome UnderlyingNetworks: Null] ] (release request)
04-20 04:02:01.723 I/DeviceModeMonitor(20885): DeviceModeMonitor.calculateDeviceMode():76 Get device mode tablet_large by screen size and smallestScreenWidthDp: 723
04-20 04:02:01.723 D/ActivityManager(  590): sync unfroze 4607 com.google.android.gms for 5
04-20 04:02:01.724 I/HardKeyTracker(20885): HardKeyTracker.registerKeySequence():139 Register key sequence lnk{labelResId=2132019809, callback=jjt@ce2101a, lastModifier=2, keyCodes=[47], actions=[0]}
04-20 04:02:01.724 I/HardKeyTracker(20885): HardKeyTracker.registerKeySequence():139 Register key sequence lnk{labelResId=0, callback=jwl@40113e6, lastModifier=0, keyCodes=[204], actions=[0]}
04-20 04:02:01.726 I/libprocessgroup(  590): Removed cgroup /sys/fs/cgroup/uid_10145/pid_11358
04-20 04:02:01.728 W/.gms.persistent(  937): Reducing the number of considered missed Gc histogram windows from 561 to 100
04-20 04:02:01.730 D/BoundBrokerSvc( 4607): onUnbind: Intent { act=com.google.android.gms.safetynet.service.START pkg=com.google.android.gms }
04-20 04:02:01.730 I/OnDevicePackDownloadModule(20885): OnDevicePackDownloadModule.onCreate():60 onCreate()
04-20 04:02:01.731 D/DisplayManagerService(  590): Drop pending events for gone uid 10145
04-20 04:02:01.735 D/BoundBrokerSvc( 4607): onUnbind: Intent { act=com.google.android.gms.common.BIND_SHARED_PREFS pkg=com.google.android.gms }
04-20 04:02:01.735 I/Zygote  (  389): Process 11358 exited due to signal 9 (Killed)
04-20 04:02:01.737 I/JapaneseMozcExtension(20885): JapaneseMozcExtension.onCreateServiceInternal():76 onCreateServiceInternal()
04-20 04:02:01.737 I/NetworkInfoNotification(20885): NetworkInfoNotification$Listener.onReceive():112 onNetworkLost: networkState = NO_CONNECTION, isAirplaneModeOn = false
04-20 04:02:01.737 I/NewS3RecognizerModule(20885): NewS3RecognizerModule.onCreate():14 onCreate [news3]
04-20 04:02:01.737 I/EmojifyExtensionImpl(20885): EmojifyExtensionImpl.onCreate():599 Creating Emojify extension ehb@1daa863.
04-20 04:02:01.738 I/AbstractOpenableExtension(20885): AbstractOpenableExtension.createKeyboardGroupManagerListenableFuture():120 Create keyboard group manager listenable future in fxu
04-20 04:02:01.738 D/InputMethodManagerService(  590): Initializing Handwriting Spy
04-20 04:02:01.738 W/InputManager-JNI(  590): Input channel object 'stylus-handwriting-event-receiver-0 (client)' was disposed without first being removed with the input manager!
04-20 04:02:01.738 I/SP      (20885): Scheduling job with delay of 0s for {m:b:u:l, bg}, 2 candidates
04-20 04:02:01.739 E/JobScheduler.JobStatus(  590): App com.google.android.inputmethod.latin became active but still in NEVER bucket
04-20 04:02:01.741 I/KeyboardGroupDefParser(20885): KeyboardGroupDefParser.parseKeyboardGroupDef():83 parseKeyboardGroupDef() 2132214040 -> 0_resource_name_obfuscated : WaitTime = 0 ms : RunTime = 3 ms
04-20 04:02:01.741 I/AbstractOpenableExtension(20885): AbstractOpenableExtension.createKeyboardGroupManagerListenableFuture():120 Create keyboard group manager listenable future in fvq
04-20 04:02:01.741 I/KeyboardGroupDefParser(20885): KeyboardGroupDefParser.parseKeyboardGroupDef():83 parseKeyboardGroupDef() 2132214033 -> 0_resource_name_obfuscated : WaitTime = 0 ms : RunTime = 0 ms
04-20 04:02:01.741 I/KeyboardGroupDefParser(20885): KeyboardGroupDefParser.parseKeyboardGroupDef():83 parseKeyboardGroupDef() 2132214034 -> 0_resource_name_obfuscated : WaitTime = 0 ms : RunTime = 0 ms
04-20 04:02:01.741 I/Environment(20885): Environment.isPackageInstalled():234 com.bitstrips.imoji is not installed
04-20 04:02:01.742 W/AndroidCreativeStickerFetcherFactory(20885): AndroidCreativeStickerFetcherFactory.createFetcher():19 Empty host or api key
04-20 04:02:01.744 I/NetworkInfoNotification(20885): NetworkInfoNotification$Listener.onReceive():112 onNetworkLost: networkState = NO_CONNECTION, isAirplaneModeOn = false
04-20 04:02:01.745 I/AccessPointsListHolderController(20885): AccessPointsListHolderController.removeAccessPoint():304 The access point textediting is not added
04-20 04:02:01.745 I/AccessPointsListHolderController(20885): AccessPointsListHolderController.removeAccessPoint():304 The access point settings is not added
04-20 04:02:01.745 I/AccessPointsListHolderController(20885): AccessPointsListHolderController.removeAccessPoint():304 The access point theme_setting is not added
04-20 04:02:01.745 I/ClipboardDataHandler(20885): ClipboardDataHandler.updateScreenshotsContentObserver():268 Disable the feature of handling screenshots in the clipboard.
04-20 04:02:01.745 I/NetworkInfoNotification(20885): NetworkInfoNotification$Listener.onReceive():112 onNetworkLost: networkState = NO_CONNECTION, isAirplaneModeOn = false
04-20 04:02:01.746 W/.gms.persistent(  937): ApkAssets: Deleting an ApkAssets object '<empty> and /product/priv-app/PartnerSetupPrebuilt/PartnerSetupPrebuilt.apk' with 1 weak references
04-20 04:02:01.749 I/NetworkInfoNotification(20885): NetworkInfoNotification$Listener.onReceive():112 onNetworkLost: networkState = NO_CONNECTION, isAirplaneModeOn = false
04-20 04:02:01.750 I/NetworkInfoNotification(20885): NetworkInfoNotification$Listener.onReceive():112 onNetworkLost: networkState = NO_CONNECTION, isAirplaneModeOn = false
04-20 04:02:01.750 I/AccessPointsListHolderController(20885): AccessPointsListHolderController.removeAccessPoint():304 The access point one_handed is not added
04-20 04:02:01.750 W/.gms.persistent(  937): ApkAssets: Deleting an ApkAssets object '<empty> and /product/app/GoogleTTS/GoogleTTS.apk' with 1 weak references
04-20 04:02:01.750 W/.gms.persistent(  937): ApkAssets: Deleting an ApkAssets object '<empty> and /product/app/Photos/Photos.apk' with 1 weak references
04-20 04:02:01.751 I/GoogleInputMethodService(20885): GoogleInputMethodService$GoogleInputMethodImpl.attachToken():4209 
04-20 04:02:01.751 I/KeyboardGroupDefParser(20885): KeyboardGroupDefParser.parseKeyboardGroupDef():83 parseKeyboardGroupDef() 2132214028 -> 0_resource_name_obfuscated : WaitTime = 2 ms : RunTime = 0 ms
04-20 04:02:01.755 I/SystemSubtypesReportModule(20885): SystemSubtypesReportModule$3.onCurrentInputMethodEntryChanged():136 entry: en-US, source: UNSPECIFIED
04-20 04:02:01.756 I/SystemSubtypesReportModule(20885): SystemSubtypesReportModule.switchToSubtypeByEntry():205 en-US
04-20 04:02:01.756 D/WindowTokenClient(20885): Configuration not dispatch to IME because configuration is up to date. Current config={1.3 ?mcc0mnc [en_US] ldltr sw723dp w1157dp h723dp 354dpi xlrg land finger qwerty/v/v dpad/v winConfig={ mBounds=Rect(0, 0 - 2560, 1600) mAppBounds=Rect(0, 0 - 2560, 1600) mMaxBounds=Rect(0, 0 - 2560, 1600) mDisplayRotation=ROTATION_0 mWindowingMode=fullscreen mActivityType=undefined mAlwaysOnTop=undefined mRotation=ROTATION_0} s.8 fontWeightAdjustment=0}, reported config={1.3 ?mcc0mnc [en_US] ldltr sw723dp w1157dp h723dp 354dpi xlrg land finger qwerty/v/v dpad/v winConfig={ mBounds=Rect(0, 0 - 2560, 1600) mAppBounds=Rect(0, 0 - 2560, 1600) mMaxBounds=Rect(0, 0 - 2560, 1600) mDisplayRotation=ROTATION_0 mWindowingMode=fullscreen mActivityType=undefined mAlwaysOnTop=undefined mRotation=ROTATION_0} s.8 fontWeightAdjustment=0}, updated config={1.3 ?mcc0mnc [en_US] ldltr sw723dp w1157dp h723dp 354dpi xlrg land finger qwerty/v/v dpad/v winConfig={ mBounds=Rect(0, 0 - 2560, 1600) mAppBounds=Rect(0, 0 - 2560, 1600) mMaxBounds=Rect(0, 0 - 2560, 1600) mDisplayRotation=ROTATION_0 mWindowingMode=fullscreen mActivityType=undefined mAlwaysOnTop=undefined mRotation=ROTATION_0} s.8 fontWeightAdjustment=0}, updated display ID=0
04-20 04:02:01.757 D/WindowTokenClient(20885): Configuration not dispatch to IME because configuration is up to date. Current config={1.3 ?mcc0mnc [en_US] ldltr sw723dp w1157dp h723dp 354dpi xlrg land finger qwerty/v/v dpad/v winConfig={ mBounds=Rect(0, 0 - 2560, 1600) mAppBounds=Rect(0, 0 - 2560, 1600) mMaxBounds=Rect(0, 0 - 2560, 1600) mDisplayRotation=ROTATION_0 mWindowingMode=fullscreen mActivityType=undefined mAlwaysOnTop=undefined mRotation=ROTATION_0} s.8 fontWeightAdjustment=0}, reported config={1.3 ?mcc0mnc [en_US] ldltr sw723dp w1157dp h723dp 354dpi xlrg land finger qwerty/v/v dpad/v winConfig={ mBounds=Rect(0, 0 - 2560, 1600) mAppBounds=Rect(0, 0 - 2560, 1600) mMaxBounds=Rect(0, 0 - 2560, 1600) mDisplayRotation=ROTATION_0 mWindowingMode=fullscreen mActivityType=undefined mAlwaysOnTop=undefined mRotation=ROTATION_0} s.8 fontWeightAdjustment=0}, updated config={1.3 ?mcc0mnc [en_US] ldltr sw723dp w1157dp h723dp 354dpi xlrg land finger qwerty/v/v dpad/v winConfig={ mBounds=Rect(0, 0 - 2560, 1600) mAppBounds=Rect(0, 0 - 2560, 1600) mMaxBounds=Rect(0, 0 - 2560, 1600) mDisplayRotation=ROTATION_0 mWindowingMode=fullscreen mActivityType=undefined mAlwaysOnTop=undefined mRotation=ROTATION_0} s.8 fontWeightAdjustment=0}, updated display ID=0
04-20 04:02:01.757 I/GoogleInputMethodService(20885): GoogleInputMethodService.onStartInput():1986 onStartInput(EditorInfo{EditorInfo{packageName=com.google.android.apps.nexuslauncher, inputType=0, inputTypeString=NULL, enableLearning=false, autoCorrection=false, autoComplete=false, imeOptions=0, privateImeOptions=null, actionName=UNSPECIFIED, actionLabel=null, initialSelStart=-1, initialSelEnd=-1, initialCapsMode=0, label=null, fieldId=0, fieldName=null, extras=null, hintText=null, hintLocales=[]}}, false)
04-20 04:02:01.760 W/ActivityTaskManager(  590): Unable to send transaction to client proc com.impos2.mixcretailassemblyrn84: no app thread
04-20 04:02:01.761 E/JobScheduler.JobStatus(  590): App com.google.android.inputmethod.latin became active but still in NEVER bucket
04-20 04:02:01.761 I/GoogleInputMethodService(20885): GoogleInputMethodService.updateDeviceLockedStatus():2248 repeatCheckTimes = 1, locked = false
04-20 04:02:01.762 I/AndroidIME(20885): InputBundleManager.loadActiveInputBundleId():450 loadActiveInputBundleId: und-Latn-x-password, password
04-20 04:02:01.762 I/HardKeyTracker(20885): HardKeyTracker.registerKeySequence():139 Register key sequence lnk{labelResId=2132019800, callback=gnd@bbea49e, lastModifier=0, keyCodes=[57, 57], actions=[1, 0]}
04-20 04:02:01.762 I/HardKeyTracker(20885): HardKeyTracker.registerKeySequence():139 Register key sequence lnk{labelResId=0, callback=gnd@6d89395, lastModifier=0, keyCodes=[58, 58], actions=[1, 0]}
04-20 04:02:01.763 W/PackageConfigPersister(  590): App-specific configuration not found for packageName: com.google.android.apps.nexuslauncher and userId: 0
04-20 04:02:01.766 I/SP      (20885): Scheduling job with delay of 0s for {W:b:u:l, bg}, 1 candidates
04-20 04:02:01.769 I/s.nexuslauncher( 1099): NativeAlloc concurrent mark compact GC freed 2652KB AllocSpace bytes, 2(104KB) LOS objects, 49% free, 8555KB/16MB, paused 95us,9.296ms total 113.731ms
04-20 04:02:01.769 E/JobScheduler.JobStatus(  590): App com.google.android.inputmethod.latin became active but still in NEVER bucket
04-20 04:02:01.772 E/JobScheduler.JobStatus(  590): App com.google.android.inputmethod.latin became active but still in NEVER bucket
04-20 04:02:01.774 W/s.nexuslauncher( 1099): ApkAssets: Deleting an ApkAssets object '<empty> and /product/priv-app/Velvet/Velvet.apk' with 1 weak references
04-20 04:02:01.775 I/resolv  (  388): GetAddrInfoHandler::run: {0 262144 0 983040 10144 0}
04-20 04:02:01.778 I/resolv  (  388): GetAddrInfoHandler::run: {0 262144 0 983040 10144 0}
04-20 04:02:01.779 W/ActivityTaskManager(  590): Unable to send transaction to client proc com.impos2.mixcretailassemblyrn84: no app thread
04-20 04:02:01.781 W/A       (21035): CompleteServer request has failed and can't show offline suggestions.
04-20 04:02:01.781 W/A       (21035): com.google.frameworks.client.data.android.ac: Http networking stack error
04-20 04:02:01.781 W/A       (21035): 	at com.google.frameworks.client.data.android.x.run(PG:36)
04-20 04:02:01.781 W/A       (21035): 	at com.google.android.libraries.k.x.run(PG:3)
04-20 04:02:01.781 W/A       (21035): 	at com.google.common.n.c.c.run(PG:50)
04-20 04:02:01.781 W/A       (21035): 	at com.google.android.libraries.k.e.run(PG:8)
04-20 04:02:01.781 W/A       (21035): 	at java.lang.Thread.run(Thread.java:1012)
04-20 04:02:01.781 W/A       (21035): 	at com.google.android.libraries.k.d.b.run(PG:74)
04-20 04:02:01.781 W/A       (21035): Caused by: org.chromium.net.impl.ct: Exception in CronetUrlRequest: net::ERR_INTERNET_DISCONNECTED, ErrorCode=2, InternalErrorCode=-106, Retryable=false
04-20 04:02:01.781 W/A       (21035): 	at org.chromium.net.impl.CronetUrlRequest.onError(PG:80)
04-20 04:02:01.781 W/A       (21035): #getSuggestions failed
04-20 04:02:01.781 W/A       (21035): com.google.frameworks.client.data.android.ac: Http networking stack error
04-20 04:02:01.781 W/A       (21035): 	at com.google.frameworks.client.data.android.x.run(PG:36)
04-20 04:02:01.781 W/A       (21035): 	at com.google.android.libraries.k.x.run(PG:3)
04-20 04:02:01.781 W/A       (21035): 	at com.google.common.n.c.c.run(PG:50)
04-20 04:02:01.781 W/A       (21035): 	at com.google.android.libraries.k.e.run(PG:8)
04-20 04:02:01.781 W/A       (21035): 	at java.lang.Thread.run(Thread.java:1012)
04-20 04:02:01.781 W/A       (21035): 	at com.google.android.libraries.k.d.b.run(PG:74)
04-20 04:02:01.781 W/A       (21035): Caused by: org.chromium.net.impl.ct: Exception in CronetUrlRequest: net::ERR_INTERNET_DISCONNECTED, ErrorCode=2, InternalErrorCode=-106, Retryable=false
04-20 04:02:01.781 W/A       (21035): 	at org.chromium.net.impl.CronetUrlRequest.onError(PG:80)
04-20 04:02:01.784 I/SP      (20885): Scheduling: download registered, 0 started, 0 paused, 3 scheduled, 3 pending: manifests:next-word-predictor-20210507 * {m:b:u:l, bg}, manifests:emoji-2023020111 * {m:b:u:l, bg}, manifests:emoticon_content_description-2022081613 * {W:b:u:l, bg}
04-20 04:02:01.785 I/SuperpacksManagerImpl(20885): SuperpacksManagerImpl$3$1.onFailure():588 emoticon_content_description.registerManifest() cancelled
04-20 04:02:01.785 I/SP      (20885): Registering emoticon_content_description.2022081613, url: https://www.gstatic.com/android/keyboard/emoticon_content_desc/202208161305/superpacks_manifest.json, constraints: W:*:*:*, flags: bg, requested: 2022081613, current: -1
04-20 04:02:01.785 I/SP      (20885): Registering emoticon_content_description.2022081613, url: https://www.gstatic.com/android/keyboard/emoticon_content_desc/202208161305/superpacks_manifest.json, constraints: W:*:*:*, flags: bg, requested: 2022081613, current: -1
04-20 04:02:01.785 E/OneSearchSuggestProvider( 1099): Unable to get suggestions from AGA
04-20 04:02:01.785 E/OneSearchSuggestProvider( 1099): io.grpc.StatusRuntimeException: UNKNOWN
04-20 04:02:01.785 E/OneSearchSuggestProvider( 1099): 	at l3.e.a(go/retraceme 6422cbaa18704413bfb3e93ebb8478614d3644845132061bc54b1fae066de31d:77)
04-20 04:02:01.785 E/OneSearchSuggestProvider( 1099): 	at j3.l.b(go/retraceme 6422cbaa18704413bfb3e93ebb8478614d3644845132061bc54b1fae066de31d:43)
04-20 04:02:01.785 E/OneSearchSuggestProvider( 1099): 	at j3.l.a(go/retraceme 6422cbaa18704413bfb3e93ebb8478614d3644845132061bc54b1fae066de31d:27)
04-20 04:02:01.785 E/OneSearchSuggestProvider( 1099): 	at j3.z.run(go/retraceme 6422cbaa18704413bfb3e93ebb8478614d3644845132061bc54b1fae066de31d:7)
04-20 04:02:01.785 E/OneSearchSuggestProvider( 1099): 	at j3.m2.run(go/retraceme 6422cbaa18704413bfb3e93ebb8478614d3644845132061bc54b1fae066de31d:19)
04-20 04:02:01.785 E/OneSearchSuggestProvider( 1099): 	at java.util.concurrent.ThreadPoolExecutor.runWorker(ThreadPoolExecutor.java:1145)
04-20 04:02:01.785 E/OneSearchSuggestProvider( 1099): 	at java.util.concurrent.ThreadPoolExecutor$Worker.run(ThreadPoolExecutor.java:644)
04-20 04:02:01.785 E/OneSearchSuggestProvider( 1099): 	at java.lang.Thread.run(Thread.java:1012)
04-20 04:02:01.787 D/SearchTargetUtil( 1099): query= size=0
04-20 04:02:01.791 I/putmethod.latin(20885): Background concurrent mark compact GC freed 10MB AllocSpace bytes, 2(160KB) LOS objects, 49% free, 7593KB/14MB, paused 108us,8.312ms total 121.759ms
04-20 04:02:01.803 I/SP      (20885): Scheduling job with delay of 0s for {m:b:u:l, bg}, 2 candidates
04-20 04:02:01.805 E/JobScheduler.JobStatus(  590): App com.google.android.inputmethod.latin became active but still in NEVER bucket
04-20 04:02:01.805 I/SP      (20885): Scheduling job with delay of 0s for {W:b:u:l, bg}, 1 candidates
04-20 04:02:01.806 E/JobScheduler.JobStatus(  590): App com.google.android.inputmethod.latin became active but still in NEVER bucket
04-20 04:02:01.812 W/ActivityTaskManager(  590): Unable to send transaction to client proc com.impos2.mixcretailassemblyrn84: no app thread
04-20 04:02:01.823 I/SP      (20885): Scheduling: download registered, 0 started, 0 paused, 3 scheduled, 3 pending: manifests:next-word-predictor-20210507 * {m:b:u:l, bg}, manifests:emoji-2023020111 * {m:b:u:l, bg}, manifests:emoticon_content_description-2022081613 * {W:b:u:l, bg}
04-20 04:02:01.823 I/SuperpacksManagerImpl(20885): SuperpacksManagerImpl$3$1.onFailure():588 emoticon_content_description.registerManifest() cancelled
04-20 04:02:01.823 I/SuperpacksManagerImpl(20885): SuperpacksManagerImpl$3$1.onFailure():588 emoticon_content_description.registerManifest() cancelled
04-20 04:02:01.870 W/WindowManager(  590): Failed looking up window session=Session{330fbed 836:u0a10186} callers=com.android.server.wm.WindowManagerService.removeClientToken:2058 com.android.server.wm.Session.remove:274 android.view.IWindowSession$Stub.onTransact:685 
04-20 04:02:01.871 W/WindowManager(  590): Failed looking up window session=Session{330fbed 836:u0a10186} callers=com.android.server.wm.WindowManagerService.removeClientToken:2058 com.android.server.wm.Session.remove:274 android.view.IWindowSession$Stub.onTransact:685 
04-20 04:02:01.872 V/WindowManagerShell(  836): Transition animation finished (aborted=false), notifying core (#566) android.os.BinderProxy@e2e792@0
04-20 04:02:01.873 V/WindowManager(  590): Finish Transition (#566): created at 04-20 04:02:01.543 collect-started=0.021ms request-sent=0.115ms started=3.362ms ready=50.274ms sent=67.09ms finished=329.568ms
04-20 04:02:01.874 E/IPCThreadState(  590): Binder transaction failure. id: 43839201, BR_*: 29189, error: -22 (Invalid argument)
04-20 04:02:01.874 W/ActivityManager(  590): pid 590 system sent binder code 7 with flags 1 to frozen apps and got error -32
04-20 04:02:01.875 W/WindowManager(  590): Exception thrown during dispatchAppVisibility Window{b1e1e62 u0 com.impos2.mixcretailassemblyrn84/com.impos2.mixcretailassemblyrn84.MainActivity EXITING}
04-20 04:02:01.875 W/WindowManager(  590): android.os.DeadObjectException
04-20 04:02:01.875 W/WindowManager(  590): 	at android.os.BinderProxy.transactNative(Native Method)
04-20 04:02:01.875 W/WindowManager(  590): 	at android.os.BinderProxy.transact(BinderProxy.java:586)
04-20 04:02:01.875 W/WindowManager(  590): 	at android.view.IWindow$Stub$Proxy.dispatchAppVisibility(IWindow.java:553)
04-20 04:02:01.875 W/WindowManager(  590): 	at com.android.server.wm.WindowState.sendAppVisibilityToClients(WindowState.java:3253)
04-20 04:02:01.875 W/WindowManager(  590): 	at com.android.server.wm.WindowContainer.sendAppVisibilityToClients(WindowContainer.java:1289)
04-20 04:02:01.875 W/WindowManager(  590): 	at com.android.server.wm.WindowToken.setClientVisible(WindowToken.java:403)
04-20 04:02:01.875 W/WindowManager(  590): 	at com.android.server.wm.ActivityRecord.setClientVisible(ActivityRecord.java:7166)
04-20 04:02:01.875 W/WindowManager(  590): 	at com.android.server.wm.ActivityRecord.postApplyAnimation(ActivityRecord.java:5881)
04-20 04:02:01.875 W/WindowManager(  590): 	at com.android.server.wm.ActivityRecord.commitVisibility(ActivityRecord.java:5823)
04-20 04:02:01.875 W/WindowManager(  590): 	at com.android.server.wm.Transition.finishTransition(Transition.java:1286)
04-20 04:02:01.875 W/WindowManager(  590): 	at com.android.server.wm.TransitionController.finishTransition(TransitionController.java:937)
04-20 04:02:01.875 W/WindowManager(  590): 	at com.android.server.wm.WindowOrganizerController.finishTransition(WindowOrganizerController.java:494)
04-20 04:02:01.875 W/WindowManager(  590): 	at android.window.IWindowOrganizerController$Stub.onTransact(IWindowOrganizerController.java:289)
04-20 04:02:01.875 W/WindowManager(  590): 	at com.android.server.wm.WindowOrganizerController.onTransact(WindowOrganizerController.java:204)
04-20 04:02:01.875 W/WindowManager(  590): 	at android.os.Binder.execTransactInternal(Binder.java:1505)
04-20 04:02:01.875 W/WindowManager(  590): 	at android.os.Binder.execTransact(Binder.java:1444)
04-20 04:02:01.875 W/Process (  590): Unable to open /proc/16013/status
04-20 04:02:01.875 E/IPCThreadState(  590): Binder transaction failure. id: 43839205, BR_*: 29189, error: -22 (Invalid argument)
04-20 04:02:01.875 W/ActivityManager(  590): pid 590 system sent binder code 7 with flags 1 to frozen apps and got error -32
04-20 04:02:01.875 D/ActivityManager(  590): Too many transaction errors, throttling freezer binder callback.
04-20 04:02:01.875 W/WindowManager(  590): Exception thrown during dispatchAppVisibility Window{c78baf9 u0 com.impos2.mixcretailassemblyrn84/com.impos2.mixcretailassemblyrn84.SecondaryActivity EXITING}
04-20 04:02:01.875 W/WindowManager(  590): android.os.DeadObjectException
04-20 04:02:01.875 W/WindowManager(  590): 	at android.os.BinderProxy.transactNative(Native Method)
04-20 04:02:01.875 W/WindowManager(  590): 	at android.os.BinderProxy.transact(BinderProxy.java:586)
04-20 04:02:01.875 W/WindowManager(  590): 	at android.view.IWindow$Stub$Proxy.dispatchAppVisibility(IWindow.java:553)
04-20 04:02:01.875 W/WindowManager(  590): 	at com.android.server.wm.WindowState.sendAppVisibilityToClients(WindowState.java:3253)
04-20 04:02:01.875 W/WindowManager(  590): 	at com.android.server.wm.WindowContainer.sendAppVisibilityToClients(WindowContainer.java:1289)
04-20 04:02:01.875 W/WindowManager(  590): 	at com.android.server.wm.WindowToken.setClientVisible(WindowToken.java:403)
04-20 04:02:01.875 W/WindowManager(  590): 	at com.android.server.wm.ActivityRecord.setClientVisible(ActivityRecord.java:7166)
04-20 04:02:01.875 W/WindowManager(  590): 	at com.android.server.wm.ActivityRecord.postApplyAnimation(ActivityRecord.java:5881)
04-20 04:02:01.875 W/WindowManager(  590): 	at com.android.server.wm.ActivityRecord.commitVisibility(ActivityRecord.java:5823)
04-20 04:02:01.875 W/WindowManager(  590): 	at com.android.server.wm.Transition.finishTransition(Transition.java:1286)
04-20 04:02:01.875 W/WindowManager(  590): 	at com.android.server.wm.TransitionController.finishTransition(TransitionController.java:937)
04-20 04:02:01.875 W/WindowManager(  590): 	at com.android.server.wm.WindowOrganizerController.finishTransition(WindowOrganizerController.java:494)
04-20 04:02:01.875 W/WindowManager(  590): 	at android.window.IWindowOrganizerController$Stub.onTransact(IWindowOrganizerController.java:289)
04-20 04:02:01.875 W/WindowManager(  590): 	at com.android.server.wm.WindowOrganizerController.onTransact(WindowOrganizerController.java:204)
04-20 04:02:01.875 W/WindowManager(  590): 	at android.os.Binder.execTransactInternal(Binder.java:1505)
04-20 04:02:01.875 W/WindowManager(  590): 	at android.os.Binder.execTransact(Binder.java:1444)
04-20 04:02:01.875 W/Process (  590): Unable to open /proc/16112/status
04-20 04:02:01.875 I/binder  (  605): 605:590 cannot find target node
04-20 04:02:01.875 I/binder  (  605): 590:605 transaction async to 0:0 failed 43839201/29189/-22, size 64-0 line 3265
04-20 04:02:01.877 I/binder  (  605): 605:590 cannot find target node
04-20 04:02:01.877 I/binder  (  605): 590:605 transaction async to 0:0 failed 43839205/29189/-22, size 64-0 line 3265
04-20 04:02:01.880 E/SystemServiceRegistry(  590): No service published for: persistent_data_block
04-20 04:02:01.880 E/SystemServiceRegistry(  590): android.os.ServiceManager$ServiceNotFoundException: No service published for: persistent_data_block
04-20 04:02:01.880 E/SystemServiceRegistry(  590): 	at android.os.ServiceManager.getServiceOrThrow(ServiceManager.java:203)
04-20 04:02:01.880 E/SystemServiceRegistry(  590): 	at android.app.SystemServiceRegistry$81.createService(SystemServiceRegistry.java:1071)
04-20 04:02:01.880 E/SystemServiceRegistry(  590): 	at android.app.SystemServiceRegistry$81.createService(SystemServiceRegistry.java:1068)
04-20 04:02:01.880 E/SystemServiceRegistry(  590): 	at android.app.SystemServiceRegistry$StaticServiceFetcher.getService(SystemServiceRegistry.java:2293)
04-20 04:02:01.880 E/SystemServiceRegistry(  590): 	at android.app.SystemServiceRegistry.getSystemService(SystemServiceRegistry.java:1812)
04-20 04:02:01.880 E/SystemServiceRegistry(  590): 	at android.app.ContextImpl.getSystemService(ContextImpl.java:2241)
04-20 04:02:01.880 E/SystemServiceRegistry(  590): 	at android.content.Context.getSystemService(Context.java:4503)
04-20 04:02:01.880 E/SystemServiceRegistry(  590): 	at com.android.server.pm.PackageInstallerSession.markAsSealed(PackageInstallerSession.java:2394)
04-20 04:02:01.880 E/SystemServiceRegistry(  590): 	at com.android.server.pm.PackageInstallerSession.commit(PackageInstallerSession.java:2143)
04-20 04:02:01.880 E/SystemServiceRegistry(  590): 	at android.content.pm.PackageInstaller$Session.commit(PackageInstaller.java:1977)
04-20 04:02:01.880 E/SystemServiceRegistry(  590): 	at com.android.server.pm.PackageManagerShellCommand.doCommitSession(PackageManagerShellCommand.java:4298)
04-20 04:02:01.880 E/SystemServiceRegistry(  590): 	at com.android.server.pm.PackageManagerShellCommand.doRunInstall(PackageManagerShellCommand.java:1634)
04-20 04:02:01.880 E/SystemServiceRegistry(  590): 	at com.android.server.pm.PackageManagerShellCommand.runInstall(PackageManagerShellCommand.java:1561)
04-20 04:02:01.880 E/SystemServiceRegistry(  590): 	at com.android.server.pm.PackageManagerShellCommand.onCommand(PackageManagerShellCommand.java:245)
04-20 04:02:01.880 E/SystemServiceRegistry(  590): 	at com.android.modules.utils.BasicShellCommandHandler.exec(BasicShellCommandHandler.java:97)
04-20 04:02:01.880 E/SystemServiceRegistry(  590): 	at android.os.ShellCommand.exec(ShellCommand.java:38)
04-20 04:02:01.880 E/SystemServiceRegistry(  590): 	at com.android.server.pm.PackageManagerService$IPackageManagerImpl.onShellCommand(PackageManagerService.java:6561)
04-20 04:02:01.880 E/SystemServiceRegistry(  590): 	at android.os.Binder.shellCommand(Binder.java:1230)
04-20 04:02:01.880 E/SystemServiceRegistry(  590): 	at android.os.Binder.onTransact(Binder.java:1043)
04-20 04:02:01.880 E/SystemServiceRegistry(  590): 	at android.content.pm.IPackageManager$Stub.onTransact(IPackageManager.java:4620)
04-20 04:02:01.880 E/SystemServiceRegistry(  590): 	at com.android.server.pm.PackageManagerService$IPackageManagerImpl.onTransact(PackageManagerService.java:6545)
04-20 04:02:01.880 E/SystemServiceRegistry(  590): 	at android.os.Binder.execTransactInternal(Binder.java:1505)
04-20 04:02:01.880 E/SystemServiceRegistry(  590): 	at android.os.Binder.execTransact(Binder.java:1444)
04-20 04:02:01.882 E/SystemServiceRegistry(  590): Manager wrapper not available: persistent_data_block
04-20 04:02:01.887 V/WindowManagerShell(  836): Track 0 became idle
04-20 04:02:01.887 V/WindowManagerShell(  836): All active transition animations finished
04-20 04:02:01.888 W/UserManagerService(  590): Requested status bar icon for non-badged user 0
04-20 04:02:01.889 V/ShellDesktopMode(  836): Task Vanished: #872 closed=true
04-20 04:02:01.889 I/TopTaskTracker( 1099): onTaskRemoved: taskId=872
04-20 04:02:01.889 I/TopTaskTracker( 1099): onTaskRemoved: taskId=872
04-20 04:02:01.889 I/TopTaskTracker( 1099): onTaskRemoved: taskId=871
04-20 04:02:01.889 I/TopTaskTracker( 1099): onTaskRemoved: taskId=871
04-20 04:02:01.890 V/ShellDesktopMode(  836): Task Vanished: #871 closed=true
04-20 04:02:01.890 W/UserManagerService(  590): Requested status bar icon for non-badged user 0
04-20 04:02:01.891 W/UserManagerService(  590): Requested status bar icon for non-badged user 0
04-20 04:02:01.894 W/UserManagerService(  590): Requested status bar icon for non-badged user 0
04-20 04:02:01.909 E/BpTransactionCompletedListener(  439): Failed to transact (-32)
04-20 04:02:01.909 E/BpTransactionCompletedListener(  439): Failed to transact (-32)
04-20 04:02:01.932 D/FileSystemUtils(  590): Punching holes in file: /data/app/vmdl264729633.tmp/base.apk programHeaderOffset: 64 programHeaderNum: 9
04-20 04:02:01.932 D/FileSystemUtils(  590): Total number of LOAD segments 3
04-20 04:02:01.932 D/FileSystemUtils(  590): Size before punching holes st_blocks: 162792, st_blksize: 4096, st_size: 83342709
04-20 04:02:01.932 D/FileSystemUtils(  590): Size after punching holes st_blocks: 162792, st_blksize: 4096, st_size: 83342709
04-20 04:02:01.932 D/FileSystemUtils(  590): Extra field length: 4375,  Size before punching holes st_blocks: 162792, st_blksize: 4096, st_size: 83342709
04-20 04:02:01.932 D/FileSystemUtils(  590): Extra field length: 4375 content near offset: 00000000000000000000000000000000000000000000000000000000000000000000000000000000000000000000000000000000000000000000000000000000000000000000000000000000000000000000000000000000000000000000000000000000000000000000000000000000000000000000000000000000000000000000000000000000000000000000000000000000000000000000000000000000000000000000000000000000000000000000000000000000000000000000000000000000000000000000000000000000000000000000000000000000000000000000000000000000000000000000000000000000000000000000000000000000000000000000000000000000000000000000000000000000000000000000000000000000000000000000000000000000000000000000000000000000000000000000000000000000000000000000000000000000000000000000000000000000000000000000000000000000000000000000000000000000000000000000000000000000000000000000000000000000000000000000000000000000000000000000000000000000000000000000000000000000000000000000000000000000000000000000000000000000000000000000000000000000000000000000000000000000000000000
04-20 04:02:01.932 D/FileSystemUtils(  590): Punching hole in file - start: 14020608 len:4096
04-20 04:02:01.934 D/FileSystemUtils(  590): punchHolesInApk:: Size after punching holes st_blocks: 162784, st_blksize: 4096, st_size: 83342709
04-20 04:02:01.934 D/FileSystemUtils(  590): Punching holes in file: /data/app/vmdl264729633.tmp/base.apk programHeaderOffset: 64 programHeaderNum: 9
04-20 04:02:01.934 D/FileSystemUtils(  590): Total number of LOAD segments 3
