04-20 04:02:02.789 D/BaseDepthController( 1099): 	mSurface: null
04-20 04:02:02.789 D/BaseDepthController( 1099): mSurface is null and mCurrentBlur is: 0
04-20 04:02:02.789 D/StateManager( 1099): goToState - fromState: Normal, toState: Normal, partial trace:
04-20 04:02:02.789 D/StateManager( 1099): 	at com.android.launcher3.statemanager.StateManager.moveToRestState(go/retraceme 6422cbaa18704413bfb3e93ebb8478614d3644845132061bc54b1fae066de31d:4)
04-20 04:02:02.789 D/StateManager( 1099): 	at com.android.launcher3.statemanager.StateManager.moveToRestState(go/retraceme 6422cbaa18704413bfb3e93ebb8478614d3644845132061bc54b1fae066de31d:1)
04-20 04:02:02.789 D/StateManager( 1099): 	at com.android.launcher3.statemanager.StatefulActivity.onStop(go/retraceme 6422cbaa18704413bfb3e93ebb8478614d3644845132061bc54b1fae066de31d:34)
04-20 04:02:02.789 D/StatsLog( 1099): LAUNCHER_ONSTOP
04-20 04:02:02.789 I/AppWidgetServiceImpl(  590): setAppWidgetHidden() 0
04-20 04:02:02.792 I/MMKV    (16320): <MMKV_IO.cpp:609::writeActualSize> [mixc-retail-assembly-rn84::state] increase sequence to 424, crc 1342650816, actualSize 14725
04-20 04:02:02.793 I/MMKV    (16320): <MMKV.cpp:1208::sync> MMKV::sync, SyncFlag = 1
04-20 04:02:02.793 D/OneSearchSuggestProvider( 1099): Shut down the binder channel
04-20 04:02:02.794 I/IPCThreadState( 1099): oneway function results for code 2 on binder at 0xb4000075db35a290 will be dropped but finished with status UNKNOWN_TRANSACTION
04-20 04:02:02.796 W/SearchServiceCore(21035): Abort, client detached.
04-20 04:02:02.796 W/SearchServiceCore(21035): Abort, client detached.
04-20 04:02:02.796 D/StatsLog( 1099): LAUNCHER_GOOGLE_SEARCH_RESTORE_LIST_SIZE_AFTER_ACTIVITY_RESTART
04-20 04:02:02.798 W/SearchServiceCore(21035): Abort, client detached.
04-20 04:02:02.799 I/AiAiTextClassifier( 1389): [VisualCortexAdapter]: provideRegistration: Registered Prominent Screen Entities for updates.
04-20 04:02:02.801 I/MMKV    (16320): <MMKV_IO.cpp:609::writeActualSize> [mixc-retail-assembly-rn84::state] increase sequence to 425, crc 114859158, actualSize 14725
04-20 04:02:02.801 I/MMKV    (16320): <MMKV.cpp:1208::sync> MMKV::sync, SyncFlag = 1
04-20 04:02:02.805 I/MMKV    (16320): <MMKV_IO.cpp:609::writeActualSize> [mixc-retail-assembly-rn84::state] increase sequence to 426, crc 4036649131, actualSize 14725
04-20 04:02:02.805 I/MMKV    (16320): <MMKV.cpp:1208::sync> MMKV::sync, SyncFlag = 1
04-20 04:02:02.807 I/AiAiTextClassifier( 1389): [VisualCortexAdapter]: provideRegistration: Registered Prominent Screen Entities for updates.
04-20 04:02:02.809 I/MMKV    (16320): <MMKV_IO.cpp:609::writeActualSize> [mixc-retail-assembly-rn84::state] increase sequence to 427, crc 3423612141, actualSize 14725
04-20 04:02:02.809 I/MMKV    (16320): <MMKV.cpp:1208::sync> MMKV::sync, SyncFlag = 1
04-20 04:02:02.810 I/AiAiTextClassifier( 1389): [VisualCortexAdapter]: provideRegistration: Registered Prominent Screen Entities for updates.
04-20 04:02:02.811 I/AiAiTextClassifier( 1389): [VisualCortexAdapter]: provideRegistration: Registered Prominent Screen Entities for updates.
04-20 04:02:02.813 I/AiAiTextClassifier( 1389): [VisualCortexAdapter]: provideRegistration: Registered Prominent Screen Entities for updates.
04-20 04:02:02.814 I/MMKV    (16320): <MMKV_IO.cpp:609::writeActualSize> [mixc-retail-assembly-rn84::state] increase sequence to 428, crc 3057444452, actualSize 14725
04-20 04:02:02.814 I/MMKV    (16320): <MMKV.cpp:1208::sync> MMKV::sync, SyncFlag = 1
04-20 04:02:02.814 I/AiAiTextClassifier( 1389): [VisualCortexAdapter]: provideRegistration: Registered Prominent Screen Entities for updates.
04-20 04:02:02.816 I/AiAiTextClassifier( 1389): [VisualCortexAdapter]: provideRegistration: Registered Prominent Screen Entities for updates.
04-20 04:02:02.818 I/AiAiTextClassifier( 1389): [VisualCortexAdapter]: provideRegistration: Registered Prominent Screen Entities for updates.
04-20 04:02:02.818 W/SQLiteLog( 4607): (28) double-quoted string literal: "com.impos2.mixcretailassemblyrn84"
04-20 04:02:02.819 I/Auth    ( 4607): [SupervisedAccountIntentOperation] onHandleIntent(): android.intent.action.PACKAGE_ADDED
04-20 04:02:02.819 I/Auth    ( 4607): [SupervisedAccountIntentOperation] This operation is disabled
04-20 04:02:02.819 V/Backup  ( 4607): [PhotosPackagedAddedIO] Flag is disabled.
04-20 04:02:02.819 I/MMKV    (16320): <MMKV_IO.cpp:609::writeActualSize> [mixc-retail-assembly-rn84::state] increase sequence to 429, crc 1342650816, actualSize 14725
04-20 04:02:02.819 I/MMKV    (16320): <MMKV.cpp:1208::sync> MMKV::sync, SyncFlag = 1
04-20 04:02:02.822 I/MMKV    (16320): <MMKV_IO.cpp:609::writeActualSize> [mixc-retail-assembly-rn84::state] increase sequence to 430, crc 114859158, actualSize 14725
04-20 04:02:02.822 I/MMKV    (16320): <MMKV.cpp:1208::sync> MMKV::sync, SyncFlag = 1
04-20 04:02:02.826 I/Fitness (  937): FitCleanupIntentOperation received Intent android.intent.action.PACKAGE_REMOVED [CONTEXT service_id=17 ]
04-20 04:02:02.828 I/MMKV    (16320): <MMKV_IO.cpp:609::writeActualSize> [mixc-retail-assembly-rn84::state] increase sequence to 431, crc 4036649131, actualSize 14725
04-20 04:02:02.828 I/MMKV    (16320): <MMKV.cpp:1208::sync> MMKV::sync, SyncFlag = 1
04-20 04:02:02.834 D/BoundBrokerSvc( 4607): onBind: Intent { act=com.google.android.gms.common.BIND_SHARED_PREFS pkg=com.google.android.gms }
04-20 04:02:02.834 D/BoundBrokerSvc( 4607): Loading bound service for intent: Intent { act=com.google.android.gms.common.BIND_SHARED_PREFS pkg=com.google.android.gms }
04-20 04:02:02.850 I/Icing   ( 4607): IndexChimeraService.getServiceInterface callingPackage=com.google.android.gms componentName=AppsCorpus serviceId=36
04-20 04:02:02.854 D/BoundBrokerSvc( 4607): onBind: Intent { act=com.google.android.gms.feedback.internal.IFeedbackService dat=chimera-action:/... cmp=com.google.android.gms/.chimera.GmsBoundBrokerService }
04-20 04:02:02.854 D/BoundBrokerSvc( 4607): Loading bound service for intent: Intent { act=com.google.android.gms.feedback.internal.IFeedbackService dat=chimera-action:/... cmp=com.google.android.gms/.chimera.GmsBoundBrokerService }
04-20 04:02:02.860 I/Icing   ( 4607): Usage reports ok 1, Failed Usage reports 0, indexed 0, rejected 0
04-20 04:02:02.866 I/Icing   ( 4607): IndexChimeraService.getServiceInterface callingPackage=com.google.android.gms componentName=null serviceId=30
04-20 04:02:02.868 I/Icing   ( 4607): Usage reports ok 0, Failed Usage reports 0, indexed 0, rejected 0
04-20 04:02:02.894 W/FrameTracker( 1099): Missing HWUI jank callback for vsyncId: 173443508, CUJ=J<TASKBAR_COLLAPSE::Home to App>
04-20 04:02:02.894 W/FrameTracker( 1099): Missed SF frame:PREDICTION_ERROR, 173443573, 5988946, CUJ=J<TASKBAR_COLLAPSE::Home to App>
04-20 04:02:02.894 W/FrameTracker( 1099): Missed App frame:UNKNOWN: 24, 173443681, 0, CUJ=J<TASKBAR_COLLAPSE::Home to App>
04-20 04:02:02.894 W/FrameTracker( 1099): Missed SF frame:UNKNOWN: 24, 173443681, 0, CUJ=J<TASKBAR_COLLAPSE::Home to App>
04-20 04:02:02.894 W/FrameTracker( 1099): Missing HWUI jank callback for vsyncId: 173443681, CUJ=J<TASKBAR_COLLAPSE::Home to App>
04-20 04:02:02.894 W/FrameTracker( 1099): Missed SF frame:UNKNOWN: 80, 173443710, 21991573, CUJ=J<TASKBAR_COLLAPSE::Home to App>
04-20 04:02:02.894 W/FrameTracker( 1099): Missed SF frame:UNKNOWN: 80, 173443746, 23170491, CUJ=J<TASKBAR_COLLAPSE::Home to App>
04-20 04:02:02.894 W/FrameTracker( 1099): Missed SF frame:UNKNOWN: 80, 173443782, 22683408, CUJ=J<TASKBAR_COLLAPSE::Home to App>
04-20 04:02:02.894 W/FrameTracker( 1099): Missed SF frame:UNKNOWN: 80, 173443832, 23200450, CUJ=J<TASKBAR_COLLAPSE::Home to App>
04-20 04:02:02.894 W/FrameTracker( 1099): Missed SF frame:UNKNOWN: 80, 173443875, 24254701, CUJ=J<TASKBAR_COLLAPSE::Home to App>
04-20 04:02:02.894 W/FrameTracker( 1099): Missed SF frame:UNKNOWN: 80, 173443911, 18908327, CUJ=J<TASKBAR_COLLAPSE::Home to App>
04-20 04:02:02.894 W/FrameTracker( 1099): Missed SF frame:UNKNOWN: 80, 173443961, 19739702, CUJ=J<TASKBAR_COLLAPSE::Home to App>
04-20 04:02:02.894 W/FrameTracker( 1099): Missed SF frame:UNKNOWN: 80, 173443997, 19031370, CUJ=J<TASKBAR_COLLAPSE::Home to App>
04-20 04:02:02.894 W/FrameTracker( 1099): Missed SF frame:UNKNOWN: 80, 173444033, 21040579, CUJ=J<TASKBAR_COLLAPSE::Home to App>
04-20 04:02:02.894 W/FrameTracker( 1099): Missed SF frame:UNKNOWN: 80, 173444069, 0, CUJ=J<TASKBAR_COLLAPSE::Home to App>
04-20 04:02:02.894 W/FrameTracker( 1099): Missing HWUI jank callback for vsyncId: 173444069, CUJ=J<TASKBAR_COLLAPSE::Home to App>
04-20 04:02:02.894 W/FrameTracker( 1099): Missed SF frame:UNKNOWN: 80, 173444105, 33679414, CUJ=J<TASKBAR_COLLAPSE::Home to App>
04-20 04:02:02.894 W/FrameTracker( 1099): Missed SF frame:UNKNOWN: 80, 173444141, 0, CUJ=J<TASKBAR_COLLAPSE::Home to App>
04-20 04:02:02.894 W/FrameTracker( 1099): Missing HWUI jank callback for vsyncId: 173444141, CUJ=J<TASKBAR_COLLAPSE::Home to App>
04-20 04:02:02.894 W/FrameTracker( 1099): Missed SF frame:UNKNOWN: 80, 173444177, 33588207, CUJ=J<TASKBAR_COLLAPSE::Home to App>
04-20 04:02:02.894 W/FrameTracker( 1099): Missed SF frame:UNKNOWN: 80, 173444220, 33641666, CUJ=J<TASKBAR_COLLAPSE::Home to App>
04-20 04:02:02.894 W/FrameTracker( 1099): Missed SF frame:PREDICTION_ERROR, 173444307, 8177459, CUJ=J<TASKBAR_COLLAPSE::Home to App>
04-20 04:02:02.894 W/FrameTracker( 1099): Missed SF frame:PREDICTION_ERROR, 173444343, 5391460, CUJ=J<TASKBAR_COLLAPSE::Home to App>
04-20 04:02:02.894 W/FrameTracker( 1099): Missed SF frame:PREDICTION_ERROR, 173444379, 5343752, CUJ=J<TASKBAR_COLLAPSE::Home to App>
04-20 04:02:02.895 V/PerfettoTrigger( 1099): Triggering /system/bin/trigger_perfetto com.android.telemetry.interaction-jank-monitor-61
04-20 04:02:02.944 W/InteractionJankMonitor(16320): Initializing without READ_DEVICE_CONFIG permission. enabled=true, interval=1, missedFrameThreshold=3, frameTimeThreshold=64, package=com.impos2.mixcretailassemblyrn84
04-20 04:02:02.946 W/WindowOnBackDispatcher(  836): sendCancelIfRunning: isInProgress=false callback=android.view.ViewRootImpl$$ExternalSyntheticLambda11@980236b
04-20 04:02:02.947 D/CoreBackPreview(  590): Window{2721566 u0 Splash Screen com.impos2.mixcretailassemblyrn84 EXITING}: Setting back callback null
04-20 04:02:02.947 W/InputManager-JNI(  590): Input channel object '2721566 Splash Screen com.impos2.mixcretailassemblyrn84 (client)' was disposed without first being removed with the input manager!
04-20 04:02:02.998 W/FrameTracker(  836): Missed SF frame:PREDICTION_ERROR, 173443761, 6251783, CUJ=J<SPLASHSCREEN_EXIT_ANIM>
04-20 04:02:02.998 W/FrameTracker(  836): Missing HWUI jank callback for vsyncId: 173443954, CUJ=J<SPLASHSCREEN_EXIT_ANIM>
04-20 04:02:02.998 W/FrameTracker(  836): Missed App frame:UNKNOWN: 24, 173444098, 25728580, CUJ=J<SPLASHSCREEN_EXIT_ANIM>
04-20 04:02:02.998 W/FrameTracker(  836): Missed SF frame:UNKNOWN: 24, 173444098, 25728580, CUJ=J<SPLASHSCREEN_EXIT_ANIM>
04-20 04:02:02.998 W/FrameTracker(  836): Missed SF frame:UNKNOWN: 80, 173444134, 0, CUJ=J<SPLASHSCREEN_EXIT_ANIM>
04-20 04:02:02.998 W/FrameTracker(  836): Missing HWUI jank callback for vsyncId: 173444134, CUJ=J<SPLASHSCREEN_EXIT_ANIM>
04-20 04:02:02.998 W/FrameTracker(  836): Missed SF frame:UNKNOWN: 80, 173444170, 27019082, CUJ=J<SPLASHSCREEN_EXIT_ANIM>
04-20 04:02:02.998 W/FrameTracker(  836): Missed SF frame:UNKNOWN: 80, 173444206, 25006082, CUJ=J<SPLASHSCREEN_EXIT_ANIM>
04-20 04:02:02.998 W/FrameTracker(  836): Missed SF frame:UNKNOWN: 80, 173444242, 0, CUJ=J<SPLASHSCREEN_EXIT_ANIM>
04-20 04:02:02.998 W/FrameTracker(  836): Missing HWUI jank callback for vsyncId: 173444242, CUJ=J<SPLASHSCREEN_EXIT_ANIM>
04-20 04:02:02.998 W/FrameTracker(  836): Missed SF frame:UNKNOWN: 80, 173444271, 21356875, CUJ=J<SPLASHSCREEN_EXIT_ANIM>
04-20 04:02:02.998 W/FrameTracker(  836): Missed SF frame:UNKNOWN: 80, 173444300, 21201793, CUJ=J<SPLASHSCREEN_EXIT_ANIM>
04-20 04:02:02.998 W/FrameTracker(  836): Missed SF frame:UNKNOWN: 80, 173444336, 18566710, CUJ=J<SPLASHSCREEN_EXIT_ANIM>
04-20 04:02:02.998 W/FrameTracker(  836): Missed SF frame:UNKNOWN: 80, 173444372, 0, CUJ=J<SPLASHSCREEN_EXIT_ANIM>
04-20 04:02:02.998 W/FrameTracker(  836): Missing HWUI jank callback for vsyncId: 173444372, CUJ=J<SPLASHSCREEN_EXIT_ANIM>
04-20 04:02:02.998 W/FrameTracker(  836): Missed SF frame:UNKNOWN: 80, 173444401, 21025086, CUJ=J<SPLASHSCREEN_EXIT_ANIM>
04-20 04:02:02.998 W/FrameTracker(  836): Missed SF frame:UNKNOWN: 80, 173444430, 20404879, CUJ=J<SPLASHSCREEN_EXIT_ANIM>
04-20 04:02:02.998 W/FrameTracker(  836): Missed SF frame:UNKNOWN: 80, 173444459, 20504921, CUJ=J<SPLASHSCREEN_EXIT_ANIM>
04-20 04:02:02.998 W/FrameTracker(  836): Missed SF frame:UNKNOWN: 80, 173444488, 0, CUJ=J<SPLASHSCREEN_EXIT_ANIM>
04-20 04:02:02.998 W/FrameTracker(  836): Missing HWUI jank callback for vsyncId: 173444488, CUJ=J<SPLASHSCREEN_EXIT_ANIM>
04-20 04:02:02.998 V/PerfettoTrigger(  836): Triggering /system/bin/trigger_perfetto com.android.telemetry.interaction-jank-monitor-39
04-20 04:02:03.012 I/FontLog (  937): Received query Noto Color Emoji Compat, URI content://com.google.android.gms.fonts [CONTEXT service_id=132 ]
04-20 04:02:03.013 I/FontLog (  937): Query [emojicompat-emoji-font] resolved to {Noto Color Emoji Compat, wdth 100.0, wght 400, ital 0.0, bestEffort false} [CONTEXT service_id=132 ]
04-20 04:02:03.014 I/FontLog (  937): Fetch {Noto Color Emoji Compat, wdth 100.0, wght 400, ital 0.0, bestEffort false} end status Status{statusCode=SUCCESS, resolution=null} [CONTEXT service_id=132 ]
04-20 04:02:03.015 I/FontLog (  937): Pulling font file for id = 50, cache size = 5 [CONTEXT service_id=132 ]
04-20 04:02:03.017 I/FontLog (  937): Pulling font file for id = 50, cache size = 5 [CONTEXT service_id=132 ]
04-20 04:02:03.183 D/EGL_emulation( 1099): app_time_stats: avg=92.70ms min=4.65ms max=628.93ms count=17
04-20 04:02:03.863 I/Icing   ( 4607): Indexing com.google.android.gms-apps from com.google.android.gms
04-20 04:02:03.871 I/Icing   ( 4607): Indexing done com.google.android.gms-apps
04-20 04:02:03.871 I/Icing   ( 4607): Indexing com.google.android.gms-internal.3p:MobileApplication from com.google.android.gms
04-20 04:02:03.872 I/Icing   ( 4607): Indexing done com.google.android.gms-internal.3p:MobileApplication
04-20 04:02:04.246 D/EGL_emulation(16320): app_time_stats: avg=329.12ms min=1.13ms max=1443.18ms count=5
04-20 04:02:05.708 I/StartupAudit(16320): secondary_launch_attempt displayCount=2 displayId=2 pid=16320 time=2026-04-20 04:02:05.707
04-20 04:02:05.712 W/OptProp (  590): Cannot read opt property android.window.PROPERTY_COMPAT_ALLOW_USER_ASPECT_RATIO_OVERRIDE
04-20 04:02:05.712 W/OptProp (  590): Cannot read opt property android.window.PROPERTY_COMPAT_ALLOW_USER_ASPECT_RATIO_FULLSCREEN_OVERRIDE
04-20 04:02:05.712 W/OptProp (  590): Cannot read opt property android.window.PROPERTY_COMPAT_ALLOW_ORIENTATION_OVERRIDE
04-20 04:02:05.713 V/GrammaticalInflectionUtils(  590): AttributionSource: AttributionSource { uid = 10217, packageName = null, attributionTag = null, token = android.os.Binder@bdb3573, deviceId = 0, next = null } does not have READ_SYSTEM_GRAMMATICAL_GENDER permission.
04-20 04:02:05.713 W/OptProp (  590): Cannot read opt property android.window.PROPERTY_COMPAT_ALLOW_RESIZEABLE_ACTIVITY_OVERRIDES
04-20 04:02:05.713 W/OptProp (  590): Cannot read opt property android.window.PROPERTY_COMPAT_ALLOW_MIN_ASPECT_RATIO_OVERRIDE
04-20 04:02:05.718 W/InputDispatcher(  590): Focused display #2 does not have a focused window.
04-20 04:02:05.718 E/InputDispatcher(  590): But another display has a focused window
04-20 04:02:05.718 E/InputDispatcher(  590):   FocusedWindows:
04-20 04:02:05.718 E/InputDispatcher(  590):     displayId=0, name='a17e8aa com.impos2.mixcretailassemblyrn84/com.impos2.mixcretailassemblyrn84.MainActivity'
04-20 04:02:05.720 V/WindowManagerShell(  836): Transition requested (#568): android.os.BinderProxy@9b06458 TransitionRequestInfo { type = OPEN, triggerTask = TaskInfo{userId=0 taskId=874 displayId=2 isRunning=true baseIntent=Intent { flg=0x18000000 cmp=com.impos2.mixcretailassemblyrn84/.SecondaryActivity } baseActivity=ComponentInfo{com.impos2.mixcretailassemblyrn84/com.impos2.mixcretailassemblyrn84.SecondaryActivity} topActivity=ComponentInfo{com.impos2.mixcretailassemblyrn84/com.impos2.mixcretailassemblyrn84.SecondaryActivity} origActivity=null realActivity=ComponentInfo{com.impos2.mixcretailassemblyrn84/com.impos2.mixcretailassemblyrn84.SecondaryActivity} numActivities=1 lastActiveTime=270311267 supportsMultiWindow=true resizeMode=1 isResizeable=true minWidth=-1 minHeight=-1 defaultMinSize=220 token=WCT{android.window.IWindowContainerToken$Stub$Proxy@2bdb9b1} topActivityType=1 pictureInPictureParams=null shouldDockBigOverlays=false launchIntoPipHostTaskId=-1 lastParentTaskIdBeforePip=-1 displayCutoutSafeInsets=null topActivityInfo=ActivityInfo{9422e96 com.impos2.mixcretailassemblyrn84.SecondaryActivity} launchCookies=[] positionInParent=Point(0, 0) parentTaskId=-1 isFocused=false isVisible=false isVisibleRequested=true isSleeping=false locusId=null displayAreaFeatureId=1 isTopActivityTransparent=false appCompatTaskInfo=AppCompatTaskInfo { topActivityInSizeCompat=false topActivityEligibleForLetterboxEducation= falseisLetterboxEducationEnabled= true isLetterboxDoubleTapEnabled= false topActivityEligibleForUserAspectRatioButton= false topActivityBoundsLetterboxed= false isFromLetterboxDoubleTap= false topActivityLetterboxVerticalPosition= -1 topActivityLetterboxHorizontalPosition= -1 topActivityLetterboxWidth=2560 topActivityLetterboxHeight=1600 isUserFullscreenOverrideEnabled=false isSystemFullscreenOverrideEnabled=false cameraCompatTaskInfo=CameraCompatTaskInfo { cameraCompatControlState=hidden freeformCameraCompatMode=inactive}}}, pipTask = null, remoteTransition = null, displayChange = null, flags = 0, debugId = 568 }
04-20 04:02:05.721 D/ShellDesktopMode(  836): DesktopTaskRepo: visibleTaskCount= 0
04-20 04:02:05.721 I/ActivityTaskManager(  590): START u0 {flg=0x18000000 cmp=com.impos2.mixcretailassemblyrn84/.SecondaryActivity} with LAUNCH_MULTIPLE from uid 10217 (BAL_ALLOW_VISIBLE_WINDOW) result code=0
04-20 04:02:05.722 D/SplashScreenView(  836): Build android.window.SplashScreenView{46a9e22 V.E...... ......ID 0,0-0,0}
04-20 04:02:05.722 D/SplashScreenView(  836): Icon: view: null drawable: null size: 0
04-20 04:02:05.722 D/SplashScreenView(  836): Branding: view: android.view.View{ddfe0b3 G.ED..... ......I. 0,0-0,0 #1020503 android:id/splashscreen_branding_view} drawable: null size w: 0 h: 0
04-20 04:02:05.726 I/BpBinder(  439): onLastStrongRef automatically unlinking death recipients: 
04-20 04:02:05.726 V/GrammaticalInflectionUtils(  590): AttributionSource: AttributionSource { uid = 10217, packageName = null, attributionTag = null, token = android.os.Binder@bdb3573, deviceId = 0, next = null } does not have READ_SYSTEM_GRAMMATICAL_GENDER permission.
04-20 04:02:05.727 I/TopTaskTracker( 1099): onTaskMovedToFront: (moved taskInfo to front) taskId=874, baseIntent=Intent { flg=0x18000000 cmp=com.impos2.mixcretailassemblyrn84/.SecondaryActivity }
04-20 04:02:05.727 I/TopTaskTracker( 1099): onTaskMovedToFront: (removing top task on home display) taskId=873, baseIntent=Intent { act=android.intent.action.MAIN cat=[android.intent.category.LAUNCHER] flg=0x10200000 cmp=com.impos2.mixcretailassemblyrn84/.MainActivity }
04-20 04:02:05.731 D/Zygote  (  389): Forked child process 16414
04-20 04:02:05.731 I/ActivityManager(  590): Start proc 16414:com.impos2.mixcretailassemblyrn84:secondary/u0a217 for next-top-activity {com.impos2.mixcretailassemblyrn84/com.impos2.mixcretailassemblyrn84.SecondaryActivity}
04-20 04:02:05.737 D/CoreBackPreview(  590): Window{cb9b934 u0 Splash Screen com.impos2.mixcretailassemblyrn84}: Setting back callback OnBackInvokedCallbackInfo{mCallback=android.window.IOnBackInvokedCallback$Stub$Proxy@d334a0, mPriority=0, mIsAnimationCallback=false}
04-20 04:02:05.737 I/netd    (  388): tetherGetStats() -> {[]} <0.43ms>
04-20 04:02:05.739 I/yrn84:secondary(16414): Using CollectorTypeCMC GC.
04-20 04:02:05.741 E/yrn84:secondary(16414): Not starting debugger since process cannot load the jdwp agent.
04-20 04:02:05.745 D/nativeloader(16414): Load libframework-connectivity-tiramisu-jni.so using APEX ns com_android_tethering for caller /apex/com.android.tethering/javalib/framework-connectivity-t.jar: ok
04-20 04:02:05.753 D/nativeloader(16414): Configuring clns-7 for other apk /data/app/~~HDPKWj5qt_BjsLCurXk99w==/com.impos2.mixcretailassemblyrn84-WmM1KjwuqVvqcO3Bm3kxog==/base.apk. target_sdk_version=36, uses_libraries=, library_path=/data/app/~~HDPKWj5qt_BjsLCurXk99w==/com.impos2.mixcretailassemblyrn84-WmM1KjwuqVvqcO3Bm3kxog==/lib/arm64:/data/app/~~HDPKWj5qt_BjsLCurXk99w==/com.impos2.mixcretailassemblyrn84-WmM1KjwuqVvqcO3Bm3kxog==/base.apk!/lib/arm64-v8a, permitted_path=/data:/mnt/expand:/data/user/0/com.impos2.mixcretailassemblyrn84
04-20 04:02:05.759 V/GraphicsEnvironment(16414): Currently set values for:
04-20 04:02:05.759 V/GraphicsEnvironment(16414):   angle_gl_driver_selection_pkgs=[]
04-20 04:02:05.760 V/GraphicsEnvironment(16414):   angle_gl_driver_selection_values=[]
04-20 04:02:05.760 V/GraphicsEnvironment(16414): Global.Settings values are invalid: number of packages: 0, number of values: 0
04-20 04:02:05.760 V/GraphicsEnvironment(16414): Neither updatable production driver nor prerelease driver is supported.
04-20 04:02:05.765 W/SoLoader(16414): Initializing SoLoader: 0
04-20 04:02:05.766 W/SoLoader(16414): Recording new base apk path: /data/app/~~HDPKWj5qt_BjsLCurXk99w==/com.impos2.mixcretailassemblyrn84-WmM1KjwuqVvqcO3Bm3kxog==/base.apk
04-20 04:02:05.766 W/SoLoader(16414): Previously recorded 0 base apk paths.
04-20 04:02:05.768 V/WindowManager(  590): Sent Transition (#568) createdAt=04-20 04:02:05.714 via request=TransitionRequestInfo { type = OPEN, triggerTask = TaskInfo{userId=0 taskId=874 displayId=2 isRunning=true baseIntent=Intent { flg=0x18000000 cmp=com.impos2.mixcretailassemblyrn84/.SecondaryActivity } baseActivity=ComponentInfo{com.impos2.mixcretailassemblyrn84/com.impos2.mixcretailassemblyrn84.SecondaryActivity} topActivity=ComponentInfo{com.impos2.mixcretailassemblyrn84/com.impos2.mixcretailassemblyrn84.SecondaryActivity} origActivity=null realActivity=ComponentInfo{com.impos2.mixcretailassemblyrn84/com.impos2.mixcretailassemblyrn84.SecondaryActivity} numActivities=1 lastActiveTime=270311267 supportsMultiWindow=true resizeMode=1 isResizeable=true minWidth=-1 minHeight=-1 defaultMinSize=220 token=WCT{RemoteToken{fefac2a Task{7c75c88 #874 type=standard A=10217:com.impos2.mixcretailassemblyrn84}}} topActivityType=1 pictureInPictureParams=null shouldDockBigOverlays=false launchIntoPipHostTaskId=-1 lastParentTaskIdBeforePip=-1 displayCutoutSafeInsets=null topActivityInfo=ActivityInfo{1fd4a1b com.impos2.mixcretailassemblyrn84.SecondaryActivity} launchCookies=[] positionInParent=Point(0, 0) parentTaskId=-1 isFocused=false isVisible=false isVisibleRequested=true isSleeping=false locusId=null displayAreaFeatureId=1 isTopActivityTransparent=false appCompatTaskInfo=AppCompatTaskInfo { topActivityInSizeCompat=false topActivityEligibleForLetterboxEducation= falseisLetterboxEducationEnabled= true isLetterboxDoubleTapEnabled= false topActivityEligibleForUserAspectRatioButton= false topActivityBoundsLetterboxed= false isFromLetterboxDoubleTap= false topActivityLetterboxVerticalPosition= -1 topActivityLetterboxHorizontalPosition= -1 topActivityLetterboxWidth=2560 topActivityLetterboxHeight=1600 isUserFullscreenOverrideEnabled=false isSystemFullscreenOverrideEnabled=false cameraCompatTaskInfo=CameraCompatTaskInfo { cameraCompatControlState=hidden freeformCameraCompatMode=inactive}}}, pipTask = null, remoteTransition = null, displayChange = null, flags = 0, debugId = 568 }
04-20 04:02:05.768 V/WindowManager(  590):     startWCT=WindowContainerTransaction { changes = {} hops = [] errorCallbackToken=null taskFragmentOrganizer=null }
04-20 04:02:05.768 V/WindowManager(  590):     info={id=568 t=OPEN f=0x0 trk=0 r=[2@Point(0, 0)] c=[
04-20 04:02:05.768 V/WindowManager(  590):         {WCT{RemoteToken{fefac2a Task{7c75c88 #874 type=standard A=10217:com.impos2.mixcretailassemblyrn84}}} m=OPEN f=NONE leash=Surface(name=Task=874)/@0x564ec1e sb=Rect(0, 0 - 2560, 1600) eb=Rect(0, 0 - 2560, 1600) d=2 taskParent=-1},
04-20 04:02:05.768 V/WindowManager(  590):         {WCT{RemoteToken{473bc8f Task{c2f742b #671 type=home}}} m=TO_BACK f=SHOW_WALLPAPER leash=Surface(name=Task=671)/@0x5554f84 sb=Rect(0, 0 - 2560, 1600) eb=Rect(0, 0 - 2560, 1600) d=2 taskParent=-1}
04-20 04:02:05.768 V/WindowManager(  590):     ]}
04-20 04:02:05.768 V/WindowManagerShell(  836): onTransitionReady(transaction=2534030745905)
04-20 04:02:05.769 I/SoLoader(16414): Preparing SO source: DirectorySoSource[root = /vendor/lib64 flags = 2]
04-20 04:02:05.769 I/SoLoader(16414): Preparing SO source: DirectorySoSource[root = /system/lib64 flags = 2]
04-20 04:02:05.769 I/SoLoader(16414): Preparing SO source: DirectApkSoSource[root = [/data/app/~~HDPKWj5qt_BjsLCurXk99w==/com.impos2.mixcretailassemblyrn84-WmM1KjwuqVvqcO3Bm3kxog==/base.apk!/lib/arm64-v8a]]
04-20 04:02:05.770 I/SoLoader(16414): Preparing SO source: ApplicationSoSource[DirectorySoSource[root = /data/app/~~HDPKWj5qt_BjsLCurXk99w==/com.impos2.mixcretailassemblyrn84-WmM1KjwuqVvqcO3Bm3kxog==/lib/arm64 flags = 0]]
04-20 04:02:05.770 I/SoLoader(16414): init finish: 4 SO sources prepared
04-20 04:02:05.770 W/SoLoader(16414): SoLoader initialized: 8
04-20 04:02:05.770 V/WindowManagerShell(  836): onTransitionReady (#568) android.os.BinderProxy@9b06458: {id=568 t=OPEN f=0x0 trk=0 r=[2@Point(0, 0)] c=[{WCT{android.window.IWindowContainerToken$Stub$Proxy@816946} m=OPEN f=NONE leash=Surface(name=Task=874)/@0x33cb32b sb=Rect(0, 0 - 2560, 1600) eb=Rect(0, 0 - 2560, 1600) d=2 taskParent=-1},{WCT{android.window.IWindowContainerToken$Stub$Proxy@7515707} m=TO_BACK f=SHOW_WALLPAPER leash=Surface(name=Task=671)/@0xdb19388 sb=Rect(0, 0 - 2560, 1600) eb=Rect(0, 0 - 2560, 1600) d=2 taskParent=-1}]}
04-20 04:02:05.772 W/UserManagerService(  590): Requested status bar icon for non-badged user 0
04-20 04:02:05.774 D/nativeloader(16414): Load /data/app/~~HDPKWj5qt_BjsLCurXk99w==/com.impos2.mixcretailassemblyrn84-WmM1KjwuqVvqcO3Bm3kxog==/base.apk!/lib/arm64-v8a/libc++_shared.so using ns clns-7 from class loader (caller=/data/app/~~HDPKWj5qt_BjsLCurXk99w==/com.impos2.mixcretailassemblyrn84-WmM1KjwuqVvqcO3Bm3kxog==/base.apk): ok
04-20 04:02:05.775 D/nativeloader(16414): Load /data/app/~~HDPKWj5qt_BjsLCurXk99w==/com.impos2.mixcretailassemblyrn84-WmM1KjwuqVvqcO3Bm3kxog==/base.apk!/lib/arm64-v8a/libjsi.so using ns clns-7 from class loader (caller=/data/app/~~HDPKWj5qt_BjsLCurXk99w==/com.impos2.mixcretailassemblyrn84-WmM1KjwuqVvqcO3Bm3kxog==/base.apk): ok
04-20 04:02:05.778 D/nativeloader(16414): Load /data/app/~~HDPKWj5qt_BjsLCurXk99w==/com.impos2.mixcretailassemblyrn84-WmM1KjwuqVvqcO3Bm3kxog==/base.apk!/lib/arm64-v8a/libfbjni.so using ns clns-7 from class loader (caller=/data/app/~~HDPKWj5qt_BjsLCurXk99w==/com.impos2.mixcretailassemblyrn84-WmM1KjwuqVvqcO3Bm3kxog==/base.apk): ok
04-20 04:02:05.777 V/WindowManagerShell(  836): Playing animation for (#568) android.os.BinderProxy@9b06458@0
04-20 04:02:05.779 V/WindowManagerShell(  836):  try handler com.android.wm.shell.transition.DefaultMixedHandler@a4b4bb1
04-20 04:02:05.779 V/WindowManagerShell(  836):  try handler com.android.wm.shell.keyguard.KeyguardTransitionHandler@f055896
04-20 04:02:05.779 V/WindowManagerShell(  836):  try handler com.android.wm.shell.pip.PipTransition@489c17
04-20 04:02:05.779 V/WindowManagerShell(  836):  try handler com.android.wm.shell.activityembedding.ActivityEmbeddingController@f43a804
04-20 04:02:05.779 V/WindowManagerShell(  836):  try handler com.android.wm.shell.splitscreen.StageCoordinator@417f1ed
04-20 04:02:05.779 V/WindowManagerShell(  836):  try handler com.android.wm.shell.desktopmode.DesktopTasksController@4366822
04-20 04:02:05.779 V/WindowManagerShell(  836):  try handler com.android.wm.shell.recents.RecentsTransitionHandler@b30e2b3
04-20 04:02:05.779 V/ShellRecents(  836): RecentsTransitionHandler.startAnimation: no controller found
04-20 04:02:05.779 V/WindowManagerShell(  836):  try handler com.android.wm.shell.transition.RemoteTransitionHandler@2554070
04-20 04:02:05.780 V/WindowManagerShell(  836): Transition doesn't have explicit remote, search filters for match for {id=568 t=OPEN f=0x0 trk=0 r=[2@Point(0, 0)] c=[{WCT{android.window.IWindowContainerToken$Stub$Proxy@816946} m=OPEN f=NONE leash=Surface(name=Task=874)/@0x33cb32b sb=Rect(0, 0 - 2560, 1600) eb=Rect(0, 0 - 2560, 1600) d=2 taskParent=-1},{WCT{android.window.IWindowContainerToken$Stub$Proxy@7515707} m=TO_BACK f=SHOW_WALLPAPER leash=Surface(name=Task=671)/@0xdb19388 sb=Rect(0, 0 - 2560, 1600) eb=Rect(0, 0 - 2560, 1600) d=2 taskParent=-1}]}
04-20 04:02:05.780 V/WindowManagerShell(  836):  Checking filter Pair{{types=[] flags=0x0] notFlags=0x0 checks=[{atype=undefined independent=true modes=[OPEN,TO_FRONT] flags=IN_TASK_WITH_EMBEDDED_ACTIVITY mustBeTask=false order=ANY topActivity=ComponentInfo{com.google.android.apps.nexuslauncher/com.google.android.apps.nexuslauncher.NexusLauncherActivity} launchCookie=null},{atype=undefined independent=true modes=[CLOSE,TO_BACK] flags=IN_TASK_WITH_EMBEDDED_ACTIVITY mustBeTask=false order=ANY topActivity=null launchCookie=null}]} RemoteTransition { remoteTransition = android.window.IRemoteTransition$Stub$Proxy@e8ebfe9, appThread = android.app.IApplicationThread$Stub$Proxy@876e46e, debugName = OverlaySwipeBack }}
04-20 04:02:05.780 V/WindowManagerShell(  836):  Checking filter Pair{{types=[] flags=0x0] notFlags=0x0 checks=[{atype=dream independent=true modes=[OPEN,TO_FRONT] flags=NONE mustBeTask=false order=ANY topActivity=null launchCookie=null},{atype=home independent=true modes=[CLOSE,TO_BACK] flags=NONE mustBeTask=false order=ANY topActivity=null launchCookie=null}]} RemoteTransition { remoteTransition = android.window.IRemoteTransition$Stub$Proxy@f4cf70f, appThread = android.app.IApplicationThread$Stub$Proxy@ba5f39c, debugName = LauncherToDream }}
04-20 04:02:05.781 V/WindowManagerShell(  836):  Checking filter Pair{{types=[] flags=0x0] notFlags=0x100 checks=[{atype=home independent=true modes=[OPEN,TO_FRONT] flags=NONE mustBeTask=false order=TOP topActivity=ComponentInfo{com.google.android.apps.nexuslauncher/com.google.android.apps.nexuslauncher.NexusLauncherActivity} launchCookie=null},{atype=standard independent=true modes=[CLOSE,TO_BACK] flags=NONE mustBeTask=false order=ANY topActivity=null launchCookie=null}]} RemoteTransition { remoteTransition = android.window.IRemoteTransition$Stub$Proxy@c8a71a5, appThread = android.app.IApplicationThread$Stub$Proxy@30d97a, debugName = QuickstepLaunchHome }}
04-20 04:02:05.781 V/WindowManagerShell(  836):  Delegate animation for (#568) to null
04-20 04:02:05.781 V/WindowManagerShell(  836):  try handler com.android.wm.shell.transition.DefaultTransitionHandler@56bf52b
04-20 04:02:05.781 V/WindowManagerShell(  836): start default transition animation, info = {id=568 t=OPEN f=0x0 trk=0 r=[2@Point(0, 0)] c=[{WCT{android.window.IWindowContainerToken$Stub$Proxy@816946} m=OPEN f=NONE leash=Surface(name=Task=874)/@0x33cb32b sb=Rect(0, 0 - 2560, 1600) eb=Rect(0, 0 - 2560, 1600) d=2 taskParent=-1},{WCT{android.window.IWindowContainerToken$Stub$Proxy@7515707} m=TO_BACK f=SHOW_WALLPAPER leash=Surface(name=Task=671)/@0xdb19388 sb=Rect(0, 0 - 2560, 1600) eb=Rect(0, 0 - 2560, 1600) d=2 taskParent=-1}]}
04-20 04:02:05.781 V/WindowManagerShell(  836): loadAnimation: anim=android.view.animation.AnimationSet@71a9c15 animAttr=0x13 type=OPEN isEntrance=false
04-20 04:02:05.781 V/WindowManagerShell(  836): loadAnimation: anim=android.view.animation.AnimationSet@db4eeb8 animAttr=0x12 type=OPEN isEntrance=true
04-20 04:02:05.782 V/WindowManagerShell(  836):  animated by com.android.wm.shell.transition.DefaultTransitionHandler@56bf52b
04-20 04:02:05.783 D/nativeloader(16414): Load /data/app/~~HDPKWj5qt_BjsLCurXk99w==/com.impos2.mixcretailassemblyrn84-WmM1KjwuqVvqcO3Bm3kxog==/base.apk!/lib/arm64-v8a/libreactnative.so using ns clns-7 from class loader (caller=/data/app/~~HDPKWj5qt_BjsLCurXk99w==/com.impos2.mixcretailassemblyrn84-WmM1KjwuqVvqcO3Bm3kxog==/base.apk): ok
04-20 04:02:05.783 D/jni_lib_merge(16414): Entering merged library JNI_OnLoad.
04-20 04:02:05.783 D/jni_lib_merge(16414): Preparing 12 pre-merged libs (including stub)
04-20 04:02:05.783 D/jni_lib_merge(16414): Preparing to register libfabricjni_so.  onload_func: 0x73a9f41a50
04-20 04:02:05.783 D/jni_lib_merge(16414): Preparing to register libreact_devsupportjni_so.  onload_func: 0x73aa00536c
04-20 04:02:05.783 D/jni_lib_merge(16414): Preparing to register libreact_featureflagsjni_so.  onload_func: 0x73aa01fba8
04-20 04:02:05.783 D/jni_lib_merge(16414): Preparing to register libreact_newarchdefaults_so.  onload_func: 0x73aa05dd74
04-20 04:02:05.783 D/jni_lib_merge(16414): Preparing to register libreactnativeblob_so.  onload_func: 0x73aa0fea4c
04-20 04:02:05.783 D/jni_lib_merge(16414): Preparing to register libreactnativejni_so.  onload_func: 0x73aa1139e4
04-20 04:02:05.783 D/jni_lib_merge(16414): Preparing to register libreactnativejni_common_so.  onload_func: 0x73aa116be0
04-20 04:02:05.783 D/jni_lib_merge(16414): Preparing to register librninstance_so.  onload_func: 0x73aa133778
04-20 04:02:05.783 D/jni_lib_merge(16414): Preparing to register libturbomodulejsijni_so.  onload_func: 0x73aa1dd0e0
04-20 04:02:05.784 D/jni_lib_merge(16414): Preparing to register libuimanagerjni_so.  onload_func: 0x73aa1e3b00
04-20 04:02:05.785 D/jni_lib_merge(16414): Preparing to register libyoga_so.  onload_func: 0x73aa1eb0c4
04-20 04:02:05.785 D/jni_lib_merge(16414): About to register 11 actual methods.
04-20 04:02:05.786 D/nativeloader(16414): Load /data/app/~~HDPKWj5qt_BjsLCurXk99w==/com.impos2.mixcretailassemblyrn84-WmM1KjwuqVvqcO3Bm3kxog==/base.apk!/lib/arm64-v8a/libreact_codegen_rnsvg.so using ns clns-7 from class loader (caller=/data/app/~~HDPKWj5qt_BjsLCurXk99w==/com.impos2.mixcretailassemblyrn84-WmM1KjwuqVvqcO3Bm3kxog==/base.apk): ok
04-20 04:02:05.786 D/jni_lib_merge(16414): Entering merged library JNI_OnLoad.
04-20 04:02:05.786 D/jni_lib_merge(16414): Preparing 12 pre-merged libs (including stub)
04-20 04:02:05.786 D/jni_lib_merge(16414): Preparing to register libfabricjni_so.  onload_func: 0x73a9f41a50
04-20 04:02:05.786 D/jni_lib_merge(16414): Preparing to register libreact_devsupportjni_so.  onload_func: 0x73aa00536c
04-20 04:02:05.786 D/jni_lib_merge(16414): Preparing to register libreact_featureflagsjni_so.  onload_func: 0x73aa01fba8
04-20 04:02:05.786 D/jni_lib_merge(16414): Preparing to register libreact_newarchdefaults_so.  onload_func: 0x73aa05dd74
04-20 04:02:05.786 D/jni_lib_merge(16414): Preparing to register libreactnativeblob_so.  onload_func: 0x73aa0fea4c
04-20 04:02:05.786 D/jni_lib_merge(16414): Preparing to register libreactnativejni_so.  onload_func: 0x73aa1139e4
04-20 04:02:05.786 D/jni_lib_merge(16414): Preparing to register libreactnativejni_common_so.  onload_func: 0x73aa116be0
04-20 04:02:05.786 D/jni_lib_merge(16414): Preparing to register librninstance_so.  onload_func: 0x73aa133778
04-20 04:02:05.786 D/jni_lib_merge(16414): Preparing to register libturbomodulejsijni_so.  onload_func: 0x73aa1dd0e0
04-20 04:02:05.786 D/jni_lib_merge(16414): Preparing to register libuimanagerjni_so.  onload_func: 0x73aa1e3b00
04-20 04:02:05.786 D/jni_lib_merge(16414): Preparing to register libyoga_so.  onload_func: 0x73aa1eb0c4
04-20 04:02:05.786 D/jni_lib_merge(16414): About to register 11 actual methods.
04-20 04:02:05.786 D/nativeloader(16414): Load /data/app/~~HDPKWj5qt_BjsLCurXk99w==/com.impos2.mixcretailassemblyrn84-WmM1KjwuqVvqcO3Bm3kxog==/base.apk!/lib/arm64-v8a/libappmodules.so using ns clns-7 from class loader (caller=/data/app/~~HDPKWj5qt_BjsLCurXk99w==/com.impos2.mixcretailassemblyrn84-WmM1KjwuqVvqcO3Bm3kxog==/base.apk): ok
04-20 04:02:05.787 W/OptProp (  590): Cannot read opt property android.window.PROPERTY_COMPAT_ENABLE_FAKE_FOCUS
04-20 04:02:05.796 D/AppCompatDelegate(16414): Checking for metadata for AppLocalesMetadataHolderService : Service not found
04-20 04:02:05.802 D/FileUtils(  590): Rounded bytes from 3120193536 to 4000000000
04-20 04:02:05.806 D/nativeloader(16414): Load /data/app/~~HDPKWj5qt_BjsLCurXk99w==/com.impos2.mixcretailassemblyrn84-WmM1KjwuqVvqcO3Bm3kxog==/base.apk!/lib/arm64-v8a/libhermesvm.so using ns clns-7 from class loader (caller=/data/app/~~HDPKWj5qt_BjsLCurXk99w==/com.impos2.mixcretailassemblyrn84-WmM1KjwuqVvqcO3Bm3kxog==/base.apk): ok
04-20 04:02:05.807 D/nativeloader(16414): Load /data/app/~~HDPKWj5qt_BjsLCurXk99w==/com.impos2.mixcretailassemblyrn84-WmM1KjwuqVvqcO3Bm3kxog==/base.apk!/lib/arm64-v8a/libhermestooling.so using ns clns-7 from class loader (caller=/data/app/~~HDPKWj5qt_BjsLCurXk99w==/com.impos2.mixcretailassemblyrn84-WmM1KjwuqVvqcO3Bm3kxog==/base.apk): ok
04-20 04:02:05.807 D/jni_lib_merge(16414): Entering merged library JNI_OnLoad.
04-20 04:02:05.807 D/jni_lib_merge(16414): Preparing 4 pre-merged libs (including stub)
04-20 04:02:05.807 D/jni_lib_merge(16414): Preparing to register libhermes_executor_so.  onload_func: 0x73abe64728
04-20 04:02:05.807 D/jni_lib_merge(16414): Preparing to register libhermesinstancejni_so.  onload_func: 0x73abe6bd44
04-20 04:02:05.807 D/jni_lib_merge(16414): Preparing to register libjsijniprofiler_so.  onload_func: 0x73abe6c530
04-20 04:02:05.807 D/jni_lib_merge(16414): About to register 3 actual methods.
04-20 04:02:05.813 W/unknown:BridgelessReact(16414): ReactHost{0}.startSurface(surfaceId = 0): Schedule
04-20 04:02:05.814 W/unknown:BridgelessReact(16414): ReactHost{0}.attachSurface(surfaceId = 0)
04-20 04:02:05.814 W/unknown:BridgelessReact(16414): ReactHost{0}.getOrCreateReactInstanceTask()
04-20 04:02:05.814 W/unknown:BridgelessReact(16414): ReactHost{0}.getOrCreateReactInstanceTask(): Start
04-20 04:02:05.814 W/unknown:BridgelessReact(16414): ReactHost{0}.getJSBundleLoader()
04-20 04:02:05.814 W/unknown:BridgelessReact(16414): ReactHost{0}.getOrCreateReactInstanceTask(): Creating BridgelessReactContext
04-20 04:02:05.814 W/unknown:BridgelessReact(16414): ReactHost{0}.getOrCreateReactInstanceTask(): Creating ReactInstance
04-20 04:02:05.817 I/StartupAudit(16414): activity_created activity=SecondaryActivity displayIndex=1 pid=16414 time=2026-04-20 04:02:05.817
04-20 04:02:05.819 W/unknown:BridgelessReact(16414): ReactHost{0}.onHostResume(activity)
04-20 04:02:05.819 W/unknown:BridgelessReact(16414): ReactHost{0}.ReactContext.onHostResume()
04-20 04:02:05.821 W/HWUI    (16414): Unknown dataspace 0
04-20 04:02:05.829 W/unknown:BridgelessReact(16414): ReactHost{0}.getOrCreateReactInstanceTask(): Loading JS Bundle
04-20 04:02:05.830 W/unknown:BridgelessReact(16414): ReactHost{0}.getOrCreateReactInstanceTask(): DevSupportManager.onNewReactContextCreated()
04-20 04:02:05.831 W/unknown:BridgelessReact(16414): ReactHost{0}.startSurface(surfaceId = 0): Execute
04-20 04:02:05.832 D/CoreBackPreview(  590): Window{f40f00b u0 com.impos2.mixcretailassemblyrn84/com.impos2.mixcretailassemblyrn84.SecondaryActivity}: Setting back callback OnBackInvokedCallbackInfo{mCallback=android.window.IOnBackInvokedCallback$Stub$Proxy@2db2901, mPriority=0, mIsAnimationCallback=false}
04-20 04:02:05.832 I/ReactNativeJS(16414): Running "MixcRetailAssemblyRN84"
04-20 04:02:05.835 W/unknown:ViewManagerPropertyUpdater(16414): Could not find generated setter for class com.horcrux.svg.RenderableViewManager$DefsViewManager
04-20 04:02:05.835 I/EGL_emulation(16414): Opening libGLESv1_CM_emulation.so
04-20 04:02:05.835 I/EGL_emulation(16414): Opening libGLESv2_emulation.so
04-20 04:02:05.836 W/unknown:ViewManagerPropertyUpdater(16414): Could not find generated setter for class com.horcrux.svg.VirtualViewManager$c
04-20 04:02:05.837 W/unknown:ViewManagerPropertyUpdater(16414): Could not find generated setter for class com.horcrux.svg.RenderableViewManager$FeMergeManager
04-20 04:02:05.838 W/unknown:ViewManagerPropertyUpdater(16414): Could not find generated setter for class com.facebook.react.views.safeareaview.ReactSafeAreaViewManager
04-20 04:02:05.838 W/unknown:ViewManagerPropertyUpdater(16414): Could not find generated setter for class com.facebook.react.uimanager.V
04-20 04:02:05.838 W/unknown:ViewManagerPropertyUpdater(16414): Could not find generated setter for class com.horcrux.svg.RenderableViewManager$LinearGradientManager
04-20 04:02:05.839 W/HWUI    (16414): Failed to choose config with EGL_SWAP_BEHAVIOR_PRESERVED, retrying without...
04-20 04:02:05.839 W/unknown:ViewManagerPropertyUpdater(16414): Could not find generated setter for class com.horcrux.svg.RenderableViewManager$FeGaussianBlurManager
04-20 04:02:05.839 W/HWUI    (16414): Failed to initialize 101010-2 format, error = EGL_SUCCESS
04-20 04:02:05.839 W/unknown:ViewManagerPropertyUpdater(16414): Could not find generated setter for class com.facebook.react.views.progressbar.ReactProgressBarViewManager
04-20 04:02:05.840 W/unknown:ViewManagerPropertyUpdater(16414): Could not find generated setter for class com.facebook.react.views.progressbar.b
04-20 04:02:05.840 W/unknown:ViewManagerPropertyUpdater(16414): Could not find generated setter for class com.facebook.react.views.scroll.ReactHorizontalScrollViewManager
04-20 04:02:05.841 W/unknown:ViewManagerPropertyUpdater(16414): Could not find generated setter for class com.facebook.react.views.text.ReactTextViewManager
04-20 04:02:05.842 W/unknown:ViewManagerPropertyUpdater(16414): Could not find generated setter for class com.facebook.react.views.text.j
04-20 04:02:05.843 W/unknown:ViewManagerPropertyUpdater(16414): Could not find generated setter for class com.horcrux.svg.RenderableViewManager$FeColorMatrixManager
04-20 04:02:05.846 W/unknown:ViewManagerPropertyUpdater(16414): Could not find generated setter for class com.facebook.react.views.scroll.ReactHorizontalScrollContainerViewManager
04-20 04:02:05.848 W/unknown:ViewManagerPropertyUpdater(16414): Could not find generated setter for class com.horcrux.svg.RenderableViewManager$ClipPathViewManager
04-20 04:02:05.849 W/unknown:ViewManagerPropertyUpdater(16414): Could not find generated setter for class com.horcrux.svg.RenderableViewManager$SymbolManager
04-20 04:02:05.849 I/hwservicemanager(  162): getTransport: Cannot find entry android.hardware.graphics.mapper@4.0::IMapper/default in either framework or device VINTF manifest.
04-20 04:02:05.850 I/Gralloc4(16414): mapper 4.x is not supported
04-20 04:02:05.850 W/unknown:ViewManagerPropertyUpdater(16414): Could not find generated setter for class com.horcrux.svg.RenderableViewManager$PatternManager
04-20 04:02:05.850 W/unknown:ViewManagerPropertyUpdater(16414): Could not find generated setter for class com.horcrux.svg.RenderableViewManager$FeBlendManager
04-20 04:02:05.851 W/unknown:ViewManagerPropertyUpdater(16414): Could not find generated setter for class com.facebook.react.views.view.ReactViewManager
04-20 04:02:05.851 W/unknown:ViewManagerPropertyUpdater(16414): Could not find generated setter for class com.horcrux.svg.SvgViewManager
04-20 04:02:05.852 W/unknown:ViewManagerPropertyUpdater(16414): Could not find generated setter for class com.facebook.react.views.switchview.ReactSwitchManager
04-20 04:02:05.852 W/unknown:ViewManagerPropertyUpdater(16414): Could not find generated setter for class com.facebook.react.views.switchview.d
04-20 04:02:05.852 W/unknown:ViewManagerPropertyUpdater(16414): Could not find generated setter for class com.horcrux.svg.RenderableViewManager$UseViewManager
04-20 04:02:05.851 I/servicemanager(  157): Caller(pid=16414,uid=10217,sid=u:r:untrusted_app:s0:c217,c256,c512,c768) Could not find android.hardware.graphics.allocator.IAllocator/default in the VINTF manifest. No alternative instances declared in VINTF.
04-20 04:02:05.853 W/unknown:ViewManagerPropertyUpdater(16414): Could not find generated setter for class com.horcrux.svg.RenderableViewManager$CircleViewManager
04-20 04:02:05.853 W/unknown:ViewManagerPropertyUpdater(16414): Could not find generated setter for class com.horcrux.svg.RenderableViewManager$TSpanViewManager
04-20 04:02:05.854 W/unknown:ViewManagerPropertyUpdater(16414): Could not find generated setter for class com.horcrux.svg.RenderableViewManager$FilterManager
04-20 04:02:05.854 W/unknown:ViewManagerPropertyUpdater(16414): Could not find generated setter for class com.horcrux.svg.RenderableViewManager$MarkerManager
04-20 04:02:05.855 W/unknown:ViewManagerPropertyUpdater(16414): Could not find generated setter for class com.facebook.react.views.modal.ReactModalHostManager
04-20 04:02:05.855 W/unknown:ViewManagerPropertyUpdater(16414): Could not find generated setter for class com.horcrux.svg.RenderableViewManager$ForeignObjectManager
04-20 04:02:05.856 W/unknown:ViewManagerPropertyUpdater(16414): Could not find generated setter for class com.horcrux.svg.RenderableViewManager$EllipseViewManager
04-20 04:02:05.857 W/unknown:ViewManagerPropertyUpdater(16414): Could not find generated setter for class com.horcrux.svg.RenderableViewManager$LineViewManager
04-20 04:02:05.857 W/unknown:ViewManagerPropertyUpdater(16414): Could not find generated setter for class com.facebook.react.views.text.frescosupport.FrescoBasedReactTextInlineImageViewManager
04-20 04:02:05.857 W/unknown:ViewManagerPropertyUpdater(16414): Could not find generated setter for class com.facebook.react.views.text.frescosupport.a
04-20 04:02:05.857 W/unknown:ViewManagerPropertyUpdater(16414): Could not find generated setter for class com.horcrux.svg.RenderableViewManager$FeFloodManager
04-20 04:02:05.858 W/unknown:ViewManagerPropertyUpdater(16414): Could not find generated setter for class com.horcrux.svg.RenderableViewManager$GroupViewManager
04-20 04:02:05.859 W/unknown:ViewManagerPropertyUpdater(16414): Could not find generated setter for class com.horcrux.svg.RenderableViewManager$TextViewManager
04-20 04:02:05.859 W/unknown:ViewManagerPropertyUpdater(16414): Could not find generated setter for class com.horcrux.svg.RenderableViewManager$ImageViewManager
04-20 04:02:05.860 W/unknown:ViewManagerPropertyUpdater(16414): Could not find generated setter for class com.horcrux.svg.RenderableViewManager$FeCompositeManager
04-20 04:02:05.860 W/unknown:ViewManagerPropertyUpdater(16414): Could not find generated setter for class com.facebook.react.views.image.ReactImageManager
04-20 04:02:05.861 W/unknown:ViewManagerPropertyUpdater(16414): Could not find generated setter for class com.horcrux.svg.RenderableViewManager$RadialGradientManager
04-20 04:02:05.861 W/unknown:ViewManagerPropertyUpdater(16414): Could not find generated setter for class com.horcrux.svg.RenderableViewManager$MaskManager
04-20 04:02:05.862 W/unknown:ViewManagerPropertyUpdater(16414): Could not find generated setter for class com.facebook.react.views.unimplementedview.ReactUnimplementedViewManager
04-20 04:02:05.862 W/unknown:ViewManagerPropertyUpdater(16414): Could not find generated setter for class com.horcrux.svg.RenderableViewManager$RectViewManager
04-20 04:02:05.864 W/unknown:BridgelessReact(16414): ReactHost{0}.ReactContext.onHostResume()
04-20 04:02:05.864 W/unknown:BridgelessReact(16414): ReactHost{0}.getOrCreateReactInstanceTask(): Executing ReactInstanceEventListeners
04-20 04:02:05.865 W/unknown:ViewManagerPropertyUpdater(16414): Could not find generated setter for class com.facebook.react.uimanager.RootViewManager
04-20 04:02:05.867 W/unknown:ViewManagerPropertyUpdater(16414): Could not find generated setter for class com.horcrux.svg.RenderableViewManager$TextPathViewManager
04-20 04:02:05.867 W/unknown:ViewManagerPropertyUpdater(16414): Could not find generated setter for class com.facebook.react.views.scroll.ReactScrollViewManager
04-20 04:02:05.868 I/ActivityTaskManager(  590): Displayed com.impos2.mixcretailassemblyrn84/.SecondaryActivity for user 0: +155ms
04-20 04:02:05.868 W/unknown:ViewManagerPropertyUpdater(16414): Could not find generated setter for class com.horcrux.svg.RenderableViewManager$FeOffsetManager
04-20 04:02:05.868 W/unknown:ViewManagerPropertyUpdater(16414): Could not find generated setter for class com.horcrux.svg.RenderableViewManager$PathViewManager
04-20 04:02:05.869 W/unknown:ViewManagerPropertyUpdater(16414): Could not find generated setter for class com.facebook.react.views.drawer.ReactDrawerLayoutManager
04-20 04:02:05.870 W/unknown:ViewManagerPropertyUpdater(16414): Could not find generated setter for class com.facebook.react.views.swiperefresh.SwipeRefreshLayoutManager
04-20 04:02:05.871 W/unknown:ViewManagerPropertyUpdater(16414): Could not find generated setter for class com.facebook.react.views.textinput.ReactTextInputManager
04-20 04:02:05.871 W/unknown:ViewManagerPropertyUpdater(16414): Could not find generated setter for class com.facebook.react.views.textinput.F
04-20 04:02:05.874 I/ConnectorManager(16414): connector initialized
04-20 04:02:05.877 I/assembly.android.mixc-retail-rn84.boot(16414): {"stage":"resolve-topology:start","displayIndex":1,"displayCount":2,"topologyRole":"slave","topologyWsUrl":"ws://127.0.0.1:8888/mockMasterServer/ws"}
04-20 04:02:05.877 I/assembly.android.mixc-retail-rn84.boot(16414): {"stage":"resolve-topology:done","displayIndex":1,"displayCount":2,"topologyRole":"slave","topologyWsUrl":"ws://127.0.0.1:8888/mockMasterServer/ws","resolvedRole":"slave","resolvedWsUrl":"ws://127.0.0.1:8888/mockMasterServer/ws"}
04-20 04:02:05.877 I/assembly.android.mixc-retail-rn84.boot(16414): {"stage":"create-app:start","displayIndex":1,"displayCount":2,"topologyRole":"slave","topologyWsUrl":"ws://127.0.0.1:8888/mockMasterServer/ws"}
