04-20 04:02:02.296 E/RoleControllerServiceImpl(  590): Default/fallback role holder package doesn't qualify for the role, package: com.google.android.devicelockcontroller, role: android.app.role.SYSTEM_FINANCED_DEVICE_CONTROLLER
04-20 04:02:02.297 D/StatsLog( 1099): LAUNCHER_ALLAPPS_COUNT
04-20 04:02:02.297 D/StatsLog( 1099): LAUNCHER_ALLAPPS_COUNT
04-20 04:02:02.298 D/IntervalStats(  590): Unable to parse usage stats packages: [305, 307]
04-20 04:02:02.303 D/AndroidRuntime(16306): >>>>>> START com.android.internal.os.RuntimeInit uid 0 <<<<<<
04-20 04:02:02.306 I/AndroidRuntime(16306): Using default boot image
04-20 04:02:02.306 I/AndroidRuntime(16306): Leaving lock profiling enabled
04-20 04:02:02.310 I/app_process(16306): Core platform API reporting enabled, enforcing=false
04-20 04:02:02.310 I/app_process(16306): Using CollectorTypeCMC GC.
04-20 04:02:02.312 W/id.ext.services( 1020): Reducing the number of considered missed Gc histogram windows from 787 to 100
04-20 04:02:02.320 I/ndroid.systemui(  836): Background concurrent mark compact GC freed 5530KB AllocSpace bytes, 0(0B) LOS objects, 49% free, 11MB/23MB, paused 217us,839us total 100.806ms
04-20 04:02:02.323 W/ndroid.systemui(  836): ApkAssets: Deleting an ApkAssets object '<empty> and /data/app/~~pHkHriTuUKu1B4uEYwZgjQ==/com.impos2.mixcretailassemblyrn84-WHh3VFODMg3xCgGFsoJReQ==/base.apk' with 3 weak references
04-20 04:02:02.356 D/nativeloader(16306): InitDefaultPublicLibraries for_preload=1: libandroid.so:libaaudio.so:libamidi.so:libbinder_ndk.so:libc.so:libcamera2ndk.so:libdl.so:libEGL.so:libGLESv1_CM.so:libGLESv2.so:libGLESv3.so:libicu.so:libicui18n.so:libicuuc.so:libjnigraphics.so:liblog.so:libmediandk.so:libm.so:libnativehelper.so:libnativewindow.so:libOpenMAXAL.so:libOpenSLES.so:libRS.so:libstdc++.so:libsync.so:libvulkan.so:libwebviewchromium_plat_support.so:libz.so
04-20 04:02:02.360 I/system_server(  590): Background concurrent mark compact GC freed 11MB AllocSpace bytes, 63(1280KB) LOS objects, 44% free, 30MB/54MB, paused 590us,981us total 141.215ms
04-20 04:02:02.364 W/system_server(  590): ApkAssets: Deleting an ApkAssets object '<empty> and /data/app/~~pHkHriTuUKu1B4uEYwZgjQ==/com.impos2.mixcretailassemblyrn84-WHh3VFODMg3xCgGFsoJReQ==/base.apk' with 1 weak references
04-20 04:02:02.364 D/nativeloader(16306): Load libicu_jni.so using APEX ns com_android_art for caller /apex/com.android.art/javalib/core-oj.jar: ok
04-20 04:02:02.364 D/app_process(16306): u_setTimeZoneFilesDirectory("/apex/com.android.tzdata/etc/tz/versioned/8/icu") succeeded. 
04-20 04:02:02.364 D/app_process(16306): I18n APEX ICU file found: /apex/com.android.i18n/etc/icu/icudt75l.dat
04-20 04:02:02.366 D/nativeloader(16306): Load libjavacore.so using APEX ns com_android_art for caller /apex/com.android.art/javalib/core-oj.jar: ok
04-20 04:02:02.367 D/nativeloader(16306): Load libopenjdk.so using APEX ns com_android_art for caller /apex/com.android.art/javalib/core-oj.jar: ok
04-20 04:02:02.371 W/system_server(  590): ApkAssets: Deleting an ApkAssets object '<empty> and /product/priv-app/PrebuiltGmsCore/PrebuiltGmsCore.apk' with 1 weak references
04-20 04:02:02.371 W/system_server(  590): ApkAssets: Deleting an ApkAssets object '<empty> and /product/app/LatinIMEGooglePrebuilt/LatinIMEGooglePrebuilt.apk' with 1 weak references
04-20 04:02:02.372 W/system_server(  590): ApkAssets: Deleting an ApkAssets object '<empty> and /product/app/GoogleTTS/GoogleTTS.apk' with 1 weak references
04-20 04:02:02.373 W/system_server(  590): ApkAssets: Deleting an ApkAssets object '<empty> and /system/priv-app/InputDevices/InputDevices.apk' with 1 weak references
04-20 04:02:02.373 W/system_server(  590): ApkAssets: Deleting an ApkAssets object '<empty> and /system_ext/app/AccessibilityMenu/AccessibilityMenu.apk' with 1 weak references
04-20 04:02:02.373 W/system_server(  590): ApkAssets: Deleting an ApkAssets object '<empty> and /product/app/talkback/talkback.apk' with 1 weak references
04-20 04:02:02.373 W/system_server(  590): ApkAssets: Deleting an ApkAssets object '/vendor/overlay/EmulatorTalkBackOverlay/EmulatorTalkBackOverlay.apk' with 1 weak references
04-20 04:02:02.373 W/system_server(  590): ApkAssets: Deleting an ApkAssets object '<empty> and /product/priv-app/Velvet/Velvet.apk' with 1 weak references
04-20 04:02:02.373 W/system_server(  590): ApkAssets: Deleting an ApkAssets object '<empty> and /product/app/PrebuiltGmail/PrebuiltGmail.apk' with 1 weak references
04-20 04:02:02.373 W/system_server(  590): ApkAssets: Deleting an ApkAssets object '<empty> and /product/app/PlayBooksPrebuilt/PlayBooksPrebuilt.apk' with 1 weak references
04-20 04:02:02.373 W/system_server(  590): ApkAssets: Deleting an ApkAssets object '<empty> and /product/app/Drive/Drive.apk' with 1 weak references
04-20 04:02:02.374 W/system_server(  590): ApkAssets: Deleting an ApkAssets object '<empty> and /product/app/CalendarGooglePrebuilt/CalendarGooglePrebuilt.apk' with 1 weak references
04-20 04:02:02.374 W/system_server(  590): ApkAssets: Deleting an ApkAssets object '<empty> and /product/app/GoogleKeepPrebuilt/GoogleKeepPrebuilt.apk' with 1 weak references
04-20 04:02:02.382 D/nativeloader(16306): Load libframework-connectivity-tiramisu-jni.so using APEX ns com_android_tethering for caller /apex/com.android.tethering/javalib/framework-connectivity-t.jar: ok
04-20 04:02:02.382 D/AndroidRuntime(16306): Calling main entry com.android.commands.monkey.Monkey
04-20 04:02:02.383 W/Monkey  (16306): args: [-p, com.impos2.mixcretailassemblyrn84, -c, android.intent.category.LAUNCHER, 1]
04-20 04:02:02.383 W/Monkey  (16306):  arg: "-p"
04-20 04:02:02.383 W/Monkey  (16306):  arg: "com.impos2.mixcretailassemblyrn84"
04-20 04:02:02.383 W/Monkey  (16306):  arg: "-c"
04-20 04:02:02.383 W/Monkey  (16306):  arg: "android.intent.category.LAUNCHER"
04-20 04:02:02.383 W/Monkey  (16306):  arg: "1"
04-20 04:02:02.383 W/Monkey  (16306): data="com.impos2.mixcretailassemblyrn84"
04-20 04:02:02.384 W/Monkey  (16306): data="android.intent.category.LAUNCHER"
04-20 04:02:02.391 W/ActivityManager(  590): registerReceiverWithFeature: no app for null
04-20 04:02:02.397 W/ActivityTaskManager(  590): callingPackage for (uid=0, pid=16306) has no WPC
04-20 04:02:02.398 W/OptProp (  590): Cannot read opt property android.window.PROPERTY_COMPAT_ALLOW_USER_ASPECT_RATIO_OVERRIDE
04-20 04:02:02.398 W/OptProp (  590): Cannot read opt property android.window.PROPERTY_COMPAT_ALLOW_USER_ASPECT_RATIO_FULLSCREEN_OVERRIDE
04-20 04:02:02.398 W/OptProp (  590): Cannot read opt property android.window.PROPERTY_COMPAT_ALLOW_ORIENTATION_OVERRIDE
04-20 04:02:02.399 V/GrammaticalInflectionUtils(  590): AttributionSource: AttributionSource { uid = 10217, packageName = null, attributionTag = null, token = android.os.Binder@bdb3573, deviceId = 0, next = null } does not have READ_SYSTEM_GRAMMATICAL_GENDER permission.
04-20 04:02:02.399 W/OptProp (  590): Cannot read opt property android.window.PROPERTY_COMPAT_ALLOW_RESIZEABLE_ACTIVITY_OVERRIDES
04-20 04:02:02.399 W/OptProp (  590): Cannot read opt property android.window.PROPERTY_COMPAT_ALLOW_MIN_ASPECT_RATIO_OVERRIDE
04-20 04:02:02.401 W/InputDispatcher(  590): Focused display #0 does not have a focused window.
04-20 04:02:02.401 E/InputDispatcher(  590): But another display has a focused window
04-20 04:02:02.401 E/InputDispatcher(  590):   FocusedWindows:
04-20 04:02:02.401 E/InputDispatcher(  590):     displayId=2, name='57831cd com.google.android.apps.nexuslauncher/com.android.launcher3.secondarydisplay.SecondaryDisplayLauncher'
04-20 04:02:02.403 V/WindowManagerShell(  836): Transition requested (#567): android.os.BinderProxy@65ca4ac TransitionRequestInfo { type = OPEN, triggerTask = TaskInfo{userId=0 taskId=873 displayId=0 isRunning=true baseIntent=Intent { act=android.intent.action.MAIN cat=[android.intent.category.LAUNCHER] flg=0x10200000 cmp=com.impos2.mixcretailassemblyrn84/.MainActivity } baseActivity=ComponentInfo{com.impos2.mixcretailassemblyrn84/com.impos2.mixcretailassemblyrn84.MainActivity} topActivity=ComponentInfo{com.impos2.mixcretailassemblyrn84/com.impos2.mixcretailassemblyrn84.MainActivity} origActivity=null realActivity=ComponentInfo{com.impos2.mixcretailassemblyrn84/com.impos2.mixcretailassemblyrn84.MainActivity} numActivities=1 lastActiveTime=270307950 supportsMultiWindow=true resizeMode=1 isResizeable=true minWidth=-1 minHeight=-1 defaultMinSize=220 token=WCT{android.window.IWindowContainerToken$Stub$Proxy@8a6b575} topActivityType=1 pictureInPictureParams=null shouldDockBigOverlays=false launchIntoPipHostTaskId=-1 lastParentTaskIdBeforePip=-1 displayCutoutSafeInsets=null topActivityInfo=ActivityInfo{7c3190a com.impos2.mixcretailassemblyrn84.MainActivity} launchCookies=[] positionInParent=Point(0, 0) parentTaskId=-1 isFocused=false isVisible=false isVisibleRequested=false isSleeping=false locusId=null displayAreaFeatureId=1 isTopActivityTransparent=false appCompatTaskInfo=AppCompatTaskInfo { topActivityInSizeCompat=false topActivityEligibleForLetterboxEducation= falseisLetterboxEducationEnabled= true isLetterboxDoubleTapEnabled= false topActivityEligibleForUserAspectRatioButton= true topActivityBoundsLetterboxed= false isFromLetterboxDoubleTap= false topActivityLetterboxVerticalPosition= -1 topActivityLetterboxHorizontalPosition= -1 topActivityLetterboxWidth=2560 topActivityLetterboxHeight=1600 isUserFullscreenOverrideEnabled=false isSystemFullscreenOverrideEnabled=false cameraCompatTaskInfo=CameraCompatTaskInfo { cameraCompatControlState=hidden freeformCameraCompatMode=inactive}}}, pipTask = null, remoteTransition = null, displayChange = null, flags = 0, debugId = 567 }
04-20 04:02:02.403 D/ShellDesktopMode(  836): DesktopTaskRepo: visibleTaskCount= 0
04-20 04:02:02.403 I/ActivityTaskManager(  590): START u0 {act=android.intent.action.MAIN cat=[android.intent.category.LAUNCHER] flg=0x10200000 cmp=com.impos2.mixcretailassemblyrn84/.MainActivity} with LAUNCH_SINGLE_TASK from uid 0 (BAL_ALLOW_ALLOWLISTED_UID) result code=0
04-20 04:02:02.403 W/SplitSelectStateCtor( 1099): Missing session instanceIds
04-20 04:02:02.403 D/StatsLog( 1099): LAUNCHER_SPLIT_SELECTION_EXIT_INTERRUPTED
04-20 04:02:02.404 I/AppsFilter(  590): interaction: PackageSetting{570bcfe com.impos2.adapter.dev/10230} -> PackageSetting{ed57e45 com.impos2.mixcretailassemblyrn84/10217} BLOCKED
04-20 04:02:02.404 I/AppsFilter(  590): interaction: PackageSetting{297ab0a com.impos2.mixcretailrn84v2/10231} -> PackageSetting{ed57e45 com.impos2.mixcretailassemblyrn84/10217} BLOCKED
04-20 04:02:02.404 I/AppsFilter(  590): interaction: PackageSetting{46d0f7b com.impos2.mixcretailrn84/10234} -> PackageSetting{ed57e45 com.impos2.mixcretailassemblyrn84/10217} BLOCKED
04-20 04:02:02.404 I/AppsFilter(  590): interaction: PackageSetting{1494198 com.impos2.posadapter/10229} -> PackageSetting{ed57e45 com.impos2.mixcretailassemblyrn84/10217} BLOCKED
04-20 04:02:02.405 D/SplashScreenView(  836): Build android.window.SplashScreenView{e8c89b0 V.E...... ......ID 0,0-0,0}
04-20 04:02:02.405 D/SplashScreenView(  836): Icon: view: android.widget.ImageView{1ea7029 V.ED..... ......I. 0,0-0,0 #1020504 android:id/splashscreen_icon_view} drawable: com.android.wm.shell.startingsurface.SplashscreenIconDrawableFactory$ImmobileIconDrawable@7b46fae size: 424
04-20 04:02:02.405 D/SplashScreenView(  836): Branding: view: android.view.View{6ec14f G.ED..... ......I. 0,0-0,0 #1020503 android:id/splashscreen_branding_view} drawable: null size w: 0 h: 0
04-20 04:02:02.405 I/TopTaskTracker( 1099): onTaskMovedToFront: (moved taskInfo to front) taskId=873, baseIntent=Intent { act=android.intent.action.MAIN cat=[android.intent.category.LAUNCHER] flg=0x10200000 cmp=com.impos2.mixcretailassemblyrn84/.MainActivity }
04-20 04:02:02.406 V/GrammaticalInflectionUtils(  590): AttributionSource: AttributionSource { uid = 10217, packageName = null, attributionTag = null, token = android.os.Binder@bdb3573, deviceId = 0, next = null } does not have READ_SYSTEM_GRAMMATICAL_GENDER permission.
04-20 04:02:02.406 W/OptProp (  590): Cannot read opt property android.window.PROPERTY_COMPAT_ALLOW_DISPLAY_ORIENTATION_OVERRIDE
04-20 04:02:02.408 I/AppWidgetServiceImpl(  590): Received broadcast: android.intent.action.PACKAGE_UNSTOPPED on user 0
04-20 04:02:02.408 I/AppWidgetServiceImpl(  590): Updating package stopped masked state for uid 10217 package com.impos2.mixcretailassemblyrn84 isStopped false
04-20 04:02:02.409 I/Monkey  (16306): Events injected: 1
04-20 04:02:02.412 D/CoreBackPreview(  590): Window{2721566 u0 Splash Screen com.impos2.mixcretailassemblyrn84}: Setting back callback OnBackInvokedCallbackInfo{mCallback=android.window.IOnBackInvokedCallback$Stub$Proxy@4eb5eec, mPriority=0, mIsAnimationCallback=false}
04-20 04:02:02.413 D/WindowManagerShell(  836): setLauncherKeepClearAreaHeight: visible=false, height=223
04-20 04:02:02.413 D/Zygote  (  389): Forked child process 16320
04-20 04:02:02.414 I/ActivityManager(  590): Start proc 16320:com.impos2.mixcretailassemblyrn84/u0a217 for next-top-activity {com.impos2.mixcretailassemblyrn84/com.impos2.mixcretailassemblyrn84.MainActivity}
04-20 04:02:02.415 I/Monkey  (16306): ## Network stats: elapsed time=18ms (0ms mobile, 0ms wifi, 18ms not connected)
04-20 04:02:02.416 I/app_process(16306): System.exit called, status: 0
04-20 04:02:02.416 I/AndroidRuntime(16306): VM exiting with result code 0.
04-20 04:02:02.425 I/BpBinder(  439): onLastStrongRef automatically unlinking death recipients: 
04-20 04:02:02.427 I/ailassemblyrn84(16320): Using CollectorTypeCMC GC.
04-20 04:02:02.428 V/WindowManager(  590): Sent Transition (#567) createdAt=04-20 04:02:02.399 via request=TransitionRequestInfo { type = OPEN, triggerTask = TaskInfo{userId=0 taskId=873 displayId=0 isRunning=true baseIntent=Intent { act=android.intent.action.MAIN cat=[android.intent.category.LAUNCHER] flg=0x10200000 cmp=com.impos2.mixcretailassemblyrn84/.MainActivity } baseActivity=ComponentInfo{com.impos2.mixcretailassemblyrn84/com.impos2.mixcretailassemblyrn84.MainActivity} topActivity=ComponentInfo{com.impos2.mixcretailassemblyrn84/com.impos2.mixcretailassemblyrn84.MainActivity} origActivity=null realActivity=ComponentInfo{com.impos2.mixcretailassemblyrn84/com.impos2.mixcretailassemblyrn84.MainActivity} numActivities=1 lastActiveTime=270307950 supportsMultiWindow=true resizeMode=1 isResizeable=true minWidth=-1 minHeight=-1 defaultMinSize=220 token=WCT{RemoteToken{1e8c197 Task{93c428e #873 type=standard A=10217:com.impos2.mixcretailassemblyrn84}}} topActivityType=1 pictureInPictureParams=null shouldDockBigOverlays=false launchIntoPipHostTaskId=-1 lastParentTaskIdBeforePip=-1 displayCutoutSafeInsets=null topActivityInfo=ActivityInfo{ce09f84 com.impos2.mixcretailassemblyrn84.MainActivity} launchCookies=[] positionInParent=Point(0, 0) parentTaskId=-1 isFocused=false isVisible=false isVisibleRequested=false isSleeping=false locusId=null displayAreaFeatureId=1 isTopActivityTransparent=false appCompatTaskInfo=AppCompatTaskInfo { topActivityInSizeCompat=false topActivityEligibleForLetterboxEducation= falseisLetterboxEducationEnabled= true isLetterboxDoubleTapEnabled= false topActivityEligibleForUserAspectRatioButton= true topActivityBoundsLetterboxed= false isFromLetterboxDoubleTap= false topActivityLetterboxVerticalPosition= -1 topActivityLetterboxHorizontalPosition= -1 topActivityLetterboxWidth=2560 topActivityLetterboxHeight=1600 isUserFullscreenOverrideEnabled=false isSystemFullscreenOverrideEnabled=false cameraCompatTaskInfo=CameraCompatTaskInfo { cameraCompatControlState=hidden freeformCameraCompatMode=inactive}}}, pipTask = null, remoteTransition = null, displayChange = null, flags = 0, debugId = 567 }
04-20 04:02:02.428 V/WindowManager(  590):     startWCT=WindowContainerTransaction { changes = {} hops = [] errorCallbackToken=null taskFragmentOrganizer=null }
04-20 04:02:02.429 V/WindowManagerShell(  836): onTransitionReady(transaction=2534030745849)
04-20 04:02:02.429 V/WindowManager(  590):     info={id=567 t=OPEN f=0x0 trk=0 r=[0@Point(0, 0)] c=[
04-20 04:02:02.429 V/WindowManager(  590):         {WCT{RemoteToken{1e8c197 Task{93c428e #873 type=standard A=10217:com.impos2.mixcretailassemblyrn84}}} m=OPEN f=NONE leash=Surface(name=Task=873)/@0x45f94bb sb=Rect(0, 0 - 2560, 1600) eb=Rect(0, 0 - 2560, 1600) d=0 taskParent=-1},
04-20 04:02:02.429 V/WindowManager(  590):         {WCT{RemoteToken{eecd609 Task{403a6f7 #1 type=home}}} m=TO_BACK f=SHOW_WALLPAPER leash=Surface(name=Task=1)/@0x27bc150 sb=Rect(0, 0 - 2560, 1600) eb=Rect(0, 0 - 2560, 1600) d=0 taskParent=-1}
04-20 04:02:02.429 V/WindowManager(  590):     ]}
04-20 04:02:02.429 V/WindowManagerShell(  836): onTransitionReady (#567) android.os.BinderProxy@65ca4ac: {id=567 t=OPEN f=0x0 trk=0 r=[0@Point(0, 0)] c=[{WCT{android.window.IWindowContainerToken$Stub$Proxy@ddb94e3} m=OPEN f=NONE leash=Surface(name=Task=873)/@0xa741f74 sb=Rect(0, 0 - 2560, 1600) eb=Rect(0, 0 - 2560, 1600) d=0 taskParent=-1},{WCT{android.window.IWindowContainerToken$Stub$Proxy@86dbee0} m=TO_BACK f=SHOW_WALLPAPER leash=Surface(name=Task=1)/@0xcbeec9d sb=Rect(0, 0 - 2560, 1600) eb=Rect(0, 0 - 2560, 1600) d=0 taskParent=-1}]}
04-20 04:02:02.431 V/WindowManagerShell(  836): Playing animation for (#567) android.os.BinderProxy@65ca4ac@0
04-20 04:02:02.431 V/WindowManagerShell(  836):  try handler com.android.wm.shell.transition.DefaultMixedHandler@a4b4bb1
04-20 04:02:02.431 V/WindowManagerShell(  836):  try handler com.android.wm.shell.keyguard.KeyguardTransitionHandler@f055896
04-20 04:02:02.431 V/WindowManagerShell(  836):  try handler com.android.wm.shell.pip.PipTransition@489c17
04-20 04:02:02.431 V/WindowManagerShell(  836):  try handler com.android.wm.shell.activityembedding.ActivityEmbeddingController@f43a804
04-20 04:02:02.431 V/WindowManagerShell(  836):  try handler com.android.wm.shell.splitscreen.StageCoordinator@417f1ed
04-20 04:02:02.431 V/WindowManagerShell(  836):  try handler com.android.wm.shell.desktopmode.DesktopTasksController@4366822
04-20 04:02:02.431 V/WindowManagerShell(  836):  try handler com.android.wm.shell.recents.RecentsTransitionHandler@b30e2b3
04-20 04:02:02.431 V/ShellRecents(  836): RecentsTransitionHandler.startAnimation: no controller found
04-20 04:02:02.431 V/WindowManagerShell(  836):  try handler com.android.wm.shell.transition.RemoteTransitionHandler@2554070
04-20 04:02:02.431 V/WindowManagerShell(  836): Transition doesn't have explicit remote, search filters for match for {id=567 t=OPEN f=0x0 trk=0 r=[0@Point(0, 0)] c=[{WCT{android.window.IWindowContainerToken$Stub$Proxy@ddb94e3} m=OPEN f=NONE leash=Surface(name=Task=873)/@0xa741f74 sb=Rect(0, 0 - 2560, 1600) eb=Rect(0, 0 - 2560, 1600) d=0 taskParent=-1},{WCT{android.window.IWindowContainerToken$Stub$Proxy@86dbee0} m=TO_BACK f=SHOW_WALLPAPER leash=Surface(name=Task=1)/@0xcbeec9d sb=Rect(0, 0 - 2560, 1600) eb=Rect(0, 0 - 2560, 1600) d=0 taskParent=-1}]}
04-20 04:02:02.431 V/WindowManagerShell(  836):  Checking filter Pair{{types=[] flags=0x0] notFlags=0x0 checks=[{atype=undefined independent=true modes=[OPEN,TO_FRONT] flags=IN_TASK_WITH_EMBEDDED_ACTIVITY mustBeTask=false order=ANY topActivity=ComponentInfo{com.google.android.apps.nexuslauncher/com.google.android.apps.nexuslauncher.NexusLauncherActivity} launchCookie=null},{atype=undefined independent=true modes=[CLOSE,TO_BACK] flags=IN_TASK_WITH_EMBEDDED_ACTIVITY mustBeTask=false order=ANY topActivity=null launchCookie=null}]} RemoteTransition { remoteTransition = android.window.IRemoteTransition$Stub$Proxy@e8ebfe9, appThread = android.app.IApplicationThread$Stub$Proxy@876e46e, debugName = OverlaySwipeBack }}
04-20 04:02:02.431 V/WindowManagerShell(  836):  Checking filter Pair{{types=[] flags=0x0] notFlags=0x0 checks=[{atype=dream independent=true modes=[OPEN,TO_FRONT] flags=NONE mustBeTask=false order=ANY topActivity=null launchCookie=null},{atype=home independent=true modes=[CLOSE,TO_BACK] flags=NONE mustBeTask=false order=ANY topActivity=null launchCookie=null}]} RemoteTransition { remoteTransition = android.window.IRemoteTransition$Stub$Proxy@f4cf70f, appThread = android.app.IApplicationThread$Stub$Proxy@ba5f39c, debugName = LauncherToDream }}
04-20 04:02:02.432 E/ailassemblyrn84(16320): Not starting debugger since process cannot load the jdwp agent.
04-20 04:02:02.433 V/WindowManagerShell(  836):  Checking filter Pair{{types=[] flags=0x0] notFlags=0x100 checks=[{atype=home independent=true modes=[OPEN,TO_FRONT] flags=NONE mustBeTask=false order=TOP topActivity=ComponentInfo{com.google.android.apps.nexuslauncher/com.google.android.apps.nexuslauncher.NexusLauncherActivity} launchCookie=null},{atype=standard independent=true modes=[CLOSE,TO_BACK] flags=NONE mustBeTask=false order=ANY topActivity=null launchCookie=null}]} RemoteTransition { remoteTransition = android.window.IRemoteTransition$Stub$Proxy@c8a71a5, appThread = android.app.IApplicationThread$Stub$Proxy@30d97a, debugName = QuickstepLaunchHome }}
04-20 04:02:02.433 V/WindowManagerShell(  836):  Delegate animation for (#567) to null
04-20 04:02:02.433 V/WindowManagerShell(  836):  try handler com.android.wm.shell.transition.DefaultTransitionHandler@56bf52b
04-20 04:02:02.433 V/WindowManagerShell(  836): start default transition animation, info = {id=567 t=OPEN f=0x0 trk=0 r=[0@Point(0, 0)] c=[{WCT{android.window.IWindowContainerToken$Stub$Proxy@ddb94e3} m=OPEN f=NONE leash=Surface(name=Task=873)/@0xa741f74 sb=Rect(0, 0 - 2560, 1600) eb=Rect(0, 0 - 2560, 1600) d=0 taskParent=-1},{WCT{android.window.IWindowContainerToken$Stub$Proxy@86dbee0} m=TO_BACK f=SHOW_WALLPAPER leash=Surface(name=Task=1)/@0xcbeec9d sb=Rect(0, 0 - 2560, 1600) eb=Rect(0, 0 - 2560, 1600) d=0 taskParent=-1}]}
04-20 04:02:02.433 V/WindowManagerShell(  836): loadAnimation: anim=android.view.animation.AnimationSet@1184da4 animAttr=0x13 type=OPEN isEntrance=false
04-20 04:02:02.433 V/WindowManagerShell(  836): loadAnimation: anim=android.view.animation.AnimationSet@f4b7cd3 animAttr=0x12 type=OPEN isEntrance=true
04-20 04:02:02.434 D/nativeloader(16320): Load libframework-connectivity-tiramisu-jni.so using APEX ns com_android_tethering for caller /apex/com.android.tethering/javalib/framework-connectivity-t.jar: ok
04-20 04:02:02.434 V/WindowManagerShell(  836):  animated by com.android.wm.shell.transition.DefaultTransitionHandler@56bf52b
04-20 04:02:02.434 W/UserManagerService(  590): Requested status bar icon for non-badged user 0
04-20 04:02:02.440 D/nativeloader(16320): Configuring clns-7 for other apk /data/app/~~HDPKWj5qt_BjsLCurXk99w==/com.impos2.mixcretailassemblyrn84-WmM1KjwuqVvqcO3Bm3kxog==/base.apk. target_sdk_version=36, uses_libraries=, library_path=/data/app/~~HDPKWj5qt_BjsLCurXk99w==/com.impos2.mixcretailassemblyrn84-WmM1KjwuqVvqcO3Bm3kxog==/lib/arm64:/data/app/~~HDPKWj5qt_BjsLCurXk99w==/com.impos2.mixcretailassemblyrn84-WmM1KjwuqVvqcO3Bm3kxog==/base.apk!/lib/arm64-v8a, permitted_path=/data:/mnt/expand:/data/user/0/com.impos2.mixcretailassemblyrn84
04-20 04:02:02.445 V/GraphicsEnvironment(16320): Currently set values for:
04-20 04:02:02.445 V/GraphicsEnvironment(16320):   angle_gl_driver_selection_pkgs=[]
04-20 04:02:02.445 V/GraphicsEnvironment(16320):   angle_gl_driver_selection_values=[]
04-20 04:02:02.445 V/GraphicsEnvironment(16320): Global.Settings values are invalid: number of packages: 0, number of values: 0
04-20 04:02:02.445 V/GraphicsEnvironment(16320): Neither updatable production driver nor prerelease driver is supported.
04-20 04:02:02.447 D/EGL_emulation(  836): app_time_stats: avg=2402.38ms min=2402.38ms max=2402.38ms count=1
04-20 04:02:02.451 W/SoLoader(16320): Initializing SoLoader: 0
04-20 04:02:02.451 W/SoLoader(16320): Recording new base apk path: /data/app/~~HDPKWj5qt_BjsLCurXk99w==/com.impos2.mixcretailassemblyrn84-WmM1KjwuqVvqcO3Bm3kxog==/base.apk
04-20 04:02:02.451 W/SoLoader(16320): Previously recorded 0 base apk paths.
04-20 04:02:02.452 I/SoLoader(16320): Preparing SO source: DirectorySoSource[root = /vendor/lib64 flags = 2]
04-20 04:02:02.452 I/SoLoader(16320): Preparing SO source: DirectorySoSource[root = /system/lib64 flags = 2]
04-20 04:02:02.452 I/SoLoader(16320): Preparing SO source: DirectApkSoSource[root = [/data/app/~~HDPKWj5qt_BjsLCurXk99w==/com.impos2.mixcretailassemblyrn84-WmM1KjwuqVvqcO3Bm3kxog==/base.apk!/lib/arm64-v8a]]
04-20 04:02:02.453 I/SoLoader(16320): Preparing SO source: ApplicationSoSource[DirectorySoSource[root = /data/app/~~HDPKWj5qt_BjsLCurXk99w==/com.impos2.mixcretailassemblyrn84-WmM1KjwuqVvqcO3Bm3kxog==/lib/arm64 flags = 0]]
04-20 04:02:02.453 I/SoLoader(16320): init finish: 4 SO sources prepared
04-20 04:02:02.453 W/SoLoader(16320): SoLoader initialized: 8
04-20 04:02:02.455 D/nativeloader(16320): Load /data/app/~~HDPKWj5qt_BjsLCurXk99w==/com.impos2.mixcretailassemblyrn84-WmM1KjwuqVvqcO3Bm3kxog==/base.apk!/lib/arm64-v8a/libc++_shared.so using ns clns-7 from class loader (caller=/data/app/~~HDPKWj5qt_BjsLCurXk99w==/com.impos2.mixcretailassemblyrn84-WmM1KjwuqVvqcO3Bm3kxog==/base.apk): ok
04-20 04:02:02.456 D/nativeloader(16320): Load /data/app/~~HDPKWj5qt_BjsLCurXk99w==/com.impos2.mixcretailassemblyrn84-WmM1KjwuqVvqcO3Bm3kxog==/base.apk!/lib/arm64-v8a/libjsi.so using ns clns-7 from class loader (caller=/data/app/~~HDPKWj5qt_BjsLCurXk99w==/com.impos2.mixcretailassemblyrn84-WmM1KjwuqVvqcO3Bm3kxog==/base.apk): ok
04-20 04:02:02.457 D/nativeloader(16320): Load /data/app/~~HDPKWj5qt_BjsLCurXk99w==/com.impos2.mixcretailassemblyrn84-WmM1KjwuqVvqcO3Bm3kxog==/base.apk!/lib/arm64-v8a/libfbjni.so using ns clns-7 from class loader (caller=/data/app/~~HDPKWj5qt_BjsLCurXk99w==/com.impos2.mixcretailassemblyrn84-WmM1KjwuqVvqcO3Bm3kxog==/base.apk): ok
04-20 04:02:02.460 D/nativeloader(16320): Load /data/app/~~HDPKWj5qt_BjsLCurXk99w==/com.impos2.mixcretailassemblyrn84-WmM1KjwuqVvqcO3Bm3kxog==/base.apk!/lib/arm64-v8a/libreactnative.so using ns clns-7 from class loader (caller=/data/app/~~HDPKWj5qt_BjsLCurXk99w==/com.impos2.mixcretailassemblyrn84-WmM1KjwuqVvqcO3Bm3kxog==/base.apk): ok
04-20 04:02:02.460 D/jni_lib_merge(16320): Entering merged library JNI_OnLoad.
04-20 04:02:02.460 D/jni_lib_merge(16320): Preparing 12 pre-merged libs (including stub)
04-20 04:02:02.460 D/jni_lib_merge(16320): Preparing to register libfabricjni_so.  onload_func: 0x73aaff6a50
04-20 04:02:02.460 D/jni_lib_merge(16320): Preparing to register libreact_devsupportjni_so.  onload_func: 0x73ab0ba36c
04-20 04:02:02.460 D/jni_lib_merge(16320): Preparing to register libreact_featureflagsjni_so.  onload_func: 0x73ab0d4ba8
04-20 04:02:02.460 D/jni_lib_merge(16320): Preparing to register libreact_newarchdefaults_so.  onload_func: 0x73ab112d74
04-20 04:02:02.460 D/jni_lib_merge(16320): Preparing to register libreactnativeblob_so.  onload_func: 0x73ab1b3a4c
04-20 04:02:02.460 D/jni_lib_merge(16320): Preparing to register libreactnativejni_so.  onload_func: 0x73ab1c89e4
04-20 04:02:02.460 D/jni_lib_merge(16320): Preparing to register libreactnativejni_common_so.  onload_func: 0x73ab1cbbe0
04-20 04:02:02.460 D/jni_lib_merge(16320): Preparing to register librninstance_so.  onload_func: 0x73ab1e8778
04-20 04:02:02.460 D/jni_lib_merge(16320): Preparing to register libturbomodulejsijni_so.  onload_func: 0x73ab2920e0
04-20 04:02:02.460 D/jni_lib_merge(16320): Preparing to register libuimanagerjni_so.  onload_func: 0x73ab298b00
04-20 04:02:02.460 D/jni_lib_merge(16320): Preparing to register libyoga_so.  onload_func: 0x73ab2a00c4
04-20 04:02:02.460 D/jni_lib_merge(16320): About to register 11 actual methods.
04-20 04:02:02.465 D/nativeloader(16320): Load /data/app/~~HDPKWj5qt_BjsLCurXk99w==/com.impos2.mixcretailassemblyrn84-WmM1KjwuqVvqcO3Bm3kxog==/base.apk!/lib/arm64-v8a/libreact_codegen_rnsvg.so using ns clns-7 from class loader (caller=/data/app/~~HDPKWj5qt_BjsLCurXk99w==/com.impos2.mixcretailassemblyrn84-WmM1KjwuqVvqcO3Bm3kxog==/base.apk): ok
04-20 04:02:02.466 D/jni_lib_merge(16320): Entering merged library JNI_OnLoad.
04-20 04:02:02.466 D/jni_lib_merge(16320): Preparing 12 pre-merged libs (including stub)
04-20 04:02:02.466 D/jni_lib_merge(16320): Preparing to register libfabricjni_so.  onload_func: 0x73aaff6a50
04-20 04:02:02.466 D/jni_lib_merge(16320): Preparing to register libreact_devsupportjni_so.  onload_func: 0x73ab0ba36c
04-20 04:02:02.466 D/jni_lib_merge(16320): Preparing to register libreact_featureflagsjni_so.  onload_func: 0x73ab0d4ba8
04-20 04:02:02.466 D/jni_lib_merge(16320): Preparing to register libreact_newarchdefaults_so.  onload_func: 0x73ab112d74
04-20 04:02:02.466 D/jni_lib_merge(16320): Preparing to register libreactnativeblob_so.  onload_func: 0x73ab1b3a4c
04-20 04:02:02.466 D/jni_lib_merge(16320): Preparing to register libreactnativejni_so.  onload_func: 0x73ab1c89e4
04-20 04:02:02.466 D/jni_lib_merge(16320): Preparing to register libreactnativejni_common_so.  onload_func: 0x73ab1cbbe0
04-20 04:02:02.466 D/jni_lib_merge(16320): Preparing to register librninstance_so.  onload_func: 0x73ab1e8778
04-20 04:02:02.466 D/jni_lib_merge(16320): Preparing to register libturbomodulejsijni_so.  onload_func: 0x73ab2920e0
04-20 04:02:02.466 D/jni_lib_merge(16320): Preparing to register libuimanagerjni_so.  onload_func: 0x73ab298b00
04-20 04:02:02.466 D/jni_lib_merge(16320): Preparing to register libyoga_so.  onload_func: 0x73ab2a00c4
04-20 04:02:02.466 D/jni_lib_merge(16320): About to register 11 actual methods.
04-20 04:02:02.467 D/nativeloader(16320): Load /data/app/~~HDPKWj5qt_BjsLCurXk99w==/com.impos2.mixcretailassemblyrn84-WmM1KjwuqVvqcO3Bm3kxog==/base.apk!/lib/arm64-v8a/libappmodules.so using ns clns-7 from class loader (caller=/data/app/~~HDPKWj5qt_BjsLCurXk99w==/com.impos2.mixcretailassemblyrn84-WmM1KjwuqVvqcO3Bm3kxog==/base.apk): ok
04-20 04:02:02.468 W/OptProp (  590): Cannot read opt property android.window.PROPERTY_COMPAT_ENABLE_FAKE_FOCUS
04-20 04:02:02.468 W/InputDispatcher(  590): Focused display #0 does not have a focused window.
04-20 04:02:02.469 V/WindowManager(  590): Unknown focus tokens, dropping reportFocusChanged
04-20 04:02:02.472 D/AppCompatDelegate(16320): Checking for metadata for AppLocalesMetadataHolderService : Service not found
04-20 04:02:02.482 I/StartupAudit(16320): activity_created activity=MainActivity displayIndex=0 pid=16320 time=2026-04-20 04:02:02.481
04-20 04:02:02.487 D/FileUtils(  590): Rounded bytes from 3120193536 to 4000000000
04-20 04:02:02.489 D/nativeloader(16320): Load /data/app/~~HDPKWj5qt_BjsLCurXk99w==/com.impos2.mixcretailassemblyrn84-WmM1KjwuqVvqcO3Bm3kxog==/base.apk!/lib/arm64-v8a/libhermesvm.so using ns clns-7 from class loader (caller=/data/app/~~HDPKWj5qt_BjsLCurXk99w==/com.impos2.mixcretailassemblyrn84-WmM1KjwuqVvqcO3Bm3kxog==/base.apk): ok
04-20 04:02:02.489 D/nativeloader(16320): Load /data/app/~~HDPKWj5qt_BjsLCurXk99w==/com.impos2.mixcretailassemblyrn84-WmM1KjwuqVvqcO3Bm3kxog==/base.apk!/lib/arm64-v8a/libhermestooling.so using ns clns-7 from class loader (caller=/data/app/~~HDPKWj5qt_BjsLCurXk99w==/com.impos2.mixcretailassemblyrn84-WmM1KjwuqVvqcO3Bm3kxog==/base.apk): ok
04-20 04:02:02.489 D/jni_lib_merge(16320): Entering merged library JNI_OnLoad.
04-20 04:02:02.489 D/jni_lib_merge(16320): Preparing 4 pre-merged libs (including stub)
04-20 04:02:02.489 D/jni_lib_merge(16320): Preparing to register libhermes_executor_so.  onload_func: 0x73ab3e4728
04-20 04:02:02.489 D/jni_lib_merge(16320): Preparing to register libhermesinstancejni_so.  onload_func: 0x73ab3ebd44
04-20 04:02:02.489 D/jni_lib_merge(16320): Preparing to register libjsijniprofiler_so.  onload_func: 0x73ab3ec530
04-20 04:02:02.489 D/jni_lib_merge(16320): About to register 3 actual methods.
04-20 04:02:02.502 W/unknown:BridgelessReact(16320): ReactHost{0}.startSurface(surfaceId = 0): Schedule
04-20 04:02:02.502 W/unknown:BridgelessReact(16320): ReactHost{0}.attachSurface(surfaceId = 0)
04-20 04:02:02.502 W/unknown:BridgelessReact(16320): ReactHost{0}.getOrCreateReactInstanceTask()
04-20 04:02:02.502 W/unknown:BridgelessReact(16320): ReactHost{0}.getOrCreateReactInstanceTask(): Start
04-20 04:02:02.502 W/unknown:BridgelessReact(16320): ReactHost{0}.getJSBundleLoader()
04-20 04:02:02.502 W/unknown:BridgelessReact(16320): ReactHost{0}.getOrCreateReactInstanceTask(): Creating BridgelessReactContext
04-20 04:02:02.503 W/unknown:BridgelessReact(16320): ReactHost{0}.getOrCreateReactInstanceTask(): Creating ReactInstance
04-20 04:02:02.510 W/unknown:BridgelessReact(16320): ReactHost{0}.onHostResume(activity)
04-20 04:02:02.510 W/unknown:BridgelessReact(16320): ReactHost{0}.ReactContext.onHostResume()
04-20 04:02:02.513 W/HWUI    (16320): Unknown dataspace 0
04-20 04:02:02.516 W/ActivityTaskManager(  590): takeTaskSnapshot: taskId=862 not found or not visible
04-20 04:02:02.521 W/unknown:BridgelessReact(16320): ReactHost{0}.getOrCreateReactInstanceTask(): Loading JS Bundle
04-20 04:02:02.521 W/unknown:BridgelessReact(16320): ReactHost{0}.getOrCreateReactInstanceTask(): DevSupportManager.onNewReactContextCreated()
04-20 04:02:02.523 W/unknown:BridgelessReact(16320): ReactHost{0}.startSurface(surfaceId = 0): Execute
04-20 04:02:02.524 W/HWUI    (  590): Failed to choose config with EGL_SWAP_BEHAVIOR_PRESERVED, retrying without...
04-20 04:02:02.525 W/HWUI    (  590): Failed to initialize 101010-2 format, error = EGL_SUCCESS
04-20 04:02:02.527 I/ReactNativeJS(16320): Running "MixcRetailAssemblyRN84"
04-20 04:02:02.529 W/unknown:ViewManagerPropertyUpdater(16320): Could not find generated setter for class com.horcrux.svg.RenderableViewManager$DefsViewManager
04-20 04:02:02.530 W/unknown:ViewManagerPropertyUpdater(16320): Could not find generated setter for class com.horcrux.svg.VirtualViewManager$c
04-20 04:02:02.530 D/CoreBackPreview(  590): Window{a17e8aa u0 com.impos2.mixcretailassemblyrn84/com.impos2.mixcretailassemblyrn84.MainActivity}: Setting back callback OnBackInvokedCallbackInfo{mCallback=android.window.IOnBackInvokedCallback$Stub$Proxy@3ca8011, mPriority=0, mIsAnimationCallback=false}
04-20 04:02:02.530 W/unknown:ViewManagerPropertyUpdater(16320): Could not find generated setter for class com.horcrux.svg.RenderableViewManager$FeMergeManager
04-20 04:02:02.532 W/unknown:ViewManagerPropertyUpdater(16320): Could not find generated setter for class com.facebook.react.views.safeareaview.ReactSafeAreaViewManager
04-20 04:02:02.532 W/unknown:ViewManagerPropertyUpdater(16320): Could not find generated setter for class com.facebook.react.uimanager.V
04-20 04:02:02.532 W/unknown:ViewManagerPropertyUpdater(16320): Could not find generated setter for class com.horcrux.svg.RenderableViewManager$LinearGradientManager
04-20 04:02:02.533 W/unknown:ViewManagerPropertyUpdater(16320): Could not find generated setter for class com.horcrux.svg.RenderableViewManager$FeGaussianBlurManager
04-20 04:02:02.533 W/unknown:ViewManagerPropertyUpdater(16320): Could not find generated setter for class com.facebook.react.views.progressbar.ReactProgressBarViewManager
04-20 04:02:02.534 W/unknown:ViewManagerPropertyUpdater(16320): Could not find generated setter for class com.facebook.react.views.progressbar.b
04-20 04:02:02.534 W/unknown:ViewManagerPropertyUpdater(16320): Could not find generated setter for class com.facebook.react.views.scroll.ReactHorizontalScrollViewManager
04-20 04:02:02.535 I/EGL_emulation(16320): Opening libGLESv1_CM_emulation.so
04-20 04:02:02.535 W/unknown:ViewManagerPropertyUpdater(16320): Could not find generated setter for class com.facebook.react.views.text.ReactTextViewManager
04-20 04:02:02.535 W/unknown:ViewManagerPropertyUpdater(16320): Could not find generated setter for class com.facebook.react.views.text.j
04-20 04:02:02.536 I/EGL_emulation(16320): Opening libGLESv2_emulation.so
04-20 04:02:02.537 W/unknown:ViewManagerPropertyUpdater(16320): Could not find generated setter for class com.horcrux.svg.RenderableViewManager$FeColorMatrixManager
04-20 04:02:02.537 W/unknown:ViewManagerPropertyUpdater(16320): Could not find generated setter for class com.facebook.react.views.scroll.ReactHorizontalScrollContainerViewManager
04-20 04:02:02.537 W/unknown:ViewManagerPropertyUpdater(16320): Could not find generated setter for class com.horcrux.svg.RenderableViewManager$ClipPathViewManager
04-20 04:02:02.538 W/unknown:ViewManagerPropertyUpdater(16320): Could not find generated setter for class com.horcrux.svg.RenderableViewManager$SymbolManager
04-20 04:02:02.538 W/unknown:ViewManagerPropertyUpdater(16320): Could not find generated setter for class com.horcrux.svg.RenderableViewManager$PatternManager
04-20 04:02:02.539 W/unknown:ViewManagerPropertyUpdater(16320): Could not find generated setter for class com.horcrux.svg.RenderableViewManager$FeBlendManager
04-20 04:02:02.539 W/unknown:ViewManagerPropertyUpdater(16320): Could not find generated setter for class com.facebook.react.views.view.ReactViewManager
04-20 04:02:02.539 W/unknown:ViewManagerPropertyUpdater(16320): Could not find generated setter for class com.horcrux.svg.SvgViewManager
04-20 04:02:02.540 W/unknown:ViewManagerPropertyUpdater(16320): Could not find generated setter for class com.facebook.react.views.switchview.ReactSwitchManager
04-20 04:02:02.540 W/HWUI    (16320): Failed to choose config with EGL_SWAP_BEHAVIOR_PRESERVED, retrying without...
04-20 04:02:02.540 W/unknown:ViewManagerPropertyUpdater(16320): Could not find generated setter for class com.facebook.react.views.switchview.d
04-20 04:02:02.540 W/HWUI    (16320): Failed to initialize 101010-2 format, error = EGL_SUCCESS
04-20 04:02:02.541 W/unknown:ViewManagerPropertyUpdater(16320): Could not find generated setter for class com.horcrux.svg.RenderableViewManager$UseViewManager
04-20 04:02:02.542 W/unknown:ViewManagerPropertyUpdater(16320): Could not find generated setter for class com.horcrux.svg.RenderableViewManager$CircleViewManager
04-20 04:02:02.543 W/unknown:ViewManagerPropertyUpdater(16320): Could not find generated setter for class com.horcrux.svg.RenderableViewManager$TSpanViewManager
04-20 04:02:02.544 W/unknown:ViewManagerPropertyUpdater(16320): Could not find generated setter for class com.horcrux.svg.RenderableViewManager$FilterManager
04-20 04:02:02.545 W/unknown:ViewManagerPropertyUpdater(16320): Could not find generated setter for class com.horcrux.svg.RenderableViewManager$MarkerManager
04-20 04:02:02.545 W/unknown:ViewManagerPropertyUpdater(16320): Could not find generated setter for class com.facebook.react.views.modal.ReactModalHostManager
04-20 04:02:02.546 W/unknown:ViewManagerPropertyUpdater(16320): Could not find generated setter for class com.horcrux.svg.RenderableViewManager$ForeignObjectManager
04-20 04:02:02.546 W/unknown:ViewManagerPropertyUpdater(16320): Could not find generated setter for class com.horcrux.svg.RenderableViewManager$EllipseViewManager
04-20 04:02:02.546 W/unknown:ViewManagerPropertyUpdater(16320): Could not find generated setter for class com.horcrux.svg.RenderableViewManager$LineViewManager
04-20 04:02:02.547 W/unknown:ViewManagerPropertyUpdater(16320): Could not find generated setter for class com.facebook.react.views.text.frescosupport.FrescoBasedReactTextInlineImageViewManager
04-20 04:02:02.547 W/unknown:ViewManagerPropertyUpdater(16320): Could not find generated setter for class com.facebook.react.views.text.frescosupport.a
04-20 04:02:02.547 W/unknown:ViewManagerPropertyUpdater(16320): Could not find generated setter for class com.horcrux.svg.RenderableViewManager$FeFloodManager
04-20 04:02:02.548 W/unknown:ViewManagerPropertyUpdater(16320): Could not find generated setter for class com.horcrux.svg.RenderableViewManager$GroupViewManager
04-20 04:02:02.549 W/unknown:ViewManagerPropertyUpdater(16320): Could not find generated setter for class com.horcrux.svg.RenderableViewManager$TextViewManager
04-20 04:02:02.550 W/unknown:ViewManagerPropertyUpdater(16320): Could not find generated setter for class com.horcrux.svg.RenderableViewManager$ImageViewManager
04-20 04:02:02.550 W/unknown:ViewManagerPropertyUpdater(16320): Could not find generated setter for class com.horcrux.svg.RenderableViewManager$FeCompositeManager
04-20 04:02:02.551 W/unknown:ViewManagerPropertyUpdater(16320): Could not find generated setter for class com.facebook.react.views.image.ReactImageManager
04-20 04:02:02.551 W/unknown:ViewManagerPropertyUpdater(16320): Could not find generated setter for class com.horcrux.svg.RenderableViewManager$RadialGradientManager
04-20 04:02:02.552 W/unknown:ViewManagerPropertyUpdater(16320): Could not find generated setter for class com.horcrux.svg.RenderableViewManager$MaskManager
04-20 04:02:02.552 W/unknown:ViewManagerPropertyUpdater(16320): Could not find generated setter for class com.facebook.react.views.unimplementedview.ReactUnimplementedViewManager
04-20 04:02:02.553 W/unknown:ViewManagerPropertyUpdater(16320): Could not find generated setter for class com.horcrux.svg.RenderableViewManager$RectViewManager
04-20 04:02:02.553 W/unknown:ViewManagerPropertyUpdater(16320): Could not find generated setter for class com.horcrux.svg.RenderableViewManager$TextPathViewManager
04-20 04:02:02.554 W/unknown:ViewManagerPropertyUpdater(16320): Could not find generated setter for class com.facebook.react.views.scroll.ReactScrollViewManager
04-20 04:02:02.554 W/unknown:ViewManagerPropertyUpdater(16320): Could not find generated setter for class com.horcrux.svg.RenderableViewManager$FeOffsetManager
04-20 04:02:02.555 W/unknown:ViewManagerPropertyUpdater(16320): Could not find generated setter for class com.horcrux.svg.RenderableViewManager$PathViewManager
04-20 04:02:02.555 W/unknown:ViewManagerPropertyUpdater(16320): Could not find generated setter for class com.facebook.react.views.drawer.ReactDrawerLayoutManager
04-20 04:02:02.556 W/unknown:ViewManagerPropertyUpdater(16320): Could not find generated setter for class com.facebook.react.views.swiperefresh.SwipeRefreshLayoutManager
04-20 04:02:02.557 W/unknown:ViewManagerPropertyUpdater(16320): Could not find generated setter for class com.facebook.react.views.textinput.ReactTextInputManager
04-20 04:02:02.557 W/unknown:ViewManagerPropertyUpdater(16320): Could not find generated setter for class com.facebook.react.views.textinput.F
04-20 04:02:02.560 I/hwservicemanager(  162): getTransport: Cannot find entry android.hardware.graphics.mapper@4.0::IMapper/default in either framework or device VINTF manifest.
04-20 04:02:02.562 I/servicemanager(  157): Caller(pid=16320,uid=10217,sid=u:r:untrusted_app:s0:c217,c256,c512,c768) Could not find android.hardware.graphics.allocator.IAllocator/default in the VINTF manifest. No alternative instances declared in VINTF.
04-20 04:02:02.561 I/Gralloc4(16320): mapper 4.x is not supported
04-20 04:02:02.562 I/ConnectorManager(16320): connector initialized
04-20 04:02:02.568 I/assembly.android.mixc-retail-rn84.boot(16320): {"stage":"resolve-topology:start","displayIndex":0,"displayCount":2,"topologyRole":"master","topologyWsUrl":"ws://127.0.0.1:8888/mockMasterServer/ws"}
04-20 04:02:02.568 I/ActivityManager(  590): Background started FGS: Allowed [callingPackage: com.impos2.mixcretailassemblyrn84; callingUid: 10217; uidState: TOP ; uidBFSL: [BFSL]; intent: Intent { cmp=com.impos2.mixcretailassemblyrn84/com.impos2.adapterv2.topologyhostv3.TopologyHostV3Service }; code:PROC_STATE_TOP; tempAllowListReason:<null>; targetSdkVersion:36; callerTargetSdkVersion:36; startForegroundCount:0; bindFromPackage:null: isBindService:false]
04-20 04:02:02.578 W/unknown:BridgelessReact(16320): ReactHost{0}.ReactContext.onHostResume()
04-20 04:02:02.578 W/unknown:BridgelessReact(16320): ReactHost{0}.getOrCreateReactInstanceTask(): Executing ReactInstanceEventListeners
04-20 04:02:02.579 W/unknown:ViewManagerPropertyUpdater(16320): Could not find generated setter for class com.facebook.react.uimanager.RootViewManager
04-20 04:02:02.584 I/ActivityTaskManager(  590): Displayed com.impos2.mixcretailassemblyrn84/.MainActivity for user 0: +186ms
04-20 04:02:02.588 I/ActivityManager(  590): Background started FGS: Allowed [callingPackage: com.impos2.mixcretailassemblyrn84; callingUid: 10217; uidState: TOP ; uidBFSL: [BFSL]; intent: Intent { cmp=com.impos2.mixcretailassemblyrn84/com.impos2.adapterv2.topologyhostv3.TopologyHostV3Service }; code:PROC_STATE_TOP; tempAllowListReason:<null>; targetSdkVersion:36; callerTargetSdkVersion:36; startForegroundCount:0; bindFromPackage:null: isBindService:false]
04-20 04:02:02.588 W/ForegroundServiceTypeLoggerModule(  590): Foreground service start for UID: 10217 does not have any types
04-20 04:02:02.595 D/FileUtils(  590): Rounded bytes from 3120193536 to 4000000000
04-20 04:02:02.596 D/TrafficStats(16320): tagSocket(116) with statsTag=0xffffffff, statsUid=-1
04-20 04:02:02.599 I/assembly.android.mixc-retail-rn84.boot(16320): {"stage":"resolve-topology:done","displayIndex":0,"displayCount":2,"topologyRole":"master","topologyWsUrl":"ws://127.0.0.1:8888/mockMasterServer/ws","resolvedRole":"master","resolvedWsUrl":"ws://127.0.0.1:8888/mockMasterServer/ws"}
04-20 04:02:02.599 I/assembly.android.mixc-retail-rn84.boot(16320): {"stage":"create-app:start","displayIndex":0,"displayCount":2,"topologyRole":"master","topologyWsUrl":"ws://127.0.0.1:8888/mockMasterServer/ws"}
04-20 04:02:02.601 I/BpBinder(  439): onLastStrongRef automatically unlinking death recipients: 
04-20 04:02:02.604 I/assembly.kernel.base.runtime-shell-v2.state-runtime(16320): [runtime.load] load kernel.base.runtime-shell-v2 {"slices":["kernel.base.runtime-shell-v2.error-catalog","kernel.base.runtime-shell-v2.parameter-catalog","kernel.base.topology-runtime-v3.config","kernel.base.topology-runtime-v3.context","kernel.base.topology-runtime-v3.connection","kernel.base.topology-runtime-v3.peer","kernel.base.topology-runtime-v3.sync","kernel.base.topology-runtime-v3.request-mirror","kernel.base.topology-runtime-v3.demo.master","kernel.base.topology-runtime-v3.demo.slave","kernel.base.tcp-control-runtime-v2.identity","kernel.base.tcp-control-runtime-v2.credential","kernel.base.tcp-control-runtime-v2.binding","kernel.base.tcp-control-runtime-v2.sandbox","kernel.base.tcp-control-runtime-v2.runtime","kernel.base.tdp-sync-runtime-v2.session","kernel.base.tdp-sync-runtime-v2.sync","kernel.base.tdp-sync-runtime-v2.projection","kernel.base.tdp-sync-runtime-v2.command-inbox","kernel.base.tdp-sync-runtime-v2.control-signals","kernel.base.tdp-sync-runtime-v2.hot-update","kernel.base.ui-runtime-v2.screen.main","kernel.base.ui-runtime-v2.screen.branch","kernel.base.ui-runtime-v2.overlay.main","kernel.base.ui-runtime-v2.overlay.branch","kernel.base.ui-runtime-v2.ui-variable.main","kernel.base.ui-runtime-v2.ui-variable.branch","ui.base.admin-console.console"],"persistableSlices":["kernel.base.runtime-shell-v2.error-catalog","kernel.base.runtime-shell-v2.parameter-catalog","kernel.base.topology-runtime-v3.config","kernel.base.tcp-control-runtime-v2.identity","kernel.base.tcp-control-runtime-v2.credential","kernel.base.tcp-control-runtime-v2.binding","kernel.base.tcp-control-runtime-v2.sandbox","kernel.base.tdp-sync-runtime-v2.sync","kernel.base.tdp-sync-runtime-v2.projection","kernel.base.tdp-sync-runtime-v2.hot-update","kernel.base.ui-runtime-v2.screen.main","kernel.base.ui-runtime-v2.screen.branch","kernel.base.ui-runtime-v2.overlay.main","kernel.base.ui-runtime-v2.overlay.branch","kernel.base.ui-runtime-v2.ui-variable.main","kernel.base.ui-runtime-v2.ui-variable.branch","ui.base.admin-console.console"],"persistenceEnabled":true}
04-20 04:02:02.604 I/assembly.android.mixc-retail-rn84.boot(16320): {"stage":"create-app:done","displayIndex":0,"displayCount":2,"topologyRole":"master","topologyWsUrl":"ws://127.0.0.1:8888/mockMasterServer/ws"}
04-20 04:02:02.605 I/assembly.android.mixc-retail-rn84.boot(16320): {"stage":"runtime.start:start","displayIndex":0,"displayCount":2,"topologyRole":"master","topologyWsUrl":"ws://127.0.0.1:8888/mockMasterServer/ws"}
04-20 04:02:02.605 I/assembly.kernel.base.runtime-shell-v2.application.KernelRuntimeAppV2(16320): [runtime.load] created kernel runtime app v2 {"runtimeName":"assembly.android.mixc-retail-rn84","runtimeId":"run_mo66zm5n_5fh4r0gnbycwprz5","localNodeId":"master:J9RZPWR3HK","moduleNames":["assembly.android.mixc-retail-rn84","kernel.base.topology-runtime-v3","kernel.base.tcp-control-runtime-v2","kernel.base.tdp-sync-runtime-v2","kernel.base.ui-runtime-v2","ui.base.runtime-react","ui.base.input-runtime","ui.base.admin-console","ui.base.terminal-console","ui.integration.retail-shell"]}
04-20 04:02:02.605 I/assembly.kernel.base.runtime-shell-v2.application.KernelRuntimeAppV2(16320): [runtime.load] start kernel runtime app v2 pre-setup {"runtimeName":"assembly.android.mixc-retail-rn84","moduleNames":["assembly.android.mixc-retail-rn84","kernel.base.topology-runtime-v3","kernel.base.tcp-control-runtime-v2","kernel.base.tdp-sync-runtime-v2","kernel.base.ui-runtime-v2","ui.base.runtime-react","ui.base.input-runtime","ui.base.admin-console","ui.base.terminal-console","ui.integration.retail-shell"]}
04-20 04:02:02.605 I/assembly.assembly.android.mixc-retail-rn84(16320): [runtime.load] pre-setup assembly.android.mixc-retail-rn84 {"moduleName":"assembly.android.mixc-retail-rn84","runtimeNodeId":"master:J9RZPWR3HK","knownModules":["assembly.android.mixc-retail-rn84","kernel.base.topology-runtime-v3","kernel.base.tcp-control-runtime-v2","kernel.base.tdp-sync-runtime-v2","kernel.base.ui-runtime-v2","ui.base.runtime-react","ui.base.input-runtime","ui.base.admin-console","ui.base.terminal-console","ui.integration.retail-shell"]}
04-20 04:02:02.605 I/assembly.kernel.base.runtime-shell-v2.application.KernelRuntimeAppV2(16320): [runtime.load] completed module pre-setup {"moduleName":"assembly.android.mixc-retail-rn84","packageVersion":"1.0.0","dependencies":[],"stateSliceNames":[],"commandNames":[],"actorKeys":["assembly.android.mixc-retail-rn84.AssemblyRuntimeInitializeActor"],"errorKeys":[],"parameterKeys":[],"hasInstall":true,"hasPreSetup":true}
