04-20 04:31:46.362 17203 17225 I assembly.assembly.android.mixc-retail-rn84: [assembly.topology] Native topology host already matches desired lifecycle state {"displayCount":2,"displayIndex":0,"deviceId":"J9RZPWR3HK","instanceMode":"MASTER","enableSlave":true,"running":false,"reason":"not-master-or-single-primary-host"}
04-20 04:31:46.363 17203 17225 I MMKV    : <MMKV_IO.cpp:609::writeActualSize> [mixc-retail-assembly-rn84::state] increase sequence to 106, crc 1173244029, actualSize 16386
04-20 04:31:46.363 17203 17225 I MMKV    : <MMKV.cpp:1208::sync> MMKV::sync, SyncFlag = 1
04-20 04:31:46.365 17203 17225 I MMKV    : <MMKV_IO.cpp:609::writeActualSize> [mixc-retail-assembly-rn84::state] increase sequence to 107, crc 2168520253, actualSize 17119
04-20 04:31:46.365 17203 17225 I MMKV    : <MMKV.cpp:1208::sync> MMKV::sync, SyncFlag = 1
04-20 04:31:46.366 17203 17225 I assembly.assembly.android.mixc-retail-rn84: [assembly.topology] Native topology host already matches desired lifecycle state {"displayCount":2,"displayIndex":0,"deviceId":"J9RZPWR3HK","instanceMode":"MASTER","enableSlave":true,"running":false,"reason":"not-master-or-single-primary-host"}
04-20 04:31:46.366 17203 17225 I assembly.assembly.android.mixc-retail-rn84: [assembly.topology] Native topology host already matches desired lifecycle state {"displayCount":2,"displayIndex":0,"deviceId":"J9RZPWR3HK","instanceMode":"MASTER","enableSlave":true,"running":false,"reason":"not-master-or-single-primary-host"}
04-20 04:31:46.366 17203 17225 I assembly.assembly.android.mixc-retail-rn84: [assembly.topology] Native topology host already matches desired lifecycle state {"displayCount":2,"displayIndex":0,"deviceId":"J9RZPWR3HK","instanceMode":"MASTER","enableSlave":true,"running":false,"reason":"not-master-or-single-primary-host"}
04-20 04:31:46.682 17203 17259 D TrafficStats: tagSocket(5) with statsTag=0xffffffff, statsUid=-1
04-20 04:31:46.688 17203 17259 D TrafficStats: tagSocket(5) with statsTag=0xffffffff, statsUid=-1
04-20 04:31:46.694 17203 17259 D TrafficStats: tagSocket(5) with statsTag=0xffffffff, statsUid=-1
04-20 04:31:46.697 17203 17259 D TrafficStats: tagSocket(5) with statsTag=0xffffffff, statsUid=-1
04-20 04:31:48.359   590   738 E WifiScoringParams: Invalid frequency(-1), using 5G as default rssi array
04-20 04:31:52.143   590  3910 D WifiNl80211Manager: Scan result ready event
04-20 04:31:52.143   590  3910 D WifiNative: Scan result ready event
04-20 04:31:52.149   590   738 I HalDevMgr: bestIfaceCreationProposal is null, requestIface=STA, existingIface=[name=wlan0 type=STA]
04-20 04:31:53.310 14705 14705 W adbd    : timeout expired while flushing socket, closing
04-20 04:31:53.314 14705 14705 W adbd    : timeout expired while flushing socket, closing
04-20 04:31:59.750   397   397 W healthd : battery l=47 v=5000 t=25.0 h=2 st=4 c=900000 fc=3000000 cc=10 chg=a
04-20 04:32:00.008  1389  1552 I AiAiEcho: Predicting[0]:  [CONTEXT sampling_count=5 ]
04-20 04:32:00.008  1389  1552 I AiAiEcho: EchoTargets: 
04-20 04:32:00.008  1389  1552 I AiAiEcho: Filtered by AiAi flag check: 
04-20 04:32:00.008  1389  1552 I AiAiEcho: [CONTEXT ratelimit_period="10 SECONDS" ]
04-20 04:32:00.008  1389  1552 I AiAiEcho: Ranked targets strategy: SORT, count: 0, ranking metadata:  [CONTEXT ratelimit_period="10 SECONDS" ]
04-20 04:32:00.008  1389  1552 I AiAiEcho: #remoteViewsTwiddler: feature disabled.
04-20 04:32:00.008  1389  1552 I AiAiEcho: Predicting[0]:  [CONTEXT sampling_count=5 ]
04-20 04:32:00.008  1389  1552 I AiAiEcho: EchoTargets: 
04-20 04:32:00.008  1389  1552 I AiAiEcho: Filtered by AiAi flag check: 
04-20 04:32:00.008  1389  1552 I AiAiEcho: [CONTEXT ratelimit_period="10 SECONDS" ]
04-20 04:32:00.008  1389  1552 I AiAiEcho: Ranked targets strategy: SORT, count: 0, ranking metadata:  [CONTEXT ratelimit_period="10 SECONDS" ]
04-20 04:32:00.008  1389  1552 I AiAiEcho: #remoteViewsTwiddler: feature disabled.
04-20 04:32:00.008  1389  1552 I AiAiEcho: #postPredictionTargets: Sending updates to UISurface lockscreen with targets# 0 (types=[])
04-20 04:32:00.008  1389  1552 I AiAiEcho: #postPredictionTargets: Sending updates to UISurface home with targets# 0 (types=[])
04-20 04:32:00.009  1099  1099 D SsBaseTemplateCard: No text view can be set up
04-20 04:32:00.010  1099  1099 D SsBaseTemplateCard: Passed-in item info is null
04-20 04:32:00.010  1099  1099 D SsBaseTemplateCard: Passed-in item info is null
04-20 04:32:00.010  1099  1099 D SsBaseTemplateCard: Passed-in item info is null
04-20 04:32:00.010  1099  1099 I SsBaseTemplateCard: Secondary card pane is null
04-20 04:32:00.013   836   836 W PageIndicator: Total number of pages invalid: 0. Assuming 1 page.
04-20 04:32:00.028   836   978 D EGL_emulation: app_time_stats: avg=60006.64ms min=60006.64ms max=60006.64ms count=1
04-20 04:32:07.573  1413  1734 I BistoHotwordHelper: (REDACTED) getHotwordActive::active query: %s, watch: %s, devices connected: %s
04-20 04:32:10.406 17203 17259 D TrafficStats: tagSocket(5) with statsTag=0xffffffff, statsUid=-1
04-20 04:32:10.407 17203 17259 D TrafficStats: tagSocket(150) with statsTag=0xffffffff, statsUid=-1
04-20 04:32:10.412 17203 17259 D TrafficStats: tagSocket(5) with statsTag=0xffffffff, statsUid=-1
04-20 04:32:10.412 17203 17259 D TrafficStats: tagSocket(150) with statsTag=0xffffffff, statsUid=-1
04-20 04:32:43.352 17203 17259 D TrafficStats: tagSocket(5) with statsTag=0xffffffff, statsUid=-1
04-20 04:32:43.355 17203 17259 D TrafficStats: tagSocket(5) with statsTag=0xffffffff, statsUid=-1
04-20 04:32:43.414 17203 17259 D TrafficStats: tagSocket(5) with statsTag=0xffffffff, statsUid=-1
04-20 04:32:43.419 17203 17259 D TrafficStats: tagSocket(5) with statsTag=0xffffffff, statsUid=-1
04-20 04:32:43.632 17203 17259 D TrafficStats: tagSocket(5) with statsTag=0xffffffff, statsUid=-1
04-20 04:32:43.633 17271 17324 D TrafficStats: tagSocket(141) with statsTag=0xffffffff, statsUid=-1
04-20 04:32:43.637 17203 17259 D TrafficStats: tagSocket(5) with statsTag=0xffffffff, statsUid=-1
04-20 04:32:43.638 17271 17324 D TrafficStats: tagSocket(146) with statsTag=0xffffffff, statsUid=-1
04-20 04:32:59.717 17203 17259 D TrafficStats: tagSocket(5) with statsTag=0xffffffff, statsUid=-1
04-20 04:32:59.721 17203 17259 D TrafficStats: tagSocket(5) with statsTag=0xffffffff, statsUid=-1
04-20 04:32:59.725 17203 17259 D TrafficStats: tagSocket(5) with statsTag=0xffffffff, statsUid=-1
04-20 04:32:59.739 17203 17259 D TrafficStats: tagSocket(5) with statsTag=0xffffffff, statsUid=-1
04-20 04:32:59.741 17203 17259 D TrafficStats: tagSocket(5) with statsTag=0xffffffff, statsUid=-1
04-20 04:32:59.747   397   397 W healthd : battery l=47 v=5000 t=25.0 h=2 st=4 c=900000 fc=3000000 cc=10 chg=a
04-20 04:32:59.763 17203 17259 D TrafficStats: tagSocket(5) with statsTag=0xffffffff, statsUid=-1
04-20 04:32:59.763 17203 17218 D EGL_emulation: app_time_stats: avg=36742.70ms min=59.60ms max=73425.80ms count=2
04-20 04:32:59.766 17203 17259 D TrafficStats: tagSocket(5) with statsTag=0xffffffff, statsUid=-1
04-20 04:32:59.823 17203 17259 D TrafficStats: tagSocket(5) with statsTag=0xffffffff, statsUid=-1
04-20 04:32:59.825 17203 17259 D TrafficStats: tagSocket(5) with statsTag=0xffffffff, statsUid=-1
04-20 04:32:59.840 17203 17259 D TrafficStats: tagSocket(5) with statsTag=0xffffffff, statsUid=-1
04-20 04:32:59.844 17203 17259 D TrafficStats: tagSocket(5) with statsTag=0xffffffff, statsUid=-1
04-20 04:32:59.858 17203 17259 D TrafficStats: tagSocket(5) with statsTag=0xffffffff, statsUid=-1
04-20 04:32:59.860 17203 17259 D TrafficStats: tagSocket(5) with statsTag=0xffffffff, statsUid=-1
04-20 04:32:59.914 17203 17259 D TrafficStats: tagSocket(127) with statsTag=0xffffffff, statsUid=-1
04-20 04:32:59.928 17203 17259 D TrafficStats: tagSocket(127) with statsTag=0xffffffff, statsUid=-1
04-20 04:32:59.931 17203 17259 D TrafficStats: tagSocket(127) with statsTag=0xffffffff, statsUid=-1
04-20 04:32:59.945 17203 17259 D TrafficStats: tagSocket(126) with statsTag=0xffffffff, statsUid=-1
04-20 04:32:59.947 17203 17259 D TrafficStats: tagSocket(126) with statsTag=0xffffffff, statsUid=-1
04-20 04:33:00.001 17203 17259 D TrafficStats: tagSocket(113) with statsTag=0xffffffff, statsUid=-1
04-20 04:33:00.001  1389  1552 I AiAiEcho: Predicting[0]:  [CONTEXT sampling_count=5 ]
04-20 04:33:00.001  1389  1552 I AiAiEcho: EchoTargets: 
04-20 04:33:00.001  1389  1552 I AiAiEcho: Filtered by AiAi flag check: 
04-20 04:33:00.001  1389  1552 I AiAiEcho: [CONTEXT ratelimit_period="10 SECONDS" ]
04-20 04:33:00.001  1389  1552 I AiAiEcho: Ranked targets strategy: SORT, count: 0, ranking metadata:  [CONTEXT ratelimit_period="10 SECONDS" ]
04-20 04:33:00.001  1389  1552 I AiAiEcho: #remoteViewsTwiddler: feature disabled.
04-20 04:33:00.001  1389  1552 I AiAiEcho: Predicting[0]:  [CONTEXT sampling_count=5 ]
04-20 04:33:00.001  1389  1552 I AiAiEcho: EchoTargets: 
04-20 04:33:00.001  1389  1552 I AiAiEcho: Filtered by AiAi flag check: 
04-20 04:33:00.001  1389  1552 I AiAiEcho: [CONTEXT ratelimit_period="10 SECONDS" ]
04-20 04:33:00.001  1389  1552 I AiAiEcho: Ranked targets strategy: SORT, count: 0, ranking metadata:  [CONTEXT ratelimit_period="10 SECONDS" ]
04-20 04:33:00.001  1389  1552 I AiAiEcho: #remoteViewsTwiddler: feature disabled.
04-20 04:33:00.001  1389  1552 I AiAiEcho: #postPredictionTargets: Sending updates to UISurface lockscreen with targets# 0 (types=[])
04-20 04:33:00.001  1389  1552 I AiAiEcho: #postPredictionTargets: Sending updates to UISurface home with targets# 0 (types=[])
04-20 04:33:00.001  1099  1099 D SsBaseTemplateCard: No text view can be set up
04-20 04:33:00.002  1099  1099 D SsBaseTemplateCard: Passed-in item info is null
04-20 04:33:00.002  1099  1099 D SsBaseTemplateCard: Passed-in item info is null
04-20 04:33:00.002  1099  1099 D SsBaseTemplateCard: Passed-in item info is null
04-20 04:33:00.002  1099  1099 I SsBaseTemplateCard: Secondary card pane is null
04-20 04:33:00.010   836   836 W PageIndicator: Total number of pages invalid: 0. Assuming 1 page.
04-20 04:33:00.011  1389  1552 I AiAiEcho: Predicting[0]:  [CONTEXT sampling_count=5 ]
04-20 04:33:00.011  1389  1552 I AiAiEcho: EchoTargets: 
04-20 04:33:00.011  1389  1552 I AiAiEcho: Filtered by AiAi flag check: 
04-20 04:33:00.011  1389  1552 I AiAiEcho: [CONTEXT ratelimit_period="10 SECONDS" ]
04-20 04:33:00.011  1389  1552 I AiAiEcho: Ranked targets strategy: SORT, count: 0, ranking metadata:  [CONTEXT ratelimit_period="10 SECONDS" ]
04-20 04:33:00.011  1389  1552 I AiAiEcho: #remoteViewsTwiddler: feature disabled.
04-20 04:33:00.011  1389  1552 I AiAiEcho: Predicting[0]:  [CONTEXT sampling_count=5 ]
04-20 04:33:00.011  1389  1552 I AiAiEcho: EchoTargets: 
04-20 04:33:00.011  1389  1552 I AiAiEcho: Filtered by AiAi flag check: 
04-20 04:33:00.011  1389  1552 I AiAiEcho: [CONTEXT ratelimit_period="10 SECONDS" ]
04-20 04:33:00.011  1389  1552 I AiAiEcho: Ranked targets strategy: SORT, count: 0, ranking metadata:  [CONTEXT ratelimit_period="10 SECONDS" ]
04-20 04:33:00.011  1389  1552 I AiAiEcho: #remoteViewsTwiddler: feature disabled.
04-20 04:33:00.011  1389  1552 I AiAiEcho: #postPredictionTargets: Sending updates to UISurface lockscreen with targets# 0 (types=[])
04-20 04:33:00.011  1389  1552 I AiAiEcho: #postPredictionTargets: Sending updates to UISurface home with targets# 0 (types=[])
04-20 04:33:00.012  1099  1099 D SsBaseTemplateCard: No text view can be set up
04-20 04:33:00.012  1099  1099 D SsBaseTemplateCard: Passed-in item info is null
04-20 04:33:00.012  1099  1099 D SsBaseTemplateCard: Passed-in item info is null
04-20 04:33:00.012  1099  1099 D SsBaseTemplateCard: Passed-in item info is null
04-20 04:33:00.012  1099  1099 I SsBaseTemplateCard: Secondary card pane is null
04-20 04:33:00.012   836   836 W PageIndicator: Total number of pages invalid: 0. Assuming 1 page.
04-20 04:33:00.013   836   978 D EGL_emulation: app_time_stats: avg=59985.03ms min=59985.03ms max=59985.03ms count=1
04-20 04:33:00.014 17203 17259 D TrafficStats: tagSocket(113) with statsTag=0xffffffff, statsUid=-1
04-20 04:33:00.017 17203 17259 D TrafficStats: tagSocket(113) with statsTag=0xffffffff, statsUid=-1
04-20 04:33:00.071 17203 17259 D TrafficStats: tagSocket(116) with statsTag=0xffffffff, statsUid=-1
04-20 04:33:00.085 17203 17259 D TrafficStats: tagSocket(116) with statsTag=0xffffffff, statsUid=-1
04-20 04:33:00.089 17203 17259 D TrafficStats: tagSocket(116) with statsTag=0xffffffff, statsUid=-1
04-20 04:33:00.102 17203 17259 D TrafficStats: tagSocket(131) with statsTag=0xffffffff, statsUid=-1
04-20 04:33:00.115 17203 17259 D TrafficStats: tagSocket(150) with statsTag=0xffffffff, statsUid=-1
04-20 04:33:00.431 17203 17259 D TrafficStats: tagSocket(150) with statsTag=0xffffffff, statsUid=-1
04-20 04:33:00.434 17203 17259 D TrafficStats: tagSocket(150) with statsTag=0xffffffff, statsUid=-1
04-20 04:33:00.447 17203 17259 D TrafficStats: tagSocket(150) with statsTag=0xffffffff, statsUid=-1
04-20 04:33:00.497 17203 17259 D TrafficStats: tagSocket(5) with statsTag=0xffffffff, statsUid=-1
04-20 04:33:00.498 17203 17225 I assembly.assembly.android.mixc-retail-rn84: [assembly.topology] Native topology host already matches desired lifecycle state {"displayCount":2,"displayIndex":0,"deviceId":"J9RZPWR3HK","instanceMode":"MASTER","enableSlave":true,"running":false,"reason":"not-master-or-single-primary-host"}
04-20 04:33:00.512 17203 17259 D TrafficStats: tagSocket(5) with statsTag=0xffffffff, statsUid=-1
04-20 04:33:00.515 17203 17259 D TrafficStats: tagSocket(5) with statsTag=0xffffffff, statsUid=-1
04-20 04:33:00.516 17203 17225 I assembly.assembly.android.mixc-retail-rn84.transport.http.HttpRuntime: [transport.http] HTTP request started: kernel.base.tcp-control-runtime-v2.deactivate-terminal {"endpointName":"kernel.base.tcp-control-runtime-v2.deactivate-terminal","serverName":"mock-terminal-platform","addressName":"local","method":"POST","roundIndex":0,"attemptIndex":1}
04-20 04:33:00.518 17203 17351 D TrafficStats: tagSocket(5) with statsTag=0xffffffff, statsUid=-1
04-20 04:33:00.527 17203 17225 I assembly.assembly.android.mixc-retail-rn84.transport.http.HttpRuntime: [transport.http] HTTP request completed: kernel.base.tcp-control-runtime-v2.deactivate-terminal {"endpointName":"kernel.base.tcp-control-runtime-v2.deactivate-terminal","serverName":"mock-terminal-platform","addressName":"local","status":200}
04-20 04:33:00.529 17203 17259 D TrafficStats: tagSocket(133) with statsTag=0xffffffff, statsUid=-1
04-20 04:33:00.531 17271 17291 I ReactNativeJS: '[runtime-state-sync-apply]', '{"direction":"master-to-slave","incomingSliceNames":["kernel.base.ui-runtime-v2.screen.main"],"appliedSliceNames":["kernel.base.ui-runtime-v2.screen.main"],"skippedSliceReasons":[]}'
04-20 04:33:00.531 17271 17292 I assembly.assembly.android.mixc-retail-rn84: [assembly.topology] Native topology host already matches desired lifecycle state {"displayCount":2,"displayIndex":1,"deviceId":"J9RZPWR3HK","instanceMode":"SLAVE","enableSlave":false,"running":false,"reason":"not-master-or-single-primary-host"}
04-20 04:33:00.532 17271 17292 I assembly.assembly.android.mixc-retail-rn84: [assembly.topology] Native topology host already matches desired lifecycle state {"displayCount":2,"displayIndex":1,"deviceId":"J9RZPWR3HK","instanceMode":"SLAVE","enableSlave":false,"running":false,"reason":"not-master-or-single-primary-host"}
04-20 04:33:00.533 17203 17225 I assembly.assembly.android.mixc-retail-rn84: [assembly.topology] Native topology host already matches desired lifecycle state {"displayCount":2,"displayIndex":0,"deviceId":"J9RZPWR3HK","instanceMode":"MASTER","enableSlave":true,"running":false,"reason":"not-master-or-single-primary-host"}
04-20 04:33:00.533 17203 17225 I assembly.assembly.android.mixc-retail-rn84: [assembly.topology] Native topology host already matches desired lifecycle state {"displayCount":2,"displayIndex":0,"deviceId":"J9RZPWR3HK","instanceMode":"MASTER","enableSlave":true,"running":false,"reason":"not-master-or-single-primary-host"}
04-20 04:33:00.539 17203 17225 I assembly.assembly.android.mixc-retail-rn84: [assembly.topology] Native topology host already matches desired lifecycle state {"displayCount":2,"displayIndex":0,"deviceId":"J9RZPWR3HK","instanceMode":"MASTER","enableSlave":true,"running":false,"reason":"not-master-or-single-primary-host"}
04-20 04:33:00.539 17203 17225 I assembly.assembly.android.mixc-retail-rn84: [assembly.topology] Native topology host already matches desired lifecycle state {"displayCount":2,"displayIndex":0,"deviceId":"J9RZPWR3HK","instanceMode":"MASTER","enableSlave":true,"running":false,"reason":"not-master-or-single-primary-host"}
04-20 04:33:00.539 17203 17225 I assembly.assembly.android.mixc-retail-rn84: [assembly.topology] Native topology host already matches desired lifecycle state {"displayCount":2,"displayIndex":0,"deviceId":"J9RZPWR3HK","instanceMode":"MASTER","enableSlave":true,"running":false,"reason":"not-master-or-single-primary-host"}
04-20 04:33:00.539 17203 17225 I assembly.assembly.android.mixc-retail-rn84: [assembly.topology] Native topology host already matches desired lifecycle state {"displayCount":2,"displayIndex":0,"deviceId":"J9RZPWR3HK","instanceMode":"MASTER","enableSlave":true,"running":false,"reason":"not-master-or-single-primary-host"}
04-20 04:33:00.539 17203 17225 I assembly.assembly.android.mixc-retail-rn84: [assembly.topology] Native topology host already matches desired lifecycle state {"displayCount":2,"displayIndex":0,"deviceId":"J9RZPWR3HK","instanceMode":"MASTER","enableSlave":true,"running":false,"reason":"not-master-or-single-primary-host"}
04-20 04:33:00.540 17203 17225 I assembly.assembly.android.mixc-retail-rn84: [assembly.topology] Native topology host already matches desired lifecycle state {"displayCount":2,"displayIndex":0,"deviceId":"J9RZPWR3HK","instanceMode":"MASTER","enableSlave":true,"running":false,"reason":"not-master-or-single-primary-host"}
04-20 04:33:00.540 17203 17225 W assembly.assembly.android.mixc-retail-rn84: [runtime.reset] reset runtime application state {"runtimeId":"run_mo67zrut_u249ndlhpemqp0tn","localNodeId":"master:J9RZPWR3HK","reason":"kernel.base.tcp-control-runtime-v2.deactivateTerminal"}
04-20 04:33:00.541 17203 17225 I assembly.assembly.android.mixc-retail-rn84: [assembly.topology] Native topology host already matches desired lifecycle state {"displayCount":2,"displayIndex":0,"deviceId":"J9RZPWR3HK","instanceMode":"MASTER","enableSlave":true,"running":false,"reason":"not-master-or-single-primary-host"}
04-20 04:33:00.541 17203 17225 I assembly.assembly.android.mixc-retail-rn84: [assembly.topology] Native topology host already matches desired lifecycle state {"displayCount":2,"displayIndex":0,"deviceId":"J9RZPWR3HK","instanceMode":"MASTER","enableSlave":true,"running":false,"reason":"not-master-or-single-primary-host"}
04-20 04:33:00.542 17203 17225 I assembly.assembly.android.mixc-retail-rn84: [assembly.topology] Native topology host already matches desired lifecycle state {"displayCount":2,"displayIndex":0,"deviceId":"J9RZPWR3HK","instanceMode":"MASTER","enableSlave":true,"running":false,"reason":"not-master-or-single-primary-host"}
04-20 04:33:00.542 17203 17225 I assembly.assembly.android.mixc-retail-rn84: [assembly.topology] Native topology host already matches desired lifecycle state {"displayCount":2,"displayIndex":0,"deviceId":"J9RZPWR3HK","instanceMode":"MASTER","enableSlave":true,"running":false,"reason":"not-master-or-single-primary-host"}
04-20 04:33:00.543 17203 17225 I MMKV    : <MMKV_IO.cpp:609::writeActualSize> [mixc-retail-assembly-rn84::state] increase sequence to 108, crc 2582682527, actualSize 15243
04-20 04:33:00.543 17203 17225 I MMKV    : <MMKV.cpp:1208::sync> MMKV::sync, SyncFlag = 1
04-20 04:33:00.548 17203 17259 D TrafficStats: tagSocket(122) with statsTag=0xffffffff, statsUid=-1
04-20 04:33:00.551 17203 17225 I MMKV    : <MMKV_IO.cpp:609::writeActualSize> [mixc-retail-assembly-rn84::state] increase sequence to 109, crc 3613227581, actualSize 15231
04-20 04:33:00.551 17203 17225 I MMKV    : <MMKV.cpp:1208::sync> MMKV::sync, SyncFlag = 1
04-20 04:33:00.555 17203 17225 I MMKV    : <MMKV_IO.cpp:609::writeActualSize> [mixc-retail-assembly-rn84::state] increase sequence to 110, crc 963022135, actualSize 15231
04-20 04:33:00.555 17203 17225 I MMKV    : <MMKV.cpp:1208::sync> MMKV::sync, SyncFlag = 1
04-20 04:33:00.557 17203 17225 I MMKV    : <MMKV_IO.cpp:1533::clearAll> cleaning all key-values from [mixc-retail-assembly-rn84::state]
04-20 04:33:00.557 17203 17225 I MMKV    : <MemoryFile.cpp:103::open> open fd[127], flag 0x7, /data/data/com.impos2.mixcretailassemblyrn84/files/mmkv/specialCharacter/cac4ff37f0f9b0189974948d3d3aa0fe
04-20 04:33:00.557 17203 17225 I MMKV    : <MemoryFile.cpp:250::mmapOrCleanup> mmap to address [0x76fc2f1000], oldPtr [0x76fc2f1000], [/data/data/com.impos2.mixcretailassemblyrn84/files/mmkv/specialCharacter/cac4ff37f0f9b0189974948d3d3aa0fe]
04-20 04:33:00.557 17203 17225 I MMKV    : <MemoryFile.cpp:109::close> closing fd[127], /data/data/com.impos2.mixcretailassemblyrn84/files/mmkv/specialCharacter/cac4ff37f0f9b0189974948d3d3aa0fe
04-20 04:33:00.557 17203 17225 I MMKV    : <MMKV_IO.cpp:609::writeActualSize> [mixc-retail-assembly-rn84::state] increase sequence to 111, crc 0, actualSize 0
04-20 04:33:00.559 17203 17225 I MMKV    : <MMKV.cpp:340::clearMemoryCache> clearMemoryCache [mixc-retail-assembly-rn84::state]
04-20 04:33:00.559 17203 17225 I MMKV    : <MMKV_IO.cpp:287::loadMetaInfoAndCheck> meta file [mixc-retail-assembly-rn84::state] has flag [0]
04-20 04:33:00.559 17203 17225 I MMKV    : <MemoryFile.cpp:103::open> open fd[127], flag 0x7, /data/data/com.impos2.mixcretailassemblyrn84/files/mmkv/specialCharacter/cac4ff37f0f9b0189974948d3d3aa0fe
04-20 04:33:00.559 17203 17225 I MMKV    : <MemoryFile.cpp:250::mmapOrCleanup> mmap to address [0x76fc330000], oldPtr [0x0], [/data/data/com.impos2.mixcretailassemblyrn84/files/mmkv/specialCharacter/cac4ff37f0f9b0189974948d3d3aa0fe]
04-20 04:33:00.559 17203 17225 I MMKV    : <MemoryFile.cpp:109::close> closing fd[127], /data/data/com.impos2.mixcretailassemblyrn84/files/mmkv/specialCharacter/cac4ff37f0f9b0189974948d3d3aa0fe
04-20 04:33:00.559 17203 17225 I MMKV    : <MMKV_IO.cpp:94::loadFromFile> loading [mixc-retail-assembly-rn84::state] with 0 actual size, file size 4096, InterProcess 0, meta info version:4
04-20 04:33:00.559 17203 17225 I MMKV    : <MMKV_IO.cpp:145::loadFromFile> loaded [mixc-retail-assembly-rn84::state] with 0 key-values
04-20 04:33:00.559 17203 17225 I MMKV    : <MMKV_IO.cpp:1533::clearAll> cleaning all key-values from [mixc-retail-assembly-rn84::secure-state]
04-20 04:33:00.559 17203 17225 I MMKV    : <MemoryFile.cpp:103::open> open fd[154], flag 0x7, /data/data/com.impos2.mixcretailassemblyrn84/files/mmkv/specialCharacter/c08c20d895f199f98a40164528d2f6a6
04-20 04:33:00.559 17203 17225 I MMKV    : <MMKV_IO.cpp:609::writeActualSize> [mixc-retail-assembly-rn84::secure-state] increase sequence to 4, crc 0, actualSize 0
04-20 04:33:00.560 17203 17225 I MMKV    : <MMKV.cpp:340::clearMemoryCache> clearMemoryCache [mixc-retail-assembly-rn84::secure-state]
04-20 04:33:00.560 17203 17225 I MMKV    : <MemoryFile.cpp:109::close> closing fd[154], /data/data/com.impos2.mixcretailassemblyrn84/files/mmkv/specialCharacter/c08c20d895f199f98a40164528d2f6a6
04-20 04:33:00.560 17203 17225 I MMKV    : <MMKV_IO.cpp:287::loadMetaInfoAndCheck> meta file [mixc-retail-assembly-rn84::secure-state] has flag [0]
04-20 04:33:00.560 17203 17225 I MMKV    : <MemoryFile.cpp:103::open> open fd[154], flag 0x7, /data/data/com.impos2.mixcretailassemblyrn84/files/mmkv/specialCharacter/c08c20d895f199f98a40164528d2f6a6
04-20 04:33:00.560 17203 17225 I MMKV    : <MemoryFile.cpp:250::mmapOrCleanup> mmap to address [0x76fc47e000], oldPtr [0x0], [/data/data/com.impos2.mixcretailassemblyrn84/files/mmkv/specialCharacter/c08c20d895f199f98a40164528d2f6a6]
04-20 04:33:00.560 17203 17225 I MMKV    : <MemoryFile.cpp:109::close> closing fd[154], /data/data/com.impos2.mixcretailassemblyrn84/files/mmkv/specialCharacter/c08c20d895f199f98a40164528d2f6a6
04-20 04:33:00.560 17203 17225 I MMKV    : <MMKV_IO.cpp:94::loadFromFile> loading [mixc-retail-assembly-rn84::secure-state] with 0 actual size, file size 4096, InterProcess 0, meta info version:4
04-20 04:33:00.560 17203 17225 I MMKV    : <MMKV_IO.cpp:145::loadFromFile> loaded [mixc-retail-assembly-rn84::secure-state] with 0 key-values
04-20 04:33:00.564 17203 17225 I assembly.assembly.android.mixc-retail-rn84: [assembly.topology] Native topology host already matches desired lifecycle state {"displayCount":2,"displayIndex":0,"deviceId":"J9RZPWR3HK","instanceMode":"MASTER","enableSlave":false,"running":false,"reason":"not-master-or-single-primary-host"}
04-20 04:33:00.564 17203 17225 I MMKV    : <MMKV_IO.cpp:609::writeActualSize> [mixc-retail-assembly-rn84::state] increase sequence to 112, crc 3248033426, actualSize 4
04-20 04:33:00.565 17203 17225 I assembly.assembly.android.mixc-retail-rn84: [assembly.topology] Native topology host already matches desired lifecycle state {"displayCount":2,"displayIndex":0,"deviceId":"J9RZPWR3HK","instanceMode":"MASTER","enableSlave":false,"running":false,"reason":"not-master-or-single-primary-host"}
04-20 04:33:00.565 17203 17225 I MMKV    : <MMKV_IO.cpp:609::writeActualSize> [mixc-retail-assembly-rn84::state] increase sequence to 113, crc 936945100, actualSize 2526
04-20 04:33:00.565 17203 17225 I MMKV    : <MMKV.cpp:1208::sync> MMKV::sync, SyncFlag = 1
04-20 04:33:00.569 17203 17225 I assembly.assembly.android.mixc-retail-rn84: [assembly.topology] Native topology host already matches desired lifecycle state {"displayCount":2,"displayIndex":0,"deviceId":"J9RZPWR3HK","instanceMode":"MASTER","enableSlave":true,"running":false,"reason":"not-master-or-single-primary-host"}
04-20 04:33:00.569 17203 17225 I assembly.assembly.android.mixc-retail-rn84: [assembly.topology] Native topology host already matches desired lifecycle state {"displayCount":2,"displayIndex":0,"deviceId":"J9RZPWR3HK","instanceMode":"MASTER","enableSlave":true,"running":false,"reason":"not-master-or-single-primary-host"}
04-20 04:33:00.569 17203 17224 I ReactNativeJS: '[tcp-bootstrap-state-written]', '{"nodeId":"master:J9RZPWR3HK","runtimeId":"run_mo67zrut_u249ndlhpemqp0tn","displayIndex":0,"requestId":"req_mo683frr_ibjsjb8f6kpcqtc7","commandId":"cmd_mo683frt_8t3cwz6yxiq0pxam","nextDeviceFingerprint":"J9RZPWR3HK","nextDeviceInfo":{"id":"J9RZPWR3HK","model":"Mixc Retail Android RN84"},"previousIdentity":{"activationStatus":"UNACTIVATED"}}'
04-20 04:33:00.569 17203 17225 I assembly.assembly.android.mixc-retail-rn84: [assembly.topology] Native topology host already matches desired lifecycle state {"displayCount":2,"displayIndex":0,"deviceId":"J9RZPWR3HK","instanceMode":"MASTER","enableSlave":true,"running":false,"reason":"not-master-or-single-primary-host"}
04-20 04:33:00.571 17203 17225 I assembly.assembly.android.mixc-retail-rn84: [assembly.topology] Native topology host already matches desired lifecycle state {"displayCount":2,"displayIndex":0,"deviceId":"J9RZPWR3HK","instanceMode":"MASTER","enableSlave":true,"running":false,"reason":"not-master-or-single-primary-host"}
04-20 04:33:00.571 17203 17225 I assembly.assembly.android.mixc-retail-rn84: [assembly.topology] Native topology host already matches desired lifecycle state {"displayCount":2,"displayIndex":0,"deviceId":"J9RZPWR3HK","instanceMode":"MASTER","enableSlave":true,"running":false,"reason":"not-master-or-single-primary-host"}
04-20 04:33:00.571 17203 17225 I assembly.assembly.android.mixc-retail-rn84: [assembly.topology] Native topology host already matches desired lifecycle state {"displayCount":2,"displayIndex":0,"deviceId":"J9RZPWR3HK","instanceMode":"MASTER","enableSlave":true,"running":false,"reason":"not-master-or-single-primary-host"}
04-20 04:33:00.572 17203 17225 I assembly.assembly.android.mixc-retail-rn84: [assembly.topology] Native topology host already matches desired lifecycle state {"displayCount":2,"displayIndex":0,"deviceId":"J9RZPWR3HK","instanceMode":"MASTER","enableSlave":true,"running":false,"reason":"not-master-or-single-primary-host"}
04-20 04:33:00.573 17203 17225 I assembly.assembly.android.mixc-retail-rn84: [assembly.topology] Native topology host already matches desired lifecycle state {"displayCount":2,"displayIndex":0,"deviceId":"J9RZPWR3HK","instanceMode":"MASTER","enableSlave":true,"running":false,"reason":"not-master-or-single-primary-host"}
04-20 04:33:00.573 17271 17291 I ReactNativeJS: '[runtime-state-sync-apply]', '{"direction":"master-to-slave","incomingSliceNames":["kernel.base.ui-runtime-v2.screen.main"],"appliedSliceNames":["kernel.base.ui-runtime-v2.screen.main"],"skippedSliceReasons":[]}'
04-20 04:33:00.573 17203 17225 I assembly.assembly.android.mixc-retail-rn84: [assembly.topology] Native topology host already matches desired lifecycle state {"displayCount":2,"displayIndex":0,"deviceId":"J9RZPWR3HK","instanceMode":"MASTER","enableSlave":true,"running":false,"reason":"not-master-or-single-primary-host"}
04-20 04:33:00.573 17203 17225 I assembly.assembly.android.mixc-retail-rn84: [assembly.topology] Native topology host already matches desired lifecycle state {"displayCount":2,"displayIndex":0,"deviceId":"J9RZPWR3HK","instanceMode":"MASTER","enableSlave":true,"running":false,"reason":"not-master-or-single-primary-host"}
04-20 04:33:00.573 17203 17225 I assembly.assembly.android.mixc-retail-rn84: [assembly.topology] Native topology host already matches desired lifecycle state {"displayCount":2,"displayIndex":0,"deviceId":"J9RZPWR3HK","instanceMode":"MASTER","enableSlave":true,"running":false,"reason":"not-master-or-single-primary-host"}
04-20 04:33:00.573 17203 17225 I assembly.assembly.android.mixc-retail-rn84: [assembly.topology] Native topology host already matches desired lifecycle state {"displayCount":2,"displayIndex":0,"deviceId":"J9RZPWR3HK","instanceMode":"MASTER","enableSlave":true,"running":false,"reason":"not-master-or-single-primary-host"}
04-20 04:33:00.574 17203 17225 I assembly.assembly.android.mixc-retail-rn84: [assembly.topology] Native topology host already matches desired lifecycle state {"displayCount":2,"displayIndex":0,"deviceId":"J9RZPWR3HK","instanceMode":"MASTER","enableSlave":true,"running":false,"reason":"not-master-or-single-primary-host"}
04-20 04:33:00.574 17203 17225 I assembly.assembly.android.mixc-retail-rn84: [assembly.topology] Native topology host already matches desired lifecycle state {"displayCount":2,"displayIndex":0,"deviceId":"J9RZPWR3HK","instanceMode":"MASTER","enableSlave":true,"running":false,"reason":"not-master-or-single-primary-host"}
04-20 04:33:00.574 17203 17225 I assembly.assembly.android.mixc-retail-rn84: [assembly.topology] Native topology host already matches desired lifecycle state {"displayCount":2,"displayIndex":0,"deviceId":"J9RZPWR3HK","instanceMode":"MASTER","enableSlave":true,"running":false,"reason":"not-master-or-single-primary-host"}
04-20 04:33:00.574 17203 17225 I assembly.assembly.android.mixc-retail-rn84: [assembly.topology] Native topology host already matches desired lifecycle state {"displayCount":2,"displayIndex":0,"deviceId":"J9RZPWR3HK","instanceMode":"MASTER","enableSlave":true,"running":false,"reason":"not-master-or-single-primary-host"}
04-20 04:33:00.574 17203 17225 I assembly.assembly.android.mixc-retail-rn84: [assembly.topology] Native topology host already matches desired lifecycle state {"displayCount":2,"displayIndex":0,"deviceId":"J9RZPWR3HK","instanceMode":"MASTER","enableSlave":true,"running":false,"reason":"not-master-or-single-primary-host"}
04-20 04:33:00.574 17203 17225 I assembly.assembly.android.mixc-retail-rn84: [assembly.topology] Native topology host already matches desired lifecycle state {"displayCount":2,"displayIndex":0,"deviceId":"J9RZPWR3HK","instanceMode":"MASTER","enableSlave":true,"running":false,"reason":"not-master-or-single-primary-host"}
04-20 04:33:00.575 17271 17292 I assembly.assembly.android.mixc-retail-rn84: [assembly.topology] Native topology host already matches desired lifecycle state {"displayCount":2,"displayIndex":1,"deviceId":"J9RZPWR3HK","instanceMode":"SLAVE","enableSlave":false,"running":false,"reason":"not-master-or-single-primary-host"}
04-20 04:33:00.575 17271 17292 I assembly.assembly.android.mixc-retail-rn84: [assembly.topology] Native topology host already matches desired lifecycle state {"displayCount":2,"displayIndex":1,"deviceId":"J9RZPWR3HK","instanceMode":"SLAVE","enableSlave":false,"running":false,"reason":"not-master-or-single-primary-host"}
04-20 04:33:00.575 17203 17225 I assembly.assembly.android.mixc-retail-rn84: [assembly.topology] Native topology host already matches desired lifecycle state {"displayCount":2,"displayIndex":0,"deviceId":"J9RZPWR3HK","instanceMode":"MASTER","enableSlave":true,"running":false,"reason":"not-master-or-single-primary-host"}
04-20 04:33:00.575 17203 17225 I assembly.assembly.android.mixc-retail-rn84: [assembly.topology] Native topology host already matches desired lifecycle state {"displayCount":2,"displayIndex":0,"deviceId":"J9RZPWR3HK","instanceMode":"MASTER","enableSlave":true,"running":false,"reason":"not-master-or-single-primary-host"}
04-20 04:33:00.575 17203 17225 I assembly.assembly.android.mixc-retail-rn84: [assembly.topology] Native topology host already matches desired lifecycle state {"displayCount":2,"displayIndex":0,"deviceId":"J9RZPWR3HK","instanceMode":"MASTER","enableSlave":true,"running":false,"reason":"not-master-or-single-primary-host"}
04-20 04:33:00.576 17203 17225 I assembly.assembly.android.mixc-retail-rn84: [assembly.topology] Native topology host already matches desired lifecycle state {"displayCount":2,"displayIndex":0,"deviceId":"J9RZPWR3HK","instanceMode":"MASTER","enableSlave":true,"running":false,"reason":"not-master-or-single-primary-host"}
04-20 04:33:00.576 17203 17225 I assembly.assembly.android.mixc-retail-rn84: [assembly.topology] Native topology host already matches desired lifecycle state {"displayCount":2,"displayIndex":0,"deviceId":"J9RZPWR3HK","instanceMode":"MASTER","enableSlave":true,"running":false,"reason":"not-master-or-single-primary-host"}
04-20 04:33:00.576 17203 17225 I assembly.assembly.android.mixc-retail-rn84: [assembly.topology] Native topology host already matches desired lifecycle state {"displayCount":2,"displayIndex":0,"deviceId":"J9RZPWR3HK","instanceMode":"MASTER","enableSlave":true,"running":false,"reason":"not-master-or-single-primary-host"}
04-20 04:33:00.576 17271 17291 I ReactNativeJS: '[runtime-state-sync-apply]', '{"direction":"master-to-slave","incomingSliceNames":["kernel.base.tcp-control-runtime-v2.identity"],"appliedSliceNames":["kernel.base.tcp-control-runtime-v2.identity"],"skippedSliceReasons":[]}'
04-20 04:33:00.576 17203 17225 I assembly.assembly.android.mixc-retail-rn84: [assembly.topology] Native topology host already matches desired lifecycle state {"displayCount":2,"displayIndex":0,"deviceId":"J9RZPWR3HK","instanceMode":"MASTER","enableSlave":true,"running":false,"reason":"not-master-or-single-primary-host"}
04-20 04:33:00.576 17203 17225 I assembly.assembly.android.mixc-retail-rn84: [assembly.topology] Native topology host already matches desired lifecycle state {"displayCount":2,"displayIndex":0,"deviceId":"J9RZPWR3HK","instanceMode":"MASTER","enableSlave":true,"running":false,"reason":"not-master-or-single-primary-host"}
04-20 04:33:00.576 17203 17225 I assembly.assembly.android.mixc-retail-rn84: [assembly.topology] Native topology host already matches desired lifecycle state {"displayCount":2,"displayIndex":0,"deviceId":"J9RZPWR3HK","instanceMode":"MASTER","enableSlave":true,"running":false,"reason":"not-master-or-single-primary-host"}
04-20 04:33:00.576 17203 17225 I assembly.assembly.android.mixc-retail-rn84: [assembly.topology] Native topology host already matches desired lifecycle state {"displayCount":2,"displayIndex":0,"deviceId":"J9RZPWR3HK","instanceMode":"MASTER","enableSlave":true,"running":false,"reason":"not-master-or-single-primary-host"}
04-20 04:33:00.577 17203 17225 I assembly.assembly.android.mixc-retail-rn84: [assembly.topology] Native topology host already matches desired lifecycle state {"displayCount":2,"displayIndex":0,"deviceId":"J9RZPWR3HK","instanceMode":"MASTER","enableSlave":true,"running":false,"reason":"not-master-or-single-primary-host"}
04-20 04:33:00.577 17271 17292 I assembly.assembly.android.mixc-retail-rn84: [assembly.topology] Native topology host already matches desired lifecycle state {"displayCount":2,"displayIndex":1,"deviceId":"J9RZPWR3HK","instanceMode":"SLAVE","enableSlave":false,"running":false,"reason":"not-master-or-single-primary-host"}
04-20 04:33:00.578 17271 17292 I assembly.assembly.android.mixc-retail-rn84: [assembly.topology] Native topology host already matches desired lifecycle state {"displayCount":2,"displayIndex":1,"deviceId":"J9RZPWR3HK","instanceMode":"SLAVE","enableSlave":false,"running":false,"reason":"not-master-or-single-primary-host"}
04-20 04:33:00.578 17203 17225 I assembly.assembly.android.mixc-retail-rn84: [assembly.topology] Native topology host already matches desired lifecycle state {"displayCount":2,"displayIndex":0,"deviceId":"J9RZPWR3HK","instanceMode":"MASTER","enableSlave":true,"running":false,"reason":"not-master-or-single-primary-host"}
04-20 04:33:00.578 17203 17225 I assembly.assembly.android.mixc-retail-rn84: [assembly.topology] Native topology host already matches desired lifecycle state {"displayCount":2,"displayIndex":0,"deviceId":"J9RZPWR3HK","instanceMode":"MASTER","enableSlave":true,"running":false,"reason":"not-master-or-single-primary-host"}
04-20 04:33:00.578 17203 17225 I assembly.assembly.android.mixc-retail-rn84: [assembly.topology] Native topology host already matches desired lifecycle state {"displayCount":2,"displayIndex":0,"deviceId":"J9RZPWR3HK","instanceMode":"MASTER","enableSlave":true,"running":false,"reason":"not-master-or-single-primary-host"}
04-20 04:33:00.579 17203 17225 I assembly.assembly.android.mixc-retail-rn84: [assembly.topology] Native topology host already matches desired lifecycle state {"displayCount":2,"displayIndex":0,"deviceId":"J9RZPWR3HK","instanceMode":"MASTER","enableSlave":true,"running":false,"reason":"not-master-or-single-primary-host"}
04-20 04:33:00.579 17203 17225 I assembly.assembly.android.mixc-retail-rn84: [assembly.topology] Native topology host already matches desired lifecycle state {"displayCount":2,"displayIndex":0,"deviceId":"J9RZPWR3HK","instanceMode":"MASTER","enableSlave":true,"running":false,"reason":"not-master-or-single-primary-host"}
04-20 04:33:00.579 17203 17225 I assembly.assembly.android.mixc-retail-rn84: [assembly.topology] Native topology host already matches desired lifecycle state {"displayCount":2,"displayIndex":0,"deviceId":"J9RZPWR3HK","instanceMode":"MASTER","enableSlave":true,"running":false,"reason":"not-master-or-single-primary-host"}
04-20 04:33:00.579 17203 17225 I assembly.assembly.android.mixc-retail-rn84: [assembly.topology] Native topology host already matches desired lifecycle state {"displayCount":2,"displayIndex":0,"deviceId":"J9RZPWR3HK","instanceMode":"MASTER","enableSlave":true,"running":false,"reason":"not-master-or-single-primary-host"}
04-20 04:33:00.579 17203 17225 I assembly.assembly.android.mixc-retail-rn84: [assembly.topology] Native topology host already matches desired lifecycle state {"displayCount":2,"displayIndex":0,"deviceId":"J9RZPWR3HK","instanceMode":"MASTER","enableSlave":true,"running":false,"reason":"not-master-or-single-primary-host"}
04-20 04:33:00.579 17203 17225 I assembly.assembly.android.mixc-retail-rn84: [assembly.topology] Native topology host already matches desired lifecycle state {"displayCount":2,"displayIndex":0,"deviceId":"J9RZPWR3HK","instanceMode":"MASTER","enableSlave":true,"running":false,"reason":"not-master-or-single-primary-host"}
04-20 04:33:00.579 17203 17225 I assembly.assembly.android.mixc-retail-rn84: [assembly.topology] Native topology host already matches desired lifecycle state {"displayCount":2,"displayIndex":0,"deviceId":"J9RZPWR3HK","instanceMode":"MASTER","enableSlave":true,"running":false,"reason":"not-master-or-single-primary-host"}
04-20 04:33:00.579 17203 17225 I assembly.assembly.android.mixc-retail-rn84: [assembly.topology] Native topology host already matches desired lifecycle state {"displayCount":2,"displayIndex":0,"deviceId":"J9RZPWR3HK","instanceMode":"MASTER","enableSlave":true,"running":false,"reason":"not-master-or-single-primary-host"}
04-20 04:33:00.579 17203 17225 I assembly.assembly.android.mixc-retail-rn84: [assembly.topology] Native topology host already matches desired lifecycle state {"displayCount":2,"displayIndex":0,"deviceId":"J9RZPWR3HK","instanceMode":"MASTER","enableSlave":true,"running":false,"reason":"not-master-or-single-primary-host"}
04-20 04:33:00.579 17203 17225 I MMKV    : <MMKV_IO.cpp:530::expandAndWriteBack> extending [mixc-retail-assembly-rn84::state] file size from 4096 to 8192, incoming size:328, future usage:1770
04-20 04:33:00.579 17203 17225 I MMKV    : <MemoryFile.cpp:103::open> open fd[130], flag 0x7, /data/data/com.impos2.mixcretailassemblyrn84/files/mmkv/specialCharacter/cac4ff37f0f9b0189974948d3d3aa0fe
04-20 04:33:00.579 17203 17225 I MMKV    : <MemoryFile.cpp:250::mmapOrCleanup> mmap to address [0x76fc32f000], oldPtr [0x76fc330000], [/data/data/com.impos2.mixcretailassemblyrn84/files/mmkv/specialCharacter/cac4ff37f0f9b0189974948d3d3aa0fe]
04-20 04:33:00.579 17203 17225 I MMKV    : <MemoryFile.cpp:109::close> closing fd[130], /data/data/com.impos2.mixcretailassemblyrn84/files/mmkv/specialCharacter/cac4ff37f0f9b0189974948d3d3aa0fe
04-20 04:33:00.579 17203 17225 I MMKV    : <MMKV_IO.cpp:609::writeActualSize> [mixc-retail-assembly-rn84::state] increase sequence to 114, crc 4011459589, actualSize 3205
04-20 04:33:00.579 17203 17225 I MMKV    : <MMKV.cpp:1208::sync> MMKV::sync, SyncFlag = 1
04-20 04:33:00.580 17271 17291 I ReactNativeJS: '[runtime-state-sync-apply]', '{"direction":"master-to-slave","incomingSliceNames":["kernel.base.tcp-control-runtime-v2.credential"],"appliedSliceNames":["kernel.base.tcp-control-runtime-v2.credential"],"skippedSliceReasons":[]}'
04-20 04:33:00.581 17271 17291 I ReactNativeJS: '[runtime-state-sync-apply]', '{"direction":"master-to-slave","incomingSliceNames":["kernel.base.tcp-control-runtime-v2.binding"],"appliedSliceNames":["kernel.base.tcp-control-runtime-v2.binding"],"skippedSliceReasons":[]}'
04-20 04:33:00.582 17271 17291 I ReactNativeJS: '[runtime-state-sync-apply]', '{"direction":"master-to-slave","incomingSliceNames":["kernel.base.tcp-control-runtime-v2.sandbox"],"appliedSliceNames":["kernel.base.tcp-control-runtime-v2.sandbox"],"skippedSliceReasons":[]}'
04-20 04:33:00.582 17271 17291 I ReactNativeJS: '[runtime-state-sync-apply]', '{"direction":"master-to-slave","incomingSliceNames":["kernel.base.ui-runtime-v2.screen.main"],"appliedSliceNames":["kernel.base.ui-runtime-v2.screen.main"],"skippedSliceReasons":[]}'
04-20 04:33:00.582 17271 17291 I ReactNativeJS: '[runtime-state-sync-apply]', '{"direction":"master-to-slave","incomingSliceNames":["kernel.base.ui-runtime-v2.screen.main"],"appliedSliceNames":["kernel.base.ui-runtime-v2.screen.main"],"skippedSliceReasons":[]}'
04-20 04:33:00.584 17271 17292 I assembly.assembly.android.mixc-retail-rn84: [assembly.topology] Native topology host already matches desired lifecycle state {"displayCount":2,"displayIndex":1,"deviceId":"J9RZPWR3HK","instanceMode":"SLAVE","enableSlave":false,"running":false,"reason":"not-master-or-single-primary-host"}
04-20 04:33:00.584 17271 17292 I assembly.assembly.android.mixc-retail-rn84: [assembly.topology] Native topology host already matches desired lifecycle state {"displayCount":2,"displayIndex":1,"deviceId":"J9RZPWR3HK","instanceMode":"SLAVE","enableSlave":false,"running":false,"reason":"not-master-or-single-primary-host"}
04-20 04:33:00.584 17271 17292 I assembly.assembly.android.mixc-retail-rn84: [assembly.topology] Native topology host already matches desired lifecycle state {"displayCount":2,"displayIndex":1,"deviceId":"J9RZPWR3HK","instanceMode":"SLAVE","enableSlave":false,"running":false,"reason":"not-master-or-single-primary-host"}
04-20 04:33:00.584 17271 17292 I assembly.assembly.android.mixc-retail-rn84: [assembly.topology] Native topology host already matches desired lifecycle state {"displayCount":2,"displayIndex":1,"deviceId":"J9RZPWR3HK","instanceMode":"SLAVE","enableSlave":false,"running":false,"reason":"not-master-or-single-primary-host"}
04-20 04:33:00.584 17271 17292 I assembly.assembly.android.mixc-retail-rn84: [assembly.topology] Native topology host already matches desired lifecycle state {"displayCount":2,"displayIndex":1,"deviceId":"J9RZPWR3HK","instanceMode":"SLAVE","enableSlave":false,"running":false,"reason":"not-master-or-single-primary-host"}
04-20 04:33:00.585 17271 17292 I assembly.assembly.android.mixc-retail-rn84: [assembly.topology] Native topology host already matches desired lifecycle state {"displayCount":2,"displayIndex":1,"deviceId":"J9RZPWR3HK","instanceMode":"SLAVE","enableSlave":false,"running":false,"reason":"not-master-or-single-primary-host"}
04-20 04:33:00.585 17271 17292 I assembly.assembly.android.mixc-retail-rn84: [assembly.topology] Native topology host already matches desired lifecycle state {"displayCount":2,"displayIndex":1,"deviceId":"J9RZPWR3HK","instanceMode":"SLAVE","enableSlave":false,"running":false,"reason":"not-master-or-single-primary-host"}
04-20 04:33:00.585 17271 17292 I assembly.assembly.android.mixc-retail-rn84: [assembly.topology] Native topology host already matches desired lifecycle state {"displayCount":2,"displayIndex":1,"deviceId":"J9RZPWR3HK","instanceMode":"SLAVE","enableSlave":false,"running":false,"reason":"not-master-or-single-primary-host"}
04-20 04:33:00.585 17271 17292 I assembly.assembly.android.mixc-retail-rn84: [assembly.topology] Native topology host already matches desired lifecycle state {"displayCount":2,"displayIndex":1,"deviceId":"J9RZPWR3HK","instanceMode":"SLAVE","enableSlave":false,"running":false,"reason":"not-master-or-single-primary-host"}
04-20 04:33:00.585 17271 17292 I assembly.assembly.android.mixc-retail-rn84: [assembly.topology] Native topology host already matches desired lifecycle state {"displayCount":2,"displayIndex":1,"deviceId":"J9RZPWR3HK","instanceMode":"SLAVE","enableSlave":false,"running":false,"reason":"not-master-or-single-primary-host"}
04-20 04:33:00.585 17271 17292 I assembly.assembly.android.mixc-retail-rn84: [assembly.topology] Native topology host already matches desired lifecycle state {"displayCount":2,"displayIndex":1,"deviceId":"J9RZPWR3HK","instanceMode":"SLAVE","enableSlave":false,"running":false,"reason":"not-master-or-single-primary-host"}
04-20 04:33:00.585 17271 17292 I assembly.assembly.android.mixc-retail-rn84: [assembly.topology] Native topology host already matches desired lifecycle state {"displayCount":2,"displayIndex":1,"deviceId":"J9RZPWR3HK","instanceMode":"SLAVE","enableSlave":false,"running":false,"reason":"not-master-or-single-primary-host"}
04-20 04:33:00.585 17271 17292 I assembly.assembly.android.mixc-retail-rn84: [assembly.topology] Native topology host already matches desired lifecycle state {"displayCount":2,"displayIndex":1,"deviceId":"J9RZPWR3HK","instanceMode":"SLAVE","enableSlave":false,"running":false,"reason":"not-master-or-single-primary-host"}
04-20 04:33:00.586 17203 17225 I MMKV    : <MMKV_IO.cpp:530::expandAndWriteBack> extending [mixc-retail-assembly-rn84::state] file size from 8192 to 16384, incoming size:326, future usage:4046
04-20 04:33:00.586 17203 17225 I MMKV    : <MemoryFile.cpp:103::open> open fd[130], flag 0x7, /data/data/com.impos2.mixcretailassemblyrn84/files/mmkv/specialCharacter/cac4ff37f0f9b0189974948d3d3aa0fe
04-20 04:33:00.586 17203 17225 I MMKV    : <MemoryFile.cpp:250::mmapOrCleanup> mmap to address [0x76fc2f5000], oldPtr [0x76fc32f000], [/data/data/com.impos2.mixcretailassemblyrn84/files/mmkv/specialCharacter/cac4ff37f0f9b0189974948d3d3aa0fe]
04-20 04:33:00.587 17203 17225 I MMKV    : <MemoryFile.cpp:109::close> closing fd[130], /data/data/com.impos2.mixcretailassemblyrn84/files/mmkv/specialCharacter/cac4ff37f0f9b0189974948d3d3aa0fe
04-20 04:33:00.587 17203 17225 I MMKV    : <MMKV_IO.cpp:609::writeActualSize> [mixc-retail-assembly-rn84::state] increase sequence to 115, crc 1615958825, actualSize 7992
04-20 04:33:00.587 17203 17225 I MMKV    : <MMKV.cpp:1208::sync> MMKV::sync, SyncFlag = 1
04-20 04:33:00.589 17203 17225 I MMKV    : <MMKV_IO.cpp:530::expandAndWriteBack> extending [mixc-retail-assembly-rn84::state] file size from 16384 to 32768, incoming size:126, future usage:7306
04-20 04:33:00.589 17203 17225 I MMKV    : <MemoryFile.cpp:103::open> open fd[113], flag 0x7, /data/data/com.impos2.mixcretailassemblyrn84/files/mmkv/specialCharacter/cac4ff37f0f9b0189974948d3d3aa0fe
04-20 04:33:00.589 17203 17225 I MMKV    : <MemoryFile.cpp:250::mmapOrCleanup> mmap to address [0x76fc2f1000], oldPtr [0x76fc2f5000], [/data/data/com.impos2.mixcretailassemblyrn84/files/mmkv/specialCharacter/cac4ff37f0f9b0189974948d3d3aa0fe]
04-20 04:33:00.589 17203 17225 I MMKV    : <MemoryFile.cpp:109::close> closing fd[113], /data/data/com.impos2.mixcretailassemblyrn84/files/mmkv/specialCharacter/cac4ff37f0f9b0189974948d3d3aa0fe
04-20 04:33:00.590 17203 17225 I MMKV    : <MMKV_IO.cpp:609::writeActualSize> [mixc-retail-assembly-rn84::state] increase sequence to 116, crc 3017084983, actualSize 14437
04-20 04:33:00.590 17203 17225 I MMKV    : <MMKV.cpp:1208::sync> MMKV::sync, SyncFlag = 1
