04-20 04:21:06.126 16981 17004 I MMKV    : <MMKV_IO.cpp:609::writeActualSize> [mixc-retail-assembly-rn84::state] increase sequence to 26, crc 2731963415, actualSize 14488
04-20 04:21:06.126 16981 17004 I MMKV    : <MMKV.cpp:1208::sync> MMKV::sync, SyncFlag = 1
04-20 04:21:06.130 16981 17004 I MMKV    : <MMKV_IO.cpp:609::writeActualSize> [mixc-retail-assembly-rn84::state] increase sequence to 27, crc 716691881, actualSize 14488
04-20 04:21:06.130 16981 17004 I MMKV    : <MMKV.cpp:1208::sync> MMKV::sync, SyncFlag = 1
04-20 04:21:06.132 16981 17004 I MMKV    : <MMKV_IO.cpp:609::writeActualSize> [mixc-retail-assembly-rn84::state] increase sequence to 28, crc 870534224, actualSize 14488
04-20 04:21:06.132 16981 17004 I MMKV    : <MMKV.cpp:1208::sync> MMKV::sync, SyncFlag = 1
04-20 04:21:06.135 16981 17004 I MMKV    : <MMKV_IO.cpp:609::writeActualSize> [mixc-retail-assembly-rn84::state] increase sequence to 29, crc 3707310887, actualSize 14488
04-20 04:21:06.135 16981 17004 I MMKV    : <MMKV.cpp:1208::sync> MMKV::sync, SyncFlag = 1
04-20 04:21:06.260 16981 17011 W InteractionJankMonitor: Initializing without READ_DEVICE_CONFIG permission. enabled=true, interval=1, missedFrameThreshold=3, frameTimeThreshold=64, package=com.impos2.mixcretailassemblyrn84
04-20 04:21:06.278   836   886 W WindowOnBackDispatcher: sendCancelIfRunning: isInProgress=false callback=android.view.ViewRootImpl$$ExternalSyntheticLambda11@f119546
04-20 04:21:06.278   590   966 W InputManager-JNI: Input channel object '36a6924 Splash Screen com.impos2.mixcretailassemblyrn84 (client)' was disposed without first being removed with the input manager!
04-20 04:21:06.278   590   963 D CoreBackPreview: Window{36a6924 u0 Splash Screen com.impos2.mixcretailassemblyrn84 EXITING}: Setting back callback null
04-20 04:21:06.294  1099  1099 W FrameTracker: Missing HWUI jank callback for vsyncId: 174290628, CUJ=J<TASKBAR_COLLAPSE::Home to App>
04-20 04:21:06.294  1099  1099 W FrameTracker: Missed SF frame:PREDICTION_ERROR, 174290801, 15538935, CUJ=J<TASKBAR_COLLAPSE::Home to App>
04-20 04:21:06.294  1099  1099 W FrameTracker: Missed SF frame:PREDICTION_ERROR, 174291174, 7485025, CUJ=J<TASKBAR_COLLAPSE::Home to App>
04-20 04:21:06.294  1099  1099 W FrameTracker: Missed SF frame:PREDICTION_ERROR, 174291210, 4771442, CUJ=J<TASKBAR_COLLAPSE::Home to App>
04-20 04:21:06.294  1099  1099 W FrameTracker: Missed SF frame:PREDICTION_ERROR, 174291325, 5352944, CUJ=J<TASKBAR_COLLAPSE::Home to App>
04-20 04:21:06.294  1099  1099 W FrameTracker: Missed SF frame:PREDICTION_ERROR, 174291542, 3986407, CUJ=J<TASKBAR_COLLAPSE::Home to App>
04-20 04:21:06.295  1099  1125 V PerfettoTrigger: Triggering /system/bin/trigger_perfetto com.android.telemetry.interaction-jank-monitor-61
04-20 04:21:06.328   836   886 W FrameTracker: Missed SF frame:PREDICTION_ERROR, 174290873, 0, CUJ=J<SPLASHSCREEN_EXIT_ANIM>
04-20 04:21:06.328   836   886 W FrameTracker: Missing HWUI jank callback for vsyncId: 174290873, CUJ=J<SPLASHSCREEN_EXIT_ANIM>
04-20 04:21:06.328   836   886 W FrameTracker: Missed SF frame:PREDICTION_ERROR, 174290923, 5559312, CUJ=J<SPLASHSCREEN_EXIT_ANIM>
04-20 04:21:06.328   836   886 W FrameTracker: Missed SF frame:PREDICTION_ERROR, 174291023, 5830772, CUJ=J<SPLASHSCREEN_EXIT_ANIM>
04-20 04:21:06.328   836   886 W FrameTracker: Missed SF frame:PREDICTION_ERROR, 174291095, 5545232, CUJ=J<SPLASHSCREEN_EXIT_ANIM>
04-20 04:21:06.328   836   886 W FrameTracker: Missing HWUI jank callback for vsyncId: 174291131, CUJ=J<SPLASHSCREEN_EXIT_ANIM>
04-20 04:21:06.328   836   886 W FrameTracker: Missed SF frame:PREDICTION_ERROR, 174291239, 0, CUJ=J<SPLASHSCREEN_EXIT_ANIM>
04-20 04:21:06.328   836   886 W FrameTracker: Missing HWUI jank callback for vsyncId: 174291239, CUJ=J<SPLASHSCREEN_EXIT_ANIM>
04-20 04:21:06.328   836   886 W FrameTracker: Missing HWUI jank callback for vsyncId: 174291593, CUJ=J<SPLASHSCREEN_EXIT_ANIM>
04-20 04:21:06.328   836   879 V PerfettoTrigger: Triggering /system/bin/trigger_perfetto com.android.telemetry.interaction-jank-monitor-39
04-20 04:21:06.351   937  1077 I FontLog : Received query Noto Color Emoji Compat, URI content://com.google.android.gms.fonts [CONTEXT service_id=132 ]
04-20 04:21:06.352   937  1077 I FontLog : Query [emojicompat-emoji-font] resolved to {Noto Color Emoji Compat, wdth 100.0, wght 400, ital 0.0, bestEffort false} [CONTEXT service_id=132 ]
04-20 04:21:06.353   937  1077 I FontLog : Fetch {Noto Color Emoji Compat, wdth 100.0, wght 400, ital 0.0, bestEffort false} end status Status{statusCode=SUCCESS, resolution=null} [CONTEXT service_id=132 ]
04-20 04:21:06.354   937  1058 I FontLog : Pulling font file for id = 56, cache size = 6 [CONTEXT service_id=132 ]
04-20 04:21:06.356   937  1058 I FontLog : Pulling font file for id = 56, cache size = 6 [CONTEXT service_id=132 ]
04-20 04:21:07.571  1413  1753 I BistoHotwordHelper: (REDACTED) getHotwordActive::active query: %s, watch: %s, devices connected: %s
04-20 04:21:07.615 16981 16996 D EGL_emulation: app_time_stats: avg=343.25ms min=30.35ms max=1501.33ms count=5
04-20 04:21:08.081   590   738 E WifiScoringParams: Invalid frequency(-1), using 5G as default rssi array
04-20 04:21:08.759   590  1464 E TaskPersister: File error accessing recents directory (directory doesn't exist?).
04-20 04:21:09.066 16981 16981 I StartupAudit: secondary_launch_attempt displayCount=2 displayId=2 pid=16981 time=2026-04-20 04:21:09.066
04-20 04:21:09.069   590   966 W OptProp : Cannot read opt property android.window.PROPERTY_COMPAT_ALLOW_USER_ASPECT_RATIO_OVERRIDE
04-20 04:21:09.069   590   966 W OptProp : Cannot read opt property android.window.PROPERTY_COMPAT_ALLOW_USER_ASPECT_RATIO_FULLSCREEN_OVERRIDE
04-20 04:21:09.069   590   966 W OptProp : Cannot read opt property android.window.PROPERTY_COMPAT_ALLOW_ORIENTATION_OVERRIDE
04-20 04:21:09.070   590   966 V GrammaticalInflectionUtils: AttributionSource: AttributionSource { uid = 10217, packageName = null, attributionTag = null, token = android.os.Binder@bdb3573, deviceId = 0, next = null } does not have READ_SYSTEM_GRAMMATICAL_GENDER permission.
04-20 04:21:09.070   590   966 W OptProp : Cannot read opt property android.window.PROPERTY_COMPAT_ALLOW_RESIZEABLE_ACTIVITY_OVERRIDES
04-20 04:21:09.071   590   966 W OptProp : Cannot read opt property android.window.PROPERTY_COMPAT_ALLOW_MIN_ASPECT_RATIO_OVERRIDE
04-20 04:21:09.074   590   966 W InputDispatcher: Focused display #2 does not have a focused window.
04-20 04:21:09.074   590   966 E InputDispatcher: But another display has a focused window
04-20 04:21:09.074   590   966 E InputDispatcher:   FocusedWindows:
04-20 04:21:09.074   590   966 E InputDispatcher:     displayId=0, name='3be451c com.impos2.mixcretailassemblyrn84/com.impos2.mixcretailassemblyrn84.MainActivity'
04-20 04:21:09.077   836   874 V WindowManagerShell: Transition requested (#574): android.os.BinderProxy@58c8d56 TransitionRequestInfo { type = OPEN, triggerTask = TaskInfo{userId=0 taskId=878 displayId=2 isRunning=true baseIntent=Intent { flg=0x18000000 cmp=com.impos2.mixcretailassemblyrn84/.SecondaryActivity } baseActivity=ComponentInfo{com.impos2.mixcretailassemblyrn84/com.impos2.mixcretailassemblyrn84.SecondaryActivity} topActivity=ComponentInfo{com.impos2.mixcretailassemblyrn84/com.impos2.mixcretailassemblyrn84.SecondaryActivity} origActivity=null realActivity=ComponentInfo{com.impos2.mixcretailassemblyrn84/com.impos2.mixcretailassemblyrn84.SecondaryActivity} numActivities=1 lastActiveTime=271454623 supportsMultiWindow=true resizeMode=1 isResizeable=true minWidth=-1 minHeight=-1 defaultMinSize=220 token=WCT{android.window.IWindowContainerToken$Stub$Proxy@66c91d7} topActivityType=1 pictureInPictureParams=null shouldDockBigOverlays=false launchIntoPipHostTaskId=-1 lastParentTaskIdBeforePip=-1 displayCutoutSafeInsets=null topActivityInfo=ActivityInfo{3f3cac4 com.impos2.mixcretailassemblyrn84.SecondaryActivity} launchCookies=[] positionInParent=Point(0, 0) parentTaskId=-1 isFocused=false isVisible=false isVisibleRequested=true isSleeping=false locusId=null displayAreaFeatureId=1 isTopActivityTransparent=false appCompatTaskInfo=AppCompatTaskInfo { topActivityInSizeCompat=false topActivityEligibleForLetterboxEducation= falseisLetterboxEducationEnabled= true isLetterboxDoubleTapEnabled= false topActivityEligibleForUserAspectRatioButton= false topActivityBoundsLetterboxed= false isFromLetterboxDoubleTap= false topActivityLetterboxVerticalPosition= -1 topActivityLetterboxHorizontalPosition= -1 topActivityLetterboxWidth=2560 topActivityLetterboxHeight=1600 isUserFullscreenOverrideEnabled=false isSystemFullscreenOverrideEnabled=false cameraCompatTaskInfo=CameraCompatTaskInfo { cameraCompatControlState=hidden freeformCameraCompatMode=inactive}}}, pipTask = null, remoteTransition = null, displayChange = null, flags = 0, debugId = 574 }
04-20 04:21:09.077   590   966 I ActivityTaskManager: START u0 {flg=0x18000000 cmp=com.impos2.mixcretailassemblyrn84/.SecondaryActivity} with LAUNCH_MULTIPLE from uid 10217 (BAL_ALLOW_VISIBLE_WINDOW) result code=0
04-20 04:21:09.078   836   874 D ShellDesktopMode: DesktopTaskRepo: visibleTaskCount= 0
04-20 04:21:09.080   590   613 V GrammaticalInflectionUtils: AttributionSource: AttributionSource { uid = 10217, packageName = null, attributionTag = null, token = android.os.Binder@bdb3573, deviceId = 0, next = null } does not have READ_SYSTEM_GRAMMATICAL_GENDER permission.
04-20 04:21:09.080  1099  1099 I TopTaskTracker: onTaskMovedToFront: (moved taskInfo to front) taskId=878, baseIntent=Intent { flg=0x18000000 cmp=com.impos2.mixcretailassemblyrn84/.SecondaryActivity }
04-20 04:21:09.080  1099  1099 I TopTaskTracker: onTaskMovedToFront: (removing top task on home display) taskId=877, baseIntent=Intent { flg=0x10000000 cmp=com.impos2.mixcretailassemblyrn84/.MainActivity }
04-20 04:21:09.083   836   888 D SplashScreenView: Build android.window.SplashScreenView{10d07a9 V.E...... ......ID 0,0-0,0}
04-20 04:21:09.083   836   888 D SplashScreenView: Icon: view: null drawable: null size: 0
04-20 04:21:09.083   836   888 D SplashScreenView: Branding: view: android.view.View{97f12e G.ED..... ......I. 0,0-0,0 #1020503 android:id/splashscreen_branding_view} drawable: null size w: 0 h: 0
04-20 04:21:09.086   389   389 D Zygote  : Forked child process 17053
04-20 04:21:09.087   590   626 I ActivityManager: Start proc 17053:com.impos2.mixcretailassemblyrn84:secondary/u0a217 for next-top-activity {com.impos2.mixcretailassemblyrn84/com.impos2.mixcretailassemblyrn84.SecondaryActivity}
04-20 04:21:09.092   439   439 I BpBinder: onLastStrongRef automatically unlinking death recipients: 
04-20 04:21:09.093   590   963 D CoreBackPreview: Window{a73f24f u0 Splash Screen com.impos2.mixcretailassemblyrn84}: Setting back callback OnBackInvokedCallbackInfo{mCallback=android.window.IOnBackInvokedCallback$Stub$Proxy@1837dba, mPriority=0, mIsAnimationCallback=false}
04-20 04:21:09.113   836   917 V WindowManagerShell: onTransitionReady(transaction=2534030746189)
04-20 04:21:09.113   836   874 V WindowManagerShell: onTransitionReady (#574) android.os.BinderProxy@58c8d56: {id=574 t=OPEN f=0x0 trk=0 r=[2@Point(0, 0)] c=[{WCT{android.window.IWindowContainerToken$Stub$Proxy@d45ec1d} m=OPEN f=NONE leash=Surface(name=Task=878)/@0x280f806 sb=Rect(0, 0 - 2560, 1600) eb=Rect(0, 0 - 2560, 1600) d=2 taskParent=-1},{WCT{android.window.IWindowContainerToken$Stub$Proxy@248e92} m=TO_BACK f=SHOW_WALLPAPER leash=Surface(name=Task=671)/@0x71f9ec7 sb=Rect(0, 0 - 2560, 1600) eb=Rect(0, 0 - 2560, 1600) d=2 taskParent=-1}]}
04-20 04:21:09.113   590   610 V WindowManager: Sent Transition (#574) createdAt=04-20 04:21:09.071 via request=TransitionRequestInfo { type = OPEN, triggerTask = TaskInfo{userId=0 taskId=878 displayId=2 isRunning=true baseIntent=Intent { flg=0x18000000 cmp=com.impos2.mixcretailassemblyrn84/.SecondaryActivity } baseActivity=ComponentInfo{com.impos2.mixcretailassemblyrn84/com.impos2.mixcretailassemblyrn84.SecondaryActivity} topActivity=ComponentInfo{com.impos2.mixcretailassemblyrn84/com.impos2.mixcretailassemblyrn84.SecondaryActivity} origActivity=null realActivity=ComponentInfo{com.impos2.mixcretailassemblyrn84/com.impos2.mixcretailassemblyrn84.SecondaryActivity} numActivities=1 lastActiveTime=271454623 supportsMultiWindow=true resizeMode=1 isResizeable=true minWidth=-1 minHeight=-1 defaultMinSize=220 token=WCT{RemoteToken{555dc47 Task{381c462 #878 type=standard A=10217:com.impos2.mixcretailassemblyrn84}}} topActivityType=1 pictureInPictureParams=null shouldDockBigOverlays=false launchIntoPipHostTaskId=-1 lastParentTaskIdBeforePip=-1 displayCutoutSafeInsets=null topActivityInfo=ActivityInfo{4969c74 com.impos2.mixcretailassemblyrn84.SecondaryActivity} launchCookies=[] positionInParent=Point(0, 0) parentTaskId=-1 isFocused=false isVisible=false isVisibleRequested=true isSleeping=false locusId=null displayAreaFeatureId=1 isTopActivityTransparent=false appCompatTaskInfo=AppCompatTaskInfo { topActivityInSizeCompat=false topActivityEligibleForLetterboxEducation= falseisLetterboxEducationEnabled= true isLetterboxDoubleTapEnabled= false topActivityEligibleForUserAspectRatioButton= false topActivityBoundsLetterboxed= false isFromLetterboxDoubleTap= false topActivityLetterboxVerticalPosition= -1 topActivityLetterboxHorizontalPosition= -1 topActivityLetterboxWidth=2560 topActivityLetterboxHeight=1600 isUserFullscreenOverrideEnabled=false isSystemFullscreenOverrideEnabled=false cameraCompatTaskInfo=CameraCompatTaskInfo { cameraCompatControlState=hidden freeformCameraCompatMode=inactive}}}, pipTask = null, remoteTransition = null, displayChange = null, flags = 0, debugId = 574 }
04-20 04:21:09.113   590   610 V WindowManager:     startWCT=WindowContainerTransaction { changes = {} hops = [] errorCallbackToken=null taskFragmentOrganizer=null }
04-20 04:21:09.113   590   610 V WindowManager:     info={id=574 t=OPEN f=0x0 trk=0 r=[2@Point(0, 0)] c=[
04-20 04:21:09.113   590   610 V WindowManager:         {WCT{RemoteToken{555dc47 Task{381c462 #878 type=standard A=10217:com.impos2.mixcretailassemblyrn84}}} m=OPEN f=NONE leash=Surface(name=Task=878)/@0xd27646b sb=Rect(0, 0 - 2560, 1600) eb=Rect(0, 0 - 2560, 1600) d=2 taskParent=-1},
04-20 04:21:09.113   590   610 V WindowManager:         {WCT{RemoteToken{473bc8f Task{c2f742b #671 type=home}}} m=TO_BACK f=SHOW_WALLPAPER leash=Surface(name=Task=671)/@0x5554f84 sb=Rect(0, 0 - 2560, 1600) eb=Rect(0, 0 - 2560, 1600) d=2 taskParent=-1}
04-20 04:21:09.113   590   610 V WindowManager:     ]}
04-20 04:21:09.114   388   472 I netd    : tetherGetStats() -> {[]} <0.38ms>
04-20 04:21:09.115 17053 17053 I yrn84:secondary: Using CollectorTypeCMC GC.
04-20 04:21:09.115   836   874 V WindowManagerShell: Playing animation for (#574) android.os.BinderProxy@58c8d56@0
04-20 04:21:09.115   836   874 V WindowManagerShell:  try handler com.android.wm.shell.transition.DefaultMixedHandler@a4b4bb1
04-20 04:21:09.115   836   874 V WindowManagerShell:  try handler com.android.wm.shell.keyguard.KeyguardTransitionHandler@f055896
04-20 04:21:09.116   836   874 V WindowManagerShell:  try handler com.android.wm.shell.pip.PipTransition@489c17
04-20 04:21:09.116   836   874 V WindowManagerShell:  try handler com.android.wm.shell.activityembedding.ActivityEmbeddingController@f43a804
04-20 04:21:09.116   836   874 V WindowManagerShell:  try handler com.android.wm.shell.splitscreen.StageCoordinator@417f1ed
04-20 04:21:09.116   836   874 V WindowManagerShell:  try handler com.android.wm.shell.desktopmode.DesktopTasksController@4366822
04-20 04:21:09.116   836   874 V WindowManagerShell:  try handler com.android.wm.shell.recents.RecentsTransitionHandler@b30e2b3
04-20 04:21:09.116   836   874 V ShellRecents: RecentsTransitionHandler.startAnimation: no controller found
04-20 04:21:09.116   836   874 V WindowManagerShell:  try handler com.android.wm.shell.transition.RemoteTransitionHandler@2554070
04-20 04:21:09.116   836   874 V WindowManagerShell: Transition doesn't have explicit remote, search filters for match for {id=574 t=OPEN f=0x0 trk=0 r=[2@Point(0, 0)] c=[{WCT{android.window.IWindowContainerToken$Stub$Proxy@d45ec1d} m=OPEN f=NONE leash=Surface(name=Task=878)/@0x280f806 sb=Rect(0, 0 - 2560, 1600) eb=Rect(0, 0 - 2560, 1600) d=2 taskParent=-1},{WCT{android.window.IWindowContainerToken$Stub$Proxy@248e92} m=TO_BACK f=SHOW_WALLPAPER leash=Surface(name=Task=671)/@0x71f9ec7 sb=Rect(0, 0 - 2560, 1600) eb=Rect(0, 0 - 2560, 1600) d=2 taskParent=-1}]}
04-20 04:21:09.116   836   874 V WindowManagerShell:  Checking filter Pair{{types=[] flags=0x0] notFlags=0x0 checks=[{atype=undefined independent=true modes=[OPEN,TO_FRONT] flags=IN_TASK_WITH_EMBEDDED_ACTIVITY mustBeTask=false order=ANY topActivity=ComponentInfo{com.google.android.apps.nexuslauncher/com.google.android.apps.nexuslauncher.NexusLauncherActivity} launchCookie=null},{atype=undefined independent=true modes=[CLOSE,TO_BACK] flags=IN_TASK_WITH_EMBEDDED_ACTIVITY mustBeTask=false order=ANY topActivity=null launchCookie=null}]} RemoteTransition { remoteTransition = android.window.IRemoteTransition$Stub$Proxy@e8ebfe9, appThread = android.app.IApplicationThread$Stub$Proxy@876e46e, debugName = OverlaySwipeBack }}
04-20 04:21:09.116   836   874 V WindowManagerShell:  Checking filter Pair{{types=[] flags=0x0] notFlags=0x0 checks=[{atype=dream independent=true modes=[OPEN,TO_FRONT] flags=NONE mustBeTask=false order=ANY topActivity=null launchCookie=null},{atype=home independent=true modes=[CLOSE,TO_BACK] flags=NONE mustBeTask=false order=ANY topActivity=null launchCookie=null}]} RemoteTransition { remoteTransition = android.window.IRemoteTransition$Stub$Proxy@f4cf70f, appThread = android.app.IApplicationThread$Stub$Proxy@ba5f39c, debugName = LauncherToDream }}
04-20 04:21:09.116   836   874 V WindowManagerShell:  Checking filter Pair{{types=[] flags=0x0] notFlags=0x100 checks=[{atype=home independent=true modes=[OPEN,TO_FRONT] flags=NONE mustBeTask=false order=TOP topActivity=ComponentInfo{com.google.android.apps.nexuslauncher/com.google.android.apps.nexuslauncher.NexusLauncherActivity} launchCookie=null},{atype=standard independent=true modes=[CLOSE,TO_BACK] flags=NONE mustBeTask=false order=ANY topActivity=null launchCookie=null}]} RemoteTransition { remoteTransition = android.window.IRemoteTransition$Stub$Proxy@c8a71a5, appThread = android.app.IApplicationThread$Stub$Proxy@30d97a, debugName = QuickstepLaunchHome }}
04-20 04:21:09.116   836   874 V WindowManagerShell:  Delegate animation for (#574) to null
04-20 04:21:09.116   836   874 V WindowManagerShell:  try handler com.android.wm.shell.transition.DefaultTransitionHandler@56bf52b
04-20 04:21:09.116   836   874 V WindowManagerShell: start default transition animation, info = {id=574 t=OPEN f=0x0 trk=0 r=[2@Point(0, 0)] c=[{WCT{android.window.IWindowContainerToken$Stub$Proxy@d45ec1d} m=OPEN f=NONE leash=Surface(name=Task=878)/@0x280f806 sb=Rect(0, 0 - 2560, 1600) eb=Rect(0, 0 - 2560, 1600) d=2 taskParent=-1},{WCT{android.window.IWindowContainerToken$Stub$Proxy@248e92} m=TO_BACK f=SHOW_WALLPAPER leash=Surface(name=Task=671)/@0x71f9ec7 sb=Rect(0, 0 - 2560, 1600) eb=Rect(0, 0 - 2560, 1600) d=2 taskParent=-1}]}
04-20 04:21:09.116   836   874 V WindowManagerShell: loadAnimation: anim=android.view.animation.AnimationSet@e2478db animAttr=0x13 type=OPEN isEntrance=false
04-20 04:21:09.116   836   874 V WindowManagerShell: loadAnimation: anim=android.view.animation.AnimationSet@27d6eb6 animAttr=0x12 type=OPEN isEntrance=true
04-20 04:21:09.117   836   874 V WindowManagerShell:  animated by com.android.wm.shell.transition.DefaultTransitionHandler@56bf52b
04-20 04:21:09.117   590   963 W UserManagerService: Requested status bar icon for non-badged user 0
04-20 04:21:09.119 17053 17053 E yrn84:secondary: Not starting debugger since process cannot load the jdwp agent.
04-20 04:21:09.120 17053 17053 D nativeloader: Load libframework-connectivity-tiramisu-jni.so using APEX ns com_android_tethering for caller /apex/com.android.tethering/javalib/framework-connectivity-t.jar: ok
04-20 04:21:09.125 17053 17053 D nativeloader: Configuring clns-7 for other apk /data/app/~~H-zAYHmmiN-gLGSPPlVSLg==/com.impos2.mixcretailassemblyrn84-aO86fgZdUa5UlWkLRqKFsw==/base.apk. target_sdk_version=36, uses_libraries=, library_path=/data/app/~~H-zAYHmmiN-gLGSPPlVSLg==/com.impos2.mixcretailassemblyrn84-aO86fgZdUa5UlWkLRqKFsw==/lib/arm64:/data/app/~~H-zAYHmmiN-gLGSPPlVSLg==/com.impos2.mixcretailassemblyrn84-aO86fgZdUa5UlWkLRqKFsw==/base.apk!/lib/arm64-v8a, permitted_path=/data:/mnt/expand:/data/user/0/com.impos2.mixcretailassemblyrn84
04-20 04:21:09.128 17053 17053 V GraphicsEnvironment: Currently set values for:
04-20 04:21:09.128 17053 17053 V GraphicsEnvironment:   angle_gl_driver_selection_pkgs=[]
04-20 04:21:09.128 17053 17053 V GraphicsEnvironment:   angle_gl_driver_selection_values=[]
04-20 04:21:09.128 17053 17053 V GraphicsEnvironment: Global.Settings values are invalid: number of packages: 0, number of values: 0
04-20 04:21:09.128 17053 17053 V GraphicsEnvironment: Neither updatable production driver nor prerelease driver is supported.
04-20 04:21:09.131 17053 17053 W SoLoader: Initializing SoLoader: 0
04-20 04:21:09.131 17053 17053 W SoLoader: Recording new base apk path: /data/app/~~H-zAYHmmiN-gLGSPPlVSLg==/com.impos2.mixcretailassemblyrn84-aO86fgZdUa5UlWkLRqKFsw==/base.apk
04-20 04:21:09.131 17053 17053 W SoLoader: Previously recorded 0 base apk paths.
04-20 04:21:09.133 17053 17053 I SoLoader: Preparing SO source: DirectorySoSource[root = /vendor/lib64 flags = 2]
04-20 04:21:09.133 17053 17053 I SoLoader: Preparing SO source: DirectorySoSource[root = /system/lib64 flags = 2]
04-20 04:21:09.133 17053 17053 I SoLoader: Preparing SO source: DirectApkSoSource[root = [/data/app/~~H-zAYHmmiN-gLGSPPlVSLg==/com.impos2.mixcretailassemblyrn84-aO86fgZdUa5UlWkLRqKFsw==/base.apk!/lib/arm64-v8a]]
04-20 04:21:09.135 17053 17053 I SoLoader: Preparing SO source: ApplicationSoSource[DirectorySoSource[root = /data/app/~~H-zAYHmmiN-gLGSPPlVSLg==/com.impos2.mixcretailassemblyrn84-aO86fgZdUa5UlWkLRqKFsw==/lib/arm64 flags = 0]]
04-20 04:21:09.135 17053 17053 I SoLoader: init finish: 4 SO sources prepared
04-20 04:21:09.135 17053 17053 W SoLoader: SoLoader initialized: 8
04-20 04:21:09.138 17053 17053 D nativeloader: Load /data/app/~~H-zAYHmmiN-gLGSPPlVSLg==/com.impos2.mixcretailassemblyrn84-aO86fgZdUa5UlWkLRqKFsw==/base.apk!/lib/arm64-v8a/libc++_shared.so using ns clns-7 from class loader (caller=/data/app/~~H-zAYHmmiN-gLGSPPlVSLg==/com.impos2.mixcretailassemblyrn84-aO86fgZdUa5UlWkLRqKFsw==/base.apk): ok
04-20 04:21:09.139 17053 17053 D nativeloader: Load /data/app/~~H-zAYHmmiN-gLGSPPlVSLg==/com.impos2.mixcretailassemblyrn84-aO86fgZdUa5UlWkLRqKFsw==/base.apk!/lib/arm64-v8a/libjsi.so using ns clns-7 from class loader (caller=/data/app/~~H-zAYHmmiN-gLGSPPlVSLg==/com.impos2.mixcretailassemblyrn84-aO86fgZdUa5UlWkLRqKFsw==/base.apk): ok
04-20 04:21:09.140 17053 17053 D nativeloader: Load /data/app/~~H-zAYHmmiN-gLGSPPlVSLg==/com.impos2.mixcretailassemblyrn84-aO86fgZdUa5UlWkLRqKFsw==/base.apk!/lib/arm64-v8a/libfbjni.so using ns clns-7 from class loader (caller=/data/app/~~H-zAYHmmiN-gLGSPPlVSLg==/com.impos2.mixcretailassemblyrn84-aO86fgZdUa5UlWkLRqKFsw==/base.apk): ok
04-20 04:21:09.141 17053 17053 D nativeloader: Load /data/app/~~H-zAYHmmiN-gLGSPPlVSLg==/com.impos2.mixcretailassemblyrn84-aO86fgZdUa5UlWkLRqKFsw==/base.apk!/lib/arm64-v8a/libreactnative.so using ns clns-7 from class loader (caller=/data/app/~~H-zAYHmmiN-gLGSPPlVSLg==/com.impos2.mixcretailassemblyrn84-aO86fgZdUa5UlWkLRqKFsw==/base.apk): ok
04-20 04:21:09.141 17053 17053 D jni_lib_merge: Entering merged library JNI_OnLoad.
04-20 04:21:09.141 17053 17053 D jni_lib_merge: Preparing 12 pre-merged libs (including stub)
04-20 04:21:09.141 17053 17053 D jni_lib_merge: Preparing to register libfabricjni_so.  onload_func: 0x73ad3d8a50
04-20 04:21:09.141 17053 17053 D jni_lib_merge: Preparing to register libreact_devsupportjni_so.  onload_func: 0x73ad49c36c
04-20 04:21:09.141 17053 17053 D jni_lib_merge: Preparing to register libreact_featureflagsjni_so.  onload_func: 0x73ad4b6ba8
04-20 04:21:09.141 17053 17053 D jni_lib_merge: Preparing to register libreact_newarchdefaults_so.  onload_func: 0x73ad4f4d74
04-20 04:21:09.141 17053 17053 D jni_lib_merge: Preparing to register libreactnativeblob_so.  onload_func: 0x73ad595a4c
04-20 04:21:09.141 17053 17053 D jni_lib_merge: Preparing to register libreactnativejni_so.  onload_func: 0x73ad5aa9e4
04-20 04:21:09.141 17053 17053 D jni_lib_merge: Preparing to register libreactnativejni_common_so.  onload_func: 0x73ad5adbe0
04-20 04:21:09.141 17053 17053 D jni_lib_merge: Preparing to register librninstance_so.  onload_func: 0x73ad5ca778
04-20 04:21:09.141 17053 17053 D jni_lib_merge: Preparing to register libturbomodulejsijni_so.  onload_func: 0x73ad6740e0
04-20 04:21:09.141 17053 17053 D jni_lib_merge: Preparing to register libuimanagerjni_so.  onload_func: 0x73ad67ab00
04-20 04:21:09.141 17053 17053 D jni_lib_merge: Preparing to register libyoga_so.  onload_func: 0x73ad6820c4
04-20 04:21:09.141 17053 17053 D jni_lib_merge: About to register 11 actual methods.
04-20 04:21:09.143 17053 17053 D nativeloader: Load /data/app/~~H-zAYHmmiN-gLGSPPlVSLg==/com.impos2.mixcretailassemblyrn84-aO86fgZdUa5UlWkLRqKFsw==/base.apk!/lib/arm64-v8a/libreact_codegen_rnsvg.so using ns clns-7 from class loader (caller=/data/app/~~H-zAYHmmiN-gLGSPPlVSLg==/com.impos2.mixcretailassemblyrn84-aO86fgZdUa5UlWkLRqKFsw==/base.apk): ok
04-20 04:21:09.143 17053 17053 D jni_lib_merge: Entering merged library JNI_OnLoad.
04-20 04:21:09.143 17053 17053 D jni_lib_merge: Preparing 12 pre-merged libs (including stub)
04-20 04:21:09.143 17053 17053 D jni_lib_merge: Preparing to register libfabricjni_so.  onload_func: 0x73ad3d8a50
04-20 04:21:09.143 17053 17053 D jni_lib_merge: Preparing to register libreact_devsupportjni_so.  onload_func: 0x73ad49c36c
04-20 04:21:09.143 17053 17053 D jni_lib_merge: Preparing to register libreact_featureflagsjni_so.  onload_func: 0x73ad4b6ba8
04-20 04:21:09.143 17053 17053 D jni_lib_merge: Preparing to register libreact_newarchdefaults_so.  onload_func: 0x73ad4f4d74
04-20 04:21:09.143 17053 17053 D jni_lib_merge: Preparing to register libreactnativeblob_so.  onload_func: 0x73ad595a4c
04-20 04:21:09.143 17053 17053 D jni_lib_merge: Preparing to register libreactnativejni_so.  onload_func: 0x73ad5aa9e4
04-20 04:21:09.143 17053 17053 D jni_lib_merge: Preparing to register libreactnativejni_common_so.  onload_func: 0x73ad5adbe0
04-20 04:21:09.143 17053 17053 D jni_lib_merge: Preparing to register librninstance_so.  onload_func: 0x73ad5ca778
04-20 04:21:09.143 17053 17053 D jni_lib_merge: Preparing to register libturbomodulejsijni_so.  onload_func: 0x73ad6740e0
04-20 04:21:09.143 17053 17053 D jni_lib_merge: Preparing to register libuimanagerjni_so.  onload_func: 0x73ad67ab00
04-20 04:21:09.143 17053 17053 D jni_lib_merge: Preparing to register libyoga_so.  onload_func: 0x73ad6820c4
04-20 04:21:09.143 17053 17053 D jni_lib_merge: About to register 11 actual methods.
04-20 04:21:09.145 17053 17053 D nativeloader: Load /data/app/~~H-zAYHmmiN-gLGSPPlVSLg==/com.impos2.mixcretailassemblyrn84-aO86fgZdUa5UlWkLRqKFsw==/base.apk!/lib/arm64-v8a/libappmodules.so using ns clns-7 from class loader (caller=/data/app/~~H-zAYHmmiN-gLGSPPlVSLg==/com.impos2.mixcretailassemblyrn84-aO86fgZdUa5UlWkLRqKFsw==/base.apk): ok
04-20 04:21:09.146   590   966 W OptProp : Cannot read opt property android.window.PROPERTY_COMPAT_ENABLE_FAKE_FOCUS
04-20 04:21:09.150 17053 17053 D AppCompatDelegate: Checking for metadata for AppLocalesMetadataHolderService : Service not found
04-20 04:21:09.154   590   966 D FileUtils: Rounded bytes from 3120193536 to 4000000000
04-20 04:21:09.156 17053 17053 D nativeloader: Load /data/app/~~H-zAYHmmiN-gLGSPPlVSLg==/com.impos2.mixcretailassemblyrn84-aO86fgZdUa5UlWkLRqKFsw==/base.apk!/lib/arm64-v8a/libhermesvm.so using ns clns-7 from class loader (caller=/data/app/~~H-zAYHmmiN-gLGSPPlVSLg==/com.impos2.mixcretailassemblyrn84-aO86fgZdUa5UlWkLRqKFsw==/base.apk): ok
04-20 04:21:09.157 17053 17053 D nativeloader: Load /data/app/~~H-zAYHmmiN-gLGSPPlVSLg==/com.impos2.mixcretailassemblyrn84-aO86fgZdUa5UlWkLRqKFsw==/base.apk!/lib/arm64-v8a/libhermestooling.so using ns clns-7 from class loader (caller=/data/app/~~H-zAYHmmiN-gLGSPPlVSLg==/com.impos2.mixcretailassemblyrn84-aO86fgZdUa5UlWkLRqKFsw==/base.apk): ok
04-20 04:21:09.158 17053 17053 D jni_lib_merge: Entering merged library JNI_OnLoad.
04-20 04:21:09.158 17053 17053 D jni_lib_merge: Preparing 4 pre-merged libs (including stub)
04-20 04:21:09.158 17053 17053 D jni_lib_merge: Preparing to register libhermes_executor_so.  onload_func: 0x73ad7e4728
04-20 04:21:09.158 17053 17053 D jni_lib_merge: Preparing to register libhermesinstancejni_so.  onload_func: 0x73ad7ebd44
04-20 04:21:09.158 17053 17053 D jni_lib_merge: Preparing to register libjsijniprofiler_so.  onload_func: 0x73ad7ec530
04-20 04:21:09.158 17053 17053 D jni_lib_merge: About to register 3 actual methods.
04-20 04:21:09.165 17053 17053 W unknown:BridgelessReact: ReactHost{0}.startSurface(surfaceId = 0): Schedule
04-20 04:21:09.165 17053 17053 W unknown:BridgelessReact: ReactHost{0}.attachSurface(surfaceId = 0)
04-20 04:21:09.165 17053 17072 W unknown:BridgelessReact: ReactHost{0}.getOrCreateReactInstanceTask()
04-20 04:21:09.165 17053 17072 W unknown:BridgelessReact: ReactHost{0}.getOrCreateReactInstanceTask(): Start
04-20 04:21:09.165 17053 17072 W unknown:BridgelessReact: ReactHost{0}.getJSBundleLoader()
04-20 04:21:09.165 17053 17072 W unknown:BridgelessReact: ReactHost{0}.getOrCreateReactInstanceTask(): Creating BridgelessReactContext
04-20 04:21:09.165 17053 17072 W unknown:BridgelessReact: ReactHost{0}.getOrCreateReactInstanceTask(): Creating ReactInstance
04-20 04:21:09.167 17053 17053 I StartupAudit: activity_created activity=SecondaryActivity displayIndex=1 pid=17053 time=2026-04-20 04:21:09.167
04-20 04:21:09.169 17053 17053 W unknown:BridgelessReact: ReactHost{0}.onHostResume(activity)
04-20 04:21:09.169 17053 17053 W unknown:BridgelessReact: ReactHost{0}.ReactContext.onHostResume()
04-20 04:21:09.171 17053 17053 W HWUI    : Unknown dataspace 0
04-20 04:21:09.175 17053 17072 W unknown:BridgelessReact: ReactHost{0}.getOrCreateReactInstanceTask(): Loading JS Bundle
04-20 04:21:09.176 17053 17072 W unknown:BridgelessReact: ReactHost{0}.getOrCreateReactInstanceTask(): DevSupportManager.onNewReactContextCreated()
04-20 04:21:09.176 17053 17072 W unknown:BridgelessReact: ReactHost{0}.startSurface(surfaceId = 0): Execute
04-20 04:21:09.178 17053 17073 I ReactNativeJS: Running "MixcRetailAssemblyRN84"
04-20 04:21:09.179   590   966 D CoreBackPreview: Window{cdeb00d u0 com.impos2.mixcretailassemblyrn84/com.impos2.mixcretailassemblyrn84.SecondaryActivity}: Setting back callback OnBackInvokedCallbackInfo{mCallback=android.window.IOnBackInvokedCallback$Stub$Proxy@3541dd3, mPriority=0, mIsAnimationCallback=false}
04-20 04:21:09.181 17053 17073 W unknown:ViewManagerPropertyUpdater: Could not find generated setter for class com.horcrux.svg.RenderableViewManager$DefsViewManager
04-20 04:21:09.182 17053 17067 I EGL_emulation: Opening libGLESv1_CM_emulation.so
04-20 04:21:09.182 17053 17067 I EGL_emulation: Opening libGLESv2_emulation.so
04-20 04:21:09.183 17053 17073 W unknown:ViewManagerPropertyUpdater: Could not find generated setter for class com.horcrux.svg.VirtualViewManager$c
04-20 04:21:09.184 17053 17073 W unknown:ViewManagerPropertyUpdater: Could not find generated setter for class com.horcrux.svg.RenderableViewManager$FeMergeManager
04-20 04:21:09.184 17053 17067 W HWUI    : Failed to choose config with EGL_SWAP_BEHAVIOR_PRESERVED, retrying without...
04-20 04:21:09.184 17053 17067 W HWUI    : Failed to initialize 101010-2 format, error = EGL_SUCCESS
04-20 04:21:09.186 17053 17073 W unknown:ViewManagerPropertyUpdater: Could not find generated setter for class com.facebook.react.views.safeareaview.ReactSafeAreaViewManager
04-20 04:21:09.186 17053 17073 W unknown:ViewManagerPropertyUpdater: Could not find generated setter for class com.facebook.react.uimanager.V
04-20 04:21:09.187 17053 17073 W unknown:ViewManagerPropertyUpdater: Could not find generated setter for class com.horcrux.svg.RenderableViewManager$LinearGradientManager
04-20 04:21:09.188 17053 17073 W unknown:ViewManagerPropertyUpdater: Could not find generated setter for class com.horcrux.svg.RenderableViewManager$FeGaussianBlurManager
04-20 04:21:09.188 17053 17073 W unknown:ViewManagerPropertyUpdater: Could not find generated setter for class com.facebook.react.views.progressbar.ReactProgressBarViewManager
04-20 04:21:09.189 17053 17073 W unknown:ViewManagerPropertyUpdater: Could not find generated setter for class com.facebook.react.views.progressbar.b
04-20 04:21:09.190 17053 17073 W unknown:ViewManagerPropertyUpdater: Could not find generated setter for class com.facebook.react.views.scroll.ReactHorizontalScrollViewManager
04-20 04:21:09.190   162   162 I hwservicemanager: getTransport: Cannot find entry android.hardware.graphics.mapper@4.0::IMapper/default in either framework or device VINTF manifest.
04-20 04:21:09.190 17053 17067 I Gralloc4: mapper 4.x is not supported
04-20 04:21:09.191 17053 17073 W unknown:ViewManagerPropertyUpdater: Could not find generated setter for class com.facebook.react.views.text.ReactTextViewManager
04-20 04:21:09.191 17053 17073 W unknown:ViewManagerPropertyUpdater: Could not find generated setter for class com.facebook.react.views.text.j
04-20 04:21:09.191   157   157 I servicemanager: Caller(pid=17053,uid=10217,sid=u:r:untrusted_app:s0:c217,c256,c512,c768) Could not find android.hardware.graphics.allocator.IAllocator/default in the VINTF manifest. No alternative instances declared in VINTF.
04-20 04:21:09.195 17053 17073 W unknown:ViewManagerPropertyUpdater: Could not find generated setter for class com.horcrux.svg.RenderableViewManager$FeColorMatrixManager
04-20 04:21:09.196 17053 17073 W unknown:ViewManagerPropertyUpdater: Could not find generated setter for class com.facebook.react.views.scroll.ReactHorizontalScrollContainerViewManager
04-20 04:21:09.196 17053 17073 W unknown:ViewManagerPropertyUpdater: Could not find generated setter for class com.horcrux.svg.RenderableViewManager$ClipPathViewManager
04-20 04:21:09.197 17053 17073 W unknown:ViewManagerPropertyUpdater: Could not find generated setter for class com.horcrux.svg.RenderableViewManager$SymbolManager
04-20 04:21:09.197 17053 17073 W unknown:ViewManagerPropertyUpdater: Could not find generated setter for class com.horcrux.svg.RenderableViewManager$PatternManager
04-20 04:21:09.198 17053 17073 W unknown:ViewManagerPropertyUpdater: Could not find generated setter for class com.horcrux.svg.RenderableViewManager$FeBlendManager
04-20 04:21:09.198 17053 17073 W unknown:ViewManagerPropertyUpdater: Could not find generated setter for class com.facebook.react.views.view.ReactViewManager
04-20 04:21:09.199 17053 17073 W unknown:ViewManagerPropertyUpdater: Could not find generated setter for class com.horcrux.svg.SvgViewManager
04-20 04:21:09.199 17053 17053 W unknown:BridgelessReact: ReactHost{0}.ReactContext.onHostResume()
04-20 04:21:09.199 17053 17053 W unknown:BridgelessReact: ReactHost{0}.getOrCreateReactInstanceTask(): Executing ReactInstanceEventListeners
04-20 04:21:09.199 17053 17053 W unknown:ViewManagerPropertyUpdater: Could not find generated setter for class com.facebook.react.uimanager.RootViewManager
04-20 04:21:09.199 17053 17073 W unknown:ViewManagerPropertyUpdater: Could not find generated setter for class com.facebook.react.views.switchview.ReactSwitchManager
04-20 04:21:09.200 17053 17073 W unknown:ViewManagerPropertyUpdater: Could not find generated setter for class com.facebook.react.views.switchview.d
04-20 04:21:09.201 17053 17073 W unknown:ViewManagerPropertyUpdater: Could not find generated setter for class com.horcrux.svg.RenderableViewManager$UseViewManager
04-20 04:21:09.202 17053 17073 W unknown:ViewManagerPropertyUpdater: Could not find generated setter for class com.horcrux.svg.RenderableViewManager$CircleViewManager
04-20 04:21:09.202 17053 17073 W unknown:ViewManagerPropertyUpdater: Could not find generated setter for class com.horcrux.svg.RenderableViewManager$TSpanViewManager
04-20 04:21:09.203 17053 17073 W unknown:ViewManagerPropertyUpdater: Could not find generated setter for class com.horcrux.svg.RenderableViewManager$FilterManager
04-20 04:21:09.203 17053 17073 W unknown:ViewManagerPropertyUpdater: Could not find generated setter for class com.horcrux.svg.RenderableViewManager$MarkerManager
04-20 04:21:09.204 17053 17073 W unknown:ViewManagerPropertyUpdater: Could not find generated setter for class com.facebook.react.views.modal.ReactModalHostManager
04-20 04:21:09.204 17053 17073 W unknown:ViewManagerPropertyUpdater: Could not find generated setter for class com.horcrux.svg.RenderableViewManager$ForeignObjectManager
04-20 04:21:09.205   590   610 I ActivityTaskManager: Displayed com.impos2.mixcretailassemblyrn84/.SecondaryActivity for user 0: +133ms
04-20 04:21:09.205 17053 17073 W unknown:ViewManagerPropertyUpdater: Could not find generated setter for class com.horcrux.svg.RenderableViewManager$EllipseViewManager
04-20 04:21:09.206 17053 17073 W unknown:ViewManagerPropertyUpdater: Could not find generated setter for class com.horcrux.svg.RenderableViewManager$LineViewManager
04-20 04:21:09.207 17053 17073 W unknown:ViewManagerPropertyUpdater: Could not find generated setter for class com.facebook.react.views.text.frescosupport.FrescoBasedReactTextInlineImageViewManager
04-20 04:21:09.207 17053 17073 W unknown:ViewManagerPropertyUpdater: Could not find generated setter for class com.facebook.react.views.text.frescosupport.a
04-20 04:21:09.207 17053 17073 W unknown:ViewManagerPropertyUpdater: Could not find generated setter for class com.horcrux.svg.RenderableViewManager$FeFloodManager
04-20 04:21:09.207 17053 17073 W unknown:ViewManagerPropertyUpdater: Could not find generated setter for class com.horcrux.svg.RenderableViewManager$GroupViewManager
04-20 04:21:09.208 17053 17073 W unknown:ViewManagerPropertyUpdater: Could not find generated setter for class com.horcrux.svg.RenderableViewManager$TextViewManager
04-20 04:21:09.208 17053 17073 W unknown:ViewManagerPropertyUpdater: Could not find generated setter for class com.horcrux.svg.RenderableViewManager$ImageViewManager
04-20 04:21:09.209 17053 17073 W unknown:ViewManagerPropertyUpdater: Could not find generated setter for class com.horcrux.svg.RenderableViewManager$FeCompositeManager
04-20 04:21:09.209 17053 17073 W unknown:ViewManagerPropertyUpdater: Could not find generated setter for class com.facebook.react.views.image.ReactImageManager
04-20 04:21:09.210 17053 17073 W unknown:ViewManagerPropertyUpdater: Could not find generated setter for class com.horcrux.svg.RenderableViewManager$RadialGradientManager
04-20 04:21:09.210 17053 17073 W unknown:ViewManagerPropertyUpdater: Could not find generated setter for class com.horcrux.svg.RenderableViewManager$MaskManager
04-20 04:21:09.211 17053 17073 W unknown:ViewManagerPropertyUpdater: Could not find generated setter for class com.facebook.react.views.unimplementedview.ReactUnimplementedViewManager
04-20 04:21:09.211 17053 17073 W unknown:ViewManagerPropertyUpdater: Could not find generated setter for class com.horcrux.svg.RenderableViewManager$RectViewManager
04-20 04:21:09.211 17053 17073 W unknown:ViewManagerPropertyUpdater: Could not find generated setter for class com.horcrux.svg.RenderableViewManager$TextPathViewManager
04-20 04:21:09.212 17053 17073 W unknown:ViewManagerPropertyUpdater: Could not find generated setter for class com.facebook.react.views.scroll.ReactScrollViewManager
04-20 04:21:09.213 17053 17073 W unknown:ViewManagerPropertyUpdater: Could not find generated setter for class com.horcrux.svg.RenderableViewManager$FeOffsetManager
04-20 04:21:09.213 17053 17073 W unknown:ViewManagerPropertyUpdater: Could not find generated setter for class com.horcrux.svg.RenderableViewManager$PathViewManager
04-20 04:21:09.214 17053 17073 W unknown:ViewManagerPropertyUpdater: Could not find generated setter for class com.facebook.react.views.drawer.ReactDrawerLayoutManager
04-20 04:21:09.214 17053 17073 W unknown:ViewManagerPropertyUpdater: Could not find generated setter for class com.facebook.react.views.swiperefresh.SwipeRefreshLayoutManager
04-20 04:21:09.215 17053 17073 W unknown:ViewManagerPropertyUpdater: Could not find generated setter for class com.facebook.react.views.textinput.ReactTextInputManager
04-20 04:21:09.216 17053 17073 W unknown:ViewManagerPropertyUpdater: Could not find generated setter for class com.facebook.react.views.textinput.F
04-20 04:21:09.219 17053 17073 I ConnectorManager: connector initialized
04-20 04:21:09.221 17053 17074 I assembly.android.mixc-retail-rn84.boot: {"stage":"resolve-topology:start","displayIndex":1,"displayCount":2,"topologyRole":"slave","topologyWsUrl":"ws://127.0.0.1:8888/mockMasterServer/ws"}
04-20 04:21:09.221 17053 17074 I assembly.android.mixc-retail-rn84.boot: {"stage":"resolve-topology:done","displayIndex":1,"displayCount":2,"topologyRole":"slave","topologyWsUrl":"ws://127.0.0.1:8888/mockMasterServer/ws","resolvedRole":"slave","resolvedWsUrl":"ws://127.0.0.1:8888/mockMasterServer/ws"}
04-20 04:21:09.221 17053 17074 I assembly.android.mixc-retail-rn84.boot: {"stage":"create-app:start","displayIndex":1,"displayCount":2,"topologyRole":"slave","topologyWsUrl":"ws://127.0.0.1:8888/mockMasterServer/ws"}
04-20 04:21:09.224 17053 17074 I assembly.kernel.base.runtime-shell-v2.state-runtime: [runtime.load] load kernel.base.runtime-shell-v2 {"slices":["kernel.base.runtime-shell-v2.error-catalog","kernel.base.runtime-shell-v2.parameter-catalog","kernel.base.topology-runtime-v3.config","kernel.base.topology-runtime-v3.context","kernel.base.topology-runtime-v3.connection","kernel.base.topology-runtime-v3.peer","kernel.base.topology-runtime-v3.sync","kernel.base.topology-runtime-v3.request-mirror","kernel.base.topology-runtime-v3.demo.master","kernel.base.topology-runtime-v3.demo.slave","kernel.base.tcp-control-runtime-v2.identity","kernel.base.tcp-control-runtime-v2.credential","kernel.base.tcp-control-runtime-v2.binding","kernel.base.tcp-control-runtime-v2.sandbox","kernel.base.tcp-control-runtime-v2.runtime","kernel.base.tdp-sync-runtime-v2.session","kernel.base.tdp-sync-runtime-v2.sync","kernel.base.tdp-sync-runtime-v2.projection","kernel.base.tdp-sync-runtime-v2.command-inbox","kernel.base.tdp-sync-runtime-v2.control-signals","kernel.base.tdp-sync-runtime-v2.hot-update","kernel.base.ui-runtime-v2.screen.main","kernel.base.ui-runtime-v2.screen.branch","kernel.base.ui-runtime-v2.overlay.main","kernel.base.ui-runtime-v2.overlay.branch","kernel.base.ui-runtime-v2.ui-variable.main","kernel.base.ui-runtime-v2.ui-variable.branch","ui.base.admin-console.console"],"persistableSlices":["kernel.base.runtime-shell-v2.error-catalog","kernel.base.runtime-shell-v2.parameter-catalog","kernel.base.topology-runtime-v3.config","kernel.base.tcp-control-runtime-v2.identity","kernel.base.tcp-control-runtime-v2.credential","kernel.base.tcp-control-runtime-v2.binding","kernel.base.tcp-control-runtime-v2.sandbox","kernel.base.tdp-sync-runtime-v2.sync","kernel.base.tdp-sync-runtime-v2.projection","kernel.base.tdp-sync-runtime-v2.hot-update","kernel.base.ui-runtime-v2.screen.main","kernel.base.ui-runtime-v2.screen.branch","kernel.base.ui-runtime-v2.overlay.main","kernel.base.ui-runtime-v2.overlay.branch","kernel.base.ui-runtime-v2.ui-variable.main","kernel.base.ui-runtime-v2.ui-variable.branch","ui.base.admin-console.console"],"persistenceEnabled":true}
04-20 04:21:09.224 17053 17074 I assembly.android.mixc-retail-rn84.boot: {"stage":"create-app:done","displayIndex":1,"displayCount":2,"topologyRole":"slave","topologyWsUrl":"ws://127.0.0.1:8888/mockMasterServer/ws"}
04-20 04:21:09.224 17053 17074 I assembly.android.mixc-retail-rn84.boot: {"stage":"runtime.start:start","displayIndex":1,"displayCount":2,"topologyRole":"slave","topologyWsUrl":"ws://127.0.0.1:8888/mockMasterServer/ws"}
04-20 04:21:09.224 17053 17074 I assembly.kernel.base.runtime-shell-v2.application.KernelRuntimeAppV2: [runtime.load] created kernel runtime app v2 {"runtimeName":"assembly.android.mixc-retail-rn84","runtimeId":"run_mo67o6w7_jkmrfxs7ipl7aw3a","localNodeId":"master:J9RZPWR3HK:display-1","moduleNames":["assembly.android.mixc-retail-rn84","kernel.base.topology-runtime-v3","kernel.base.tcp-control-runtime-v2","kernel.base.tdp-sync-runtime-v2","kernel.base.ui-runtime-v2","ui.base.runtime-react","ui.base.input-runtime","ui.base.admin-console","ui.base.terminal-console","ui.integration.retail-shell"]}
04-20 04:21:09.225 17053 17074 I assembly.kernel.base.runtime-shell-v2.application.KernelRuntimeAppV2: [runtime.load] start kernel runtime app v2 pre-setup {"runtimeName":"assembly.android.mixc-retail-rn84","moduleNames":["assembly.android.mixc-retail-rn84","kernel.base.topology-runtime-v3","kernel.base.tcp-control-runtime-v2","kernel.base.tdp-sync-runtime-v2","kernel.base.ui-runtime-v2","ui.base.runtime-react","ui.base.input-runtime","ui.base.admin-console","ui.base.terminal-console","ui.integration.retail-shell"]}
04-20 04:21:09.225 17053 17074 I assembly.assembly.android.mixc-retail-rn84: [runtime.load] pre-setup assembly.android.mixc-retail-rn84 {"moduleName":"assembly.android.mixc-retail-rn84","runtimeNodeId":"master:J9RZPWR3HK:display-1","knownModules":["assembly.android.mixc-retail-rn84","kernel.base.topology-runtime-v3","kernel.base.tcp-control-runtime-v2","kernel.base.tdp-sync-runtime-v2","kernel.base.ui-runtime-v2","ui.base.runtime-react","ui.base.input-runtime","ui.base.admin-console","ui.base.terminal-console","ui.integration.retail-shell"]}
04-20 04:21:09.225 17053 17074 I assembly.kernel.base.runtime-shell-v2.application.KernelRuntimeAppV2: [runtime.load] completed module pre-setup {"moduleName":"assembly.android.mixc-retail-rn84","packageVersion":"1.0.0","dependencies":[],"stateSliceNames":[],"commandNames":[],"actorKeys":["assembly.android.mixc-retail-rn84.AssemblyRuntimeInitializeActor"],"errorKeys":[],"parameterKeys":[],"hasInstall":true,"hasPreSetup":true}
04-20 04:21:09.225 17053 17074 I assembly.assembly.android.mixc-retail-rn84: [runtime.load] pre-setup kernel.base.topology-runtime-v3 {"moduleName":"kernel.base.topology-runtime-v3","runtimeNodeId":"master:J9RZPWR3HK:display-1","knownModules":["assembly.android.mixc-retail-rn84","kernel.base.topology-runtime-v3","kernel.base.tcp-control-runtime-v2","kernel.base.tdp-sync-runtime-v2","kernel.base.ui-runtime-v2","ui.base.runtime-react","ui.base.input-runtime","ui.base.admin-console","ui.base.terminal-console","ui.integration.retail-shell"]}
04-20 04:21:09.225 17053 17074 I assembly.kernel.base.runtime-shell-v2.application.KernelRuntimeAppV2: [runtime.load] completed module pre-setup {"moduleName":"kernel.base.topology-runtime-v3","packageVersion":"0.0.1","dependencies":[],"stateSliceNames":["kernel.base.topology-runtime-v3.config","kernel.base.topology-runtime-v3.context","kernel.base.topology-runtime-v3.connection","kernel.base.topology-runtime-v3.peer","kernel.base.topology-runtime-v3.sync","kernel.base.topology-runtime-v3.request-mirror","kernel.base.topology-runtime-v3.demo.master","kernel.base.topology-runtime-v3.demo.slave"],"commandNames":["kernel.base.topology-runtime-v3.set-instance-mode","kernel.base.topology-runtime-v3.set-display-mode","kernel.base.topology-runtime-v3.set-enable-slave","kernel.base.topology-runtime-v3.set-master-locator","kernel.base.topology-runtime-v3.clear-master-locator","kernel.base.topology-runtime-v3.refresh-topology-context","kernel.base.topology-runtime-v3.start-topology-connection","kernel.base.topology-runtime-v3.stop-topology-connection","kernel.base.topology-runtime-v3.restart-topology-connection","kernel.base.topology-runtime-v3.upsert-demo-master-entry","kernel.base.topology-runtime-v3.remove-demo-master-entry","kernel.base.topology-runtime-v3.reset-demo-master-state","kernel.base.topology-runtime-v3.upsert-demo-slave-entry","kernel.base.topology-runtime-v3.remove-demo-slave-entry","kernel.base.topology-runtime-v3.reset-demo-slave-state"],"actorKeys":["kernel.base.topology-runtime-v3.TopologyContextActor","kernel.base.topology-runtime-v3.TopologyConnectionActor","kernel.base.topology-runtime-v3.TopologyDemoSyncActor"],"errorKeys":["kernel.base.topology-runtime-v3.display_context_required","kernel.base.topology-runtime-v3.orchestrator_required","kernel.base.topology-runtime-v3.socket_binding_required","kernel.base.topology-runtime-v3.hello_runtime_required","kernel.base.topology-runtime-v3.action_not_allowed"],"parameterKeys":["kernel.base.topology-runtime-v3.reconnect-interval-ms"],"hasInstall":true,"hasPreSetup":true}
04-20 04:21:09.225 17053 17074 I assembly.assembly.android.mixc-retail-rn84: [runtime.load] pre-setup kernel.base.tcp-control-runtime-v2 {"moduleName":"kernel.base.tcp-control-runtime-v2","runtimeNodeId":"master:J9RZPWR3HK:display-1","knownModules":["assembly.android.mixc-retail-rn84","kernel.base.topology-runtime-v3","kernel.base.tcp-control-runtime-v2","kernel.base.tdp-sync-runtime-v2","kernel.base.ui-runtime-v2","ui.base.runtime-react","ui.base.input-runtime","ui.base.admin-console","ui.base.terminal-console","ui.integration.retail-shell"]}
