04-20 04:30:09.928  1099  1099 W FrameTracker: Missed App frame:JANK_APP_DEADLINE_MISSED, 174734043, 0, CUJ=J<TASKBAR_COLLAPSE::Home to App>
04-20 04:30:09.928  1099  1099 W FrameTracker: Missing HWUI jank callback for vsyncId: 174734043, CUJ=J<TASKBAR_COLLAPSE::Home to App>
04-20 04:30:09.928  1099  1099 W FrameTracker: Missed App frame:UNKNOWN: 88, 174734079, 0, CUJ=J<TASKBAR_COLLAPSE::Home to App>
04-20 04:30:09.928  1099  1099 W FrameTracker: Missed SF frame:UNKNOWN: 88, 174734079, 0, CUJ=J<TASKBAR_COLLAPSE::Home to App>
04-20 04:30:09.928  1099  1099 W FrameTracker: Missing HWUI jank callback for vsyncId: 174734079, CUJ=J<TASKBAR_COLLAPSE::Home to App>
04-20 04:30:09.928  1099  1099 W FrameTracker: Missed App frame:UNKNOWN: 88, 174734122, 60850024, CUJ=J<TASKBAR_COLLAPSE::Home to App>
04-20 04:30:09.928  1099  1099 W FrameTracker: Missed SF frame:UNKNOWN: 88, 174734122, 60850024, CUJ=J<TASKBAR_COLLAPSE::Home to App>
04-20 04:30:09.928  1099  1099 W FrameTracker: Missed SF frame:UNKNOWN: 80, 174734208, 43979567, CUJ=J<TASKBAR_COLLAPSE::Home to App>
04-20 04:30:09.928  1099  1099 W FrameTracker: Missed SF frame:UNKNOWN: 80, 174734294, 21772318, CUJ=J<TASKBAR_COLLAPSE::Home to App>
04-20 04:30:09.928  1099  1099 W FrameTracker: Missed SF frame:UNKNOWN: 80, 174734344, 21686986, CUJ=J<TASKBAR_COLLAPSE::Home to App>
04-20 04:30:09.928  1099  1099 W FrameTracker: Missed SF frame:UNKNOWN: 80, 174734387, 21565945, CUJ=J<TASKBAR_COLLAPSE::Home to App>
04-20 04:30:09.928  1099  1099 W FrameTracker: Missed SF frame:UNKNOWN: 80, 174734423, 22566779, CUJ=J<TASKBAR_COLLAPSE::Home to App>
04-20 04:30:09.928  1099  1099 W FrameTracker: Missed SF frame:UNKNOWN: 80, 174734459, 21786988, CUJ=J<TASKBAR_COLLAPSE::Home to App>
04-20 04:30:09.928  1099  1099 W FrameTracker: Missed SF frame:UNKNOWN: 80, 174734495, 23307238, CUJ=J<TASKBAR_COLLAPSE::Home to App>
04-20 04:30:09.928  1099  1099 W FrameTracker: Missed SF frame:UNKNOWN: 80, 174734531, 21073822, CUJ=J<TASKBAR_COLLAPSE::Home to App>
04-20 04:30:09.928  1099  1099 W FrameTracker: Missed SF frame:UNKNOWN: 80, 174734567, 19981406, CUJ=J<TASKBAR_COLLAPSE::Home to App>
04-20 04:30:09.928  1099  1099 W FrameTracker: Missed SF frame:UNKNOWN: 80, 174734603, 26625032, CUJ=J<TASKBAR_COLLAPSE::Home to App>
04-20 04:30:09.928  1099  1099 W FrameTracker: Missed SF frame:UNKNOWN: 80, 174734646, 21581741, CUJ=J<TASKBAR_COLLAPSE::Home to App>
04-20 04:30:09.928  1099  1099 W FrameTracker: Missed SF frame:UNKNOWN: 80, 174734682, 22224075, CUJ=J<TASKBAR_COLLAPSE::Home to App>
04-20 04:30:09.928  1099  1099 W FrameTracker: Missed SF frame:UNKNOWN: 80, 174734718, 21777492, CUJ=J<TASKBAR_COLLAPSE::Home to App>
04-20 04:30:09.928  1099  1099 W FrameTracker: Missed SF frame:UNKNOWN: 80, 174734747, 21768118, CUJ=J<TASKBAR_COLLAPSE::Home to App>
04-20 04:30:09.928  1099  1099 W FrameTracker: Missed SF frame:UNKNOWN: 80, 174734783, 21001702, CUJ=J<TASKBAR_COLLAPSE::Home to App>
04-20 04:30:09.928  1099  1099 W FrameTracker: Missed SF frame:UNKNOWN: 80, 174734812, 20719119, CUJ=J<TASKBAR_COLLAPSE::Home to App>
04-20 04:30:09.928  1099  1099 W FrameTracker: Missed SF frame:UNKNOWN: 80, 174734841, 21484453, CUJ=J<TASKBAR_COLLAPSE::Home to App>
04-20 04:30:09.928  1099  1099 W FrameTracker: Missed SF frame:UNKNOWN: 80, 174734870, 20753704, CUJ=J<TASKBAR_COLLAPSE::Home to App>
04-20 04:30:09.928  1099  1099 W FrameTracker: Missed App frame:UNKNOWN: 88, 174734899, 34780121, CUJ=J<TASKBAR_COLLAPSE::Home to App>
04-20 04:30:09.928  1099  1099 W FrameTracker: Missed SF frame:UNKNOWN: 88, 174734899, 34780121, CUJ=J<TASKBAR_COLLAPSE::Home to App>
04-20 04:30:09.928  1099  1125 V PerfettoTrigger: Triggering /system/bin/trigger_perfetto com.android.telemetry.interaction-jank-monitor-61
04-20 04:30:09.949   836   886 W FrameTracker: Missing HWUI jank callback for vsyncId: 174734108, CUJ=J<SPLASHSCREEN_EXIT_ANIM>
04-20 04:30:09.949   836   886 W FrameTracker: Missed SF frame:PREDICTION_ERROR, 174734151, 11677108, CUJ=J<SPLASHSCREEN_EXIT_ANIM>
04-20 04:30:09.949   836   886 W FrameTracker: Missed App frame:UNKNOWN: 24, 174734194, 27343025, CUJ=J<SPLASHSCREEN_EXIT_ANIM>
04-20 04:30:09.949   836   886 W FrameTracker: Missed SF frame:UNKNOWN: 24, 174734194, 27343025, CUJ=J<SPLASHSCREEN_EXIT_ANIM>
04-20 04:30:09.949   836   886 W FrameTracker: Missed SF frame:UNKNOWN: 80, 174734251, 26977901, CUJ=J<SPLASHSCREEN_EXIT_ANIM>
04-20 04:30:09.949   836   886 W FrameTracker: Missed SF frame:UNKNOWN: 80, 174734280, 18817318, CUJ=J<SPLASHSCREEN_EXIT_ANIM>
04-20 04:30:09.949   836   886 W FrameTracker: Missed SF frame:UNKNOWN: 80, 174734330, 20660569, CUJ=J<SPLASHSCREEN_EXIT_ANIM>
04-20 04:30:09.949   836   886 W FrameTracker: Missed SF frame:UNKNOWN: 80, 174734380, 22268820, CUJ=J<SPLASHSCREEN_EXIT_ANIM>
04-20 04:30:09.949   836   886 W FrameTracker: Missed SF frame:UNKNOWN: 80, 174734416, 21811779, CUJ=J<SPLASHSCREEN_EXIT_ANIM>
04-20 04:30:09.949   836   886 W FrameTracker: Missed SF frame:UNKNOWN: 80, 174734452, 21128446, CUJ=J<SPLASHSCREEN_EXIT_ANIM>
04-20 04:30:09.949   836   886 W FrameTracker: Missed SF frame:UNKNOWN: 80, 174734488, 22159863, CUJ=J<SPLASHSCREEN_EXIT_ANIM>
04-20 04:30:09.949   836   886 W FrameTracker: Missed SF frame:UNKNOWN: 80, 174734524, 0, CUJ=J<SPLASHSCREEN_EXIT_ANIM>
04-20 04:30:09.949   836   886 W FrameTracker: Missing HWUI jank callback for vsyncId: 174734524, CUJ=J<SPLASHSCREEN_EXIT_ANIM>
04-20 04:30:09.949   836   886 W FrameTracker: Missed SF frame:UNKNOWN: 80, 174734560, 21410615, CUJ=J<SPLASHSCREEN_EXIT_ANIM>
04-20 04:30:09.949   836   886 W FrameTracker: Missed SF frame:UNKNOWN: 80, 174734596, 22501574, CUJ=J<SPLASHSCREEN_EXIT_ANIM>
04-20 04:30:09.949   836   886 W FrameTracker: Missed SF frame:UNKNOWN: 80, 174734639, 18816533, CUJ=J<SPLASHSCREEN_EXIT_ANIM>
04-20 04:30:09.949   836   886 W FrameTracker: Missed SF frame:UNKNOWN: 80, 174734668, 21854783, CUJ=J<SPLASHSCREEN_EXIT_ANIM>
04-20 04:30:09.949   836   886 W FrameTracker: Missed SF frame:UNKNOWN: 80, 174734711, 21032242, CUJ=J<SPLASHSCREEN_EXIT_ANIM>
04-20 04:30:09.949   836   886 W FrameTracker: Missed SF frame:UNKNOWN: 80, 174734740, 21637535, CUJ=J<SPLASHSCREEN_EXIT_ANIM>
04-20 04:30:09.949   836   886 W FrameTracker: Missed SF frame:UNKNOWN: 80, 174734776, 21232577, CUJ=J<SPLASHSCREEN_EXIT_ANIM>
04-20 04:30:09.949   836   886 W FrameTracker: Missed SF frame:UNKNOWN: 80, 174734805, 20435078, CUJ=J<SPLASHSCREEN_EXIT_ANIM>
04-20 04:30:09.949   836   886 W FrameTracker: Missed SF frame:UNKNOWN: 80, 174734834, 21177370, CUJ=J<SPLASHSCREEN_EXIT_ANIM>
04-20 04:30:09.949   836   886 W FrameTracker: Missed App frame:UNKNOWN: 88, 174734863, 0, CUJ=J<SPLASHSCREEN_EXIT_ANIM>
04-20 04:30:09.949   836   886 W FrameTracker: Missed SF frame:UNKNOWN: 88, 174734863, 0, CUJ=J<SPLASHSCREEN_EXIT_ANIM>
04-20 04:30:09.949   836   886 W FrameTracker: Missing HWUI jank callback for vsyncId: 174734863, CUJ=J<SPLASHSCREEN_EXIT_ANIM>
04-20 04:30:09.949   836   879 V PerfettoTrigger: Triggering /system/bin/trigger_perfetto com.android.telemetry.interaction-jank-monitor-39
04-20 04:30:09.997   937  2487 I FontLog : Received query Noto Color Emoji Compat, URI content://com.google.android.gms.fonts [CONTEXT service_id=132 ]
04-20 04:30:09.997   937  2487 I FontLog : Query [emojicompat-emoji-font] resolved to {Noto Color Emoji Compat, wdth 100.0, wght 400, ital 0.0, bestEffort false} [CONTEXT service_id=132 ]
04-20 04:30:09.998   937  2487 I FontLog : Fetch {Noto Color Emoji Compat, wdth 100.0, wght 400, ital 0.0, bestEffort false} end status Status{statusCode=SUCCESS, resolution=null} [CONTEXT service_id=132 ]
04-20 04:30:09.999   937  2487 I FontLog : Pulling font file for id = 57, cache size = 4 [CONTEXT service_id=132 ]
04-20 04:30:10.001   937  2487 I FontLog : Pulling font file for id = 57, cache size = 4 [CONTEXT service_id=132 ]
04-20 04:30:11.214 17203 17218 D EGL_emulation: app_time_stats: avg=337.29ms min=27.62ms max=1493.90ms count=5
04-20 04:30:12.681 17203 17203 I StartupAudit: secondary_launch_attempt displayCount=2 displayId=2 pid=17203 time=2026-04-20 04:30:12.681
04-20 04:30:12.683   590   963 W OptProp : Cannot read opt property android.window.PROPERTY_COMPAT_ALLOW_USER_ASPECT_RATIO_OVERRIDE
04-20 04:30:12.683   590   963 W OptProp : Cannot read opt property android.window.PROPERTY_COMPAT_ALLOW_USER_ASPECT_RATIO_FULLSCREEN_OVERRIDE
04-20 04:30:12.683   590   963 W OptProp : Cannot read opt property android.window.PROPERTY_COMPAT_ALLOW_ORIENTATION_OVERRIDE
04-20 04:30:12.683   590   963 V GrammaticalInflectionUtils: AttributionSource: AttributionSource { uid = 10217, packageName = null, attributionTag = null, token = android.os.Binder@bdb3573, deviceId = 0, next = null } does not have READ_SYSTEM_GRAMMATICAL_GENDER permission.
04-20 04:30:12.683   590   963 W OptProp : Cannot read opt property android.window.PROPERTY_COMPAT_ALLOW_RESIZEABLE_ACTIVITY_OVERRIDES
04-20 04:30:12.683   590   963 W OptProp : Cannot read opt property android.window.PROPERTY_COMPAT_ALLOW_MIN_ASPECT_RATIO_OVERRIDE
04-20 04:30:12.687   590   963 W InputDispatcher: Focused display #2 does not have a focused window.
04-20 04:30:12.687   590   963 E InputDispatcher: But another display has a focused window
04-20 04:30:12.687   590   963 E InputDispatcher:   FocusedWindows:
04-20 04:30:12.687   590   963 E InputDispatcher:     displayId=0, name='b1caff6 com.impos2.mixcretailassemblyrn84/com.impos2.mixcretailassemblyrn84.MainActivity'
04-20 04:30:12.689   836   874 V WindowManagerShell: Transition requested (#577): android.os.BinderProxy@25181ca TransitionRequestInfo { type = OPEN, triggerTask = TaskInfo{userId=0 taskId=880 displayId=2 isRunning=true baseIntent=Intent { flg=0x18000000 cmp=com.impos2.mixcretailassemblyrn84/.SecondaryActivity } baseActivity=ComponentInfo{com.impos2.mixcretailassemblyrn84/com.impos2.mixcretailassemblyrn84.SecondaryActivity} topActivity=ComponentInfo{com.impos2.mixcretailassemblyrn84/com.impos2.mixcretailassemblyrn84.SecondaryActivity} origActivity=null realActivity=ComponentInfo{com.impos2.mixcretailassemblyrn84/com.impos2.mixcretailassemblyrn84.SecondaryActivity} numActivities=1 lastActiveTime=271998235 supportsMultiWindow=true resizeMode=1 isResizeable=true minWidth=-1 minHeight=-1 defaultMinSize=220 token=WCT{android.window.IWindowContainerToken$Stub$Proxy@e7bff3b} topActivityType=1 pictureInPictureParams=null shouldDockBigOverlays=false launchIntoPipHostTaskId=-1 lastParentTaskIdBeforePip=-1 displayCutoutSafeInsets=null topActivityInfo=ActivityInfo{531d658 com.impos2.mixcretailassemblyrn84.SecondaryActivity} launchCookies=[] positionInParent=Point(0, 0) parentTaskId=-1 isFocused=false isVisible=false isVisibleRequested=true isSleeping=false locusId=null displayAreaFeatureId=1 isTopActivityTransparent=false appCompatTaskInfo=AppCompatTaskInfo { topActivityInSizeCompat=false topActivityEligibleForLetterboxEducation= falseisLetterboxEducationEnabled= true isLetterboxDoubleTapEnabled= false topActivityEligibleForUserAspectRatioButton= false topActivityBoundsLetterboxed= false isFromLetterboxDoubleTap= false topActivityLetterboxVerticalPosition= -1 topActivityLetterboxHorizontalPosition= -1 topActivityLetterboxWidth=2560 topActivityLetterboxHeight=1600 isUserFullscreenOverrideEnabled=false isSystemFullscreenOverrideEnabled=false cameraCompatTaskInfo=CameraCompatTaskInfo { cameraCompatControlState=hidden freeformCameraCompatMode=inactive}}}, pipTask = null, remoteTransition = null, displayChange = null, flags = 0, debugId = 577 }
04-20 04:30:12.689   590   963 I ActivityTaskManager: START u0 {flg=0x18000000 cmp=com.impos2.mixcretailassemblyrn84/.SecondaryActivity} with LAUNCH_MULTIPLE from uid 10217 (BAL_ALLOW_VISIBLE_WINDOW) result code=0
04-20 04:30:12.689   836   874 D ShellDesktopMode: DesktopTaskRepo: visibleTaskCount= 0
04-20 04:30:12.689   590   613 V GrammaticalInflectionUtils: AttributionSource: AttributionSource { uid = 10217, packageName = null, attributionTag = null, token = android.os.Binder@bdb3573, deviceId = 0, next = null } does not have READ_SYSTEM_GRAMMATICAL_GENDER permission.
04-20 04:30:12.690   836   888 D SplashScreenView: Build android.window.SplashScreenView{5a15417 V.E...... ......ID 0,0-0,0}
04-20 04:30:12.690   836   888 D SplashScreenView: Icon: view: null drawable: null size: 0
04-20 04:30:12.690   836   888 D SplashScreenView: Branding: view: android.view.View{e1a0004 G.ED..... ......I. 0,0-0,0 #1020503 android:id/splashscreen_branding_view} drawable: null size w: 0 h: 0
04-20 04:30:12.691  1099  1099 I TopTaskTracker: onTaskMovedToFront: (moved taskInfo to front) taskId=880, baseIntent=Intent { flg=0x18000000 cmp=com.impos2.mixcretailassemblyrn84/.SecondaryActivity }
04-20 04:30:12.691  1099  1099 I TopTaskTracker: onTaskMovedToFront: (removing top task on home display) taskId=879, baseIntent=Intent { flg=0x10000000 cmp=com.impos2.mixcretailassemblyrn84/.MainActivity }
04-20 04:30:12.692   439   439 I BpBinder: onLastStrongRef automatically unlinking death recipients: 
04-20 04:30:12.695   590  3910 D CoreBackPreview: Window{2279860 u0 Splash Screen com.impos2.mixcretailassemblyrn84}: Setting back callback OnBackInvokedCallbackInfo{mCallback=android.window.IOnBackInvokedCallback$Stub$Proxy@48355de, mPriority=0, mIsAnimationCallback=false}
04-20 04:30:12.696   389   389 D Zygote  : Forked child process 17271
04-20 04:30:12.696   590   626 I ActivityManager: Start proc 17271:com.impos2.mixcretailassemblyrn84:secondary/u0a217 for next-top-activity {com.impos2.mixcretailassemblyrn84/com.impos2.mixcretailassemblyrn84.SecondaryActivity}
04-20 04:30:12.706 17271 17271 I yrn84:secondary: Using CollectorTypeCMC GC.
04-20 04:30:12.708   836  2329 V WindowManagerShell: onTransitionReady(transaction=2534030746332)
04-20 04:30:12.708   836   874 V WindowManagerShell: onTransitionReady (#577) android.os.BinderProxy@25181ca: {id=577 t=OPEN f=0x0 trk=0 r=[2@Point(0, 0)] c=[{WCT{android.window.IWindowContainerToken$Stub$Proxy@5e72d2b} m=OPEN f=NONE leash=Surface(name=Task=880)/@0x3ef4b9c sb=Rect(0, 0 - 2560, 1600) eb=Rect(0, 0 - 2560, 1600) d=2 taskParent=-1},{WCT{android.window.IWindowContainerToken$Stub$Proxy@d738588} m=TO_BACK f=SHOW_WALLPAPER leash=Surface(name=Task=671)/@0xc94e9a5 sb=Rect(0, 0 - 2560, 1600) eb=Rect(0, 0 - 2560, 1600) d=2 taskParent=-1}]}
04-20 04:30:12.708   590   610 V WindowManager: Sent Transition (#577) createdAt=04-20 04:30:12.683 via request=TransitionRequestInfo { type = OPEN, triggerTask = TaskInfo{userId=0 taskId=880 displayId=2 isRunning=true baseIntent=Intent { flg=0x18000000 cmp=com.impos2.mixcretailassemblyrn84/.SecondaryActivity } baseActivity=ComponentInfo{com.impos2.mixcretailassemblyrn84/com.impos2.mixcretailassemblyrn84.SecondaryActivity} topActivity=ComponentInfo{com.impos2.mixcretailassemblyrn84/com.impos2.mixcretailassemblyrn84.SecondaryActivity} origActivity=null realActivity=ComponentInfo{com.impos2.mixcretailassemblyrn84/com.impos2.mixcretailassemblyrn84.SecondaryActivity} numActivities=1 lastActiveTime=271998235 supportsMultiWindow=true resizeMode=1 isResizeable=true minWidth=-1 minHeight=-1 defaultMinSize=220 token=WCT{RemoteToken{cd41378 Task{738e2c7 #880 type=standard A=10217:com.impos2.mixcretailassemblyrn84}}} topActivityType=1 pictureInPictureParams=null shouldDockBigOverlays=false launchIntoPipHostTaskId=-1 lastParentTaskIdBeforePip=-1 displayCutoutSafeInsets=null topActivityInfo=ActivityInfo{b0b0a51 com.impos2.mixcretailassemblyrn84.SecondaryActivity} launchCookies=[] positionInParent=Point(0, 0) parentTaskId=-1 isFocused=false isVisible=false isVisibleRequested=true isSleeping=false locusId=null displayAreaFeatureId=1 isTopActivityTransparent=false appCompatTaskInfo=AppCompatTaskInfo { topActivityInSizeCompat=false topActivityEligibleForLetterboxEducation= falseisLetterboxEducationEnabled= true isLetterboxDoubleTapEnabled= false topActivityEligibleForUserAspectRatioButton= false topActivityBoundsLetterboxed= false isFromLetterboxDoubleTap= false topActivityLetterboxVerticalPosition= -1 topActivityLetterboxHorizontalPosition= -1 topActivityLetterboxWidth=2560 topActivityLetterboxHeight=1600 isUserFullscreenOverrideEnabled=false isSystemFullscreenOverrideEnabled=false cameraCompatTaskInfo=CameraCompatTaskInfo { cameraCompatControlState=hidden freeformCameraCompatMode=inactive}}}, pipTask = null, remoteTransition = null, displayChange = null, flags = 0, debugId = 577 }
04-20 04:30:12.708 17271 17271 E yrn84:secondary: Not starting debugger since process cannot load the jdwp agent.
04-20 04:30:12.708   590   610 V WindowManager:     startWCT=WindowContainerTransaction { changes = {} hops = [] errorCallbackToken=null taskFragmentOrganizer=null }
04-20 04:30:12.708   590   610 V WindowManager:     info={id=577 t=OPEN f=0x0 trk=0 r=[2@Point(0, 0)] c=[
04-20 04:30:12.708   590   610 V WindowManager:         {WCT{RemoteToken{cd41378 Task{738e2c7 #880 type=standard A=10217:com.impos2.mixcretailassemblyrn84}}} m=OPEN f=NONE leash=Surface(name=Task=880)/@0x1ddda8c sb=Rect(0, 0 - 2560, 1600) eb=Rect(0, 0 - 2560, 1600) d=2 taskParent=-1},
04-20 04:30:12.708   590   610 V WindowManager:         {WCT{RemoteToken{473bc8f Task{c2f742b #671 type=home}}} m=TO_BACK f=SHOW_WALLPAPER leash=Surface(name=Task=671)/@0x5554f84 sb=Rect(0, 0 - 2560, 1600) eb=Rect(0, 0 - 2560, 1600) d=2 taskParent=-1}
04-20 04:30:12.708   590   610 V WindowManager:     ]}
04-20 04:30:12.709 17271 17271 D nativeloader: Load libframework-connectivity-tiramisu-jni.so using APEX ns com_android_tethering for caller /apex/com.android.tethering/javalib/framework-connectivity-t.jar: ok
04-20 04:30:12.711   590  2409 W UserManagerService: Requested status bar icon for non-badged user 0
04-20 04:30:12.711   836   874 V WindowManagerShell: Playing animation for (#577) android.os.BinderProxy@25181ca@0
04-20 04:30:12.711   836   874 V WindowManagerShell:  try handler com.android.wm.shell.transition.DefaultMixedHandler@a4b4bb1
04-20 04:30:12.711   836   874 V WindowManagerShell:  try handler com.android.wm.shell.keyguard.KeyguardTransitionHandler@f055896
04-20 04:30:12.711   836   874 V WindowManagerShell:  try handler com.android.wm.shell.pip.PipTransition@489c17
04-20 04:30:12.711   836   874 V WindowManagerShell:  try handler com.android.wm.shell.activityembedding.ActivityEmbeddingController@f43a804
04-20 04:30:12.711   836   874 V WindowManagerShell:  try handler com.android.wm.shell.splitscreen.StageCoordinator@417f1ed
04-20 04:30:12.711   836   874 V WindowManagerShell:  try handler com.android.wm.shell.desktopmode.DesktopTasksController@4366822
04-20 04:30:12.711   836   874 V WindowManagerShell:  try handler com.android.wm.shell.recents.RecentsTransitionHandler@b30e2b3
04-20 04:30:12.711   836   874 V ShellRecents: RecentsTransitionHandler.startAnimation: no controller found
04-20 04:30:12.711   836   874 V WindowManagerShell:  try handler com.android.wm.shell.transition.RemoteTransitionHandler@2554070
04-20 04:30:12.712   836   874 V WindowManagerShell: Transition doesn't have explicit remote, search filters for match for {id=577 t=OPEN f=0x0 trk=0 r=[2@Point(0, 0)] c=[{WCT{android.window.IWindowContainerToken$Stub$Proxy@5e72d2b} m=OPEN f=NONE leash=Surface(name=Task=880)/@0x3ef4b9c sb=Rect(0, 0 - 2560, 1600) eb=Rect(0, 0 - 2560, 1600) d=2 taskParent=-1},{WCT{android.window.IWindowContainerToken$Stub$Proxy@d738588} m=TO_BACK f=SHOW_WALLPAPER leash=Surface(name=Task=671)/@0xc94e9a5 sb=Rect(0, 0 - 2560, 1600) eb=Rect(0, 0 - 2560, 1600) d=2 taskParent=-1}]}
04-20 04:30:12.712   836   874 V WindowManagerShell:  Checking filter Pair{{types=[] flags=0x0] notFlags=0x0 checks=[{atype=undefined independent=true modes=[OPEN,TO_FRONT] flags=IN_TASK_WITH_EMBEDDED_ACTIVITY mustBeTask=false order=ANY topActivity=ComponentInfo{com.google.android.apps.nexuslauncher/com.google.android.apps.nexuslauncher.NexusLauncherActivity} launchCookie=null},{atype=undefined independent=true modes=[CLOSE,TO_BACK] flags=IN_TASK_WITH_EMBEDDED_ACTIVITY mustBeTask=false order=ANY topActivity=null launchCookie=null}]} RemoteTransition { remoteTransition = android.window.IRemoteTransition$Stub$Proxy@e8ebfe9, appThread = android.app.IApplicationThread$Stub$Proxy@876e46e, debugName = OverlaySwipeBack }}
04-20 04:30:12.712   836   874 V WindowManagerShell:  Checking filter Pair{{types=[] flags=0x0] notFlags=0x0 checks=[{atype=dream independent=true modes=[OPEN,TO_FRONT] flags=NONE mustBeTask=false order=ANY topActivity=null launchCookie=null},{atype=home independent=true modes=[CLOSE,TO_BACK] flags=NONE mustBeTask=false order=ANY topActivity=null launchCookie=null}]} RemoteTransition { remoteTransition = android.window.IRemoteTransition$Stub$Proxy@f4cf70f, appThread = android.app.IApplicationThread$Stub$Proxy@ba5f39c, debugName = LauncherToDream }}
04-20 04:30:12.713   836   874 V WindowManagerShell:  Checking filter Pair{{types=[] flags=0x0] notFlags=0x100 checks=[{atype=home independent=true modes=[OPEN,TO_FRONT] flags=NONE mustBeTask=false order=TOP topActivity=ComponentInfo{com.google.android.apps.nexuslauncher/com.google.android.apps.nexuslauncher.NexusLauncherActivity} launchCookie=null},{atype=standard independent=true modes=[CLOSE,TO_BACK] flags=NONE mustBeTask=false order=ANY topActivity=null launchCookie=null}]} RemoteTransition { remoteTransition = android.window.IRemoteTransition$Stub$Proxy@c8a71a5, appThread = android.app.IApplicationThread$Stub$Proxy@30d97a, debugName = QuickstepLaunchHome }}
04-20 04:30:12.713   836   874 V WindowManagerShell:  Delegate animation for (#577) to null
04-20 04:30:12.713   836   874 V WindowManagerShell:  try handler com.android.wm.shell.transition.DefaultTransitionHandler@56bf52b
04-20 04:30:12.713   836   874 V WindowManagerShell: start default transition animation, info = {id=577 t=OPEN f=0x0 trk=0 r=[2@Point(0, 0)] c=[{WCT{android.window.IWindowContainerToken$Stub$Proxy@5e72d2b} m=OPEN f=NONE leash=Surface(name=Task=880)/@0x3ef4b9c sb=Rect(0, 0 - 2560, 1600) eb=Rect(0, 0 - 2560, 1600) d=2 taskParent=-1},{WCT{android.window.IWindowContainerToken$Stub$Proxy@d738588} m=TO_BACK f=SHOW_WALLPAPER leash=Surface(name=Task=671)/@0xc94e9a5 sb=Rect(0, 0 - 2560, 1600) eb=Rect(0, 0 - 2560, 1600) d=2 taskParent=-1}]}
04-20 04:30:12.713   836   874 V WindowManagerShell: loadAnimation: anim=android.view.animation.AnimationSet@8bb7da0 animAttr=0x13 type=OPEN isEntrance=false
04-20 04:30:12.713   388   472 I netd    : tetherGetStats() -> {[]} <0.20ms>
04-20 04:30:12.714   836   874 V WindowManagerShell: loadAnimation: anim=android.view.animation.AnimationSet@af579ff animAttr=0x12 type=OPEN isEntrance=true
04-20 04:30:12.715   836   874 V WindowManagerShell:  animated by com.android.wm.shell.transition.DefaultTransitionHandler@56bf52b
04-20 04:30:12.720 17271 17271 D nativeloader: Configuring clns-7 for other apk /data/app/~~H-zAYHmmiN-gLGSPPlVSLg==/com.impos2.mixcretailassemblyrn84-aO86fgZdUa5UlWkLRqKFsw==/base.apk. target_sdk_version=36, uses_libraries=, library_path=/data/app/~~H-zAYHmmiN-gLGSPPlVSLg==/com.impos2.mixcretailassemblyrn84-aO86fgZdUa5UlWkLRqKFsw==/lib/arm64:/data/app/~~H-zAYHmmiN-gLGSPPlVSLg==/com.impos2.mixcretailassemblyrn84-aO86fgZdUa5UlWkLRqKFsw==/base.apk!/lib/arm64-v8a, permitted_path=/data:/mnt/expand:/data/user/0/com.impos2.mixcretailassemblyrn84
04-20 04:30:12.722 17271 17271 V GraphicsEnvironment: Currently set values for:
04-20 04:30:12.722 17271 17271 V GraphicsEnvironment:   angle_gl_driver_selection_pkgs=[]
04-20 04:30:12.722 17271 17271 V GraphicsEnvironment:   angle_gl_driver_selection_values=[]
04-20 04:30:12.722 17271 17271 V GraphicsEnvironment: Global.Settings values are invalid: number of packages: 0, number of values: 0
04-20 04:30:12.723 17271 17271 V GraphicsEnvironment: Neither updatable production driver nor prerelease driver is supported.
04-20 04:30:12.724 17271 17271 W SoLoader: Initializing SoLoader: 0
04-20 04:30:12.724 17271 17271 W SoLoader: Recording new base apk path: /data/app/~~H-zAYHmmiN-gLGSPPlVSLg==/com.impos2.mixcretailassemblyrn84-aO86fgZdUa5UlWkLRqKFsw==/base.apk
04-20 04:30:12.724 17271 17271 W SoLoader: Previously recorded 0 base apk paths.
04-20 04:30:12.724 17271 17271 I SoLoader: Preparing SO source: DirectorySoSource[root = /vendor/lib64 flags = 2]
04-20 04:30:12.724 17271 17271 I SoLoader: Preparing SO source: DirectorySoSource[root = /system/lib64 flags = 2]
04-20 04:30:12.724 17271 17271 I SoLoader: Preparing SO source: DirectApkSoSource[root = [/data/app/~~H-zAYHmmiN-gLGSPPlVSLg==/com.impos2.mixcretailassemblyrn84-aO86fgZdUa5UlWkLRqKFsw==/base.apk!/lib/arm64-v8a]]
04-20 04:30:12.725 17271 17271 I SoLoader: Preparing SO source: ApplicationSoSource[DirectorySoSource[root = /data/app/~~H-zAYHmmiN-gLGSPPlVSLg==/com.impos2.mixcretailassemblyrn84-aO86fgZdUa5UlWkLRqKFsw==/lib/arm64 flags = 0]]
04-20 04:30:12.725 17271 17271 I SoLoader: init finish: 4 SO sources prepared
04-20 04:30:12.725 17271 17271 W SoLoader: SoLoader initialized: 8
04-20 04:30:12.727 17271 17271 D nativeloader: Load /data/app/~~H-zAYHmmiN-gLGSPPlVSLg==/com.impos2.mixcretailassemblyrn84-aO86fgZdUa5UlWkLRqKFsw==/base.apk!/lib/arm64-v8a/libc++_shared.so using ns clns-7 from class loader (caller=/data/app/~~H-zAYHmmiN-gLGSPPlVSLg==/com.impos2.mixcretailassemblyrn84-aO86fgZdUa5UlWkLRqKFsw==/base.apk): ok
04-20 04:30:12.728 17271 17271 D nativeloader: Load /data/app/~~H-zAYHmmiN-gLGSPPlVSLg==/com.impos2.mixcretailassemblyrn84-aO86fgZdUa5UlWkLRqKFsw==/base.apk!/lib/arm64-v8a/libjsi.so using ns clns-7 from class loader (caller=/data/app/~~H-zAYHmmiN-gLGSPPlVSLg==/com.impos2.mixcretailassemblyrn84-aO86fgZdUa5UlWkLRqKFsw==/base.apk): ok
04-20 04:30:12.729 17271 17271 D nativeloader: Load /data/app/~~H-zAYHmmiN-gLGSPPlVSLg==/com.impos2.mixcretailassemblyrn84-aO86fgZdUa5UlWkLRqKFsw==/base.apk!/lib/arm64-v8a/libfbjni.so using ns clns-7 from class loader (caller=/data/app/~~H-zAYHmmiN-gLGSPPlVSLg==/com.impos2.mixcretailassemblyrn84-aO86fgZdUa5UlWkLRqKFsw==/base.apk): ok
04-20 04:30:12.730 17271 17271 D nativeloader: Load /data/app/~~H-zAYHmmiN-gLGSPPlVSLg==/com.impos2.mixcretailassemblyrn84-aO86fgZdUa5UlWkLRqKFsw==/base.apk!/lib/arm64-v8a/libreactnative.so using ns clns-7 from class loader (caller=/data/app/~~H-zAYHmmiN-gLGSPPlVSLg==/com.impos2.mixcretailassemblyrn84-aO86fgZdUa5UlWkLRqKFsw==/base.apk): ok
04-20 04:30:12.730 17271 17271 D jni_lib_merge: Entering merged library JNI_OnLoad.
04-20 04:30:12.730 17271 17271 D jni_lib_merge: Preparing 12 pre-merged libs (including stub)
04-20 04:30:12.730 17271 17271 D jni_lib_merge: Preparing to register libfabricjni_so.  onload_func: 0x73abac3a50
04-20 04:30:12.730 17271 17271 D jni_lib_merge: Preparing to register libreact_devsupportjni_so.  onload_func: 0x73abb8736c
04-20 04:30:12.730 17271 17271 D jni_lib_merge: Preparing to register libreact_featureflagsjni_so.  onload_func: 0x73abba1ba8
04-20 04:30:12.730 17271 17271 D jni_lib_merge: Preparing to register libreact_newarchdefaults_so.  onload_func: 0x73abbdfd74
04-20 04:30:12.730 17271 17271 D jni_lib_merge: Preparing to register libreactnativeblob_so.  onload_func: 0x73abc80a4c
04-20 04:30:12.730 17271 17271 D jni_lib_merge: Preparing to register libreactnativejni_so.  onload_func: 0x73abc959e4
04-20 04:30:12.730 17271 17271 D jni_lib_merge: Preparing to register libreactnativejni_common_so.  onload_func: 0x73abc98be0
04-20 04:30:12.730 17271 17271 D jni_lib_merge: Preparing to register librninstance_so.  onload_func: 0x73abcb5778
04-20 04:30:12.730 17271 17271 D jni_lib_merge: Preparing to register libturbomodulejsijni_so.  onload_func: 0x73abd5f0e0
04-20 04:30:12.730 17271 17271 D jni_lib_merge: Preparing to register libuimanagerjni_so.  onload_func: 0x73abd65b00
04-20 04:30:12.730 17271 17271 D jni_lib_merge: Preparing to register libyoga_so.  onload_func: 0x73abd6d0c4
04-20 04:30:12.730 17271 17271 D jni_lib_merge: About to register 11 actual methods.
04-20 04:30:12.731 17271 17271 D nativeloader: Load /data/app/~~H-zAYHmmiN-gLGSPPlVSLg==/com.impos2.mixcretailassemblyrn84-aO86fgZdUa5UlWkLRqKFsw==/base.apk!/lib/arm64-v8a/libreact_codegen_rnsvg.so using ns clns-7 from class loader (caller=/data/app/~~H-zAYHmmiN-gLGSPPlVSLg==/com.impos2.mixcretailassemblyrn84-aO86fgZdUa5UlWkLRqKFsw==/base.apk): ok
04-20 04:30:12.731 17271 17271 D jni_lib_merge: Entering merged library JNI_OnLoad.
04-20 04:30:12.731 17271 17271 D jni_lib_merge: Preparing 12 pre-merged libs (including stub)
04-20 04:30:12.731 17271 17271 D jni_lib_merge: Preparing to register libfabricjni_so.  onload_func: 0x73abac3a50
04-20 04:30:12.731 17271 17271 D jni_lib_merge: Preparing to register libreact_devsupportjni_so.  onload_func: 0x73abb8736c
04-20 04:30:12.731 17271 17271 D jni_lib_merge: Preparing to register libreact_featureflagsjni_so.  onload_func: 0x73abba1ba8
04-20 04:30:12.731 17271 17271 D jni_lib_merge: Preparing to register libreact_newarchdefaults_so.  onload_func: 0x73abbdfd74
04-20 04:30:12.731 17271 17271 D jni_lib_merge: Preparing to register libreactnativeblob_so.  onload_func: 0x73abc80a4c
04-20 04:30:12.731 17271 17271 D jni_lib_merge: Preparing to register libreactnativejni_so.  onload_func: 0x73abc959e4
04-20 04:30:12.731 17271 17271 D jni_lib_merge: Preparing to register libreactnativejni_common_so.  onload_func: 0x73abc98be0
04-20 04:30:12.731 17271 17271 D jni_lib_merge: Preparing to register librninstance_so.  onload_func: 0x73abcb5778
04-20 04:30:12.731 17271 17271 D jni_lib_merge: Preparing to register libturbomodulejsijni_so.  onload_func: 0x73abd5f0e0
04-20 04:30:12.731 17271 17271 D jni_lib_merge: Preparing to register libuimanagerjni_so.  onload_func: 0x73abd65b00
04-20 04:30:12.731 17271 17271 D jni_lib_merge: Preparing to register libyoga_so.  onload_func: 0x73abd6d0c4
04-20 04:30:12.731 17271 17271 D jni_lib_merge: About to register 11 actual methods.
04-20 04:30:12.732 17271 17271 D nativeloader: Load /data/app/~~H-zAYHmmiN-gLGSPPlVSLg==/com.impos2.mixcretailassemblyrn84-aO86fgZdUa5UlWkLRqKFsw==/base.apk!/lib/arm64-v8a/libappmodules.so using ns clns-7 from class loader (caller=/data/app/~~H-zAYHmmiN-gLGSPPlVSLg==/com.impos2.mixcretailassemblyrn84-aO86fgZdUa5UlWkLRqKFsw==/base.apk): ok
04-20 04:30:12.733   590   966 W OptProp : Cannot read opt property android.window.PROPERTY_COMPAT_ENABLE_FAKE_FOCUS
04-20 04:30:12.737 17271 17271 D AppCompatDelegate: Checking for metadata for AppLocalesMetadataHolderService : Service not found
04-20 04:30:12.741   590  3910 D FileUtils: Rounded bytes from 3120193536 to 4000000000
04-20 04:30:12.745 17271 17271 D nativeloader: Load /data/app/~~H-zAYHmmiN-gLGSPPlVSLg==/com.impos2.mixcretailassemblyrn84-aO86fgZdUa5UlWkLRqKFsw==/base.apk!/lib/arm64-v8a/libhermesvm.so using ns clns-7 from class loader (caller=/data/app/~~H-zAYHmmiN-gLGSPPlVSLg==/com.impos2.mixcretailassemblyrn84-aO86fgZdUa5UlWkLRqKFsw==/base.apk): ok
04-20 04:30:12.745 17271 17271 D nativeloader: Load /data/app/~~H-zAYHmmiN-gLGSPPlVSLg==/com.impos2.mixcretailassemblyrn84-aO86fgZdUa5UlWkLRqKFsw==/base.apk!/lib/arm64-v8a/libhermestooling.so using ns clns-7 from class loader (caller=/data/app/~~H-zAYHmmiN-gLGSPPlVSLg==/com.impos2.mixcretailassemblyrn84-aO86fgZdUa5UlWkLRqKFsw==/base.apk): ok
04-20 04:30:12.745 17271 17271 D jni_lib_merge: Entering merged library JNI_OnLoad.
04-20 04:30:12.745 17271 17271 D jni_lib_merge: Preparing 4 pre-merged libs (including stub)
04-20 04:30:12.745 17271 17271 D jni_lib_merge: Preparing to register libhermes_executor_so.  onload_func: 0x7402b9f728
04-20 04:30:12.745 17271 17271 D jni_lib_merge: Preparing to register libhermesinstancejni_so.  onload_func: 0x7402ba6d44
04-20 04:30:12.745 17271 17271 D jni_lib_merge: Preparing to register libjsijniprofiler_so.  onload_func: 0x7402ba7530
04-20 04:30:12.745 17271 17271 D jni_lib_merge: About to register 3 actual methods.
04-20 04:30:12.748 17271 17271 W unknown:BridgelessReact: ReactHost{0}.startSurface(surfaceId = 0): Schedule
04-20 04:30:12.748 17271 17271 W unknown:BridgelessReact: ReactHost{0}.attachSurface(surfaceId = 0)
04-20 04:30:12.749 17271 17290 W unknown:BridgelessReact: ReactHost{0}.getOrCreateReactInstanceTask()
04-20 04:30:12.749 17271 17290 W unknown:BridgelessReact: ReactHost{0}.getOrCreateReactInstanceTask(): Start
04-20 04:30:12.749 17271 17290 W unknown:BridgelessReact: ReactHost{0}.getJSBundleLoader()
04-20 04:30:12.749 17271 17290 W unknown:BridgelessReact: ReactHost{0}.getOrCreateReactInstanceTask(): Creating BridgelessReactContext
04-20 04:30:12.749 17271 17290 W unknown:BridgelessReact: ReactHost{0}.getOrCreateReactInstanceTask(): Creating ReactInstance
04-20 04:30:12.751 17271 17271 I StartupAudit: activity_created activity=SecondaryActivity displayIndex=1 pid=17271 time=2026-04-20 04:30:12.751
04-20 04:30:12.753 17271 17271 W unknown:BridgelessReact: ReactHost{0}.onHostResume(activity)
04-20 04:30:12.753 17271 17271 W unknown:BridgelessReact: ReactHost{0}.ReactContext.onHostResume()
04-20 04:30:12.754 17271 17271 W HWUI    : Unknown dataspace 0
04-20 04:30:12.759 17271 17290 W unknown:BridgelessReact: ReactHost{0}.getOrCreateReactInstanceTask(): Loading JS Bundle
04-20 04:30:12.759 17271 17290 W unknown:BridgelessReact: ReactHost{0}.getOrCreateReactInstanceTask(): DevSupportManager.onNewReactContextCreated()
04-20 04:30:12.759 17271 17290 W unknown:BridgelessReact: ReactHost{0}.startSurface(surfaceId = 0): Execute
04-20 04:30:12.762 17271 17291 I ReactNativeJS: Running "MixcRetailAssemblyRN84"
04-20 04:30:12.764   590  3910 D CoreBackPreview: Window{37ac566 u0 com.impos2.mixcretailassemblyrn84/com.impos2.mixcretailassemblyrn84.SecondaryActivity}: Setting back callback OnBackInvokedCallbackInfo{mCallback=android.window.IOnBackInvokedCallback$Stub$Proxy@2826954, mPriority=0, mIsAnimationCallback=false}
04-20 04:30:12.766 17271 17291 W unknown:ViewManagerPropertyUpdater: Could not find generated setter for class com.horcrux.svg.RenderableViewManager$DefsViewManager
04-20 04:30:12.766 17271 17291 W unknown:ViewManagerPropertyUpdater: Could not find generated setter for class com.horcrux.svg.VirtualViewManager$c
04-20 04:30:12.767 17271 17291 W unknown:ViewManagerPropertyUpdater: Could not find generated setter for class com.horcrux.svg.RenderableViewManager$FeMergeManager
04-20 04:30:12.767 17271 17285 I EGL_emulation: Opening libGLESv1_CM_emulation.so
04-20 04:30:12.767 17271 17291 W unknown:ViewManagerPropertyUpdater: Could not find generated setter for class com.facebook.react.views.safeareaview.ReactSafeAreaViewManager
04-20 04:30:12.767 17271 17285 I EGL_emulation: Opening libGLESv2_emulation.so
04-20 04:30:12.767 17271 17291 W unknown:ViewManagerPropertyUpdater: Could not find generated setter for class com.facebook.react.uimanager.V
04-20 04:30:12.767 17271 17291 W unknown:ViewManagerPropertyUpdater: Could not find generated setter for class com.horcrux.svg.RenderableViewManager$LinearGradientManager
04-20 04:30:12.768 17271 17291 W unknown:ViewManagerPropertyUpdater: Could not find generated setter for class com.horcrux.svg.RenderableViewManager$FeGaussianBlurManager
04-20 04:30:12.768 17271 17291 W unknown:ViewManagerPropertyUpdater: Could not find generated setter for class com.facebook.react.views.progressbar.ReactProgressBarViewManager
04-20 04:30:12.768 17271 17291 W unknown:ViewManagerPropertyUpdater: Could not find generated setter for class com.facebook.react.views.progressbar.b
04-20 04:30:12.769 17271 17291 W unknown:ViewManagerPropertyUpdater: Could not find generated setter for class com.facebook.react.views.scroll.ReactHorizontalScrollViewManager
04-20 04:30:12.769 17271 17291 W unknown:ViewManagerPropertyUpdater: Could not find generated setter for class com.facebook.react.views.text.ReactTextViewManager
04-20 04:30:12.769 17271 17291 W unknown:ViewManagerPropertyUpdater: Could not find generated setter for class com.facebook.react.views.text.j
04-20 04:30:12.769 17271 17291 W unknown:ViewManagerPropertyUpdater: Could not find generated setter for class com.horcrux.svg.RenderableViewManager$FeColorMatrixManager
04-20 04:30:12.769 17271 17285 W HWUI    : Failed to choose config with EGL_SWAP_BEHAVIOR_PRESERVED, retrying without...
04-20 04:30:12.770 17271 17285 W HWUI    : Failed to initialize 101010-2 format, error = EGL_SUCCESS
04-20 04:30:12.770 17271 17291 W unknown:ViewManagerPropertyUpdater: Could not find generated setter for class com.facebook.react.views.scroll.ReactHorizontalScrollContainerViewManager
04-20 04:30:12.770 17271 17291 W unknown:ViewManagerPropertyUpdater: Could not find generated setter for class com.horcrux.svg.RenderableViewManager$ClipPathViewManager
04-20 04:30:12.770 17271 17291 W unknown:ViewManagerPropertyUpdater: Could not find generated setter for class com.horcrux.svg.RenderableViewManager$SymbolManager
04-20 04:30:12.771 17271 17291 W unknown:ViewManagerPropertyUpdater: Could not find generated setter for class com.horcrux.svg.RenderableViewManager$PatternManager
04-20 04:30:12.771 17271 17291 W unknown:ViewManagerPropertyUpdater: Could not find generated setter for class com.horcrux.svg.RenderableViewManager$FeBlendManager
04-20 04:30:12.771 17271 17291 W unknown:ViewManagerPropertyUpdater: Could not find generated setter for class com.facebook.react.views.view.ReactViewManager
04-20 04:30:12.771 17271 17291 W unknown:ViewManagerPropertyUpdater: Could not find generated setter for class com.horcrux.svg.SvgViewManager
04-20 04:30:12.772 17271 17291 W unknown:ViewManagerPropertyUpdater: Could not find generated setter for class com.facebook.react.views.switchview.ReactSwitchManager
04-20 04:30:12.772 17271 17291 W unknown:ViewManagerPropertyUpdater: Could not find generated setter for class com.facebook.react.views.switchview.d
04-20 04:30:12.772 17271 17291 W unknown:ViewManagerPropertyUpdater: Could not find generated setter for class com.horcrux.svg.RenderableViewManager$UseViewManager
04-20 04:30:12.772 17271 17291 W unknown:ViewManagerPropertyUpdater: Could not find generated setter for class com.horcrux.svg.RenderableViewManager$CircleViewManager
04-20 04:30:12.773 17271 17291 W unknown:ViewManagerPropertyUpdater: Could not find generated setter for class com.horcrux.svg.RenderableViewManager$TSpanViewManager
04-20 04:30:12.773 17271 17291 W unknown:ViewManagerPropertyUpdater: Could not find generated setter for class com.horcrux.svg.RenderableViewManager$FilterManager
04-20 04:30:12.773 17271 17291 W unknown:ViewManagerPropertyUpdater: Could not find generated setter for class com.horcrux.svg.RenderableViewManager$MarkerManager
04-20 04:30:12.774 17271 17291 W unknown:ViewManagerPropertyUpdater: Could not find generated setter for class com.facebook.react.views.modal.ReactModalHostManager
04-20 04:30:12.774 17271 17291 W unknown:ViewManagerPropertyUpdater: Could not find generated setter for class com.horcrux.svg.RenderableViewManager$ForeignObjectManager
04-20 04:30:12.774 17271 17291 W unknown:ViewManagerPropertyUpdater: Could not find generated setter for class com.horcrux.svg.RenderableViewManager$EllipseViewManager
04-20 04:30:12.775 17271 17291 W unknown:ViewManagerPropertyUpdater: Could not find generated setter for class com.horcrux.svg.RenderableViewManager$LineViewManager
04-20 04:30:12.775 17271 17291 W unknown:ViewManagerPropertyUpdater: Could not find generated setter for class com.facebook.react.views.text.frescosupport.FrescoBasedReactTextInlineImageViewManager
04-20 04:30:12.775 17271 17291 W unknown:ViewManagerPropertyUpdater: Could not find generated setter for class com.facebook.react.views.text.frescosupport.a
04-20 04:30:12.776 17271 17291 W unknown:ViewManagerPropertyUpdater: Could not find generated setter for class com.horcrux.svg.RenderableViewManager$FeFloodManager
04-20 04:30:12.776 17271 17291 W unknown:ViewManagerPropertyUpdater: Could not find generated setter for class com.horcrux.svg.RenderableViewManager$GroupViewManager
04-20 04:30:12.778   157   157 I servicemanager: Caller(pid=17271,uid=10217,sid=u:r:untrusted_app:s0:c217,c256,c512,c768) Could not find android.hardware.graphics.allocator.IAllocator/default in the VINTF manifest. No alternative instances declared in VINTF.
04-20 04:30:12.777   162   162 I hwservicemanager: getTransport: Cannot find entry android.hardware.graphics.mapper@4.0::IMapper/default in either framework or device VINTF manifest.
04-20 04:30:12.777 17271 17285 I Gralloc4: mapper 4.x is not supported
04-20 04:30:12.777 17271 17291 W unknown:ViewManagerPropertyUpdater: Could not find generated setter for class com.horcrux.svg.RenderableViewManager$TextViewManager
04-20 04:30:12.779 17271 17291 W unknown:ViewManagerPropertyUpdater: Could not find generated setter for class com.horcrux.svg.RenderableViewManager$ImageViewManager
04-20 04:30:12.779 17271 17291 W unknown:ViewManagerPropertyUpdater: Could not find generated setter for class com.horcrux.svg.RenderableViewManager$FeCompositeManager
04-20 04:30:12.779 17271 17291 W unknown:ViewManagerPropertyUpdater: Could not find generated setter for class com.facebook.react.views.image.ReactImageManager
04-20 04:30:12.780 17271 17291 W unknown:ViewManagerPropertyUpdater: Could not find generated setter for class com.horcrux.svg.RenderableViewManager$RadialGradientManager
04-20 04:30:12.785 17271 17291 W unknown:ViewManagerPropertyUpdater: Could not find generated setter for class com.horcrux.svg.RenderableViewManager$MaskManager
04-20 04:30:12.785 17271 17291 W unknown:ViewManagerPropertyUpdater: Could not find generated setter for class com.facebook.react.views.unimplementedview.ReactUnimplementedViewManager
04-20 04:30:12.786 17271 17271 W unknown:BridgelessReact: ReactHost{0}.ReactContext.onHostResume()
04-20 04:30:12.786 17271 17271 W unknown:BridgelessReact: ReactHost{0}.getOrCreateReactInstanceTask(): Executing ReactInstanceEventListeners
04-20 04:30:12.786 17271 17271 W unknown:ViewManagerPropertyUpdater: Could not find generated setter for class com.facebook.react.uimanager.RootViewManager
04-20 04:30:12.788 17271 17291 W unknown:ViewManagerPropertyUpdater: Could not find generated setter for class com.horcrux.svg.RenderableViewManager$RectViewManager
04-20 04:30:12.788   590   610 I ActivityTaskManager: Displayed com.impos2.mixcretailassemblyrn84/.SecondaryActivity for user 0: +104ms
04-20 04:30:12.788 17271 17291 W unknown:ViewManagerPropertyUpdater: Could not find generated setter for class com.horcrux.svg.RenderableViewManager$TextPathViewManager
04-20 04:30:12.789 17271 17291 W unknown:ViewManagerPropertyUpdater: Could not find generated setter for class com.facebook.react.views.scroll.ReactScrollViewManager
04-20 04:30:12.789 17271 17291 W unknown:ViewManagerPropertyUpdater: Could not find generated setter for class com.horcrux.svg.RenderableViewManager$FeOffsetManager
04-20 04:30:12.789 17271 17291 W unknown:ViewManagerPropertyUpdater: Could not find generated setter for class com.horcrux.svg.RenderableViewManager$PathViewManager
04-20 04:30:12.790 17271 17291 W unknown:ViewManagerPropertyUpdater: Could not find generated setter for class com.facebook.react.views.drawer.ReactDrawerLayoutManager
04-20 04:30:12.790 17271 17291 W unknown:ViewManagerPropertyUpdater: Could not find generated setter for class com.facebook.react.views.swiperefresh.SwipeRefreshLayoutManager
04-20 04:30:12.791 17271 17291 W unknown:ViewManagerPropertyUpdater: Could not find generated setter for class com.facebook.react.views.textinput.ReactTextInputManager
04-20 04:30:12.792 17271 17291 W unknown:ViewManagerPropertyUpdater: Could not find generated setter for class com.facebook.react.views.textinput.F
04-20 04:30:12.797 17271 17291 I ConnectorManager: connector initialized
04-20 04:30:12.799 17271 17292 I assembly.android.mixc-retail-rn84.boot: {"stage":"resolve-topology:start","displayIndex":1,"displayCount":2,"topologyRole":"slave","topologyWsUrl":"ws://127.0.0.1:8888/mockMasterServer/ws"}
04-20 04:30:12.799 17271 17292 I assembly.android.mixc-retail-rn84.boot: {"stage":"resolve-topology:done","displayIndex":1,"displayCount":2,"topologyRole":"slave","topologyWsUrl":"ws://127.0.0.1:8888/mockMasterServer/ws","resolvedRole":"slave","resolvedWsUrl":"ws://127.0.0.1:8888/mockMasterServer/ws"}
04-20 04:30:12.800 17271 17292 I assembly.android.mixc-retail-rn84.boot: {"stage":"create-app:start","displayIndex":1,"displayCount":2,"topologyRole":"slave","topologyWsUrl":"ws://127.0.0.1:8888/mockMasterServer/ws"}
04-20 04:30:12.803 17271 17292 I assembly.kernel.base.runtime-shell-v2.state-runtime: [runtime.load] load kernel.base.runtime-shell-v2 {"slices":["kernel.base.runtime-shell-v2.error-catalog","kernel.base.runtime-shell-v2.parameter-catalog","kernel.base.topology-runtime-v3.config","kernel.base.topology-runtime-v3.context","kernel.base.topology-runtime-v3.connection","kernel.base.topology-runtime-v3.peer","kernel.base.topology-runtime-v3.sync","kernel.base.topology-runtime-v3.request-mirror","kernel.base.topology-runtime-v3.demo.master","kernel.base.topology-runtime-v3.demo.slave","kernel.base.tcp-control-runtime-v2.identity","kernel.base.tcp-control-runtime-v2.credential","kernel.base.tcp-control-runtime-v2.binding","kernel.base.tcp-control-runtime-v2.sandbox","kernel.base.tcp-control-runtime-v2.runtime","kernel.base.tdp-sync-runtime-v2.session","kernel.base.tdp-sync-runtime-v2.sync","kernel.base.tdp-sync-runtime-v2.projection","kernel.base.tdp-sync-runtime-v2.command-inbox","kernel.base.tdp-sync-runtime-v2.control-signals","kernel.base.tdp-sync-runtime-v2.hot-update","kernel.base.ui-runtime-v2.screen.main","kernel.base.ui-runtime-v2.screen.branch","kernel.base.ui-runtime-v2.overlay.main","kernel.base.ui-runtime-v2.overlay.branch","kernel.base.ui-runtime-v2.ui-variable.main","kernel.base.ui-runtime-v2.ui-variable.branch","ui.base.admin-console.console"],"persistableSlices":["kernel.base.runtime-shell-v2.error-catalog","kernel.base.runtime-shell-v2.parameter-catalog","kernel.base.topology-runtime-v3.config","kernel.base.tcp-control-runtime-v2.identity","kernel.base.tcp-control-runtime-v2.credential","kernel.base.tcp-control-runtime-v2.binding","kernel.base.tcp-control-runtime-v2.sandbox","kernel.base.tdp-sync-runtime-v2.sync","kernel.base.tdp-sync-runtime-v2.projection","kernel.base.tdp-sync-runtime-v2.hot-update","kernel.base.ui-runtime-v2.screen.main","kernel.base.ui-runtime-v2.screen.branch","kernel.base.ui-runtime-v2.overlay.main","kernel.base.ui-runtime-v2.overlay.branch","kernel.base.ui-runtime-v2.ui-variable.main","kernel.base.ui-runtime-v2.ui-variable.branch","ui.base.admin-console.console"],"persistenceEnabled":true}
04-20 04:30:12.804 17271 17292 I assembly.android.mixc-retail-rn84.boot: {"stage":"create-app:done","displayIndex":1,"displayCount":2,"topologyRole":"slave","topologyWsUrl":"ws://127.0.0.1:8888/mockMasterServer/ws"}
04-20 04:30:12.804 17271 17292 I assembly.android.mixc-retail-rn84.boot: {"stage":"runtime.start:start","displayIndex":1,"displayCount":2,"topologyRole":"slave","topologyWsUrl":"ws://127.0.0.1:8888/mockMasterServer/ws"}
04-20 04:30:12.807 17271 17292 I assembly.kernel.base.runtime-shell-v2.application.KernelRuntimeAppV2: [runtime.load] created kernel runtime app v2 {"runtimeName":"assembly.android.mixc-retail-rn84","runtimeId":"run_mo67zubn_k5m651jbuv5kyeo6","localNodeId":"master:J9RZPWR3HK:display-1","moduleNames":["assembly.android.mixc-retail-rn84","kernel.base.topology-runtime-v3","kernel.base.tcp-control-runtime-v2","kernel.base.tdp-sync-runtime-v2","kernel.base.ui-runtime-v2","ui.base.runtime-react","ui.base.input-runtime","ui.base.admin-console","ui.base.terminal-console","ui.integration.retail-shell"]}
04-20 04:30:12.807 17271 17292 I assembly.kernel.base.runtime-shell-v2.application.KernelRuntimeAppV2: [runtime.load] start kernel runtime app v2 pre-setup {"runtimeName":"assembly.android.mixc-retail-rn84","moduleNames":["assembly.android.mixc-retail-rn84","kernel.base.topology-runtime-v3","kernel.base.tcp-control-runtime-v2","kernel.base.tdp-sync-runtime-v2","kernel.base.ui-runtime-v2","ui.base.runtime-react","ui.base.input-runtime","ui.base.admin-console","ui.base.terminal-console","ui.integration.retail-shell"]}
04-20 04:30:12.807 17271 17292 I assembly.assembly.android.mixc-retail-rn84: [runtime.load] pre-setup assembly.android.mixc-retail-rn84 {"moduleName":"assembly.android.mixc-retail-rn84","runtimeNodeId":"master:J9RZPWR3HK:display-1","knownModules":["assembly.android.mixc-retail-rn84","kernel.base.topology-runtime-v3","kernel.base.tcp-control-runtime-v2","kernel.base.tdp-sync-runtime-v2","kernel.base.ui-runtime-v2","ui.base.runtime-react","ui.base.input-runtime","ui.base.admin-console","ui.base.terminal-console","ui.integration.retail-shell"]}
04-20 04:30:12.807 17271 17292 I assembly.kernel.base.runtime-shell-v2.application.KernelRuntimeAppV2: [runtime.load] completed module pre-setup {"moduleName":"assembly.android.mixc-retail-rn84","packageVersion":"1.0.0","dependencies":[],"stateSliceNames":[],"commandNames":[],"actorKeys":["assembly.android.mixc-retail-rn84.AssemblyRuntimeInitializeActor"],"errorKeys":[],"parameterKeys":[],"hasInstall":true,"hasPreSetup":true}
04-20 04:30:12.807 17271 17292 I assembly.assembly.android.mixc-retail-rn84: [runtime.load] pre-setup kernel.base.topology-runtime-v3 {"moduleName":"kernel.base.topology-runtime-v3","runtimeNodeId":"master:J9RZPWR3HK:display-1","knownModules":["assembly.android.mixc-retail-rn84","kernel.base.topology-runtime-v3","kernel.base.tcp-control-runtime-v2","kernel.base.tdp-sync-runtime-v2","kernel.base.ui-runtime-v2","ui.base.runtime-react","ui.base.input-runtime","ui.base.admin-console","ui.base.terminal-console","ui.integration.retail-shell"]}
