04-20 04:30:12.855 20885 20885 I GoogleInputMethodService: GoogleInputMethodService.onStartInput():1986 onStartInput(EditorInfo{EditorInfo{packageName=com.impos2.mixcretailassemblyrn84, inputType=0, inputTypeString=NULL, enableLearning=false, autoCorrection=false, autoComplete=false, imeOptions=0, privateImeOptions=null, actionName=UNSPECIFIED, actionLabel=null, initialSelStart=-1, initialSelEnd=-1, initialCapsMode=0, label=null, fieldId=0, fieldName=null, extras=null, hintText=null, hintLocales=[]}}, false)
04-20 04:30:12.856 20885 20885 I GoogleInputMethodService: GoogleInputMethodService.updateDeviceLockedStatus():2248 repeatCheckTimes = 1, locked = false
04-20 04:30:12.856 20885 20885 I AndroidIME: InputBundleManager.loadActiveInputBundleId():450 loadActiveInputBundleId: und-Latn-x-password, password
04-20 04:30:12.856   590  2409 W PackageConfigPersister: App-specific configuration not found for packageName: com.impos2.mixcretailassemblyrn84 and userId: 0
04-20 04:30:12.856 20885 20885 I HardKeyTracker: HardKeyTracker.registerKeySequence():139 Register key sequence lnk{labelResId=2132019800, callback=gnd@f24f91b, lastModifier=0, keyCodes=[57, 57], actions=[1, 0]}
04-20 04:30:12.856 20885 20885 I HardKeyTracker: HardKeyTracker.registerKeySequence():139 Register key sequence lnk{labelResId=0, callback=gnd@5471bf6, lastModifier=0, keyCodes=[58, 58], actions=[1, 0]}
04-20 04:30:12.862 20885 20907 I Environment: Environment.isPackageInstalled():234 com.bitstrips.imoji is not installed
04-20 04:30:12.862 20885 20907 W AndroidCreativeStickerFetcherFactory: AndroidCreativeStickerFetcherFactory.createFetcher():19 Empty host or api key
04-20 04:30:12.863 20885 20908 I SP      : Scheduling job with delay of 0s for {m:b:u:l, bg}, 2 candidates
04-20 04:30:12.863   590  3910 E JobScheduler.JobStatus: App com.google.android.inputmethod.latin became active but still in NEVER bucket
04-20 04:30:12.864 20885 20908 I SP      : Scheduling job with delay of 0s for {W:b:u:l, bg}, 1 candidates
04-20 04:30:12.864   590  3910 E JobScheduler.JobStatus: App com.google.android.inputmethod.latin became active but still in NEVER bucket
04-20 04:30:12.865 20885 20908 I SP      : Scheduling: download registered, 0 started, 0 paused, 3 scheduled, 3 pending: manifests:next-word-predictor-20210507 * {m:b:u:l, bg}, manifests:emoji-2023020111 * {m:b:u:l, bg}, manifests:emoticon_content_description-2022081613 * {W:b:u:l, bg}
04-20 04:30:12.866 17271 17292 I assembly.kernel.base.runtime-shell-v2.application.KernelRuntimeAppV2: [runtime.load] kernel runtime app v2 started {"runtimeName":"assembly.android.mixc-retail-rn84","moduleDescriptors":[{"moduleName":"assembly.android.mixc-retail-rn84","packageVersion":"1.0.0","dependencies":[],"stateSliceNames":[],"commandNames":[],"actorKeys":["assembly.android.mixc-retail-rn84.AssemblyRuntimeInitializeActor"],"errorKeys":[],"parameterKeys":[],"hasInstall":true,"hasPreSetup":true},{"moduleName":"kernel.base.topology-runtime-v3","packageVersion":"0.0.1","dependencies":[],"stateSliceNames":["kernel.base.topology-runtime-v3.config","kernel.base.topology-runtime-v3.context","kernel.base.topology-runtime-v3.connection","kernel.base.topology-runtime-v3.peer","kernel.base.topology-runtime-v3.sync","kernel.base.topology-runtime-v3.request-mirror","kernel.base.topology-runtime-v3.demo.master","kernel.base.topology-runtime-v3.demo.slave"],"commandNames":["kernel.base.topology-runtime-v3.set-instance-mode","kernel.base.topology-runtime-v3.set-display-mode","kernel.base.topology-runtime-v3.set-enable-slave","kernel.base.topology-runtime-v3.set-master-locator","kernel.base.topology-runtime-v3.clear-master-locator","kernel.base.topology-runtime-v3.refresh-topology-context","kernel.base.topology-runtime-v3.start-topology-connection","kernel.base.topology-runtime-v3.stop-topology-connection","kernel.base.topology-runtime-v3.restart-topology-connection","kernel.base.topology-runtime-v3.upsert-demo-master-entry","kernel.base.topology-runtime-v3.remove-demo-master-entry","kernel.base.topology-runtime-v3.reset-demo-master-state","kernel.base.topology-runtime-v3.upsert-demo-slave-entry","kernel.base.topology-runtime-v3.remove-demo-slave-entry","kernel.base.topology-runtime-v3.reset-demo-slave-state"],"actorKeys":["kernel.base.topology-runtime-v3.TopologyContextActor","kernel.base.topology-runtime-v3.TopologyConnectionActor","kernel.base.topology-runtime-v3.TopologyDemoSyncActor"],"errorKeys":["kernel.base.topology-runtime-v3.display_context_required","kernel.base.topology-runtime-v3.orchestrator_required","kernel.base.topology-runtime-v3.socket_binding_required","kernel.base.topology-runtime-v3.hello_runtime_required","kernel.base.topology-runtime-v3.action_not_allowed"],"parameterKeys":["kernel.base.topology-runtime-v3.reconnect-interval-ms"],"hasInstall":true,"hasPreSetup":true},{"moduleName":"kernel.base.tcp-control-runtime-v2","packageVersion":"0.0.1","dependencies":[],"stateSliceNames":["kernel.base.tcp-control-runtime-v2.identity","kernel.base.tcp-control-runtime-v2.credential","kernel.base.tcp-control-runtime-v2.binding","kernel.base.tcp-control-runtime-v2.sandbox","kernel.base.tcp-control-runtime-v2.runtime"],"commandNames":["kernel.base.tcp-control-runtime-v2.bootstrap-tcp-control","kernel.base.tcp-control-runtime-v2.bootstrap-tcp-control-succeeded","kernel.base.tcp-control-runtime-v2.activate-terminal","kernel.base.tcp-control-runtime-v2.activate-terminal-succeeded","kernel.base.tcp-control-runtime-v2.refresh-credential","kernel.base.tcp-control-runtime-v2.credential-refreshed","kernel.base.tcp-control-runtime-v2.deactivate-terminal","kernel.base.tcp-control-runtime-v2.deactivate-terminal-succeeded","kernel.base.tcp-control-runtime-v2.report-task-result","kernel.base.tcp-control-runtime-v2.task-result-reported","kernel.base.tcp-control-runtime-v2.reset-tcp-control"],"actorKeys":["kernel.base.tcp-control-runtime-v2.TcpBootstrapActor","kernel.base.tcp-control-runtime-v2.TcpActivationActor","kernel.base.tcp-control-runtime-v2.TcpCredentialActor","kernel.base.tcp-control-runtime-v2.TcpDeactivationActor","kernel.base.tcp-control-runtime-v2.TcpTaskReportActor","kernel.base.tcp-control-runtime-v2.TcpStateMutationActor"],"errorKeys":["kernel.base.tcp-control-runtime-v2.activation_code_invalid","kernel.base.tcp-control-runtime-v2.activation_failed","kernel.base.tcp-control-runtime-v2.credential_missing","kernel.base.tcp-control-runtime-v2.credential_expired","kernel.base.tcp-control-runtime-v2.refresh_failed","kernel.base.tcp
04-20 04:30:12.866 20885 20908 I SuperpacksManagerImpl: SuperpacksManagerImpl$3$1.onFailure():588 emoticon_content_description.registerManifest() cancelled
04-20 04:30:12.866 20885 20908 I SP      : Registering emoticon_content_description.2022081613, url: https://www.gstatic.com/android/keyboard/emoticon_content_desc/202208161305/superpacks_manifest.json, constraints: W:*:*:*, flags: bg, requested: 2022081613, current: -1
04-20 04:30:12.866 17271 17323 D TrafficStats: tagSocket(127) with statsTag=0xffffffff, statsUid=-1
04-20 04:30:12.868 17271 17292 I assembly.android.mixc-retail-rn84.boot: {"stage":"runtime.start:done","displayIndex":1,"displayCount":2,"topologyRole":"slave","topologyWsUrl":"ws://127.0.0.1:8888/mockMasterServer/ws"}
04-20 04:30:12.868 17271 17292 D TrafficStats: tagSocket(129) with statsTag=0xffffffff, statsUid=-1
04-20 04:30:12.868 17271 17292 I assembly.assembly.android.mixc-retail-rn84: [assembly.topology] Native topology host already matches desired lifecycle state {"displayCount":2,"displayIndex":1,"deviceId":"J9RZPWR3HK","instanceMode":"SLAVE","enableSlave":false,"running":false,"reason":"not-master-or-single-primary-host"}
04-20 04:30:12.868 17203 17236 D TrafficStats: tagSocket(117) with statsTag=0xffffffff, statsUid=-1
04-20 04:30:12.869 17271 17292 I assembly.android.mixc-retail-rn84.boot: {"stage":"automation.host:start","displayIndex":1,"displayCount":2,"topologyRole":"slave","topologyWsUrl":"ws://127.0.0.1:8888/mockMasterServer/ws","target":"secondary","host":"127.0.0.1","port":18585}
04-20 04:30:12.872 20885 20908 I SP      : Scheduling job with delay of 0s for {m:b:u:l, bg}, 2 candidates
04-20 04:30:12.873   590   963 E JobScheduler.JobStatus: App com.google.android.inputmethod.latin became active but still in NEVER bucket
04-20 04:30:12.873 20885 20908 I SP      : Scheduling job with delay of 0s for {W:b:u:l, bg}, 1 candidates
04-20 04:30:12.873   590   963 E JobScheduler.JobStatus: App com.google.android.inputmethod.latin became active but still in NEVER bucket
04-20 04:30:12.874 20885 20908 I SP      : Scheduling: download registered, 0 started, 0 paused, 3 scheduled, 3 pending: manifests:next-word-predictor-20210507 * {m:b:u:l, bg}, manifests:emoji-2023020111 * {m:b:u:l, bg}, manifests:emoticon_content_description-2022081613 * {W:b:u:l, bg}
04-20 04:30:12.874 20885 20908 I SuperpacksManagerImpl: SuperpacksManagerImpl$3$1.onFailure():588 emoticon_content_description.registerManifest() cancelled
04-20 04:30:12.879 17271 17292 I assembly.assembly.android.mixc-retail-rn84: [assembly.topology] Native topology host already matches desired lifecycle state {"displayCount":2,"displayIndex":1,"deviceId":"J9RZPWR3HK","instanceMode":"SLAVE","enableSlave":false,"running":false,"reason":"not-master-or-single-primary-host"}
04-20 04:30:12.881 17271 17292 I assembly.android.mixc-retail-rn84.boot: {"stage":"app-load-complete:start","displayIndex":1}
04-20 04:30:12.881 17203 17225 I assembly.assembly.android.mixc-retail-rn84: [assembly.topology] Native topology host already matches desired lifecycle state {"displayCount":2,"displayIndex":0,"deviceId":"J9RZPWR3HK","instanceMode":"MASTER","enableSlave":true,"running":false,"reason":"not-master-or-single-primary-host"}
04-20 04:30:12.881 17203 17225 I assembly.assembly.android.mixc-retail-rn84: [assembly.topology] Native topology host already matches desired lifecycle state {"displayCount":2,"displayIndex":0,"deviceId":"J9RZPWR3HK","instanceMode":"MASTER","enableSlave":true,"running":false,"reason":"not-master-or-single-primary-host"}
04-20 04:30:12.881 17203 17225 I assembly.assembly.android.mixc-retail-rn84: [assembly.topology] Native topology host already matches desired lifecycle state {"displayCount":2,"displayIndex":0,"deviceId":"J9RZPWR3HK","instanceMode":"MASTER","enableSlave":true,"running":false,"reason":"not-master-or-single-primary-host"}
04-20 04:30:12.883 17271 17292 I assembly.assembly.android.mixc-retail-rn84: [assembly.topology] Native topology host already matches desired lifecycle state {"displayCount":2,"displayIndex":1,"deviceId":"J9RZPWR3HK","instanceMode":"SLAVE","enableSlave":false,"running":false,"reason":"not-master-or-single-primary-host"}
04-20 04:30:12.884 17271 17292 I assembly.assembly.android.mixc-retail-rn84: [assembly.topology] Native topology host already matches desired lifecycle state {"displayCount":2,"displayIndex":1,"deviceId":"J9RZPWR3HK","instanceMode":"SLAVE","enableSlave":false,"running":false,"reason":"not-master-or-single-primary-host"}
04-20 04:30:12.884 17203 17224 I ReactNativeJS: '[runtime-state-sync-apply]', '{"direction":"slave-to-master","incomingSliceNames":["kernel.base.topology-runtime-v3.demo.slave","kernel.base.ui-runtime-v2.screen.branch","kernel.base.ui-runtime-v2.overlay.branch","kernel.base.ui-runtime-v2.ui-variable.branch"],"appliedSliceNames":["kernel.base.topology-runtime-v3.demo.slave","kernel.base.ui-runtime-v2.screen.branch","kernel.base.ui-runtime-v2.overlay.branch","kernel.base.ui-runtime-v2.ui-variable.branch"],"skippedSliceReasons":[]}'
04-20 04:30:12.884 17271 17291 I ReactNativeJS: '[runtime-state-sync-apply]', '{"direction":"master-to-slave","incomingSliceNames":["kernel.base.topology-runtime-v3.demo.master","kernel.base.tcp-control-runtime-v2.identity","kernel.base.tcp-control-runtime-v2.credential","kernel.base.tcp-control-runtime-v2.binding","kernel.base.tcp-control-runtime-v2.sandbox","kernel.base.tdp-sync-runtime-v2.hot-update","kernel.base.ui-runtime-v2.screen.main","kernel.base.ui-runtime-v2.overlay.main","kernel.base.ui-runtime-v2.ui-variable.main"],"appliedSliceNames":["kernel.base.topology-runtime-v3.demo.master","kernel.base.tcp-control-runtime-v2.identity","kernel.base.tcp-control-runtime-v2.credential","kernel.base.tcp-control-runtime-v2.binding","kernel.base.tcp-control-runtime-v2.sandbox","kernel.base.tdp-sync-runtime-v2.hot-update","kernel.base.ui-runtime-v2.screen.main","kernel.base.ui-runtime-v2.overlay.main","kernel.base.ui-runtime-v2.ui-variable.main"],"skippedSliceReasons":[]}'
04-20 04:30:12.885 17203 17225 I assembly.assembly.android.mixc-retail-rn84: [assembly.topology] Native topology host already matches desired lifecycle state {"displayCount":2,"displayIndex":0,"deviceId":"J9RZPWR3HK","instanceMode":"MASTER","enableSlave":true,"running":false,"reason":"not-master-or-single-primary-host"}
04-20 04:30:12.885 17203 17225 I assembly.assembly.android.mixc-retail-rn84: [assembly.topology] Native topology host already matches desired lifecycle state {"displayCount":2,"displayIndex":0,"deviceId":"J9RZPWR3HK","instanceMode":"MASTER","enableSlave":true,"running":false,"reason":"not-master-or-single-primary-host"}
04-20 04:30:12.886 17271 17292 I assembly.assembly.android.mixc-retail-rn84: [assembly.topology] Native topology host already matches desired lifecycle state {"displayCount":2,"displayIndex":1,"deviceId":"J9RZPWR3HK","instanceMode":"SLAVE","enableSlave":false,"running":false,"reason":"not-master-or-single-primary-host"}
04-20 04:30:12.886 17271 17292 I assembly.assembly.android.mixc-retail-rn84: [assembly.topology] Native topology host already matches desired lifecycle state {"displayCount":2,"displayIndex":1,"deviceId":"J9RZPWR3HK","instanceMode":"SLAVE","enableSlave":false,"running":false,"reason":"not-master-or-single-primary-host"}
04-20 04:30:12.886 17271 17292 I assembly.assembly.android.mixc-retail-rn84: [assembly.topology] Native topology host already matches desired lifecycle state {"displayCount":2,"displayIndex":1,"deviceId":"J9RZPWR3HK","instanceMode":"SLAVE","enableSlave":false,"running":false,"reason":"not-master-or-single-primary-host"}
04-20 04:30:12.886 17271 17292 I assembly.android.mixc-retail-rn84.boot: {"stage":"app-load-complete:done","displayIndex":1}
04-20 04:30:12.912 17203 17225 I MMKV    : <MMKV_IO.cpp:609::writeActualSize> [mixc-retail-assembly-rn84::state] increase sequence to 100, crc 2924504113, actualSize 14488
04-20 04:30:12.913 17203 17225 I MMKV    : <MMKV.cpp:1208::sync> MMKV::sync, SyncFlag = 1
04-20 04:30:13.009   836   874 V WindowManagerShell: Transition animation finished (aborted=false), notifying core (#577) android.os.BinderProxy@25181ca@0
04-20 04:30:13.010   590   610 V WindowManager: Finish Transition (#577): created at 04-20 04:30:12.683 collect-started=0.015ms request-sent=4.661ms started=6.107ms ready=23.24ms sent=23.846ms finished=326.852ms
04-20 04:30:13.011  1099  1099 D VRI[SecondaryDisplayLauncher]: visibilityChanged oldVisibility=true newVisibility=false
04-20 04:30:13.012   836   874 V WindowManagerShell: Track 0 became idle
04-20 04:30:13.012   836   874 V WindowManagerShell: All active transition animations finished
04-20 04:30:13.014   590   963 W UserManagerService: Requested status bar icon for non-badged user 0
04-20 04:30:13.014   590   963 W UserManagerService: Requested status bar icon for non-badged user 0
04-20 04:30:13.065   836   886 W WindowOnBackDispatcher: sendCancelIfRunning: isInProgress=false callback=android.view.ViewRootImpl$$ExternalSyntheticLambda11@95d1ab3
04-20 04:30:13.065   590   963 D CoreBackPreview: Window{2279860 u0 Splash Screen com.impos2.mixcretailassemblyrn84 EXITING}: Setting back callback null
04-20 04:30:13.065   590  3910 W InputManager-JNI: Input channel object '2279860 Splash Screen com.impos2.mixcretailassemblyrn84 (client)' was disposed without first being removed with the input manager!
04-20 04:30:13.116   836   886 W FrameTracker: Missed SF frame:PREDICTION_ERROR, 174736552, 0, CUJ=J<SPLASHSCREEN_EXIT_ANIM>
04-20 04:30:13.116   836   886 W FrameTracker: Missing HWUI jank callback for vsyncId: 174736552, CUJ=J<SPLASHSCREEN_EXIT_ANIM>
04-20 04:30:13.116   836   886 W FrameTracker: Missed SF frame:PREDICTION_ERROR, 174736681, 8791116, CUJ=J<SPLASHSCREEN_EXIT_ANIM>
04-20 04:30:13.116   836   886 W FrameTracker: Missing HWUI jank callback for vsyncId: 174737190, CUJ=J<SPLASHSCREEN_EXIT_ANIM>
04-20 04:30:13.434   590  1464 E TaskPersister: File error accessing recents directory (directory doesn't exist?).
04-20 04:30:14.907 17203 17331 D ProfileInstaller: Installing profile for com.impos2.mixcretailassemblyrn84
04-20 04:30:16.028   388   472 I netd    : tetherGetStats() -> {[]} <1.11ms>
04-20 04:30:19.818   590   689 D ActivityManager: freezing 21035 com.google.android.googlequicksearchbox:search
04-20 04:30:19.820   590   689 D ActivityManager: freezing 21183 com.google.android.webview:sandboxed_process0:org.chromium.content.app.SandboxedProcessService0:0
04-20 04:30:19.882   590   745 D InetDiagMessage: Destroyed 0 sockets, proto=IPPROTO_TCP, family=AF_INET, states=14
04-20 04:30:19.882   590   745 D InetDiagMessage: Destroyed 0 sockets, proto=IPPROTO_TCP, family=AF_INET6, states=14
04-20 04:30:19.882   590   745 D InetDiagMessage: Destroyed live tcp sockets for uids={99001} in 0ms
04-20 04:30:32.079 17203 17210 W ailassemblyrn84: ApkAssets: Deleting an ApkAssets object '<empty> and /data/app/~~j4BrjP0JsvTGmjdLkkfrgg==/com.google.android.webview-lp5hhYzxsBeFuV03zuxwaw==/WebViewGoogle.apk' with 2 weak references
04-20 04:30:36.146   836   893 D ControlsListingControllerImpl: Subscribing callback, service count: 1
04-20 04:30:36.148   836   893 D ControlsListingControllerImpl: Unsubscribing callback
04-20 04:30:36.459 17271 17278 W yrn84:secondary: ApkAssets: Deleting an ApkAssets object '<empty> and /data/app/~~j4BrjP0JsvTGmjdLkkfrgg==/com.google.android.webview-lp5hhYzxsBeFuV03zuxwaw==/WebViewGoogle.apk' with 2 weak references
04-20 04:30:48.933   388 17333 I resolv  : GetAddrInfoHandler::run: {0 786432 0 983040 10143 0}
04-20 04:30:48.933   937 17332 W gclk    : [{0}] Failed to resolve name. status={1}
04-20 04:30:51.495   590   963 W BatteryExternalStatsWorker: error reading Bluetooth stats: 11
04-20 04:30:58.417 17271 17324 D TrafficStats: tagSocket(5) with statsTag=0xffffffff, statsUid=-1
04-20 04:30:58.418 17203 17259 D TrafficStats: tagSocket(5) with statsTag=0xffffffff, statsUid=-1
04-20 04:30:58.423 17271 17324 D TrafficStats: tagSocket(5) with statsTag=0xffffffff, statsUid=-1
04-20 04:30:58.424 17203 17259 D TrafficStats: tagSocket(5) with statsTag=0xffffffff, statsUid=-1
04-20 04:30:58.427 17271 17324 D TrafficStats: tagSocket(5) with statsTag=0xffffffff, statsUid=-1
04-20 04:30:58.429 17203 17259 D TrafficStats: tagSocket(5) with statsTag=0xffffffff, statsUid=-1
04-20 04:30:58.432 17203 17259 D TrafficStats: tagSocket(5) with statsTag=0xffffffff, statsUid=-1
04-20 04:30:58.432 17271 17324 D TrafficStats: tagSocket(5) with statsTag=0xffffffff, statsUid=-1
04-20 04:30:58.479 17271 17324 D TrafficStats: tagSocket(114) with statsTag=0xffffffff, statsUid=-1
04-20 04:30:58.479 17203 17259 D TrafficStats: tagSocket(122) with statsTag=0xffffffff, statsUid=-1
04-20 04:30:58.484 17203 17259 D TrafficStats: tagSocket(122) with statsTag=0xffffffff, statsUid=-1
04-20 04:30:58.484 17271 17324 D TrafficStats: tagSocket(114) with statsTag=0xffffffff, statsUid=-1
04-20 04:30:58.667 17203 17259 D TrafficStats: tagSocket(122) with statsTag=0xffffffff, statsUid=-1
04-20 04:30:58.671 17203 17259 D TrafficStats: tagSocket(122) with statsTag=0xffffffff, statsUid=-1
04-20 04:30:58.695 17203 17259 D TrafficStats: tagSocket(122) with statsTag=0xffffffff, statsUid=-1
04-20 04:30:58.699 17203 17259 D TrafficStats: tagSocket(122) with statsTag=0xffffffff, statsUid=-1
04-20 04:30:59.748   397   397 W healthd : battery l=47 v=5000 t=25.0 h=2 st=4 c=900000 fc=3000000 cc=10 chg=a
04-20 04:31:00.004  1389  1552 I AiAiEcho: Predicting[0]:  [CONTEXT sampling_count=5 ]
04-20 04:31:00.004  1389  1552 I AiAiEcho: EchoTargets: 
04-20 04:31:00.004  1389  1552 I AiAiEcho: Filtered by AiAi flag check: 
04-20 04:31:00.004  1389  1552 I AiAiEcho: [CONTEXT ratelimit_period="10 SECONDS" ]
04-20 04:31:00.004  1389  1552 I AiAiEcho: Ranked targets strategy: SORT, count: 0, ranking metadata:  [CONTEXT ratelimit_period="10 SECONDS" ]
04-20 04:31:00.004  1389  1552 I AiAiEcho: #remoteViewsTwiddler: feature disabled.
04-20 04:31:00.004  1389  1552 I AiAiEcho: Predicting[0]:  [CONTEXT sampling_count=5 ]
04-20 04:31:00.004  1389  1552 I AiAiEcho: EchoTargets: 
04-20 04:31:00.004  1389  1552 I AiAiEcho: Filtered by AiAi flag check: 
04-20 04:31:00.004  1389  1552 I AiAiEcho: [CONTEXT ratelimit_period="10 SECONDS" ]
04-20 04:31:00.004  1389  1552 I AiAiEcho: Ranked targets strategy: SORT, count: 0, ranking metadata:  [CONTEXT ratelimit_period="10 SECONDS" ]
04-20 04:31:00.004  1389  1552 I AiAiEcho: #remoteViewsTwiddler: feature disabled.
04-20 04:31:00.004  1389  1552 I AiAiEcho: #postPredictionTargets: Sending updates to UISurface lockscreen with targets# 0 (types=[])
04-20 04:31:00.004  1389  1552 I AiAiEcho: #postPredictionTargets: Sending updates to UISurface home with targets# 0 (types=[])
04-20 04:31:00.005  1099  1099 D SsBaseTemplateCard: No text view can be set up
04-20 04:31:00.005  1099  1099 D SsBaseTemplateCard: Passed-in item info is null
04-20 04:31:00.005  1099  1099 D SsBaseTemplateCard: Passed-in item info is null
04-20 04:31:00.005  1099  1099 D SsBaseTemplateCard: Passed-in item info is null
04-20 04:31:00.005  1099  1099 I SsBaseTemplateCard: Secondary card pane is null
04-20 04:31:00.011   836   836 W PageIndicator: Total number of pages invalid: 0. Assuming 1 page.
04-20 04:31:00.021   836   978 D EGL_emulation: app_time_stats: avg=2528.59ms min=11.40ms max=49791.52ms count=20
04-20 04:31:07.577  1413  1738 I BistoHotwordHelper: (REDACTED) getHotwordActive::active query: %s, watch: %s, devices connected: %s
04-20 04:31:27.444 17203 17259 D TrafficStats: tagSocket(5) with statsTag=0xffffffff, statsUid=-1
04-20 04:31:27.449 17203 17259 D TrafficStats: tagSocket(5) with statsTag=0xffffffff, statsUid=-1
04-20 04:31:27.495 17271 17324 D TrafficStats: tagSocket(5) with statsTag=0xffffffff, statsUid=-1
04-20 04:31:27.500 17271 17324 D TrafficStats: tagSocket(5) with statsTag=0xffffffff, statsUid=-1
04-20 04:31:42.787 17203 17259 D TrafficStats: tagSocket(5) with statsTag=0xffffffff, statsUid=-1
04-20 04:31:42.793 17203 17259 D TrafficStats: tagSocket(5) with statsTag=0xffffffff, statsUid=-1
04-20 04:31:42.795 17203 17259 D TrafficStats: tagSocket(5) with statsTag=0xffffffff, statsUid=-1
04-20 04:31:42.839 17203 17218 D EGL_emulation: app_time_stats: avg=6095.38ms min=1.59ms max=91396.34ms count=15
04-20 04:31:42.857 17203 17259 D TrafficStats: tagSocket(5) with statsTag=0xffffffff, statsUid=-1
04-20 04:31:42.860 17203 17259 D TrafficStats: tagSocket(5) with statsTag=0xffffffff, statsUid=-1
04-20 04:31:42.875 17203 17259 D TrafficStats: tagSocket(5) with statsTag=0xffffffff, statsUid=-1
04-20 04:31:42.877 17203 17259 D TrafficStats: tagSocket(5) with statsTag=0xffffffff, statsUid=-1
04-20 04:31:42.932 17203 17259 D TrafficStats: tagSocket(130) with statsTag=0xffffffff, statsUid=-1
04-20 04:31:42.946 17203 17259 D TrafficStats: tagSocket(130) with statsTag=0xffffffff, statsUid=-1
04-20 04:31:42.949 17203 17259 D TrafficStats: tagSocket(130) with statsTag=0xffffffff, statsUid=-1
04-20 04:31:43.005 17203 17259 D TrafficStats: tagSocket(140) with statsTag=0xffffffff, statsUid=-1
04-20 04:31:43.018 17203 17259 D TrafficStats: tagSocket(140) with statsTag=0xffffffff, statsUid=-1
04-20 04:31:43.021 17203 17259 D TrafficStats: tagSocket(140) with statsTag=0xffffffff, statsUid=-1
04-20 04:31:43.076 17203 17259 D TrafficStats: tagSocket(126) with statsTag=0xffffffff, statsUid=-1
04-20 04:31:43.091 17203 17259 D TrafficStats: tagSocket(126) with statsTag=0xffffffff, statsUid=-1
04-20 04:31:43.094 17203 17259 D TrafficStats: tagSocket(131) with statsTag=0xffffffff, statsUid=-1
04-20 04:31:43.149 17203 17259 D TrafficStats: tagSocket(113) with statsTag=0xffffffff, statsUid=-1
04-20 04:31:43.162 17203 17259 D TrafficStats: tagSocket(113) with statsTag=0xffffffff, statsUid=-1
04-20 04:31:43.164 17203 17259 D TrafficStats: tagSocket(113) with statsTag=0xffffffff, statsUid=-1
04-20 04:31:43.220 17203 17259 D TrafficStats: tagSocket(116) with statsTag=0xffffffff, statsUid=-1
04-20 04:31:43.234 17203 17259 D TrafficStats: tagSocket(116) with statsTag=0xffffffff, statsUid=-1
04-20 04:31:43.236 17203 17259 D TrafficStats: tagSocket(165) with statsTag=0xffffffff, statsUid=-1
04-20 04:31:43.290 17203 17259 D TrafficStats: tagSocket(122) with statsTag=0xffffffff, statsUid=-1
04-20 04:31:43.303 17203 17259 D TrafficStats: tagSocket(122) with statsTag=0xffffffff, statsUid=-1
04-20 04:31:43.305 17203 17259 D TrafficStats: tagSocket(122) with statsTag=0xffffffff, statsUid=-1
04-20 04:31:43.361 17203 17259 D TrafficStats: tagSocket(129) with statsTag=0xffffffff, statsUid=-1
04-20 04:31:43.375 17203 17259 D TrafficStats: tagSocket(129) with statsTag=0xffffffff, statsUid=-1
04-20 04:31:43.378 17203 17259 D TrafficStats: tagSocket(129) with statsTag=0xffffffff, statsUid=-1
04-20 04:31:43.433 17203 17259 D TrafficStats: tagSocket(130) with statsTag=0xffffffff, statsUid=-1
04-20 04:31:43.447 17203 17259 D TrafficStats: tagSocket(130) with statsTag=0xffffffff, statsUid=-1
04-20 04:31:43.450 17203 17259 D TrafficStats: tagSocket(130) with statsTag=0xffffffff, statsUid=-1
04-20 04:31:43.504 17203 17259 D TrafficStats: tagSocket(131) with statsTag=0xffffffff, statsUid=-1
04-20 04:31:43.517 17203 17259 D TrafficStats: tagSocket(131) with statsTag=0xffffffff, statsUid=-1
04-20 04:31:43.519 17203 17259 D TrafficStats: tagSocket(131) with statsTag=0xffffffff, statsUid=-1
04-20 04:31:43.574 17203 17259 D TrafficStats: tagSocket(127) with statsTag=0xffffffff, statsUid=-1
04-20 04:31:43.589 17203 17259 D TrafficStats: tagSocket(127) with statsTag=0xffffffff, statsUid=-1
04-20 04:31:43.597 17203 17259 D TrafficStats: tagSocket(127) with statsTag=0xffffffff, statsUid=-1
04-20 04:31:43.615 17203 17259 D TrafficStats: tagSocket(126) with statsTag=0xffffffff, statsUid=-1
04-20 04:31:43.618 17203 17259 D TrafficStats: tagSocket(126) with statsTag=0xffffffff, statsUid=-1
04-20 04:31:43.674 17203 17259 D TrafficStats: tagSocket(113) with statsTag=0xffffffff, statsUid=-1
04-20 04:31:43.688 17203 17259 D TrafficStats: tagSocket(113) with statsTag=0xffffffff, statsUid=-1
04-20 04:31:43.692 17203 17259 D TrafficStats: tagSocket(113) with statsTag=0xffffffff, statsUid=-1
04-20 04:31:43.749 17203 17259 D TrafficStats: tagSocket(116) with statsTag=0xffffffff, statsUid=-1
04-20 04:31:43.763 17203 17259 D TrafficStats: tagSocket(116) with statsTag=0xffffffff, statsUid=-1
04-20 04:31:43.767 17203 17259 D TrafficStats: tagSocket(116) with statsTag=0xffffffff, statsUid=-1
04-20 04:31:43.823 17203 17259 D TrafficStats: tagSocket(122) with statsTag=0xffffffff, statsUid=-1
04-20 04:31:43.838 17203 17259 D TrafficStats: tagSocket(122) with statsTag=0xffffffff, statsUid=-1
04-20 04:31:43.841 17203 17259 D TrafficStats: tagSocket(122) with statsTag=0xffffffff, statsUid=-1
04-20 04:31:43.862 17203 17218 D EGL_emulation: app_time_stats: avg=56.81ms min=15.64ms max=86.32ms count=18
04-20 04:31:43.898 17203 17259 D TrafficStats: tagSocket(5) with statsTag=0xffffffff, statsUid=-1
04-20 04:31:43.913 17203 17259 D TrafficStats: tagSocket(5) with statsTag=0xffffffff, statsUid=-1
04-20 04:31:43.916 17203 17259 D TrafficStats: tagSocket(5) with statsTag=0xffffffff, statsUid=-1
04-20 04:31:43.972 17203 17259 D TrafficStats: tagSocket(129) with statsTag=0xffffffff, statsUid=-1
04-20 04:31:43.986 17203 17259 D TrafficStats: tagSocket(129) with statsTag=0xffffffff, statsUid=-1
04-20 04:31:43.990 17203 17259 D TrafficStats: tagSocket(129) with statsTag=0xffffffff, statsUid=-1
04-20 04:31:44.047 17203 17259 D TrafficStats: tagSocket(130) with statsTag=0xffffffff, statsUid=-1
04-20 04:31:44.064 17203 17259 D TrafficStats: tagSocket(130) with statsTag=0xffffffff, statsUid=-1
04-20 04:31:44.067 17203 17259 D TrafficStats: tagSocket(130) with statsTag=0xffffffff, statsUid=-1
04-20 04:31:44.123 17203 17259 D TrafficStats: tagSocket(131) with statsTag=0xffffffff, statsUid=-1
04-20 04:31:44.140 17203 17259 D TrafficStats: tagSocket(131) with statsTag=0xffffffff, statsUid=-1
04-20 04:31:44.143 17203 17259 D TrafficStats: tagSocket(131) with statsTag=0xffffffff, statsUid=-1
04-20 04:31:44.198 17203 17259 D TrafficStats: tagSocket(127) with statsTag=0xffffffff, statsUid=-1
04-20 04:31:44.214 17203 17259 D TrafficStats: tagSocket(127) with statsTag=0xffffffff, statsUid=-1
04-20 04:31:44.217 17203 17259 D TrafficStats: tagSocket(127) with statsTag=0xffffffff, statsUid=-1
04-20 04:31:44.273 17203 17259 D TrafficStats: tagSocket(126) with statsTag=0xffffffff, statsUid=-1
04-20 04:31:44.286 17203 17259 D TrafficStats: tagSocket(126) with statsTag=0xffffffff, statsUid=-1
04-20 04:31:44.289 17203 17259 D TrafficStats: tagSocket(126) with statsTag=0xffffffff, statsUid=-1
04-20 04:31:44.346 17203 17259 D TrafficStats: tagSocket(113) with statsTag=0xffffffff, statsUid=-1
04-20 04:31:44.362 17203 17259 D TrafficStats: tagSocket(113) with statsTag=0xffffffff, statsUid=-1
04-20 04:31:44.366 17203 17259 D TrafficStats: tagSocket(113) with statsTag=0xffffffff, statsUid=-1
04-20 04:31:44.422 17203 17259 D TrafficStats: tagSocket(116) with statsTag=0xffffffff, statsUid=-1
04-20 04:31:44.439 17203 17259 D TrafficStats: tagSocket(116) with statsTag=0xffffffff, statsUid=-1
04-20 04:31:44.443 17203 17259 D TrafficStats: tagSocket(116) with statsTag=0xffffffff, statsUid=-1
04-20 04:31:44.501 17203 17259 D TrafficStats: tagSocket(122) with statsTag=0xffffffff, statsUid=-1
04-20 04:31:44.513 17203 17259 D TrafficStats: tagSocket(122) with statsTag=0xffffffff, statsUid=-1
04-20 04:31:44.517 17203 17259 D TrafficStats: tagSocket(122) with statsTag=0xffffffff, statsUid=-1
04-20 04:31:44.570 17203 17259 D TrafficStats: tagSocket(5) with statsTag=0xffffffff, statsUid=-1
04-20 04:31:44.586 17203 17259 D TrafficStats: tagSocket(5) with statsTag=0xffffffff, statsUid=-1
04-20 04:31:44.601 17203 17259 D TrafficStats: tagSocket(129) with statsTag=0xffffffff, statsUid=-1
04-20 04:31:44.916 17203 17259 D TrafficStats: tagSocket(129) with statsTag=0xffffffff, statsUid=-1
04-20 04:31:44.922 17203 17259 D TrafficStats: tagSocket(129) with statsTag=0xffffffff, statsUid=-1
04-20 04:31:44.927 17203 17259 D TrafficStats: tagSocket(133) with statsTag=0xffffffff, statsUid=-1
04-20 04:31:44.953 17203 17218 D EGL_emulation: app_time_stats: avg=99.15ms min=65.36ms max=358.15ms count=11
04-20 04:31:44.993 17203 17259 D TrafficStats: tagSocket(130) with statsTag=0xffffffff, statsUid=-1
04-20 04:31:44.996 17203 17259 D TrafficStats: tagSocket(130) with statsTag=0xffffffff, statsUid=-1
04-20 04:31:45.011 17203 17259 D TrafficStats: tagSocket(130) with statsTag=0xffffffff, statsUid=-1
04-20 04:31:45.014 17203 17259 D TrafficStats: tagSocket(130) with statsTag=0xffffffff, statsUid=-1
04-20 04:31:45.071 17203 17259 D TrafficStats: tagSocket(127) with statsTag=0xffffffff, statsUid=-1
04-20 04:31:45.086 17203 17259 D TrafficStats: tagSocket(127) with statsTag=0xffffffff, statsUid=-1
04-20 04:31:45.089 17203 17259 D TrafficStats: tagSocket(127) with statsTag=0xffffffff, statsUid=-1
04-20 04:31:45.146 17203 17259 D TrafficStats: tagSocket(126) with statsTag=0xffffffff, statsUid=-1
04-20 04:31:45.162 17203 17259 D TrafficStats: tagSocket(126) with statsTag=0xffffffff, statsUid=-1
04-20 04:31:45.166 17203 17259 D TrafficStats: tagSocket(126) with statsTag=0xffffffff, statsUid=-1
04-20 04:31:45.221 17203 17259 D TrafficStats: tagSocket(113) with statsTag=0xffffffff, statsUid=-1
04-20 04:31:45.236 17203 17259 D TrafficStats: tagSocket(113) with statsTag=0xffffffff, statsUid=-1
04-20 04:31:45.241 17203 17259 D TrafficStats: tagSocket(113) with statsTag=0xffffffff, statsUid=-1
04-20 04:31:45.296 17203 17259 D TrafficStats: tagSocket(116) with statsTag=0xffffffff, statsUid=-1
04-20 04:31:45.312 17203 17259 D TrafficStats: tagSocket(116) with statsTag=0xffffffff, statsUid=-1
04-20 04:31:45.315 17203 17259 D TrafficStats: tagSocket(116) with statsTag=0xffffffff, statsUid=-1
04-20 04:31:45.371 17203 17259 D TrafficStats: tagSocket(122) with statsTag=0xffffffff, statsUid=-1
04-20 04:31:45.386 17203 17259 D TrafficStats: tagSocket(122) with statsTag=0xffffffff, statsUid=-1
04-20 04:31:45.389 17203 17259 D TrafficStats: tagSocket(122) with statsTag=0xffffffff, statsUid=-1
04-20 04:31:45.447 17203 17259 D TrafficStats: tagSocket(5) with statsTag=0xffffffff, statsUid=-1
04-20 04:31:45.462 17203 17259 D TrafficStats: tagSocket(5) with statsTag=0xffffffff, statsUid=-1
04-20 04:31:45.465 17203 17259 D TrafficStats: tagSocket(5) with statsTag=0xffffffff, statsUid=-1
04-20 04:31:45.522 17203 17259 D TrafficStats: tagSocket(129) with statsTag=0xffffffff, statsUid=-1
04-20 04:31:45.539 17203 17259 D TrafficStats: tagSocket(129) with statsTag=0xffffffff, statsUid=-1
04-20 04:31:45.542 17203 17259 D TrafficStats: tagSocket(129) with statsTag=0xffffffff, statsUid=-1
04-20 04:31:45.598 17203 17259 D TrafficStats: tagSocket(130) with statsTag=0xffffffff, statsUid=-1
04-20 04:31:45.614 17203 17259 D TrafficStats: tagSocket(130) with statsTag=0xffffffff, statsUid=-1
04-20 04:31:45.617 17203 17259 D TrafficStats: tagSocket(130) with statsTag=0xffffffff, statsUid=-1
04-20 04:31:45.673 17203 17259 D TrafficStats: tagSocket(131) with statsTag=0xffffffff, statsUid=-1
04-20 04:31:45.690 17203 17259 D TrafficStats: tagSocket(131) with statsTag=0xffffffff, statsUid=-1
04-20 04:31:45.694 17203 17259 D TrafficStats: tagSocket(131) with statsTag=0xffffffff, statsUid=-1
04-20 04:31:45.749 17203 17259 D TrafficStats: tagSocket(127) with statsTag=0xffffffff, statsUid=-1
04-20 04:31:45.765 17203 17259 D TrafficStats: tagSocket(127) with statsTag=0xffffffff, statsUid=-1
04-20 04:31:45.768 17203 17259 D TrafficStats: tagSocket(127) with statsTag=0xffffffff, statsUid=-1
04-20 04:31:45.825 17203 17259 D TrafficStats: tagSocket(126) with statsTag=0xffffffff, statsUid=-1
04-20 04:31:45.838 17203 17259 D TrafficStats: tagSocket(126) with statsTag=0xffffffff, statsUid=-1
04-20 04:31:45.842 17203 17259 D TrafficStats: tagSocket(126) with statsTag=0xffffffff, statsUid=-1
04-20 04:31:45.898 17203 17259 D TrafficStats: tagSocket(113) with statsTag=0xffffffff, statsUid=-1
04-20 04:31:45.915 17203 17259 D TrafficStats: tagSocket(113) with statsTag=0xffffffff, statsUid=-1
04-20 04:31:45.930 17203 17259 D TrafficStats: tagSocket(116) with statsTag=0xffffffff, statsUid=-1
04-20 04:31:46.252 17203 17259 D TrafficStats: tagSocket(116) with statsTag=0xffffffff, statsUid=-1
04-20 04:31:46.257 17203 17259 D TrafficStats: tagSocket(116) with statsTag=0xffffffff, statsUid=-1
04-20 04:31:46.261 17271 17291 I ReactNativeJS: '[runtime-state-sync-apply]', '{"direction":"master-to-slave","incomingSliceNames":["kernel.base.tcp-control-runtime-v2.identity"],"appliedSliceNames":["kernel.base.tcp-control-runtime-v2.identity"],"skippedSliceReasons":[]}'
04-20 04:31:46.263 17271 17292 I assembly.assembly.android.mixc-retail-rn84: [assembly.topology] Native topology host already matches desired lifecycle state {"displayCount":2,"displayIndex":1,"deviceId":"J9RZPWR3HK","instanceMode":"SLAVE","enableSlave":false,"running":false,"reason":"not-master-or-single-primary-host"}
04-20 04:31:46.263 17271 17292 I assembly.assembly.android.mixc-retail-rn84: [assembly.topology] Native topology host already matches desired lifecycle state {"displayCount":2,"displayIndex":1,"deviceId":"J9RZPWR3HK","instanceMode":"SLAVE","enableSlave":false,"running":false,"reason":"not-master-or-single-primary-host"}
04-20 04:31:46.264 17203 17225 I assembly.assembly.android.mixc-retail-rn84.transport.http.HttpRuntime: [transport.http] HTTP request started: kernel.base.tcp-control-runtime-v2.activate-terminal {"endpointName":"kernel.base.tcp-control-runtime-v2.activate-terminal","serverName":"mock-terminal-platform","addressName":"local","method":"POST","roundIndex":0,"attemptIndex":1}
04-20 04:31:46.267 17203 17225 I assembly.assembly.android.mixc-retail-rn84: [assembly.topology] Native topology host already matches desired lifecycle state {"displayCount":2,"displayIndex":0,"deviceId":"J9RZPWR3HK","instanceMode":"MASTER","enableSlave":true,"running":false,"reason":"not-master-or-single-primary-host"}
04-20 04:31:46.268 17203 17339 D TrafficStats: tagSocket(133) with statsTag=0xffffffff, statsUid=-1
04-20 04:31:46.269 17203 17225 I MMKV    : <MMKV_IO.cpp:609::writeActualSize> [mixc-retail-assembly-rn84::state] increase sequence to 101, crc 869620038, actualSize 14487
04-20 04:31:46.270 17203 17225 I MMKV    : <MMKV.cpp:1208::sync> MMKV::sync, SyncFlag = 1
04-20 04:31:46.272 17203 17225 I assembly.assembly.android.mixc-retail-rn84: [assembly.topology] Native topology host already matches desired lifecycle state {"displayCount":2,"displayIndex":0,"deviceId":"J9RZPWR3HK","instanceMode":"MASTER","enableSlave":true,"running":false,"reason":"not-master-or-single-primary-host"}
04-20 04:31:46.272 17203 17225 I assembly.assembly.android.mixc-retail-rn84: [assembly.topology] Native topology host already matches desired lifecycle state {"displayCount":2,"displayIndex":0,"deviceId":"J9RZPWR3HK","instanceMode":"MASTER","enableSlave":true,"running":false,"reason":"not-master-or-single-primary-host"}
04-20 04:31:46.272 17203 17225 I assembly.assembly.android.mixc-retail-rn84: [assembly.topology] Native topology host already matches desired lifecycle state {"displayCount":2,"displayIndex":0,"deviceId":"J9RZPWR3HK","instanceMode":"MASTER","enableSlave":true,"running":false,"reason":"not-master-or-single-primary-host"}
04-20 04:31:46.274 17203 17259 D TrafficStats: tagSocket(166) with statsTag=0xffffffff, statsUid=-1
04-20 04:31:46.278 17203 17218 D EGL_emulation: app_time_stats: avg=88.35ms min=14.68ms max=350.59ms count=15
04-20 04:31:46.294 17203 17225 I assembly.assembly.android.mixc-retail-rn84.transport.http.HttpRuntime: [transport.http] HTTP request completed: kernel.base.tcp-control-runtime-v2.activate-terminal {"endpointName":"kernel.base.tcp-control-runtime-v2.activate-terminal","serverName":"mock-terminal-platform","addressName":"local","status":201}
04-20 04:31:46.297 17203 17224 I ReactNativeJS: '[tcp-activation-state-written]', '{"nodeId":"master:J9RZPWR3HK","sandboxId":"sandbox-kernel-base-test","terminalId":"terminal_hyqysx90psj1","bindingKeys":["platformId","tenantId","brandId","projectId","storeId","profileId","templateId"],"activatedAt":1776630706294}'
04-20 04:31:46.298 17203 17224 I ReactNativeJS: '[assembly.android.mixc-retail-rn84.websocket] connect', { url: 'ws://127.0.0.1:5810/api/v1/tdp/ws/connect?sandboxId=sandbox-kernel-base-test&terminalId=terminal_hyqysx90psj1&token=token_fodibkespsj2',
04-20 04:31:46.298 17203 17224 I ReactNativeJS:   protocol: 'ws',
04-20 04:31:46.298 17203 17224 I ReactNativeJS:   host: '127.0.0.1:5810',
04-20 04:31:46.298 17203 17224 I ReactNativeJS:   pathname: '/api/v1/tdp/ws/connect' }
04-20 04:31:46.298 17203 17225 I assembly.assembly.android.mixc-retail-rn84.transport.ws.SocketRuntime: [transport.ws] Socket connect started: kernel.base.tdp-sync-runtime-v2.socket {"profileName":"kernel.base.tdp-sync-runtime-v2.socket","serverName":"mock-terminal-platform","addressName":"local"}
04-20 04:31:46.300 17203 17342 D TrafficStats: tagSocket(122) with statsTag=0xffffffff, statsUid=-1
04-20 04:31:46.305 17271 17291 I ReactNativeJS: '[runtime-state-sync-apply]', '{"direction":"master-to-slave","incomingSliceNames":["kernel.base.tcp-control-runtime-v2.sandbox"],"appliedSliceNames":["kernel.base.tcp-control-runtime-v2.sandbox"],"skippedSliceReasons":[]}'
04-20 04:31:46.306 17271 17292 I assembly.assembly.android.mixc-retail-rn84: [assembly.topology] Native topology host already matches desired lifecycle state {"displayCount":2,"displayIndex":1,"deviceId":"J9RZPWR3HK","instanceMode":"SLAVE","enableSlave":false,"running":false,"reason":"not-master-or-single-primary-host"}
04-20 04:31:46.306 17271 17292 I assembly.assembly.android.mixc-retail-rn84: [assembly.topology] Native topology host already matches desired lifecycle state {"displayCount":2,"displayIndex":1,"deviceId":"J9RZPWR3HK","instanceMode":"SLAVE","enableSlave":false,"running":false,"reason":"not-master-or-single-primary-host"}
04-20 04:31:46.306 17271 17291 I ReactNativeJS: '[runtime-state-sync-apply]', '{"direction":"master-to-slave","incomingSliceNames":["kernel.base.tcp-control-runtime-v2.identity"],"appliedSliceNames":["kernel.base.tcp-control-runtime-v2.identity"],"skippedSliceReasons":[]}'
04-20 04:31:46.307 17203 17225 I assembly.assembly.android.mixc-retail-rn84: [assembly.topology] Native topology host already matches desired lifecycle state {"displayCount":2,"displayIndex":0,"deviceId":"J9RZPWR3HK","instanceMode":"MASTER","enableSlave":true,"running":false,"reason":"not-master-or-single-primary-host"}
04-20 04:31:46.308 17203 17225 I assembly.assembly.android.mixc-retail-rn84: [assembly.topology] Native topology host already matches desired lifecycle state {"displayCount":2,"displayIndex":0,"deviceId":"J9RZPWR3HK","instanceMode":"MASTER","enableSlave":true,"running":false,"reason":"not-master-or-single-primary-host"}
04-20 04:31:46.308 17271 17291 I ReactNativeJS: '[runtime-state-sync-apply]', '{"direction":"master-to-slave","incomingSliceNames":["kernel.base.tcp-control-runtime-v2.credential"],"appliedSliceNames":["kernel.base.tcp-control-runtime-v2.credential"],"skippedSliceReasons":[]}'
04-20 04:31:46.309 17271 17343 D TrafficStats: tagSocket(5) with statsTag=0xffffffff, statsUid=-1
04-20 04:31:46.309 17271 17292 I assembly.assembly.android.mixc-retail-rn84: [assembly.topology] Native topology host already matches desired lifecycle state {"displayCount":2,"displayIndex":1,"deviceId":"J9RZPWR3HK","instanceMode":"SLAVE","enableSlave":false,"running":false,"reason":"not-master-or-single-primary-host"}
04-20 04:31:46.310 17271 17292 I assembly.assembly.android.mixc-retail-rn84: [assembly.topology] Native topology host already matches desired lifecycle state {"displayCount":2,"displayIndex":1,"deviceId":"J9RZPWR3HK","instanceMode":"SLAVE","enableSlave":false,"running":false,"reason":"not-master-or-single-primary-host"}
04-20 04:31:46.310 17203 17225 I assembly.assembly.android.mixc-retail-rn84: [assembly.topology] Native topology host already matches desired lifecycle state {"displayCount":2,"displayIndex":0,"deviceId":"J9RZPWR3HK","instanceMode":"MASTER","enableSlave":true,"running":false,"reason":"not-master-or-single-primary-host"}
04-20 04:31:46.310 17203 17225 I assembly.assembly.android.mixc-retail-rn84: [assembly.topology] Native topology host already matches desired lifecycle state {"displayCount":2,"displayIndex":0,"deviceId":"J9RZPWR3HK","instanceMode":"MASTER","enableSlave":true,"running":false,"reason":"not-master-or-single-primary-host"}
04-20 04:31:46.310 17203 17225 I assembly.assembly.android.mixc-retail-rn84: [assembly.topology] Native topology host already matches desired lifecycle state {"displayCount":2,"displayIndex":0,"deviceId":"J9RZPWR3HK","instanceMode":"MASTER","enableSlave":true,"running":false,"reason":"not-master-or-single-primary-host"}
04-20 04:31:46.310 17203 17225 I assembly.assembly.android.mixc-retail-rn84: [assembly.topology] Native topology host already matches desired lifecycle state {"displayCount":2,"displayIndex":0,"deviceId":"J9RZPWR3HK","instanceMode":"MASTER","enableSlave":true,"running":false,"reason":"not-master-or-single-primary-host"}
04-20 04:31:46.310 17203 17225 I assembly.assembly.android.mixc-retail-rn84: [assembly.topology] Native topology host already matches desired lifecycle state {"displayCount":2,"displayIndex":0,"deviceId":"J9RZPWR3HK","instanceMode":"MASTER","enableSlave":true,"running":false,"reason":"not-master-or-single-primary-host"}
04-20 04:31:46.310 17203 17225 I assembly.assembly.android.mixc-retail-rn84: [assembly.topology] Native topology host already matches desired lifecycle state {"displayCount":2,"displayIndex":0,"deviceId":"J9RZPWR3HK","instanceMode":"MASTER","enableSlave":true,"running":false,"reason":"not-master-or-single-primary-host"}
04-20 04:31:46.311 17271 17292 I assembly.assembly.android.mixc-retail-rn84: [assembly.topology] Native topology host already matches desired lifecycle state {"displayCount":2,"displayIndex":1,"deviceId":"J9RZPWR3HK","instanceMode":"SLAVE","enableSlave":false,"running":false,"reason":"not-master-or-single-primary-host"}
04-20 04:31:46.311 17271 17292 I assembly.assembly.android.mixc-retail-rn84: [assembly.topology] Native topology host already matches desired lifecycle state {"displayCount":2,"displayIndex":1,"deviceId":"J9RZPWR3HK","instanceMode":"SLAVE","enableSlave":false,"running":false,"reason":"not-master-or-single-primary-host"}
04-20 04:31:46.312 17271 17291 I ReactNativeJS: '[runtime-state-sync-apply]', '{"direction":"master-to-slave","incomingSliceNames":["kernel.base.tcp-control-runtime-v2.binding"],"appliedSliceNames":["kernel.base.tcp-control-runtime-v2.binding"],"skippedSliceReasons":[]}'
04-20 04:31:46.313 17203 17225 I assembly.assembly.android.mixc-retail-rn84: [assembly.topology] Native topology host already matches desired lifecycle state {"displayCount":2,"displayIndex":0,"deviceId":"J9RZPWR3HK","instanceMode":"MASTER","enableSlave":true,"running":false,"reason":"not-master-or-single-primary-host"}
04-20 04:31:46.313 17203 17225 I MMKV    : <MMKV_IO.cpp:609::writeActualSize> [mixc-retail-assembly-rn84::secure-state] increase sequence to 3, crc 593966782, actualSize 4
04-20 04:31:46.313 17271 17292 I assembly.assembly.android.mixc-retail-rn84: [assembly.topology] Native topology host already matches desired lifecycle state {"displayCount":2,"displayIndex":1,"deviceId":"J9RZPWR3HK","instanceMode":"SLAVE","enableSlave":false,"running":false,"reason":"not-master-or-single-primary-host"}
04-20 04:31:46.313 17271 17292 I assembly.assembly.android.mixc-retail-rn84: [assembly.topology] Native topology host already matches desired lifecycle state {"displayCount":2,"displayIndex":1,"deviceId":"J9RZPWR3HK","instanceMode":"SLAVE","enableSlave":false,"running":false,"reason":"not-master-or-single-primary-host"}
04-20 04:31:46.314 17271 17291 I ReactNativeJS: '[runtime-state-sync-apply]', '{"direction":"master-to-slave","incomingSliceNames":["kernel.base.ui-runtime-v2.screen.main"],"appliedSliceNames":["kernel.base.ui-runtime-v2.screen.main"],"skippedSliceReasons":[]}'
04-20 04:31:46.314 17271 17292 I assembly.assembly.android.mixc-retail-rn84: [assembly.topology] Native topology host already matches desired lifecycle state {"displayCount":2,"displayIndex":1,"deviceId":"J9RZPWR3HK","instanceMode":"SLAVE","enableSlave":false,"running":false,"reason":"not-master-or-single-primary-host"}
04-20 04:31:46.314 17271 17292 I assembly.assembly.android.mixc-retail-rn84: [assembly.topology] Native topology host already matches desired lifecycle state {"displayCount":2,"displayIndex":1,"deviceId":"J9RZPWR3HK","instanceMode":"SLAVE","enableSlave":false,"running":false,"reason":"not-master-or-single-primary-host"}
04-20 04:31:46.314 17271 17291 I ReactNativeJS: '[runtime-state-sync-apply]', '{"direction":"master-to-slave","incomingSliceNames":["kernel.base.ui-runtime-v2.screen.main"],"appliedSliceNames":["kernel.base.ui-runtime-v2.screen.main"],"skippedSliceReasons":[]}'
04-20 04:31:46.315 17203 17225 I MMKV    : <MMKV_IO.cpp:609::writeActualSize> [mixc-retail-assembly-rn84::state] increase sequence to 102, crc 3070507148, actualSize 16319
04-20 04:31:46.315 17203 17225 I MMKV    : <MMKV.cpp:1208::sync> MMKV::sync, SyncFlag = 1
04-20 04:31:46.318 17271 17292 I assembly.assembly.android.mixc-retail-rn84: [assembly.topology] Native topology host already matches desired lifecycle state {"displayCount":2,"displayIndex":1,"deviceId":"J9RZPWR3HK","instanceMode":"SLAVE","enableSlave":false,"running":false,"reason":"not-master-or-single-primary-host"}
04-20 04:31:46.318 17271 17292 I assembly.assembly.android.mixc-retail-rn84: [assembly.topology] Native topology host already matches desired lifecycle state {"displayCount":2,"displayIndex":1,"deviceId":"J9RZPWR3HK","instanceMode":"SLAVE","enableSlave":false,"running":false,"reason":"not-master-or-single-primary-host"}
04-20 04:31:46.320 17203 17225 I MMKV    : <MMKV_IO.cpp:609::writeActualSize> [mixc-retail-assembly-rn84::state] increase sequence to 103, crc 2497598921, actualSize 16386
04-20 04:31:46.320 17203 17225 I MMKV    : <MMKV.cpp:1208::sync> MMKV::sync, SyncFlag = 1
04-20 04:31:46.325 17203 17225 I assembly.assembly.android.mixc-retail-rn84: [assembly.topology] Native topology host already matches desired lifecycle state {"displayCount":2,"displayIndex":0,"deviceId":"J9RZPWR3HK","instanceMode":"MASTER","enableSlave":true,"running":false,"reason":"not-master-or-single-primary-host"}
04-20 04:31:46.329 17203 17225 I MMKV    : <MMKV_IO.cpp:609::writeActualSize> [mixc-retail-assembly-rn84::state] increase sequence to 104, crc 3945755446, actualSize 16386
04-20 04:31:46.329 17203 17225 I MMKV    : <MMKV.cpp:1208::sync> MMKV::sync, SyncFlag = 1
04-20 04:31:46.339 17271 17285 D EGL_emulation: app_time_stats: avg=15587.80ms min=0.84ms max=93408.05ms count=6
04-20 04:31:46.343 17203 17225 I MMKV    : <MMKV_IO.cpp:609::writeActualSize> [mixc-retail-assembly-rn84::state] increase sequence to 105, crc 806844012, actualSize 16386
04-20 04:31:46.343 17203 17225 I MMKV    : <MMKV.cpp:1208::sync> MMKV::sync, SyncFlag = 1
