04-20 04:21:09.277 20885 20885 D WindowTokenClient: Configuration not dispatch to IME because configuration is up to date. Current config={1.3 ?mcc0mnc [en_US] ldltr sw723dp w1157dp h723dp 354dpi xlrg land finger qwerty/v/v dpad/v winConfig={ mBounds=Rect(0, 0 - 2560, 1600) mAppBounds=Rect(0, 0 - 2560, 1600) mMaxBounds=Rect(0, 0 - 2560, 1600) mDisplayRotation=ROTATION_0 mWindowingMode=fullscreen mActivityType=undefined mAlwaysOnTop=undefined mRotation=ROTATION_0} s.8 fontWeightAdjustment=0}, reported config={1.3 ?mcc0mnc [en_US] ldltr sw723dp w1157dp h723dp 354dpi xlrg land finger qwerty/v/v dpad/v winConfig={ mBounds=Rect(0, 0 - 2560, 1600) mAppBounds=Rect(0, 0 - 2560, 1600) mMaxBounds=Rect(0, 0 - 2560, 1600) mDisplayRotation=ROTATION_0 mWindowingMode=fullscreen mActivityType=undefined mAlwaysOnTop=undefined mRotation=ROTATION_0} s.8 fontWeightAdjustment=0}, updated config={1.3 ?mcc0mnc [en_US] ldltr sw723dp w1157dp h723dp 354dpi xlrg land finger qwerty/v/v dpad/v winConfig={ mBounds=Rect(0, 0 - 2560, 1600) mAppBounds=Rect(0, 0 - 2560, 1600) mMaxBounds=Rect(0, 0 - 2560, 1600) mDisplayRotation=ROTATION_0 mWindowingMode=fullscreen mActivityType=undefined mAlwaysOnTop=undefined mRotation=ROTATION_0} s.8 fontWeightAdjustment=0}, updated display ID=0
04-20 04:21:09.277 20885 20885 D WindowTokenClient: Configuration not dispatch to IME because configuration is up to date. Current config={1.3 ?mcc0mnc [en_US] ldltr sw723dp w1157dp h723dp 354dpi xlrg land finger qwerty/v/v dpad/v winConfig={ mBounds=Rect(0, 0 - 2560, 1600) mAppBounds=Rect(0, 0 - 2560, 1600) mMaxBounds=Rect(0, 0 - 2560, 1600) mDisplayRotation=ROTATION_0 mWindowingMode=fullscreen mActivityType=undefined mAlwaysOnTop=undefined mRotation=ROTATION_0} s.8 fontWeightAdjustment=0}, reported config={1.3 ?mcc0mnc [en_US] ldltr sw723dp w1157dp h723dp 354dpi xlrg land finger qwerty/v/v dpad/v winConfig={ mBounds=Rect(0, 0 - 2560, 1600) mAppBounds=Rect(0, 0 - 2560, 1600) mMaxBounds=Rect(0, 0 - 2560, 1600) mDisplayRotation=ROTATION_0 mWindowingMode=fullscreen mActivityType=undefined mAlwaysOnTop=undefined mRotation=ROTATION_0} s.8 fontWeightAdjustment=0}, updated config={1.3 ?mcc0mnc [en_US] ldltr sw723dp w1157dp h723dp 354dpi xlrg land finger qwerty/v/v dpad/v winConfig={ mBounds=Rect(0, 0 - 2560, 1600) mAppBounds=Rect(0, 0 - 2560, 1600) mMaxBounds=Rect(0, 0 - 2560, 1600) mDisplayRotation=ROTATION_0 mWindowingMode=fullscreen mActivityType=undefined mAlwaysOnTop=undefined mRotation=ROTATION_0} s.8 fontWeightAdjustment=0}, updated display ID=0
04-20 04:21:09.278 16981 17018 D TrafficStats: tagSocket(123) with statsTag=0xffffffff, statsUid=-1
04-20 04:21:09.278 20885 20908 I SP      : Scheduling job with delay of 0s for {W:b:u:l, bg}, 1 candidates
04-20 04:21:09.279 17053 17074 I assembly.android.mixc-retail-rn84.boot: {"stage":"runtime.start:done","displayIndex":1,"displayCount":2,"topologyRole":"slave","topologyWsUrl":"ws://127.0.0.1:8888/mockMasterServer/ws"}
04-20 04:21:09.279 17053 17074 D TrafficStats: tagSocket(126) with statsTag=0xffffffff, statsUid=-1
04-20 04:21:09.281 20885 20885 I GoogleInputMethodService: GoogleInputMethodService.onStartInput():1986 onStartInput(EditorInfo{EditorInfo{packageName=com.impos2.mixcretailassemblyrn84, inputType=0, inputTypeString=NULL, enableLearning=false, autoCorrection=false, autoComplete=false, imeOptions=0, privateImeOptions=null, actionName=UNSPECIFIED, actionLabel=null, initialSelStart=-1, initialSelEnd=-1, initialCapsMode=0, label=null, fieldId=0, fieldName=null, extras=null, hintText=null, hintLocales=[]}}, false)
04-20 04:21:09.281   590   901 E JobScheduler.JobStatus: App com.google.android.inputmethod.latin became active but still in NEVER bucket
04-20 04:21:09.281 20885 20885 I GoogleInputMethodService: GoogleInputMethodService.updateDeviceLockedStatus():2248 repeatCheckTimes = 1, locked = false
04-20 04:21:09.281 20885 20885 I AndroidIME: InputBundleManager.loadActiveInputBundleId():450 loadActiveInputBundleId: und-Latn-x-password, password
04-20 04:21:09.281 20885 20885 I HardKeyTracker: HardKeyTracker.registerKeySequence():139 Register key sequence lnk{labelResId=2132019800, callback=gnd@5c2712b, lastModifier=0, keyCodes=[57, 57], actions=[1, 0]}
04-20 04:21:09.281 20885 20885 I HardKeyTracker: HardKeyTracker.registerKeySequence():139 Register key sequence lnk{labelResId=0, callback=gnd@698bf46, lastModifier=0, keyCodes=[58, 58], actions=[1, 0]}
04-20 04:21:09.281   590   963 W PackageConfigPersister: App-specific configuration not found for packageName: com.impos2.mixcretailassemblyrn84 and userId: 0
04-20 04:21:09.281 17053 17074 I assembly.assembly.android.mixc-retail-rn84: [assembly.topology] Native topology host already matches desired lifecycle state {"displayCount":2,"displayIndex":1,"deviceId":"J9RZPWR3HK","instanceMode":"SLAVE","enableSlave":false,"running":false,"reason":"not-master-or-single-primary-host"}
04-20 04:21:09.282 17053 17074 I assembly.android.mixc-retail-rn84.boot: {"stage":"automation.host:start","displayIndex":1,"displayCount":2,"topologyRole":"slave","topologyWsUrl":"ws://127.0.0.1:8888/mockMasterServer/ws","target":"secondary","host":"127.0.0.1","port":18585}
04-20 04:21:09.282 20885 20908 I SP      : Scheduling: download registered, 0 started, 0 paused, 3 scheduled, 3 pending: manifests:next-word-predictor-20210507 * {m:b:u:l, bg}, manifests:emoji-2023020111 * {m:b:u:l, bg}, manifests:emoticon_content_description-2022081613 * {W:b:u:l, bg}
04-20 04:21:09.282 20885 20908 I SuperpacksManagerImpl: SuperpacksManagerImpl$3$1.onFailure():588 emoticon_content_description.registerManifest() cancelled
04-20 04:21:09.282 20885 20908 I SuperpacksManagerImpl: SuperpacksManagerImpl$3$1.onFailure():588 emoticon_content_description.registerManifest() cancelled
04-20 04:21:09.287 17053 17074 I assembly.assembly.android.mixc-retail-rn84: [assembly.topology] Native topology host already matches desired lifecycle state {"displayCount":2,"displayIndex":1,"deviceId":"J9RZPWR3HK","instanceMode":"SLAVE","enableSlave":false,"running":false,"reason":"not-master-or-single-primary-host"}
04-20 04:21:09.287 17053 17074 I assembly.android.mixc-retail-rn84.boot: {"stage":"app-load-complete:start","displayIndex":1}
04-20 04:21:09.288 16981 17004 I assembly.assembly.android.mixc-retail-rn84: [assembly.topology] Native topology host already matches desired lifecycle state {"displayCount":2,"displayIndex":0,"deviceId":"J9RZPWR3HK","instanceMode":"MASTER","enableSlave":true,"running":false,"reason":"not-master-or-single-primary-host"}
04-20 04:21:09.288 16981 17004 I assembly.assembly.android.mixc-retail-rn84: [assembly.topology] Native topology host already matches desired lifecycle state {"displayCount":2,"displayIndex":0,"deviceId":"J9RZPWR3HK","instanceMode":"MASTER","enableSlave":true,"running":false,"reason":"not-master-or-single-primary-host"}
04-20 04:21:09.289 16981 17004 I assembly.assembly.android.mixc-retail-rn84: [assembly.topology] Native topology host already matches desired lifecycle state {"displayCount":2,"displayIndex":0,"deviceId":"J9RZPWR3HK","instanceMode":"MASTER","enableSlave":true,"running":false,"reason":"not-master-or-single-primary-host"}
04-20 04:21:09.290 16981 17003 I ReactNativeJS: '[runtime-state-sync-apply]', '{"direction":"slave-to-master","incomingSliceNames":["kernel.base.topology-runtime-v3.demo.slave","kernel.base.ui-runtime-v2.screen.branch","kernel.base.ui-runtime-v2.overlay.branch","kernel.base.ui-runtime-v2.ui-variable.branch"],"appliedSliceNames":["kernel.base.topology-runtime-v3.demo.slave","kernel.base.ui-runtime-v2.screen.branch","kernel.base.ui-runtime-v2.overlay.branch","kernel.base.ui-runtime-v2.ui-variable.branch"],"skippedSliceReasons":[]}'
04-20 04:21:09.290 17053 17073 I ReactNativeJS: '[runtime-state-sync-apply]', '{"direction":"master-to-slave","incomingSliceNames":["kernel.base.topology-runtime-v3.demo.master","kernel.base.tcp-control-runtime-v2.identity","kernel.base.tcp-control-runtime-v2.credential","kernel.base.tcp-control-runtime-v2.binding","kernel.base.tcp-control-runtime-v2.sandbox","kernel.base.tdp-sync-runtime-v2.hot-update","kernel.base.ui-runtime-v2.screen.main","kernel.base.ui-runtime-v2.overlay.main","kernel.base.ui-runtime-v2.ui-variable.main"],"appliedSliceNames":["kernel.base.topology-runtime-v3.demo.master","kernel.base.tcp-control-runtime-v2.identity","kernel.base.tcp-control-runtime-v2.credential","kernel.base.tcp-control-runtime-v2.binding","kernel.base.tcp-control-runtime-v2.sandbox","kernel.base.tdp-sync-runtime-v2.hot-update","kernel.base.ui-runtime-v2.screen.main","kernel.base.ui-runtime-v2.overlay.main","kernel.base.ui-runtime-v2.ui-variable.main"],"skippedSliceReasons":[]}'
04-20 04:21:09.290 16981 17004 I assembly.assembly.android.mixc-retail-rn84: [assembly.topology] Native topology host already matches desired lifecycle state {"displayCount":2,"displayIndex":0,"deviceId":"J9RZPWR3HK","instanceMode":"MASTER","enableSlave":true,"running":false,"reason":"not-master-or-single-primary-host"}
04-20 04:21:09.290 16981 17004 I assembly.assembly.android.mixc-retail-rn84: [assembly.topology] Native topology host already matches desired lifecycle state {"displayCount":2,"displayIndex":0,"deviceId":"J9RZPWR3HK","instanceMode":"MASTER","enableSlave":true,"running":false,"reason":"not-master-or-single-primary-host"}
04-20 04:21:09.290 17053 17074 I assembly.assembly.android.mixc-retail-rn84: [assembly.topology] Native topology host already matches desired lifecycle state {"displayCount":2,"displayIndex":1,"deviceId":"J9RZPWR3HK","instanceMode":"SLAVE","enableSlave":false,"running":false,"reason":"not-master-or-single-primary-host"}
04-20 04:21:09.290 17053 17074 I assembly.assembly.android.mixc-retail-rn84: [assembly.topology] Native topology host already matches desired lifecycle state {"displayCount":2,"displayIndex":1,"deviceId":"J9RZPWR3HK","instanceMode":"SLAVE","enableSlave":false,"running":false,"reason":"not-master-or-single-primary-host"}
04-20 04:21:09.290 17053 17074 I assembly.assembly.android.mixc-retail-rn84: [assembly.topology] Native topology host already matches desired lifecycle state {"displayCount":2,"displayIndex":1,"deviceId":"J9RZPWR3HK","instanceMode":"SLAVE","enableSlave":false,"running":false,"reason":"not-master-or-single-primary-host"}
04-20 04:21:09.293 17053 17074 I assembly.assembly.android.mixc-retail-rn84: [assembly.topology] Native topology host already matches desired lifecycle state {"displayCount":2,"displayIndex":1,"deviceId":"J9RZPWR3HK","instanceMode":"SLAVE","enableSlave":false,"running":false,"reason":"not-master-or-single-primary-host"}
04-20 04:21:09.294 17053 17074 I assembly.assembly.android.mixc-retail-rn84: [assembly.topology] Native topology host already matches desired lifecycle state {"displayCount":2,"displayIndex":1,"deviceId":"J9RZPWR3HK","instanceMode":"SLAVE","enableSlave":false,"running":false,"reason":"not-master-or-single-primary-host"}
04-20 04:21:09.295 17053 17074 I assembly.android.mixc-retail-rn84.boot: {"stage":"app-load-complete:done","displayIndex":1}
04-20 04:21:09.311 16981 17004 I MMKV    : <MMKV_IO.cpp:609::writeActualSize> [mixc-retail-assembly-rn84::state] increase sequence to 30, crc 175258602, actualSize 14488
04-20 04:21:09.311 16981 17004 I MMKV    : <MMKV.cpp:1208::sync> MMKV::sync, SyncFlag = 1
04-20 04:21:09.411   836   874 V WindowManagerShell: Transition animation finished (aborted=false), notifying core (#574) android.os.BinderProxy@58c8d56@0
04-20 04:21:09.412   590   610 V WindowManager: Finish Transition (#574): created at 04-20 04:21:09.071 collect-started=0.024ms request-sent=5.731ms started=7.168ms ready=40.433ms sent=41.181ms finished=340.937ms
04-20 04:21:09.413  1099  1099 D VRI[SecondaryDisplayLauncher]: visibilityChanged oldVisibility=true newVisibility=false
04-20 04:21:09.415   836   874 V WindowManagerShell: Track 0 became idle
04-20 04:21:09.415   836   874 V WindowManagerShell: All active transition animations finished
04-20 04:21:09.415   590   963 W UserManagerService: Requested status bar icon for non-badged user 0
04-20 04:21:09.416   590   963 W UserManagerService: Requested status bar icon for non-badged user 0
04-20 04:21:09.482   836   886 W WindowOnBackDispatcher: sendCancelIfRunning: isInProgress=false callback=android.view.ViewRootImpl$$ExternalSyntheticLambda11@b057565
04-20 04:21:09.482   590   963 D CoreBackPreview: Window{a73f24f u0 Splash Screen com.impos2.mixcretailassemblyrn84 EXITING}: Setting back callback null
04-20 04:21:09.482   590   966 W InputManager-JNI: Input channel object 'a73f24f Splash Screen com.impos2.mixcretailassemblyrn84 (client)' was disposed without first being removed with the input manager!
04-20 04:21:09.533   836   886 W FrameTracker: Missing HWUI jank callback for vsyncId: 174293950, CUJ=J<SPLASHSCREEN_EXIT_ANIM>
04-20 04:21:11.020   590   745 D InetDiagMessage: Destroyed 0 sockets, proto=IPPROTO_TCP, family=AF_INET, states=14
04-20 04:21:11.021   590   745 D InetDiagMessage: Destroyed 0 sockets, proto=IPPROTO_TCP, family=AF_INET6, states=14
04-20 04:21:11.021   590   745 D InetDiagMessage: Destroyed live tcp sockets for uids={10165} in 1ms
04-20 04:21:11.021   590   745 D InetDiagMessage: Destroyed 0 sockets, proto=IPPROTO_TCP, family=AF_INET, states=14
04-20 04:21:11.022   590   745 D InetDiagMessage: Destroyed 0 sockets, proto=IPPROTO_TCP, family=AF_INET6, states=14
04-20 04:21:11.022   590   745 D InetDiagMessage: Destroyed live tcp sockets for uids={20165} in 1ms
04-20 04:21:11.546 16981 17115 D ProfileInstaller: Installing profile for com.impos2.mixcretailassemblyrn84
04-20 04:21:11.883   590   966 D WifiNl80211Manager: Scan result ready event
04-20 04:21:11.883   590   966 D WifiNative: Scan result ready event
04-20 04:21:11.891   590   738 I HalDevMgr: bestIfaceCreationProposal is null, requestIface=STA, existingIface=[name=wlan0 type=STA]
04-20 04:21:12.081   590  1464 E TaskPersister: File error accessing recents directory (directory doesn't exist?).
04-20 04:21:12.384   388   472 I netd    : tetherGetStats() -> {[]} <1.24ms>
04-20 04:21:15.777   590   689 D ActivityManager: freezing 22500 com.google.android.apps.wellbeing
04-20 04:21:15.782   590   745 D InetDiagMessage: Destroyed 0 sockets, proto=IPPROTO_TCP, family=AF_INET, states=14
04-20 04:21:15.782   590   745 D InetDiagMessage: Destroyed 0 sockets, proto=IPPROTO_TCP, family=AF_INET6, states=14
04-20 04:21:15.783   590   745 D InetDiagMessage: Destroyed live tcp sockets for uids={10142} in 1ms
04-20 04:21:16.014   590   689 D ActivityManager: freezing 12394 com.google.android.webview:webview_service
04-20 04:21:16.015   590   745 D InetDiagMessage: Destroyed 0 sockets, proto=IPPROTO_TCP, family=AF_INET, states=14
04-20 04:21:16.015   590   745 D InetDiagMessage: Destroyed 0 sockets, proto=IPPROTO_TCP, family=AF_INET6, states=14
04-20 04:21:16.016   590   745 D InetDiagMessage: Destroyed live tcp sockets for uids={10165} in 1ms
04-20 04:21:16.097   590   689 D ActivityManager: freezing 12083 com.android.keychain
04-20 04:21:16.098   590   689 D ActivityManager: freezing 11983 com.android.settings
04-20 04:21:27.532 16981 16988 W ailassemblyrn84: ApkAssets: Deleting an ApkAssets object '<empty> and /data/app/~~j4BrjP0JsvTGmjdLkkfrgg==/com.google.android.webview-lp5hhYzxsBeFuV03zuxwaw==/WebViewGoogle.apk' with 2 weak references
04-20 04:21:31.550 17053 17060 W yrn84:secondary: ApkAssets: Deleting an ApkAssets object '<empty> and /data/app/~~j4BrjP0JsvTGmjdLkkfrgg==/com.google.android.webview-lp5hhYzxsBeFuV03zuxwaw==/WebViewGoogle.apk' with 2 weak references
04-20 04:21:59.748   397   397 W healthd : battery l=47 v=5000 t=25.0 h=2 st=4 c=900000 fc=3000000 cc=10 chg=a
04-20 04:22:00.005  1389  1552 I AiAiEcho: Predicting[0]:  [CONTEXT sampling_count=5 ]
04-20 04:22:00.005  1389  1552 I AiAiEcho: EchoTargets: 
04-20 04:22:00.005  1389  1552 I AiAiEcho: Filtered by AiAi flag check: 
04-20 04:22:00.005  1389  1552 I AiAiEcho: [CONTEXT ratelimit_period="10 SECONDS" ]
04-20 04:22:00.005  1389  1552 I AiAiEcho: Ranked targets strategy: SORT, count: 0, ranking metadata:  [CONTEXT ratelimit_period="10 SECONDS" ]
04-20 04:22:00.005  1389  1552 I AiAiEcho: #remoteViewsTwiddler: feature disabled.
04-20 04:22:00.005  1389  1552 I AiAiEcho: Predicting[0]:  [CONTEXT sampling_count=5 ]
04-20 04:22:00.005  1389  1552 I AiAiEcho: EchoTargets: 
04-20 04:22:00.005  1389  1552 I AiAiEcho: Filtered by AiAi flag check: 
04-20 04:22:00.005  1389  1552 I AiAiEcho: [CONTEXT ratelimit_period="10 SECONDS" ]
04-20 04:22:00.005  1389  1552 I AiAiEcho: Ranked targets strategy: SORT, count: 0, ranking metadata:  [CONTEXT ratelimit_period="10 SECONDS" ]
04-20 04:22:00.005  1389  1552 I AiAiEcho: #remoteViewsTwiddler: feature disabled.
04-20 04:22:00.005  1389  1552 I AiAiEcho: #postPredictionTargets: Sending updates to UISurface lockscreen with targets# 0 (types=[])
04-20 04:22:00.005  1389  1552 I AiAiEcho: #postPredictionTargets: Sending updates to UISurface home with targets# 0 (types=[])
04-20 04:22:00.006  1099  1099 D SsBaseTemplateCard: No text view can be set up
04-20 04:22:00.007  1099  1099 D SsBaseTemplateCard: Passed-in item info is null
04-20 04:22:00.007  1099  1099 D SsBaseTemplateCard: Passed-in item info is null
04-20 04:22:00.007  1099  1099 D SsBaseTemplateCard: Passed-in item info is null
04-20 04:22:00.007  1099  1099 I SsBaseTemplateCard: Secondary card pane is null
04-20 04:22:00.012   836   836 W PageIndicator: Total number of pages invalid: 0. Assuming 1 page.
04-20 04:22:00.025   836   978 D EGL_emulation: app_time_stats: avg=2710.66ms min=9.98ms max=53412.74ms count=20
04-20 04:22:02.601 16981 17044 D TrafficStats: tagSocket(5) with statsTag=0xffffffff, statsUid=-1
04-20 04:22:02.606 16981 17044 D TrafficStats: tagSocket(5) with statsTag=0xffffffff, statsUid=-1
04-20 04:22:02.610 16981 17044 D TrafficStats: tagSocket(5) with statsTag=0xffffffff, statsUid=-1
04-20 04:22:02.613 16981 17044 D TrafficStats: tagSocket(5) with statsTag=0xffffffff, statsUid=-1
04-20 04:22:02.697 17053 17110 D TrafficStats: tagSocket(5) with statsTag=0xffffffff, statsUid=-1
04-20 04:22:02.702 17053 17110 D TrafficStats: tagSocket(5) with statsTag=0xffffffff, statsUid=-1
04-20 04:22:02.705 17053 17110 D TrafficStats: tagSocket(5) with statsTag=0xffffffff, statsUid=-1
04-20 04:22:02.708 17053 17110 D TrafficStats: tagSocket(5) with statsTag=0xffffffff, statsUid=-1
