04-20 04:05:55.972 D/ActivityManager(  590): freezing 12210 com.google.android.rkpdapp
04-20 04:05:55.973 D/InetDiagMessage(  590): Destroyed 0 sockets, proto=IPPROTO_TCP, family=AF_INET, states=14
04-20 04:05:55.973 D/InetDiagMessage(  590): Destroyed 0 sockets, proto=IPPROTO_TCP, family=AF_INET6, states=14
04-20 04:05:55.973 D/InetDiagMessage(  590): Destroyed live tcp sockets for uids={10205} in 1ms
04-20 04:05:56.486 I/keystore2(  189): system/security/keystore2/watchdog/src/lib.rs:319 - Watchdog thread idle -> terminating. Have a great day.
04-20 04:05:56.567 D/ActivityManager(  590): freezing 12394 com.google.android.webview:webview_service
04-20 04:05:56.569 D/InetDiagMessage(  590): Destroyed 0 sockets, proto=IPPROTO_TCP, family=AF_INET, states=14
04-20 04:05:56.570 D/InetDiagMessage(  590): Destroyed 0 sockets, proto=IPPROTO_TCP, family=AF_INET6, states=14
04-20 04:05:56.570 D/InetDiagMessage(  590): Destroyed live tcp sockets for uids={10165} in 2ms
04-20 04:05:56.709 D/ActivityManager(  590): freezing 21035 com.google.android.googlequicksearchbox:search
04-20 04:05:56.711 D/ActivityManager(  590): freezing 21183 com.google.android.webview:sandboxed_process0:org.chromium.content.app.SandboxedProcessService0:0
04-20 04:05:56.761 D/InetDiagMessage(  590): Destroyed 0 sockets, proto=IPPROTO_TCP, family=AF_INET, states=14
04-20 04:05:56.762 D/InetDiagMessage(  590): Destroyed 0 sockets, proto=IPPROTO_TCP, family=AF_INET6, states=14
04-20 04:05:56.762 D/InetDiagMessage(  590): Destroyed live tcp sockets for uids={99001} in 0ms
04-20 04:05:56.790 I/netd    (  388): tetherGetStats() -> {[]} <0.39ms>
04-20 04:05:57.767 D/InetDiagMessage(  590): Destroyed 0 sockets, proto=IPPROTO_TCP, family=AF_INET, states=14
04-20 04:05:57.767 D/InetDiagMessage(  590): Destroyed 0 sockets, proto=IPPROTO_TCP, family=AF_INET6, states=14
04-20 04:05:57.768 D/InetDiagMessage(  590): Destroyed live tcp sockets for uids={10142} in 2ms
04-20 04:05:57.769 D/InetDiagMessage(  590): Destroyed 0 sockets, proto=IPPROTO_TCP, family=AF_INET, states=14
04-20 04:05:57.769 D/InetDiagMessage(  590): Destroyed 0 sockets, proto=IPPROTO_TCP, family=AF_INET6, states=14
04-20 04:05:57.770 D/InetDiagMessage(  590): Destroyed live tcp sockets for uids={20142} in 2ms
04-20 04:05:58.668 W/ailassemblyrn84(16639): ApkAssets: Deleting an ApkAssets object '<empty> and /data/app/~~j4BrjP0JsvTGmjdLkkfrgg==/com.google.android.webview-lp5hhYzxsBeFuV03zuxwaw==/WebViewGoogle.apk' with 2 weak references
04-20 04:05:59.749 W/healthd (  397): battery l=47 v=5000 t=25.0 h=2 st=4 c=900000 fc=3000000 cc=10 chg=a
04-20 04:06:00.005 I/AiAiEcho( 1389): Predicting[0]:  [CONTEXT sampling_count=5 ]
04-20 04:06:00.005 I/AiAiEcho( 1389): EchoTargets: 
04-20 04:06:00.005 I/AiAiEcho( 1389): Filtered by AiAi flag check: 
04-20 04:06:00.005 I/AiAiEcho( 1389): [CONTEXT ratelimit_period="10 SECONDS" ]
04-20 04:06:00.005 I/AiAiEcho( 1389): Ranked targets strategy: SORT, count: 0, ranking metadata:  [CONTEXT ratelimit_period="10 SECONDS" ]
04-20 04:06:00.005 I/AiAiEcho( 1389): #remoteViewsTwiddler: feature disabled.
04-20 04:06:00.006 I/AiAiEcho( 1389): Predicting[0]:  [CONTEXT sampling_count=5 ]
04-20 04:06:00.006 I/AiAiEcho( 1389): EchoTargets: 
04-20 04:06:00.006 I/AiAiEcho( 1389): Filtered by AiAi flag check: 
04-20 04:06:00.006 I/AiAiEcho( 1389): [CONTEXT ratelimit_period="10 SECONDS" ]
04-20 04:06:00.006 I/AiAiEcho( 1389): Ranked targets strategy: SORT, count: 0, ranking metadata:  [CONTEXT ratelimit_period="10 SECONDS" ]
04-20 04:06:00.006 I/AiAiEcho( 1389): #remoteViewsTwiddler: feature disabled.
04-20 04:06:00.006 I/AiAiEcho( 1389): #postPredictionTargets: Sending updates to UISurface lockscreen with targets# 0 (types=[])
04-20 04:06:00.006 I/AiAiEcho( 1389): #postPredictionTargets: Sending updates to UISurface home with targets# 0 (types=[])
04-20 04:06:00.009 D/SsBaseTemplateCard( 1099): No text view can be set up
04-20 04:06:00.009 D/SsBaseTemplateCard( 1099): Passed-in item info is null
04-20 04:06:00.009 D/SsBaseTemplateCard( 1099): Passed-in item info is null
04-20 04:06:00.009 D/SsBaseTemplateCard( 1099): Passed-in item info is null
04-20 04:06:00.009 I/SsBaseTemplateCard( 1099): Secondary card pane is null
04-20 04:06:00.012 W/PageIndicator(  836): Total number of pages invalid: 0. Assuming 1 page.
04-20 04:06:00.027 D/EGL_emulation(  836): app_time_stats: avg=684.93ms min=9.35ms max=12863.37ms count=20
04-20 04:06:00.941 D/BoundBrokerSvc( 4607): onUnbind: Intent { act=com.google.android.gms.checkin.START pkg=com.google.android.gms }
04-20 04:06:01.037 D/ActivityManager(  590): freezing 9887 com.google.android.gms.unstable
04-20 04:06:01.525 I/resolv  (  388): GetAddrInfoHandler::run: {0 786432 0 983040 10143 0}
04-20 04:06:01.526 W/gclk    (  937): [{0}] Failed to resolve name. status={1}
04-20 04:06:01.762 D/BoundBrokerSvc( 4607): onUnbind: Intent { act=com.google.android.gms.feedback.internal.IFeedbackService dat=chimera-action:/... cmp=com.google.android.gms/.chimera.GmsBoundBrokerService }
04-20 04:06:01.779 W/gle.android.gms( 4607): ApkAssets: Deleting an ApkAssets object '<empty> and /data/app/~~TVf0q9yox8otq4Giy0v3jg==/com.impos2.mixcretailassemblyrn84-79QD9gHdViU7qw3d_JiQ1w==/base.apk' with 1 weak references
04-20 04:06:06.695 W/yrn84:secondary(16722): ApkAssets: Deleting an ApkAssets object '<empty> and /data/app/~~j4BrjP0JsvTGmjdLkkfrgg==/com.google.android.webview-lp5hhYzxsBeFuV03zuxwaw==/WebViewGoogle.apk' with 2 weak references
04-20 04:06:06.797 D/ActivityManager(  590): freezing 21463 com.google.android.permissioncontroller
04-20 04:06:06.799 D/InetDiagMessage(  590): Destroyed 0 sockets, proto=IPPROTO_TCP, family=AF_INET, states=14
04-20 04:06:06.800 D/InetDiagMessage(  590): Destroyed 0 sockets, proto=IPPROTO_TCP, family=AF_INET6, states=14
04-20 04:06:06.800 D/InetDiagMessage(  590): Destroyed live tcp sockets for uids={10207} in 1ms
04-20 04:06:07.573 I/BistoHotwordHelper( 1413): (REDACTED) getHotwordActive::active query: %s, watch: %s, devices connected: %s
04-20 04:06:11.787 D/ActivityManager(  590): freezing 4607 com.google.android.gms
04-20 04:06:13.486 I/resolv  (  388): GetAddrInfoHandler::run: {0 786432 0 983040 10143 0}
04-20 04:06:13.487 W/gclk    (  937): [{0}] Failed to resolve name. status={1}
04-20 04:06:26.247 D/ActivityManager(  590): freezing 12083 com.android.keychain
04-20 04:06:26.249 D/ActivityManager(  590): freezing 11983 com.android.settings
04-20 04:06:30.520 D/TrafficStats(16639): tagSocket(5) with statsTag=0xffffffff, statsUid=-1
04-20 04:06:30.526 D/TrafficStats(16639): tagSocket(5) with statsTag=0xffffffff, statsUid=-1
04-20 04:06:30.528 D/TrafficStats(16639): tagSocket(5) with statsTag=0xffffffff, statsUid=-1
04-20 04:06:30.531 D/TrafficStats(16639): tagSocket(5) with statsTag=0xffffffff, statsUid=-1
04-20 04:06:30.907 D/TrafficStats(16722): tagSocket(5) with statsTag=0xffffffff, statsUid=-1
04-20 04:06:30.912 D/TrafficStats(16722): tagSocket(5) with statsTag=0xffffffff, statsUid=-1
04-20 04:06:30.915 D/TrafficStats(16722): tagSocket(5) with statsTag=0xffffffff, statsUid=-1
04-20 04:06:30.917 D/TrafficStats(16722): tagSocket(5) with statsTag=0xffffffff, statsUid=-1
04-20 04:06:31.280 D/TrafficStats(16639): tagSocket(5) with statsTag=0xffffffff, statsUid=-1
04-20 04:06:31.283 D/TrafficStats(16639): tagSocket(5) with statsTag=0xffffffff, statsUid=-1
04-20 04:06:31.333 D/TrafficStats(16639): tagSocket(5) with statsTag=0xffffffff, statsUid=-1
04-20 04:06:31.337 D/TrafficStats(16639): tagSocket(5) with statsTag=0xffffffff, statsUid=-1
04-20 04:06:33.102 I/resolv  (  388): GetAddrInfoHandler::run: {0 786432 0 983040 10143 0}
04-20 04:06:33.103 W/gclk    (  937): [{0}] Failed to resolve name. status={1}
04-20 04:06:59.748 W/healthd (  397): battery l=47 v=5000 t=25.0 h=2 st=4 c=900000 fc=3000000 cc=10 chg=a
04-20 04:07:00.004 I/AiAiEcho( 1389): Predicting[0]:  [CONTEXT sampling_count=5 ]
04-20 04:07:00.004 I/AiAiEcho( 1389): EchoTargets: 
04-20 04:07:00.004 I/AiAiEcho( 1389): Filtered by AiAi flag check: 
04-20 04:07:00.004 I/AiAiEcho( 1389): [CONTEXT ratelimit_period="10 SECONDS" ]
04-20 04:07:00.004 I/AiAiEcho( 1389): Ranked targets strategy: SORT, count: 0, ranking metadata:  [CONTEXT ratelimit_period="10 SECONDS" ]
04-20 04:07:00.005 I/AiAiEcho( 1389): #remoteViewsTwiddler: feature disabled.
04-20 04:07:00.005 I/AiAiEcho( 1389): Predicting[0]:  [CONTEXT sampling_count=5 ]
04-20 04:07:00.005 I/AiAiEcho( 1389): EchoTargets: 
04-20 04:07:00.005 I/AiAiEcho( 1389): Filtered by AiAi flag check: 
04-20 04:07:00.005 I/AiAiEcho( 1389): [CONTEXT ratelimit_period="10 SECONDS" ]
04-20 04:07:00.005 I/AiAiEcho( 1389): Ranked targets strategy: SORT, count: 0, ranking metadata:  [CONTEXT ratelimit_period="10 SECONDS" ]
04-20 04:07:00.005 I/AiAiEcho( 1389): #remoteViewsTwiddler: feature disabled.
04-20 04:07:00.005 I/AiAiEcho( 1389): #postPredictionTargets: Sending updates to UISurface lockscreen with targets# 0 (types=[])
04-20 04:07:00.005 I/AiAiEcho( 1389): #postPredictionTargets: Sending updates to UISurface home with targets# 0 (types=[])
04-20 04:07:00.007 D/SsBaseTemplateCard( 1099): No text view can be set up
04-20 04:07:00.007 D/SsBaseTemplateCard( 1099): Passed-in item info is null
04-20 04:07:00.007 D/SsBaseTemplateCard( 1099): Passed-in item info is null
04-20 04:07:00.007 D/SsBaseTemplateCard( 1099): Passed-in item info is null
04-20 04:07:00.007 I/SsBaseTemplateCard( 1099): Secondary card pane is null
04-20 04:07:00.011 W/PageIndicator(  836): Total number of pages invalid: 0. Assuming 1 page.
04-20 04:07:00.027 D/EGL_emulation(  836): app_time_stats: avg=60000.16ms min=60000.16ms max=60000.16ms count=1
04-20 04:07:00.851 I/resolv  (  388): GetAddrInfoHandler::run: {0 786432 0 983040 10143 0}
04-20 04:07:00.853 W/gclk    (  937): [{0}] Failed to resolve name. status={1}
04-20 04:07:07.573 I/BistoHotwordHelper( 1413): (REDACTED) getHotwordActive::active query: %s, watch: %s, devices connected: %s
04-20 04:07:36.558 I/resolv  (  388): GetAddrInfoHandler::run: {0 786432 0 983040 10143 0}
04-20 04:07:36.559 W/gclk    (  937): [{0}] Failed to resolve name. status={1}
04-20 04:07:43.958 D/TrafficStats(16639): tagSocket(5) with statsTag=0xffffffff, statsUid=-1
04-20 04:07:43.962 D/TrafficStats(16639): tagSocket(5) with statsTag=0xffffffff, statsUid=-1
04-20 04:07:43.964 D/TrafficStats(16639): tagSocket(5) with statsTag=0xffffffff, statsUid=-1
04-20 04:07:44.006 D/EGL_emulation(16639): app_time_stats: avg=7712.17ms min=1.47ms max=115646.59ms count=15
04-20 04:07:44.023 D/TrafficStats(16639): tagSocket(5) with statsTag=0xffffffff, statsUid=-1
04-20 04:07:44.026 D/TrafficStats(16639): tagSocket(5) with statsTag=0xffffffff, statsUid=-1
04-20 04:07:44.041 D/TrafficStats(16639): tagSocket(5) with statsTag=0xffffffff, statsUid=-1
04-20 04:07:44.043 D/TrafficStats(16639): tagSocket(5) with statsTag=0xffffffff, statsUid=-1
04-20 04:07:44.098 D/TrafficStats(16639): tagSocket(128) with statsTag=0xffffffff, statsUid=-1
04-20 04:07:44.113 D/TrafficStats(16639): tagSocket(128) with statsTag=0xffffffff, statsUid=-1
04-20 04:07:44.115 D/TrafficStats(16639): tagSocket(128) with statsTag=0xffffffff, statsUid=-1
04-20 04:07:44.175 D/TrafficStats(16639): tagSocket(148) with statsTag=0xffffffff, statsUid=-1
04-20 04:07:44.190 D/TrafficStats(16639): tagSocket(148) with statsTag=0xffffffff, statsUid=-1
04-20 04:07:44.193 D/TrafficStats(16639): tagSocket(148) with statsTag=0xffffffff, statsUid=-1
04-20 04:07:44.249 D/TrafficStats(16639): tagSocket(150) with statsTag=0xffffffff, statsUid=-1
04-20 04:07:44.262 D/TrafficStats(16639): tagSocket(150) with statsTag=0xffffffff, statsUid=-1
04-20 04:07:44.265 D/TrafficStats(16639): tagSocket(150) with statsTag=0xffffffff, statsUid=-1
04-20 04:07:44.320 D/TrafficStats(16639): tagSocket(127) with statsTag=0xffffffff, statsUid=-1
04-20 04:07:44.334 D/TrafficStats(16639): tagSocket(127) with statsTag=0xffffffff, statsUid=-1
04-20 04:07:44.337 D/TrafficStats(16639): tagSocket(127) with statsTag=0xffffffff, statsUid=-1
04-20 04:07:44.392 D/TrafficStats(16639): tagSocket(126) with statsTag=0xffffffff, statsUid=-1
04-20 04:07:44.406 D/TrafficStats(16639): tagSocket(126) with statsTag=0xffffffff, statsUid=-1
04-20 04:07:44.409 D/TrafficStats(16639): tagSocket(126) with statsTag=0xffffffff, statsUid=-1
04-20 04:07:44.464 D/TrafficStats(16639): tagSocket(116) with statsTag=0xffffffff, statsUid=-1
04-20 04:07:44.479 D/TrafficStats(16639): tagSocket(116) with statsTag=0xffffffff, statsUid=-1
04-20 04:07:44.481 D/TrafficStats(16639): tagSocket(116) with statsTag=0xffffffff, statsUid=-1
04-20 04:07:44.537 D/TrafficStats(16639): tagSocket(124) with statsTag=0xffffffff, statsUid=-1
04-20 04:07:44.550 D/TrafficStats(16639): tagSocket(124) with statsTag=0xffffffff, statsUid=-1
04-20 04:07:44.553 D/TrafficStats(16639): tagSocket(124) with statsTag=0xffffffff, statsUid=-1
04-20 04:07:44.607 D/TrafficStats(16639): tagSocket(5) with statsTag=0xffffffff, statsUid=-1
04-20 04:07:44.622 D/TrafficStats(16639): tagSocket(5) with statsTag=0xffffffff, statsUid=-1
04-20 04:07:44.625 D/TrafficStats(16639): tagSocket(5) with statsTag=0xffffffff, statsUid=-1
04-20 04:07:44.680 D/TrafficStats(16639): tagSocket(123) with statsTag=0xffffffff, statsUid=-1
04-20 04:07:44.693 D/TrafficStats(16639): tagSocket(123) with statsTag=0xffffffff, statsUid=-1
04-20 04:07:44.695 D/TrafficStats(16639): tagSocket(123) with statsTag=0xffffffff, statsUid=-1
04-20 04:07:44.749 D/TrafficStats(16639): tagSocket(128) with statsTag=0xffffffff, statsUid=-1
04-20 04:07:44.762 D/TrafficStats(16639): tagSocket(128) with statsTag=0xffffffff, statsUid=-1
04-20 04:07:44.764 D/TrafficStats(16639): tagSocket(128) with statsTag=0xffffffff, statsUid=-1
04-20 04:07:44.819 D/TrafficStats(16639): tagSocket(130) with statsTag=0xffffffff, statsUid=-1
04-20 04:07:44.834 D/TrafficStats(16639): tagSocket(130) with statsTag=0xffffffff, statsUid=-1
04-20 04:07:44.836 D/TrafficStats(16639): tagSocket(130) with statsTag=0xffffffff, statsUid=-1
04-20 04:07:44.892 D/TrafficStats(16639): tagSocket(148) with statsTag=0xffffffff, statsUid=-1
04-20 04:07:44.906 D/TrafficStats(16639): tagSocket(148) with statsTag=0xffffffff, statsUid=-1
04-20 04:07:44.909 D/TrafficStats(16639): tagSocket(148) with statsTag=0xffffffff, statsUid=-1
04-20 04:07:44.964 D/TrafficStats(16639): tagSocket(127) with statsTag=0xffffffff, statsUid=-1
04-20 04:07:44.979 D/TrafficStats(16639): tagSocket(127) with statsTag=0xffffffff, statsUid=-1
04-20 04:07:44.981 D/TrafficStats(16639): tagSocket(127) with statsTag=0xffffffff, statsUid=-1
04-20 04:07:45.037 D/TrafficStats(16639): tagSocket(126) with statsTag=0xffffffff, statsUid=-1
04-20 04:07:45.051 D/TrafficStats(16639): tagSocket(126) with statsTag=0xffffffff, statsUid=-1
04-20 04:07:45.053 D/TrafficStats(16639): tagSocket(164) with statsTag=0xffffffff, statsUid=-1
04-20 04:07:45.061 D/EGL_emulation(16639): app_time_stats: avg=65.90ms min=16.78ms max=83.44ms count=16
04-20 04:07:45.109 D/TrafficStats(16639): tagSocket(116) with statsTag=0xffffffff, statsUid=-1
04-20 04:07:45.122 D/TrafficStats(16639): tagSocket(116) with statsTag=0xffffffff, statsUid=-1
04-20 04:07:45.125 D/TrafficStats(16639): tagSocket(116) with statsTag=0xffffffff, statsUid=-1
04-20 04:07:45.180 D/TrafficStats(16639): tagSocket(124) with statsTag=0xffffffff, statsUid=-1
04-20 04:07:45.193 D/TrafficStats(16639): tagSocket(124) with statsTag=0xffffffff, statsUid=-1
04-20 04:07:45.197 D/TrafficStats(16639): tagSocket(134) with statsTag=0xffffffff, statsUid=-1
04-20 04:07:45.253 D/TrafficStats(16639): tagSocket(5) with statsTag=0xffffffff, statsUid=-1
04-20 04:07:45.268 D/TrafficStats(16639): tagSocket(5) with statsTag=0xffffffff, statsUid=-1
04-20 04:07:45.271 D/TrafficStats(16639): tagSocket(5) with statsTag=0xffffffff, statsUid=-1
04-20 04:07:45.325 D/TrafficStats(16639): tagSocket(123) with statsTag=0xffffffff, statsUid=-1
04-20 04:07:45.337 D/TrafficStats(16639): tagSocket(123) with statsTag=0xffffffff, statsUid=-1
04-20 04:07:45.344 D/TrafficStats(16639): tagSocket(123) with statsTag=0xffffffff, statsUid=-1
04-20 04:07:45.359 D/TrafficStats(16639): tagSocket(123) with statsTag=0xffffffff, statsUid=-1
04-20 04:07:45.362 D/TrafficStats(16639): tagSocket(123) with statsTag=0xffffffff, statsUid=-1
04-20 04:07:45.418 D/TrafficStats(16639): tagSocket(130) with statsTag=0xffffffff, statsUid=-1
04-20 04:07:45.431 D/TrafficStats(16639): tagSocket(130) with statsTag=0xffffffff, statsUid=-1
04-20 04:07:45.434 D/TrafficStats(16639): tagSocket(130) with statsTag=0xffffffff, statsUid=-1
04-20 04:07:45.489 D/TrafficStats(16639): tagSocket(127) with statsTag=0xffffffff, statsUid=-1
04-20 04:07:45.503 D/TrafficStats(16639): tagSocket(127) with statsTag=0xffffffff, statsUid=-1
04-20 04:07:45.505 D/TrafficStats(16639): tagSocket(127) with statsTag=0xffffffff, statsUid=-1
04-20 04:07:45.560 D/TrafficStats(16639): tagSocket(116) with statsTag=0xffffffff, statsUid=-1
04-20 04:07:45.575 D/TrafficStats(16639): tagSocket(116) with statsTag=0xffffffff, statsUid=-1
04-20 04:07:45.578 D/TrafficStats(16639): tagSocket(116) with statsTag=0xffffffff, statsUid=-1
04-20 04:07:45.633 D/TrafficStats(16639): tagSocket(124) with statsTag=0xffffffff, statsUid=-1
04-20 04:07:45.646 D/TrafficStats(16639): tagSocket(124) with statsTag=0xffffffff, statsUid=-1
04-20 04:07:45.649 D/TrafficStats(16639): tagSocket(124) with statsTag=0xffffffff, statsUid=-1
04-20 04:07:45.705 D/TrafficStats(16639): tagSocket(5) with statsTag=0xffffffff, statsUid=-1
04-20 04:07:45.719 D/TrafficStats(16639): tagSocket(5) with statsTag=0xffffffff, statsUid=-1
04-20 04:07:45.735 D/TrafficStats(16639): tagSocket(134) with statsTag=0xffffffff, statsUid=-1
04-20 04:07:46.051 D/TrafficStats(16639): tagSocket(134) with statsTag=0xffffffff, statsUid=-1
04-20 04:07:46.058 D/TrafficStats(16639): tagSocket(134) with statsTag=0xffffffff, statsUid=-1
04-20 04:07:46.061 D/TrafficStats(16639): tagSocket(134) with statsTag=0xffffffff, statsUid=-1
04-20 04:07:46.083 D/EGL_emulation(16639): app_time_stats: avg=78.62ms min=15.43ms max=354.41ms count=13
04-20 04:07:46.105 D/TrafficStats(16639): tagSocket(128) with statsTag=0xffffffff, statsUid=-1
04-20 04:07:46.108 D/TrafficStats(16639): tagSocket(128) with statsTag=0xffffffff, statsUid=-1
04-20 04:07:46.122 D/TrafficStats(16639): tagSocket(128) with statsTag=0xffffffff, statsUid=-1
04-20 04:07:46.125 D/TrafficStats(16639): tagSocket(128) with statsTag=0xffffffff, statsUid=-1
04-20 04:07:46.181 D/TrafficStats(16639): tagSocket(130) with statsTag=0xffffffff, statsUid=-1
04-20 04:07:46.196 D/TrafficStats(16639): tagSocket(130) with statsTag=0xffffffff, statsUid=-1
04-20 04:07:46.198 D/TrafficStats(16639): tagSocket(130) with statsTag=0xffffffff, statsUid=-1
04-20 04:07:46.251 D/TrafficStats(16639): tagSocket(127) with statsTag=0xffffffff, statsUid=-1
04-20 04:07:46.266 D/TrafficStats(16639): tagSocket(127) with statsTag=0xffffffff, statsUid=-1
04-20 04:07:46.268 D/TrafficStats(16639): tagSocket(127) with statsTag=0xffffffff, statsUid=-1
04-20 04:07:46.323 D/TrafficStats(16639): tagSocket(126) with statsTag=0xffffffff, statsUid=-1
04-20 04:07:46.336 D/TrafficStats(16639): tagSocket(126) with statsTag=0xffffffff, statsUid=-1
04-20 04:07:46.338 D/TrafficStats(16639): tagSocket(126) with statsTag=0xffffffff, statsUid=-1
04-20 04:07:46.394 D/TrafficStats(16639): tagSocket(116) with statsTag=0xffffffff, statsUid=-1
04-20 04:07:46.411 D/TrafficStats(16639): tagSocket(116) with statsTag=0xffffffff, statsUid=-1
04-20 04:07:46.413 D/TrafficStats(16639): tagSocket(116) with statsTag=0xffffffff, statsUid=-1
04-20 04:07:46.468 D/TrafficStats(16639): tagSocket(124) with statsTag=0xffffffff, statsUid=-1
04-20 04:07:46.482 D/TrafficStats(16639): tagSocket(124) with statsTag=0xffffffff, statsUid=-1
04-20 04:07:46.485 D/TrafficStats(16639): tagSocket(124) with statsTag=0xffffffff, statsUid=-1
04-20 04:07:46.541 D/TrafficStats(16639): tagSocket(5) with statsTag=0xffffffff, statsUid=-1
04-20 04:07:46.555 D/TrafficStats(16639): tagSocket(5) with statsTag=0xffffffff, statsUid=-1
04-20 04:07:46.559 D/TrafficStats(16639): tagSocket(5) with statsTag=0xffffffff, statsUid=-1
04-20 04:07:46.614 D/TrafficStats(16639): tagSocket(134) with statsTag=0xffffffff, statsUid=-1
04-20 04:07:46.628 D/TrafficStats(16639): tagSocket(134) with statsTag=0xffffffff, statsUid=-1
04-20 04:07:46.631 D/TrafficStats(16639): tagSocket(134) with statsTag=0xffffffff, statsUid=-1
04-20 04:07:46.687 D/TrafficStats(16639): tagSocket(128) with statsTag=0xffffffff, statsUid=-1
04-20 04:07:46.700 D/TrafficStats(16639): tagSocket(128) with statsTag=0xffffffff, statsUid=-1
04-20 04:07:46.702 D/TrafficStats(16639): tagSocket(128) with statsTag=0xffffffff, statsUid=-1
04-20 04:07:46.759 D/TrafficStats(16639): tagSocket(123) with statsTag=0xffffffff, statsUid=-1
04-20 04:07:46.775 D/TrafficStats(16639): tagSocket(123) with statsTag=0xffffffff, statsUid=-1
04-20 04:07:46.778 D/TrafficStats(16639): tagSocket(135) with statsTag=0xffffffff, statsUid=-1
04-20 04:07:46.835 D/TrafficStats(16639): tagSocket(130) with statsTag=0xffffffff, statsUid=-1
04-20 04:07:46.851 D/TrafficStats(16639): tagSocket(130) with statsTag=0xffffffff, statsUid=-1
04-20 04:07:46.857 D/TrafficStats(16639): tagSocket(166) with statsTag=0xffffffff, statsUid=-1
04-20 04:07:46.913 D/TrafficStats(16639): tagSocket(127) with statsTag=0xffffffff, statsUid=-1
04-20 04:07:46.928 D/TrafficStats(16639): tagSocket(127) with statsTag=0xffffffff, statsUid=-1
04-20 04:07:46.930 D/TrafficStats(16639): tagSocket(127) with statsTag=0xffffffff, statsUid=-1
04-20 04:07:46.985 D/TrafficStats(16639): tagSocket(126) with statsTag=0xffffffff, statsUid=-1
04-20 04:07:47.000 D/TrafficStats(16639): tagSocket(126) with statsTag=0xffffffff, statsUid=-1
04-20 04:07:47.015 D/TrafficStats(16639): tagSocket(116) with statsTag=0xffffffff, statsUid=-1
04-20 04:07:47.349 D/TrafficStats(16639): tagSocket(116) with statsTag=0xffffffff, statsUid=-1
04-20 04:07:47.355 D/TrafficStats(16639): tagSocket(116) with statsTag=0xffffffff, statsUid=-1
04-20 04:07:47.360 I/ReactNativeJS(16722): '[runtime-state-sync-apply]', '{"direction":"master-to-slave","incomingSliceNames":["kernel.base.tcp-control-runtime-v2.identity"],"appliedSliceNames":["kernel.base.tcp-control-runtime-v2.identity"],"skippedSliceReasons":[]}'
04-20 04:07:47.362 I/assembly.assembly.android.mixc-retail-rn84.transport.http.HttpRuntime(16639): [transport.http] HTTP request started: kernel.base.tcp-control-runtime-v2.activate-terminal {"endpointName":"kernel.base.tcp-control-runtime-v2.activate-terminal","serverName":"mock-terminal-platform","addressName":"local","method":"POST","roundIndex":0,"attemptIndex":1}
04-20 04:07:47.362 I/assembly.assembly.android.mixc-retail-rn84(16722): [assembly.topology] Native topology host already matches desired lifecycle state {"displayCount":2,"displayIndex":1,"deviceId":"J9RZPWR3HK","instanceMode":"SLAVE","enableSlave":false,"running":false,"reason":"not-master-or-single-primary-host"}
04-20 04:07:47.362 I/assembly.assembly.android.mixc-retail-rn84(16722): [assembly.topology] Native topology host already matches desired lifecycle state {"displayCount":2,"displayIndex":1,"deviceId":"J9RZPWR3HK","instanceMode":"SLAVE","enableSlave":false,"running":false,"reason":"not-master-or-single-primary-host"}
04-20 04:07:47.364 I/assembly.assembly.android.mixc-retail-rn84(16639): [assembly.topology] Native topology host already matches desired lifecycle state {"displayCount":2,"displayIndex":0,"deviceId":"J9RZPWR3HK","instanceMode":"MASTER","enableSlave":true,"running":false,"reason":"not-master-or-single-primary-host"}
04-20 04:07:47.365 I/assembly.assembly.android.mixc-retail-rn84(16639): [assembly.topology] Native topology host already matches desired lifecycle state {"displayCount":2,"displayIndex":0,"deviceId":"J9RZPWR3HK","instanceMode":"MASTER","enableSlave":true,"running":false,"reason":"not-master-or-single-primary-host"}
04-20 04:07:47.365 I/assembly.assembly.android.mixc-retail-rn84(16639): [assembly.topology] Native topology host already matches desired lifecycle state {"displayCount":2,"displayIndex":0,"deviceId":"J9RZPWR3HK","instanceMode":"MASTER","enableSlave":true,"running":false,"reason":"not-master-or-single-primary-host"}
04-20 04:07:47.365 I/assembly.assembly.android.mixc-retail-rn84(16639): [assembly.topology] Native topology host already matches desired lifecycle state {"displayCount":2,"displayIndex":0,"deviceId":"J9RZPWR3HK","instanceMode":"MASTER","enableSlave":true,"running":false,"reason":"not-master-or-single-primary-host"}
04-20 04:07:47.367 D/TrafficStats(16639): tagSocket(164) with statsTag=0xffffffff, statsUid=-1
04-20 04:07:47.367 D/TrafficStats(16639): tagSocket(135) with statsTag=0xffffffff, statsUid=-1
04-20 04:07:47.378 D/EGL_emulation(16639): app_time_stats: avg=86.35ms min=16.72ms max=366.41ms count=15
04-20 04:07:47.394 I/assembly.assembly.android.mixc-retail-rn84.transport.http.HttpRuntime(16639): [transport.http] HTTP request completed: kernel.base.tcp-control-runtime-v2.activate-terminal {"endpointName":"kernel.base.tcp-control-runtime-v2.activate-terminal","serverName":"mock-terminal-platform","addressName":"local","status":201}
04-20 04:07:47.395 I/ReactNativeJS(16639): '[tcp-activation-state-written]', '{"nodeId":"master:J9RZPWR3HK","sandboxId":"sandbox-kernel-base-test","terminalId":"terminal_gietoxqiuy9c","bindingKeys":["platformId","tenantId","brandId","projectId","storeId","profileId","templateId"],"activatedAt":1776629267393}'
04-20 04:07:47.396 I/assembly.assembly.android.mixc-retail-rn84.transport.ws.SocketRuntime(16639): [transport.ws] Socket connect started: kernel.base.tdp-sync-runtime-v2.socket {"profileName":"kernel.base.tdp-sync-runtime-v2.socket","serverName":"mock-terminal-platform","addressName":"local"}
04-20 04:07:47.396 I/ReactNativeJS(16639): '[assembly.android.mixc-retail-rn84.websocket] connect', { url: 'ws://127.0.0.1:5810/api/v1/tdp/ws/connect?sandboxId=sandbox-kernel-base-test&terminalId=terminal_gietoxqiuy9c&token=token_nr7o6lsuuy9d',
04-20 04:07:47.396 I/ReactNativeJS(16639):   protocol: 'ws',
04-20 04:07:47.396 I/ReactNativeJS(16639):   host: '127.0.0.1:5810',
04-20 04:07:47.396 I/ReactNativeJS(16639):   pathname: '/api/v1/tdp/ws/connect' }
04-20 04:07:47.398 D/TrafficStats(16639): tagSocket(124) with statsTag=0xffffffff, statsUid=-1
04-20 04:07:47.401 I/assembly.assembly.android.mixc-retail-rn84(16639): [assembly.topology] Native topology host already matches desired lifecycle state {"displayCount":2,"displayIndex":0,"deviceId":"J9RZPWR3HK","instanceMode":"MASTER","enableSlave":true,"running":false,"reason":"not-master-or-single-primary-host"}
04-20 04:07:47.402 I/MMKV    (16639): <MMKV_IO.cpp:609::writeActualSize> [mixc-retail-assembly-rn84::state] increase sequence to 31, crc 2648553784, actualSize 14487
04-20 04:07:47.402 I/MMKV    (16639): <MMKV.cpp:1208::sync> MMKV::sync, SyncFlag = 1
04-20 04:07:47.404 I/assembly.assembly.android.mixc-retail-rn84(16639): [assembly.topology] Native topology host already matches desired lifecycle state {"displayCount":2,"displayIndex":0,"deviceId":"J9RZPWR3HK","instanceMode":"MASTER","enableSlave":true,"running":false,"reason":"not-master-or-single-primary-host"}
04-20 04:07:47.404 I/assembly.assembly.android.mixc-retail-rn84(16639): [assembly.topology] Native topology host already matches desired lifecycle state {"displayCount":2,"displayIndex":0,"deviceId":"J9RZPWR3HK","instanceMode":"MASTER","enableSlave":true,"running":false,"reason":"not-master-or-single-primary-host"}
04-20 04:07:47.404 I/assembly.assembly.android.mixc-retail-rn84(16639): [assembly.topology] Native topology host already matches desired lifecycle state {"displayCount":2,"displayIndex":0,"deviceId":"J9RZPWR3HK","instanceMode":"MASTER","enableSlave":true,"running":false,"reason":"not-master-or-single-primary-host"}
04-20 04:07:47.404 I/assembly.assembly.android.mixc-retail-rn84(16639): [assembly.topology] Native topology host already matches desired lifecycle state {"displayCount":2,"displayIndex":0,"deviceId":"J9RZPWR3HK","instanceMode":"MASTER","enableSlave":true,"running":false,"reason":"not-master-or-single-primary-host"}
04-20 04:07:47.404 I/assembly.assembly.android.mixc-retail-rn84(16639): [assembly.topology] Native topology host already matches desired lifecycle state {"displayCount":2,"displayIndex":0,"deviceId":"J9RZPWR3HK","instanceMode":"MASTER","enableSlave":true,"running":false,"reason":"not-master-or-single-primary-host"}
04-20 04:07:47.404 I/assembly.assembly.android.mixc-retail-rn84(16639): [assembly.topology] Native topology host already matches desired lifecycle state {"displayCount":2,"displayIndex":0,"deviceId":"J9RZPWR3HK","instanceMode":"MASTER","enableSlave":true,"running":false,"reason":"not-master-or-single-primary-host"}
04-20 04:07:47.404 I/assembly.assembly.android.mixc-retail-rn84(16639): [assembly.topology] Native topology host already matches desired lifecycle state {"displayCount":2,"displayIndex":0,"deviceId":"J9RZPWR3HK","instanceMode":"MASTER","enableSlave":true,"running":false,"reason":"not-master-or-single-primary-host"}
04-20 04:07:47.404 I/MMKV    (16639): <MMKV_IO.cpp:609::writeActualSize> [mixc-retail-assembly-rn84::secure-state] increase sequence to 1, crc 3192775902, actualSize 4
04-20 04:07:47.405 I/ReactNativeJS(16722): '[runtime-state-sync-apply]', '{"direction":"master-to-slave","incomingSliceNames":["kernel.base.tcp-control-runtime-v2.sandbox"],"appliedSliceNames":["kernel.base.tcp-control-runtime-v2.sandbox"],"skippedSliceReasons":[]}'
04-20 04:07:47.405 I/MMKV    (16639): <MMKV_IO.cpp:609::writeActualSize> [mixc-retail-assembly-rn84::state] increase sequence to 32, crc 3874447402, actualSize 16319
04-20 04:07:47.405 I/MMKV    (16639): <MMKV.cpp:1208::sync> MMKV::sync, SyncFlag = 1
04-20 04:07:47.406 I/assembly.assembly.android.mixc-retail-rn84(16639): [assembly.topology] Native topology host already matches desired lifecycle state {"displayCount":2,"displayIndex":0,"deviceId":"J9RZPWR3HK","instanceMode":"MASTER","enableSlave":true,"running":false,"reason":"not-master-or-single-primary-host"}
04-20 04:07:47.407 I/assembly.assembly.android.mixc-retail-rn84(16722): [assembly.topology] Native topology host already matches desired lifecycle state {"displayCount":2,"displayIndex":1,"deviceId":"J9RZPWR3HK","instanceMode":"SLAVE","enableSlave":false,"running":false,"reason":"not-master-or-single-primary-host"}
04-20 04:07:47.407 I/assembly.assembly.android.mixc-retail-rn84(16722): [assembly.topology] Native topology host already matches desired lifecycle state {"displayCount":2,"displayIndex":1,"deviceId":"J9RZPWR3HK","instanceMode":"SLAVE","enableSlave":false,"running":false,"reason":"not-master-or-single-primary-host"}
04-20 04:07:47.407 I/ReactNativeJS(16722): '[runtime-state-sync-apply]', '{"direction":"master-to-slave","incomingSliceNames":["kernel.base.tcp-control-runtime-v2.identity"],"appliedSliceNames":["kernel.base.tcp-control-runtime-v2.identity"],"skippedSliceReasons":[]}'
04-20 04:07:47.407 I/MMKV    (16639): <MMKV_IO.cpp:609::writeActualSize> [mixc-retail-assembly-rn84::state] increase sequence to 33, crc 727293231, actualSize 16386
04-20 04:07:47.407 I/MMKV    (16639): <MMKV.cpp:1208::sync> MMKV::sync, SyncFlag = 1
04-20 04:07:47.410 I/MMKV    (16639): <MMKV_IO.cpp:609::writeActualSize> [mixc-retail-assembly-rn84::state] increase sequence to 34, crc 3120420466, actualSize 16386
04-20 04:07:47.410 I/MMKV    (16639): <MMKV.cpp:1208::sync> MMKV::sync, SyncFlag = 1
04-20 04:07:47.410 I/assembly.assembly.android.mixc-retail-rn84(16722): [assembly.topology] Native topology host already matches desired lifecycle state {"displayCount":2,"displayIndex":1,"deviceId":"J9RZPWR3HK","instanceMode":"SLAVE","enableSlave":false,"running":false,"reason":"not-master-or-single-primary-host"}
04-20 04:07:47.410 I/assembly.assembly.android.mixc-retail-rn84(16722): [assembly.topology] Native topology host already matches desired lifecycle state {"displayCount":2,"displayIndex":1,"deviceId":"J9RZPWR3HK","instanceMode":"SLAVE","enableSlave":false,"running":false,"reason":"not-master-or-single-primary-host"}
04-20 04:07:47.411 I/ReactNativeJS(16722): '[runtime-state-sync-apply]', '{"direction":"master-to-slave","incomingSliceNames":["kernel.base.tcp-control-runtime-v2.credential"],"appliedSliceNames":["kernel.base.tcp-control-runtime-v2.credential"],"skippedSliceReasons":[]}'
04-20 04:07:47.412 I/assembly.assembly.android.mixc-retail-rn84(16722): [assembly.topology] Native topology host already matches desired lifecycle state {"displayCount":2,"displayIndex":1,"deviceId":"J9RZPWR3HK","instanceMode":"SLAVE","enableSlave":false,"running":false,"reason":"not-master-or-single-primary-host"}
04-20 04:07:47.412 I/assembly.assembly.android.mixc-retail-rn84(16722): [assembly.topology] Native topology host already matches desired lifecycle state {"displayCount":2,"displayIndex":1,"deviceId":"J9RZPWR3HK","instanceMode":"SLAVE","enableSlave":false,"running":false,"reason":"not-master-or-single-primary-host"}
04-20 04:07:47.412 I/ReactNativeJS(16722): '[runtime-state-sync-apply]', '{"direction":"master-to-slave","incomingSliceNames":["kernel.base.tcp-control-runtime-v2.binding"],"appliedSliceNames":["kernel.base.tcp-control-runtime-v2.binding"],"skippedSliceReasons":[]}'
04-20 04:07:47.413 I/assembly.assembly.android.mixc-retail-rn84(16639): [assembly.topology] Native topology host already matches desired lifecycle state {"displayCount":2,"displayIndex":0,"deviceId":"J9RZPWR3HK","instanceMode":"MASTER","enableSlave":true,"running":false,"reason":"not-master-or-single-primary-host"}
04-20 04:07:47.415 I/assembly.assembly.android.mixc-retail-rn84(16722): [assembly.topology] Native topology host already matches desired lifecycle state {"displayCount":2,"displayIndex":1,"deviceId":"J9RZPWR3HK","instanceMode":"SLAVE","enableSlave":false,"running":false,"reason":"not-master-or-single-primary-host"}
04-20 04:07:47.415 I/assembly.assembly.android.mixc-retail-rn84(16722): [assembly.topology] Native topology host already matches desired lifecycle state {"displayCount":2,"displayIndex":1,"deviceId":"J9RZPWR3HK","instanceMode":"SLAVE","enableSlave":false,"running":false,"reason":"not-master-or-single-primary-host"}
04-20 04:07:47.415 I/ReactNativeJS(16722): '[runtime-state-sync-apply]', '{"direction":"master-to-slave","incomingSliceNames":["kernel.base.ui-runtime-v2.screen.main"],"appliedSliceNames":["kernel.base.ui-runtime-v2.screen.main"],"skippedSliceReasons":[]}'
04-20 04:07:47.415 D/TrafficStats(16722): tagSocket(5) with statsTag=0xffffffff, statsUid=-1
04-20 04:07:47.416 I/assembly.assembly.android.mixc-retail-rn84(16722): [assembly.topology] Native topology host already matches desired lifecycle state {"displayCount":2,"displayIndex":1,"deviceId":"J9RZPWR3HK","instanceMode":"SLAVE","enableSlave":false,"running":false,"reason":"not-master-or-single-primary-host"}
04-20 04:07:47.416 I/ReactNativeJS(16722): '[runtime-state-sync-apply]', '{"direction":"master-to-slave","incomingSliceNames":["kernel.base.ui-runtime-v2.screen.main"],"appliedSliceNames":["kernel.base.ui-runtime-v2.screen.main"],"skippedSliceReasons":[]}'
04-20 04:07:47.416 I/assembly.assembly.android.mixc-retail-rn84(16722): [assembly.topology] Native topology host already matches desired lifecycle state {"displayCount":2,"displayIndex":1,"deviceId":"J9RZPWR3HK","instanceMode":"SLAVE","enableSlave":false,"running":false,"reason":"not-master-or-single-primary-host"}
04-20 04:07:47.419 I/assembly.assembly.android.mixc-retail-rn84(16722): [assembly.topology] Native topology host already matches desired lifecycle state {"displayCount":2,"displayIndex":1,"deviceId":"J9RZPWR3HK","instanceMode":"SLAVE","enableSlave":false,"running":false,"reason":"not-master-or-single-primary-host"}
04-20 04:07:47.419 I/assembly.assembly.android.mixc-retail-rn84(16722): [assembly.topology] Native topology host already matches desired lifecycle state {"displayCount":2,"displayIndex":1,"deviceId":"J9RZPWR3HK","instanceMode":"SLAVE","enableSlave":false,"running":false,"reason":"not-master-or-single-primary-host"}
04-20 04:07:47.426 I/MMKV    (16639): <MMKV_IO.cpp:609::writeActualSize> [mixc-retail-assembly-rn84::state] increase sequence to 35, crc 2186717913, actualSize 16386
04-20 04:07:47.426 I/MMKV    (16639): <MMKV.cpp:1208::sync> MMKV::sync, SyncFlag = 1
04-20 04:07:47.441 D/EGL_emulation(16722): app_time_stats: avg=19616.74ms min=0.88ms max=117593.66ms count=6
04-20 04:07:47.454 I/assembly.assembly.android.mixc-retail-rn84(16639): [assembly.topology] Native topology host already matches desired lifecycle state {"displayCount":2,"displayIndex":0,"deviceId":"J9RZPWR3HK","instanceMode":"MASTER","enableSlave":true,"running":false,"reason":"not-master-or-single-primary-host"}
04-20 04:07:47.454 I/MMKV    (16639): <MMKV_IO.cpp:609::writeActualSize> [mixc-retail-assembly-rn84::state] increase sequence to 36, crc 1054760141, actualSize 16386
04-20 04:07:47.454 I/MMKV    (16639): <MMKV.cpp:1208::sync> MMKV::sync, SyncFlag = 1
04-20 04:07:47.455 I/assembly.assembly.android.mixc-retail-rn84(16639): [assembly.topology] Native topology host already matches desired lifecycle state {"displayCount":2,"displayIndex":0,"deviceId":"J9RZPWR3HK","instanceMode":"MASTER","enableSlave":true,"running":false,"reason":"not-master-or-single-primary-host"}
04-20 04:07:47.456 I/assembly.assembly.android.mixc-retail-rn84(16639): [assembly.topology] Native topology host already matches desired lifecycle state {"displayCount":2,"displayIndex":0,"deviceId":"J9RZPWR3HK","instanceMode":"MASTER","enableSlave":true,"running":false,"reason":"not-master-or-single-primary-host"}
04-20 04:07:47.456 I/assembly.assembly.android.mixc-retail-rn84(16639): [assembly.topology] Native topology host already matches desired lifecycle state {"displayCount":2,"displayIndex":0,"deviceId":"J9RZPWR3HK","instanceMode":"MASTER","enableSlave":true,"running":false,"reason":"not-master-or-single-primary-host"}
04-20 04:07:47.456 I/assembly.assembly.android.mixc-retail-rn84(16639): [assembly.topology] Native topology host already matches desired lifecycle state {"displayCount":2,"displayIndex":0,"deviceId":"J9RZPWR3HK","instanceMode":"MASTER","enableSlave":true,"running":false,"reason":"not-master-or-single-primary-host"}
04-20 04:07:47.456 I/assembly.assembly.android.mixc-retail-rn84(16639): [assembly.topology] Native topology host already matches desired lifecycle state {"displayCount":2,"displayIndex":0,"deviceId":"J9RZPWR3HK","instanceMode":"MASTER","enableSlave":true,"running":false,"reason":"not-master-or-single-primary-host"}
04-20 04:07:47.456 I/assembly.assembly.android.mixc-retail-rn84(16639): [assembly.topology] Native topology host already matches desired lifecycle state {"displayCount":2,"displayIndex":0,"deviceId":"J9RZPWR3HK","instanceMode":"MASTER","enableSlave":true,"running":false,"reason":"not-master-or-single-primary-host"}
04-20 04:07:47.456 I/assembly.assembly.android.mixc-retail-rn84(16639): [assembly.topology] Native topology host already matches desired lifecycle state {"displayCount":2,"displayIndex":0,"deviceId":"J9RZPWR3HK","instanceMode":"MASTER","enableSlave":true,"running":false,"reason":"not-master-or-single-primary-host"}
04-20 04:07:47.457 I/MMKV    (16639): <MMKV_IO.cpp:609::writeActualSize> [mixc-retail-assembly-rn84::state] increase sequence to 37, crc 2176707369, actualSize 17119
04-20 04:07:47.457 I/MMKV    (16639): <MMKV.cpp:1208::sync> MMKV::sync, SyncFlag = 1
04-20 04:07:47.458 I/MMKV    (16639): <MMKV_IO.cpp:609::writeActualSize> [mixc-retail-assembly-rn84::state] increase sequence to 38, crc 147031659, actualSize 17119
04-20 04:07:47.458 I/MMKV    (16639): <MMKV.cpp:1208::sync> MMKV::sync, SyncFlag = 1
04-20 04:07:47.766 D/TrafficStats(16639): tagSocket(5) with statsTag=0xffffffff, statsUid=-1
04-20 04:07:47.771 D/TrafficStats(16639): tagSocket(5) with statsTag=0xffffffff, statsUid=-1
04-20 04:07:47.777 D/TrafficStats(16639): tagSocket(5) with statsTag=0xffffffff, statsUid=-1
04-20 04:07:47.780 D/TrafficStats(16639): tagSocket(5) with statsTag=0xffffffff, statsUid=-1
04-20 04:07:47.785 E/WifiScoringParams(  590): Invalid frequency(-1), using 5G as default rssi array
04-20 04:07:51.575 D/WifiNl80211Manager(  590): Scan result ready event
04-20 04:07:51.575 D/WifiNative(  590): Scan result ready event
04-20 04:07:51.580 I/HalDevMgr(  590): bestIfaceCreationProposal is null, requestIface=STA, existingIface=[name=wlan0 type=STA]
04-20 04:07:54.411 W/adbd    (14705): timeout expired while flushing socket, closing
04-20 04:07:54.421 W/adbd    (14705): timeout expired while flushing socket, closing
04-20 04:07:59.750 W/healthd (  397): battery l=47 v=5000 t=25.0 h=2 st=4 c=900000 fc=3000000 cc=10 chg=a
04-20 04:08:00.005 I/AiAiEcho( 1389): Predicting[0]:  [CONTEXT sampling_count=5 ]
04-20 04:08:00.005 I/AiAiEcho( 1389): EchoTargets: 
04-20 04:08:00.005 I/AiAiEcho( 1389): Filtered by AiAi flag check: 
04-20 04:08:00.005 I/AiAiEcho( 1389): [CONTEXT ratelimit_period="10 SECONDS" ]
04-20 04:08:00.005 I/AiAiEcho( 1389): Ranked targets strategy: SORT, count: 0, ranking metadata:  [CONTEXT ratelimit_period="10 SECONDS" ]
04-20 04:08:00.005 I/AiAiEcho( 1389): #remoteViewsTwiddler: feature disabled.
04-20 04:08:00.005 I/AiAiEcho( 1389): Predicting[0]:  [CONTEXT sampling_count=5 ]
04-20 04:08:00.005 I/AiAiEcho( 1389): EchoTargets: 
04-20 04:08:00.005 I/AiAiEcho( 1389): Filtered by AiAi flag check: 
04-20 04:08:00.005 I/AiAiEcho( 1389): [CONTEXT ratelimit_period="10 SECONDS" ]
04-20 04:08:00.006 I/AiAiEcho( 1389): Ranked targets strategy: SORT, count: 0, ranking metadata:  [CONTEXT ratelimit_period="10 SECONDS" ]
04-20 04:08:00.006 I/AiAiEcho( 1389): #remoteViewsTwiddler: feature disabled.
04-20 04:08:00.006 I/AiAiEcho( 1389): #postPredictionTargets: Sending updates to UISurface lockscreen with targets# 0 (types=[])
04-20 04:08:00.006 I/AiAiEcho( 1389): #postPredictionTargets: Sending updates to UISurface home with targets# 0 (types=[])
04-20 04:08:00.008 D/SsBaseTemplateCard( 1099): No text view can be set up
04-20 04:08:00.008 D/SsBaseTemplateCard( 1099): Passed-in item info is null
04-20 04:08:00.008 D/SsBaseTemplateCard( 1099): Passed-in item info is null
04-20 04:08:00.008 D/SsBaseTemplateCard( 1099): Passed-in item info is null
04-20 04:08:00.008 I/SsBaseTemplateCard( 1099): Secondary card pane is null
04-20 04:08:00.012 W/PageIndicator(  836): Total number of pages invalid: 0. Assuming 1 page.
04-20 04:08:00.028 D/EGL_emulation(  836): app_time_stats: avg=60001.22ms min=60001.22ms max=60001.22ms count=1
04-20 04:08:07.467 I/netd    (  388): tetherGetStats() -> {[]} <0.67ms>
04-20 04:08:07.572 I/BistoHotwordHelper( 1413): (REDACTED) getHotwordActive::active query: %s, watch: %s, devices connected: %s
04-20 04:08:22.492 I/netd    (  388): tetherGetStats() -> {[]} <1.62ms>
04-20 04:08:58.167 I/resolv  (  388): GetAddrInfoHandler::run: {0 786432 0 983040 10143 0}
04-20 04:08:58.168 W/gclk    (  937): [{0}] Failed to resolve name. status={1}
04-20 04:08:59.751 W/healthd (  397): battery l=47 v=5000 t=25.0 h=2 st=4 c=900000 fc=3000000 cc=10 chg=a
04-20 04:09:00.006 I/AiAiEcho( 1389): Predicting[0]:  [CONTEXT sampling_count=5 ]
04-20 04:09:00.006 I/AiAiEcho( 1389): EchoTargets: 
04-20 04:09:00.006 I/AiAiEcho( 1389): Filtered by AiAi flag check: 
04-20 04:09:00.006 I/AiAiEcho( 1389): [CONTEXT ratelimit_period="10 SECONDS" ]
04-20 04:09:00.006 I/AiAiEcho( 1389): Ranked targets strategy: SORT, count: 0, ranking metadata:  [CONTEXT ratelimit_period="10 SECONDS" ]
04-20 04:09:00.006 I/AiAiEcho( 1389): #remoteViewsTwiddler: feature disabled.
04-20 04:09:00.006 I/AiAiEcho( 1389): Predicting[0]:  [CONTEXT sampling_count=5 ]
04-20 04:09:00.006 I/AiAiEcho( 1389): EchoTargets: 
04-20 04:09:00.006 I/AiAiEcho( 1389): Filtered by AiAi flag check: 
04-20 04:09:00.006 I/AiAiEcho( 1389): [CONTEXT ratelimit_period="10 SECONDS" ]
04-20 04:09:00.006 I/AiAiEcho( 1389): Ranked targets strategy: SORT, count: 0, ranking metadata:  [CONTEXT ratelimit_period="10 SECONDS" ]
04-20 04:09:00.006 I/AiAiEcho( 1389): #remoteViewsTwiddler: feature disabled.
04-20 04:09:00.007 I/AiAiEcho( 1389): #postPredictionTargets: Sending updates to UISurface lockscreen with targets# 0 (types=[])
04-20 04:09:00.007 I/AiAiEcho( 1389): #postPredictionTargets: Sending updates to UISurface home with targets# 0 (types=[])
04-20 04:09:00.010 D/SsBaseTemplateCard( 1099): No text view can be set up
04-20 04:09:00.010 D/SsBaseTemplateCard( 1099): Passed-in item info is null
04-20 04:09:00.010 D/SsBaseTemplateCard( 1099): Passed-in item info is null
04-20 04:09:00.010 D/SsBaseTemplateCard( 1099): Passed-in item info is null
04-20 04:09:00.010 I/SsBaseTemplateCard( 1099): Secondary card pane is null
04-20 04:09:00.012 W/PageIndicator(  836): Total number of pages invalid: 0. Assuming 1 page.
04-20 04:09:00.029 D/EGL_emulation(  836): app_time_stats: avg=60000.78ms min=60000.78ms max=60000.78ms count=1
04-20 04:09:07.461 I/ProcessStatsService(  590): Pruning old procstats: /data/system/procstats/state-v2-2026-04-19-00-08-22.bin
04-20 04:09:07.470 I/netd    (  388): tetherGetStats() -> {[]} <0.50ms>
04-20 04:09:07.571 I/BistoHotwordHelper( 1413): (REDACTED) getHotwordActive::active query: %s, watch: %s, devices connected: %s
04-20 04:09:22.491 I/netd    (  388): tetherGetStats() -> {[]} <1.05ms>
04-20 04:09:59.748 W/healthd (  397): battery l=47 v=5000 t=25.0 h=2 st=4 c=900000 fc=3000000 cc=10 chg=a
04-20 04:10:00.006 I/AiAiEcho( 1389): Predicting[0]:  [CONTEXT sampling_count=5 ]
04-20 04:10:00.007 I/AiAiEcho( 1389): EchoTargets: 
04-20 04:10:00.007 I/AiAiEcho( 1389): Filtered by AiAi flag check: 
04-20 04:10:00.007 I/AiAiEcho( 1389): [CONTEXT ratelimit_period="10 SECONDS" ]
04-20 04:10:00.007 I/AiAiEcho( 1389): Ranked targets strategy: SORT, count: 0, ranking metadata:  [CONTEXT ratelimit_period="10 SECONDS" ]
04-20 04:10:00.007 I/AiAiEcho( 1389): #remoteViewsTwiddler: feature disabled.
04-20 04:10:00.007 I/AiAiEcho( 1389): Predicting[0]:  [CONTEXT sampling_count=5 ]
04-20 04:10:00.007 I/AiAiEcho( 1389): EchoTargets: 
04-20 04:10:00.007 I/AiAiEcho( 1389): Filtered by AiAi flag check: 
04-20 04:10:00.007 I/AiAiEcho( 1389): [CONTEXT ratelimit_period="10 SECONDS" ]
04-20 04:10:00.007 I/AiAiEcho( 1389): Ranked targets strategy: SORT, count: 0, ranking metadata:  [CONTEXT ratelimit_period="10 SECONDS" ]
04-20 04:10:00.007 I/AiAiEcho( 1389): #remoteViewsTwiddler: feature disabled.
04-20 04:10:00.007 I/AiAiEcho( 1389): #postPredictionTargets: Sending updates to UISurface lockscreen with targets# 0 (types=[])
04-20 04:10:00.007 I/AiAiEcho( 1389): #postPredictionTargets: Sending updates to UISurface home with targets# 0 (types=[])
04-20 04:10:00.008 D/SsBaseTemplateCard( 1099): No text view can be set up
04-20 04:10:00.009 D/SsBaseTemplateCard( 1099): Passed-in item info is null
04-20 04:10:00.009 D/SsBaseTemplateCard( 1099): Passed-in item info is null
04-20 04:10:00.009 D/SsBaseTemplateCard( 1099): Passed-in item info is null
04-20 04:10:00.009 I/SsBaseTemplateCard( 1099): Secondary card pane is null
04-20 04:10:00.013 W/PageIndicator(  836): Total number of pages invalid: 0. Assuming 1 page.
04-20 04:10:00.029 D/EGL_emulation(  836): app_time_stats: avg=59999.93ms min=59999.93ms max=59999.93ms count=1
04-20 04:10:07.573 I/BistoHotwordHelper( 1413): (REDACTED) getHotwordActive::active query: %s, watch: %s, devices connected: %s
04-20 04:10:27.861 E/WifiScoringParams(  590): Invalid frequency(-1), using 5G as default rssi array
04-20 04:10:31.657 D/WifiNl80211Manager(  590): Scan result ready event
04-20 04:10:31.658 D/WifiNative(  590): Scan result ready event
04-20 04:10:31.664 I/HalDevMgr(  590): bestIfaceCreationProposal is null, requestIface=STA, existingIface=[name=wlan0 type=STA]
04-20 04:10:41.310 I/resolv  (  388): GetAddrInfoHandler::run: {0 786432 0 983040 10143 0}
04-20 04:10:41.311 W/gclk    (  937): [{0}] Failed to resolve name. status={1}
04-20 04:10:50.358 D/TrafficStats(16722): tagSocket(141) with statsTag=0xffffffff, statsUid=-1
04-20 04:10:50.359 D/TrafficStats(16639): tagSocket(5) with statsTag=0xffffffff, statsUid=-1
04-20 04:10:50.362 D/TrafficStats(16722): tagSocket(141) with statsTag=0xffffffff, statsUid=-1
04-20 04:10:50.364 D/TrafficStats(16639): tagSocket(5) with statsTag=0xffffffff, statsUid=-1
04-20 04:10:50.567 D/TrafficStats(16639): tagSocket(5) with statsTag=0xffffffff, statsUid=-1
04-20 04:10:50.573 D/TrafficStats(16639): tagSocket(5) with statsTag=0xffffffff, statsUid=-1
