04-20 04:29:51.531   836   874 V WindowManagerShell: loadAnimation: anim=android.view.animation.AnimationSet@7c64fa1 animAttr=0x10 type=CLOSE isEntrance=true
04-20 04:29:51.531   836   874 V WindowManagerShell: loadAnimation: anim=android.view.animation.AnimationSet@a51b0b4 animAttr=0x11 type=CLOSE isEntrance=false
04-20 04:29:51.531   836   874 V WindowManagerShell: loadAnimation: anim=android.view.animation.AnimationSet@7d744dd animAttr=0x11 type=CLOSE isEntrance=false
04-20 04:29:51.531   836   874 V WindowManagerShell: loadAnimation: anim=android.view.animation.AnimationSet@d91d852 animAttr=0x10 type=CLOSE isEntrance=true
04-20 04:29:51.531   836   874 V WindowManagerShell:  animated by com.android.wm.shell.transition.DefaultTransitionHandler@56bf52b
04-20 04:29:51.538 21035 21035 I A       : (REDACTED) Created gRPC endpoint for service %s
04-20 04:29:51.539   590   610 V WindowManager: Sent Transition (#575) createdAt=04-20 04:29:51.486 via request=TransitionRequestInfo { type = CLOSE, triggerTask = TaskInfo{userId=0 taskId=878 displayId=2 isRunning=false baseIntent=Intent { flg=0x18000000 cmp=com.impos2.mixcretailassemblyrn84/.SecondaryActivity } baseActivity=null topActivity=null origActivity=null realActivity=ComponentInfo{com.impos2.mixcretailassemblyrn84/com.impos2.mixcretailassemblyrn84.SecondaryActivity} numActivities=0 lastActiveTime=271454693 supportsMultiWindow=true resizeMode=1 isResizeable=true minWidth=-1 minHeight=-1 defaultMinSize=220 token=WCT{RemoteToken{555dc47 Task{381c462 #878 type=standard A=10217:com.impos2.mixcretailassemblyrn84}}} topActivityType=1 pictureInPictureParams=null shouldDockBigOverlays=false launchIntoPipHostTaskId=-1 lastParentTaskIdBeforePip=-1 displayCutoutSafeInsets=null topActivityInfo=null launchCookies=[] positionInParent=Point(0, 0) parentTaskId=-1 isFocused=true isVisible=true isVisibleRequested=true isSleeping=false locusId=null displayAreaFeatureId=1 isTopActivityTransparent=false appCompatTaskInfo=AppCompatTaskInfo { topActivityInSizeCompat=false topActivityEligibleForLetterboxEducation= falseisLetterboxEducationEnabled= false isLetterboxDoubleTapEnabled= false topActivityEligibleForUserAspectRatioButton= false topActivityBoundsLetterboxed= false isFromLetterboxDoubleTap= false topActivityLetterboxVerticalPosition= -1 topActivityLetterboxHorizontalPosition= -1 topActivityLetterboxWidth=-1 topActivityLetterboxHeight=-1 isUserFullscreenOverrideEnabled=false isSystemFullscreenOverrideEnabled=false cameraCompatTaskInfo=CameraCompatTaskInfo { cameraCompatControlState=hidden freeformCameraCompatMode=inactive}}}, pipTask = null, remoteTransition = null, displayChange = null, flags = 0, debugId = 575 }
04-20 04:29:51.542   590   610 V WindowManager:     startWCT=WindowContainerTransaction { changes = {} hops = [] errorCallbackToken=null taskFragmentOrganizer=null }
04-20 04:29:51.542   590   610 V WindowManager:     info={id=575 t=CLOSE f=0x0 trk=0 r=[2@Point(0, 0),0@Point(0, 0)] c=[
04-20 04:29:51.542   590   610 V WindowManager:         {WCT{RemoteToken{473bc8f Task{c2f742b #671 type=home}}} m=TO_FRONT f=SHOW_WALLPAPER|MOVE_TO_TOP leash=Surface(name=Task=671)/@0x5554f84 sb=Rect(0, 0 - 2560, 1600) eb=Rect(0, 0 - 2560, 1600) d=2 taskParent=-1},
04-20 04:29:51.542   590   610 V WindowManager:         {WCT{RemoteToken{555dc47 Task{381c462 #878 type=standard A=10217:com.impos2.mixcretailassemblyrn84}}} m=CLOSE f=NONE leash=Surface(name=Task=878)/@0xd27646b sb=Rect(0, 0 - 2560, 1600) eb=Rect(0, 0 - 2560, 1600) d=2 taskParent=-1},
04-20 04:29:51.542   590   610 V WindowManager:         {null m=TO_FRONT f=IS_WALLPAPER leash=Surface(name=WallpaperWindowToken{c5135e7 token=android.os.Binder@aebf7a6})/@0x479d416 sb=Rect(0, 0 - 2560, 1600) eb=Rect(0, 0 - 2560, 1600) d=2},
04-20 04:29:51.542   590   610 V WindowManager:         {WCT{RemoteToken{4212fd Task{27b97d5 #877 type=standard A=10217:com.impos2.mixcretailassemblyrn84}}} m=CLOSE f=NONE leash=Surface(name=Task=877)/@0xd4a7bc1 sb=Rect(0, 0 - 2560, 1600) eb=Rect(0, 0 - 2560, 1600) d=0 taskParent=-1},
04-20 04:29:51.542   590   610 V WindowManager:         {WCT{RemoteToken{eecd609 Task{403a6f7 #1 type=home}}} m=TO_FRONT f=SHOW_WALLPAPER leash=Surface(name=Task=1)/@0x27bc150 sb=Rect(0, 0 - 2560, 1600) eb=Rect(0, 0 - 2560, 1600) d=0 taskParent=-1},
04-20 04:29:51.542   590   610 V WindowManager:         {null m=TO_FRONT f=IS_WALLPAPER leash=Surface(name=WallpaperWindowToken{55198b token=android.os.Binder@bf0535a})/@0x6a378e3 sb=Rect(0, 0 - 2560, 1600) eb=Rect(0, 0 - 2560, 1600) d=0}
04-20 04:29:51.542   590   610 V WindowManager:     ]}
04-20 04:29:51.542   590  3777 W UserManagerService: Requested status bar icon for non-badged user 0
04-20 04:29:51.544  1099  1099 D SsBaseTemplateCard: No text view can be set up
04-20 04:29:51.544  1099  1099 D SsBaseTemplateCard: Passed-in item info is null
04-20 04:29:51.544  1099  1099 D SsBaseTemplateCard: Passed-in item info is null
04-20 04:29:51.544  1099  1099 D SsBaseTemplateCard: Passed-in item info is null
04-20 04:29:51.544  1099  1099 I SsBaseTemplateCard: Secondary card pane is null
04-20 04:29:51.546  1099  1490 D EGL_emulation: app_time_stats: avg=20219.98ms min=5.54ms max=525317.38ms count=26
04-20 04:29:51.560   590   708 I ImeTracker: com.google.android.apps.nexuslauncher:3d56bc4c: onRequestHide at ORIGIN_SERVER reason HIDE_UNSPECIFIED_WINDOW fromUser false
04-20 04:29:51.560   590   708 I ImeTracker: com.google.android.apps.nexuslauncher:3d56bc4c: onCancelled at PHASE_SERVER_SHOULD_HIDE
04-20 04:29:51.560   388 17181 I resolv  : GetAddrInfoHandler::run: {0 262144 0 983040 10144 0}
04-20 04:29:51.561 20885 20885 I GoogleInputMethodService: GoogleInputMethodService.onDestroy():1509 
04-20 04:29:51.561 20885 20885 I GoogleInputMethodService: GoogleInputMethodService.onFinishInput():3157 
04-20 04:29:51.562 20885 20885 I GoogleInputMethodService: GoogleInputMethodService.updateDeviceLockedStatus():2248 repeatCheckTimes = 0, locked = false
04-20 04:29:51.562   388 17182 I resolv  : GetAddrInfoHandler::run: {0 262144 0 983040 10144 0}
04-20 04:29:51.562   590   966 W InputManager-JNI: Input channel object 'fe4a807 InputMethod (client)' was disposed without first being removed with the input manager!
04-20 04:29:51.563 20885 20885 I GoogleInputMethodService: GoogleInputMethodService.clearInputMethodServiceData():1613 clearInputMethodServiceData for onDestroy
04-20 04:29:51.564 20885 20885 I GoogleInputMethodService: GoogleInputMethodService.discardAllKeyboardViewAndInputView():1818 discardAllKeyboardViewAndInputView()
04-20 04:29:51.564 20885 20885 I KeyboardModeManager: KeyboardModeManager.setInputViewKeyboardViewHolderProvider():625 setInputView() : supportsOneHandedMode=false supportsSplitMode=true
04-20 04:29:51.564 20885 20885 I NormalModeController: NormalModeController.getKeyboardBodyViewHolderPaddingBottom():104 currentPrimeKeyboardType:SOFT systemPaddingBottom:-1
04-20 04:29:51.564 20885 20885 I KeyboardModeManager: KeyboardModeManager.setInputViewKeyboardViewHolderProvider():613 setInputView() : supportsOneHandedMode=false, supportSplitMode=true
04-20 04:29:51.564 20885 20885 I InputMethodEntryManager: InputMethodEntryManager.notifyCurrentInputMethodEntryOnContextChanged():521 notifyCurrentInputMethodEntryOnContextChanged()
04-20 04:29:51.564 20885 20885 I InputMethodEntryManager: InputMethodEntryManager.notifyCurrentInputMethodEntryOnContextChanged():542 Notify current input method entry changed on context change
04-20 04:29:51.564 20885 20885 I SystemSubtypesReportModule: SystemSubtypesReportModule$3.onCurrentInputMethodEntryChanged():136 entry: en-US, source: UNSPECIFIED
04-20 04:29:51.564 20885 20885 I KeyboardThemeProvider: KeyboardThemeProvider.reset():40 Reset keyboard theme
04-20 04:29:51.564 20885 20885 I KeyboardContextProvider: KeyboardContextProvider.setBaseContextAndInvalidKeyboardContextCache():88 setBaseContextAndInvalidKeyboardContextCache(): null
04-20 04:29:51.564 20885 20885 I DeviceModeMonitor: DeviceModeMonitor.calculateDeviceMode():76 Get device mode tablet_large by screen size and smallestScreenWidthDp: 723
04-20 04:29:51.564 20885 20885 I HardKeyTracker: HardKeyTracker.unregisterKeySequence():183 Unregister key sequence lnk{labelResId=2132019809, callback=jjt@43e32bf, lastModifier=2, keyCodes=[47], actions=[0]}
04-20 04:29:51.565 21035 21080 W A       : CompleteServer request has failed and can't show offline suggestions.
04-20 04:29:51.565 21035 21080 W A       : com.google.frameworks.client.data.android.ac: Http networking stack error
04-20 04:29:51.565 21035 21080 W A       : 	at com.google.frameworks.client.data.android.x.run(PG:36)
04-20 04:29:51.565 21035 21080 W A       : 	at com.google.android.libraries.k.x.run(PG:3)
04-20 04:29:51.565 21035 21080 W A       : 	at com.google.common.n.c.c.run(PG:50)
04-20 04:29:51.565 21035 21080 W A       : 	at com.google.android.libraries.k.e.run(PG:8)
04-20 04:29:51.565 21035 21080 W A       : 	at java.lang.Thread.run(Thread.java:1012)
04-20 04:29:51.565 21035 21080 W A       : 	at com.google.android.libraries.k.d.b.run(PG:74)
04-20 04:29:51.565 21035 21080 W A       : Caused by: org.chromium.net.impl.ct: Exception in CronetUrlRequest: net::ERR_INTERNET_DISCONNECTED, ErrorCode=2, InternalErrorCode=-106, Retryable=false
04-20 04:29:51.565 21035 21080 W A       : 	at org.chromium.net.impl.CronetUrlRequest.onError(PG:80)
04-20 04:29:51.565 20885 20885 I HardKeyTracker: HardKeyTracker.unregisterKeySequence():183 Unregister key sequence lnk{labelResId=0, callback=jwl@c2d3bdb, lastModifier=0, keyCodes=[204], actions=[0]}
04-20 04:29:51.565 21035 21080 W A       : #getSuggestions failed
04-20 04:29:51.565 21035 21080 W A       : com.google.frameworks.client.data.android.ac: Http networking stack error
04-20 04:29:51.565 21035 21080 W A       : 	at com.google.frameworks.client.data.android.x.run(PG:36)
04-20 04:29:51.565 21035 21080 W A       : 	at com.google.android.libraries.k.x.run(PG:3)
04-20 04:29:51.565 21035 21080 W A       : 	at com.google.common.n.c.c.run(PG:50)
04-20 04:29:51.565 21035 21080 W A       : 	at com.google.android.libraries.k.e.run(PG:8)
04-20 04:29:51.565 21035 21080 W A       : 	at java.lang.Thread.run(Thread.java:1012)
04-20 04:29:51.565 21035 21080 W A       : 	at com.google.android.libraries.k.d.b.run(PG:74)
04-20 04:29:51.565 21035 21080 W A       : Caused by: org.chromium.net.impl.ct: Exception in CronetUrlRequest: net::ERR_INTERNET_DISCONNECTED, ErrorCode=2, InternalErrorCode=-106, Retryable=false
04-20 04:29:51.565 21035 21080 W A       : 	at org.chromium.net.impl.CronetUrlRequest.onError(PG:80)
04-20 04:29:51.565 20885 20885 W AccessPointsManager: AccessPointsManager.removeAccessPoint():834 The holder controller #0x7f0b2078 is not registered
04-20 04:29:51.565 20885 20885 I AccessPointsListHolderController: AccessPointsListHolderController.removeAccessPoint():304 The access point textediting is not added
04-20 04:29:51.566 20885 20885 I AccessPointsListHolderController: AccessPointsListHolderController.removeAccessPoint():304 The access point settings is not added
04-20 04:29:51.566 20885 20885 I AccessPointsListHolderController: AccessPointsListHolderController.removeAccessPoint():304 The access point theme_setting is not added
04-20 04:29:51.569  1099 17179 E OneSearchSuggestProvider: Unable to get suggestions from AGA
04-20 04:29:51.569  1099 17179 E OneSearchSuggestProvider: io.grpc.StatusRuntimeException: UNKNOWN
04-20 04:29:51.569  1099 17179 E OneSearchSuggestProvider: 	at l3.e.a(go/retraceme 6422cbaa18704413bfb3e93ebb8478614d3644845132061bc54b1fae066de31d:77)
04-20 04:29:51.569  1099 17179 E OneSearchSuggestProvider: 	at j3.l.b(go/retraceme 6422cbaa18704413bfb3e93ebb8478614d3644845132061bc54b1fae066de31d:43)
04-20 04:29:51.569  1099 17179 E OneSearchSuggestProvider: 	at j3.l.a(go/retraceme 6422cbaa18704413bfb3e93ebb8478614d3644845132061bc54b1fae066de31d:27)
04-20 04:29:51.569  1099 17179 E OneSearchSuggestProvider: 	at j3.z.run(go/retraceme 6422cbaa18704413bfb3e93ebb8478614d3644845132061bc54b1fae066de31d:7)
04-20 04:29:51.569  1099 17179 E OneSearchSuggestProvider: 	at j3.m2.run(go/retraceme 6422cbaa18704413bfb3e93ebb8478614d3644845132061bc54b1fae066de31d:19)
04-20 04:29:51.569  1099 17179 E OneSearchSuggestProvider: 	at java.util.concurrent.ThreadPoolExecutor.runWorker(ThreadPoolExecutor.java:1145)
04-20 04:29:51.569  1099 17179 E OneSearchSuggestProvider: 	at java.util.concurrent.ThreadPoolExecutor$Worker.run(ThreadPoolExecutor.java:644)
04-20 04:29:51.569  1099 17179 E OneSearchSuggestProvider: 	at java.lang.Thread.run(Thread.java:1012)
04-20 04:29:51.569 20885 20885 I OnDevicePackDownloadModule: OnDevicePackDownloadModule.onDestroy():95 onDestroy()
04-20 04:29:51.569 20885 20885 I NewS3RecognizerModule: NewS3RecognizerModule.onDestroy():21 onDestroy [news3]
04-20 04:29:51.569 20885 20885 I HardKeyTracker: HardKeyTracker.unregisterKeySequence():183 Unregister key sequence lnk{labelResId=2132019800, callback=gnd@5c2712b, lastModifier=0, keyCodes=[57, 57], actions=[1, 0]}
04-20 04:29:51.569 20885 20885 I HardKeyTracker: HardKeyTracker.unregisterKeySequence():183 Unregister key sequence lnk{labelResId=0, callback=gnd@698bf46, lastModifier=0, keyCodes=[58, 58], actions=[1, 0]}
04-20 04:29:51.569 20885 20885 I AbstractOpenableExtension: AbstractOpenableExtension.maybeDestroyExistingKeyboardGroupManager():538 Destroy existing keyboard group manager in fvq
04-20 04:29:51.570 20885 20908 I SP      : Registering emoticon_content_description.2022081613, url: https://www.gstatic.com/android/keyboard/emoticon_content_desc/202208161305/superpacks_manifest.json, constraints: W:*:*:*, flags: bg, requested: 2022081613, current: -1
04-20 04:29:51.571 20885 20885 I EmojifyExtensionImpl: EmojifyExtensionImpl.onDestroy():605 Destroying Emojify extension ehb@a7b237b.
04-20 04:29:51.571 20885 20885 I AbstractOpenableExtension: AbstractOpenableExtension.maybeDestroyExistingKeyboardGroupManager():538 Destroy existing keyboard group manager in fxu
04-20 04:29:51.571 20885 17183 I JapaneseMozcExtension: JapaneseMozcExtension.onDestroyServiceInternal():81 onDestroyServiceInternal()
04-20 04:29:51.572 20885 20885 D WindowTokenClient: Only apply configuration update to Resources because shouldReportConfigChange is false. context=com.android.inputmethod.latin.LatinIME@59e0201, config={1.3 ?mcc0mnc [en_US] ldltr sw723dp w1157dp h723dp 354dpi xlrg land finger qwerty/v/v dpad/v winConfig={ mBounds=Rect(0, 0 - 2560, 1600) mAppBounds=Rect(0, 0 - 2560, 1600) mMaxBounds=Rect(0, 0 - 2560, 1600) mDisplayRotation=ROTATION_0 mWindowingMode=fullscreen mActivityType=undefined mAlwaysOnTop=undefined mRotation=ROTATION_0} s.8 fontWeightAdjustment=0}, display ID=0
04-20 04:29:51.572 20885 20885 D WindowTokenClient: android.window.WindowTokenClient.onConfigurationChanged:161 android.window.WindowTokenClientController.onWindowContextTokenAttached:197 android.window.WindowTokenClientController.attachToDisplayArea:116 android.window.WindowContextController.attachToDisplayArea:108 android.window.WindowProviderService.attachBaseContext:218 
04-20 04:29:51.572 20885 20885 I GoogleInputMethodService: GoogleInputMethodService.onCreate():1025 
04-20 04:29:51.573 20885 20885 I WindowMetricsNotification: WindowMetricsNotification.notify():106 WindowMetricsNotification{bounds=Rect(0, 53 - 2560, 1600), insets=Rect(0, 0 - 0, 0), densityDpi=354, smallestScreenWidthDp=723, displayWidth=2560, displayHeight=1600, xdpi=320.0, ydpi=320.0}; DisplayMetrics{density=2.2125, width=2560, height=1600, scaledDensity=2.2125, xdpi=320.0, ydpi=320.0}
04-20 04:29:51.574 20885 20885 I WindowMetricsHelper: WindowMetricsHelper.predictAndNotify():140 Window metrics predicted.
04-20 04:29:51.574 20885 20885 I InputMethodEntryManager: InputMethodEntryManager.notifyCurrentInputMethodEntryOnContextChanged():521 notifyCurrentInputMethodEntryOnContextChanged()
04-20 04:29:51.574 20885 20885 I InputMethodEntryManager: InputMethodEntryManager.notifyCurrentInputMethodEntryOnContextChanged():542 Notify current input method entry changed on context change
04-20 04:29:51.574 20885 20885 I KeyboardContextProvider: KeyboardContextProvider.setBaseContextAndInvalidKeyboardContextCache():88 setBaseContextAndInvalidKeyboardContextCache(): com.android.inputmethod.latin.LatinIME@59e0201
04-20 04:29:51.574 20885 20885 E GoogleInputMethodService: GoogleInputMethodService.getAppEditorInfo():2810 App EditorInfo should never be null.
04-20 04:29:51.574 20885 20885 I StyledKeyboardThemeBuilder: StyledKeyboardThemeBuilder.build():132 Pref: [], themeName: [silk:], darkMode: [false], cacheKey: [overlay_builtin_dynamic_color_light_base.binarypb:dynamic-gm3-light-fffefbff-ff495d92-88aedfe362701b9d56ce578190f21130]
04-20 04:29:51.575 20885 20885 I KeyboardThemeProvider: KeyboardThemeProvider.applyKeyboardTheme():27 Apply keyboard theme: theme_border_stylesheet_noshadow_pgsans_pillkey_silkpopup_light_tablet_large_keyboard_width_tablet_small_navredesign_600_overlay_builtin_dynamic_color_light_base.binarypb:dynamic-gm3-light-fffefbff-ff495d92-88aedfe362701b9d56ce578190f21130_land
04-20 04:29:51.575 20885 20885 I KeyboardContextProvider: KeyboardContextProvider$KeyboardContextCache.createKeyboardContext():173 createKeyboardContext(): en-US, jgg@4e22930(com.android.inputmethod.latin.LatinIME@59e0201), {1.3 ?mcc0mnc [en_US] ldltr sw723dp w1157dp h723dp 354dpi xlrg land finger qwerty/v/v dpad/v winConfig={ mBounds=Rect(0, 0 - 2560, 1600) mAppBounds=Rect(0, 0 - 2560, 1600) mMaxBounds=Rect(0, 0 - 2560, 1600) mDisplayRotation=ROTATION_0 mWindowingMode=fullscreen mActivityType=undefined mAlwaysOnTop=undefined mRotation=ROTATION_0} s.8 fontWeightAdjustment=0}
04-20 04:29:51.575 20885 20885 I KeyboardHeightUtil: KeyboardHeightUtil.calculateMaxKeyboardBodyHeight():45 leave 237 height for app when ime window height:1547, header height:106 and isFullscreenMode:false, so the max keyboard body height is:1204
04-20 04:29:51.575 20885 20885 I KeyboardHeightUtil: KeyboardHeightUtil.calculateMaxKeyboardBodyHeight():45 leave 237 height for app when ime window height:1547, header height:106 and isFullscreenMode:false, so the max keyboard body height is:1204
04-20 04:29:51.576 20885 20885 I NormalModeController: NormalModeController.getKeyboardBodyViewHolderPaddingBottom():104 currentPrimeKeyboardType:SOFT systemPaddingBottom:-1
04-20 04:29:51.576 20885 20885 I GoogleInputMethodService: GoogleInputMethodService.onCurrentInputMethodEntryChanged():3655 onCurrentInputMethodEntryChanged(): imeDefsChanged=false, initializedEntryChanged=true, keyboardContextChanged=true
04-20 04:29:51.576 20885 20885 I GoogleInputMethodService: GoogleInputMethodService.clearInputMethodServiceData():1613 clearInputMethodServiceData for entryChange
04-20 04:29:51.576 20885 20885 I KeyboardHeightUtil: KeyboardHeightUtil.calculateMaxKeyboardBodyHeight():45 leave 237 height for app when ime window height:1547, header height:106 and isFullscreenMode:false, so the max keyboard body height is:1204
04-20 04:29:51.576 20885 20885 I KeyboardHeightUtil: KeyboardHeightUtil.calculateMaxKeyboardBodyHeight():45 leave 237 height for app when ime window height:1547, header height:106 and isFullscreenMode:false, so the max keyboard body height is:1204
04-20 04:29:51.576 20885 20885 I KeyboardModeManager: KeyboardModeManager.onCurrentInputMethodEntryChanged():1133 Reload data for context change
04-20 04:29:51.576 20885 20885 I GoogleInputMethodService: GoogleInputMethodService.initializeInputMethodServiceData():1382 initializeInputMethodServiceData for kct{languageTag=en-US, variant=qwerty, hasLocalizedResources=true, conditionCacheKey=_cache_additional_ime_defs_for_condition_change=false_cache_ime_defs_for_condition_change=false_device=tablet_device_size=large_enable_flick_symbols=false_enable_more_candidates_view_for_multilingual=false_enable_number_row=false_enable_preemptive_decode=true_enable_secondary_digits=true_enable_secondary_symbols=false_enable_show_foldable_layout_on_small_tablet=false_expressions=normal_four_or_more_letter_rows=false_keyboard_mode=normal_language=en-US_orientation=landscape_physical_keyboard=qwerty_rtl_layout=false_show_secondary_digits=true_show_suggestions=true_split_with_duplicate_keys=true_variant=qwerty, imeDef.stringId=ime_english_united_states, imeDef.className=com.google.android.apps.inputmethod.libs.latin5.LatinIme, imeDef.languageTag=en-US}
04-20 04:29:51.576 20885 20885 E GoogleInputMethodService: GoogleInputMethodService.getAppEditorInfo():2810 App EditorInfo should never be null.
04-20 04:29:51.576 20885 20885 I StyledKeyboardThemeBuilder: StyledKeyboardThemeBuilder.build():132 Pref: [], themeName: [silk:], darkMode: [false], cacheKey: [overlay_builtin_dynamic_color_light_base.binarypb:dynamic-gm3-light-fffefbff-ff495d92-88aedfe362701b9d56ce578190f21130]
04-20 04:29:51.576 20885 20885 I KeyboardThemeProvider: KeyboardThemeProvider.applyKeyboardTheme():27 Apply keyboard theme: theme_border_stylesheet_noshadow_pgsans_pillkey_silkpopup_light_tablet_large_keyboard_width_tablet_extra_large_navredesign_600_overlay_builtin_dynamic_color_light_base.binarypb:dynamic-gm3-light-fffefbff-ff495d92-88aedfe362701b9d56ce578190f21130_land
04-20 04:29:51.578 20885 20885 I AndroidIME: InputBundleManager.loadActiveInputBundleId():450 loadActiveInputBundleId: und-Latn-x-password, password
04-20 04:29:51.578 20885 20885 I SystemSubtypesReportModule: SystemSubtypesReportModule$4.onSetCurrentInputMethodSubtype():160 en_US
04-20 04:29:51.578 20885 20885 I DeviceModeMonitor: DeviceModeMonitor.calculateDeviceMode():76 Get device mode tablet_large by screen size and smallestScreenWidthDp: 723
04-20 04:29:51.578 20885 20885 I HardKeyTracker: HardKeyTracker.registerKeySequence():139 Register key sequence lnk{labelResId=2132019809, callback=jjt@bf9ff90, lastModifier=2, keyCodes=[47], actions=[0]}
04-20 04:29:51.578 20885 20885 I HardKeyTracker: HardKeyTracker.registerKeySequence():139 Register key sequence lnk{labelResId=0, callback=jwl@52784bc, lastModifier=0, keyCodes=[204], actions=[0]}
04-20 04:29:51.579 20885 17183 I NetworkInfoNotification: NetworkInfoNotification$Listener.onReceive():112 onNetworkLost: networkState = NO_CONNECTION, isAirplaneModeOn = false
04-20 04:29:51.579 20885 17183 I NewS3RecognizerModule: NewS3RecognizerModule.onCreate():14 onCreate [news3]
04-20 04:29:51.579 20885 17184 I JapaneseMozcExtension: JapaneseMozcExtension.onCreateServiceInternal():76 onCreateServiceInternal()
04-20 04:29:51.579 20885 17183 I EmojifyExtensionImpl: EmojifyExtensionImpl.onCreate():599 Creating Emojify extension ehb@5bd0eaa.
04-20 04:29:51.579 20885 17183 I AbstractOpenableExtension: AbstractOpenableExtension.createKeyboardGroupManagerListenableFuture():120 Create keyboard group manager listenable future in fxu
04-20 04:29:51.579 20885 17183 I KeyboardGroupDefParser: KeyboardGroupDefParser.parseKeyboardGroupDef():83 parseKeyboardGroupDef() 2132214040 -> 0_resource_name_obfuscated : WaitTime = 0 ms : RunTime = 0 ms
04-20 04:29:51.580 20885 20907 I OnDevicePackDownloadModule: OnDevicePackDownloadModule.onCreate():60 onCreate()
04-20 04:29:51.581 20885 20885 I AbstractOpenableExtension: AbstractOpenableExtension$3.onSuccess():552 KeyboardGroupManager destroyed in fvq.
04-20 04:29:51.581 20885 20885 I AbstractOpenableExtension: AbstractOpenableExtension$3.onSuccess():552 KeyboardGroupManager destroyed in fxu.
04-20 04:29:51.582 20885 17184 I AbstractOpenableExtension: AbstractOpenableExtension.createKeyboardGroupManagerListenableFuture():120 Create keyboard group manager listenable future in fvq
04-20 04:29:51.582 20885 17184 I KeyboardGroupDefParser: KeyboardGroupDefParser.parseKeyboardGroupDef():83 parseKeyboardGroupDef() 2132214033 -> 0_resource_name_obfuscated : WaitTime = 0 ms : RunTime = 0 ms
04-20 04:29:51.582 20885 17184 I KeyboardGroupDefParser: KeyboardGroupDefParser.parseKeyboardGroupDef():83 parseKeyboardGroupDef() 2132214034 -> 0_resource_name_obfuscated : WaitTime = 0 ms : RunTime = 0 ms
04-20 04:29:51.582 20885 20885 I NetworkInfoNotification: NetworkInfoNotification$Listener.onReceive():112 onNetworkLost: networkState = NO_CONNECTION, isAirplaneModeOn = false
04-20 04:29:51.583 20885 20885 I AccessPointsListHolderController: AccessPointsListHolderController.removeAccessPoint():304 The access point one_handed is not added
04-20 04:29:51.583 20885 20885 I AccessPointsListHolderController: AccessPointsListHolderController.removeAccessPoint():304 The access point textediting is not added
04-20 04:29:51.583 20885 20885 I AccessPointsListHolderController: AccessPointsListHolderController.removeAccessPoint():304 The access point settings is not added
04-20 04:29:51.583   590   708 D InputMethodManagerService: Initializing Handwriting Spy
04-20 04:29:51.583   590   708 W InputManager-JNI: Input channel object 'stylus-handwriting-event-receiver-0 (client)' was disposed without first being removed with the input manager!
04-20 04:29:51.583 20885 20885 I AccessPointsListHolderController: AccessPointsListHolderController.removeAccessPoint():304 The access point theme_setting is not added
04-20 04:29:51.584 20885 20885 I ClipboardDataHandler: ClipboardDataHandler.updateScreenshotsContentObserver():268 Disable the feature of handling screenshots in the clipboard.
04-20 04:29:51.584  1099  1099 D SearchTargetUtil: query= size=0
04-20 04:29:51.585 20885 17186 I NetworkInfoNotification: NetworkInfoNotification$Listener.onReceive():112 onNetworkLost: networkState = NO_CONNECTION, isAirplaneModeOn = false
04-20 04:29:51.585 20885 20907 I Environment: Environment.isPackageInstalled():234 com.bitstrips.imoji is not installed
04-20 04:29:51.586 20885 20907 W AndroidCreativeStickerFetcherFactory: AndroidCreativeStickerFetcherFactory.createFetcher():19 Empty host or api key
04-20 04:29:51.587 20885 17184 I KeyboardGroupDefParser: KeyboardGroupDefParser.parseKeyboardGroupDef():83 parseKeyboardGroupDef() 2132214028 -> 0_resource_name_obfuscated : WaitTime = 0 ms : RunTime = 0 ms
04-20 04:29:51.587 20885 20885 I NetworkInfoNotification: NetworkInfoNotification$Listener.onReceive():112 onNetworkLost: networkState = NO_CONNECTION, isAirplaneModeOn = false
04-20 04:29:51.587 20885 20885 I NetworkInfoNotification: NetworkInfoNotification$Listener.onReceive():112 onNetworkLost: networkState = NO_CONNECTION, isAirplaneModeOn = false
04-20 04:29:51.588 20885 20885 I GoogleInputMethodService: GoogleInputMethodService$GoogleInputMethodImpl.attachToken():4209 
04-20 04:29:51.590 20885 20908 I SP      : Scheduling job with delay of 0s for {m:b:u:l, bg}, 2 candidates
04-20 04:29:51.591   590  2409 E JobScheduler.JobStatus: App com.google.android.inputmethod.latin became active but still in NEVER bucket
04-20 04:29:51.591 20885 20885 I SystemSubtypesReportModule: SystemSubtypesReportModule$3.onCurrentInputMethodEntryChanged():136 entry: en-US, source: UNSPECIFIED
04-20 04:29:51.591 20885 20885 I SystemSubtypesReportModule: SystemSubtypesReportModule.switchToSubtypeByEntry():205 en-US
04-20 04:29:51.592   590   614 W ActivityTaskManager: Unable to send transaction to client proc com.impos2.mixcretailassemblyrn84: no app thread
04-20 04:29:51.592 20885 20885 D WindowTokenClient: Configuration not dispatch to IME because configuration is up to date. Current config={1.3 ?mcc0mnc [en_US] ldltr sw723dp w1157dp h723dp 354dpi xlrg land finger qwerty/v/v dpad/v winConfig={ mBounds=Rect(0, 0 - 2560, 1600) mAppBounds=Rect(0, 0 - 2560, 1600) mMaxBounds=Rect(0, 0 - 2560, 1600) mDisplayRotation=ROTATION_0 mWindowingMode=fullscreen mActivityType=undefined mAlwaysOnTop=undefined mRotation=ROTATION_0} s.8 fontWeightAdjustment=0}, reported config={1.3 ?mcc0mnc [en_US] ldltr sw723dp w1157dp h723dp 354dpi xlrg land finger qwerty/v/v dpad/v winConfig={ mBounds=Rect(0, 0 - 2560, 1600) mAppBounds=Rect(0, 0 - 2560, 1600) mMaxBounds=Rect(0, 0 - 2560, 1600) mDisplayRotation=ROTATION_0 mWindowingMode=fullscreen mActivityType=undefined mAlwaysOnTop=undefined mRotation=ROTATION_0} s.8 fontWeightAdjustment=0}, updated config={1.3 ?mcc0mnc [en_US] ldltr sw723dp w1157dp h723dp 354dpi xlrg land finger qwerty/v/v dpad/v winConfig={ mBounds=Rect(0, 0 - 2560, 1600) mAppBounds=Rect(0, 0 - 2560, 1600) mMaxBounds=Rect(0, 0 - 2560, 1600) mDisplayRotation=ROTATION_0 mWindowingMode=fullscreen mActivityType=undefined mAlwaysOnTop=undefined mRotation=ROTATION_0} s.8 fontWeightAdjustment=0}, updated display ID=0
04-20 04:29:51.592 20885 20885 D WindowTokenClient: Configuration not dispatch to IME because configuration is up to date. Current config={1.3 ?mcc0mnc [en_US] ldltr sw723dp w1157dp h723dp 354dpi xlrg land finger qwerty/v/v dpad/v winConfig={ mBounds=Rect(0, 0 - 2560, 1600) mAppBounds=Rect(0, 0 - 2560, 1600) mMaxBounds=Rect(0, 0 - 2560, 1600) mDisplayRotation=ROTATION_0 mWindowingMode=fullscreen mActivityType=undefined mAlwaysOnTop=undefined mRotation=ROTATION_0} s.8 fontWeightAdjustment=0}, reported config={1.3 ?mcc0mnc [en_US] ldltr sw723dp w1157dp h723dp 354dpi xlrg land finger qwerty/v/v dpad/v winConfig={ mBounds=Rect(0, 0 - 2560, 1600) mAppBounds=Rect(0, 0 - 2560, 1600) mMaxBounds=Rect(0, 0 - 2560, 1600) mDisplayRotation=ROTATION_0 mWindowingMode=fullscreen mActivityType=undefined mAlwaysOnTop=undefined mRotation=ROTATION_0} s.8 fontWeightAdjustment=0}, updated config={1.3 ?mcc0mnc [en_US] ldltr sw723dp w1157dp h723dp 354dpi xlrg land finger qwerty/v/v dpad/v winConfig={ mBounds=Rect(0, 0 - 2560, 1600) mAppBounds=Rect(0, 0 - 2560, 1600) mMaxBounds=Rect(0, 0 - 2560, 1600) mDisplayRotation=ROTATION_0 mWindowingMode=fullscreen mActivityType=undefined mAlwaysOnTop=undefined mRotation=ROTATION_0} s.8 fontWeightAdjustment=0}, updated display ID=0
04-20 04:29:51.594 20885 20885 I GoogleInputMethodService: GoogleInputMethodService.onStartInput():1986 onStartInput(EditorInfo{EditorInfo{packageName=com.google.android.apps.nexuslauncher, inputType=0, inputTypeString=NULL, enableLearning=false, autoCorrection=false, autoComplete=false, imeOptions=0, privateImeOptions=null, actionName=UNSPECIFIED, actionLabel=null, initialSelStart=-1, initialSelEnd=-1, initialCapsMode=0, label=null, fieldId=0, fieldName=null, extras=null, hintText=null, hintLocales=[]}}, false)
04-20 04:29:51.595 20885 20885 I GoogleInputMethodService: GoogleInputMethodService.updateDeviceLockedStatus():2248 repeatCheckTimes = 1, locked = false
04-20 04:29:51.595 20885 20885 I AndroidIME: InputBundleManager.loadActiveInputBundleId():450 loadActiveInputBundleId: und-Latn-x-password, password
04-20 04:29:51.595 20885 20885 I HardKeyTracker: HardKeyTracker.registerKeySequence():139 Register key sequence lnk{labelResId=2132019800, callback=gnd@335a407, lastModifier=0, keyCodes=[57, 57], actions=[1, 0]}
04-20 04:29:51.595 20885 20885 I HardKeyTracker: HardKeyTracker.registerKeySequence():139 Register key sequence lnk{labelResId=0, callback=gnd@7d144d2, lastModifier=0, keyCodes=[58, 58], actions=[1, 0]}
04-20 04:29:51.595   590  3910 W PackageConfigPersister: App-specific configuration not found for packageName: com.google.android.apps.nexuslauncher and userId: 0
04-20 04:29:51.598   590  2409 E JobScheduler.JobStatus: App com.google.android.inputmethod.latin became active but still in NEVER bucket
04-20 04:29:51.598 20885 20908 I SP      : Scheduling job with delay of 0s for {W:b:u:l, bg}, 1 candidates
04-20 04:29:51.598   590  2409 E JobScheduler.JobStatus: App com.google.android.inputmethod.latin became active but still in NEVER bucket
04-20 04:29:51.599   590  2409 E JobScheduler.JobStatus: App com.google.android.inputmethod.latin became active but still in NEVER bucket
04-20 04:29:51.600 20885 20908 I SP      : Scheduling: download registered, 0 started, 0 paused, 3 scheduled, 3 pending: manifests:next-word-predictor-20210507 * {m:b:u:l, bg}, manifests:emoji-2023020111 * {m:b:u:l, bg}, manifests:emoticon_content_description-2022081613 * {W:b:u:l, bg}
04-20 04:29:51.600 20885 20908 I SuperpacksManagerImpl: SuperpacksManagerImpl$3$1.onFailure():588 emoticon_content_description.registerManifest() cancelled
04-20 04:29:51.601 20885 20908 I SP      : Registering emoticon_content_description.2022081613, url: https://www.gstatic.com/android/keyboard/emoticon_content_desc/202208161305/superpacks_manifest.json, constraints: W:*:*:*, flags: bg, requested: 2022081613, current: -1
04-20 04:29:51.601 20885 20908 I SP      : Registering emoticon_content_description.2022081613, url: https://www.gstatic.com/android/keyboard/emoticon_content_desc/202208161305/superpacks_manifest.json, constraints: W:*:*:*, flags: bg, requested: 2022081613, current: -1
04-20 04:29:51.606 20885 20908 I SP      : Scheduling job with delay of 0s for {m:b:u:l, bg}, 2 candidates
04-20 04:29:51.607   590  2409 E JobScheduler.JobStatus: App com.google.android.inputmethod.latin became active but still in NEVER bucket
04-20 04:29:51.607 20885 20908 I SP      : Scheduling job with delay of 0s for {W:b:u:l, bg}, 1 candidates
04-20 04:29:51.607   590  2409 E JobScheduler.JobStatus: App com.google.android.inputmethod.latin became active but still in NEVER bucket
04-20 04:29:51.608 20885 20908 I SP      : Scheduling: download registered, 0 started, 0 paused, 3 scheduled, 3 pending: manifests:next-word-predictor-20210507 * {m:b:u:l, bg}, manifests:emoji-2023020111 * {m:b:u:l, bg}, manifests:emoticon_content_description-2022081613 * {W:b:u:l, bg}
04-20 04:29:51.608 20885 20908 I SuperpacksManagerImpl: SuperpacksManagerImpl$3$1.onFailure():588 emoticon_content_description.registerManifest() cancelled
04-20 04:29:51.608 20885 20908 I SuperpacksManagerImpl: SuperpacksManagerImpl$3$1.onFailure():588 emoticon_content_description.registerManifest() cancelled
04-20 04:29:51.609   590   614 W ActivityTaskManager: Unable to send transaction to client proc com.impos2.mixcretailassemblyrn84: no app thread
04-20 04:29:51.643   590   614 W ActivityTaskManager: Unable to send transaction to client proc com.impos2.mixcretailassemblyrn84: no app thread
04-20 04:29:51.653   590   602 I BpBinder: onLastStrongRef automatically unlinking death recipients: 
04-20 04:29:51.653   590   603 W system_server: ApkAssets: Deleting an ApkAssets object '<empty> and /product/app/talkback/talkback.apk' with 1 weak references
04-20 04:29:51.654   590   603 W system_server: ApkAssets: Deleting an ApkAssets object '/vendor/overlay/EmulatorTalkBackOverlay/EmulatorTalkBackOverlay.apk' with 1 weak references
04-20 04:29:51.654   590   603 W system_server: ApkAssets: Deleting an ApkAssets object '<empty> and /system_ext/app/AccessibilityMenu/AccessibilityMenu.apk' with 1 weak references
04-20 04:29:51.654   590   603 W system_server: ApkAssets: Deleting an ApkAssets object '<empty> and /product/priv-app/PrebuiltGmsCore/PrebuiltGmsCore.apk' with 1 weak references
04-20 04:29:51.654   590   603 W system_server: ApkAssets: Deleting an ApkAssets object '<empty> and /product/app/PrebuiltGmail/PrebuiltGmail.apk' with 1 weak references
04-20 04:29:51.654   590   603 W system_server: ApkAssets: Deleting an ApkAssets object '<empty> and /product/app/PlayBooksPrebuilt/PlayBooksPrebuilt.apk' with 1 weak references
04-20 04:29:51.654   590   603 W system_server: ApkAssets: Deleting an ApkAssets object '<empty> and /product/app/Drive/Drive.apk' with 1 weak references
04-20 04:29:51.654   590   603 W system_server: ApkAssets: Deleting an ApkAssets object '<empty> and /product/app/CalendarGooglePrebuilt/CalendarGooglePrebuilt.apk' with 1 weak references
04-20 04:29:51.655   590   603 W system_server: ApkAssets: Deleting an ApkAssets object '<empty> and /product/app/GoogleKeepPrebuilt/GoogleKeepPrebuilt.apk' with 1 weak references
04-20 04:29:51.655   590   603 W system_server: ApkAssets: Deleting an ApkAssets object '<empty> and /product/app/LatinIMEGooglePrebuilt/LatinIMEGooglePrebuilt.apk' with 1 weak references
04-20 04:29:51.655   590   603 W system_server: ApkAssets: Deleting an ApkAssets object '<empty> and /product/app/GoogleTTS/GoogleTTS.apk' with 1 weak references
04-20 04:29:51.782   590  2409 W WindowManager: Failed looking up window session=Session{330fbed 836:u0a10186} callers=com.android.server.wm.WindowManagerService.removeClientToken:2058 com.android.server.wm.Session.remove:274 android.view.IWindowSession$Stub.onTransact:685 
04-20 04:29:51.784   590  2409 W WindowManager: Failed looking up window session=Session{330fbed 836:u0a10186} callers=com.android.server.wm.WindowManagerService.removeClientToken:2058 com.android.server.wm.Session.remove:274 android.view.IWindowSession$Stub.onTransact:685 
04-20 04:29:51.785   836   874 V WindowManagerShell: Transition animation finished (aborted=false), notifying core (#575) android.os.BinderProxy@e99cb16@0
04-20 04:29:51.785   590   610 V WindowManager: Finish Transition (#575): created at 04-20 04:29:51.486 collect-started=0.011ms request-sent=0.038ms started=1.791ms ready=29.244ms sent=39.127ms finished=299.638ms
04-20 04:29:51.785   590  2409 E IPCThreadState: Binder transaction failure. id: 44163851, BR_*: 29189, error: -22 (Invalid argument)
04-20 04:29:51.786   590  2409 W ActivityManager: pid 590 system sent binder code 7 with flags 1 to frozen apps and got error -32
04-20 04:29:51.786   590  2409 W WindowManager: Exception thrown during dispatchAppVisibility Window{cdeb00d u0 com.impos2.mixcretailassemblyrn84/com.impos2.mixcretailassemblyrn84.SecondaryActivity EXITING}
04-20 04:29:51.786   590  2409 W WindowManager: android.os.DeadObjectException
04-20 04:29:51.786   590  2409 W WindowManager: 	at android.os.BinderProxy.transactNative(Native Method)
04-20 04:29:51.786   590  2409 W WindowManager: 	at android.os.BinderProxy.transact(BinderProxy.java:586)
04-20 04:29:51.786   590  2409 W WindowManager: 	at android.view.IWindow$Stub$Proxy.dispatchAppVisibility(IWindow.java:553)
04-20 04:29:51.786   590  2409 W WindowManager: 	at com.android.server.wm.WindowState.sendAppVisibilityToClients(WindowState.java:3253)
04-20 04:29:51.786   590  2409 W WindowManager: 	at com.android.server.wm.WindowContainer.sendAppVisibilityToClients(WindowContainer.java:1289)
04-20 04:29:51.786   590  2409 W WindowManager: 	at com.android.server.wm.WindowToken.setClientVisible(WindowToken.java:403)
04-20 04:29:51.786   590  2409 W WindowManager: 	at com.android.server.wm.ActivityRecord.setClientVisible(ActivityRecord.java:7166)
04-20 04:29:51.786   590  2409 W WindowManager: 	at com.android.server.wm.ActivityRecord.postApplyAnimation(ActivityRecord.java:5881)
04-20 04:29:51.786   590  2409 W WindowManager: 	at com.android.server.wm.ActivityRecord.commitVisibility(ActivityRecord.java:5823)
04-20 04:29:51.786   590  2409 W WindowManager: 	at com.android.server.wm.Transition.finishTransition(Transition.java:1286)
04-20 04:29:51.786   590  2409 W WindowManager: 	at com.android.server.wm.TransitionController.finishTransition(TransitionController.java:937)
04-20 04:29:51.786   590  2409 W WindowManager: 	at com.android.server.wm.WindowOrganizerController.finishTransition(WindowOrganizerController.java:494)
04-20 04:29:51.786   590  2409 W WindowManager: 	at android.window.IWindowOrganizerController$Stub.onTransact(IWindowOrganizerController.java:289)
04-20 04:29:51.786   590  2409 W WindowManager: 	at com.android.server.wm.WindowOrganizerController.onTransact(WindowOrganizerController.java:204)
04-20 04:29:51.786   590  2409 W WindowManager: 	at android.os.Binder.execTransactInternal(Binder.java:1505)
04-20 04:29:51.786   590  2409 W WindowManager: 	at android.os.Binder.execTransact(Binder.java:1444)
04-20 04:29:51.787  2409  2409 I binder  : 2409:590 cannot find target node
04-20 04:29:51.786   590  2409 W Process : Unable to open /proc/17053/status
04-20 04:29:51.786   590  2409 E IPCThreadState: Binder transaction failure. id: 44163854, BR_*: 29189, error: -22 (Invalid argument)
04-20 04:29:51.786   590  2409 W ActivityManager: pid 590 system sent binder code 7 with flags 1 to frozen apps and got error -32
04-20 04:29:51.786   590  2409 D ActivityManager: Too many transaction errors, throttling freezer binder callback.
04-20 04:29:51.787   590  2409 W WindowManager: Exception thrown during dispatchAppVisibility Window{3be451c u0 com.impos2.mixcretailassemblyrn84/com.impos2.mixcretailassemblyrn84.MainActivity EXITING}
04-20 04:29:51.787   590  2409 W WindowManager: android.os.DeadObjectException
04-20 04:29:51.787   590  2409 W WindowManager: 	at android.os.BinderProxy.transactNative(Native Method)
04-20 04:29:51.787   590  2409 W WindowManager: 	at android.os.BinderProxy.transact(BinderProxy.java:586)
04-20 04:29:51.787   590  2409 W WindowManager: 	at android.view.IWindow$Stub$Proxy.dispatchAppVisibility(IWindow.java:553)
04-20 04:29:51.787   590  2409 W WindowManager: 	at com.android.server.wm.WindowState.sendAppVisibilityToClients(WindowState.java:3253)
04-20 04:29:51.787   590  2409 W WindowManager: 	at com.android.server.wm.WindowContainer.sendAppVisibilityToClients(WindowContainer.java:1289)
04-20 04:29:51.787   590  2409 W WindowManager: 	at com.android.server.wm.WindowToken.setClientVisible(WindowToken.java:403)
04-20 04:29:51.787   590  2409 W WindowManager: 	at com.android.server.wm.ActivityRecord.setClientVisible(ActivityRecord.java:7166)
04-20 04:29:51.787   590  2409 W WindowManager: 	at com.android.server.wm.ActivityRecord.postApplyAnimation(ActivityRecord.java:5881)
04-20 04:29:51.787   590  2409 W WindowManager: 	at com.android.server.wm.ActivityRecord.commitVisibility(ActivityRecord.java:5823)
04-20 04:29:51.787   590  2409 W WindowManager: 	at com.android.server.wm.Transition.finishTransition(Transition.java:1286)
04-20 04:29:51.787   590  2409 W WindowManager: 	at com.android.server.wm.TransitionController.finishTransition(TransitionController.java:937)
04-20 04:29:51.787   590  2409 W WindowManager: 	at com.android.server.wm.WindowOrganizerController.finishTransition(WindowOrganizerController.java:494)
04-20 04:29:51.787   590  2409 W WindowManager: 	at android.window.IWindowOrganizerController$Stub.onTransact(IWindowOrganizerController.java:289)
04-20 04:29:51.787   590  2409 W WindowManager: 	at com.android.server.wm.WindowOrganizerController.onTransact(WindowOrganizerController.java:204)
04-20 04:29:51.787   590  2409 W WindowManager: 	at android.os.Binder.execTransactInternal(Binder.java:1505)
04-20 04:29:51.787   590  2409 W WindowManager: 	at android.os.Binder.execTransact(Binder.java:1444)
04-20 04:29:51.787   590  2409 W Process : Unable to open /proc/16981/status
04-20 04:29:51.787  2409  2409 I binder  : 590:2409 transaction async to 0:0 failed 44163851/29189/-22, size 64-0 line 3265
04-20 04:29:51.788  2409  2409 I binder  : 2409:590 cannot find target node
04-20 04:29:51.788  2409  2409 I binder  : 590:2409 transaction async to 0:0 failed 44163854/29189/-22, size 64-0 line 3265
04-20 04:29:51.793   836   874 V WindowManagerShell: Track 0 became idle
04-20 04:29:51.793   836   874 V WindowManagerShell: All active transition animations finished
04-20 04:29:51.793   836   874 V ShellDesktopMode: Task Vanished: #878 closed=true
04-20 04:29:51.793   836   874 V ShellDesktopMode: Task Vanished: #877 closed=true
04-20 04:29:51.794   590   963 W UserManagerService: Requested status bar icon for non-badged user 0
04-20 04:29:51.796   590  2409 W UserManagerService: Requested status bar icon for non-badged user 0
04-20 04:29:51.797   590  2409 W UserManagerService: Requested status bar icon for non-badged user 0
04-20 04:29:51.797   590  2409 W UserManagerService: Requested status bar icon for non-badged user 0
04-20 04:29:51.815  1099  1099 I TopTaskTracker: onTaskRemoved: taskId=878
04-20 04:29:51.815  1099  1099 I TopTaskTracker: onTaskRemoved: taskId=878
04-20 04:29:51.815  1099  1099 I TopTaskTracker: onTaskRemoved: taskId=877
04-20 04:29:51.815  1099  1099 I TopTaskTracker: onTaskRemoved: taskId=877
04-20 04:29:51.827   439   439 E BpTransactionCompletedListener: Failed to transact (-32)
04-20 04:29:51.827   439   439 E BpTransactionCompletedListener: Failed to transact (-32)
04-20 04:29:51.994  1099  1099 W FrameTracker: Missing HWUI jank callback for vsyncId: 174732939, CUJ=J<TASKBAR_EXPAND::App to Home>
04-20 04:29:51.994  1099  1099 W FrameTracker: Missed SF frame:PREDICTION_ERROR, 174732983, 12020255, CUJ=J<TASKBAR_EXPAND::App to Home>
04-20 04:29:51.994  1099  1099 W FrameTracker: Missed SF frame:PREDICTION_ERROR, 174733034, 8542923, CUJ=J<TASKBAR_EXPAND::App to Home>
04-20 04:29:51.994  1099  1099 W FrameTracker: Missed SF frame:PREDICTION_ERROR, 174733158, 6532843, CUJ=J<TASKBAR_EXPAND::App to Home>
04-20 04:29:51.994  1099  1099 W FrameTracker: Missed SF frame:PREDICTION_ERROR, 174733173, 5131344, CUJ=J<TASKBAR_EXPAND::App to Home>
04-20 04:29:51.994  1099  1099 W FrameTracker: Missed SF frame:PREDICTION_ERROR, 174733218, 14385637, CUJ=J<TASKBAR_EXPAND::App to Home>
04-20 04:29:51.994  1099  1099 W FrameTracker: Missed SF frame:PREDICTION_ERROR, 174733233, 0, CUJ=J<TASKBAR_EXPAND::App to Home>
04-20 04:29:51.994  1099  1099 W FrameTracker: Missing HWUI jank callback for vsyncId: 174733233, CUJ=J<TASKBAR_EXPAND::App to Home>
04-20 04:29:51.994  1099  1099 W FrameTracker: Missed SF frame:PREDICTION_ERROR, 174733370, 4483979, CUJ=J<TASKBAR_EXPAND::App to Home>
04-20 04:29:51.994  1099  1125 V PerfettoTrigger: Triggering /system/bin/trigger_perfetto com.android.telemetry.interaction-jank-monitor-60
04-20 04:29:53.015  1099  1490 D EGL_emulation: app_time_stats: avg=45.22ms min=12.11ms max=685.97ms count=33
04-20 04:29:53.117  1099  1490 D EGL_emulation: app_time_stats: avg=178.24ms min=12.52ms max=1435.03ms count=9
04-20 04:29:53.882 16908 16910 I AidlLazyServiceRegistrar: Process has 0 (of 1 available) client(s) in use after notification artd has clients: 0
04-20 04:29:53.882 16908 16910 I AidlLazyServiceRegistrar: Trying to shut down the service. No clients in use for any service in process.
04-20 04:29:53.883   157   157 I servicemanager: Notifying artd they don't (previously: do) have clients when we now have no record of a client
04-20 04:29:53.884   157   157 I servicemanager: Caller(pid=16908,uid=1082,sid=u:r:artd:s0) Unregistering artd
04-20 04:29:53.885   157   157 I BpBinder: onLastStrongRef automatically unlinking death recipients:
04-20 04:29:53.884 16908 16910 I AidlLazyServiceRegistrar: Unregistered all clients and exiting
04-20 04:29:53.895     1     1 I init    : Service 'artd' (pid 16908) exited with status 0 oneshot service took 558.158997 seconds in background
04-20 04:29:53.895     1     1 I init    : Sending signal 9 to service 'artd' (pid 16908) process group...
04-20 04:29:53.895     1     1 I libprocessgroup: Removed cgroup /sys/fs/cgroup/uid_1082/pid_16908
04-20 04:29:55.016  1099  1490 D EGL_emulation: app_time_stats: avg=1000.40ms min=997.89ms max=1002.91ms count=2
04-20 04:29:55.309   590  1464 E TaskPersister: File error accessing recents directory (directory doesn't exist?).
04-20 04:29:56.551   590   745 D InetDiagMessage: Destroyed 0 sockets, proto=IPPROTO_TCP, family=AF_INET, states=14
04-20 04:29:56.552   590   745 D InetDiagMessage: Destroyed 0 sockets, proto=IPPROTO_TCP, family=AF_INET6, states=14
04-20 04:29:56.552   590   745 D InetDiagMessage: Destroyed live tcp sockets for uids={10142} in 2ms
04-20 04:29:56.553   590   745 D InetDiagMessage: Destroyed 0 sockets, proto=IPPROTO_TCP, family=AF_INET, states=14
04-20 04:29:56.553   590   745 D InetDiagMessage: Destroyed 0 sockets, proto=IPPROTO_TCP, family=AF_INET6, states=14
04-20 04:29:56.553   590   745 D InetDiagMessage: Destroyed live tcp sockets for uids={20142} in 2ms
04-20 04:29:57.016  1099  1490 D EGL_emulation: app_time_stats: avg=1000.01ms min=999.01ms max=1001.01ms count=2
04-20 04:29:58.019  1099  1490 D EGL_emulation: app_time_stats: avg=501.71ms min=16.57ms max=986.85ms count=2
04-20 04:29:59.750   397   397 W healthd : battery l=47 v=5000 t=25.0 h=2 st=4 c=900000 fc=3000000 cc=10 chg=a
04-20 04:30:00.005  1389  1552 I AiAiEcho: Predicting[0]:  [CONTEXT sampling_count=5 ]
04-20 04:30:00.005  1389  1552 I AiAiEcho: EchoTargets: 
04-20 04:30:00.005  1389  1552 I AiAiEcho: Filtered by AiAi flag check: 
04-20 04:30:00.005  1389  1552 I AiAiEcho: [CONTEXT ratelimit_period="10 SECONDS" ]
04-20 04:30:00.005  1389  1552 I AiAiEcho: Ranked targets strategy: SORT, count: 0, ranking metadata:  [CONTEXT ratelimit_period="10 SECONDS" ]
04-20 04:30:00.005  1389  1552 I AiAiEcho: #remoteViewsTwiddler: feature disabled.
04-20 04:30:00.006  1389  1552 I AiAiEcho: Predicting[0]:  [CONTEXT sampling_count=5 ]
04-20 04:30:00.006  1389  1552 I AiAiEcho: EchoTargets: 
04-20 04:30:00.006  1389  1552 I AiAiEcho: Filtered by AiAi flag check: 
04-20 04:30:00.006  1389  1552 I AiAiEcho: [CONTEXT ratelimit_period="10 SECONDS" ]
04-20 04:30:00.006  1389  1552 I AiAiEcho: Ranked targets strategy: SORT, count: 0, ranking metadata:  [CONTEXT ratelimit_period="10 SECONDS" ]
04-20 04:30:00.006  1389  1552 I AiAiEcho: #remoteViewsTwiddler: feature disabled.
04-20 04:30:00.007  1389  1552 I AiAiEcho: #postPredictionTargets: Sending updates to UISurface lockscreen with targets# 0 (types=[])
04-20 04:30:00.007  1389  1552 I AiAiEcho: #postPredictionTargets: Sending updates to UISurface home with targets# 0 (types=[])
04-20 04:30:00.011  1099  1099 D SsBaseTemplateCard: No text view can be set up
04-20 04:30:00.011  1099  1099 D SsBaseTemplateCard: Passed-in item info is null
04-20 04:30:00.011  1099  1099 D SsBaseTemplateCard: Passed-in item info is null
04-20 04:30:00.011  1099  1099 D SsBaseTemplateCard: Passed-in item info is null
04-20 04:30:00.011  1099  1099 I SsBaseTemplateCard: Secondary card pane is null
04-20 04:30:00.012   836   836 W PageIndicator: Total number of pages invalid: 0. Assuming 1 page.
04-20 04:30:00.014  1099  1490 D EGL_emulation: app_time_stats: avg=997.23ms min=994.96ms max=999.49ms count=2
