04-20 04:22:59.684 16981 17044 D TrafficStats: tagSocket(128) with statsTag=0xffffffff, statsUid=-1
04-20 04:22:59.750   397   397 W healthd : battery l=47 v=5000 t=25.0 h=2 st=4 c=900000 fc=3000000 cc=10 chg=a
04-20 04:23:00.007  1389  1552 I AiAiEcho: Predicting[0]:  [CONTEXT sampling_count=5 ]
04-20 04:23:00.007  1389  1552 I AiAiEcho: EchoTargets: 
04-20 04:23:00.007  1389  1552 I AiAiEcho: Filtered by AiAi flag check: 
04-20 04:23:00.007  1389  1552 I AiAiEcho: [CONTEXT ratelimit_period="10 SECONDS" ]
04-20 04:23:00.007  1389  1552 I AiAiEcho: Ranked targets strategy: SORT, count: 0, ranking metadata:  [CONTEXT ratelimit_period="10 SECONDS" ]
04-20 04:23:00.007  1389  1552 I AiAiEcho: #remoteViewsTwiddler: feature disabled.
04-20 04:23:00.007  1389  1552 I AiAiEcho: Predicting[0]:  [CONTEXT sampling_count=5 ]
04-20 04:23:00.007  1389  1552 I AiAiEcho: EchoTargets: 
04-20 04:23:00.007  1389  1552 I AiAiEcho: Filtered by AiAi flag check: 
04-20 04:23:00.007  1389  1552 I AiAiEcho: [CONTEXT ratelimit_period="10 SECONDS" ]
04-20 04:23:00.007  1389  1552 I AiAiEcho: Ranked targets strategy: SORT, count: 0, ranking metadata:  [CONTEXT ratelimit_period="10 SECONDS" ]
04-20 04:23:00.007  1389  1552 I AiAiEcho: #remoteViewsTwiddler: feature disabled.
04-20 04:23:00.008  1389  1552 I AiAiEcho: #postPredictionTargets: Sending updates to UISurface lockscreen with targets# 0 (types=[])
04-20 04:23:00.008  1389  1552 I AiAiEcho: #postPredictionTargets: Sending updates to UISurface home with targets# 0 (types=[])
04-20 04:23:00.010  1099  1099 D SsBaseTemplateCard: No text view can be set up
04-20 04:23:00.010  1099  1099 D SsBaseTemplateCard: Passed-in item info is null
04-20 04:23:00.010  1099  1099 D SsBaseTemplateCard: Passed-in item info is null
04-20 04:23:00.010  1099  1099 D SsBaseTemplateCard: Passed-in item info is null
04-20 04:23:00.010  1099  1099 I SsBaseTemplateCard: Secondary card pane is null
04-20 04:23:00.014   836   836 W PageIndicator: Total number of pages invalid: 0. Assuming 1 page.
04-20 04:23:00.019   836   978 D EGL_emulation: app_time_stats: avg=59993.89ms min=59993.89ms max=59993.89ms count=1
04-20 04:23:06.344 14705 14705 W adbd    : timeout expired while flushing socket, closing
04-20 04:23:07.572  1413  1753 I BistoHotwordHelper: (REDACTED) getHotwordActive::active query: %s, watch: %s, devices connected: %s
04-20 04:23:48.159   590   738 E WifiScoringParams: Invalid frequency(-1), using 5G as default rssi array
04-20 04:23:51.951   590   966 D WifiNl80211Manager: Scan result ready event
04-20 04:23:51.951   590   966 D WifiNative: Scan result ready event
04-20 04:23:51.958   590   738 I HalDevMgr: bestIfaceCreationProposal is null, requestIface=STA, existingIface=[name=wlan0 type=STA]
04-20 04:23:59.748   397   397 W healthd : battery l=47 v=5000 t=25.0 h=2 st=4 c=900000 fc=3000000 cc=10 chg=a
04-20 04:24:00.007  1389  1552 I AiAiEcho: Predicting[0]:  [CONTEXT sampling_count=5 ]
04-20 04:24:00.007  1389  1552 I AiAiEcho: EchoTargets: 
04-20 04:24:00.007  1389  1552 I AiAiEcho: Filtered by AiAi flag check: 
04-20 04:24:00.007  1389  1552 I AiAiEcho: [CONTEXT ratelimit_period="10 SECONDS" ]
04-20 04:24:00.007  1389  1552 I AiAiEcho: Ranked targets strategy: SORT, count: 0, ranking metadata:  [CONTEXT ratelimit_period="10 SECONDS" ]
04-20 04:24:00.007  1389  1552 I AiAiEcho: #remoteViewsTwiddler: feature disabled.
04-20 04:24:00.007  1389  1552 I AiAiEcho: Predicting[0]:  [CONTEXT sampling_count=5 ]
04-20 04:24:00.007  1389  1552 I AiAiEcho: EchoTargets: 
04-20 04:24:00.007  1389  1552 I AiAiEcho: Filtered by AiAi flag check: 
04-20 04:24:00.007  1389  1552 I AiAiEcho: [CONTEXT ratelimit_period="10 SECONDS" ]
04-20 04:24:00.007  1389  1552 I AiAiEcho: Ranked targets strategy: SORT, count: 0, ranking metadata:  [CONTEXT ratelimit_period="10 SECONDS" ]
04-20 04:24:00.007  1389  1552 I AiAiEcho: #remoteViewsTwiddler: feature disabled.
04-20 04:24:00.008  1389  1552 I AiAiEcho: #postPredictionTargets: Sending updates to UISurface lockscreen with targets# 0 (types=[])
04-20 04:24:00.008  1389  1552 I AiAiEcho: #postPredictionTargets: Sending updates to UISurface home with targets# 0 (types=[])
04-20 04:24:00.010  1099  1099 D SsBaseTemplateCard: No text view can be set up
04-20 04:24:00.010  1099  1099 D SsBaseTemplateCard: Passed-in item info is null
04-20 04:24:00.010  1099  1099 D SsBaseTemplateCard: Passed-in item info is null
04-20 04:24:00.010  1099  1099 D SsBaseTemplateCard: Passed-in item info is null
04-20 04:24:00.010  1099  1099 I SsBaseTemplateCard: Secondary card pane is null
04-20 04:24:00.013   836   836 W PageIndicator: Total number of pages invalid: 0. Assuming 1 page.
04-20 04:24:00.030   836   978 D EGL_emulation: app_time_stats: avg=60010.69ms min=60010.69ms max=60010.69ms count=1
04-20 04:24:07.574  1413  2031 I BistoHotwordHelper: (REDACTED) getHotwordActive::active query: %s, watch: %s, devices connected: %s
04-20 04:24:48.446   388 17131 I resolv  : GetAddrInfoHandler::run: {0 786432 0 983040 10143 0}
04-20 04:24:48.447   937 17130 W gclk    : [{0}] Failed to resolve name. status={1}
04-20 04:24:59.749   397   397 W healthd : battery l=47 v=5000 t=25.0 h=2 st=4 c=900000 fc=3000000 cc=10 chg=a
04-20 04:25:00.006  1389  1552 I AiAiEcho: Predicting[0]:  [CONTEXT sampling_count=5 ]
04-20 04:25:00.006  1389  1552 I AiAiEcho: EchoTargets: 
04-20 04:25:00.006  1389  1552 I AiAiEcho: Filtered by AiAi flag check: 
04-20 04:25:00.006  1389  1552 I AiAiEcho: [CONTEXT ratelimit_period="10 SECONDS" ]
04-20 04:25:00.006  1389  1552 I AiAiEcho: Ranked targets strategy: SORT, count: 0, ranking metadata:  [CONTEXT ratelimit_period="10 SECONDS" ]
04-20 04:25:00.006  1389  1552 I AiAiEcho: #remoteViewsTwiddler: feature disabled.
04-20 04:25:00.006  1389  1552 I AiAiEcho: Predicting[0]:  [CONTEXT sampling_count=5 ]
04-20 04:25:00.006  1389  1552 I AiAiEcho: EchoTargets: 
04-20 04:25:00.006  1389  1552 I AiAiEcho: Filtered by AiAi flag check: 
04-20 04:25:00.006  1389  1552 I AiAiEcho: [CONTEXT ratelimit_period="10 SECONDS" ]
04-20 04:25:00.006  1389  1552 I AiAiEcho: Ranked targets strategy: SORT, count: 0, ranking metadata:  [CONTEXT ratelimit_period="10 SECONDS" ]
04-20 04:25:00.006  1389  1552 I AiAiEcho: #remoteViewsTwiddler: feature disabled.
04-20 04:25:00.007  1389  1552 I AiAiEcho: #postPredictionTargets: Sending updates to UISurface lockscreen with targets# 0 (types=[])
04-20 04:25:00.007  1389  1552 I AiAiEcho: #postPredictionTargets: Sending updates to UISurface home with targets# 0 (types=[])
04-20 04:25:00.008  1099  1099 D SsBaseTemplateCard: No text view can be set up
04-20 04:25:00.008  1099  1099 D SsBaseTemplateCard: Passed-in item info is null
04-20 04:25:00.008  1099  1099 D SsBaseTemplateCard: Passed-in item info is null
04-20 04:25:00.008  1099  1099 D SsBaseTemplateCard: Passed-in item info is null
04-20 04:25:00.008  1099  1099 I SsBaseTemplateCard: Secondary card pane is null
04-20 04:25:00.013   836   836 W PageIndicator: Total number of pages invalid: 0. Assuming 1 page.
04-20 04:25:00.028   836   978 D EGL_emulation: app_time_stats: avg=59997.71ms min=59997.71ms max=59997.71ms count=1
04-20 04:25:07.572  1413  2031 I BistoHotwordHelper: (REDACTED) getHotwordActive::active query: %s, watch: %s, devices connected: %s
04-20 04:25:59.751   397   397 W healthd : battery l=47 v=5000 t=25.0 h=2 st=4 c=900000 fc=3000000 cc=10 chg=a
04-20 04:26:00.005  1389  1552 I AiAiEcho: Predicting[0]:  [CONTEXT sampling_count=5 ]
04-20 04:26:00.005  1389  1552 I AiAiEcho: EchoTargets: 
04-20 04:26:00.005  1389  1552 I AiAiEcho: Filtered by AiAi flag check: 
04-20 04:26:00.005  1389  1552 I AiAiEcho: [CONTEXT ratelimit_period="10 SECONDS" ]
04-20 04:26:00.005  1389  1552 I AiAiEcho: Ranked targets strategy: SORT, count: 0, ranking metadata:  [CONTEXT ratelimit_period="10 SECONDS" ]
04-20 04:26:00.005  1389  1552 I AiAiEcho: #remoteViewsTwiddler: feature disabled.
04-20 04:26:00.005  1389  1552 I AiAiEcho: Predicting[0]:  [CONTEXT sampling_count=5 ]
04-20 04:26:00.005  1389  1552 I AiAiEcho: EchoTargets: 
04-20 04:26:00.005  1389  1552 I AiAiEcho: Filtered by AiAi flag check: 
04-20 04:26:00.005  1389  1552 I AiAiEcho: [CONTEXT ratelimit_period="10 SECONDS" ]
04-20 04:26:00.005  1389  1552 I AiAiEcho: Ranked targets strategy: SORT, count: 0, ranking metadata:  [CONTEXT ratelimit_period="10 SECONDS" ]
04-20 04:26:00.005  1389  1552 I AiAiEcho: #remoteViewsTwiddler: feature disabled.
04-20 04:26:00.006  1389  1552 I AiAiEcho: #postPredictionTargets: Sending updates to UISurface lockscreen with targets# 0 (types=[])
04-20 04:26:00.006  1389  1552 I AiAiEcho: #postPredictionTargets: Sending updates to UISurface home with targets# 0 (types=[])
04-20 04:26:00.007  1099  1099 D SsBaseTemplateCard: No text view can be set up
04-20 04:26:00.007  1099  1099 D SsBaseTemplateCard: Passed-in item info is null
04-20 04:26:00.007  1099  1099 D SsBaseTemplateCard: Passed-in item info is null
04-20 04:26:00.007  1099  1099 D SsBaseTemplateCard: Passed-in item info is null
04-20 04:26:00.007  1099  1099 I SsBaseTemplateCard: Secondary card pane is null
04-20 04:26:00.011   836   836 W PageIndicator: Total number of pages invalid: 0. Assuming 1 page.
04-20 04:26:00.028   836   978 D EGL_emulation: app_time_stats: avg=59999.59ms min=59999.59ms max=59999.59ms count=1
04-20 04:26:00.498 16981 17044 D TrafficStats: tagSocket(128) with statsTag=0xffffffff, statsUid=-1
04-20 04:26:00.499 16981 17044 D TrafficStats: tagSocket(129) with statsTag=0xffffffff, statsUid=-1
04-20 04:26:00.504 16981 17044 D TrafficStats: tagSocket(128) with statsTag=0xffffffff, statsUid=-1
04-20 04:26:00.505 16981 17044 D TrafficStats: tagSocket(129) with statsTag=0xffffffff, statsUid=-1
04-20 04:26:07.573  1413  2031 I BistoHotwordHelper: (REDACTED) getHotwordActive::active query: %s, watch: %s, devices connected: %s
04-20 04:26:28.210   590   738 E WifiScoringParams: Invalid frequency(-1), using 5G as default rssi array
04-20 04:26:30.531 16981 17044 D TrafficStats: tagSocket(128) with statsTag=0xffffffff, statsUid=-1
04-20 04:26:30.537 16981 17044 D TrafficStats: tagSocket(128) with statsTag=0xffffffff, statsUid=-1
04-20 04:26:30.540 16981 17044 D TrafficStats: tagSocket(128) with statsTag=0xffffffff, statsUid=-1
04-20 04:26:30.556 16981 16996 D EGL_emulation: app_time_stats: avg=70403.67ms min=13.11ms max=211160.02ms count=3
04-20 04:26:30.589 16981 17044 D TrafficStats: tagSocket(128) with statsTag=0xffffffff, statsUid=-1
04-20 04:26:30.593 16981 17044 D TrafficStats: tagSocket(128) with statsTag=0xffffffff, statsUid=-1
04-20 04:26:30.648 16981 17044 D TrafficStats: tagSocket(120) with statsTag=0xffffffff, statsUid=-1
04-20 04:26:30.662 16981 17044 D TrafficStats: tagSocket(120) with statsTag=0xffffffff, statsUid=-1
04-20 04:26:30.665 16981 17044 D TrafficStats: tagSocket(120) with statsTag=0xffffffff, statsUid=-1
04-20 04:26:30.722 16981 17044 D TrafficStats: tagSocket(5) with statsTag=0xffffffff, statsUid=-1
04-20 04:26:30.737 16981 17044 D TrafficStats: tagSocket(5) with statsTag=0xffffffff, statsUid=-1
04-20 04:26:30.743 16981 17044 D TrafficStats: tagSocket(5) with statsTag=0xffffffff, statsUid=-1
04-20 04:26:30.757 16981 17044 D TrafficStats: tagSocket(5) with statsTag=0xffffffff, statsUid=-1
04-20 04:26:30.764 16981 17044 D TrafficStats: tagSocket(5) with statsTag=0xffffffff, statsUid=-1
04-20 04:26:30.778 16981 17044 D TrafficStats: tagSocket(5) with statsTag=0xffffffff, statsUid=-1
04-20 04:26:30.781 16981 17044 D TrafficStats: tagSocket(5) with statsTag=0xffffffff, statsUid=-1
04-20 04:26:30.836 16981 17044 D TrafficStats: tagSocket(129) with statsTag=0xffffffff, statsUid=-1
04-20 04:26:30.849 16981 17044 D TrafficStats: tagSocket(129) with statsTag=0xffffffff, statsUid=-1
04-20 04:26:30.852 16981 17044 D TrafficStats: tagSocket(129) with statsTag=0xffffffff, statsUid=-1
04-20 04:26:30.907 16981 17044 D TrafficStats: tagSocket(128) with statsTag=0xffffffff, statsUid=-1
04-20 04:26:30.922 16981 17044 D TrafficStats: tagSocket(128) with statsTag=0xffffffff, statsUid=-1
04-20 04:26:30.924 16981 17044 D TrafficStats: tagSocket(128) with statsTag=0xffffffff, statsUid=-1
04-20 04:26:30.978 16981 17044 D TrafficStats: tagSocket(116) with statsTag=0xffffffff, statsUid=-1
04-20 04:26:30.991 16981 17044 D TrafficStats: tagSocket(116) with statsTag=0xffffffff, statsUid=-1
04-20 04:26:30.994 16981 17044 D TrafficStats: tagSocket(116) with statsTag=0xffffffff, statsUid=-1
04-20 04:26:31.050 16981 17044 D TrafficStats: tagSocket(120) with statsTag=0xffffffff, statsUid=-1
04-20 04:26:31.066 16981 17044 D TrafficStats: tagSocket(120) with statsTag=0xffffffff, statsUid=-1
04-20 04:26:31.070 16981 17044 D TrafficStats: tagSocket(120) with statsTag=0xffffffff, statsUid=-1
04-20 04:26:31.083 16981 17044 D TrafficStats: tagSocket(125) with statsTag=0xffffffff, statsUid=-1
04-20 04:26:31.085 16981 17044 D TrafficStats: tagSocket(134) with statsTag=0xffffffff, statsUid=-1
04-20 04:26:31.139 16981 17044 D TrafficStats: tagSocket(131) with statsTag=0xffffffff, statsUid=-1
04-20 04:26:31.152 16981 17044 D TrafficStats: tagSocket(131) with statsTag=0xffffffff, statsUid=-1
04-20 04:26:31.155 16981 17044 D TrafficStats: tagSocket(131) with statsTag=0xffffffff, statsUid=-1
04-20 04:26:31.208 16981 17044 D TrafficStats: tagSocket(134) with statsTag=0xffffffff, statsUid=-1
04-20 04:26:31.222 16981 17044 D TrafficStats: tagSocket(134) with statsTag=0xffffffff, statsUid=-1
04-20 04:26:31.224 16981 17044 D TrafficStats: tagSocket(156) with statsTag=0xffffffff, statsUid=-1
04-20 04:26:31.281 16981 17044 D TrafficStats: tagSocket(132) with statsTag=0xffffffff, statsUid=-1
04-20 04:26:31.295 16981 17044 D TrafficStats: tagSocket(132) with statsTag=0xffffffff, statsUid=-1
04-20 04:26:31.301 16981 17044 D TrafficStats: tagSocket(132) with statsTag=0xffffffff, statsUid=-1
04-20 04:26:31.357 16981 17044 D TrafficStats: tagSocket(5) with statsTag=0xffffffff, statsUid=-1
04-20 04:26:31.373 16981 17044 D TrafficStats: tagSocket(5) with statsTag=0xffffffff, statsUid=-1
04-20 04:26:31.376 16981 17044 D TrafficStats: tagSocket(5) with statsTag=0xffffffff, statsUid=-1
04-20 04:26:31.431 16981 17044 D TrafficStats: tagSocket(129) with statsTag=0xffffffff, statsUid=-1
04-20 04:26:31.447 16981 17044 D TrafficStats: tagSocket(129) with statsTag=0xffffffff, statsUid=-1
04-20 04:26:31.454 16981 17044 D TrafficStats: tagSocket(129) with statsTag=0xffffffff, statsUid=-1
04-20 04:26:31.469 16981 17044 D TrafficStats: tagSocket(128) with statsTag=0xffffffff, statsUid=-1
04-20 04:26:31.472 16981 17044 D TrafficStats: tagSocket(128) with statsTag=0xffffffff, statsUid=-1
04-20 04:26:31.526 16981 17044 D TrafficStats: tagSocket(116) with statsTag=0xffffffff, statsUid=-1
04-20 04:26:31.542 16981 17044 D TrafficStats: tagSocket(116) with statsTag=0xffffffff, statsUid=-1
04-20 04:26:31.545 16981 17044 D TrafficStats: tagSocket(116) with statsTag=0xffffffff, statsUid=-1
04-20 04:26:31.561 16981 16996 D EGL_emulation: app_time_stats: avg=50.22ms min=16.18ms max=83.87ms count=20
04-20 04:26:31.601 16981 17044 D TrafficStats: tagSocket(120) with statsTag=0xffffffff, statsUid=-1
04-20 04:26:31.616 16981 17044 D TrafficStats: tagSocket(120) with statsTag=0xffffffff, statsUid=-1
04-20 04:26:31.621 16981 17044 D TrafficStats: tagSocket(147) with statsTag=0xffffffff, statsUid=-1
04-20 04:26:31.676 16981 17044 D TrafficStats: tagSocket(131) with statsTag=0xffffffff, statsUid=-1
04-20 04:26:31.692 16981 17044 D TrafficStats: tagSocket(131) with statsTag=0xffffffff, statsUid=-1
04-20 04:26:31.697 16981 17044 D TrafficStats: tagSocket(147) with statsTag=0xffffffff, statsUid=-1
04-20 04:26:31.753 16981 17044 D TrafficStats: tagSocket(134) with statsTag=0xffffffff, statsUid=-1
04-20 04:26:31.767 16981 17044 D TrafficStats: tagSocket(134) with statsTag=0xffffffff, statsUid=-1
04-20 04:26:31.773 16981 17044 D TrafficStats: tagSocket(147) with statsTag=0xffffffff, statsUid=-1
04-20 04:26:31.828 16981 17044 D TrafficStats: tagSocket(5) with statsTag=0xffffffff, statsUid=-1
04-20 04:26:31.844 16981 17044 D TrafficStats: tagSocket(5) with statsTag=0xffffffff, statsUid=-1
04-20 04:26:31.847 16981 17044 D TrafficStats: tagSocket(5) with statsTag=0xffffffff, statsUid=-1
04-20 04:26:31.903 16981 17044 D TrafficStats: tagSocket(129) with statsTag=0xffffffff, statsUid=-1
04-20 04:26:31.919 16981 17044 D TrafficStats: tagSocket(129) with statsTag=0xffffffff, statsUid=-1
04-20 04:26:31.923 16981 17044 D TrafficStats: tagSocket(129) with statsTag=0xffffffff, statsUid=-1
04-20 04:26:31.978 16981 17044 D TrafficStats: tagSocket(116) with statsTag=0xffffffff, statsUid=-1
04-20 04:26:31.995 16981 17044 D TrafficStats: tagSocket(116) with statsTag=0xffffffff, statsUid=-1
04-20 04:26:31.997 16981 17044 D TrafficStats: tagSocket(116) with statsTag=0xffffffff, statsUid=-1
04-20 04:26:32.017   590   966 D WifiNl80211Manager: Scan result ready event
04-20 04:26:32.017   590   966 D WifiNative: Scan result ready event
04-20 04:26:32.019   590   738 I HalDevMgr: bestIfaceCreationProposal is null, requestIface=STA, existingIface=[name=wlan0 type=STA]
04-20 04:26:32.053 16981 17044 D TrafficStats: tagSocket(120) with statsTag=0xffffffff, statsUid=-1
04-20 04:26:32.068 16981 17044 D TrafficStats: tagSocket(120) with statsTag=0xffffffff, statsUid=-1
04-20 04:26:32.073 16981 17044 D TrafficStats: tagSocket(147) with statsTag=0xffffffff, statsUid=-1
04-20 04:26:32.128 16981 17044 D TrafficStats: tagSocket(131) with statsTag=0xffffffff, statsUid=-1
04-20 04:26:32.143 16981 17044 D TrafficStats: tagSocket(131) with statsTag=0xffffffff, statsUid=-1
04-20 04:26:32.149 16981 17044 D TrafficStats: tagSocket(166) with statsTag=0xffffffff, statsUid=-1
04-20 04:26:32.166 16981 17044 D TrafficStats: tagSocket(134) with statsTag=0xffffffff, statsUid=-1
04-20 04:26:32.183 16981 17044 D TrafficStats: tagSocket(132) with statsTag=0xffffffff, statsUid=-1
04-20 04:26:32.498 16981 17044 D TrafficStats: tagSocket(132) with statsTag=0xffffffff, statsUid=-1
04-20 04:26:32.504 16981 17044 D TrafficStats: tagSocket(132) with statsTag=0xffffffff, statsUid=-1
04-20 04:26:32.510 16981 17044 D TrafficStats: tagSocket(132) with statsTag=0xffffffff, statsUid=-1
04-20 04:26:32.556 16981 17044 D TrafficStats: tagSocket(5) with statsTag=0xffffffff, statsUid=-1
04-20 04:26:32.559 16981 17044 D TrafficStats: tagSocket(168) with statsTag=0xffffffff, statsUid=-1
04-20 04:26:32.579 16981 16996 D EGL_emulation: app_time_stats: avg=67.83ms min=17.21ms max=354.52ms count=15
04-20 04:26:32.617 16981 17044 D TrafficStats: tagSocket(128) with statsTag=0xffffffff, statsUid=-1
04-20 04:26:32.631 16981 17044 D TrafficStats: tagSocket(128) with statsTag=0xffffffff, statsUid=-1
04-20 04:26:32.633 16981 17044 D TrafficStats: tagSocket(128) with statsTag=0xffffffff, statsUid=-1
04-20 04:26:32.695 16981 17044 D TrafficStats: tagSocket(120) with statsTag=0xffffffff, statsUid=-1
04-20 04:26:32.710 16981 17044 D TrafficStats: tagSocket(120) with statsTag=0xffffffff, statsUid=-1
04-20 04:26:32.716 16981 17044 D TrafficStats: tagSocket(120) with statsTag=0xffffffff, statsUid=-1
04-20 04:26:32.731 16981 17044 D TrafficStats: tagSocket(125) with statsTag=0xffffffff, statsUid=-1
04-20 04:26:32.733 16981 17044 D TrafficStats: tagSocket(125) with statsTag=0xffffffff, statsUid=-1
04-20 04:26:32.789 16981 17044 D TrafficStats: tagSocket(128) with statsTag=0xffffffff, statsUid=-1
04-20 04:26:32.803 16981 17044 D TrafficStats: tagSocket(128) with statsTag=0xffffffff, statsUid=-1
04-20 04:26:32.806 16981 17044 D TrafficStats: tagSocket(128) with statsTag=0xffffffff, statsUid=-1
04-20 04:26:32.861 16981 17044 D TrafficStats: tagSocket(131) with statsTag=0xffffffff, statsUid=-1
04-20 04:26:32.875 16981 17044 D TrafficStats: tagSocket(131) with statsTag=0xffffffff, statsUid=-1
04-20 04:26:32.878 16981 17044 D TrafficStats: tagSocket(131) with statsTag=0xffffffff, statsUid=-1
04-20 04:26:32.934 16981 17044 D TrafficStats: tagSocket(134) with statsTag=0xffffffff, statsUid=-1
04-20 04:26:32.948 16981 17044 D TrafficStats: tagSocket(134) with statsTag=0xffffffff, statsUid=-1
04-20 04:26:32.950 16981 17044 D TrafficStats: tagSocket(134) with statsTag=0xffffffff, statsUid=-1
04-20 04:26:33.006 16981 17044 D TrafficStats: tagSocket(5) with statsTag=0xffffffff, statsUid=-1
04-20 04:26:33.021 16981 17044 D TrafficStats: tagSocket(5) with statsTag=0xffffffff, statsUid=-1
04-20 04:26:33.023 16981 17044 D TrafficStats: tagSocket(5) with statsTag=0xffffffff, statsUid=-1
04-20 04:26:33.078 16981 17044 D TrafficStats: tagSocket(129) with statsTag=0xffffffff, statsUid=-1
04-20 04:26:33.092 16981 17044 D TrafficStats: tagSocket(129) with statsTag=0xffffffff, statsUid=-1
04-20 04:26:33.094 16981 17044 D TrafficStats: tagSocket(129) with statsTag=0xffffffff, statsUid=-1
04-20 04:26:33.148 16981 17044 D TrafficStats: tagSocket(132) with statsTag=0xffffffff, statsUid=-1
04-20 04:26:33.163 16981 17044 D TrafficStats: tagSocket(132) with statsTag=0xffffffff, statsUid=-1
04-20 04:26:33.166 16981 17044 D TrafficStats: tagSocket(132) with statsTag=0xffffffff, statsUid=-1
04-20 04:26:33.222 16981 17044 D TrafficStats: tagSocket(116) with statsTag=0xffffffff, statsUid=-1
04-20 04:26:33.236 16981 17044 D TrafficStats: tagSocket(116) with statsTag=0xffffffff, statsUid=-1
04-20 04:26:33.239 16981 17044 D TrafficStats: tagSocket(116) with statsTag=0xffffffff, statsUid=-1
04-20 04:26:33.294 16981 17044 D TrafficStats: tagSocket(120) with statsTag=0xffffffff, statsUid=-1
04-20 04:26:33.309 16981 17044 D TrafficStats: tagSocket(120) with statsTag=0xffffffff, statsUid=-1
04-20 04:26:33.316 16981 17044 D TrafficStats: tagSocket(120) with statsTag=0xffffffff, statsUid=-1
04-20 04:26:33.331 16981 17044 D TrafficStats: tagSocket(125) with statsTag=0xffffffff, statsUid=-1
04-20 04:26:33.334 16981 17044 D TrafficStats: tagSocket(125) with statsTag=0xffffffff, statsUid=-1
04-20 04:26:33.389 16981 17044 D TrafficStats: tagSocket(128) with statsTag=0xffffffff, statsUid=-1
04-20 04:26:33.397   388 17134 I resolv  : GetAddrInfoHandler::run: {0 786432 0 983040 10143 0}
04-20 04:26:33.398   937 17133 W gclk    : [{0}] Failed to resolve name. status={1}
04-20 04:26:33.403 16981 17044 D TrafficStats: tagSocket(128) with statsTag=0xffffffff, statsUid=-1
04-20 04:26:33.417 16981 17044 D TrafficStats: tagSocket(131) with statsTag=0xffffffff, statsUid=-1
04-20 04:26:33.752 16981 17044 D TrafficStats: tagSocket(131) with statsTag=0xffffffff, statsUid=-1
04-20 04:26:33.757 16981 17044 D TrafficStats: tagSocket(131) with statsTag=0xffffffff, statsUid=-1
04-20 04:26:33.762 17053 17073 I ReactNativeJS: '[runtime-state-sync-apply]', '{"direction":"master-to-slave","incomingSliceNames":["kernel.base.tcp-control-runtime-v2.identity"],"appliedSliceNames":["kernel.base.tcp-control-runtime-v2.identity"],"skippedSliceReasons":[]}'
04-20 04:26:33.763 16981 17004 I assembly.assembly.android.mixc-retail-rn84.transport.http.HttpRuntime: [transport.http] HTTP request started: kernel.base.tcp-control-runtime-v2.activate-terminal {"endpointName":"kernel.base.tcp-control-runtime-v2.activate-terminal","serverName":"mock-terminal-platform","addressName":"local","method":"POST","roundIndex":0,"attemptIndex":1}
04-20 04:26:33.764 17053 17074 I assembly.assembly.android.mixc-retail-rn84: [assembly.topology] Native topology host already matches desired lifecycle state {"displayCount":2,"displayIndex":1,"deviceId":"J9RZPWR3HK","instanceMode":"SLAVE","enableSlave":false,"running":false,"reason":"not-master-or-single-primary-host"}
04-20 04:26:33.764 16981 17004 I assembly.assembly.android.mixc-retail-rn84: [assembly.topology] Native topology host already matches desired lifecycle state {"displayCount":2,"displayIndex":0,"deviceId":"J9RZPWR3HK","instanceMode":"MASTER","enableSlave":true,"running":false,"reason":"not-master-or-single-primary-host"}
04-20 04:26:33.765 17053 17074 I assembly.assembly.android.mixc-retail-rn84: [assembly.topology] Native topology host already matches desired lifecycle state {"displayCount":2,"displayIndex":1,"deviceId":"J9RZPWR3HK","instanceMode":"SLAVE","enableSlave":false,"running":false,"reason":"not-master-or-single-primary-host"}
04-20 04:26:33.765 16981 17004 I MMKV    : <MMKV_IO.cpp:609::writeActualSize> [mixc-retail-assembly-rn84::state] increase sequence to 32, crc 3963797606, actualSize 14483
04-20 04:26:33.765 16981 17004 I MMKV    : <MMKV.cpp:1208::sync> MMKV::sync, SyncFlag = 1
04-20 04:26:33.766 16981 17135 D TrafficStats: tagSocket(147) with statsTag=0xffffffff, statsUid=-1
04-20 04:26:33.768 16981 17004 I assembly.assembly.android.mixc-retail-rn84: [assembly.topology] Native topology host already matches desired lifecycle state {"displayCount":2,"displayIndex":0,"deviceId":"J9RZPWR3HK","instanceMode":"MASTER","enableSlave":true,"running":false,"reason":"not-master-or-single-primary-host"}
04-20 04:26:33.768 16981 17004 I assembly.assembly.android.mixc-retail-rn84: [assembly.topology] Native topology host already matches desired lifecycle state {"displayCount":2,"displayIndex":0,"deviceId":"J9RZPWR3HK","instanceMode":"MASTER","enableSlave":true,"running":false,"reason":"not-master-or-single-primary-host"}
04-20 04:26:33.768 16981 17004 I assembly.assembly.android.mixc-retail-rn84: [assembly.topology] Native topology host already matches desired lifecycle state {"displayCount":2,"displayIndex":0,"deviceId":"J9RZPWR3HK","instanceMode":"MASTER","enableSlave":true,"running":false,"reason":"not-master-or-single-primary-host"}
04-20 04:26:33.771 16981 17044 D TrafficStats: tagSocket(131) with statsTag=0xffffffff, statsUid=-1
04-20 04:26:33.777 16981 17004 I assembly.assembly.android.mixc-retail-rn84.transport.http.HttpRuntime: [transport.http] HTTP request completed: kernel.base.tcp-control-runtime-v2.activate-terminal {"endpointName":"kernel.base.tcp-control-runtime-v2.activate-terminal","serverName":"mock-terminal-platform","addressName":"local","status":201}
04-20 04:26:33.779 16981 17003 I ReactNativeJS: '[tcp-activation-state-written]', '{"nodeId":"master:J9RZPWR3HK","sandboxId":"sandbox-kernel-base-test","terminalId":"terminal_lzjr5zsej3ee","bindingKeys":["platformId","tenantId","brandId","projectId","storeId","profileId","templateId"],"activatedAt":1776630393777}'
04-20 04:26:33.779 16981 16996 D EGL_emulation: app_time_stats: avg=75.01ms min=17.63ms max=367.86ms count=16
04-20 04:26:33.780 16981 17003 I ReactNativeJS: '[assembly.android.mixc-retail-rn84.websocket] connect', { url: 'ws://127.0.0.1:5810/api/v1/tdp/ws/connect?sandboxId=sandbox-kernel-base-test&terminalId=terminal_lzjr5zsej3ee&token=token_rqu6k0ohj3ef',
04-20 04:26:33.780 16981 17003 I ReactNativeJS:   protocol: 'ws',
04-20 04:26:33.780 16981 17003 I ReactNativeJS:   host: '127.0.0.1:5810',
04-20 04:26:33.780 16981 17003 I ReactNativeJS:   pathname: '/api/v1/tdp/ws/connect' }
04-20 04:26:33.780 16981 17004 I assembly.assembly.android.mixc-retail-rn84.transport.ws.SocketRuntime: [transport.ws] Socket connect started: kernel.base.tdp-sync-runtime-v2.socket {"profileName":"kernel.base.tdp-sync-runtime-v2.socket","serverName":"mock-terminal-platform","addressName":"local"}
04-20 04:26:33.782 16981 17136 D TrafficStats: tagSocket(134) with statsTag=0xffffffff, statsUid=-1
04-20 04:26:33.787 16981 17004 I assembly.assembly.android.mixc-retail-rn84: [assembly.topology] Native topology host already matches desired lifecycle state {"displayCount":2,"displayIndex":0,"deviceId":"J9RZPWR3HK","instanceMode":"MASTER","enableSlave":true,"running":false,"reason":"not-master-or-single-primary-host"}
04-20 04:26:33.788 16981 17004 I MMKV    : <MMKV_IO.cpp:609::writeActualSize> [mixc-retail-assembly-rn84::state] increase sequence to 33, crc 690620484, actualSize 14487
04-20 04:26:33.788 16981 17004 I MMKV    : <MMKV.cpp:1208::sync> MMKV::sync, SyncFlag = 1
04-20 04:26:33.790 16981 17004 I assembly.assembly.android.mixc-retail-rn84: [assembly.topology] Native topology host already matches desired lifecycle state {"displayCount":2,"displayIndex":0,"deviceId":"J9RZPWR3HK","instanceMode":"MASTER","enableSlave":true,"running":false,"reason":"not-master-or-single-primary-host"}
04-20 04:26:33.791 16981 17004 I assembly.assembly.android.mixc-retail-rn84: [assembly.topology] Native topology host already matches desired lifecycle state {"displayCount":2,"displayIndex":0,"deviceId":"J9RZPWR3HK","instanceMode":"MASTER","enableSlave":true,"running":false,"reason":"not-master-or-single-primary-host"}
04-20 04:26:33.791 16981 17004 I assembly.assembly.android.mixc-retail-rn84: [assembly.topology] Native topology host already matches desired lifecycle state {"displayCount":2,"displayIndex":0,"deviceId":"J9RZPWR3HK","instanceMode":"MASTER","enableSlave":true,"running":false,"reason":"not-master-or-single-primary-host"}
04-20 04:26:33.792 16981 17004 I assembly.assembly.android.mixc-retail-rn84: [assembly.topology] Native topology host already matches desired lifecycle state {"displayCount":2,"displayIndex":0,"deviceId":"J9RZPWR3HK","instanceMode":"MASTER","enableSlave":true,"running":false,"reason":"not-master-or-single-primary-host"}
04-20 04:26:33.792 16981 17004 I assembly.assembly.android.mixc-retail-rn84: [assembly.topology] Native topology host already matches desired lifecycle state {"displayCount":2,"displayIndex":0,"deviceId":"J9RZPWR3HK","instanceMode":"MASTER","enableSlave":true,"running":false,"reason":"not-master-or-single-primary-host"}
04-20 04:26:33.793 16981 17004 I assembly.assembly.android.mixc-retail-rn84: [assembly.topology] Native topology host already matches desired lifecycle state {"displayCount":2,"displayIndex":0,"deviceId":"J9RZPWR3HK","instanceMode":"MASTER","enableSlave":true,"running":false,"reason":"not-master-or-single-primary-host"}
04-20 04:26:33.793 16981 17004 I assembly.assembly.android.mixc-retail-rn84: [assembly.topology] Native topology host already matches desired lifecycle state {"displayCount":2,"displayIndex":0,"deviceId":"J9RZPWR3HK","instanceMode":"MASTER","enableSlave":true,"running":false,"reason":"not-master-or-single-primary-host"}
04-20 04:26:33.794 16981 17004 I assembly.assembly.android.mixc-retail-rn84: [assembly.topology] Native topology host already matches desired lifecycle state {"displayCount":2,"displayIndex":0,"deviceId":"J9RZPWR3HK","instanceMode":"MASTER","enableSlave":true,"running":false,"reason":"not-master-or-single-primary-host"}
04-20 04:26:33.795 16981 17004 I MMKV    : <MMKV_IO.cpp:609::writeActualSize> [mixc-retail-assembly-rn84::secure-state] increase sequence to 1, crc 811200775, actualSize 4
04-20 04:26:33.797 16981 17004 I MMKV    : <MMKV_IO.cpp:609::writeActualSize> [mixc-retail-assembly-rn84::state] increase sequence to 34, crc 270855989, actualSize 16319
04-20 04:26:33.797 16981 17004 I MMKV    : <MMKV.cpp:1208::sync> MMKV::sync, SyncFlag = 1
04-20 04:26:33.800 16981 17004 I MMKV    : <MMKV_IO.cpp:609::writeActualSize> [mixc-retail-assembly-rn84::state] increase sequence to 35, crc 2021409169, actualSize 16386
04-20 04:26:33.800 16981 17004 I MMKV    : <MMKV.cpp:1208::sync> MMKV::sync, SyncFlag = 1
04-20 04:26:33.803 16981 17004 I MMKV    : <MMKV_IO.cpp:609::writeActualSize> [mixc-retail-assembly-rn84::state] increase sequence to 36, crc 1144389651, actualSize 16386
04-20 04:26:33.803 16981 17004 I MMKV    : <MMKV.cpp:1208::sync> MMKV::sync, SyncFlag = 1
04-20 04:26:33.805 17053 17073 I ReactNativeJS: '[runtime-state-sync-apply]', '{"direction":"master-to-slave","incomingSliceNames":["kernel.base.tcp-control-runtime-v2.sandbox"],"appliedSliceNames":["kernel.base.tcp-control-runtime-v2.sandbox"],"skippedSliceReasons":[]}'
04-20 04:26:33.805 16981 17004 I assembly.assembly.android.mixc-retail-rn84: [assembly.topology] Native topology host already matches desired lifecycle state {"displayCount":2,"displayIndex":0,"deviceId":"J9RZPWR3HK","instanceMode":"MASTER","enableSlave":true,"running":false,"reason":"not-master-or-single-primary-host"}
04-20 04:26:33.806 17053 17074 I assembly.assembly.android.mixc-retail-rn84: [assembly.topology] Native topology host already matches desired lifecycle state {"displayCount":2,"displayIndex":1,"deviceId":"J9RZPWR3HK","instanceMode":"SLAVE","enableSlave":false,"running":false,"reason":"not-master-or-single-primary-host"}
04-20 04:26:33.806 17053 17074 I assembly.assembly.android.mixc-retail-rn84: [assembly.topology] Native topology host already matches desired lifecycle state {"displayCount":2,"displayIndex":1,"deviceId":"J9RZPWR3HK","instanceMode":"SLAVE","enableSlave":false,"running":false,"reason":"not-master-or-single-primary-host"}
04-20 04:26:33.806 17053 17073 I ReactNativeJS: '[runtime-state-sync-apply]', '{"direction":"master-to-slave","incomingSliceNames":["kernel.base.tcp-control-runtime-v2.identity"],"appliedSliceNames":["kernel.base.tcp-control-runtime-v2.identity"],"skippedSliceReasons":[]}'
04-20 04:26:33.808 17053 17074 I assembly.assembly.android.mixc-retail-rn84: [assembly.topology] Native topology host already matches desired lifecycle state {"displayCount":2,"displayIndex":1,"deviceId":"J9RZPWR3HK","instanceMode":"SLAVE","enableSlave":false,"running":false,"reason":"not-master-or-single-primary-host"}
04-20 04:26:33.808 17053 17074 I assembly.assembly.android.mixc-retail-rn84: [assembly.topology] Native topology host already matches desired lifecycle state {"displayCount":2,"displayIndex":1,"deviceId":"J9RZPWR3HK","instanceMode":"SLAVE","enableSlave":false,"running":false,"reason":"not-master-or-single-primary-host"}
04-20 04:26:33.808 17053 17073 I ReactNativeJS: '[runtime-state-sync-apply]', '{"direction":"master-to-slave","incomingSliceNames":["kernel.base.tcp-control-runtime-v2.credential"],"appliedSliceNames":["kernel.base.tcp-control-runtime-v2.credential"],"skippedSliceReasons":[]}'
04-20 04:26:33.809 17053 17138 D TrafficStats: tagSocket(5) with statsTag=0xffffffff, statsUid=-1
04-20 04:26:33.810 16981 17004 I MMKV    : <MMKV_IO.cpp:609::writeActualSize> [mixc-retail-assembly-rn84::state] increase sequence to 37, crc 2748800104, actualSize 16386
04-20 04:26:33.810 16981 17004 I MMKV    : <MMKV.cpp:1208::sync> MMKV::sync, SyncFlag = 1
04-20 04:26:33.812 17053 17074 I assembly.assembly.android.mixc-retail-rn84: [assembly.topology] Native topology host already matches desired lifecycle state {"displayCount":2,"displayIndex":1,"deviceId":"J9RZPWR3HK","instanceMode":"SLAVE","enableSlave":false,"running":false,"reason":"not-master-or-single-primary-host"}
04-20 04:26:33.812 17053 17074 I assembly.assembly.android.mixc-retail-rn84: [assembly.topology] Native topology host already matches desired lifecycle state {"displayCount":2,"displayIndex":1,"deviceId":"J9RZPWR3HK","instanceMode":"SLAVE","enableSlave":false,"running":false,"reason":"not-master-or-single-primary-host"}
04-20 04:26:33.812 17053 17073 I ReactNativeJS: '[runtime-state-sync-apply]', '{"direction":"master-to-slave","incomingSliceNames":["kernel.base.tcp-control-runtime-v2.binding"],"appliedSliceNames":["kernel.base.tcp-control-runtime-v2.binding"],"skippedSliceReasons":[]}'
04-20 04:26:33.814 17053 17073 I ReactNativeJS: '[runtime-state-sync-apply]', '{"direction":"master-to-slave","incomingSliceNames":["kernel.base.ui-runtime-v2.screen.main"],"appliedSliceNames":["kernel.base.ui-runtime-v2.screen.main"],"skippedSliceReasons":[]}'
04-20 04:26:33.814 17053 17074 I assembly.assembly.android.mixc-retail-rn84: [assembly.topology] Native topology host already matches desired lifecycle state {"displayCount":2,"displayIndex":1,"deviceId":"J9RZPWR3HK","instanceMode":"SLAVE","enableSlave":false,"running":false,"reason":"not-master-or-single-primary-host"}
04-20 04:26:33.814 17053 17074 I assembly.assembly.android.mixc-retail-rn84: [assembly.topology] Native topology host already matches desired lifecycle state {"displayCount":2,"displayIndex":1,"deviceId":"J9RZPWR3HK","instanceMode":"SLAVE","enableSlave":false,"running":false,"reason":"not-master-or-single-primary-host"}
04-20 04:26:33.815 17053 17073 I ReactNativeJS: '[runtime-state-sync-apply]', '{"direction":"master-to-slave","incomingSliceNames":["kernel.base.ui-runtime-v2.screen.main"],"appliedSliceNames":["kernel.base.ui-runtime-v2.screen.main"],"skippedSliceReasons":[]}'
04-20 04:26:33.815 17053 17074 I assembly.assembly.android.mixc-retail-rn84: [assembly.topology] Native topology host already matches desired lifecycle state {"displayCount":2,"displayIndex":1,"deviceId":"J9RZPWR3HK","instanceMode":"SLAVE","enableSlave":false,"running":false,"reason":"not-master-or-single-primary-host"}
04-20 04:26:33.816 17053 17074 I assembly.assembly.android.mixc-retail-rn84: [assembly.topology] Native topology host already matches desired lifecycle state {"displayCount":2,"displayIndex":1,"deviceId":"J9RZPWR3HK","instanceMode":"SLAVE","enableSlave":false,"running":false,"reason":"not-master-or-single-primary-host"}
04-20 04:26:33.819 17053 17074 I assembly.assembly.android.mixc-retail-rn84: [assembly.topology] Native topology host already matches desired lifecycle state {"displayCount":2,"displayIndex":1,"deviceId":"J9RZPWR3HK","instanceMode":"SLAVE","enableSlave":false,"running":false,"reason":"not-master-or-single-primary-host"}
04-20 04:26:33.819 17053 17074 I assembly.assembly.android.mixc-retail-rn84: [assembly.topology] Native topology host already matches desired lifecycle state {"displayCount":2,"displayIndex":1,"deviceId":"J9RZPWR3HK","instanceMode":"SLAVE","enableSlave":false,"running":false,"reason":"not-master-or-single-primary-host"}
04-20 04:26:33.839 17053 17067 D EGL_emulation: app_time_stats: avg=54099.56ms min=0.74ms max=324492.34ms count=6
04-20 04:26:33.850 16981 17004 I assembly.assembly.android.mixc-retail-rn84: [assembly.topology] Native topology host already matches desired lifecycle state {"displayCount":2,"displayIndex":0,"deviceId":"J9RZPWR3HK","instanceMode":"MASTER","enableSlave":true,"running":false,"reason":"not-master-or-single-primary-host"}
04-20 04:26:33.851 16981 17004 I MMKV    : <MMKV_IO.cpp:609::writeActualSize> [mixc-retail-assembly-rn84::state] increase sequence to 38, crc 2793019262, actualSize 16386
04-20 04:26:33.851 16981 17004 I MMKV    : <MMKV.cpp:1208::sync> MMKV::sync, SyncFlag = 1
04-20 04:26:33.852 16981 17004 I assembly.assembly.android.mixc-retail-rn84: [assembly.topology] Native topology host already matches desired lifecycle state {"displayCount":2,"displayIndex":0,"deviceId":"J9RZPWR3HK","instanceMode":"MASTER","enableSlave":true,"running":false,"reason":"not-master-or-single-primary-host"}
04-20 04:26:33.853 16981 17004 I assembly.assembly.android.mixc-retail-rn84: [assembly.topology] Native topology host already matches desired lifecycle state {"displayCount":2,"displayIndex":0,"deviceId":"J9RZPWR3HK","instanceMode":"MASTER","enableSlave":true,"running":false,"reason":"not-master-or-single-primary-host"}
04-20 04:26:33.853 16981 17004 I assembly.assembly.android.mixc-retail-rn84: [assembly.topology] Native topology host already matches desired lifecycle state {"displayCount":2,"displayIndex":0,"deviceId":"J9RZPWR3HK","instanceMode":"MASTER","enableSlave":true,"running":false,"reason":"not-master-or-single-primary-host"}
04-20 04:26:33.855 16981 17004 I assembly.assembly.android.mixc-retail-rn84: [assembly.topology] Native topology host already matches desired lifecycle state {"displayCount":2,"displayIndex":0,"deviceId":"J9RZPWR3HK","instanceMode":"MASTER","enableSlave":true,"running":false,"reason":"not-master-or-single-primary-host"}
04-20 04:26:33.855 16981 17004 I assembly.assembly.android.mixc-retail-rn84: [assembly.topology] Native topology host already matches desired lifecycle state {"displayCount":2,"displayIndex":0,"deviceId":"J9RZPWR3HK","instanceMode":"MASTER","enableSlave":true,"running":false,"reason":"not-master-or-single-primary-host"}
04-20 04:26:33.856 16981 17004 I assembly.assembly.android.mixc-retail-rn84: [assembly.topology] Native topology host already matches desired lifecycle state {"displayCount":2,"displayIndex":0,"deviceId":"J9RZPWR3HK","instanceMode":"MASTER","enableSlave":true,"running":false,"reason":"not-master-or-single-primary-host"}
04-20 04:26:33.856 16981 17004 I assembly.assembly.android.mixc-retail-rn84: [assembly.topology] Native topology host already matches desired lifecycle state {"displayCount":2,"displayIndex":0,"deviceId":"J9RZPWR3HK","instanceMode":"MASTER","enableSlave":true,"running":false,"reason":"not-master-or-single-primary-host"}
04-20 04:26:33.858 16981 17004 I MMKV    : <MMKV_IO.cpp:609::writeActualSize> [mixc-retail-assembly-rn84::state] increase sequence to 39, crc 3456086788, actualSize 17119
04-20 04:26:33.858 16981 17004 I MMKV    : <MMKV.cpp:1208::sync> MMKV::sync, SyncFlag = 1
04-20 04:26:34.184 16981 17044 D TrafficStats: tagSocket(5) with statsTag=0xffffffff, statsUid=-1
04-20 04:26:34.189 16981 17044 D TrafficStats: tagSocket(5) with statsTag=0xffffffff, statsUid=-1
04-20 04:26:34.194 16981 17044 D TrafficStats: tagSocket(5) with statsTag=0xffffffff, statsUid=-1
04-20 04:26:34.199 16981 17044 D TrafficStats: tagSocket(5) with statsTag=0xffffffff, statsUid=-1
04-20 04:26:40.790 14705 14705 W adbd    : timeout expired while flushing socket, closing
04-20 04:26:40.815 14705 14705 W adbd    : timeout expired while flushing socket, closing
04-20 04:26:54.922   590   633 W BatteryExternalStatsWorker: error reading modem stats:ERROR_PHONE_NOT_AVAILABLE
04-20 04:26:54.924   590   966 W BatteryExternalStatsWorker: error reading Bluetooth stats: 11
04-20 04:26:59.747   397   397 W healthd : battery l=47 v=5000 t=25.0 h=2 st=4 c=900000 fc=3000000 cc=10 chg=a
04-20 04:27:00.004  1389  1552 I AiAiEcho: Predicting[0]:  [CONTEXT sampling_count=5 ]
04-20 04:27:00.004  1389  1552 I AiAiEcho: EchoTargets: 
04-20 04:27:00.004  1389  1552 I AiAiEcho: Filtered by AiAi flag check: 
04-20 04:27:00.004  1389  1552 I AiAiEcho: [CONTEXT ratelimit_period="10 SECONDS" ]
04-20 04:27:00.004  1389  1552 I AiAiEcho: Ranked targets strategy: SORT, count: 0, ranking metadata:  [CONTEXT ratelimit_period="10 SECONDS" ]
04-20 04:27:00.005  1389  1552 I AiAiEcho: #remoteViewsTwiddler: feature disabled.
04-20 04:27:00.005  1389  1552 I AiAiEcho: Predicting[0]:  [CONTEXT sampling_count=5 ]
04-20 04:27:00.005  1389  1552 I AiAiEcho: EchoTargets: 
04-20 04:27:00.005  1389  1552 I AiAiEcho: Filtered by AiAi flag check: 
04-20 04:27:00.005  1389  1552 I AiAiEcho: [CONTEXT ratelimit_period="10 SECONDS" ]
04-20 04:27:00.005  1389  1552 I AiAiEcho: Ranked targets strategy: SORT, count: 0, ranking metadata:  [CONTEXT ratelimit_period="10 SECONDS" ]
04-20 04:27:00.005  1389  1552 I AiAiEcho: #remoteViewsTwiddler: feature disabled.
04-20 04:27:00.005  1389  1552 I AiAiEcho: #postPredictionTargets: Sending updates to UISurface lockscreen with targets# 0 (types=[])
04-20 04:27:00.005  1389  1552 I AiAiEcho: #postPredictionTargets: Sending updates to UISurface home with targets# 0 (types=[])
04-20 04:27:00.007  1099  1099 D SsBaseTemplateCard: No text view can be set up
04-20 04:27:00.007  1099  1099 D SsBaseTemplateCard: Passed-in item info is null
04-20 04:27:00.007  1099  1099 D SsBaseTemplateCard: Passed-in item info is null
04-20 04:27:00.007  1099  1099 D SsBaseTemplateCard: Passed-in item info is null
04-20 04:27:00.007  1099  1099 I SsBaseTemplateCard: Secondary card pane is null
04-20 04:27:00.011   836   836 W PageIndicator: Total number of pages invalid: 0. Assuming 1 page.
04-20 04:27:00.027   836   978 D EGL_emulation: app_time_stats: avg=59999.13ms min=59999.13ms max=59999.13ms count=1
04-20 04:27:07.576  1413  1753 I BistoHotwordHelper: (REDACTED) getHotwordActive::active query: %s, watch: %s, devices connected: %s
04-20 04:27:08.333 17053 17110 D TrafficStats: tagSocket(141) with statsTag=0xffffffff, statsUid=-1
04-20 04:27:08.334 16981 17044 D TrafficStats: tagSocket(5) with statsTag=0xffffffff, statsUid=-1
04-20 04:27:08.338 17053 17110 D TrafficStats: tagSocket(141) with statsTag=0xffffffff, statsUid=-1
04-20 04:27:08.338 16981 17044 D TrafficStats: tagSocket(5) with statsTag=0xffffffff, statsUid=-1
04-20 04:27:08.527 16981 17044 D TrafficStats: tagSocket(5) with statsTag=0xffffffff, statsUid=-1
04-20 04:27:08.528 16981 17044 D TrafficStats: tagSocket(131) with statsTag=0xffffffff, statsUid=-1
04-20 04:27:08.536 16981 17044 D TrafficStats: tagSocket(5) with statsTag=0xffffffff, statsUid=-1
04-20 04:27:08.536 16981 17044 D TrafficStats: tagSocket(131) with statsTag=0xffffffff, statsUid=-1
04-20 04:27:08.700 16981 17044 D TrafficStats: tagSocket(5) with statsTag=0xffffffff, statsUid=-1
04-20 04:27:08.705 16981 17044 D TrafficStats: tagSocket(5) with statsTag=0xffffffff, statsUid=-1
