04-20 04:21:09.259 20885 20885 I GoogleInputMethodService: GoogleInputMethodService.initializeInputMethodServiceData():1382 initializeInputMethodServiceData for kct{languageTag=en-US, variant=qwerty, hasLocalizedResources=true, conditionCacheKey=_cache_additional_ime_defs_for_condition_change=false_cache_ime_defs_for_condition_change=false_device=tablet_device_size=large_enable_flick_symbols=false_enable_more_candidates_view_for_multilingual=false_enable_number_row=false_enable_preemptive_decode=true_enable_secondary_digits=true_enable_secondary_symbols=false_enable_show_foldable_layout_on_small_tablet=false_expressions=normal_four_or_more_letter_rows=false_keyboard_mode=normal_language=en-US_orientation=landscape_physical_keyboard=qwerty_rtl_layout=false_show_secondary_digits=true_show_suggestions=true_split_with_duplicate_keys=true_variant=qwerty, imeDef.stringId=ime_english_united_states, imeDef.className=com.google.android.apps.inputmethod.libs.latin5.LatinIme, imeDef.languageTag=en-US}
04-20 04:21:09.259 20885 20885 E GoogleInputMethodService: GoogleInputMethodService.getAppEditorInfo():2810 App EditorInfo should never be null.
04-20 04:21:09.263 20885 20885 I StyledKeyboardThemeBuilder: StyledKeyboardThemeBuilder.build():132 Pref: [], themeName: [silk:], darkMode: [false], cacheKey: [overlay_builtin_dynamic_color_light_base.binarypb:dynamic-gm3-light-fffefbff-ff495d92-88aedfe362701b9d56ce578190f21130]
04-20 04:21:09.263 20885 20885 I KeyboardThemeProvider: KeyboardThemeProvider.applyKeyboardTheme():27 Apply keyboard theme: theme_border_stylesheet_noshadow_pgsans_pillkey_silkpopup_light_tablet_large_keyboard_width_tablet_extra_large_navredesign_600_overlay_builtin_dynamic_color_light_base.binarypb:dynamic-gm3-light-fffefbff-ff495d92-88aedfe362701b9d56ce578190f21130_land
04-20 04:21:09.265 20885 20885 I AndroidIME: InputBundleManager.loadActiveInputBundleId():450 loadActiveInputBundleId: und-Latn-x-password, password
04-20 04:21:09.265 17053 17074 I assembly.kernel.base.runtime-shell-v2.application.KernelRuntimeAppV2: [runtime.load] kernel runtime app v2 started {"runtimeName":"assembly.android.mixc-retail-rn84","moduleDescriptors":[{"moduleName":"assembly.android.mixc-retail-rn84","packageVersion":"1.0.0","dependencies":[],"stateSliceNames":[],"commandNames":[],"actorKeys":["assembly.android.mixc-retail-rn84.AssemblyRuntimeInitializeActor"],"errorKeys":[],"parameterKeys":[],"hasInstall":true,"hasPreSetup":true},{"moduleName":"kernel.base.topology-runtime-v3","packageVersion":"0.0.1","dependencies":[],"stateSliceNames":["kernel.base.topology-runtime-v3.config","kernel.base.topology-runtime-v3.context","kernel.base.topology-runtime-v3.connection","kernel.base.topology-runtime-v3.peer","kernel.base.topology-runtime-v3.sync","kernel.base.topology-runtime-v3.request-mirror","kernel.base.topology-runtime-v3.demo.master","kernel.base.topology-runtime-v3.demo.slave"],"commandNames":["kernel.base.topology-runtime-v3.set-instance-mode","kernel.base.topology-runtime-v3.set-display-mode","kernel.base.topology-runtime-v3.set-enable-slave","kernel.base.topology-runtime-v3.set-master-locator","kernel.base.topology-runtime-v3.clear-master-locator","kernel.base.topology-runtime-v3.refresh-topology-context","kernel.base.topology-runtime-v3.start-topology-connection","kernel.base.topology-runtime-v3.stop-topology-connection","kernel.base.topology-runtime-v3.restart-topology-connection","kernel.base.topology-runtime-v3.upsert-demo-master-entry","kernel.base.topology-runtime-v3.remove-demo-master-entry","kernel.base.topology-runtime-v3.reset-demo-master-state","kernel.base.topology-runtime-v3.upsert-demo-slave-entry","kernel.base.topology-runtime-v3.remove-demo-slave-entry","kernel.base.topology-runtime-v3.reset-demo-slave-state"],"actorKeys":["kernel.base.topology-runtime-v3.TopologyContextActor","kernel.base.topology-runtime-v3.TopologyConnectionActor","kernel.base.topology-runtime-v3.TopologyDemoSyncActor"],"errorKeys":["kernel.base.topology-runtime-v3.display_context_required","kernel.base.topology-runtime-v3.orchestrator_required","kernel.base.topology-runtime-v3.socket_binding_required","kernel.base.topology-runtime-v3.hello_runtime_required","kernel.base.topology-runtime-v3.action_not_allowed"],"parameterKeys":["kernel.base.topology-runtime-v3.reconnect-interval-ms"],"hasInstall":true,"hasPreSetup":true},{"moduleName":"kernel.base.tcp-control-runtime-v2","packageVersion":"0.0.1","dependencies":[],"stateSliceNames":["kernel.base.tcp-control-runtime-v2.identity","kernel.base.tcp-control-runtime-v2.credential","kernel.base.tcp-control-runtime-v2.binding","kernel.base.tcp-control-runtime-v2.sandbox","kernel.base.tcp-control-runtime-v2.runtime"],"commandNames":["kernel.base.tcp-control-runtime-v2.bootstrap-tcp-control","kernel.base.tcp-control-runtime-v2.bootstrap-tcp-control-succeeded","kernel.base.tcp-control-runtime-v2.activate-terminal","kernel.base.tcp-control-runtime-v2.activate-terminal-succeeded","kernel.base.tcp-control-runtime-v2.refresh-credential","kernel.base.tcp-control-runtime-v2.credential-refreshed","kernel.base.tcp-control-runtime-v2.deactivate-terminal","kernel.base.tcp-control-runtime-v2.deactivate-terminal-succeeded","kernel.base.tcp-control-runtime-v2.report-task-result","kernel.base.tcp-control-runtime-v2.task-result-reported","kernel.base.tcp-control-runtime-v2.reset-tcp-control"],"actorKeys":["kernel.base.tcp-control-runtime-v2.TcpBootstrapActor","kernel.base.tcp-control-runtime-v2.TcpActivationActor","kernel.base.tcp-control-runtime-v2.TcpCredentialActor","kernel.base.tcp-control-runtime-v2.TcpDeactivationActor","kernel.base.tcp-control-runtime-v2.TcpTaskReportActor","kernel.base.tcp-control-runtime-v2.TcpStateMutationActor"],"errorKeys":["kernel.base.tcp-control-runtime-v2.activation_code_invalid","kernel.base.tcp-control-runtime-v2.activation_failed","kernel.base.tcp-control-runtime-v2.credential_missing","kernel.base.tcp-control-runtime-v2.credential_expired","kernel.base.tcp-control-runtime-v2.refresh_failed","kernel.base.tcp
04-20 04:21:09.265 20885 20885 I SystemSubtypesReportModule: SystemSubtypesReportModule$4.onSetCurrentInputMethodSubtype():160 en_US
04-20 04:21:09.265 20885 20908 I SP      : Scheduling job with delay of 0s for {m:b:u:l, bg}, 2 candidates
04-20 04:21:09.265 20885 17097 I JapaneseMozcExtension: JapaneseMozcExtension.onCreateServiceInternal():76 onCreateServiceInternal()
04-20 04:21:09.265 20885 20885 I DeviceModeMonitor: DeviceModeMonitor.calculateDeviceMode():76 Get device mode tablet_large by screen size and smallestScreenWidthDp: 723
04-20 04:21:09.265 20885 20885 I HardKeyTracker: HardKeyTracker.registerKeySequence():139 Register key sequence lnk{labelResId=2132019809, callback=jjt@43e32bf, lastModifier=2, keyCodes=[47], actions=[0]}
04-20 04:21:09.266   590   966 E JobScheduler.JobStatus: App com.google.android.inputmethod.latin became active but still in NEVER bucket
04-20 04:21:09.266 20885 20908 I SP      : Scheduling job with delay of 0s for {W:b:u:l, bg}, 1 candidates
04-20 04:21:09.266 20885 20885 I HardKeyTracker: HardKeyTracker.registerKeySequence():139 Register key sequence lnk{labelResId=0, callback=jwl@c2d3bdb, lastModifier=0, keyCodes=[204], actions=[0]}
04-20 04:21:09.266   590   966 E JobScheduler.JobStatus: App com.google.android.inputmethod.latin became active but still in NEVER bucket
04-20 04:21:09.267 20885 17098 I NetworkInfoNotification: NetworkInfoNotification$Listener.onReceive():112 onNetworkLost: networkState = NO_CONNECTION, isAirplaneModeOn = false
04-20 04:21:09.267 20885 20908 I SP      : Scheduling: download registered, 0 started, 0 paused, 3 scheduled, 3 pending: manifests:next-word-predictor-20210507 * {m:b:u:l, bg}, manifests:emoji-2023020111 * {m:b:u:l, bg}, manifests:emoticon_content_description-2022081613 * {W:b:u:l, bg}
04-20 04:21:09.267 20885 20908 I SuperpacksManagerImpl: SuperpacksManagerImpl$3$1.onFailure():588 emoticon_content_description.registerManifest() cancelled
04-20 04:21:09.267 20885 17098 I NewS3RecognizerModule: NewS3RecognizerModule.onCreate():14 onCreate [news3]
04-20 04:21:09.268 20885 20907 I OnDevicePackDownloadModule: OnDevicePackDownloadModule.onCreate():60 onCreate()
04-20 04:21:09.268 20885 20908 I SP      : Registering emoticon_content_description.2022081613, url: https://www.gstatic.com/android/keyboard/emoticon_content_desc/202208161305/superpacks_manifest.json, constraints: W:*:*:*, flags: bg, requested: 2022081613, current: -1
04-20 04:21:09.268 20885 20908 I SP      : Registering emoticon_content_description.2022081613, url: https://www.gstatic.com/android/keyboard/emoticon_content_desc/202208161305/superpacks_manifest.json, constraints: W:*:*:*, flags: bg, requested: 2022081613, current: -1
04-20 04:21:09.269 20885 17097 I EmojifyExtensionImpl: EmojifyExtensionImpl.onCreate():599 Creating Emojify extension ehb@a7b237b.
04-20 04:21:09.269 20885 17098 I AbstractOpenableExtension: AbstractOpenableExtension.createKeyboardGroupManagerListenableFuture():120 Create keyboard group manager listenable future in fxu
04-20 04:21:09.269   590   708 D InputMethodManagerService: Initializing Handwriting Spy
04-20 04:21:09.269   590   708 W InputManager-JNI: Input channel object 'stylus-handwriting-event-receiver-0 (client)' was disposed without first being removed with the input manager!
04-20 04:21:09.269 20885 17097 I KeyboardGroupDefParser: KeyboardGroupDefParser.parseKeyboardGroupDef():83 parseKeyboardGroupDef() 2132214040 -> 0_resource_name_obfuscated : WaitTime = 0 ms : RunTime = 0 ms
04-20 04:21:09.270 20885 20885 I NetworkInfoNotification: NetworkInfoNotification$Listener.onReceive():112 onNetworkLost: networkState = NO_CONNECTION, isAirplaneModeOn = false
04-20 04:21:09.271 20885 17106 I NetworkInfoNotification: NetworkInfoNotification$Listener.onReceive():112 onNetworkLost: networkState = NO_CONNECTION, isAirplaneModeOn = false
04-20 04:21:09.271 20885 20885 I AccessPointsListHolderController: AccessPointsListHolderController.removeAccessPoint():304 The access point textediting is not added
04-20 04:21:09.271 20885 17097 I AbstractOpenableExtension: AbstractOpenableExtension.createKeyboardGroupManagerListenableFuture():120 Create keyboard group manager listenable future in fvq
04-20 04:21:09.271 20885 17097 I KeyboardGroupDefParser: KeyboardGroupDefParser.parseKeyboardGroupDef():83 parseKeyboardGroupDef() 2132214033 -> 0_resource_name_obfuscated : WaitTime = 0 ms : RunTime = 0 ms
04-20 04:21:09.271 20885 17097 I KeyboardGroupDefParser: KeyboardGroupDefParser.parseKeyboardGroupDef():83 parseKeyboardGroupDef() 2132214034 -> 0_resource_name_obfuscated : WaitTime = 0 ms : RunTime = 0 ms
04-20 04:21:09.271 20885 20885 I AccessPointsListHolderController: AccessPointsListHolderController.removeAccessPoint():304 The access point settings is not added
04-20 04:21:09.272 20885 20885 I AccessPointsListHolderController: AccessPointsListHolderController.removeAccessPoint():304 The access point theme_setting is not added
04-20 04:21:09.272 20885 20885 I AccessPointsListHolderController: AccessPointsListHolderController.removeAccessPoint():304 The access point one_handed is not added
04-20 04:21:09.272 20885 20885 I ClipboardDataHandler: ClipboardDataHandler.updateScreenshotsContentObserver():268 Disable the feature of handling screenshots in the clipboard.
04-20 04:21:09.272 20885 20885 I NetworkInfoNotification: NetworkInfoNotification$Listener.onReceive():112 onNetworkLost: networkState = NO_CONNECTION, isAirplaneModeOn = false
04-20 04:21:09.272 20885 20885 I NetworkInfoNotification: NetworkInfoNotification$Listener.onReceive():112 onNetworkLost: networkState = NO_CONNECTION, isAirplaneModeOn = false
04-20 04:21:09.273 20885 17097 I KeyboardGroupDefParser: KeyboardGroupDefParser.parseKeyboardGroupDef():83 parseKeyboardGroupDef() 2132214028 -> 0_resource_name_obfuscated : WaitTime = 1 ms : RunTime = 0 ms
04-20 04:21:09.273 20885 20885 I GoogleInputMethodService: GoogleInputMethodService$GoogleInputMethodImpl.attachToken():4209 
04-20 04:21:09.273 20885 20907 I Environment: Environment.isPackageInstalled():234 com.bitstrips.imoji is not installed
04-20 04:21:09.273 20885 20907 W AndroidCreativeStickerFetcherFactory: AndroidCreativeStickerFetcherFactory.createFetcher():19 Empty host or api key
04-20 04:21:09.275 20885 20885 I SystemSubtypesReportModule: SystemSubtypesReportModule$3.onCurrentInputMethodEntryChanged():136 entry: en-US, source: UNSPECIFIED
04-20 04:21:09.275 20885 20885 I SystemSubtypesReportModule: SystemSubtypesReportModule.switchToSubtypeByEntry():205 en-US
04-20 04:21:09.275 20885 20908 I SP      : Scheduling job with delay of 0s for {m:b:u:l, bg}, 2 candidates
04-20 04:21:09.276   590   963 E JobScheduler.JobStatus: App com.google.android.inputmethod.latin became active but still in NEVER bucket
04-20 04:21:09.277 17053 17105 D TrafficStats: tagSocket(130) with statsTag=0xffffffff, statsUid=-1
04-20 04:21:09.277 20885 20885 D WindowTokenClient: Configuration not dispatch to IME because configuration is up to date. Current config={1.3 ?mcc0mnc [en_US] ldltr sw723dp w1157dp h723dp 354dpi xlrg land finger qwerty/v/v dpad/v winConfig={ mBounds=Rect(0, 0 - 2560, 1600) mAppBounds=Rect(0, 0 - 2560, 1600) mMaxBounds=Rect(0, 0 - 2560, 1600) mDisplayRotation=ROTATION_0 mWindowingMode=fullscreen mActivityType=undefined mAlwaysOnTop=undefined mRotation=ROTATION_0} s.8 fontWeightAdjustment=0}, reported config={1.3 ?mcc0mnc [en_US] ldltr sw723dp w1157dp h723dp 354dpi xlrg land finger qwerty/v/v dpad/v winConfig={ mBounds=Rect(0, 0 - 2560, 1600) mAppBounds=Rect(0, 0 - 2560, 1600) mMaxBounds=Rect(0, 0 - 2560, 1600) mDisplayRotation=ROTATION_0 mWindowingMode=fullscreen mActivityType=undefined mAlwaysOnTop=undefined mRotation=ROTATION_0} s.8 fontWeightAdjustment=0}, updated config={1.3 ?mcc0mnc [en_US] ldltr sw723dp w1157dp h723dp 354dpi xlrg land finger qwerty/v/v dpad/v winConfig={ mBounds=Rect(0, 0 - 2560, 1600) mAppBounds=Rect(0, 0 - 2560, 1600) mMaxBounds=Rect(0, 0 - 2560, 1600) mDisplayRotation=ROTATION_0 mWindowingMode=fullscreen mActivityType=undefined mAlwaysOnTop=undefined mRotation=ROTATION_0} s.8 fontWeightAdjustment=0}, updated display ID=0
04-20 04:21:09.277 20885 20885 D WindowTokenClient: Configuration not dispatch to IME because configuration is up to date. Current config={1.3 ?mcc0mnc [en_US] ldltr sw723dp w1157dp h723dp 354dpi xlrg land finger qwerty/v/v dpad/v winConfig={ mBounds=Rect(0, 0 - 2560, 1600) mAppBounds=Rect(0, 0 - 2560, 1600) mMaxBounds=Rect(0, 0 - 2560, 1600) mDisplayRotation=ROTATION_0 mWindowingMode=fullscreen mActivityType=undefined mAlwaysOnTop=undefined mRotation=ROTATION_0} s.8 fontWeightAdjustment=0}, reported config={1.3 ?mcc0mnc [en_US] ldltr sw723dp w1157dp h723dp 354dpi xlrg land finger qwerty/v/v dpad/v winConfig={ mBounds=Rect(0, 0 - 2560, 1600) mAppBounds=Rect(0, 0 - 2560, 1600) mMaxBounds=Rect(0, 0 - 2560, 1600) mDisplayRotation=ROTATION_0 mWindowingMode=fullscreen mActivityType=undefined mAlwaysOnTop=undefined mRotation=ROTATION_0} s.8 fontWeightAdjustment=0}, updated config={1.3 ?mcc0mnc [en_US] ldltr sw723dp w1157dp h723dp 354dpi xlrg land finger qwerty/v/v dpad/v winConfig={ mBounds=Rect(0, 0 - 2560, 1600) mAppBounds=Rect(0, 0 - 2560, 1600) mMaxBounds=Rect(0, 0 - 2560, 1600) mDisplayRotation=ROTATION_0 mWindowingMode=fullscreen mActivityType=undefined mAlwaysOnTop=undefined mRotation=ROTATION_0} s.8 fontWeightAdjustment=0}, updated display ID=0
04-20 04:21:09.278 16981 17018 D TrafficStats: tagSocket(123) with statsTag=0xffffffff, statsUid=-1
04-20 04:21:09.278 20885 20908 I SP      : Scheduling job with delay of 0s for {W:b:u:l, bg}, 1 candidates
04-20 04:21:09.279 17053 17074 I assembly.android.mixc-retail-rn84.boot: {"stage":"runtime.start:done","displayIndex":1,"displayCount":2,"topologyRole":"slave","topologyWsUrl":"ws://127.0.0.1:8888/mockMasterServer/ws"}
04-20 04:21:09.279 17053 17074 D TrafficStats: tagSocket(126) with statsTag=0xffffffff, statsUid=-1
04-20 04:21:09.281 20885 20885 I GoogleInputMethodService: GoogleInputMethodService.onStartInput():1986 onStartInput(EditorInfo{EditorInfo{packageName=com.impos2.mixcretailassemblyrn84, inputType=0, inputTypeString=NULL, enableLearning=false, autoCorrection=false, autoComplete=false, imeOptions=0, privateImeOptions=null, actionName=UNSPECIFIED, actionLabel=null, initialSelStart=-1, initialSelEnd=-1, initialCapsMode=0, label=null, fieldId=0, fieldName=null, extras=null, hintText=null, hintLocales=[]}}, false)
04-20 04:21:09.281   590   901 E JobScheduler.JobStatus: App com.google.android.inputmethod.latin became active but still in NEVER bucket
04-20 04:21:09.281 20885 20885 I GoogleInputMethodService: GoogleInputMethodService.updateDeviceLockedStatus():2248 repeatCheckTimes = 1, locked = false
04-20 04:21:09.281 20885 20885 I AndroidIME: InputBundleManager.loadActiveInputBundleId():450 loadActiveInputBundleId: und-Latn-x-password, password
04-20 04:21:09.281 20885 20885 I HardKeyTracker: HardKeyTracker.registerKeySequence():139 Register key sequence lnk{labelResId=2132019800, callback=gnd@5c2712b, lastModifier=0, keyCodes=[57, 57], actions=[1, 0]}
04-20 04:21:09.281 20885 20885 I HardKeyTracker: HardKeyTracker.registerKeySequence():139 Register key sequence lnk{labelResId=0, callback=gnd@698bf46, lastModifier=0, keyCodes=[58, 58], actions=[1, 0]}
04-20 04:21:09.281   590   963 W PackageConfigPersister: App-specific configuration not found for packageName: com.impos2.mixcretailassemblyrn84 and userId: 0
04-20 04:21:09.281 17053 17074 I assembly.assembly.android.mixc-retail-rn84: [assembly.topology] Native topology host already matches desired lifecycle state {"displayCount":2,"displayIndex":1,"deviceId":"J9RZPWR3HK","instanceMode":"SLAVE","enableSlave":false,"running":false,"reason":"not-master-or-single-primary-host"}
04-20 04:21:09.282 17053 17074 I assembly.android.mixc-retail-rn84.boot: {"stage":"automation.host:start","displayIndex":1,"displayCount":2,"topologyRole":"slave","topologyWsUrl":"ws://127.0.0.1:8888/mockMasterServer/ws","target":"secondary","host":"127.0.0.1","port":18585}
04-20 04:21:09.282 20885 20908 I SP      : Scheduling: download registered, 0 started, 0 paused, 3 scheduled, 3 pending: manifests:next-word-predictor-20210507 * {m:b:u:l, bg}, manifests:emoji-2023020111 * {m:b:u:l, bg}, manifests:emoticon_content_description-2022081613 * {W:b:u:l, bg}
04-20 04:21:09.282 20885 20908 I SuperpacksManagerImpl: SuperpacksManagerImpl$3$1.onFailure():588 emoticon_content_description.registerManifest() cancelled
04-20 04:21:09.282 20885 20908 I SuperpacksManagerImpl: SuperpacksManagerImpl$3$1.onFailure():588 emoticon_content_description.registerManifest() cancelled
04-20 04:21:09.287 17053 17074 I assembly.assembly.android.mixc-retail-rn84: [assembly.topology] Native topology host already matches desired lifecycle state {"displayCount":2,"displayIndex":1,"deviceId":"J9RZPWR3HK","instanceMode":"SLAVE","enableSlave":false,"running":false,"reason":"not-master-or-single-primary-host"}
04-20 04:21:09.287 17053 17074 I assembly.android.mixc-retail-rn84.boot: {"stage":"app-load-complete:start","displayIndex":1}
04-20 04:21:09.288 16981 17004 I assembly.assembly.android.mixc-retail-rn84: [assembly.topology] Native topology host already matches desired lifecycle state {"displayCount":2,"displayIndex":0,"deviceId":"J9RZPWR3HK","instanceMode":"MASTER","enableSlave":true,"running":false,"reason":"not-master-or-single-primary-host"}
04-20 04:21:09.288 16981 17004 I assembly.assembly.android.mixc-retail-rn84: [assembly.topology] Native topology host already matches desired lifecycle state {"displayCount":2,"displayIndex":0,"deviceId":"J9RZPWR3HK","instanceMode":"MASTER","enableSlave":true,"running":false,"reason":"not-master-or-single-primary-host"}
04-20 04:21:09.289 16981 17004 I assembly.assembly.android.mixc-retail-rn84: [assembly.topology] Native topology host already matches desired lifecycle state {"displayCount":2,"displayIndex":0,"deviceId":"J9RZPWR3HK","instanceMode":"MASTER","enableSlave":true,"running":false,"reason":"not-master-or-single-primary-host"}
04-20 04:21:09.290 16981 17003 I ReactNativeJS: '[runtime-state-sync-apply]', '{"direction":"slave-to-master","incomingSliceNames":["kernel.base.topology-runtime-v3.demo.slave","kernel.base.ui-runtime-v2.screen.branch","kernel.base.ui-runtime-v2.overlay.branch","kernel.base.ui-runtime-v2.ui-variable.branch"],"appliedSliceNames":["kernel.base.topology-runtime-v3.demo.slave","kernel.base.ui-runtime-v2.screen.branch","kernel.base.ui-runtime-v2.overlay.branch","kernel.base.ui-runtime-v2.ui-variable.branch"],"skippedSliceReasons":[]}'
04-20 04:21:09.290 17053 17073 I ReactNativeJS: '[runtime-state-sync-apply]', '{"direction":"master-to-slave","incomingSliceNames":["kernel.base.topology-runtime-v3.demo.master","kernel.base.tcp-control-runtime-v2.identity","kernel.base.tcp-control-runtime-v2.credential","kernel.base.tcp-control-runtime-v2.binding","kernel.base.tcp-control-runtime-v2.sandbox","kernel.base.tdp-sync-runtime-v2.hot-update","kernel.base.ui-runtime-v2.screen.main","kernel.base.ui-runtime-v2.overlay.main","kernel.base.ui-runtime-v2.ui-variable.main"],"appliedSliceNames":["kernel.base.topology-runtime-v3.demo.master","kernel.base.tcp-control-runtime-v2.identity","kernel.base.tcp-control-runtime-v2.credential","kernel.base.tcp-control-runtime-v2.binding","kernel.base.tcp-control-runtime-v2.sandbox","kernel.base.tdp-sync-runtime-v2.hot-update","kernel.base.ui-runtime-v2.screen.main","kernel.base.ui-runtime-v2.overlay.main","kernel.base.ui-runtime-v2.ui-variable.main"],"skippedSliceReasons":[]}'
04-20 04:21:09.290 16981 17004 I assembly.assembly.android.mixc-retail-rn84: [assembly.topology] Native topology host already matches desired lifecycle state {"displayCount":2,"displayIndex":0,"deviceId":"J9RZPWR3HK","instanceMode":"MASTER","enableSlave":true,"running":false,"reason":"not-master-or-single-primary-host"}
04-20 04:21:09.290 16981 17004 I assembly.assembly.android.mixc-retail-rn84: [assembly.topology] Native topology host already matches desired lifecycle state {"displayCount":2,"displayIndex":0,"deviceId":"J9RZPWR3HK","instanceMode":"MASTER","enableSlave":true,"running":false,"reason":"not-master-or-single-primary-host"}
04-20 04:21:09.290 17053 17074 I assembly.assembly.android.mixc-retail-rn84: [assembly.topology] Native topology host already matches desired lifecycle state {"displayCount":2,"displayIndex":1,"deviceId":"J9RZPWR3HK","instanceMode":"SLAVE","enableSlave":false,"running":false,"reason":"not-master-or-single-primary-host"}
04-20 04:21:09.290 17053 17074 I assembly.assembly.android.mixc-retail-rn84: [assembly.topology] Native topology host already matches desired lifecycle state {"displayCount":2,"displayIndex":1,"deviceId":"J9RZPWR3HK","instanceMode":"SLAVE","enableSlave":false,"running":false,"reason":"not-master-or-single-primary-host"}
04-20 04:21:09.290 17053 17074 I assembly.assembly.android.mixc-retail-rn84: [assembly.topology] Native topology host already matches desired lifecycle state {"displayCount":2,"displayIndex":1,"deviceId":"J9RZPWR3HK","instanceMode":"SLAVE","enableSlave":false,"running":false,"reason":"not-master-or-single-primary-host"}
04-20 04:21:09.293 17053 17074 I assembly.assembly.android.mixc-retail-rn84: [assembly.topology] Native topology host already matches desired lifecycle state {"displayCount":2,"displayIndex":1,"deviceId":"J9RZPWR3HK","instanceMode":"SLAVE","enableSlave":false,"running":false,"reason":"not-master-or-single-primary-host"}
04-20 04:21:09.294 17053 17074 I assembly.assembly.android.mixc-retail-rn84: [assembly.topology] Native topology host already matches desired lifecycle state {"displayCount":2,"displayIndex":1,"deviceId":"J9RZPWR3HK","instanceMode":"SLAVE","enableSlave":false,"running":false,"reason":"not-master-or-single-primary-host"}
04-20 04:21:09.295 17053 17074 I assembly.android.mixc-retail-rn84.boot: {"stage":"app-load-complete:done","displayIndex":1}
04-20 04:21:09.311 16981 17004 I MMKV    : <MMKV_IO.cpp:609::writeActualSize> [mixc-retail-assembly-rn84::state] increase sequence to 30, crc 175258602, actualSize 14488
04-20 04:21:09.311 16981 17004 I MMKV    : <MMKV.cpp:1208::sync> MMKV::sync, SyncFlag = 1
04-20 04:21:09.411   836   874 V WindowManagerShell: Transition animation finished (aborted=false), notifying core (#574) android.os.BinderProxy@58c8d56@0
04-20 04:21:09.412   590   610 V WindowManager: Finish Transition (#574): created at 04-20 04:21:09.071 collect-started=0.024ms request-sent=5.731ms started=7.168ms ready=40.433ms sent=41.181ms finished=340.937ms
04-20 04:21:09.413  1099  1099 D VRI[SecondaryDisplayLauncher]: visibilityChanged oldVisibility=true newVisibility=false
04-20 04:21:09.415   836   874 V WindowManagerShell: Track 0 became idle
04-20 04:21:09.415   836   874 V WindowManagerShell: All active transition animations finished
04-20 04:21:09.415   590   963 W UserManagerService: Requested status bar icon for non-badged user 0
04-20 04:21:09.416   590   963 W UserManagerService: Requested status bar icon for non-badged user 0
04-20 04:21:09.482   836   886 W WindowOnBackDispatcher: sendCancelIfRunning: isInProgress=false callback=android.view.ViewRootImpl$$ExternalSyntheticLambda11@b057565
04-20 04:21:09.482   590   963 D CoreBackPreview: Window{a73f24f u0 Splash Screen com.impos2.mixcretailassemblyrn84 EXITING}: Setting back callback null
04-20 04:21:09.482   590   966 W InputManager-JNI: Input channel object 'a73f24f Splash Screen com.impos2.mixcretailassemblyrn84 (client)' was disposed without first being removed with the input manager!
04-20 04:21:09.533   836   886 W FrameTracker: Missing HWUI jank callback for vsyncId: 174293950, CUJ=J<SPLASHSCREEN_EXIT_ANIM>
04-20 04:21:11.020   590   745 D InetDiagMessage: Destroyed 0 sockets, proto=IPPROTO_TCP, family=AF_INET, states=14
04-20 04:21:11.021   590   745 D InetDiagMessage: Destroyed 0 sockets, proto=IPPROTO_TCP, family=AF_INET6, states=14
04-20 04:21:11.021   590   745 D InetDiagMessage: Destroyed live tcp sockets for uids={10165} in 1ms
04-20 04:21:11.021   590   745 D InetDiagMessage: Destroyed 0 sockets, proto=IPPROTO_TCP, family=AF_INET, states=14
04-20 04:21:11.022   590   745 D InetDiagMessage: Destroyed 0 sockets, proto=IPPROTO_TCP, family=AF_INET6, states=14
04-20 04:21:11.022   590   745 D InetDiagMessage: Destroyed live tcp sockets for uids={20165} in 1ms
04-20 04:21:11.546 16981 17115 D ProfileInstaller: Installing profile for com.impos2.mixcretailassemblyrn84
04-20 04:21:11.883   590   966 D WifiNl80211Manager: Scan result ready event
04-20 04:21:11.883   590   966 D WifiNative: Scan result ready event
04-20 04:21:11.891   590   738 I HalDevMgr: bestIfaceCreationProposal is null, requestIface=STA, existingIface=[name=wlan0 type=STA]
04-20 04:21:12.081   590  1464 E TaskPersister: File error accessing recents directory (directory doesn't exist?).
04-20 04:21:12.384   388   472 I netd    : tetherGetStats() -> {[]} <1.24ms>
04-20 04:21:15.777   590   689 D ActivityManager: freezing 22500 com.google.android.apps.wellbeing
04-20 04:21:15.782   590   745 D InetDiagMessage: Destroyed 0 sockets, proto=IPPROTO_TCP, family=AF_INET, states=14
04-20 04:21:15.782   590   745 D InetDiagMessage: Destroyed 0 sockets, proto=IPPROTO_TCP, family=AF_INET6, states=14
04-20 04:21:15.783   590   745 D InetDiagMessage: Destroyed live tcp sockets for uids={10142} in 1ms
04-20 04:21:16.014   590   689 D ActivityManager: freezing 12394 com.google.android.webview:webview_service
04-20 04:21:16.015   590   745 D InetDiagMessage: Destroyed 0 sockets, proto=IPPROTO_TCP, family=AF_INET, states=14
04-20 04:21:16.015   590   745 D InetDiagMessage: Destroyed 0 sockets, proto=IPPROTO_TCP, family=AF_INET6, states=14
04-20 04:21:16.016   590   745 D InetDiagMessage: Destroyed live tcp sockets for uids={10165} in 1ms
04-20 04:21:16.097   590   689 D ActivityManager: freezing 12083 com.android.keychain
04-20 04:21:16.098   590   689 D ActivityManager: freezing 11983 com.android.settings
04-20 04:21:27.532 16981 16988 W ailassemblyrn84: ApkAssets: Deleting an ApkAssets object '<empty> and /data/app/~~j4BrjP0JsvTGmjdLkkfrgg==/com.google.android.webview-lp5hhYzxsBeFuV03zuxwaw==/WebViewGoogle.apk' with 2 weak references
04-20 04:21:31.550 17053 17060 W yrn84:secondary: ApkAssets: Deleting an ApkAssets object '<empty> and /data/app/~~j4BrjP0JsvTGmjdLkkfrgg==/com.google.android.webview-lp5hhYzxsBeFuV03zuxwaw==/WebViewGoogle.apk' with 2 weak references
04-20 04:21:59.748   397   397 W healthd : battery l=47 v=5000 t=25.0 h=2 st=4 c=900000 fc=3000000 cc=10 chg=a
04-20 04:22:00.005  1389  1552 I AiAiEcho: Predicting[0]:  [CONTEXT sampling_count=5 ]
04-20 04:22:00.005  1389  1552 I AiAiEcho: EchoTargets: 
04-20 04:22:00.005  1389  1552 I AiAiEcho: Filtered by AiAi flag check: 
04-20 04:22:00.005  1389  1552 I AiAiEcho: [CONTEXT ratelimit_period="10 SECONDS" ]
04-20 04:22:00.005  1389  1552 I AiAiEcho: Ranked targets strategy: SORT, count: 0, ranking metadata:  [CONTEXT ratelimit_period="10 SECONDS" ]
04-20 04:22:00.005  1389  1552 I AiAiEcho: #remoteViewsTwiddler: feature disabled.
04-20 04:22:00.005  1389  1552 I AiAiEcho: Predicting[0]:  [CONTEXT sampling_count=5 ]
04-20 04:22:00.005  1389  1552 I AiAiEcho: EchoTargets: 
04-20 04:22:00.005  1389  1552 I AiAiEcho: Filtered by AiAi flag check: 
04-20 04:22:00.005  1389  1552 I AiAiEcho: [CONTEXT ratelimit_period="10 SECONDS" ]
04-20 04:22:00.005  1389  1552 I AiAiEcho: Ranked targets strategy: SORT, count: 0, ranking metadata:  [CONTEXT ratelimit_period="10 SECONDS" ]
04-20 04:22:00.005  1389  1552 I AiAiEcho: #remoteViewsTwiddler: feature disabled.
04-20 04:22:00.005  1389  1552 I AiAiEcho: #postPredictionTargets: Sending updates to UISurface lockscreen with targets# 0 (types=[])
04-20 04:22:00.005  1389  1552 I AiAiEcho: #postPredictionTargets: Sending updates to UISurface home with targets# 0 (types=[])
04-20 04:22:00.006  1099  1099 D SsBaseTemplateCard: No text view can be set up
04-20 04:22:00.007  1099  1099 D SsBaseTemplateCard: Passed-in item info is null
04-20 04:22:00.007  1099  1099 D SsBaseTemplateCard: Passed-in item info is null
04-20 04:22:00.007  1099  1099 D SsBaseTemplateCard: Passed-in item info is null
04-20 04:22:00.007  1099  1099 I SsBaseTemplateCard: Secondary card pane is null
04-20 04:22:00.012   836   836 W PageIndicator: Total number of pages invalid: 0. Assuming 1 page.
04-20 04:22:00.025   836   978 D EGL_emulation: app_time_stats: avg=2710.66ms min=9.98ms max=53412.74ms count=20
04-20 04:22:02.601 16981 17044 D TrafficStats: tagSocket(5) with statsTag=0xffffffff, statsUid=-1
04-20 04:22:02.606 16981 17044 D TrafficStats: tagSocket(5) with statsTag=0xffffffff, statsUid=-1
04-20 04:22:02.610 16981 17044 D TrafficStats: tagSocket(5) with statsTag=0xffffffff, statsUid=-1
04-20 04:22:02.613 16981 17044 D TrafficStats: tagSocket(5) with statsTag=0xffffffff, statsUid=-1
04-20 04:22:02.697 17053 17110 D TrafficStats: tagSocket(5) with statsTag=0xffffffff, statsUid=-1
04-20 04:22:02.702 17053 17110 D TrafficStats: tagSocket(5) with statsTag=0xffffffff, statsUid=-1
04-20 04:22:02.705 17053 17110 D TrafficStats: tagSocket(5) with statsTag=0xffffffff, statsUid=-1
04-20 04:22:02.708 17053 17110 D TrafficStats: tagSocket(5) with statsTag=0xffffffff, statsUid=-1
04-20 04:22:03.074 16981 17044 D TrafficStats: tagSocket(5) with statsTag=0xffffffff, statsUid=-1
04-20 04:22:03.075 17053 17110 D TrafficStats: tagSocket(5) with statsTag=0xffffffff, statsUid=-1
04-20 04:22:03.077 16981 17044 D TrafficStats: tagSocket(125) with statsTag=0xffffffff, statsUid=-1
04-20 04:22:03.077 16981 17044 D TrafficStats: tagSocket(128) with statsTag=0xffffffff, statsUid=-1
04-20 04:22:03.081 16981 17044 D TrafficStats: tagSocket(5) with statsTag=0xffffffff, statsUid=-1
04-20 04:22:03.081 17053 17110 D TrafficStats: tagSocket(5) with statsTag=0xffffffff, statsUid=-1
04-20 04:22:03.082 16981 17044 D TrafficStats: tagSocket(125) with statsTag=0xffffffff, statsUid=-1
04-20 04:22:03.082 16981 17044 D TrafficStats: tagSocket(128) with statsTag=0xffffffff, statsUid=-1
04-20 04:22:07.571  1413  1753 I BistoHotwordHelper: (REDACTED) getHotwordActive::active query: %s, watch: %s, devices connected: %s
04-20 04:22:33.281   388 17121 I resolv  : GetAddrInfoHandler::run: {0 786432 0 983040 10143 0}
04-20 04:22:33.282   937 17120 W gclk    : [{0}] Failed to resolve name. status={1}
04-20 04:22:55.959 16981 17044 D TrafficStats: tagSocket(5) with statsTag=0xffffffff, statsUid=-1
04-20 04:22:55.963 16981 17044 D TrafficStats: tagSocket(5) with statsTag=0xffffffff, statsUid=-1
04-20 04:22:55.967 16981 17044 D TrafficStats: tagSocket(5) with statsTag=0xffffffff, statsUid=-1
04-20 04:22:56.008 16981 16996 D EGL_emulation: app_time_stats: avg=7213.32ms min=1.42ms max=108164.18ms count=15
04-20 04:22:56.024 16981 17044 D TrafficStats: tagSocket(5) with statsTag=0xffffffff, statsUid=-1
04-20 04:22:56.027 16981 17044 D TrafficStats: tagSocket(5) with statsTag=0xffffffff, statsUid=-1
04-20 04:22:56.042 16981 17044 D TrafficStats: tagSocket(5) with statsTag=0xffffffff, statsUid=-1
04-20 04:22:56.044 16981 17044 D TrafficStats: tagSocket(5) with statsTag=0xffffffff, statsUid=-1
04-20 04:22:56.099 16981 17044 D TrafficStats: tagSocket(129) with statsTag=0xffffffff, statsUid=-1
04-20 04:22:56.113 16981 17044 D TrafficStats: tagSocket(129) with statsTag=0xffffffff, statsUid=-1
04-20 04:22:56.116 16981 17044 D TrafficStats: tagSocket(129) with statsTag=0xffffffff, statsUid=-1
04-20 04:22:56.171 16981 17044 D TrafficStats: tagSocket(148) with statsTag=0xffffffff, statsUid=-1
04-20 04:22:56.185 16981 17044 D TrafficStats: tagSocket(148) with statsTag=0xffffffff, statsUid=-1
04-20 04:22:56.188 16981 17044 D TrafficStats: tagSocket(148) with statsTag=0xffffffff, statsUid=-1
04-20 04:22:56.243 16981 17044 D TrafficStats: tagSocket(132) with statsTag=0xffffffff, statsUid=-1
04-20 04:22:56.258 16981 17044 D TrafficStats: tagSocket(132) with statsTag=0xffffffff, statsUid=-1
04-20 04:22:56.260 16981 17044 D TrafficStats: tagSocket(132) with statsTag=0xffffffff, statsUid=-1
04-20 04:22:56.315 16981 17044 D TrafficStats: tagSocket(131) with statsTag=0xffffffff, statsUid=-1
04-20 04:22:56.330 16981 17044 D TrafficStats: tagSocket(131) with statsTag=0xffffffff, statsUid=-1
04-20 04:22:56.332 16981 17044 D TrafficStats: tagSocket(162) with statsTag=0xffffffff, statsUid=-1
04-20 04:22:56.385 16981 17044 D TrafficStats: tagSocket(116) with statsTag=0xffffffff, statsUid=-1
04-20 04:22:56.400 16981 17044 D TrafficStats: tagSocket(116) with statsTag=0xffffffff, statsUid=-1
04-20 04:22:56.402 16981 17044 D TrafficStats: tagSocket(116) with statsTag=0xffffffff, statsUid=-1
04-20 04:22:56.456 16981 17044 D TrafficStats: tagSocket(120) with statsTag=0xffffffff, statsUid=-1
04-20 04:22:56.471 16981 17044 D TrafficStats: tagSocket(120) with statsTag=0xffffffff, statsUid=-1
04-20 04:22:56.473 16981 17044 D TrafficStats: tagSocket(120) with statsTag=0xffffffff, statsUid=-1
04-20 04:22:56.527 16981 17044 D TrafficStats: tagSocket(5) with statsTag=0xffffffff, statsUid=-1
04-20 04:22:56.542 16981 17044 D TrafficStats: tagSocket(5) with statsTag=0xffffffff, statsUid=-1
04-20 04:22:56.545 16981 17044 D TrafficStats: tagSocket(5) with statsTag=0xffffffff, statsUid=-1
04-20 04:22:56.602 16981 17044 D TrafficStats: tagSocket(128) with statsTag=0xffffffff, statsUid=-1
04-20 04:22:56.615 16981 17044 D TrafficStats: tagSocket(128) with statsTag=0xffffffff, statsUid=-1
04-20 04:22:56.621 16981 17044 D TrafficStats: tagSocket(128) with statsTag=0xffffffff, statsUid=-1
04-20 04:22:56.636 16981 17044 D TrafficStats: tagSocket(129) with statsTag=0xffffffff, statsUid=-1
04-20 04:22:56.641 16981 17044 D TrafficStats: tagSocket(129) with statsTag=0xffffffff, statsUid=-1
04-20 04:22:56.660 16981 17044 D TrafficStats: tagSocket(129) with statsTag=0xffffffff, statsUid=-1
04-20 04:22:56.665 16981 17044 D TrafficStats: tagSocket(129) with statsTag=0xffffffff, statsUid=-1
04-20 04:22:56.720 16981 17044 D TrafficStats: tagSocket(131) with statsTag=0xffffffff, statsUid=-1
04-20 04:22:56.733 16981 17044 D TrafficStats: tagSocket(131) with statsTag=0xffffffff, statsUid=-1
04-20 04:22:56.737 16981 17044 D TrafficStats: tagSocket(131) with statsTag=0xffffffff, statsUid=-1
04-20 04:22:56.793 16981 17044 D TrafficStats: tagSocket(120) with statsTag=0xffffffff, statsUid=-1
04-20 04:22:56.808 16981 17044 D TrafficStats: tagSocket(120) with statsTag=0xffffffff, statsUid=-1
04-20 04:22:56.811 16981 17044 D TrafficStats: tagSocket(120) with statsTag=0xffffffff, statsUid=-1
04-20 04:22:56.868 16981 17044 D TrafficStats: tagSocket(125) with statsTag=0xffffffff, statsUid=-1
04-20 04:22:56.884 16981 17044 D TrafficStats: tagSocket(125) with statsTag=0xffffffff, statsUid=-1
04-20 04:22:56.889 16981 17044 D TrafficStats: tagSocket(166) with statsTag=0xffffffff, statsUid=-1
04-20 04:22:56.945 16981 17044 D TrafficStats: tagSocket(128) with statsTag=0xffffffff, statsUid=-1
04-20 04:22:56.960 16981 17044 D TrafficStats: tagSocket(128) with statsTag=0xffffffff, statsUid=-1
04-20 04:22:56.963 16981 17044 D TrafficStats: tagSocket(128) with statsTag=0xffffffff, statsUid=-1
04-20 04:22:57.018 16981 17044 D TrafficStats: tagSocket(132) with statsTag=0xffffffff, statsUid=-1
04-20 04:22:57.033 16981 17044 D TrafficStats: tagSocket(132) with statsTag=0xffffffff, statsUid=-1
04-20 04:22:57.036 16981 17044 D TrafficStats: tagSocket(132) with statsTag=0xffffffff, statsUid=-1
04-20 04:22:57.045 16981 16996 D EGL_emulation: app_time_stats: avg=49.39ms min=16.28ms max=83.03ms count=21
04-20 04:22:57.093 16981 17044 D TrafficStats: tagSocket(134) with statsTag=0xffffffff, statsUid=-1
04-20 04:22:57.109 16981 17044 D TrafficStats: tagSocket(134) with statsTag=0xffffffff, statsUid=-1
04-20 04:22:57.112 16981 17044 D TrafficStats: tagSocket(134) with statsTag=0xffffffff, statsUid=-1
04-20 04:22:57.172 16981 17044 D TrafficStats: tagSocket(129) with statsTag=0xffffffff, statsUid=-1
04-20 04:22:57.188 16981 17044 D TrafficStats: tagSocket(129) with statsTag=0xffffffff, statsUid=-1
04-20 04:22:57.191 16981 17044 D TrafficStats: tagSocket(129) with statsTag=0xffffffff, statsUid=-1
04-20 04:22:57.246 16981 17044 D TrafficStats: tagSocket(131) with statsTag=0xffffffff, statsUid=-1
04-20 04:22:57.261 16981 17044 D TrafficStats: tagSocket(131) with statsTag=0xffffffff, statsUid=-1
04-20 04:22:57.264 16981 17044 D TrafficStats: tagSocket(131) with statsTag=0xffffffff, statsUid=-1
04-20 04:22:57.321 16981 17044 D TrafficStats: tagSocket(116) with statsTag=0xffffffff, statsUid=-1
04-20 04:22:57.337 16981 17044 D TrafficStats: tagSocket(116) with statsTag=0xffffffff, statsUid=-1
04-20 04:22:57.340 16981 17044 D TrafficStats: tagSocket(116) with statsTag=0xffffffff, statsUid=-1
04-20 04:22:57.396 16981 17044 D TrafficStats: tagSocket(120) with statsTag=0xffffffff, statsUid=-1
04-20 04:22:57.413 16981 17044 D TrafficStats: tagSocket(120) with statsTag=0xffffffff, statsUid=-1
04-20 04:22:57.416 16981 17044 D TrafficStats: tagSocket(120) with statsTag=0xffffffff, statsUid=-1
04-20 04:22:57.471 16981 17044 D TrafficStats: tagSocket(125) with statsTag=0xffffffff, statsUid=-1
04-20 04:22:57.487 16981 17044 D TrafficStats: tagSocket(125) with statsTag=0xffffffff, statsUid=-1
04-20 04:22:57.490 16981 17044 D TrafficStats: tagSocket(125) with statsTag=0xffffffff, statsUid=-1
04-20 04:22:57.547 16981 17044 D TrafficStats: tagSocket(5) with statsTag=0xffffffff, statsUid=-1
04-20 04:22:57.562 16981 17044 D TrafficStats: tagSocket(5) with statsTag=0xffffffff, statsUid=-1
04-20 04:22:57.569 16981 17044 D TrafficStats: tagSocket(135) with statsTag=0xffffffff, statsUid=-1
04-20 04:22:57.586 16981 17044 D TrafficStats: tagSocket(128) with statsTag=0xffffffff, statsUid=-1
04-20 04:22:57.589 16981 17044 D TrafficStats: tagSocket(128) with statsTag=0xffffffff, statsUid=-1
04-20 04:22:57.647 16981 17044 D TrafficStats: tagSocket(134) with statsTag=0xffffffff, statsUid=-1
04-20 04:22:57.661 16981 17044 D TrafficStats: tagSocket(134) with statsTag=0xffffffff, statsUid=-1
04-20 04:22:57.675 16981 17044 D TrafficStats: tagSocket(134) with statsTag=0xffffffff, statsUid=-1
04-20 04:22:57.986 16981 17044 D TrafficStats: tagSocket(129) with statsTag=0xffffffff, statsUid=-1
04-20 04:22:57.992 16981 17044 D TrafficStats: tagSocket(129) with statsTag=0xffffffff, statsUid=-1
04-20 04:22:58.001 16981 17044 D TrafficStats: tagSocket(134) with statsTag=0xffffffff, statsUid=-1
04-20 04:22:58.058 16981 17044 D TrafficStats: tagSocket(131) with statsTag=0xffffffff, statsUid=-1
04-20 04:22:58.062 16981 17044 D TrafficStats: tagSocket(131) with statsTag=0xffffffff, statsUid=-1
04-20 04:22:58.077 16981 17044 D TrafficStats: tagSocket(131) with statsTag=0xffffffff, statsUid=-1
04-20 04:22:58.080 16981 17044 D TrafficStats: tagSocket(131) with statsTag=0xffffffff, statsUid=-1
04-20 04:22:58.100 16981 16996 D EGL_emulation: app_time_stats: avg=87.85ms min=16.01ms max=342.95ms count=12
04-20 04:22:58.137 16981 17044 D TrafficStats: tagSocket(120) with statsTag=0xffffffff, statsUid=-1
04-20 04:22:58.152 16981 17044 D TrafficStats: tagSocket(120) with statsTag=0xffffffff, statsUid=-1
04-20 04:22:58.157 16981 17044 D TrafficStats: tagSocket(134) with statsTag=0xffffffff, statsUid=-1
04-20 04:22:58.214 16981 17044 D TrafficStats: tagSocket(125) with statsTag=0xffffffff, statsUid=-1
04-20 04:22:58.231 16981 17044 D TrafficStats: tagSocket(125) with statsTag=0xffffffff, statsUid=-1
04-20 04:22:58.237 16981 17044 D TrafficStats: tagSocket(125) with statsTag=0xffffffff, statsUid=-1
04-20 04:22:58.293 16981 17044 D TrafficStats: tagSocket(5) with statsTag=0xffffffff, statsUid=-1
04-20 04:22:58.307 16981 17044 D TrafficStats: tagSocket(5) with statsTag=0xffffffff, statsUid=-1
04-20 04:22:58.310 16981 17044 D TrafficStats: tagSocket(5) with statsTag=0xffffffff, statsUid=-1
04-20 04:22:58.368 16981 17044 D TrafficStats: tagSocket(128) with statsTag=0xffffffff, statsUid=-1
04-20 04:22:58.383 16981 17044 D TrafficStats: tagSocket(128) with statsTag=0xffffffff, statsUid=-1
04-20 04:22:58.386 16981 17044 D TrafficStats: tagSocket(128) with statsTag=0xffffffff, statsUid=-1
04-20 04:22:58.443 16981 17044 D TrafficStats: tagSocket(132) with statsTag=0xffffffff, statsUid=-1
04-20 04:22:58.458 16981 17044 D TrafficStats: tagSocket(132) with statsTag=0xffffffff, statsUid=-1
04-20 04:22:58.461 16981 17044 D TrafficStats: tagSocket(132) with statsTag=0xffffffff, statsUid=-1
04-20 04:22:58.518 16981 17044 D TrafficStats: tagSocket(134) with statsTag=0xffffffff, statsUid=-1
04-20 04:22:58.534 16981 17044 D TrafficStats: tagSocket(134) with statsTag=0xffffffff, statsUid=-1
04-20 04:22:58.537 16981 17044 D TrafficStats: tagSocket(134) with statsTag=0xffffffff, statsUid=-1
04-20 04:22:58.594 16981 17044 D TrafficStats: tagSocket(129) with statsTag=0xffffffff, statsUid=-1
04-20 04:22:58.612 16981 17044 D TrafficStats: tagSocket(129) with statsTag=0xffffffff, statsUid=-1
04-20 04:22:58.615 16981 17044 D TrafficStats: tagSocket(129) with statsTag=0xffffffff, statsUid=-1
04-20 04:22:58.672 16981 17044 D TrafficStats: tagSocket(131) with statsTag=0xffffffff, statsUid=-1
04-20 04:22:58.688 16981 17044 D TrafficStats: tagSocket(131) with statsTag=0xffffffff, statsUid=-1
04-20 04:22:58.692 16981 17044 D TrafficStats: tagSocket(131) with statsTag=0xffffffff, statsUid=-1
04-20 04:22:58.748 16981 17044 D TrafficStats: tagSocket(116) with statsTag=0xffffffff, statsUid=-1
04-20 04:22:58.766 16981 17044 D TrafficStats: tagSocket(116) with statsTag=0xffffffff, statsUid=-1
04-20 04:22:58.769 16981 17044 D TrafficStats: tagSocket(116) with statsTag=0xffffffff, statsUid=-1
04-20 04:22:58.828 16981 17044 D TrafficStats: tagSocket(120) with statsTag=0xffffffff, statsUid=-1
04-20 04:22:58.845 16981 17044 D TrafficStats: tagSocket(120) with statsTag=0xffffffff, statsUid=-1
04-20 04:22:58.848 16981 17044 D TrafficStats: tagSocket(120) with statsTag=0xffffffff, statsUid=-1
04-20 04:22:58.905 16981 17044 D TrafficStats: tagSocket(125) with statsTag=0xffffffff, statsUid=-1
04-20 04:22:58.922 16981 17044 D TrafficStats: tagSocket(125) with statsTag=0xffffffff, statsUid=-1
04-20 04:22:58.926 16981 17044 D TrafficStats: tagSocket(125) with statsTag=0xffffffff, statsUid=-1
04-20 04:22:58.983 16981 17044 D TrafficStats: tagSocket(5) with statsTag=0xffffffff, statsUid=-1
04-20 04:22:58.997 16981 17044 D TrafficStats: tagSocket(5) with statsTag=0xffffffff, statsUid=-1
04-20 04:22:59.014 16981 17044 D TrafficStats: tagSocket(128) with statsTag=0xffffffff, statsUid=-1
04-20 04:22:59.319 16981 17044 D TrafficStats: tagSocket(128) with statsTag=0xffffffff, statsUid=-1
04-20 04:22:59.326 16981 17044 D TrafficStats: tagSocket(128) with statsTag=0xffffffff, statsUid=-1
04-20 04:22:59.330 17053 17073 I ReactNativeJS: '[runtime-state-sync-apply]', '{"direction":"master-to-slave","incomingSliceNames":["kernel.base.tcp-control-runtime-v2.identity"],"appliedSliceNames":["kernel.base.tcp-control-runtime-v2.identity"],"skippedSliceReasons":[]}'
04-20 04:22:59.332 17053 17074 I assembly.assembly.android.mixc-retail-rn84: [assembly.topology] Native topology host already matches desired lifecycle state {"displayCount":2,"displayIndex":1,"deviceId":"J9RZPWR3HK","instanceMode":"SLAVE","enableSlave":false,"running":false,"reason":"not-master-or-single-primary-host"}
04-20 04:22:59.332 17053 17074 I assembly.assembly.android.mixc-retail-rn84: [assembly.topology] Native topology host already matches desired lifecycle state {"displayCount":2,"displayIndex":1,"deviceId":"J9RZPWR3HK","instanceMode":"SLAVE","enableSlave":false,"running":false,"reason":"not-master-or-single-primary-host"}
04-20 04:22:59.332 16981 17004 I assembly.assembly.android.mixc-retail-rn84.transport.http.HttpRuntime: [transport.http] HTTP request started: kernel.base.tcp-control-runtime-v2.activate-terminal {"endpointName":"kernel.base.tcp-control-runtime-v2.activate-terminal","serverName":"mock-terminal-platform","addressName":"local","method":"POST","roundIndex":0,"attemptIndex":1}
04-20 04:22:59.335 16981 17004 I assembly.assembly.android.mixc-retail-rn84: [assembly.topology] Native topology host already matches desired lifecycle state {"displayCount":2,"displayIndex":0,"deviceId":"J9RZPWR3HK","instanceMode":"MASTER","enableSlave":true,"running":false,"reason":"not-master-or-single-primary-host"}
04-20 04:22:59.336 16981 17004 I assembly.assembly.android.mixc-retail-rn84: [assembly.topology] Native topology host already matches desired lifecycle state {"displayCount":2,"displayIndex":0,"deviceId":"J9RZPWR3HK","instanceMode":"MASTER","enableSlave":true,"running":false,"reason":"not-master-or-single-primary-host"}
04-20 04:22:59.336 16981 17004 I assembly.assembly.android.mixc-retail-rn84: [assembly.topology] Native topology host already matches desired lifecycle state {"displayCount":2,"displayIndex":0,"deviceId":"J9RZPWR3HK","instanceMode":"MASTER","enableSlave":true,"running":false,"reason":"not-master-or-single-primary-host"}
04-20 04:22:59.336 16981 17004 I assembly.assembly.android.mixc-retail-rn84: [assembly.topology] Native topology host already matches desired lifecycle state {"displayCount":2,"displayIndex":0,"deviceId":"J9RZPWR3HK","instanceMode":"MASTER","enableSlave":true,"running":false,"reason":"not-master-or-single-primary-host"}
04-20 04:22:59.336 16981 17122 D TrafficStats: tagSocket(154) with statsTag=0xffffffff, statsUid=-1
04-20 04:22:59.338 16981 17044 D TrafficStats: tagSocket(128) with statsTag=0xffffffff, statsUid=-1
04-20 04:22:59.345 16981 16996 D EGL_emulation: app_time_stats: avg=88.97ms min=14.10ms max=333.46ms count=14
04-20 04:22:59.360 16981 17004 I assembly.assembly.android.mixc-retail-rn84.transport.http.HttpRuntime: [transport.http] HTTP request completed: kernel.base.tcp-control-runtime-v2.activate-terminal {"endpointName":"kernel.base.tcp-control-runtime-v2.activate-terminal","serverName":"mock-terminal-platform","addressName":"local","status":400}
04-20 04:22:59.362 16981 17004 I assembly.assembly.android.mixc-retail-rn84: [assembly.topology] Native topology host already matches desired lifecycle state {"displayCount":2,"displayIndex":0,"deviceId":"J9RZPWR3HK","instanceMode":"MASTER","enableSlave":true,"running":false,"reason":"not-master-or-single-primary-host"}
04-20 04:22:59.362 16981 17004 I MMKV    : <MMKV_IO.cpp:609::writeActualSize> [mixc-retail-assembly-rn84::state] increase sequence to 31, crc 2956445676, actualSize 14487
04-20 04:22:59.362 16981 17004 I MMKV    : <MMKV.cpp:1208::sync> MMKV::sync, SyncFlag = 1
04-20 04:22:59.364 16981 17004 I assembly.assembly.android.mixc-retail-rn84: [assembly.topology] Native topology host already matches desired lifecycle state {"displayCount":2,"displayIndex":0,"deviceId":"J9RZPWR3HK","instanceMode":"MASTER","enableSlave":true,"running":false,"reason":"not-master-or-single-primary-host"}
04-20 04:22:59.377 17053 17073 I ReactNativeJS: '[runtime-state-sync-apply]', '{"direction":"master-to-slave","incomingSliceNames":["kernel.base.tcp-control-runtime-v2.identity"],"appliedSliceNames":["kernel.base.tcp-control-runtime-v2.identity"],"skippedSliceReasons":[]}'
04-20 04:22:59.379 17053 17074 I assembly.assembly.android.mixc-retail-rn84: [assembly.topology] Native topology host already matches desired lifecycle state {"displayCount":2,"displayIndex":1,"deviceId":"J9RZPWR3HK","instanceMode":"SLAVE","enableSlave":false,"running":false,"reason":"not-master-or-single-primary-host"}
04-20 04:22:59.379 17053 17074 I assembly.assembly.android.mixc-retail-rn84: [assembly.topology] Native topology host already matches desired lifecycle state {"displayCount":2,"displayIndex":1,"deviceId":"J9RZPWR3HK","instanceMode":"SLAVE","enableSlave":false,"running":false,"reason":"not-master-or-single-primary-host"}
