04-21 22:20:21.909 D/CompositionEngine(  515): Layer: com.impos2.mixcretailassemblyrn84/com.impos2.adapterv2.camera.CameraScanActivity#551 had an out of bounds transparent region
04-21 22:20:21.924 D/CompositionEngine(  515): Layer: com.impos2.mixcretailassemblyrn84/com.impos2.adapterv2.camera.CameraScanActivity#551 had an out of bounds transparent region
04-21 22:20:21.941 D/CompositionEngine(  515): Layer: com.impos2.mixcretailassemblyrn84/com.impos2.adapterv2.camera.CameraScanActivity#551 had an out of bounds transparent region
04-21 22:20:21.957 D/CompositionEngine(  515): Layer: com.impos2.mixcretailassemblyrn84/com.impos2.adapterv2.camera.CameraScanActivity#551 had an out of bounds transparent region
04-21 22:20:21.974 D/CompositionEngine(  515): Layer: com.impos2.mixcretailassemblyrn84/com.impos2.adapterv2.camera.CameraScanActivity#551 had an out of bounds transparent region
04-21 22:20:21.991 D/CompositionEngine(  515): Layer: com.impos2.mixcretailassemblyrn84/com.impos2.adapterv2.camera.CameraScanActivity#551 had an out of bounds transparent region
04-21 22:20:22.008 D/CompositionEngine(  515): Layer: com.impos2.mixcretailassemblyrn84/com.impos2.adapterv2.camera.CameraScanActivity#551 had an out of bounds transparent region
04-21 22:20:22.025 D/CompositionEngine(  515): Layer: com.impos2.mixcretailassemblyrn84/com.impos2.adapterv2.camera.CameraScanActivity#551 had an out of bounds transparent region
04-21 22:20:22.041 D/CompositionEngine(  515): Layer: com.impos2.mixcretailassemblyrn84/com.impos2.adapterv2.camera.CameraScanActivity#551 had an out of bounds transparent region
04-21 22:20:22.057 D/CompositionEngine(  515): Layer: com.impos2.mixcretailassemblyrn84/com.impos2.adapterv2.camera.CameraScanActivity#551 had an out of bounds transparent region
04-21 22:20:22.074 D/CompositionEngine(  515): Layer: com.impos2.mixcretailassemblyrn84/com.impos2.adapterv2.camera.CameraScanActivity#551 had an out of bounds transparent region
04-21 22:20:22.091 D/CompositionEngine(  515): Layer: com.impos2.mixcretailassemblyrn84/com.impos2.adapterv2.camera.CameraScanActivity#551 had an out of bounds transparent region
04-21 22:20:22.108 D/CompositionEngine(  515): Layer: com.impos2.mixcretailassemblyrn84/com.impos2.adapterv2.camera.CameraScanActivity#551 had an out of bounds transparent region
04-21 22:20:22.124 D/CompositionEngine(  515): Layer: com.impos2.mixcretailassemblyrn84/com.impos2.adapterv2.camera.CameraScanActivity#551 had an out of bounds transparent region
04-21 22:20:22.141 D/CompositionEngine(  515): Layer: com.impos2.mixcretailassemblyrn84/com.impos2.adapterv2.camera.CameraScanActivity#551 had an out of bounds transparent region
04-21 22:20:22.157 D/CompositionEngine(  515): Layer: com.impos2.mixcretailassemblyrn84/com.impos2.adapterv2.camera.CameraScanActivity#551 had an out of bounds transparent region
04-21 22:20:22.174 D/CompositionEngine(  515): Layer: com.impos2.mixcretailassemblyrn84/com.impos2.adapterv2.camera.CameraScanActivity#551 had an out of bounds transparent region
04-21 22:20:22.191 D/CompositionEngine(  515): Layer: com.impos2.mixcretailassemblyrn84/com.impos2.adapterv2.camera.CameraScanActivity#551 had an out of bounds transparent region
04-21 22:20:22.208 D/CompositionEngine(  515): Layer: com.impos2.mixcretailassemblyrn84/com.impos2.adapterv2.camera.CameraScanActivity#551 had an out of bounds transparent region
04-21 22:20:22.224 D/CompositionEngine(  515): Layer: com.impos2.mixcretailassemblyrn84/com.impos2.adapterv2.camera.CameraScanActivity#551 had an out of bounds transparent region
04-21 22:20:24.319 W/BestClock(  683): java.time.DateTimeException: No network time available
04-21 22:20:24.319 W/BestClock(  683): java.time.DateTimeException: No network time available
04-21 22:20:24.319 W/BestClock(  683): java.time.DateTimeException: No network time available
04-21 22:20:24.319 W/BestClock(  683): java.time.DateTimeException: No network time available
04-21 22:20:24.319 W/BestClock(  683): java.time.DateTimeException: No network time available
04-21 22:20:24.641 E/TaskPersister(  683): File error accessing recents directory (directory doesn't exist?).
04-21 22:20:24.689 D/CompositionEngine(  515): Layer: com.impos2.mixcretailassemblyrn84/com.impos2.adapterv2.camera.CameraScanActivity#551 had an out of bounds transparent region
04-21 22:20:25.351 D/CameraStateMachine( 9754): New public camera state CameraState{type=CLOSING, error=null} from CLOSING and null
04-21 22:20:25.351 D/CameraStateMachine( 9754): Publishing new public camera state CameraState{type=CLOSING, error=null}
04-21 22:20:25.357 D/CompositionEngine(  515): Layer: com.impos2.mixcretailassemblyrn84/com.impos2.adapterv2.camera.CameraScanActivity#551 had an out of bounds transparent region
04-21 22:20:25.390 W/HWUI    ( 8919): Failed to initialize 101010-2 format, error = EGL_SUCCESS
04-21 22:20:25.395 D/CameraStateMachine( 9754): New public camera state CameraState{type=CLOSED, error=null} from CLOSED and null
04-21 22:20:25.395 D/CameraStateMachine( 9754): Publishing new public camera state CameraState{type=CLOSED, error=null}
04-21 22:20:25.424 D/CompositionEngine(  515): Layer: com.impos2.mixcretailassemblyrn84/com.impos2.adapterv2.camera.CameraScanActivity#551 had an out of bounds transparent region
04-21 22:20:25.441 D/CompositionEngine(  515): Layer: com.impos2.mixcretailassemblyrn84/com.impos2.adapterv2.camera.CameraScanActivity#551 had an out of bounds transparent region
04-21 22:20:25.456 V/WindowManagerShell(  957):         {m=TO_BACK f=FILLS_TASK leash=Surface(name=ActivityRecord{1190515 u0 com.impos2.mixcretailassemblyrn84/com.impos2.adapterv2.camera.CameraScanActivity)/@0x5f3d84b sb=Rect(0, 0 - 2560, 1600) eb=Rect(0, 0 - 2560, 1600) epz=Point(2560, 1600) d=0 bc=ff202124 component=com.impos2.mixcretailassemblyrn84/com.impos2.adapterv2.camera.CameraScanActivity opt={t=FROM_STYLE mUserId=0}}
04-21 22:20:25.456 V/WindowManagerShell(  957): Transition doesn't have explicit remote, search filters for match for {id=50 t=OPEN f=0x0 trk=0 r=[0@Point(0, 0)] c=[{m=OPEN f=FILLS_TASK leash=Surface(name=ActivityRecord{12011313 u0 com.google.android.documentsui/com.android.documentsui.picker.PickActivity)/@0x56bd51a sb=Rect(0, 0 - 0, 0) eb=Rect(0, 0 - 2560, 1600) epz=Point(2560, 1600) d=-1->0 r=-1->0:-1 bc=ff202124 component=com.google.android.documentsui/com.android.documentsui.picker.PickActivity opt={t=FROM_STYLE mUserId=0}},{m=TO_BACK f=FILLS_TASK leash=Surface(name=ActivityRecord{1190515 u0 com.impos2.mixcretailassemblyrn84/com.impos2.adapterv2.camera.CameraScanActivity)/@0x5f3d84b sb=Rect(0, 0 - 2560, 1600) eb=Rect(0, 0 - 2560, 1600) epz=Point(2560, 1600) d=0 bc=ff202124 component=com.impos2.mixcretailassemblyrn84/com.impos2.adapterv2.camera.CameraScanActivity opt={t=FROM_STYLE mUserId=0}}]}
04-21 22:20:25.456 V/WindowManagerShell(  957): start default transition animation, info = {id=50 t=OPEN f=0x0 trk=0 r=[0@Point(0, 0)] c=[{m=OPEN f=FILLS_TASK leash=Surface(name=ActivityRecord{12011313 u0 com.google.android.documentsui/com.android.documentsui.picker.PickActivity)/@0x56bd51a sb=Rect(0, 0 - 0, 0) eb=Rect(0, 0 - 2560, 1600) epz=Point(2560, 1600) d=-1->0 r=-1->0:-1 bc=ff202124 component=com.google.android.documentsui/com.android.documentsui.picker.PickActivity opt={t=FROM_STYLE mUserId=0}},{m=TO_BACK f=FILLS_TASK leash=Surface(name=ActivityRecord{1190515 u0 com.impos2.mixcretailassemblyrn84/com.impos2.adapterv2.camera.CameraScanActivity)/@0x5f3d84b sb=Rect(0, 0 - 2560, 1600) eb=Rect(0, 0 - 2560, 1600) epz=Point(2560, 1600) d=0 bc=ff202124 component=com.impos2.mixcretailassemblyrn84/com.impos2.adapterv2.camera.CameraScanActivity opt={t=FROM_STYLE mUserId=0}}]}
04-21 22:20:25.458 D/CompositionEngine(  515): Layer: com.impos2.mixcretailassemblyrn84/com.impos2.adapterv2.camera.CameraScanActivity#551 had an out of bounds transparent region
04-21 22:20:25.465 W/HWUI    ( 8919): Failed to initialize 101010-2 format, error = EGL_SUCCESS
04-21 22:20:25.466 V/WindowManager(  683):     startWCT=WindowContainerTransaction { changes= {} hops= [] errorCallbackToken=null taskFragmentOrganizer=null }
04-21 22:20:25.466 V/WindowManager(  683):         {m=TO_BACK f=FILLS_TASK leash=Surface(name=ActivityRecord{1190515 u0 com.impos2.mixcretailassemblyrn84/com.impos2.adapterv2.camera.CameraScanActivity)/@0x20574c7 sb=Rect(0, 0 - 2560, 1600) eb=Rect(0, 0 - 2560, 1600) epz=Point(2560, 1600) d=0 bc=ff202124 component=com.impos2.mixcretailassemblyrn84/com.impos2.adapterv2.camera.CameraScanActivity opt={t=FROM_STYLE mUserId=0}}
04-21 22:20:25.474 D/CompositionEngine(  515): Layer: com.impos2.mixcretailassemblyrn84/com.impos2.adapterv2.camera.CameraScanActivity#551 had an out of bounds transparent region
04-21 22:20:25.491 D/CompositionEngine(  515): Layer: com.impos2.mixcretailassemblyrn84/com.impos2.adapterv2.camera.CameraScanActivity#551 had an out of bounds transparent region
04-21 22:20:25.492 E/DocsApplication(10412): java.lang.IllegalStateException
04-21 22:20:25.495 D/CompositionEngine(  515): Layer: com.impos2.mixcretailassemblyrn84/com.impos2.adapterv2.camera.CameraScanActivity#551 had an out of bounds transparent region
04-21 22:20:25.507 D/CompositionEngine(  515): Layer: com.impos2.mixcretailassemblyrn84/com.impos2.adapterv2.camera.CameraScanActivity#551 had an out of bounds transparent region
04-21 22:20:25.524 D/CompositionEngine(  515): Layer: com.impos2.mixcretailassemblyrn84/com.impos2.adapterv2.camera.CameraScanActivity#551 had an out of bounds transparent region
04-21 22:20:25.541 D/CompositionEngine(  515): Layer: com.impos2.mixcretailassemblyrn84/com.impos2.adapterv2.camera.CameraScanActivity#551 had an out of bounds transparent region
04-21 22:20:25.557 D/CompositionEngine(  515): Layer: com.impos2.mixcretailassemblyrn84/com.impos2.adapterv2.camera.CameraScanActivity#551 had an out of bounds transparent region
04-21 22:20:25.566 D/NetworkMonitor/101( 1052): PROBE_HTTPS https://www.google.com/generate_204 Probe failed with exception javax.net.ssl.SSLHandshakeException: connection closed
04-21 22:20:25.574 D/CompositionEngine(  515): Layer: com.impos2.mixcretailassemblyrn84/com.impos2.adapterv2.camera.CameraScanActivity#551 had an out of bounds transparent region
04-21 22:20:25.581 I/EmojiCompatManager( 1576): java.lang.IllegalStateException: EmojiCompat is not initialized. Please call EmojiCompat.init() first
04-21 22:20:25.591 D/CompositionEngine(  515): Layer: com.impos2.mixcretailassemblyrn84/com.impos2.adapterv2.camera.CameraScanActivity#551 had an out of bounds transparent region
04-21 22:20:25.594 D/CompositionEngine(  515): Layer: com.impos2.mixcretailassemblyrn84/com.impos2.adapterv2.camera.CameraScanActivity#551 had an out of bounds transparent region
04-21 22:20:25.608 D/CompositionEngine(  515): Layer: com.impos2.mixcretailassemblyrn84/com.impos2.adapterv2.camera.CameraScanActivity#551 had an out of bounds transparent region
04-21 22:20:25.625 D/CompositionEngine(  515): Layer: com.impos2.mixcretailassemblyrn84/com.impos2.adapterv2.camera.CameraScanActivity#551 had an out of bounds transparent region
04-21 22:20:25.641 D/CompositionEngine(  515): Layer: com.impos2.mixcretailassemblyrn84/com.impos2.adapterv2.camera.CameraScanActivity#551 had an out of bounds transparent region
04-21 22:20:25.658 D/CompositionEngine(  515): Layer: com.impos2.mixcretailassemblyrn84/com.impos2.adapterv2.camera.CameraScanActivity#551 had an out of bounds transparent region
04-21 22:20:25.677 D/CompositionEngine(  515): Layer: com.impos2.mixcretailassemblyrn84/com.impos2.adapterv2.camera.CameraScanActivity#551 had an out of bounds transparent region
04-21 22:20:25.691 D/CompositionEngine(  515): Layer: com.impos2.mixcretailassemblyrn84/com.impos2.adapterv2.camera.CameraScanActivity#551 had an out of bounds transparent region
04-21 22:20:25.695 D/CompositionEngine(  515): Layer: com.impos2.mixcretailassemblyrn84/com.impos2.adapterv2.camera.CameraScanActivity#551 had an out of bounds transparent region
04-21 22:20:25.708 D/CompositionEngine(  515): Layer: com.impos2.mixcretailassemblyrn84/com.impos2.adapterv2.camera.CameraScanActivity#551 had an out of bounds transparent region
04-21 22:20:25.724 D/CompositionEngine(  515): Layer: com.impos2.mixcretailassemblyrn84/com.impos2.adapterv2.camera.CameraScanActivity#551 had an out of bounds transparent region
04-21 22:20:25.741 D/CompositionEngine(  515): Layer: com.impos2.mixcretailassemblyrn84/com.impos2.adapterv2.camera.CameraScanActivity#551 had an out of bounds transparent region
04-21 22:20:25.757 D/CompositionEngine(  515): Layer: com.impos2.mixcretailassemblyrn84/com.impos2.adapterv2.camera.CameraScanActivity#551 had an out of bounds transparent region
04-21 22:20:25.774 D/CompositionEngine(  515): Layer: com.impos2.mixcretailassemblyrn84/com.impos2.adapterv2.camera.CameraScanActivity#551 had an out of bounds transparent region
04-21 22:20:25.791 D/CompositionEngine(  515): Layer: com.impos2.mixcretailassemblyrn84/com.impos2.adapterv2.camera.CameraScanActivity#551 had an out of bounds transparent region
04-21 22:20:25.795 D/CompositionEngine(  515): Layer: com.impos2.mixcretailassemblyrn84/com.impos2.adapterv2.camera.CameraScanActivity#551 had an out of bounds transparent region
04-21 22:20:25.807 D/CompositionEngine(  515): Layer: com.impos2.mixcretailassemblyrn84/com.impos2.adapterv2.camera.CameraScanActivity#551 had an out of bounds transparent region
04-21 22:20:25.825 D/CompositionEngine(  515): Layer: com.impos2.mixcretailassemblyrn84/com.impos2.adapterv2.camera.CameraScanActivity#551 had an out of bounds transparent region
04-21 22:20:25.841 D/CompositionEngine(  515): Layer: com.impos2.mixcretailassemblyrn84/com.impos2.adapterv2.camera.CameraScanActivity#551 had an out of bounds transparent region
04-21 22:20:25.857 D/CompositionEngine(  515): Layer: com.impos2.mixcretailassemblyrn84/com.impos2.adapterv2.camera.CameraScanActivity#551 had an out of bounds transparent region
04-21 22:20:25.874 D/CompositionEngine(  515): Layer: com.impos2.mixcretailassemblyrn84/com.impos2.adapterv2.camera.CameraScanActivity#551 had an out of bounds transparent region
04-21 22:20:25.891 D/CompositionEngine(  515): Layer: com.impos2.mixcretailassemblyrn84/com.impos2.adapterv2.camera.CameraScanActivity#551 had an out of bounds transparent region
04-21 22:20:25.895 D/CompositionEngine(  515): Layer: com.impos2.mixcretailassemblyrn84/com.impos2.adapterv2.camera.CameraScanActivity#551 had an out of bounds transparent region
04-21 22:20:25.907 D/CompositionEngine(  515): Layer: com.impos2.mixcretailassemblyrn84/com.impos2.adapterv2.camera.CameraScanActivity#551 had an out of bounds transparent region
04-21 22:20:25.924 D/CompositionEngine(  515): Layer: com.impos2.mixcretailassemblyrn84/com.impos2.adapterv2.camera.CameraScanActivity#551 had an out of bounds transparent region
04-21 22:20:25.927 D/VRI[CameraScanActivity]( 9754): visibilityChanged oldVisibility=true newVisibility=false
04-21 22:20:26.559 W/HWUI    ( 1096): Failed to initialize 101010-2 format, error = EGL_SUCCESS
04-21 22:20:27.325 W/BestClock(  683): java.time.DateTimeException: No network time available
04-21 22:20:27.325 W/BestClock(  683): java.time.DateTimeException: No network time available
04-21 22:20:27.325 W/BestClock(  683): java.time.DateTimeException: No network time available
04-21 22:20:27.325 W/BestClock(  683): java.time.DateTimeException: No network time available
04-21 22:20:27.325 W/BestClock(  683): java.time.DateTimeException: No network time available
04-21 22:20:27.617 I/MediaProvider( 1626): Open with lower FS for /storage/emulated/0/Download/master-topology-qr-reset.png. Uid: 10095
04-21 22:20:27.638 V/WindowManager(  683):     startWCT=WindowContainerTransaction { changes= {} hops= [] errorCallbackToken=null taskFragmentOrganizer=null }
04-21 22:20:27.638 V/WindowManager(  683):         {m=TO_FRONT f=FILLS_TASK leash=Surface(name=ActivityRecord{1190515 u0 com.impos2.mixcretailassemblyrn84/com.impos2.adapterv2.camera.CameraScanActivity)/@0x20574c7 sb=Rect(0, 0 - 2560, 1600) eb=Rect(0, 0 - 2560, 1600) epz=Point(2560, 1600) d=0 bc=ff202124 component=com.impos2.mixcretailassemblyrn84/com.impos2.adapterv2.camera.CameraScanActivity opt={t=FROM_STYLE mUserId=0}}
04-21 22:20:27.638 V/WindowManagerShell(  957):         {m=TO_FRONT f=FILLS_TASK leash=Surface(name=ActivityRecord{1190515 u0 com.impos2.mixcretailassemblyrn84/com.impos2.adapterv2.camera.CameraScanActivity)/@0x3406f17 sb=Rect(0, 0 - 2560, 1600) eb=Rect(0, 0 - 2560, 1600) epz=Point(2560, 1600) d=0 bc=ff202124 component=com.impos2.mixcretailassemblyrn84/com.impos2.adapterv2.camera.CameraScanActivity opt={t=FROM_STYLE mUserId=0}}
04-21 22:20:27.638 V/WindowManagerShell(  957): Transition doesn't have explicit remote, search filters for match for {id=51 t=CLOSE f=0x0 trk=0 r=[0@Point(0, 0)] c=[{m=CLOSE f=FILLS_TASK leash=Surface(name=ActivityRecord{12011313 u0 com.google.android.documentsui/com.android.documentsui.picker.PickActivity)/@0x47c9796 sb=Rect(0, 0 - 2560, 1600) eb=Rect(0, 0 - 2560, 1600) epz=Point(2560, 1600) d=0 bc=ff202124 component=com.google.android.documentsui/com.android.documentsui.picker.PickActivity opt={t=FROM_STYLE mUserId=0}},{m=TO_FRONT f=FILLS_TASK leash=Surface(name=ActivityRecord{1190515 u0 com.impos2.mixcretailassemblyrn84/com.impos2.adapterv2.camera.CameraScanActivity)/@0x3406f17 sb=Rect(0, 0 - 2560, 1600) eb=Rect(0, 0 - 2560, 1600) epz=Point(2560, 1600) d=0 bc=ff202124 component=com.impos2.mixcretailassemblyrn84/com.impos2.adapterv2.camera.CameraScanActivity opt={t=FROM_STYLE mUserId=0}}]}
04-21 22:20:27.639 V/WindowManagerShell(  957): start default transition animation, info = {id=51 t=CLOSE f=0x0 trk=0 r=[0@Point(0, 0)] c=[{m=CLOSE f=FILLS_TASK leash=Surface(name=ActivityRecord{12011313 u0 com.google.android.documentsui/com.android.documentsui.picker.PickActivity)/@0x47c9796 sb=Rect(0, 0 - 2560, 1600) eb=Rect(0, 0 - 2560, 1600) epz=Point(2560, 1600) d=0 bc=ff202124 component=com.google.android.documentsui/com.android.documentsui.picker.PickActivity opt={t=FROM_STYLE mUserId=0}},{m=TO_FRONT f=FILLS_TASK leash=Surface(name=ActivityRecord{1190515 u0 com.impos2.mixcretailassemblyrn84/com.impos2.adapterv2.camera.CameraScanActivity)/@0x3406f17 sb=Rect(0, 0 - 2560, 1600) eb=Rect(0, 0 - 2560, 1600) epz=Point(2560, 1600) d=0 bc=ff202124 component=com.impos2.mixcretailassemblyrn84/com.impos2.adapterv2.camera.CameraScanActivity opt={t=FROM_STYLE mUserId=0}}]}
04-21 22:20:27.641 D/CompositionEngine(  515): Layer: com.impos2.mixcretailassemblyrn84/com.impos2.adapterv2.camera.CameraScanActivity#571 had an out of bounds transparent region
04-21 22:20:27.643 I/ConnectorManager( 9754): call end taskId=b59fe86bd13442aa9f8e4825f80214a0 success=true code=0 duration=6011
04-21 22:20:27.649 I/assembly.assembly.android.mixc-retail-rn84( 9754): [assembly.topology] Native topology host already matches desired lifecycle state {"displayCount":1,"displayIndex":0,"deviceId":"ZJ63NQELD9","instanceMode":"SLAVE","enableSlave":false,"running":false,"reason":"not-master-or-single-primary-host"}
04-21 22:20:27.650 I/assembly.assembly.android.mixc-retail-rn84( 9754): [assembly.topology] Native topology host already matches desired lifecycle state {"displayCount":1,"displayIndex":0,"deviceId":"ZJ63NQELD9","instanceMode":"SLAVE","enableSlave":false,"running":false,"reason":"not-master-or-single-primary-host"}
04-21 22:20:27.650 I/assembly.assembly.android.mixc-retail-rn84( 9754): [assembly.topology] Native topology host already matches desired lifecycle state {"displayCount":1,"displayIndex":0,"deviceId":"ZJ63NQELD9","instanceMode":"SLAVE","enableSlave":false,"running":false,"reason":"not-master-or-single-primary-host"}
04-21 22:20:27.651 I/assembly.assembly.android.mixc-retail-rn84( 9754): [assembly.topology] Native topology host already matches desired lifecycle state {"displayCount":1,"displayIndex":0,"deviceId":"ZJ63NQELD9","instanceMode":"SLAVE","enableSlave":false,"running":false,"reason":"not-master-or-single-primary-host"}
04-21 22:20:27.651 I/assembly.assembly.android.mixc-retail-rn84( 9754): [assembly.topology] Native topology host already matches desired lifecycle state {"displayCount":1,"displayIndex":0,"deviceId":"ZJ63NQELD9","instanceMode":"SLAVE","enableSlave":false,"running":false,"reason":"not-master-or-single-primary-host"}
04-21 22:20:27.651 I/assembly.assembly.android.mixc-retail-rn84( 9754): [assembly.topology] Create assembly topology socket binding {"displayIndex":0,"role":"slave","localNodeId":"master:ZJ63NQELD9","masterNodeId":"master:6Z2H3BSGEY","wsUrl":"ws://127.0.0.1:18889/mockMasterServer/ws","httpBaseUrl":"http://127.0.0.1:18889/mockMasterServer","resolvedServerBaseUrl":"http://127.0.0.1:18889/mockMasterServer","resolvedPathTemplate":"/ws"}
04-21 22:20:27.652 I/ReactNativeJS( 9754): '[assembly.android.mixc-retail-rn84.websocket] connect', { url: 'ws://127.0.0.1:18889/mockMasterServer/ws',
04-21 22:20:27.652 I/ReactNativeJS( 9754):   protocol: 'ws',
04-21 22:20:27.652 I/ReactNativeJS( 9754):   host: '127.0.0.1:18889',
04-21 22:20:27.652 I/ReactNativeJS( 9754):   pathname: '/mockMasterServer/ws' }
04-21 22:20:27.652 I/assembly.assembly.android.mixc-retail-rn84.transport.ws.SocketRuntime( 9754): [transport.ws] Socket connect started: assembly.android.mixc-retail-rn84.topology {"profileName":"assembly.android.mixc-retail-rn84.topology","serverName":"dual-topology-host-v3","addressName":"dynamic-topology-host"}
04-21 22:20:27.658 D/CompositionEngine(  515): Layer: com.impos2.mixcretailassemblyrn84/com.impos2.adapterv2.camera.CameraScanActivity#571 had an out of bounds transparent region
04-21 22:20:27.674 D/CompositionEngine(  515): Layer: com.impos2.mixcretailassemblyrn84/com.impos2.adapterv2.camera.CameraScanActivity#571 had an out of bounds transparent region
04-21 22:20:27.675 V/WindowManagerShell(  957):         {m=CLOSE f=FILLS_TASK|IS_OCCLUDED leash=Surface(name=ActivityRecord{1190515 u0 com.impos2.mixcretailassemblyrn84/com.impos2.adapterv2.camera.CameraScanActivity)/@0x6a45ca5 sb=Rect(0, 0 - 2560, 1600) eb=Rect(0, 0 - 2560, 1600) epz=Point(2560, 1600) d=0 bc=ff202124 component=com.impos2.mixcretailassemblyrn84/com.impos2.adapterv2.camera.CameraScanActivity opt={t=FROM_STYLE mUserId=0}},
04-21 22:20:27.675 V/WindowManager(  683):     startWCT=WindowContainerTransaction { changes= {} hops= [] errorCallbackToken=null taskFragmentOrganizer=null }
04-21 22:20:27.675 V/WindowManager(  683):         {m=CLOSE f=FILLS_TASK|IS_OCCLUDED leash=Surface(name=ActivityRecord{1190515 u0 com.impos2.mixcretailassemblyrn84/com.impos2.adapterv2.camera.CameraScanActivity)/@0x20574c7 sb=Rect(0, 0 - 2560, 1600) eb=Rect(0, 0 - 2560, 1600) epz=Point(2560, 1600) d=0 bc=ff202124 component=com.impos2.mixcretailassemblyrn84/com.impos2.adapterv2.camera.CameraScanActivity opt={t=FROM_STYLE mUserId=0}},
04-21 22:20:27.680 V/WindowManagerShell(  957): Transition doesn't have explicit remote, search filters for match for {id=52 t=CLOSE f=0x0 trk=0 r=[0@Point(0, 0)] c=[{m=CLOSE f=FILLS_TASK|IS_OCCLUDED leash=Surface(name=ActivityRecord{1190515 u0 com.impos2.mixcretailassemblyrn84/com.impos2.adapterv2.camera.CameraScanActivity)/@0x6a45ca5 sb=Rect(0, 0 - 2560, 1600) eb=Rect(0, 0 - 2560, 1600) epz=Point(2560, 1600) d=0 bc=ff202124 component=com.impos2.mixcretailassemblyrn84/com.impos2.adapterv2.camera.CameraScanActivity opt={t=FROM_STYLE mUserId=0}},{m=TO_FRONT f=FILLS_TASK leash=Surface(name=ActivityRecord{228306643 u0 com.impos2.mixcretailassemblyrn84/.MainActivity)/@0x4d3e87a sb=Rect(0, 0 - 2560, 1600) eb=Rect(0, 0 - 2560, 1600) epz=Point(2560, 1600) d=0 bc=ff202124 component=com.impos2.mixcretailassemblyrn84/.MainActivity opt={t=FROM_STYLE mUserId=0}}]}
04-21 22:20:27.680 V/WindowManagerShell(  957): start default transition animation, info = {id=52 t=CLOSE f=0x0 trk=0 r=[0@Point(0, 0)] c=[{m=CLOSE f=FILLS_TASK|IS_OCCLUDED leash=Surface(name=ActivityRecord{1190515 u0 com.impos2.mixcretailassemblyrn84/com.impos2.adapterv2.camera.CameraScanActivity)/@0x6a45ca5 sb=Rect(0, 0 - 2560, 1600) eb=Rect(0, 0 - 2560, 1600) epz=Point(2560, 1600) d=0 bc=ff202124 component=com.impos2.mixcretailassemblyrn84/com.impos2.adapterv2.camera.CameraScanActivity opt={t=FROM_STYLE mUserId=0}},{m=TO_FRONT f=FILLS_TASK leash=Surface(name=ActivityRecord{228306643 u0 com.impos2.mixcretailassemblyrn84/.MainActivity)/@0x4d3e87a sb=Rect(0, 0 - 2560, 1600) eb=Rect(0, 0 - 2560, 1600) epz=Point(2560, 1600) d=0 bc=ff202124 component=com.impos2.mixcretailassemblyrn84/.MainActivity opt={t=FROM_STYLE mUserId=0}}]}
04-21 22:20:27.683 I/EmojiCompatManager( 1576): java.lang.IllegalStateException: EmojiCompat is not initialized. Please call EmojiCompat.init() first
04-21 22:20:27.691 D/CompositionEngine(  515): Layer: com.impos2.mixcretailassemblyrn84/com.impos2.adapterv2.camera.CameraScanActivity#571 had an out of bounds transparent region
04-21 22:20:27.699 I/EmojiCompatManager( 1576): java.lang.IllegalStateException: EmojiCompat is not initialized. Please call EmojiCompat.init() first
04-21 22:20:27.700 I/assembly.assembly.android.mixc-retail-rn84( 9754): [assembly.topology] Native topology host already matches desired lifecycle state {"displayCount":1,"displayIndex":0,"deviceId":"ZJ63NQELD9","instanceMode":"SLAVE","enableSlave":false,"running":false,"reason":"not-master-or-single-primary-host"}
04-21 22:20:27.700 I/assembly.assembly.android.mixc-retail-rn84( 9754): [assembly.topology] Native topology host already matches desired lifecycle state {"displayCount":1,"displayIndex":0,"deviceId":"ZJ63NQELD9","instanceMode":"SLAVE","enableSlave":false,"running":false,"reason":"not-master-or-single-primary-host"}
04-21 22:20:27.700 I/assembly.assembly.android.mixc-retail-rn84( 9754): [assembly.topology] Native topology host already matches desired lifecycle state {"displayCount":1,"displayIndex":0,"deviceId":"ZJ63NQELD9","instanceMode":"SLAVE","enableSlave":false,"running":false,"reason":"not-master-or-single-primary-host"}
04-21 22:20:27.700 I/assembly.assembly.android.mixc-retail-rn84( 9754): [assembly.topology] Native topology host already matches desired lifecycle state {"displayCount":1,"displayIndex":0,"deviceId":"ZJ63NQELD9","instanceMode":"SLAVE","enableSlave":false,"running":false,"reason":"not-master-or-single-primary-host"}
04-21 22:20:27.700 I/assembly.assembly.android.mixc-retail-rn84( 9754): [assembly.topology] Native topology host already matches desired lifecycle state {"displayCount":1,"displayIndex":0,"deviceId":"ZJ63NQELD9","instanceMode":"SLAVE","enableSlave":false,"running":false,"reason":"not-master-or-single-primary-host"}
04-21 22:20:27.700 I/assembly.assembly.android.mixc-retail-rn84( 9754): [assembly.topology] Native topology host already matches desired lifecycle state {"displayCount":1,"displayIndex":0,"deviceId":"ZJ63NQELD9","instanceMode":"SLAVE","enableSlave":false,"running":false,"reason":"not-master-or-single-primary-host"}
04-21 22:20:27.706 I/assembly.assembly.android.mixc-retail-rn84( 9754): [assembly.topology] Native topology host already matches desired lifecycle state {"displayCount":1,"displayIndex":0,"deviceId":"ZJ63NQELD9","instanceMode":"SLAVE","enableSlave":false,"running":false,"reason":"not-master-or-single-primary-host"}
04-21 22:20:27.707 D/CompositionEngine(  515): Layer: com.impos2.mixcretailassemblyrn84/com.impos2.adapterv2.camera.CameraScanActivity#571 had an out of bounds transparent region
04-21 22:20:27.711 I/assembly.assembly.android.mixc-retail-rn84( 9754): [assembly.topology] Native topology host already matches desired lifecycle state {"displayCount":1,"displayIndex":0,"deviceId":"ZJ63NQELD9","instanceMode":"SLAVE","enableSlave":false,"running":false,"reason":"not-master-or-single-primary-host"}
04-21 22:20:27.711 I/assembly.assembly.android.mixc-retail-rn84( 9754): [assembly.topology] Native topology host already matches desired lifecycle state {"displayCount":1,"displayIndex":0,"deviceId":"ZJ63NQELD9","instanceMode":"SLAVE","enableSlave":false,"running":false,"reason":"not-master-or-single-primary-host"}
04-21 22:20:27.711 I/assembly.assembly.android.mixc-retail-rn84( 9754): [assembly.topology] Native topology host already matches desired lifecycle state {"displayCount":1,"displayIndex":0,"deviceId":"ZJ63NQELD9","instanceMode":"SLAVE","enableSlave":false,"running":false,"reason":"not-master-or-single-primary-host"}
04-21 22:20:27.714 I/ReactNativeJS( 9754): '[runtime-state-sync-apply]', '{"direction":"master-to-slave","incomingSliceNames":["kernel.base.topology-runtime-v3.demo.master","kernel.base.tcp-control-runtime-v2.identity","kernel.base.tcp-control-runtime-v2.credential","kernel.base.tcp-control-runtime-v2.binding","kernel.base.tcp-control-runtime-v2.sandbox","kernel.base.tdp-sync-runtime-v2.hot-update","kernel.base.ui-runtime-v2.screen.main","kernel.base.ui-runtime-v2.overlay.main","kernel.base.ui-runtime-v2.ui-variable.main"],"appliedSliceNames":["kernel.base.topology-runtime-v3.demo.master","kernel.base.tcp-control-runtime-v2.identity","kernel.base.tcp-control-runtime-v2.credential","kernel.base.tcp-control-runtime-v2.binding","kernel.base.tcp-control-runtime-v2.sandbox","kernel.base.tdp-sync-runtime-v2.hot-update","kernel.base.ui-runtime-v2.screen.main","kernel.base.ui-runtime-v2.overlay.main","kernel.base.ui-runtime-v2.ui-variable.main"],"skippedSliceReasons":[]}'
04-21 22:20:27.716 I/assembly.assembly.android.mixc-retail-rn84( 9754): [assembly.topology] Native topology host already matches desired lifecycle state {"displayCount":1,"displayIndex":0,"deviceId":"ZJ63NQELD9","instanceMode":"SLAVE","enableSlave":false,"running":false,"reason":"not-master-or-single-primary-host"}
04-21 22:20:27.719 I/assembly.assembly.android.mixc-retail-rn84( 9754): [assembly.topology] Native topology host already matches desired lifecycle state {"displayCount":1,"displayIndex":0,"deviceId":"ZJ63NQELD9","instanceMode":"SLAVE","enableSlave":false,"running":false,"reason":"not-master-or-single-primary-host"}
04-21 22:20:27.725 D/CompositionEngine(  515): Layer: com.impos2.mixcretailassemblyrn84/com.impos2.adapterv2.camera.CameraScanActivity#571 had an out of bounds transparent region
04-21 22:20:27.741 D/CompositionEngine(  515): Layer: com.impos2.mixcretailassemblyrn84/com.impos2.adapterv2.camera.CameraScanActivity#571 had an out of bounds transparent region
04-21 22:20:27.757 D/CompositionEngine(  515): Layer: com.impos2.mixcretailassemblyrn84/com.impos2.adapterv2.camera.CameraScanActivity#571 had an out of bounds transparent region
04-21 22:20:27.774 D/CompositionEngine(  515): Layer: com.impos2.mixcretailassemblyrn84/com.impos2.adapterv2.camera.CameraScanActivity#571 had an out of bounds transparent region
04-21 22:20:27.791 D/CompositionEngine(  515): Layer: com.impos2.mixcretailassemblyrn84/com.impos2.adapterv2.camera.CameraScanActivity#571 had an out of bounds transparent region
04-21 22:20:27.808 D/CompositionEngine(  515): Layer: com.impos2.mixcretailassemblyrn84/com.impos2.adapterv2.camera.CameraScanActivity#571 had an out of bounds transparent region
04-21 22:20:27.824 D/CompositionEngine(  515): Layer: com.impos2.mixcretailassemblyrn84/com.impos2.adapterv2.camera.CameraScanActivity#571 had an out of bounds transparent region
04-21 22:20:28.145 D/VRI[CameraScanActivity]( 9754): visibilityChanged oldVisibility=true newVisibility=false
04-21 22:20:28.163 D/CoreBackPreview(  683): Window{35afacf u0 com.impos2.mixcretailassemblyrn84/com.impos2.adapterv2.camera.CameraScanActivity}: Setting back callback null
04-21 22:20:28.519 E/GoogleApiManager(10412): java.lang.SecurityException: Unknown calling package name 'com.google.android.gms'.
04-21 22:20:28.519 E/GoogleApiManager(10412): 	at android.os.Parcel.createExceptionOrNull(Parcel.java:3340)
04-21 22:20:28.519 E/GoogleApiManager(10412): 	at android.os.Parcel.createException(Parcel.java:3324)
04-21 22:20:28.519 E/GoogleApiManager(10412): 	at android.os.Parcel.readException(Parcel.java:3307)
04-21 22:20:28.519 E/GoogleApiManager(10412): 	at android.os.Parcel.readException(Parcel.java:3249)
04-21 22:20:28.520 W/FlagRegistrar(10412): fkfd: 17: 17: API: Phenotype.API is not available on this device. Connection failed with: ConnectionResult{statusCode=DEVELOPER_ERROR, resolution=null, message=null}
04-21 22:20:28.520 W/FlagRegistrar(10412): Caused by: axxh: 17: API: Phenotype.API is not available on this device. Connection failed with: ConnectionResult{statusCode=DEVELOPER_ERROR, resolution=null, message=null}
04-21 22:20:28.862 E/TaskPersister(  683): File error accessing recents directory (directory doesn't exist?).
04-21 22:20:30.331 W/BestClock(  683): java.time.DateTimeException: No network time available
04-21 22:20:30.331 W/BestClock(  683): java.time.DateTimeException: No network time available
04-21 22:20:30.331 W/BestClock(  683): java.time.DateTimeException: No network time available
04-21 22:20:30.331 W/BestClock(  683): java.time.DateTimeException: No network time available
04-21 22:20:30.331 W/BestClock(  683): java.time.DateTimeException: No network time available
04-21 22:20:33.337 W/BestClock(  683): java.time.DateTimeException: No network time available
04-21 22:20:33.337 W/BestClock(  683): java.time.DateTimeException: No network time available
04-21 22:20:33.337 W/BestClock(  683): java.time.DateTimeException: No network time available
04-21 22:20:33.337 W/BestClock(  683): java.time.DateTimeException: No network time available
04-21 22:20:33.337 W/BestClock(  683): java.time.DateTimeException: No network time available
04-21 22:20:36.342 W/BestClock(  683): java.time.DateTimeException: No network time available
04-21 22:20:36.343 W/BestClock(  683): java.time.DateTimeException: No network time available
04-21 22:20:36.343 W/BestClock(  683): java.time.DateTimeException: No network time available
04-21 22:20:36.343 W/BestClock(  683): java.time.DateTimeException: No network time available
04-21 22:20:36.343 W/BestClock(  683): java.time.DateTimeException: No network time available
04-21 22:20:37.097 D/NetworkMonitor/101( 1052): PROBE_HTTPS https://www.google.com/generate_204 Probe failed with exception javax.net.ssl.SSLHandshakeException: connection closed
04-21 22:20:39.349 W/BestClock(  683): java.time.DateTimeException: No network time available
04-21 22:20:39.349 W/BestClock(  683): java.time.DateTimeException: No network time available
04-21 22:20:39.349 W/BestClock(  683): java.time.DateTimeException: No network time available
04-21 22:20:39.349 W/BestClock(  683): java.time.DateTimeException: No network time available
04-21 22:20:39.349 W/BestClock(  683): java.time.DateTimeException: No network time available
04-21 22:20:42.358 W/BestClock(  683): java.time.DateTimeException: No network time available
04-21 22:20:42.358 W/BestClock(  683): java.time.DateTimeException: No network time available
04-21 22:20:42.358 W/BestClock(  683): java.time.DateTimeException: No network time available
04-21 22:20:42.358 W/BestClock(  683): java.time.DateTimeException: No network time available
04-21 22:20:42.358 W/BestClock(  683): java.time.DateTimeException: No network time available
04-21 22:20:45.368 W/BestClock(  683): java.time.DateTimeException: No network time available
04-21 22:20:45.369 W/BestClock(  683): java.time.DateTimeException: No network time available
04-21 22:20:45.369 W/BestClock(  683): java.time.DateTimeException: No network time available
04-21 22:20:45.369 W/BestClock(  683): java.time.DateTimeException: No network time available
04-21 22:20:45.369 W/BestClock(  683): java.time.DateTimeException: No network time available
