04-21 22:20:24.319 W/BestClock(  683): java.time.DateTimeException: No network time available
04-21 22:20:24.319 W/BestClock(  683): java.time.DateTimeException: No network time available
04-21 22:20:24.319 W/BestClock(  683): java.time.DateTimeException: No network time available
04-21 22:20:24.641 E/TaskPersister(  683): File error accessing recents directory (directory doesn't exist?).
04-21 22:20:25.351 D/CameraStateMachine( 9754): New public camera state CameraState{type=CLOSING, error=null} from CLOSING and null
04-21 22:20:25.351 D/CameraStateMachine( 9754): Publishing new public camera state CameraState{type=CLOSING, error=null}
04-21 22:20:25.390 W/HWUI    ( 8919): Failed to initialize 101010-2 format, error = EGL_SUCCESS
04-21 22:20:25.395 D/CameraStateMachine( 9754): New public camera state CameraState{type=CLOSED, error=null} from CLOSED and null
04-21 22:20:25.395 D/CameraStateMachine( 9754): Publishing new public camera state CameraState{type=CLOSED, error=null}
04-21 22:20:25.465 W/HWUI    ( 8919): Failed to initialize 101010-2 format, error = EGL_SUCCESS
04-21 22:20:25.466 V/WindowManager(  683):     startWCT=WindowContainerTransaction { changes= {} hops= [] errorCallbackToken=null taskFragmentOrganizer=null }
04-21 22:20:25.492 E/DocsApplication(10412): java.lang.IllegalStateException
04-21 22:20:25.566 D/NetworkMonitor/101( 1052): PROBE_HTTPS https://www.google.com/generate_204 Probe failed with exception javax.net.ssl.SSLHandshakeException: connection closed
04-21 22:20:25.581 I/EmojiCompatManager( 1576): java.lang.IllegalStateException: EmojiCompat is not initialized. Please call EmojiCompat.init() first
04-21 22:20:26.559 W/HWUI    ( 1096): Failed to initialize 101010-2 format, error = EGL_SUCCESS
04-21 22:20:27.325 W/BestClock(  683): java.time.DateTimeException: No network time available
04-21 22:20:27.325 W/BestClock(  683): java.time.DateTimeException: No network time available
04-21 22:20:27.325 W/BestClock(  683): java.time.DateTimeException: No network time available
04-21 22:20:27.325 W/BestClock(  683): java.time.DateTimeException: No network time available
04-21 22:20:27.325 W/BestClock(  683): java.time.DateTimeException: No network time available
04-21 22:20:27.617 I/MediaProvider( 1626): Open with lower FS for /storage/emulated/0/Download/master-topology-qr-reset.png. Uid: 10095
04-21 22:20:27.638 V/WindowManager(  683):     startWCT=WindowContainerTransaction { changes= {} hops= [] errorCallbackToken=null taskFragmentOrganizer=null }
04-21 22:20:27.649 I/assembly.assembly.android.mixc-retail-rn84( 9754): [assembly.topology] Native topology host already matches desired lifecycle state {"displayCount":1,"displayIndex":0,"deviceId":"ZJ63NQELD9","instanceMode":"SLAVE","enableSlave":false,"running":false,"reason":"not-master-or-single-primary-host"}
04-21 22:20:27.650 I/assembly.assembly.android.mixc-retail-rn84( 9754): [assembly.topology] Native topology host already matches desired lifecycle state {"displayCount":1,"displayIndex":0,"deviceId":"ZJ63NQELD9","instanceMode":"SLAVE","enableSlave":false,"running":false,"reason":"not-master-or-single-primary-host"}
04-21 22:20:27.650 I/assembly.assembly.android.mixc-retail-rn84( 9754): [assembly.topology] Native topology host already matches desired lifecycle state {"displayCount":1,"displayIndex":0,"deviceId":"ZJ63NQELD9","instanceMode":"SLAVE","enableSlave":false,"running":false,"reason":"not-master-or-single-primary-host"}
04-21 22:20:27.651 I/assembly.assembly.android.mixc-retail-rn84( 9754): [assembly.topology] Native topology host already matches desired lifecycle state {"displayCount":1,"displayIndex":0,"deviceId":"ZJ63NQELD9","instanceMode":"SLAVE","enableSlave":false,"running":false,"reason":"not-master-or-single-primary-host"}
04-21 22:20:27.651 I/assembly.assembly.android.mixc-retail-rn84( 9754): [assembly.topology] Native topology host already matches desired lifecycle state {"displayCount":1,"displayIndex":0,"deviceId":"ZJ63NQELD9","instanceMode":"SLAVE","enableSlave":false,"running":false,"reason":"not-master-or-single-primary-host"}
04-21 22:20:27.651 I/assembly.assembly.android.mixc-retail-rn84( 9754): [assembly.topology] Create assembly topology socket binding {"displayIndex":0,"role":"slave","localNodeId":"master:ZJ63NQELD9","masterNodeId":"master:6Z2H3BSGEY","wsUrl":"ws://127.0.0.1:18889/mockMasterServer/ws","httpBaseUrl":"http://127.0.0.1:18889/mockMasterServer","resolvedServerBaseUrl":"http://127.0.0.1:18889/mockMasterServer","resolvedPathTemplate":"/ws"}
04-21 22:20:27.652 I/ReactNativeJS( 9754): '[assembly.android.mixc-retail-rn84.websocket] connect', { url: 'ws://127.0.0.1:18889/mockMasterServer/ws',
04-21 22:20:27.652 I/ReactNativeJS( 9754):   protocol: 'ws',
04-21 22:20:27.652 I/ReactNativeJS( 9754):   host: '127.0.0.1:18889',
04-21 22:20:27.652 I/ReactNativeJS( 9754):   pathname: '/mockMasterServer/ws' }
04-21 22:20:27.652 I/assembly.assembly.android.mixc-retail-rn84.transport.ws.SocketRuntime( 9754): [transport.ws] Socket connect started: assembly.android.mixc-retail-rn84.topology {"profileName":"assembly.android.mixc-retail-rn84.topology","serverName":"dual-topology-host-v3","addressName":"dynamic-topology-host"}
04-21 22:20:27.675 V/WindowManager(  683):     startWCT=WindowContainerTransaction { changes= {} hops= [] errorCallbackToken=null taskFragmentOrganizer=null }
04-21 22:20:27.683 I/EmojiCompatManager( 1576): java.lang.IllegalStateException: EmojiCompat is not initialized. Please call EmojiCompat.init() first
04-21 22:20:27.699 I/EmojiCompatManager( 1576): java.lang.IllegalStateException: EmojiCompat is not initialized. Please call EmojiCompat.init() first
04-21 22:20:27.700 I/assembly.assembly.android.mixc-retail-rn84( 9754): [assembly.topology] Native topology host already matches desired lifecycle state {"displayCount":1,"displayIndex":0,"deviceId":"ZJ63NQELD9","instanceMode":"SLAVE","enableSlave":false,"running":false,"reason":"not-master-or-single-primary-host"}
04-21 22:20:27.700 I/assembly.assembly.android.mixc-retail-rn84( 9754): [assembly.topology] Native topology host already matches desired lifecycle state {"displayCount":1,"displayIndex":0,"deviceId":"ZJ63NQELD9","instanceMode":"SLAVE","enableSlave":false,"running":false,"reason":"not-master-or-single-primary-host"}
04-21 22:20:27.700 I/assembly.assembly.android.mixc-retail-rn84( 9754): [assembly.topology] Native topology host already matches desired lifecycle state {"displayCount":1,"displayIndex":0,"deviceId":"ZJ63NQELD9","instanceMode":"SLAVE","enableSlave":false,"running":false,"reason":"not-master-or-single-primary-host"}
04-21 22:20:27.700 I/assembly.assembly.android.mixc-retail-rn84( 9754): [assembly.topology] Native topology host already matches desired lifecycle state {"displayCount":1,"displayIndex":0,"deviceId":"ZJ63NQELD9","instanceMode":"SLAVE","enableSlave":false,"running":false,"reason":"not-master-or-single-primary-host"}
04-21 22:20:27.700 I/assembly.assembly.android.mixc-retail-rn84( 9754): [assembly.topology] Native topology host already matches desired lifecycle state {"displayCount":1,"displayIndex":0,"deviceId":"ZJ63NQELD9","instanceMode":"SLAVE","enableSlave":false,"running":false,"reason":"not-master-or-single-primary-host"}
04-21 22:20:27.700 I/assembly.assembly.android.mixc-retail-rn84( 9754): [assembly.topology] Native topology host already matches desired lifecycle state {"displayCount":1,"displayIndex":0,"deviceId":"ZJ63NQELD9","instanceMode":"SLAVE","enableSlave":false,"running":false,"reason":"not-master-or-single-primary-host"}
04-21 22:20:27.706 I/assembly.assembly.android.mixc-retail-rn84( 9754): [assembly.topology] Native topology host already matches desired lifecycle state {"displayCount":1,"displayIndex":0,"deviceId":"ZJ63NQELD9","instanceMode":"SLAVE","enableSlave":false,"running":false,"reason":"not-master-or-single-primary-host"}
04-21 22:20:27.711 I/assembly.assembly.android.mixc-retail-rn84( 9754): [assembly.topology] Native topology host already matches desired lifecycle state {"displayCount":1,"displayIndex":0,"deviceId":"ZJ63NQELD9","instanceMode":"SLAVE","enableSlave":false,"running":false,"reason":"not-master-or-single-primary-host"}
04-21 22:20:27.711 I/assembly.assembly.android.mixc-retail-rn84( 9754): [assembly.topology] Native topology host already matches desired lifecycle state {"displayCount":1,"displayIndex":0,"deviceId":"ZJ63NQELD9","instanceMode":"SLAVE","enableSlave":false,"running":false,"reason":"not-master-or-single-primary-host"}
04-21 22:20:27.711 I/assembly.assembly.android.mixc-retail-rn84( 9754): [assembly.topology] Native topology host already matches desired lifecycle state {"displayCount":1,"displayIndex":0,"deviceId":"ZJ63NQELD9","instanceMode":"SLAVE","enableSlave":false,"running":false,"reason":"not-master-or-single-primary-host"}
04-21 22:20:27.714 I/ReactNativeJS( 9754): '[runtime-state-sync-apply]', '{"direction":"master-to-slave","incomingSliceNames":["kernel.base.topology-runtime-v3.demo.master","kernel.base.tcp-control-runtime-v2.identity","kernel.base.tcp-control-runtime-v2.credential","kernel.base.tcp-control-runtime-v2.binding","kernel.base.tcp-control-runtime-v2.sandbox","kernel.base.tdp-sync-runtime-v2.hot-update","kernel.base.ui-runtime-v2.screen.main","kernel.base.ui-runtime-v2.overlay.main","kernel.base.ui-runtime-v2.ui-variable.main"],"appliedSliceNames":["kernel.base.topology-runtime-v3.demo.master","kernel.base.tcp-control-runtime-v2.identity","kernel.base.tcp-control-runtime-v2.credential","kernel.base.tcp-control-runtime-v2.binding","kernel.base.tcp-control-runtime-v2.sandbox","kernel.base.tdp-sync-runtime-v2.hot-update","kernel.base.ui-runtime-v2.screen.main","kernel.base.ui-runtime-v2.overlay.main","kernel.base.ui-runtime-v2.ui-variable.main"],"skippedSliceReasons":[]}'
04-21 22:20:27.716 I/assembly.assembly.android.mixc-retail-rn84( 9754): [assembly.topology] Native topology host already matches desired lifecycle state {"displayCount":1,"displayIndex":0,"deviceId":"ZJ63NQELD9","instanceMode":"SLAVE","enableSlave":false,"running":false,"reason":"not-master-or-single-primary-host"}
04-21 22:20:27.719 I/assembly.assembly.android.mixc-retail-rn84( 9754): [assembly.topology] Native topology host already matches desired lifecycle state {"displayCount":1,"displayIndex":0,"deviceId":"ZJ63NQELD9","instanceMode":"SLAVE","enableSlave":false,"running":false,"reason":"not-master-or-single-primary-host"}
04-21 22:20:28.519 E/GoogleApiManager(10412): java.lang.SecurityException: Unknown calling package name 'com.google.android.gms'.
04-21 22:20:28.519 E/GoogleApiManager(10412): 	at android.os.Parcel.createExceptionOrNull(Parcel.java:3340)
04-21 22:20:28.519 E/GoogleApiManager(10412): 	at android.os.Parcel.createException(Parcel.java:3324)
04-21 22:20:28.519 E/GoogleApiManager(10412): 	at android.os.Parcel.readException(Parcel.java:3307)
04-21 22:20:28.519 E/GoogleApiManager(10412): 	at android.os.Parcel.readException(Parcel.java:3249)
04-21 22:20:28.520 W/FlagRegistrar(10412): fkfd: 17: 17: API: Phenotype.API is not available on this device. Connection failed with: ConnectionResult{statusCode=DEVELOPER_ERROR, resolution=null, message=null}
04-21 22:20:28.520 W/FlagRegistrar(10412): Caused by: axxh: 17: API: Phenotype.API is not available on this device. Connection failed with: ConnectionResult{statusCode=DEVELOPER_ERROR, resolution=null, message=null}
04-21 22:20:28.862 E/TaskPersister(  683): File error accessing recents directory (directory doesn't exist?).
04-21 22:20:30.331 W/BestClock(  683): java.time.DateTimeException: No network time available
04-21 22:20:30.331 W/BestClock(  683): java.time.DateTimeException: No network time available
04-21 22:20:30.331 W/BestClock(  683): java.time.DateTimeException: No network time available
04-21 22:20:30.331 W/BestClock(  683): java.time.DateTimeException: No network time available
04-21 22:20:30.331 W/BestClock(  683): java.time.DateTimeException: No network time available
04-21 22:20:33.337 W/BestClock(  683): java.time.DateTimeException: No network time available
04-21 22:20:33.337 W/BestClock(  683): java.time.DateTimeException: No network time available
04-21 22:20:33.337 W/BestClock(  683): java.time.DateTimeException: No network time available
04-21 22:20:33.337 W/BestClock(  683): java.time.DateTimeException: No network time available
04-21 22:20:33.337 W/BestClock(  683): java.time.DateTimeException: No network time available
04-21 22:20:36.342 W/BestClock(  683): java.time.DateTimeException: No network time available
04-21 22:20:36.343 W/BestClock(  683): java.time.DateTimeException: No network time available
04-21 22:20:36.343 W/BestClock(  683): java.time.DateTimeException: No network time available
04-21 22:20:36.343 W/BestClock(  683): java.time.DateTimeException: No network time available
04-21 22:20:36.343 W/BestClock(  683): java.time.DateTimeException: No network time available
04-21 22:20:37.097 D/NetworkMonitor/101( 1052): PROBE_HTTPS https://www.google.com/generate_204 Probe failed with exception javax.net.ssl.SSLHandshakeException: connection closed
04-21 22:20:39.349 W/BestClock(  683): java.time.DateTimeException: No network time available
04-21 22:20:39.349 W/BestClock(  683): java.time.DateTimeException: No network time available
04-21 22:20:39.349 W/BestClock(  683): java.time.DateTimeException: No network time available
04-21 22:20:39.349 W/BestClock(  683): java.time.DateTimeException: No network time available
04-21 22:20:39.349 W/BestClock(  683): java.time.DateTimeException: No network time available
04-21 22:20:42.358 W/BestClock(  683): java.time.DateTimeException: No network time available
04-21 22:20:42.358 W/BestClock(  683): java.time.DateTimeException: No network time available
04-21 22:20:42.358 W/BestClock(  683): java.time.DateTimeException: No network time available
04-21 22:20:42.358 W/BestClock(  683): java.time.DateTimeException: No network time available
04-21 22:20:42.358 W/BestClock(  683): java.time.DateTimeException: No network time available
04-21 22:20:45.368 W/BestClock(  683): java.time.DateTimeException: No network time available
04-21 22:20:45.369 W/BestClock(  683): java.time.DateTimeException: No network time available
04-21 22:20:45.369 W/BestClock(  683): java.time.DateTimeException: No network time available
04-21 22:20:45.369 W/BestClock(  683): java.time.DateTimeException: No network time available
04-21 22:20:45.369 W/BestClock(  683): java.time.DateTimeException: No network time available
04-21 22:20:48.375 W/BestClock(  683): java.time.DateTimeException: No network time available
04-21 22:20:48.375 W/BestClock(  683): java.time.DateTimeException: No network time available
04-21 22:20:48.375 W/BestClock(  683): java.time.DateTimeException: No network time available
04-21 22:20:48.375 W/BestClock(  683): java.time.DateTimeException: No network time available
04-21 22:20:48.375 W/BestClock(  683): java.time.DateTimeException: No network time available
04-21 22:20:49.640 D/NetworkMonitor/101( 1052): PROBE_HTTPS https://www.google.com/generate_204 Probe failed with exception javax.net.ssl.SSLHandshakeException: connection closed
04-21 22:20:51.378 W/BestClock(  683): java.time.DateTimeException: No network time available
04-21 22:20:51.378 W/BestClock(  683): java.time.DateTimeException: No network time available
04-21 22:20:51.378 W/BestClock(  683): java.time.DateTimeException: No network time available
04-21 22:20:51.378 W/BestClock(  683): java.time.DateTimeException: No network time available
04-21 22:20:51.379 W/BestClock(  683): java.time.DateTimeException: No network time available
04-21 22:20:54.386 W/BestClock(  683): java.time.DateTimeException: No network time available
04-21 22:20:54.387 W/BestClock(  683): java.time.DateTimeException: No network time available
04-21 22:20:54.387 W/BestClock(  683): java.time.DateTimeException: No network time available
04-21 22:20:54.387 W/BestClock(  683): java.time.DateTimeException: No network time available
04-21 22:20:54.387 W/BestClock(  683): java.time.DateTimeException: No network time available
04-21 22:20:57.393 W/BestClock(  683): java.time.DateTimeException: No network time available
04-21 22:20:57.393 W/BestClock(  683): java.time.DateTimeException: No network time available
04-21 22:20:57.393 W/BestClock(  683): java.time.DateTimeException: No network time available
04-21 22:20:57.393 W/BestClock(  683): java.time.DateTimeException: No network time available
04-21 22:20:57.393 W/BestClock(  683): java.time.DateTimeException: No network time available
04-21 22:21:00.401 W/BestClock(  683): java.time.DateTimeException: No network time available
04-21 22:21:00.401 W/BestClock(  683): java.time.DateTimeException: No network time available
04-21 22:21:00.401 W/BestClock(  683): java.time.DateTimeException: No network time available
04-21 22:21:00.401 W/BestClock(  683): java.time.DateTimeException: No network time available
04-21 22:21:00.401 W/BestClock(  683): java.time.DateTimeException: No network time available
04-21 22:21:03.407 W/BestClock(  683): java.time.DateTimeException: No network time available
04-21 22:21:03.407 W/BestClock(  683): java.time.DateTimeException: No network time available
04-21 22:21:03.407 W/BestClock(  683): java.time.DateTimeException: No network time available
04-21 22:21:03.408 W/BestClock(  683): java.time.DateTimeException: No network time available
04-21 22:21:03.408 W/BestClock(  683): java.time.DateTimeException: No network time available
04-21 22:21:04.186 D/NetworkMonitor/101( 1052): PROBE_HTTPS https://www.google.com/generate_204 Probe failed with exception javax.net.ssl.SSLHandshakeException: connection closed
04-21 22:21:06.412 W/BestClock(  683): java.time.DateTimeException: No network time available
04-21 22:21:06.412 W/BestClock(  683): java.time.DateTimeException: No network time available
04-21 22:21:06.412 W/BestClock(  683): java.time.DateTimeException: No network time available
04-21 22:21:06.412 W/BestClock(  683): java.time.DateTimeException: No network time available
04-21 22:21:06.412 W/BestClock(  683): java.time.DateTimeException: No network time available
04-21 22:21:09.419 W/BestClock(  683): java.time.DateTimeException: No network time available
04-21 22:21:09.419 W/BestClock(  683): java.time.DateTimeException: No network time available
04-21 22:21:09.419 W/BestClock(  683): java.time.DateTimeException: No network time available
04-21 22:21:09.419 W/BestClock(  683): java.time.DateTimeException: No network time available
04-21 22:21:09.419 W/BestClock(  683): java.time.DateTimeException: No network time available
04-21 22:21:12.430 W/BestClock(  683): java.time.DateTimeException: No network time available
04-21 22:21:12.431 W/BestClock(  683): java.time.DateTimeException: No network time available
04-21 22:21:12.431 W/BestClock(  683): java.time.DateTimeException: No network time available
04-21 22:21:12.431 W/BestClock(  683): java.time.DateTimeException: No network time available
04-21 22:21:12.431 W/BestClock(  683): java.time.DateTimeException: No network time available
04-21 22:21:15.438 W/BestClock(  683): java.time.DateTimeException: No network time available
04-21 22:21:15.438 W/BestClock(  683): java.time.DateTimeException: No network time available
04-21 22:21:15.438 W/BestClock(  683): java.time.DateTimeException: No network time available
04-21 22:21:15.438 W/BestClock(  683): java.time.DateTimeException: No network time available
04-21 22:21:15.438 W/BestClock(  683): java.time.DateTimeException: No network time available
04-21 22:21:18.450 W/BestClock(  683): java.time.DateTimeException: No network time available
04-21 22:21:18.450 W/BestClock(  683): java.time.DateTimeException: No network time available
04-21 22:21:18.450 W/BestClock(  683): java.time.DateTimeException: No network time available
04-21 22:21:18.450 W/BestClock(  683): java.time.DateTimeException: No network time available
04-21 22:21:18.450 W/BestClock(  683): java.time.DateTimeException: No network time available
04-21 22:21:19.723 W/BestClock(  683): java.time.DateTimeException: No network time available
04-21 22:21:19.723 W/BestClock(  683): java.time.DateTimeException: No network time available
04-21 22:21:19.723 W/BestClock(  683): java.time.DateTimeException: No network time available
04-21 22:21:21.453 W/BestClock(  683): java.time.DateTimeException: No network time available
04-21 22:21:21.454 W/BestClock(  683): java.time.DateTimeException: No network time available
04-21 22:21:21.454 W/BestClock(  683): java.time.DateTimeException: No network time available
04-21 22:21:21.454 W/BestClock(  683): java.time.DateTimeException: No network time available
04-21 22:21:21.454 W/BestClock(  683): java.time.DateTimeException: No network time available
04-21 22:21:22.733 D/NetworkMonitor/101( 1052): PROBE_HTTPS https://www.google.com/generate_204 Probe failed with exception javax.net.ssl.SSLHandshakeException: connection closed
04-21 22:21:24.460 W/BestClock(  683): java.time.DateTimeException: No network time available
04-21 22:21:24.461 W/BestClock(  683): java.time.DateTimeException: No network time available
04-21 22:21:24.461 W/BestClock(  683): java.time.DateTimeException: No network time available
04-21 22:21:24.461 W/BestClock(  683): java.time.DateTimeException: No network time available
04-21 22:21:24.461 W/BestClock(  683): java.time.DateTimeException: No network time available
04-21 22:21:27.469 W/BestClock(  683): java.time.DateTimeException: No network time available
04-21 22:21:27.469 W/BestClock(  683): java.time.DateTimeException: No network time available
04-21 22:21:27.469 W/BestClock(  683): java.time.DateTimeException: No network time available
04-21 22:21:27.469 W/BestClock(  683): java.time.DateTimeException: No network time available
04-21 22:21:27.469 W/BestClock(  683): java.time.DateTimeException: No network time available
04-21 22:21:30.476 W/BestClock(  683): java.time.DateTimeException: No network time available
04-21 22:21:30.477 W/BestClock(  683): java.time.DateTimeException: No network time available
04-21 22:21:30.477 W/BestClock(  683): java.time.DateTimeException: No network time available
04-21 22:21:30.477 W/BestClock(  683): java.time.DateTimeException: No network time available
04-21 22:21:30.477 W/BestClock(  683): java.time.DateTimeException: No network time available
04-21 22:21:33.485 W/BestClock(  683): java.time.DateTimeException: No network time available
04-21 22:21:33.485 W/BestClock(  683): java.time.DateTimeException: No network time available
04-21 22:21:33.485 W/BestClock(  683): java.time.DateTimeException: No network time available
04-21 22:21:33.485 W/BestClock(  683): java.time.DateTimeException: No network time available
04-21 22:21:33.485 W/BestClock(  683): java.time.DateTimeException: No network time available
04-21 22:21:36.489 W/BestClock(  683): java.time.DateTimeException: No network time available
04-21 22:21:36.489 W/BestClock(  683): java.time.DateTimeException: No network time available
04-21 22:21:36.489 W/BestClock(  683): java.time.DateTimeException: No network time available
04-21 22:21:36.489 W/BestClock(  683): java.time.DateTimeException: No network time available
04-21 22:21:36.489 W/BestClock(  683): java.time.DateTimeException: No network time available
04-21 22:21:39.498 W/BestClock(  683): java.time.DateTimeException: No network time available
04-21 22:21:39.498 W/BestClock(  683): java.time.DateTimeException: No network time available
04-21 22:21:39.498 W/BestClock(  683): java.time.DateTimeException: No network time available
04-21 22:21:39.498 W/BestClock(  683): java.time.DateTimeException: No network time available
04-21 22:21:39.498 W/BestClock(  683): java.time.DateTimeException: No network time available
04-21 22:21:42.507 W/BestClock(  683): java.time.DateTimeException: No network time available
04-21 22:21:42.507 W/BestClock(  683): java.time.DateTimeException: No network time available
04-21 22:21:42.507 W/BestClock(  683): java.time.DateTimeException: No network time available
04-21 22:21:42.507 W/BestClock(  683): java.time.DateTimeException: No network time available
04-21 22:21:42.507 W/BestClock(  683): java.time.DateTimeException: No network time available
04-21 22:21:45.518 W/BestClock(  683): java.time.DateTimeException: No network time available
04-21 22:21:45.518 W/BestClock(  683): java.time.DateTimeException: No network time available
04-21 22:21:45.518 W/BestClock(  683): java.time.DateTimeException: No network time available
04-21 22:21:45.518 W/BestClock(  683): java.time.DateTimeException: No network time available
04-21 22:21:45.519 W/BestClock(  683): java.time.DateTimeException: No network time available
04-21 22:21:48.526 W/BestClock(  683): java.time.DateTimeException: No network time available
04-21 22:21:48.526 W/BestClock(  683): java.time.DateTimeException: No network time available
04-21 22:21:48.526 W/BestClock(  683): java.time.DateTimeException: No network time available
04-21 22:21:48.526 W/BestClock(  683): java.time.DateTimeException: No network time available
04-21 22:21:48.526 W/BestClock(  683): java.time.DateTimeException: No network time available
04-21 22:21:49.765 D/NetworkMonitor/101( 1052): PROBE_HTTPS https://www.google.com/generate_204 Probe failed with exception javax.net.ssl.SSLHandshakeException: connection closed
04-21 22:21:51.532 W/BestClock(  683): java.time.DateTimeException: No network time available
04-21 22:21:51.532 W/BestClock(  683): java.time.DateTimeException: No network time available
04-21 22:21:51.532 W/BestClock(  683): java.time.DateTimeException: No network time available
04-21 22:21:51.533 W/BestClock(  683): java.time.DateTimeException: No network time available
04-21 22:21:51.533 W/BestClock(  683): java.time.DateTimeException: No network time available
04-21 22:21:54.542 W/BestClock(  683): java.time.DateTimeException: No network time available
04-21 22:21:54.543 W/BestClock(  683): java.time.DateTimeException: No network time available
04-21 22:21:54.543 W/BestClock(  683): java.time.DateTimeException: No network time available
04-21 22:21:54.543 W/BestClock(  683): java.time.DateTimeException: No network time available
04-21 22:21:54.543 W/BestClock(  683): java.time.DateTimeException: No network time available
04-21 22:21:57.551 W/BestClock(  683): java.time.DateTimeException: No network time available
04-21 22:21:57.551 W/BestClock(  683): java.time.DateTimeException: No network time available
04-21 22:21:57.551 W/BestClock(  683): java.time.DateTimeException: No network time available
04-21 22:21:57.551 W/BestClock(  683): java.time.DateTimeException: No network time available
04-21 22:21:57.551 W/BestClock(  683): java.time.DateTimeException: No network time available
04-21 22:22:00.557 W/BestClock(  683): java.time.DateTimeException: No network time available
04-21 22:22:00.557 W/BestClock(  683): java.time.DateTimeException: No network time available
04-21 22:22:00.557 W/BestClock(  683): java.time.DateTimeException: No network time available
04-21 22:22:00.558 W/BestClock(  683): java.time.DateTimeException: No network time available
04-21 22:22:00.558 W/BestClock(  683): java.time.DateTimeException: No network time available
