04-22 05:16:41.544  2365  2453 I MMKV    : <MemoryFile.cpp:250::mmapOrCleanup> mmap to address [0x7bb58a4000], oldPtr [0x7bc0000000], [/data/data/com.impos2.mixcretailassemblyrn84/files/mmkv/specialCharacter/cac4ff37f0f9b0189974948d3d3aa0fe]
04-22 05:16:41.544  2365  2453 I MMKV    : <MemoryFile.cpp:109::close> closing fd[128], /data/data/com.impos2.mixcretailassemblyrn84/files/mmkv/specialCharacter/cac4ff37f0f9b0189974948d3d3aa0fe
04-22 05:16:41.544  2365  2453 I MMKV    : <MMKV_IO.cpp:609::writeActualSize> [mixc-retail-assembly-rn84::state] increase sequence to 4, crc 1980896996, actualSize 22257
04-22 05:16:41.544  2365  2453 I MMKV    : <MMKV.cpp:1208::sync> MMKV::sync, SyncFlag = 1
04-22 05:16:41.548  2365  2453 I assembly.android.mixc-retail-rn84.boot: {"stage":"runtime.start:done","displayIndex":0,"displayCount":1}
04-22 05:16:41.549  2365  2453 I assembly.assembly.android.mixc-retail-rn84: [assembly.topology] Native topology host already matches desired lifecycle state {"displayCount":1,"displayIndex":0,"deviceId":"ZJ63NQELD9","instanceMode":"MASTER","enableSlave":false,"running":false,"reason":"not-master-or-single-primary-host"}
04-22 05:16:41.552  2365  2453 I assembly.android.mixc-retail-rn84.boot: {"stage":"automation.host:start","displayIndex":0,"displayCount":1,"target":"primary","host":"127.0.0.1","port":18584,"generation":"automation-host-2-31659092563637"}
04-22 05:16:41.554  2365  2453 I MMKV    : <MMKV_IO.cpp:609::writeActualSize> [mixc-retail-assembly-rn84::state] increase sequence to 5, crc 1356988127, actualSize 22269
04-22 05:16:41.554  2365  2453 I MMKV    : <MMKV.cpp:1208::sync> MMKV::sync, SyncFlag = 1
04-22 05:16:41.569  2365  2453 I MMKV    : <MMKV_IO.cpp:609::writeActualSize> [mixc-retail-assembly-rn84::state] increase sequence to 6, crc 1667372463, actualSize 22269
04-22 05:16:41.569  2365  2453 I MMKV    : <MMKV.cpp:1208::sync> MMKV::sync, SyncFlag = 1
04-22 05:16:41.575  2365  2453 I assembly.android.mixc-retail-rn84.boot: {"stage":"app-load-complete:start","displayIndex":0}
04-22 05:16:41.576  2365  2453 I StartupAudit: app_load_complete displayIndex=0 pid=2365 time=2026-04-22 05:16:41.576
04-22 05:16:41.577  2365  2453 I StartupAudit: secondary_launch_scheduled pid=2365 time=2026-04-22 05:16:41.577
04-22 05:16:41.579   957  1041 V WindowManagerShell: Transition animation finished (aborted=false), notifying core (#189) android.os.BinderProxy@101451f@0
04-22 05:16:41.580   683   731 V WindowManager: Finish Transition (#189): created at 04-22 05:16:41.231 collect-started=0.015ms request-sent=4.577ms started=5.617ms ready=35.243ms sent=35.941ms commit=23.2ms finished=349.247ms
04-22 05:16:41.582   957  1041 V WindowManagerShell: Track 0 became idle
04-22 05:16:41.582  1096  1096 D VRI[NexusLauncherActivity]: visibilityChanged oldVisibility=true newVisibility=false
04-22 05:16:41.583   957  1041 V WindowManagerShell: All active transition animations finished
04-22 05:16:41.586  2365  2453 I MMKV    : <MMKV_IO.cpp:609::writeActualSize> [mixc-retail-assembly-rn84::state] increase sequence to 7, crc 2394548487, actualSize 22269
04-22 05:16:41.586  2365  2453 I MMKV    : <MMKV.cpp:1208::sync> MMKV::sync, SyncFlag = 1
04-22 05:16:41.590  1096  1096 D NexusLauncherModelDelegate: notifySmartspaceEvent: SmartspaceTargetEvent{mSmartspaceTarget=null, mSmartspaceActionId='null', mEventType=7}
04-22 05:16:41.597  1096  1096 D BaseDepthController: setSurface:
04-22 05:16:41.597  1096  1096 D BaseDepthController: 	mWaitingOnSurfaceValidity: false
04-22 05:16:41.597  1096  1096 D BaseDepthController: 	mBaseSurface: null
04-22 05:16:41.597  1096  1096 D BaseDepthController: mSurface is null and mCurrentBlur is: 0
04-22 05:16:41.597  1096  1096 D StateManager: goToState - fromState: Normal, toState: Normal, partial trace:
04-22 05:16:41.597  1096  1096 D StateManager: 	at com.android.launcher3.statemanager.StateManager.moveToRestState(go/retraceme 43e00d9cd0eb17b3d9dd30fc1741b1c71445c4c0f7c8c9b81300265c86c5b873:4)
04-22 05:16:41.597  1096  1096 D StateManager: 	at com.android.launcher3.statemanager.StateManager.moveToRestState(go/retraceme 43e00d9cd0eb17b3d9dd30fc1741b1c71445c4c0f7c8c9b81300265c86c5b873:1)
04-22 05:16:41.597  1096  1096 D StateManager: 	at com.android.launcher3.statemanager.StatefulActivity.onStop(go/retraceme 43e00d9cd0eb17b3d9dd30fc1741b1c71445c4c0f7c8c9b81300265c86c5b873:34)
04-22 05:16:41.601  2365  2453 I MMKV    : <MMKV_IO.cpp:609::writeActualSize> [mixc-retail-assembly-rn84::state] increase sequence to 8, crc 553759246, actualSize 22269
04-22 05:16:41.601  2365  2453 I MMKV    : <MMKV.cpp:1208::sync> MMKV::sync, SyncFlag = 1
04-22 05:16:41.602  1096  1096 D StatsLog: LAUNCHER_ONSTOP
04-22 05:16:41.603   683  1227 I AppWidgetServiceImpl: setAppWidgetHidden() 0
04-22 05:16:41.603  1096  1096 D StatsLog: LAUNCHER_GOOGLE_SEARCH_RESTORE_LIST_SIZE_AFTER_ACTIVITY_RESTART
04-22 05:16:41.605  2365  2453 I MMKV    : <MMKV_IO.cpp:609::writeActualSize> [mixc-retail-assembly-rn84::state] increase sequence to 9, crc 905082356, actualSize 22269
04-22 05:16:41.605  2365  2453 I MMKV    : <MMKV.cpp:1208::sync> MMKV::sync, SyncFlag = 1
04-22 05:16:41.609  2365  2453 I assembly.android.mixc-retail-rn84.boot: {"stage":"app-load-complete:done","displayIndex":0}
04-22 05:16:41.611  1096  1114 W System  : A resource failed to call release. 
04-22 05:16:41.611  1096  1114 W System  : A resource failed to call release. 
04-22 05:16:41.611  1096  1114 W System  : A resource failed to call release. 
04-22 05:16:41.613   683   912 D BackgroundInstallControlService: Package event received: 0
04-22 05:16:41.614  2365  2453 I MMKV    : <MMKV_IO.cpp:609::writeActualSize> [mixc-retail-assembly-rn84::state] increase sequence to 10, crc 3136748795, actualSize 22269
04-22 05:16:41.614  2365  2453 I MMKV    : <MMKV.cpp:1208::sync> MMKV::sync, SyncFlag = 1
04-22 05:16:41.619  2365  2453 I MMKV    : <MMKV_IO.cpp:609::writeActualSize> [mixc-retail-assembly-rn84::state] increase sequence to 11, crc 2900950005, actualSize 22269
04-22 05:16:41.619  2365  2453 I MMKV    : <MMKV.cpp:1208::sync> MMKV::sync, SyncFlag = 1
04-22 05:16:41.625  2365  2453 I MMKV    : <MMKV_IO.cpp:609::writeActualSize> [mixc-retail-assembly-rn84::state] increase sequence to 12, crc 207041109, actualSize 22269
04-22 05:16:41.625  2365  2453 I MMKV    : <MMKV.cpp:1208::sync> MMKV::sync, SyncFlag = 1
04-22 05:16:41.632  2365  2453 I MMKV    : <MMKV_IO.cpp:609::writeActualSize> [mixc-retail-assembly-rn84::state] increase sequence to 13, crc 2992811309, actualSize 22269
04-22 05:16:41.632  2365  2453 I MMKV    : <MMKV.cpp:1208::sync> MMKV::sync, SyncFlag = 1
04-22 05:16:41.637  2365  2453 I MMKV    : <MMKV_IO.cpp:609::writeActualSize> [mixc-retail-assembly-rn84::state] increase sequence to 14, crc 3445160331, actualSize 22269
04-22 05:16:41.637  2365  2453 I MMKV    : <MMKV.cpp:1208::sync> MMKV::sync, SyncFlag = 1
04-22 05:16:41.643  2365  2453 I MMKV    : <MMKV_IO.cpp:609::writeActualSize> [mixc-retail-assembly-rn84::state] increase sequence to 15, crc 2866431044, actualSize 22269
04-22 05:16:41.643  2365  2453 I MMKV    : <MMKV.cpp:1208::sync> MMKV::sync, SyncFlag = 1
04-22 05:16:41.648  2365  2453 I MMKV    : <MMKV_IO.cpp:609::writeActualSize> [mixc-retail-assembly-rn84::state] increase sequence to 16, crc 2516008163, actualSize 22269
04-22 05:16:41.648  2365  2453 I MMKV    : <MMKV.cpp:1208::sync> MMKV::sync, SyncFlag = 1
04-22 05:16:41.653  2365  2453 I MMKV    : <MMKV_IO.cpp:609::writeActualSize> [mixc-retail-assembly-rn84::state] increase sequence to 17, crc 2491582284, actualSize 22269
04-22 05:16:41.653  2365  2453 I MMKV    : <MMKV.cpp:1208::sync> MMKV::sync, SyncFlag = 1
04-22 05:16:41.660  2365  2453 I MMKV    : <MMKV_IO.cpp:609::writeActualSize> [mixc-retail-assembly-rn84::state] increase sequence to 18, crc 392797737, actualSize 22269
04-22 05:16:41.660  2365  2453 I MMKV    : <MMKV.cpp:1208::sync> MMKV::sync, SyncFlag = 1
04-22 05:16:41.665  2365  2453 I MMKV    : <MMKV_IO.cpp:609::writeActualSize> [mixc-retail-assembly-rn84::state] increase sequence to 19, crc 1356988127, actualSize 22269
04-22 05:16:41.665  2365  2453 I MMKV    : <MMKV.cpp:1208::sync> MMKV::sync, SyncFlag = 1
04-22 05:16:41.671  2365  2453 I MMKV    : <MMKV_IO.cpp:609::writeActualSize> [mixc-retail-assembly-rn84::state] increase sequence to 20, crc 1667372463, actualSize 22269
04-22 05:16:41.671  2365  2453 I MMKV    : <MMKV.cpp:1208::sync> MMKV::sync, SyncFlag = 1
04-22 05:16:41.677  2365  2453 I MMKV    : <MMKV_IO.cpp:609::writeActualSize> [mixc-retail-assembly-rn84::state] increase sequence to 21, crc 2394548487, actualSize 22269
04-22 05:16:41.677  2365  2453 I MMKV    : <MMKV.cpp:1208::sync> MMKV::sync, SyncFlag = 1
04-22 05:16:41.684  2365  2453 I MMKV    : <MMKV_IO.cpp:609::writeActualSize> [mixc-retail-assembly-rn84::state] increase sequence to 22, crc 553759246, actualSize 22269
04-22 05:16:41.684  2365  2453 I MMKV    : <MMKV.cpp:1208::sync> MMKV::sync, SyncFlag = 1
04-22 05:16:41.689  2365  2453 I MMKV    : <MMKV_IO.cpp:609::writeActualSize> [mixc-retail-assembly-rn84::state] increase sequence to 23, crc 905082356, actualSize 22269
04-22 05:16:41.689  2365  2453 I MMKV    : <MMKV.cpp:1208::sync> MMKV::sync, SyncFlag = 1
04-22 05:16:41.697  2365  2453 I MMKV    : <MMKV_IO.cpp:609::writeActualSize> [mixc-retail-assembly-rn84::state] increase sequence to 24, crc 3136748795, actualSize 22269
04-22 05:16:41.697  2365  2453 I MMKV    : <MMKV.cpp:1208::sync> MMKV::sync, SyncFlag = 1
04-22 05:16:41.703  2365  2453 I MMKV    : <MMKV_IO.cpp:609::writeActualSize> [mixc-retail-assembly-rn84::state] increase sequence to 25, crc 2900950005, actualSize 22269
04-22 05:16:41.703  2365  2453 I MMKV    : <MMKV.cpp:1208::sync> MMKV::sync, SyncFlag = 1
04-22 05:16:41.713  2365  2453 I MMKV    : <MMKV_IO.cpp:609::writeActualSize> [mixc-retail-assembly-rn84::state] increase sequence to 26, crc 207041109, actualSize 22269
04-22 05:16:41.713  2365  2453 I MMKV    : <MMKV.cpp:1208::sync> MMKV::sync, SyncFlag = 1
04-22 05:16:41.719  2365  2453 I MMKV    : <MMKV_IO.cpp:609::writeActualSize> [mixc-retail-assembly-rn84::state] increase sequence to 27, crc 2992811309, actualSize 22269
04-22 05:16:41.719  2365  2453 I MMKV    : <MMKV.cpp:1208::sync> MMKV::sync, SyncFlag = 1
04-22 05:16:41.721  1096  1096 I NotificationListener: received notification removed event - android#UserHandle{-1},category=-1
04-22 05:16:41.722  1638  2216 W AiAiEcho: LyftNotificationParser Ridesharing ETA not enabled
04-22 05:16:41.722  1638  2216 I AiAiEcho: SmartspaceNotificationPredictor no parser can handle this notification or notification is invalid
04-22 05:16:41.772  1096  1096 W FrameTracker: Missed SF frame:JANK_COMPOSER, 11977846, 15688288, CUJ=J<TASKBAR_COLLAPSE::Home to App>
04-22 05:16:41.772  1096  1096 W FrameTracker: Missed SF frame:JANK_COMPOSER, 11977875, 11807622, CUJ=J<TASKBAR_COLLAPSE::Home to App>
04-22 05:16:41.772  1096  1096 W FrameTracker: Missed SF frame:JANK_COMPOSER, 11977911, 11159914, CUJ=J<TASKBAR_COLLAPSE::Home to App>
04-22 05:16:41.772  1096  1096 W FrameTracker: Missed SF frame:JANK_COMPOSER, 11977933, 5673540, CUJ=J<TASKBAR_COLLAPSE::Home to App>
04-22 05:16:41.772  1096  1096 W FrameTracker: Missed SF frame:JANK_COMPOSER, 11978035, 6648584, CUJ=J<TASKBAR_COLLAPSE::Home to App>
04-22 05:16:41.772  1096  1096 W FrameTracker: Missed SF frame:JANK_COMPOSER, 11978143, 7826836, CUJ=J<TASKBAR_COLLAPSE::Home to App>
04-22 05:16:41.772  1096  1096 W FrameTracker: Missed SF frame:JANK_COMPOSER, 11978387, 2622548, CUJ=J<TASKBAR_COLLAPSE::Home to App>
04-22 05:16:41.772  1096  1096 W FrameTracker: Missed SF frame:JANK_COMPOSER, 11978596, 3655802, CUJ=J<TASKBAR_COLLAPSE::Home to App>
04-22 05:16:41.772  1096  1133 V PerfettoTrigger: Triggering /system/bin/trigger_perfetto com.android.telemetry.interaction-jank-monitor-61
04-22 05:16:41.808  2365  2491 W InteractionJankMonitor: Initializing without READ_DEVICE_CONFIG permission. enabled=true, interval=1, missedFrameThreshold=3, frameTimeThreshold=64, package=com.impos2.mixcretailassemblyrn84
04-22 05:16:41.809   582  1989 W IPCThreadState: Sending oneway calls to frozen process.
04-22 05:16:41.890  1283  1296 I FontLog : Received query Noto Color Emoji Compat, URI content://com.google.android.gms.fonts [CONTEXT service_id=132 ]
04-22 05:16:41.890  1283  1296 I FontLog : Query [emojicompat-emoji-font] resolved to {Noto Color Emoji Compat, wdth 100.0, wght 400, ital 0.0, bestEffort false}, isVf false} [CONTEXT service_id=132 ]
04-22 05:16:41.891  1283  1296 I FontLog : Fetch {Noto Color Emoji Compat, wdth 100.0, wght 400, ital 0.0, bestEffort false}, isVf false} end status Status{statusCode=SUCCESS, resolution=null} [CONTEXT service_id=132 ]
04-22 05:16:41.892  1283  2168 I FontLog : Pulling font file for id = 50, cache size = 4 [CONTEXT service_id=132 ]
04-22 05:16:41.894  1283  2168 I FontLog : Pulling font file for id = 50, cache size = 4 [CONTEXT service_id=132 ]
04-22 05:16:41.925   957   957 W HWUI    : Image decoding logging dropped!
04-22 05:16:41.943   957  1315 D LocalImageResolver: Couldn't use ImageDecoder for drawable, falling back to non-resized load.
04-22 05:16:41.944   957  1315 D LocalImageResolver: Couldn't use ImageDecoder for drawable, falling back to non-resized load.
04-22 05:16:41.945   957  1315 D LocalImageResolver: Couldn't use ImageDecoder for drawable, falling back to non-resized load.
04-22 05:16:41.950   957  2540 W HWUI    : Failed to choose config with EGL_SWAP_BEHAVIOR_PRESERVED, retrying without...
04-22 05:16:41.950   957  2540 W HWUI    : Failed to initialize 101010-2 format, error = EGL_SUCCESS
04-22 05:16:41.954   957  1315 W HWUI    : Image decoding logging dropped!
04-22 05:16:41.960   957  1315 W HWUI    : Image decoding logging dropped!
04-22 05:16:41.992   957   957 W NotifRow: cancelAppearDrawing childKey: -1|android|19|null|1000 wasDrawing:false
04-22 05:16:42.972   683   858 W BestClock: java.time.DateTimeException: No network time available
04-22 05:16:42.972   683   858 W BestClock: java.time.DateTimeException: No network time available
04-22 05:16:42.972   683   858 W BestClock: java.time.DateTimeException: No network time available
04-22 05:16:42.972   683   858 W BestClock: java.time.DateTimeException: No network time available
04-22 05:16:42.972   683   858 W BestClock: java.time.DateTimeException: No network time available
04-22 05:16:42.973   683   858 D WifiClientModeImpl[9769:wlan0]: updateLinkLayerStatsRssiSpeedFrequencyCapabilities rssi=-50 TxLinkspeed=1 freq=2447 RxLinkSpeed=2
04-22 05:16:42.973   683   858 D WifiDataStall: tx tput in kbps: 11000
04-22 05:16:42.973   683   858 D WifiDataStall: rx tput in kbps: 11000
04-22 05:16:42.973   683   858 V WifiConfigManager: Updating scan detail cache freq=2447 BSSID=00:13:10:85:fe:01 RSSI=-50 for "AndroidWifi"NONE
04-22 05:16:42.973   683   858 D WifiThroughputPredictor:  utilization (LLS) 80 isBluetoothConnected: false final utilization: 80
04-22 05:16:42.973   683   858 D WifiThroughputPredictor:  BW: 0 RSSI: -50 Nss: 1 Mode: 1 symDur: 4000 snrDb 30 bitPerTone: 4500 rate: 54 throughput: 11
04-22 05:16:42.973   683   858 D WifiThroughputPredictor:  utilization (LLS) 80 isBluetoothConnected: false final utilization: 80
04-22 05:16:42.973   683   858 D WifiThroughputPredictor:  BW: 0 RSSI: -50 Nss: 1 Mode: 1 symDur: 4000 snrDb 30 bitPerTone: 4500 rate: 54 throughput: 11
04-22 05:16:42.974   683   858 D WifiThroughputPredictor:  utilization (LLS) 80 isBluetoothConnected: false final utilization: 80
04-22 05:16:42.974   683   858 D WifiThroughputPredictor:  BW: 0 RSSI: -50 Nss: 1 Mode: 1 symDur: 4000 snrDb 30 bitPerTone: 4500 rate: 54 throughput: 11
04-22 05:16:42.974   683   858 D WifiThroughputPredictor:  utilization (LLS) 80 isBluetoothConnected: false final utilization: 80
04-22 05:16:42.974   683   858 D WifiThroughputPredictor:  BW: 0 RSSI: -50 Nss: 1 Mode: 1 symDur: 4000 snrDb 30 bitPerTone: 4500 rate: 54 throughput: 11
04-22 05:16:42.974   683   858 D WifiScoreCard: BSSID update SIGNAL_POLL ID: 261501600 SSID: "AndroidWifi", BSSID: 00:13:10:85:fe:01, MAC: 02:15:b4:00:00:00, IP: /10.0.2.17, Security type: 0, Supplicant state: COMPLETED, Wi-Fi standard: legacy, RSSI: -50, Link speed: 1Mbps, Tx Link speed: 1Mbps, Max Supported Tx Link speed: 11Mbps, Rx Link speed: 2Mbps, Max Supported Rx Link speed: 11Mbps, Frequency: 2447MHz, Net ID: 0, Metered hint: false, score: 60, isUsable: true, CarrierMerged: false, SubscriptionId: -1, IsPrimary: 1, Trusted: true, Restricted: false, Ephemeral: false, OEM paid: false, OEM private: false, OSU AP: false, FQDN: <none>, Provider friendly name: <none>, Requesting package name: <none>"AndroidWifi"openMLO Information: , Is TID-To-Link negotiation supported by the AP: false, AP MLD Address: <none>, AP MLO Link Id: <none>, AP MLO Affiliated links: <none>, Vendor Data: <none>
04-22 05:16:42.974   683   858 D WifiScoreCard: txRate: 1 txSpeed: 1
04-22 05:16:42.974   683   858 D WifiScoreCard: network update SIGNAL_POLL "AndroidWifi" ID: 579418950 RSSI -50 txSpeed -1
04-22 05:16:42.974   683   858 D WifiClientModeImpl[9769:wlan0]:  ClientModeImpl$L2ConnectedState screen=on 1 0 "AndroidWifi" 00:13:10:85:fe:01 rssi=-50 f=2447 sc=60 link=1 tx=0.0, 0.0, 0.0 rx=0.0 bcn=0 [on:0 tx:0 rx:0 period:3005] from screen [on:0 period:-1310257570] score=60
04-22 05:16:44.243   683  1715 E TaskPersister: File error accessing recents directory (directory doesn't exist?).
04-22 05:16:44.927   683   750 I WifiService: isFeatureSupported uid=1000 returns [WIFI_FEATURE_INFRA, WIFI_FEATURE_P2P, WIFI_FEATURE_MOBILE_HOTSPOT, WIFI_FEATURE_WPA3_SAE, WIFI_FEATURE_WPA3_SUITE_B, WIFI_FEATURE_OWE, WIFI_FEATURE_DPP, WIFI_FEATURE_AP_RAND_MAC, WIFI_FEATURE_MBO, WIFI_FEATURE_FILS_SHA256, WIFI_FEATURE_FILS_SHA384, WIFI_FEATURE_SAE_PK, WIFI_FEATURE_DPP_ENROLLEE_RESPONDER, WIFI_FEATURE_PASSPOINT_TERMS_AND_CONDITIONS, WIFI_FEATURE_WFD_R2, WIFI_FEATURE_DECORATED_IDENTITY, WIFI_FEATURE_TRUST_ON_FIRST_USE, WIFI_FEATURE_SET_TLS_MINIMUM_VERSION, WIFI_FEATURE_TLS_V1_3, WIFI_FEATURE_WEP, WIFI_FEATURE_WPA_PERSONAL]
04-22 05:16:44.929  1283  2283 W WakeLock: GCM_HB_ALARM release without a matched acquire!
04-22 05:16:44.929  1283  2283 W WakeLock: GCM_HB_ALARM counter does not exist
04-22 05:16:44.932  1283  2283 I AlarmManager: setExactAndAllowWhileIdle [name: GCM_CONN_ALARM type: 2 triggerAtMillis: 31676476]
04-22 05:16:44.933  1283  2283 W WakeLock: GCM_CONN_ALARM release without a matched acquire!
04-22 05:16:44.933  1283  2283 W WakeLock: GCM_CONN_ALARM counter does not exist
04-22 05:16:45.979   683   858 W BestClock: java.time.DateTimeException: No network time available
04-22 05:16:45.979   683   858 W BestClock: java.time.DateTimeException: No network time available
04-22 05:16:45.979   683   858 W BestClock: java.time.DateTimeException: No network time available
04-22 05:16:45.979   683   858 W BestClock: java.time.DateTimeException: No network time available
04-22 05:16:45.980   683   858 W BestClock: java.time.DateTimeException: No network time available
04-22 05:16:45.980   683   858 D WifiClientModeImpl[9769:wlan0]: updateLinkLayerStatsRssiSpeedFrequencyCapabilities rssi=-50 TxLinkspeed=1 freq=2447 RxLinkSpeed=2
04-22 05:16:45.980   683   858 D WifiDataStall: tx tput in kbps: 11000
04-22 05:16:45.980   683   858 D WifiDataStall: rx tput in kbps: 11000
04-22 05:16:45.980   683   858 V WifiConfigManager: Updating scan detail cache freq=2447 BSSID=00:13:10:85:fe:01 RSSI=-50 for "AndroidWifi"NONE
04-22 05:16:45.980   683   858 D WifiThroughputPredictor:  utilization (LLS) 80 isBluetoothConnected: false final utilization: 80
04-22 05:16:45.980   683   858 D WifiThroughputPredictor:  BW: 0 RSSI: -50 Nss: 1 Mode: 1 symDur: 4000 snrDb 30 bitPerTone: 4500 rate: 54 throughput: 11
04-22 05:16:45.980   683   858 D WifiThroughputPredictor:  utilization (LLS) 80 isBluetoothConnected: false final utilization: 80
04-22 05:16:45.980   683   858 D WifiThroughputPredictor:  BW: 0 RSSI: -50 Nss: 1 Mode: 1 symDur: 4000 snrDb 30 bitPerTone: 4500 rate: 54 throughput: 11
04-22 05:16:45.980   683   858 D WifiThroughputPredictor:  utilization (LLS) 80 isBluetoothConnected: false final utilization: 80
04-22 05:16:45.980   683   858 D WifiThroughputPredictor:  BW: 0 RSSI: -50 Nss: 1 Mode: 1 symDur: 4000 snrDb 30 bitPerTone: 4500 rate: 54 throughput: 11
04-22 05:16:45.980   683   858 D WifiThroughputPredictor:  utilization (LLS) 80 isBluetoothConnected: false final utilization: 80
04-22 05:16:45.980   683   858 D WifiThroughputPredictor:  BW: 0 RSSI: -50 Nss: 1 Mode: 1 symDur: 4000 snrDb 30 bitPerTone: 4500 rate: 54 throughput: 11
04-22 05:16:45.981   683   858 D WifiScoreCard: BSSID update SIGNAL_POLL ID: 261501600 SSID: "AndroidWifi", BSSID: 00:13:10:85:fe:01, MAC: 02:15:b4:00:00:00, IP: /10.0.2.17, Security type: 0, Supplicant state: COMPLETED, Wi-Fi standard: legacy, RSSI: -50, Link speed: 1Mbps, Tx Link speed: 1Mbps, Max Supported Tx Link speed: 11Mbps, Rx Link speed: 2Mbps, Max Supported Rx Link speed: 11Mbps, Frequency: 2447MHz, Net ID: 0, Metered hint: false, score: 60, isUsable: true, CarrierMerged: false, SubscriptionId: -1, IsPrimary: 1, Trusted: true, Restricted: false, Ephemeral: false, OEM paid: false, OEM private: false, OSU AP: false, FQDN: <none>, Provider friendly name: <none>, Requesting package name: <none>"AndroidWifi"openMLO Information: , Is TID-To-Link negotiation supported by the AP: false, AP MLD Address: <none>, AP MLO Link Id: <none>, AP MLO Affiliated links: <none>, Vendor Data: <none>
04-22 05:16:45.981   683   858 D WifiScoreCard: txRate: 1 txSpeed: 1
04-22 05:16:45.981   683   858 D WifiScoreCard: network update SIGNAL_POLL "AndroidWifi" ID: 579418950 RSSI -50 txSpeed -1
04-22 05:16:45.981   683   858 D WifiClientModeImpl[9769:wlan0]:  ClientModeImpl$L2ConnectedState screen=on 1 0 "AndroidWifi" 00:13:10:85:fe:01 rssi=-50 f=2447 sc=60 link=1 tx=0.4, 0.0, 0.0 rx=0.6 bcn=0 [on:0 tx:0 rx:0 period:3007] from screen [on:0 period:-1310254563] score=60
04-22 05:16:46.133  1086  1298 D SatelliteController: iisInCarrierRoamingNbIotNtn: satellite is disabled
04-22 05:16:46.471  2365  2541 D ProfileInstaller: Installing profile for com.impos2.mixcretailassemblyrn84
04-22 05:16:47.925   459   535 I netd    : tetherGetStats() -> {[]} <0.73ms>
04-22 05:16:48.340   938   938 D wpa_supplicant: nl80211: Drv Event 64 (NL80211_CMD_NOTIFY_CQM) received for wlan0
04-22 05:16:48.341   938   938 D wpa_supplicant: nl80211: Beacon loss event
04-22 05:16:48.341   938   938 D wpa_supplicant: wlan0: Event BEACON_LOSS (53) received
04-22 05:16:48.342   938   938 I wpa_supplicant: wlan0: CTRL-EVENT-BEACON-LOSS 
04-22 05:16:48.987   683   858 W BestClock: java.time.DateTimeException: No network time available
04-22 05:16:48.987   683   858 W BestClock: java.time.DateTimeException: No network time available
04-22 05:16:48.987   683   858 W BestClock: java.time.DateTimeException: No network time available
04-22 05:16:48.987   683   858 W BestClock: java.time.DateTimeException: No network time available
04-22 05:16:48.987   683   858 W BestClock: java.time.DateTimeException: No network time available
04-22 05:16:48.989   683   858 D WifiClientModeImpl[9769:wlan0]: updateLinkLayerStatsRssiSpeedFrequencyCapabilities rssi=-50 TxLinkspeed=1 freq=2447 RxLinkSpeed=2
04-22 05:16:48.989   683   858 D WifiDataStall: tx tput in kbps: 11000
04-22 05:16:48.989   683   858 D WifiDataStall: rx tput in kbps: 11000
04-22 05:16:48.989   683   858 V WifiConfigManager: Updating scan detail cache freq=2447 BSSID=00:13:10:85:fe:01 RSSI=-50 for "AndroidWifi"NONE
04-22 05:16:48.989   683   858 D WifiThroughputPredictor:  utilization (LLS) 80 isBluetoothConnected: false final utilization: 80
04-22 05:16:48.989   683   858 D WifiThroughputPredictor:  BW: 0 RSSI: -50 Nss: 1 Mode: 1 symDur: 4000 snrDb 30 bitPerTone: 4500 rate: 54 throughput: 11
04-22 05:16:48.989   683   858 D WifiThroughputPredictor:  utilization (LLS) 80 isBluetoothConnected: false final utilization: 80
04-22 05:16:48.990   683   858 D WifiThroughputPredictor:  BW: 0 RSSI: -50 Nss: 1 Mode: 1 symDur: 4000 snrDb 30 bitPerTone: 4500 rate: 54 throughput: 11
04-22 05:16:48.990   683   858 D WifiThroughputPredictor:  utilization (LLS) 80 isBluetoothConnected: false final utilization: 80
04-22 05:16:48.990   683   858 D WifiThroughputPredictor:  BW: 0 RSSI: -50 Nss: 1 Mode: 1 symDur: 4000 snrDb 30 bitPerTone: 4500 rate: 54 throughput: 11
04-22 05:16:48.990   683   858 D WifiThroughputPredictor:  utilization (LLS) 80 isBluetoothConnected: false final utilization: 80
04-22 05:16:48.990   683   858 D WifiThroughputPredictor:  BW: 0 RSSI: -50 Nss: 1 Mode: 1 symDur: 4000 snrDb 30 bitPerTone: 4500 rate: 54 throughput: 11
04-22 05:16:48.991   683   858 D WifiScoreCard: BSSID update SIGNAL_POLL ID: 261501600 SSID: "AndroidWifi", BSSID: 00:13:10:85:fe:01, MAC: 02:15:b4:00:00:00, IP: /10.0.2.17, Security type: 0, Supplicant state: COMPLETED, Wi-Fi standard: legacy, RSSI: -50, Link speed: 1Mbps, Tx Link speed: 1Mbps, Max Supported Tx Link speed: 11Mbps, Rx Link speed: 2Mbps, Max Supported Rx Link speed: 11Mbps, Frequency: 2447MHz, Net ID: 0, Metered hint: false, score: 60, isUsable: true, CarrierMerged: false, SubscriptionId: -1, IsPrimary: 1, Trusted: true, Restricted: false, Ephemeral: false, OEM paid: false, OEM private: false, OSU AP: false, FQDN: <none>, Provider friendly name: <none>, Requesting package name: <none>"AndroidWifi"openMLO Information: , Is TID-To-Link negotiation supported by the AP: false, AP MLD Address: <none>, AP MLO Link Id: <none>, AP MLO Affiliated links: <none>, Vendor Data: <none>
04-22 05:16:48.991   683   858 D WifiScoreCard: txRate: 1 txSpeed: 1
04-22 05:16:48.991   683   858 D WifiScoreCard: network update SIGNAL_POLL "AndroidWifi" ID: 579418950 RSSI -50 txSpeed -1
04-22 05:16:48.991   683   858 D WifiClientModeImpl[9769:wlan0]:  ClientModeImpl$L2ConnectedState screen=on 1 0 "AndroidWifi" 00:13:10:85:fe:01 rssi=-50 f=2447 sc=60 link=1 tx=0.1, 0.0, 0.0 rx=0.2 bcn=0 [on:0 tx:0 rx:0 period:3010] from screen [on:0 period:-1310251553] score=60
04-22 05:16:51.996   683   858 W BestClock: java.time.DateTimeException: No network time available
04-22 05:16:51.996   683   858 W BestClock: java.time.DateTimeException: No network time available
04-22 05:16:51.996   683   858 W BestClock: java.time.DateTimeException: No network time available
04-22 05:16:51.996   683   858 W BestClock: java.time.DateTimeException: No network time available
04-22 05:16:51.996   683   858 W BestClock: java.time.DateTimeException: No network time available
04-22 05:16:51.997   683   858 D WifiClientModeImpl[9769:wlan0]: updateLinkLayerStatsRssiSpeedFrequencyCapabilities rssi=-50 TxLinkspeed=1 freq=2447 RxLinkSpeed=2
04-22 05:16:51.997   683   858 D WifiDataStall: tx tput in kbps: 11000
04-22 05:16:51.997   683   858 D WifiDataStall: rx tput in kbps: 11000
04-22 05:16:51.997   683   858 V WifiConfigManager: Updating scan detail cache freq=2447 BSSID=00:13:10:85:fe:01 RSSI=-50 for "AndroidWifi"NONE
04-22 05:16:51.997   683   858 D WifiThroughputPredictor:  utilization (LLS) 80 isBluetoothConnected: false final utilization: 80
04-22 05:16:51.997   683   858 D WifiThroughputPredictor:  BW: 0 RSSI: -50 Nss: 1 Mode: 1 symDur: 4000 snrDb 30 bitPerTone: 4500 rate: 54 throughput: 11
04-22 05:16:51.997   683   858 D WifiThroughputPredictor:  utilization (LLS) 80 isBluetoothConnected: false final utilization: 80
04-22 05:16:51.997   683   858 D WifiThroughputPredictor:  BW: 0 RSSI: -50 Nss: 1 Mode: 1 symDur: 4000 snrDb 30 bitPerTone: 4500 rate: 54 throughput: 11
04-22 05:16:51.997   683   858 D WifiThroughputPredictor:  utilization (LLS) 80 isBluetoothConnected: false final utilization: 80
04-22 05:16:51.997   683   858 D WifiThroughputPredictor:  BW: 0 RSSI: -50 Nss: 1 Mode: 1 symDur: 4000 snrDb 30 bitPerTone: 4500 rate: 54 throughput: 11
04-22 05:16:51.997   683   858 D WifiThroughputPredictor:  utilization (LLS) 80 isBluetoothConnected: false final utilization: 80
04-22 05:16:51.997   683   858 D WifiThroughputPredictor:  BW: 0 RSSI: -50 Nss: 1 Mode: 1 symDur: 4000 snrDb 30 bitPerTone: 4500 rate: 54 throughput: 11
04-22 05:16:51.998   683   858 D WifiScoreCard: BSSID update SIGNAL_POLL ID: 261501600 SSID: "AndroidWifi", BSSID: 00:13:10:85:fe:01, MAC: 02:15:b4:00:00:00, IP: /10.0.2.17, Security type: 0, Supplicant state: COMPLETED, Wi-Fi standard: legacy, RSSI: -50, Link speed: 1Mbps, Tx Link speed: 1Mbps, Max Supported Tx Link speed: 11Mbps, Rx Link speed: 2Mbps, Max Supported Rx Link speed: 11Mbps, Frequency: 2447MHz, Net ID: 0, Metered hint: false, score: 60, isUsable: true, CarrierMerged: false, SubscriptionId: -1, IsPrimary: 1, Trusted: true, Restricted: false, Ephemeral: false, OEM paid: false, OEM private: false, OSU AP: false, FQDN: <none>, Provider friendly name: <none>, Requesting package name: <none>"AndroidWifi"openMLO Information: , Is TID-To-Link negotiation supported by the AP: false, AP MLD Address: <none>, AP MLO Link Id: <none>, AP MLO Affiliated links: <none>, Vendor Data: <none>
04-22 05:16:51.998   683   858 D WifiScoreCard: txRate: 1 txSpeed: 1
04-22 05:16:51.998   683   858 D WifiScoreCard: network update SIGNAL_POLL "AndroidWifi" ID: 579418950 RSSI -50 txSpeed -1
04-22 05:16:51.998   683   858 D WifiClientModeImpl[9769:wlan0]:  ClientModeImpl$L2ConnectedState screen=on 1 0 "AndroidWifi" 00:13:10:85:fe:01 rssi=-50 f=2447 sc=60 link=1 tx=0.0, 0.0, 0.0 rx=0.0 bcn=0 [on:0 tx:0 rx:0 period:3007] from screen [on:0 period:-1310248546] score=60
04-22 05:16:52.060   957  1163 E FrameTracker: force finish cuj, time out: J<SPLASHSCREEN_EXIT_ANIM>
04-22 05:16:52.060   957  1163 W FrameTracker: Missed SF frame:JANK_COMPOSER, 11978114, 6491169, CUJ=J<SPLASHSCREEN_EXIT_ANIM>
04-22 05:16:52.060   957  1163 W FrameTracker: Missed SF frame:JANK_COMPOSER, 11978150, 7732003, CUJ=J<SPLASHSCREEN_EXIT_ANIM>
04-22 05:16:52.060   957  1163 W FrameTracker: Missed SF frame:JANK_COMPOSER, 11978193, 8220878, CUJ=J<SPLASHSCREEN_EXIT_ANIM>
04-22 05:16:52.060   957  1163 W FrameTracker: Missed SF frame:JANK_COMPOSER, 11978394, 3345007, CUJ=J<SPLASHSCREEN_EXIT_ANIM>
04-22 05:16:52.060   957  1163 W FrameTracker: Missed SF frame:JANK_COMPOSER, 11978437, 4121716, CUJ=J<SPLASHSCREEN_EXIT_ANIM>
04-22 05:16:52.060   957  1163 W FrameTracker: Missed SF frame:JANK_COMPOSER, 11978473, 6879550, CUJ=J<SPLASHSCREEN_EXIT_ANIM>
04-22 05:16:52.061   957  1107 V PerfettoTrigger: Triggering /system/bin/trigger_perfetto com.android.telemetry.interaction-jank-monitor-39
04-22 05:16:55.004   683   858 W BestClock: java.time.DateTimeException: No network time available
04-22 05:16:55.004   683   858 W BestClock: java.time.DateTimeException: No network time available
04-22 05:16:55.004   683   858 W BestClock: java.time.DateTimeException: No network time available
04-22 05:16:55.004   683   858 W BestClock: java.time.DateTimeException: No network time available
04-22 05:16:55.004   683   858 W BestClock: java.time.DateTimeException: No network time available
04-22 05:16:55.005   683   858 D WifiClientModeImpl[9769:wlan0]: updateLinkLayerStatsRssiSpeedFrequencyCapabilities rssi=-50 TxLinkspeed=1 freq=2447 RxLinkSpeed=2
04-22 05:16:55.005   683   858 D WifiDataStall: tx tput in kbps: 11000
04-22 05:16:55.005   683   858 D WifiDataStall: rx tput in kbps: 11000
04-22 05:16:55.005   683   858 V WifiConfigManager: Updating scan detail cache freq=2447 BSSID=00:13:10:85:fe:01 RSSI=-50 for "AndroidWifi"NONE
04-22 05:16:55.005   683   858 D WifiThroughputPredictor:  utilization (LLS) 80 isBluetoothConnected: false final utilization: 80
04-22 05:16:55.005   683   858 D WifiThroughputPredictor:  BW: 0 RSSI: -50 Nss: 1 Mode: 1 symDur: 4000 snrDb 30 bitPerTone: 4500 rate: 54 throughput: 11
04-22 05:16:55.005   683   858 D WifiThroughputPredictor:  utilization (LLS) 80 isBluetoothConnected: false final utilization: 80
04-22 05:16:55.005   683   858 D WifiThroughputPredictor:  BW: 0 RSSI: -50 Nss: 1 Mode: 1 symDur: 4000 snrDb 30 bitPerTone: 4500 rate: 54 throughput: 11
04-22 05:16:55.005   683   858 D WifiThroughputPredictor:  utilization (LLS) 80 isBluetoothConnected: false final utilization: 80
04-22 05:16:55.005   683   858 D WifiThroughputPredictor:  BW: 0 RSSI: -50 Nss: 1 Mode: 1 symDur: 4000 snrDb 30 bitPerTone: 4500 rate: 54 throughput: 11
04-22 05:16:55.005   683   858 D WifiThroughputPredictor:  utilization (LLS) 80 isBluetoothConnected: false final utilization: 80
04-22 05:16:55.005   683   858 D WifiThroughputPredictor:  BW: 0 RSSI: -50 Nss: 1 Mode: 1 symDur: 4000 snrDb 30 bitPerTone: 4500 rate: 54 throughput: 11
04-22 05:16:55.006   683   858 D WifiScoreCard: BSSID update SIGNAL_POLL ID: 261501600 SSID: "AndroidWifi", BSSID: 00:13:10:85:fe:01, MAC: 02:15:b4:00:00:00, IP: /10.0.2.17, Security type: 0, Supplicant state: COMPLETED, Wi-Fi standard: legacy, RSSI: -50, Link speed: 1Mbps, Tx Link speed: 1Mbps, Max Supported Tx Link speed: 11Mbps, Rx Link speed: 2Mbps, Max Supported Rx Link speed: 11Mbps, Frequency: 2447MHz, Net ID: 0, Metered hint: false, score: 60, isUsable: true, CarrierMerged: false, SubscriptionId: -1, IsPrimary: 1, Trusted: true, Restricted: false, Ephemeral: false, OEM paid: false, OEM private: false, OSU AP: false, FQDN: <none>, Provider friendly name: <none>, Requesting package name: <none>"AndroidWifi"openMLO Information: , Is TID-To-Link negotiation supported by the AP: false, AP MLD Address: <none>, AP MLO Link Id: <none>, AP MLO Affiliated links: <none>, Vendor Data: <none>
04-22 05:16:55.006   683   858 D WifiScoreCard: txRate: 1 txSpeed: 1
04-22 05:16:55.006   683   858 D WifiScoreCard: network update SIGNAL_POLL "AndroidWifi" ID: 579418950 RSSI -50 txSpeed -1
04-22 05:16:55.007   683   858 D WifiClientModeImpl[9769:wlan0]:  ClientModeImpl$L2ConnectedState screen=on 1 0 "AndroidWifi" 00:13:10:85:fe:01 rssi=-50 f=2447 sc=60 link=1 tx=0.0, 0.0, 0.0 rx=0.0 bcn=0 [on:0 tx:0 rx:0 period:3008] from screen [on:0 period:-1310245538] score=60
04-22 05:16:56.132  1086  1298 D SatelliteController: iisInCarrierRoamingNbIotNtn: satellite is disabled
04-22 05:16:56.277   938   938 D wpa_supplicant: nl80211: Drv Event 64 (NL80211_CMD_NOTIFY_CQM) received for wlan0
04-22 05:16:56.277   938   938 D wpa_supplicant: nl80211: Beacon loss event
04-22 05:16:56.277   938   938 D wpa_supplicant: wlan0: Event BEACON_LOSS (53) received
04-22 05:16:56.277   938   938 I wpa_supplicant: wlan0: CTRL-EVENT-BEACON-LOSS 
04-22 05:16:58.009   683   858 W BestClock: java.time.DateTimeException: No network time available
04-22 05:16:58.009   683   858 W BestClock: java.time.DateTimeException: No network time available
04-22 05:16:58.010   683   858 W BestClock: java.time.DateTimeException: No network time available
04-22 05:16:58.010   683   858 W BestClock: java.time.DateTimeException: No network time available
04-22 05:16:58.010   683   858 W BestClock: java.time.DateTimeException: No network time available
04-22 05:16:58.010   683   858 D WifiClientModeImpl[9769:wlan0]: updateLinkLayerStatsRssiSpeedFrequencyCapabilities rssi=-50 TxLinkspeed=1 freq=2447 RxLinkSpeed=2
04-22 05:16:58.010   683   858 D WifiDataStall: tx tput in kbps: 11000
04-22 05:16:58.010   683   858 D WifiDataStall: rx tput in kbps: 11000
04-22 05:16:58.010   683   858 V WifiConfigManager: Updating scan detail cache freq=2447 BSSID=00:13:10:85:fe:01 RSSI=-50 for "AndroidWifi"NONE
04-22 05:16:58.010   683   858 D WifiThroughputPredictor:  utilization (LLS) 80 isBluetoothConnected: false final utilization: 80
04-22 05:16:58.010   683   858 D WifiThroughputPredictor:  BW: 0 RSSI: -50 Nss: 1 Mode: 1 symDur: 4000 snrDb 30 bitPerTone: 4500 rate: 54 throughput: 11
04-22 05:16:58.010   683   858 D WifiThroughputPredictor:  utilization (LLS) 80 isBluetoothConnected: false final utilization: 80
04-22 05:16:58.010   683   858 D WifiThroughputPredictor:  BW: 0 RSSI: -50 Nss: 1 Mode: 1 symDur: 4000 snrDb 30 bitPerTone: 4500 rate: 54 throughput: 11
04-22 05:16:58.010   683   858 D WifiThroughputPredictor:  utilization (LLS) 80 isBluetoothConnected: false final utilization: 80
04-22 05:16:58.010   683   858 D WifiThroughputPredictor:  BW: 0 RSSI: -50 Nss: 1 Mode: 1 symDur: 4000 snrDb 30 bitPerTone: 4500 rate: 54 throughput: 11
04-22 05:16:58.010   683   858 D WifiThroughputPredictor:  utilization (LLS) 80 isBluetoothConnected: false final utilization: 80
04-22 05:16:58.010   683   858 D WifiThroughputPredictor:  BW: 0 RSSI: -50 Nss: 1 Mode: 1 symDur: 4000 snrDb 30 bitPerTone: 4500 rate: 54 throughput: 11
04-22 05:16:58.016   683   858 D WifiScoreCard: BSSID update SIGNAL_POLL ID: 261501600 SSID: "AndroidWifi", BSSID: 00:13:10:85:fe:01, MAC: 02:15:b4:00:00:00, IP: /10.0.2.17, Security type: 0, Supplicant state: COMPLETED, Wi-Fi standard: legacy, RSSI: -50, Link speed: 1Mbps, Tx Link speed: 1Mbps, Max Supported Tx Link speed: 11Mbps, Rx Link speed: 2Mbps, Max Supported Rx Link speed: 11Mbps, Frequency: 2447MHz, Net ID: 0, Metered hint: false, score: 60, isUsable: true, CarrierMerged: false, SubscriptionId: -1, IsPrimary: 1, Trusted: true, Restricted: false, Ephemeral: false, OEM paid: false, OEM private: false, OSU AP: false, FQDN: <none>, Provider friendly name: <none>, Requesting package name: <none>"AndroidWifi"openMLO Information: , Is TID-To-Link negotiation supported by the AP: false, AP MLD Address: <none>, AP MLO Link Id: <none>, AP MLO Affiliated links: <none>, Vendor Data: <none>
04-22 05:16:58.016   683   858 D WifiScoreCard: txRate: 1 txSpeed: 1
04-22 05:16:58.016   683   858 D WifiScoreCard: network update SIGNAL_POLL "AndroidWifi" ID: 579418950 RSSI -50 txSpeed -1
04-22 05:16:58.016   683   858 D WifiClientModeImpl[9769:wlan0]:  ClientModeImpl$L2ConnectedState screen=on 1 0 "AndroidWifi" 00:13:10:85:fe:01 rssi=-50 f=2447 sc=60 link=1 tx=0.0, 0.0, 0.0 rx=0.0 bcn=0 [on:0 tx:0 rx:0 period:3009] from screen [on:0 period:-1310242528] score=60
04-22 05:16:58.651   235   235 I logd    : logdr: UID=2000 GID=2000 PID=2559 n tail=0 logMask=99 pid=0 start=0ns deadline=0ns
