04-22 05:21:04.608   683   858 W BestClock: java.time.DateTimeException: No network time available
04-22 05:21:04.608   683   858 W BestClock: java.time.DateTimeException: No network time available
04-22 05:21:04.608   683   858 W BestClock: java.time.DateTimeException: No network time available
04-22 05:21:04.608   683   858 W BestClock: java.time.DateTimeException: No network time available
04-22 05:21:04.610   683   858 D WifiClientModeImpl[9769:wlan0]: updateLinkLayerStatsRssiSpeedFrequencyCapabilities rssi=-50 TxLinkspeed=1 freq=2447 RxLinkSpeed=2
04-22 05:21:04.610   683   858 D WifiDataStall: tx tput in kbps: 11000
04-22 05:21:04.610   683   858 D WifiDataStall: rx tput in kbps: 11000
04-22 05:21:04.610   683   858 V WifiConfigManager: Updating scan detail cache freq=2447 BSSID=00:13:10:85:fe:01 RSSI=-50 for "AndroidWifi"NONE
04-22 05:21:04.610   683   858 D WifiThroughputPredictor:  utilization (LLS) 80 isBluetoothConnected: false final utilization: 80
04-22 05:21:04.610   683   858 D WifiThroughputPredictor:  BW: 0 RSSI: -50 Nss: 1 Mode: 1 symDur: 4000 snrDb 30 bitPerTone: 4500 rate: 54 throughput: 11
04-22 05:21:04.610   683   858 D WifiThroughputPredictor:  utilization (LLS) 80 isBluetoothConnected: false final utilization: 80
04-22 05:21:04.610   683   858 D WifiThroughputPredictor:  BW: 0 RSSI: -50 Nss: 1 Mode: 1 symDur: 4000 snrDb 30 bitPerTone: 4500 rate: 54 throughput: 11
04-22 05:21:04.611   683   858 D WifiThroughputPredictor:  utilization (LLS) 80 isBluetoothConnected: false final utilization: 80
04-22 05:21:04.611   683   858 D WifiThroughputPredictor:  BW: 0 RSSI: -50 Nss: 1 Mode: 1 symDur: 4000 snrDb 30 bitPerTone: 4500 rate: 54 throughput: 11
04-22 05:21:04.611   683   858 D WifiThroughputPredictor:  utilization (LLS) 80 isBluetoothConnected: false final utilization: 80
04-22 05:21:04.611   683   858 D WifiThroughputPredictor:  BW: 0 RSSI: -50 Nss: 1 Mode: 1 symDur: 4000 snrDb 30 bitPerTone: 4500 rate: 54 throughput: 11
04-22 05:21:04.611   683   858 D WifiScoreCard: BSSID update SIGNAL_POLL ID: 261501600 SSID: "AndroidWifi", BSSID: 00:13:10:85:fe:01, MAC: 02:15:b4:00:00:00, IP: /10.0.2.17, Security type: 0, Supplicant state: COMPLETED, Wi-Fi standard: legacy, RSSI: -50, Link speed: 1Mbps, Tx Link speed: 1Mbps, Max Supported Tx Link speed: 11Mbps, Rx Link speed: 2Mbps, Max Supported Rx Link speed: 11Mbps, Frequency: 2447MHz, Net ID: 0, Metered hint: false, score: 60, isUsable: true, CarrierMerged: false, SubscriptionId: -1, IsPrimary: 1, Trusted: true, Restricted: false, Ephemeral: false, OEM paid: false, OEM private: false, OSU AP: false, FQDN: <none>, Provider friendly name: <none>, Requesting package name: <none>"AndroidWifi"openMLO Information: , Is TID-To-Link negotiation supported by the AP: false, AP MLD Address: <none>, AP MLO Link Id: <none>, AP MLO Affiliated links: <none>, Vendor Data: <none>
04-22 05:21:04.611   683   858 D WifiScoreCard: txRate: 1 txSpeed: 1
04-22 05:21:04.611   683   858 D WifiScoreCard: network update SIGNAL_POLL "AndroidWifi" ID: 579418950 RSSI -50 txSpeed -1
04-22 05:21:04.611   683   858 D WifiClientModeImpl[9769:wlan0]:  ClientModeImpl$L2ConnectedState screen=on 1 0 "AndroidWifi" 00:13:10:85:fe:01 rssi=-50 f=2447 sc=60 link=1 tx=0.5, 0.0, 0.0 rx=0.5 bcn=0 [on:0 tx:0 rx:0 period:3009] from screen [on:0 period:-1309995933] score=60
04-22 05:21:06.083  2365  2453 I assembly.assembly.android.mixc-retail-rn84: [assembly.topology] Native topology host already matches desired lifecycle state {"displayCount":1,"displayIndex":0,"deviceId":"ZJ63NQELD9","instanceMode":"MASTER","enableSlave":false,"running":false,"reason":"not-master-or-single-primary-host"}
04-22 05:21:06.083  2365  2453 I assembly.assembly.android.mixc-retail-rn84: [assembly.topology] Native topology host already matches desired lifecycle state {"displayCount":1,"displayIndex":0,"deviceId":"ZJ63NQELD9","instanceMode":"MASTER","enableSlave":false,"running":false,"reason":"not-master-or-single-primary-host"}
04-22 05:21:06.083  2365  2453 I assembly.assembly.android.mixc-retail-rn84: [assembly.topology] Native topology host already matches desired lifecycle state {"displayCount":1,"displayIndex":0,"deviceId":"ZJ63NQELD9","instanceMode":"MASTER","enableSlave":false,"running":false,"reason":"not-master-or-single-primary-host"}
04-22 05:21:06.084  2365  2453 I assembly.assembly.android.mixc-retail-rn84: [assembly.topology] Native topology host already matches desired lifecycle state {"displayCount":1,"displayIndex":0,"deviceId":"ZJ63NQELD9","instanceMode":"MASTER","enableSlave":false,"running":false,"reason":"not-master-or-single-primary-host"}
04-22 05:21:06.084  2365  3210 D nativeloader: Load /data/app/~~x0K32JrPzdetXaqX5qGQbw==/com.impos2.mixcretailassemblyrn84-KviFgnhm4WJ6P6Gr9UM1rg==/base.apk!/lib/arm64-v8a/libquickjs-android-wrapper.so using class loader ns clns-9 (caller=/data/app/~~x0K32JrPzdetXaqX5qGQbw==/com.impos2.mixcretailassemblyrn84-KviFgnhm4WJ6P6Gr9UM1rg==/base.apk): ok
04-22 05:21:06.092  2365  2453 I ConnectorManager: call start taskId=09abd64e9b93406197c898557d5e0de2 channel=INTENT/camera action=com.impos2.posadapter.action.CAMERA_SCAN timeout=60000
04-22 05:21:06.094   683  1227 V GrammaticalInflectionUtils: AttributionSource: AttributionSource { uid = 10214, packageName = null, attributionTag = null, token = android.os.Binder@d3d534, deviceId = 0, next = null } does not have READ_SYSTEM_GRAMMATICAL_GENDER permission.
04-22 05:21:06.095   683  1227 W OptProp : Cannot read opt property android.window.PROPERTY_COMPAT_ALLOW_USER_ASPECT_RATIO_OVERRIDE
04-22 05:21:06.095   683  1227 W OptProp : Cannot read opt property android.window.PROPERTY_COMPAT_ALLOW_USER_ASPECT_RATIO_FULLSCREEN_OVERRIDE
04-22 05:21:06.095   683  1227 W OptProp : Cannot read opt property android.window.PROPERTY_COMPAT_ALLOW_RESIZEABLE_ACTIVITY_OVERRIDES
04-22 05:21:06.095   683  1227 W OptProp : Cannot read opt property android.window.PROPERTY_COMPAT_ALLOW_MIN_ASPECT_RATIO_OVERRIDE
04-22 05:21:06.095   683  1227 D CompatChangeReporter: Compat change id reported: 358129114; UID 10214; state: ENABLED
04-22 05:21:06.096   683  1227 D CompatChangeReporter: Compat change id reported: 357141415; UID 10214; state: ENABLED
04-22 05:21:06.096   683  1227 W OptProp : Cannot read opt property android.window.PROPERTY_COMPAT_ALLOW_ORIENTATION_OVERRIDE
04-22 05:21:06.097   683  1227 I ActivityTaskManager: Ignoring manifest-declared fixed orientation SCREEN_ORIENTATION_PORTRAIT of ActivityRecord{247958335 u0 com.impos2.mixcretailassemblyrn84/com.impos2.adapterv2.camera.CameraScanActivity t47} since target sdk 36
04-22 05:21:06.098   683  1227 I ActivityTaskManager: START u0 {act=com.impos2.posadapter.action.CAMERA_SCAN flg=0x24000000 xflg=0x4 cmp=com.impos2.mixcretailassemblyrn84/com.impos2.adapterv2.camera.CameraScanActivity (has extras)} with LAUNCH_MULTIPLE from uid 10214 (sr=1737133) (BAL_ALLOW_VISIBLE_WINDOW) result code=0
04-22 05:21:06.098   957  1041 V WindowManagerShell: Transition requested (#191): android.os.BinderProxy@5f616d TransitionRequestInfo { type = OPEN, triggerTask = TaskInfo{userId=0 taskId=47 effectiveUid=10214 displayId=0 isRunning=true baseIntent=Intent { act=android.intent.action.MAIN cat=[android.intent.category.LAUNCHER] flg=0x10200000 cmp=com.impos2.mixcretailassemblyrn84/.MainActivity } baseActivity=ComponentInfo{com.impos2.mixcretailassemblyrn84/com.impos2.mixcretailassemblyrn84.MainActivity} topActivity=ComponentInfo{com.impos2.mixcretailassemblyrn84/com.impos2.adapterv2.camera.CameraScanActivity} origActivity=null realActivity=ComponentInfo{com.impos2.mixcretailassemblyrn84/com.impos2.mixcretailassemblyrn84.MainActivity} numActivities=2 lastActiveTime=31923641 supportsMultiWindow=true resizeMode=1 isResizeable=true minWidth=-1 minHeight=-1 defaultMinSize=220 token=WCT{android.window.IWindowContainerToken$Stub$Proxy@f99e1a2} topActivityType=1 pictureInPictureParams=null shouldDockBigOverlays=false launchIntoPipHostTaskId=-1 lastParentTaskIdBeforePip=-1 displayCutoutSafeInsets=Rect(0, 0 - 0, 0) topActivityInfo=ActivityInfo{c909e33 com.impos2.adapterv2.camera.CameraScanActivity} launchCookies=[] positionInParent=Point(0, 0) parentTaskId=-1 isFocused=true isVisible=true isVisibleRequested=true isTopActivityNoDisplay=false isSleeping=false locusId=null displayAreaFeatureId=1 isTopActivityTransparent=false isActivityStackTransparent=false lastNonFullscreenBounds=Rect(892, 102 - 1668, 1482) capturedLink=null capturedLinkTimestamp=0 requestedVisibleTypes=-9 topActivityRequestOpenInBrowserEducationTimestamp=0 appCompatTaskInfo=AppCompatTaskInfo { topActivityInSizeCompat=false eligibleForLetterboxEducation= false isLetterboxEducationEnabled= true isLetterboxDoubleTapEnabled= false eligibleForUserAspectRatioButton= true topActivityBoundsLetterboxed= false isFromLetterboxDoubleTap= false topActivityLetterboxVerticalPosition= -1 topActivityLetterboxHorizontalPosition= -1 topActivityLetterboxWidth=-1 topActivityLetterboxHeight=-1 topActivityAppBounds=Rect(0, 0 - 2560, 1600) isUserFullscreenOverrideEnabled=false isSystemFullscreenOverrideEnabled=false hasMinAspectRatioOverride=false topActivityLetterboxBounds=null cameraCompatTaskInfo=CameraCompatTaskInfo { freeformCameraCompatMode=inactive}} topActivityMainWindowFrame=null}, pipChange = null, remoteTransition = null, displayChange = null, flags = 0, debugId = 191 }
04-22 05:21:06.098   957  1041 D ShellSplitScreen: logExit: no-op, mLoggerSessionId is null
04-22 05:21:06.098  2365  2453 I CameraScannerManager: startScan success: requestId=05897a1b-7fdf-4109-a595-ae40e6da9ded, scanMode=QR_CODE_MODE, imageUri=false, imageBase64=true, waitResult=true
04-22 05:21:06.098  2365  2365 W unknown:BridgelessReact: ReactHost{0}.onUserLeaveHint(activity)
04-22 05:21:06.098  2365  2365 W unknown:BridgelessReact: ReactHost{0}.onHostPause(activity)
04-22 05:21:06.098  2365  2365 W unknown:BridgelessReact: ReactHost{0}.ReactContext.onHostPause()
04-22 05:21:06.099   683   912 D BackgroundInstallControlService: Package event received: 0
04-22 05:21:06.099   683  1871 W OptProp : Cannot read opt property android.window.PROPERTY_COMPAT_ALLOW_DISPLAY_ORIENTATION_OVERRIDE
04-22 05:21:06.099   683  1871 W OptProp : Cannot read opt property android.window.PROPERTY_COMPAT_ENABLE_FAKE_FOCUS
04-22 05:21:06.101   683   912 D BackgroundInstallControlService: Package event received: 0
04-22 05:21:06.101   683   912 D BackgroundInstallControlService: Package event received: 0
04-22 05:21:06.102  2365  2365 I ailassemblyrn84: AssetManager2(0xb400007aa8c3a8f8) locale list changing from [] to [en-US]
04-22 05:21:06.102   683   734 W IPCThreadState: Sending oneway calls to frozen process.
04-22 05:21:06.102   683   734 W IPCThreadState: Sending oneway calls to frozen process.
04-22 05:21:06.102   683   734 W IPCThreadState: Sending oneway calls to frozen process.
04-22 05:21:06.102   683   734 W IPCThreadState: Sending oneway calls to frozen process.
04-22 05:21:06.102   683   734 W IPCThreadState: Sending oneway calls to frozen process.
04-22 05:21:06.102   683   734 W IPCThreadState: Sending oneway calls to frozen process.
04-22 05:21:06.102   683   734 W IPCThreadState: Sending oneway calls to frozen process.
04-22 05:21:06.102   683   734 W IPCThreadState: Sending oneway calls to frozen process.
04-22 05:21:06.102   683   734 W IPCThreadState: Sending oneway calls to frozen process.
04-22 05:21:06.102   683   734 W IPCThreadState: Sending oneway calls to frozen process.
04-22 05:21:06.102   683   734 W IPCThreadState: Sending oneway calls to frozen process.
04-22 05:21:06.102   683   734 W IPCThreadState: Sending oneway calls to frozen process.
04-22 05:21:06.102   683   734 W IPCThreadState: Sending oneway calls to frozen process.
04-22 05:21:06.102   683   734 W IPCThreadState: Sending oneway calls to frozen process.
04-22 05:21:06.102   683   734 W IPCThreadState: Sending oneway calls to frozen process.
04-22 05:21:06.102   683   734 W IPCThreadState: Sending oneway calls to frozen process.
04-22 05:21:06.102   683   734 W IPCThreadState: Sending oneway calls to frozen process.
04-22 05:21:06.103   683   734 W IPCThreadState: Sending oneway calls to frozen process.
04-22 05:21:06.103   683   734 W IPCThreadState: Sending oneway calls to frozen process.
04-22 05:21:06.103   683   734 W IPCThreadState: Sending oneway calls to frozen process.
04-22 05:21:06.103   683   734 W IPCThreadState: Sending oneway calls to frozen process.
04-22 05:21:06.103   683   734 W IPCThreadState: Sending oneway calls to frozen process.
04-22 05:21:06.103   683   734 W IPCThreadState: Sending oneway calls to frozen process.
04-22 05:21:06.103   683   734 W IPCThreadState: Sending oneway calls to frozen process.
04-22 05:21:06.104   683   734 W IPCThreadState: Sending oneway calls to frozen process.
04-22 05:21:06.104   683   734 W IPCThreadState: Sending oneway calls to frozen process.
04-22 05:21:06.104   683   734 W IPCThreadState: Sending oneway calls to frozen process.
04-22 05:21:06.104   683   734 W IPCThreadState: Sending oneway calls to frozen process.
04-22 05:21:06.104   683   734 W IPCThreadState: Sending oneway calls to frozen process.
04-22 05:21:06.104   683   734 W IPCThreadState: Sending oneway calls to frozen process.
04-22 05:21:06.104   683   734 W IPCThreadState: Sending oneway calls to frozen process.
04-22 05:21:06.104   683   734 W IPCThreadState: Sending oneway calls to frozen process.
04-22 05:21:06.104   683   734 W IPCThreadState: Sending oneway calls to frozen process.
04-22 05:21:06.104   683   734 W IPCThreadState: Sending oneway calls to frozen process.
04-22 05:21:06.104   683   734 W IPCThreadState: Sending oneway calls to frozen process.
04-22 05:21:06.104   683   734 W IPCThreadState: Sending oneway calls to frozen process.
04-22 05:21:06.104   683   734 W IPCThreadState: Sending oneway calls to frozen process.
04-22 05:21:06.104   683   734 W IPCThreadState: Sending oneway calls to frozen process.
04-22 05:21:06.104   683   734 W IPCThreadState: Sending oneway calls to frozen process.
04-22 05:21:06.104   683   734 W IPCThreadState: Sending oneway calls to frozen process.
04-22 05:21:06.104   683   734 W IPCThreadState: Sending oneway calls to frozen process.
04-22 05:21:06.104   683   734 W IPCThreadState: Sending oneway calls to frozen process.
04-22 05:21:06.104   683   734 W IPCThreadState: Sending oneway calls to frozen process.
04-22 05:21:06.104   683   734 W IPCThreadState: Sending oneway calls to frozen process.
04-22 05:21:06.105   683   734 W IPCThreadState: Sending oneway calls to frozen process.
04-22 05:21:06.105   683   734 W IPCThreadState: Sending oneway calls to frozen process.
04-22 05:21:06.105   683   734 W IPCThreadState: Sending oneway calls to frozen process.
04-22 05:21:06.106  2365  2365 D CompatChangeReporter: Compat change id reported: 376561342; UID 10214; state: ENABLED
04-22 05:21:06.107   515   515 I BpBinder: onLastStrongRef automatically unlinking death recipients: 
04-22 05:21:06.107  2365  2365 I CameraScanActivity: scan from imageBase64 started: length=5932
04-22 05:21:06.107  2365  2365 I CameraScanActivity: analyzePickedImageBase64 start: length=5932
04-22 05:21:06.107  2365  2365 D AutofillManager: Fill dialog is enabled:false, hints=[]
04-22 05:21:06.108  2365  2365 D InsetsController: Setting requestedVisibleTypes to -16 (was -9)
04-22 05:21:06.109   683  1227 W WindowManager: Failed looking up window session=Session{4a3b1f2 2365:u0a10214} callers=com.android.server.wm.WindowManagerService.windowForClientLocked:6410 com.android.server.wm.Session.updateRequestedVisibleTypes:700 android.view.IWindowSession$Stub.onTransact:1023 
04-22 05:21:06.110   683  1227 D CoreBackPreview: Window{5339c5b u0 com.impos2.mixcretailassemblyrn84/com.impos2.adapterv2.camera.CameraScanActivity}: Setting back callback OnBackInvokedCallbackInfo{mCallback=android.window.IOnBackInvokedCallback$Stub$Proxy@9abf5d1, mPriority=-1, mIsAnimationCallback=false, mOverrideBehavior=0}
04-22 05:21:06.110  2365  3218 W HWUI    : Image decoding logging dropped!
04-22 05:21:06.114  2365  3224 I DynamiteModule: Considering local module com.google.mlkit.dynamite.barcode:10000 and remote module com.google.mlkit.dynamite.barcode:0
04-22 05:21:06.114  2365  3224 I DynamiteModule: Selected local version of com.google.mlkit.dynamite.barcode
04-22 05:21:06.116  2365  3224 D nativeloader: Load /data/app/~~x0K32JrPzdetXaqX5qGQbw==/com.impos2.mixcretailassemblyrn84-KviFgnhm4WJ6P6Gr9UM1rg==/base.apk!/lib/arm64-v8a/libbarhopper_v3.so using class loader ns clns-9 (caller=/data/app/~~x0K32JrPzdetXaqX5qGQbw==/com.impos2.mixcretailassemblyrn84-KviFgnhm4WJ6P6Gr9UM1rg==/base.apk): ok
04-22 05:21:06.123  2365  3224 I tflite  : Initialized TensorFlow Lite runtime.
04-22 05:21:06.125  2365  3224 W libc    : Access denied finding property "ro.hardware.chipname"
04-22 05:21:06.125  2365  3224 I tflite  : Created TensorFlow Lite XNNPACK delegate for CPU.
04-22 05:21:06.126  2365  3224 I tflite  : Replacing 43 out of 43 node(s) with delegate (TfLiteXNNPackDelegate) node, yielding 1 partitions for the whole graph.
04-22 05:21:06.127  2365  3224 I tflite  : Replacing 35 out of 47 node(s) with delegate (TfLiteXNNPackDelegate) node, yielding 23 partitions for the whole graph.
04-22 05:21:06.127  2365  3224 I native  : I0000 00:00:1776806466.127331    3224 oned_decoder_client.cc:696] barhopper::deep_learning::OnedDecoderClient is created successfully.
04-22 05:21:06.132   459   537 I netd    : tetherGetStats() -> {[]} <0.20ms>
04-22 05:21:06.137  2365  3219 D TransportRuntime.SQLiteEventStore: Storing event with priority=VERY_LOW, name=FIREBASE_ML_SDK for destination cct
04-22 05:21:06.138  2365  3219 D TransportRuntime.JobInfoScheduler: Scheduling upload for context TransportContext(cct, VERY_LOW, MSRodHRwczovL2ZpcmViYXNlbG9nZ2luZy5nb29nbGVhcGlzLmNvbS92MGNjL2xvZy9iYXRjaD9mb3JtYXQ9anNvbl9wcm90bzNc) with jobId=1978673722 in 86400000ms(Backend next call timestamp 0). Attempt 1
04-22 05:21:06.143  2365  3219 D TransportRuntime.SQLiteEventStore: Storing event with priority=DEFAULT, name=FIREBASE_ML_SDK for destination cct
04-22 05:21:06.144  2365  3219 D TransportRuntime.JobInfoScheduler: Scheduling upload for context TransportContext(cct, DEFAULT, MSRodHRwczovL2ZpcmViYXNlbG9nZ2luZy5nb29nbGVhcGlzLmNvbS92MGNjL2xvZy9iYXRjaD9mb3JtYXQ9anNvbl9wcm90bzNc) with jobId=1973692985 in 30000ms(Backend next call timestamp 0). Attempt 1
04-22 05:21:06.148  2365  3219 D TransportRuntime.SQLiteEventStore: Storing event with priority=VERY_LOW, name=FIREBASE_ML_SDK for destination cct
04-22 05:21:06.148  2365  3219 D TransportRuntime.JobInfoScheduler: Upload for context TransportContext(cct, VERY_LOW, MSRodHRwczovL2ZpcmViYXNlbG9nZ2luZy5nb29nbGVhcGlzLmNvbS92MGNjL2xvZy9iYXRjaD9mb3JtYXQ9anNvbl9wcm90bzNc) is already scheduled. Returning...
04-22 05:21:06.151  2365  2365 I CameraScanActivity: analyzePickedImageBase64 success: format=256, valueLength=103
04-22 05:21:06.151   957  1624 V WindowManagerShell: onTransitionReady(transaction=2933462670197)
04-22 05:21:06.152   683   731 I ActivityTaskManager: Displayed com.impos2.mixcretailassemblyrn84/com.impos2.adapterv2.camera.CameraScanActivity for user 0: +56ms
04-22 05:21:06.152   957  1041 V WindowManagerShell: onTransitionReady (#191) android.os.BinderProxy@5f616d: {id=191 t=OPEN f=0x0 trk=0 r=[0@Point(0, 0)] c=[
04-22 05:21:06.152   957  1041 V WindowManagerShell:         {m=OPEN f=FILLS_TASK leash=Surface(name=ActivityRecord{247958335 u0 com.impos2.mixcretailassemblyrn84/com.impos2.adapterv2.camera.CameraScanActivity)/@0x83915f0 sb=Rect(0, 0 - 0, 0) eb=Rect(0, 0 - 2560, 1600) epz=Point(2560, 1600) d=-1->0 r=-1->0:-1 bc=ff303030 component=com.impos2.mixcretailassemblyrn84/com.impos2.adapterv2.camera.CameraScanActivity opt={t=FROM_STYLE mUserId=0}},
04-22 05:21:06.152   957  1041 V WindowManagerShell:         {m=TO_BACK f=FILLS_TASK leash=Surface(name=ActivityRecord{1737133 u0 com.impos2.mixcretailassemblyrn84/.MainActivity)/@0xc9da769 sb=Rect(0, 0 - 2560, 1600) eb=Rect(0, 0 - 2560, 1600) epz=Point(2560, 1600) d=0 bc=ff303030 component=com.impos2.mixcretailassemblyrn84/.MainActivity opt={t=FROM_STYLE mUserId=0}}
04-22 05:21:06.152   957  1041 V WindowManagerShell:     ]}
04-22 05:21:06.152   957  1041 V WindowManagerShell: Playing animation for (#191) android.os.BinderProxy@5f616d@0
04-22 05:21:06.152  2365  3219 D TransportRuntime.SQLiteEventStore: Storing event with priority=VERY_LOW, name=FIREBASE_ML_SDK for destination cct
04-22 05:21:06.152   957  1041 V ShellRecents: RecentsTransitionHandler.startAnimation: no controller found
04-22 05:21:06.152   957  1041 V WindowManagerShell: Transition doesn't have explicit remote, search filters for match for {id=191 t=OPEN f=0x0 trk=0 r=[0@Point(0, 0)] c=[{m=OPEN f=FILLS_TASK leash=Surface(name=ActivityRecord{247958335 u0 com.impos2.mixcretailassemblyrn84/com.impos2.adapterv2.camera.CameraScanActivity)/@0x83915f0 sb=Rect(0, 0 - 0, 0) eb=Rect(0, 0 - 2560, 1600) epz=Point(2560, 1600) d=-1->0 r=-1->0:-1 bc=ff303030 component=com.impos2.mixcretailassemblyrn84/com.impos2.adapterv2.camera.CameraScanActivity opt={t=FROM_STYLE mUserId=0}},{m=TO_BACK f=FILLS_TASK leash=Surface(name=ActivityRecord{1737133 u0 com.impos2.mixcretailassemblyrn84/.MainActivity)/@0xc9da769 sb=Rect(0, 0 - 2560, 1600) eb=Rect(0, 0 - 2560, 1600) epz=Point(2560, 1600) d=0 bc=ff303030 component=com.impos2.mixcretailassemblyrn84/.MainActivity opt={t=FROM_STYLE mUserId=0}}]}
04-22 05:21:06.152   957  1041 V WindowManagerShell:  Checking filter Pair{{types=[] flags=0x0] notFlags=0x0 checks=[{atype=undefined independent=true modes=[CLOSE,TO_BACK] flags=IN_TASK_WITH_EMBEDDED_ACTIVITY mustBeTask=false order=ANY topActivity=null launchCookie=null taskFragmentToken=android.os.BinderProxy@c0a78a1 windowingMode=undefined}]} RemoteTransition { remoteTransition = android.window.IRemoteTransition$Stub$Proxy@ebc9ac6, appThread = android.app.IApplicationThread$Stub$Proxy@89a6a87, debugName = overlayBackTransition }}
04-22 05:21:06.152   957  1041 V WindowManagerShell:  Checking filter Pair{{types=[] flags=0x0] notFlags=0x0 checks=[{atype=dream independent=true modes=[OPEN,TO_FRONT] flags=NONE mustBeTask=false order=ANY topActivity=null launchCookie=null windowingMode=undefined},{atype=home independent=true modes=[CLOSE,TO_BACK] flags=NONE mustBeTask=false order=ANY topActivity=null launchCookie=null windowingMode=undefined}]} RemoteTransition { remoteTransition = android.window.IRemoteTransition$Stub$Proxy@19eadb4, appThread = android.app.IApplicationThread$Stub$Proxy@6b4fddd, debugName = LauncherToDream }}
04-22 05:21:06.153   957  1041 V WindowManagerShell:  Checking filter Pair{{types=[] flags=0x0] notFlags=0x100 checks=[{atype=home independent=true modes=[OPEN,TO_FRONT] flags=NONE mustBeTask=false order=TOP topActivity=ComponentInfo{com.google.android.apps.nexuslauncher/com.google.android.apps.nexuslauncher.NexusLauncherActivity} launchCookie=null windowingMode=undefined},{atype=standard independent=true modes=[CLOSE,TO_BACK] flags=NONE mustBeTask=false order=ANY topActivity=null launchCookie=null windowingMode=undefined},{NOT atype=undefined independent=true modes=[] flags=NONE mustBeTask=true order=ANY topActivity=null launchCookie=null customAnim=true windowingMode=undefined}]} RemoteTransition { remoteTransition = android.window.IRemoteTransition$Stub$Proxy@6579d52, appThread = android.app.IApplicationThread$Stub$Proxy@4a92823, debugName = QuickstepLaunchHome }}
04-22 05:21:06.153   957  1041 V WindowManagerShell:  Delegate animation for (#191) to null
04-22 05:21:06.153   957  1041 V WindowManagerShell: start default transition animation, info = {id=191 t=OPEN f=0x0 trk=0 r=[0@Point(0, 0)] c=[{m=OPEN f=FILLS_TASK leash=Surface(name=ActivityRecord{247958335 u0 com.impos2.mixcretailassemblyrn84/com.impos2.adapterv2.camera.CameraScanActivity)/@0x83915f0 sb=Rect(0, 0 - 0, 0) eb=Rect(0, 0 - 2560, 1600) epz=Point(2560, 1600) d=-1->0 r=-1->0:-1 bc=ff303030 component=com.impos2.mixcretailassemblyrn84/com.impos2.adapterv2.camera.CameraScanActivity opt={t=FROM_STYLE mUserId=0}},{m=TO_BACK f=FILLS_TASK leash=Surface(name=ActivityRecord{1737133 u0 com.impos2.mixcretailassemblyrn84/.MainActivity)/@0xc9da769 sb=Rect(0, 0 - 2560, 1600) eb=Rect(0, 0 - 2560, 1600) epz=Point(2560, 1600) d=0 bc=ff303030 component=com.impos2.mixcretailassemblyrn84/.MainActivity opt={t=FROM_STYLE mUserId=0}}]}
04-22 05:21:06.153   957  1041 V WindowManagerShell: loadAnimation: anim=android.view.animation.AnimationSet@25a02fa animAttr=0x5 type=OPEN isEntrance=false
04-22 05:21:06.153   957  1041 V WindowManagerShell: loadAnimation: anim=android.view.animation.AnimationSet@ee9daa1 animAttr=0x4 type=OPEN isEntrance=true
04-22 05:21:06.153  2365  3219 D TransportRuntime.JobInfoScheduler: Upload for context TransportContext(cct, VERY_LOW, MSRodHRwczovL2ZpcmViYXNlbG9nZ2luZy5nb29nbGVhcGlzLmNvbS92MGNjL2xvZy9iYXRjaD9mb3JtYXQ9anNvbl9wcm90bzNc) is already scheduled. Returning...
04-22 05:21:06.154   957  1041 V WindowManagerShell:  animated by com.android.wm.shell.transition.DefaultTransitionHandler@419789b
04-22 05:21:06.159   683   731 V WindowManager: Sent Transition (#191) createdAt=04-22 05:21:06.095 via request=TransitionRequestInfo { type = OPEN, triggerTask = TaskInfo{userId=0 taskId=47 effectiveUid=10214 displayId=0 isRunning=true baseIntent=Intent { act=android.intent.action.MAIN cat=[android.intent.category.LAUNCHER] flg=0x10200000 cmp=com.impos2.mixcretailassemblyrn84/.MainActivity } baseActivity=ComponentInfo{com.impos2.mixcretailassemblyrn84/com.impos2.mixcretailassemblyrn84.MainActivity} topActivity=ComponentInfo{com.impos2.mixcretailassemblyrn84/com.impos2.adapterv2.camera.CameraScanActivity} origActivity=null realActivity=ComponentInfo{com.impos2.mixcretailassemblyrn84/com.impos2.mixcretailassemblyrn84.MainActivity} numActivities=2 lastActiveTime=31923641 supportsMultiWindow=true resizeMode=1 isResizeable=true minWidth=-1 minHeight=-1 defaultMinSize=220 token=WCT{RemoteToken{c0b119 Task{79a1ce2 #47 type=standard A=10214:com.impos2.mixcretailassemblyrn84}}} topActivityType=1 pictureInPictureParams=null shouldDockBigOverlays=false launchIntoPipHostTaskId=-1 lastParentTaskIdBeforePip=-1 displayCutoutSafeInsets=Rect(0, 0 - 0, 0) topActivityInfo=ActivityInfo{1f44f72 com.impos2.adapterv2.camera.CameraScanActivity} launchCookies=[] positionInParent=Point(0, 0) parentTaskId=-1 isFocused=true isVisible=true isVisibleRequested=true isTopActivityNoDisplay=false isSleeping=false locusId=null displayAreaFeatureId=1 isTopActivityTransparent=false isActivityStackTransparent=false lastNonFullscreenBounds=Rect(892, 102 - 1668, 1482) capturedLink=null capturedLinkTimestamp=0 requestedVisibleTypes=-9 topActivityRequestOpenInBrowserEducationTimestamp=0 appCompatTaskInfo=AppCompatTaskInfo { topActivityInSizeCompat=false eligibleForLetterboxEducation= false isLetterboxEducationEnabled= true isLetterboxDoubleTapEnabled= false eligibleForUserAspectRatioButton= true topActivityBoundsLetterboxed= false isFromLetterboxDoubleTap= false topActivityLetterboxVerticalPosition= -1 topActivityLetterboxHorizontalPosition= -1 topActivityLetterboxWidth=-1 topActivityLetterboxHeight=-1 topActivityAppBounds=Rect(0, 0 - 2560, 1600) isUserFullscreenOverrideEnabled=false isSystemFullscreenOverrideEnabled=false hasMinAspectRatioOverride=false topActivityLetterboxBounds=null cameraCompatTaskInfo=CameraCompatTaskInfo { freeformCameraCompatMode=inactive}} topActivityMainWindowFrame=null}, pipChange = null, remoteTransition = null, displayChange = null, flags = 0, debugId = 191 }
04-22 05:21:06.159   683   731 V WindowManager:     startWCT=WindowContainerTransaction { changes= {} hops= [] errorCallbackToken=null taskFragmentOrganizer=null }
04-22 05:21:06.159   683   731 V WindowManager:     info={id=191 t=OPEN f=0x0 trk=0 r=[0@Point(0, 0)] c=[
04-22 05:21:06.159   683   731 V WindowManager:         {m=OPEN f=FILLS_TASK leash=Surface(name=ActivityRecord{247958335 u0 com.impos2.mixcretailassemblyrn84/com.impos2.adapterv2.camera.CameraScanActivity)/@0xad0524b sb=Rect(0, 0 - 0, 0) eb=Rect(0, 0 - 2560, 1600) epz=Point(2560, 1600) d=-1->0 r=-1->0:-1 bc=ff303030 component=com.impos2.mixcretailassemblyrn84/com.impos2.adapterv2.camera.CameraScanActivity opt={t=FROM_STYLE mUserId=0}},
04-22 05:21:06.159   683   731 V WindowManager:         {m=TO_BACK f=FILLS_TASK leash=Surface(name=ActivityRecord{1737133 u0 com.impos2.mixcretailassemblyrn84/.MainActivity)/@0xe65f71a sb=Rect(0, 0 - 2560, 1600) eb=Rect(0, 0 - 2560, 1600) epz=Point(2560, 1600) d=0 bc=ff303030 component=com.impos2.mixcretailassemblyrn84/.MainActivity opt={t=FROM_STYLE mUserId=0}}
04-22 05:21:06.159   683   731 V WindowManager:     ]}
04-22 05:21:06.160  2365  3219 D TransportRuntime.SQLiteEventStore: Storing event with priority=VERY_LOW, name=FIREBASE_ML_SDK for destination cct
04-22 05:21:06.161  2365  3219 D TransportRuntime.JobInfoScheduler: Upload for context TransportContext(cct, VERY_LOW, MSRodHRwczovL2ZpcmViYXNlbG9nZ2luZy5nb29nbGVhcGlzLmNvbS92MGNjL2xvZy9iYXRjaD9mb3JtYXQ9anNvbl9wcm90bzNc) is already scheduled. Returning...
04-22 05:21:06.162  2365  2365 I ConnectorManager: call end taskId=09abd64e9b93406197c898557d5e0de2 success=true code=0 duration=70
04-22 05:21:06.162   957  1041 V WindowManagerShell: Transition requested (#192): android.os.BinderProxy@f86f7b4 TransitionRequestInfo { type = CLOSE, triggerTask = null, pipChange = null, remoteTransition = null, displayChange = null, flags = 0, debugId = 192 }
04-22 05:21:06.165  2365  3219 D TransportRuntime.SQLiteEventStore: Storing event with priority=VERY_LOW, name=FIREBASE_ML_SDK for destination cct
04-22 05:21:06.166  2365  3219 D TransportRuntime.JobInfoScheduler: Upload for context TransportContext(cct, VERY_LOW, MSRodHRwczovL2ZpcmViYXNlbG9nZ2luZy5nb29nbGVhcGlzLmNvbS92MGNjL2xvZy9iYXRjaD9mb3JtYXQ9anNvbl9wcm90bzNc) is already scheduled. Returning...
04-22 05:21:06.169   683   912 D BackgroundInstallControlService: Package event received: 0
04-22 05:21:06.170  2365  2453 I assembly.assembly.android.mixc-retail-rn84: [assembly.topology] Native topology host already matches desired lifecycle state {"displayCount":1,"displayIndex":0,"deviceId":"ZJ63NQELD9","instanceMode":"MASTER","enableSlave":false,"running":false,"reason":"not-master-or-single-primary-host"}
04-22 05:21:06.170   957 10314 V WindowManagerShell: onTransitionReady(transaction=2933462670203)
04-22 05:21:06.170   683   912 D BackgroundInstallControlService: Package event received: 0
04-22 05:21:06.171   683   731 V WindowManager: Sent Transition (#192) createdAt=04-22 05:21:06.161 via request=TransitionRequestInfo { type = CLOSE, triggerTask = null, pipChange = null, remoteTransition = null, displayChange = null, flags = 0, debugId = 192 }
04-22 05:21:06.171   683   731 V WindowManager:     startWCT=WindowContainerTransaction { changes= {} hops= [] errorCallbackToken=null taskFragmentOrganizer=null }
04-22 05:21:06.171   683   731 V WindowManager:     info={id=192 t=CLOSE f=0x0 trk=0 r=[0@Point(0, 0)] c=[
04-22 05:21:06.171   683   731 V WindowManager:         {m=CLOSE f=FILLS_TASK|IS_OCCLUDED leash=Surface(name=ActivityRecord{247958335 u0 com.impos2.mixcretailassemblyrn84/com.impos2.adapterv2.camera.CameraScanActivity)/@0xad0524b sb=Rect(0, 0 - 2560, 1600) eb=Rect(0, 0 - 2560, 1600) epz=Point(2560, 1600) d=0 bc=ff303030 component=com.impos2.mixcretailassemblyrn84/com.impos2.adapterv2.camera.CameraScanActivity opt={t=FROM_STYLE mUserId=0}},
04-22 05:21:06.171   683   731 V WindowManager:         {m=TO_FRONT f=FILLS_TASK leash=Surface(name=ActivityRecord{1737133 u0 com.impos2.mixcretailassemblyrn84/.MainActivity)/@0xe65f71a sb=Rect(0, 0 - 2560, 1600) eb=Rect(0, 0 - 2560, 1600) epz=Point(2560, 1600) d=0 bc=ff303030 component=com.impos2.mixcretailassemblyrn84/.MainActivity opt={t=FROM_STYLE mUserId=0}}
04-22 05:21:06.171   683   731 V WindowManager:     ]}
04-22 05:21:06.171  2365  2453 I assembly.assembly.android.mixc-retail-rn84: [assembly.topology] Native topology host already matches desired lifecycle state {"displayCount":1,"displayIndex":0,"deviceId":"ZJ63NQELD9","instanceMode":"MASTER","enableSlave":false,"running":false,"reason":"not-master-or-single-primary-host"}
04-22 05:21:06.171   683   912 D BackgroundInstallControlService: Package event received: 0
04-22 05:21:06.172  2365  2453 I assembly.assembly.android.mixc-retail-rn84: [assembly.topology] Native topology host already matches desired lifecycle state {"displayCount":1,"displayIndex":0,"deviceId":"ZJ63NQELD9","instanceMode":"MASTER","enableSlave":false,"running":false,"reason":"not-master-or-single-primary-host"}
04-22 05:21:06.173   957  1041 V WindowManagerShell: onTransitionReady (#192) android.os.BinderProxy@f86f7b4: {id=192 t=CLOSE f=0x0 trk=0 r=[0@Point(0, 0)] c=[
04-22 05:21:06.173   957  1041 V WindowManagerShell:         {m=CLOSE f=FILLS_TASK|IS_OCCLUDED leash=Surface(name=ActivityRecord{247958335 u0 com.impos2.mixcretailassemblyrn84/com.impos2.adapterv2.camera.CameraScanActivity)/@0x5287fdd sb=Rect(0, 0 - 2560, 1600) eb=Rect(0, 0 - 2560, 1600) epz=Point(2560, 1600) d=0 bc=ff303030 component=com.impos2.mixcretailassemblyrn84/com.impos2.adapterv2.camera.CameraScanActivity opt={t=FROM_STYLE mUserId=0}},
04-22 05:21:06.173   957  1041 V WindowManagerShell:         {m=TO_FRONT f=FILLS_TASK leash=Surface(name=ActivityRecord{1737133 u0 com.impos2.mixcretailassemblyrn84/.MainActivity)/@0xb21f752 sb=Rect(0, 0 - 2560, 1600) eb=Rect(0, 0 - 2560, 1600) epz=Point(2560, 1600) d=0 bc=ff303030 component=com.impos2.mixcretailassemblyrn84/.MainActivity opt={t=FROM_STYLE mUserId=0}}
04-22 05:21:06.173   957  1041 V WindowManagerShell:     ]}
04-22 05:21:06.173   957  1041 V WindowManagerShell: Transition (#192) android.os.BinderProxy@f86f7b4@0 ready while (#191) android.os.BinderProxy@5f616d@0 is still animating. Notify the animating transition in case they can be merged
04-22 05:21:06.173   957  1041 V WindowManagerShell: Transition animation finished (aborted=false), notifying core (#191) android.os.BinderProxy@5f616d@0
04-22 05:21:06.174   683   731 V WindowManager: Finish Transition (#191): created at 04-22 05:21:06.095 collect-started=0.014ms request-sent=2.572ms started=3.236ms ready=5.234ms sent=56.258ms commit=5.417ms finished=78.872ms
04-22 05:21:06.174   957  1041 V WindowManagerShell: Playing animation for (#192) android.os.BinderProxy@f86f7b4@0
04-22 05:21:06.174   957  1041 V ShellRecents: RecentsTransitionHandler.startAnimation: no controller found
04-22 05:21:06.174   957  1041 V WindowManagerShell: Transition doesn't have explicit remote, search filters for match for {id=192 t=CLOSE f=0x0 trk=0 r=[0@Point(0, 0)] c=[{m=CLOSE f=FILLS_TASK|IS_OCCLUDED leash=Surface(name=ActivityRecord{247958335 u0 com.impos2.mixcretailassemblyrn84/com.impos2.adapterv2.camera.CameraScanActivity)/@0x5287fdd sb=Rect(0, 0 - 2560, 1600) eb=Rect(0, 0 - 2560, 1600) epz=Point(2560, 1600) d=0 bc=ff303030 component=com.impos2.mixcretailassemblyrn84/com.impos2.adapterv2.camera.CameraScanActivity opt={t=FROM_STYLE mUserId=0}},{m=TO_FRONT f=FILLS_TASK leash=Surface(name=ActivityRecord{1737133 u0 com.impos2.mixcretailassemblyrn84/.MainActivity)/@0xb21f752 sb=Rect(0, 0 - 2560, 1600) eb=Rect(0, 0 - 2560, 1600) epz=Point(2560, 1600) d=0 bc=ff303030 component=com.impos2.mixcretailassemblyrn84/.MainActivity opt={t=FROM_STYLE mUserId=0}}]}
04-22 05:21:06.174   957  1041 V WindowManagerShell:  Checking filter Pair{{types=[] flags=0x0] notFlags=0x0 checks=[{atype=undefined independent=true modes=[CLOSE,TO_BACK] flags=IN_TASK_WITH_EMBEDDED_ACTIVITY mustBeTask=false order=ANY topActivity=null launchCookie=null taskFragmentToken=android.os.BinderProxy@c0a78a1 windowingMode=undefined}]} RemoteTransition { remoteTransition = android.window.IRemoteTransition$Stub$Proxy@ebc9ac6, appThread = android.app.IApplicationThread$Stub$Proxy@89a6a87, debugName = overlayBackTransition }}
04-22 05:21:06.174   957  1041 V WindowManagerShell:  Checking filter Pair{{types=[] flags=0x0] notFlags=0x0 checks=[{atype=dream independent=true modes=[OPEN,TO_FRONT] flags=NONE mustBeTask=false order=ANY topActivity=null launchCookie=null windowingMode=undefined},{atype=home independent=true modes=[CLOSE,TO_BACK] flags=NONE mustBeTask=false order=ANY topActivity=null launchCookie=null windowingMode=undefined}]} RemoteTransition { remoteTransition = android.window.IRemoteTransition$Stub$Proxy@19eadb4, appThread = android.app.IApplicationThread$Stub$Proxy@6b4fddd, debugName = LauncherToDream }}
04-22 05:21:06.174   957  1041 V WindowManagerShell:  Checking filter Pair{{types=[] flags=0x0] notFlags=0x100 checks=[{atype=home independent=true modes=[OPEN,TO_FRONT] flags=NONE mustBeTask=false order=TOP topActivity=ComponentInfo{com.google.android.apps.nexuslauncher/com.google.android.apps.nexuslauncher.NexusLauncherActivity} launchCookie=null windowingMode=undefined},{atype=standard independent=true modes=[CLOSE,TO_BACK] flags=NONE mustBeTask=false order=ANY topActivity=null launchCookie=null windowingMode=undefined},{NOT atype=undefined independent=true modes=[] flags=NONE mustBeTask=true order=ANY topActivity=null launchCookie=null customAnim=true windowingMode=undefined}]} RemoteTransition { remoteTransition = android.window.IRemoteTransition$Stub$Proxy@6579d52, appThread = android.app.IApplicationThread$Stub$Proxy@4a92823, debugName = QuickstepLaunchHome }}
04-22 05:21:06.174   957  1041 V WindowManagerShell:  Delegate animation for (#192) to null
04-22 05:21:06.174   957  1041 V WindowManagerShell: start default transition animation, info = {id=192 t=CLOSE f=0x0 trk=0 r=[0@Point(0, 0)] c=[{m=CLOSE f=FILLS_TASK|IS_OCCLUDED leash=Surface(name=ActivityRecord{247958335 u0 com.impos2.mixcretailassemblyrn84/com.impos2.adapterv2.camera.CameraScanActivity)/@0x5287fdd sb=Rect(0, 0 - 2560, 1600) eb=Rect(0, 0 - 2560, 1600) epz=Point(2560, 1600) d=0 bc=ff303030 component=com.impos2.mixcretailassemblyrn84/com.impos2.adapterv2.camera.CameraScanActivity opt={t=FROM_STYLE mUserId=0}},{m=TO_FRONT f=FILLS_TASK leash=Surface(name=ActivityRecord{1737133 u0 com.impos2.mixcretailassemblyrn84/.MainActivity)/@0xb21f752 sb=Rect(0, 0 - 2560, 1600) eb=Rect(0, 0 - 2560, 1600) epz=Point(2560, 1600) d=0 bc=ff303030 component=com.impos2.mixcretailassemblyrn84/.MainActivity opt={t=FROM_STYLE mUserId=0}}]}
04-22 05:21:06.174   957  1041 V WindowManagerShell: loadAnimation: anim=android.view.animation.AnimationSet@ab23cd9 animAttr=0x6 type=CLOSE isEntrance=true
04-22 05:21:06.175   957  1041 V WindowManagerShell: loadAnimation: anim=android.view.animation.AnimationSet@1ad894c animAttr=0x7 type=CLOSE isEntrance=false
04-22 05:21:06.175   957  1041 V WindowManagerShell:  animated by com.android.wm.shell.transition.DefaultTransitionHandler@419789b
04-22 05:21:06.175  2365  2365 W unknown:BridgelessReact: ReactHost{0}.onHostResume(activity)
04-22 05:21:06.175  2365  2365 W unknown:BridgelessReact: ReactHost{0}.ReactContext.onHostResume()
04-22 05:21:06.180  2365  2453 I assembly.assembly.android.mixc-retail-rn84: [assembly.topology] Native topology host already matches desired lifecycle state {"displayCount":1,"displayIndex":0,"deviceId":"ZJ63NQELD9","instanceMode":"SLAVE","enableSlave":false,"running":false,"reason":"not-master-or-single-primary-host"}
04-22 05:21:06.182  2365  2452 I ReactNativeJS: '[assembly.android.mixc-retail-rn84.websocket] connect', { url: 'ws://127.0.0.1:18889/mockMasterServer/ws',
04-22 05:21:06.182  2365  2452 I ReactNativeJS:   protocol: 'ws',
04-22 05:21:06.182  2365  2452 I ReactNativeJS:   host: '127.0.0.1:18889',
04-22 05:21:06.182  2365  2452 I ReactNativeJS:   pathname: '/mockMasterServer/ws' }
04-22 05:21:06.182  2365  2453 I MMKV    : <MMKV_IO.cpp:609::writeActualSize> [mixc-retail-assembly-rn84::state] increase sequence to 28, crc 3792052600, actualSize 22269
04-22 05:21:06.182  2365  2453 I MMKV    : <MMKV.cpp:1208::sync> MMKV::sync, SyncFlag = 1
04-22 05:21:06.183  2365  2453 I assembly.assembly.android.mixc-retail-rn84: [assembly.topology] Native topology host already matches desired lifecycle state {"displayCount":1,"displayIndex":0,"deviceId":"ZJ63NQELD9","instanceMode":"SLAVE","enableSlave":false,"running":false,"reason":"not-master-or-single-primary-host"}
04-22 05:21:06.183  2365  2453 I assembly.assembly.android.mixc-retail-rn84: [assembly.topology] Native topology host already matches desired lifecycle state {"displayCount":1,"displayIndex":0,"deviceId":"ZJ63NQELD9","instanceMode":"SLAVE","enableSlave":false,"running":false,"reason":"not-master-or-single-primary-host"}
04-22 05:21:06.183  2365  2453 I assembly.assembly.android.mixc-retail-rn84: [assembly.topology] Create assembly topology socket binding {"displayIndex":0,"role":"slave","localNodeId":"master:ZJ63NQELD9","masterNodeId":"master:6Z2H3BSGEY","wsUrl":"ws://127.0.0.1:18889/mockMasterServer/ws","httpBaseUrl":"http://127.0.0.1:18889/mockMasterServer","resolvedServerBaseUrl":"http://127.0.0.1:18889/mockMasterServer","resolvedPathTemplate":"/ws"}
04-22 05:21:06.184  2365  2453 I assembly.assembly.android.mixc-retail-rn84.transport.ws.SocketRuntime: [transport.ws] Socket connect started: assembly.android.mixc-retail-rn84.topology {"profileName":"assembly.android.mixc-retail-rn84.topology","serverName":"dual-topology-host-v3","addressName":"dynamic-topology-host"}
04-22 05:21:06.188  2365  2453 I ailassemblyrn84: AssetManager2(0xb400007aa8c409d8) locale list changing from [] to [en-US]
04-22 05:21:06.188  2365  2453 I WebViewFactory: Loading com.google.android.webview version 133.0.6943.137 (code 694313732)
04-22 05:21:06.189  2365  2453 I ailassemblyrn84: AssetManager2(0xb400007aa8c54258) locale list changing from [] to [en-US]
04-22 05:21:06.189  2365  2453 I ailassemblyrn84: AssetManager2(0xb400007aa8c4e498) locale list changing from [] to [en-US]
04-22 05:21:06.189  2365  2453 I ailassemblyrn84: AssetManager2(0xb400007aa8c500b8) locale list changing from [] to [en-US]
04-22 05:21:06.189  2365  2453 I ailassemblyrn84: AssetManager2(0xb400007aa8c538f8) locale list changing from [] to [en-US]
04-22 05:21:06.189  2365  2453 V ResourcesManager: The following library key has been added: ResourcesKey{ mHash=b96a945f mResDir=null mSplitDirs=[] mOverlayDirs=[] mLibDirs=[/data/app/~~5zloAQ_A453Yud26y2NtXA==/com.google.android.webview--6_3T7yxKHlQgc9HbqhvJg==/WebViewGoogle.apk,/data/app/~~f0KvKUFGV9dY13hixF7hzg==/com.google.android.trichromelibrary_694313732-6L04wdgQ3zNCCiMCrYLEgg==/TrichromeLibrary.apk,/system_ext/framework/androidx.window.extensions.jar] mDisplayId=0 mOverrideConfig=v36 mCompatInfo={320dpi always-compat} mLoaders=[]}
04-22 05:21:06.190  2365  2453 W ailassemblyrn84: Failed to find entry 'classes.dex': Entry not found
04-22 05:21:06.190  2365  2453 D nativeloader: Configuring clns-10 for other apk /data/app/~~f0KvKUFGV9dY13hixF7hzg==/com.google.android.trichromelibrary_694313732-6L04wdgQ3zNCCiMCrYLEgg==/TrichromeLibrary.apk. target_sdk_version=34, uses_libraries=ALL, library_path=/data/app/~~5zloAQ_A453Yud26y2NtXA==/com.google.android.webview--6_3T7yxKHlQgc9HbqhvJg==/lib/arm64:/data/app/~~5zloAQ_A453Yud26y2NtXA==/com.google.android.webview--6_3T7yxKHlQgc9HbqhvJg==/WebViewGoogle.apk!/lib/arm64-v8a:/data/app/~~f0KvKUFGV9dY13hixF7hzg==/com.google.android.trichromelibrary_694313732-6L04wdgQ3zNCCiMCrYLEgg==/TrichromeLibrary.apk!/lib/arm64-v8a, permitted_path=/data:/mnt/expand
04-22 05:21:06.191  2365  2453 D ApplicationLoaders: Returning zygote-cached class loader: /system_ext/framework/androidx.window.extensions.jar
04-22 05:21:06.192  2365  2453 D nativeloader: Configuring clns-11 for other apk /data/app/~~5zloAQ_A453Yud26y2NtXA==/com.google.android.webview--6_3T7yxKHlQgc9HbqhvJg==/WebViewGoogle.apk. target_sdk_version=34, uses_libraries=, library_path=/data/app/~~5zloAQ_A453Yud26y2NtXA==/com.google.android.webview--6_3T7yxKHlQgc9HbqhvJg==/lib/arm64:/data/app/~~5zloAQ_A453Yud26y2NtXA==/com.google.android.webview--6_3T7yxKHlQgc9HbqhvJg==/WebViewGoogle.apk!/lib/arm64-v8a:/data/app/~~f0KvKUFGV9dY13hixF7hzg==/com.google.android.trichromelibrary_694313732-6L04wdgQ3zNCCiMCrYLEgg==/TrichromeLibrary.apk!/lib/arm64-v8a, permitted_path=/data:/mnt/expand
04-22 05:21:06.197  2365  2453 I ailassemblyrn84: Waiting for a blocking GC ClassLinker
04-22 05:21:06.205  2365  2453 I ailassemblyrn84: WaitForGcToComplete blocked ClassLinker on Background for 7.388ms
04-22 05:21:06.206  2365  2453 I cr_WVCFactoryProvider: version=133.0.6943.137 (694313732) minSdkVersion=29 isBundle=false multiprocess=true packageId=2
04-22 05:21:06.210  2365  2453 D nativeloader: Load /data/app/~~f0KvKUFGV9dY13hixF7hzg==/com.google.android.trichromelibrary_694313732-6L04wdgQ3zNCCiMCrYLEgg==/TrichromeLibrary.apk!/lib/arm64-v8a/libmonochrome_64.so using class loader ns clns-11 (caller=/data/app/~~5zloAQ_A453Yud26y2NtXA==/com.google.android.webview--6_3T7yxKHlQgc9HbqhvJg==/WebViewGoogle.apk): ok
04-22 05:21:06.210  2365  2453 D nativeloader: Load /system/lib64/libwebviewchromium_plat_support.so using class loader ns clns-11 (caller=/data/app/~~5zloAQ_A453Yud26y2NtXA==/com.google.android.webview--6_3T7yxKHlQgc9HbqhvJg==/WebViewGoogle.apk): ok
04-22 05:21:06.211  2365  3245 I chromium: [0422/052106.211725:INFO:variations_seed_loader.cc(67)] Failed to open file for reading.: No such file or directory (2)
04-22 05:21:06.211  2365  3245 I cr_VariationsUtils: Failed reading seed file "/data/user/0/com.impos2.mixcretailassemblyrn84/app_webview/variations_seed_new"
04-22 05:21:06.211  2365  3245 I chromium: [0422/052106.211846:INFO:variations_seed_loader.cc(67)] Failed to open file for reading.: No such file or directory (2)
04-22 05:21:06.211  2365  3245 I cr_VariationsUtils: Failed reading seed file "/data/user/0/com.impos2.mixcretailassemblyrn84/app_webview/variations_seed"
04-22 05:21:06.212  2365  3246 I cr_VariationsUtils: Requesting new seed from IVariationsSeedServer
04-22 05:21:06.213   683   912 D BackgroundInstallControlService: Package event received: 0
04-22 05:21:06.213  5681  5681 D ActivityThread: Package [com.impos2.mixcretailassemblyrn84] reported as REPLACED, but missing application info. Assuming REMOVED.
04-22 05:21:06.213   683  1227 D ActivityManager: sync unfroze 5681 com.google.android.webview:webview_service for 6
04-22 05:21:06.214  2365  2453 I cr_LibraryLoader: Successfully loaded native library
04-22 05:21:06.215  2365  2453 I cr_CachingUmaRecorder: Flushed 6 samples from 6 histograms, 0 samples were dropped.
04-22 05:21:06.216   683   912 D BackgroundInstallControlService: Package event received: 0
04-22 05:21:06.217   683  1821 W ProcessStats: Tracking association SourceState{6250917 com.impos2.mixcretailassemblyrn84/10214 BTop #7494} whose proc state 2 is better than process ProcessState{8273248 com.google.android.webview:webview_service/10169 pkg=com.google.android.webview} proc state 15 (0 skipped)
04-22 05:21:06.217   683   912 D BackgroundInstallControlService: Package event received: 0
04-22 05:21:06.219   683   829 I ImeTracker: com.impos2.mixcretailassemblyrn84:68771a2d: onRequestHide at ORIGIN_SERVER reason HIDE_SAME_WINDOW_FOCUSED_WITHOUT_EDITOR fromUser false
04-22 05:21:06.219  2365  2365 D InsetsController: hide(ime(), fromIme=false)
04-22 05:21:06.219  2365  2365 I ImeTracker: com.impos2.mixcretailassemblyrn84:68771a2d: onCancelled at PHASE_CLIENT_ALREADY_HIDDEN
04-22 05:21:06.220  1576  1576 I GoogleInputMethodService: GoogleInputMethodService.onFinishInput():2043 
04-22 05:21:06.220  1576  1576 I Module  : DeviceLockedStatusModuleProvider$Module.updateDeviceLockedStatus():100 repeatCheckTimes = 0, locked = false
04-22 05:21:06.221  1576  1576 I GoogleInputMethodService: GoogleInputMethodService.onStartInput():1293 onStartInput(EditorInfo{EditorInfo{packageName=com.impos2.mixcretailassemblyrn84, inputType=0, inputTypeString=NULL, enableLearning=false, autoCorrection=false, autoComplete=false, imeOptions=0, privateImeOptions=null, actionName=UNSPECIFIED, actionLabel=null, initialSelStart=-1, initialSelEnd=-1, initialCapsMode=0, label=null, fieldId=0, fieldName=null, extras=null, hintText=null, hintLocales=[]}}, false)
04-22 05:21:06.221  1576  1576 I Module  : DeviceLockedStatusModuleProvider$Module.updateDeviceLockedStatus():100 repeatCheckTimes = 1, locked = false
04-22 05:21:06.221  1576  1576 I EmojiCompatManager: EmojiCompatManager.getEmojiCompatIfLoaded():343 EmojiCompat.init() was never called.
04-22 05:21:06.221  1576  1576 I EmojiCompatManager: java.lang.IllegalStateException: EmojiCompat is not initialized. Please call EmojiCompat.init() first
04-22 05:21:06.221  1576  1576 I EmojiCompatManager: 	at asx.p(PG:6)
04-22 05:21:06.221  1576  1576 I EmojiCompatManager: 	at axb.b(PG:13)
04-22 05:21:06.221  1576  1576 I EmojiCompatManager: 	at jnr.b(PG:2)
04-22 05:21:06.221  1576  1576 I EmojiCompatManager: 	at jnr.c(PG:4)
04-22 05:21:06.221  1576  1576 I EmojiCompatManager: 	at jnr.f(PG:3)
04-22 05:21:06.221  1576  1576 I EmojiCompatManager: 	at jnx.c(PG:3)
04-22 05:21:06.221  1576  1576 I EmojiCompatManager: 	at kif.cz(PG:47)
04-22 05:21:06.221  1576  1576 I EmojiCompatManager: 	at lhl.run(PG:1025)
04-22 05:21:06.221  1576  1576 I EmojiCompatManager: 	at jaf.execute(PG:12)
04-22 05:21:06.221  1576  1576 I EmojiCompatManager: 	at nco.v(PG:13)
04-22 05:21:06.221  1576  1576 I EmojiCompatManager: 	at lhn.m(PG:96)
04-22 05:21:06.221  1576  1576 I EmojiCompatManager: 	at lhn.k(PG:25)
04-22 05:21:06.221  1576  1576 I EmojiCompatManager: 	at kgn.onStartInput(PG:250)
04-22 05:21:06.221  1576  1576 I EmojiCompatManager: 	at android.inputmethodservice.InputMethodService.doStartInput(InputMethodService.java:3521)
04-22 05:21:06.221  1576  1576 I EmojiCompatManager: 	at android.inputmethodservice.InputMethodService$InputMethodImpl.startInput(InputMethodService.java:879)
