04-22 05:21:06.221  1576  1576 I EmojiCompatManager: 	at android.inputmethodservice.InputMethodService$InputMethodImpl.dispatchStartInput(InputMethodService.java:908)
04-22 05:21:06.221  1576  1576 I EmojiCompatManager: 	at android.inputmethodservice.IInputMethodWrapper.executeMessage(IInputMethodWrapper.java:201)
04-22 05:21:06.221  1576  1576 I EmojiCompatManager: 	at com.android.internal.os.HandlerCaller$MyHandler.handleMessage(HandlerCaller.java:44)
04-22 05:21:06.221  1576  1576 I EmojiCompatManager: 	at android.os.Handler.dispatchMessage(Handler.java:110)
04-22 05:21:06.221  1576  1576 I EmojiCompatManager: 	at android.os.Looper.loopOnce(Looper.java:248)
04-22 05:21:06.221  1576  1576 I EmojiCompatManager: 	at android.os.Looper.loop(Looper.java:338)
04-22 05:21:06.221  1576  1576 I EmojiCompatManager: 	at android.app.ActivityThread.main(ActivityThread.java:9067)
04-22 05:21:06.221  1576  1576 I EmojiCompatManager: 	at java.lang.reflect.Method.invoke(Native Method)
04-22 05:21:06.221  1576  1576 I EmojiCompatManager: 	at com.android.internal.os.RuntimeInit$MethodAndArgsCaller.run(RuntimeInit.java:593)
04-22 05:21:06.221  1576  1576 I EmojiCompatManager: 	at com.android.internal.os.ZygoteInit.main(ZygoteInit.java:932)
04-22 05:21:06.222   683  1821 W PackageConfigPersister: App-specific configuration not found for packageName: com.impos2.mixcretailassemblyrn84 and userId: 0
04-22 05:21:06.230  5681  5701 I cr_VariationsUtils: Seed download job already scheduled
04-22 05:21:06.235  2365  2453 I assembly.assembly.android.mixc-retail-rn84: [assembly.topology] Native topology host already matches desired lifecycle state {"displayCount":1,"displayIndex":0,"deviceId":"ZJ63NQELD9","instanceMode":"SLAVE","enableSlave":false,"running":false,"reason":"not-master-or-single-primary-host"}
04-22 05:21:06.235  2365  2453 I assembly.assembly.android.mixc-retail-rn84: [assembly.topology] Native topology host already matches desired lifecycle state {"displayCount":1,"displayIndex":0,"deviceId":"ZJ63NQELD9","instanceMode":"SLAVE","enableSlave":false,"running":false,"reason":"not-master-or-single-primary-host"}
04-22 05:21:06.235  2365  2453 I assembly.assembly.android.mixc-retail-rn84: [assembly.topology] Native topology host already matches desired lifecycle state {"displayCount":1,"displayIndex":0,"deviceId":"ZJ63NQELD9","instanceMode":"SLAVE","enableSlave":false,"running":false,"reason":"not-master-or-single-primary-host"}
04-22 05:21:06.235  2365  2453 I assembly.assembly.android.mixc-retail-rn84: [assembly.topology] Native topology host already matches desired lifecycle state {"displayCount":1,"displayIndex":0,"deviceId":"ZJ63NQELD9","instanceMode":"SLAVE","enableSlave":false,"running":false,"reason":"not-master-or-single-primary-host"}
04-22 05:21:06.235  2365  2453 I assembly.assembly.android.mixc-retail-rn84: [assembly.topology] Native topology host already matches desired lifecycle state {"displayCount":1,"displayIndex":0,"deviceId":"ZJ63NQELD9","instanceMode":"SLAVE","enableSlave":false,"running":false,"reason":"not-master-or-single-primary-host"}
04-22 05:21:06.236  2365  2453 I assembly.assembly.android.mixc-retail-rn84: [assembly.topology] Native topology host already matches desired lifecycle state {"displayCount":1,"displayIndex":0,"deviceId":"ZJ63NQELD9","instanceMode":"SLAVE","enableSlave":false,"running":false,"reason":"not-master-or-single-primary-host"}
04-22 05:21:06.236  2365  2453 I assembly.assembly.android.mixc-retail-rn84: [assembly.topology] Native topology host already matches desired lifecycle state {"displayCount":1,"displayIndex":0,"deviceId":"ZJ63NQELD9","instanceMode":"SLAVE","enableSlave":false,"running":false,"reason":"not-master-or-single-primary-host"}
04-22 05:21:06.236  2365  2453 I assembly.assembly.android.mixc-retail-rn84: [assembly.topology] Native topology host already matches desired lifecycle state {"displayCount":1,"displayIndex":0,"deviceId":"ZJ63NQELD9","instanceMode":"SLAVE","enableSlave":false,"running":false,"reason":"not-master-or-single-primary-host"}
04-22 05:21:06.244  2365  2453 I assembly.assembly.android.mixc-retail-rn84: [assembly.topology] Native topology host already matches desired lifecycle state {"displayCount":1,"displayIndex":0,"deviceId":"ZJ63NQELD9","instanceMode":"SLAVE","enableSlave":false,"running":false,"reason":"not-master-or-single-primary-host"}
04-22 05:21:06.247  2365  2453 I assembly.assembly.android.mixc-retail-rn84: [assembly.topology] Native topology host already matches desired lifecycle state {"displayCount":1,"displayIndex":0,"deviceId":"ZJ63NQELD9","instanceMode":"SLAVE","enableSlave":false,"running":false,"reason":"not-master-or-single-primary-host"}
04-22 05:21:06.247  2365  2453 I assembly.assembly.android.mixc-retail-rn84: [assembly.topology] Native topology host already matches desired lifecycle state {"displayCount":1,"displayIndex":0,"deviceId":"ZJ63NQELD9","instanceMode":"SLAVE","enableSlave":false,"running":false,"reason":"not-master-or-single-primary-host"}
04-22 05:21:06.247  2365  2453 I assembly.assembly.android.mixc-retail-rn84: [assembly.topology] Native topology host already matches desired lifecycle state {"displayCount":1,"displayIndex":0,"deviceId":"ZJ63NQELD9","instanceMode":"SLAVE","enableSlave":false,"running":false,"reason":"not-master-or-single-primary-host"}
04-22 05:21:06.255  2365  2452 I ReactNativeJS: '[runtime-state-sync-apply]', '{"direction":"master-to-slave","incomingSliceNames":["kernel.base.topology-runtime-v3.demo.master","kernel.base.tcp-control-runtime-v2.identity","kernel.base.tcp-control-runtime-v2.credential","kernel.base.tcp-control-runtime-v2.binding","kernel.base.tcp-control-runtime-v2.sandbox","kernel.base.tdp-sync-runtime-v2.hot-update","kernel.base.ui-runtime-v2.screen.main","kernel.base.ui-runtime-v2.overlay.main","kernel.base.ui-runtime-v2.ui-variable.main"],"appliedSliceNames":["kernel.base.topology-runtime-v3.demo.master","kernel.base.tcp-control-runtime-v2.identity","kernel.base.tcp-control-runtime-v2.credential","kernel.base.tcp-control-runtime-v2.binding","kernel.base.tcp-control-runtime-v2.sandbox","kernel.base.tdp-sync-runtime-v2.hot-update","kernel.base.ui-runtime-v2.screen.main","kernel.base.ui-runtime-v2.overlay.main","kernel.base.ui-runtime-v2.ui-variable.main"],"skippedSliceReasons":[]}'
04-22 05:21:06.257  2365  2453 I assembly.assembly.android.mixc-retail-rn84: [assembly.topology] Native topology host already matches desired lifecycle state {"displayCount":1,"displayIndex":0,"deviceId":"ZJ63NQELD9","instanceMode":"SLAVE","enableSlave":false,"running":false,"reason":"not-master-or-single-primary-host"}
04-22 05:21:06.260  2365  2453 I MMKV    : <MMKV_IO.cpp:609::writeActualSize> [mixc-retail-assembly-rn84::state] increase sequence to 29, crc 2226060964, actualSize 22698
04-22 05:21:06.260  2365  2453 I MMKV    : <MMKV.cpp:1208::sync> MMKV::sync, SyncFlag = 1
04-22 05:21:06.263  2365  2453 I assembly.assembly.android.mixc-retail-rn84: [assembly.topology] Native topology host already matches desired lifecycle state {"displayCount":1,"displayIndex":0,"deviceId":"ZJ63NQELD9","instanceMode":"SLAVE","enableSlave":false,"running":false,"reason":"not-master-or-single-primary-host"}
04-22 05:21:06.265  1086  1298 D SatelliteController: iisInCarrierRoamingNbIotNtn: satellite is disabled
04-22 05:21:06.641   957  1041 V WindowManagerShell: Transition animation finished (aborted=false), notifying core (#192) android.os.BinderProxy@f86f7b4@0
04-22 05:21:06.642   683   731 V WindowManager: Finish Transition (#192): created at 04-22 05:21:06.161 collect-started=0.007ms request-sent=0.014ms started=2.069ms ready=8.431ms sent=8.894ms commit=20.711ms finished=480.909ms
04-22 05:21:06.644   957  1041 V WindowManagerShell: Track 0 became idle
04-22 05:21:06.644  2365  2365 D VRI[CameraScanActivity]: visibilityChanged oldVisibility=true newVisibility=false
04-22 05:21:06.644   957  1041 V WindowManagerShell: All active transition animations finished
04-22 05:21:06.662  2365  2365 W WindowOnBackDispatcher: sendCancelIfRunning: isInProgress=false callback=android.app.Activity$$ExternalSyntheticLambda0@f652fd1
04-22 05:21:06.662   683  1871 D CoreBackPreview: Window{5339c5b u0 com.impos2.mixcretailassemblyrn84/com.impos2.adapterv2.camera.CameraScanActivity}: Setting back callback null
04-22 05:21:06.664  2365  2365 D ViewRootImpl: Skipping stats log for color mode
04-22 05:21:06.665   683   912 D BackgroundInstallControlService: Package event received: 0
04-22 05:21:07.614   683   858 W BestClock: java.time.DateTimeException: No network time available
04-22 05:21:07.615   683   858 W BestClock: java.time.DateTimeException: No network time available
04-22 05:21:07.615   683   858 W BestClock: java.time.DateTimeException: No network time available
04-22 05:21:07.615   683   858 W BestClock: java.time.DateTimeException: No network time available
04-22 05:21:07.615   683   858 W BestClock: java.time.DateTimeException: No network time available
04-22 05:21:07.617   683   858 D WifiClientModeImpl[9769:wlan0]: updateLinkLayerStatsRssiSpeedFrequencyCapabilities rssi=-50 TxLinkspeed=1 freq=2447 RxLinkSpeed=2
04-22 05:21:07.618   683   858 D WifiDataStall: tx tput in kbps: 11000
04-22 05:21:07.618   683   858 D WifiDataStall: rx tput in kbps: 11000
04-22 05:21:07.618   683   858 V WifiConfigManager: Updating scan detail cache freq=2447 BSSID=00:13:10:85:fe:01 RSSI=-50 for "AndroidWifi"NONE
04-22 05:21:07.618   683   858 D WifiThroughputPredictor:  utilization (LLS) 80 isBluetoothConnected: false final utilization: 80
04-22 05:21:07.618   683   858 D WifiThroughputPredictor:  BW: 0 RSSI: -50 Nss: 1 Mode: 1 symDur: 4000 snrDb 30 bitPerTone: 4500 rate: 54 throughput: 11
04-22 05:21:07.618   683   858 D WifiThroughputPredictor:  utilization (LLS) 80 isBluetoothConnected: false final utilization: 80
04-22 05:21:07.618   683   858 D WifiThroughputPredictor:  BW: 0 RSSI: -50 Nss: 1 Mode: 1 symDur: 4000 snrDb 30 bitPerTone: 4500 rate: 54 throughput: 11
04-22 05:21:07.619   683   858 D WifiThroughputPredictor:  utilization (LLS) 80 isBluetoothConnected: false final utilization: 80
04-22 05:21:07.619   683   858 D WifiThroughputPredictor:  BW: 0 RSSI: -50 Nss: 1 Mode: 1 symDur: 4000 snrDb 30 bitPerTone: 4500 rate: 54 throughput: 11
04-22 05:21:07.619   683   858 D WifiThroughputPredictor:  utilization (LLS) 80 isBluetoothConnected: false final utilization: 80
04-22 05:21:07.619   683   858 D WifiThroughputPredictor:  BW: 0 RSSI: -50 Nss: 1 Mode: 1 symDur: 4000 snrDb 30 bitPerTone: 4500 rate: 54 throughput: 11
04-22 05:21:07.620   683   858 D WifiScoreCard: BSSID update SIGNAL_POLL ID: 261501600 SSID: "AndroidWifi", BSSID: 00:13:10:85:fe:01, MAC: 02:15:b4:00:00:00, IP: /10.0.2.17, Security type: 0, Supplicant state: COMPLETED, Wi-Fi standard: legacy, RSSI: -50, Link speed: 1Mbps, Tx Link speed: 1Mbps, Max Supported Tx Link speed: 11Mbps, Rx Link speed: 2Mbps, Max Supported Rx Link speed: 11Mbps, Frequency: 2447MHz, Net ID: 0, Metered hint: false, score: 60, isUsable: true, CarrierMerged: false, SubscriptionId: -1, IsPrimary: 1, Trusted: true, Restricted: false, Ephemeral: false, OEM paid: false, OEM private: false, OSU AP: false, FQDN: <none>, Provider friendly name: <none>, Requesting package name: <none>"AndroidWifi"openMLO Information: , Is TID-To-Link negotiation supported by the AP: false, AP MLD Address: <none>, AP MLO Link Id: <none>, AP MLO Affiliated links: <none>, Vendor Data: <none>
04-22 05:21:07.620   683   858 D WifiScoreCard: txRate: 1 txSpeed: 1
04-22 05:21:07.620   683   858 D WifiScoreCard: network update SIGNAL_POLL "AndroidWifi" ID: 579418950 RSSI -50 txSpeed -1
04-22 05:21:07.620   683   858 D WifiClientModeImpl[9769:wlan0]:  ClientModeImpl$L2ConnectedState screen=on 1 0 "AndroidWifi" 00:13:10:85:fe:01 rssi=-50 f=2447 sc=60 link=1 tx=0.1, 0.0, 0.0 rx=0.1 bcn=0 [on:0 tx:0 rx:0 period:3009] from screen [on:0 period:-1309992924] score=60
04-22 05:21:09.604   683  1715 E TaskPersister: File error accessing recents directory (directory doesn't exist?).
04-22 05:21:10.625   683   858 W BestClock: java.time.DateTimeException: No network time available
04-22 05:21:10.626   683   858 W BestClock: java.time.DateTimeException: No network time available
04-22 05:21:10.626   683   858 W BestClock: java.time.DateTimeException: No network time available
04-22 05:21:10.626   683   858 W BestClock: java.time.DateTimeException: No network time available
04-22 05:21:10.626   683   858 W BestClock: java.time.DateTimeException: No network time available
04-22 05:21:10.627   683   858 D WifiClientModeImpl[9769:wlan0]: updateLinkLayerStatsRssiSpeedFrequencyCapabilities rssi=-50 TxLinkspeed=1 freq=2447 RxLinkSpeed=2
04-22 05:21:10.627   683   858 D WifiDataStall: tx tput in kbps: 11000
04-22 05:21:10.627   683   858 D WifiDataStall: rx tput in kbps: 11000
04-22 05:21:10.627   683   858 V WifiConfigManager: Updating scan detail cache freq=2447 BSSID=00:13:10:85:fe:01 RSSI=-50 for "AndroidWifi"NONE
04-22 05:21:10.627   683   858 D WifiThroughputPredictor:  utilization (LLS) 80 isBluetoothConnected: false final utilization: 80
04-22 05:21:10.627   683   858 D WifiThroughputPredictor:  BW: 0 RSSI: -50 Nss: 1 Mode: 1 symDur: 4000 snrDb 30 bitPerTone: 4500 rate: 54 throughput: 11
04-22 05:21:10.627   683   858 D WifiThroughputPredictor:  utilization (LLS) 80 isBluetoothConnected: false final utilization: 80
04-22 05:21:10.627   683   858 D WifiThroughputPredictor:  BW: 0 RSSI: -50 Nss: 1 Mode: 1 symDur: 4000 snrDb 30 bitPerTone: 4500 rate: 54 throughput: 11
04-22 05:21:10.628   683   858 D WifiThroughputPredictor:  utilization (LLS) 80 isBluetoothConnected: false final utilization: 80
04-22 05:21:10.628   683   858 D WifiThroughputPredictor:  BW: 0 RSSI: -50 Nss: 1 Mode: 1 symDur: 4000 snrDb 30 bitPerTone: 4500 rate: 54 throughput: 11
04-22 05:21:10.628   683   858 D WifiThroughputPredictor:  utilization (LLS) 80 isBluetoothConnected: false final utilization: 80
04-22 05:21:10.628   683   858 D WifiThroughputPredictor:  BW: 0 RSSI: -50 Nss: 1 Mode: 1 symDur: 4000 snrDb 30 bitPerTone: 4500 rate: 54 throughput: 11
04-22 05:21:10.628   683   858 D WifiScoreCard: BSSID update SIGNAL_POLL ID: 261501600 SSID: "AndroidWifi", BSSID: 00:13:10:85:fe:01, MAC: 02:15:b4:00:00:00, IP: /10.0.2.17, Security type: 0, Supplicant state: COMPLETED, Wi-Fi standard: legacy, RSSI: -50, Link speed: 1Mbps, Tx Link speed: 1Mbps, Max Supported Tx Link speed: 11Mbps, Rx Link speed: 2Mbps, Max Supported Rx Link speed: 11Mbps, Frequency: 2447MHz, Net ID: 0, Metered hint: false, score: 60, isUsable: true, CarrierMerged: false, SubscriptionId: -1, IsPrimary: 1, Trusted: true, Restricted: false, Ephemeral: false, OEM paid: false, OEM private: false, OSU AP: false, FQDN: <none>, Provider friendly name: <none>, Requesting package name: <none>"AndroidWifi"openMLO Information: , Is TID-To-Link negotiation supported by the AP: false, AP MLD Address: <none>, AP MLO Link Id: <none>, AP MLO Affiliated links: <none>, Vendor Data: <none>
04-22 05:21:10.628   683   858 D WifiScoreCard: txRate: 1 txSpeed: 1
04-22 05:21:10.628   683   858 D WifiScoreCard: network update SIGNAL_POLL "AndroidWifi" ID: 579418950 RSSI -50 txSpeed -1
04-22 05:21:10.628   683   858 D WifiClientModeImpl[9769:wlan0]:  ClientModeImpl$L2ConnectedState screen=on 1 0 "AndroidWifi" 00:13:10:85:fe:01 rssi=-50 f=2447 sc=60 link=1 tx=0.0, 0.0, 0.0 rx=0.0 bcn=0 [on:0 tx:0 rx:0 period:3008] from screen [on:0 period:-1309989916] score=60
04-22 05:21:11.244   683   864 D InetDiagMessage: Destroyed 0 sockets, proto=IPPROTO_TCP, family=AF_INET, states=14
04-22 05:21:11.245   683   864 D InetDiagMessage: Destroyed 0 sockets, proto=IPPROTO_TCP, family=AF_INET6, states=14
04-22 05:21:11.245   683   864 D InetDiagMessage: Destroyed live tcp sockets for uids={10169} in 1ms
04-22 05:21:11.245   683   864 D InetDiagMessage: Destroyed 0 sockets, proto=IPPROTO_TCP, family=AF_INET, states=14
04-22 05:21:11.245   683   864 D InetDiagMessage: Destroyed 0 sockets, proto=IPPROTO_TCP, family=AF_INET6, states=14
04-22 05:21:11.246   683   864 D InetDiagMessage: Destroyed live tcp sockets for uids={20169} in 1ms
04-22 05:21:12.171   459   537 I netd    : tetherGetStats() -> {[]} <1.32ms>
04-22 05:21:12.277   938   938 D wpa_supplicant: nl80211: Drv Event 64 (NL80211_CMD_NOTIFY_CQM) received for wlan0
04-22 05:21:12.278   938   938 D wpa_supplicant: nl80211: Beacon loss event
04-22 05:21:12.278   938   938 D wpa_supplicant: wlan0: Event BEACON_LOSS (53) received
04-22 05:21:12.278   938   938 I wpa_supplicant: wlan0: CTRL-EVENT-BEACON-LOSS 
04-22 05:21:13.631   683   858 W BestClock: java.time.DateTimeException: No network time available
04-22 05:21:13.631   683   858 W BestClock: java.time.DateTimeException: No network time available
04-22 05:21:13.631   683   858 W BestClock: java.time.DateTimeException: No network time available
04-22 05:21:13.631   683   858 W BestClock: java.time.DateTimeException: No network time available
04-22 05:21:13.631   683   858 W BestClock: java.time.DateTimeException: No network time available
04-22 05:21:13.632   683   858 D WifiClientModeImpl[9769:wlan0]: updateLinkLayerStatsRssiSpeedFrequencyCapabilities rssi=-50 TxLinkspeed=1 freq=2447 RxLinkSpeed=2
04-22 05:21:13.633   683   858 D WifiDataStall: tx tput in kbps: 11000
04-22 05:21:13.633   683   858 D WifiDataStall: rx tput in kbps: 11000
04-22 05:21:13.633   683   858 V WifiConfigManager: Updating scan detail cache freq=2447 BSSID=00:13:10:85:fe:01 RSSI=-50 for "AndroidWifi"NONE
04-22 05:21:13.633   683   858 D WifiThroughputPredictor:  utilization (LLS) 80 isBluetoothConnected: false final utilization: 80
04-22 05:21:13.633   683   858 D WifiThroughputPredictor:  BW: 0 RSSI: -50 Nss: 1 Mode: 1 symDur: 4000 snrDb 30 bitPerTone: 4500 rate: 54 throughput: 11
04-22 05:21:13.633   683   858 D WifiThroughputPredictor:  utilization (LLS) 80 isBluetoothConnected: false final utilization: 80
04-22 05:21:13.633   683   858 D WifiThroughputPredictor:  BW: 0 RSSI: -50 Nss: 1 Mode: 1 symDur: 4000 snrDb 30 bitPerTone: 4500 rate: 54 throughput: 11
04-22 05:21:13.633   683   858 D WifiThroughputPredictor:  utilization (LLS) 80 isBluetoothConnected: false final utilization: 80
04-22 05:21:13.633   683   858 D WifiThroughputPredictor:  BW: 0 RSSI: -50 Nss: 1 Mode: 1 symDur: 4000 snrDb 30 bitPerTone: 4500 rate: 54 throughput: 11
04-22 05:21:13.633   683   858 D WifiThroughputPredictor:  utilization (LLS) 80 isBluetoothConnected: false final utilization: 80
04-22 05:21:13.633   683   858 D WifiThroughputPredictor:  BW: 0 RSSI: -50 Nss: 1 Mode: 1 symDur: 4000 snrDb 30 bitPerTone: 4500 rate: 54 throughput: 11
04-22 05:21:13.633   683   858 D WifiScoreCard: BSSID update SIGNAL_POLL ID: 261501600 SSID: "AndroidWifi", BSSID: 00:13:10:85:fe:01, MAC: 02:15:b4:00:00:00, IP: /10.0.2.17, Security type: 0, Supplicant state: COMPLETED, Wi-Fi standard: legacy, RSSI: -50, Link speed: 1Mbps, Tx Link speed: 1Mbps, Max Supported Tx Link speed: 11Mbps, Rx Link speed: 2Mbps, Max Supported Rx Link speed: 11Mbps, Frequency: 2447MHz, Net ID: 0, Metered hint: false, score: 60, isUsable: true, CarrierMerged: false, SubscriptionId: -1, IsPrimary: 1, Trusted: true, Restricted: false, Ephemeral: false, OEM paid: false, OEM private: false, OSU AP: false, FQDN: <none>, Provider friendly name: <none>, Requesting package name: <none>"AndroidWifi"openMLO Information: , Is TID-To-Link negotiation supported by the AP: false, AP MLD Address: <none>, AP MLO Link Id: <none>, AP MLO Affiliated links: <none>, Vendor Data: <none>
04-22 05:21:13.633   683   858 D WifiScoreCard: txRate: 1 txSpeed: 1
04-22 05:21:13.633   683   858 D WifiScoreCard: network update SIGNAL_POLL "AndroidWifi" ID: 579418950 RSSI -50 txSpeed -1
04-22 05:21:13.633   683   858 D WifiClientModeImpl[9769:wlan0]:  ClientModeImpl$L2ConnectedState screen=on 1 0 "AndroidWifi" 00:13:10:85:fe:01 rssi=-50 f=2447 sc=60 link=1 tx=0.0, 0.0, 0.0 rx=0.0 bcn=0 [on:0 tx:0 rx:0 period:3005] from screen [on:0 period:-1309986911] score=60
04-22 05:21:13.931   683   912 D BackgroundInstallControlService: Package event received: 0
04-22 05:21:13.933   683  1871 D ActivityManager: sync unfroze 1396 com.google.android.permissioncontroller for 6
04-22 05:21:13.957   459   537 I netd    : tetherGetStats() -> {[]} <0.43ms>
04-22 05:21:15.095   683   750 I WifiService: isFeatureSupported uid=1000 returns [WIFI_FEATURE_INFRA, WIFI_FEATURE_P2P, WIFI_FEATURE_MOBILE_HOTSPOT, WIFI_FEATURE_WPA3_SAE, WIFI_FEATURE_WPA3_SUITE_B, WIFI_FEATURE_OWE, WIFI_FEATURE_DPP, WIFI_FEATURE_AP_RAND_MAC, WIFI_FEATURE_MBO, WIFI_FEATURE_FILS_SHA256, WIFI_FEATURE_FILS_SHA384, WIFI_FEATURE_SAE_PK, WIFI_FEATURE_DPP_ENROLLEE_RESPONDER, WIFI_FEATURE_PASSPOINT_TERMS_AND_CONDITIONS, WIFI_FEATURE_WFD_R2, WIFI_FEATURE_DECORATED_IDENTITY, WIFI_FEATURE_TRUST_ON_FIRST_USE, WIFI_FEATURE_SET_TLS_MINIMUM_VERSION, WIFI_FEATURE_TLS_V1_3, WIFI_FEATURE_WEP, WIFI_FEATURE_WPA_PERSONAL]
04-22 05:21:15.895   459  3271 I resolv  : ResNSendHandler::run: 0 / {101 983141 101 983141 1073 1}
04-22 05:21:15.895   459  3271 I resolv  : resolv_cache_lookup: FOUND IN CACHE entry=0xb400007cdced1150
04-22 05:21:15.895   459  3272 I resolv  : ResNSendHandler::run: 0 / {101 983141 101 983141 1073 1}
04-22 05:21:15.896   683   750 I WifiService: isFeatureSupported uid=1000 returns [WIFI_FEATURE_INFRA, WIFI_FEATURE_P2P, WIFI_FEATURE_MOBILE_HOTSPOT, WIFI_FEATURE_WPA3_SAE, WIFI_FEATURE_WPA3_SUITE_B, WIFI_FEATURE_OWE, WIFI_FEATURE_DPP, WIFI_FEATURE_AP_RAND_MAC, WIFI_FEATURE_MBO, WIFI_FEATURE_FILS_SHA256, WIFI_FEATURE_FILS_SHA384, WIFI_FEATURE_SAE_PK, WIFI_FEATURE_DPP_ENROLLEE_RESPONDER, WIFI_FEATURE_PASSPOINT_TERMS_AND_CONDITIONS, WIFI_FEATURE_WFD_R2, WIFI_FEATURE_DECORATED_IDENTITY, WIFI_FEATURE_TRUST_ON_FIRST_USE, WIFI_FEATURE_SET_TLS_MINIMUM_VERSION, WIFI_FEATURE_TLS_V1_3, WIFI_FEATURE_WEP, WIFI_FEATURE_WPA_PERSONAL]
04-22 05:21:15.897   459  3273 I resolv  : ResNSendHandler::run: 0 / {101 983141 101 983141 1073 1}
04-22 05:21:15.897   459  3273 I resolv  : resolv_cache_lookup: FOUND IN CACHE entry=0xb400007d2ced1320
04-22 05:21:15.897   459  3274 I resolv  : ResNSendHandler::run: 0 / {101 983141 101 983141 1073 1}
04-22 05:21:15.897   459  3274 I resolv  : resolv_cache_lookup: FOUND IN CACHE entry=0xb400007e7ced28b0
04-22 05:21:15.899  1052  3269 D NetworkMonitor/101: PROBE_DNS www.google.com 8ms OK 69.171.235.22,2001::1
04-22 05:21:15.901   459  3275 I resolv  : GetAddrInfoHandler::run: {101 983141 101 983141 1073 1}
04-22 05:21:15.901   459  3276 I resolv  : res_nmkquery: (QUERY, IN, AAAA)
04-22 05:21:15.901   459  3276 I resolv  : resolv_cache_lookup: FOUND IN CACHE entry=0xb400007cdced1150
04-22 05:21:15.901   459  3276 I resolv  : doQuery: rcode=0, ancount=1, return value=60
04-22 05:21:15.901   459  3277 I resolv  : res_nmkquery: (QUERY, IN, A)
04-22 05:21:15.901   459  3277 I resolv  : resolv_cache_lookup: FOUND IN CACHE entry=0xb400007d2ced1320
04-22 05:21:15.901   459  3277 I resolv  : doQuery: rcode=0, ancount=1, return value=48
04-22 05:21:16.232   683   809 D ActivityManager: freezing 5681 com.google.android.webview:webview_service
04-22 05:21:16.236   683   864 D InetDiagMessage: Destroyed 0 sockets, proto=IPPROTO_TCP, family=AF_INET, states=14
04-22 05:21:16.237   683   864 D InetDiagMessage: Destroyed 0 sockets, proto=IPPROTO_TCP, family=AF_INET6, states=14
04-22 05:21:16.237   683   864 D InetDiagMessage: Destroyed live tcp sockets for uids={10169} in 1ms
04-22 05:21:16.270  1086  1298 D SatelliteController: iisInCarrierRoamingNbIotNtn: satellite is disabled
04-22 05:21:16.386   459  3272 I resolv  : res_nsend: used send_dg 117 terrno: 0
04-22 05:21:16.389  1052  3270 D NetworkMonitor/101: PROBE_DNS connectivitycheck.gstatic.com 497ms OK 114.250.65.34
04-22 05:21:16.391   459  3278 I resolv  : GetAddrInfoHandler::run: {101 983141 101 983141 1073 1}
04-22 05:21:16.392   459  3280 I resolv  : res_nmkquery: (QUERY, IN, A)
04-22 05:21:16.392   459  3279 I resolv  : res_nmkquery: (QUERY, IN, AAAA)
04-22 05:21:16.392   459  3280 I resolv  : resolv_cache_lookup: FOUND IN CACHE entry=0xb400007e7ced28b0
04-22 05:21:16.392   459  3280 I resolv  : doQuery: rcode=0, ancount=1, return value=63
04-22 05:21:16.392   459  3279 I resolv  : resolv_cache_lookup: FOUND IN CACHE entry=0xb400007d0ced9d10
04-22 05:21:16.392   459  3279 I resolv  : doQuery: rcode=0, ancount=0, return value=117
04-22 05:21:16.636   683   858 W BestClock: java.time.DateTimeException: No network time available
04-22 05:21:16.637   683   858 W BestClock: java.time.DateTimeException: No network time available
04-22 05:21:16.637   683   858 W BestClock: java.time.DateTimeException: No network time available
04-22 05:21:16.637   683   858 W BestClock: java.time.DateTimeException: No network time available
04-22 05:21:16.637   683   858 W BestClock: java.time.DateTimeException: No network time available
04-22 05:21:16.638   683   858 D WifiClientModeImpl[9769:wlan0]: updateLinkLayerStatsRssiSpeedFrequencyCapabilities rssi=-50 TxLinkspeed=1 freq=2447 RxLinkSpeed=2
04-22 05:21:16.639   683   858 D WifiDataStall: tx tput in kbps: 11000
04-22 05:21:16.639   683   858 D WifiDataStall: rx tput in kbps: 11000
04-22 05:21:16.639   683   858 V WifiConfigManager: Updating scan detail cache freq=2447 BSSID=00:13:10:85:fe:01 RSSI=-50 for "AndroidWifi"NONE
04-22 05:21:16.639   683   858 D WifiThroughputPredictor:  utilization (LLS) 80 isBluetoothConnected: false final utilization: 80
04-22 05:21:16.639   683   858 D WifiThroughputPredictor:  BW: 0 RSSI: -50 Nss: 1 Mode: 1 symDur: 4000 snrDb 30 bitPerTone: 4500 rate: 54 throughput: 11
04-22 05:21:16.639   683   858 D WifiThroughputPredictor:  utilization (LLS) 80 isBluetoothConnected: false final utilization: 80
04-22 05:21:16.639   683   858 D WifiThroughputPredictor:  BW: 0 RSSI: -50 Nss: 1 Mode: 1 symDur: 4000 snrDb 30 bitPerTone: 4500 rate: 54 throughput: 11
04-22 05:21:16.640   683   858 D WifiThroughputPredictor:  utilization (LLS) 80 isBluetoothConnected: false final utilization: 80
04-22 05:21:16.640   683   858 D WifiThroughputPredictor:  BW: 0 RSSI: -50 Nss: 1 Mode: 1 symDur: 4000 snrDb 30 bitPerTone: 4500 rate: 54 throughput: 11
04-22 05:21:16.640   683   858 D WifiThroughputPredictor:  utilization (LLS) 80 isBluetoothConnected: false final utilization: 80
04-22 05:21:16.640   683   858 D WifiThroughputPredictor:  BW: 0 RSSI: -50 Nss: 1 Mode: 1 symDur: 4000 snrDb 30 bitPerTone: 4500 rate: 54 throughput: 11
04-22 05:21:16.640   683   858 D WifiScoreCard: BSSID update SIGNAL_POLL ID: 261501600 SSID: "AndroidWifi", BSSID: 00:13:10:85:fe:01, MAC: 02:15:b4:00:00:00, IP: /10.0.2.17, Security type: 0, Supplicant state: COMPLETED, Wi-Fi standard: legacy, RSSI: -50, Link speed: 1Mbps, Tx Link speed: 1Mbps, Max Supported Tx Link speed: 11Mbps, Rx Link speed: 2Mbps, Max Supported Rx Link speed: 11Mbps, Frequency: 2447MHz, Net ID: 0, Metered hint: false, score: 60, isUsable: true, CarrierMerged: false, SubscriptionId: -1, IsPrimary: 1, Trusted: true, Restricted: false, Ephemeral: false, OEM paid: false, OEM private: false, OSU AP: false, FQDN: <none>, Provider friendly name: <none>, Requesting package name: <none>"AndroidWifi"openMLO Information: , Is TID-To-Link negotiation supported by the AP: false, AP MLD Address: <none>, AP MLO Link Id: <none>, AP MLO Affiliated links: <none>, Vendor Data: <none>
04-22 05:21:16.640   683   858 D WifiScoreCard: txRate: 2 txSpeed: 1
04-22 05:21:16.640   683   858 D WifiScoreCard: network update SIGNAL_POLL "AndroidWifi" ID: 579418950 RSSI -50 txSpeed -1
04-22 05:21:16.641   683   858 D WifiClientModeImpl[9769:wlan0]:  ClientModeImpl$L2ConnectedState screen=on 1 0 "AndroidWifi" 00:13:10:85:fe:01 rssi=-50 f=2447 sc=60 link=1 tx=1.4, 0.0, 0.0 rx=1.0 bcn=0 [on:0 tx:0 rx:0 period:3008] from screen [on:0 period:-1309983903] score=60
04-22 05:21:16.887  1052  3270 D NetworkMonitor/101: PROBE_HTTP http://connectivitycheck.gstatic.com/generate_204 time=496ms ret=204 request={Connection=[close], User-Agent=[Mozilla/5.0 (X11; Linux x86_64) AppleWebKit/537.36 (KHTML, like Gecko) Chrome/60.0.3112.32 Safari/537.36]} headers={null=[HTTP/1.1 204 No Content], Connection=[close], Cross-Origin-Resource-Policy=[cross-origin], Date=[Tue, 21 Apr 2026 21:21:16 GMT], X-Android-Received-Millis=[1776806476887], X-Android-Response-Source=[NETWORK 204], X-Android-Selected-Protocol=[http/1.1], X-Android-Sent-Millis=[1776806476394]}
04-22 05:21:17.853  1652  2093 I bdee    : (REDACTED) getHotwordActive::active query: %s, watch: %s, devices connected: %s
04-22 05:21:18.893   459  3281 I resolv  : GetAddrInfoHandler::run: {101 983141 101 983141 1073 1}
04-22 05:21:18.894   459  3282 I resolv  : res_nmkquery: (QUERY, IN, AAAA)
04-22 05:21:18.894   459  3282 I resolv  : resolv_cache_lookup: FOUND IN CACHE entry=0xb400007cdced1150
04-22 05:21:18.894   459  3282 I resolv  : doQuery: rcode=0, ancount=1, return value=60
04-22 05:21:18.895   459  3283 I resolv  : res_nmkquery: (QUERY, IN, A)
04-22 05:21:18.895   459  3283 I resolv  : resolv_cache_lookup: FOUND IN CACHE entry=0xb400007d2ced1320
04-22 05:21:18.895   459  3283 I resolv  : doQuery: rcode=0, ancount=1, return value=48
04-22 05:21:19.390  1052  3267 D NetworkMonitor/101: PROBE_FALLBACK http://www.google.com/gen_204 time=497ms ret=204 request={Connection=[close], User-Agent=[Mozilla/5.0 (X11; Linux x86_64) AppleWebKit/537.36 (KHTML, like Gecko) Chrome/60.0.3112.32 Safari/537.36]} headers={null=[HTTP/1.1 204 No Content], Connection=[close], Content-Security-Policy=[object-src 'none';base-uri 'self';script-src 'nonce-N2WLyEMO7G8WGCq9r05ztw' 'strict-dynamic' 'report-sample' 'unsafe-eval' 'unsafe-inline' https: http:;report-uri https://csp.withgoogle.com/csp/gws/other], Content-Type=[text/html; charset=UTF-8], Date=[Tue, 21 Apr 2026 21:21:18 GMT], Permissions-Policy=[unload=()], Server=[gws], X-Android-Received-Millis=[1776806479389], X-Android-Response-Source=[NETWORK 204], X-Android-Selected-Protocol=[http/1.1], X-Android-Sent-Millis=[1776806478898], X-Frame-Options=[SAMEORIGIN], X-Xss-Protection=[0]}
04-22 05:21:19.644   683   858 W BestClock: java.time.DateTimeException: No network time available
04-22 05:21:19.645   683   858 W BestClock: java.time.DateTimeException: No network time available
04-22 05:21:19.645   683   858 W BestClock: java.time.DateTimeException: No network time available
04-22 05:21:19.645   683   858 W BestClock: java.time.DateTimeException: No network time available
04-22 05:21:19.645   683   858 W BestClock: java.time.DateTimeException: No network time available
04-22 05:21:19.645   683   858 D WifiClientModeImpl[9769:wlan0]: updateLinkLayerStatsRssiSpeedFrequencyCapabilities rssi=-50 TxLinkspeed=1 freq=2447 RxLinkSpeed=2
04-22 05:21:19.646   683   858 D WifiDataStall: tx tput in kbps: 11000
04-22 05:21:19.646   683   858 D WifiDataStall: rx tput in kbps: 11000
04-22 05:21:19.646   683   858 V WifiConfigManager: Updating scan detail cache freq=2447 BSSID=00:13:10:85:fe:01 RSSI=-50 for "AndroidWifi"NONE
04-22 05:21:19.646   683   858 D WifiThroughputPredictor:  utilization (LLS) 80 isBluetoothConnected: false final utilization: 80
04-22 05:21:19.646   683   858 D WifiThroughputPredictor:  BW: 0 RSSI: -50 Nss: 1 Mode: 1 symDur: 4000 snrDb 30 bitPerTone: 4500 rate: 54 throughput: 11
04-22 05:21:19.646   683   858 D WifiThroughputPredictor:  utilization (LLS) 80 isBluetoothConnected: false final utilization: 80
04-22 05:21:19.646   683   858 D WifiThroughputPredictor:  BW: 0 RSSI: -50 Nss: 1 Mode: 1 symDur: 4000 snrDb 30 bitPerTone: 4500 rate: 54 throughput: 11
04-22 05:21:19.647   683   858 D WifiThroughputPredictor:  utilization (LLS) 80 isBluetoothConnected: false final utilization: 80
04-22 05:21:19.647   683   858 D WifiThroughputPredictor:  BW: 0 RSSI: -50 Nss: 1 Mode: 1 symDur: 4000 snrDb 30 bitPerTone: 4500 rate: 54 throughput: 11
04-22 05:21:19.647   683   858 D WifiThroughputPredictor:  utilization (LLS) 80 isBluetoothConnected: false final utilization: 80
04-22 05:21:19.647   683   858 D WifiThroughputPredictor:  BW: 0 RSSI: -50 Nss: 1 Mode: 1 symDur: 4000 snrDb 30 bitPerTone: 4500 rate: 54 throughput: 11
04-22 05:21:19.648   683   858 D WifiScoreCard: BSSID update SIGNAL_POLL ID: 261501600 SSID: "AndroidWifi", BSSID: 00:13:10:85:fe:01, MAC: 02:15:b4:00:00:00, IP: /10.0.2.17, Security type: 0, Supplicant state: COMPLETED, Wi-Fi standard: legacy, RSSI: -50, Link speed: 1Mbps, Tx Link speed: 1Mbps, Max Supported Tx Link speed: 11Mbps, Rx Link speed: 2Mbps, Max Supported Rx Link speed: 11Mbps, Frequency: 2447MHz, Net ID: 0, Metered hint: false, score: 60, isUsable: true, CarrierMerged: false, SubscriptionId: -1, IsPrimary: 1, Trusted: true, Restricted: false, Ephemeral: false, OEM paid: false, OEM private: false, OSU AP: false, FQDN: <none>, Provider friendly name: <none>, Requesting package name: <none>"AndroidWifi"openMLO Information: , Is TID-To-Link negotiation supported by the AP: false, AP MLD Address: <none>, AP MLO Link Id: <none>, AP MLO Affiliated links: <none>, Vendor Data: <none>
04-22 05:21:19.648   683   858 D WifiScoreCard: txRate: 3 txSpeed: 1
04-22 05:21:19.648   683   858 D WifiScoreCard: network update SIGNAL_POLL "AndroidWifi" ID: 579418950 RSSI -50 txSpeed -1
04-22 05:21:19.648   683   858 D WifiClientModeImpl[9769:wlan0]:  ClientModeImpl$L2ConnectedState screen=on 1 0 "AndroidWifi" 00:13:10:85:fe:01 rssi=-50 f=2447 sc=60 link=1 tx=2.2, 0.0, 0.0 rx=2.0 bcn=0 [on:0 tx:0 rx:0 period:3007] from screen [on:0 period:-1309980896] score=60
04-22 05:21:20.472   938   938 D wpa_supplicant: nl80211: Drv Event 64 (NL80211_CMD_NOTIFY_CQM) received for wlan0
04-22 05:21:20.472   938   938 D wpa_supplicant: nl80211: Beacon loss event
04-22 05:21:20.472   938   938 D wpa_supplicant: wlan0: Event BEACON_LOSS (53) received
04-22 05:21:20.472   938   938 I wpa_supplicant: wlan0: CTRL-EVENT-BEACON-LOSS 
04-22 05:21:22.653   683   858 W BestClock: java.time.DateTimeException: No network time available
04-22 05:21:22.653   683   858 W BestClock: java.time.DateTimeException: No network time available
04-22 05:21:22.653   683   858 W BestClock: java.time.DateTimeException: No network time available
04-22 05:21:22.654   683   858 W BestClock: java.time.DateTimeException: No network time available
04-22 05:21:22.654   683   858 W BestClock: java.time.DateTimeException: No network time available
04-22 05:21:22.654   683   858 D WifiClientModeImpl[9769:wlan0]: updateLinkLayerStatsRssiSpeedFrequencyCapabilities rssi=-50 TxLinkspeed=1 freq=2447 RxLinkSpeed=2
04-22 05:21:22.654   683   858 D WifiDataStall: tx tput in kbps: 11000
04-22 05:21:22.654   683   858 D WifiDataStall: rx tput in kbps: 11000
04-22 05:21:22.655   683   858 V WifiConfigManager: Updating scan detail cache freq=2447 BSSID=00:13:10:85:fe:01 RSSI=-50 for "AndroidWifi"NONE
04-22 05:21:22.655   683   858 D WifiThroughputPredictor:  utilization (LLS) 80 isBluetoothConnected: false final utilization: 80
04-22 05:21:22.655   683   858 D WifiThroughputPredictor:  BW: 0 RSSI: -50 Nss: 1 Mode: 1 symDur: 4000 snrDb 30 bitPerTone: 4500 rate: 54 throughput: 11
04-22 05:21:22.655   683   858 D WifiThroughputPredictor:  utilization (LLS) 80 isBluetoothConnected: false final utilization: 80
04-22 05:21:22.655   683   858 D WifiThroughputPredictor:  BW: 0 RSSI: -50 Nss: 1 Mode: 1 symDur: 4000 snrDb 30 bitPerTone: 4500 rate: 54 throughput: 11
04-22 05:21:22.655   683   858 D WifiThroughputPredictor:  utilization (LLS) 80 isBluetoothConnected: false final utilization: 80
04-22 05:21:22.655   683   858 D WifiThroughputPredictor:  BW: 0 RSSI: -50 Nss: 1 Mode: 1 symDur: 4000 snrDb 30 bitPerTone: 4500 rate: 54 throughput: 11
04-22 05:21:22.655   683   858 D WifiThroughputPredictor:  utilization (LLS) 80 isBluetoothConnected: false final utilization: 80
04-22 05:21:22.655   683   858 D WifiThroughputPredictor:  BW: 0 RSSI: -50 Nss: 1 Mode: 1 symDur: 4000 snrDb 30 bitPerTone: 4500 rate: 54 throughput: 11
04-22 05:21:22.657   683   858 D WifiScoreCard: BSSID update SIGNAL_POLL ID: 261501600 SSID: "AndroidWifi", BSSID: 00:13:10:85:fe:01, MAC: 02:15:b4:00:00:00, IP: /10.0.2.17, Security type: 0, Supplicant state: COMPLETED, Wi-Fi standard: legacy, RSSI: -50, Link speed: 1Mbps, Tx Link speed: 1Mbps, Max Supported Tx Link speed: 11Mbps, Rx Link speed: 2Mbps, Max Supported Rx Link speed: 11Mbps, Frequency: 2447MHz, Net ID: 0, Metered hint: false, score: 60, isUsable: true, CarrierMerged: false, SubscriptionId: -1, IsPrimary: 1, Trusted: true, Restricted: false, Ephemeral: false, OEM paid: false, OEM private: false, OSU AP: false, FQDN: <none>, Provider friendly name: <none>, Requesting package name: <none>"AndroidWifi"openMLO Information: , Is TID-To-Link negotiation supported by the AP: false, AP MLD Address: <none>, AP MLO Link Id: <none>, AP MLO Affiliated links: <none>, Vendor Data: <none>
04-22 05:21:22.657   683   858 D WifiScoreCard: txRate: 1 txSpeed: 1
04-22 05:21:22.657   683   858 D WifiScoreCard: network update SIGNAL_POLL "AndroidWifi" ID: 579418950 RSSI -50 txSpeed -1
04-22 05:21:22.657   683   858 D WifiClientModeImpl[9769:wlan0]:  ClientModeImpl$L2ConnectedState screen=on 1 0 "AndroidWifi" 00:13:10:85:fe:01 rssi=-50 f=2447 sc=60 link=1 tx=0.8, 0.0, 0.0 rx=0.7 bcn=0 [on:0 tx:0 rx:0 period:3009] from screen [on:0 period:-1309977887] score=60
04-22 05:21:25.656   683   858 W BestClock: java.time.DateTimeException: No network time available
04-22 05:21:25.657   683   858 W BestClock: java.time.DateTimeException: No network time available
04-22 05:21:25.657   683   858 W BestClock: java.time.DateTimeException: No network time available
04-22 05:21:25.657   683   858 W BestClock: java.time.DateTimeException: No network time available
04-22 05:21:25.657   683   858 W BestClock: java.time.DateTimeException: No network time available
04-22 05:21:25.657   683   858 D WifiClientModeImpl[9769:wlan0]: updateLinkLayerStatsRssiSpeedFrequencyCapabilities rssi=-50 TxLinkspeed=1 freq=2447 RxLinkSpeed=2
04-22 05:21:25.658   683   858 D WifiDataStall: tx tput in kbps: 11000
04-22 05:21:25.658   683   858 D WifiDataStall: rx tput in kbps: 11000
04-22 05:21:25.658   683   858 V WifiConfigManager: Updating scan detail cache freq=2447 BSSID=00:13:10:85:fe:01 RSSI=-50 for "AndroidWifi"NONE
04-22 05:21:25.658   683   858 D WifiThroughputPredictor:  utilization (LLS) 80 isBluetoothConnected: false final utilization: 80
04-22 05:21:25.658   683   858 D WifiThroughputPredictor:  BW: 0 RSSI: -50 Nss: 1 Mode: 1 symDur: 4000 snrDb 30 bitPerTone: 4500 rate: 54 throughput: 11
04-22 05:21:25.658   683   858 D WifiThroughputPredictor:  utilization (LLS) 80 isBluetoothConnected: false final utilization: 80
04-22 05:21:25.658   683   858 D WifiThroughputPredictor:  BW: 0 RSSI: -50 Nss: 1 Mode: 1 symDur: 4000 snrDb 30 bitPerTone: 4500 rate: 54 throughput: 11
04-22 05:21:25.658   683   858 D WifiThroughputPredictor:  utilization (LLS) 80 isBluetoothConnected: false final utilization: 80
04-22 05:21:25.658   683   858 D WifiThroughputPredictor:  BW: 0 RSSI: -50 Nss: 1 Mode: 1 symDur: 4000 snrDb 30 bitPerTone: 4500 rate: 54 throughput: 11
04-22 05:21:25.658   683   858 D WifiThroughputPredictor:  utilization (LLS) 80 isBluetoothConnected: false final utilization: 80
04-22 05:21:25.658   683   858 D WifiThroughputPredictor:  BW: 0 RSSI: -50 Nss: 1 Mode: 1 symDur: 4000 snrDb 30 bitPerTone: 4500 rate: 54 throughput: 11
04-22 05:21:25.659   683   858 D WifiScoreCard: BSSID update SIGNAL_POLL ID: 261501600 SSID: "AndroidWifi", BSSID: 00:13:10:85:fe:01, MAC: 02:15:b4:00:00:00, IP: /10.0.2.17, Security type: 0, Supplicant state: COMPLETED, Wi-Fi standard: legacy, RSSI: -50, Link speed: 1Mbps, Tx Link speed: 1Mbps, Max Supported Tx Link speed: 11Mbps, Rx Link speed: 2Mbps, Max Supported Rx Link speed: 11Mbps, Frequency: 2447MHz, Net ID: 0, Metered hint: false, score: 60, isUsable: true, CarrierMerged: false, SubscriptionId: -1, IsPrimary: 1, Trusted: true, Restricted: false, Ephemeral: false, OEM paid: false, OEM private: false, OSU AP: false, FQDN: <none>, Provider friendly name: <none>, Requesting package name: <none>"AndroidWifi"openMLO Information: , Is TID-To-Link negotiation supported by the AP: false, AP MLD Address: <none>, AP MLO Link Id: <none>, AP MLO Affiliated links: <none>, Vendor Data: <none>
04-22 05:21:25.659   683   858 D WifiScoreCard: txRate: 1 txSpeed: 1
04-22 05:21:25.659   683   858 D WifiScoreCard: network update SIGNAL_POLL "AndroidWifi" ID: 579418950 RSSI -50 txSpeed -1
04-22 05:21:25.659   683   858 D WifiClientModeImpl[9769:wlan0]:  ClientModeImpl$L2ConnectedState screen=on 1 0 "AndroidWifi" 00:13:10:85:fe:01 rssi=-50 f=2447 sc=60 link=1 tx=0.3, 0.0, 0.0 rx=0.2 bcn=0 [on:0 tx:0 rx:0 period:3002] from screen [on:0 period:-1309974885] score=60
04-22 05:21:26.277  1086  1298 D SatelliteController: iisInCarrierRoamingNbIotNtn: satellite is disabled
04-22 05:21:26.413  1052  3269 D NetworkMonitor/101: PROBE_HTTPS https://www.google.com/generate_204 Probe failed with exception javax.net.ssl.SSLHandshakeException: connection closed
04-22 05:21:26.414  1052  3267 D NetworkMonitor/101: isCaptivePortal: isSuccessful()=false isPortal()=false RedirectUrl=null isPartialConnectivity()=true Time=10523ms
04-22 05:21:26.414   683   864 D ConnectivityService: [101 WIFI] validation failed
04-22 05:21:27.277   235   235 I logd    : logdr: UID=2000 GID=2000 PID=3284 n tail=0 logMask=99 pid=0 start=0ns deadline=0ns
