04-22 05:19:43.655   335   435 W TransactionTracing: Could not find layer id -1
04-22 05:19:46.629   519  4251 D WifiNl80211Manager: Scan result ready event
04-22 05:19:46.630   519  4251 D WifiNative: Scan result ready event
04-22 05:19:52.085   784 23608 D TrafficStats: tagSocket(61) with statsTag=0xffffff81, statsUid=-1
04-22 05:19:52.086   784 23608 D TrafficStats: tagSocket(61) with statsTag=0xffffff81, statsUid=-1
04-22 05:19:52.087   784 23607 D TrafficStats: tagSocket(5) with statsTag=0xffffff81, statsUid=-1
04-22 05:19:52.088   784 23607 D TrafficStats: tagSocket(5) with statsTag=0xffffff81, statsUid=-1
04-22 05:19:52.088   293 23609 I resolv  : ResNSendHandler::run: 0 / {100 983140 100 983140 1073 1}
04-22 05:19:52.089   293 23610 I resolv  : ResNSendHandler::run: 0 / {100 983140 100 983140 1073 1}
04-22 05:19:52.090   293 23611 I resolv  : ResNSendHandler::run: 0 / {100 983140 100 983140 1073 1}
04-22 05:19:52.091   293 23612 I resolv  : ResNSendHandler::run: 0 / {100 983140 100 983140 1073 1}
04-22 05:19:52.101   293 23609 I resolv  : res_nsend: used send_dg 117 terrno: 0
04-22 05:19:52.102   293 23610 I resolv  : res_nsend: used send_dg 60 terrno: 0
04-22 05:19:52.103   293 23611 I resolv  : res_nsend: used send_dg 63 terrno: 0
04-22 05:19:52.104   784   784 D TrafficStats: tagSocket(5) with statsTag=0xffffffff, statsUid=-1
04-22 05:19:52.104   293 23612 I resolv  : res_nsend: used send_dg 48 terrno: 0
04-22 05:19:52.104   784 23608 D NetworkMonitor/100: PROBE_DNS connectivitycheck.gstatic.com 19ms OK 114.250.65.34
04-22 05:19:52.105   784   784 D TrafficStats: tagSocket(5) with statsTag=0xffffffff, statsUid=-1
04-22 05:19:52.106   784   784 D TrafficStats: tagSocket(5) with statsTag=0xffffffff, statsUid=-1
04-22 05:19:52.106   784 23607 D NetworkMonitor/100: PROBE_DNS www.google.com 20ms OK 69.171.235.22,2001::1
04-22 05:19:52.106   293 23613 I resolv  : GetAddrInfoHandler::run: {100 983140 100 983140 1073 1}
04-22 05:19:52.107   293 23615 I resolv  : GetAddrInfoHandler::run: {100 983140 100 983140 1073 1}
04-22 05:19:52.107   293 23618 I resolv  : res_nmkquery: (QUERY, IN, A)
04-22 05:19:52.107   293 23616 I resolv  : res_nmkquery: (QUERY, IN, AAAA)
04-22 05:19:52.107   293 23616 I resolv  : resolv_cache_lookup: FOUND IN CACHE entry=0xb400007d9da7fc10
04-22 05:19:52.107   293 23616 I resolv  : doQuery: rcode=0, ancount=0, return value=117
04-22 05:19:52.107   293 23618 I resolv  : resolv_cache_lookup: FOUND IN CACHE entry=0xb400007d8da748f0
04-22 05:19:52.107   293 23618 I resolv  : doQuery: rcode=0, ancount=1, return value=63
04-22 05:19:52.107   293 23614 I resolv  : res_nmkquery: (QUERY, IN, AAAA)
04-22 05:19:52.108   293 23614 I resolv  : resolv_cache_lookup: FOUND IN CACHE entry=0xb400007d7da78790
04-22 05:19:52.108   293 23614 I resolv  : doQuery: rcode=0, ancount=1, return value=60
04-22 05:19:52.108   784 23608 D TrafficStats: tagSocket(5) with statsTag=0xffffff81, statsUid=-1
04-22 05:19:52.108   293 23617 I resolv  : res_nmkquery: (QUERY, IN, A)
04-22 05:19:52.108   293 23617 I resolv  : resolv_cache_lookup: FOUND IN CACHE entry=0xb400007d6da7a5b0
04-22 05:19:52.108   293 23617 I resolv  : doQuery: rcode=0, ancount=1, return value=48
04-22 05:19:52.109   784 23607 D TrafficStats: tagSocket(61) with statsTag=0xffffff81, statsUid=-1
04-22 05:19:52.237   784 23608 D NetworkMonitor/100: PROBE_HTTP http://connectivitycheck.gstatic.com/generate_204 time=131ms ret=204 request={Connection=[close], User-Agent=[Mozilla/5.0 (X11; Linux x86_64) AppleWebKit/537.36 (KHTML, like Gecko) Chrome/60.0.3112.32 Safari/537.36]} headers={null=[HTTP/1.1 204 No Content], Connection=[close], Content-Length=[0], Cross-Origin-Resource-Policy=[cross-origin], Date=[Tue, 21 Apr 2026 21:19:52 GMT], X-Android-Received-Millis=[1776806392237], X-Android-Response-Source=[NETWORK 204], X-Android-Selected-Protocol=[http/1.1], X-Android-Sent-Millis=[1776806392152]}
04-22 05:19:55.088   293 23619 I resolv  : GetAddrInfoHandler::run: {100 983140 100 983140 1073 1}
04-22 05:19:55.089   293 23620 I resolv  : res_nmkquery: (QUERY, IN, AAAA)
04-22 05:19:55.089   293 23621 I resolv  : res_nmkquery: (QUERY, IN, A)
04-22 05:19:55.107   293 23620 I resolv  : res_nsend: used send_dg 149 terrno: 0
04-22 05:19:55.107   293 23621 I resolv  : res_nsend: used send_dg 101 terrno: 0
04-22 05:19:55.107   293 23620 I resolv  : doQuery: rcode=0, ancount=4, return value=149
04-22 05:19:55.107   293 23621 I resolv  : doQuery: rcode=0, ancount=4, return value=101
04-22 05:19:55.108   784 23606 D TrafficStats: tagSocket(5) with statsTag=0xffffff81, statsUid=-1
04-22 05:19:55.329   784 23606 D NetworkMonitor/100: PROBE_FALLBACK http://play.googleapis.com/generate_204 time=241ms ret=204 request={Connection=[close], User-Agent=[Mozilla/5.0 (X11; Linux x86_64) AppleWebKit/537.36 (KHTML, like Gecko) Chrome/60.0.3112.32 Safari/537.36]} headers={null=[HTTP/1.1 204 No Content], Connection=[close], Cross-Origin-Resource-Policy=[cross-origin], Date=[Tue, 21 Apr 2026 21:19:55 GMT], X-Android-Received-Millis=[1776806395329], X-Android-Response-Source=[NETWORK 204], X-Android-Selected-Protocol=[http/1.1], X-Android-Sent-Millis=[1776806395111]}
04-22 05:20:00.005  1598  1881 I AiAiEcho: Predicting[0]: 
04-22 05:20:00.006  1598  1881 I AiAiEcho: Ranked targets strategy: SORT, count: 0, ranking metadata: 
04-22 05:20:00.006  1598  1881 I AiAiEcho: #postPredictionTargets: Sending updates to UISurface lockscreen with targets# 0
04-22 05:20:00.006  1598  1881 I AiAiEcho: #postPredictionTargets: Sending updates to UISurface home with targets# 0
04-22 05:20:00.006  1598  1881 I AiAiEcho: #postPredictionTargets: Sending updates to UISurface media_data_manager with targets# 0
04-22 05:20:00.021   728   728 D SsMediaDataProvider: Forwarding Smartspace updates []
04-22 05:20:00.034   728   955 D EGL_emulation: app_time_stats: avg=16397.89ms min=16397.89ms max=16397.89ms count=1
04-22 05:20:02.121   784 23607 D TrafficStats: tagSocket(5) with statsTag=0xffffff81, statsUid=-1
04-22 05:20:12.134   784 23607 D NetworkMonitor/100: PROBE_HTTPS https://www.google.com/generate_204 Probe failed with exception java.net.SocketTimeoutException: failed to connect to www.google.com/2001::1 (port 443) from /fec0::5054:ff:fe12:3456 (port 41968) after 10000ms
04-22 05:20:12.135   784 23606 D NetworkMonitor/100: isCaptivePortal: isSuccessful()=false isPortal()=false RedirectUrl=null isPartialConnectivity()=true Time=20051ms
04-22 05:20:12.137   519   654 D ConnectivityService: [100 CELLULAR] validation failed
04-22 05:20:31.522  1251 23603 D TrafficStats: tagSocket(82) with statsTag=0x20008100, statsUid=-1
04-22 05:20:50.121   519   609 D ActivityManager: freezing 19930 com.google.process.gservices
04-22 05:21:00.004  1598  1881 I AiAiEcho: Predicting[0]: 
04-22 05:21:00.004  1598  1881 I AiAiEcho: Ranked targets strategy: SORT, count: 0, ranking metadata: 
04-22 05:21:00.005  1598  1881 I AiAiEcho: #postPredictionTargets: Sending updates to UISurface lockscreen with targets# 0
04-22 05:21:00.005  1598  1881 I AiAiEcho: #postPredictionTargets: Sending updates to UISurface home with targets# 0
04-22 05:21:00.006  1598  1881 I AiAiEcho: #postPredictionTargets: Sending updates to UISurface media_data_manager with targets# 0
04-22 05:21:00.027   728   728 D SsMediaDataProvider: Forwarding Smartspace updates []
04-22 05:21:00.052   728   955 D EGL_emulation: app_time_stats: avg=60018.16ms min=60018.16ms max=60018.16ms count=1
04-22 05:21:06.069 23507 23579 D TrafficStats: tagSocket(5) with statsTag=0xffffffff, statsUid=-1
04-22 05:21:06.075 23507 23537 I assembly.assembly.android.mixc-retail-rn84: [assembly.topology] Native topology host already matches desired lifecycle state {"displayCount":1,"displayIndex":0,"deviceId":"6Z2H3BSGEY","instanceMode":"MASTER","enableSlave":true,"running":true,"reason":"master-primary-enable-slave"}
04-22 05:21:06.075 23507 23537 I assembly.assembly.android.mixc-retail-rn84: [assembly.topology] Native topology host already matches desired lifecycle state {"displayCount":1,"displayIndex":0,"deviceId":"6Z2H3BSGEY","instanceMode":"MASTER","enableSlave":true,"running":true,"reason":"master-primary-enable-slave"}
04-22 05:21:06.075 23507 23537 I assembly.assembly.android.mixc-retail-rn84: [assembly.topology] Native topology host already matches desired lifecycle state {"displayCount":1,"displayIndex":0,"deviceId":"6Z2H3BSGEY","instanceMode":"MASTER","enableSlave":true,"running":true,"reason":"master-primary-enable-slave"}
04-22 05:21:06.079 23507 23536 I ReactNativeJS: '[runtime-state-sync-apply]', '{"direction":"slave-to-master","incomingSliceNames":["kernel.base.topology-runtime-v3.demo.slave","kernel.base.ui-runtime-v2.screen.branch","kernel.base.ui-runtime-v2.overlay.branch","kernel.base.ui-runtime-v2.ui-variable.branch"],"appliedSliceNames":["kernel.base.topology-runtime-v3.demo.slave","kernel.base.ui-runtime-v2.screen.branch","kernel.base.ui-runtime-v2.overlay.branch","kernel.base.ui-runtime-v2.ui-variable.branch"],"skippedSliceReasons":[]}'
04-22 05:21:06.080 23507 23537 I assembly.assembly.android.mixc-retail-rn84: [assembly.topology] Native topology host already matches desired lifecycle state {"displayCount":1,"displayIndex":0,"deviceId":"6Z2H3BSGEY","instanceMode":"MASTER","enableSlave":true,"running":true,"reason":"master-primary-enable-slave"}
04-22 05:21:06.081 23507 23537 I assembly.assembly.android.mixc-retail-rn84: [assembly.topology] Native topology host already matches desired lifecycle state {"displayCount":1,"displayIndex":0,"deviceId":"6Z2H3BSGEY","instanceMode":"MASTER","enableSlave":true,"running":true,"reason":"master-primary-enable-slave"}
04-22 05:21:06.099 23507 23527 D EGL_emulation: app_time_stats: avg=42361.69ms min=11.44ms max=127056.31ms count=3
04-22 05:21:13.418   317   317 E android.hardware.power.stats@1.0-service-mock: Failed to getEnergyData
04-22 05:21:23.691   728   955 D EGL_emulation: app_time_stats: avg=23638.91ms min=23638.91ms max=23638.91ms count=1
04-22 05:21:27.133   158   158 I logd    : logdr: UID=2000 GID=2000 PID=23627 n tail=0 logMask=99 pid=0 start=0ns deadline=0ns
04-22 05:21:28.974 23507 23579 D TrafficStats: tagSocket(74) with statsTag=0xffffffff, statsUid=-1
04-22 05:21:46.528  1251 23622 D TrafficStats: tagSocket(82) with statsTag=0x20008100, statsUid=-1
04-22 05:22:00.005  1598  1881 I AiAiEcho: Predicting[0]: 
04-22 05:22:00.005  1598  1881 I AiAiEcho: Ranked targets strategy: SORT, count: 0, ranking metadata: 
04-22 05:22:00.006  1598  1881 I AiAiEcho: #postPredictionTargets: Sending updates to UISurface lockscreen with targets# 0
04-22 05:22:00.006  1598  1881 I AiAiEcho: #postPredictionTargets: Sending updates to UISurface home with targets# 0
04-22 05:22:00.006  1598  1881 I AiAiEcho: #postPredictionTargets: Sending updates to UISurface media_data_manager with targets# 0
04-22 05:22:00.022   728   728 D SsMediaDataProvider: Forwarding Smartspace updates []
04-22 05:22:00.032   728   955 D EGL_emulation: app_time_stats: avg=36341.62ms min=36341.62ms max=36341.62ms count=1
04-22 05:22:03.702   728   955 D EGL_emulation: app_time_stats: avg=3669.84ms min=3669.84ms max=3669.84ms count=1
04-22 05:22:12.273   519  4254 D TelephonyManager: requestModemActivityInfo: Sending result to app: ModemActivityInfo{ mTimestamp=31988967 mSleepTimeMs=0 mIdleTimeMs=31988806 mActivityStatsTechSpecificInfo=[{mRat=UNKNOWN,mFrequencyRange=UNKNOWN,mTxTimeMs[]=[0, 0, 0, 0, 0],mRxTimeMs=0}]}
04-22 05:22:12.288   293   752 I netd    : tetherGetStats() -> {[]} <1.03ms>
04-22 05:22:22.885   519   647 E WifiScoringParams: Invalid frequency(-1), using 5G as default rssi array
04-22 05:22:24.289 23507 23552 D TrafficStats: tagSocket(74) with statsTag=0xffffffff, statsUid=-1
04-22 05:22:24.293 23507 23552 D TrafficStats: tagSocket(74) with statsTag=0xffffffff, statsUid=-1
04-22 05:22:24.347 23507 23552 D TrafficStats: tagSocket(74) with statsTag=0xffffffff, statsUid=-1
04-22 05:22:24.351 23507 23552 D TrafficStats: tagSocket(74) with statsTag=0xffffffff, statsUid=-1
04-22 05:22:24.771 23507 23552 D TrafficStats: tagSocket(74) with statsTag=0xffffffff, statsUid=-1
04-22 05:22:24.776 23507 23552 D TrafficStats: tagSocket(74) with statsTag=0xffffffff, statsUid=-1
04-22 05:22:26.683   519   716 D WifiNl80211Manager: Scan result ready event
04-22 05:22:26.683   519   716 D WifiNative: Scan result ready event
04-22 05:22:43.715   728   955 D EGL_emulation: app_time_stats: avg=40012.25ms min=40012.25ms max=40012.25ms count=1
04-22 05:23:00.009  1598  1881 I AiAiEcho: Predicting[0]: 
04-22 05:23:00.009  1598  1881 I AiAiEcho: Ranked targets strategy: SORT, count: 0, ranking metadata: 
04-22 05:23:00.010  1598  1881 I AiAiEcho: #postPredictionTargets: Sending updates to UISurface lockscreen with targets# 0
04-22 05:23:00.010  1598  1881 I AiAiEcho: #postPredictionTargets: Sending updates to UISurface home with targets# 0
04-22 05:23:00.011  1598  1881 I AiAiEcho: #postPredictionTargets: Sending updates to UISurface media_data_manager with targets# 0
04-22 05:23:00.022   728   728 D SsMediaDataProvider: Forwarding Smartspace updates []
04-22 05:23:00.034   728   955 D EGL_emulation: app_time_stats: avg=16319.68ms min=16319.68ms max=16319.68ms count=1
04-22 05:23:01.538  1251 23630 D TrafficStats: tagSocket(82) with statsTag=0x20008100, statsUid=-1
04-22 05:23:07.687   519  4254 I ActivityTaskManager: START u0 {flg=0x10000000 cmp=com.impos2.mixcretailassemblyrn84/.MainActivity} from uid 2000
04-22 05:23:07.688 23507 23507 W unknown:BridgelessReact: ReactHost{0}.onHostPause(activity)
04-22 05:23:07.688 23507 23507 W unknown:BridgelessReact: ReactHost{0}.ReactContext.onHostPause()
04-22 05:23:07.688 23507 23507 W unknown:BridgelessReact: ReactHost{0}.onHostResume(activity)
04-22 05:23:07.688 23507 23507 W unknown:BridgelessReact: ReactHost{0}.ReactContext.onHostResume()
04-22 05:23:07.703 23507 23552 D TrafficStats: tagSocket(74) with statsTag=0xffffffff, statsUid=-1
04-22 05:23:07.706 23507 23552 D TrafficStats: tagSocket(74) with statsTag=0xffffffff, statsUid=-1
04-22 05:23:07.708 23507 23552 D TrafficStats: tagSocket(74) with statsTag=0xffffffff, statsUid=-1
04-22 05:23:07.737   335   435 W TransactionTracing: Could not find layer id -1
04-22 05:23:07.737   335   435 W TransactionTracing: Could not find layer id -1
04-22 05:23:07.746 23507 23527 D EGL_emulation: app_time_stats: avg=60823.18ms min=7.52ms max=121638.84ms count=2
04-22 05:23:07.751   519   529 W system_server: Reducing the number of considered missed Gc histogram windows from 104 to 100
04-22 05:23:07.757 23507 23552 D TrafficStats: tagSocket(129) with statsTag=0xffffffff, statsUid=-1
04-22 05:23:07.760 23507 23552 D TrafficStats: tagSocket(74) with statsTag=0xffffffff, statsUid=-1
04-22 05:23:07.766 23507 23552 D TrafficStats: tagSocket(74) with statsTag=0xffffffff, statsUid=-1
04-22 05:23:07.768 23507 23552 D TrafficStats: tagSocket(74) with statsTag=0xffffffff, statsUid=-1
04-22 05:23:07.827 23507 23552 D TrafficStats: tagSocket(106) with statsTag=0xffffffff, statsUid=-1
04-22 05:23:07.830 23507 23552 D TrafficStats: tagSocket(106) with statsTag=0xffffffff, statsUid=-1
04-22 05:23:07.833 23507 23552 D TrafficStats: tagSocket(106) with statsTag=0xffffffff, statsUid=-1
04-22 05:23:07.891 23507 23552 D TrafficStats: tagSocket(120) with statsTag=0xffffffff, statsUid=-1
04-22 05:23:07.893 23507 23552 D TrafficStats: tagSocket(120) with statsTag=0xffffffff, statsUid=-1
04-22 05:23:07.896 23507 23552 D TrafficStats: tagSocket(120) with statsTag=0xffffffff, statsUid=-1
04-22 05:23:07.953 23507 23552 D TrafficStats: tagSocket(99) with statsTag=0xffffffff, statsUid=-1
04-22 05:23:07.956 23507 23552 D TrafficStats: tagSocket(99) with statsTag=0xffffffff, statsUid=-1
04-22 05:23:07.958 23507 23552 D TrafficStats: tagSocket(99) with statsTag=0xffffffff, statsUid=-1
04-22 05:23:08.015 23507 23552 D TrafficStats: tagSocket(105) with statsTag=0xffffffff, statsUid=-1
04-22 05:23:08.017 23507 23552 D TrafficStats: tagSocket(105) with statsTag=0xffffffff, statsUid=-1
04-22 05:23:08.020 23507 23552 D TrafficStats: tagSocket(105) with statsTag=0xffffffff, statsUid=-1
04-22 05:23:08.078 23507 23552 D TrafficStats: tagSocket(102) with statsTag=0xffffffff, statsUid=-1
04-22 05:23:08.080 23507 23552 D TrafficStats: tagSocket(102) with statsTag=0xffffffff, statsUid=-1
04-22 05:23:08.082 23507 23552 D TrafficStats: tagSocket(136) with statsTag=0xffffffff, statsUid=-1
04-22 05:23:08.140 23507 23552 D TrafficStats: tagSocket(109) with statsTag=0xffffffff, statsUid=-1
04-22 05:23:08.143 23507 23552 D TrafficStats: tagSocket(109) with statsTag=0xffffffff, statsUid=-1
04-22 05:23:08.145 23507 23552 D TrafficStats: tagSocket(109) with statsTag=0xffffffff, statsUid=-1
04-22 05:23:08.204 23507 23552 D TrafficStats: tagSocket(107) with statsTag=0xffffffff, statsUid=-1
04-22 05:23:08.206 23507 23552 D TrafficStats: tagSocket(107) with statsTag=0xffffffff, statsUid=-1
04-22 05:23:08.209 23507 23552 D TrafficStats: tagSocket(107) with statsTag=0xffffffff, statsUid=-1
04-22 05:23:08.267 23507 23552 D TrafficStats: tagSocket(106) with statsTag=0xffffffff, statsUid=-1
04-22 05:23:08.269 23507 23552 D TrafficStats: tagSocket(106) with statsTag=0xffffffff, statsUid=-1
04-22 05:23:08.271 23507 23552 D TrafficStats: tagSocket(106) with statsTag=0xffffffff, statsUid=-1
04-22 05:23:08.327 23507 23552 D TrafficStats: tagSocket(110) with statsTag=0xffffffff, statsUid=-1
04-22 05:23:08.330 23507 23552 D TrafficStats: tagSocket(110) with statsTag=0xffffffff, statsUid=-1
04-22 05:23:08.331 23507 23552 D TrafficStats: tagSocket(117) with statsTag=0xffffffff, statsUid=-1
04-22 05:23:08.390 23507 23552 D TrafficStats: tagSocket(98) with statsTag=0xffffffff, statsUid=-1
04-22 05:23:08.393 23507 23552 D TrafficStats: tagSocket(98) with statsTag=0xffffffff, statsUid=-1
04-22 05:23:08.395 23507 23552 D TrafficStats: tagSocket(98) with statsTag=0xffffffff, statsUid=-1
04-22 05:23:08.451 23507 23552 D TrafficStats: tagSocket(105) with statsTag=0xffffffff, statsUid=-1
04-22 05:23:08.454 23507 23552 D TrafficStats: tagSocket(105) with statsTag=0xffffffff, statsUid=-1
04-22 05:23:08.457 23507 23552 D TrafficStats: tagSocket(105) with statsTag=0xffffffff, statsUid=-1
04-22 05:23:08.514 23507 23552 D TrafficStats: tagSocket(102) with statsTag=0xffffffff, statsUid=-1
04-22 05:23:08.517 23507 23552 D TrafficStats: tagSocket(102) with statsTag=0xffffffff, statsUid=-1
04-22 05:23:08.519 23507 23552 D TrafficStats: tagSocket(139) with statsTag=0xffffffff, statsUid=-1
04-22 05:23:08.576 23507 23552 D TrafficStats: tagSocket(109) with statsTag=0xffffffff, statsUid=-1
04-22 05:23:08.578 23507 23552 D TrafficStats: tagSocket(109) with statsTag=0xffffffff, statsUid=-1
04-22 05:23:08.580 23507 23552 D TrafficStats: tagSocket(109) with statsTag=0xffffffff, statsUid=-1
04-22 05:23:08.639 23507 23552 D TrafficStats: tagSocket(107) with statsTag=0xffffffff, statsUid=-1
04-22 05:23:08.642 23507 23552 D TrafficStats: tagSocket(107) with statsTag=0xffffffff, statsUid=-1
04-22 05:23:08.643 23507 23552 D TrafficStats: tagSocket(107) with statsTag=0xffffffff, statsUid=-1
04-22 05:23:08.701 23507 23552 D TrafficStats: tagSocket(106) with statsTag=0xffffffff, statsUid=-1
04-22 05:23:08.704 23507 23552 D TrafficStats: tagSocket(106) with statsTag=0xffffffff, statsUid=-1
04-22 05:23:08.706 23507 23552 D TrafficStats: tagSocket(106) with statsTag=0xffffffff, statsUid=-1
04-22 05:23:08.765 23507 23552 D TrafficStats: tagSocket(110) with statsTag=0xffffffff, statsUid=-1
04-22 05:23:08.767 23507 23552 D TrafficStats: tagSocket(110) with statsTag=0xffffffff, statsUid=-1
04-22 05:23:08.770 23507 23552 D TrafficStats: tagSocket(110) with statsTag=0xffffffff, statsUid=-1
04-22 05:23:08.789 23507 23527 D EGL_emulation: app_time_stats: avg=47.42ms min=12.34ms max=68.48ms count=22
04-22 05:23:08.827 23507 23552 D TrafficStats: tagSocket(98) with statsTag=0xffffffff, statsUid=-1
04-22 05:23:08.830 23507 23552 D TrafficStats: tagSocket(98) with statsTag=0xffffffff, statsUid=-1
04-22 05:23:08.832 23507 23552 D TrafficStats: tagSocket(98) with statsTag=0xffffffff, statsUid=-1
04-22 05:23:08.889 23507 23552 D TrafficStats: tagSocket(105) with statsTag=0xffffffff, statsUid=-1
04-22 05:23:08.892 23507 23552 D TrafficStats: tagSocket(105) with statsTag=0xffffffff, statsUid=-1
04-22 05:23:08.894 23507 23552 D TrafficStats: tagSocket(105) with statsTag=0xffffffff, statsUid=-1
04-22 05:23:08.936   335   435 W TransactionTracing: Could not find layer id -1
04-22 05:23:08.951 23507 23552 D TrafficStats: tagSocket(109) with statsTag=0xffffffff, statsUid=-1
04-22 05:23:08.954 23507 23552 D TrafficStats: tagSocket(109) with statsTag=0xffffffff, statsUid=-1
04-22 05:23:08.956 23507 23552 D TrafficStats: tagSocket(109) with statsTag=0xffffffff, statsUid=-1
04-22 05:23:09.012 23507 23552 D TrafficStats: tagSocket(74) with statsTag=0xffffffff, statsUid=-1
04-22 05:23:09.015 23507 23552 D TrafficStats: tagSocket(74) with statsTag=0xffffffff, statsUid=-1
04-22 05:23:09.017 23507 23552 D TrafficStats: tagSocket(74) with statsTag=0xffffffff, statsUid=-1
04-22 05:23:09.074 23507 23552 D TrafficStats: tagSocket(107) with statsTag=0xffffffff, statsUid=-1
04-22 05:23:09.077 23507 23552 D TrafficStats: tagSocket(107) with statsTag=0xffffffff, statsUid=-1
04-22 05:23:09.079 23507 23552 D TrafficStats: tagSocket(107) with statsTag=0xffffffff, statsUid=-1
04-22 05:23:09.136 23507 23552 D TrafficStats: tagSocket(110) with statsTag=0xffffffff, statsUid=-1
04-22 05:23:09.139 23507 23552 D TrafficStats: tagSocket(110) with statsTag=0xffffffff, statsUid=-1
04-22 05:23:09.141 23507 23552 D TrafficStats: tagSocket(110) with statsTag=0xffffffff, statsUid=-1
04-22 05:23:09.199 23507 23552 D TrafficStats: tagSocket(98) with statsTag=0xffffffff, statsUid=-1
04-22 05:23:09.201 23507 23552 D TrafficStats: tagSocket(98) with statsTag=0xffffffff, statsUid=-1
04-22 05:23:09.204 23507 23552 D TrafficStats: tagSocket(98) with statsTag=0xffffffff, statsUid=-1
04-22 05:23:09.260 23507 23552 D TrafficStats: tagSocket(99) with statsTag=0xffffffff, statsUid=-1
04-22 05:23:09.263 23507 23552 D TrafficStats: tagSocket(99) with statsTag=0xffffffff, statsUid=-1
04-22 05:23:09.265 23507 23552 D TrafficStats: tagSocket(99) with statsTag=0xffffffff, statsUid=-1
04-22 05:23:09.579 23507 23552 D TrafficStats: tagSocket(99) with statsTag=0xffffffff, statsUid=-1
04-22 05:23:09.582 23507 23552 D TrafficStats: tagSocket(99) with statsTag=0xffffffff, statsUid=-1
04-22 05:23:09.585 23507 23552 D TrafficStats: tagSocket(99) with statsTag=0xffffffff, statsUid=-1
04-22 05:23:09.623 23507 23552 D TrafficStats: tagSocket(99) with statsTag=0xffffffff, statsUid=-1
04-22 05:23:09.626 23507 23552 D TrafficStats: tagSocket(99) with statsTag=0xffffffff, statsUid=-1
04-22 05:23:09.631 23507 23552 D TrafficStats: tagSocket(99) with statsTag=0xffffffff, statsUid=-1
04-22 05:23:09.633 23507 23552 D TrafficStats: tagSocket(99) with statsTag=0xffffffff, statsUid=-1
04-22 05:23:09.690 23507 23552 D TrafficStats: tagSocket(74) with statsTag=0xffffffff, statsUid=-1
04-22 05:23:09.693 23507 23552 D TrafficStats: tagSocket(74) with statsTag=0xffffffff, statsUid=-1
04-22 05:23:09.695 23507 23552 D TrafficStats: tagSocket(74) with statsTag=0xffffffff, statsUid=-1
04-22 05:23:09.753 23507 23552 D TrafficStats: tagSocket(107) with statsTag=0xffffffff, statsUid=-1
04-22 05:23:09.756 23507 23552 D TrafficStats: tagSocket(107) with statsTag=0xffffffff, statsUid=-1
04-22 05:23:09.758 23507 23552 D TrafficStats: tagSocket(138) with statsTag=0xffffffff, statsUid=-1
04-22 05:23:09.815 23507 23552 D TrafficStats: tagSocket(106) with statsTag=0xffffffff, statsUid=-1
04-22 05:23:09.817 23507 23552 D TrafficStats: tagSocket(106) with statsTag=0xffffffff, statsUid=-1
04-22 05:23:09.819 23507 23552 D TrafficStats: tagSocket(106) with statsTag=0xffffffff, statsUid=-1
04-22 05:23:09.843 23507 23527 D EGL_emulation: app_time_stats: avg=61.98ms min=15.54ms max=344.05ms count=17
04-22 05:23:09.876 23507 23552 D TrafficStats: tagSocket(109) with statsTag=0xffffffff, statsUid=-1
04-22 05:23:09.879 23507 23552 D TrafficStats: tagSocket(109) with statsTag=0xffffffff, statsUid=-1
04-22 05:23:09.882 23507 23552 D TrafficStats: tagSocket(109) with statsTag=0xffffffff, statsUid=-1
04-22 05:23:09.939 23507 23552 D TrafficStats: tagSocket(98) with statsTag=0xffffffff, statsUid=-1
04-22 05:23:09.941 23507 23552 D TrafficStats: tagSocket(98) with statsTag=0xffffffff, statsUid=-1
04-22 05:23:09.944 23507 23552 D TrafficStats: tagSocket(98) with statsTag=0xffffffff, statsUid=-1
04-22 05:23:10.000 23507 23552 D TrafficStats: tagSocket(110) with statsTag=0xffffffff, statsUid=-1
04-22 05:23:10.002 23507 23552 D TrafficStats: tagSocket(110) with statsTag=0xffffffff, statsUid=-1
04-22 05:23:10.004 23507 23552 D TrafficStats: tagSocket(110) with statsTag=0xffffffff, statsUid=-1
04-22 05:23:10.064 23507 23552 D TrafficStats: tagSocket(105) with statsTag=0xffffffff, statsUid=-1
04-22 05:23:10.066 23507 23552 D TrafficStats: tagSocket(105) with statsTag=0xffffffff, statsUid=-1
04-22 05:23:10.069 23507 23552 D TrafficStats: tagSocket(105) with statsTag=0xffffffff, statsUid=-1
04-22 05:23:10.126 23507 23552 D TrafficStats: tagSocket(99) with statsTag=0xffffffff, statsUid=-1
04-22 05:23:10.129 23507 23552 D TrafficStats: tagSocket(99) with statsTag=0xffffffff, statsUid=-1
04-22 05:23:10.131 23507 23552 D TrafficStats: tagSocket(99) with statsTag=0xffffffff, statsUid=-1
04-22 05:23:10.187 23507 23552 D TrafficStats: tagSocket(102) with statsTag=0xffffffff, statsUid=-1
04-22 05:23:10.190 23507 23552 D TrafficStats: tagSocket(102) with statsTag=0xffffffff, statsUid=-1
04-22 05:23:10.193 23507 23552 D TrafficStats: tagSocket(102) with statsTag=0xffffffff, statsUid=-1
04-22 05:23:10.249 23507 23552 D TrafficStats: tagSocket(74) with statsTag=0xffffffff, statsUid=-1
04-22 05:23:10.252 23507 23552 D TrafficStats: tagSocket(74) with statsTag=0xffffffff, statsUid=-1
04-22 05:23:10.254 23507 23552 D TrafficStats: tagSocket(74) with statsTag=0xffffffff, statsUid=-1
04-22 05:23:10.312 23507 23552 D TrafficStats: tagSocket(107) with statsTag=0xffffffff, statsUid=-1
04-22 05:23:10.314 23507 23552 D TrafficStats: tagSocket(107) with statsTag=0xffffffff, statsUid=-1
04-22 05:23:10.316 23507 23552 D TrafficStats: tagSocket(107) with statsTag=0xffffffff, statsUid=-1
04-22 05:23:10.375 23507 23552 D TrafficStats: tagSocket(106) with statsTag=0xffffffff, statsUid=-1
04-22 05:23:10.379 23507 23552 D TrafficStats: tagSocket(106) with statsTag=0xffffffff, statsUid=-1
04-22 05:23:10.382 23507 23552 D TrafficStats: tagSocket(111) with statsTag=0xffffffff, statsUid=-1
04-22 05:23:10.690 23507 23552 D TrafficStats: tagSocket(109) with statsTag=0xffffffff, statsUid=-1
04-22 05:23:10.693 23507 23552 D TrafficStats: tagSocket(109) with statsTag=0xffffffff, statsUid=-1
04-22 05:23:10.698 23507 23537 I assembly.assembly.android.mixc-retail-rn84.transport.http.HttpRuntime: [transport.http] HTTP request started: kernel.base.tcp-control-runtime-v2.activate-terminal {"endpointName":"kernel.base.tcp-control-runtime-v2.activate-terminal","serverName":"mock-terminal-platform","addressName":"lan","method":"POST","roundIndex":0,"attemptIndex":1}
04-22 05:23:10.700 23507 23537 I assembly.assembly.android.mixc-retail-rn84: [assembly.topology] Native topology host already matches desired lifecycle state {"displayCount":1,"displayIndex":0,"deviceId":"6Z2H3BSGEY","instanceMode":"MASTER","enableSlave":true,"running":true,"reason":"master-primary-enable-slave"}
04-22 05:23:10.701 23507 23537 I MMKV    : <MMKV_IO.cpp:609::writeActualSize> [mixc-retail-assembly-rn84::state] increase sequence to 29, crc 1395879924, actualSize 22372
04-22 05:23:10.701 23507 23537 I MMKV    : <MMKV.cpp:1208::sync> MMKV::sync, SyncFlag = 1
04-22 05:23:10.702 23507 23640 D TrafficStats: tagSocket(136) with statsTag=0xffffffff, statsUid=-1
04-22 05:23:10.703 23507 23537 I assembly.assembly.android.mixc-retail-rn84: [assembly.topology] Native topology host already matches desired lifecycle state {"displayCount":1,"displayIndex":0,"deviceId":"6Z2H3BSGEY","instanceMode":"MASTER","enableSlave":true,"running":true,"reason":"master-primary-enable-slave"}
04-22 05:23:10.703 23507 23537 I assembly.assembly.android.mixc-retail-rn84: [assembly.topology] Native topology host already matches desired lifecycle state {"displayCount":1,"displayIndex":0,"deviceId":"6Z2H3BSGEY","instanceMode":"MASTER","enableSlave":true,"running":true,"reason":"master-primary-enable-slave"}
04-22 05:23:10.703 23507 23537 I assembly.assembly.android.mixc-retail-rn84: [assembly.topology] Native topology host already matches desired lifecycle state {"displayCount":1,"displayIndex":0,"deviceId":"6Z2H3BSGEY","instanceMode":"MASTER","enableSlave":true,"running":true,"reason":"master-primary-enable-slave"}
04-22 05:23:10.705 23507 23552 D TrafficStats: tagSocket(109) with statsTag=0xffffffff, statsUid=-1
04-22 05:23:13.420   317   317 E android.hardware.power.stats@1.0-service-mock: Failed to getEnergyData
04-22 05:23:13.707   293   372 E netd    : control message was truncated when receiving file descriptors
04-22 05:23:13.720 23507 23537 E assembly.assembly.android.mixc-retail-rn84.transport.http.HttpRuntime: [transport.http] HTTP request failed: kernel.base.tcp-control-runtime-v2.activate-terminal {"endpointName":"kernel.base.tcp-control-runtime-v2.activate-terminal","serverName":"mock-terminal-platform","addressName":"lan","roundIndex":0,"attemptIndex":1}
04-22 05:23:13.720 23507 23537 I assembly.assembly.android.mixc-retail-rn84.transport.http.HttpRuntime: [transport.http] HTTP request started: kernel.base.tcp-control-runtime-v2.activate-terminal {"endpointName":"kernel.base.tcp-control-runtime-v2.activate-terminal","serverName":"mock-terminal-platform","addressName":"local","method":"POST","roundIndex":0,"attemptIndex":2}
04-22 05:23:13.722 23507 23640 D TrafficStats: tagSocket(98) with statsTag=0xffffffff, statsUid=-1
04-22 05:23:13.744 23507 23537 I assembly.assembly.android.mixc-retail-rn84.transport.http.HttpRuntime: [transport.http] HTTP request completed: kernel.base.tcp-control-runtime-v2.activate-terminal {"endpointName":"kernel.base.tcp-control-runtime-v2.activate-terminal","serverName":"mock-terminal-platform","addressName":"local","status":201}
04-22 05:23:13.747 23507 23537 I MMKV    : <MemoryFile.cpp:103::open> open fd[129], flag 0x7, /data/data/com.impos2.mixcretailassemblyrn84/files/mmkv/specialCharacter/c34670a355176d0b412ad7c68e58044e
04-22 05:23:13.747 23507 23537 I MMKV    : <MemoryFile.cpp:250::mmapOrCleanup> mmap to address [0x7688ed6000], oldPtr [0x0], [/data/data/com.impos2.mixcretailassemblyrn84/files/mmkv/specialCharacter/c34670a355176d0b412ad7c68e58044e]
04-22 05:23:13.748 23507 23537 I MMKV    : <MemoryFile.cpp:109::close> closing fd[129], /data/data/com.impos2.mixcretailassemblyrn84/files/mmkv/specialCharacter/c34670a355176d0b412ad7c68e58044e
04-22 05:23:13.748 23507 23537 I MMKV    : <MemoryFile.cpp:103::open> open fd[129], flag 0x7, /data/data/com.impos2.mixcretailassemblyrn84/files/mmkv/specialCharacter/c34670a355176d0b412ad7c68e58044e.crc
04-22 05:23:13.748 23507 23537 I MMKV    : <MemoryFile.cpp:250::mmapOrCleanup> mmap to address [0x7688e9a000], oldPtr [0x0], [/data/data/com.impos2.mixcretailassemblyrn84/files/mmkv/specialCharacter/c34670a355176d0b412ad7c68e58044e.crc]
04-22 05:23:13.748 23507 23537 I MMKV    : <MemoryFile.cpp:103::open> open fd[136], flag 0x7, /data/data/com.impos2.mixcretailassemblyrn84/files/mmkv/specialCharacter/c34670a355176d0b412ad7c68e58044e
04-22 05:23:13.748 23507 23537 I MMKV    : <MemoryFile.cpp:109::close> closing fd[136], /data/data/com.impos2.mixcretailassemblyrn84/files/mmkv/specialCharacter/c34670a355176d0b412ad7c68e58044e
04-22 05:23:13.748 23507 23537 I MMKV    : <MMKV_IO.cpp:94::loadFromFile> loading [mixc-retail-assembly-rn84::version-report-outbox] with 0 actual size, file size 4096, InterProcess 0, meta info version:0
04-22 05:23:13.748 23507 23537 I MMKV    : <MMKV_IO.cpp:145::loadFromFile> loaded [mixc-retail-assembly-rn84::version-report-outbox] with 0 key-values
04-22 05:23:13.748 23507 23536 I ReactNativeJS: '[tcp-activation-state-written]', '{"nodeId":"master:6Z2H3BSGEY","sandboxId":"sandbox-kernel-base-test","terminalId":"terminal_j1rgmnggrq4n","bindingKeys":["platformId","tenantId","brandId","projectId","storeId","profileId","templateId"],"activatedAt":1776806593744}'
04-22 05:23:13.749 23507 23537 I assembly.assembly.android.mixc-retail-rn84.transport.ws.SocketRuntime: [transport.ws] Socket connect started: kernel.base.tdp-sync-runtime-v2.socket {"profileName":"kernel.base.tdp-sync-runtime-v2.socket","serverName":"mock-terminal-platform","addressName":"lan"}
04-22 05:23:13.749 23507 23536 I ReactNativeJS: '[assembly.android.mixc-retail-rn84.websocket] connect', { url: 'ws://192.168.0.172:5810/api/v1/tdp/ws/connect?sandboxId=sandbox-kernel-base-test&terminalId=terminal_j1rgmnggrq4n&token=token_xps20yq0rq4o',
04-22 05:23:13.749 23507 23536 I ReactNativeJS:   protocol: 'ws',
04-22 05:23:13.749 23507 23536 I ReactNativeJS:   host: '192.168.0.172:5810',
04-22 05:23:13.749 23507 23536 I ReactNativeJS:   pathname: '/api/v1/tdp/ws/connect' }
04-22 05:23:13.750 23507 23644 D TrafficStats: tagSocket(136) with statsTag=0xffffffff, statsUid=-1
04-22 05:23:13.758 23507 23537 I assembly.assembly.android.mixc-retail-rn84: [assembly.topology] Native topology host already matches desired lifecycle state {"displayCount":1,"displayIndex":0,"deviceId":"6Z2H3BSGEY","instanceMode":"MASTER","enableSlave":true,"running":true,"reason":"master-primary-enable-slave"}
04-22 05:23:13.759 23507 23537 I assembly.assembly.android.mixc-retail-rn84: [assembly.topology] Native topology host already matches desired lifecycle state {"displayCount":1,"displayIndex":0,"deviceId":"6Z2H3BSGEY","instanceMode":"MASTER","enableSlave":true,"running":true,"reason":"master-primary-enable-slave"}
04-22 05:23:13.760 23507 23537 I assembly.assembly.android.mixc-retail-rn84: [assembly.topology] Native topology host already matches desired lifecycle state {"displayCount":1,"displayIndex":0,"deviceId":"6Z2H3BSGEY","instanceMode":"MASTER","enableSlave":true,"running":true,"reason":"master-primary-enable-slave"}
04-22 05:23:13.760 23507 23537 I assembly.assembly.android.mixc-retail-rn84: [assembly.topology] Native topology host already matches desired lifecycle state {"displayCount":1,"displayIndex":0,"deviceId":"6Z2H3BSGEY","instanceMode":"MASTER","enableSlave":true,"running":true,"reason":"master-primary-enable-slave"}
04-22 05:23:13.760 23507 23537 I assembly.assembly.android.mixc-retail-rn84: [assembly.topology] Native topology host already matches desired lifecycle state {"displayCount":1,"displayIndex":0,"deviceId":"6Z2H3BSGEY","instanceMode":"MASTER","enableSlave":true,"running":true,"reason":"master-primary-enable-slave"}
04-22 05:23:13.760 23507 23537 I assembly.assembly.android.mixc-retail-rn84: [assembly.topology] Native topology host already matches desired lifecycle state {"displayCount":1,"displayIndex":0,"deviceId":"6Z2H3BSGEY","instanceMode":"MASTER","enableSlave":true,"running":true,"reason":"master-primary-enable-slave"}
04-22 05:23:13.760 23507 23537 I assembly.assembly.android.mixc-retail-rn84: [assembly.topology] Native topology host already matches desired lifecycle state {"displayCount":1,"displayIndex":0,"deviceId":"6Z2H3BSGEY","instanceMode":"MASTER","enableSlave":true,"running":true,"reason":"master-primary-enable-slave"}
04-22 05:23:13.760 23507 23537 I assembly.assembly.android.mixc-retail-rn84: [assembly.topology] Native topology host already matches desired lifecycle state {"displayCount":1,"displayIndex":0,"deviceId":"6Z2H3BSGEY","instanceMode":"MASTER","enableSlave":true,"running":true,"reason":"master-primary-enable-slave"}
04-22 05:23:13.761 23507 23537 I MMKV    : <MMKV_IO.cpp:609::writeActualSize> [mixc-retail-assembly-rn84::version-report-outbox] increase sequence to 1, crc 2021229009, actualSize 4
04-22 05:23:13.761 23507 23537 I MMKV    : <MMKV_IO.cpp:609::writeActualSize> [mixc-retail-assembly-rn84::secure-state] increase sequence to 1, crc 2021229009, actualSize 4
04-22 05:23:13.764 23507 23537 I MMKV    : <MMKV_IO.cpp:609::writeActualSize> [mixc-retail-assembly-rn84::state] increase sequence to 30, crc 738022108, actualSize 24203
04-22 05:23:13.764 23507 23537 I MMKV    : <MMKV.cpp:1208::sync> MMKV::sync, SyncFlag = 1
04-22 05:23:13.767 23507 23640 D TrafficStats: tagSocket(140) with statsTag=0xffffffff, statsUid=-1
04-22 05:23:13.769 23507 23537 I MMKV    : <MMKV_IO.cpp:609::writeActualSize> [mixc-retail-assembly-rn84::state] increase sequence to 31, crc 4274741261, actualSize 24270
04-22 05:23:13.769 23507 23537 I MMKV    : <MMKV.cpp:1208::sync> MMKV::sync, SyncFlag = 1
04-22 05:23:13.788 23507 23537 I MMKV    : <MMKV_IO.cpp:609::writeActualSize> [mixc-retail-assembly-rn84::state] increase sequence to 32, crc 2016199798, actualSize 24270
04-22 05:23:13.788 23507 23537 I MMKV    : <MMKV.cpp:1208::sync> MMKV::sync, SyncFlag = 1
04-22 05:23:13.790 23507 23527 D EGL_emulation: app_time_stats: avg=358.80ms min=45.48ms max=3066.16ms count=11
04-22 05:23:20.728   382   382 W adbd    : timeout expired while flushing socket, closing
04-22 05:23:23.765 23507 23537 I assembly.assembly.android.mixc-retail-rn84.transport.ws.SocketRuntime: [transport.ws] Socket connect started: kernel.base.tdp-sync-runtime-v2.socket {"profileName":"kernel.base.tdp-sync-runtime-v2.socket","serverName":"mock-terminal-platform","addressName":"local"}
04-22 05:23:23.765 23507 23536 I ReactNativeJS: '[assembly.android.mixc-retail-rn84.websocket] connect', { url: 'ws://127.0.0.1:5810/api/v1/tdp/ws/connect?sandboxId=sandbox-kernel-base-test&terminalId=terminal_j1rgmnggrq4n&token=token_xps20yq0rq4o',
04-22 05:23:23.765 23507 23536 I ReactNativeJS:   protocol: 'ws',
04-22 05:23:23.765 23507 23536 I ReactNativeJS:   host: '127.0.0.1:5810',
04-22 05:23:23.765 23507 23536 I ReactNativeJS:   pathname: '/api/v1/tdp/ws/connect' }
04-22 05:23:23.768 23507 23646 D TrafficStats: tagSocket(105) with statsTag=0xffffffff, statsUid=-1
04-22 05:23:23.771 23507 23537 I assembly.assembly.android.mixc-retail-rn84: [assembly.topology] Native topology host already matches desired lifecycle state {"displayCount":1,"displayIndex":0,"deviceId":"6Z2H3BSGEY","instanceMode":"MASTER","enableSlave":true,"running":true,"reason":"master-primary-enable-slave"}
04-22 05:23:23.775 23507 23537 I assembly.assembly.android.mixc-retail-rn84: [assembly.topology] Native topology host already matches desired lifecycle state {"displayCount":1,"displayIndex":0,"deviceId":"6Z2H3BSGEY","instanceMode":"MASTER","enableSlave":true,"running":true,"reason":"master-primary-enable-slave"}
04-22 05:23:23.822 23507 23537 I assembly.assembly.android.mixc-retail-rn84: [assembly.topology] Native topology host already matches desired lifecycle state {"displayCount":1,"displayIndex":0,"deviceId":"6Z2H3BSGEY","instanceMode":"MASTER","enableSlave":true,"running":true,"reason":"master-primary-enable-slave"}
04-22 05:23:23.825 23507 23537 I assembly.assembly.android.mixc-retail-rn84: [assembly.topology] Native topology host already matches desired lifecycle state {"displayCount":1,"displayIndex":0,"deviceId":"6Z2H3BSGEY","instanceMode":"MASTER","enableSlave":true,"running":true,"reason":"master-primary-enable-slave"}
04-22 05:23:23.826 23507 23537 I assembly.assembly.android.mixc-retail-rn84: [assembly.topology] Native topology host already matches desired lifecycle state {"displayCount":1,"displayIndex":0,"deviceId":"6Z2H3BSGEY","instanceMode":"MASTER","enableSlave":true,"running":true,"reason":"master-primary-enable-slave"}
04-22 05:23:23.826 23507 23537 I assembly.assembly.android.mixc-retail-rn84: [assembly.topology] Native topology host already matches desired lifecycle state {"displayCount":1,"displayIndex":0,"deviceId":"6Z2H3BSGEY","instanceMode":"MASTER","enableSlave":true,"running":true,"reason":"master-primary-enable-slave"}
04-22 05:23:24.158 23507 23552 D TrafficStats: tagSocket(109) with statsTag=0xffffffff, statsUid=-1
04-22 05:23:24.161 23507 23552 D TrafficStats: tagSocket(109) with statsTag=0xffffffff, statsUid=-1
04-22 05:23:24.164 23507 23552 D TrafficStats: tagSocket(109) with statsTag=0xffffffff, statsUid=-1
04-22 05:23:24.167 23507 23552 D TrafficStats: tagSocket(109) with statsTag=0xffffffff, statsUid=-1
04-22 05:23:43.404   790  1092 I bluetooth: packages/modules/Bluetooth/system/gd/hci/le_address_manager.cc:257 ack_pause: Client already in paused state
04-22 05:23:43.409   790  1092 I bluetooth: packages/modules/Bluetooth/system/gd/hci/le_address_manager.cc:576 OnCommandComplete: Received command complete with op_code LE_SET_RANDOM_ADDRESS
04-22 05:23:43.409   790  1092 I bluetooth: packages/modules/Bluetooth/system/gd/hci/le_address_manager.cc:595 OnCommandComplete: update random address : 61:cd:3f:0a:a3:b3
04-22 05:23:43.409   790  1092 I bluetooth: packages/modules/Bluetooth/system/gd/hci/le_address_manager.cc:286 resume_registered_clients: Resuming registered clients
04-22 05:23:52.847 23507 23552 D TrafficStats: tagSocket(109) with statsTag=0xffffffff, statsUid=-1
04-22 05:23:52.851 23507 23552 D TrafficStats: tagSocket(109) with statsTag=0xffffffff, statsUid=-1
04-22 05:23:52.854   158   158 I logd    : logdr: UID=2000 GID=2000 PID=23647 n tail=0 logMask=99 pid=0 start=0ns deadline=0ns
