04-22 05:16:41.203 23507 23537 I assembly.kernel.base.runtime-shell-v2.application.KernelRuntimeAppV2: [runtime.load] kernel runtime app v2 started {"runtimeName":"assembly.android.mixc-retail-rn84","moduleDescriptors":[{"moduleName":"assembly.android.mixc-retail-rn84","packageVersion":"1.0.0","dependencies":[],"stateSliceNames":[],"commandNames":[],"actorKeys":["assembly.android.mixc-retail-rn84.AssemblyRuntimeInitializeActor"],"errorKeys":[],"parameterKeys":[],"hasInstall":true,"hasPreSetup":true},{"moduleName":"kernel.base.topology-runtime-v3","packageVersion":"0.0.1","dependencies":[],"stateSliceNames":["kernel.base.topology-runtime-v3.config","kernel.base.topology-runtime-v3.context","kernel.base.topology-runtime-v3.connection","kernel.base.topology-runtime-v3.peer","kernel.base.topology-runtime-v3.sync","kernel.base.topology-runtime-v3.request-mirror","kernel.base.topology-runtime-v3.demo.master","kernel.base.topology-runtime-v3.demo.slave"],"commandNames":["kernel.base.topology-runtime-v3.set-instance-mode","kernel.base.topology-runtime-v3.set-display-mode","kernel.base.topology-runtime-v3.set-enable-slave","kernel.base.topology-runtime-v3.set-master-locator","kernel.base.topology-runtime-v3.clear-master-locator","kernel.base.topology-runtime-v3.refresh-topology-context","kernel.base.topology-runtime-v3.start-topology-connection","kernel.base.topology-runtime-v3.stop-topology-connection","kernel.base.topology-runtime-v3.restart-topology-connection","kernel.base.topology-runtime-v3.upsert-demo-master-entry","kernel.base.topology-runtime-v3.remove-demo-master-entry","kernel.base.topology-runtime-v3.reset-demo-master-state","kernel.base.topology-runtime-v3.upsert-demo-slave-entry","kernel.base.topology-runtime-v3.remove-demo-slave-entry","kernel.base.topology-runtime-v3.reset-demo-slave-state"],"actorKeys":["kernel.base.topology-runtime-v3.TopologyContextActor","kernel.base.topology-runtime-v3.TopologyConnectionActor","kernel.base.topology-runtime-v3.TopologyDemoSyncActor"],"errorKeys":["kernel.base.topology-runtime-v3.display_context_required","kernel.base.topology-runtime-v3.orchestrator_required","kernel.base.topology-runtime-v3.socket_binding_required","kernel.base.topology-runtime-v3.hello_runtime_required","kernel.base.topology-runtime-v3.action_not_allowed"],"parameterKeys":["kernel.base.topology-runtime-v3.reconnect-interval-ms"],"hasInstall":true,"hasPreSetup":true},{"moduleName":"kernel.base.tcp-control-runtime-v2","packageVersion":"0.0.1","dependencies":[],"stateSliceNames":["kernel.base.tcp-control-runtime-v2.identity","kernel.base.tcp-control-runtime-v2.credential","kernel.base.tcp-control-runtime-v2.binding","kernel.base.tcp-control-runtime-v2.sandbox","kernel.base.tcp-control-runtime-v2.runtime"],"commandNames":["kernel.base.tcp-control-runtime-v2.bootstrap-tcp-control","kernel.base.tcp-control-runtime-v2.bootstrap-tcp-control-succeeded","kernel.base.tcp-control-runtime-v2.activate-terminal","kernel.base.tcp-control-runtime-v2.activate-terminal-succeeded","kernel.base.tcp-control-runtime-v2.refresh-credential","kernel.base.tcp-control-runtime-v2.credential-refreshed","kernel.base.tcp-control-runtime-v2.deactivate-terminal","kernel.base.tcp-control-runtime-v2.deactivate-terminal-succeeded","kernel.base.tcp-control-runtime-v2.report-task-result","kernel.base.tcp-control-runtime-v2.task-result-reported","kernel.base.tcp-control-runtime-v2.reset-tcp-control"],"actorKeys":["kernel.base.tcp-control-runtime-v2.TcpBootstrapActor","kernel.base.tcp-control-runtime-v2.TcpActivationActor","kernel.base.tcp-control-runtime-v2.TcpCredentialActor","kernel.base.tcp-control-runtime-v2.TcpDeactivationActor","kernel.base.tcp-control-runtime-v2.TcpTaskReportActor","kernel.base.tcp-control-runtime-v2.TcpStateMutationActor"],"errorKeys":["kernel.base.tcp-control-runtime-v2.activation_code_invalid","kernel.base.tcp-control-runtime-v2.activation_failed","kernel.base.tcp-control-runtime-v2.credential_missing","kernel.base.tcp-control-runtime-v2.credential_expired","kernel.base.tcp-control-runtime-v2.refresh_failed","kernel.base.tcp
04-22 05:16:41.203 23507 23537 I assembly.assembly.android.mixc-retail-rn84: [assembly.topology] Seeded standalone slave power state without changing display mode {"displayIndex":0,"displayCount":1,"powerConnected":false}
04-22 05:16:41.205  1043  1043 D b/260135164: updateIconAlphaForHome - setIconsAlpha(0), isTaskbarPresent: true
04-22 05:16:41.206   335   435 W TransactionTracing: Could not find layer handle 0xb400006eb98b3970
04-22 05:16:41.206   335   435 W TransactionTracing: Could not find layer handle 0xb400006eb98b4e70
04-22 05:16:41.211 23507 23537 I MMKV    : <MMKV_IO.cpp:530::expandAndWriteBack> extending [mixc-retail-assembly-rn84::state] file size from 16384 to 32768, incoming size:281, future usage:8138
04-22 05:16:41.211 23507 23537 I MMKV    : <MemoryFile.cpp:103::open> open fd[111], flag 0x7, /data/data/com.impos2.mixcretailassemblyrn84/files/mmkv/specialCharacter/cac4ff37f0f9b0189974948d3d3aa0fe
04-22 05:16:41.211 23507 23537 I MMKV    : <MemoryFile.cpp:250::mmapOrCleanup> mmap to address [0x767f6dd000], oldPtr [0x767f7bf000], [/data/data/com.impos2.mixcretailassemblyrn84/files/mmkv/specialCharacter/cac4ff37f0f9b0189974948d3d3aa0fe]
04-22 05:16:41.211 23507 23537 I MMKV    : <MemoryFile.cpp:109::close> closing fd[111], /data/data/com.impos2.mixcretailassemblyrn84/files/mmkv/specialCharacter/cac4ff37f0f9b0189974948d3d3aa0fe
04-22 05:16:41.211 23507 23537 I MMKV    : <MMKV_IO.cpp:609::writeActualSize> [mixc-retail-assembly-rn84::state] increase sequence to 3, crc 2232521752, actualSize 16267
04-22 05:16:41.211 23507 23537 I MMKV    : <MMKV.cpp:1208::sync> MMKV::sync, SyncFlag = 1
04-22 05:16:41.215  1043  1923 D OneSearchSuggestProvider: Shut down the binder channel
04-22 05:16:41.216  1043  1646 I s.nexuslauncher: oneway function results for code 2 on binder at 0xb4000073f59cfc40 will be dropped but finished with status UNKNOWN_TRANSACTION
04-22 05:16:41.217 23507 23537 I MMKV    : <MMKV_IO.cpp:530::expandAndWriteBack> extending [mixc-retail-assembly-rn84::state] file size from 32768 to 65536, incoming size:319, future usage:11136
04-22 05:16:41.218 23507 23537 I MMKV    : <MemoryFile.cpp:103::open> open fd[111], flag 0x7, /data/data/com.impos2.mixcretailassemblyrn84/files/mmkv/specialCharacter/cac4ff37f0f9b0189974948d3d3aa0fe
04-22 05:16:41.218 23507 23537 I MMKV    : <MemoryFile.cpp:250::mmapOrCleanup> mmap to address [0x7677001000], oldPtr [0x767f6dd000], [/data/data/com.impos2.mixcretailassemblyrn84/files/mmkv/specialCharacter/cac4ff37f0f9b0189974948d3d3aa0fe]
04-22 05:16:41.218 23507 23537 I MMKV    : <MemoryFile.cpp:109::close> closing fd[111], /data/data/com.impos2.mixcretailassemblyrn84/files/mmkv/specialCharacter/cac4ff37f0f9b0189974948d3d3aa0fe
04-22 05:16:41.218 23507 23537 I MMKV    : <MMKV_IO.cpp:609::writeActualSize> [mixc-retail-assembly-rn84::state] increase sequence to 4, crc 1664401982, actualSize 22257
04-22 05:16:41.218 23507 23537 I MMKV    : <MMKV.cpp:1208::sync> MMKV::sync, SyncFlag = 1
04-22 05:16:41.220  1043  1043 D b/260135164: updateIconAlphaForHome - setIconsAlpha(0), isTaskbarPresent: true
04-22 05:16:41.224 23507 23537 I assembly.android.mixc-retail-rn84.boot: {"stage":"runtime.start:done","displayIndex":0,"displayCount":1}
04-22 05:16:41.225 23507 23537 D TrafficStats: tagSocket(113) with statsTag=0xffffffff, statsUid=-1
04-22 05:16:41.226 23507 23537 I assembly.assembly.android.mixc-retail-rn84: [assembly.topology] Native topology host already matches desired lifecycle state {"displayCount":1,"displayIndex":0,"deviceId":"6Z2H3BSGEY","instanceMode":"MASTER","enableSlave":false,"running":false,"reason":"not-master-or-single-primary-host"}
04-22 05:16:41.229 23507 23537 I assembly.android.mixc-retail-rn84.boot: {"stage":"automation.host:start","displayIndex":0,"displayCount":1,"target":"primary","host":"127.0.0.1","port":18584,"generation":"automation-host-2-31657919795678"}
04-22 05:16:41.230 23507 23537 I MMKV    : <MMKV_IO.cpp:609::writeActualSize> [mixc-retail-assembly-rn84::state] increase sequence to 5, crc 683139561, actualSize 22269
04-22 05:16:41.230 23507 23537 I MMKV    : <MMKV.cpp:1208::sync> MMKV::sync, SyncFlag = 1
04-22 05:16:41.237  1043  1043 D b/260135164: updateIconAlphaForHome - setIconsAlpha(0), isTaskbarPresent: true
04-22 05:16:41.239   335   435 W TransactionTracing: Could not find layer handle 0xb400006eb98b5c50
04-22 05:16:41.239   335   435 W TransactionTracing: Could not find layer handle 0xb400006eb98b6730
04-22 05:16:41.251 23507 23537 I MMKV    : <MMKV_IO.cpp:609::writeActualSize> [mixc-retail-assembly-rn84::state] increase sequence to 6, crc 13947903, actualSize 22269
04-22 05:16:41.251 23507 23537 I MMKV    : <MMKV.cpp:1208::sync> MMKV::sync, SyncFlag = 1
04-22 05:16:41.253  1043  1043 D b/260135164: updateIconAlphaForHome - setIconsAlpha(0), isTaskbarPresent: true
04-22 05:16:41.255 23507 23537 I assembly.android.mixc-retail-rn84.boot: {"stage":"app-load-complete:start","displayIndex":0}
04-22 05:16:41.256 23507 23537 I StartupAudit: app_load_complete displayIndex=0 pid=23507 time=2026-04-22 05:16:41.256
04-22 05:16:41.257 23507 23537 I StartupAudit: secondary_launch_scheduled pid=23507 time=2026-04-22 05:16:41.256
04-22 05:16:41.260 23507 23537 I MMKV    : <MMKV_IO.cpp:609::writeActualSize> [mixc-retail-assembly-rn84::state] increase sequence to 7, crc 1229984406, actualSize 22269
04-22 05:16:41.260 23507 23537 I MMKV    : <MMKV.cpp:1208::sync> MMKV::sync, SyncFlag = 1
04-22 05:16:41.266 23507 23537 I MMKV    : <MMKV_IO.cpp:609::writeActualSize> [mixc-retail-assembly-rn84::state] increase sequence to 8, crc 2365794090, actualSize 22269
04-22 05:16:41.266 23507 23537 I MMKV    : <MMKV.cpp:1208::sync> MMKV::sync, SyncFlag = 1
04-22 05:16:41.269 23507 23537 I assembly.android.mixc-retail-rn84.boot: {"stage":"app-load-complete:done","displayIndex":0}
04-22 05:16:41.270  1043  1043 D b/260135164: updateIconAlphaForHome - setIconsAlpha(0), isTaskbarPresent: true
04-22 05:16:41.272 23507 23537 I MMKV    : <MMKV_IO.cpp:609::writeActualSize> [mixc-retail-assembly-rn84::state] increase sequence to 9, crc 599836777, actualSize 22269
04-22 05:16:41.273 23507 23537 I MMKV    : <MMKV.cpp:1208::sync> MMKV::sync, SyncFlag = 1
04-22 05:16:41.279 23507 23537 I MMKV    : <MMKV_IO.cpp:609::writeActualSize> [mixc-retail-assembly-rn84::state] increase sequence to 10, crc 4205028733, actualSize 22269
04-22 05:16:41.279 23507 23537 I MMKV    : <MMKV.cpp:1208::sync> MMKV::sync, SyncFlag = 1
04-22 05:16:41.286 23507 23537 I MMKV    : <MMKV_IO.cpp:609::writeActualSize> [mixc-retail-assembly-rn84::state] increase sequence to 11, crc 2329818364, actualSize 22269
04-22 05:16:41.286 23507 23537 I MMKV    : <MMKV.cpp:1208::sync> MMKV::sync, SyncFlag = 1
04-22 05:16:41.286  1043  1043 D b/260135164: updateIconAlphaForHome - setIconsAlpha(0), isTaskbarPresent: true
04-22 05:16:41.295 23507 23537 I MMKV    : <MMKV_IO.cpp:609::writeActualSize> [mixc-retail-assembly-rn84::state] increase sequence to 12, crc 3698213458, actualSize 22269
04-22 05:16:41.295 23507 23537 I MMKV    : <MMKV.cpp:1208::sync> MMKV::sync, SyncFlag = 1
04-22 05:16:41.301 23507 23537 I MMKV    : <MMKV_IO.cpp:609::writeActualSize> [mixc-retail-assembly-rn84::state] increase sequence to 13, crc 2946629075, actualSize 22269
04-22 05:16:41.301 23507 23537 I MMKV    : <MMKV.cpp:1208::sync> MMKV::sync, SyncFlag = 1
04-22 05:16:41.303  1043  1043 D b/260135164: updateIconAlphaForHome - setIconsAlpha(0), isTaskbarPresent: true
04-22 05:16:41.312 23507 23537 I MMKV    : <MMKV_IO.cpp:609::writeActualSize> [mixc-retail-assembly-rn84::state] increase sequence to 14, crc 3395234638, actualSize 22269
04-22 05:16:41.312 23507 23537 I MMKV    : <MMKV.cpp:1208::sync> MMKV::sync, SyncFlag = 1
04-22 05:16:41.318 23507 23537 I MMKV    : <MMKV_IO.cpp:609::writeActualSize> [mixc-retail-assembly-rn84::state] increase sequence to 15, crc 530635204, actualSize 22269
04-22 05:16:41.318 23507 23537 I MMKV    : <MMKV.cpp:1208::sync> MMKV::sync, SyncFlag = 1
04-22 05:16:41.320  1043  1043 D b/260135164: updateIconAlphaForHome - setIconsAlpha(0), isTaskbarPresent: true
04-22 05:16:41.330 23507 23537 I MMKV    : <MMKV_IO.cpp:609::writeActualSize> [mixc-retail-assembly-rn84::state] increase sequence to 16, crc 2476377947, actualSize 22269
04-22 05:16:41.330 23507 23537 I MMKV    : <MMKV.cpp:1208::sync> MMKV::sync, SyncFlag = 1
04-22 05:16:41.335 23507 23537 I MMKV    : <MMKV_IO.cpp:609::writeActualSize> [mixc-retail-assembly-rn84::state] increase sequence to 17, crc 1009300670, actualSize 22269
04-22 05:16:41.336 23507 23537 I MMKV    : <MMKV.cpp:1208::sync> MMKV::sync, SyncFlag = 1
04-22 05:16:41.338  1043  1043 D b/260135164: updateIconAlphaForHome - setIconsAlpha(0), isTaskbarPresent: true
04-22 05:16:41.345 23507 23537 I MMKV    : <MMKV_IO.cpp:609::writeActualSize> [mixc-retail-assembly-rn84::state] increase sequence to 18, crc 4020919171, actualSize 22269
04-22 05:16:41.345 23507 23537 I MMKV    : <MMKV.cpp:1208::sync> MMKV::sync, SyncFlag = 1
04-22 05:16:41.352 23507 23537 I MMKV    : <MMKV_IO.cpp:609::writeActualSize> [mixc-retail-assembly-rn84::state] increase sequence to 19, crc 683139561, actualSize 22269
04-22 05:16:41.352 23507 23537 I MMKV    : <MMKV.cpp:1208::sync> MMKV::sync, SyncFlag = 1
04-22 05:16:41.354  1043  1043 D b/260135164: updateIconAlphaForHome - setIconsAlpha(0), isTaskbarPresent: true
04-22 05:16:41.363 23507 23537 I MMKV    : <MMKV_IO.cpp:609::writeActualSize> [mixc-retail-assembly-rn84::state] increase sequence to 20, crc 13947903, actualSize 22269
04-22 05:16:41.363 23507 23537 I MMKV    : <MMKV.cpp:1208::sync> MMKV::sync, SyncFlag = 1
04-22 05:16:41.369 23507 23537 I MMKV    : <MMKV_IO.cpp:609::writeActualSize> [mixc-retail-assembly-rn84::state] increase sequence to 21, crc 1229984406, actualSize 22269
04-22 05:16:41.369 23507 23537 I MMKV    : <MMKV.cpp:1208::sync> MMKV::sync, SyncFlag = 1
04-22 05:16:41.370  1043  1043 D b/260135164: updateIconAlphaForHome - setIconsAlpha(0), isTaskbarPresent: true
04-22 05:16:41.379 23507 23537 I MMKV    : <MMKV_IO.cpp:609::writeActualSize> [mixc-retail-assembly-rn84::state] increase sequence to 22, crc 2365794090, actualSize 22269
04-22 05:16:41.379 23507 23537 I MMKV    : <MMKV.cpp:1208::sync> MMKV::sync, SyncFlag = 1
04-22 05:16:41.384 23507 23537 I MMKV    : <MMKV_IO.cpp:609::writeActualSize> [mixc-retail-assembly-rn84::state] increase sequence to 23, crc 599836777, actualSize 22269
04-22 05:16:41.384 23507 23537 I MMKV    : <MMKV.cpp:1208::sync> MMKV::sync, SyncFlag = 1
04-22 05:16:41.387  1043  1043 D b/260135164: updateIconAlphaForHome - setIconsAlpha(0), isTaskbarPresent: true
04-22 05:16:41.396 23507 23537 I MMKV    : <MMKV_IO.cpp:609::writeActualSize> [mixc-retail-assembly-rn84::state] increase sequence to 24, crc 4205028733, actualSize 22269
04-22 05:16:41.396 23507 23537 I MMKV    : <MMKV.cpp:1208::sync> MMKV::sync, SyncFlag = 1
04-22 05:16:41.403   335   435 W TransactionTracing: Could not find layer id -1
04-22 05:16:41.403   335   435 W TransactionTracing: Could not find layer id -1
04-22 05:16:41.403   335   435 W TransactionTracing: Could not find layer id -1
04-22 05:16:41.403   335   435 W TransactionTracing: Could not find layer id -1
04-22 05:16:41.403   335   435 W TransactionTracing: Could not find layer id -1
04-22 05:16:41.403  1043  1043 D b/260135164: updateIconAlphaForHome - setIconsAlpha(0), isTaskbarPresent: true
04-22 05:16:41.406 23507 23537 I MMKV    : <MMKV_IO.cpp:609::writeActualSize> [mixc-retail-assembly-rn84::state] increase sequence to 25, crc 2329818364, actualSize 22269
04-22 05:16:41.406 23507 23537 I MMKV    : <MMKV.cpp:1208::sync> MMKV::sync, SyncFlag = 1
04-22 05:16:41.414 23507 23537 I MMKV    : <MMKV_IO.cpp:609::writeActualSize> [mixc-retail-assembly-rn84::state] increase sequence to 26, crc 3698213458, actualSize 22269
04-22 05:16:41.414 23507 23537 I MMKV    : <MMKV.cpp:1208::sync> MMKV::sync, SyncFlag = 1
04-22 05:16:41.421  1043  1043 D b/260135164: updateIconAlphaForHome - setIconsAlpha(0), isTaskbarPresent: true
04-22 05:16:41.426 23507 23537 I MMKV    : <MMKV_IO.cpp:609::writeActualSize> [mixc-retail-assembly-rn84::state] increase sequence to 27, crc 2946629075, actualSize 22269
04-22 05:16:41.426 23507 23537 I MMKV    : <MMKV.cpp:1208::sync> MMKV::sync, SyncFlag = 1
04-22 05:16:41.427   519  1705 D CoreBackPreview: Window{76cdb4c u0 Splash Screen com.impos2.mixcretailassemblyrn84 EXITING}: Setting back callback null
04-22 05:16:41.427   519  4251 W InputManager-JNI: Input channel object '76cdb4c Splash Screen com.impos2.mixcretailassemblyrn84 (client)' was disposed without first being removed with the input manager!
04-22 05:16:41.437  1043  1043 D b/260135164: updateIconAlphaForHome - setIconsAlpha(0), isTaskbarPresent: true
04-22 05:16:41.454  1043  1043 D b/260135164: updateIconAlphaForHome - setIconsAlpha(0), isTaskbarPresent: true
04-22 05:16:41.470  1043  1043 D b/260135164: updateIconAlphaForHome - setIconsAlpha(0), isTaskbarPresent: true
04-22 05:16:41.479   728   944 W FrameTracker: Missing HWUI jank callback for vsyncId: 12249919, CUJ=J<SPLASHSCREEN_EXIT_ANIM>
04-22 05:16:41.479   728   944 W FrameTracker: Missed SF frame:PREDICTION_ERROR, 12249990, 8726011, CUJ=J<SPLASHSCREEN_EXIT_ANIM>
04-22 05:16:41.479   728   944 W FrameTracker: Missed SF frame:PREDICTION_ERROR, 12250226, 5548514, CUJ=J<SPLASHSCREEN_EXIT_ANIM>
04-22 05:16:41.479   728   944 W FrameTracker: Missing HWUI jank callback for vsyncId: 12250269, CUJ=J<SPLASHSCREEN_EXIT_ANIM>
04-22 05:16:41.479   728   944 W FrameTracker: Missed SF frame:PREDICTION_ERROR, 12250298, 5954849, CUJ=J<SPLASHSCREEN_EXIT_ANIM>
04-22 05:16:41.479   728   944 W FrameTracker: Missing HWUI jank callback for vsyncId: 12250369, CUJ=J<SPLASHSCREEN_EXIT_ANIM>
04-22 05:16:41.479   728   944 W FrameTracker: Missing HWUI jank callback for vsyncId: 12250680, CUJ=J<SPLASHSCREEN_EXIT_ANIM>
04-22 05:16:41.479   728   944 W FrameTracker: Missing SF jank callback for vsyncId: 12250709, CUJ=J<SPLASHSCREEN_EXIT_ANIM>
04-22 05:16:41.488  1043  1043 D b/260135164: updateIconAlphaForHome - setIconsAlpha(0), isTaskbarPresent: true
04-22 05:16:41.504  1043  1043 D b/260135164: updateIconAlphaForHome - setIconsAlpha(0), isTaskbarPresent: true
04-22 05:16:41.507   790  1086 D BtGatt.ScanManager: uid 10116 isForeground true scanMode -1
04-22 05:16:41.508  1043  1728 E OpenGLRenderer: Unable to match the desired swap behavior.
04-22 05:16:41.508  1251  2427 I FontLog : Received query Noto Color Emoji Compat, URI content://com.google.android.gms.fonts [CONTEXT service_id=132 ]
04-22 05:16:41.508  1251  2427 I FontLog : Query [emojicompat-emoji-font] resolved to {Noto Color Emoji Compat, wdth 100.0, wght 400, ital 0.0, bestEffort false} [CONTEXT service_id=132 ]
04-22 05:16:41.509  1251  2427 I FontLog : Fetch {Noto Color Emoji Compat, wdth 100.0, wght 400, ital 0.0, bestEffort false} end status Status{statusCode=SUCCESS, resolution=null} [CONTEXT service_id=132 ]
04-22 05:16:41.511  1251  2427 I FontLog : Pulling font file for id = 144, cache size = 4 [CONTEXT service_id=132 ]
04-22 05:16:41.514  1251  2427 I FontLog : Pulling font file for id = 144, cache size = 4 [CONTEXT service_id=132 ]
04-22 05:16:41.604   335   435 W TransactionTracing: Could not find layer handle 0xb400006eb98b6eb0
04-22 05:16:41.604   335   435 W TransactionTracing: Could not find layer handle 0xb400006eb98b1b10
04-22 05:16:41.604   335   435 W TransactionTracing: Could not find layer handle 0xb400006eb98b44b0
04-22 05:16:41.604   335   435 W TransactionTracing: Could not find layer handle 0xb400006eb98b44b0
04-22 05:16:41.604   335   435 W TransactionTracing: Could not find layer handle 0xb400006eb98b1b10
04-22 05:16:42.807 23507 23527 D EGL_emulation: app_time_stats: avg=249.74ms min=24.08ms max=1448.99ms count=7
04-22 05:16:43.524   728   955 D EGL_emulation: app_time_stats: avg=192.23ms min=12.51ms max=2295.87ms count=13
04-22 05:16:46.064 23507 23554 D ProfileInstaller: Installing profile for com.impos2.mixcretailassemblyrn84
04-22 05:16:46.505   293 23556 I resolv  : GetAddrInfoHandler::run: {100 786532 100 983140 10116 0}
04-22 05:16:46.505  1251 23394 D TrafficStats: tagSocket(83) with statsTag=0x20008100, statsUid=-1
04-22 05:16:46.506   293 23559 I resolv  : res_nmkquery: (QUERY, IN, A)
04-22 05:16:46.506   293 23558 I resolv  : res_nmkquery: (QUERY, IN, AAAA)
04-22 05:16:46.555   293 23559 I resolv  : res_tls_send: TLS query result: 0
04-22 05:16:46.555   293 23558 I resolv  : res_tls_send: TLS query result: 0
04-22 05:16:46.555   293 23558 I resolv  : doQuery: rcode=0, ancount=4, return value=163
04-22 05:16:46.555   293 23559 I resolv  : doQuery: rcode=0, ancount=4, return value=115
04-22 05:16:47.547   790  1086 D BtGatt.ScanManager: uid 10116 isForeground true scanMode -1
04-22 05:16:58.471 23507 23552 D TrafficStats: tagSocket(5) with statsTag=0xffffffff, statsUid=-1
04-22 05:16:58.480   158   158 I logd    : logdr: UID=2000 GID=2000 PID=23562 n tail=0 logMask=99 pid=0 start=0ns deadline=0ns
04-22 05:17:00.005  1598  1881 I AiAiEcho: Predicting[0]: 
04-22 05:17:00.005  1598  1881 I AiAiEcho: Ranked targets strategy: SORT, count: 0, ranking metadata: 
04-22 05:17:00.006  1598  1881 I AiAiEcho: #postPredictionTargets: Sending updates to UISurface lockscreen with targets# 0
04-22 05:17:00.006  1598  1881 I AiAiEcho: #postPredictionTargets: Sending updates to UISurface home with targets# 0
04-22 05:17:00.006  1598  1881 I AiAiEcho: #postPredictionTargets: Sending updates to UISurface media_data_manager with targets# 0
04-22 05:17:00.023   728   728 D SsMediaDataProvider: Forwarding Smartspace updates []
04-22 05:17:00.035   728   955 D EGL_emulation: app_time_stats: avg=16510.70ms min=16510.70ms max=16510.70ms count=1
04-22 05:17:02.829   519   647 E WifiScoringParams: Invalid frequency(-1), using 5G as default rssi array
04-22 05:17:06.654   519  4251 D WifiNl80211Manager: Scan result ready event
04-22 05:17:06.654   519  4251 D WifiNative: Scan result ready event
04-22 05:17:13.416   317   317 E android.hardware.power.stats@1.0-service-mock: Failed to getEnergyData
04-22 05:17:28.929  1921  2210 W A       : v2 eligibility check failed
04-22 05:17:28.929  1921  2210 W A       : com.google.android.libraries.search.r.a.b: com.google.frameworks.client.data.android.ac: Http networking stack error
04-22 05:17:28.929  1921  2210 W A       : 	at com.google.android.libraries.search.r.a.f.apply(PG:3)
04-22 05:17:28.929  1921  2210 W A       : 	at com.google.apps.tiktok.tracing.ew.apply(PG:3)
04-22 05:17:28.929  1921  2210 W A       : 	at com.google.common.w.a.a.e(PG:2)
04-22 05:17:28.929  1921  2210 W A       : 	at com.google.common.w.a.c.run(PG:11)
04-22 05:17:28.929  1921  2210 W A       : 	at com.google.android.libraries.i.z.run(PG:1)
04-22 05:17:28.929  1921  2210 W A       : 	at java.util.concurrent.ThreadPoolExecutor.runWorker(ThreadPoolExecutor.java:1137)
04-22 05:17:28.929  1921  2210 W A       : 	at java.util.concurrent.ThreadPoolExecutor$Worker.run(ThreadPoolExecutor.java:637)
04-22 05:17:28.929  1921  2210 W A       : 	at com.google.android.libraries.i.h.run(PG:2)
04-22 05:17:28.929  1921  2210 W A       : 	at java.lang.Thread.run(Thread.java:1012)
04-22 05:17:28.929  1921  2210 W A       : 	at com.google.android.libraries.i.ai.run(PG:5)
04-22 05:17:28.929  1921  2210 W A       : Caused by: com.google.frameworks.client.data.android.ac: Http networking stack error
04-22 05:17:28.929  1921  2210 W A       : 	at com.google.frameworks.client.data.android.y.run(PG:7)
04-22 05:17:28.929  1921  2210 W A       : 	... 6 more
04-22 05:17:28.929  1921  2210 W A       : Caused by: iq: Exception in CronetUrlRequest: net::ERR_CONNECTION_REFUSED, ErrorCode=7, InternalErrorCode=-102, Retryable=false
04-22 05:17:28.929  1921  2210 W A       : 	at org.chromium.net.impl.CronetUrlRequest.onError(:com.google.android.gms.dynamite_cronetdynamite@231818044@23.18.18 (190400-0):5)
04-22 05:17:33.985 23507 23552 D TrafficStats: tagSocket(5) with statsTag=0xffffffff, statsUid=-1
04-22 05:17:33.987 23507 23552 D TrafficStats: tagSocket(70) with statsTag=0xffffffff, statsUid=-1
04-22 05:17:33.988 23507 23552 D TrafficStats: tagSocket(74) with statsTag=0xffffffff, statsUid=-1
04-22 05:17:33.991 23507 23552 D TrafficStats: tagSocket(5) with statsTag=0xffffffff, statsUid=-1
04-22 05:17:33.991 23507 23552 D TrafficStats: tagSocket(70) with statsTag=0xffffffff, statsUid=-1
04-22 05:17:33.992 23507 23552 D TrafficStats: tagSocket(74) with statsTag=0xffffffff, statsUid=-1
04-22 05:17:34.004 23507 23552 D TrafficStats: tagSocket(5) with statsTag=0xffffffff, statsUid=-1
04-22 05:17:34.007 23507 23552 D TrafficStats: tagSocket(5) with statsTag=0xffffffff, statsUid=-1
04-22 05:18:00.007  1598  1881 I AiAiEcho: Predicting[0]: 
04-22 05:18:00.008  1598  1881 I AiAiEcho: Ranked targets strategy: SORT, count: 0, ranking metadata: 
04-22 05:18:00.008  1598  1881 I AiAiEcho: #postPredictionTargets: Sending updates to UISurface lockscreen with targets# 0
04-22 05:18:00.008  1598  1881 I AiAiEcho: #postPredictionTargets: Sending updates to UISurface home with targets# 0
04-22 05:18:00.008  1598  1881 I AiAiEcho: #postPredictionTargets: Sending updates to UISurface media_data_manager with targets# 0
04-22 05:18:00.022   728   728 D SsMediaDataProvider: Forwarding Smartspace updates []
04-22 05:18:00.046   728   955 D EGL_emulation: app_time_stats: avg=60010.52ms min=60010.52ms max=60010.52ms count=1
04-22 05:18:01.512  1251 23373 D TrafficStats: tagSocket(82) with statsTag=0x20008100, statsUid=-1
04-22 05:18:05.694   519   534 D CompatibilityChangeReporter: Compat change id reported: 161252188; UID 10175; state: DISABLED
04-22 05:18:05.694   519   534 I ActivityTaskManager: START u0 {flg=0x10000000 cmp=com.impos2.mixcretailassemblyrn84/.MainActivity} from uid 2000
04-22 05:18:05.694   519   534 D CompatibilityChangeReporter: Compat change id reported: 265464455; UID 10175; state: DISABLED
04-22 05:18:05.694   519   534 D CompatibilityChangeReporter: Compat change id reported: 265452344; UID 10175; state: DISABLED
04-22 05:18:05.694   519   534 D CompatibilityChangeReporter: Compat change id reported: 266124927; UID 10175; state: DISABLED
04-22 05:18:05.694   519   534 D CompatibilityChangeReporter: Compat change id reported: 265451093; UID 10175; state: DISABLED
04-22 05:18:05.694   519   534 D CompatibilityChangeReporter: Compat change id reported: 265456536; UID 10175; state: DISABLED
04-22 05:18:05.694   519   534 D CompatibilityChangeReporter: Compat change id reported: 255940284; UID 10175; state: DISABLED
04-22 05:18:05.694   519   534 D CompatibilityChangeReporter: Compat change id reported: 236283604; UID 10175; state: DISABLED
04-22 05:18:05.694   519   534 D CompatibilityChangeReporter: Compat change id reported: 263959004; UID 10175; state: DISABLED
04-22 05:18:05.694   519   534 D CompatibilityChangeReporter: Compat change id reported: 264304459; UID 10175; state: DISABLED
04-22 05:18:05.694   519   534 D CompatibilityChangeReporter: Compat change id reported: 264301586; UID 10175; state: DISABLED
04-22 05:18:05.694   519   534 D CompatibilityChangeReporter: Compat change id reported: 254631730; UID 10175; state: DISABLED
04-22 05:18:05.694   519   534 D CompatibilityChangeReporter: Compat change id reported: 273509367; UID 10175; state: DISABLED
04-22 05:18:05.694   519   534 D CompatibilityChangeReporter: Compat change id reported: 263259275; UID 10175; state: DISABLED
04-22 05:18:05.694   519   534 D CompatibilityChangeReporter: Compat change id reported: 194480991; UID 10175; state: ENABLED
04-22 05:18:05.694   519   534 D CompatibilityChangeReporter: Compat change id reported: 174042980; UID 10175; state: DISABLED
04-22 05:18:05.694   519   534 D CompatibilityChangeReporter: Compat change id reported: 197654537; UID 10175; state: ENABLED
04-22 05:18:05.694   519   534 D CompatibilityChangeReporter: Compat change id reported: 181136395; UID 10175; state: DISABLED
04-22 05:18:05.694   519   534 D CompatibilityChangeReporter: Compat change id reported: 174042936; UID 10175; state: DISABLED
04-22 05:18:05.695   519   534 D CompatibilityChangeReporter: Compat change id reported: 194833441; UID 10175; state: ENABLED
04-22 05:18:05.696 23507 23507 W unknown:BridgelessReact: ReactHost{0}.onHostPause(activity)
04-22 05:18:05.696 23507 23507 W unknown:BridgelessReact: ReactHost{0}.ReactContext.onHostPause()
04-22 05:18:05.697 23507 23507 W unknown:BridgelessReact: ReactHost{0}.onHostResume(activity)
04-22 05:18:05.697 23507 23507 W unknown:BridgelessReact: ReactHost{0}.ReactContext.onHostResume()
04-22 05:18:05.711 23507 23552 D TrafficStats: tagSocket(5) with statsTag=0xffffffff, statsUid=-1
04-22 05:18:05.714 23507 23552 D TrafficStats: tagSocket(5) with statsTag=0xffffffff, statsUid=-1
04-22 05:18:05.717 23507 23552 D TrafficStats: tagSocket(5) with statsTag=0xffffffff, statsUid=-1
04-22 05:18:05.720 23507 23552 D TrafficStats: tagSocket(5) with statsTag=0xffffffff, statsUid=-1
04-22 05:18:05.763 23507 23527 D EGL_emulation: app_time_stats: avg=5516.47ms min=1.21ms max=82726.06ms count=15
04-22 05:18:05.772 23507 23552 D TrafficStats: tagSocket(5) with statsTag=0xffffffff, statsUid=-1
04-22 05:18:05.795 23507 23552 D TrafficStats: tagSocket(5) with statsTag=0xffffffff, statsUid=-1
04-22 05:18:05.797 23507 23552 D TrafficStats: tagSocket(5) with statsTag=0xffffffff, statsUid=-1
04-22 05:18:05.838 23507 23552 D TrafficStats: tagSocket(5) with statsTag=0xffffffff, statsUid=-1
04-22 05:18:05.841 23507 23552 D TrafficStats: tagSocket(5) with statsTag=0xffffffff, statsUid=-1
04-22 05:18:05.844 23507 23552 D TrafficStats: tagSocket(5) with statsTag=0xffffffff, statsUid=-1
04-22 05:18:05.846 23507 23552 D TrafficStats: tagSocket(117) with statsTag=0xffffffff, statsUid=-1
04-22 05:18:05.900 23507 23552 D TrafficStats: tagSocket(106) with statsTag=0xffffffff, statsUid=-1
04-22 05:18:05.903 23507 23552 D TrafficStats: tagSocket(121) with statsTag=0xffffffff, statsUid=-1
04-22 05:18:05.906 23507 23552 D TrafficStats: tagSocket(106) with statsTag=0xffffffff, statsUid=-1
04-22 05:18:05.960 23507 23552 D TrafficStats: tagSocket(105) with statsTag=0xffffffff, statsUid=-1
04-22 05:18:05.962 23507 23552 D TrafficStats: tagSocket(105) with statsTag=0xffffffff, statsUid=-1
04-22 05:18:05.965 23507 23552 D TrafficStats: tagSocket(105) with statsTag=0xffffffff, statsUid=-1
04-22 05:18:05.968 23507 23552 D TrafficStats: tagSocket(105) with statsTag=0xffffffff, statsUid=-1
04-22 05:18:05.972 23507 23552 D TrafficStats: tagSocket(105) with statsTag=0xffffffff, statsUid=-1
04-22 05:18:06.026 23507 23552 D TrafficStats: tagSocket(98) with statsTag=0xffffffff, statsUid=-1
04-22 05:18:06.029 23507 23552 D TrafficStats: tagSocket(98) with statsTag=0xffffffff, statsUid=-1
04-22 05:18:06.031 23507 23552 D TrafficStats: tagSocket(120) with statsTag=0xffffffff, statsUid=-1
04-22 05:18:06.086 23507 23552 D TrafficStats: tagSocket(99) with statsTag=0xffffffff, statsUid=-1
04-22 05:18:06.089 23507 23552 D TrafficStats: tagSocket(99) with statsTag=0xffffffff, statsUid=-1
04-22 05:18:06.091 23507 23552 D TrafficStats: tagSocket(99) with statsTag=0xffffffff, statsUid=-1
04-22 05:18:06.146 23507 23552 D TrafficStats: tagSocket(102) with statsTag=0xffffffff, statsUid=-1
04-22 05:18:06.148 23507 23552 D TrafficStats: tagSocket(102) with statsTag=0xffffffff, statsUid=-1
04-22 05:18:06.151 23507 23552 D TrafficStats: tagSocket(102) with statsTag=0xffffffff, statsUid=-1
04-22 05:18:06.456 23507 23552 D TrafficStats: tagSocket(70) with statsTag=0xffffffff, statsUid=-1
04-22 05:18:06.459 23507 23552 D TrafficStats: tagSocket(70) with statsTag=0xffffffff, statsUid=-1
04-22 05:18:06.462 23507 23552 D TrafficStats: tagSocket(70) with statsTag=0xffffffff, statsUid=-1
04-22 05:18:06.474 23507 23507 D CompatibilityChangeReporter: Compat change id reported: 171228096; UID 10175; state: ENABLED
04-22 05:18:08.094 23507 23527 D EGL_emulation: app_time_stats: avg=211.70ms min=1.61ms max=1572.50ms count=11
04-22 05:18:19.627 23507 23552 D TrafficStats: tagSocket(74) with statsTag=0xffffffff, statsUid=-1
04-22 05:18:19.631 23507 23552 D TrafficStats: tagSocket(74) with statsTag=0xffffffff, statsUid=-1
04-22 05:18:19.654 23507 23537 I assembly.assembly.android.mixc-retail-rn84: [assembly.topology] Native topology host already matches desired lifecycle state {"displayCount":1,"displayIndex":0,"deviceId":"6Z2H3BSGEY","instanceMode":"MASTER","enableSlave":false,"running":false,"reason":"not-master-or-single-primary-host"}
04-22 05:18:19.685 23507 23527 D EGL_emulation: app_time_stats: avg=681.86ms min=12.89ms max=11328.59ms count=17
04-22 05:18:23.581   728   955 D EGL_emulation: app_time_stats: avg=23535.27ms min=23535.27ms max=23535.27ms count=1
04-22 05:18:38.855 23507 23552 D TrafficStats: tagSocket(5) with statsTag=0xffffffff, statsUid=-1
04-22 05:18:38.861 23507 23552 D TrafficStats: tagSocket(5) with statsTag=0xffffffff, statsUid=-1
04-22 05:18:38.911 23507 23552 D TrafficStats: tagSocket(5) with statsTag=0xffffffff, statsUid=-1
04-22 05:18:38.915 23507 23552 D TrafficStats: tagSocket(5) with statsTag=0xffffffff, statsUid=-1
04-22 05:18:38.917 23507 23537 I assembly.assembly.android.mixc-retail-rn84: [assembly.topology] Starting native topology host from assembly lifecycle {"displayCount":1,"displayIndex":0,"deviceId":"6Z2H3BSGEY","instanceMode":"MASTER","enableSlave":true,"reason":"master-primary-enable-slave"}
04-22 05:18:38.918   519  1705 D CompatibilityChangeReporter: Compat change id reported: 168419799; UID 10175; state: DISABLED
04-22 05:18:38.919   519  1705 D CompatibilityChangeReporter: Compat change id reported: 273564678; UID 10175; state: DISABLED
04-22 05:18:38.925 23507 23552 D TrafficStats: tagSocket(107) with statsTag=0xffffffff, statsUid=-1
04-22 05:18:38.926 23507 23537 D TrafficStats: tagSocket(128) with statsTag=0xffffffff, statsUid=-1
04-22 05:18:38.927 23507 23537 I MMKV    : <MMKV_IO.cpp:609::writeActualSize> [mixc-retail-assembly-rn84::state] increase sequence to 28, crc 2407862256, actualSize 22269
04-22 05:18:38.927 23507 23537 I MMKV    : <MMKV.cpp:1208::sync> MMKV::sync, SyncFlag = 1
04-22 05:18:38.928 23507 23536 I ReactNativeJS: '[assembly.android.mixc-retail-rn84.websocket] connect', { url: 'ws://127.0.0.1:8888/mockMasterServer/ws',
04-22 05:18:38.928 23507 23536 I ReactNativeJS:   protocol: 'ws',
04-22 05:18:38.928 23507 23536 I ReactNativeJS:   host: '127.0.0.1:8888',
04-22 05:18:38.928 23507 23536 I ReactNativeJS:   pathname: '/mockMasterServer/ws' }
04-22 05:18:38.929 23507 23537 I assembly.assembly.android.mixc-retail-rn84: [assembly.topology] Create assembly topology socket binding {"displayIndex":0,"role":"master","localNodeId":"master:6Z2H3BSGEY","wsUrl":"ws://127.0.0.1:8888/mockMasterServer/ws","httpBaseUrl":"http://127.0.0.1:8888/mockMasterServer","resolvedServerBaseUrl":"http://127.0.0.1:8888/mockMasterServer","resolvedPathTemplate":"/ws"}
04-22 05:18:38.929 23507 23537 I assembly.assembly.android.mixc-retail-rn84.transport.ws.SocketRuntime: [transport.ws] Socket connect started: assembly.android.mixc-retail-rn84.topology {"profileName":"assembly.android.mixc-retail-rn84.topology","serverName":"dual-topology-host-v3","addressName":"dynamic-topology-host"}
04-22 05:18:38.931 23507 23552 D TrafficStats: tagSocket(107) with statsTag=0xffffffff, statsUid=-1
04-22 05:18:38.932 23507 23537 I WebViewFactory: Loading com.google.android.webview version 109.0.5414.123 (code 541412334)
04-22 05:18:38.933 23507 23537 W ziparchive: Unable to open '/data/app/~~2XlbTKbdSL4ytKc6vI96fw==/com.google.android.trichromelibrary_541412334-XVCZJKNYM7pdXgwa6ezTsQ==/TrichromeLibrary.dm': No such file or directory
04-22 05:18:38.933 23507 23537 W ziparchive: Unable to open '/data/app/~~2XlbTKbdSL4ytKc6vI96fw==/com.google.android.trichromelibrary_541412334-XVCZJKNYM7pdXgwa6ezTsQ==/TrichromeLibrary.dm': No such file or directory
04-22 05:18:38.933 23507 23537 W ailassemblyrn84: Entry not found
04-22 05:18:38.934 23507 23537 D nativeloader: Configuring classloader-namespace for other apk /data/app/~~2XlbTKbdSL4ytKc6vI96fw==/com.google.android.trichromelibrary_541412334-XVCZJKNYM7pdXgwa6ezTsQ==/TrichromeLibrary.apk. target_sdk_version=33, uses_libraries=ALL, library_path=/data/app/~~Q0ddWPLbjoO_UEypAkbhRg==/com.google.android.webview-PdQqPxJT8P1ba_nJ4hr2mw==/lib/arm64:/data/app/~~Q0ddWPLbjoO_UEypAkbhRg==/com.google.android.webview-PdQqPxJT8P1ba_nJ4hr2mw==/WebViewGoogle.apk!/lib/arm64-v8a:/data/app/~~2XlbTKbdSL4ytKc6vI96fw==/com.google.android.trichromelibrary_541412334-XVCZJKNYM7pdXgwa6ezTsQ==/TrichromeLibrary.apk!/lib/arm64-v8a, permitted_path=/data:/mnt/expand
04-22 05:18:38.934 23507 23537 D nativeloader: Configuring classloader-namespace for other apk /data/app/~~Q0ddWPLbjoO_UEypAkbhRg==/com.google.android.webview-PdQqPxJT8P1ba_nJ4hr2mw==/WebViewGoogle.apk. target_sdk_version=33, uses_libraries=, library_path=/data/app/~~Q0ddWPLbjoO_UEypAkbhRg==/com.google.android.webview-PdQqPxJT8P1ba_nJ4hr2mw==/lib/arm64:/data/app/~~Q0ddWPLbjoO_UEypAkbhRg==/com.google.android.webview-PdQqPxJT8P1ba_nJ4hr2mw==/WebViewGoogle.apk!/lib/arm64-v8a:/data/app/~~2XlbTKbdSL4ytKc6vI96fw==/com.google.android.trichromelibrary_541412334-XVCZJKNYM7pdXgwa6ezTsQ==/TrichromeLibrary.apk!/lib/arm64-v8a, permitted_path=/data:/mnt/expand
04-22 05:18:38.940 23507 23537 I cr_WVCFactoryProvider: Loaded version=109.0.5414.123 minSdkVersion=29 isBundle=false multiprocess=true packageId=2
04-22 05:18:38.944 23507 23583 I cr_VariationsUtils: Failed reading seed file "/data/user/0/com.impos2.mixcretailassemblyrn84/app_webview/variations_seed_new"
04-22 05:18:38.944 23507 23583 I cr_VariationsUtils: Failed reading seed file "/data/user/0/com.impos2.mixcretailassemblyrn84/app_webview/variations_seed"
04-22 05:18:38.944 23507 23583 I cr_VariationsUtils: Requesting new seed from IVariationsSeedServer
04-22 05:18:38.945   519  1705 D CompatibilityChangeReporter: Compat change id reported: 161252188; UID 10141; state: DISABLED
04-22 05:18:38.945   519  1705 D CompatibilityChangeReporter: Compat change id reported: 168419799; UID 10141; state: DISABLED
04-22 05:18:38.945   519  1705 D CompatibilityChangeReporter: Compat change id reported: 273564678; UID 10141; state: DISABLED
04-22 05:18:38.948 23507 23537 I cr_LibraryLoader: Successfully loaded native library
04-22 05:18:38.948 23507 23537 I cr_CachingUmaRecorder: Flushed 11 samples from 11 histograms.
04-22 05:18:38.950 23507 23527 D EGL_emulation: app_time_stats: avg=19264.52ms min=19264.52ms max=19264.52ms count=1
04-22 05:18:38.950 23299 23334 I cr_VariationsUtils: Seed download job already scheduled
04-22 05:18:38.962 23507 23537 I assembly.assembly.android.mixc-retail-rn84: [assembly.topology] Create assembly topology socket binding {"displayIndex":0,"role":"master","localNodeId":"master:6Z2H3BSGEY","wsUrl":"ws://127.0.0.1:8888/mockMasterServer/ws","httpBaseUrl":"http://127.0.0.1:8888/mockMasterServer","resolvedServerBaseUrl":"http://127.0.0.1:8888/mockMasterServer","resolvedPathTemplate":"/ws"}
04-22 05:18:38.963 23507 23589 D TrafficStats: tagSocket(121) with statsTag=0xffffffff, statsUid=-1
04-22 05:18:38.963 23507 23579 D TrafficStats: tagSocket(136) with statsTag=0xffffffff, statsUid=-1
04-22 05:18:38.966 23507 23537 I assembly.assembly.android.mixc-retail-rn84: [assembly.topology] Native topology host already matches desired lifecycle state {"displayCount":1,"displayIndex":0,"deviceId":"6Z2H3BSGEY","instanceMode":"MASTER","enableSlave":true,"running":true,"reason":"master-primary-enable-slave"}
04-22 05:18:38.966 23507 23537 I assembly.assembly.android.mixc-retail-rn84: [assembly.topology] Native topology host already matches desired lifecycle state {"displayCount":1,"displayIndex":0,"deviceId":"6Z2H3BSGEY","instanceMode":"MASTER","enableSlave":true,"running":true,"reason":"master-primary-enable-slave"}
04-22 05:18:38.966 23507 23537 I assembly.assembly.android.mixc-retail-rn84: [assembly.topology] Native topology host already matches desired lifecycle state {"displayCount":1,"displayIndex":0,"deviceId":"6Z2H3BSGEY","instanceMode":"MASTER","enableSlave":true,"running":true,"reason":"master-primary-enable-slave"}
04-22 05:18:38.966 23507 23537 I assembly.assembly.android.mixc-retail-rn84: [assembly.topology] Native topology host already matches desired lifecycle state {"displayCount":1,"displayIndex":0,"deviceId":"6Z2H3BSGEY","instanceMode":"MASTER","enableSlave":true,"running":true,"reason":"master-primary-enable-slave"}
04-22 05:18:38.966 23507 23537 I assembly.assembly.android.mixc-retail-rn84: [assembly.topology] Native topology host already matches desired lifecycle state {"displayCount":1,"displayIndex":0,"deviceId":"6Z2H3BSGEY","instanceMode":"MASTER","enableSlave":true,"running":true,"reason":"master-primary-enable-slave"}
04-22 05:18:38.969 23507 23537 I assembly.assembly.android.mixc-retail-rn84: [assembly.topology] Native topology host already matches desired lifecycle state {"displayCount":1,"displayIndex":0,"deviceId":"6Z2H3BSGEY","instanceMode":"MASTER","enableSlave":true,"running":true,"reason":"master-primary-enable-slave"}
04-22 05:18:38.969 23507 23537 I assembly.assembly.android.mixc-retail-rn84: [assembly.topology] Native topology host already matches desired lifecycle state {"displayCount":1,"displayIndex":0,"deviceId":"6Z2H3BSGEY","instanceMode":"MASTER","enableSlave":true,"running":true,"reason":"master-primary-enable-slave"}
04-22 05:18:38.969 23507 23537 I assembly.assembly.android.mixc-retail-rn84: [assembly.topology] Native topology host already matches desired lifecycle state {"displayCount":1,"displayIndex":0,"deviceId":"6Z2H3BSGEY","instanceMode":"MASTER","enableSlave":true,"running":true,"reason":"master-primary-enable-slave"}
04-22 05:18:38.970 23507 23537 I assembly.assembly.android.mixc-retail-rn84: [assembly.topology] Native topology host already matches desired lifecycle state {"displayCount":1,"displayIndex":0,"deviceId":"6Z2H3BSGEY","instanceMode":"MASTER","enableSlave":true,"running":true,"reason":"master-primary-enable-slave"}
04-22 05:18:38.970 23507 23537 I assembly.assembly.android.mixc-retail-rn84: [assembly.topology] Native topology host already matches desired lifecycle state {"displayCount":1,"displayIndex":0,"deviceId":"6Z2H3BSGEY","instanceMode":"MASTER","enableSlave":true,"running":true,"reason":"master-primary-enable-slave"}
04-22 05:18:38.970 23507 23537 I assembly.assembly.android.mixc-retail-rn84: [assembly.topology] Native topology host already matches desired lifecycle state {"displayCount":1,"displayIndex":0,"deviceId":"6Z2H3BSGEY","instanceMode":"MASTER","enableSlave":true,"running":true,"reason":"master-primary-enable-slave"}
04-22 05:18:38.970 23507 23537 I assembly.assembly.android.mixc-retail-rn84: [assembly.topology] Native topology host already matches desired lifecycle state {"displayCount":1,"displayIndex":0,"deviceId":"6Z2H3BSGEY","instanceMode":"MASTER","enableSlave":true,"running":true,"reason":"master-primary-enable-slave"}
04-22 05:18:38.970 23507 23537 I assembly.assembly.android.mixc-retail-rn84: [assembly.topology] Native topology host already matches desired lifecycle state {"displayCount":1,"displayIndex":0,"deviceId":"6Z2H3BSGEY","instanceMode":"MASTER","enableSlave":true,"running":true,"reason":"master-primary-enable-slave"}
04-22 05:18:58.990 23507 23537 I assembly.assembly.android.mixc-retail-rn84: [assembly.topology] Create assembly topology socket binding {"displayIndex":0,"role":"master","localNodeId":"master:6Z2H3BSGEY","wsUrl":"ws://127.0.0.1:8888/mockMasterServer/ws","httpBaseUrl":"http://127.0.0.1:8888/mockMasterServer","resolvedServerBaseUrl":"http://127.0.0.1:8888/mockMasterServer","resolvedPathTemplate":"/ws"}
04-22 05:18:58.991 23507 23536 I ReactNativeJS: '[assembly.android.mixc-retail-rn84.websocket] connect', { url: 'ws://127.0.0.1:8888/mockMasterServer/ws',
04-22 05:18:58.991 23507 23536 I ReactNativeJS:   protocol: 'ws',
04-22 05:18:58.991 23507 23536 I ReactNativeJS:   host: '127.0.0.1:8888',
04-22 05:18:58.991 23507 23536 I ReactNativeJS:   pathname: '/mockMasterServer/ws' }
04-22 05:18:58.991 23507 23537 I assembly.assembly.android.mixc-retail-rn84.transport.ws.SocketRuntime: [transport.ws] Socket connect started: assembly.android.mixc-retail-rn84.topology {"profileName":"assembly.android.mixc-retail-rn84.topology","serverName":"dual-topology-host-v3","addressName":"dynamic-topology-host"}
04-22 05:18:58.993 23507 23537 I assembly.assembly.android.mixc-retail-rn84: [assembly.topology] Native topology host already matches desired lifecycle state {"displayCount":1,"displayIndex":0,"deviceId":"6Z2H3BSGEY","instanceMode":"MASTER","enableSlave":true,"running":true,"reason":"master-primary-enable-slave"}
04-22 05:18:58.993 23507 23537 I assembly.assembly.android.mixc-retail-rn84: [assembly.topology] Native topology host already matches desired lifecycle state {"displayCount":1,"displayIndex":0,"deviceId":"6Z2H3BSGEY","instanceMode":"MASTER","enableSlave":true,"running":true,"reason":"master-primary-enable-slave"}
04-22 05:18:58.994 23507 23600 D TrafficStats: tagSocket(89) with statsTag=0xffffffff, statsUid=-1
04-22 05:18:58.994 23507 23579 D TrafficStats: tagSocket(126) with statsTag=0xffffffff, statsUid=-1
04-22 05:18:58.998 23507 23537 I assembly.assembly.android.mixc-retail-rn84: [assembly.topology] Native topology host already matches desired lifecycle state {"displayCount":1,"displayIndex":0,"deviceId":"6Z2H3BSGEY","instanceMode":"MASTER","enableSlave":true,"running":true,"reason":"master-primary-enable-slave"}
04-22 05:18:59.001 23507 23537 I assembly.assembly.android.mixc-retail-rn84: [assembly.topology] Native topology host already matches desired lifecycle state {"displayCount":1,"displayIndex":0,"deviceId":"6Z2H3BSGEY","instanceMode":"MASTER","enableSlave":true,"running":true,"reason":"master-primary-enable-slave"}
04-22 05:18:59.001 23507 23537 I assembly.assembly.android.mixc-retail-rn84: [assembly.topology] Native topology host already matches desired lifecycle state {"displayCount":1,"displayIndex":0,"deviceId":"6Z2H3BSGEY","instanceMode":"MASTER","enableSlave":true,"running":true,"reason":"master-primary-enable-slave"}
04-22 05:18:59.001 23507 23537 I assembly.assembly.android.mixc-retail-rn84: [assembly.topology] Native topology host already matches desired lifecycle state {"displayCount":1,"displayIndex":0,"deviceId":"6Z2H3BSGEY","instanceMode":"MASTER","enableSlave":true,"running":true,"reason":"master-primary-enable-slave"}
04-22 05:18:59.014 23507 23527 D EGL_emulation: app_time_stats: avg=6688.00ms min=12.54ms max=20004.52ms count=3
04-22 05:18:59.019   335   435 W TransactionTracing: Could not find layer id -1
04-22 05:18:59.019   335   435 W TransactionTracing: Could not find layer id -1
04-22 05:19:00.007  1598  1881 I AiAiEcho: Predicting[0]: 
04-22 05:19:00.007  1598  1881 I AiAiEcho: Ranked targets strategy: SORT, count: 0, ranking metadata: 
04-22 05:19:00.008  1598  1881 I AiAiEcho: #postPredictionTargets: Sending updates to UISurface lockscreen with targets# 0
04-22 05:19:00.008  1598  1881 I AiAiEcho: #postPredictionTargets: Sending updates to UISurface home with targets# 0
04-22 05:19:00.008  1598  1881 I AiAiEcho: #postPredictionTargets: Sending updates to UISurface media_data_manager with targets# 0
04-22 05:19:00.024   728   728 D SsMediaDataProvider: Forwarding Smartspace updates []
04-22 05:19:00.026   728   955 D EGL_emulation: app_time_stats: avg=36445.05ms min=36445.05ms max=36445.05ms count=1
04-22 05:19:01.050 23507 23552 D TrafficStats: tagSocket(105) with statsTag=0xffffffff, statsUid=-1
04-22 05:19:01.054 23507 23552 D TrafficStats: tagSocket(105) with statsTag=0xffffffff, statsUid=-1
04-22 05:19:01.065 23507 23552 D TrafficStats: tagSocket(5) with statsTag=0xffffffff, statsUid=-1
04-22 05:19:01.068 23507 23552 D TrafficStats: tagSocket(5) with statsTag=0xffffffff, statsUid=-1
04-22 05:19:01.069 23507 23537 I assembly.assembly.android.mixc-retail-rn84: [assembly.topology] Create assembly topology socket binding {"displayIndex":0,"role":"master","localNodeId":"master:6Z2H3BSGEY","wsUrl":"ws://127.0.0.1:8888/mockMasterServer/ws","httpBaseUrl":"http://127.0.0.1:8888/mockMasterServer","resolvedServerBaseUrl":"http://127.0.0.1:8888/mockMasterServer","resolvedPathTemplate":"/ws"}
04-22 05:19:01.077 23507 23579 D TrafficStats: tagSocket(5) with statsTag=0xffffffff, statsUid=-1
04-22 05:19:01.088 23507 23579 D TrafficStats: tagSocket(5) with statsTag=0xffffffff, statsUid=-1
04-22 05:19:03.091 23507 23552 D TrafficStats: tagSocket(5) with statsTag=0xffffffff, statsUid=-1
04-22 05:19:03.095 23507 23552 D TrafficStats: tagSocket(5) with statsTag=0xffffffff, statsUid=-1
04-22 05:19:03.621   728   955 D EGL_emulation: app_time_stats: avg=3595.30ms min=3595.30ms max=3595.30ms count=1
04-22 05:19:06.895   312   312 W healthd : battery l=100 v=5000 t=25.0 h=2 st=4 c=900000 fc=3000000 cc=10 chg=
04-22 05:19:11.993   728   956 D ControlsListingControllerImpl: Subscribing callback, service count: 0
04-22 05:19:12.006   728   956 D ControlsListingControllerImpl: Unsubscribing callback
04-22 05:19:13.417   317   317 E android.hardware.power.stats@1.0-service-mock: Failed to getEnergyData
04-22 05:19:16.518  1251 23394 D TrafficStats: tagSocket(82) with statsTag=0x20008100, statsUid=-1
04-22 05:19:19.483  1251  1341 I PhenotypeProcessReaper: Memory state is: 125
04-22 05:19:42.842   519   647 E WifiScoringParams: Invalid frequency(-1), using 5G as default rssi array
04-22 05:19:43.636   728   955 D EGL_emulation: app_time_stats: avg=40014.35ms min=40014.35ms max=40014.35ms count=1
04-22 05:19:43.655   335   435 W TransactionTracing: Could not find layer id -1
04-22 05:19:43.655   335   435 W TransactionTracing: Could not find layer id -1
