04-22 05:22:40.444   683   858 V WifiConnectivityManager:  ocsp: 0
04-22 05:22:40.444   683   858 V WifiConnectivityManager:  trust_on_first_use: false
04-22 05:22:40.444   683   858 V WifiConnectivityManager:  user_approve_no_ca_cert: false
04-22 05:22:40.444   683   858 V WifiConnectivityManager:  selected_rcoi: 0
04-22 05:22:40.444   683   858 V WifiConnectivityManager:  minimum_tls_version: 0
04-22 05:22:40.444   683   858 V WifiConnectivityManager:  enable_conservative_peer_mode: false
04-22 05:22:40.444   683   858 V WifiConnectivityManager:  tofu_dialog_state: 0
04-22 05:22:40.444   683   858 V WifiConnectivityManager:  tofu_connection_state: 0
04-22 05:22:40.444   683   858 V WifiConnectivityManager: IP config:
04-22 05:22:40.444   683   858 V WifiConnectivityManager: IP assignment: DHCP
04-22 05:22:40.444   683   858 V WifiConnectivityManager: Proxy settings: NONE
04-22 05:22:40.444   683   858 V WifiConnectivityManager: 
04-22 05:22:40.444   683   858 V WifiConnectivityManager:  blockListed remaining time <incorrect> cuid=10178 cname=com.google.android.googlesdksetup luid=10178 lname=com.google.android.googlesdksetup lcuid=10178 allowAutojoin=true noInternetAccessExpected=false mostRecentlyConnected=false 
04-22 05:22:40.444   683   858 V WifiConnectivityManager: lastConnected: 2026-04-21T20:29:19.910 
04-22 05:22:40.444   683   858 V WifiConnectivityManager: 
04-22 05:22:40.444   683   858 V WifiConnectivityManager: numRebootsSinceLastUse: 0
04-22 05:22:40.444   683   858 V WifiConnectivityManager: recentFailure: Association Rejection code: 0, last update time: 0
04-22 05:22:40.444   683   858 V WifiConnectivityManager: bssidAllowlist unset
04-22 05:22:40.444   683   858 V WifiConnectivityManager: vendorData unset
04-22 05:22:40.444   683   858 V WifiConnectivityManager: IsDppConfigurator: true
04-22 05:22:40.444   683   858 V WifiConnectivityManager: HasEncryptedPreSharedKey: false
04-22 05:22:40.444   683   858 V WifiConnectivityManager:  setWifi7Enabled=true scanResult is null!
04-22 05:22:40.855   683   858 W BestClock: java.time.DateTimeException: No network time available
04-22 05:22:40.855   683   858 W BestClock: java.time.DateTimeException: No network time available
04-22 05:22:40.855   683   858 W BestClock: java.time.DateTimeException: No network time available
04-22 05:22:40.855   683   858 W BestClock: java.time.DateTimeException: No network time available
04-22 05:22:40.857   683   858 D WifiClientModeImpl[9769:wlan0]: updateLinkLayerStatsRssiSpeedFrequencyCapabilities rssi=-50 TxLinkspeed=1 freq=2447 RxLinkSpeed=2
04-22 05:22:40.857   683   858 D WifiDataStall: tx tput in kbps: 11000
04-22 05:22:40.857   683   858 D WifiDataStall: rx tput in kbps: 11000
04-22 05:22:40.857   683   858 V WifiConfigManager: Updating scan detail cache freq=2447 BSSID=00:13:10:85:fe:01 RSSI=-50 for "AndroidWifi"NONE
04-22 05:22:40.857   683   858 D WifiThroughputPredictor:  utilization (LLS) 80 isBluetoothConnected: false final utilization: 80
04-22 05:22:40.857   683   858 D WifiThroughputPredictor:  BW: 0 RSSI: -50 Nss: 1 Mode: 1 symDur: 4000 snrDb 30 bitPerTone: 4500 rate: 54 throughput: 11
04-22 05:22:40.857   683   858 D WifiThroughputPredictor:  utilization (LLS) 80 isBluetoothConnected: false final utilization: 80
04-22 05:22:40.857   683   858 D WifiThroughputPredictor:  BW: 0 RSSI: -50 Nss: 1 Mode: 1 symDur: 4000 snrDb 30 bitPerTone: 4500 rate: 54 throughput: 11
04-22 05:22:40.858   683   858 D WifiThroughputPredictor:  utilization (LLS) 80 isBluetoothConnected: false final utilization: 80
04-22 05:22:40.858   683   858 D WifiThroughputPredictor:  BW: 0 RSSI: -50 Nss: 1 Mode: 1 symDur: 4000 snrDb 30 bitPerTone: 4500 rate: 54 throughput: 11
04-22 05:22:40.858   683   858 D WifiThroughputPredictor:  utilization (LLS) 80 isBluetoothConnected: false final utilization: 80
04-22 05:22:40.858   683   858 D WifiThroughputPredictor:  BW: 0 RSSI: -50 Nss: 1 Mode: 1 symDur: 4000 snrDb 30 bitPerTone: 4500 rate: 54 throughput: 11
04-22 05:22:40.858   683   858 D WifiScoreCard: BSSID update SIGNAL_POLL ID: 261501600 SSID: "AndroidWifi", BSSID: 00:13:10:85:fe:01, MAC: 02:15:b4:00:00:00, IP: /10.0.2.17, Security type: 0, Supplicant state: COMPLETED, Wi-Fi standard: legacy, RSSI: -50, Link speed: 1Mbps, Tx Link speed: 1Mbps, Max Supported Tx Link speed: 11Mbps, Rx Link speed: 2Mbps, Max Supported Rx Link speed: 11Mbps, Frequency: 2447MHz, Net ID: 0, Metered hint: false, score: 60, isUsable: true, CarrierMerged: false, SubscriptionId: -1, IsPrimary: 1, Trusted: true, Restricted: false, Ephemeral: false, OEM paid: false, OEM private: false, OSU AP: false, FQDN: <none>, Provider friendly name: <none>, Requesting package name: <none>"AndroidWifi"openMLO Information: , Is TID-To-Link negotiation supported by the AP: false, AP MLD Address: <none>, AP MLO Link Id: <none>, AP MLO Affiliated links: <none>, Vendor Data: <none>
04-22 05:22:40.858   683   858 D WifiScoreCard: txRate: 1 txSpeed: 1
04-22 05:22:40.858   683   858 D WifiScoreCard: network update SIGNAL_POLL "AndroidWifi" ID: 579418950 RSSI -50 txSpeed -1
04-22 05:22:40.858   683   858 D WifiClientModeImpl[9769:wlan0]:  ClientModeImpl$L2ConnectedState screen=on 1 0 "AndroidWifi" 00:13:10:85:fe:01 rssi=-50 f=2447 sc=60 link=1 tx=0.0, 0.0, 0.0 rx=0.0 bcn=0 [on:0 tx:0 rx:0 period:3008] from screen [on:0 period:-1309899686] score=60
04-22 05:22:43.862   683   858 W BestClock: java.time.DateTimeException: No network time available
04-22 05:22:43.862   683   858 W BestClock: java.time.DateTimeException: No network time available
04-22 05:22:43.862   683   858 W BestClock: java.time.DateTimeException: No network time available
04-22 05:22:43.862   683   858 W BestClock: java.time.DateTimeException: No network time available
04-22 05:22:43.862   683   858 W BestClock: java.time.DateTimeException: No network time available
04-22 05:22:43.863   683   858 D WifiClientModeImpl[9769:wlan0]: updateLinkLayerStatsRssiSpeedFrequencyCapabilities rssi=-50 TxLinkspeed=1 freq=2447 RxLinkSpeed=2
04-22 05:22:43.863   683   858 D WifiDataStall: tx tput in kbps: 11000
04-22 05:22:43.863   683   858 D WifiDataStall: rx tput in kbps: 11000
04-22 05:22:43.863   683   858 V WifiConfigManager: Updating scan detail cache freq=2447 BSSID=00:13:10:85:fe:01 RSSI=-50 for "AndroidWifi"NONE
04-22 05:22:43.863   683   858 D WifiThroughputPredictor:  utilization (LLS) 80 isBluetoothConnected: false final utilization: 80
04-22 05:22:43.863   683   858 D WifiThroughputPredictor:  BW: 0 RSSI: -50 Nss: 1 Mode: 1 symDur: 4000 snrDb 30 bitPerTone: 4500 rate: 54 throughput: 11
04-22 05:22:43.863   683   858 D WifiThroughputPredictor:  utilization (LLS) 80 isBluetoothConnected: false final utilization: 80
04-22 05:22:43.863   683   858 D WifiThroughputPredictor:  BW: 0 RSSI: -50 Nss: 1 Mode: 1 symDur: 4000 snrDb 30 bitPerTone: 4500 rate: 54 throughput: 11
04-22 05:22:43.863   683   858 D WifiThroughputPredictor:  utilization (LLS) 80 isBluetoothConnected: false final utilization: 80
04-22 05:22:43.863   683   858 D WifiThroughputPredictor:  BW: 0 RSSI: -50 Nss: 1 Mode: 1 symDur: 4000 snrDb 30 bitPerTone: 4500 rate: 54 throughput: 11
04-22 05:22:43.863   683   858 D WifiThroughputPredictor:  utilization (LLS) 80 isBluetoothConnected: false final utilization: 80
04-22 05:22:43.863   683   858 D WifiThroughputPredictor:  BW: 0 RSSI: -50 Nss: 1 Mode: 1 symDur: 4000 snrDb 30 bitPerTone: 4500 rate: 54 throughput: 11
04-22 05:22:43.863   683   858 D WifiScoreCard: BSSID update SIGNAL_POLL ID: 261501600 SSID: "AndroidWifi", BSSID: 00:13:10:85:fe:01, MAC: 02:15:b4:00:00:00, IP: /10.0.2.17, Security type: 0, Supplicant state: COMPLETED, Wi-Fi standard: legacy, RSSI: -50, Link speed: 1Mbps, Tx Link speed: 1Mbps, Max Supported Tx Link speed: 11Mbps, Rx Link speed: 2Mbps, Max Supported Rx Link speed: 11Mbps, Frequency: 2447MHz, Net ID: 0, Metered hint: false, score: 60, isUsable: true, CarrierMerged: false, SubscriptionId: -1, IsPrimary: 1, Trusted: true, Restricted: false, Ephemeral: false, OEM paid: false, OEM private: false, OSU AP: false, FQDN: <none>, Provider friendly name: <none>, Requesting package name: <none>"AndroidWifi"openMLO Information: , Is TID-To-Link negotiation supported by the AP: false, AP MLD Address: <none>, AP MLO Link Id: <none>, AP MLO Affiliated links: <none>, Vendor Data: <none>
04-22 05:22:43.863   683   858 D WifiScoreCard: txRate: 1 txSpeed: 1
04-22 05:22:43.863   683   858 D WifiScoreCard: network update SIGNAL_POLL "AndroidWifi" ID: 579418950 RSSI -50 txSpeed -1
04-22 05:22:43.863   683   858 D WifiClientModeImpl[9769:wlan0]:  ClientModeImpl$L2ConnectedState screen=on 1 0 "AndroidWifi" 00:13:10:85:fe:01 rssi=-50 f=2447 sc=60 link=1 tx=0.0, 0.0, 0.0 rx=0.0 bcn=0 [on:0 tx:0 rx:0 period:3005] from screen [on:0 period:-1309896681] score=60
04-22 05:22:46.127   683   750 I WifiService: isFeatureSupported uid=1000 returns [WIFI_FEATURE_INFRA, WIFI_FEATURE_P2P, WIFI_FEATURE_MOBILE_HOTSPOT, WIFI_FEATURE_WPA3_SAE, WIFI_FEATURE_WPA3_SUITE_B, WIFI_FEATURE_OWE, WIFI_FEATURE_DPP, WIFI_FEATURE_AP_RAND_MAC, WIFI_FEATURE_MBO, WIFI_FEATURE_FILS_SHA256, WIFI_FEATURE_FILS_SHA384, WIFI_FEATURE_SAE_PK, WIFI_FEATURE_DPP_ENROLLEE_RESPONDER, WIFI_FEATURE_PASSPOINT_TERMS_AND_CONDITIONS, WIFI_FEATURE_WFD_R2, WIFI_FEATURE_DECORATED_IDENTITY, WIFI_FEATURE_TRUST_ON_FIRST_USE, WIFI_FEATURE_SET_TLS_MINIMUM_VERSION, WIFI_FEATURE_TLS_V1_3, WIFI_FEATURE_WEP, WIFI_FEATURE_WPA_PERSONAL]
04-22 05:22:46.129  1283 32250 W WakeLock: GCM_HB_ALARM release without a matched acquire!
04-22 05:22:46.129  1283 32250 W WakeLock: GCM_HB_ALARM counter does not exist
04-22 05:22:46.130  1283 32250 I AlarmManager: setExactAndAllowWhileIdle [name: GCM_CONN_ALARM type: 2 triggerAtMillis: 32033674]
04-22 05:22:46.133  1283 32250 W WakeLock: GCM_CONN_ALARM release without a matched acquire!
04-22 05:22:46.133  1283 32250 W WakeLock: GCM_CONN_ALARM counter does not exist
04-22 05:22:46.332  1086  1298 D SatelliteController: iisInCarrierRoamingNbIotNtn: satellite is disabled
04-22 05:22:46.871   683   858 W BestClock: java.time.DateTimeException: No network time available
04-22 05:22:46.871   683   858 W BestClock: java.time.DateTimeException: No network time available
04-22 05:22:46.871   683   858 W BestClock: java.time.DateTimeException: No network time available
04-22 05:22:46.871   683   858 W BestClock: java.time.DateTimeException: No network time available
04-22 05:22:46.871   683   858 W BestClock: java.time.DateTimeException: No network time available
04-22 05:22:46.872   683   858 D WifiClientModeImpl[9769:wlan0]: updateLinkLayerStatsRssiSpeedFrequencyCapabilities rssi=-50 TxLinkspeed=1 freq=2447 RxLinkSpeed=2
04-22 05:22:46.874   683   858 D WifiDataStall: tx tput in kbps: 11000
04-22 05:22:46.875   683   858 D WifiDataStall: rx tput in kbps: 11000
04-22 05:22:46.875   683   858 V WifiConfigManager: Updating scan detail cache freq=2447 BSSID=00:13:10:85:fe:01 RSSI=-50 for "AndroidWifi"NONE
04-22 05:22:46.875   683   858 D WifiThroughputPredictor:  utilization (LLS) 80 isBluetoothConnected: false final utilization: 80
04-22 05:22:46.875   683   858 D WifiThroughputPredictor:  BW: 0 RSSI: -50 Nss: 1 Mode: 1 symDur: 4000 snrDb 30 bitPerTone: 4500 rate: 54 throughput: 11
04-22 05:22:46.875   683   858 D WifiThroughputPredictor:  utilization (LLS) 80 isBluetoothConnected: false final utilization: 80
04-22 05:22:46.875   683   858 D WifiThroughputPredictor:  BW: 0 RSSI: -50 Nss: 1 Mode: 1 symDur: 4000 snrDb 30 bitPerTone: 4500 rate: 54 throughput: 11
04-22 05:22:46.875   683   858 D WifiThroughputPredictor:  utilization (LLS) 80 isBluetoothConnected: false final utilization: 80
04-22 05:22:46.875   683   858 D WifiThroughputPredictor:  BW: 0 RSSI: -50 Nss: 1 Mode: 1 symDur: 4000 snrDb 30 bitPerTone: 4500 rate: 54 throughput: 11
04-22 05:22:46.875   683   858 D WifiThroughputPredictor:  utilization (LLS) 80 isBluetoothConnected: false final utilization: 80
04-22 05:22:46.875   683   858 D WifiThroughputPredictor:  BW: 0 RSSI: -50 Nss: 1 Mode: 1 symDur: 4000 snrDb 30 bitPerTone: 4500 rate: 54 throughput: 11
04-22 05:22:46.875   683   858 D WifiScoreCard: BSSID update SIGNAL_POLL ID: 261501600 SSID: "AndroidWifi", BSSID: 00:13:10:85:fe:01, MAC: 02:15:b4:00:00:00, IP: /10.0.2.17, Security type: 0, Supplicant state: COMPLETED, Wi-Fi standard: legacy, RSSI: -50, Link speed: 1Mbps, Tx Link speed: 1Mbps, Max Supported Tx Link speed: 11Mbps, Rx Link speed: 2Mbps, Max Supported Rx Link speed: 11Mbps, Frequency: 2447MHz, Net ID: 0, Metered hint: false, score: 60, isUsable: true, CarrierMerged: false, SubscriptionId: -1, IsPrimary: 1, Trusted: true, Restricted: false, Ephemeral: false, OEM paid: false, OEM private: false, OSU AP: false, FQDN: <none>, Provider friendly name: <none>, Requesting package name: <none>"AndroidWifi"openMLO Information: , Is TID-To-Link negotiation supported by the AP: false, AP MLD Address: <none>, AP MLO Link Id: <none>, AP MLO Affiliated links: <none>, Vendor Data: <none>
04-22 05:22:46.875   683   858 D WifiScoreCard: txRate: 1 txSpeed: 1
04-22 05:22:46.875   683   858 D WifiScoreCard: network update SIGNAL_POLL "AndroidWifi" ID: 579418950 RSSI -50 txSpeed -1
04-22 05:22:46.875   683   858 D WifiClientModeImpl[9769:wlan0]:  ClientModeImpl$L2ConnectedState screen=on 1 0 "AndroidWifi" 00:13:10:85:fe:01 rssi=-50 f=2447 sc=60 link=1 tx=0.4, 0.0, 0.0 rx=0.6 bcn=0 [on:0 tx:0 rx:0 period:3012] from screen [on:0 period:-1309893669] score=60
04-22 05:22:48.278   938   938 D wpa_supplicant: nl80211: Drv Event 64 (NL80211_CMD_NOTIFY_CQM) received for wlan0
04-22 05:22:48.278   938   938 D wpa_supplicant: nl80211: Beacon loss event
04-22 05:22:48.278   938   938 D wpa_supplicant: wlan0: Event BEACON_LOSS (53) received
04-22 05:22:48.278   938   938 I wpa_supplicant: wlan0: CTRL-EVENT-BEACON-LOSS 
04-22 05:22:49.880   683   858 W BestClock: java.time.DateTimeException: No network time available
04-22 05:22:49.881   683   858 W BestClock: java.time.DateTimeException: No network time available
04-22 05:22:49.881   683   858 W BestClock: java.time.DateTimeException: No network time available
04-22 05:22:49.881   683   858 W BestClock: java.time.DateTimeException: No network time available
04-22 05:22:49.881   683   858 W BestClock: java.time.DateTimeException: No network time available
04-22 05:22:49.881   683   858 D WifiClientModeImpl[9769:wlan0]: updateLinkLayerStatsRssiSpeedFrequencyCapabilities rssi=-50 TxLinkspeed=1 freq=2447 RxLinkSpeed=2
04-22 05:22:49.881   683   858 D WifiDataStall: tx tput in kbps: 11000
04-22 05:22:49.881   683   858 D WifiDataStall: rx tput in kbps: 11000
04-22 05:22:49.881   683   858 V WifiConfigManager: Updating scan detail cache freq=2447 BSSID=00:13:10:85:fe:01 RSSI=-50 for "AndroidWifi"NONE
04-22 05:22:49.882   683   858 D WifiThroughputPredictor:  utilization (LLS) 80 isBluetoothConnected: false final utilization: 80
04-22 05:22:49.882   683   858 D WifiThroughputPredictor:  BW: 0 RSSI: -50 Nss: 1 Mode: 1 symDur: 4000 snrDb 30 bitPerTone: 4500 rate: 54 throughput: 11
04-22 05:22:49.882   683   858 D WifiThroughputPredictor:  utilization (LLS) 80 isBluetoothConnected: false final utilization: 80
04-22 05:22:49.882   683   858 D WifiThroughputPredictor:  BW: 0 RSSI: -50 Nss: 1 Mode: 1 symDur: 4000 snrDb 30 bitPerTone: 4500 rate: 54 throughput: 11
04-22 05:22:49.882   683   858 D WifiThroughputPredictor:  utilization (LLS) 80 isBluetoothConnected: false final utilization: 80
04-22 05:22:49.882   683   858 D WifiThroughputPredictor:  BW: 0 RSSI: -50 Nss: 1 Mode: 1 symDur: 4000 snrDb 30 bitPerTone: 4500 rate: 54 throughput: 11
04-22 05:22:49.882   683   858 D WifiThroughputPredictor:  utilization (LLS) 80 isBluetoothConnected: false final utilization: 80
04-22 05:22:49.882   683   858 D WifiThroughputPredictor:  BW: 0 RSSI: -50 Nss: 1 Mode: 1 symDur: 4000 snrDb 30 bitPerTone: 4500 rate: 54 throughput: 11
04-22 05:22:49.882   683   858 D WifiScoreCard: BSSID update SIGNAL_POLL ID: 261501600 SSID: "AndroidWifi", BSSID: 00:13:10:85:fe:01, MAC: 02:15:b4:00:00:00, IP: /10.0.2.17, Security type: 0, Supplicant state: COMPLETED, Wi-Fi standard: legacy, RSSI: -50, Link speed: 1Mbps, Tx Link speed: 1Mbps, Max Supported Tx Link speed: 11Mbps, Rx Link speed: 2Mbps, Max Supported Rx Link speed: 11Mbps, Frequency: 2447MHz, Net ID: 0, Metered hint: false, score: 60, isUsable: true, CarrierMerged: false, SubscriptionId: -1, IsPrimary: 1, Trusted: true, Restricted: false, Ephemeral: false, OEM paid: false, OEM private: false, OSU AP: false, FQDN: <none>, Provider friendly name: <none>, Requesting package name: <none>"AndroidWifi"openMLO Information: , Is TID-To-Link negotiation supported by the AP: false, AP MLD Address: <none>, AP MLO Link Id: <none>, AP MLO Affiliated links: <none>, Vendor Data: <none>
04-22 05:22:49.882   683   858 D WifiScoreCard: txRate: 1 txSpeed: 1
04-22 05:22:49.882   683   858 D WifiScoreCard: network update SIGNAL_POLL "AndroidWifi" ID: 579418950 RSSI -50 txSpeed -1
04-22 05:22:49.882   683   858 D WifiClientModeImpl[9769:wlan0]:  ClientModeImpl$L2ConnectedState screen=on 1 0 "AndroidWifi" 00:13:10:85:fe:01 rssi=-50 f=2447 sc=60 link=1 tx=0.1, 0.0, 0.0 rx=0.2 bcn=0 [on:0 tx:0 rx:0 period:3007] from screen [on:0 period:-1309890662] score=60
04-22 05:22:52.885   683   858 W BestClock: java.time.DateTimeException: No network time available
04-22 05:22:52.885   683   858 W BestClock: java.time.DateTimeException: No network time available
04-22 05:22:52.885   683   858 W BestClock: java.time.DateTimeException: No network time available
04-22 05:22:52.885   683   858 W BestClock: java.time.DateTimeException: No network time available
04-22 05:22:52.885   683   858 W BestClock: java.time.DateTimeException: No network time available
04-22 05:22:52.886   683   858 D WifiClientModeImpl[9769:wlan0]: updateLinkLayerStatsRssiSpeedFrequencyCapabilities rssi=-50 TxLinkspeed=2 freq=2447 RxLinkSpeed=2
04-22 05:22:52.887   683   858 D WifiDataStall: tx tput in kbps: 11000
04-22 05:22:52.887   683   858 D WifiDataStall: rx tput in kbps: 11000
04-22 05:22:52.887   683   858 V WifiConfigManager: Updating scan detail cache freq=2447 BSSID=00:13:10:85:fe:01 RSSI=-50 for "AndroidWifi"NONE
04-22 05:22:52.887   683   858 D WifiThroughputPredictor:  utilization (LLS) 80 isBluetoothConnected: false final utilization: 80
04-22 05:22:52.887   683   858 D WifiThroughputPredictor:  BW: 0 RSSI: -50 Nss: 1 Mode: 1 symDur: 4000 snrDb 30 bitPerTone: 4500 rate: 54 throughput: 11
04-22 05:22:52.888   683   858 D WifiThroughputPredictor:  utilization (LLS) 80 isBluetoothConnected: false final utilization: 80
04-22 05:22:52.888   683   858 D WifiThroughputPredictor:  BW: 0 RSSI: -50 Nss: 1 Mode: 1 symDur: 4000 snrDb 30 bitPerTone: 4500 rate: 54 throughput: 11
04-22 05:22:52.888   683   858 D WifiThroughputPredictor:  utilization (LLS) 80 isBluetoothConnected: false final utilization: 80
04-22 05:22:52.888   683   858 D WifiThroughputPredictor:  BW: 0 RSSI: -50 Nss: 1 Mode: 1 symDur: 4000 snrDb 30 bitPerTone: 4500 rate: 54 throughput: 11
04-22 05:22:52.888   683   858 D WifiThroughputPredictor:  utilization (LLS) 80 isBluetoothConnected: false final utilization: 80
04-22 05:22:52.890   683   858 D WifiThroughputPredictor:  BW: 0 RSSI: -50 Nss: 1 Mode: 1 symDur: 4000 snrDb 30 bitPerTone: 4500 rate: 54 throughput: 11
04-22 05:22:52.890   683   858 D WifiScoreCard: BSSID update SIGNAL_POLL ID: 261501600 SSID: "AndroidWifi", BSSID: 00:13:10:85:fe:01, MAC: 02:15:b4:00:00:00, IP: /10.0.2.17, Security type: 0, Supplicant state: COMPLETED, Wi-Fi standard: legacy, RSSI: -50, Link speed: 2Mbps, Tx Link speed: 2Mbps, Max Supported Tx Link speed: 11Mbps, Rx Link speed: 2Mbps, Max Supported Rx Link speed: 11Mbps, Frequency: 2447MHz, Net ID: 0, Metered hint: false, score: 60, isUsable: true, CarrierMerged: false, SubscriptionId: -1, IsPrimary: 1, Trusted: true, Restricted: false, Ephemeral: false, OEM paid: false, OEM private: false, OSU AP: false, FQDN: <none>, Provider friendly name: <none>, Requesting package name: <none>"AndroidWifi"openMLO Information: , Is TID-To-Link negotiation supported by the AP: false, AP MLD Address: <none>, AP MLO Link Id: <none>, AP MLO Affiliated links: <none>, Vendor Data: <none>
04-22 05:22:52.890   683   858 D WifiScoreCard: txRate: 1 txSpeed: 2
04-22 05:22:52.890   683   858 D WifiScoreCard: network update SIGNAL_POLL "AndroidWifi" ID: 579418950 RSSI -50 txSpeed -1
04-22 05:22:52.890   683   858 D WifiClientModeImpl[9769:wlan0]:  ClientModeImpl$L2ConnectedState screen=on 1 0 "AndroidWifi" 00:13:10:85:fe:01 rssi=-50 f=2447 sc=60 link=2 tx=0.0, 0.0, 0.0 rx=0.0 bcn=0 [on:0 tx:0 rx:0 period:3008] from screen [on:0 period:-1309887654] score=60
04-22 05:22:55.894   683   858 W BestClock: java.time.DateTimeException: No network time available
04-22 05:22:55.894   683   858 W BestClock: java.time.DateTimeException: No network time available
04-22 05:22:55.894   683   858 W BestClock: java.time.DateTimeException: No network time available
04-22 05:22:55.894   683   858 W BestClock: java.time.DateTimeException: No network time available
04-22 05:22:55.894   683   858 W BestClock: java.time.DateTimeException: No network time available
04-22 05:22:55.894   683   858 D WifiClientModeImpl[9769:wlan0]: updateLinkLayerStatsRssiSpeedFrequencyCapabilities rssi=-50 TxLinkspeed=2 freq=2447 RxLinkSpeed=2
04-22 05:22:55.895   683   858 D WifiDataStall: tx tput in kbps: 11000
04-22 05:22:55.895   683   858 D WifiDataStall: rx tput in kbps: 11000
04-22 05:22:55.895   683   858 V WifiConfigManager: Updating scan detail cache freq=2447 BSSID=00:13:10:85:fe:01 RSSI=-50 for "AndroidWifi"NONE
04-22 05:22:55.895   683   858 D WifiThroughputPredictor:  utilization (LLS) 80 isBluetoothConnected: false final utilization: 80
04-22 05:22:55.895   683   858 D WifiThroughputPredictor:  BW: 0 RSSI: -50 Nss: 1 Mode: 1 symDur: 4000 snrDb 30 bitPerTone: 4500 rate: 54 throughput: 11
04-22 05:22:55.895   683   858 D WifiThroughputPredictor:  utilization (LLS) 80 isBluetoothConnected: false final utilization: 80
04-22 05:22:55.895   683   858 D WifiThroughputPredictor:  BW: 0 RSSI: -50 Nss: 1 Mode: 1 symDur: 4000 snrDb 30 bitPerTone: 4500 rate: 54 throughput: 11
04-22 05:22:55.895   683   858 D WifiThroughputPredictor:  utilization (LLS) 80 isBluetoothConnected: false final utilization: 80
04-22 05:22:55.895   683   858 D WifiThroughputPredictor:  BW: 0 RSSI: -50 Nss: 1 Mode: 1 symDur: 4000 snrDb 30 bitPerTone: 4500 rate: 54 throughput: 11
04-22 05:22:55.895   683   858 D WifiThroughputPredictor:  utilization (LLS) 80 isBluetoothConnected: false final utilization: 80
04-22 05:22:55.895   683   858 D WifiThroughputPredictor:  BW: 0 RSSI: -50 Nss: 1 Mode: 1 symDur: 4000 snrDb 30 bitPerTone: 4500 rate: 54 throughput: 11
04-22 05:22:55.897   683   858 D WifiScoreCard: BSSID update SIGNAL_POLL ID: 261501600 SSID: "AndroidWifi", BSSID: 00:13:10:85:fe:01, MAC: 02:15:b4:00:00:00, IP: /10.0.2.17, Security type: 0, Supplicant state: COMPLETED, Wi-Fi standard: legacy, RSSI: -50, Link speed: 2Mbps, Tx Link speed: 2Mbps, Max Supported Tx Link speed: 11Mbps, Rx Link speed: 2Mbps, Max Supported Rx Link speed: 11Mbps, Frequency: 2447MHz, Net ID: 0, Metered hint: false, score: 60, isUsable: true, CarrierMerged: false, SubscriptionId: -1, IsPrimary: 1, Trusted: true, Restricted: false, Ephemeral: false, OEM paid: false, OEM private: false, OSU AP: false, FQDN: <none>, Provider friendly name: <none>, Requesting package name: <none>"AndroidWifi"openMLO Information: , Is TID-To-Link negotiation supported by the AP: false, AP MLD Address: <none>, AP MLO Link Id: <none>, AP MLO Affiliated links: <none>, Vendor Data: <none>
04-22 05:22:55.897   683   858 D WifiScoreCard: txRate: 1 txSpeed: 2
04-22 05:22:55.898   683   858 D WifiScoreCard: network update SIGNAL_POLL "AndroidWifi" ID: 579418950 RSSI -50 txSpeed -1
04-22 05:22:55.898   683   858 D WifiClientModeImpl[9769:wlan0]:  ClientModeImpl$L2ConnectedState screen=on 1 0 "AndroidWifi" 00:13:10:85:fe:01 rssi=-50 f=2447 sc=60 link=2 tx=0.0, 0.0, 0.0 rx=0.0 bcn=0 [on:0 tx:0 rx:0 period:3008] from screen [on:0 period:-1309884646] score=60
04-22 05:22:56.136   459  3326 I resolv  : GetAddrInfoHandler::run: {101 983141 101 983141 10144 0}
04-22 05:22:56.136   459  3328 I resolv  : res_nmkquery: (QUERY, IN, A)
04-22 05:22:56.136   459  3327 I resolv  : res_nmkquery: (QUERY, IN, AAAA)
04-22 05:22:56.334  1086  1298 D SatelliteController: iisInCarrierRoamingNbIotNtn: satellite is disabled
04-22 05:22:56.473   938   938 D wpa_supplicant: nl80211: Drv Event 64 (NL80211_CMD_NOTIFY_CQM) received for wlan0
04-22 05:22:56.473   938   938 D wpa_supplicant: nl80211: Beacon loss event
04-22 05:22:56.473   938   938 D wpa_supplicant: wlan0: Event BEACON_LOSS (53) received
04-22 05:22:56.473   938   938 I wpa_supplicant: wlan0: CTRL-EVENT-BEACON-LOSS 
04-22 05:22:57.135   459  3328 I resolv  : res_nsend: used send_dg 89 terrno: 0
04-22 05:22:57.135   459  3327 I resolv  : res_nsend: used send_dg 101 terrno: 0
04-22 05:22:57.135   459  3328 I resolv  : doQuery: rcode=0, ancount=2, return value=89
04-22 05:22:57.135   459  3327 I resolv  : doQuery: rcode=0, ancount=2, return value=101
04-22 05:22:57.137  1283  1621 I TrafficStats: tagSocketFd(-1, 1031, -1) failed with errno-9
04-22 05:22:57.643  1283 32250 E GmsTaskScheduler: sendWakeUpEvent called on SchedulerClientBroadcastStrategy
04-22 05:22:57.643  1283 32250 I AlarmManager: setExactAndAllowWhileIdle [name: GCM_HB_ALARM type: 2 triggerAtMillis: 32565187]
04-22 05:22:57.812  1283 32250 I AlarmManager: setExactAndAllowWhileIdle [name: GCM_HB_ALARM type: 2 triggerAtMillis: 32565356]
04-22 05:22:57.813  1283 32250 W WakeLock: GCM_CONN_ALARM release without a matched acquire!
04-22 05:22:57.815   683   864 D ConnectivityService: reportNetworkConnectivity(101, true) by 10144
04-22 05:22:57.816  1052  2583 D NetworkMonitor/101: Forcing reevaluation for UID 10144. Dns signal count: 0
04-22 05:22:57.818  1283 32250 I AlarmManager: setExactAndAllowWhileIdle [name: GCM_HB_ALARM type: 2 triggerAtMillis: 32565362]
04-22 05:22:57.818   683   864 D ConnectivityService: reportNetworkConnectivity(101, true) by 10144
04-22 05:22:57.818   459  3339 I resolv  : ResNSendHandler::run: 0 / {101 983141 101 983141 1073 1}
04-22 05:22:57.818  1283 32250 E GmsTaskScheduler: sendWakeUpEvent called on SchedulerClientBroadcastStrategy
04-22 05:22:57.819   459  3340 I resolv  : ResNSendHandler::run: 0 / {101 983141 101 983141 1073 1}
04-22 05:22:57.820   459  3340 I resolv  : resolv_cache_lookup: FOUND IN CACHE entry=0xb400007cdced1150
04-22 05:22:57.820   459  3341 I resolv  : ResNSendHandler::run: 0 / {101 983141 101 983141 1073 1}
04-22 05:22:57.822   459  3342 I resolv  : ResNSendHandler::run: 0 / {101 983141 101 983141 1073 1}
04-22 05:22:57.822   459  3342 I resolv  : resolv_cache_lookup: FOUND IN CACHE entry=0xb400007d2ced1320
04-22 05:22:57.825  1052  3337 D NetworkMonitor/101: PROBE_DNS www.google.com 8ms OK 31.13.92.37,2001::1
04-22 05:22:57.827   459  3343 I resolv  : GetAddrInfoHandler::run: {101 983141 101 983141 1073 1}
04-22 05:22:57.827   459  3344 I resolv  : res_nmkquery: (QUERY, IN, AAAA)
04-22 05:22:57.827   459  3344 I resolv  : resolv_cache_lookup: FOUND IN CACHE entry=0xb400007cdced1150
04-22 05:22:57.827   459  3344 I resolv  : doQuery: rcode=0, ancount=1, return value=60
04-22 05:22:57.827   459  3345 I resolv  : res_nmkquery: (QUERY, IN, A)
04-22 05:22:57.827   459  3345 I resolv  : resolv_cache_lookup: FOUND IN CACHE entry=0xb400007d2ced1320
04-22 05:22:57.827   459  3345 I resolv  : doQuery: rcode=0, ancount=1, return value=48
04-22 05:22:58.309   459  3341 I resolv  : res_nsend: used send_dg 63 terrno: 0
04-22 05:22:58.309   459  3339 I resolv  : res_nsend: used send_dg 117 terrno: 0
04-22 05:22:58.312  1052  3338 D NetworkMonitor/101: PROBE_DNS connectivitycheck.gstatic.com 495ms OK 114.250.65.34
04-22 05:22:58.314   459  3347 I resolv  : GetAddrInfoHandler::run: {101 983141 101 983141 1073 1}
04-22 05:22:58.314   459  3348 I resolv  : res_nmkquery: (QUERY, IN, AAAA)
04-22 05:22:58.314   459  3348 I resolv  : resolv_cache_lookup: FOUND IN CACHE entry=0xb400007d0cedd430
04-22 05:22:58.314   459  3348 I resolv  : doQuery: rcode=0, ancount=0, return value=117
04-22 05:22:58.314   459  3349 I resolv  : res_nmkquery: (QUERY, IN, A)
04-22 05:22:58.314   459  3349 I resolv  : resolv_cache_lookup: FOUND IN CACHE entry=0xb400007e7ced28b0
04-22 05:22:58.314   459  3349 I resolv  : doQuery: rcode=0, ancount=1, return value=63
04-22 05:22:58.812  1052  3338 D NetworkMonitor/101: PROBE_HTTP http://connectivitycheck.gstatic.com/generate_204 time=498ms ret=204 request={Connection=[close], User-Agent=[Mozilla/5.0 (X11; Linux x86_64) AppleWebKit/537.36 (KHTML, like Gecko) Chrome/60.0.3112.32 Safari/537.36]} headers={null=[HTTP/1.1 204 No Content], Connection=[close], Cross-Origin-Resource-Policy=[cross-origin], Date=[Tue, 21 Apr 2026 21:22:58 GMT], X-Android-Received-Millis=[1776806578811], X-Android-Response-Source=[NETWORK 204], X-Android-Selected-Protocol=[http/1.1], X-Android-Sent-Millis=[1776806578316]}
04-22 05:22:58.902   683   858 W BestClock: java.time.DateTimeException: No network time available
04-22 05:22:58.903   683   858 W BestClock: java.time.DateTimeException: No network time available
04-22 05:22:58.903   683   858 W BestClock: java.time.DateTimeException: No network time available
04-22 05:22:58.903   683   858 W BestClock: java.time.DateTimeException: No network time available
04-22 05:22:58.903   683   858 W BestClock: java.time.DateTimeException: No network time available
04-22 05:22:58.903   683   858 D WifiClientModeImpl[9769:wlan0]: updateLinkLayerStatsRssiSpeedFrequencyCapabilities rssi=-50 TxLinkspeed=1 freq=2447 RxLinkSpeed=2
04-22 05:22:58.903   683   858 D WifiDataStall: tx tput in kbps: 11000
04-22 05:22:58.903   683   858 D WifiDataStall: rx tput in kbps: 11000
04-22 05:22:58.903   683   858 V WifiConfigManager: Updating scan detail cache freq=2447 BSSID=00:13:10:85:fe:01 RSSI=-50 for "AndroidWifi"NONE
04-22 05:22:58.903   683   858 D WifiThroughputPredictor:  utilization (LLS) 80 isBluetoothConnected: false final utilization: 80
04-22 05:22:58.903   683   858 D WifiThroughputPredictor:  BW: 0 RSSI: -50 Nss: 1 Mode: 1 symDur: 4000 snrDb 30 bitPerTone: 4500 rate: 54 throughput: 11
04-22 05:22:58.903   683   858 D WifiThroughputPredictor:  utilization (LLS) 80 isBluetoothConnected: false final utilization: 80
04-22 05:22:58.903   683   858 D WifiThroughputPredictor:  BW: 0 RSSI: -50 Nss: 1 Mode: 1 symDur: 4000 snrDb 30 bitPerTone: 4500 rate: 54 throughput: 11
04-22 05:22:58.904   683   858 D WifiThroughputPredictor:  utilization (LLS) 80 isBluetoothConnected: false final utilization: 80
04-22 05:22:58.904   683   858 D WifiThroughputPredictor:  BW: 0 RSSI: -50 Nss: 1 Mode: 1 symDur: 4000 snrDb 30 bitPerTone: 4500 rate: 54 throughput: 11
04-22 05:22:58.905   683   858 D WifiThroughputPredictor:  utilization (LLS) 80 isBluetoothConnected: false final utilization: 80
04-22 05:22:58.905   683   858 D WifiThroughputPredictor:  BW: 0 RSSI: -50 Nss: 1 Mode: 1 symDur: 4000 snrDb 30 bitPerTone: 4500 rate: 54 throughput: 11
04-22 05:22:58.905   683   858 D WifiScoreCard: BSSID update SIGNAL_POLL ID: 261501600 SSID: "AndroidWifi", BSSID: 00:13:10:85:fe:01, MAC: 02:15:b4:00:00:00, IP: /10.0.2.17, Security type: 0, Supplicant state: COMPLETED, Wi-Fi standard: legacy, RSSI: -50, Link speed: 1Mbps, Tx Link speed: 1Mbps, Max Supported Tx Link speed: 11Mbps, Rx Link speed: 2Mbps, Max Supported Rx Link speed: 11Mbps, Frequency: 2447MHz, Net ID: 0, Metered hint: false, score: 60, isUsable: true, CarrierMerged: false, SubscriptionId: -1, IsPrimary: 1, Trusted: true, Restricted: false, Ephemeral: false, OEM paid: false, OEM private: false, OSU AP: false, FQDN: <none>, Provider friendly name: <none>, Requesting package name: <none>"AndroidWifi"openMLO Information: , Is TID-To-Link negotiation supported by the AP: false, AP MLD Address: <none>, AP MLO Link Id: <none>, AP MLO Affiliated links: <none>, Vendor Data: <none>
04-22 05:22:58.905   683   858 D WifiScoreCard: txRate: 5 txSpeed: 1
04-22 05:22:58.905   683   858 D WifiScoreCard: network update SIGNAL_POLL "AndroidWifi" ID: 579418950 RSSI -50 txSpeed 1
04-22 05:22:58.905   683   858 D WifiClientModeImpl[9769:wlan0]:  ClientModeImpl$L2ConnectedState screen=on 1 0 "AndroidWifi" 00:13:10:85:fe:01 rssi=-50 f=2447 sc=60 link=1 tx=4.0, 0.0, 0.0 rx=3.7 bcn=0 [on:0 tx:0 rx:0 period:3007] from screen [on:0 period:-1309881639] score=60
04-22 05:23:00.820   459  3350 I resolv  : GetAddrInfoHandler::run: {101 983141 101 983141 1073 1}
04-22 05:23:00.820   459  3351 I resolv  : res_nmkquery: (QUERY, IN, AAAA)
04-22 05:23:00.820   459  3351 I resolv  : resolv_cache_lookup: FOUND IN CACHE entry=0xb400007cdced1150
04-22 05:23:00.820   459  3351 I resolv  : doQuery: rcode=0, ancount=1, return value=60
04-22 05:23:00.820   459  3352 I resolv  : res_nmkquery: (QUERY, IN, A)
04-22 05:23:00.820   459  3352 I resolv  : resolv_cache_lookup: FOUND IN CACHE entry=0xb400007d2ced1320
04-22 05:23:00.820   459  3352 I resolv  : doQuery: rcode=0, ancount=1, return value=48
04-22 05:23:01.314  1052  3329 D NetworkMonitor/101: PROBE_FALLBACK http://www.google.com/gen_204 time=495ms ret=204 request={Connection=[close], User-Agent=[Mozilla/5.0 (X11; Linux x86_64) AppleWebKit/537.36 (KHTML, like Gecko) Chrome/60.0.3112.32 Safari/537.36]} headers={null=[HTTP/1.1 204 No Content], Connection=[close], Content-Security-Policy=[object-src 'none';base-uri 'self';script-src 'nonce-j86tpoI1Iaab4bkLx6o1UA' 'strict-dynamic' 'report-sample' 'unsafe-eval' 'unsafe-inline' https: http:;report-uri https://csp.withgoogle.com/csp/gws/other], Content-Type=[text/html; charset=UTF-8], Date=[Tue, 21 Apr 2026 21:23:00 GMT], Permissions-Policy=[unload=()], Server=[gws], X-Android-Received-Millis=[1776806581314], X-Android-Response-Source=[NETWORK 204], X-Android-Selected-Protocol=[http/1.1], X-Android-Sent-Millis=[1776806580824], X-Frame-Options=[SAMEORIGIN], X-Xss-Protection=[0]}
04-22 05:23:01.909   683   858 W BestClock: java.time.DateTimeException: No network time available
04-22 05:23:01.909   683   858 W BestClock: java.time.DateTimeException: No network time available
04-22 05:23:01.909   683   858 W BestClock: java.time.DateTimeException: No network time available
04-22 05:23:01.909   683   858 W BestClock: java.time.DateTimeException: No network time available
04-22 05:23:01.909   683   858 W BestClock: java.time.DateTimeException: No network time available
04-22 05:23:01.911   683   858 D WifiClientModeImpl[9769:wlan0]: updateLinkLayerStatsRssiSpeedFrequencyCapabilities rssi=-50 TxLinkspeed=2 freq=2447 RxLinkSpeed=2
04-22 05:23:01.911   683   858 D WifiDataStall: tx tput in kbps: 11000
04-22 05:23:01.911   683   858 D WifiDataStall: rx tput in kbps: 11000
04-22 05:23:01.911   683   858 V WifiConfigManager: Updating scan detail cache freq=2447 BSSID=00:13:10:85:fe:01 RSSI=-50 for "AndroidWifi"NONE
04-22 05:23:01.912   683   858 D WifiThroughputPredictor:  utilization (LLS) 80 isBluetoothConnected: false final utilization: 80
04-22 05:23:01.912   683   858 D WifiThroughputPredictor:  BW: 0 RSSI: -50 Nss: 1 Mode: 1 symDur: 4000 snrDb 30 bitPerTone: 4500 rate: 54 throughput: 11
04-22 05:23:01.912   683   858 D WifiThroughputPredictor:  utilization (LLS) 80 isBluetoothConnected: false final utilization: 80
04-22 05:23:01.912   683   858 D WifiThroughputPredictor:  BW: 0 RSSI: -50 Nss: 1 Mode: 1 symDur: 4000 snrDb 30 bitPerTone: 4500 rate: 54 throughput: 11
04-22 05:23:01.913   683   858 D WifiThroughputPredictor:  utilization (LLS) 80 isBluetoothConnected: false final utilization: 80
04-22 05:23:01.913   683   858 D WifiThroughputPredictor:  BW: 0 RSSI: -50 Nss: 1 Mode: 1 symDur: 4000 snrDb 30 bitPerTone: 4500 rate: 54 throughput: 11
04-22 05:23:01.913   683   858 D WifiThroughputPredictor:  utilization (LLS) 80 isBluetoothConnected: false final utilization: 80
04-22 05:23:01.913   683   858 D WifiThroughputPredictor:  BW: 0 RSSI: -50 Nss: 1 Mode: 1 symDur: 4000 snrDb 30 bitPerTone: 4500 rate: 54 throughput: 11
04-22 05:23:01.913   683   858 D WifiScoreCard: BSSID update SIGNAL_POLL ID: 261501600 SSID: "AndroidWifi", BSSID: 00:13:10:85:fe:01, MAC: 02:15:b4:00:00:00, IP: /10.0.2.17, Security type: 0, Supplicant state: COMPLETED, Wi-Fi standard: legacy, RSSI: -50, Link speed: 2Mbps, Tx Link speed: 2Mbps, Max Supported Tx Link speed: 11Mbps, Rx Link speed: 2Mbps, Max Supported Rx Link speed: 11Mbps, Frequency: 2447MHz, Net ID: 0, Metered hint: false, score: 60, isUsable: true, CarrierMerged: false, SubscriptionId: -1, IsPrimary: 1, Trusted: true, Restricted: false, Ephemeral: false, OEM paid: false, OEM private: false, OSU AP: false, FQDN: <none>, Provider friendly name: <none>, Requesting package name: <none>"AndroidWifi"openMLO Information: , Is TID-To-Link negotiation supported by the AP: false, AP MLD Address: <none>, AP MLO Link Id: <none>, AP MLO Affiliated links: <none>, Vendor Data: <none>
04-22 05:23:01.913   683   858 D WifiScoreCard: txRate: 3 txSpeed: 2
04-22 05:23:01.913   683   858 D WifiScoreCard: network update SIGNAL_POLL "AndroidWifi" ID: 579418950 RSSI -50 txSpeed -1
04-22 05:23:01.913   683   858 D WifiClientModeImpl[9769:wlan0]:  ClientModeImpl$L2ConnectedState screen=on 1 0 "AndroidWifi" 00:13:10:85:fe:01 rssi=-50 f=2447 sc=60 link=2 tx=2.5, 0.0, 0.0 rx=2.4 bcn=0 [on:0 tx:0 rx:0 period:3008] from screen [on:0 period:-1309878631] score=60
04-22 05:23:04.408   938   938 D wpa_supplicant: nl80211: Drv Event 64 (NL80211_CMD_NOTIFY_CQM) received for wlan0
04-22 05:23:04.408   938   938 D wpa_supplicant: nl80211: Beacon loss event
04-22 05:23:04.408   938   938 D wpa_supplicant: wlan0: Event BEACON_LOSS (53) received
04-22 05:23:04.408   938   938 I wpa_supplicant: wlan0: CTRL-EVENT-BEACON-LOSS 
04-22 05:23:04.917   683   858 W BestClock: java.time.DateTimeException: No network time available
04-22 05:23:04.917   683   858 W BestClock: java.time.DateTimeException: No network time available
04-22 05:23:04.917   683   858 W BestClock: java.time.DateTimeException: No network time available
04-22 05:23:04.917   683   858 W BestClock: java.time.DateTimeException: No network time available
04-22 05:23:04.917   683   858 W BestClock: java.time.DateTimeException: No network time available
04-22 05:23:04.918   683   858 D WifiClientModeImpl[9769:wlan0]: updateLinkLayerStatsRssiSpeedFrequencyCapabilities rssi=-50 TxLinkspeed=1 freq=2447 RxLinkSpeed=2
04-22 05:23:04.919   683   858 D WifiDataStall: tx tput in kbps: 11000
04-22 05:23:04.919   683   858 D WifiDataStall: rx tput in kbps: 11000
04-22 05:23:04.919   683   858 V WifiConfigManager: Updating scan detail cache freq=2447 BSSID=00:13:10:85:fe:01 RSSI=-50 for "AndroidWifi"NONE
04-22 05:23:04.919   683   858 D WifiThroughputPredictor:  utilization (LLS) 80 isBluetoothConnected: false final utilization: 80
04-22 05:23:04.919   683   858 D WifiThroughputPredictor:  BW: 0 RSSI: -50 Nss: 1 Mode: 1 symDur: 4000 snrDb 30 bitPerTone: 4500 rate: 54 throughput: 11
04-22 05:23:04.919   683   858 D WifiThroughputPredictor:  utilization (LLS) 80 isBluetoothConnected: false final utilization: 80
04-22 05:23:04.919   683   858 D WifiThroughputPredictor:  BW: 0 RSSI: -50 Nss: 1 Mode: 1 symDur: 4000 snrDb 30 bitPerTone: 4500 rate: 54 throughput: 11
04-22 05:23:04.919   683   858 D WifiThroughputPredictor:  utilization (LLS) 80 isBluetoothConnected: false final utilization: 80
04-22 05:23:04.919   683   858 D WifiThroughputPredictor:  BW: 0 RSSI: -50 Nss: 1 Mode: 1 symDur: 4000 snrDb 30 bitPerTone: 4500 rate: 54 throughput: 11
04-22 05:23:04.919   683   858 D WifiThroughputPredictor:  utilization (LLS) 80 isBluetoothConnected: false final utilization: 80
04-22 05:23:04.919   683   858 D WifiThroughputPredictor:  BW: 0 RSSI: -50 Nss: 1 Mode: 1 symDur: 4000 snrDb 30 bitPerTone: 4500 rate: 54 throughput: 11
04-22 05:23:04.919   683   858 D WifiScoreCard: BSSID update SIGNAL_POLL ID: 261501600 SSID: "AndroidWifi", BSSID: 00:13:10:85:fe:01, MAC: 02:15:b4:00:00:00, IP: /10.0.2.17, Security type: 0, Supplicant state: COMPLETED, Wi-Fi standard: legacy, RSSI: -50, Link speed: 1Mbps, Tx Link speed: 1Mbps, Max Supported Tx Link speed: 11Mbps, Rx Link speed: 2Mbps, Max Supported Rx Link speed: 11Mbps, Frequency: 2447MHz, Net ID: 0, Metered hint: false, score: 60, isUsable: true, CarrierMerged: false, SubscriptionId: -1, IsPrimary: 1, Trusted: true, Restricted: false, Ephemeral: false, OEM paid: false, OEM private: false, OSU AP: false, FQDN: <none>, Provider friendly name: <none>, Requesting package name: <none>"AndroidWifi"openMLO Information: , Is TID-To-Link negotiation supported by the AP: false, AP MLD Address: <none>, AP MLO Link Id: <none>, AP MLO Affiliated links: <none>, Vendor Data: <none>
04-22 05:23:04.919   683   858 D WifiScoreCard: txRate: 1 txSpeed: 1
04-22 05:23:04.919   683   858 D WifiScoreCard: network update SIGNAL_POLL "AndroidWifi" ID: 579418950 RSSI -50 txSpeed -1
04-22 05:23:04.920   683   858 D WifiClientModeImpl[9769:wlan0]:  ClientModeImpl$L2ConnectedState screen=on 1 0 "AndroidWifi" 00:13:10:85:fe:01 rssi=-50 f=2447 sc=60 link=1 tx=0.9, 0.0, 0.0 rx=0.8 bcn=0 [on:0 tx:0 rx:0 period:3007] from screen [on:0 period:-1309875624] score=60
04-22 05:23:06.341  1086  1298 D SatelliteController: iisInCarrierRoamingNbIotNtn: satellite is disabled
04-22 05:23:07.924   683   858 W BestClock: java.time.DateTimeException: No network time available
04-22 05:23:07.924   683   858 W BestClock: java.time.DateTimeException: No network time available
04-22 05:23:07.924   683   858 W BestClock: java.time.DateTimeException: No network time available
04-22 05:23:07.924   683   858 W BestClock: java.time.DateTimeException: No network time available
04-22 05:23:07.924   683   858 W BestClock: java.time.DateTimeException: No network time available
04-22 05:23:07.924   683   858 D WifiClientModeImpl[9769:wlan0]: updateLinkLayerStatsRssiSpeedFrequencyCapabilities rssi=-50 TxLinkspeed=1 freq=2447 RxLinkSpeed=2
04-22 05:23:07.924   683   858 D WifiDataStall: tx tput in kbps: 11000
04-22 05:23:07.924   683   858 D WifiDataStall: rx tput in kbps: 11000
04-22 05:23:07.924   683   858 V WifiConfigManager: Updating scan detail cache freq=2447 BSSID=00:13:10:85:fe:01 RSSI=-50 for "AndroidWifi"NONE
04-22 05:23:07.924   683   858 D WifiThroughputPredictor:  utilization (LLS) 80 isBluetoothConnected: false final utilization: 80
04-22 05:23:07.924   683   858 D WifiThroughputPredictor:  BW: 0 RSSI: -50 Nss: 1 Mode: 1 symDur: 4000 snrDb 30 bitPerTone: 4500 rate: 54 throughput: 11
04-22 05:23:07.924   683   858 D WifiThroughputPredictor:  utilization (LLS) 80 isBluetoothConnected: false final utilization: 80
04-22 05:23:07.924   683   858 D WifiThroughputPredictor:  BW: 0 RSSI: -50 Nss: 1 Mode: 1 symDur: 4000 snrDb 30 bitPerTone: 4500 rate: 54 throughput: 11
04-22 05:23:07.925   683   858 D WifiThroughputPredictor:  utilization (LLS) 80 isBluetoothConnected: false final utilization: 80
04-22 05:23:07.925   683   858 D WifiThroughputPredictor:  BW: 0 RSSI: -50 Nss: 1 Mode: 1 symDur: 4000 snrDb 30 bitPerTone: 4500 rate: 54 throughput: 11
04-22 05:23:07.925   683   858 D WifiThroughputPredictor:  utilization (LLS) 80 isBluetoothConnected: false final utilization: 80
04-22 05:23:07.925   683   858 D WifiThroughputPredictor:  BW: 0 RSSI: -50 Nss: 1 Mode: 1 symDur: 4000 snrDb 30 bitPerTone: 4500 rate: 54 throughput: 11
04-22 05:23:07.925   683   858 D WifiScoreCard: BSSID update SIGNAL_POLL ID: 261501600 SSID: "AndroidWifi", BSSID: 00:13:10:85:fe:01, MAC: 02:15:b4:00:00:00, IP: /10.0.2.17, Security type: 0, Supplicant state: COMPLETED, Wi-Fi standard: legacy, RSSI: -50, Link speed: 1Mbps, Tx Link speed: 1Mbps, Max Supported Tx Link speed: 11Mbps, Rx Link speed: 2Mbps, Max Supported Rx Link speed: 11Mbps, Frequency: 2447MHz, Net ID: 0, Metered hint: false, score: 60, isUsable: true, CarrierMerged: false, SubscriptionId: -1, IsPrimary: 1, Trusted: true, Restricted: false, Ephemeral: false, OEM paid: false, OEM private: false, OSU AP: false, FQDN: <none>, Provider friendly name: <none>, Requesting package name: <none>"AndroidWifi"openMLO Information: , Is TID-To-Link negotiation supported by the AP: false, AP MLD Address: <none>, AP MLO Link Id: <none>, AP MLO Affiliated links: <none>, Vendor Data: <none>
04-22 05:23:07.925   683   858 D WifiScoreCard: txRate: 2 txSpeed: 1
04-22 05:23:07.925   683   858 D WifiScoreCard: network update SIGNAL_POLL "AndroidWifi" ID: 579418950 RSSI -50 txSpeed -1
04-22 05:23:07.925   683   858 D WifiClientModeImpl[9769:wlan0]:  ClientModeImpl$L2ConnectedState screen=on 1 0 "AndroidWifi" 00:13:10:85:fe:01 rssi=-50 f=2447 sc=60 link=1 tx=1.3, 0.0, 0.0 rx=1.1 bcn=0 [on:0 tx:0 rx:0 period:3005] from screen [on:0 period:-1309872619] score=60
04-22 05:23:08.347  1052  3337 D NetworkMonitor/101: PROBE_HTTPS https://www.google.com/generate_204 Probe failed with exception javax.net.ssl.SSLHandshakeException: connection closed
04-22 05:23:08.347  1052  3329 D NetworkMonitor/101: isCaptivePortal: isSuccessful()=false isPortal()=false RedirectUrl=null isPartialConnectivity()=true Time=10531ms
04-22 05:23:08.348   683   864 D ConnectivityService: [101 WIFI] validation failed
04-22 05:23:09.353   459  3357 I resolv  : ResNSendHandler::run: 0 / {101 983141 101 983141 1073 1}
04-22 05:23:09.353   459  3357 I resolv  : resolv_cache_lookup: FOUND IN CACHE entry=0xb400007d0cedd430
04-22 05:23:09.353   459  3358 I resolv  : ResNSendHandler::run: 0 / {101 983141 101 983141 1073 1}
04-22 05:23:09.353   459  3358 I resolv  : resolv_cache_lookup: FOUND IN CACHE entry=0xb400007cdced1150
04-22 05:23:09.355   459  3361 I resolv  : ResNSendHandler::run: 0 / {101 983141 101 983141 1073 1}
04-22 05:23:09.355   459  3362 I resolv  : ResNSendHandler::run: 0 / {101 983141 101 983141 1073 1}
04-22 05:23:09.355   459  3362 I resolv  : resolv_cache_lookup: FOUND IN CACHE entry=0xb400007e7ced28b0
04-22 05:23:09.357  1052  3356 D NetworkMonitor/101: PROBE_DNS connectivitycheck.gstatic.com 6ms OK 114.250.65.34
04-22 05:23:09.358   459  3363 I resolv  : GetAddrInfoHandler::run: {101 983141 101 983141 1073 1}
04-22 05:23:09.358   459  3365 I resolv  : res_nmkquery: (QUERY, IN, A)
04-22 05:23:09.358   459  3365 I resolv  : resolv_cache_lookup: FOUND IN CACHE entry=0xb400007e7ced28b0
04-22 05:23:09.358   459  3364 I resolv  : res_nmkquery: (QUERY, IN, AAAA)
04-22 05:23:09.358   459  3365 I resolv  : doQuery: rcode=0, ancount=1, return value=63
04-22 05:23:09.358   459  3364 I resolv  : resolv_cache_lookup: FOUND IN CACHE entry=0xb400007d0cedd430
04-22 05:23:09.358   459  3364 I resolv  : doQuery: rcode=0, ancount=0, return value=117
04-22 05:23:09.850  1052  3356 D NetworkMonitor/101: PROBE_HTTP http://connectivitycheck.gstatic.com/generate_204 time=492ms ret=204 request={Connection=[close], User-Agent=[Mozilla/5.0 (X11; Linux x86_64) AppleWebKit/537.36 (KHTML, like Gecko) Chrome/60.0.3112.32 Safari/537.36]} headers={null=[HTTP/1.1 204 No Content], Connection=[close], Cross-Origin-Resource-Policy=[cross-origin], Date=[Tue, 21 Apr 2026 21:23:09 GMT], X-Android-Received-Millis=[1776806589850], X-Android-Response-Source=[NETWORK 204], X-Android-Selected-Protocol=[http/1.1], X-Android-Sent-Millis=[1776806589361]}
04-22 05:23:09.850   459  3361 I resolv  : res_nsend: used send_dg 48 terrno: 0
04-22 05:23:09.852  1052  3355 D NetworkMonitor/101: PROBE_DNS www.google.com 500ms OK 104.244.42.197,2001::1
04-22 05:23:09.853   459  3366 I resolv  : GetAddrInfoHandler::run: {101 983141 101 983141 1073 1}
04-22 05:23:09.854   459  3367 I resolv  : res_nmkquery: (QUERY, IN, AAAA)
04-22 05:23:09.854   459  3367 I resolv  : resolv_cache_lookup: FOUND IN CACHE entry=0xb400007cdced1150
04-22 05:23:09.854   459  3367 I resolv  : doQuery: rcode=0, ancount=1, return value=60
04-22 05:23:09.854   459  3368 I resolv  : res_nmkquery: (QUERY, IN, A)
04-22 05:23:09.854   459  3368 I resolv  : resolv_cache_lookup: FOUND IN CACHE entry=0xb400007d2ced1320
04-22 05:23:09.854   459  3368 I resolv  : doQuery: rcode=0, ancount=1, return value=48
04-22 05:23:10.866  2365  2452 I ReactNativeJS: '[runtime-state-sync-apply]', '{"direction":"master-to-slave","incomingSliceNames":["kernel.base.tcp-control-runtime-v2.identity"],"appliedSliceNames":["kernel.base.tcp-control-runtime-v2.identity"],"skippedSliceReasons":[]}'
04-22 05:23:10.867  2365  2453 I assembly.assembly.android.mixc-retail-rn84: [assembly.topology] Native topology host already matches desired lifecycle state {"displayCount":1,"displayIndex":0,"deviceId":"ZJ63NQELD9","instanceMode":"SLAVE","enableSlave":false,"running":false,"reason":"not-master-or-single-primary-host"}
04-22 05:23:10.868  2365  2453 I assembly.assembly.android.mixc-retail-rn84: [assembly.topology] Native topology host already matches desired lifecycle state {"displayCount":1,"displayIndex":0,"deviceId":"ZJ63NQELD9","instanceMode":"SLAVE","enableSlave":false,"running":false,"reason":"not-master-or-single-primary-host"}
04-22 05:23:10.928   683   858 W BestClock: java.time.DateTimeException: No network time available
04-22 05:23:10.928   683   858 W BestClock: java.time.DateTimeException: No network time available
04-22 05:23:10.928   683   858 W BestClock: java.time.DateTimeException: No network time available
04-22 05:23:10.928   683   858 W BestClock: java.time.DateTimeException: No network time available
04-22 05:23:10.928   683   858 W BestClock: java.time.DateTimeException: No network time available
04-22 05:23:10.929   683   858 D WifiClientModeImpl[9769:wlan0]: updateLinkLayerStatsRssiSpeedFrequencyCapabilities rssi=-50 TxLinkspeed=1 freq=2447 RxLinkSpeed=2
04-22 05:23:10.929   683   858 D WifiDataStall: tx tput in kbps: 11000
04-22 05:23:10.929   683   858 D WifiDataStall: rx tput in kbps: 11000
