04-22 05:23:10.929   683   858 V WifiConfigManager: Updating scan detail cache freq=2447 BSSID=00:13:10:85:fe:01 RSSI=-50 for "AndroidWifi"NONE
04-22 05:23:10.929   683   858 D WifiThroughputPredictor:  utilization (LLS) 80 isBluetoothConnected: false final utilization: 80
04-22 05:23:10.929   683   858 D WifiThroughputPredictor:  BW: 0 RSSI: -50 Nss: 1 Mode: 1 symDur: 4000 snrDb 30 bitPerTone: 4500 rate: 54 throughput: 11
04-22 05:23:10.929   683   858 D WifiThroughputPredictor:  utilization (LLS) 80 isBluetoothConnected: false final utilization: 80
04-22 05:23:10.929   683   858 D WifiThroughputPredictor:  BW: 0 RSSI: -50 Nss: 1 Mode: 1 symDur: 4000 snrDb 30 bitPerTone: 4500 rate: 54 throughput: 11
04-22 05:23:10.929   683   858 D WifiThroughputPredictor:  utilization (LLS) 80 isBluetoothConnected: false final utilization: 80
04-22 05:23:10.929   683   858 D WifiThroughputPredictor:  BW: 0 RSSI: -50 Nss: 1 Mode: 1 symDur: 4000 snrDb 30 bitPerTone: 4500 rate: 54 throughput: 11
04-22 05:23:10.929   683   858 D WifiThroughputPredictor:  utilization (LLS) 80 isBluetoothConnected: false final utilization: 80
04-22 05:23:10.929   683   858 D WifiThroughputPredictor:  BW: 0 RSSI: -50 Nss: 1 Mode: 1 symDur: 4000 snrDb 30 bitPerTone: 4500 rate: 54 throughput: 11
04-22 05:23:10.929   683   858 D WifiScoreCard: BSSID update SIGNAL_POLL ID: 261501600 SSID: "AndroidWifi", BSSID: 00:13:10:85:fe:01, MAC: 02:15:b4:00:00:00, IP: /10.0.2.17, Security type: 0, Supplicant state: COMPLETED, Wi-Fi standard: legacy, RSSI: -50, Link speed: 1Mbps, Tx Link speed: 1Mbps, Max Supported Tx Link speed: 11Mbps, Rx Link speed: 2Mbps, Max Supported Rx Link speed: 11Mbps, Frequency: 2447MHz, Net ID: 0, Metered hint: false, score: 60, isUsable: true, CarrierMerged: false, SubscriptionId: -1, IsPrimary: 1, Trusted: true, Restricted: false, Ephemeral: false, OEM paid: false, OEM private: false, OSU AP: false, FQDN: <none>, Provider friendly name: <none>, Requesting package name: <none>"AndroidWifi"openMLO Information: , Is TID-To-Link negotiation supported by the AP: false, AP MLD Address: <none>, AP MLO Link Id: <none>, AP MLO Affiliated links: <none>, Vendor Data: <none>
04-22 05:23:10.929   683   858 D WifiScoreCard: txRate: 3 txSpeed: 1
04-22 05:23:10.929   683   858 D WifiScoreCard: network update SIGNAL_POLL "AndroidWifi" ID: 579418950 RSSI -50 txSpeed -1
04-22 05:23:10.929   683   858 D WifiClientModeImpl[9769:wlan0]:  ClientModeImpl$L2ConnectedState screen=on 1 0 "AndroidWifi" 00:13:10:85:fe:01 rssi=-50 f=2447 sc=60 link=1 tx=2.8, 0.0, 0.0 rx=2.5 bcn=0 [on:0 tx:0 rx:0 period:3004] from screen [on:0 period:-1309869615] score=60
04-22 05:23:12.342   938   938 D wpa_supplicant: nl80211: Drv Event 64 (NL80211_CMD_NOTIFY_CQM) received for wlan0
04-22 05:23:12.342   938   938 D wpa_supplicant: nl80211: Beacon loss event
04-22 05:23:12.342   938   938 D wpa_supplicant: wlan0: Event BEACON_LOSS (53) received
04-22 05:23:12.342   938   938 I wpa_supplicant: wlan0: CTRL-EVENT-BEACON-LOSS 
04-22 05:23:12.355   459  3369 I resolv  : GetAddrInfoHandler::run: {101 983141 101 983141 1073 1}
04-22 05:23:12.355   459  3370 I resolv  : res_nmkquery: (QUERY, IN, AAAA)
04-22 05:23:12.356   459  3370 I resolv  : resolv_cache_lookup: FOUND IN CACHE entry=0xb400007d0ced8690
04-22 05:23:12.356   459  3370 I resolv  : doQuery: rcode=0, ancount=4, return value=149
04-22 05:23:12.356   459  3371 I resolv  : res_nmkquery: (QUERY, IN, A)
04-22 05:23:12.356   459  3371 I resolv  : resolv_cache_lookup: FOUND IN CACHE entry=0xb400007d0ced7b50
04-22 05:23:12.356   459  3371 I resolv  : doQuery: rcode=0, ancount=4, return value=101
04-22 05:23:12.855  1052  3353 D NetworkMonitor/101: PROBE_FALLBACK http://play.googleapis.com/generate_204 time=501ms ret=204 request={Connection=[close], User-Agent=[Mozilla/5.0 (X11; Linux x86_64) AppleWebKit/537.36 (KHTML, like Gecko) Chrome/60.0.3112.32 Safari/537.36]} headers={null=[HTTP/1.1 204 No Content], Connection=[close], Cross-Origin-Resource-Policy=[cross-origin], Date=[Tue, 21 Apr 2026 21:23:12 GMT], X-Android-Received-Millis=[1776806592855], X-Android-Response-Source=[NETWORK 204], X-Android-Selected-Protocol=[http/1.1], X-Android-Sent-Millis=[1776806592360]}
04-22 05:23:13.919  2365  2452 I ReactNativeJS: '[runtime-state-sync-apply]', '{"direction":"master-to-slave","incomingSliceNames":["kernel.base.tcp-control-runtime-v2.sandbox"],"appliedSliceNames":["kernel.base.tcp-control-runtime-v2.sandbox"],"skippedSliceReasons":[]}'
04-22 05:23:13.920  2365  2453 I assembly.assembly.android.mixc-retail-rn84: [assembly.topology] Native topology host already matches desired lifecycle state {"displayCount":1,"displayIndex":0,"deviceId":"ZJ63NQELD9","instanceMode":"SLAVE","enableSlave":false,"running":false,"reason":"not-master-or-single-primary-host"}
04-22 05:23:13.920  2365  2453 I MMKV    : <MMKV_IO.cpp:609::writeActualSize> [mixc-retail-assembly-rn84::state] increase sequence to 30, crc 489905277, actualSize 22697
04-22 05:23:13.920  2365  2453 I MMKV    : <MMKV.cpp:1208::sync> MMKV::sync, SyncFlag = 1
04-22 05:23:13.920  2365  2452 I ReactNativeJS: '[runtime-state-sync-apply]', '{"direction":"master-to-slave","incomingSliceNames":["kernel.base.tcp-control-runtime-v2.identity"],"appliedSliceNames":["kernel.base.tcp-control-runtime-v2.identity"],"skippedSliceReasons":[]}'
04-22 05:23:13.922  2365  2453 I assembly.assembly.android.mixc-retail-rn84: [assembly.topology] Native topology host already matches desired lifecycle state {"displayCount":1,"displayIndex":0,"deviceId":"ZJ63NQELD9","instanceMode":"SLAVE","enableSlave":false,"running":false,"reason":"not-master-or-single-primary-host"}
04-22 05:23:13.923  2365  2453 I MMKV    : <MemoryFile.cpp:103::open> open fd[123], flag 0x7, /data/data/com.impos2.mixcretailassemblyrn84/files/mmkv/specialCharacter/c34670a355176d0b412ad7c68e58044e
04-22 05:23:13.923  2365  2453 I MMKV    : <MemoryFile.cpp:250::mmapOrCleanup> mmap to address [0x7bc1fbf000], oldPtr [0x0], [/data/data/com.impos2.mixcretailassemblyrn84/files/mmkv/specialCharacter/c34670a355176d0b412ad7c68e58044e]
04-22 05:23:13.923  2365  2453 I MMKV    : <MemoryFile.cpp:109::close> closing fd[123], /data/data/com.impos2.mixcretailassemblyrn84/files/mmkv/specialCharacter/c34670a355176d0b412ad7c68e58044e
04-22 05:23:13.923  2365  2453 I MMKV    : <MemoryFile.cpp:103::open> open fd[123], flag 0x7, /data/data/com.impos2.mixcretailassemblyrn84/files/mmkv/specialCharacter/c34670a355176d0b412ad7c68e58044e.crc
04-22 05:23:13.923  2365  2453 I MMKV    : <MemoryFile.cpp:250::mmapOrCleanup> mmap to address [0x7bc1fbe000], oldPtr [0x0], [/data/data/com.impos2.mixcretailassemblyrn84/files/mmkv/specialCharacter/c34670a355176d0b412ad7c68e58044e.crc]
04-22 05:23:13.923  2365  2453 I MMKV    : <MemoryFile.cpp:103::open> open fd[131], flag 0x7, /data/data/com.impos2.mixcretailassemblyrn84/files/mmkv/specialCharacter/c34670a355176d0b412ad7c68e58044e
04-22 05:23:13.923  2365  2453 I MMKV    : <MemoryFile.cpp:109::close> closing fd[131], /data/data/com.impos2.mixcretailassemblyrn84/files/mmkv/specialCharacter/c34670a355176d0b412ad7c68e58044e
04-22 05:23:13.923  2365  2453 I MMKV    : <MMKV_IO.cpp:94::loadFromFile> loading [mixc-retail-assembly-rn84::version-report-outbox] with 0 actual size, file size 4096, InterProcess 0, meta info version:0
04-22 05:23:13.923  2365  2453 I MMKV    : <MMKV_IO.cpp:145::loadFromFile> loaded [mixc-retail-assembly-rn84::version-report-outbox] with 0 key-values
04-22 05:23:13.923  2365  2453 I assembly.assembly.android.mixc-retail-rn84: [assembly.topology] Native topology host already matches desired lifecycle state {"displayCount":1,"displayIndex":0,"deviceId":"ZJ63NQELD9","instanceMode":"SLAVE","enableSlave":false,"running":false,"reason":"not-master-or-single-primary-host"}
04-22 05:23:13.923  2365  2453 I assembly.assembly.android.mixc-retail-rn84: [assembly.topology] Native topology host already matches desired lifecycle state {"displayCount":1,"displayIndex":0,"deviceId":"ZJ63NQELD9","instanceMode":"SLAVE","enableSlave":false,"running":false,"reason":"not-master-or-single-primary-host"}
04-22 05:23:13.925  2365  2452 I ReactNativeJS: '[runtime-state-sync-apply]', '{"direction":"master-to-slave","incomingSliceNames":["kernel.base.tcp-control-runtime-v2.credential"],"appliedSliceNames":["kernel.base.tcp-control-runtime-v2.credential"],"skippedSliceReasons":[]}'
04-22 05:23:13.925  2365  2452 I ReactNativeJS: '[runtime-state-sync-apply]', '{"direction":"master-to-slave","incomingSliceNames":["kernel.base.tcp-control-runtime-v2.binding"],"appliedSliceNames":["kernel.base.tcp-control-runtime-v2.binding"],"skippedSliceReasons":[]}'
04-22 05:23:13.925  2365  2453 I assembly.assembly.android.mixc-retail-rn84: [assembly.topology] Native topology host already matches desired lifecycle state {"displayCount":1,"displayIndex":0,"deviceId":"ZJ63NQELD9","instanceMode":"SLAVE","enableSlave":false,"running":false,"reason":"not-master-or-single-primary-host"}
04-22 05:23:13.925  2365  2453 I assembly.assembly.android.mixc-retail-rn84: [assembly.topology] Native topology host already matches desired lifecycle state {"displayCount":1,"displayIndex":0,"deviceId":"ZJ63NQELD9","instanceMode":"SLAVE","enableSlave":false,"running":false,"reason":"not-master-or-single-primary-host"}
04-22 05:23:13.926  2365  2453 I assembly.assembly.android.mixc-retail-rn84: [assembly.topology] Native topology host already matches desired lifecycle state {"displayCount":1,"displayIndex":0,"deviceId":"ZJ63NQELD9","instanceMode":"SLAVE","enableSlave":false,"running":false,"reason":"not-master-or-single-primary-host"}
04-22 05:23:13.926  2365  2453 I assembly.assembly.android.mixc-retail-rn84: [assembly.topology] Native topology host already matches desired lifecycle state {"displayCount":1,"displayIndex":0,"deviceId":"ZJ63NQELD9","instanceMode":"SLAVE","enableSlave":false,"running":false,"reason":"not-master-or-single-primary-host"}
04-22 05:23:13.926  2365  2452 I ReactNativeJS: '[runtime-state-sync-apply]', '{"direction":"master-to-slave","incomingSliceNames":["kernel.base.ui-runtime-v2.screen.main"],"appliedSliceNames":["kernel.base.ui-runtime-v2.screen.main"],"skippedSliceReasons":[]}'
04-22 05:23:13.926  2365  2453 I assembly.assembly.android.mixc-retail-rn84: [assembly.topology] Native topology host already matches desired lifecycle state {"displayCount":1,"displayIndex":0,"deviceId":"ZJ63NQELD9","instanceMode":"SLAVE","enableSlave":false,"running":false,"reason":"not-master-or-single-primary-host"}
04-22 05:23:13.926  2365  2453 I assembly.assembly.android.mixc-retail-rn84: [assembly.topology] Native topology host already matches desired lifecycle state {"displayCount":1,"displayIndex":0,"deviceId":"ZJ63NQELD9","instanceMode":"SLAVE","enableSlave":false,"running":false,"reason":"not-master-or-single-primary-host"}
04-22 05:23:13.928  2365  2453 I MMKV    : <MMKV_IO.cpp:609::writeActualSize> [mixc-retail-assembly-rn84::version-report-outbox] increase sequence to 1, crc 2021229009, actualSize 4
04-22 05:23:13.930  2365  2453 I MMKV    : <MMKV_IO.cpp:609::writeActualSize> [mixc-retail-assembly-rn84::secure-state] increase sequence to 1, crc 2021229009, actualSize 4
04-22 05:23:13.931  2365  2453 I MMKV    : <MMKV_IO.cpp:609::writeActualSize> [mixc-retail-assembly-rn84::state] increase sequence to 31, crc 1814186541, actualSize 24529
04-22 05:23:13.931  2365  2453 I MMKV    : <MMKV.cpp:1208::sync> MMKV::sync, SyncFlag = 1
04-22 05:23:13.932   683   858 W BestClock: java.time.DateTimeException: No network time available
04-22 05:23:13.932   683   858 W BestClock: java.time.DateTimeException: No network time available
04-22 05:23:13.932   683   858 W BestClock: java.time.DateTimeException: No network time available
04-22 05:23:13.932   683   858 W BestClock: java.time.DateTimeException: No network time available
04-22 05:23:13.932   683   858 W BestClock: java.time.DateTimeException: No network time available
04-22 05:23:13.932   683   858 D WifiClientModeImpl[9769:wlan0]: updateLinkLayerStatsRssiSpeedFrequencyCapabilities rssi=-50 TxLinkspeed=1 freq=2447 RxLinkSpeed=2
04-22 05:23:13.932   683   858 D WifiDataStall: tx tput in kbps: 11000
04-22 05:23:13.932   683   858 D WifiDataStall: rx tput in kbps: 11000
04-22 05:23:13.932   683   858 V WifiConfigManager: Updating scan detail cache freq=2447 BSSID=00:13:10:85:fe:01 RSSI=-50 for "AndroidWifi"NONE
04-22 05:23:13.932   683   858 D WifiThroughputPredictor:  utilization (LLS) 80 isBluetoothConnected: false final utilization: 80
04-22 05:23:13.932   683   858 D WifiThroughputPredictor:  BW: 0 RSSI: -50 Nss: 1 Mode: 1 symDur: 4000 snrDb 30 bitPerTone: 4500 rate: 54 throughput: 11
04-22 05:23:13.932   683   858 D WifiThroughputPredictor:  utilization (LLS) 80 isBluetoothConnected: false final utilization: 80
04-22 05:23:13.932   683   858 D WifiThroughputPredictor:  BW: 0 RSSI: -50 Nss: 1 Mode: 1 symDur: 4000 snrDb 30 bitPerTone: 4500 rate: 54 throughput: 11
04-22 05:23:13.932   683   858 D WifiThroughputPredictor:  utilization (LLS) 80 isBluetoothConnected: false final utilization: 80
04-22 05:23:13.932   683   858 D WifiThroughputPredictor:  BW: 0 RSSI: -50 Nss: 1 Mode: 1 symDur: 4000 snrDb 30 bitPerTone: 4500 rate: 54 throughput: 11
04-22 05:23:13.932   683   858 D WifiThroughputPredictor:  utilization (LLS) 80 isBluetoothConnected: false final utilization: 80
04-22 05:23:13.932   683   858 D WifiThroughputPredictor:  BW: 0 RSSI: -50 Nss: 1 Mode: 1 symDur: 4000 snrDb 30 bitPerTone: 4500 rate: 54 throughput: 11
04-22 05:23:13.932   683   858 D WifiScoreCard: BSSID update SIGNAL_POLL ID: 261501600 SSID: "AndroidWifi", BSSID: 00:13:10:85:fe:01, MAC: 02:15:b4:00:00:00, IP: /10.0.2.17, Security type: 0, Supplicant state: COMPLETED, Wi-Fi standard: legacy, RSSI: -50, Link speed: 1Mbps, Tx Link speed: 1Mbps, Max Supported Tx Link speed: 11Mbps, Rx Link speed: 2Mbps, Max Supported Rx Link speed: 11Mbps, Frequency: 2447MHz, Net ID: 0, Metered hint: false, score: 60, isUsable: true, CarrierMerged: false, SubscriptionId: -1, IsPrimary: 1, Trusted: true, Restricted: false, Ephemeral: false, OEM paid: false, OEM private: false, OSU AP: false, FQDN: <none>, Provider friendly name: <none>, Requesting package name: <none>"AndroidWifi"openMLO Information: , Is TID-To-Link negotiation supported by the AP: false, AP MLD Address: <none>, AP MLO Link Id: <none>, AP MLO Affiliated links: <none>, Vendor Data: <none>
04-22 05:23:13.932   683   858 D WifiScoreCard: txRate: 3 txSpeed: 1
04-22 05:23:13.932   683   858 D WifiScoreCard: network update SIGNAL_POLL "AndroidWifi" ID: 579418950 RSSI -50 txSpeed -1
04-22 05:23:13.932   683   858 D WifiClientModeImpl[9769:wlan0]:  ClientModeImpl$L2ConnectedState screen=on 1 0 "AndroidWifi" 00:13:10:85:fe:01 rssi=-50 f=2447 sc=60 link=1 tx=2.0, 0.0, 0.0 rx=1.9 bcn=0 [on:0 tx:0 rx:0 period:3003] from screen [on:0 period:-1309866612] score=60
04-22 05:23:13.934  2365  2452 I ReactNativeJS: '[runtime-state-sync-apply]', '{"direction":"master-to-slave","incomingSliceNames":["kernel.base.ui-runtime-v2.screen.main"],"appliedSliceNames":["kernel.base.ui-runtime-v2.screen.main"],"skippedSliceReasons":[]}'
04-22 05:23:13.934  2365  2453 I assembly.assembly.android.mixc-retail-rn84: [assembly.topology] Native topology host already matches desired lifecycle state {"displayCount":1,"displayIndex":0,"deviceId":"ZJ63NQELD9","instanceMode":"SLAVE","enableSlave":false,"running":false,"reason":"not-master-or-single-primary-host"}
04-22 05:23:13.935  2365  2453 I assembly.assembly.android.mixc-retail-rn84: [assembly.topology] Native topology host already matches desired lifecycle state {"displayCount":1,"displayIndex":0,"deviceId":"ZJ63NQELD9","instanceMode":"SLAVE","enableSlave":false,"running":false,"reason":"not-master-or-single-primary-host"}
04-22 05:23:13.940  2365  2453 I MMKV    : <MMKV_IO.cpp:609::writeActualSize> [mixc-retail-assembly-rn84::state] increase sequence to 32, crc 4167729051, actualSize 24529
04-22 05:23:13.941  2365  2453 I MMKV    : <MMKV.cpp:1208::sync> MMKV::sync, SyncFlag = 1
04-22 05:23:16.348  1086  1298 D SatelliteController: iisInCarrierRoamingNbIotNtn: satellite is disabled
04-22 05:23:16.940   683   858 W BestClock: java.time.DateTimeException: No network time available
04-22 05:23:16.940   683   858 W BestClock: java.time.DateTimeException: No network time available
04-22 05:23:16.941   683   858 W BestClock: java.time.DateTimeException: No network time available
04-22 05:23:16.941   683   858 W BestClock: java.time.DateTimeException: No network time available
04-22 05:23:16.941   683   858 W BestClock: java.time.DateTimeException: No network time available
04-22 05:23:16.941   683   858 D WifiClientModeImpl[9769:wlan0]: updateLinkLayerStatsRssiSpeedFrequencyCapabilities rssi=-50 TxLinkspeed=1 freq=2447 RxLinkSpeed=2
04-22 05:23:16.941   683   858 D WifiDataStall: tx tput in kbps: 11000
04-22 05:23:16.941   683   858 D WifiDataStall: rx tput in kbps: 11000
04-22 05:23:16.941   683   858 V WifiConfigManager: Updating scan detail cache freq=2447 BSSID=00:13:10:85:fe:01 RSSI=-50 for "AndroidWifi"NONE
04-22 05:23:16.941   683   858 D WifiThroughputPredictor:  utilization (LLS) 80 isBluetoothConnected: false final utilization: 80
04-22 05:23:16.941   683   858 D WifiThroughputPredictor:  BW: 0 RSSI: -50 Nss: 1 Mode: 1 symDur: 4000 snrDb 30 bitPerTone: 4500 rate: 54 throughput: 11
04-22 05:23:16.941   683   858 D WifiThroughputPredictor:  utilization (LLS) 80 isBluetoothConnected: false final utilization: 80
04-22 05:23:16.941   683   858 D WifiThroughputPredictor:  BW: 0 RSSI: -50 Nss: 1 Mode: 1 symDur: 4000 snrDb 30 bitPerTone: 4500 rate: 54 throughput: 11
04-22 05:23:16.941   683   858 D WifiThroughputPredictor:  utilization (LLS) 80 isBluetoothConnected: false final utilization: 80
04-22 05:23:16.941   683   858 D WifiThroughputPredictor:  BW: 0 RSSI: -50 Nss: 1 Mode: 1 symDur: 4000 snrDb 30 bitPerTone: 4500 rate: 54 throughput: 11
04-22 05:23:16.941   683   858 D WifiThroughputPredictor:  utilization (LLS) 80 isBluetoothConnected: false final utilization: 80
04-22 05:23:16.941   683   858 D WifiThroughputPredictor:  BW: 0 RSSI: -50 Nss: 1 Mode: 1 symDur: 4000 snrDb 30 bitPerTone: 4500 rate: 54 throughput: 11
04-22 05:23:16.941   683   858 D WifiScoreCard: BSSID update SIGNAL_POLL ID: 261501600 SSID: "AndroidWifi", BSSID: 00:13:10:85:fe:01, MAC: 02:15:b4:00:00:00, IP: /10.0.2.17, Security type: 0, Supplicant state: COMPLETED, Wi-Fi standard: legacy, RSSI: -50, Link speed: 1Mbps, Tx Link speed: 1Mbps, Max Supported Tx Link speed: 11Mbps, Rx Link speed: 2Mbps, Max Supported Rx Link speed: 11Mbps, Frequency: 2447MHz, Net ID: 0, Metered hint: false, score: 60, isUsable: true, CarrierMerged: false, SubscriptionId: -1, IsPrimary: 1, Trusted: true, Restricted: false, Ephemeral: false, OEM paid: false, OEM private: false, OSU AP: false, FQDN: <none>, Provider friendly name: <none>, Requesting package name: <none>"AndroidWifi"openMLO Information: , Is TID-To-Link negotiation supported by the AP: false, AP MLD Address: <none>, AP MLO Link Id: <none>, AP MLO Affiliated links: <none>, Vendor Data: <none>
04-22 05:23:16.941   683   858 D WifiScoreCard: txRate: 2 txSpeed: 1
04-22 05:23:16.941   683   858 D WifiScoreCard: network update SIGNAL_POLL "AndroidWifi" ID: 579418950 RSSI -50 txSpeed -1
04-22 05:23:16.941   683   858 D WifiClientModeImpl[9769:wlan0]:  ClientModeImpl$L2ConnectedState screen=on 1 0 "AndroidWifi" 00:13:10:85:fe:01 rssi=-50 f=2447 sc=60 link=1 tx=1.3, 0.0, 0.0 rx=1.1 bcn=0 [on:0 tx:0 rx:0 period:3009] from screen [on:0 period:-1309863603] score=60
04-22 05:23:17.854  1652  2090 I bdee    : (REDACTED) getHotwordActive::active query: %s, watch: %s, devices connected: %s
04-22 05:23:19.948   683   858 W BestClock: java.time.DateTimeException: No network time available
04-22 05:23:19.948   683   858 W BestClock: java.time.DateTimeException: No network time available
04-22 05:23:19.948   683   858 W BestClock: java.time.DateTimeException: No network time available
04-22 05:23:19.948   683   858 W BestClock: java.time.DateTimeException: No network time available
04-22 05:23:19.949   683   858 W BestClock: java.time.DateTimeException: No network time available
04-22 05:23:19.949   683   858 D WifiClientModeImpl[9769:wlan0]: updateLinkLayerStatsRssiSpeedFrequencyCapabilities rssi=-50 TxLinkspeed=1 freq=2447 RxLinkSpeed=2
04-22 05:23:19.949   683   858 D WifiDataStall: tx tput in kbps: 11000
04-22 05:23:19.949   683   858 D WifiDataStall: rx tput in kbps: 11000
04-22 05:23:19.949   683   858 V WifiConfigManager: Updating scan detail cache freq=2447 BSSID=00:13:10:85:fe:01 RSSI=-50 for "AndroidWifi"NONE
04-22 05:23:19.949   683   858 D WifiThroughputPredictor:  utilization (LLS) 80 isBluetoothConnected: false final utilization: 80
04-22 05:23:19.949   683   858 D WifiThroughputPredictor:  BW: 0 RSSI: -50 Nss: 1 Mode: 1 symDur: 4000 snrDb 30 bitPerTone: 4500 rate: 54 throughput: 11
04-22 05:23:19.949   683   858 D WifiThroughputPredictor:  utilization (LLS) 80 isBluetoothConnected: false final utilization: 80
04-22 05:23:19.949   683   858 D WifiThroughputPredictor:  BW: 0 RSSI: -50 Nss: 1 Mode: 1 symDur: 4000 snrDb 30 bitPerTone: 4500 rate: 54 throughput: 11
04-22 05:23:19.950   683   858 D WifiThroughputPredictor:  utilization (LLS) 80 isBluetoothConnected: false final utilization: 80
04-22 05:23:19.950   683   858 D WifiThroughputPredictor:  BW: 0 RSSI: -50 Nss: 1 Mode: 1 symDur: 4000 snrDb 30 bitPerTone: 4500 rate: 54 throughput: 11
04-22 05:23:19.950   683   858 D WifiThroughputPredictor:  utilization (LLS) 80 isBluetoothConnected: false final utilization: 80
04-22 05:23:19.950   683   858 D WifiThroughputPredictor:  BW: 0 RSSI: -50 Nss: 1 Mode: 1 symDur: 4000 snrDb 30 bitPerTone: 4500 rate: 54 throughput: 11
04-22 05:23:19.950   683   858 D WifiScoreCard: BSSID update SIGNAL_POLL ID: 261501600 SSID: "AndroidWifi", BSSID: 00:13:10:85:fe:01, MAC: 02:15:b4:00:00:00, IP: /10.0.2.17, Security type: 0, Supplicant state: COMPLETED, Wi-Fi standard: legacy, RSSI: -50, Link speed: 1Mbps, Tx Link speed: 1Mbps, Max Supported Tx Link speed: 11Mbps, Rx Link speed: 2Mbps, Max Supported Rx Link speed: 11Mbps, Frequency: 2447MHz, Net ID: 0, Metered hint: false, score: 60, isUsable: true, CarrierMerged: false, SubscriptionId: -1, IsPrimary: 1, Trusted: true, Restricted: false, Ephemeral: false, OEM paid: false, OEM private: false, OSU AP: false, FQDN: <none>, Provider friendly name: <none>, Requesting package name: <none>"AndroidWifi"openMLO Information: , Is TID-To-Link negotiation supported by the AP: false, AP MLD Address: <none>, AP MLO Link Id: <none>, AP MLO Affiliated links: <none>, Vendor Data: <none>
04-22 05:23:19.950   683   858 D WifiScoreCard: txRate: 2 txSpeed: 1
04-22 05:23:19.950   683   858 D WifiScoreCard: network update SIGNAL_POLL "AndroidWifi" ID: 579418950 RSSI -50 txSpeed -1
04-22 05:23:19.950   683   858 D WifiClientModeImpl[9769:wlan0]:  ClientModeImpl$L2ConnectedState screen=on 1 0 "AndroidWifi" 00:13:10:85:fe:01 rssi=-50 f=2447 sc=60 link=1 tx=1.7, 0.0, 0.0 rx=1.6 bcn=0 [on:0 tx:0 rx:0 period:3009] from screen [on:0 period:-1309860594] score=60
04-22 05:23:20.277   938   938 D wpa_supplicant: nl80211: Drv Event 64 (NL80211_CMD_NOTIFY_CQM) received for wlan0
04-22 05:23:20.277   938   938 D wpa_supplicant: nl80211: Beacon loss event
04-22 05:23:20.277   938   938 D wpa_supplicant: wlan0: Event BEACON_LOSS (53) received
04-22 05:23:20.277   938   938 I wpa_supplicant: wlan0: CTRL-EVENT-BEACON-LOSS 
04-22 05:23:20.377  1052  3355 D NetworkMonitor/101: PROBE_HTTPS https://www.google.com/generate_204 Probe failed with exception javax.net.ssl.SSLHandshakeException: connection closed
04-22 05:23:20.378  1052  3353 D NetworkMonitor/101: isCaptivePortal: isSuccessful()=false isPortal()=false RedirectUrl=null isPartialConnectivity()=true Time=11027ms
04-22 05:23:20.379   683   864 D ConnectivityService: [101 WIFI] validation failed
04-22 05:23:22.389   459  3376 I resolv  : ResNSendHandler::run: 0 / {101 983141 101 983141 1073 1}
04-22 05:23:22.389   459  3376 I resolv  : resolv_cache_lookup: FOUND IN CACHE entry=0xb400007cdced1150
04-22 05:23:22.389   459  3377 I resolv  : ResNSendHandler::run: 0 / {101 983141 101 983141 1073 1}
04-22 05:23:22.389   459  3377 I resolv  : resolv_cache_lookup: FOUND IN CACHE entry=0xb400007d0cedd430
04-22 05:23:22.392   459  3378 I resolv  : ResNSendHandler::run: 0 / {101 983141 101 983141 1073 1}
04-22 05:23:22.392   459  3378 I resolv  : resolv_cache_lookup: FOUND IN CACHE entry=0xb400007d2ced1320
04-22 05:23:22.392   459  3379 I resolv  : ResNSendHandler::run: 0 / {101 983141 101 983141 1073 1}
04-22 05:23:22.392   459  3379 I resolv  : resolv_cache_lookup: FOUND IN CACHE entry=0xb400007e7ced28b0
04-22 05:23:22.395  1052  3374 D NetworkMonitor/101: PROBE_DNS www.google.com 8ms OK 104.244.42.197,2001::1
04-22 05:23:22.395  1052  3375 D NetworkMonitor/101: PROBE_DNS connectivitycheck.gstatic.com 9ms OK 114.250.65.34
04-22 05:23:22.396   459  3380 I resolv  : GetAddrInfoHandler::run: {101 983141 101 983141 1073 1}
04-22 05:23:22.396   459  3381 I resolv  : res_nmkquery: (QUERY, IN, AAAA)
04-22 05:23:22.396   459  3381 I resolv  : resolv_cache_lookup: FOUND IN CACHE entry=0xb400007cdced1150
04-22 05:23:22.396   459  3381 I resolv  : doQuery: rcode=0, ancount=1, return value=60
04-22 05:23:22.396   459  3382 I resolv  : res_nmkquery: (QUERY, IN, A)
04-22 05:23:22.396   459  3382 I resolv  : resolv_cache_lookup: FOUND IN CACHE entry=0xb400007d2ced1320
04-22 05:23:22.396   459  3382 I resolv  : doQuery: rcode=0, ancount=1, return value=48
04-22 05:23:22.396   459  3383 I resolv  : GetAddrInfoHandler::run: {101 983141 101 983141 1073 1}
04-22 05:23:22.396   459  3384 I resolv  : res_nmkquery: (QUERY, IN, AAAA)
04-22 05:23:22.396   459  3384 I resolv  : resolv_cache_lookup: FOUND IN CACHE entry=0xb400007d0cedd430
04-22 05:23:22.396   459  3384 I resolv  : doQuery: rcode=0, ancount=0, return value=117
04-22 05:23:22.396   459  3385 I resolv  : res_nmkquery: (QUERY, IN, A)
04-22 05:23:22.396   459  3385 I resolv  : resolv_cache_lookup: FOUND IN CACHE entry=0xb400007e7ced28b0
04-22 05:23:22.397   459  3385 I resolv  : doQuery: rcode=0, ancount=1, return value=63
04-22 05:23:22.878  1052  3375 D NetworkMonitor/101: PROBE_HTTP http://connectivitycheck.gstatic.com/generate_204 time=482ms ret=204 request={Connection=[close], User-Agent=[Mozilla/5.0 (X11; Linux x86_64) AppleWebKit/537.36 (KHTML, like Gecko) Chrome/60.0.3112.32 Safari/537.36]} headers={null=[HTTP/1.1 204 No Content], Connection=[close], Cross-Origin-Resource-Policy=[cross-origin], Date=[Tue, 21 Apr 2026 21:23:22 GMT], X-Android-Received-Millis=[1776806602878], X-Android-Response-Source=[NETWORK 204], X-Android-Selected-Protocol=[http/1.1], X-Android-Sent-Millis=[1776806602399]}
04-22 05:23:22.956   683   858 W BestClock: java.time.DateTimeException: No network time available
04-22 05:23:22.956   683   858 W BestClock: java.time.DateTimeException: No network time available
04-22 05:23:22.956   683   858 W BestClock: java.time.DateTimeException: No network time available
04-22 05:23:22.956   683   858 W BestClock: java.time.DateTimeException: No network time available
04-22 05:23:22.956   683   858 W BestClock: java.time.DateTimeException: No network time available
04-22 05:23:22.956   683   858 D WifiClientModeImpl[9769:wlan0]: updateLinkLayerStatsRssiSpeedFrequencyCapabilities rssi=-50 TxLinkspeed=1 freq=2447 RxLinkSpeed=2
04-22 05:23:22.957   683   858 D WifiDataStall: tx tput in kbps: 11000
04-22 05:23:22.957   683   858 D WifiDataStall: rx tput in kbps: 11000
04-22 05:23:22.957   683   858 V WifiConfigManager: Updating scan detail cache freq=2447 BSSID=00:13:10:85:fe:01 RSSI=-50 for "AndroidWifi"NONE
04-22 05:23:22.957   683   858 D WifiThroughputPredictor:  utilization (LLS) 80 isBluetoothConnected: false final utilization: 80
04-22 05:23:22.957   683   858 D WifiThroughputPredictor:  BW: 0 RSSI: -50 Nss: 1 Mode: 1 symDur: 4000 snrDb 30 bitPerTone: 4500 rate: 54 throughput: 11
04-22 05:23:22.957   683   858 D WifiThroughputPredictor:  utilization (LLS) 80 isBluetoothConnected: false final utilization: 80
04-22 05:23:22.957   683   858 D WifiThroughputPredictor:  BW: 0 RSSI: -50 Nss: 1 Mode: 1 symDur: 4000 snrDb 30 bitPerTone: 4500 rate: 54 throughput: 11
04-22 05:23:22.957   683   858 D WifiThroughputPredictor:  utilization (LLS) 80 isBluetoothConnected: false final utilization: 80
04-22 05:23:22.957   683   858 D WifiThroughputPredictor:  BW: 0 RSSI: -50 Nss: 1 Mode: 1 symDur: 4000 snrDb 30 bitPerTone: 4500 rate: 54 throughput: 11
04-22 05:23:22.957   683   858 D WifiThroughputPredictor:  utilization (LLS) 80 isBluetoothConnected: false final utilization: 80
04-22 05:23:22.957   683   858 D WifiThroughputPredictor:  BW: 0 RSSI: -50 Nss: 1 Mode: 1 symDur: 4000 snrDb 30 bitPerTone: 4500 rate: 54 throughput: 11
04-22 05:23:22.958   683   858 D WifiScoreCard: BSSID update SIGNAL_POLL ID: 261501600 SSID: "AndroidWifi", BSSID: 00:13:10:85:fe:01, MAC: 02:15:b4:00:00:00, IP: /10.0.2.17, Security type: 0, Supplicant state: COMPLETED, Wi-Fi standard: legacy, RSSI: -50, Link speed: 1Mbps, Tx Link speed: 1Mbps, Max Supported Tx Link speed: 11Mbps, Rx Link speed: 2Mbps, Max Supported Rx Link speed: 11Mbps, Frequency: 2447MHz, Net ID: 0, Metered hint: false, score: 60, isUsable: true, CarrierMerged: false, SubscriptionId: -1, IsPrimary: 1, Trusted: true, Restricted: false, Ephemeral: false, OEM paid: false, OEM private: false, OSU AP: false, FQDN: <none>, Provider friendly name: <none>, Requesting package name: <none>"AndroidWifi"openMLO Information: , Is TID-To-Link negotiation supported by the AP: false, AP MLD Address: <none>, AP MLO Link Id: <none>, AP MLO Affiliated links: <none>, Vendor Data: <none>
04-22 05:23:22.958   683   858 D WifiScoreCard: txRate: 3 txSpeed: 1
04-22 05:23:22.958   683   858 D WifiScoreCard: network update SIGNAL_POLL "AndroidWifi" ID: 579418950 RSSI -50 txSpeed -1
04-22 05:23:22.958   683   858 D WifiClientModeImpl[9769:wlan0]:  ClientModeImpl$L2ConnectedState screen=on 1 0 "AndroidWifi" 00:13:10:85:fe:01 rssi=-50 f=2447 sc=60 link=1 tx=2.5, 0.0, 0.0 rx=2.5 bcn=0 [on:0 tx:0 rx:0 period:3008] from screen [on:0 period:-1309857586] score=60
04-22 05:23:25.389   459  3386 I resolv  : GetAddrInfoHandler::run: {101 983141 101 983141 1073 1}
04-22 05:23:25.389   459  3389 I resolv  : res_nmkquery: (QUERY, IN, A)
04-22 05:23:25.389   459  3389 I resolv  : resolv_cache_lookup: FOUND IN CACHE entry=0xb400007d2ced1320
04-22 05:23:25.389   459  3389 I resolv  : doQuery: rcode=0, ancount=1, return value=48
04-22 05:23:25.390   459  3388 I resolv  : res_nmkquery: (QUERY, IN, AAAA)
04-22 05:23:25.390   459  3388 I resolv  : resolv_cache_lookup: FOUND IN CACHE entry=0xb400007cdced1150
04-22 05:23:25.390   459  3388 I resolv  : doQuery: rcode=0, ancount=1, return value=60
04-22 05:23:25.878  1052  3373 D NetworkMonitor/101: PROBE_FALLBACK http://www.google.com/gen_204 time=489ms ret=204 request={Connection=[close], User-Agent=[Mozilla/5.0 (X11; Linux x86_64) AppleWebKit/537.36 (KHTML, like Gecko) Chrome/60.0.3112.32 Safari/537.36]} headers={null=[HTTP/1.1 204 No Content], Connection=[close], Content-Security-Policy=[object-src 'none';base-uri 'self';script-src 'nonce-jCjbTyqYZG6nWtaRwXCXow' 'strict-dynamic' 'report-sample' 'unsafe-eval' 'unsafe-inline' https: http:;report-uri https://csp.withgoogle.com/csp/gws/other], Content-Type=[text/html; charset=UTF-8], Date=[Tue, 21 Apr 2026 21:23:25 GMT], Permissions-Policy=[unload=()], Server=[gws], X-Android-Received-Millis=[1776806605877], X-Android-Response-Source=[NETWORK 204], X-Android-Selected-Protocol=[http/1.1], X-Android-Sent-Millis=[1776806605392], X-Frame-Options=[SAMEORIGIN], X-Xss-Protection=[0]}
04-22 05:23:25.962   683   858 W BestClock: java.time.DateTimeException: No network time available
04-22 05:23:25.962   683   858 W BestClock: java.time.DateTimeException: No network time available
04-22 05:23:25.962   683   858 W BestClock: java.time.DateTimeException: No network time available
04-22 05:23:25.962   683   858 W BestClock: java.time.DateTimeException: No network time available
04-22 05:23:25.962   683   858 W BestClock: java.time.DateTimeException: No network time available
04-22 05:23:25.962   683   858 D WifiClientModeImpl[9769:wlan0]: updateLinkLayerStatsRssiSpeedFrequencyCapabilities rssi=-50 TxLinkspeed=1 freq=2447 RxLinkSpeed=2
04-22 05:23:25.963   683   858 D WifiDataStall: tx tput in kbps: 11000
04-22 05:23:25.963   683   858 D WifiDataStall: rx tput in kbps: 11000
04-22 05:23:25.963   683   858 V WifiConfigManager: Updating scan detail cache freq=2447 BSSID=00:13:10:85:fe:01 RSSI=-50 for "AndroidWifi"NONE
04-22 05:23:25.963   683   858 D WifiThroughputPredictor:  utilization (LLS) 80 isBluetoothConnected: false final utilization: 80
04-22 05:23:25.963   683   858 D WifiThroughputPredictor:  BW: 0 RSSI: -50 Nss: 1 Mode: 1 symDur: 4000 snrDb 30 bitPerTone: 4500 rate: 54 throughput: 11
04-22 05:23:25.963   683   858 D WifiThroughputPredictor:  utilization (LLS) 80 isBluetoothConnected: false final utilization: 80
04-22 05:23:25.963   683   858 D WifiThroughputPredictor:  BW: 0 RSSI: -50 Nss: 1 Mode: 1 symDur: 4000 snrDb 30 bitPerTone: 4500 rate: 54 throughput: 11
04-22 05:23:25.965   683   858 D WifiThroughputPredictor:  utilization (LLS) 80 isBluetoothConnected: false final utilization: 80
04-22 05:23:25.965   683   858 D WifiThroughputPredictor:  BW: 0 RSSI: -50 Nss: 1 Mode: 1 symDur: 4000 snrDb 30 bitPerTone: 4500 rate: 54 throughput: 11
04-22 05:23:25.965   683   858 D WifiThroughputPredictor:  utilization (LLS) 80 isBluetoothConnected: false final utilization: 80
04-22 05:23:25.965   683   858 D WifiThroughputPredictor:  BW: 0 RSSI: -50 Nss: 1 Mode: 1 symDur: 4000 snrDb 30 bitPerTone: 4500 rate: 54 throughput: 11
04-22 05:23:25.966   683   858 D WifiScoreCard: BSSID update SIGNAL_POLL ID: 261501600 SSID: "AndroidWifi", BSSID: 00:13:10:85:fe:01, MAC: 02:15:b4:00:00:00, IP: /10.0.2.17, Security type: 0, Supplicant state: COMPLETED, Wi-Fi standard: legacy, RSSI: -50, Link speed: 1Mbps, Tx Link speed: 1Mbps, Max Supported Tx Link speed: 11Mbps, Rx Link speed: 2Mbps, Max Supported Rx Link speed: 11Mbps, Frequency: 2447MHz, Net ID: 0, Metered hint: false, score: 60, isUsable: true, CarrierMerged: false, SubscriptionId: -1, IsPrimary: 1, Trusted: true, Restricted: false, Ephemeral: false, OEM paid: false, OEM private: false, OSU AP: false, FQDN: <none>, Provider friendly name: <none>, Requesting package name: <none>"AndroidWifi"openMLO Information: , Is TID-To-Link negotiation supported by the AP: false, AP MLD Address: <none>, AP MLO Link Id: <none>, AP MLO Affiliated links: <none>, Vendor Data: <none>
04-22 05:23:25.966   683   858 D WifiScoreCard: txRate: 2 txSpeed: 1
04-22 05:23:25.966   683   858 D WifiScoreCard: network update SIGNAL_POLL "AndroidWifi" ID: 579418950 RSSI -50 txSpeed -1
04-22 05:23:25.966   683   858 D WifiClientModeImpl[9769:wlan0]:  ClientModeImpl$L2ConnectedState screen=on 1 0 "AndroidWifi" 00:13:10:85:fe:01 rssi=-50 f=2447 sc=60 link=1 tx=1.9, 0.0, 0.0 rx=1.9 bcn=0 [on:0 tx:0 rx:0 period:3008] from screen [on:0 period:-1309854578] score=60
04-22 05:23:26.357  1086  1298 D SatelliteController: iisInCarrierRoamingNbIotNtn: satellite is disabled
04-22 05:23:28.469   938   938 D wpa_supplicant: nl80211: Drv Event 64 (NL80211_CMD_NOTIFY_CQM) received for wlan0
04-22 05:23:28.470   938   938 D wpa_supplicant: nl80211: Beacon loss event
04-22 05:23:28.470   938   938 D wpa_supplicant: wlan0: Event BEACON_LOSS (53) received
04-22 05:23:28.470   938   938 I wpa_supplicant: wlan0: CTRL-EVENT-BEACON-LOSS 
04-22 05:23:28.970   683   858 W BestClock: java.time.DateTimeException: No network time available
04-22 05:23:28.970   683   858 W BestClock: java.time.DateTimeException: No network time available
04-22 05:23:28.970   683   858 W BestClock: java.time.DateTimeException: No network time available
04-22 05:23:28.970   683   858 W BestClock: java.time.DateTimeException: No network time available
04-22 05:23:28.970   683   858 W BestClock: java.time.DateTimeException: No network time available
04-22 05:23:28.971   683   858 D WifiClientModeImpl[9769:wlan0]: updateLinkLayerStatsRssiSpeedFrequencyCapabilities rssi=-50 TxLinkspeed=1 freq=2447 RxLinkSpeed=2
04-22 05:23:28.972   683   858 D WifiDataStall: tx tput in kbps: 11000
04-22 05:23:28.972   683   858 D WifiDataStall: rx tput in kbps: 11000
04-22 05:23:28.972   683   858 V WifiConfigManager: Updating scan detail cache freq=2447 BSSID=00:13:10:85:fe:01 RSSI=-50 for "AndroidWifi"NONE
04-22 05:23:28.972   683   858 D WifiThroughputPredictor:  utilization (LLS) 80 isBluetoothConnected: false final utilization: 80
04-22 05:23:28.972   683   858 D WifiThroughputPredictor:  BW: 0 RSSI: -50 Nss: 1 Mode: 1 symDur: 4000 snrDb 30 bitPerTone: 4500 rate: 54 throughput: 11
04-22 05:23:28.972   683   858 D WifiThroughputPredictor:  utilization (LLS) 80 isBluetoothConnected: false final utilization: 80
04-22 05:23:28.972   683   858 D WifiThroughputPredictor:  BW: 0 RSSI: -50 Nss: 1 Mode: 1 symDur: 4000 snrDb 30 bitPerTone: 4500 rate: 54 throughput: 11
04-22 05:23:28.973   683   858 D WifiThroughputPredictor:  utilization (LLS) 80 isBluetoothConnected: false final utilization: 80
04-22 05:23:28.973   683   858 D WifiThroughputPredictor:  BW: 0 RSSI: -50 Nss: 1 Mode: 1 symDur: 4000 snrDb 30 bitPerTone: 4500 rate: 54 throughput: 11
04-22 05:23:28.973   683   858 D WifiThroughputPredictor:  utilization (LLS) 80 isBluetoothConnected: false final utilization: 80
04-22 05:23:28.973   683   858 D WifiThroughputPredictor:  BW: 0 RSSI: -50 Nss: 1 Mode: 1 symDur: 4000 snrDb 30 bitPerTone: 4500 rate: 54 throughput: 11
04-22 05:23:28.973   683   858 D WifiScoreCard: BSSID update SIGNAL_POLL ID: 261501600 SSID: "AndroidWifi", BSSID: 00:13:10:85:fe:01, MAC: 02:15:b4:00:00:00, IP: /10.0.2.17, Security type: 0, Supplicant state: COMPLETED, Wi-Fi standard: legacy, RSSI: -50, Link speed: 1Mbps, Tx Link speed: 1Mbps, Max Supported Tx Link speed: 11Mbps, Rx Link speed: 2Mbps, Max Supported Rx Link speed: 11Mbps, Frequency: 2447MHz, Net ID: 0, Metered hint: false, score: 60, isUsable: true, CarrierMerged: false, SubscriptionId: -1, IsPrimary: 1, Trusted: true, Restricted: false, Ephemeral: false, OEM paid: false, OEM private: false, OSU AP: false, FQDN: <none>, Provider friendly name: <none>, Requesting package name: <none>"AndroidWifi"openMLO Information: , Is TID-To-Link negotiation supported by the AP: false, AP MLD Address: <none>, AP MLO Link Id: <none>, AP MLO Affiliated links: <none>, Vendor Data: <none>
04-22 05:23:28.973   683   858 D WifiScoreCard: txRate: 1 txSpeed: 1
04-22 05:23:28.974   683   858 D WifiScoreCard: network update SIGNAL_POLL "AndroidWifi" ID: 579418950 RSSI -50 txSpeed -1
04-22 05:23:28.974   683   858 D WifiClientModeImpl[9769:wlan0]:  ClientModeImpl$L2ConnectedState screen=on 1 0 "AndroidWifi" 00:13:10:85:fe:01 rssi=-50 f=2447 sc=60 link=1 tx=0.7, 0.0, 0.0 rx=0.7 bcn=0 [on:0 tx:0 rx:0 period:3008] from screen [on:0 period:-1309851570] score=60
04-22 05:23:31.978   683   858 W BestClock: java.time.DateTimeException: No network time available
04-22 05:23:31.979   683   858 W BestClock: java.time.DateTimeException: No network time available
04-22 05:23:31.979   683   858 W BestClock: java.time.DateTimeException: No network time available
04-22 05:23:31.979   683   858 W BestClock: java.time.DateTimeException: No network time available
04-22 05:23:31.979   683   858 W BestClock: java.time.DateTimeException: No network time available
04-22 05:23:31.979   683   858 D WifiClientModeImpl[9769:wlan0]: updateLinkLayerStatsRssiSpeedFrequencyCapabilities rssi=-50 TxLinkspeed=1 freq=2447 RxLinkSpeed=2
04-22 05:23:31.981   683   858 D WifiDataStall: tx tput in kbps: 11000
04-22 05:23:31.981   683   858 D WifiDataStall: rx tput in kbps: 11000
04-22 05:23:31.981   683   858 V WifiConfigManager: Updating scan detail cache freq=2447 BSSID=00:13:10:85:fe:01 RSSI=-50 for "AndroidWifi"NONE
04-22 05:23:31.981   683   858 D WifiThroughputPredictor:  utilization (LLS) 80 isBluetoothConnected: false final utilization: 80
04-22 05:23:31.981   683   858 D WifiThroughputPredictor:  BW: 0 RSSI: -50 Nss: 1 Mode: 1 symDur: 4000 snrDb 30 bitPerTone: 4500 rate: 54 throughput: 11
04-22 05:23:31.981   683   858 D WifiThroughputPredictor:  utilization (LLS) 80 isBluetoothConnected: false final utilization: 80
04-22 05:23:31.981   683   858 D WifiThroughputPredictor:  BW: 0 RSSI: -50 Nss: 1 Mode: 1 symDur: 4000 snrDb 30 bitPerTone: 4500 rate: 54 throughput: 11
04-22 05:23:31.981   683   858 D WifiThroughputPredictor:  utilization (LLS) 80 isBluetoothConnected: false final utilization: 80
04-22 05:23:31.981   683   858 D WifiThroughputPredictor:  BW: 0 RSSI: -50 Nss: 1 Mode: 1 symDur: 4000 snrDb 30 bitPerTone: 4500 rate: 54 throughput: 11
04-22 05:23:31.981   683   858 D WifiThroughputPredictor:  utilization (LLS) 80 isBluetoothConnected: false final utilization: 80
04-22 05:23:31.981   683   858 D WifiThroughputPredictor:  BW: 0 RSSI: -50 Nss: 1 Mode: 1 symDur: 4000 snrDb 30 bitPerTone: 4500 rate: 54 throughput: 11
04-22 05:23:31.981   683   858 D WifiScoreCard: BSSID update SIGNAL_POLL ID: 261501600 SSID: "AndroidWifi", BSSID: 00:13:10:85:fe:01, MAC: 02:15:b4:00:00:00, IP: /10.0.2.17, Security type: 0, Supplicant state: COMPLETED, Wi-Fi standard: legacy, RSSI: -50, Link speed: 1Mbps, Tx Link speed: 1Mbps, Max Supported Tx Link speed: 11Mbps, Rx Link speed: 2Mbps, Max Supported Rx Link speed: 11Mbps, Frequency: 2447MHz, Net ID: 0, Metered hint: false, score: 60, isUsable: true, CarrierMerged: false, SubscriptionId: -1, IsPrimary: 1, Trusted: true, Restricted: false, Ephemeral: false, OEM paid: false, OEM private: false, OSU AP: false, FQDN: <none>, Provider friendly name: <none>, Requesting package name: <none>"AndroidWifi"openMLO Information: , Is TID-To-Link negotiation supported by the AP: false, AP MLD Address: <none>, AP MLO Link Id: <none>, AP MLO Affiliated links: <none>, Vendor Data: <none>
04-22 05:23:31.981   683   858 D WifiScoreCard: txRate: 1 txSpeed: 1
04-22 05:23:31.982   683   858 D WifiScoreCard: network update SIGNAL_POLL "AndroidWifi" ID: 579418950 RSSI -50 txSpeed -1
04-22 05:23:31.982   683   858 D WifiClientModeImpl[9769:wlan0]:  ClientModeImpl$L2ConnectedState screen=on 1 0 "AndroidWifi" 00:13:10:85:fe:01 rssi=-50 f=2447 sc=60 link=1 tx=0.2, 0.0, 0.0 rx=0.2 bcn=0 [on:0 tx:0 rx:0 period:3008] from screen [on:0 period:-1309848562] score=60
04-22 05:23:32.917  1052  3374 D NetworkMonitor/101: PROBE_HTTPS https://www.google.com/generate_204 Probe failed with exception javax.net.ssl.SSLHandshakeException: connection closed
04-22 05:23:32.919  1052  3373 D NetworkMonitor/101: isCaptivePortal: isSuccessful()=false isPortal()=false RedirectUrl=null isPartialConnectivity()=true Time=10534ms
04-22 05:23:32.920   683   864 D ConnectivityService: [101 WIFI] validation failed
04-22 05:23:34.984   683   858 W BestClock: java.time.DateTimeException: No network time available
04-22 05:23:34.984   683   858 W BestClock: java.time.DateTimeException: No network time available
04-22 05:23:34.984   683   858 W BestClock: java.time.DateTimeException: No network time available
04-22 05:23:34.984   683   858 W BestClock: java.time.DateTimeException: No network time available
04-22 05:23:34.984   683   858 W BestClock: java.time.DateTimeException: No network time available
04-22 05:23:34.984   683   858 D WifiClientModeImpl[9769:wlan0]: updateLinkLayerStatsRssiSpeedFrequencyCapabilities rssi=-50 TxLinkspeed=1 freq=2447 RxLinkSpeed=2
04-22 05:23:34.986   683   858 D WifiDataStall: tx tput in kbps: 11000
04-22 05:23:34.986   683   858 D WifiDataStall: rx tput in kbps: 11000
04-22 05:23:34.986   683   858 V WifiConfigManager: Updating scan detail cache freq=2447 BSSID=00:13:10:85:fe:01 RSSI=-50 for "AndroidWifi"NONE
04-22 05:23:34.986   683   858 D WifiThroughputPredictor:  utilization (LLS) 80 isBluetoothConnected: false final utilization: 80
04-22 05:23:34.986   683   858 D WifiThroughputPredictor:  BW: 0 RSSI: -50 Nss: 1 Mode: 1 symDur: 4000 snrDb 30 bitPerTone: 4500 rate: 54 throughput: 11
04-22 05:23:34.986   683   858 D WifiThroughputPredictor:  utilization (LLS) 80 isBluetoothConnected: false final utilization: 80
04-22 05:23:34.986   683   858 D WifiThroughputPredictor:  BW: 0 RSSI: -50 Nss: 1 Mode: 1 symDur: 4000 snrDb 30 bitPerTone: 4500 rate: 54 throughput: 11
04-22 05:23:34.986   683   858 D WifiThroughputPredictor:  utilization (LLS) 80 isBluetoothConnected: false final utilization: 80
04-22 05:23:34.986   683   858 D WifiThroughputPredictor:  BW: 0 RSSI: -50 Nss: 1 Mode: 1 symDur: 4000 snrDb 30 bitPerTone: 4500 rate: 54 throughput: 11
04-22 05:23:34.986   683   858 D WifiThroughputPredictor:  utilization (LLS) 80 isBluetoothConnected: false final utilization: 80
04-22 05:23:34.986   683   858 D WifiThroughputPredictor:  BW: 0 RSSI: -50 Nss: 1 Mode: 1 symDur: 4000 snrDb 30 bitPerTone: 4500 rate: 54 throughput: 11
04-22 05:23:34.987   683   858 D WifiScoreCard: BSSID update SIGNAL_POLL ID: 261501600 SSID: "AndroidWifi", BSSID: 00:13:10:85:fe:01, MAC: 02:15:b4:00:00:00, IP: /10.0.2.17, Security type: 0, Supplicant state: COMPLETED, Wi-Fi standard: legacy, RSSI: -50, Link speed: 1Mbps, Tx Link speed: 1Mbps, Max Supported Tx Link speed: 11Mbps, Rx Link speed: 2Mbps, Max Supported Rx Link speed: 11Mbps, Frequency: 2447MHz, Net ID: 0, Metered hint: false, score: 60, isUsable: true, CarrierMerged: false, SubscriptionId: -1, IsPrimary: 1, Trusted: true, Restricted: false, Ephemeral: false, OEM paid: false, OEM private: false, OSU AP: false, FQDN: <none>, Provider friendly name: <none>, Requesting package name: <none>"AndroidWifi"openMLO Information: , Is TID-To-Link negotiation supported by the AP: false, AP MLD Address: <none>, AP MLO Link Id: <none>, AP MLO Affiliated links: <none>, Vendor Data: <none>
04-22 05:23:34.987   683   858 D WifiScoreCard: txRate: 2 txSpeed: 1
04-22 05:23:34.987   683   858 D WifiScoreCard: network update SIGNAL_POLL "AndroidWifi" ID: 579418950 RSSI -50 txSpeed -1
04-22 05:23:34.987   683   858 D WifiClientModeImpl[9769:wlan0]:  ClientModeImpl$L2ConnectedState screen=on 1 0 "AndroidWifi" 00:13:10:85:fe:01 rssi=-50 f=2447 sc=60 link=1 tx=1.5, 0.0, 0.0 rx=1.3 bcn=0 [on:0 tx:0 rx:0 period:3005] from screen [on:0 period:-1309845557] score=60
04-22 05:23:36.362  1086  1298 D SatelliteController: iisInCarrierRoamingNbIotNtn: satellite is disabled
04-22 05:23:36.409   938   938 D wpa_supplicant: nl80211: Drv Event 64 (NL80211_CMD_NOTIFY_CQM) received for wlan0
04-22 05:23:36.409   938   938 D wpa_supplicant: nl80211: Beacon loss event
04-22 05:23:36.409   938   938 D wpa_supplicant: wlan0: Event BEACON_LOSS (53) received
04-22 05:23:36.409   938   938 I wpa_supplicant: wlan0: CTRL-EVENT-BEACON-LOSS 
04-22 05:23:36.932   459  3393 I resolv  : ResNSendHandler::run: 0 / {101 983141 101 983141 1073 1}
04-22 05:23:36.932   459  3394 I resolv  : ResNSendHandler::run: 0 / {101 983141 101 983141 1073 1}
04-22 05:23:36.932   459  3393 I resolv  : resolv_cache_lookup: FOUND IN CACHE entry=0xb400007cdced1150
04-22 05:23:36.934   459  3395 I resolv  : ResNSendHandler::run: 0 / {101 983141 101 983141 1073 1}
04-22 05:23:36.934   459  3395 I resolv  : resolv_cache_lookup: FOUND IN CACHE entry=0xb400007e7ced28b0
04-22 05:23:36.934   459  3396 I resolv  : ResNSendHandler::run: 0 / {101 983141 101 983141 1073 1}
04-22 05:23:36.934   459  3396 I resolv  : resolv_cache_lookup: FOUND IN CACHE entry=0xb400007d2ced1320
04-22 05:23:36.938  1052  3391 D NetworkMonitor/101: PROBE_DNS www.google.com 9ms OK 104.244.42.197,2001::1
04-22 05:23:36.939   459  3397 I resolv  : GetAddrInfoHandler::run: {101 983141 101 983141 1073 1}
04-22 05:23:36.939   459  3398 I resolv  : res_nmkquery: (QUERY, IN, AAAA)
04-22 05:23:36.939   459  3398 I resolv  : resolv_cache_lookup: FOUND IN CACHE entry=0xb400007cdced1150
04-22 05:23:36.939   459  3398 I resolv  : doQuery: rcode=0, ancount=1, return value=60
04-22 05:23:36.939   459  3399 I resolv  : res_nmkquery: (QUERY, IN, A)
04-22 05:23:36.939   459  3399 I resolv  : resolv_cache_lookup: FOUND IN CACHE entry=0xb400007d2ced1320
04-22 05:23:36.939   459  3399 I resolv  : doQuery: rcode=0, ancount=1, return value=48
04-22 05:23:37.424   459  3394 I resolv  : res_nsend: used send_dg 117 terrno: 0
04-22 05:23:37.427  1052  3392 D NetworkMonitor/101: PROBE_DNS connectivitycheck.gstatic.com 498ms OK 114.250.65.34
04-22 05:23:37.428   459  3400 I resolv  : GetAddrInfoHandler::run: {101 983141 101 983141 1073 1}
04-22 05:23:37.429   459  3403 I resolv  : res_nmkquery: (QUERY, IN, A)
04-22 05:23:37.429   459  3403 I resolv  : resolv_cache_lookup: FOUND IN CACHE entry=0xb400007e7ced28b0
04-22 05:23:37.429   459  3403 I resolv  : doQuery: rcode=0, ancount=1, return value=63
04-22 05:23:37.429   459  3402 I resolv  : res_nmkquery: (QUERY, IN, AAAA)
04-22 05:23:37.429   459  3402 I resolv  : resolv_cache_lookup: FOUND IN CACHE entry=0xb400007d0cedd430
04-22 05:23:37.429   459  3402 I resolv  : doQuery: rcode=0, ancount=0, return value=117
04-22 05:23:37.926  1052  3392 D NetworkMonitor/101: PROBE_HTTP http://connectivitycheck.gstatic.com/generate_204 time=498ms ret=204 request={Connection=[close], User-Agent=[Mozilla/5.0 (X11; Linux x86_64) AppleWebKit/537.36 (KHTML, like Gecko) Chrome/60.0.3112.32 Safari/537.36]} headers={null=[HTTP/1.1 204 No Content], Connection=[close], Cross-Origin-Resource-Policy=[cross-origin], Date=[Tue, 21 Apr 2026 21:23:37 GMT], X-Android-Received-Millis=[1776806617925], X-Android-Response-Source=[NETWORK 204], X-Android-Selected-Protocol=[http/1.1], X-Android-Sent-Millis=[1776806617431]}
