04-22 05:24:59.180   683   858 D WifiScoreCard: network update SIGNAL_POLL "AndroidWifi" ID: 579418950 RSSI -50 txSpeed -1
04-22 05:24:59.181   683   858 D WifiClientModeImpl[9769:wlan0]:  ClientModeImpl$L2ConnectedState screen=on 1 0 "AndroidWifi" 00:13:10:85:fe:01 rssi=-50 f=2447 sc=60 link=1 tx=0.0, 0.0, 0.0 rx=0.0 bcn=0 [on:0 tx:0 rx:0 period:3005] from screen [on:0 period:-1309761364] score=60
04-22 05:25:02.189   683   858 W BestClock: java.time.DateTimeException: No network time available
04-22 05:25:02.189   683   858 W BestClock: java.time.DateTimeException: No network time available
04-22 05:25:02.189   683   858 W BestClock: java.time.DateTimeException: No network time available
04-22 05:25:02.189   683   858 W BestClock: java.time.DateTimeException: No network time available
04-22 05:25:02.189   683   858 W BestClock: java.time.DateTimeException: No network time available
04-22 05:25:02.190   683   858 D WifiClientModeImpl[9769:wlan0]: updateLinkLayerStatsRssiSpeedFrequencyCapabilities rssi=-50 TxLinkspeed=1 freq=2447 RxLinkSpeed=2
04-22 05:25:02.190   683   858 D WifiDataStall: tx tput in kbps: 11000
04-22 05:25:02.190   683   858 D WifiDataStall: rx tput in kbps: 11000
04-22 05:25:02.190   683   858 V WifiConfigManager: Updating scan detail cache freq=2447 BSSID=00:13:10:85:fe:01 RSSI=-50 for "AndroidWifi"NONE
04-22 05:25:02.190   683   858 D WifiThroughputPredictor:  utilization (LLS) 80 isBluetoothConnected: false final utilization: 80
04-22 05:25:02.190   683   858 D WifiThroughputPredictor:  BW: 0 RSSI: -50 Nss: 1 Mode: 1 symDur: 4000 snrDb 30 bitPerTone: 4500 rate: 54 throughput: 11
04-22 05:25:02.190   683   858 D WifiThroughputPredictor:  utilization (LLS) 80 isBluetoothConnected: false final utilization: 80
04-22 05:25:02.190   683   858 D WifiThroughputPredictor:  BW: 0 RSSI: -50 Nss: 1 Mode: 1 symDur: 4000 snrDb 30 bitPerTone: 4500 rate: 54 throughput: 11
04-22 05:25:02.191   683   858 D WifiThroughputPredictor:  utilization (LLS) 80 isBluetoothConnected: false final utilization: 80
04-22 05:25:02.191   683   858 D WifiThroughputPredictor:  BW: 0 RSSI: -50 Nss: 1 Mode: 1 symDur: 4000 snrDb 30 bitPerTone: 4500 rate: 54 throughput: 11
04-22 05:25:02.191   683   858 D WifiThroughputPredictor:  utilization (LLS) 80 isBluetoothConnected: false final utilization: 80
04-22 05:25:02.191   683   858 D WifiThroughputPredictor:  BW: 0 RSSI: -50 Nss: 1 Mode: 1 symDur: 4000 snrDb 30 bitPerTone: 4500 rate: 54 throughput: 11
04-22 05:25:02.191   683   858 D WifiScoreCard: BSSID update SIGNAL_POLL ID: 261501600 SSID: "AndroidWifi", BSSID: 00:13:10:85:fe:01, MAC: 02:15:b4:00:00:00, IP: /10.0.2.17, Security type: 0, Supplicant state: COMPLETED, Wi-Fi standard: legacy, RSSI: -50, Link speed: 1Mbps, Tx Link speed: 1Mbps, Max Supported Tx Link speed: 11Mbps, Rx Link speed: 2Mbps, Max Supported Rx Link speed: 11Mbps, Frequency: 2447MHz, Net ID: 0, Metered hint: false, score: 60, isUsable: true, CarrierMerged: false, SubscriptionId: -1, IsPrimary: 1, Trusted: true, Restricted: false, Ephemeral: false, OEM paid: false, OEM private: false, OSU AP: false, FQDN: <none>, Provider friendly name: <none>, Requesting package name: <none>"AndroidWifi"openMLO Information: , Is TID-To-Link negotiation supported by the AP: false, AP MLD Address: <none>, AP MLO Link Id: <none>, AP MLO Affiliated links: <none>, Vendor Data: <none>
04-22 05:25:02.191   683   858 D WifiScoreCard: txRate: 1 txSpeed: 1
04-22 05:25:02.191   683   858 D WifiScoreCard: network update SIGNAL_POLL "AndroidWifi" ID: 579418950 RSSI -50 txSpeed -1
04-22 05:25:02.191   683   858 D WifiClientModeImpl[9769:wlan0]:  ClientModeImpl$L2ConnectedState screen=on 1 0 "AndroidWifi" 00:13:10:85:fe:01 rssi=-50 f=2447 sc=60 link=1 tx=0.0, 0.0, 0.0 rx=0.0 bcn=0 [on:0 tx:0 rx:0 period:3010] from screen [on:0 period:-1309758353] score=60
04-22 05:25:04.470   938   938 D wpa_supplicant: nl80211: Drv Event 64 (NL80211_CMD_NOTIFY_CQM) received for wlan0
04-22 05:25:04.470   938   938 D wpa_supplicant: nl80211: Beacon loss event
04-22 05:25:04.470   938   938 D wpa_supplicant: wlan0: Event BEACON_LOSS (53) received
04-22 05:25:04.470   938   938 I wpa_supplicant: wlan0: CTRL-EVENT-BEACON-LOSS 
04-22 05:25:04.602   459  3452 I resolv  : ResNSendHandler::run: 0 / {101 983141 101 983141 1073 1}
04-22 05:25:04.602   459  3453 I resolv  : ResNSendHandler::run: 0 / {101 983141 101 983141 1073 1}
04-22 05:25:04.604   459  3454 I resolv  : ResNSendHandler::run: 0 / {101 983141 101 983141 1073 1}
04-22 05:25:04.604   459  3456 I resolv  : ResNSendHandler::run: 0 / {101 983141 101 983141 1073 1}
04-22 05:25:04.604   459  3456 I resolv  : resolv_cache_lookup: FOUND IN CACHE entry=0xb400007e7ced28b0
04-22 05:25:04.606   683   750 I WifiService: isFeatureSupported uid=1000 returns [WIFI_FEATURE_INFRA, WIFI_FEATURE_P2P, WIFI_FEATURE_MOBILE_HOTSPOT, WIFI_FEATURE_WPA3_SAE, WIFI_FEATURE_WPA3_SUITE_B, WIFI_FEATURE_OWE, WIFI_FEATURE_DPP, WIFI_FEATURE_AP_RAND_MAC, WIFI_FEATURE_MBO, WIFI_FEATURE_FILS_SHA256, WIFI_FEATURE_FILS_SHA384, WIFI_FEATURE_SAE_PK, WIFI_FEATURE_DPP_ENROLLEE_RESPONDER, WIFI_FEATURE_PASSPOINT_TERMS_AND_CONDITIONS, WIFI_FEATURE_WFD_R2, WIFI_FEATURE_DECORATED_IDENTITY, WIFI_FEATURE_TRUST_ON_FIRST_USE, WIFI_FEATURE_SET_TLS_MINIMUM_VERSION, WIFI_FEATURE_TLS_V1_3, WIFI_FEATURE_WEP, WIFI_FEATURE_WPA_PERSONAL]
04-22 05:25:05.074   459  3454 I resolv  : res_nsend: used send_dg 48 terrno: 0
04-22 05:25:05.074   459  3452 I resolv  : res_nsend: used send_dg 117 terrno: 0
04-22 05:25:05.074   459  3453 I resolv  : res_nsend: used send_dg 60 terrno: 0
04-22 05:25:05.078  1052  3451 D NetworkMonitor/101: PROBE_DNS connectivitycheck.gstatic.com 480ms OK 114.250.65.34
04-22 05:25:05.080   459  3457 I resolv  : GetAddrInfoHandler::run: {101 983141 101 983141 1073 1}
04-22 05:25:05.081   459  3458 I resolv  : res_nmkquery: (QUERY, IN, AAAA)
04-22 05:25:05.081   459  3458 I resolv  : resolv_cache_lookup: FOUND IN CACHE entry=0xb400007d0cedcb30
04-22 05:25:05.081   459  3458 I resolv  : doQuery: rcode=0, ancount=0, return value=117
04-22 05:25:05.081   459  3459 I resolv  : res_nmkquery: (QUERY, IN, A)
04-22 05:25:05.081   459  3459 I resolv  : resolv_cache_lookup: FOUND IN CACHE entry=0xb400007e7ced28b0
04-22 05:25:05.081   459  3459 I resolv  : doQuery: rcode=0, ancount=1, return value=63
04-22 05:25:05.083  1052  3450 D NetworkMonitor/101: PROBE_DNS www.google.com 485ms OK 157.240.7.20,2001::1
04-22 05:25:05.085   459  3460 I resolv  : GetAddrInfoHandler::run: {101 983141 101 983141 1073 1}
04-22 05:25:05.086   459  3461 I resolv  : res_nmkquery: (QUERY, IN, AAAA)
04-22 05:25:05.086   459  3461 I resolv  : resolv_cache_lookup: FOUND IN CACHE entry=0xb400007cdced1150
04-22 05:25:05.086   459  3461 I resolv  : doQuery: rcode=0, ancount=1, return value=60
04-22 05:25:05.086   459  3462 I resolv  : res_nmkquery: (QUERY, IN, A)
04-22 05:25:05.086   459  3462 I resolv  : resolv_cache_lookup: FOUND IN CACHE entry=0xb400007d2ced1320
04-22 05:25:05.086   459  3462 I resolv  : doQuery: rcode=0, ancount=1, return value=48
04-22 05:25:05.197   683   858 W BestClock: java.time.DateTimeException: No network time available
04-22 05:25:05.197   683   858 W BestClock: java.time.DateTimeException: No network time available
04-22 05:25:05.197   683   858 W BestClock: java.time.DateTimeException: No network time available
04-22 05:25:05.197   683   858 W BestClock: java.time.DateTimeException: No network time available
04-22 05:25:05.197   683   858 W BestClock: java.time.DateTimeException: No network time available
04-22 05:25:05.198   683   858 D WifiClientModeImpl[9769:wlan0]: updateLinkLayerStatsRssiSpeedFrequencyCapabilities rssi=-50 TxLinkspeed=1 freq=2447 RxLinkSpeed=2
04-22 05:25:05.198   683   858 D WifiDataStall: tx tput in kbps: 11000
04-22 05:25:05.198   683   858 D WifiDataStall: rx tput in kbps: 11000
04-22 05:25:05.198   683   858 V WifiConfigManager: Updating scan detail cache freq=2447 BSSID=00:13:10:85:fe:01 RSSI=-50 for "AndroidWifi"NONE
04-22 05:25:05.198   683   858 D WifiThroughputPredictor:  utilization (LLS) 80 isBluetoothConnected: false final utilization: 80
04-22 05:25:05.198   683   858 D WifiThroughputPredictor:  BW: 0 RSSI: -50 Nss: 1 Mode: 1 symDur: 4000 snrDb 30 bitPerTone: 4500 rate: 54 throughput: 11
04-22 05:25:05.198   683   858 D WifiThroughputPredictor:  utilization (LLS) 80 isBluetoothConnected: false final utilization: 80
04-22 05:25:05.198   683   858 D WifiThroughputPredictor:  BW: 0 RSSI: -50 Nss: 1 Mode: 1 symDur: 4000 snrDb 30 bitPerTone: 4500 rate: 54 throughput: 11
04-22 05:25:05.198   683   858 D WifiThroughputPredictor:  utilization (LLS) 80 isBluetoothConnected: false final utilization: 80
04-22 05:25:05.198   683   858 D WifiThroughputPredictor:  BW: 0 RSSI: -50 Nss: 1 Mode: 1 symDur: 4000 snrDb 30 bitPerTone: 4500 rate: 54 throughput: 11
04-22 05:25:05.198   683   858 D WifiThroughputPredictor:  utilization (LLS) 80 isBluetoothConnected: false final utilization: 80
04-22 05:25:05.198   683   858 D WifiThroughputPredictor:  BW: 0 RSSI: -50 Nss: 1 Mode: 1 symDur: 4000 snrDb 30 bitPerTone: 4500 rate: 54 throughput: 11
04-22 05:25:05.198   683   858 D WifiScoreCard: BSSID update SIGNAL_POLL ID: 261501600 SSID: "AndroidWifi", BSSID: 00:13:10:85:fe:01, MAC: 02:15:b4:00:00:00, IP: /10.0.2.17, Security type: 0, Supplicant state: COMPLETED, Wi-Fi standard: legacy, RSSI: -50, Link speed: 1Mbps, Tx Link speed: 1Mbps, Max Supported Tx Link speed: 11Mbps, Rx Link speed: 2Mbps, Max Supported Rx Link speed: 11Mbps, Frequency: 2447MHz, Net ID: 0, Metered hint: false, score: 60, isUsable: true, CarrierMerged: false, SubscriptionId: -1, IsPrimary: 1, Trusted: true, Restricted: false, Ephemeral: false, OEM paid: false, OEM private: false, OSU AP: false, FQDN: <none>, Provider friendly name: <none>, Requesting package name: <none>"AndroidWifi"openMLO Information: , Is TID-To-Link negotiation supported by the AP: false, AP MLD Address: <none>, AP MLO Link Id: <none>, AP MLO Affiliated links: <none>, Vendor Data: <none>
04-22 05:25:05.198   683   858 D WifiScoreCard: txRate: 2 txSpeed: 1
04-22 05:25:05.198   683   858 D WifiScoreCard: network update SIGNAL_POLL "AndroidWifi" ID: 579418950 RSSI -50 txSpeed -1
04-22 05:25:05.198   683   858 D WifiClientModeImpl[9769:wlan0]:  ClientModeImpl$L2ConnectedState screen=on 1 0 "AndroidWifi" 00:13:10:85:fe:01 rssi=-50 f=2447 sc=60 link=1 tx=1.8, 0.0, 0.0 rx=1.4 bcn=0 [on:0 tx:0 rx:0 period:3007] from screen [on:0 period:-1309755346] score=60
04-22 05:25:05.576  1052  3451 D NetworkMonitor/101: PROBE_HTTP http://connectivitycheck.gstatic.com/generate_204 time=496ms ret=204 request={Connection=[close], User-Agent=[Mozilla/5.0 (X11; Linux x86_64) AppleWebKit/537.36 (KHTML, like Gecko) Chrome/60.0.3112.32 Safari/537.36]} headers={null=[HTTP/1.1 204 No Content], Connection=[close], Cross-Origin-Resource-Policy=[cross-origin], Date=[Tue, 21 Apr 2026 21:25:05 GMT], X-Android-Received-Millis=[1776806705576], X-Android-Response-Source=[NETWORK 204], X-Android-Selected-Protocol=[http/1.1], X-Android-Sent-Millis=[1776806705084]}
04-22 05:25:06.409  1086  1298 D SatelliteController: iisInCarrierRoamingNbIotNtn: satellite is disabled
04-22 05:25:07.603   459  3463 I resolv  : GetAddrInfoHandler::run: {101 983141 101 983141 1073 1}
04-22 05:25:07.603   459  3464 I resolv  : res_nmkquery: (QUERY, IN, AAAA)
04-22 05:25:07.603   459  3464 I resolv  : resolv_cache_lookup: FOUND IN CACHE entry=0xb400007d0ced8690
04-22 05:25:07.603   459  3464 I resolv  : doQuery: rcode=0, ancount=4, return value=149
04-22 05:25:07.603   459  3465 I resolv  : res_nmkquery: (QUERY, IN, A)
04-22 05:25:08.078   459  3465 I resolv  : res_nsend: used send_dg 101 terrno: 0
04-22 05:25:08.078   459  3465 I resolv  : doQuery: rcode=0, ancount=4, return value=101
04-22 05:25:08.202   683   858 W BestClock: java.time.DateTimeException: No network time available
04-22 05:25:08.203   683   858 W BestClock: java.time.DateTimeException: No network time available
04-22 05:25:08.203   683   858 W BestClock: java.time.DateTimeException: No network time available
04-22 05:25:08.203   683   858 W BestClock: java.time.DateTimeException: No network time available
04-22 05:25:08.203   683   858 W BestClock: java.time.DateTimeException: No network time available
04-22 05:25:08.204   683   858 D WifiClientModeImpl[9769:wlan0]: updateLinkLayerStatsRssiSpeedFrequencyCapabilities rssi=-50 TxLinkspeed=1 freq=2447 RxLinkSpeed=2
04-22 05:25:08.205   683   858 D WifiDataStall: tx tput in kbps: 11000
04-22 05:25:08.205   683   858 D WifiDataStall: rx tput in kbps: 11000
04-22 05:25:08.205   683   858 V WifiConfigManager: Updating scan detail cache freq=2447 BSSID=00:13:10:85:fe:01 RSSI=-50 for "AndroidWifi"NONE
04-22 05:25:08.206   683   858 D WifiThroughputPredictor:  utilization (LLS) 80 isBluetoothConnected: false final utilization: 80
04-22 05:25:08.207   683   858 D WifiThroughputPredictor:  BW: 0 RSSI: -50 Nss: 1 Mode: 1 symDur: 4000 snrDb 30 bitPerTone: 4500 rate: 54 throughput: 11
04-22 05:25:08.207   683   858 D WifiThroughputPredictor:  utilization (LLS) 80 isBluetoothConnected: false final utilization: 80
04-22 05:25:08.207   683   858 D WifiThroughputPredictor:  BW: 0 RSSI: -50 Nss: 1 Mode: 1 symDur: 4000 snrDb 30 bitPerTone: 4500 rate: 54 throughput: 11
04-22 05:25:08.208   683   858 D WifiThroughputPredictor:  utilization (LLS) 80 isBluetoothConnected: false final utilization: 80
04-22 05:25:08.208   683   858 D WifiThroughputPredictor:  BW: 0 RSSI: -50 Nss: 1 Mode: 1 symDur: 4000 snrDb 30 bitPerTone: 4500 rate: 54 throughput: 11
04-22 05:25:08.208   683   858 D WifiThroughputPredictor:  utilization (LLS) 80 isBluetoothConnected: false final utilization: 80
04-22 05:25:08.208   683   858 D WifiThroughputPredictor:  BW: 0 RSSI: -50 Nss: 1 Mode: 1 symDur: 4000 snrDb 30 bitPerTone: 4500 rate: 54 throughput: 11
04-22 05:25:08.209   683   858 D WifiScoreCard: BSSID update SIGNAL_POLL ID: 261501600 SSID: "AndroidWifi", BSSID: 00:13:10:85:fe:01, MAC: 02:15:b4:00:00:00, IP: /10.0.2.17, Security type: 0, Supplicant state: COMPLETED, Wi-Fi standard: legacy, RSSI: -50, Link speed: 1Mbps, Tx Link speed: 1Mbps, Max Supported Tx Link speed: 11Mbps, Rx Link speed: 2Mbps, Max Supported Rx Link speed: 11Mbps, Frequency: 2447MHz, Net ID: 0, Metered hint: false, score: 60, isUsable: true, CarrierMerged: false, SubscriptionId: -1, IsPrimary: 1, Trusted: true, Restricted: false, Ephemeral: false, OEM paid: false, OEM private: false, OSU AP: false, FQDN: <none>, Provider friendly name: <none>, Requesting package name: <none>"AndroidWifi"openMLO Information: , Is TID-To-Link negotiation supported by the AP: false, AP MLD Address: <none>, AP MLO Link Id: <none>, AP MLO Affiliated links: <none>, Vendor Data: <none>
04-22 05:25:08.209   683   858 D WifiScoreCard: txRate: 2 txSpeed: 1
04-22 05:25:08.209   683   858 D WifiScoreCard: network update SIGNAL_POLL "AndroidWifi" ID: 579418950 RSSI -50 txSpeed -1
04-22 05:25:08.210   683   858 D WifiClientModeImpl[9769:wlan0]:  ClientModeImpl$L2ConnectedState screen=on 1 0 "AndroidWifi" 00:13:10:85:fe:01 rssi=-50 f=2447 sc=60 link=1 tx=1.9, 0.0, 0.0 rx=1.8 bcn=0 [on:0 tx:0 rx:0 period:3012] from screen [on:0 period:-1309752334] score=60
04-22 05:25:08.578  1052  3449 D NetworkMonitor/101: PROBE_FALLBACK http://play.googleapis.com/generate_204 time=977ms ret=204 request={Connection=[close], User-Agent=[Mozilla/5.0 (X11; Linux x86_64) AppleWebKit/537.36 (KHTML, like Gecko) Chrome/60.0.3112.32 Safari/537.36]} headers={null=[HTTP/1.1 204 No Content], Connection=[close], Cross-Origin-Resource-Policy=[cross-origin], Date=[Tue, 21 Apr 2026 21:25:08 GMT], X-Android-Received-Millis=[1776806708578], X-Android-Response-Source=[NETWORK 204], X-Android-Selected-Protocol=[http/1.1], X-Android-Sent-Millis=[1776806708082]}
04-22 05:25:11.209   683   858 W BestClock: java.time.DateTimeException: No network time available
04-22 05:25:11.210   683   858 W BestClock: java.time.DateTimeException: No network time available
04-22 05:25:11.210   683   858 W BestClock: java.time.DateTimeException: No network time available
04-22 05:25:11.210   683   858 W BestClock: java.time.DateTimeException: No network time available
04-22 05:25:11.210   683   858 W BestClock: java.time.DateTimeException: No network time available
04-22 05:25:11.212   683   858 D WifiClientModeImpl[9769:wlan0]: updateLinkLayerStatsRssiSpeedFrequencyCapabilities rssi=-50 TxLinkspeed=2 freq=2447 RxLinkSpeed=2
04-22 05:25:11.212   683   858 D WifiDataStall: tx tput in kbps: 11000
04-22 05:25:11.212   683   858 D WifiDataStall: rx tput in kbps: 11000
04-22 05:25:11.212   683   858 V WifiConfigManager: Updating scan detail cache freq=2447 BSSID=00:13:10:85:fe:01 RSSI=-50 for "AndroidWifi"NONE
04-22 05:25:11.212   683   858 D WifiThroughputPredictor:  utilization (LLS) 80 isBluetoothConnected: false final utilization: 80
04-22 05:25:11.212   683   858 D WifiThroughputPredictor:  BW: 0 RSSI: -50 Nss: 1 Mode: 1 symDur: 4000 snrDb 30 bitPerTone: 4500 rate: 54 throughput: 11
04-22 05:25:11.212   683   858 D WifiThroughputPredictor:  utilization (LLS) 80 isBluetoothConnected: false final utilization: 80
04-22 05:25:11.212   683   858 D WifiThroughputPredictor:  BW: 0 RSSI: -50 Nss: 1 Mode: 1 symDur: 4000 snrDb 30 bitPerTone: 4500 rate: 54 throughput: 11
04-22 05:25:11.212   683   858 D WifiThroughputPredictor:  utilization (LLS) 80 isBluetoothConnected: false final utilization: 80
04-22 05:25:11.212   683   858 D WifiThroughputPredictor:  BW: 0 RSSI: -50 Nss: 1 Mode: 1 symDur: 4000 snrDb 30 bitPerTone: 4500 rate: 54 throughput: 11
04-22 05:25:11.212   683   858 D WifiThroughputPredictor:  utilization (LLS) 80 isBluetoothConnected: false final utilization: 80
04-22 05:25:11.212   683   858 D WifiThroughputPredictor:  BW: 0 RSSI: -50 Nss: 1 Mode: 1 symDur: 4000 snrDb 30 bitPerTone: 4500 rate: 54 throughput: 11
04-22 05:25:11.213   683   858 D WifiScoreCard: BSSID update SIGNAL_POLL ID: 261501600 SSID: "AndroidWifi", BSSID: 00:13:10:85:fe:01, MAC: 02:15:b4:00:00:00, IP: /10.0.2.17, Security type: 0, Supplicant state: COMPLETED, Wi-Fi standard: legacy, RSSI: -50, Link speed: 2Mbps, Tx Link speed: 2Mbps, Max Supported Tx Link speed: 11Mbps, Rx Link speed: 2Mbps, Max Supported Rx Link speed: 11Mbps, Frequency: 2447MHz, Net ID: 0, Metered hint: false, score: 60, isUsable: true, CarrierMerged: false, SubscriptionId: -1, IsPrimary: 1, Trusted: true, Restricted: false, Ephemeral: false, OEM paid: false, OEM private: false, OSU AP: false, FQDN: <none>, Provider friendly name: <none>, Requesting package name: <none>"AndroidWifi"openMLO Information: , Is TID-To-Link negotiation supported by the AP: false, AP MLD Address: <none>, AP MLO Link Id: <none>, AP MLO Affiliated links: <none>, Vendor Data: <none>
04-22 05:25:11.213   683   858 D WifiScoreCard: txRate: 2 txSpeed: 2
04-22 05:25:11.213   683   858 D WifiScoreCard: network update SIGNAL_POLL "AndroidWifi" ID: 579418950 RSSI -50 txSpeed -1
04-22 05:25:11.213   683   858 D WifiClientModeImpl[9769:wlan0]:  ClientModeImpl$L2ConnectedState screen=on 1 0 "AndroidWifi" 00:13:10:85:fe:01 rssi=-50 f=2447 sc=60 link=2 tx=1.1, 0.0, 0.0 rx=1.2 bcn=0 [on:0 tx:0 rx:0 period:3003] from screen [on:0 period:-1309749331] score=60
04-22 05:25:12.407   938   938 D wpa_supplicant: nl80211: Drv Event 64 (NL80211_CMD_NOTIFY_CQM) received for wlan0
04-22 05:25:12.407   938   938 D wpa_supplicant: nl80211: Beacon loss event
04-22 05:25:12.407   938   938 D wpa_supplicant: wlan0: Event BEACON_LOSS (53) received
04-22 05:25:12.407   938   938 I wpa_supplicant: wlan0: CTRL-EVENT-BEACON-LOSS 
04-22 05:25:14.218   683   858 W BestClock: java.time.DateTimeException: No network time available
04-22 05:25:14.219   683   858 W BestClock: java.time.DateTimeException: No network time available
04-22 05:25:14.219   683   858 W BestClock: java.time.DateTimeException: No network time available
04-22 05:25:14.219   683   858 W BestClock: java.time.DateTimeException: No network time available
04-22 05:25:14.219   683   858 W BestClock: java.time.DateTimeException: No network time available
04-22 05:25:14.219   683   858 D WifiClientModeImpl[9769:wlan0]: updateLinkLayerStatsRssiSpeedFrequencyCapabilities rssi=-50 TxLinkspeed=1 freq=2447 RxLinkSpeed=2
04-22 05:25:14.220   683   858 D WifiDataStall: tx tput in kbps: 11000
04-22 05:25:14.220   683   858 D WifiDataStall: rx tput in kbps: 11000
04-22 05:25:14.220   683   858 V WifiConfigManager: Updating scan detail cache freq=2447 BSSID=00:13:10:85:fe:01 RSSI=-50 for "AndroidWifi"NONE
04-22 05:25:14.221   683   858 D WifiThroughputPredictor:  utilization (LLS) 80 isBluetoothConnected: false final utilization: 80
04-22 05:25:14.221   683   858 D WifiThroughputPredictor:  BW: 0 RSSI: -50 Nss: 1 Mode: 1 symDur: 4000 snrDb 30 bitPerTone: 4500 rate: 54 throughput: 11
04-22 05:25:14.221   683   858 D WifiThroughputPredictor:  utilization (LLS) 80 isBluetoothConnected: false final utilization: 80
04-22 05:25:14.221   683   858 D WifiThroughputPredictor:  BW: 0 RSSI: -50 Nss: 1 Mode: 1 symDur: 4000 snrDb 30 bitPerTone: 4500 rate: 54 throughput: 11
04-22 05:25:14.221   683   858 D WifiThroughputPredictor:  utilization (LLS) 80 isBluetoothConnected: false final utilization: 80
04-22 05:25:14.221   683   858 D WifiThroughputPredictor:  BW: 0 RSSI: -50 Nss: 1 Mode: 1 symDur: 4000 snrDb 30 bitPerTone: 4500 rate: 54 throughput: 11
04-22 05:25:14.221   683   858 D WifiThroughputPredictor:  utilization (LLS) 80 isBluetoothConnected: false final utilization: 80
04-22 05:25:14.221   683   858 D WifiThroughputPredictor:  BW: 0 RSSI: -50 Nss: 1 Mode: 1 symDur: 4000 snrDb 30 bitPerTone: 4500 rate: 54 throughput: 11
04-22 05:25:14.221   683   858 D WifiScoreCard: BSSID update SIGNAL_POLL ID: 261501600 SSID: "AndroidWifi", BSSID: 00:13:10:85:fe:01, MAC: 02:15:b4:00:00:00, IP: /10.0.2.17, Security type: 0, Supplicant state: COMPLETED, Wi-Fi standard: legacy, RSSI: -50, Link speed: 1Mbps, Tx Link speed: 1Mbps, Max Supported Tx Link speed: 11Mbps, Rx Link speed: 2Mbps, Max Supported Rx Link speed: 11Mbps, Frequency: 2447MHz, Net ID: 0, Metered hint: false, score: 60, isUsable: true, CarrierMerged: false, SubscriptionId: -1, IsPrimary: 1, Trusted: true, Restricted: false, Ephemeral: false, OEM paid: false, OEM private: false, OSU AP: false, FQDN: <none>, Provider friendly name: <none>, Requesting package name: <none>"AndroidWifi"openMLO Information: , Is TID-To-Link negotiation supported by the AP: false, AP MLD Address: <none>, AP MLO Link Id: <none>, AP MLO Affiliated links: <none>, Vendor Data: <none>
04-22 05:25:14.221   683   858 D WifiScoreCard: txRate: 1 txSpeed: 1
04-22 05:25:14.221   683   858 D WifiScoreCard: network update SIGNAL_POLL "AndroidWifi" ID: 579418950 RSSI -50 txSpeed -1
04-22 05:25:14.221   683   858 D WifiClientModeImpl[9769:wlan0]:  ClientModeImpl$L2ConnectedState screen=on 1 0 "AndroidWifi" 00:13:10:85:fe:01 rssi=-50 f=2447 sc=60 link=1 tx=0.4, 0.0, 0.0 rx=0.4 bcn=0 [on:0 tx:0 rx:0 period:3008] from screen [on:0 period:-1309746323] score=60
04-22 05:25:15.609  1052  3450 D NetworkMonitor/101: PROBE_HTTPS https://www.google.com/generate_204 Probe failed with exception javax.net.ssl.SSLHandshakeException: connection closed
04-22 05:25:15.610  1052  3449 D NetworkMonitor/101: isCaptivePortal: isSuccessful()=false isPortal()=false RedirectUrl=null isPartialConnectivity()=true Time=11014ms
04-22 05:25:15.611   683   864 D ConnectivityService: [101 WIFI] validation failed
04-22 05:25:16.415  1086  1298 D SatelliteController: iisInCarrierRoamingNbIotNtn: satellite is disabled
04-22 05:25:16.645   683   858 D WifiNetworkSelector: Current connected network: 0
04-22 05:25:16.646   683   858 D WifiNetworkSelector: Current network has [1] no-internet access reports
04-22 05:25:16.646   683   858 V WifiConnectivityManager: schedulePeriodicScanTimer intervalMs 160000
04-22 05:25:16.653   683   862 I WifiScanningService: Registering listener= com.android.server.wifi.scanner.WifiScannerInternal$ScanListener@3407b85 uid=1000 packageName=null workSource=WorkSource{1000}
04-22 05:25:16.653   683   862 I WifiScanningService: start scan: ClientInfo[uid=1000, package=null, attributionTag=null, com.android.server.wifi.scanner.WifiScannerInternal$ScanListener@3407b85] package null AttributionTag null
04-22 05:25:16.653   683   862 I WifiScanningService: addSingleScanRequest: ClientInfo[uid=1000, package=null, attributionTag=null, com.android.server.wifi.scanner.WifiScannerInternal$ScanListener@3407b85],WorkSource{1010}, ScanSettings {  type:HIGH ACCURACY band:24Ghz & 5Ghz (DFS incl) & 6Ghz ignoreLocationSettings:false period:0 reportEvents:3 numBssidsPerScan:0 maxScansToCache:0 rnrSetting:1 6GhzPscOnlyEnabled:true channels:[  ]  } 
04-22 05:25:16.653   683   862 D WifiScanningService: replySucceeded onSuccess
04-22 05:25:16.656   938   938 D wpa_supplicant: nl80211: Drv Event 33 (NL80211_CMD_TRIGGER_SCAN) received for wlan0
04-22 05:25:16.658   938   938 D wpa_supplicant: wlan0: nl80211: Scan trigger
04-22 05:25:16.658   938   938 D wpa_supplicant: wlan0: Event SCAN_STARTED (47) received
04-22 05:25:16.658   938   938 D wpa_supplicant: wlan0: External program started a scan
04-22 05:25:17.223   683   858 W BestClock: java.time.DateTimeException: No network time available
04-22 05:25:17.224   683   858 W BestClock: java.time.DateTimeException: No network time available
04-22 05:25:17.224   683   858 W BestClock: java.time.DateTimeException: No network time available
04-22 05:25:17.224   683   858 W BestClock: java.time.DateTimeException: No network time available
04-22 05:25:17.224   683   858 W BestClock: java.time.DateTimeException: No network time available
04-22 05:25:17.225   683   858 D WifiClientModeImpl[9769:wlan0]: updateLinkLayerStatsRssiSpeedFrequencyCapabilities rssi=-50 TxLinkspeed=1 freq=2447 RxLinkSpeed=2
04-22 05:25:17.226   683   858 D WifiDataStall: tx tput in kbps: 11000
04-22 05:25:17.226   683   858 D WifiDataStall: rx tput in kbps: 11000
04-22 05:25:17.226   683   858 V WifiConfigManager: Updating scan detail cache freq=2447 BSSID=00:13:10:85:fe:01 RSSI=-50 for "AndroidWifi"NONE
04-22 05:25:17.226   683   858 D WifiThroughputPredictor:  utilization (LLS) 80 isBluetoothConnected: false final utilization: 80
04-22 05:25:17.226   683   858 D WifiThroughputPredictor:  BW: 0 RSSI: -50 Nss: 1 Mode: 1 symDur: 4000 snrDb 30 bitPerTone: 4500 rate: 54 throughput: 11
04-22 05:25:17.226   683   858 D WifiThroughputPredictor:  utilization (LLS) 80 isBluetoothConnected: false final utilization: 80
04-22 05:25:17.226   683   858 D WifiThroughputPredictor:  BW: 0 RSSI: -50 Nss: 1 Mode: 1 symDur: 4000 snrDb 30 bitPerTone: 4500 rate: 54 throughput: 11
04-22 05:25:17.226   683   858 D WifiThroughputPredictor:  utilization (LLS) 80 isBluetoothConnected: false final utilization: 80
04-22 05:25:17.226   683   858 D WifiThroughputPredictor:  BW: 0 RSSI: -50 Nss: 1 Mode: 1 symDur: 4000 snrDb 30 bitPerTone: 4500 rate: 54 throughput: 11
04-22 05:25:17.226   683   858 D WifiThroughputPredictor:  utilization (LLS) 80 isBluetoothConnected: false final utilization: 80
04-22 05:25:17.226   683   858 D WifiThroughputPredictor:  BW: 0 RSSI: -50 Nss: 1 Mode: 1 symDur: 4000 snrDb 30 bitPerTone: 4500 rate: 54 throughput: 11
04-22 05:25:17.226   683   858 D WifiScoreCard: BSSID update SIGNAL_POLL ID: 261501600 SSID: "AndroidWifi", BSSID: 00:13:10:85:fe:01, MAC: 02:15:b4:00:00:00, IP: /10.0.2.17, Security type: 0, Supplicant state: COMPLETED, Wi-Fi standard: legacy, RSSI: -50, Link speed: 1Mbps, Tx Link speed: 1Mbps, Max Supported Tx Link speed: 11Mbps, Rx Link speed: 2Mbps, Max Supported Rx Link speed: 11Mbps, Frequency: 2447MHz, Net ID: 0, Metered hint: false, score: 60, isUsable: true, CarrierMerged: false, SubscriptionId: -1, IsPrimary: 1, Trusted: true, Restricted: false, Ephemeral: false, OEM paid: false, OEM private: false, OSU AP: false, FQDN: <none>, Provider friendly name: <none>, Requesting package name: <none>"AndroidWifi"openMLO Information: , Is TID-To-Link negotiation supported by the AP: false, AP MLD Address: <none>, AP MLO Link Id: <none>, AP MLO Affiliated links: <none>, Vendor Data: <none>
04-22 05:25:17.226   683   858 D WifiScoreCard: txRate: 2 txSpeed: 1
04-22 05:25:17.226   683   858 D WifiScoreCard: network update SIGNAL_POLL "AndroidWifi" ID: 579418950 RSSI -50 txSpeed -1
04-22 05:25:17.227   683   858 D WifiClientModeImpl[9769:wlan0]:  ClientModeImpl$L2ConnectedState screen=on 1 0 "AndroidWifi" 00:13:10:85:fe:01 rssi=-50 f=2447 sc=60 link=1 tx=1.6, 0.0, 0.0 rx=1.4 bcn=0 [on:0 tx:0 rx:0 period:3006] from screen [on:0 period:-1309743317] score=60
04-22 05:25:17.854  1652  2093 I bdee    : (REDACTED) getHotwordActive::active query: %s, watch: %s, devices connected: %s
04-22 05:25:20.231   683   858 W BestClock: java.time.DateTimeException: No network time available
04-22 05:25:20.231   683   858 W BestClock: java.time.DateTimeException: No network time available
04-22 05:25:20.231   683   858 W BestClock: java.time.DateTimeException: No network time available
04-22 05:25:20.231   683   858 W BestClock: java.time.DateTimeException: No network time available
04-22 05:25:20.231   683   858 W BestClock: java.time.DateTimeException: No network time available
04-22 05:25:20.232   683   858 D WifiClientModeImpl[9769:wlan0]: updateLinkLayerStatsRssiSpeedFrequencyCapabilities rssi=-50 TxLinkspeed=1 freq=2447 RxLinkSpeed=2
04-22 05:25:20.232   683   858 D WifiDataStall: tx tput in kbps: 11000
04-22 05:25:20.232   683   858 D WifiDataStall: rx tput in kbps: 11000
04-22 05:25:20.232   683   858 V WifiConfigManager: Updating scan detail cache freq=2447 BSSID=00:13:10:85:fe:01 RSSI=-50 for "AndroidWifi"NONE
04-22 05:25:20.232   683   858 D WifiThroughputPredictor:  utilization (LLS) 80 isBluetoothConnected: false final utilization: 80
04-22 05:25:20.232   683   858 D WifiThroughputPredictor:  BW: 0 RSSI: -50 Nss: 1 Mode: 1 symDur: 4000 snrDb 30 bitPerTone: 4500 rate: 54 throughput: 11
04-22 05:25:20.232   683   858 D WifiThroughputPredictor:  utilization (LLS) 80 isBluetoothConnected: false final utilization: 80
04-22 05:25:20.232   683   858 D WifiThroughputPredictor:  BW: 0 RSSI: -50 Nss: 1 Mode: 1 symDur: 4000 snrDb 30 bitPerTone: 4500 rate: 54 throughput: 11
04-22 05:25:20.232   683   858 D WifiThroughputPredictor:  utilization (LLS) 80 isBluetoothConnected: false final utilization: 80
04-22 05:25:20.232   683   858 D WifiThroughputPredictor:  BW: 0 RSSI: -50 Nss: 1 Mode: 1 symDur: 4000 snrDb 30 bitPerTone: 4500 rate: 54 throughput: 11
04-22 05:25:20.232   683   858 D WifiThroughputPredictor:  utilization (LLS) 80 isBluetoothConnected: false final utilization: 80
04-22 05:25:20.232   683   858 D WifiThroughputPredictor:  BW: 0 RSSI: -50 Nss: 1 Mode: 1 symDur: 4000 snrDb 30 bitPerTone: 4500 rate: 54 throughput: 11
04-22 05:25:20.233   683   858 D WifiScoreCard: BSSID update SIGNAL_POLL ID: 261501600 SSID: "AndroidWifi", BSSID: 00:13:10:85:fe:01, MAC: 02:15:b4:00:00:00, IP: /10.0.2.17, Security type: 0, Supplicant state: COMPLETED, Wi-Fi standard: legacy, RSSI: -50, Link speed: 1Mbps, Tx Link speed: 1Mbps, Max Supported Tx Link speed: 11Mbps, Rx Link speed: 2Mbps, Max Supported Rx Link speed: 11Mbps, Frequency: 2447MHz, Net ID: 0, Metered hint: false, score: 60, isUsable: true, CarrierMerged: false, SubscriptionId: -1, IsPrimary: 1, Trusted: true, Restricted: false, Ephemeral: false, OEM paid: false, OEM private: false, OSU AP: false, FQDN: <none>, Provider friendly name: <none>, Requesting package name: <none>"AndroidWifi"openMLO Information: , Is TID-To-Link negotiation supported by the AP: false, AP MLD Address: <none>, AP MLO Link Id: <none>, AP MLO Affiliated links: <none>, Vendor Data: <none>
04-22 05:25:20.233   683   858 D WifiScoreCard: txRate: 1 txSpeed: 1
04-22 05:25:20.233   683   858 D WifiScoreCard: network update SIGNAL_POLL "AndroidWifi" ID: 579418950 RSSI -50 txSpeed -1
04-22 05:25:20.233   683   858 D WifiClientModeImpl[9769:wlan0]:  ClientModeImpl$L2ConnectedState screen=on 1 0 "AndroidWifi" 00:13:10:85:fe:01 rssi=-50 f=2447 sc=60 link=1 tx=0.5, 0.0, 0.0 rx=0.5 bcn=0 [on:0 tx:0 rx:0 period:3006] from screen [on:0 period:-1309740311] score=60
04-22 05:25:20.454   938   938 D wpa_supplicant: nl80211: Drv Event 34 (NL80211_CMD_NEW_SCAN_RESULTS) received for wlan0
04-22 05:25:20.455   938   938 D wpa_supplicant: wlan0: nl80211: New scan results available
04-22 05:25:20.455   938   938 D wpa_supplicant: nl80211: Scan probed for SSID ''
04-22 05:25:20.455   938   938 D wpa_supplicant: nl80211: Scan included frequencies: 2412 2417 2422 2427 2432 2437 2442 2447 2452 2457 2462 2467 2472 2484 5180 5200 5220 5240 5260 5280 5300 5320 5500 5520 5540 5560 5580 5600 5620 5640 5660 5680 5700 5745 5765 5785 5805 5825
04-22 05:25:20.455   938   938 D wpa_supplicant: wlan0: Event SCAN_RESULTS (3) received
04-22 05:25:20.455   938   938 D wpa_supplicant: nl80211: Received scan results (1 BSSes)
04-22 05:25:20.455   938   938 D wpa_supplicant: nl80211: Scan results indicate BSS status with 00:13:10:85:fe:01 as associated
04-22 05:25:20.455   938   938 D wpa_supplicant: wlan0: BSS: Start scan result update 205
04-22 05:25:20.455   938   938 D wpa_supplicant: BSS: last_scan_res_used=1/32
04-22 05:25:20.455   938   938 D wpa_supplicant: wlan0: New scan results available (own=0 ext=1)
04-22 05:25:20.455   938   938 D wpa_supplicant: wlan0: Do not use results from externally requested scan operation for network selection
04-22 05:25:20.455   938   938 D wpa_supplicant: p2p-dev-wlan0: Updating scan results from sibling
04-22 05:25:20.455   938   938 D wpa_supplicant: nl80211: Received scan results (1 BSSes)
04-22 05:25:20.455   938   938 D wpa_supplicant: p2p-dev-wlan0: BSS: Start scan result update 205
04-22 05:25:20.455   938   938 D wpa_supplicant: BSS: last_scan_res_used=1/32
04-22 05:25:20.455   938   938 D wpa_supplicant: p2p-dev-wlan0: New scan results available (own=0 ext=1)
04-22 05:25:20.455   938   938 D wpa_supplicant: p2p-dev-wlan0: Do not use results from externally requested scan operation for network selection
04-22 05:25:20.456   683  1818 D WifiNl80211Manager: Scan result ready event
04-22 05:25:20.456   683  1818 D WifiNative: Scan result ready event
04-22 05:25:20.457   683   862 D WifiNl80211Manager: get 1 scan results from wificond
04-22 05:25:20.457   683   862 D WifiNative: get 1 scan results from wificond
04-22 05:25:20.457   683   862 I WifiScanningService: singleScanResults: ClientInfo[uid=1000, package=null, attributionTag=null, com.android.server.wifi.scanner.WifiScannerInternal$ScanListener@3407b85],results=1
04-22 05:25:20.457   683   862 I WifiScanningService: singleScanResults listener: ClientInfo[uid=1000, package=android, attributionTag=null, com.android.server.wifi.scanner.WifiScannerInternal$ScanListener@cd6e90e],results=1
04-22 05:25:20.457   683   862 I WifiScanningService: singleScanResults listener: ClientInfo[uid=1000, package=android, attributionTag=null, com.android.server.wifi.scanner.WifiScannerInternal$ScanListener@a638d28],results=1
04-22 05:25:20.457   683   862 I WifiScanningService: singleScanResults listener: ClientInfo[uid=1000, package=android, attributionTag=null, com.android.server.wifi.scanner.WifiScannerInternal$ScanListener@3c1c684],results=1
04-22 05:25:20.457   683   862 I WifiScanningService: singleScanResults listener: ClientInfo[uid=10144, package=com.google.android.gms, attributionTag=network_location_provider, android.net.wifi.IWifiScannerListener$Stub$Proxy@acf3a9c],results=1
04-22 05:25:20.457   683   862 I WifiScanningService: Unregistering listener= com.android.server.wifi.scanner.WifiScannerInternal$ScanListener@3407b85 uid=1000 packageName=null workSource=WorkSource{1000}
04-22 05:25:20.458   683   858 D WifiScanRequestProxy: Scan results received
04-22 05:25:20.458   683   858 D WifiScanRequestProxy: Received 1 scan results
04-22 05:25:20.459   683   858 D WifiHealthMonitor:  2G scanResult count: 1, Above2g scanResult count: 0
04-22 05:25:20.459   683   858 V WifiConfigManager: getSavedNetworkFromScanResult Found "AndroidWifi"NONE for AndroidWifi[[ESS]]
04-22 05:25:20.459   683   858 W BestClock: java.time.DateTimeException: No network time available
04-22 05:25:20.459   683   858 W BestClock: java.time.DateTimeException: No network time available
04-22 05:25:20.459  1283  1834 I WifiScanner: onFullResults
04-22 05:25:20.459   683  1818 I WifiService: getScanResults uid=10186
04-22 05:25:20.460   683  1227 I WifiService: getScanResults uid=10186
04-22 05:25:20.460   683   858 I HalDevMgr: bestIfaceCreationProposal is null, requestIface=STA, existingIface=[name=wlan0 type=STA]
04-22 05:25:20.461   683   858 V WifiConnectivityManager: Clearing blocklist for REASON_FRAMEWORK_DISCONNECT_FAST_RECONNECT
04-22 05:25:20.461   683   858 V WifiConnectivityManager: AllSingleScanListener onResults: start network selection
04-22 05:25:20.461   683   858 V WifiConfigManager: getSavedNetworkFromScanResult Found "AndroidWifi"NONE for AndroidWifi[[ESS]]
04-22 05:25:20.461   683   858 D WifiNetworkSelector: Current connected network: 0
04-22 05:25:20.461   683   858 D WifiNetworkSelector: Current network has [1] no-internet access reports
04-22 05:25:20.461   683   858 D WifiNetworkSelector: wlan0: Current connected network is not sufficient.
04-22 05:25:20.461   683   858 D WifiThroughputPredictor: AP Nss: 1, Device Nss: 2, freq: 2447
04-22 05:25:20.461   683   858 D WifiThroughputPredictor:  utilization (LLS) 80 isBluetoothConnected: false final utilization: 80
04-22 05:25:20.461   683   858 D WifiThroughputPredictor:  BW: 0 RSSI: -50 Nss: 1 Mode: 4 symDur: 3600 snrDb 30 bitPerTone: 5000 rate: 72 throughput: 49
04-22 05:25:20.461   683   858 V WifiConfigManager: Clear network candidate scan result for 0
04-22 05:25:20.461   683   858 D WifiNetworkSelector: Disabled configured networks:
04-22 05:25:20.461   683   858 D WifiNetworkSelector:   "AndroidWifi":0 reason=NETWORK_SELECTION_DISABLED_NO_INTERNET_TEMPORARY, count=1; reason=NETWORK_SELECTION_DISABLED_NO_INTERNET_PERMANENT, count=1; 
04-22 05:25:20.461   683   858 D WifiNetworkSelector: 
04-22 05:25:20.461   683   858 D WifiNetworkSelector: About to run SavedNetworkNominator :
04-22 05:25:20.461   683   858 V WifiConfigManager: getSavedNetworkFromScanResult Found "AndroidWifi"NONE for AndroidWifi[[ESS]]
04-22 05:25:20.461   683   858 D WifiNetworkSelector: About to run NetworkSuggestionNominator :
04-22 05:25:20.461   683   858 D WifiNetworkSelector: Connectable: 0 Candidates: 1
04-22 05:25:20.461   683   858 V WifiLastResortWatchdog: updateAvailableNetworks: size = 0
04-22 05:25:20.461   683   858 V WifiLastResortWatchdog: mWatchdogFeatureEnabled: true
04-22 05:25:20.461   683   858 V WifiLastResortWatchdog: mWatchdogAllowedToTrigger: true
04-22 05:25:20.461   683   858 V WifiLastResortWatchdog: mRecentAvailableNetworks: 0
04-22 05:25:20.461   683   858 V WifiLastResortWatchdog: mSsidFailureCount:
04-22 05:25:20.462   683   858 D ThroughputScorer: Score for candidate: SSID: "AndroidWifi" BSSID: 00:13:10:85:fe:01 rssiScore: 48 throughputScore: 13 currentNetworkBoost: 0 securityAward: 0 unmeteredAward: 1000 savedNetworkAward: 500 trustedAward: 1000 notOemPaidAward: 500 notOemPrivateAward: 500 frequencyScore: 0 final score: 3500
04-22 05:25:20.462   683   858 D WifiNetworkSelector: Candidate { config = 0, bssid = 00:13:10:85:fe:01, freq = 2447, channelWidth = 0, rssi = -50, Mbps = 49, nominator = 5, pInternet = 50, numRebootsSinceLastUse = 0, connected, current, saved, trusted, noInternet, open }
04-22 05:25:20.462   683   858 D WifiNetworkSelector: BubbleFunScorer_v2 would choose 0 score 36.41126414366857+/-0.30216115261975496 expid 42598152
04-22 05:25:20.462   683   858 D WifiNetworkSelector: CompatibilityScorer would choose 0 score -4860.05+/-10.0 expid 42504592
04-22 05:25:20.462   683   858 D WifiScoreCard: Histogram SIGNAL_POLL RSSI{[-50,-49)=13940}
04-22 05:25:20.462   683   858 D WifiNetworkSelector: ScoreCardBasedScorer would choose 0 score -4880.0+/-10.0 expid 42902385
04-22 05:25:20.462   683   858 D ThroughputScorer: Score for candidate: SSID: "AndroidWifi" BSSID: 00:13:10:85:fe:01 rssiScore: 48 throughputScore: 13 currentNetworkBoost: 0 securityAward: 0 unmeteredAward: 1000 savedNetworkAward: 500 trustedAward: 1000 notOemPaidAward: 500 notOemPrivateAward: 500 frequencyScore: 0 final score: 3500
04-22 05:25:20.462   683   858 D WifiNetworkSelector: ThroughputScorer chooses 0 score 3499.95+/-10.0 expid 42330058
04-22 05:25:20.462   683   858 V WifiConnectivityManager: AllSingleScanListener:  WNS candidate-"AndroidWifi"
04-22 05:25:20.462   683   858 V WifiConnectivityManager: connectToNetwork(ConcreteClientModeManager{id=9707 iface=wlan0 role=ROLE_CLIENT_PRIMARY}): bad candidate - - DSBLE ID: 0 SSID: "AndroidWifi" PROVIDER-NAME: null BSSID: null FQDN: null HOME-PROVIDER-NETWORK: false PRIO: 0 HIDDEN: false PMF: false CarrierId: -1 SubscriptionId: -1 SubscriptionGroup: null Currently Connected: true User Selected: false
04-22 05:25:20.462   683   858 V WifiConnectivityManager:  NetworkSelectionStatus NETWORK_SELECTION_PERMANENTLY_DISABLED
04-22 05:25:20.462   683   858 V WifiConnectivityManager:  mNetworkSelectionDisableReason NETWORK_SELECTION_DISABLED_NO_INTERNET_PERMANENT
04-22 05:25:20.462   683   858 V WifiConnectivityManager: NETWORK_SELECTION_DISABLED_NO_INTERNET_TEMPORARY counter:1
04-22 05:25:20.462   683   858 V WifiConnectivityManager: NETWORK_SELECTION_DISABLED_NO_INTERNET_PERMANENT counter:1
04-22 05:25:20.462   683   858 V WifiConnectivityManager:  hasEverConnected: true
04-22 05:25:20.462   683   858 V WifiConnectivityManager:  hasNeverDetectedCaptivePortal: true
04-22 05:25:20.462   683   858 V WifiConnectivityManager:  hasEverValidatedInternetAccess: true
04-22 05:25:20.462   683   858 V WifiConnectivityManager:  mCandidateSecurityParams: null mLastUsedSecurityParams: Security Parameters:
04-22 05:25:20.462   683   858 V WifiConnectivityManager:  Type: 0
04-22 05:25:20.462   683   858 V WifiConnectivityManager:  Enabled: true
04-22 05:25:20.462   683   858 V WifiConnectivityManager:  KeyMgmt: NONE
04-22 05:25:20.462   683   858 V WifiConnectivityManager:  Protocols: WPA RSN
04-22 05:25:20.462   683   858 V WifiConnectivityManager:  AuthAlgorithms:
04-22 05:25:20.462   683   858 V WifiConnectivityManager:  PairwiseCiphers:
04-22 05:25:20.462   683   858 V WifiConnectivityManager:  GroupCiphers:
04-22 05:25:20.462   683   858 V WifiConnectivityManager:  GroupMgmtCiphers:
04-22 05:25:20.462   683   858 V WifiConnectivityManager:  SuiteBCiphers:
04-22 05:25:20.462   683   858 V WifiConnectivityManager:  RequirePmf: false
04-22 05:25:20.462   683   858 V WifiConnectivityManager:  IsAddedByAutoUpgrade: false
04-22 05:25:20.462   683   858 V WifiConnectivityManager:  IsSaeH2eOnlyMode: false
04-22 05:25:20.462   683   858 V WifiConnectivityManager:  IsSaePkOnlyMode: false
04-22 05:25:20.462   683   858 V WifiConnectivityManager:  numAssociation 1
04-22 05:25:20.462   683   858 V WifiConnectivityManager:  numNoInternetAccessReports 1
04-22 05:25:20.462   683   858 V WifiConnectivityManager:  shared trusted
04-22 05:25:20.462   683   858 V WifiConnectivityManager:  macRandomizationSetting: 0
04-22 05:25:20.462   683   858 V WifiConnectivityManager:  mRandomizedMacAddress: 36:fb:cc:30:33:4f
04-22 05:25:20.462   683   858 V WifiConnectivityManager:  randomizedMacExpirationTimeMs: 2026-04-22T20:29:19.868
04-22 05:25:20.462   683   858 V WifiConnectivityManager:  randomizedMacLastModifiedTimeMs: <none>
04-22 05:25:20.462   683   858 V WifiConnectivityManager:  mIsSendDhcpHostnameEnabled: true
04-22 05:25:20.462   683   858 V WifiConnectivityManager:  deletionPriority: 0
04-22 05:25:20.462   683   858 V WifiConnectivityManager:  KeyMgmt: NONE Protocols: WPA RSN
04-22 05:25:20.462   683   858 V WifiConnectivityManager:  AuthAlgorithms:
04-22 05:25:20.462   683   858 V WifiConnectivityManager:  PairwiseCiphers:
04-22 05:25:20.462   683   858 V WifiConnectivityManager:  GroupCiphers:
04-22 05:25:20.462   683   858 V WifiConnectivityManager:  GroupMgmtCiphers:
04-22 05:25:20.462   683   858 V WifiConnectivityManager:  SuiteBCiphers:
04-22 05:25:20.462   683   858 V WifiConnectivityManager:  PSK/SAE: 
04-22 05:25:20.462   683   858 V WifiConnectivityManager: SecurityParams List:
04-22 05:25:20.462   683   858 V WifiConnectivityManager: Security Parameters:
04-22 05:25:20.462   683   858 V WifiConnectivityManager:  Type: 0
04-22 05:25:20.462   683   858 V WifiConnectivityManager:  Enabled: true
04-22 05:25:20.462   683   858 V WifiConnectivityManager:  KeyMgmt: NONE
04-22 05:25:20.462   683   858 V WifiConnectivityManager:  Protocols: WPA RSN
04-22 05:25:20.462   683   858 V WifiConnectivityManager:  AuthAlgorithms:
04-22 05:25:20.462   683   858 V WifiConnectivityManager:  PairwiseCiphers:
04-22 05:25:20.462   683   858 V WifiConnectivityManager:  GroupCiphers:
04-22 05:25:20.462   683   858 V WifiConnectivityManager:  GroupMgmtCiphers:
04-22 05:25:20.462   683   858 V WifiConnectivityManager:  SuiteBCiphers:
04-22 05:25:20.462   683   858 V WifiConnectivityManager:  RequirePmf: false
04-22 05:25:20.462   683   858 V WifiConnectivityManager:  IsAddedByAutoUpgrade: false
04-22 05:25:20.462   683   858 V WifiConnectivityManager:  IsSaeH2eOnlyMode: false
04-22 05:25:20.462   683   858 V WifiConnectivityManager:  IsSaePkOnlyMode: false
04-22 05:25:20.462   683   858 V WifiConnectivityManager: Security Parameters:
04-22 05:25:20.462   683   858 V WifiConnectivityManager:  Type: 6
04-22 05:25:20.462   683   858 V WifiConnectivityManager:  Enabled: true
04-22 05:25:20.462   683   858 V WifiConnectivityManager:  KeyMgmt: OWE
04-22 05:25:20.462   683   858 V WifiConnectivityManager:  Protocols: RSN
04-22 05:25:20.462   683   858 V WifiConnectivityManager:  AuthAlgorithms:
04-22 05:25:20.462   683   858 V WifiConnectivityManager:  PairwiseCiphers: CCMP GCMP_256 GCMP_128
04-22 05:25:20.462   683   858 V WifiConnectivityManager:  GroupCiphers: CCMP GCMP_256 GCMP_128
04-22 05:25:20.462   683   858 V WifiConnectivityManager:  GroupMgmtCiphers:
04-22 05:25:20.462   683   858 V WifiConnectivityManager:  SuiteBCiphers:
04-22 05:25:20.462   683   858 V WifiConnectivityManager:  RequirePmf: true
04-22 05:25:20.462   683   858 V WifiConnectivityManager:  IsAddedByAutoUpgrade: true
04-22 05:25:20.462   683   858 V WifiConnectivityManager:  IsSaeH2eOnlyMode: false
04-22 05:25:20.462   683   858 V WifiConnectivityManager:  IsSaePkOnlyMode: false
04-22 05:25:20.462   683   858 V WifiConnectivityManager: 
04-22 05:25:20.462   683   858 V WifiConnectivityManager: Enterprise config:
04-22 05:25:20.462   683   858 V WifiConnectivityManager:  ocsp: 0
04-22 05:25:20.462   683   858 V WifiConnectivityManager:  trust_on_first_use: false
04-22 05:25:20.462   683   858 V WifiConnectivityManager:  user_approve_no_ca_cert: false
04-22 05:25:20.462   683   858 V WifiConnectivityManager:  selected_rcoi: 0
04-22 05:25:20.462   683   858 V WifiConnectivityManager:  minimum_tls_version: 0
04-22 05:25:20.462   683   858 V WifiConnectivityManager:  enable_conservative_peer_mode: false
04-22 05:25:20.462   683   858 V WifiConnectivityManager:  tofu_dialog_state: 0
04-22 05:25:20.462   683   858 V WifiConnectivityManager:  tofu_connection_state: 0
04-22 05:25:20.462   683   858 V WifiConnectivityManager: IP config:
04-22 05:25:20.462   683   858 V WifiConnectivityManager: IP assignment: DHCP
04-22 05:25:20.462   683   858 V WifiConnectivityManager: Proxy settings: NONE
04-22 05:25:20.462   683   858 V WifiConnectivityManager: 
04-22 05:25:20.462   683   858 V WifiConnectivityManager:  blockListed remaining time <incorrect> cuid=10178 cname=com.google.android.googlesdksetup luid=10178 lname=com.google.android.googlesdksetup lcuid=10178 allowAutojoin=true noInternetAccessExpected=false mostRecentlyConnected=false 
04-22 05:25:20.462   683   858 V WifiConnectivityManager: lastConnected: 2026-04-21T20:29:19.910 
04-22 05:25:20.462   683   858 V WifiConnectivityManager: 
04-22 05:25:20.462   683   858 V WifiConnectivityManager: numRebootsSinceLastUse: 0
04-22 05:25:20.462   683   858 V WifiConnectivityManager: recentFailure: Association Rejection code: 0, last update time: 0
04-22 05:25:20.462   683   858 V WifiConnectivityManager: bssidAllowlist unset
04-22 05:25:20.462   683   858 V WifiConnectivityManager: vendorData unset
04-22 05:25:20.462   683   858 V WifiConnectivityManager: IsDppConfigurator: true
04-22 05:25:20.462   683   858 V WifiConnectivityManager: HasEncryptedPreSharedKey: false
04-22 05:25:20.462   683   858 V WifiConnectivityManager:  setWifi7Enabled=true scanResult is null!
04-22 05:25:23.236   683   858 W BestClock: java.time.DateTimeException: No network time available
04-22 05:25:23.236   683   858 W BestClock: java.time.DateTimeException: No network time available
04-22 05:25:23.236   683   858 W BestClock: java.time.DateTimeException: No network time available
04-22 05:25:23.236   683   858 W BestClock: java.time.DateTimeException: No network time available
04-22 05:25:23.237   683   858 W BestClock: java.time.DateTimeException: No network time available
04-22 05:25:23.238   683   858 D WifiClientModeImpl[9769:wlan0]: updateLinkLayerStatsRssiSpeedFrequencyCapabilities rssi=-50 TxLinkspeed=1 freq=2447 RxLinkSpeed=2
04-22 05:25:23.238   683   858 D WifiDataStall: tx tput in kbps: 11000
04-22 05:25:23.238   683   858 D WifiDataStall: rx tput in kbps: 11000
04-22 05:25:23.238   683   858 V WifiConfigManager: Updating scan detail cache freq=2447 BSSID=00:13:10:85:fe:01 RSSI=-50 for "AndroidWifi"NONE
04-22 05:25:23.238   683   858 D WifiThroughputPredictor:  utilization (LLS) 80 isBluetoothConnected: false final utilization: 80
