04-22 05:23:09.695 23507 23552 D TrafficStats: tagSocket(74) with statsTag=0xffffffff, statsUid=-1
04-22 05:23:09.753 23507 23552 D TrafficStats: tagSocket(107) with statsTag=0xffffffff, statsUid=-1
04-22 05:23:09.756 23507 23552 D TrafficStats: tagSocket(107) with statsTag=0xffffffff, statsUid=-1
04-22 05:23:09.758 23507 23552 D TrafficStats: tagSocket(138) with statsTag=0xffffffff, statsUid=-1
04-22 05:23:09.815 23507 23552 D TrafficStats: tagSocket(106) with statsTag=0xffffffff, statsUid=-1
04-22 05:23:09.817 23507 23552 D TrafficStats: tagSocket(106) with statsTag=0xffffffff, statsUid=-1
04-22 05:23:09.819 23507 23552 D TrafficStats: tagSocket(106) with statsTag=0xffffffff, statsUid=-1
04-22 05:23:09.843 23507 23527 D EGL_emulation: app_time_stats: avg=61.98ms min=15.54ms max=344.05ms count=17
04-22 05:23:09.876 23507 23552 D TrafficStats: tagSocket(109) with statsTag=0xffffffff, statsUid=-1
04-22 05:23:09.879 23507 23552 D TrafficStats: tagSocket(109) with statsTag=0xffffffff, statsUid=-1
04-22 05:23:09.882 23507 23552 D TrafficStats: tagSocket(109) with statsTag=0xffffffff, statsUid=-1
04-22 05:23:09.939 23507 23552 D TrafficStats: tagSocket(98) with statsTag=0xffffffff, statsUid=-1
04-22 05:23:09.941 23507 23552 D TrafficStats: tagSocket(98) with statsTag=0xffffffff, statsUid=-1
04-22 05:23:09.944 23507 23552 D TrafficStats: tagSocket(98) with statsTag=0xffffffff, statsUid=-1
04-22 05:23:10.000 23507 23552 D TrafficStats: tagSocket(110) with statsTag=0xffffffff, statsUid=-1
04-22 05:23:10.002 23507 23552 D TrafficStats: tagSocket(110) with statsTag=0xffffffff, statsUid=-1
04-22 05:23:10.004 23507 23552 D TrafficStats: tagSocket(110) with statsTag=0xffffffff, statsUid=-1
04-22 05:23:10.064 23507 23552 D TrafficStats: tagSocket(105) with statsTag=0xffffffff, statsUid=-1
04-22 05:23:10.066 23507 23552 D TrafficStats: tagSocket(105) with statsTag=0xffffffff, statsUid=-1
04-22 05:23:10.069 23507 23552 D TrafficStats: tagSocket(105) with statsTag=0xffffffff, statsUid=-1
04-22 05:23:10.126 23507 23552 D TrafficStats: tagSocket(99) with statsTag=0xffffffff, statsUid=-1
04-22 05:23:10.129 23507 23552 D TrafficStats: tagSocket(99) with statsTag=0xffffffff, statsUid=-1
04-22 05:23:10.131 23507 23552 D TrafficStats: tagSocket(99) with statsTag=0xffffffff, statsUid=-1
04-22 05:23:10.187 23507 23552 D TrafficStats: tagSocket(102) with statsTag=0xffffffff, statsUid=-1
04-22 05:23:10.190 23507 23552 D TrafficStats: tagSocket(102) with statsTag=0xffffffff, statsUid=-1
04-22 05:23:10.193 23507 23552 D TrafficStats: tagSocket(102) with statsTag=0xffffffff, statsUid=-1
04-22 05:23:10.249 23507 23552 D TrafficStats: tagSocket(74) with statsTag=0xffffffff, statsUid=-1
04-22 05:23:10.252 23507 23552 D TrafficStats: tagSocket(74) with statsTag=0xffffffff, statsUid=-1
04-22 05:23:10.254 23507 23552 D TrafficStats: tagSocket(74) with statsTag=0xffffffff, statsUid=-1
04-22 05:23:10.312 23507 23552 D TrafficStats: tagSocket(107) with statsTag=0xffffffff, statsUid=-1
04-22 05:23:10.314 23507 23552 D TrafficStats: tagSocket(107) with statsTag=0xffffffff, statsUid=-1
04-22 05:23:10.316 23507 23552 D TrafficStats: tagSocket(107) with statsTag=0xffffffff, statsUid=-1
04-22 05:23:10.375 23507 23552 D TrafficStats: tagSocket(106) with statsTag=0xffffffff, statsUid=-1
04-22 05:23:10.379 23507 23552 D TrafficStats: tagSocket(106) with statsTag=0xffffffff, statsUid=-1
04-22 05:23:10.382 23507 23552 D TrafficStats: tagSocket(111) with statsTag=0xffffffff, statsUid=-1
04-22 05:23:10.690 23507 23552 D TrafficStats: tagSocket(109) with statsTag=0xffffffff, statsUid=-1
04-22 05:23:10.693 23507 23552 D TrafficStats: tagSocket(109) with statsTag=0xffffffff, statsUid=-1
04-22 05:23:10.698 23507 23537 I assembly.assembly.android.mixc-retail-rn84.transport.http.HttpRuntime: [transport.http] HTTP request started: kernel.base.tcp-control-runtime-v2.activate-terminal {"endpointName":"kernel.base.tcp-control-runtime-v2.activate-terminal","serverName":"mock-terminal-platform","addressName":"lan","method":"POST","roundIndex":0,"attemptIndex":1}
04-22 05:23:10.700 23507 23537 I assembly.assembly.android.mixc-retail-rn84: [assembly.topology] Native topology host already matches desired lifecycle state {"displayCount":1,"displayIndex":0,"deviceId":"6Z2H3BSGEY","instanceMode":"MASTER","enableSlave":true,"running":true,"reason":"master-primary-enable-slave"}
04-22 05:23:10.701 23507 23537 I MMKV    : <MMKV_IO.cpp:609::writeActualSize> [mixc-retail-assembly-rn84::state] increase sequence to 29, crc 1395879924, actualSize 22372
04-22 05:23:10.701 23507 23537 I MMKV    : <MMKV.cpp:1208::sync> MMKV::sync, SyncFlag = 1
04-22 05:23:10.702 23507 23640 D TrafficStats: tagSocket(136) with statsTag=0xffffffff, statsUid=-1
04-22 05:23:10.703 23507 23537 I assembly.assembly.android.mixc-retail-rn84: [assembly.topology] Native topology host already matches desired lifecycle state {"displayCount":1,"displayIndex":0,"deviceId":"6Z2H3BSGEY","instanceMode":"MASTER","enableSlave":true,"running":true,"reason":"master-primary-enable-slave"}
04-22 05:23:10.703 23507 23537 I assembly.assembly.android.mixc-retail-rn84: [assembly.topology] Native topology host already matches desired lifecycle state {"displayCount":1,"displayIndex":0,"deviceId":"6Z2H3BSGEY","instanceMode":"MASTER","enableSlave":true,"running":true,"reason":"master-primary-enable-slave"}
04-22 05:23:10.703 23507 23537 I assembly.assembly.android.mixc-retail-rn84: [assembly.topology] Native topology host already matches desired lifecycle state {"displayCount":1,"displayIndex":0,"deviceId":"6Z2H3BSGEY","instanceMode":"MASTER","enableSlave":true,"running":true,"reason":"master-primary-enable-slave"}
04-22 05:23:10.705 23507 23552 D TrafficStats: tagSocket(109) with statsTag=0xffffffff, statsUid=-1
04-22 05:23:13.420   317   317 E android.hardware.power.stats@1.0-service-mock: Failed to getEnergyData
04-22 05:23:13.707   293   372 E netd    : control message was truncated when receiving file descriptors
04-22 05:23:13.720 23507 23537 E assembly.assembly.android.mixc-retail-rn84.transport.http.HttpRuntime: [transport.http] HTTP request failed: kernel.base.tcp-control-runtime-v2.activate-terminal {"endpointName":"kernel.base.tcp-control-runtime-v2.activate-terminal","serverName":"mock-terminal-platform","addressName":"lan","roundIndex":0,"attemptIndex":1}
04-22 05:23:13.720 23507 23537 I assembly.assembly.android.mixc-retail-rn84.transport.http.HttpRuntime: [transport.http] HTTP request started: kernel.base.tcp-control-runtime-v2.activate-terminal {"endpointName":"kernel.base.tcp-control-runtime-v2.activate-terminal","serverName":"mock-terminal-platform","addressName":"local","method":"POST","roundIndex":0,"attemptIndex":2}
04-22 05:23:13.722 23507 23640 D TrafficStats: tagSocket(98) with statsTag=0xffffffff, statsUid=-1
04-22 05:23:13.744 23507 23537 I assembly.assembly.android.mixc-retail-rn84.transport.http.HttpRuntime: [transport.http] HTTP request completed: kernel.base.tcp-control-runtime-v2.activate-terminal {"endpointName":"kernel.base.tcp-control-runtime-v2.activate-terminal","serverName":"mock-terminal-platform","addressName":"local","status":201}
04-22 05:23:13.747 23507 23537 I MMKV    : <MemoryFile.cpp:103::open> open fd[129], flag 0x7, /data/data/com.impos2.mixcretailassemblyrn84/files/mmkv/specialCharacter/c34670a355176d0b412ad7c68e58044e
04-22 05:23:13.747 23507 23537 I MMKV    : <MemoryFile.cpp:250::mmapOrCleanup> mmap to address [0x7688ed6000], oldPtr [0x0], [/data/data/com.impos2.mixcretailassemblyrn84/files/mmkv/specialCharacter/c34670a355176d0b412ad7c68e58044e]
04-22 05:23:13.748 23507 23537 I MMKV    : <MemoryFile.cpp:109::close> closing fd[129], /data/data/com.impos2.mixcretailassemblyrn84/files/mmkv/specialCharacter/c34670a355176d0b412ad7c68e58044e
04-22 05:23:13.748 23507 23537 I MMKV    : <MemoryFile.cpp:103::open> open fd[129], flag 0x7, /data/data/com.impos2.mixcretailassemblyrn84/files/mmkv/specialCharacter/c34670a355176d0b412ad7c68e58044e.crc
04-22 05:23:13.748 23507 23537 I MMKV    : <MemoryFile.cpp:250::mmapOrCleanup> mmap to address [0x7688e9a000], oldPtr [0x0], [/data/data/com.impos2.mixcretailassemblyrn84/files/mmkv/specialCharacter/c34670a355176d0b412ad7c68e58044e.crc]
04-22 05:23:13.748 23507 23537 I MMKV    : <MemoryFile.cpp:103::open> open fd[136], flag 0x7, /data/data/com.impos2.mixcretailassemblyrn84/files/mmkv/specialCharacter/c34670a355176d0b412ad7c68e58044e
04-22 05:23:13.748 23507 23537 I MMKV    : <MemoryFile.cpp:109::close> closing fd[136], /data/data/com.impos2.mixcretailassemblyrn84/files/mmkv/specialCharacter/c34670a355176d0b412ad7c68e58044e
04-22 05:23:13.748 23507 23537 I MMKV    : <MMKV_IO.cpp:94::loadFromFile> loading [mixc-retail-assembly-rn84::version-report-outbox] with 0 actual size, file size 4096, InterProcess 0, meta info version:0
04-22 05:23:13.748 23507 23537 I MMKV    : <MMKV_IO.cpp:145::loadFromFile> loaded [mixc-retail-assembly-rn84::version-report-outbox] with 0 key-values
04-22 05:23:13.748 23507 23536 I ReactNativeJS: '[tcp-activation-state-written]', '{"nodeId":"master:6Z2H3BSGEY","sandboxId":"sandbox-kernel-base-test","terminalId":"terminal_j1rgmnggrq4n","bindingKeys":["platformId","tenantId","brandId","projectId","storeId","profileId","templateId"],"activatedAt":1776806593744}'
04-22 05:23:13.749 23507 23537 I assembly.assembly.android.mixc-retail-rn84.transport.ws.SocketRuntime: [transport.ws] Socket connect started: kernel.base.tdp-sync-runtime-v2.socket {"profileName":"kernel.base.tdp-sync-runtime-v2.socket","serverName":"mock-terminal-platform","addressName":"lan"}
04-22 05:23:13.749 23507 23536 I ReactNativeJS: '[assembly.android.mixc-retail-rn84.websocket] connect', { url: 'ws://192.168.0.172:5810/api/v1/tdp/ws/connect?sandboxId=sandbox-kernel-base-test&terminalId=terminal_j1rgmnggrq4n&token=token_xps20yq0rq4o',
04-22 05:23:13.749 23507 23536 I ReactNativeJS:   protocol: 'ws',
04-22 05:23:13.749 23507 23536 I ReactNativeJS:   host: '192.168.0.172:5810',
04-22 05:23:13.749 23507 23536 I ReactNativeJS:   pathname: '/api/v1/tdp/ws/connect' }
04-22 05:23:13.750 23507 23644 D TrafficStats: tagSocket(136) with statsTag=0xffffffff, statsUid=-1
04-22 05:23:13.758 23507 23537 I assembly.assembly.android.mixc-retail-rn84: [assembly.topology] Native topology host already matches desired lifecycle state {"displayCount":1,"displayIndex":0,"deviceId":"6Z2H3BSGEY","instanceMode":"MASTER","enableSlave":true,"running":true,"reason":"master-primary-enable-slave"}
04-22 05:23:13.759 23507 23537 I assembly.assembly.android.mixc-retail-rn84: [assembly.topology] Native topology host already matches desired lifecycle state {"displayCount":1,"displayIndex":0,"deviceId":"6Z2H3BSGEY","instanceMode":"MASTER","enableSlave":true,"running":true,"reason":"master-primary-enable-slave"}
04-22 05:23:13.760 23507 23537 I assembly.assembly.android.mixc-retail-rn84: [assembly.topology] Native topology host already matches desired lifecycle state {"displayCount":1,"displayIndex":0,"deviceId":"6Z2H3BSGEY","instanceMode":"MASTER","enableSlave":true,"running":true,"reason":"master-primary-enable-slave"}
04-22 05:23:13.760 23507 23537 I assembly.assembly.android.mixc-retail-rn84: [assembly.topology] Native topology host already matches desired lifecycle state {"displayCount":1,"displayIndex":0,"deviceId":"6Z2H3BSGEY","instanceMode":"MASTER","enableSlave":true,"running":true,"reason":"master-primary-enable-slave"}
04-22 05:23:13.760 23507 23537 I assembly.assembly.android.mixc-retail-rn84: [assembly.topology] Native topology host already matches desired lifecycle state {"displayCount":1,"displayIndex":0,"deviceId":"6Z2H3BSGEY","instanceMode":"MASTER","enableSlave":true,"running":true,"reason":"master-primary-enable-slave"}
04-22 05:23:13.760 23507 23537 I assembly.assembly.android.mixc-retail-rn84: [assembly.topology] Native topology host already matches desired lifecycle state {"displayCount":1,"displayIndex":0,"deviceId":"6Z2H3BSGEY","instanceMode":"MASTER","enableSlave":true,"running":true,"reason":"master-primary-enable-slave"}
04-22 05:23:13.760 23507 23537 I assembly.assembly.android.mixc-retail-rn84: [assembly.topology] Native topology host already matches desired lifecycle state {"displayCount":1,"displayIndex":0,"deviceId":"6Z2H3BSGEY","instanceMode":"MASTER","enableSlave":true,"running":true,"reason":"master-primary-enable-slave"}
04-22 05:23:13.760 23507 23537 I assembly.assembly.android.mixc-retail-rn84: [assembly.topology] Native topology host already matches desired lifecycle state {"displayCount":1,"displayIndex":0,"deviceId":"6Z2H3BSGEY","instanceMode":"MASTER","enableSlave":true,"running":true,"reason":"master-primary-enable-slave"}
04-22 05:23:13.761 23507 23537 I MMKV    : <MMKV_IO.cpp:609::writeActualSize> [mixc-retail-assembly-rn84::version-report-outbox] increase sequence to 1, crc 2021229009, actualSize 4
04-22 05:23:13.761 23507 23537 I MMKV    : <MMKV_IO.cpp:609::writeActualSize> [mixc-retail-assembly-rn84::secure-state] increase sequence to 1, crc 2021229009, actualSize 4
04-22 05:23:13.764 23507 23537 I MMKV    : <MMKV_IO.cpp:609::writeActualSize> [mixc-retail-assembly-rn84::state] increase sequence to 30, crc 738022108, actualSize 24203
04-22 05:23:13.764 23507 23537 I MMKV    : <MMKV.cpp:1208::sync> MMKV::sync, SyncFlag = 1
04-22 05:23:13.767 23507 23640 D TrafficStats: tagSocket(140) with statsTag=0xffffffff, statsUid=-1
04-22 05:23:13.769 23507 23537 I MMKV    : <MMKV_IO.cpp:609::writeActualSize> [mixc-retail-assembly-rn84::state] increase sequence to 31, crc 4274741261, actualSize 24270
04-22 05:23:13.769 23507 23537 I MMKV    : <MMKV.cpp:1208::sync> MMKV::sync, SyncFlag = 1
04-22 05:23:13.788 23507 23537 I MMKV    : <MMKV_IO.cpp:609::writeActualSize> [mixc-retail-assembly-rn84::state] increase sequence to 32, crc 2016199798, actualSize 24270
04-22 05:23:13.788 23507 23537 I MMKV    : <MMKV.cpp:1208::sync> MMKV::sync, SyncFlag = 1
04-22 05:23:13.790 23507 23527 D EGL_emulation: app_time_stats: avg=358.80ms min=45.48ms max=3066.16ms count=11
04-22 05:23:20.728   382   382 W adbd    : timeout expired while flushing socket, closing
04-22 05:23:23.765 23507 23537 I assembly.assembly.android.mixc-retail-rn84.transport.ws.SocketRuntime: [transport.ws] Socket connect started: kernel.base.tdp-sync-runtime-v2.socket {"profileName":"kernel.base.tdp-sync-runtime-v2.socket","serverName":"mock-terminal-platform","addressName":"local"}
04-22 05:23:23.765 23507 23536 I ReactNativeJS: '[assembly.android.mixc-retail-rn84.websocket] connect', { url: 'ws://127.0.0.1:5810/api/v1/tdp/ws/connect?sandboxId=sandbox-kernel-base-test&terminalId=terminal_j1rgmnggrq4n&token=token_xps20yq0rq4o',
04-22 05:23:23.765 23507 23536 I ReactNativeJS:   protocol: 'ws',
04-22 05:23:23.765 23507 23536 I ReactNativeJS:   host: '127.0.0.1:5810',
04-22 05:23:23.765 23507 23536 I ReactNativeJS:   pathname: '/api/v1/tdp/ws/connect' }
04-22 05:23:23.768 23507 23646 D TrafficStats: tagSocket(105) with statsTag=0xffffffff, statsUid=-1
04-22 05:23:23.771 23507 23537 I assembly.assembly.android.mixc-retail-rn84: [assembly.topology] Native topology host already matches desired lifecycle state {"displayCount":1,"displayIndex":0,"deviceId":"6Z2H3BSGEY","instanceMode":"MASTER","enableSlave":true,"running":true,"reason":"master-primary-enable-slave"}
04-22 05:23:23.775 23507 23537 I assembly.assembly.android.mixc-retail-rn84: [assembly.topology] Native topology host already matches desired lifecycle state {"displayCount":1,"displayIndex":0,"deviceId":"6Z2H3BSGEY","instanceMode":"MASTER","enableSlave":true,"running":true,"reason":"master-primary-enable-slave"}
04-22 05:23:23.822 23507 23537 I assembly.assembly.android.mixc-retail-rn84: [assembly.topology] Native topology host already matches desired lifecycle state {"displayCount":1,"displayIndex":0,"deviceId":"6Z2H3BSGEY","instanceMode":"MASTER","enableSlave":true,"running":true,"reason":"master-primary-enable-slave"}
04-22 05:23:23.825 23507 23537 I assembly.assembly.android.mixc-retail-rn84: [assembly.topology] Native topology host already matches desired lifecycle state {"displayCount":1,"displayIndex":0,"deviceId":"6Z2H3BSGEY","instanceMode":"MASTER","enableSlave":true,"running":true,"reason":"master-primary-enable-slave"}
04-22 05:23:23.826 23507 23537 I assembly.assembly.android.mixc-retail-rn84: [assembly.topology] Native topology host already matches desired lifecycle state {"displayCount":1,"displayIndex":0,"deviceId":"6Z2H3BSGEY","instanceMode":"MASTER","enableSlave":true,"running":true,"reason":"master-primary-enable-slave"}
04-22 05:23:23.826 23507 23537 I assembly.assembly.android.mixc-retail-rn84: [assembly.topology] Native topology host already matches desired lifecycle state {"displayCount":1,"displayIndex":0,"deviceId":"6Z2H3BSGEY","instanceMode":"MASTER","enableSlave":true,"running":true,"reason":"master-primary-enable-slave"}
04-22 05:23:24.158 23507 23552 D TrafficStats: tagSocket(109) with statsTag=0xffffffff, statsUid=-1
04-22 05:23:24.161 23507 23552 D TrafficStats: tagSocket(109) with statsTag=0xffffffff, statsUid=-1
04-22 05:23:24.164 23507 23552 D TrafficStats: tagSocket(109) with statsTag=0xffffffff, statsUid=-1
04-22 05:23:24.167 23507 23552 D TrafficStats: tagSocket(109) with statsTag=0xffffffff, statsUid=-1
04-22 05:23:43.404   790  1092 I bluetooth: packages/modules/Bluetooth/system/gd/hci/le_address_manager.cc:257 ack_pause: Client already in paused state
04-22 05:23:43.409   790  1092 I bluetooth: packages/modules/Bluetooth/system/gd/hci/le_address_manager.cc:576 OnCommandComplete: Received command complete with op_code LE_SET_RANDOM_ADDRESS
04-22 05:23:43.409   790  1092 I bluetooth: packages/modules/Bluetooth/system/gd/hci/le_address_manager.cc:595 OnCommandComplete: update random address : 61:cd:3f:0a:a3:b3
04-22 05:23:43.409   790  1092 I bluetooth: packages/modules/Bluetooth/system/gd/hci/le_address_manager.cc:286 resume_registered_clients: Resuming registered clients
04-22 05:23:52.847 23507 23552 D TrafficStats: tagSocket(109) with statsTag=0xffffffff, statsUid=-1
04-22 05:23:52.851 23507 23552 D TrafficStats: tagSocket(109) with statsTag=0xffffffff, statsUid=-1
04-22 05:23:52.854   158   158 I logd    : logdr: UID=2000 GID=2000 PID=23647 n tail=0 logMask=99 pid=0 start=0ns deadline=0ns
04-22 05:23:52.856 23507 23552 D TrafficStats: tagSocket(109) with statsTag=0xffffffff, statsUid=-1
04-22 05:23:52.860 23507 23552 D TrafficStats: tagSocket(109) with statsTag=0xffffffff, statsUid=-1
04-22 05:24:00.005  1598  1881 I AiAiEcho: Predicting[0]: 
04-22 05:24:00.005  1598  1881 I AiAiEcho: Ranked targets strategy: SORT, count: 0, ranking metadata: 
04-22 05:24:00.005  1598  1881 I AiAiEcho: #postPredictionTargets: Sending updates to UISurface lockscreen with targets# 0
04-22 05:24:00.006  1598  1881 I AiAiEcho: #postPredictionTargets: Sending updates to UISurface home with targets# 0
04-22 05:24:00.006  1598  1881 I AiAiEcho: #postPredictionTargets: Sending updates to UISurface media_data_manager with targets# 0
04-22 05:24:00.021   728   728 D SsMediaDataProvider: Forwarding Smartspace updates []
04-22 05:24:00.034   728   955 D EGL_emulation: app_time_stats: avg=59999.32ms min=59999.32ms max=59999.32ms count=1
04-22 05:24:16.546   293 23651 I resolv  : GetAddrInfoHandler::run: {100 786532 100 983140 10116 0}
04-22 05:24:16.547  1251 23633 D TrafficStats: tagSocket(83) with statsTag=0x20008100, statsUid=-1
04-22 05:24:16.548   293 23654 I resolv  : res_nmkquery: (QUERY, IN, A)
04-22 05:24:16.549   293 23653 I resolv  : res_nmkquery: (QUERY, IN, AAAA)
04-22 05:24:16.600   293 23653 I resolv  : res_tls_send: TLS query result: 0
04-22 05:24:16.600   293 23653 I resolv  : doQuery: rcode=0, ancount=4, return value=163
04-22 05:24:16.603   293 23654 I resolv  : res_tls_send: TLS query result: 0
04-22 05:24:16.603   293 23654 I resolv  : doQuery: rcode=0, ancount=4, return value=115
04-22 05:24:23.770   728   955 D EGL_emulation: app_time_stats: avg=23736.19ms min=23736.19ms max=23736.19ms count=1
04-22 05:25:00.004  1598  1881 I AiAiEcho: Predicting[0]: 
04-22 05:25:00.004  1598  1881 I AiAiEcho: Ranked targets strategy: SORT, count: 0, ranking metadata: 
04-22 05:25:00.004  1598  1881 I AiAiEcho: #postPredictionTargets: Sending updates to UISurface lockscreen with targets# 0
04-22 05:25:00.004  1598  1881 I AiAiEcho: #postPredictionTargets: Sending updates to UISurface home with targets# 0
04-22 05:25:00.004  1598  1881 I AiAiEcho: #postPredictionTargets: Sending updates to UISurface media_data_manager with targets# 0
04-22 05:25:00.005   728   728 D SsMediaDataProvider: Forwarding Smartspace updates []
04-22 05:25:00.019   728   955 D EGL_emulation: app_time_stats: avg=36249.46ms min=36249.46ms max=36249.46ms count=1
04-22 05:25:02.887   519   647 E WifiScoringParams: Invalid frequency(-1), using 5G as default rssi array
04-22 05:25:03.778   728   955 D EGL_emulation: app_time_stats: avg=3758.32ms min=3758.32ms max=3758.32ms count=1
04-22 05:25:06.672   519   716 D WifiNl80211Manager: Scan result ready event
04-22 05:25:06.672   519   716 D WifiNative: Scan result ready event
04-22 05:25:13.421   317   317 E android.hardware.power.stats@1.0-service-mock: Failed to getEnergyData
04-22 05:25:31.553  1251 23652 D TrafficStats: tagSocket(82) with statsTag=0x20008100, statsUid=-1
04-22 05:25:43.819   728   955 D EGL_emulation: app_time_stats: avg=40041.42ms min=40041.42ms max=40041.42ms count=1
04-22 05:26:00.004  1598  1881 I AiAiEcho: Predicting[0]: 
04-22 05:26:00.004  1598  1881 I AiAiEcho: Ranked targets strategy: SORT, count: 0, ranking metadata: 
04-22 05:26:00.005  1598  1881 I AiAiEcho: #postPredictionTargets: Sending updates to UISurface lockscreen with targets# 0
04-22 05:26:00.006  1598  1881 I AiAiEcho: #postPredictionTargets: Sending updates to UISurface home with targets# 0
04-22 05:26:00.006  1598  1881 I AiAiEcho: #postPredictionTargets: Sending updates to UISurface media_data_manager with targets# 0
04-22 05:26:00.024   728   728 D SsMediaDataProvider: Forwarding Smartspace updates []
04-22 05:26:00.076   728   955 D EGL_emulation: app_time_stats: avg=16256.47ms min=16256.47ms max=16256.47ms count=1
04-22 05:26:13.801   519   609 D ActivityManager: freezing 23419 com.android.chrome
04-22 05:26:13.823   519   609 D ActivityManager: freezing 22876 com.google.android.apps.docs
04-22 05:26:13.824   519   609 D ActivityManager: freezing 23451 com.google.android.documentsui
04-22 05:26:13.824   519   609 D ActivityManager: freezing 17530 com.google.android.permissioncontroller
04-22 05:26:20.851   519   609 D ActivityManager: freezing 4339 com.google.android.gms
04-22 05:26:33.399   519  1705 I ActivityManager: Force stopping com.impos2.mixcretailassemblyrn84 appid=10175 user=0: from pid 23664
04-22 05:26:33.400   519  1705 I ActivityManager: Killing 23507:com.impos2.mixcretailassemblyrn84/u0a175 (adj 0): stop com.impos2.mixcretailassemblyrn84 due to from pid 23664
04-22 05:26:33.418   519  1705 W ActivityTaskManager: Force removing ActivityRecord{72ab89e u0 com.impos2.mixcretailassemblyrn84/.MainActivity} t60 f}}: app died, no saved state
04-22 05:26:33.423   519  1705 W InputManager-JNI: Input channel object '1df8003 com.impos2.mixcretailassemblyrn84/com.impos2.mixcretailassemblyrn84.MainActivity (client)' was disposed without first being removed with the input manager!
04-22 05:26:33.435   886   886 D CarrierSvcBindHelper: onHandleForceStop: [com.impos2.mixcretailassemblyrn84]
04-22 05:26:33.438   335   435 W TransactionTracing: Could not find layer handle 0xb400006eb98b7570
04-22 05:26:33.438   335   435 W TransactionTracing: Could not find layer handle 0xb400006eb98b33d0
04-22 05:26:33.438   335   435 W TransactionTracing: Could not find layer handle 0xb400006eb98b2a10
04-22 05:26:33.438   335   435 W TransactionTracing: Could not find layer handle 0xb400006eb98b4570
04-22 05:26:33.438   335   435 W TransactionTracing: Could not find layer handle 0xb400006eb98b7570
04-22 05:26:33.438   335   435 W TransactionTracing: Could not find layer handle 0xb400006eb98b7570
04-22 05:26:33.438   335   435 W TransactionTracing: Could not find layer handle 0xb400006eb98b4570
04-22 05:26:33.438   335   435 W TransactionTracing: Could not find layer handle 0xb400006eb98b33d0
04-22 05:26:33.437  1043  1043 D MainContentCaptureSession: Flushing 1 event(s) for act:com.google.android.apps.nexuslauncher/.NexusLauncherActivity [state=2 (ACTIVE), disabled=false], reason=FULL
04-22 05:26:33.441   886   886 D CarrierSvcBindHelper: No carrier app for: 0
04-22 05:26:33.442 22812 22812 I binder  : undelivered transaction 3063873, process died.
04-22 05:26:33.443   519  1699 V ActivityManager: Got obituary of 23507:com.impos2.mixcretailassemblyrn84
04-22 05:26:33.444   519   541 V WindowManager: Unknown focus tokens, dropping reportFocusChanged
04-22 05:26:33.445   294   294 I Zygote  : Process 23507 exited due to signal 9 (Killed)
04-22 05:26:33.447   519   551 I libprocessgroup: Successfully killed process cgroup uid 10175 pid 23507 in 35ms
04-22 05:26:33.452   519  1630 W AppSearchIcing: icing-search-engine.cc:217: Error: 5, Message: Document (com.google.android.googlequicksearchbox$OneSearchZeroStateGoogleSuggestions/default, zp) not found.
04-22 05:26:33.453   335   335 E BpTransactionCompletedListener: Failed to transact (-32)
04-22 05:26:33.456  1043  1923 D OneSearchSuggestProvider: Created the binder channel successfully for end point service =com.google.android.apps.search.googleapp.search.suggest.plugins.onesearch.server.OneSearchSuggestService , mChannel=Q0{delegate=L0{logId=129, target=directaddress:///AndroidComponentAddress%5BIntent%20%7B%20act=grpc.io.action.BIND%20cmp=com.google.android.googlequicksearchbox/com.google.android.apps.search.googleapp.search.suggest.plugins.onesearch.server.OneSearchSuggestService%20%7D%5D}} , mOneSearchConnection=y1.J@c0b1a3c
04-22 05:26:33.456  1921  1921 I A       : (REDACTED) onApplyWindowInsets: systemWindowInsets=%s
04-22 05:26:33.456  1921  1921 I A       : (REDACTED) onApplyWindowInsets: systemWindowInsets=%s
04-22 05:26:33.458  1921  2245 E OpenGLRenderer: Unable to match the desired swap behavior.
04-22 05:26:33.459   519   519 D CompatibilityChangeReporter: Compat change id reported: 135634846; UID 10145; state: DISABLED
04-22 05:26:33.459   519   519 D CompatibilityChangeReporter: Compat change id reported: 177438394; UID 10145; state: DISABLED
04-22 05:26:33.459   519   519 D CompatibilityChangeReporter: Compat change id reported: 135772972; UID 10145; state: DISABLED
04-22 05:26:33.460   519   519 D CompatibilityChangeReporter: Compat change id reported: 135754954; UID 10145; state: ENABLED
04-22 05:26:33.460   519   550 D CompatibilityChangeReporter: Compat change id reported: 143937733; UID 10145; state: ENABLED
04-22 05:26:33.461  1043  1728 E OpenGLRenderer: Unable to match the desired swap behavior.
04-22 05:26:33.465   294   294 D Zygote  : Forked child process 23670
04-22 05:26:33.467   519   541 W ActivityManager: setHasOverlayUi called on unknown pid: 23507
04-22 05:26:33.467   519   550 I ActivityManager: Start proc 23670:com.google.android.apps.photos/u0a145 for service {com.google.android.apps.photos/com.google.android.apps.photos.dbprocessor.impl.DatabaseProcessorJobService}
04-22 05:26:33.469   519   519 E JobScheduler.Quota: <0>com.google.android.apps.photos has 0 EJ quota without running anything
04-22 05:26:33.469   519   519 E JobScheduler.Quota: <0>com.google.android.apps.photos has 0 EJ quota without running anything
04-22 05:26:33.471   519   549 I DropBoxManagerService: add tag=system_server_wtf isTagEnabled=true flags=0x2
04-22 05:26:33.472 23670 23670 I oid.apps.photos: Using CollectorTypeCC GC.
04-22 05:26:33.473   519   549 I DropBoxManagerService: add tag=system_server_wtf isTagEnabled=true flags=0x2
04-22 05:26:33.477  1598  1881 I AiAiEcho: Predicting[0]: 
04-22 05:26:33.477  1598  1881 I AiAiEcho: Ranked targets strategy: SORT, count: 0, ranking metadata: 
04-22 05:26:33.479  1598  1881 I AiAiEcho: #postPredictionTargets: Sending updates to UISurface lockscreen with targets# 0
04-22 05:26:33.479  1598  1881 I AiAiEcho: #postPredictionTargets: Sending updates to UISurface home with targets# 0
04-22 05:26:33.479  1598  1881 I AiAiEcho: #postPredictionTargets: Sending updates to UISurface media_data_manager with targets# 0
04-22 05:26:33.480   382   431 I adbd    : jdwp connection from 23670
04-22 05:26:33.484  1043  1043 D b/260135164: updateIconAlphaForHome - setIconsAlpha(0), isTaskbarPresent: true
04-22 05:26:33.484   728   728 D SsMediaDataProvider: Forwarding Smartspace updates []
04-22 05:26:33.484  1921  1921 I A       : (REDACTED) Created gRPC endpoint for service %s
04-22 05:26:33.488  1921  1921 I A       : (REDACTED) onApplyWindowInsets: systemWindowInsets=%s
04-22 05:26:33.488  1921  1921 I A       : (REDACTED) onApplyWindowInsets: systemWindowInsets=%s
04-22 05:26:33.492   335   435 W TransactionTracing: Could not find layer handle 0xb400006eb98b5bf0
04-22 05:26:33.492   335   435 W TransactionTracing: Could not find layer handle 0xb400006eb98b6550
04-22 05:26:33.494  1043  1728 E OpenGLRenderer: Unable to match the desired swap behavior.
04-22 05:26:33.495   519   534 D CompatibilityChangeReporter: Compat change id reported: 168419799; UID 10145; state: DISABLED
04-22 05:26:33.495   519   534 D CompatibilityChangeReporter: Compat change id reported: 273564678; UID 10145; state: DISABLED
04-22 05:26:33.498 23670 23670 D CompatibilityChangeReporter: Compat change id reported: 171979766; UID 10145; state: ENABLED
04-22 05:26:33.499  1043  1043 D b/260135164: updateIconAlphaForHome - setIconsAlpha(0), isTaskbarPresent: true
04-22 05:26:33.506 23670 23670 D nativeloader: Configuring classloader-namespace for other apk /system/framework/org.apache.http.legacy.jar. target_sdk_version=33, uses_libraries=ALL, library_path=/product/app/Photos/lib/arm64:/product/app/Photos/Photos.apk!/lib/arm64-v8a, permitted_path=/data:/mnt/expand:/data/user/0/com.google.android.apps.photos
04-22 05:26:33.507 23670 23670 D nativeloader: Configuring classloader-namespace for other apk /system_ext/framework/androidx.window.extensions.jar. target_sdk_version=33, uses_libraries=ALL, library_path=/product/app/Photos/lib/arm64:/product/app/Photos/Photos.apk!/lib/arm64-v8a, permitted_path=/data:/mnt/expand:/data/user/0/com.google.android.apps.photos
04-22 05:26:33.508 23670 23670 D nativeloader: Configuring classloader-namespace for other apk /system_ext/framework/androidx.window.sidecar.jar. target_sdk_version=33, uses_libraries=ALL, library_path=/product/app/Photos/lib/arm64:/product/app/Photos/Photos.apk!/lib/arm64-v8a, permitted_path=/data:/mnt/expand:/data/user/0/com.google.android.apps.photos
04-22 05:26:33.510 23670 23670 D nativeloader: Configuring vendor-classloader-namespace for unbundled product apk /product/app/Photos/Photos.apk. target_sdk_version=33, uses_libraries=, library_path=/product/app/Photos/lib/arm64:/product/app/Photos/Photos.apk!/lib/arm64-v8a:/product/lib64:/system/product/lib64, permitted_path=/data:/mnt/expand:/data/user/0/com.google.android.apps.photos:/product/lib64:/system/product/lib64
04-22 05:26:33.513  1043  1043 D b/260135164: updateIconAlphaForHome - setIconsAlpha(0), isTaskbarPresent: true
04-22 05:26:33.514  1523  1523 I GoogleInputMethodService: GoogleInputMethodService.onFinishInput():3227 
04-22 05:26:33.515  1523  1523 I GoogleInputMethodService: GoogleInputMethodService.updateDeviceLockedStatus():2087 repeatCheckTimes = 0, unlocked = true
04-22 05:26:33.515  1523  1523 I GoogleInputMethodService: GoogleInputMethodService.onStartInput():1877 onStartInput(EditorInfo{inputType=0x0(NULL) imeOptions=0x0 privateImeOptions=null actionName=UNSPECIFIED actionLabel=null actionId=0 initialSelStart=-1 initialSelEnd=-1 initialCapsMode=0x0 hintText=null label=null packageName=com.google.android.apps.nexuslauncher fieldId=-1 fieldName=null extras=null}, false)
04-22 05:26:33.515  1523  1523 I GoogleInputMethodService: GoogleInputMethodService.shouldHideHeaderOnInitialState():4008 ShouldHideHeaderOnInitialState = false
04-22 05:26:33.517  1523  1523 I GoogleInputMethodService: GoogleInputMethodService.updateDeviceLockedStatus():2087 repeatCheckTimes = 2, unlocked = true
04-22 05:26:33.520  1043  1043 D b/260135164: updateIconAlphaForHome - setIconsAlpha(0), isTaskbarPresent: true
04-22 05:26:33.523   335   435 W TransactionTracing: Could not find layer handle 0xb400006eb98b6010
04-22 05:26:33.541  1043  1043 D b/260135164: updateIconAlphaForHome - setIconsAlpha(0), isTaskbarPresent: true
04-22 05:26:33.545   790  1086 D BtGatt.ScanManager: uid 10116 isForeground true scanMode -1
04-22 05:26:33.549   293 23691 I resolv  : GetAddrInfoHandler::run: {100 262244 100 983140 10120 0}
04-22 05:26:33.550   293 23692 I resolv  : res_nmkquery: (QUERY, IN, AAAA)
04-22 05:26:33.552   293 23693 I resolv  : res_nmkquery: (QUERY, IN, A)
04-22 05:26:33.555  1043  1043 D b/260135164: updateIconAlphaForHome - setIconsAlpha(0), isTaskbarPresent: true
04-22 05:26:33.564  1921  2210 I A       : (REDACTED) GMSCore Auth returned %d accounts.
04-22 05:26:33.564  1921  2210 I A       : (REDACTED) GoogleOwnersProvider returned %d accounts.
04-22 05:26:33.566 23670 23670 V GraphicsEnvironment: ANGLE Developer option for 'com.google.android.apps.photos' set to: 'default'
04-22 05:26:33.566 23670 23670 V GraphicsEnvironment: ANGLE GameManagerService for com.google.android.apps.photos: false
04-22 05:26:33.566 23670 23670 V GraphicsEnvironment: Neither updatable production driver nor prerelease driver is supported.
04-22 05:26:33.567 23670 23670 D NetworkSecurityConfig: No Network Security Config specified, using platform default
04-22 05:26:33.568 23670 23670 D NetworkSecurityConfig: No Network Security Config specified, using platform default
04-22 05:26:33.581  1043  1043 D b/260135164: updateIconAlphaForHome - setIconsAlpha(0), isTaskbarPresent: true
04-22 05:26:33.599  1043  1043 D b/260135164: updateIconAlphaForHome - setIconsAlpha(0), isTaskbarPresent: true
04-22 05:26:33.602 23670 23670 W oid.apps.photos: Accessing hidden field Ljava/util/Collections$SynchronizedCollection;->mutex:Ljava/lang/Object; (max-target-o, reflection, denied)
04-22 05:26:33.602 23670 23670 W oid.apps.photos: Accessing hidden method Ljava/util/Collections$SynchronizedSet;-><init>(Ljava/util/Set;Ljava/lang/Object;)V (max-target-o, reflection, denied)
04-22 05:26:33.602 23670 23670 W oid.apps.photos: Accessing hidden method Ljava/util/Collections$SynchronizedCollection;-><init>(Ljava/util/Collection;Ljava/lang/Object;)V (max-target-o, reflection, denied)
04-22 05:26:33.604 23670 23670 D CompatibilityChangeReporter: Compat change id reported: 183155436; UID 10145; state: ENABLED
04-22 05:26:33.605   293 23693 I resolv  : res_tls_send: TLS query result: 0
04-22 05:26:33.605   293 23693 I resolv  : doQuery: rcode=0, ancount=1, return value=59
04-22 05:26:33.605   293 23692 I resolv  : res_tls_send: TLS query result: 0
04-22 05:26:33.605   293 23692 I resolv  : doQuery: rcode=0, ancount=1, return value=71
04-22 05:26:33.607  1043  1043 D b/260135164: updateIconAlphaForHome - setIconsAlpha(0), isTaskbarPresent: true
04-22 05:26:33.623  1043  1043 D b/260135164: updateIconAlphaForHome - setIconsAlpha(0), isTaskbarPresent: true
04-22 05:26:33.629 23670 23699 D CompatibilityChangeReporter: Compat change id reported: 194532703; UID 10145; state: ENABLED
04-22 05:26:33.638   519  1698 D ConnectivityService: requestNetwork for uid/pid:10145/23670 activeRequest: null callbackRequest: 168 [NetworkRequest [ REQUEST id=169, [ Capabilities: INTERNET&NOT_RESTRICTED&TRUSTED&NOT_VCN_MANAGED Uid: 10145 RequestorUid: 10145 RequestorPkg: com.google.android.apps.photos UnderlyingNetworks: Null] ]] callback flags: 0 order: 2147483647
04-22 05:26:33.639   519   654 D ConnectivityService: NetReassign [169 : null → 100] [c 0] [a 0] [i 1]
04-22 05:26:33.639   519   647 D WifiNetworkFactory: got request NetworkRequest [ REQUEST id=169, [ Capabilities: INTERNET&NOT_RESTRICTED&TRUSTED&NOT_VCN_MANAGED Uid: 10145 RequestorUid: 10145 RequestorPkg: com.google.android.apps.photos UnderlyingNetworks: Null] ]
04-22 05:26:33.639   519   647 D UntrustedWifiNetworkFactory: got request NetworkRequest [ REQUEST id=169, [ Capabilities: INTERNET&NOT_RESTRICTED&TRUSTED&NOT_VCN_MANAGED Uid: 10145 RequestorUid: 10145 RequestorPkg: com.google.android.apps.photos UnderlyingNetworks: Null] ]
04-22 05:26:33.639   519   647 D OemPaidWifiNetworkFactory: got request NetworkRequest [ REQUEST id=169, [ Capabilities: INTERNET&NOT_RESTRICTED&TRUSTED&NOT_VCN_MANAGED Uid: 10145 RequestorUid: 10145 RequestorPkg: com.google.android.apps.photos UnderlyingNetworks: Null] ]
04-22 05:26:33.639   519   647 D MultiInternetWifiNetworkFactory: got request NetworkRequest [ REQUEST id=169, [ Capabilities: INTERNET&NOT_RESTRICTED&TRUSTED&NOT_VCN_MANAGED Uid: 10145 RequestorUid: 10145 RequestorPkg: com.google.android.apps.photos UnderlyingNetworks: Null] ]
04-22 05:26:33.641  1043  1043 D b/260135164: updateIconAlphaForHome - setIconsAlpha(0), isTaskbarPresent: true
04-22 05:26:33.654 23670 23699 D CompatibilityChangeReporter: Compat change id reported: 210923482; UID 10145; state: ENABLED
04-22 05:26:33.655  1043  1043 D b/260135164: updateIconAlphaForHome - setIconsAlpha(0), isTaskbarPresent: true
04-22 05:26:33.673  1043  1043 D b/260135164: updateIconAlphaForHome - setIconsAlpha(0), isTaskbarPresent: true
04-22 05:26:33.687  1043  1043 D b/260135164: updateIconAlphaForHome - setIconsAlpha(0), isTaskbarPresent: true
04-22 05:26:33.708  1043  1043 D b/260135164: updateIconAlphaForHome - setIconsAlpha(0), isTaskbarPresent: true
04-22 05:26:33.720  1043  1043 D b/260135164: updateIconAlphaForHome - setIconsAlpha(0), isTaskbarPresent: true
04-22 05:26:33.738  1043  1043 D b/260135164: updateIconAlphaForHome - setIconsAlpha(1), isTaskbarPresent: true
04-22 05:26:33.954   335   435 W TransactionTracing: Could not find layer id -1
04-22 05:26:33.954   335   435 W TransactionTracing: Could not find layer id -1
04-22 05:26:34.504 23712 23712 D AndroidRuntime: >>>>>> START com.android.internal.os.RuntimeInit uid 2000 <<<<<<
04-22 05:26:34.507 23712 23712 I AndroidRuntime: Using default boot image
04-22 05:26:34.507 23712 23712 I AndroidRuntime: Leaving lock profiling enabled
04-22 05:26:34.509 23712 23712 I app_process: Core platform API reporting enabled, enforcing=false
04-22 05:26:34.509 23712 23712 I app_process: Using CollectorTypeCC GC.
04-22 05:26:34.560 23712 23712 D app_process: Time zone APEX ICU file found: /apex/com.android.tzdata/etc/icu/icu_tzdata.dat
04-22 05:26:34.560 23712 23712 D app_process: I18n APEX ICU file found: /apex/com.android.i18n/etc/icu/icudt70l.dat
04-22 05:26:34.574 23712 23712 D AndroidRuntime: Calling main entry com.android.commands.monkey.Monkey
04-22 05:26:34.574 23712 23712 W Monkey  : args: [-p, com.impos2.mixcretailassemblyrn84, -c, android.intent.category.LAUNCHER, 1]
04-22 05:26:34.575 23712 23712 W Monkey  :  arg: "-p"
04-22 05:26:34.575 23712 23712 W Monkey  :  arg: "com.impos2.mixcretailassemblyrn84"
04-22 05:26:34.575 23712 23712 W Monkey  :  arg: "-c"
04-22 05:26:34.575 23712 23712 W Monkey  :  arg: "android.intent.category.LAUNCHER"
04-22 05:26:34.575 23712 23712 W Monkey  :  arg: "1"
04-22 05:26:34.575 23712 23712 W Monkey  : data="com.impos2.mixcretailassemblyrn84"
04-22 05:26:34.575 23712 23712 W Monkey  : data="android.intent.category.LAUNCHER"
04-22 05:26:34.580   519   549 W BroadcastQueue: Skipping deliver [background] BroadcastRecord{8c6c58e u-1 android.net.conn.CONNECTIVITY_CHANGE} to ReceiverList{6a791af 23712 (unknown name)/2000/u-1 remote:d92b490}: process gone or crashing
04-22 05:26:34.584   519   705 I ActivityTaskManager: START u0 {act=android.intent.action.MAIN cat=[android.intent.category.LAUNCHER] flg=0x10200000 cmp=com.impos2.mixcretailassemblyrn84/.MainActivity} from uid 2000
04-22 05:26:34.586   519   705 D CompatibilityChangeReporter: Compat change id reported: 184838306; UID 10175; state: DISABLED
04-22 05:26:34.586   519   705 D CompatibilityChangeReporter: Compat change id reported: 185004937; UID 10175; state: DISABLED
04-22 05:26:34.588   519   705 D CompatibilityChangeReporter: Compat change id reported: 205907456; UID 10175; state: ENABLED
04-22 05:26:34.590   728   946 D SplashScreenView: Build android.window.SplashScreenView{ecc1b6f V.E...... ......ID 0,0-0,0}
04-22 05:26:34.590   728   946 D SplashScreenView: Icon: view: android.widget.ImageView{41db07c V.ED..... ......I. 0,0-0,0 #10204dd android:id/splashscreen_icon_view} drawable: com.android.wm.shell.startingsurface.SplashscreenIconDrawableFactory$ImmobileIconDrawable@8521d05 size: 384
04-22 05:26:34.590   728   946 D SplashScreenView: Branding: view: android.view.View{6ac115a G.ED..... ......I. 0,0-0,0 #10204dc android:id/splashscreen_branding_view} drawable: null size w: 0 h: 0
04-22 05:26:34.590   519   541 D CompatibilityChangeReporter: Compat change id reported: 135634846; UID 10175; state: DISABLED
04-22 05:26:34.590   519   541 D CompatibilityChangeReporter: Compat change id reported: 177438394; UID 10175; state: DISABLED
04-22 05:26:34.590   519   541 D CompatibilityChangeReporter: Compat change id reported: 135772972; UID 10175; state: DISABLED
04-22 05:26:34.590   519   541 D CompatibilityChangeReporter: Compat change id reported: 135754954; UID 10175; state: ENABLED
04-22 05:26:34.590   519   550 D CompatibilityChangeReporter: Compat change id reported: 143937733; UID 10175; state: ENABLED
04-22 05:26:34.591 23712 23712 I Monkey  : Events injected: 1
04-22 05:26:34.591   728   955 W Parcel  : Expecting binder but got null!
04-22 05:26:34.592 23712 23712 I Monkey  : ## Network stats: elapsed time=9ms (0ms mobile, 0ms wifi, 9ms not connected)
04-22 05:26:34.593 23712 23712 I app_process: System.exit called, status: 0
04-22 05:26:34.593 23712 23712 I AndroidRuntime: VM exiting with result code 0.
04-22 05:26:34.594  1043  1043 D MainContentCaptureSession: Flushing 1 event(s) for act:com.google.android.apps.nexuslauncher/.NexusLauncherActivity [state=2 (ACTIVE), disabled=false], reason=FULL
04-22 05:26:34.595   519  1699 D CoreBackPreview: Window{269f866 u0 Splash Screen com.impos2.mixcretailassemblyrn84}: Setting back callback OnBackInvokedCallbackInfo{mCallback=android.window.IOnBackInvokedCallback$Stub$Proxy@829affd, mPriority=0}
04-22 05:26:34.597   294   294 D Zygote  : Forked child process 23728
04-22 05:26:34.597   519   550 I ActivityManager: Start proc 23728:com.impos2.mixcretailassemblyrn84/u0a175 for next-top-activity {com.impos2.mixcretailassemblyrn84/com.impos2.mixcretailassemblyrn84.MainActivity}
04-22 05:26:34.601 23728 23728 I ailassemblyrn84: Using CollectorTypeCC GC.
04-22 05:26:34.607   382   431 I adbd    : jdwp connection from 23728
04-22 05:26:34.607   728   955 E OpenGLRenderer: Unable to match the desired swap behavior.
04-22 05:26:34.615 23728 23728 D CompatibilityChangeReporter: Compat change id reported: 171979766; UID 10175; state: ENABLED
04-22 05:26:34.619   335   435 W TransactionTracing: Could not find layer id -1
04-22 05:26:34.621  1043  1043 D b/260135164: updateIconAlphaForHome - setIconsAlpha(0), isTaskbarPresent: true
04-22 05:26:34.621 23728 23728 D nativeloader: Configuring classloader-namespace for other apk /data/app/~~wh3it5ii-oku7gh1MHYElA==/com.impos2.mixcretailassemblyrn84-pWx1YJd1fLAFIA006It7Jw==/base.apk. target_sdk_version=36, uses_libraries=, library_path=/data/app/~~wh3it5ii-oku7gh1MHYElA==/com.impos2.mixcretailassemblyrn84-pWx1YJd1fLAFIA006It7Jw==/lib/arm64:/data/app/~~wh3it5ii-oku7gh1MHYElA==/com.impos2.mixcretailassemblyrn84-pWx1YJd1fLAFIA006It7Jw==/base.apk!/lib/arm64-v8a, permitted_path=/data:/mnt/expand:/data/user/0/com.impos2.mixcretailassemblyrn84
04-22 05:26:34.624  1043  1728 D EGL_emulation: app_time_stats: avg=59.19ms min=0.79ms max=869.12ms count=17
04-22 05:26:34.627  1043  1728 D EGL_emulation: app_time_stats: avg=99.63ms min=3.46ms max=603.42ms count=11
04-22 05:26:34.637  1043  1043 D b/260135164: updateIconAlphaForHome - setIconsAlpha(0), isTaskbarPresent: true
04-22 05:26:34.644 23728 23728 V GraphicsEnvironment: ANGLE Developer option for 'com.impos2.mixcretailassemblyrn84' set to: 'default'
04-22 05:26:34.644 23728 23728 V GraphicsEnvironment: ANGLE GameManagerService for com.impos2.mixcretailassemblyrn84: false
04-22 05:26:34.644 23728 23728 V GraphicsEnvironment: Neither updatable production driver nor prerelease driver is supported.
04-22 05:26:34.646 23728 23728 D NetworkSecurityConfig: Using Network Security Config from resource network_security_config debugBuild: false
04-22 05:26:34.646 23728 23728 D NetworkSecurityConfig: Using Network Security Config from resource network_security_config debugBuild: false
04-22 05:26:34.652 23728 23728 W SoLoader: Initializing SoLoader: 0
04-22 05:26:34.652 23728 23728 W SoLoader: Recording new base apk path: /data/app/~~wh3it5ii-oku7gh1MHYElA==/com.impos2.mixcretailassemblyrn84-pWx1YJd1fLAFIA006It7Jw==/base.apk
04-22 05:26:34.652 23728 23728 W SoLoader: Previously recorded 0 base apk paths.
04-22 05:26:34.653  1043  1043 D b/260135164: updateIconAlphaForHome - setIconsAlpha(0), isTaskbarPresent: true
04-22 05:26:34.653 23728 23728 I SoLoader: Preparing SO source: DirectorySoSource[root = /vendor/lib64 flags = 2]
04-22 05:26:34.653 23728 23728 I SoLoader: Preparing SO source: DirectorySoSource[root = /system/lib64 flags = 2]
04-22 05:26:34.653 23728 23728 I SoLoader: Preparing SO source: DirectApkSoSource[root = [/data/app/~~wh3it5ii-oku7gh1MHYElA==/com.impos2.mixcretailassemblyrn84-pWx1YJd1fLAFIA006It7Jw==/base.apk!/lib/arm64-v8a]]
04-22 05:26:34.655 23728 23728 I SoLoader: Preparing SO source: ApplicationSoSource[DirectorySoSource[root = /data/app/~~wh3it5ii-oku7gh1MHYElA==/com.impos2.mixcretailassemblyrn84-pWx1YJd1fLAFIA006It7Jw==/lib/arm64 flags = 0]]
04-22 05:26:34.655 23728 23728 I SoLoader: init finish: 4 SO sources prepared
04-22 05:26:34.655 23728 23728 W SoLoader: SoLoader initialized: 8
04-22 05:26:34.661 23728 23728 D jni_lib_merge: Entering merged library JNI_OnLoad.
04-22 05:26:34.661 23728 23728 D jni_lib_merge: Preparing 12 pre-merged libs (including stub)
04-22 05:26:34.661 23728 23728 D jni_lib_merge: Preparing to register libfabricjni_so.  onload_func: 0x735cdb5a50
04-22 05:26:34.661 23728 23728 D jni_lib_merge: Preparing to register libreact_devsupportjni_so.  onload_func: 0x735ce7936c
04-22 05:26:34.661 23728 23728 D jni_lib_merge: Preparing to register libreact_featureflagsjni_so.  onload_func: 0x735ce93ba8
04-22 05:26:34.661 23728 23728 D jni_lib_merge: Preparing to register libreact_newarchdefaults_so.  onload_func: 0x735ced1d74
04-22 05:26:34.661 23728 23728 D jni_lib_merge: Preparing to register libreactnativeblob_so.  onload_func: 0x735cf72a4c
04-22 05:26:34.661 23728 23728 D jni_lib_merge: Preparing to register libreactnativejni_so.  onload_func: 0x735cf879e4
04-22 05:26:34.661 23728 23728 D jni_lib_merge: Preparing to register libreactnativejni_common_so.  onload_func: 0x735cf8abe0
04-22 05:26:34.661 23728 23728 D jni_lib_merge: Preparing to register librninstance_so.  onload_func: 0x735cfa7778
04-22 05:26:34.661 23728 23728 D jni_lib_merge: Preparing to register libturbomodulejsijni_so.  onload_func: 0x735d0510e0
04-22 05:26:34.661 23728 23728 D jni_lib_merge: Preparing to register libuimanagerjni_so.  onload_func: 0x735d057b00
04-22 05:26:34.661 23728 23728 D jni_lib_merge: Preparing to register libyoga_so.  onload_func: 0x735d05f0c4
04-22 05:26:34.661 23728 23728 D jni_lib_merge: About to register 11 actual methods.
04-22 05:26:34.663 23728 23728 D jni_lib_merge: Entering merged library JNI_OnLoad.
04-22 05:26:34.663 23728 23728 D jni_lib_merge: Preparing 12 pre-merged libs (including stub)
04-22 05:26:34.663 23728 23728 D jni_lib_merge: Preparing to register libfabricjni_so.  onload_func: 0x735cdb5a50
04-22 05:26:34.663 23728 23728 D jni_lib_merge: Preparing to register libreact_devsupportjni_so.  onload_func: 0x735ce7936c
04-22 05:26:34.663 23728 23728 D jni_lib_merge: Preparing to register libreact_featureflagsjni_so.  onload_func: 0x735ce93ba8
04-22 05:26:34.663 23728 23728 D jni_lib_merge: Preparing to register libreact_newarchdefaults_so.  onload_func: 0x735ced1d74
04-22 05:26:34.663 23728 23728 D jni_lib_merge: Preparing to register libreactnativeblob_so.  onload_func: 0x735cf72a4c
04-22 05:26:34.663 23728 23728 D jni_lib_merge: Preparing to register libreactnativejni_so.  onload_func: 0x735cf879e4
04-22 05:26:34.663 23728 23728 D jni_lib_merge: Preparing to register libreactnativejni_common_so.  onload_func: 0x735cf8abe0
04-22 05:26:34.663 23728 23728 D jni_lib_merge: Preparing to register librninstance_so.  onload_func: 0x735cfa7778
04-22 05:26:34.663 23728 23728 D jni_lib_merge: Preparing to register libturbomodulejsijni_so.  onload_func: 0x735d0510e0
04-22 05:26:34.663 23728 23728 D jni_lib_merge: Preparing to register libuimanagerjni_so.  onload_func: 0x735d057b00
04-22 05:26:34.663 23728 23728 D jni_lib_merge: Preparing to register libyoga_so.  onload_func: 0x735d05f0c4
04-22 05:26:34.663 23728 23728 D jni_lib_merge: About to register 11 actual methods.
04-22 05:26:34.669 23728 23749 D libEGL  : loaded /vendor/lib64/egl/libEGL_emulation.so
04-22 05:26:34.670 23728 23749 D libEGL  : loaded /vendor/lib64/egl/libGLESv1_CM_emulation.so
04-22 05:26:34.671  1043  1043 D b/260135164: updateIconAlphaForHome - setIconsAlpha(0), isTaskbarPresent: true
04-22 05:26:34.671 23728 23728 D AppCompatDelegate: Checking for metadata for AppLocalesMetadataHolderService : Service not found
04-22 05:26:34.675 23728 23749 D libEGL  : loaded /vendor/lib64/egl/libGLESv2_emulation.so
04-22 05:26:34.679 23728 23728 I StartupAudit: activity_created activity=MainActivity displayIndex=0 pid=23728 time=2026-04-22 05:26:34.679
