04-22 05:17:28.929  1921  2210 W A       : 	at java.lang.Thread.run(Thread.java:1012)
04-22 05:17:28.929  1921  2210 W A       : 	at com.google.android.libraries.i.ai.run(PG:5)
04-22 05:17:28.929  1921  2210 W A       : Caused by: com.google.frameworks.client.data.android.ac: Http networking stack error
04-22 05:17:28.929  1921  2210 W A       : 	at com.google.frameworks.client.data.android.y.run(PG:7)
04-22 05:17:28.929  1921  2210 W A       : 	... 6 more
04-22 05:17:28.929  1921  2210 W A       : Caused by: iq: Exception in CronetUrlRequest: net::ERR_CONNECTION_REFUSED, ErrorCode=7, InternalErrorCode=-102, Retryable=false
04-22 05:17:28.929  1921  2210 W A       : 	at org.chromium.net.impl.CronetUrlRequest.onError(:com.google.android.gms.dynamite_cronetdynamite@231818044@23.18.18 (190400-0):5)
04-22 05:17:33.985 23507 23552 D TrafficStats: tagSocket(5) with statsTag=0xffffffff, statsUid=-1
04-22 05:17:33.987 23507 23552 D TrafficStats: tagSocket(70) with statsTag=0xffffffff, statsUid=-1
04-22 05:17:33.988 23507 23552 D TrafficStats: tagSocket(74) with statsTag=0xffffffff, statsUid=-1
04-22 05:17:33.991 23507 23552 D TrafficStats: tagSocket(5) with statsTag=0xffffffff, statsUid=-1
04-22 05:17:33.991 23507 23552 D TrafficStats: tagSocket(70) with statsTag=0xffffffff, statsUid=-1
04-22 05:17:33.992 23507 23552 D TrafficStats: tagSocket(74) with statsTag=0xffffffff, statsUid=-1
04-22 05:17:34.004 23507 23552 D TrafficStats: tagSocket(5) with statsTag=0xffffffff, statsUid=-1
04-22 05:17:34.007 23507 23552 D TrafficStats: tagSocket(5) with statsTag=0xffffffff, statsUid=-1
04-22 05:18:00.007  1598  1881 I AiAiEcho: Predicting[0]: 
04-22 05:18:00.008  1598  1881 I AiAiEcho: Ranked targets strategy: SORT, count: 0, ranking metadata: 
04-22 05:18:00.008  1598  1881 I AiAiEcho: #postPredictionTargets: Sending updates to UISurface lockscreen with targets# 0
04-22 05:18:00.008  1598  1881 I AiAiEcho: #postPredictionTargets: Sending updates to UISurface home with targets# 0
04-22 05:18:00.008  1598  1881 I AiAiEcho: #postPredictionTargets: Sending updates to UISurface media_data_manager with targets# 0
04-22 05:18:00.022   728   728 D SsMediaDataProvider: Forwarding Smartspace updates []
04-22 05:18:00.046   728   955 D EGL_emulation: app_time_stats: avg=60010.52ms min=60010.52ms max=60010.52ms count=1
04-22 05:18:01.512  1251 23373 D TrafficStats: tagSocket(82) with statsTag=0x20008100, statsUid=-1
04-22 05:18:05.694   519   534 D CompatibilityChangeReporter: Compat change id reported: 161252188; UID 10175; state: DISABLED
04-22 05:18:05.694   519   534 I ActivityTaskManager: START u0 {flg=0x10000000 cmp=com.impos2.mixcretailassemblyrn84/.MainActivity} from uid 2000
04-22 05:18:05.694   519   534 D CompatibilityChangeReporter: Compat change id reported: 265464455; UID 10175; state: DISABLED
04-22 05:18:05.694   519   534 D CompatibilityChangeReporter: Compat change id reported: 265452344; UID 10175; state: DISABLED
04-22 05:18:05.694   519   534 D CompatibilityChangeReporter: Compat change id reported: 266124927; UID 10175; state: DISABLED
04-22 05:18:05.694   519   534 D CompatibilityChangeReporter: Compat change id reported: 265451093; UID 10175; state: DISABLED
04-22 05:18:05.694   519   534 D CompatibilityChangeReporter: Compat change id reported: 265456536; UID 10175; state: DISABLED
04-22 05:18:05.694   519   534 D CompatibilityChangeReporter: Compat change id reported: 255940284; UID 10175; state: DISABLED
04-22 05:18:05.694   519   534 D CompatibilityChangeReporter: Compat change id reported: 236283604; UID 10175; state: DISABLED
04-22 05:18:05.694   519   534 D CompatibilityChangeReporter: Compat change id reported: 263959004; UID 10175; state: DISABLED
04-22 05:18:05.694   519   534 D CompatibilityChangeReporter: Compat change id reported: 264304459; UID 10175; state: DISABLED
04-22 05:18:05.694   519   534 D CompatibilityChangeReporter: Compat change id reported: 264301586; UID 10175; state: DISABLED
04-22 05:18:05.694   519   534 D CompatibilityChangeReporter: Compat change id reported: 254631730; UID 10175; state: DISABLED
04-22 05:18:05.694   519   534 D CompatibilityChangeReporter: Compat change id reported: 273509367; UID 10175; state: DISABLED
04-22 05:18:05.694   519   534 D CompatibilityChangeReporter: Compat change id reported: 263259275; UID 10175; state: DISABLED
04-22 05:18:05.694   519   534 D CompatibilityChangeReporter: Compat change id reported: 194480991; UID 10175; state: ENABLED
04-22 05:18:05.694   519   534 D CompatibilityChangeReporter: Compat change id reported: 174042980; UID 10175; state: DISABLED
04-22 05:18:05.694   519   534 D CompatibilityChangeReporter: Compat change id reported: 197654537; UID 10175; state: ENABLED
04-22 05:18:05.694   519   534 D CompatibilityChangeReporter: Compat change id reported: 181136395; UID 10175; state: DISABLED
04-22 05:18:05.694   519   534 D CompatibilityChangeReporter: Compat change id reported: 174042936; UID 10175; state: DISABLED
04-22 05:18:05.695   519   534 D CompatibilityChangeReporter: Compat change id reported: 194833441; UID 10175; state: ENABLED
04-22 05:18:05.696 23507 23507 W unknown:BridgelessReact: ReactHost{0}.onHostPause(activity)
04-22 05:18:05.696 23507 23507 W unknown:BridgelessReact: ReactHost{0}.ReactContext.onHostPause()
04-22 05:18:05.697 23507 23507 W unknown:BridgelessReact: ReactHost{0}.onHostResume(activity)
04-22 05:18:05.697 23507 23507 W unknown:BridgelessReact: ReactHost{0}.ReactContext.onHostResume()
04-22 05:18:05.711 23507 23552 D TrafficStats: tagSocket(5) with statsTag=0xffffffff, statsUid=-1
04-22 05:18:05.714 23507 23552 D TrafficStats: tagSocket(5) with statsTag=0xffffffff, statsUid=-1
04-22 05:18:05.717 23507 23552 D TrafficStats: tagSocket(5) with statsTag=0xffffffff, statsUid=-1
04-22 05:18:05.720 23507 23552 D TrafficStats: tagSocket(5) with statsTag=0xffffffff, statsUid=-1
04-22 05:18:05.763 23507 23527 D EGL_emulation: app_time_stats: avg=5516.47ms min=1.21ms max=82726.06ms count=15
04-22 05:18:05.772 23507 23552 D TrafficStats: tagSocket(5) with statsTag=0xffffffff, statsUid=-1
04-22 05:18:05.795 23507 23552 D TrafficStats: tagSocket(5) with statsTag=0xffffffff, statsUid=-1
04-22 05:18:05.797 23507 23552 D TrafficStats: tagSocket(5) with statsTag=0xffffffff, statsUid=-1
04-22 05:18:05.838 23507 23552 D TrafficStats: tagSocket(5) with statsTag=0xffffffff, statsUid=-1
04-22 05:18:05.841 23507 23552 D TrafficStats: tagSocket(5) with statsTag=0xffffffff, statsUid=-1
04-22 05:18:05.844 23507 23552 D TrafficStats: tagSocket(5) with statsTag=0xffffffff, statsUid=-1
04-22 05:18:05.846 23507 23552 D TrafficStats: tagSocket(117) with statsTag=0xffffffff, statsUid=-1
04-22 05:18:05.900 23507 23552 D TrafficStats: tagSocket(106) with statsTag=0xffffffff, statsUid=-1
04-22 05:18:05.903 23507 23552 D TrafficStats: tagSocket(121) with statsTag=0xffffffff, statsUid=-1
04-22 05:18:05.906 23507 23552 D TrafficStats: tagSocket(106) with statsTag=0xffffffff, statsUid=-1
04-22 05:18:05.960 23507 23552 D TrafficStats: tagSocket(105) with statsTag=0xffffffff, statsUid=-1
04-22 05:18:05.962 23507 23552 D TrafficStats: tagSocket(105) with statsTag=0xffffffff, statsUid=-1
04-22 05:18:05.965 23507 23552 D TrafficStats: tagSocket(105) with statsTag=0xffffffff, statsUid=-1
04-22 05:18:05.968 23507 23552 D TrafficStats: tagSocket(105) with statsTag=0xffffffff, statsUid=-1
04-22 05:18:05.972 23507 23552 D TrafficStats: tagSocket(105) with statsTag=0xffffffff, statsUid=-1
04-22 05:18:06.026 23507 23552 D TrafficStats: tagSocket(98) with statsTag=0xffffffff, statsUid=-1
04-22 05:18:06.029 23507 23552 D TrafficStats: tagSocket(98) with statsTag=0xffffffff, statsUid=-1
04-22 05:18:06.031 23507 23552 D TrafficStats: tagSocket(120) with statsTag=0xffffffff, statsUid=-1
04-22 05:18:06.086 23507 23552 D TrafficStats: tagSocket(99) with statsTag=0xffffffff, statsUid=-1
04-22 05:18:06.089 23507 23552 D TrafficStats: tagSocket(99) with statsTag=0xffffffff, statsUid=-1
04-22 05:18:06.091 23507 23552 D TrafficStats: tagSocket(99) with statsTag=0xffffffff, statsUid=-1
04-22 05:18:06.146 23507 23552 D TrafficStats: tagSocket(102) with statsTag=0xffffffff, statsUid=-1
04-22 05:18:06.148 23507 23552 D TrafficStats: tagSocket(102) with statsTag=0xffffffff, statsUid=-1
04-22 05:18:06.151 23507 23552 D TrafficStats: tagSocket(102) with statsTag=0xffffffff, statsUid=-1
04-22 05:18:06.456 23507 23552 D TrafficStats: tagSocket(70) with statsTag=0xffffffff, statsUid=-1
04-22 05:18:06.459 23507 23552 D TrafficStats: tagSocket(70) with statsTag=0xffffffff, statsUid=-1
04-22 05:18:06.462 23507 23552 D TrafficStats: tagSocket(70) with statsTag=0xffffffff, statsUid=-1
04-22 05:18:06.474 23507 23507 D CompatibilityChangeReporter: Compat change id reported: 171228096; UID 10175; state: ENABLED
04-22 05:18:08.094 23507 23527 D EGL_emulation: app_time_stats: avg=211.70ms min=1.61ms max=1572.50ms count=11
04-22 05:18:19.627 23507 23552 D TrafficStats: tagSocket(74) with statsTag=0xffffffff, statsUid=-1
04-22 05:18:19.631 23507 23552 D TrafficStats: tagSocket(74) with statsTag=0xffffffff, statsUid=-1
04-22 05:18:19.654 23507 23537 I assembly.assembly.android.mixc-retail-rn84: [assembly.topology] Native topology host already matches desired lifecycle state {"displayCount":1,"displayIndex":0,"deviceId":"6Z2H3BSGEY","instanceMode":"MASTER","enableSlave":false,"running":false,"reason":"not-master-or-single-primary-host"}
04-22 05:18:19.685 23507 23527 D EGL_emulation: app_time_stats: avg=681.86ms min=12.89ms max=11328.59ms count=17
04-22 05:18:23.581   728   955 D EGL_emulation: app_time_stats: avg=23535.27ms min=23535.27ms max=23535.27ms count=1
04-22 05:18:38.855 23507 23552 D TrafficStats: tagSocket(5) with statsTag=0xffffffff, statsUid=-1
04-22 05:18:38.861 23507 23552 D TrafficStats: tagSocket(5) with statsTag=0xffffffff, statsUid=-1
04-22 05:18:38.911 23507 23552 D TrafficStats: tagSocket(5) with statsTag=0xffffffff, statsUid=-1
04-22 05:18:38.915 23507 23552 D TrafficStats: tagSocket(5) with statsTag=0xffffffff, statsUid=-1
04-22 05:18:38.917 23507 23537 I assembly.assembly.android.mixc-retail-rn84: [assembly.topology] Starting native topology host from assembly lifecycle {"displayCount":1,"displayIndex":0,"deviceId":"6Z2H3BSGEY","instanceMode":"MASTER","enableSlave":true,"reason":"master-primary-enable-slave"}
04-22 05:18:38.918   519  1705 D CompatibilityChangeReporter: Compat change id reported: 168419799; UID 10175; state: DISABLED
04-22 05:18:38.919   519  1705 D CompatibilityChangeReporter: Compat change id reported: 273564678; UID 10175; state: DISABLED
04-22 05:18:38.925 23507 23552 D TrafficStats: tagSocket(107) with statsTag=0xffffffff, statsUid=-1
04-22 05:18:38.926 23507 23537 D TrafficStats: tagSocket(128) with statsTag=0xffffffff, statsUid=-1
04-22 05:18:38.927 23507 23537 I MMKV    : <MMKV_IO.cpp:609::writeActualSize> [mixc-retail-assembly-rn84::state] increase sequence to 28, crc 2407862256, actualSize 22269
04-22 05:18:38.927 23507 23537 I MMKV    : <MMKV.cpp:1208::sync> MMKV::sync, SyncFlag = 1
04-22 05:18:38.928 23507 23536 I ReactNativeJS: '[assembly.android.mixc-retail-rn84.websocket] connect', { url: 'ws://127.0.0.1:8888/mockMasterServer/ws',
04-22 05:18:38.928 23507 23536 I ReactNativeJS:   protocol: 'ws',
04-22 05:18:38.928 23507 23536 I ReactNativeJS:   host: '127.0.0.1:8888',
04-22 05:18:38.928 23507 23536 I ReactNativeJS:   pathname: '/mockMasterServer/ws' }
04-22 05:18:38.929 23507 23537 I assembly.assembly.android.mixc-retail-rn84: [assembly.topology] Create assembly topology socket binding {"displayIndex":0,"role":"master","localNodeId":"master:6Z2H3BSGEY","wsUrl":"ws://127.0.0.1:8888/mockMasterServer/ws","httpBaseUrl":"http://127.0.0.1:8888/mockMasterServer","resolvedServerBaseUrl":"http://127.0.0.1:8888/mockMasterServer","resolvedPathTemplate":"/ws"}
04-22 05:18:38.929 23507 23537 I assembly.assembly.android.mixc-retail-rn84.transport.ws.SocketRuntime: [transport.ws] Socket connect started: assembly.android.mixc-retail-rn84.topology {"profileName":"assembly.android.mixc-retail-rn84.topology","serverName":"dual-topology-host-v3","addressName":"dynamic-topology-host"}
04-22 05:18:38.931 23507 23552 D TrafficStats: tagSocket(107) with statsTag=0xffffffff, statsUid=-1
04-22 05:18:38.932 23507 23537 I WebViewFactory: Loading com.google.android.webview version 109.0.5414.123 (code 541412334)
04-22 05:18:38.933 23507 23537 W ziparchive: Unable to open '/data/app/~~2XlbTKbdSL4ytKc6vI96fw==/com.google.android.trichromelibrary_541412334-XVCZJKNYM7pdXgwa6ezTsQ==/TrichromeLibrary.dm': No such file or directory
04-22 05:18:38.933 23507 23537 W ziparchive: Unable to open '/data/app/~~2XlbTKbdSL4ytKc6vI96fw==/com.google.android.trichromelibrary_541412334-XVCZJKNYM7pdXgwa6ezTsQ==/TrichromeLibrary.dm': No such file or directory
04-22 05:18:38.933 23507 23537 W ailassemblyrn84: Entry not found
04-22 05:18:38.934 23507 23537 D nativeloader: Configuring classloader-namespace for other apk /data/app/~~2XlbTKbdSL4ytKc6vI96fw==/com.google.android.trichromelibrary_541412334-XVCZJKNYM7pdXgwa6ezTsQ==/TrichromeLibrary.apk. target_sdk_version=33, uses_libraries=ALL, library_path=/data/app/~~Q0ddWPLbjoO_UEypAkbhRg==/com.google.android.webview-PdQqPxJT8P1ba_nJ4hr2mw==/lib/arm64:/data/app/~~Q0ddWPLbjoO_UEypAkbhRg==/com.google.android.webview-PdQqPxJT8P1ba_nJ4hr2mw==/WebViewGoogle.apk!/lib/arm64-v8a:/data/app/~~2XlbTKbdSL4ytKc6vI96fw==/com.google.android.trichromelibrary_541412334-XVCZJKNYM7pdXgwa6ezTsQ==/TrichromeLibrary.apk!/lib/arm64-v8a, permitted_path=/data:/mnt/expand
04-22 05:18:38.934 23507 23537 D nativeloader: Configuring classloader-namespace for other apk /data/app/~~Q0ddWPLbjoO_UEypAkbhRg==/com.google.android.webview-PdQqPxJT8P1ba_nJ4hr2mw==/WebViewGoogle.apk. target_sdk_version=33, uses_libraries=, library_path=/data/app/~~Q0ddWPLbjoO_UEypAkbhRg==/com.google.android.webview-PdQqPxJT8P1ba_nJ4hr2mw==/lib/arm64:/data/app/~~Q0ddWPLbjoO_UEypAkbhRg==/com.google.android.webview-PdQqPxJT8P1ba_nJ4hr2mw==/WebViewGoogle.apk!/lib/arm64-v8a:/data/app/~~2XlbTKbdSL4ytKc6vI96fw==/com.google.android.trichromelibrary_541412334-XVCZJKNYM7pdXgwa6ezTsQ==/TrichromeLibrary.apk!/lib/arm64-v8a, permitted_path=/data:/mnt/expand
04-22 05:18:38.940 23507 23537 I cr_WVCFactoryProvider: Loaded version=109.0.5414.123 minSdkVersion=29 isBundle=false multiprocess=true packageId=2
04-22 05:18:38.944 23507 23583 I cr_VariationsUtils: Failed reading seed file "/data/user/0/com.impos2.mixcretailassemblyrn84/app_webview/variations_seed_new"
04-22 05:18:38.944 23507 23583 I cr_VariationsUtils: Failed reading seed file "/data/user/0/com.impos2.mixcretailassemblyrn84/app_webview/variations_seed"
04-22 05:18:38.944 23507 23583 I cr_VariationsUtils: Requesting new seed from IVariationsSeedServer
04-22 05:18:38.945   519  1705 D CompatibilityChangeReporter: Compat change id reported: 161252188; UID 10141; state: DISABLED
04-22 05:18:38.945   519  1705 D CompatibilityChangeReporter: Compat change id reported: 168419799; UID 10141; state: DISABLED
04-22 05:18:38.945   519  1705 D CompatibilityChangeReporter: Compat change id reported: 273564678; UID 10141; state: DISABLED
04-22 05:18:38.948 23507 23537 I cr_LibraryLoader: Successfully loaded native library
04-22 05:18:38.948 23507 23537 I cr_CachingUmaRecorder: Flushed 11 samples from 11 histograms.
04-22 05:18:38.950 23507 23527 D EGL_emulation: app_time_stats: avg=19264.52ms min=19264.52ms max=19264.52ms count=1
04-22 05:18:38.950 23299 23334 I cr_VariationsUtils: Seed download job already scheduled
04-22 05:18:38.962 23507 23537 I assembly.assembly.android.mixc-retail-rn84: [assembly.topology] Create assembly topology socket binding {"displayIndex":0,"role":"master","localNodeId":"master:6Z2H3BSGEY","wsUrl":"ws://127.0.0.1:8888/mockMasterServer/ws","httpBaseUrl":"http://127.0.0.1:8888/mockMasterServer","resolvedServerBaseUrl":"http://127.0.0.1:8888/mockMasterServer","resolvedPathTemplate":"/ws"}
04-22 05:18:38.963 23507 23589 D TrafficStats: tagSocket(121) with statsTag=0xffffffff, statsUid=-1
04-22 05:18:38.963 23507 23579 D TrafficStats: tagSocket(136) with statsTag=0xffffffff, statsUid=-1
04-22 05:18:38.966 23507 23537 I assembly.assembly.android.mixc-retail-rn84: [assembly.topology] Native topology host already matches desired lifecycle state {"displayCount":1,"displayIndex":0,"deviceId":"6Z2H3BSGEY","instanceMode":"MASTER","enableSlave":true,"running":true,"reason":"master-primary-enable-slave"}
04-22 05:18:38.966 23507 23537 I assembly.assembly.android.mixc-retail-rn84: [assembly.topology] Native topology host already matches desired lifecycle state {"displayCount":1,"displayIndex":0,"deviceId":"6Z2H3BSGEY","instanceMode":"MASTER","enableSlave":true,"running":true,"reason":"master-primary-enable-slave"}
04-22 05:18:38.966 23507 23537 I assembly.assembly.android.mixc-retail-rn84: [assembly.topology] Native topology host already matches desired lifecycle state {"displayCount":1,"displayIndex":0,"deviceId":"6Z2H3BSGEY","instanceMode":"MASTER","enableSlave":true,"running":true,"reason":"master-primary-enable-slave"}
04-22 05:18:38.966 23507 23537 I assembly.assembly.android.mixc-retail-rn84: [assembly.topology] Native topology host already matches desired lifecycle state {"displayCount":1,"displayIndex":0,"deviceId":"6Z2H3BSGEY","instanceMode":"MASTER","enableSlave":true,"running":true,"reason":"master-primary-enable-slave"}
04-22 05:18:38.966 23507 23537 I assembly.assembly.android.mixc-retail-rn84: [assembly.topology] Native topology host already matches desired lifecycle state {"displayCount":1,"displayIndex":0,"deviceId":"6Z2H3BSGEY","instanceMode":"MASTER","enableSlave":true,"running":true,"reason":"master-primary-enable-slave"}
04-22 05:18:38.969 23507 23537 I assembly.assembly.android.mixc-retail-rn84: [assembly.topology] Native topology host already matches desired lifecycle state {"displayCount":1,"displayIndex":0,"deviceId":"6Z2H3BSGEY","instanceMode":"MASTER","enableSlave":true,"running":true,"reason":"master-primary-enable-slave"}
04-22 05:18:38.969 23507 23537 I assembly.assembly.android.mixc-retail-rn84: [assembly.topology] Native topology host already matches desired lifecycle state {"displayCount":1,"displayIndex":0,"deviceId":"6Z2H3BSGEY","instanceMode":"MASTER","enableSlave":true,"running":true,"reason":"master-primary-enable-slave"}
04-22 05:18:38.969 23507 23537 I assembly.assembly.android.mixc-retail-rn84: [assembly.topology] Native topology host already matches desired lifecycle state {"displayCount":1,"displayIndex":0,"deviceId":"6Z2H3BSGEY","instanceMode":"MASTER","enableSlave":true,"running":true,"reason":"master-primary-enable-slave"}
04-22 05:18:38.970 23507 23537 I assembly.assembly.android.mixc-retail-rn84: [assembly.topology] Native topology host already matches desired lifecycle state {"displayCount":1,"displayIndex":0,"deviceId":"6Z2H3BSGEY","instanceMode":"MASTER","enableSlave":true,"running":true,"reason":"master-primary-enable-slave"}
04-22 05:18:38.970 23507 23537 I assembly.assembly.android.mixc-retail-rn84: [assembly.topology] Native topology host already matches desired lifecycle state {"displayCount":1,"displayIndex":0,"deviceId":"6Z2H3BSGEY","instanceMode":"MASTER","enableSlave":true,"running":true,"reason":"master-primary-enable-slave"}
04-22 05:18:38.970 23507 23537 I assembly.assembly.android.mixc-retail-rn84: [assembly.topology] Native topology host already matches desired lifecycle state {"displayCount":1,"displayIndex":0,"deviceId":"6Z2H3BSGEY","instanceMode":"MASTER","enableSlave":true,"running":true,"reason":"master-primary-enable-slave"}
04-22 05:18:38.970 23507 23537 I assembly.assembly.android.mixc-retail-rn84: [assembly.topology] Native topology host already matches desired lifecycle state {"displayCount":1,"displayIndex":0,"deviceId":"6Z2H3BSGEY","instanceMode":"MASTER","enableSlave":true,"running":true,"reason":"master-primary-enable-slave"}
04-22 05:18:38.970 23507 23537 I assembly.assembly.android.mixc-retail-rn84: [assembly.topology] Native topology host already matches desired lifecycle state {"displayCount":1,"displayIndex":0,"deviceId":"6Z2H3BSGEY","instanceMode":"MASTER","enableSlave":true,"running":true,"reason":"master-primary-enable-slave"}
04-22 05:18:58.990 23507 23537 I assembly.assembly.android.mixc-retail-rn84: [assembly.topology] Create assembly topology socket binding {"displayIndex":0,"role":"master","localNodeId":"master:6Z2H3BSGEY","wsUrl":"ws://127.0.0.1:8888/mockMasterServer/ws","httpBaseUrl":"http://127.0.0.1:8888/mockMasterServer","resolvedServerBaseUrl":"http://127.0.0.1:8888/mockMasterServer","resolvedPathTemplate":"/ws"}
04-22 05:18:58.991 23507 23536 I ReactNativeJS: '[assembly.android.mixc-retail-rn84.websocket] connect', { url: 'ws://127.0.0.1:8888/mockMasterServer/ws',
04-22 05:18:58.991 23507 23536 I ReactNativeJS:   protocol: 'ws',
04-22 05:18:58.991 23507 23536 I ReactNativeJS:   host: '127.0.0.1:8888',
04-22 05:18:58.991 23507 23536 I ReactNativeJS:   pathname: '/mockMasterServer/ws' }
04-22 05:18:58.991 23507 23537 I assembly.assembly.android.mixc-retail-rn84.transport.ws.SocketRuntime: [transport.ws] Socket connect started: assembly.android.mixc-retail-rn84.topology {"profileName":"assembly.android.mixc-retail-rn84.topology","serverName":"dual-topology-host-v3","addressName":"dynamic-topology-host"}
04-22 05:18:58.993 23507 23537 I assembly.assembly.android.mixc-retail-rn84: [assembly.topology] Native topology host already matches desired lifecycle state {"displayCount":1,"displayIndex":0,"deviceId":"6Z2H3BSGEY","instanceMode":"MASTER","enableSlave":true,"running":true,"reason":"master-primary-enable-slave"}
04-22 05:18:58.993 23507 23537 I assembly.assembly.android.mixc-retail-rn84: [assembly.topology] Native topology host already matches desired lifecycle state {"displayCount":1,"displayIndex":0,"deviceId":"6Z2H3BSGEY","instanceMode":"MASTER","enableSlave":true,"running":true,"reason":"master-primary-enable-slave"}
04-22 05:18:58.994 23507 23600 D TrafficStats: tagSocket(89) with statsTag=0xffffffff, statsUid=-1
04-22 05:18:58.994 23507 23579 D TrafficStats: tagSocket(126) with statsTag=0xffffffff, statsUid=-1
04-22 05:18:58.998 23507 23537 I assembly.assembly.android.mixc-retail-rn84: [assembly.topology] Native topology host already matches desired lifecycle state {"displayCount":1,"displayIndex":0,"deviceId":"6Z2H3BSGEY","instanceMode":"MASTER","enableSlave":true,"running":true,"reason":"master-primary-enable-slave"}
04-22 05:18:59.001 23507 23537 I assembly.assembly.android.mixc-retail-rn84: [assembly.topology] Native topology host already matches desired lifecycle state {"displayCount":1,"displayIndex":0,"deviceId":"6Z2H3BSGEY","instanceMode":"MASTER","enableSlave":true,"running":true,"reason":"master-primary-enable-slave"}
04-22 05:18:59.001 23507 23537 I assembly.assembly.android.mixc-retail-rn84: [assembly.topology] Native topology host already matches desired lifecycle state {"displayCount":1,"displayIndex":0,"deviceId":"6Z2H3BSGEY","instanceMode":"MASTER","enableSlave":true,"running":true,"reason":"master-primary-enable-slave"}
04-22 05:18:59.001 23507 23537 I assembly.assembly.android.mixc-retail-rn84: [assembly.topology] Native topology host already matches desired lifecycle state {"displayCount":1,"displayIndex":0,"deviceId":"6Z2H3BSGEY","instanceMode":"MASTER","enableSlave":true,"running":true,"reason":"master-primary-enable-slave"}
04-22 05:18:59.014 23507 23527 D EGL_emulation: app_time_stats: avg=6688.00ms min=12.54ms max=20004.52ms count=3
04-22 05:18:59.019   335   435 W TransactionTracing: Could not find layer id -1
04-22 05:18:59.019   335   435 W TransactionTracing: Could not find layer id -1
04-22 05:19:00.007  1598  1881 I AiAiEcho: Predicting[0]: 
04-22 05:19:00.007  1598  1881 I AiAiEcho: Ranked targets strategy: SORT, count: 0, ranking metadata: 
04-22 05:19:00.008  1598  1881 I AiAiEcho: #postPredictionTargets: Sending updates to UISurface lockscreen with targets# 0
04-22 05:19:00.008  1598  1881 I AiAiEcho: #postPredictionTargets: Sending updates to UISurface home with targets# 0
04-22 05:19:00.008  1598  1881 I AiAiEcho: #postPredictionTargets: Sending updates to UISurface media_data_manager with targets# 0
04-22 05:19:00.024   728   728 D SsMediaDataProvider: Forwarding Smartspace updates []
04-22 05:19:00.026   728   955 D EGL_emulation: app_time_stats: avg=36445.05ms min=36445.05ms max=36445.05ms count=1
04-22 05:19:01.050 23507 23552 D TrafficStats: tagSocket(105) with statsTag=0xffffffff, statsUid=-1
04-22 05:19:01.054 23507 23552 D TrafficStats: tagSocket(105) with statsTag=0xffffffff, statsUid=-1
04-22 05:19:01.065 23507 23552 D TrafficStats: tagSocket(5) with statsTag=0xffffffff, statsUid=-1
04-22 05:19:01.068 23507 23552 D TrafficStats: tagSocket(5) with statsTag=0xffffffff, statsUid=-1
04-22 05:19:01.069 23507 23537 I assembly.assembly.android.mixc-retail-rn84: [assembly.topology] Create assembly topology socket binding {"displayIndex":0,"role":"master","localNodeId":"master:6Z2H3BSGEY","wsUrl":"ws://127.0.0.1:8888/mockMasterServer/ws","httpBaseUrl":"http://127.0.0.1:8888/mockMasterServer","resolvedServerBaseUrl":"http://127.0.0.1:8888/mockMasterServer","resolvedPathTemplate":"/ws"}
04-22 05:19:01.077 23507 23579 D TrafficStats: tagSocket(5) with statsTag=0xffffffff, statsUid=-1
04-22 05:19:01.088 23507 23579 D TrafficStats: tagSocket(5) with statsTag=0xffffffff, statsUid=-1
04-22 05:19:03.091 23507 23552 D TrafficStats: tagSocket(5) with statsTag=0xffffffff, statsUid=-1
04-22 05:19:03.095 23507 23552 D TrafficStats: tagSocket(5) with statsTag=0xffffffff, statsUid=-1
04-22 05:19:03.621   728   955 D EGL_emulation: app_time_stats: avg=3595.30ms min=3595.30ms max=3595.30ms count=1
04-22 05:19:06.895   312   312 W healthd : battery l=100 v=5000 t=25.0 h=2 st=4 c=900000 fc=3000000 cc=10 chg=
04-22 05:19:11.993   728   956 D ControlsListingControllerImpl: Subscribing callback, service count: 0
04-22 05:19:12.006   728   956 D ControlsListingControllerImpl: Unsubscribing callback
04-22 05:19:13.417   317   317 E android.hardware.power.stats@1.0-service-mock: Failed to getEnergyData
04-22 05:19:16.518  1251 23394 D TrafficStats: tagSocket(82) with statsTag=0x20008100, statsUid=-1
04-22 05:19:19.483  1251  1341 I PhenotypeProcessReaper: Memory state is: 125
04-22 05:19:42.842   519   647 E WifiScoringParams: Invalid frequency(-1), using 5G as default rssi array
04-22 05:19:43.636   728   955 D EGL_emulation: app_time_stats: avg=40014.35ms min=40014.35ms max=40014.35ms count=1
04-22 05:19:43.655   335   435 W TransactionTracing: Could not find layer id -1
04-22 05:19:43.655   335   435 W TransactionTracing: Could not find layer id -1
04-22 05:19:43.655   335   435 W TransactionTracing: Could not find layer id -1
04-22 05:19:46.629   519  4251 D WifiNl80211Manager: Scan result ready event
04-22 05:19:46.630   519  4251 D WifiNative: Scan result ready event
04-22 05:19:52.085   784 23608 D TrafficStats: tagSocket(61) with statsTag=0xffffff81, statsUid=-1
04-22 05:19:52.086   784 23608 D TrafficStats: tagSocket(61) with statsTag=0xffffff81, statsUid=-1
04-22 05:19:52.087   784 23607 D TrafficStats: tagSocket(5) with statsTag=0xffffff81, statsUid=-1
04-22 05:19:52.088   784 23607 D TrafficStats: tagSocket(5) with statsTag=0xffffff81, statsUid=-1
04-22 05:19:52.088   293 23609 I resolv  : ResNSendHandler::run: 0 / {100 983140 100 983140 1073 1}
04-22 05:19:52.089   293 23610 I resolv  : ResNSendHandler::run: 0 / {100 983140 100 983140 1073 1}
04-22 05:19:52.090   293 23611 I resolv  : ResNSendHandler::run: 0 / {100 983140 100 983140 1073 1}
04-22 05:19:52.091   293 23612 I resolv  : ResNSendHandler::run: 0 / {100 983140 100 983140 1073 1}
04-22 05:19:52.101   293 23609 I resolv  : res_nsend: used send_dg 117 terrno: 0
04-22 05:19:52.102   293 23610 I resolv  : res_nsend: used send_dg 60 terrno: 0
04-22 05:19:52.103   293 23611 I resolv  : res_nsend: used send_dg 63 terrno: 0
04-22 05:19:52.104   784   784 D TrafficStats: tagSocket(5) with statsTag=0xffffffff, statsUid=-1
04-22 05:19:52.104   293 23612 I resolv  : res_nsend: used send_dg 48 terrno: 0
04-22 05:19:52.104   784 23608 D NetworkMonitor/100: PROBE_DNS connectivitycheck.gstatic.com 19ms OK 114.250.65.34
04-22 05:19:52.105   784   784 D TrafficStats: tagSocket(5) with statsTag=0xffffffff, statsUid=-1
04-22 05:19:52.106   784   784 D TrafficStats: tagSocket(5) with statsTag=0xffffffff, statsUid=-1
04-22 05:19:52.106   784 23607 D NetworkMonitor/100: PROBE_DNS www.google.com 20ms OK 69.171.235.22,2001::1
04-22 05:19:52.106   293 23613 I resolv  : GetAddrInfoHandler::run: {100 983140 100 983140 1073 1}
04-22 05:19:52.107   293 23615 I resolv  : GetAddrInfoHandler::run: {100 983140 100 983140 1073 1}
04-22 05:19:52.107   293 23618 I resolv  : res_nmkquery: (QUERY, IN, A)
04-22 05:19:52.107   293 23616 I resolv  : res_nmkquery: (QUERY, IN, AAAA)
04-22 05:19:52.107   293 23616 I resolv  : resolv_cache_lookup: FOUND IN CACHE entry=0xb400007d9da7fc10
04-22 05:19:52.107   293 23616 I resolv  : doQuery: rcode=0, ancount=0, return value=117
04-22 05:19:52.107   293 23618 I resolv  : resolv_cache_lookup: FOUND IN CACHE entry=0xb400007d8da748f0
04-22 05:19:52.107   293 23618 I resolv  : doQuery: rcode=0, ancount=1, return value=63
04-22 05:19:52.107   293 23614 I resolv  : res_nmkquery: (QUERY, IN, AAAA)
04-22 05:19:52.108   293 23614 I resolv  : resolv_cache_lookup: FOUND IN CACHE entry=0xb400007d7da78790
04-22 05:19:52.108   293 23614 I resolv  : doQuery: rcode=0, ancount=1, return value=60
04-22 05:19:52.108   784 23608 D TrafficStats: tagSocket(5) with statsTag=0xffffff81, statsUid=-1
04-22 05:19:52.108   293 23617 I resolv  : res_nmkquery: (QUERY, IN, A)
04-22 05:19:52.108   293 23617 I resolv  : resolv_cache_lookup: FOUND IN CACHE entry=0xb400007d6da7a5b0
04-22 05:19:52.108   293 23617 I resolv  : doQuery: rcode=0, ancount=1, return value=48
04-22 05:19:52.109   784 23607 D TrafficStats: tagSocket(61) with statsTag=0xffffff81, statsUid=-1
04-22 05:19:52.237   784 23608 D NetworkMonitor/100: PROBE_HTTP http://connectivitycheck.gstatic.com/generate_204 time=131ms ret=204 request={Connection=[close], User-Agent=[Mozilla/5.0 (X11; Linux x86_64) AppleWebKit/537.36 (KHTML, like Gecko) Chrome/60.0.3112.32 Safari/537.36]} headers={null=[HTTP/1.1 204 No Content], Connection=[close], Content-Length=[0], Cross-Origin-Resource-Policy=[cross-origin], Date=[Tue, 21 Apr 2026 21:19:52 GMT], X-Android-Received-Millis=[1776806392237], X-Android-Response-Source=[NETWORK 204], X-Android-Selected-Protocol=[http/1.1], X-Android-Sent-Millis=[1776806392152]}
04-22 05:19:55.088   293 23619 I resolv  : GetAddrInfoHandler::run: {100 983140 100 983140 1073 1}
04-22 05:19:55.089   293 23620 I resolv  : res_nmkquery: (QUERY, IN, AAAA)
04-22 05:19:55.089   293 23621 I resolv  : res_nmkquery: (QUERY, IN, A)
04-22 05:19:55.107   293 23620 I resolv  : res_nsend: used send_dg 149 terrno: 0
04-22 05:19:55.107   293 23621 I resolv  : res_nsend: used send_dg 101 terrno: 0
04-22 05:19:55.107   293 23620 I resolv  : doQuery: rcode=0, ancount=4, return value=149
04-22 05:19:55.107   293 23621 I resolv  : doQuery: rcode=0, ancount=4, return value=101
04-22 05:19:55.108   784 23606 D TrafficStats: tagSocket(5) with statsTag=0xffffff81, statsUid=-1
04-22 05:19:55.329   784 23606 D NetworkMonitor/100: PROBE_FALLBACK http://play.googleapis.com/generate_204 time=241ms ret=204 request={Connection=[close], User-Agent=[Mozilla/5.0 (X11; Linux x86_64) AppleWebKit/537.36 (KHTML, like Gecko) Chrome/60.0.3112.32 Safari/537.36]} headers={null=[HTTP/1.1 204 No Content], Connection=[close], Cross-Origin-Resource-Policy=[cross-origin], Date=[Tue, 21 Apr 2026 21:19:55 GMT], X-Android-Received-Millis=[1776806395329], X-Android-Response-Source=[NETWORK 204], X-Android-Selected-Protocol=[http/1.1], X-Android-Sent-Millis=[1776806395111]}
04-22 05:20:00.005  1598  1881 I AiAiEcho: Predicting[0]: 
04-22 05:20:00.006  1598  1881 I AiAiEcho: Ranked targets strategy: SORT, count: 0, ranking metadata: 
04-22 05:20:00.006  1598  1881 I AiAiEcho: #postPredictionTargets: Sending updates to UISurface lockscreen with targets# 0
04-22 05:20:00.006  1598  1881 I AiAiEcho: #postPredictionTargets: Sending updates to UISurface home with targets# 0
04-22 05:20:00.006  1598  1881 I AiAiEcho: #postPredictionTargets: Sending updates to UISurface media_data_manager with targets# 0
04-22 05:20:00.021   728   728 D SsMediaDataProvider: Forwarding Smartspace updates []
04-22 05:20:00.034   728   955 D EGL_emulation: app_time_stats: avg=16397.89ms min=16397.89ms max=16397.89ms count=1
04-22 05:20:02.121   784 23607 D TrafficStats: tagSocket(5) with statsTag=0xffffff81, statsUid=-1
04-22 05:20:12.134   784 23607 D NetworkMonitor/100: PROBE_HTTPS https://www.google.com/generate_204 Probe failed with exception java.net.SocketTimeoutException: failed to connect to www.google.com/2001::1 (port 443) from /fec0::5054:ff:fe12:3456 (port 41968) after 10000ms
04-22 05:20:12.135   784 23606 D NetworkMonitor/100: isCaptivePortal: isSuccessful()=false isPortal()=false RedirectUrl=null isPartialConnectivity()=true Time=20051ms
04-22 05:20:12.137   519   654 D ConnectivityService: [100 CELLULAR] validation failed
04-22 05:20:31.522  1251 23603 D TrafficStats: tagSocket(82) with statsTag=0x20008100, statsUid=-1
04-22 05:20:50.121   519   609 D ActivityManager: freezing 19930 com.google.process.gservices
04-22 05:21:00.004  1598  1881 I AiAiEcho: Predicting[0]: 
04-22 05:21:00.004  1598  1881 I AiAiEcho: Ranked targets strategy: SORT, count: 0, ranking metadata: 
04-22 05:21:00.005  1598  1881 I AiAiEcho: #postPredictionTargets: Sending updates to UISurface lockscreen with targets# 0
04-22 05:21:00.005  1598  1881 I AiAiEcho: #postPredictionTargets: Sending updates to UISurface home with targets# 0
04-22 05:21:00.006  1598  1881 I AiAiEcho: #postPredictionTargets: Sending updates to UISurface media_data_manager with targets# 0
04-22 05:21:00.027   728   728 D SsMediaDataProvider: Forwarding Smartspace updates []
04-22 05:21:00.052   728   955 D EGL_emulation: app_time_stats: avg=60018.16ms min=60018.16ms max=60018.16ms count=1
04-22 05:21:06.069 23507 23579 D TrafficStats: tagSocket(5) with statsTag=0xffffffff, statsUid=-1
04-22 05:21:06.075 23507 23537 I assembly.assembly.android.mixc-retail-rn84: [assembly.topology] Native topology host already matches desired lifecycle state {"displayCount":1,"displayIndex":0,"deviceId":"6Z2H3BSGEY","instanceMode":"MASTER","enableSlave":true,"running":true,"reason":"master-primary-enable-slave"}
04-22 05:21:06.075 23507 23537 I assembly.assembly.android.mixc-retail-rn84: [assembly.topology] Native topology host already matches desired lifecycle state {"displayCount":1,"displayIndex":0,"deviceId":"6Z2H3BSGEY","instanceMode":"MASTER","enableSlave":true,"running":true,"reason":"master-primary-enable-slave"}
04-22 05:21:06.075 23507 23537 I assembly.assembly.android.mixc-retail-rn84: [assembly.topology] Native topology host already matches desired lifecycle state {"displayCount":1,"displayIndex":0,"deviceId":"6Z2H3BSGEY","instanceMode":"MASTER","enableSlave":true,"running":true,"reason":"master-primary-enable-slave"}
04-22 05:21:06.079 23507 23536 I ReactNativeJS: '[runtime-state-sync-apply]', '{"direction":"slave-to-master","incomingSliceNames":["kernel.base.topology-runtime-v3.demo.slave","kernel.base.ui-runtime-v2.screen.branch","kernel.base.ui-runtime-v2.overlay.branch","kernel.base.ui-runtime-v2.ui-variable.branch"],"appliedSliceNames":["kernel.base.topology-runtime-v3.demo.slave","kernel.base.ui-runtime-v2.screen.branch","kernel.base.ui-runtime-v2.overlay.branch","kernel.base.ui-runtime-v2.ui-variable.branch"],"skippedSliceReasons":[]}'
04-22 05:21:06.080 23507 23537 I assembly.assembly.android.mixc-retail-rn84: [assembly.topology] Native topology host already matches desired lifecycle state {"displayCount":1,"displayIndex":0,"deviceId":"6Z2H3BSGEY","instanceMode":"MASTER","enableSlave":true,"running":true,"reason":"master-primary-enable-slave"}
04-22 05:21:06.081 23507 23537 I assembly.assembly.android.mixc-retail-rn84: [assembly.topology] Native topology host already matches desired lifecycle state {"displayCount":1,"displayIndex":0,"deviceId":"6Z2H3BSGEY","instanceMode":"MASTER","enableSlave":true,"running":true,"reason":"master-primary-enable-slave"}
04-22 05:21:06.099 23507 23527 D EGL_emulation: app_time_stats: avg=42361.69ms min=11.44ms max=127056.31ms count=3
04-22 05:21:13.418   317   317 E android.hardware.power.stats@1.0-service-mock: Failed to getEnergyData
04-22 05:21:23.691   728   955 D EGL_emulation: app_time_stats: avg=23638.91ms min=23638.91ms max=23638.91ms count=1
04-22 05:21:27.133   158   158 I logd    : logdr: UID=2000 GID=2000 PID=23627 n tail=0 logMask=99 pid=0 start=0ns deadline=0ns
04-22 05:21:28.974 23507 23579 D TrafficStats: tagSocket(74) with statsTag=0xffffffff, statsUid=-1
04-22 05:21:46.528  1251 23622 D TrafficStats: tagSocket(82) with statsTag=0x20008100, statsUid=-1
04-22 05:22:00.005  1598  1881 I AiAiEcho: Predicting[0]: 
04-22 05:22:00.005  1598  1881 I AiAiEcho: Ranked targets strategy: SORT, count: 0, ranking metadata: 
04-22 05:22:00.006  1598  1881 I AiAiEcho: #postPredictionTargets: Sending updates to UISurface lockscreen with targets# 0
04-22 05:22:00.006  1598  1881 I AiAiEcho: #postPredictionTargets: Sending updates to UISurface home with targets# 0
04-22 05:22:00.006  1598  1881 I AiAiEcho: #postPredictionTargets: Sending updates to UISurface media_data_manager with targets# 0
04-22 05:22:00.022   728   728 D SsMediaDataProvider: Forwarding Smartspace updates []
04-22 05:22:00.032   728   955 D EGL_emulation: app_time_stats: avg=36341.62ms min=36341.62ms max=36341.62ms count=1
04-22 05:22:03.702   728   955 D EGL_emulation: app_time_stats: avg=3669.84ms min=3669.84ms max=3669.84ms count=1
04-22 05:22:12.273   519  4254 D TelephonyManager: requestModemActivityInfo: Sending result to app: ModemActivityInfo{ mTimestamp=31988967 mSleepTimeMs=0 mIdleTimeMs=31988806 mActivityStatsTechSpecificInfo=[{mRat=UNKNOWN,mFrequencyRange=UNKNOWN,mTxTimeMs[]=[0, 0, 0, 0, 0],mRxTimeMs=0}]}
04-22 05:22:12.288   293   752 I netd    : tetherGetStats() -> {[]} <1.03ms>
04-22 05:22:22.885   519   647 E WifiScoringParams: Invalid frequency(-1), using 5G as default rssi array
04-22 05:22:24.289 23507 23552 D TrafficStats: tagSocket(74) with statsTag=0xffffffff, statsUid=-1
04-22 05:22:24.293 23507 23552 D TrafficStats: tagSocket(74) with statsTag=0xffffffff, statsUid=-1
04-22 05:22:24.347 23507 23552 D TrafficStats: tagSocket(74) with statsTag=0xffffffff, statsUid=-1
04-22 05:22:24.351 23507 23552 D TrafficStats: tagSocket(74) with statsTag=0xffffffff, statsUid=-1
04-22 05:22:24.771 23507 23552 D TrafficStats: tagSocket(74) with statsTag=0xffffffff, statsUid=-1
04-22 05:22:24.776 23507 23552 D TrafficStats: tagSocket(74) with statsTag=0xffffffff, statsUid=-1
04-22 05:22:26.683   519   716 D WifiNl80211Manager: Scan result ready event
04-22 05:22:26.683   519   716 D WifiNative: Scan result ready event
04-22 05:22:43.715   728   955 D EGL_emulation: app_time_stats: avg=40012.25ms min=40012.25ms max=40012.25ms count=1
04-22 05:23:00.009  1598  1881 I AiAiEcho: Predicting[0]: 
04-22 05:23:00.009  1598  1881 I AiAiEcho: Ranked targets strategy: SORT, count: 0, ranking metadata: 
04-22 05:23:00.010  1598  1881 I AiAiEcho: #postPredictionTargets: Sending updates to UISurface lockscreen with targets# 0
04-22 05:23:00.010  1598  1881 I AiAiEcho: #postPredictionTargets: Sending updates to UISurface home with targets# 0
04-22 05:23:00.011  1598  1881 I AiAiEcho: #postPredictionTargets: Sending updates to UISurface media_data_manager with targets# 0
04-22 05:23:00.022   728   728 D SsMediaDataProvider: Forwarding Smartspace updates []
04-22 05:23:00.034   728   955 D EGL_emulation: app_time_stats: avg=16319.68ms min=16319.68ms max=16319.68ms count=1
04-22 05:23:01.538  1251 23630 D TrafficStats: tagSocket(82) with statsTag=0x20008100, statsUid=-1
04-22 05:23:07.687   519  4254 I ActivityTaskManager: START u0 {flg=0x10000000 cmp=com.impos2.mixcretailassemblyrn84/.MainActivity} from uid 2000
04-22 05:23:07.688 23507 23507 W unknown:BridgelessReact: ReactHost{0}.onHostPause(activity)
04-22 05:23:07.688 23507 23507 W unknown:BridgelessReact: ReactHost{0}.ReactContext.onHostPause()
04-22 05:23:07.688 23507 23507 W unknown:BridgelessReact: ReactHost{0}.onHostResume(activity)
04-22 05:23:07.688 23507 23507 W unknown:BridgelessReact: ReactHost{0}.ReactContext.onHostResume()
04-22 05:23:07.703 23507 23552 D TrafficStats: tagSocket(74) with statsTag=0xffffffff, statsUid=-1
04-22 05:23:07.706 23507 23552 D TrafficStats: tagSocket(74) with statsTag=0xffffffff, statsUid=-1
04-22 05:23:07.708 23507 23552 D TrafficStats: tagSocket(74) with statsTag=0xffffffff, statsUid=-1
04-22 05:23:07.737   335   435 W TransactionTracing: Could not find layer id -1
04-22 05:23:07.737   335   435 W TransactionTracing: Could not find layer id -1
04-22 05:23:07.746 23507 23527 D EGL_emulation: app_time_stats: avg=60823.18ms min=7.52ms max=121638.84ms count=2
04-22 05:23:07.751   519   529 W system_server: Reducing the number of considered missed Gc histogram windows from 104 to 100
04-22 05:23:07.757 23507 23552 D TrafficStats: tagSocket(129) with statsTag=0xffffffff, statsUid=-1
04-22 05:23:07.760 23507 23552 D TrafficStats: tagSocket(74) with statsTag=0xffffffff, statsUid=-1
04-22 05:23:07.766 23507 23552 D TrafficStats: tagSocket(74) with statsTag=0xffffffff, statsUid=-1
04-22 05:23:07.768 23507 23552 D TrafficStats: tagSocket(74) with statsTag=0xffffffff, statsUid=-1
04-22 05:23:07.827 23507 23552 D TrafficStats: tagSocket(106) with statsTag=0xffffffff, statsUid=-1
04-22 05:23:07.830 23507 23552 D TrafficStats: tagSocket(106) with statsTag=0xffffffff, statsUid=-1
04-22 05:23:07.833 23507 23552 D TrafficStats: tagSocket(106) with statsTag=0xffffffff, statsUid=-1
04-22 05:23:07.891 23507 23552 D TrafficStats: tagSocket(120) with statsTag=0xffffffff, statsUid=-1
04-22 05:23:07.893 23507 23552 D TrafficStats: tagSocket(120) with statsTag=0xffffffff, statsUid=-1
04-22 05:23:07.896 23507 23552 D TrafficStats: tagSocket(120) with statsTag=0xffffffff, statsUid=-1
04-22 05:23:07.953 23507 23552 D TrafficStats: tagSocket(99) with statsTag=0xffffffff, statsUid=-1
04-22 05:23:07.956 23507 23552 D TrafficStats: tagSocket(99) with statsTag=0xffffffff, statsUid=-1
04-22 05:23:07.958 23507 23552 D TrafficStats: tagSocket(99) with statsTag=0xffffffff, statsUid=-1
04-22 05:23:08.015 23507 23552 D TrafficStats: tagSocket(105) with statsTag=0xffffffff, statsUid=-1
04-22 05:23:08.017 23507 23552 D TrafficStats: tagSocket(105) with statsTag=0xffffffff, statsUid=-1
04-22 05:23:08.020 23507 23552 D TrafficStats: tagSocket(105) with statsTag=0xffffffff, statsUid=-1
04-22 05:23:08.078 23507 23552 D TrafficStats: tagSocket(102) with statsTag=0xffffffff, statsUid=-1
04-22 05:23:08.080 23507 23552 D TrafficStats: tagSocket(102) with statsTag=0xffffffff, statsUid=-1
04-22 05:23:08.082 23507 23552 D TrafficStats: tagSocket(136) with statsTag=0xffffffff, statsUid=-1
04-22 05:23:08.140 23507 23552 D TrafficStats: tagSocket(109) with statsTag=0xffffffff, statsUid=-1
04-22 05:23:08.143 23507 23552 D TrafficStats: tagSocket(109) with statsTag=0xffffffff, statsUid=-1
04-22 05:23:08.145 23507 23552 D TrafficStats: tagSocket(109) with statsTag=0xffffffff, statsUid=-1
04-22 05:23:08.204 23507 23552 D TrafficStats: tagSocket(107) with statsTag=0xffffffff, statsUid=-1
04-22 05:23:08.206 23507 23552 D TrafficStats: tagSocket(107) with statsTag=0xffffffff, statsUid=-1
04-22 05:23:08.209 23507 23552 D TrafficStats: tagSocket(107) with statsTag=0xffffffff, statsUid=-1
04-22 05:23:08.267 23507 23552 D TrafficStats: tagSocket(106) with statsTag=0xffffffff, statsUid=-1
04-22 05:23:08.269 23507 23552 D TrafficStats: tagSocket(106) with statsTag=0xffffffff, statsUid=-1
04-22 05:23:08.271 23507 23552 D TrafficStats: tagSocket(106) with statsTag=0xffffffff, statsUid=-1
04-22 05:23:08.327 23507 23552 D TrafficStats: tagSocket(110) with statsTag=0xffffffff, statsUid=-1
04-22 05:23:08.330 23507 23552 D TrafficStats: tagSocket(110) with statsTag=0xffffffff, statsUid=-1
04-22 05:23:08.331 23507 23552 D TrafficStats: tagSocket(117) with statsTag=0xffffffff, statsUid=-1
04-22 05:23:08.390 23507 23552 D TrafficStats: tagSocket(98) with statsTag=0xffffffff, statsUid=-1
04-22 05:23:08.393 23507 23552 D TrafficStats: tagSocket(98) with statsTag=0xffffffff, statsUid=-1
04-22 05:23:08.395 23507 23552 D TrafficStats: tagSocket(98) with statsTag=0xffffffff, statsUid=-1
04-22 05:23:08.451 23507 23552 D TrafficStats: tagSocket(105) with statsTag=0xffffffff, statsUid=-1
04-22 05:23:08.454 23507 23552 D TrafficStats: tagSocket(105) with statsTag=0xffffffff, statsUid=-1
04-22 05:23:08.457 23507 23552 D TrafficStats: tagSocket(105) with statsTag=0xffffffff, statsUid=-1
04-22 05:23:08.514 23507 23552 D TrafficStats: tagSocket(102) with statsTag=0xffffffff, statsUid=-1
04-22 05:23:08.517 23507 23552 D TrafficStats: tagSocket(102) with statsTag=0xffffffff, statsUid=-1
04-22 05:23:08.519 23507 23552 D TrafficStats: tagSocket(139) with statsTag=0xffffffff, statsUid=-1
04-22 05:23:08.576 23507 23552 D TrafficStats: tagSocket(109) with statsTag=0xffffffff, statsUid=-1
04-22 05:23:08.578 23507 23552 D TrafficStats: tagSocket(109) with statsTag=0xffffffff, statsUid=-1
04-22 05:23:08.580 23507 23552 D TrafficStats: tagSocket(109) with statsTag=0xffffffff, statsUid=-1
04-22 05:23:08.639 23507 23552 D TrafficStats: tagSocket(107) with statsTag=0xffffffff, statsUid=-1
04-22 05:23:08.642 23507 23552 D TrafficStats: tagSocket(107) with statsTag=0xffffffff, statsUid=-1
04-22 05:23:08.643 23507 23552 D TrafficStats: tagSocket(107) with statsTag=0xffffffff, statsUid=-1
04-22 05:23:08.701 23507 23552 D TrafficStats: tagSocket(106) with statsTag=0xffffffff, statsUid=-1
04-22 05:23:08.704 23507 23552 D TrafficStats: tagSocket(106) with statsTag=0xffffffff, statsUid=-1
04-22 05:23:08.706 23507 23552 D TrafficStats: tagSocket(106) with statsTag=0xffffffff, statsUid=-1
04-22 05:23:08.765 23507 23552 D TrafficStats: tagSocket(110) with statsTag=0xffffffff, statsUid=-1
04-22 05:23:08.767 23507 23552 D TrafficStats: tagSocket(110) with statsTag=0xffffffff, statsUid=-1
04-22 05:23:08.770 23507 23552 D TrafficStats: tagSocket(110) with statsTag=0xffffffff, statsUid=-1
04-22 05:23:08.789 23507 23527 D EGL_emulation: app_time_stats: avg=47.42ms min=12.34ms max=68.48ms count=22
04-22 05:23:08.827 23507 23552 D TrafficStats: tagSocket(98) with statsTag=0xffffffff, statsUid=-1
04-22 05:23:08.830 23507 23552 D TrafficStats: tagSocket(98) with statsTag=0xffffffff, statsUid=-1
04-22 05:23:08.832 23507 23552 D TrafficStats: tagSocket(98) with statsTag=0xffffffff, statsUid=-1
04-22 05:23:08.889 23507 23552 D TrafficStats: tagSocket(105) with statsTag=0xffffffff, statsUid=-1
04-22 05:23:08.892 23507 23552 D TrafficStats: tagSocket(105) with statsTag=0xffffffff, statsUid=-1
04-22 05:23:08.894 23507 23552 D TrafficStats: tagSocket(105) with statsTag=0xffffffff, statsUid=-1
04-22 05:23:08.936   335   435 W TransactionTracing: Could not find layer id -1
04-22 05:23:08.951 23507 23552 D TrafficStats: tagSocket(109) with statsTag=0xffffffff, statsUid=-1
04-22 05:23:08.954 23507 23552 D TrafficStats: tagSocket(109) with statsTag=0xffffffff, statsUid=-1
04-22 05:23:08.956 23507 23552 D TrafficStats: tagSocket(109) with statsTag=0xffffffff, statsUid=-1
04-22 05:23:09.012 23507 23552 D TrafficStats: tagSocket(74) with statsTag=0xffffffff, statsUid=-1
04-22 05:23:09.015 23507 23552 D TrafficStats: tagSocket(74) with statsTag=0xffffffff, statsUid=-1
04-22 05:23:09.017 23507 23552 D TrafficStats: tagSocket(74) with statsTag=0xffffffff, statsUid=-1
04-22 05:23:09.074 23507 23552 D TrafficStats: tagSocket(107) with statsTag=0xffffffff, statsUid=-1
04-22 05:23:09.077 23507 23552 D TrafficStats: tagSocket(107) with statsTag=0xffffffff, statsUid=-1
04-22 05:23:09.079 23507 23552 D TrafficStats: tagSocket(107) with statsTag=0xffffffff, statsUid=-1
04-22 05:23:09.136 23507 23552 D TrafficStats: tagSocket(110) with statsTag=0xffffffff, statsUid=-1
04-22 05:23:09.139 23507 23552 D TrafficStats: tagSocket(110) with statsTag=0xffffffff, statsUid=-1
04-22 05:23:09.141 23507 23552 D TrafficStats: tagSocket(110) with statsTag=0xffffffff, statsUid=-1
04-22 05:23:09.199 23507 23552 D TrafficStats: tagSocket(98) with statsTag=0xffffffff, statsUid=-1
04-22 05:23:09.201 23507 23552 D TrafficStats: tagSocket(98) with statsTag=0xffffffff, statsUid=-1
04-22 05:23:09.204 23507 23552 D TrafficStats: tagSocket(98) with statsTag=0xffffffff, statsUid=-1
04-22 05:23:09.260 23507 23552 D TrafficStats: tagSocket(99) with statsTag=0xffffffff, statsUid=-1
04-22 05:23:09.263 23507 23552 D TrafficStats: tagSocket(99) with statsTag=0xffffffff, statsUid=-1
04-22 05:23:09.265 23507 23552 D TrafficStats: tagSocket(99) with statsTag=0xffffffff, statsUid=-1
04-22 05:23:09.579 23507 23552 D TrafficStats: tagSocket(99) with statsTag=0xffffffff, statsUid=-1
04-22 05:23:09.582 23507 23552 D TrafficStats: tagSocket(99) with statsTag=0xffffffff, statsUid=-1
04-22 05:23:09.585 23507 23552 D TrafficStats: tagSocket(99) with statsTag=0xffffffff, statsUid=-1
04-22 05:23:09.623 23507 23552 D TrafficStats: tagSocket(99) with statsTag=0xffffffff, statsUid=-1
04-22 05:23:09.626 23507 23552 D TrafficStats: tagSocket(99) with statsTag=0xffffffff, statsUid=-1
04-22 05:23:09.631 23507 23552 D TrafficStats: tagSocket(99) with statsTag=0xffffffff, statsUid=-1
04-22 05:23:09.633 23507 23552 D TrafficStats: tagSocket(99) with statsTag=0xffffffff, statsUid=-1
04-22 05:23:09.690 23507 23552 D TrafficStats: tagSocket(74) with statsTag=0xffffffff, statsUid=-1
04-22 05:23:09.693 23507 23552 D TrafficStats: tagSocket(74) with statsTag=0xffffffff, statsUid=-1
