04-22 05:26:34.865 23728 23756 I assembly.assembly.android.mixc-retail-rn84: [runtime.load] install kernel.base.tcp-control-runtime-v2 {"moduleName":"kernel.base.tcp-control-runtime-v2","stateSlices":["kernel.base.tcp-control-runtime-v2.identity","kernel.base.tcp-control-runtime-v2.credential","kernel.base.tcp-control-runtime-v2.binding","kernel.base.tcp-control-runtime-v2.sandbox","kernel.base.tcp-control-runtime-v2.runtime"],"commandNames":["kernel.base.tcp-control-runtime-v2.bootstrap-tcp-control","kernel.base.tcp-control-runtime-v2.bootstrap-tcp-control-succeeded","kernel.base.tcp-control-runtime-v2.activate-terminal","kernel.base.tcp-control-runtime-v2.activate-terminal-succeeded","kernel.base.tcp-control-runtime-v2.refresh-credential","kernel.base.tcp-control-runtime-v2.credential-refreshed","kernel.base.tcp-control-runtime-v2.deactivate-terminal","kernel.base.tcp-control-runtime-v2.deactivate-terminal-succeeded","kernel.base.tcp-control-runtime-v2.report-task-result","kernel.base.tcp-control-runtime-v2.task-result-reported","kernel.base.tcp-control-runtime-v2.reset-tcp-control"]}
04-22 05:26:34.865 23728 23756 I assembly.assembly.android.mixc-retail-rn84: [runtime.load] install kernel.base.tdp-sync-runtime-v2 {"moduleName":"kernel.base.tdp-sync-runtime-v2","stateSlices":["kernel.base.tdp-sync-runtime-v2.session","kernel.base.tdp-sync-runtime-v2.sync","kernel.base.tdp-sync-runtime-v2.projection","kernel.base.tdp-sync-runtime-v2.command-inbox","kernel.base.tdp-sync-runtime-v2.control-signals","kernel.base.tdp-sync-runtime-v2.hot-update"],"commandNames":["kernel.base.tdp-sync-runtime-v2.bootstrap-tdp-sync","kernel.base.tdp-sync-runtime-v2.bootstrap-tdp-sync-succeeded","kernel.base.tdp-sync-runtime-v2.connect-tdp-session","kernel.base.tdp-sync-runtime-v2.disconnect-tdp-session","kernel.base.tdp-sync-runtime-v2.acknowledge-cursor","kernel.base.tdp-sync-runtime-v2.report-applied-cursor","kernel.base.tdp-sync-runtime-v2.send-ping","kernel.base.tdp-sync-runtime-v2.record-user-operation","kernel.base.tdp-sync-runtime-v2.topic-data-changed","kernel.base.tdp-sync-runtime-v2.recompute-resolved-topic-changes","kernel.base.tdp-sync-runtime-v2.snapshot-loaded","kernel.base.tdp-sync-runtime-v2.changes-loaded","kernel.base.tdp-sync-runtime-v2.projection-received","kernel.base.tdp-sync-runtime-v2.projection-batch-received","kernel.base.tdp-sync-runtime-v2.command-delivered","kernel.base.tdp-sync-runtime-v2.session-ready","kernel.base.tdp-sync-runtime-v2.pong-received","kernel.base.tdp-sync-runtime-v2.edge-degraded","kernel.base.tdp-sync-runtime-v2.session-rehome-required","kernel.base.tdp-sync-runtime-v2.protocol-failed","kernel.base.tdp-sync-runtime-v2.message-received"],"hasAssembly":true}
04-22 05:26:34.866 23728 23756 I MMKV    : <MMKV_IO.cpp:609::writeActualSize> [mixc-retail-assembly-rn84::state] increase sequence to 33, crc 3778425082, actualSize 25003
04-22 05:26:34.866 23728 23756 I MMKV    : <MMKV.cpp:1208::sync> MMKV::sync, SyncFlag = 1
04-22 05:26:34.867 23728 23756 I assembly.assembly.android.mixc-retail-rn84: [runtime.load] install kernel.base.workflow-runtime-v2 {"moduleName":"kernel.base.workflow-runtime-v2","stateSlices":["kernel.base.workflow-runtime-v2.definitions","kernel.base.workflow-runtime-v2.observations","kernel.base.workflow-runtime-v2.queue"],"commandNames":["kernel.base.workflow-runtime-v2.run-workflow","kernel.base.workflow-runtime-v2.cancel-workflow-run","kernel.base.workflow-runtime-v2.register-workflow-definitions","kernel.base.workflow-runtime-v2.remove-workflow-definition"],"remoteDefinitionTopicKey":"kernel.workflow.definition"}
04-22 05:26:34.867 23728 23756 I assembly.assembly.android.mixc-retail-rn84: [runtime.load] install kernel.base.ui-runtime-v2 {"moduleName":"kernel.base.ui-runtime-v2","stateSlices":["kernel.base.ui-runtime-v2.screen.main","kernel.base.ui-runtime-v2.screen.branch","kernel.base.ui-runtime-v2.overlay.main","kernel.base.ui-runtime-v2.overlay.branch","kernel.base.ui-runtime-v2.ui-variable.main","kernel.base.ui-runtime-v2.ui-variable.branch"],"commandNames":["kernel.base.ui-runtime-v2.register-screen-definitions","kernel.base.ui-runtime-v2.show-screen","kernel.base.ui-runtime-v2.replace-screen","kernel.base.ui-runtime-v2.reset-screen","kernel.base.ui-runtime-v2.open-overlay","kernel.base.ui-runtime-v2.close-overlay","kernel.base.ui-runtime-v2.clear-overlays","kernel.base.ui-runtime-v2.set-ui-variables","kernel.base.ui-runtime-v2.clear-ui-variables"]}
04-22 05:26:34.868 23728 23756 I assembly.assembly.android.mixc-retail-rn84: [runtime.load] install ui.base.runtime-react {"moduleName":"ui.base.runtime-react"}
04-22 05:26:34.868 23728 23756 I assembly.assembly.android.mixc-retail-rn84: [runtime.load] install ui.base.input-runtime {"moduleName":"ui.base.input-runtime"}
04-22 05:26:34.868 23728 23756 I assembly.assembly.android.mixc-retail-rn84: [runtime.load] install ui.base.admin-console {"moduleName":"ui.base.admin-console"}
04-22 05:26:34.868 23728 23756 I assembly.assembly.android.mixc-retail-rn84: [runtime.load] install ui.base.terminal-console {"moduleName":"ui.base.terminal-console"}
04-22 05:26:34.868 23728 23756 I assembly.assembly.android.mixc-retail-rn84: [runtime.load] install ui.integration.retail-shell {"moduleName":"ui.integration.retail-shell"}
04-22 05:26:34.870  1043  1043 D b/260135164: updateIconAlphaForHome - setIconsAlpha(0), isTaskbarPresent: true
04-22 05:26:34.871 23728 23755 I ReactNativeJS: '[tcp-bootstrap-state-written]', '{"nodeId":"master:6Z2H3BSGEY","runtimeId":"run_mo94w18s_z5bzttqub715ypu6","displayIndex":0,"requestId":"req_mo94w19w_jv4t8ycaqyxyukxn","commandId":"cmd_mo94w19z_66xg7e0uwc0uda6z","nextDeviceFingerprint":"6Z2H3BSGEY","nextDeviceInfo":{"id":"6Z2H3BSGEY","model":"Mixc Retail Android RN84"},"previousIdentity":{"terminalId":"terminal_j1rgmnggrq4n","deviceFingerprint":"6Z2H3BSGEY","deviceInfo":{"id":"6Z2H3BSGEY","model":"Mixc Retail Android RN84"},"activationStatus":"ACTIVATED","activatedAt":1776806593744}}'
04-22 05:26:34.872 23728 23755 I ReactNativeJS: '[assembly.android.mixc-retail-rn84.websocket] connect', { url: 'ws://192.168.0.172:5810/api/v1/tdp/ws/connect?sandboxId=sandbox-kernel-base-test&terminalId=terminal_j1rgmnggrq4n&token=token_xps20yq0rq4o',
04-22 05:26:34.872 23728 23755 I ReactNativeJS:   protocol: 'ws',
04-22 05:26:34.872 23728 23755 I ReactNativeJS:   host: '192.168.0.172:5810',
04-22 05:26:34.872 23728 23755 I ReactNativeJS:   pathname: '/api/v1/tdp/ws/connect' }
04-22 05:26:34.872 23728 23756 I assembly.assembly.android.mixc-retail-rn84.transport.ws.SocketRuntime: [transport.ws] Socket connect started: kernel.base.tdp-sync-runtime-v2.socket {"profileName":"kernel.base.tdp-sync-runtime-v2.socket","serverName":"mock-terminal-platform","addressName":"lan"}
04-22 05:26:34.876 23728 23756 I WebViewFactory: Loading com.google.android.webview version 109.0.5414.123 (code 541412334)
04-22 05:26:34.877 23728 23756 W ziparchive: Unable to open '/data/app/~~2XlbTKbdSL4ytKc6vI96fw==/com.google.android.trichromelibrary_541412334-XVCZJKNYM7pdXgwa6ezTsQ==/TrichromeLibrary.dm': No such file or directory
04-22 05:26:34.877 23728 23756 W ziparchive: Unable to open '/data/app/~~2XlbTKbdSL4ytKc6vI96fw==/com.google.android.trichromelibrary_541412334-XVCZJKNYM7pdXgwa6ezTsQ==/TrichromeLibrary.dm': No such file or directory
04-22 05:26:34.877 23728 23756 W ailassemblyrn84: Entry not found
04-22 05:26:34.878 23728 23756 D nativeloader: Configuring classloader-namespace for other apk /data/app/~~2XlbTKbdSL4ytKc6vI96fw==/com.google.android.trichromelibrary_541412334-XVCZJKNYM7pdXgwa6ezTsQ==/TrichromeLibrary.apk. target_sdk_version=33, uses_libraries=ALL, library_path=/data/app/~~Q0ddWPLbjoO_UEypAkbhRg==/com.google.android.webview-PdQqPxJT8P1ba_nJ4hr2mw==/lib/arm64:/data/app/~~Q0ddWPLbjoO_UEypAkbhRg==/com.google.android.webview-PdQqPxJT8P1ba_nJ4hr2mw==/WebViewGoogle.apk!/lib/arm64-v8a:/data/app/~~2XlbTKbdSL4ytKc6vI96fw==/com.google.android.trichromelibrary_541412334-XVCZJKNYM7pdXgwa6ezTsQ==/TrichromeLibrary.apk!/lib/arm64-v8a, permitted_path=/data:/mnt/expand
04-22 05:26:34.878 23728 23756 D nativeloader: Configuring classloader-namespace for other apk /data/app/~~Q0ddWPLbjoO_UEypAkbhRg==/com.google.android.webview-PdQqPxJT8P1ba_nJ4hr2mw==/WebViewGoogle.apk. target_sdk_version=33, uses_libraries=, library_path=/data/app/~~Q0ddWPLbjoO_UEypAkbhRg==/com.google.android.webview-PdQqPxJT8P1ba_nJ4hr2mw==/lib/arm64:/data/app/~~Q0ddWPLbjoO_UEypAkbhRg==/com.google.android.webview-PdQqPxJT8P1ba_nJ4hr2mw==/WebViewGoogle.apk!/lib/arm64-v8a:/data/app/~~2XlbTKbdSL4ytKc6vI96fw==/com.google.android.trichromelibrary_541412334-XVCZJKNYM7pdXgwa6ezTsQ==/TrichromeLibrary.apk!/lib/arm64-v8a, permitted_path=/data:/mnt/expand
04-22 05:26:34.886 23728 23756 I cr_WVCFactoryProvider: Loaded version=109.0.5414.123 minSdkVersion=29 isBundle=false multiprocess=true packageId=2
04-22 05:26:34.886  1043  1043 D b/260135164: updateIconAlphaForHome - setIconsAlpha(0), isTaskbarPresent: true
04-22 05:26:34.891   790  1086 D BtGatt.ScanManager: uid 10116 isForeground true scanMode -1
04-22 05:26:34.893 23728 23779 I cr_VariationsUtils: Failed reading seed file "/data/user/0/com.impos2.mixcretailassemblyrn84/app_webview/variations_seed_new"
04-22 05:26:34.893 23728 23779 I cr_VariationsUtils: Failed reading seed file "/data/user/0/com.impos2.mixcretailassemblyrn84/app_webview/variations_seed"
04-22 05:26:34.896 23728 23756 I cr_LibraryLoader: Successfully loaded native library
04-22 05:26:34.896 23728 23756 I cr_CachingUmaRecorder: Flushed 9 samples from 9 histograms.
04-22 05:26:34.900 23728 23782 D TrafficStats: tagSocket(119) with statsTag=0xffffffff, statsUid=-1
04-22 05:26:34.902 23728 23756 I MMKV    : <MMKV_IO.cpp:609::writeActualSize> [mixc-retail-assembly-rn84::state] increase sequence to 34, crc 2874831087, actualSize 24973
04-22 05:26:34.902 23728 23756 I MMKV    : <MMKV.cpp:1208::sync> MMKV::sync, SyncFlag = 1
04-22 05:26:34.903  1043  1043 D b/260135164: updateIconAlphaForHome - setIconsAlpha(0), isTaskbarPresent: true
04-22 05:26:34.904   335   435 W TransactionTracing: Could not find layer handle 0xb400006eb98b7630
04-22 05:26:34.904   335   435 W TransactionTracing: Could not find layer handle 0xb400006eb98b33d0
04-22 05:26:34.904   335   435 W TransactionTracing: Could not find layer handle 0xb400006eb98b33d0
04-22 05:26:34.904   335   435 W TransactionTracing: Could not find layer handle 0xb400006eb98b7630
04-22 05:26:34.910  1043  1923 D OneSearchSuggestProvider: Shut down the binder channel
04-22 05:26:34.914 23728 23756 I MMKV    : <MMKV_IO.cpp:609::writeActualSize> [mixc-retail-assembly-rn84::state] increase sequence to 35, crc 3853008421, actualSize 24973
04-22 05:26:34.914 23728 23756 I MMKV    : <MMKV.cpp:1208::sync> MMKV::sync, SyncFlag = 1
04-22 05:26:34.918 23728 23756 I MMKV    : <MMKV_IO.cpp:609::writeActualSize> [mixc-retail-assembly-rn84::state] increase sequence to 36, crc 3103550635, actualSize 24973
04-22 05:26:34.918 23728 23756 I MMKV    : <MMKV.cpp:1208::sync> MMKV::sync, SyncFlag = 1
04-22 05:26:34.921  1043  1043 D b/260135164: updateIconAlphaForHome - setIconsAlpha(0), isTaskbarPresent: true
04-22 05:26:34.926 23728 23756 I MMKV    : <MMKV_IO.cpp:609::writeActualSize> [mixc-retail-assembly-rn84::state] increase sequence to 37, crc 185736134, actualSize 24973
04-22 05:26:34.926 23728 23756 I MMKV    : <MMKV.cpp:1208::sync> MMKV::sync, SyncFlag = 1
04-22 05:26:34.930 23728 23756 I MMKV    : <MMKV_IO.cpp:609::writeActualSize> [mixc-retail-assembly-rn84::state] increase sequence to 38, crc 697571852, actualSize 24973
04-22 05:26:34.930 23728 23756 I MMKV    : <MMKV.cpp:1208::sync> MMKV::sync, SyncFlag = 1
04-22 05:26:34.933 23728 23756 I MMKV    : <MMKV_IO.cpp:609::writeActualSize> [mixc-retail-assembly-rn84::state] increase sequence to 39, crc 2874831087, actualSize 24973
04-22 05:26:34.933 23728 23756 I MMKV    : <MMKV.cpp:1208::sync> MMKV::sync, SyncFlag = 1
04-22 05:26:34.937   335   435 W TransactionTracing: Could not find layer handle 0xb400006eb98b31f0
04-22 05:26:34.937   335   435 W TransactionTracing: Could not find layer handle 0xb400006eb98b4510
04-22 05:26:34.938 23728 23756 I MMKV    : <MMKV_IO.cpp:609::writeActualSize> [mixc-retail-assembly-rn84::secure-state] increase sequence to 2, crc 694522511, actualSize 259
04-22 05:26:34.938 23728 23756 I MMKV    : <MMKV.cpp:1208::sync> MMKV::sync, SyncFlag = 1
04-22 05:26:34.938  1043  1043 D b/260135164: updateIconAlphaForHome - setIconsAlpha(0), isTaskbarPresent: true
04-22 05:26:34.941 23728 23756 I MMKV    : <MMKV_IO.cpp:609::writeActualSize> [mixc-retail-assembly-rn84::state] increase sequence to 40, crc 3853008421, actualSize 24973
04-22 05:26:34.941 23728 23756 I MMKV    : <MMKV.cpp:1208::sync> MMKV::sync, SyncFlag = 1
04-22 05:26:34.946 23728 23756 I MMKV    : <MMKV_IO.cpp:609::writeActualSize> [mixc-retail-assembly-rn84::state] increase sequence to 41, crc 3103550635, actualSize 24973
04-22 05:26:34.946 23728 23756 I MMKV    : <MMKV.cpp:1208::sync> MMKV::sync, SyncFlag = 1
04-22 05:26:34.949 23728 23756 I MMKV    : <MMKV_IO.cpp:609::writeActualSize> [mixc-retail-assembly-rn84::state] increase sequence to 42, crc 185736134, actualSize 24973
04-22 05:26:34.949 23728 23756 I MMKV    : <MMKV.cpp:1208::sync> MMKV::sync, SyncFlag = 1
04-22 05:26:34.953  1043  1043 D b/260135164: updateIconAlphaForHome - setIconsAlpha(0), isTaskbarPresent: true
04-22 05:26:34.956 23728 23756 I MMKV    : <MMKV_IO.cpp:609::writeActualSize> [mixc-retail-assembly-rn84::state] increase sequence to 43, crc 697571852, actualSize 24973
04-22 05:26:34.956 23728 23756 I MMKV    : <MMKV.cpp:1208::sync> MMKV::sync, SyncFlag = 1
04-22 05:26:34.961 23728 23756 I MMKV    : <MMKV_IO.cpp:609::writeActualSize> [mixc-retail-assembly-rn84::state] increase sequence to 44, crc 2874831087, actualSize 24973
04-22 05:26:34.961 23728 23756 I MMKV    : <MMKV.cpp:1208::sync> MMKV::sync, SyncFlag = 1
04-22 05:26:34.966 23728 23756 I MMKV    : <MMKV_IO.cpp:609::writeActualSize> [mixc-retail-assembly-rn84::state] increase sequence to 45, crc 3853008421, actualSize 24973
04-22 05:26:34.966 23728 23756 I MMKV    : <MMKV.cpp:1208::sync> MMKV::sync, SyncFlag = 1
04-22 05:26:34.969  1043  1043 D b/260135164: updateIconAlphaForHome - setIconsAlpha(0), isTaskbarPresent: true
04-22 05:26:34.970   335   435 W TransactionTracing: Could not find layer id -1
04-22 05:26:34.970   335   435 W TransactionTracing: Could not find layer id -1
04-22 05:26:34.970   335   435 W TransactionTracing: Could not find layer id -1
04-22 05:26:34.970   335   435 W TransactionTracing: Could not find layer id -1
04-22 05:26:34.970   335   435 W TransactionTracing: Could not find layer id -1
04-22 05:26:34.973 23728 23756 I MMKV    : <MMKV_IO.cpp:609::writeActualSize> [mixc-retail-assembly-rn84::state] increase sequence to 46, crc 3103550635, actualSize 24973
04-22 05:26:34.973 23728 23756 I MMKV    : <MMKV.cpp:1208::sync> MMKV::sync, SyncFlag = 1
04-22 05:26:34.978 23728 23756 I MMKV    : <MMKV_IO.cpp:609::writeActualSize> [mixc-retail-assembly-rn84::state] increase sequence to 47, crc 185736134, actualSize 24973
04-22 05:26:34.978 23728 23756 I MMKV    : <MMKV.cpp:1208::sync> MMKV::sync, SyncFlag = 1
04-22 05:26:34.983 23728 23756 I MMKV    : <MMKV_IO.cpp:609::writeActualSize> [mixc-retail-assembly-rn84::state] increase sequence to 48, crc 697571852, actualSize 24973
04-22 05:26:34.983 23728 23756 I MMKV    : <MMKV.cpp:1208::sync> MMKV::sync, SyncFlag = 1
04-22 05:26:34.986  1043  1043 D b/260135164: updateIconAlphaForHome - setIconsAlpha(0), isTaskbarPresent: true
04-22 05:26:34.990 23728 23756 I MMKV    : <MMKV_IO.cpp:609::writeActualSize> [mixc-retail-assembly-rn84::state] increase sequence to 49, crc 2874831087, actualSize 24973
04-22 05:26:34.990 23728 23756 I MMKV    : <MMKV.cpp:1208::sync> MMKV::sync, SyncFlag = 1
04-22 05:26:34.991 23728 23756 I MMKV    : <MMKV_IO.cpp:609::writeActualSize> [mixc-retail-assembly-rn84::secure-state] increase sequence to 3, crc 694522511, actualSize 259
04-22 05:26:34.991 23728 23756 I MMKV    : <MMKV.cpp:1208::sync> MMKV::sync, SyncFlag = 1
04-22 05:26:34.995 23728 23756 I MMKV    : <MMKV_IO.cpp:609::writeActualSize> [mixc-retail-assembly-rn84::state] increase sequence to 50, crc 3853008421, actualSize 24973
04-22 05:26:34.995 23728 23756 I MMKV    : <MMKV.cpp:1208::sync> MMKV::sync, SyncFlag = 1
04-22 05:26:35.001 23728 23756 I MMKV    : <MMKV_IO.cpp:609::writeActualSize> [mixc-retail-assembly-rn84::state] increase sequence to 51, crc 3612801193, actualSize 24973
04-22 05:26:35.001 23728 23756 I MMKV    : <MMKV.cpp:1208::sync> MMKV::sync, SyncFlag = 1
04-22 05:26:35.003  1043  1043 D b/260135164: updateIconAlphaForHome - setIconsAlpha(0), isTaskbarPresent: true
04-22 05:26:35.007 23728 23756 I MMKV    : <MMKV_IO.cpp:609::writeActualSize> [mixc-retail-assembly-rn84::state] increase sequence to 52, crc 1689817028, actualSize 24973
04-22 05:26:35.007 23728 23756 I MMKV    : <MMKV.cpp:1208::sync> MMKV::sync, SyncFlag = 1
04-22 05:26:35.014 23728 23756 I MMKV    : <MMKV_IO.cpp:609::writeActualSize> [mixc-retail-assembly-rn84::state] increase sequence to 53, crc 1178504718, actualSize 24973
04-22 05:26:35.014 23728 23756 I MMKV    : <MMKV.cpp:1208::sync> MMKV::sync, SyncFlag = 1
04-22 05:26:35.019  1043  1043 D b/260135164: updateIconAlphaForHome - setIconsAlpha(0), isTaskbarPresent: true
04-22 05:26:35.020 23728 23756 I MMKV    : <MMKV_IO.cpp:609::writeActualSize> [mixc-retail-assembly-rn84::state] increase sequence to 54, crc 3304121581, actualSize 24973
04-22 05:26:35.021 23728 23756 I MMKV    : <MMKV.cpp:1208::sync> MMKV::sync, SyncFlag = 1
04-22 05:26:35.028 23728 23756 I MMKV    : <MMKV_IO.cpp:609::writeActualSize> [mixc-retail-assembly-rn84::state] increase sequence to 55, crc 2315430439, actualSize 24973
04-22 05:26:35.028 23728 23756 I MMKV    : <MMKV.cpp:1208::sync> MMKV::sync, SyncFlag = 1
04-22 05:26:35.034 23728 23756 I MMKV    : <MMKV_IO.cpp:609::writeActualSize> [mixc-retail-assembly-rn84::state] increase sequence to 56, crc 3612801193, actualSize 24973
04-22 05:26:35.034 23728 23756 I MMKV    : <MMKV.cpp:1208::sync> MMKV::sync, SyncFlag = 1
04-22 05:26:35.037  1043  1043 D b/260135164: updateIconAlphaForHome - setIconsAlpha(0), isTaskbarPresent: true
04-22 05:26:35.042 23728 23756 I MMKV    : <MMKV_IO.cpp:609::writeActualSize> [mixc-retail-assembly-rn84::state] increase sequence to 57, crc 1689817028, actualSize 24973
04-22 05:26:35.042 23728 23756 I MMKV    : <MMKV.cpp:1208::sync> MMKV::sync, SyncFlag = 1
04-22 05:26:35.048 23728 23756 I MMKV    : <MMKV_IO.cpp:609::writeActualSize> [mixc-retail-assembly-rn84::state] increase sequence to 58, crc 1178504718, actualSize 24973
04-22 05:26:35.048 23728 23756 I MMKV    : <MMKV.cpp:1208::sync> MMKV::sync, SyncFlag = 1
04-22 05:26:35.051 23728 23756 I MMKV    : <MMKV_IO.cpp:609::writeActualSize> [mixc-retail-assembly-rn84::secure-state] increase sequence to 4, crc 313047866, actualSize 259
04-22 05:26:35.051 23728 23756 I MMKV    : <MMKV.cpp:1208::sync> MMKV::sync, SyncFlag = 1
04-22 05:26:35.053  1043  1043 D b/260135164: updateIconAlphaForHome - setIconsAlpha(0), isTaskbarPresent: true
04-22 05:26:35.057 23728 23756 I MMKV    : <MMKV_IO.cpp:609::writeActualSize> [mixc-retail-assembly-rn84::state] increase sequence to 59, crc 3304121581, actualSize 24973
04-22 05:26:35.057 23728 23756 I MMKV    : <MMKV.cpp:1208::sync> MMKV::sync, SyncFlag = 1
04-22 05:26:35.063 23728 23756 I MMKV    : <MMKV_IO.cpp:609::writeActualSize> [mixc-retail-assembly-rn84::state] increase sequence to 60, crc 2315430439, actualSize 24973
04-22 05:26:35.063 23728 23756 I MMKV    : <MMKV.cpp:1208::sync> MMKV::sync, SyncFlag = 1
04-22 05:26:35.070  1043  1043 D b/260135164: updateIconAlphaForHome - setIconsAlpha(0), isTaskbarPresent: true
04-22 05:26:35.071 23728 23756 I MMKV    : <MMKV_IO.cpp:609::writeActualSize> [mixc-retail-assembly-rn84::state] increase sequence to 61, crc 3612801193, actualSize 24973
04-22 05:26:35.072 23728 23756 I MMKV    : <MMKV.cpp:1208::sync> MMKV::sync, SyncFlag = 1
04-22 05:26:35.078 23728 23756 I MMKV    : <MMKV_IO.cpp:609::writeActualSize> [mixc-retail-assembly-rn84::state] increase sequence to 62, crc 1689817028, actualSize 24973
04-22 05:26:35.078 23728 23756 I MMKV    : <MMKV.cpp:1208::sync> MMKV::sync, SyncFlag = 1
04-22 05:26:35.086  1043  1043 D b/260135164: updateIconAlphaForHome - setIconsAlpha(0), isTaskbarPresent: true
04-22 05:26:35.103  1043  1043 D b/260135164: updateIconAlphaForHome - setIconsAlpha(0), isTaskbarPresent: true
04-22 05:26:35.120  1043  1043 D b/260135164: updateIconAlphaForHome - setIconsAlpha(0), isTaskbarPresent: true
04-22 05:26:35.124   519   534 D CoreBackPreview: Window{269f866 u0 Splash Screen com.impos2.mixcretailassemblyrn84 EXITING}: Setting back callback null
04-22 05:26:35.124   519  1698 W InputManager-JNI: Input channel object '269f866 Splash Screen com.impos2.mixcretailassemblyrn84 (client)' was disposed without first being removed with the input manager!
04-22 05:26:35.138  1043  1043 D b/260135164: updateIconAlphaForHome - setIconsAlpha(0), isTaskbarPresent: true
04-22 05:26:35.156  1043  1043 D b/260135164: updateIconAlphaForHome - setIconsAlpha(0), isTaskbarPresent: true
04-22 05:26:35.173  1043  1043 D b/260135164: updateIconAlphaForHome - setIconsAlpha(0), isTaskbarPresent: true
04-22 05:26:35.187  1043  1043 D b/260135164: updateIconAlphaForHome - setIconsAlpha(0), isTaskbarPresent: true
04-22 05:26:35.202   790  1086 D BtGatt.ScanManager: uid 10116 isForeground true scanMode -1
04-22 05:26:35.204  1251  3750 I FontLog : Received query Noto Color Emoji Compat, URI content://com.google.android.gms.fonts [CONTEXT service_id=132 ]
04-22 05:26:35.204  1251  3750 I FontLog : Query [emojicompat-emoji-font] resolved to {Noto Color Emoji Compat, wdth 100.0, wght 400, ital 0.0, bestEffort false} [CONTEXT service_id=132 ]
04-22 05:26:35.204  1043  1043 D b/260135164: updateIconAlphaForHome - setIconsAlpha(0), isTaskbarPresent: true
04-22 05:26:35.205  1251  3750 I FontLog : Fetch {Noto Color Emoji Compat, wdth 100.0, wght 400, ital 0.0, bestEffort false} end status Status{statusCode=SUCCESS, resolution=null} [CONTEXT service_id=132 ]
04-22 05:26:35.207  1251  3750 I FontLog : Pulling font file for id = 145, cache size = 4 [CONTEXT service_id=132 ]
04-22 05:26:35.209  1251  3750 I FontLog : Pulling font file for id = 145, cache size = 4 [CONTEXT service_id=132 ]
04-22 05:26:35.217  1043  1728 E OpenGLRenderer: Unable to match the desired swap behavior.
04-22 05:26:35.304   335   435 W TransactionTracing: Could not find layer handle 0xb400006eb98b75d0
04-22 05:26:35.304   335   435 W TransactionTracing: Could not find layer handle 0xb400006eb98b73f0
04-22 05:26:35.304   335   435 W TransactionTracing: Could not find layer handle 0xb400006eb98b5ad0
04-22 05:26:35.304   335   435 W TransactionTracing: Could not find layer handle 0xb400006eb98b5ad0
04-22 05:26:35.304   335   435 W TransactionTracing: Could not find layer handle 0xb400006eb98b73f0
04-22 05:26:35.473   519   549 W BroadcastQueue: Background execution not allowed: receiving Intent { act=android.intent.action.DROPBOX_ENTRY_ADDED flg=0x10 (has extras) } to com.google.android.gms/.stats.service.DropBoxEntryAddedReceiver
04-22 05:26:35.473   519   549 W BroadcastQueue: Background execution not allowed: receiving Intent { act=android.intent.action.DROPBOX_ENTRY_ADDED flg=0x10 (has extras) } to com.google.android.gms/.chimera.GmsIntentOperationService$PersistentTrustedReceiver
04-22 05:26:35.482   519   534 D ActivityManager: sync unfroze 4339 com.google.android.gms
04-22 05:26:35.522  1921  2222 W A       : #getSuggestions failed
04-22 05:26:35.522  1921  2222 W A       : com.google.common.w.a.dy: Timed out: com.google.common.w.a.h@5041d28[status=PENDING, setFuture=[com.google.common.w.a.h@892ca41[status=PENDING, setFuture=[com.google.common.w.a.h@f661be6[status=PENDING, info=[inputFuture=[com.google.common.w.a.h@4de2527[status=PENDING, info=[inputFuture=[kotlinx.coroutines.d.b@511e3d4[status=PENDING, delegate=[com.google.common.w.a.ds@600c97d[status=PENDING]]]], function=[propagating=[com.google.android.apps.search.googleapp.search.suggest.sources.a.an@f681072]]]]], function=[propagating=[com.google.android.apps.search.googleapp.search.suggest.sources.a.bl@e7decc3]]]]]]]]
04-22 05:26:35.523  1043 23688 E OneSearchSuggestProvider: Unable to get suggestions from AGA
04-22 05:26:35.523  1043 23688 E OneSearchSuggestProvider: io.grpc.StatusRuntimeException: UNKNOWN
04-22 05:26:35.523  1043 23688 E OneSearchSuggestProvider: 	at k2.c.o(Unknown Source:72)
04-22 05:26:35.523  1043 23688 E OneSearchSuggestProvider: 	at io.grpc.internal.l.b(Unknown Source:32)
04-22 05:26:35.523  1043 23688 E OneSearchSuggestProvider: 	at io.grpc.internal.l.a(Unknown Source:14)
04-22 05:26:35.523  1043 23688 E OneSearchSuggestProvider: 	at io.grpc.internal.x.run(Unknown Source:6)
04-22 05:26:35.523  1043 23688 E OneSearchSuggestProvider: 	at io.grpc.internal.H1.run(Unknown Source:16)
04-22 05:26:35.523  1043 23688 E OneSearchSuggestProvider: 	at java.util.concurrent.ThreadPoolExecutor.runWorker(ThreadPoolExecutor.java:1137)
04-22 05:26:35.523  1043 23688 E OneSearchSuggestProvider: 	at java.util.concurrent.ThreadPoolExecutor$Worker.run(ThreadPoolExecutor.java:637)
04-22 05:26:35.523  1043 23688 E OneSearchSuggestProvider: 	at java.lang.Thread.run(Thread.java:1012)
04-22 05:26:35.524  1043 15093 I s.nexuslauncher: oneway function results for code 2 on binder at 0xb4000073f59cc310 will be dropped but finished with status UNKNOWN_TRANSACTION
04-22 05:26:40.529 23728 23791 D ProfileInstaller: Skipping profile installation for com.impos2.mixcretailassemblyrn84
04-22 05:26:40.618   519  1698 D CompatibilityChangeReporter: Compat change id reported: 161145287; UID 10145; state: DISABLED
04-22 05:26:40.624  1251  1251 D BoundBrokerSvc: onBind: Intent { act=com.google.android.gms.phenotype.service.START pkg=com.google.android.gms }
04-22 05:26:40.624  1251  1251 D BoundBrokerSvc: Loading bound service for intent: Intent { act=com.google.android.gms.phenotype.service.START pkg=com.google.android.gms }
04-22 05:26:40.629 23670 23707 E JavaBinder: !!! FAILED BINDER TRANSACTION !!!  (parcel size = 532)
04-22 05:26:40.632 23707 23707 I binder  : 23670:23707 transaction failed 29202/0, size 532-16 line 3779
04-22 05:26:40.629 23670 23707 I ActivityThread: Removing dead content provider:android.content.ContentProviderProxy@b2c6a3b
04-22 05:26:40.630   519   705 I ActivityManager: Process com.google.process.gservices (pid 19930) early provider death
04-22 05:26:40.630   519   705 I ActivityManager: Process com.google.process.gservices (pid 19930) has died: cch+35 CEM 
04-22 05:26:40.631   519   705 W ActivityManager: ProcessRecord{932feb7 0:com.google.process.gservices/u0a116} is attached to a previous process 19930
04-22 05:26:40.631   519   705 D CompatibilityChangeReporter: Compat change id reported: 135634846; UID 10116; state: DISABLED
04-22 05:26:40.631   519   705 D CompatibilityChangeReporter: Compat change id reported: 177438394; UID 10116; state: DISABLED
04-22 05:26:40.631   519   705 D CompatibilityChangeReporter: Compat change id reported: 135772972; UID 10116; state: DISABLED
04-22 05:26:40.631   519   705 D CompatibilityChangeReporter: Compat change id reported: 135754954; UID 10116; state: ENABLED
04-22 05:26:40.633   705   705 I binder  : 519:705 transaction failed 29202/0, size 0-0 line 3779
04-22 05:26:40.635   519   551 I libprocessgroup: Successfully killed process cgroup uid 10116 pid 19930 in 5ms
04-22 05:26:40.636   519  1698 V ActivityManager: Got obituary of 19930:com.google.process.gservices
04-22 05:26:40.636   519   550 D CompatibilityChangeReporter: Compat change id reported: 143937733; UID 10116; state: ENABLED
04-22 05:26:40.636   294   294 I Zygote  : Process 19930 exited due to signal 9 (Killed)
04-22 05:26:40.639   294   294 D Zygote  : Forked child process 23794
04-22 05:26:40.639   519   550 I ActivityManager: Start proc 23794:com.google.process.gservices/u0a116 for content provider {com.google.android.gsf/com.google.android.gsf.gservices.GservicesProvider}
04-22 05:26:40.643 23794 23794 I ocess.gservices: Using CollectorTypeCC GC.
04-22 05:26:40.647   382   431 I adbd    : jdwp connection from 23794
04-22 05:26:40.653 23794 23794 D CompatibilityChangeReporter: Compat change id reported: 171979766; UID 10116; state: ENABLED
04-22 05:26:40.656 23794 23794 D nativeloader: Configuring classloader-namespace-shared for other apk /system/framework/org.apache.http.legacy.jar. target_sdk_version=33, uses_libraries=ALL, library_path=/system_ext/priv-app/GoogleServicesFramework/lib/arm64:/system_ext/priv-app/GoogleServicesFramework/GoogleServicesFramework.apk!/lib/arm64-v8a:/system/lib64:/system_ext/lib64, permitted_path=/data:/mnt/expand:/data/user/0/com.google.android.gsf:/system_ext/priv-app/GoogleServicesFramework:/system/lib64:/system_ext/lib64
04-22 05:26:40.657 23794 23794 D nativeloader: Configuring classloader-namespace-shared for other apk /system_ext/priv-app/GoogleServicesFramework/GoogleServicesFramework.apk. target_sdk_version=33, uses_libraries=, library_path=/system_ext/priv-app/GoogleServicesFramework/lib/arm64:/system_ext/priv-app/GoogleServicesFramework/GoogleServicesFramework.apk!/lib/arm64-v8a:/system/lib64:/system_ext/lib64, permitted_path=/data:/mnt/expand:/data/user/0/com.google.android.gsf:/system_ext/priv-app/GoogleServicesFramework:/system/lib64:/system_ext/lib64
04-22 05:26:40.685 23794 23794 V GraphicsEnvironment: ANGLE Developer option for 'com.google.android.gsf' set to: 'default'
04-22 05:26:40.685 23794 23794 V GraphicsEnvironment: ANGLE GameManagerService for com.google.android.gsf: false
04-22 05:26:40.685 23794 23794 V GraphicsEnvironment: Neither updatable production driver nor prerelease driver is supported.
04-22 05:26:40.687 23794 23794 D NetworkSecurityConfig: No Network Security Config specified, using platform default
04-22 05:26:40.688 23794 23794 D NetworkSecurityConfig: No Network Security Config specified, using platform default
04-22 05:26:40.691 23794 23794 I GservicesProvider: Gservices pushing to system: true; secure/global: true
04-22 05:26:40.694  4339  4339 D BoundBrokerSvc: onBind: Intent { act=com.google.android.gms.gservices.START pkg=com.google.android.gms }
04-22 05:26:40.694  4339  4339 D BoundBrokerSvc: Loading bound service for intent: Intent { act=com.google.android.gms.gservices.START pkg=com.google.android.gms }
04-22 05:26:42.490   790  1086 D BtGatt.ScanManager: uid 10116 isForeground true scanMode -1
04-22 05:26:44.905 23728 23755 I ReactNativeJS: '[assembly.android.mixc-retail-rn84.websocket] connect', { url: 'ws://127.0.0.1:5810/api/v1/tdp/ws/connect?sandboxId=sandbox-kernel-base-test&terminalId=terminal_j1rgmnggrq4n&token=token_xps20yq0rq4o',
04-22 05:26:44.905 23728 23755 I ReactNativeJS:   protocol: 'ws',
04-22 05:26:44.905 23728 23755 I ReactNativeJS:   host: '127.0.0.1:5810',
04-22 05:26:44.905 23728 23755 I ReactNativeJS:   pathname: '/api/v1/tdp/ws/connect' }
04-22 05:26:44.905 23728 23756 I assembly.assembly.android.mixc-retail-rn84.transport.ws.SocketRuntime: [transport.ws] Socket connect started: kernel.base.tdp-sync-runtime-v2.socket {"profileName":"kernel.base.tdp-sync-runtime-v2.socket","serverName":"mock-terminal-platform","addressName":"local"}
04-22 05:26:44.908 23728 23813 D TrafficStats: tagSocket(5) with statsTag=0xffffffff, statsUid=-1
04-22 05:26:44.912 23728 23756 I assembly.kernel.base.runtime-shell-v2.application.KernelRuntimeAppV2: [runtime.load] kernel runtime app v2 started {"runtimeName":"assembly.android.mixc-retail-rn84","moduleDescriptors":[{"moduleName":"assembly.android.mixc-retail-rn84","packageVersion":"1.0.0","dependencies":[],"stateSliceNames":[],"commandNames":[],"actorKeys":["assembly.android.mixc-retail-rn84.AssemblyRuntimeInitializeActor"],"errorKeys":[],"parameterKeys":[],"hasInstall":true,"hasPreSetup":true},{"moduleName":"kernel.base.topology-runtime-v3","packageVersion":"0.0.1","dependencies":[],"stateSliceNames":["kernel.base.topology-runtime-v3.config","kernel.base.topology-runtime-v3.context","kernel.base.topology-runtime-v3.connection","kernel.base.topology-runtime-v3.peer","kernel.base.topology-runtime-v3.sync","kernel.base.topology-runtime-v3.request-mirror","kernel.base.topology-runtime-v3.demo.master","kernel.base.topology-runtime-v3.demo.slave"],"commandNames":["kernel.base.topology-runtime-v3.set-instance-mode","kernel.base.topology-runtime-v3.set-display-mode","kernel.base.topology-runtime-v3.set-enable-slave","kernel.base.topology-runtime-v3.set-master-locator","kernel.base.topology-runtime-v3.clear-master-locator","kernel.base.topology-runtime-v3.refresh-topology-context","kernel.base.topology-runtime-v3.start-topology-connection","kernel.base.topology-runtime-v3.stop-topology-connection","kernel.base.topology-runtime-v3.restart-topology-connection","kernel.base.topology-runtime-v3.upsert-demo-master-entry","kernel.base.topology-runtime-v3.remove-demo-master-entry","kernel.base.topology-runtime-v3.reset-demo-master-state","kernel.base.topology-runtime-v3.upsert-demo-slave-entry","kernel.base.topology-runtime-v3.remove-demo-slave-entry","kernel.base.topology-runtime-v3.reset-demo-slave-state"],"actorKeys":["kernel.base.topology-runtime-v3.TopologyContextActor","kernel.base.topology-runtime-v3.TopologyConnectionActor","kernel.base.topology-runtime-v3.TopologyDemoSyncActor"],"errorKeys":["kernel.base.topology-runtime-v3.display_context_required","kernel.base.topology-runtime-v3.orchestrator_required","kernel.base.topology-runtime-v3.socket_binding_required","kernel.base.topology-runtime-v3.hello_runtime_required","kernel.base.topology-runtime-v3.action_not_allowed"],"parameterKeys":["kernel.base.topology-runtime-v3.reconnect-interval-ms"],"hasInstall":true,"hasPreSetup":true},{"moduleName":"kernel.base.tcp-control-runtime-v2","packageVersion":"0.0.1","dependencies":[],"stateSliceNames":["kernel.base.tcp-control-runtime-v2.identity","kernel.base.tcp-control-runtime-v2.credential","kernel.base.tcp-control-runtime-v2.binding","kernel.base.tcp-control-runtime-v2.sandbox","kernel.base.tcp-control-runtime-v2.runtime"],"commandNames":["kernel.base.tcp-control-runtime-v2.bootstrap-tcp-control","kernel.base.tcp-control-runtime-v2.bootstrap-tcp-control-succeeded","kernel.base.tcp-control-runtime-v2.activate-terminal","kernel.base.tcp-control-runtime-v2.activate-terminal-succeeded","kernel.base.tcp-control-runtime-v2.refresh-credential","kernel.base.tcp-control-runtime-v2.credential-refreshed","kernel.base.tcp-control-runtime-v2.deactivate-terminal","kernel.base.tcp-control-runtime-v2.deactivate-terminal-succeeded","kernel.base.tcp-control-runtime-v2.report-task-result","kernel.base.tcp-control-runtime-v2.task-result-reported","kernel.base.tcp-control-runtime-v2.reset-tcp-control"],"actorKeys":["kernel.base.tcp-control-runtime-v2.TcpBootstrapActor","kernel.base.tcp-control-runtime-v2.TcpActivationActor","kernel.base.tcp-control-runtime-v2.TcpCredentialActor","kernel.base.tcp-control-runtime-v2.TcpDeactivationActor","kernel.base.tcp-control-runtime-v2.TcpTaskReportActor","kernel.base.tcp-control-runtime-v2.TcpStateMutationActor"],"errorKeys":["kernel.base.tcp-control-runtime-v2.activation_code_invalid","kernel.base.tcp-control-runtime-v2.activation_failed","kernel.base.tcp-control-runtime-v2.credential_missing","kernel.base.tcp-control-runtime-v2.credential_expired","kernel.base.tcp-control-runtime-v2.refresh_failed","kernel.base.tcp
04-22 05:26:44.913 23728 23756 I MMKV    : <MemoryFile.cpp:103::open> open fd[70], flag 0x7, /data/data/com.impos2.mixcretailassemblyrn84/files/mmkv/specialCharacter/c34670a355176d0b412ad7c68e58044e
04-22 05:26:44.913 23728 23756 I MMKV    : <MemoryFile.cpp:250::mmapOrCleanup> mmap to address [0x7688ed7000], oldPtr [0x0], [/data/data/com.impos2.mixcretailassemblyrn84/files/mmkv/specialCharacter/c34670a355176d0b412ad7c68e58044e]
04-22 05:26:44.913 23728 23756 I MMKV    : <MemoryFile.cpp:109::close> closing fd[70], /data/data/com.impos2.mixcretailassemblyrn84/files/mmkv/specialCharacter/c34670a355176d0b412ad7c68e58044e
04-22 05:26:44.913 23728 23756 I MMKV    : <MemoryFile.cpp:103::open> open fd[70], flag 0x7, /data/data/com.impos2.mixcretailassemblyrn84/files/mmkv/specialCharacter/c34670a355176d0b412ad7c68e58044e.crc
04-22 05:26:44.913 23728 23756 I MMKV    : <MemoryFile.cpp:250::mmapOrCleanup> mmap to address [0x7688e9a000], oldPtr [0x0], [/data/data/com.impos2.mixcretailassemblyrn84/files/mmkv/specialCharacter/c34670a355176d0b412ad7c68e58044e.crc]
04-22 05:26:44.913 23728 23756 I MMKV    : <MemoryFile.cpp:103::open> open fd[107], flag 0x7, /data/data/com.impos2.mixcretailassemblyrn84/files/mmkv/specialCharacter/c34670a355176d0b412ad7c68e58044e
04-22 05:26:44.913 23728 23756 I MMKV    : <MemoryFile.cpp:109::close> closing fd[107], /data/data/com.impos2.mixcretailassemblyrn84/files/mmkv/specialCharacter/c34670a355176d0b412ad7c68e58044e
04-22 05:26:44.913 23728 23756 I MMKV    : <MMKV_IO.cpp:287::loadMetaInfoAndCheck> meta file [mixc-retail-assembly-rn84::version-report-outbox] has flag [0]
04-22 05:26:44.913 23728 23756 I MMKV    : <MMKV_IO.cpp:94::loadFromFile> loading [mixc-retail-assembly-rn84::version-report-outbox] with 463 actual size, file size 4096, InterProcess 0, meta info version:4
04-22 05:26:44.913 23728 23756 I MMKV    : <MMKV_IO.cpp:99::loadFromFile> loading [mixc-retail-assembly-rn84::version-report-outbox] with crc 1915853140 sequence 1 version 4
04-22 05:26:44.913 23728 23756 I MMKV    : <MMKV_IO.cpp:145::loadFromFile> loaded [mixc-retail-assembly-rn84::version-report-outbox] with 1 key-values
04-22 05:26:44.913 23728 23756 I assembly.android.mixc-retail-rn84.boot: {"stage":"runtime.start:done","displayIndex":0,"displayCount":1}
04-22 05:26:44.913 23728 23756 D TrafficStats: tagSocket(107) with statsTag=0xffffffff, statsUid=-1
04-22 05:26:44.914 23728 23756 I assembly.assembly.android.mixc-retail-rn84: [assembly.topology] Starting native topology host from assembly lifecycle {"displayCount":1,"displayIndex":0,"deviceId":"6Z2H3BSGEY","instanceMode":"MASTER","enableSlave":true,"reason":"master-primary-enable-slave"}
04-22 05:26:44.914   519  1698 D CompatibilityChangeReporter: Compat change id reported: 168419799; UID 10175; state: DISABLED
04-22 05:26:44.914   519  1698 D CompatibilityChangeReporter: Compat change id reported: 273564678; UID 10175; state: DISABLED
04-22 05:26:44.917   519  1698 D CompatibilityChangeReporter: Compat change id reported: 197654537; UID 10175; state: ENABLED
04-22 05:26:44.920 23728 23756 D TrafficStats: tagSocket(121) with statsTag=0xffffffff, statsUid=-1
04-22 05:26:44.938 23728 23747 D EGL_emulation: app_time_stats: avg=2036.72ms min=14.48ms max=9883.19ms count=5
04-22 05:26:44.939 23728 23756 I assembly.android.mixc-retail-rn84.boot: {"stage":"automation.host:start","displayIndex":0,"displayCount":1,"target":"primary","host":"127.0.0.1","port":18584,"generation":"automation-host-2-32261607631090"}
04-22 05:26:44.939 23728 23756 I assembly.android.mixc-retail-rn84.boot: {"stage":"app-load-complete:start","displayIndex":0}
04-22 05:26:44.939 23728 23756 I StartupAudit: app_load_complete displayIndex=0 pid=23728 time=2026-04-22 05:26:44.939
04-22 05:26:44.939 23728 23756 I StartupAudit: secondary_launch_scheduled pid=23728 time=2026-04-22 05:26:44.939
04-22 05:26:44.940 23728 23756 I assembly.assembly.android.mixc-retail-rn84: [assembly.topology] Create assembly topology socket binding {"displayIndex":0,"role":"master","localNodeId":"master:6Z2H3BSGEY","wsUrl":"ws://127.0.0.1:8888/mockMasterServer/ws","httpBaseUrl":"http://127.0.0.1:8888/mockMasterServer","resolvedServerBaseUrl":"http://127.0.0.1:8888/mockMasterServer","resolvedPathTemplate":"/ws"}
04-22 05:26:44.940 23728 23756 I assembly.assembly.android.mixc-retail-rn84.transport.ws.SocketRuntime: [transport.ws] Socket connect started: assembly.android.mixc-retail-rn84.topology {"profileName":"assembly.android.mixc-retail-rn84.topology","serverName":"dual-topology-host-v3","addressName":"dynamic-topology-host"}
04-22 05:26:44.940 23728 23755 I ReactNativeJS: '[assembly.android.mixc-retail-rn84.websocket] connect', { url: 'ws://127.0.0.1:8888/mockMasterServer/ws',
04-22 05:26:44.940 23728 23755 I ReactNativeJS:   protocol: 'ws',
04-22 05:26:44.940 23728 23755 I ReactNativeJS:   host: '127.0.0.1:8888',
04-22 05:26:44.940 23728 23755 I ReactNativeJS:   pathname: '/mockMasterServer/ws' }
04-22 05:26:44.942 23728 23821 D TrafficStats: tagSocket(127) with statsTag=0xffffffff, statsUid=-1
04-22 05:26:44.943 23728 23820 D TrafficStats: tagSocket(129) with statsTag=0xffffffff, statsUid=-1
04-22 05:26:44.944 23728 23756 I assembly.android.mixc-retail-rn84.boot: {"stage":"app-load-complete:done","displayIndex":0}
04-22 05:26:44.944 23728 23822 D TrafficStats: tagSocket(130) with statsTag=0xffffffff, statsUid=-1
04-22 05:26:44.946 23728 23756 I assembly.assembly.android.mixc-retail-rn84: [assembly.topology] Native topology host already matches desired lifecycle state {"displayCount":1,"displayIndex":0,"deviceId":"6Z2H3BSGEY","instanceMode":"MASTER","enableSlave":true,"running":true,"reason":"master-primary-enable-slave"}
04-22 05:26:44.946 23728 23756 I assembly.assembly.android.mixc-retail-rn84: [assembly.topology] Native topology host already matches desired lifecycle state {"displayCount":1,"displayIndex":0,"deviceId":"6Z2H3BSGEY","instanceMode":"MASTER","enableSlave":true,"running":true,"reason":"master-primary-enable-slave"}
04-22 05:26:44.946 23728 23756 I assembly.assembly.android.mixc-retail-rn84: [assembly.topology] Native topology host already matches desired lifecycle state {"displayCount":1,"displayIndex":0,"deviceId":"6Z2H3BSGEY","instanceMode":"MASTER","enableSlave":true,"running":true,"reason":"master-primary-enable-slave"}
04-22 05:26:44.946 23728 23756 I assembly.assembly.android.mixc-retail-rn84: [assembly.topology] Native topology host already matches desired lifecycle state {"displayCount":1,"displayIndex":0,"deviceId":"6Z2H3BSGEY","instanceMode":"MASTER","enableSlave":true,"running":true,"reason":"master-primary-enable-slave"}
04-22 05:26:44.955 23728 23756 I assembly.assembly.android.mixc-retail-rn84: [assembly.topology] Native topology host already matches desired lifecycle state {"displayCount":1,"displayIndex":0,"deviceId":"6Z2H3BSGEY","instanceMode":"MASTER","enableSlave":true,"running":true,"reason":"master-primary-enable-slave"}
04-22 05:26:44.955 23728 23756 I MMKV    : <MMKV_IO.cpp:609::writeActualSize> [mixc-retail-assembly-rn84::state] increase sequence to 63, crc 898084664, actualSize 24973
04-22 05:26:44.956 23728 23756 I MMKV    : <MMKV.cpp:1208::sync> MMKV::sync, SyncFlag = 1
04-22 05:26:44.958 23728 23756 I assembly.assembly.android.mixc-retail-rn84: [assembly.topology] Native topology host already matches desired lifecycle state {"displayCount":1,"displayIndex":0,"deviceId":"6Z2H3BSGEY","instanceMode":"MASTER","enableSlave":true,"running":true,"reason":"master-primary-enable-slave"}
04-22 05:26:44.959 23728 23756 I assembly.assembly.android.mixc-retail-rn84: [assembly.topology] Native topology host already matches desired lifecycle state {"displayCount":1,"displayIndex":0,"deviceId":"6Z2H3BSGEY","instanceMode":"MASTER","enableSlave":true,"running":true,"reason":"master-primary-enable-slave"}
04-22 05:26:44.959 23728 23756 I assembly.assembly.android.mixc-retail-rn84: [assembly.topology] Native topology host already matches desired lifecycle state {"displayCount":1,"displayIndex":0,"deviceId":"6Z2H3BSGEY","instanceMode":"MASTER","enableSlave":true,"running":true,"reason":"master-primary-enable-slave"}
04-22 05:26:44.959 23728 23756 I assembly.assembly.android.mixc-retail-rn84: [assembly.topology] Native topology host already matches desired lifecycle state {"displayCount":1,"displayIndex":0,"deviceId":"6Z2H3BSGEY","instanceMode":"MASTER","enableSlave":true,"running":true,"reason":"master-primary-enable-slave"}
04-22 05:26:44.959 23728 23756 I assembly.assembly.android.mixc-retail-rn84: [assembly.topology] Native topology host already matches desired lifecycle state {"displayCount":1,"displayIndex":0,"deviceId":"6Z2H3BSGEY","instanceMode":"MASTER","enableSlave":true,"running":true,"reason":"master-primary-enable-slave"}
04-22 05:26:44.960 23728 23756 I assembly.assembly.android.mixc-retail-rn84: [assembly.topology] Native topology host already matches desired lifecycle state {"displayCount":1,"displayIndex":0,"deviceId":"6Z2H3BSGEY","instanceMode":"MASTER","enableSlave":true,"running":true,"reason":"master-primary-enable-slave"}
04-22 05:26:46.490 23728 23747 D EGL_emulation: app_time_stats: avg=775.86ms min=26.76ms max=1524.96ms count=2
04-22 05:26:46.558   519   716 D CompatibilityChangeReporter: Compat change id reported: 161145287; UID 10116; state: DISABLED
04-22 05:26:46.558  1251 23812 D TrafficStats: tagSocket(82) with statsTag=0x20008100, statsUid=-1
04-22 05:26:53.465 23728 23820 D TrafficStats: tagSocket(100) with statsTag=0xffffffff, statsUid=-1
04-22 05:26:53.469 23728 23756 I assembly.assembly.android.mixc-retail-rn84: [assembly.topology] Native topology host already matches desired lifecycle state {"displayCount":1,"displayIndex":0,"deviceId":"6Z2H3BSGEY","instanceMode":"MASTER","enableSlave":true,"running":true,"reason":"master-primary-enable-slave"}
04-22 05:26:53.470 23728 23756 I assembly.assembly.android.mixc-retail-rn84: [assembly.topology] Native topology host already matches desired lifecycle state {"displayCount":1,"displayIndex":0,"deviceId":"6Z2H3BSGEY","instanceMode":"MASTER","enableSlave":true,"running":true,"reason":"master-primary-enable-slave"}
04-22 05:26:53.470 23728 23756 I assembly.assembly.android.mixc-retail-rn84: [assembly.topology] Native topology host already matches desired lifecycle state {"displayCount":1,"displayIndex":0,"deviceId":"6Z2H3BSGEY","instanceMode":"MASTER","enableSlave":true,"running":true,"reason":"master-primary-enable-slave"}
04-22 05:26:53.473 23728 23755 I ReactNativeJS: '[runtime-state-sync-apply]', '{"direction":"slave-to-master","incomingSliceNames":["kernel.base.topology-runtime-v3.demo.slave","kernel.base.ui-runtime-v2.screen.branch","kernel.base.ui-runtime-v2.overlay.branch","kernel.base.ui-runtime-v2.ui-variable.branch"],"appliedSliceNames":["kernel.base.topology-runtime-v3.demo.slave","kernel.base.ui-runtime-v2.screen.branch","kernel.base.ui-runtime-v2.overlay.branch","kernel.base.ui-runtime-v2.ui-variable.branch"],"skippedSliceReasons":[]}'
04-22 05:26:53.474 23728 23756 I assembly.assembly.android.mixc-retail-rn84: [assembly.topology] Native topology host already matches desired lifecycle state {"displayCount":1,"displayIndex":0,"deviceId":"6Z2H3BSGEY","instanceMode":"MASTER","enableSlave":true,"running":true,"reason":"master-primary-enable-slave"}
04-22 05:26:53.474 23728 23756 I assembly.assembly.android.mixc-retail-rn84: [assembly.topology] Native topology host already matches desired lifecycle state {"displayCount":1,"displayIndex":0,"deviceId":"6Z2H3BSGEY","instanceMode":"MASTER","enableSlave":true,"running":true,"reason":"master-primary-enable-slave"}
04-22 05:26:53.512 23728 23756 I MMKV    : <MMKV_IO.cpp:609::writeActualSize> [mixc-retail-assembly-rn84::state] increase sequence to 64, crc 2021541969, actualSize 24973
04-22 05:26:53.512 23728 23756 I MMKV    : <MMKV.cpp:1208::sync> MMKV::sync, SyncFlag = 1
04-22 05:26:55.715  4339  4339 D BoundBrokerSvc: onUnbind: Intent { act=com.google.android.gms.gservices.START pkg=com.google.android.gms }
04-22 05:26:55.757  1251  1251 D BoundBrokerSvc: onUnbind: Intent { act=com.google.android.gms.phenotype.service.START pkg=com.google.android.gms }
04-22 05:27:00.009  1598  1881 I AiAiEcho: Predicting[0]: 
04-22 05:27:00.009  1598  1881 I AiAiEcho: Ranked targets strategy: SORT, count: 0, ranking metadata: 
04-22 05:27:00.010  1598  1881 I AiAiEcho: #postPredictionTargets: Sending updates to UISurface lockscreen with targets# 0
04-22 05:27:00.010  1598  1881 I AiAiEcho: #postPredictionTargets: Sending updates to UISurface home with targets# 0
04-22 05:27:00.010  1598  1881 I AiAiEcho: #postPredictionTargets: Sending updates to UISurface media_data_manager with targets# 0
04-22 05:27:00.023   728   728 D SsMediaDataProvider: Forwarding Smartspace updates []
04-22 05:27:00.054   728   955 D EGL_emulation: app_time_stats: avg=1947.79ms min=13.69ms max=25128.80ms count=13
04-22 05:27:11.667 23728 23820 D TrafficStats: tagSocket(102) with statsTag=0xffffffff, statsUid=-1
04-22 05:27:11.797   158   158 I logd    : logdr: UID=2000 GID=2000 PID=23831 n tail=0 logMask=99 pid=0 start=0ns deadline=0ns
