04-22 05:25:55.028   683   864 D ConnectivityService: reportNetworkConnectivity(101, true) by 10144
04-22 05:25:55.029  1283 32250 I AlarmManager: setExactAndAllowWhileIdle [name: GCM_HB_ALARM type: 2 triggerAtMillis: 32742573]
04-22 05:25:55.029   683   864 D ConnectivityService: reportNetworkConnectivity(101, true) by 10144
04-22 05:25:55.029  1052  2583 D NetworkMonitor/101: Forcing reevaluation for UID 10144. Dns signal count: 0
04-22 05:25:55.029  1283 32250 E GmsTaskScheduler: sendWakeUpEvent called on SchedulerClientBroadcastStrategy
04-22 05:25:55.032   459  3476 I resolv  : ResNSendHandler::run: 0 / {101 983141 101 983141 1073 1}
04-22 05:25:55.032   459  3477 I resolv  : ResNSendHandler::run: 0 / {101 983141 101 983141 1073 1}
04-22 05:25:55.032   459  3477 I resolv  : resolv_cache_lookup: FOUND IN CACHE entry=0xb400007cdced1150
04-22 05:25:55.035   459  3478 I resolv  : ResNSendHandler::run: 0 / {101 983141 101 983141 1073 1}
04-22 05:25:55.035   459  3479 I resolv  : ResNSendHandler::run: 0 / {101 983141 101 983141 1073 1}
04-22 05:25:55.035   459  3479 I resolv  : resolv_cache_lookup: FOUND IN CACHE entry=0xb400007e7ced28b0
04-22 05:25:55.523   459  3478 I resolv  : res_nsend: used send_dg 48 terrno: 0
04-22 05:25:55.523   459  3476 I resolv  : res_nsend: used send_dg 117 terrno: 0
04-22 05:25:55.525  1052  3474 D NetworkMonitor/101: PROBE_DNS www.google.com 495ms OK 157.240.7.20,2001::1
04-22 05:25:55.526   459  3480 I resolv  : GetAddrInfoHandler::run: {101 983141 101 983141 1073 1}
04-22 05:25:55.526  1052  3475 D NetworkMonitor/101: PROBE_DNS connectivitycheck.gstatic.com 495ms OK 114.250.65.34
04-22 05:25:55.527   459  3481 I resolv  : res_nmkquery: (QUERY, IN, AAAA)
04-22 05:25:55.527   459  3481 I resolv  : resolv_cache_lookup: FOUND IN CACHE entry=0xb400007cdced1150
04-22 05:25:55.527   459  3481 I resolv  : doQuery: rcode=0, ancount=1, return value=60
04-22 05:25:55.527   459  3482 I resolv  : res_nmkquery: (QUERY, IN, A)
04-22 05:25:55.527   459  3482 I resolv  : resolv_cache_lookup: FOUND IN CACHE entry=0xb400007d2ced1320
04-22 05:25:55.527   459  3482 I resolv  : doQuery: rcode=0, ancount=1, return value=48
04-22 05:25:55.528   459  3483 I resolv  : GetAddrInfoHandler::run: {101 983141 101 983141 1073 1}
04-22 05:25:55.528   459  3484 I resolv  : res_nmkquery: (QUERY, IN, AAAA)
04-22 05:25:55.529   459  3485 I resolv  : res_nmkquery: (QUERY, IN, A)
04-22 05:25:55.529   459  3485 I resolv  : resolv_cache_lookup: FOUND IN CACHE entry=0xb400007e7ced28b0
04-22 05:25:55.529   459  3485 I resolv  : doQuery: rcode=0, ancount=1, return value=63
04-22 05:25:55.529   459  3484 I resolv  : resolv_cache_lookup: FOUND IN CACHE entry=0xb400007d0cedcb30
04-22 05:25:55.529   459  3484 I resolv  : doQuery: rcode=0, ancount=0, return value=117
04-22 05:25:56.025  1052  3475 D NetworkMonitor/101: PROBE_HTTP http://connectivitycheck.gstatic.com/generate_204 time=497ms ret=204 request={Connection=[close], User-Agent=[Mozilla/5.0 (X11; Linux x86_64) AppleWebKit/537.36 (KHTML, like Gecko) Chrome/60.0.3112.32 Safari/537.36]} headers={null=[HTTP/1.1 204 No Content], Connection=[close], Cross-Origin-Resource-Policy=[cross-origin], Date=[Tue, 21 Apr 2026 21:25:55 GMT], X-Android-Received-Millis=[1776806756024], X-Android-Response-Source=[NETWORK 204], X-Android-Selected-Protocol=[http/1.1], X-Android-Sent-Millis=[1776806755532]}
04-22 05:25:56.317   683   858 W BestClock: java.time.DateTimeException: No network time available
04-22 05:25:56.317   683   858 W BestClock: java.time.DateTimeException: No network time available
04-22 05:25:56.317   683   858 W BestClock: java.time.DateTimeException: No network time available
04-22 05:25:56.317   683   858 W BestClock: java.time.DateTimeException: No network time available
04-22 05:25:56.317   683   858 W BestClock: java.time.DateTimeException: No network time available
04-22 05:25:56.317   683   858 D WifiClientModeImpl[9769:wlan0]: updateLinkLayerStatsRssiSpeedFrequencyCapabilities rssi=-50 TxLinkspeed=1 freq=2447 RxLinkSpeed=2
04-22 05:25:56.317   683   858 D WifiDataStall: tx tput in kbps: 11000
04-22 05:25:56.317   683   858 D WifiDataStall: rx tput in kbps: 11000
04-22 05:25:56.317   683   858 V WifiConfigManager: Updating scan detail cache freq=2447 BSSID=00:13:10:85:fe:01 RSSI=-50 for "AndroidWifi"NONE
04-22 05:25:56.317   683   858 D WifiThroughputPredictor:  utilization (LLS) 80 isBluetoothConnected: false final utilization: 80
04-22 05:25:56.317   683   858 D WifiThroughputPredictor:  BW: 0 RSSI: -50 Nss: 1 Mode: 1 symDur: 4000 snrDb 30 bitPerTone: 4500 rate: 54 throughput: 11
04-22 05:25:56.317   683   858 D WifiThroughputPredictor:  utilization (LLS) 80 isBluetoothConnected: false final utilization: 80
04-22 05:25:56.317   683   858 D WifiThroughputPredictor:  BW: 0 RSSI: -50 Nss: 1 Mode: 1 symDur: 4000 snrDb 30 bitPerTone: 4500 rate: 54 throughput: 11
04-22 05:25:56.318   683   858 D WifiThroughputPredictor:  utilization (LLS) 80 isBluetoothConnected: false final utilization: 80
04-22 05:25:56.318   683   858 D WifiThroughputPredictor:  BW: 0 RSSI: -50 Nss: 1 Mode: 1 symDur: 4000 snrDb 30 bitPerTone: 4500 rate: 54 throughput: 11
04-22 05:25:56.318   683   858 D WifiThroughputPredictor:  utilization (LLS) 80 isBluetoothConnected: false final utilization: 80
04-22 05:25:56.318   683   858 D WifiThroughputPredictor:  BW: 0 RSSI: -50 Nss: 1 Mode: 1 symDur: 4000 snrDb 30 bitPerTone: 4500 rate: 54 throughput: 11
04-22 05:25:56.318   683   858 D WifiScoreCard: BSSID update SIGNAL_POLL ID: 261501600 SSID: "AndroidWifi", BSSID: 00:13:10:85:fe:01, MAC: 02:15:b4:00:00:00, IP: /10.0.2.17, Security type: 0, Supplicant state: COMPLETED, Wi-Fi standard: legacy, RSSI: -50, Link speed: 1Mbps, Tx Link speed: 1Mbps, Max Supported Tx Link speed: 11Mbps, Rx Link speed: 2Mbps, Max Supported Rx Link speed: 11Mbps, Frequency: 2447MHz, Net ID: 0, Metered hint: false, score: 60, isUsable: true, CarrierMerged: false, SubscriptionId: -1, IsPrimary: 1, Trusted: true, Restricted: false, Ephemeral: false, OEM paid: false, OEM private: false, OSU AP: false, FQDN: <none>, Provider friendly name: <none>, Requesting package name: <none>"AndroidWifi"openMLO Information: , Is TID-To-Link negotiation supported by the AP: false, AP MLD Address: <none>, AP MLO Link Id: <none>, AP MLO Affiliated links: <none>, Vendor Data: <none>
04-22 05:25:56.318   683   858 D WifiScoreCard: txRate: 5 txSpeed: 1
04-22 05:25:56.318   683   858 D WifiScoreCard: network update SIGNAL_POLL "AndroidWifi" ID: 579418950 RSSI -50 txSpeed 1
04-22 05:25:56.318   683   858 D WifiClientModeImpl[9769:wlan0]:  ClientModeImpl$L2ConnectedState screen=on 1 0 "AndroidWifi" 00:13:10:85:fe:01 rssi=-50 f=2447 sc=60 link=1 tx=4.0, 0.0, 0.0 rx=3.8 bcn=0 [on:0 tx:0 rx:0 period:3008] from screen [on:0 period:-1309704226] score=60
04-22 05:25:56.433  1086  1298 D SatelliteController: iisInCarrierRoamingNbIotNtn: satellite is disabled
04-22 05:25:58.033   459  3486 I resolv  : GetAddrInfoHandler::run: {101 983141 101 983141 1073 1}
04-22 05:25:58.034   459  3487 I resolv  : res_nmkquery: (QUERY, IN, AAAA)
04-22 05:25:58.034   459  3487 I resolv  : resolv_cache_lookup: FOUND IN CACHE entry=0xb400007d0ced8690
04-22 05:25:58.034   459  3487 I resolv  : doQuery: rcode=0, ancount=4, return value=149
04-22 05:25:58.035   459  3488 I resolv  : res_nmkquery: (QUERY, IN, A)
04-22 05:25:58.528   459  3488 I resolv  : res_nsend: used send_dg 101 terrno: 0
04-22 05:25:58.528   459  3488 I resolv  : doQuery: rcode=0, ancount=4, return value=101
04-22 05:25:59.027  1052  3473 D NetworkMonitor/101: PROBE_FALLBACK http://play.googleapis.com/generate_204 time=993ms ret=204 request={Connection=[close], User-Agent=[Mozilla/5.0 (X11; Linux x86_64) AppleWebKit/537.36 (KHTML, like Gecko) Chrome/60.0.3112.32 Safari/537.36]} headers={null=[HTTP/1.1 204 No Content], Connection=[close], Cross-Origin-Resource-Policy=[cross-origin], Date=[Tue, 21 Apr 2026 21:25:58 GMT], X-Android-Received-Millis=[1776806759026], X-Android-Response-Source=[NETWORK 204], X-Android-Selected-Protocol=[http/1.1], X-Android-Sent-Millis=[1776806758533]}
04-22 05:25:59.324   683   858 W BestClock: java.time.DateTimeException: No network time available
04-22 05:25:59.325   683   858 W BestClock: java.time.DateTimeException: No network time available
04-22 05:25:59.325   683   858 W BestClock: java.time.DateTimeException: No network time available
04-22 05:25:59.325   683   858 W BestClock: java.time.DateTimeException: No network time available
04-22 05:25:59.325   683   858 W BestClock: java.time.DateTimeException: No network time available
04-22 05:25:59.325   683   858 D WifiClientModeImpl[9769:wlan0]: updateLinkLayerStatsRssiSpeedFrequencyCapabilities rssi=-50 TxLinkspeed=1 freq=2447 RxLinkSpeed=2
04-22 05:25:59.327   683   858 D WifiDataStall: tx tput in kbps: 11000
04-22 05:25:59.327   683   858 D WifiDataStall: rx tput in kbps: 11000
04-22 05:25:59.327   683   858 V WifiConfigManager: Updating scan detail cache freq=2447 BSSID=00:13:10:85:fe:01 RSSI=-50 for "AndroidWifi"NONE
04-22 05:25:59.327   683   858 D WifiThroughputPredictor:  utilization (LLS) 80 isBluetoothConnected: false final utilization: 80
04-22 05:25:59.327   683   858 D WifiThroughputPredictor:  BW: 0 RSSI: -50 Nss: 1 Mode: 1 symDur: 4000 snrDb 30 bitPerTone: 4500 rate: 54 throughput: 11
04-22 05:25:59.327   683   858 D WifiThroughputPredictor:  utilization (LLS) 80 isBluetoothConnected: false final utilization: 80
04-22 05:25:59.327   683   858 D WifiThroughputPredictor:  BW: 0 RSSI: -50 Nss: 1 Mode: 1 symDur: 4000 snrDb 30 bitPerTone: 4500 rate: 54 throughput: 11
04-22 05:25:59.327   683   858 D WifiThroughputPredictor:  utilization (LLS) 80 isBluetoothConnected: false final utilization: 80
04-22 05:25:59.327   683   858 D WifiThroughputPredictor:  BW: 0 RSSI: -50 Nss: 1 Mode: 1 symDur: 4000 snrDb 30 bitPerTone: 4500 rate: 54 throughput: 11
04-22 05:25:59.327   683   858 D WifiThroughputPredictor:  utilization (LLS) 80 isBluetoothConnected: false final utilization: 80
04-22 05:25:59.327   683   858 D WifiThroughputPredictor:  BW: 0 RSSI: -50 Nss: 1 Mode: 1 symDur: 4000 snrDb 30 bitPerTone: 4500 rate: 54 throughput: 11
04-22 05:25:59.328   683   858 D WifiScoreCard: BSSID update SIGNAL_POLL ID: 261501600 SSID: "AndroidWifi", BSSID: 00:13:10:85:fe:01, MAC: 02:15:b4:00:00:00, IP: /10.0.2.17, Security type: 0, Supplicant state: COMPLETED, Wi-Fi standard: legacy, RSSI: -50, Link speed: 1Mbps, Tx Link speed: 1Mbps, Max Supported Tx Link speed: 11Mbps, Rx Link speed: 2Mbps, Max Supported Rx Link speed: 11Mbps, Frequency: 2447MHz, Net ID: 0, Metered hint: false, score: 60, isUsable: true, CarrierMerged: false, SubscriptionId: -1, IsPrimary: 1, Trusted: true, Restricted: false, Ephemeral: false, OEM paid: false, OEM private: false, OSU AP: false, FQDN: <none>, Provider friendly name: <none>, Requesting package name: <none>"AndroidWifi"openMLO Information: , Is TID-To-Link negotiation supported by the AP: false, AP MLD Address: <none>, AP MLO Link Id: <none>, AP MLO Affiliated links: <none>, Vendor Data: <none>
04-22 05:25:59.328   683   858 D WifiScoreCard: txRate: 3 txSpeed: 1
04-22 05:25:59.328   683   858 D WifiScoreCard: network update SIGNAL_POLL "AndroidWifi" ID: 579418950 RSSI -50 txSpeed -1
04-22 05:25:59.328   683   858 D WifiClientModeImpl[9769:wlan0]:  ClientModeImpl$L2ConnectedState screen=on 1 0 "AndroidWifi" 00:13:10:85:fe:01 rssi=-50 f=2447 sc=60 link=1 tx=2.7, 0.0, 0.0 rx=2.6 bcn=0 [on:0 tx:0 rx:0 period:3010] from screen [on:0 period:-1309701216] score=60
04-22 05:26:00.277   938   938 D wpa_supplicant: nl80211: Drv Event 64 (NL80211_CMD_NOTIFY_CQM) received for wlan0
04-22 05:26:00.277   938   938 D wpa_supplicant: nl80211: Beacon loss event
04-22 05:26:00.277   938   938 D wpa_supplicant: wlan0: Event BEACON_LOSS (53) received
04-22 05:26:00.277   938   938 I wpa_supplicant: wlan0: CTRL-EVENT-BEACON-LOSS 
04-22 05:26:02.333   683   858 W BestClock: java.time.DateTimeException: No network time available
04-22 05:26:02.333   683   858 W BestClock: java.time.DateTimeException: No network time available
04-22 05:26:02.333   683   858 W BestClock: java.time.DateTimeException: No network time available
04-22 05:26:02.333   683   858 W BestClock: java.time.DateTimeException: No network time available
04-22 05:26:02.333   683   858 W BestClock: java.time.DateTimeException: No network time available
04-22 05:26:02.334   683   858 D WifiClientModeImpl[9769:wlan0]: updateLinkLayerStatsRssiSpeedFrequencyCapabilities rssi=-50 TxLinkspeed=1 freq=2447 RxLinkSpeed=2
04-22 05:26:02.334   683   858 D WifiDataStall: tx tput in kbps: 11000
04-22 05:26:02.334   683   858 D WifiDataStall: rx tput in kbps: 11000
04-22 05:26:02.334   683   858 V WifiConfigManager: Updating scan detail cache freq=2447 BSSID=00:13:10:85:fe:01 RSSI=-50 for "AndroidWifi"NONE
04-22 05:26:02.334   683   858 D WifiThroughputPredictor:  utilization (LLS) 80 isBluetoothConnected: false final utilization: 80
04-22 05:26:02.334   683   858 D WifiThroughputPredictor:  BW: 0 RSSI: -50 Nss: 1 Mode: 1 symDur: 4000 snrDb 30 bitPerTone: 4500 rate: 54 throughput: 11
04-22 05:26:02.334   683   858 D WifiThroughputPredictor:  utilization (LLS) 80 isBluetoothConnected: false final utilization: 80
04-22 05:26:02.334   683   858 D WifiThroughputPredictor:  BW: 0 RSSI: -50 Nss: 1 Mode: 1 symDur: 4000 snrDb 30 bitPerTone: 4500 rate: 54 throughput: 11
04-22 05:26:02.334   683   858 D WifiThroughputPredictor:  utilization (LLS) 80 isBluetoothConnected: false final utilization: 80
04-22 05:26:02.334   683   858 D WifiThroughputPredictor:  BW: 0 RSSI: -50 Nss: 1 Mode: 1 symDur: 4000 snrDb 30 bitPerTone: 4500 rate: 54 throughput: 11
04-22 05:26:02.334   683   858 D WifiThroughputPredictor:  utilization (LLS) 80 isBluetoothConnected: false final utilization: 80
04-22 05:26:02.334   683   858 D WifiThroughputPredictor:  BW: 0 RSSI: -50 Nss: 1 Mode: 1 symDur: 4000 snrDb 30 bitPerTone: 4500 rate: 54 throughput: 11
04-22 05:26:02.336   683   858 D WifiScoreCard: BSSID update SIGNAL_POLL ID: 261501600 SSID: "AndroidWifi", BSSID: 00:13:10:85:fe:01, MAC: 02:15:b4:00:00:00, IP: /10.0.2.17, Security type: 0, Supplicant state: COMPLETED, Wi-Fi standard: legacy, RSSI: -50, Link speed: 1Mbps, Tx Link speed: 1Mbps, Max Supported Tx Link speed: 11Mbps, Rx Link speed: 2Mbps, Max Supported Rx Link speed: 11Mbps, Frequency: 2447MHz, Net ID: 0, Metered hint: false, score: 60, isUsable: true, CarrierMerged: false, SubscriptionId: -1, IsPrimary: 1, Trusted: true, Restricted: false, Ephemeral: false, OEM paid: false, OEM private: false, OSU AP: false, FQDN: <none>, Provider friendly name: <none>, Requesting package name: <none>"AndroidWifi"openMLO Information: , Is TID-To-Link negotiation supported by the AP: false, AP MLD Address: <none>, AP MLO Link Id: <none>, AP MLO Affiliated links: <none>, Vendor Data: <none>
04-22 05:26:02.336   683   858 D WifiScoreCard: txRate: 2 txSpeed: 1
04-22 05:26:02.336   683   858 D WifiScoreCard: network update SIGNAL_POLL "AndroidWifi" ID: 579418950 RSSI -50 txSpeed -1
04-22 05:26:02.336   683   858 D WifiClientModeImpl[9769:wlan0]:  ClientModeImpl$L2ConnectedState screen=on 1 0 "AndroidWifi" 00:13:10:85:fe:01 rssi=-50 f=2447 sc=60 link=1 tx=1.0, 0.0, 0.0 rx=0.9 bcn=0 [on:0 tx:0 rx:0 period:3008] from screen [on:0 period:-1309698208] score=60
04-22 05:26:05.342   683   858 W BestClock: java.time.DateTimeException: No network time available
04-22 05:26:05.342   683   858 W BestClock: java.time.DateTimeException: No network time available
04-22 05:26:05.342   683   858 W BestClock: java.time.DateTimeException: No network time available
04-22 05:26:05.342   683   858 W BestClock: java.time.DateTimeException: No network time available
04-22 05:26:05.342   683   858 W BestClock: java.time.DateTimeException: No network time available
04-22 05:26:05.343   683   858 D WifiClientModeImpl[9769:wlan0]: updateLinkLayerStatsRssiSpeedFrequencyCapabilities rssi=-50 TxLinkspeed=1 freq=2447 RxLinkSpeed=2
04-22 05:26:05.343   683   858 D WifiDataStall: tx tput in kbps: 11000
04-22 05:26:05.343   683   858 D WifiDataStall: rx tput in kbps: 11000
04-22 05:26:05.344   683   858 V WifiConfigManager: Updating scan detail cache freq=2447 BSSID=00:13:10:85:fe:01 RSSI=-50 for "AndroidWifi"NONE
04-22 05:26:05.344   683   858 D WifiThroughputPredictor:  utilization (LLS) 80 isBluetoothConnected: false final utilization: 80
04-22 05:26:05.344   683   858 D WifiThroughputPredictor:  BW: 0 RSSI: -50 Nss: 1 Mode: 1 symDur: 4000 snrDb 30 bitPerTone: 4500 rate: 54 throughput: 11
04-22 05:26:05.344   683   858 D WifiThroughputPredictor:  utilization (LLS) 80 isBluetoothConnected: false final utilization: 80
04-22 05:26:05.344   683   858 D WifiThroughputPredictor:  BW: 0 RSSI: -50 Nss: 1 Mode: 1 symDur: 4000 snrDb 30 bitPerTone: 4500 rate: 54 throughput: 11
04-22 05:26:05.344   683   858 D WifiThroughputPredictor:  utilization (LLS) 80 isBluetoothConnected: false final utilization: 80
04-22 05:26:05.344   683   858 D WifiThroughputPredictor:  BW: 0 RSSI: -50 Nss: 1 Mode: 1 symDur: 4000 snrDb 30 bitPerTone: 4500 rate: 54 throughput: 11
04-22 05:26:05.344   683   858 D WifiThroughputPredictor:  utilization (LLS) 80 isBluetoothConnected: false final utilization: 80
04-22 05:26:05.344   683   858 D WifiThroughputPredictor:  BW: 0 RSSI: -50 Nss: 1 Mode: 1 symDur: 4000 snrDb 30 bitPerTone: 4500 rate: 54 throughput: 11
04-22 05:26:05.345   683   858 D WifiScoreCard: BSSID update SIGNAL_POLL ID: 261501600 SSID: "AndroidWifi", BSSID: 00:13:10:85:fe:01, MAC: 02:15:b4:00:00:00, IP: /10.0.2.17, Security type: 0, Supplicant state: COMPLETED, Wi-Fi standard: legacy, RSSI: -50, Link speed: 1Mbps, Tx Link speed: 1Mbps, Max Supported Tx Link speed: 11Mbps, Rx Link speed: 2Mbps, Max Supported Rx Link speed: 11Mbps, Frequency: 2447MHz, Net ID: 0, Metered hint: false, score: 60, isUsable: true, CarrierMerged: false, SubscriptionId: -1, IsPrimary: 1, Trusted: true, Restricted: false, Ephemeral: false, OEM paid: false, OEM private: false, OSU AP: false, FQDN: <none>, Provider friendly name: <none>, Requesting package name: <none>"AndroidWifi"openMLO Information: , Is TID-To-Link negotiation supported by the AP: false, AP MLD Address: <none>, AP MLO Link Id: <none>, AP MLO Affiliated links: <none>, Vendor Data: <none>
04-22 05:26:05.345   683   858 D WifiScoreCard: txRate: 1 txSpeed: 1
04-22 05:26:05.345   683   858 D WifiScoreCard: network update SIGNAL_POLL "AndroidWifi" ID: 579418950 RSSI -50 txSpeed -1
04-22 05:26:05.345   683   858 D WifiClientModeImpl[9769:wlan0]:  ClientModeImpl$L2ConnectedState screen=on 1 0 "AndroidWifi" 00:13:10:85:fe:01 rssi=-50 f=2447 sc=60 link=1 tx=0.3, 0.0, 0.0 rx=0.3 bcn=0 [on:0 tx:0 rx:0 period:3009] from screen [on:0 period:-1309695199] score=60
04-22 05:26:06.049  1052  3474 D NetworkMonitor/101: PROBE_HTTPS https://www.google.com/generate_204 Probe failed with exception javax.net.ssl.SSLHandshakeException: connection closed
04-22 05:26:06.050  1052  3473 D NetworkMonitor/101: isCaptivePortal: isSuccessful()=false isPortal()=false RedirectUrl=null isPartialConnectivity()=true Time=11020ms
04-22 05:26:06.050   683   864 D ConnectivityService: [101 WIFI] validation failed
04-22 05:26:06.442  1086  1298 D SatelliteController: iisInCarrierRoamingNbIotNtn: satellite is disabled
04-22 05:26:07.067   459  3492 I resolv  : ResNSendHandler::run: 0 / {101 983141 101 983141 1073 1}
04-22 05:26:07.067   459  3493 I resolv  : ResNSendHandler::run: 0 / {101 983141 101 983141 1073 1}
04-22 05:26:07.067   459  3493 I resolv  : resolv_cache_lookup: FOUND IN CACHE entry=0xb400007d0cedcb30
04-22 05:26:07.067   459  3492 I resolv  : resolv_cache_lookup: FOUND IN CACHE entry=0xb400007cdced1150
04-22 05:26:07.069   459  3494 I resolv  : ResNSendHandler::run: 0 / {101 983141 101 983141 1073 1}
04-22 05:26:07.069   459  3494 I resolv  : resolv_cache_lookup: FOUND IN CACHE entry=0xb400007d2ced1320
04-22 05:26:07.069   459  3495 I resolv  : ResNSendHandler::run: 0 / {101 983141 101 983141 1073 1}
04-22 05:26:07.069   459  3495 I resolv  : resolv_cache_lookup: FOUND IN CACHE entry=0xb400007e7ced28b0
04-22 05:26:07.071  1052  3490 D NetworkMonitor/101: PROBE_DNS www.google.com 7ms OK 157.240.7.20,2001::1
04-22 05:26:07.072  1052  3491 D NetworkMonitor/101: PROBE_DNS connectivitycheck.gstatic.com 8ms OK 114.250.65.34
04-22 05:26:07.073   459  3497 I resolv  : GetAddrInfoHandler::run: {101 983141 101 983141 1073 1}
04-22 05:26:07.073   459  3496 I resolv  : GetAddrInfoHandler::run: {101 983141 101 983141 1073 1}
04-22 05:26:07.073   459  3498 I resolv  : res_nmkquery: (QUERY, IN, AAAA)
04-22 05:26:07.073   459  3499 I resolv  : res_nmkquery: (QUERY, IN, A)
04-22 05:26:07.073   459  3499 I resolv  : resolv_cache_lookup: FOUND IN CACHE entry=0xb400007d2ced1320
04-22 05:26:07.073   459  3499 I resolv  : doQuery: rcode=0, ancount=1, return value=48
04-22 05:26:07.073   459  3500 I resolv  : res_nmkquery: (QUERY, IN, AAAA)
04-22 05:26:07.073   459  3500 I resolv  : resolv_cache_lookup: FOUND IN CACHE entry=0xb400007d0cedcb30
04-22 05:26:07.073   459  3500 I resolv  : doQuery: rcode=0, ancount=0, return value=117
04-22 05:26:07.073   459  3501 I resolv  : res_nmkquery: (QUERY, IN, A)
04-22 05:26:07.073   459  3501 I resolv  : resolv_cache_lookup: FOUND IN CACHE entry=0xb400007e7ced28b0
04-22 05:26:07.073   459  3501 I resolv  : doQuery: rcode=0, ancount=1, return value=63
04-22 05:26:07.073   459  3498 I resolv  : resolv_cache_lookup: FOUND IN CACHE entry=0xb400007cdced1150
04-22 05:26:07.073   459  3498 I resolv  : doQuery: rcode=0, ancount=1, return value=60
04-22 05:26:07.549  1052  3491 D NetworkMonitor/101: PROBE_HTTP http://connectivitycheck.gstatic.com/generate_204 time=476ms ret=204 request={Connection=[close], User-Agent=[Mozilla/5.0 (X11; Linux x86_64) AppleWebKit/537.36 (KHTML, like Gecko) Chrome/60.0.3112.32 Safari/537.36]} headers={null=[HTTP/1.1 204 No Content], Connection=[close], Cross-Origin-Resource-Policy=[cross-origin], Date=[Tue, 21 Apr 2026 21:26:07 GMT], X-Android-Received-Millis=[1776806767548], X-Android-Response-Source=[NETWORK 204], X-Android-Selected-Protocol=[http/1.1], X-Android-Sent-Millis=[1776806767077]}
04-22 05:26:08.348   683   858 W BestClock: java.time.DateTimeException: No network time available
04-22 05:26:08.348   683   858 W BestClock: java.time.DateTimeException: No network time available
04-22 05:26:08.348   683   858 W BestClock: java.time.DateTimeException: No network time available
04-22 05:26:08.348   683   858 W BestClock: java.time.DateTimeException: No network time available
04-22 05:26:08.348   683   858 W BestClock: java.time.DateTimeException: No network time available
04-22 05:26:08.349   683   858 D WifiClientModeImpl[9769:wlan0]: updateLinkLayerStatsRssiSpeedFrequencyCapabilities rssi=-50 TxLinkspeed=1 freq=2447 RxLinkSpeed=2
04-22 05:26:08.349   683   858 D WifiDataStall: tx tput in kbps: 11000
04-22 05:26:08.349   683   858 D WifiDataStall: rx tput in kbps: 11000
04-22 05:26:08.349   683   858 V WifiConfigManager: Updating scan detail cache freq=2447 BSSID=00:13:10:85:fe:01 RSSI=-50 for "AndroidWifi"NONE
04-22 05:26:08.349   683   858 D WifiThroughputPredictor:  utilization (LLS) 80 isBluetoothConnected: false final utilization: 80
04-22 05:26:08.349   683   858 D WifiThroughputPredictor:  BW: 0 RSSI: -50 Nss: 1 Mode: 1 symDur: 4000 snrDb 30 bitPerTone: 4500 rate: 54 throughput: 11
04-22 05:26:08.349   683   858 D WifiThroughputPredictor:  utilization (LLS) 80 isBluetoothConnected: false final utilization: 80
04-22 05:26:08.349   683   858 D WifiThroughputPredictor:  BW: 0 RSSI: -50 Nss: 1 Mode: 1 symDur: 4000 snrDb 30 bitPerTone: 4500 rate: 54 throughput: 11
04-22 05:26:08.349   683   858 D WifiThroughputPredictor:  utilization (LLS) 80 isBluetoothConnected: false final utilization: 80
04-22 05:26:08.349   683   858 D WifiThroughputPredictor:  BW: 0 RSSI: -50 Nss: 1 Mode: 1 symDur: 4000 snrDb 30 bitPerTone: 4500 rate: 54 throughput: 11
04-22 05:26:08.349   683   858 D WifiThroughputPredictor:  utilization (LLS) 80 isBluetoothConnected: false final utilization: 80
04-22 05:26:08.349   683   858 D WifiThroughputPredictor:  BW: 0 RSSI: -50 Nss: 1 Mode: 1 symDur: 4000 snrDb 30 bitPerTone: 4500 rate: 54 throughput: 11
04-22 05:26:08.351   683   858 D WifiScoreCard: BSSID update SIGNAL_POLL ID: 261501600 SSID: "AndroidWifi", BSSID: 00:13:10:85:fe:01, MAC: 02:15:b4:00:00:00, IP: /10.0.2.17, Security type: 0, Supplicant state: COMPLETED, Wi-Fi standard: legacy, RSSI: -50, Link speed: 1Mbps, Tx Link speed: 1Mbps, Max Supported Tx Link speed: 11Mbps, Rx Link speed: 2Mbps, Max Supported Rx Link speed: 11Mbps, Frequency: 2447MHz, Net ID: 0, Metered hint: false, score: 60, isUsable: true, CarrierMerged: false, SubscriptionId: -1, IsPrimary: 1, Trusted: true, Restricted: false, Ephemeral: false, OEM paid: false, OEM private: false, OSU AP: false, FQDN: <none>, Provider friendly name: <none>, Requesting package name: <none>"AndroidWifi"openMLO Information: , Is TID-To-Link negotiation supported by the AP: false, AP MLD Address: <none>, AP MLO Link Id: <none>, AP MLO Affiliated links: <none>, Vendor Data: <none>
04-22 05:26:08.351   683   858 D WifiScoreCard: txRate: 4 txSpeed: 1
04-22 05:26:08.351   683   858 D WifiScoreCard: network update SIGNAL_POLL "AndroidWifi" ID: 579418950 RSSI -50 txSpeed 1
04-22 05:26:08.352   683   858 D WifiClientModeImpl[9769:wlan0]:  ClientModeImpl$L2ConnectedState screen=on 1 0 "AndroidWifi" 00:13:10:85:fe:01 rssi=-50 f=2447 sc=60 link=1 tx=3.2, 0.0, 0.0 rx=2.8 bcn=0 [on:0 tx:0 rx:0 period:3007] from screen [on:0 period:-1309692192] score=60
04-22 05:26:08.472   938   938 D wpa_supplicant: nl80211: Drv Event 64 (NL80211_CMD_NOTIFY_CQM) received for wlan0
04-22 05:26:08.472   938   938 D wpa_supplicant: nl80211: Beacon loss event
04-22 05:26:08.472   938   938 D wpa_supplicant: wlan0: Event BEACON_LOSS (53) received
04-22 05:26:08.472   938   938 I wpa_supplicant: wlan0: CTRL-EVENT-BEACON-LOSS 
04-22 05:26:10.068   459  3502 I resolv  : GetAddrInfoHandler::run: {101 983141 101 983141 1073 1}
04-22 05:26:10.078   459  3503 I resolv  : res_nmkquery: (QUERY, IN, AAAA)
04-22 05:26:10.078   459  3503 I resolv  : resolv_cache_lookup: FOUND IN CACHE entry=0xb400007cdced1150
04-22 05:26:10.078   459  3503 I resolv  : doQuery: rcode=0, ancount=1, return value=60
04-22 05:26:10.079   459  3504 I resolv  : res_nmkquery: (QUERY, IN, A)
04-22 05:26:10.079   459  3504 I resolv  : resolv_cache_lookup: FOUND IN CACHE entry=0xb400007d2ced1320
04-22 05:26:10.079   459  3504 I resolv  : doQuery: rcode=0, ancount=1, return value=48
04-22 05:26:10.553  1052  3489 D NetworkMonitor/101: PROBE_FALLBACK http://www.google.com/gen_204 time=486ms ret=204 request={Connection=[close], User-Agent=[Mozilla/5.0 (X11; Linux x86_64) AppleWebKit/537.36 (KHTML, like Gecko) Chrome/60.0.3112.32 Safari/537.36]} headers={null=[HTTP/1.1 204 No Content], Connection=[close], Content-Security-Policy=[object-src 'none';base-uri 'self';script-src 'nonce-wPK9wuXbJnsN5s_SVyWqDQ' 'strict-dynamic' 'report-sample' 'unsafe-eval' 'unsafe-inline' https: http:;report-uri https://csp.withgoogle.com/csp/gws/other], Content-Type=[text/html; charset=UTF-8], Date=[Tue, 21 Apr 2026 21:26:10 GMT], Permissions-Policy=[unload=()], Server=[gws], X-Android-Received-Millis=[1776806770552], X-Android-Response-Source=[NETWORK 204], X-Android-Selected-Protocol=[http/1.1], X-Android-Sent-Millis=[1776806770082], X-Frame-Options=[SAMEORIGIN], X-Xss-Protection=[0]}
04-22 05:26:11.356   683   858 W BestClock: java.time.DateTimeException: No network time available
04-22 05:26:11.356   683   858 W BestClock: java.time.DateTimeException: No network time available
04-22 05:26:11.356   683   858 W BestClock: java.time.DateTimeException: No network time available
04-22 05:26:11.356   683   858 W BestClock: java.time.DateTimeException: No network time available
04-22 05:26:11.357   683   858 W BestClock: java.time.DateTimeException: No network time available
04-22 05:26:11.358   683   858 D WifiClientModeImpl[9769:wlan0]: updateLinkLayerStatsRssiSpeedFrequencyCapabilities rssi=-50 TxLinkspeed=1 freq=2447 RxLinkSpeed=2
04-22 05:26:11.358   683   858 D WifiDataStall: tx tput in kbps: 11000
04-22 05:26:11.358   683   858 D WifiDataStall: rx tput in kbps: 11000
04-22 05:26:11.358   683   858 V WifiConfigManager: Updating scan detail cache freq=2447 BSSID=00:13:10:85:fe:01 RSSI=-50 for "AndroidWifi"NONE
04-22 05:26:11.358   683   858 D WifiThroughputPredictor:  utilization (LLS) 80 isBluetoothConnected: false final utilization: 80
04-22 05:26:11.358   683   858 D WifiThroughputPredictor:  BW: 0 RSSI: -50 Nss: 1 Mode: 1 symDur: 4000 snrDb 30 bitPerTone: 4500 rate: 54 throughput: 11
04-22 05:26:11.358   683   858 D WifiThroughputPredictor:  utilization (LLS) 80 isBluetoothConnected: false final utilization: 80
04-22 05:26:11.358   683   858 D WifiThroughputPredictor:  BW: 0 RSSI: -50 Nss: 1 Mode: 1 symDur: 4000 snrDb 30 bitPerTone: 4500 rate: 54 throughput: 11
04-22 05:26:11.359   683   858 D WifiThroughputPredictor:  utilization (LLS) 80 isBluetoothConnected: false final utilization: 80
04-22 05:26:11.359   683   858 D WifiThroughputPredictor:  BW: 0 RSSI: -50 Nss: 1 Mode: 1 symDur: 4000 snrDb 30 bitPerTone: 4500 rate: 54 throughput: 11
04-22 05:26:11.359   683   858 D WifiThroughputPredictor:  utilization (LLS) 80 isBluetoothConnected: false final utilization: 80
04-22 05:26:11.359   683   858 D WifiThroughputPredictor:  BW: 0 RSSI: -50 Nss: 1 Mode: 1 symDur: 4000 snrDb 30 bitPerTone: 4500 rate: 54 throughput: 11
04-22 05:26:11.359   683   858 D WifiScoreCard: BSSID update SIGNAL_POLL ID: 261501600 SSID: "AndroidWifi", BSSID: 00:13:10:85:fe:01, MAC: 02:15:b4:00:00:00, IP: /10.0.2.17, Security type: 0, Supplicant state: COMPLETED, Wi-Fi standard: legacy, RSSI: -50, Link speed: 1Mbps, Tx Link speed: 1Mbps, Max Supported Tx Link speed: 11Mbps, Rx Link speed: 2Mbps, Max Supported Rx Link speed: 11Mbps, Frequency: 2447MHz, Net ID: 0, Metered hint: false, score: 60, isUsable: true, CarrierMerged: false, SubscriptionId: -1, IsPrimary: 1, Trusted: true, Restricted: false, Ephemeral: false, OEM paid: false, OEM private: false, OSU AP: false, FQDN: <none>, Provider friendly name: <none>, Requesting package name: <none>"AndroidWifi"openMLO Information: , Is TID-To-Link negotiation supported by the AP: false, AP MLD Address: <none>, AP MLO Link Id: <none>, AP MLO Affiliated links: <none>, Vendor Data: <none>
04-22 05:26:11.359   683   858 D WifiScoreCard: txRate: 3 txSpeed: 1
04-22 05:26:11.359   683   858 D WifiScoreCard: network update SIGNAL_POLL "AndroidWifi" ID: 579418950 RSSI -50 txSpeed -1
04-22 05:26:11.359   683   858 D WifiClientModeImpl[9769:wlan0]:  ClientModeImpl$L2ConnectedState screen=on 1 0 "AndroidWifi" 00:13:10:85:fe:01 rssi=-50 f=2447 sc=60 link=1 tx=2.2, 0.0, 0.0 rx=2.1 bcn=0 [on:0 tx:0 rx:0 period:3007] from screen [on:0 period:-1309689185] score=60
04-22 05:26:14.364   683   858 W BestClock: java.time.DateTimeException: No network time available
04-22 05:26:14.364   683   858 W BestClock: java.time.DateTimeException: No network time available
04-22 05:26:14.364   683   858 W BestClock: java.time.DateTimeException: No network time available
04-22 05:26:14.364   683   858 W BestClock: java.time.DateTimeException: No network time available
04-22 05:26:14.364   683   858 W BestClock: java.time.DateTimeException: No network time available
04-22 05:26:14.365   683   858 D WifiClientModeImpl[9769:wlan0]: updateLinkLayerStatsRssiSpeedFrequencyCapabilities rssi=-50 TxLinkspeed=1 freq=2447 RxLinkSpeed=2
04-22 05:26:14.365   683   858 D WifiDataStall: tx tput in kbps: 11000
04-22 05:26:14.365   683   858 D WifiDataStall: rx tput in kbps: 11000
04-22 05:26:14.365   683   858 V WifiConfigManager: Updating scan detail cache freq=2447 BSSID=00:13:10:85:fe:01 RSSI=-50 for "AndroidWifi"NONE
04-22 05:26:14.365   683   858 D WifiThroughputPredictor:  utilization (LLS) 80 isBluetoothConnected: false final utilization: 80
04-22 05:26:14.365   683   858 D WifiThroughputPredictor:  BW: 0 RSSI: -50 Nss: 1 Mode: 1 symDur: 4000 snrDb 30 bitPerTone: 4500 rate: 54 throughput: 11
04-22 05:26:14.365   683   858 D WifiThroughputPredictor:  utilization (LLS) 80 isBluetoothConnected: false final utilization: 80
04-22 05:26:14.365   683   858 D WifiThroughputPredictor:  BW: 0 RSSI: -50 Nss: 1 Mode: 1 symDur: 4000 snrDb 30 bitPerTone: 4500 rate: 54 throughput: 11
04-22 05:26:14.365   683   858 D WifiThroughputPredictor:  utilization (LLS) 80 isBluetoothConnected: false final utilization: 80
04-22 05:26:14.365   683   858 D WifiThroughputPredictor:  BW: 0 RSSI: -50 Nss: 1 Mode: 1 symDur: 4000 snrDb 30 bitPerTone: 4500 rate: 54 throughput: 11
04-22 05:26:14.365   683   858 D WifiThroughputPredictor:  utilization (LLS) 80 isBluetoothConnected: false final utilization: 80
04-22 05:26:14.365   683   858 D WifiThroughputPredictor:  BW: 0 RSSI: -50 Nss: 1 Mode: 1 symDur: 4000 snrDb 30 bitPerTone: 4500 rate: 54 throughput: 11
04-22 05:26:14.365   683   858 D WifiScoreCard: BSSID update SIGNAL_POLL ID: 261501600 SSID: "AndroidWifi", BSSID: 00:13:10:85:fe:01, MAC: 02:15:b4:00:00:00, IP: /10.0.2.17, Security type: 0, Supplicant state: COMPLETED, Wi-Fi standard: legacy, RSSI: -50, Link speed: 1Mbps, Tx Link speed: 1Mbps, Max Supported Tx Link speed: 11Mbps, Rx Link speed: 2Mbps, Max Supported Rx Link speed: 11Mbps, Frequency: 2447MHz, Net ID: 0, Metered hint: false, score: 60, isUsable: true, CarrierMerged: false, SubscriptionId: -1, IsPrimary: 1, Trusted: true, Restricted: false, Ephemeral: false, OEM paid: false, OEM private: false, OSU AP: false, FQDN: <none>, Provider friendly name: <none>, Requesting package name: <none>"AndroidWifi"openMLO Information: , Is TID-To-Link negotiation supported by the AP: false, AP MLD Address: <none>, AP MLO Link Id: <none>, AP MLO Affiliated links: <none>, Vendor Data: <none>
04-22 05:26:14.365   683   858 D WifiScoreCard: txRate: 1 txSpeed: 1
04-22 05:26:14.365   683   858 D WifiScoreCard: network update SIGNAL_POLL "AndroidWifi" ID: 579418950 RSSI -50 txSpeed -1
04-22 05:26:14.366   683   858 D WifiClientModeImpl[9769:wlan0]:  ClientModeImpl$L2ConnectedState screen=on 1 0 "AndroidWifi" 00:13:10:85:fe:01 rssi=-50 f=2447 sc=60 link=1 tx=0.8, 0.0, 0.0 rx=0.7 bcn=0 [on:0 tx:0 rx:0 period:3007] from screen [on:0 period:-1309686178] score=60
04-22 05:26:16.406   938   938 D wpa_supplicant: nl80211: Drv Event 64 (NL80211_CMD_NOTIFY_CQM) received for wlan0
04-22 05:26:16.406   938   938 D wpa_supplicant: nl80211: Beacon loss event
04-22 05:26:16.406   938   938 D wpa_supplicant: wlan0: Event BEACON_LOSS (53) received
04-22 05:26:16.406   938   938 I wpa_supplicant: wlan0: CTRL-EVENT-BEACON-LOSS 
04-22 05:26:16.448  1086  1298 D SatelliteController: iisInCarrierRoamingNbIotNtn: satellite is disabled
04-22 05:26:17.371   683   858 W BestClock: java.time.DateTimeException: No network time available
04-22 05:26:17.371   683   858 W BestClock: java.time.DateTimeException: No network time available
04-22 05:26:17.372   683   858 W BestClock: java.time.DateTimeException: No network time available
04-22 05:26:17.372   683   858 W BestClock: java.time.DateTimeException: No network time available
04-22 05:26:17.372   683   858 W BestClock: java.time.DateTimeException: No network time available
04-22 05:26:17.373   683   858 D WifiClientModeImpl[9769:wlan0]: updateLinkLayerStatsRssiSpeedFrequencyCapabilities rssi=-50 TxLinkspeed=1 freq=2447 RxLinkSpeed=2
04-22 05:26:17.373   683   858 D WifiDataStall: tx tput in kbps: 11000
04-22 05:26:17.373   683   858 D WifiDataStall: rx tput in kbps: 11000
04-22 05:26:17.373   683   858 V WifiConfigManager: Updating scan detail cache freq=2447 BSSID=00:13:10:85:fe:01 RSSI=-50 for "AndroidWifi"NONE
04-22 05:26:17.373   683   858 D WifiThroughputPredictor:  utilization (LLS) 80 isBluetoothConnected: false final utilization: 80
04-22 05:26:17.373   683   858 D WifiThroughputPredictor:  BW: 0 RSSI: -50 Nss: 1 Mode: 1 symDur: 4000 snrDb 30 bitPerTone: 4500 rate: 54 throughput: 11
04-22 05:26:17.373   683   858 D WifiThroughputPredictor:  utilization (LLS) 80 isBluetoothConnected: false final utilization: 80
04-22 05:26:17.373   683   858 D WifiThroughputPredictor:  BW: 0 RSSI: -50 Nss: 1 Mode: 1 symDur: 4000 snrDb 30 bitPerTone: 4500 rate: 54 throughput: 11
04-22 05:26:17.373   683   858 D WifiThroughputPredictor:  utilization (LLS) 80 isBluetoothConnected: false final utilization: 80
04-22 05:26:17.373   683   858 D WifiThroughputPredictor:  BW: 0 RSSI: -50 Nss: 1 Mode: 1 symDur: 4000 snrDb 30 bitPerTone: 4500 rate: 54 throughput: 11
04-22 05:26:17.373   683   858 D WifiThroughputPredictor:  utilization (LLS) 80 isBluetoothConnected: false final utilization: 80
04-22 05:26:17.373   683   858 D WifiThroughputPredictor:  BW: 0 RSSI: -50 Nss: 1 Mode: 1 symDur: 4000 snrDb 30 bitPerTone: 4500 rate: 54 throughput: 11
04-22 05:26:17.373   683   858 D WifiScoreCard: BSSID update SIGNAL_POLL ID: 261501600 SSID: "AndroidWifi", BSSID: 00:13:10:85:fe:01, MAC: 02:15:b4:00:00:00, IP: /10.0.2.17, Security type: 0, Supplicant state: COMPLETED, Wi-Fi standard: legacy, RSSI: -50, Link speed: 1Mbps, Tx Link speed: 1Mbps, Max Supported Tx Link speed: 11Mbps, Rx Link speed: 2Mbps, Max Supported Rx Link speed: 11Mbps, Frequency: 2447MHz, Net ID: 0, Metered hint: false, score: 60, isUsable: true, CarrierMerged: false, SubscriptionId: -1, IsPrimary: 1, Trusted: true, Restricted: false, Ephemeral: false, OEM paid: false, OEM private: false, OSU AP: false, FQDN: <none>, Provider friendly name: <none>, Requesting package name: <none>"AndroidWifi"openMLO Information: , Is TID-To-Link negotiation supported by the AP: false, AP MLD Address: <none>, AP MLO Link Id: <none>, AP MLO Affiliated links: <none>, Vendor Data: <none>
04-22 05:26:17.373   683   858 D WifiScoreCard: txRate: 2 txSpeed: 1
04-22 05:26:17.373   683   858 D WifiScoreCard: network update SIGNAL_POLL "AndroidWifi" ID: 579418950 RSSI -50 txSpeed -1
04-22 05:26:17.373   683   858 D WifiClientModeImpl[9769:wlan0]:  ClientModeImpl$L2ConnectedState screen=on 1 0 "AndroidWifi" 00:13:10:85:fe:01 rssi=-50 f=2447 sc=60 link=1 tx=1.3, 0.0, 0.0 rx=1.1 bcn=0 [on:0 tx:0 rx:0 period:3007] from screen [on:0 period:-1309683171] score=60
04-22 05:26:17.597  1052  3490 D NetworkMonitor/101: PROBE_HTTPS https://www.google.com/generate_204 Probe failed with exception javax.net.ssl.SSLHandshakeException: connection closed
04-22 05:26:17.598  1052  3489 D NetworkMonitor/101: isCaptivePortal: isSuccessful()=false isPortal()=false RedirectUrl=null isPartialConnectivity()=true Time=10535ms
04-22 05:26:17.599   683   864 D ConnectivityService: [101 WIFI] validation failed
04-22 05:26:17.853  1652  2093 I bdee    : (REDACTED) getHotwordActive::active query: %s, watch: %s, devices connected: %s
04-22 05:26:18.198   459  3508 I resolv  : ResNSendHandler::run: 0 / {100 983140 100 983140 1073 1}
04-22 05:26:18.199   459  3509 I resolv  : ResNSendHandler::run: 0 / {100 983140 100 983140 1073 1}
04-22 05:26:18.200   459  3510 I resolv  : ResNSendHandler::run: 0 / {100 983140 100 983140 1073 1}
04-22 05:26:18.201   459  3511 I resolv  : ResNSendHandler::run: 0 / {100 983140 100 983140 1073 1}
04-22 05:26:18.212   459  3508 I resolv  : res_nsend: used send_dg 117 terrno: 0
04-22 05:26:18.212   459  3509 I resolv  : res_nsend: used send_dg 60 terrno: 0
04-22 05:26:18.214   459  3510 I resolv  : res_nsend: used send_dg 63 terrno: 0
04-22 05:26:18.215   459  3511 I resolv  : res_nsend: used send_dg 48 terrno: 0
04-22 05:26:18.215  1052  3507 D NetworkMonitor/100: PROBE_DNS connectivitycheck.gstatic.com 19ms OK 114.250.66.34
04-22 05:26:18.216   459  3512 I resolv  : GetAddrInfoHandler::run: {100 983140 100 983140 1073 1}
04-22 05:26:18.216  1052  3506 D NetworkMonitor/100: PROBE_DNS www.google.com 21ms OK 69.171.235.22,2001::1
04-22 05:26:18.216   459  3513 I resolv  : res_nmkquery: (QUERY, IN, AAAA)
04-22 05:26:18.216   459  3513 I resolv  : resolv_cache_lookup: FOUND IN CACHE entry=0xb400007d0cedb5d0
04-22 05:26:18.216   459  3513 I resolv  : doQuery: rcode=0, ancount=0, return value=117
04-22 05:26:18.216   459  3514 I resolv  : res_nmkquery: (QUERY, IN, A)
04-22 05:26:18.216   459  3514 I resolv  : resolv_cache_lookup: FOUND IN CACHE entry=0xb400007e7cece7f0
04-22 05:26:18.216   459  3514 I resolv  : doQuery: rcode=0, ancount=1, return value=63
04-22 05:26:18.217   459  3516 I resolv  : GetAddrInfoHandler::run: {100 983140 100 983140 1073 1}
04-22 05:26:18.218   459  3518 I resolv  : res_nmkquery: (QUERY, IN, A)
04-22 05:26:18.218   459  3518 I resolv  : resolv_cache_lookup: FOUND IN CACHE entry=0xb400007d2ced29d0
04-22 05:26:18.218   459  3518 I resolv  : doQuery: rcode=0, ancount=1, return value=48
04-22 05:26:18.218   459  3517 I resolv  : res_nmkquery: (QUERY, IN, AAAA)
04-22 05:26:18.218   459  3517 I resolv  : resolv_cache_lookup: FOUND IN CACHE entry=0xb400007cdced1090
04-22 05:26:18.218   459  3517 I resolv  : doQuery: rcode=0, ancount=1, return value=60
04-22 05:26:19.613   459  3522 I resolv  : ResNSendHandler::run: 0 / {101 983141 101 983141 1073 1}
04-22 05:26:19.613   459  3523 I resolv  : ResNSendHandler::run: 0 / {101 983141 101 983141 1073 1}
04-22 05:26:19.613   459  3522 I resolv  : resolv_cache_lookup: FOUND IN CACHE entry=0xb400007cdced1150
04-22 05:26:19.613   459  3523 I resolv  : resolv_cache_lookup: FOUND IN CACHE entry=0xb400007d0cedcb30
04-22 05:26:19.615   459  3524 I resolv  : ResNSendHandler::run: 0 / {101 983141 101 983141 1073 1}
04-22 05:26:19.615   459  3524 I resolv  : resolv_cache_lookup: FOUND IN CACHE entry=0xb400007d2ced1320
04-22 05:26:19.616   459  3525 I resolv  : ResNSendHandler::run: 0 / {101 983141 101 983141 1073 1}
04-22 05:26:19.616   459  3525 I resolv  : resolv_cache_lookup: FOUND IN CACHE entry=0xb400007e7ced28b0
04-22 05:26:19.618  1052  3520 D NetworkMonitor/101: PROBE_DNS www.google.com 8ms OK 157.240.7.20,2001::1
04-22 05:26:19.620   459  3526 I resolv  : GetAddrInfoHandler::run: {101 983141 101 983141 1073 1}
04-22 05:26:19.620   459  3528 I resolv  : res_nmkquery: (QUERY, IN, A)
04-22 05:26:19.620   459  3527 I resolv  : res_nmkquery: (QUERY, IN, AAAA)
04-22 05:26:19.620   459  3528 I resolv  : resolv_cache_lookup: FOUND IN CACHE entry=0xb400007d2ced1320
04-22 05:26:19.620   459  3528 I resolv  : doQuery: rcode=0, ancount=1, return value=48
04-22 05:26:19.620   459  3527 I resolv  : resolv_cache_lookup: FOUND IN CACHE entry=0xb400007cdced1150
04-22 05:26:19.620   459  3527 I resolv  : doQuery: rcode=0, ancount=1, return value=60
04-22 05:26:19.622  1052  3521 D NetworkMonitor/101: PROBE_DNS connectivitycheck.gstatic.com 11ms OK 114.250.65.34
04-22 05:26:19.624   459  3529 I resolv  : GetAddrInfoHandler::run: {101 983141 101 983141 1073 1}
04-22 05:26:19.625   459  3530 I resolv  : res_nmkquery: (QUERY, IN, AAAA)
04-22 05:26:19.625   459  3530 I resolv  : resolv_cache_lookup: FOUND IN CACHE entry=0xb400007d0cedcb30
04-22 05:26:19.625   459  3530 I resolv  : doQuery: rcode=0, ancount=0, return value=117
04-22 05:26:19.625   459  3531 I resolv  : res_nmkquery: (QUERY, IN, A)
04-22 05:26:19.625   459  3531 I resolv  : resolv_cache_lookup: FOUND IN CACHE entry=0xb400007e7ced28b0
04-22 05:26:19.625   459  3531 I resolv  : doQuery: rcode=0, ancount=1, return value=63
04-22 05:26:20.098  1052  3521 D NetworkMonitor/101: PROBE_HTTP http://connectivitycheck.gstatic.com/generate_204 time=474ms ret=204 request={Connection=[close], User-Agent=[Mozilla/5.0 (X11; Linux x86_64) AppleWebKit/537.36 (KHTML, like Gecko) Chrome/60.0.3112.32 Safari/537.36]} headers={null=[HTTP/1.1 204 No Content], Connection=[close], Cross-Origin-Resource-Policy=[cross-origin], Date=[Tue, 21 Apr 2026 21:26:19 GMT], X-Android-Received-Millis=[1776806780098], X-Android-Response-Source=[NETWORK 204], X-Android-Selected-Protocol=[http/1.1], X-Android-Sent-Millis=[1776806779627]}
04-22 05:26:20.379   683   858 W BestClock: java.time.DateTimeException: No network time available
04-22 05:26:20.379   683   858 W BestClock: java.time.DateTimeException: No network time available
04-22 05:26:20.380   683   858 W BestClock: java.time.DateTimeException: No network time available
04-22 05:26:20.380   683   858 W BestClock: java.time.DateTimeException: No network time available
04-22 05:26:20.380   683   858 W BestClock: java.time.DateTimeException: No network time available
04-22 05:26:20.382   683   858 D WifiClientModeImpl[9769:wlan0]: updateLinkLayerStatsRssiSpeedFrequencyCapabilities rssi=-50 TxLinkspeed=1 freq=2447 RxLinkSpeed=2
04-22 05:26:20.382   683   858 D WifiDataStall: tx tput in kbps: 11000
04-22 05:26:20.382   683   858 D WifiDataStall: rx tput in kbps: 11000
04-22 05:26:20.382   683   858 V WifiConfigManager: Updating scan detail cache freq=2447 BSSID=00:13:10:85:fe:01 RSSI=-50 for "AndroidWifi"NONE
04-22 05:26:20.382   683   858 D WifiThroughputPredictor:  utilization (LLS) 80 isBluetoothConnected: false final utilization: 80
04-22 05:26:20.382   683   858 D WifiThroughputPredictor:  BW: 0 RSSI: -50 Nss: 1 Mode: 1 symDur: 4000 snrDb 30 bitPerTone: 4500 rate: 54 throughput: 11
04-22 05:26:20.382   683   858 D WifiThroughputPredictor:  utilization (LLS) 80 isBluetoothConnected: false final utilization: 80
04-22 05:26:20.382   683   858 D WifiThroughputPredictor:  BW: 0 RSSI: -50 Nss: 1 Mode: 1 symDur: 4000 snrDb 30 bitPerTone: 4500 rate: 54 throughput: 11
04-22 05:26:20.383   683   858 D WifiThroughputPredictor:  utilization (LLS) 80 isBluetoothConnected: false final utilization: 80
04-22 05:26:20.383   683   858 D WifiThroughputPredictor:  BW: 0 RSSI: -50 Nss: 1 Mode: 1 symDur: 4000 snrDb 30 bitPerTone: 4500 rate: 54 throughput: 11
04-22 05:26:20.383   683   858 D WifiThroughputPredictor:  utilization (LLS) 80 isBluetoothConnected: false final utilization: 80
04-22 05:26:20.383   683   858 D WifiThroughputPredictor:  BW: 0 RSSI: -50 Nss: 1 Mode: 1 symDur: 4000 snrDb 30 bitPerTone: 4500 rate: 54 throughput: 11
04-22 05:26:20.383   683   858 D WifiScoreCard: BSSID update SIGNAL_POLL ID: 261501600 SSID: "AndroidWifi", BSSID: 00:13:10:85:fe:01, MAC: 02:15:b4:00:00:00, IP: /10.0.2.17, Security type: 0, Supplicant state: COMPLETED, Wi-Fi standard: legacy, RSSI: -50, Link speed: 1Mbps, Tx Link speed: 1Mbps, Max Supported Tx Link speed: 11Mbps, Rx Link speed: 2Mbps, Max Supported Rx Link speed: 11Mbps, Frequency: 2447MHz, Net ID: 0, Metered hint: false, score: 60, isUsable: true, CarrierMerged: false, SubscriptionId: -1, IsPrimary: 1, Trusted: true, Restricted: false, Ephemeral: false, OEM paid: false, OEM private: false, OSU AP: false, FQDN: <none>, Provider friendly name: <none>, Requesting package name: <none>"AndroidWifi"openMLO Information: , Is TID-To-Link negotiation supported by the AP: false, AP MLD Address: <none>, AP MLO Link Id: <none>, AP MLO Affiliated links: <none>, Vendor Data: <none>
04-22 05:26:20.383   683   858 D WifiScoreCard: txRate: 3 txSpeed: 1
04-22 05:26:20.383   683   858 D WifiScoreCard: network update SIGNAL_POLL "AndroidWifi" ID: 579418950 RSSI -50 txSpeed -1
04-22 05:26:20.383   683   858 D WifiClientModeImpl[9769:wlan0]:  ClientModeImpl$L2ConnectedState screen=on 1 0 "AndroidWifi" 00:13:10:85:fe:01 rssi=-50 f=2447 sc=60 link=1 tx=2.6, 0.0, 0.0 rx=2.3 bcn=0 [on:0 tx:0 rx:0 period:3010] from screen [on:0 period:-1309680161] score=60
04-22 05:26:21.198   459  3532 I resolv  : GetAddrInfoHandler::run: {100 983140 100 983140 1073 1}
04-22 05:26:21.198   459  3533 I resolv  : res_nmkquery: (QUERY, IN, AAAA)
04-22 05:26:21.199   459  3534 I resolv  : res_nmkquery: (QUERY, IN, A)
04-22 05:26:21.213   459  3534 I resolv  : res_nsend: used send_dg 101 terrno: 0
04-22 05:26:21.213   459  3534 I resolv  : doQuery: rcode=0, ancount=4, return value=101
04-22 05:26:21.214   459  3533 I resolv  : res_nsend: used send_dg 149 terrno: 0
04-22 05:26:21.215   459  3533 I resolv  : doQuery: rcode=0, ancount=4, return value=149
04-22 05:26:21.292  1052  3505 D NetworkMonitor/100: PROBE_FALLBACK http://play.googleapis.com/generate_204 time=94ms ret=204 request={Connection=[close], User-Agent=[Mozilla/5.0 (X11; Linux x86_64) AppleWebKit/537.36 (KHTML, like Gecko) Chrome/60.0.3112.32 Safari/537.36]} headers={null=[HTTP/1.1 204 No Content], Connection=[close], Cross-Origin-Resource-Policy=[cross-origin], Date=[Tue, 21 Apr 2026 21:26:21 GMT], X-Android-Received-Millis=[1776806781291], X-Android-Response-Source=[NETWORK 204], X-Android-Selected-Protocol=[http/1.1], X-Android-Sent-Millis=[1776806781218]}
04-22 05:26:22.621   459  3535 I resolv  : GetAddrInfoHandler::run: {101 983141 101 983141 1073 1}
04-22 05:26:22.621   459  3536 I resolv  : res_nmkquery: (QUERY, IN, AAAA)
04-22 05:26:22.621   459  3536 I resolv  : resolv_cache_lookup: FOUND IN CACHE entry=0xb400007d0ced8690
04-22 05:26:22.621   459  3536 I resolv  : doQuery: rcode=0, ancount=4, return value=149
04-22 05:26:22.621   459  3537 I resolv  : res_nmkquery: (QUERY, IN, A)
04-22 05:26:22.621   459  3537 I resolv  : resolv_cache_lookup: FOUND IN CACHE entry=0xb400007d0ced7b50
04-22 05:26:22.621   459  3537 I resolv  : doQuery: rcode=0, ancount=4, return value=101
04-22 05:26:23.102  1052  3519 D NetworkMonitor/101: PROBE_FALLBACK http://play.googleapis.com/generate_204 time=482ms ret=204 request={Connection=[close], User-Agent=[Mozilla/5.0 (X11; Linux x86_64) AppleWebKit/537.36 (KHTML, like Gecko) Chrome/60.0.3112.32 Safari/537.36]} headers={null=[HTTP/1.1 204 No Content], Connection=[close], Cross-Origin-Resource-Policy=[cross-origin], Date=[Tue, 21 Apr 2026 21:26:22 GMT], X-Android-Received-Millis=[1776806783101], X-Android-Response-Source=[NETWORK 204], X-Android-Selected-Protocol=[http/1.1], X-Android-Sent-Millis=[1776806782624]}
04-22 05:26:23.392   683   858 W BestClock: java.time.DateTimeException: No network time available
