04-22 05:25:20.462   683   858 V WifiConnectivityManager:  numAssociation 1
04-22 05:25:20.462   683   858 V WifiConnectivityManager:  numNoInternetAccessReports 1
04-22 05:25:20.462   683   858 V WifiConnectivityManager:  shared trusted
04-22 05:25:20.462   683   858 V WifiConnectivityManager:  macRandomizationSetting: 0
04-22 05:25:20.462   683   858 V WifiConnectivityManager:  mRandomizedMacAddress: 36:fb:cc:30:33:4f
04-22 05:25:20.462   683   858 V WifiConnectivityManager:  randomizedMacExpirationTimeMs: 2026-04-22T20:29:19.868
04-22 05:25:20.462   683   858 V WifiConnectivityManager:  randomizedMacLastModifiedTimeMs: <none>
04-22 05:25:20.462   683   858 V WifiConnectivityManager:  mIsSendDhcpHostnameEnabled: true
04-22 05:25:20.462   683   858 V WifiConnectivityManager:  deletionPriority: 0
04-22 05:25:20.462   683   858 V WifiConnectivityManager:  KeyMgmt: NONE Protocols: WPA RSN
04-22 05:25:20.462   683   858 V WifiConnectivityManager:  AuthAlgorithms:
04-22 05:25:20.462   683   858 V WifiConnectivityManager:  PairwiseCiphers:
04-22 05:25:20.462   683   858 V WifiConnectivityManager:  GroupCiphers:
04-22 05:25:20.462   683   858 V WifiConnectivityManager:  GroupMgmtCiphers:
04-22 05:25:20.462   683   858 V WifiConnectivityManager:  SuiteBCiphers:
04-22 05:25:20.462   683   858 V WifiConnectivityManager:  PSK/SAE: 
04-22 05:25:20.462   683   858 V WifiConnectivityManager: SecurityParams List:
04-22 05:25:20.462   683   858 V WifiConnectivityManager: Security Parameters:
04-22 05:25:20.462   683   858 V WifiConnectivityManager:  Type: 0
04-22 05:25:20.462   683   858 V WifiConnectivityManager:  Enabled: true
04-22 05:25:20.462   683   858 V WifiConnectivityManager:  KeyMgmt: NONE
04-22 05:25:20.462   683   858 V WifiConnectivityManager:  Protocols: WPA RSN
04-22 05:25:20.462   683   858 V WifiConnectivityManager:  AuthAlgorithms:
04-22 05:25:20.462   683   858 V WifiConnectivityManager:  PairwiseCiphers:
04-22 05:25:20.462   683   858 V WifiConnectivityManager:  GroupCiphers:
04-22 05:25:20.462   683   858 V WifiConnectivityManager:  GroupMgmtCiphers:
04-22 05:25:20.462   683   858 V WifiConnectivityManager:  SuiteBCiphers:
04-22 05:25:20.462   683   858 V WifiConnectivityManager:  RequirePmf: false
04-22 05:25:20.462   683   858 V WifiConnectivityManager:  IsAddedByAutoUpgrade: false
04-22 05:25:20.462   683   858 V WifiConnectivityManager:  IsSaeH2eOnlyMode: false
04-22 05:25:20.462   683   858 V WifiConnectivityManager:  IsSaePkOnlyMode: false
04-22 05:25:20.462   683   858 V WifiConnectivityManager: Security Parameters:
04-22 05:25:20.462   683   858 V WifiConnectivityManager:  Type: 6
04-22 05:25:20.462   683   858 V WifiConnectivityManager:  Enabled: true
04-22 05:25:20.462   683   858 V WifiConnectivityManager:  KeyMgmt: OWE
04-22 05:25:20.462   683   858 V WifiConnectivityManager:  Protocols: RSN
04-22 05:25:20.462   683   858 V WifiConnectivityManager:  AuthAlgorithms:
04-22 05:25:20.462   683   858 V WifiConnectivityManager:  PairwiseCiphers: CCMP GCMP_256 GCMP_128
04-22 05:25:20.462   683   858 V WifiConnectivityManager:  GroupCiphers: CCMP GCMP_256 GCMP_128
04-22 05:25:20.462   683   858 V WifiConnectivityManager:  GroupMgmtCiphers:
04-22 05:25:20.462   683   858 V WifiConnectivityManager:  SuiteBCiphers:
04-22 05:25:20.462   683   858 V WifiConnectivityManager:  RequirePmf: true
04-22 05:25:20.462   683   858 V WifiConnectivityManager:  IsAddedByAutoUpgrade: true
04-22 05:25:20.462   683   858 V WifiConnectivityManager:  IsSaeH2eOnlyMode: false
04-22 05:25:20.462   683   858 V WifiConnectivityManager:  IsSaePkOnlyMode: false
04-22 05:25:20.462   683   858 V WifiConnectivityManager: 
04-22 05:25:20.462   683   858 V WifiConnectivityManager: Enterprise config:
04-22 05:25:20.462   683   858 V WifiConnectivityManager:  ocsp: 0
04-22 05:25:20.462   683   858 V WifiConnectivityManager:  trust_on_first_use: false
04-22 05:25:20.462   683   858 V WifiConnectivityManager:  user_approve_no_ca_cert: false
04-22 05:25:20.462   683   858 V WifiConnectivityManager:  selected_rcoi: 0
04-22 05:25:20.462   683   858 V WifiConnectivityManager:  minimum_tls_version: 0
04-22 05:25:20.462   683   858 V WifiConnectivityManager:  enable_conservative_peer_mode: false
04-22 05:25:20.462   683   858 V WifiConnectivityManager:  tofu_dialog_state: 0
04-22 05:25:20.462   683   858 V WifiConnectivityManager:  tofu_connection_state: 0
04-22 05:25:20.462   683   858 V WifiConnectivityManager: IP config:
04-22 05:25:20.462   683   858 V WifiConnectivityManager: IP assignment: DHCP
04-22 05:25:20.462   683   858 V WifiConnectivityManager: Proxy settings: NONE
04-22 05:25:20.462   683   858 V WifiConnectivityManager: 
04-22 05:25:20.462   683   858 V WifiConnectivityManager:  blockListed remaining time <incorrect> cuid=10178 cname=com.google.android.googlesdksetup luid=10178 lname=com.google.android.googlesdksetup lcuid=10178 allowAutojoin=true noInternetAccessExpected=false mostRecentlyConnected=false 
04-22 05:25:20.462   683   858 V WifiConnectivityManager: lastConnected: 2026-04-21T20:29:19.910 
04-22 05:25:20.462   683   858 V WifiConnectivityManager: 
04-22 05:25:20.462   683   858 V WifiConnectivityManager: numRebootsSinceLastUse: 0
04-22 05:25:20.462   683   858 V WifiConnectivityManager: recentFailure: Association Rejection code: 0, last update time: 0
04-22 05:25:20.462   683   858 V WifiConnectivityManager: bssidAllowlist unset
04-22 05:25:20.462   683   858 V WifiConnectivityManager: vendorData unset
04-22 05:25:20.462   683   858 V WifiConnectivityManager: IsDppConfigurator: true
04-22 05:25:20.462   683   858 V WifiConnectivityManager: HasEncryptedPreSharedKey: false
04-22 05:25:20.462   683   858 V WifiConnectivityManager:  setWifi7Enabled=true scanResult is null!
04-22 05:25:23.236   683   858 W BestClock: java.time.DateTimeException: No network time available
04-22 05:25:23.236   683   858 W BestClock: java.time.DateTimeException: No network time available
04-22 05:25:23.236   683   858 W BestClock: java.time.DateTimeException: No network time available
04-22 05:25:23.236   683   858 W BestClock: java.time.DateTimeException: No network time available
04-22 05:25:23.237   683   858 W BestClock: java.time.DateTimeException: No network time available
04-22 05:25:23.238   683   858 D WifiClientModeImpl[9769:wlan0]: updateLinkLayerStatsRssiSpeedFrequencyCapabilities rssi=-50 TxLinkspeed=1 freq=2447 RxLinkSpeed=2
04-22 05:25:23.238   683   858 D WifiDataStall: tx tput in kbps: 11000
04-22 05:25:23.238   683   858 D WifiDataStall: rx tput in kbps: 11000
04-22 05:25:23.238   683   858 V WifiConfigManager: Updating scan detail cache freq=2447 BSSID=00:13:10:85:fe:01 RSSI=-50 for "AndroidWifi"NONE
04-22 05:25:23.238   683   858 D WifiThroughputPredictor:  utilization (LLS) 80 isBluetoothConnected: false final utilization: 80
04-22 05:25:23.238   683   858 D WifiThroughputPredictor:  BW: 0 RSSI: -50 Nss: 1 Mode: 1 symDur: 4000 snrDb 30 bitPerTone: 4500 rate: 54 throughput: 11
04-22 05:25:23.238   683   858 D WifiThroughputPredictor:  utilization (LLS) 80 isBluetoothConnected: false final utilization: 80
04-22 05:25:23.238   683   858 D WifiThroughputPredictor:  BW: 0 RSSI: -50 Nss: 1 Mode: 1 symDur: 4000 snrDb 30 bitPerTone: 4500 rate: 54 throughput: 11
04-22 05:25:23.239   683   858 D WifiThroughputPredictor:  utilization (LLS) 80 isBluetoothConnected: false final utilization: 80
04-22 05:25:23.239   683   858 D WifiThroughputPredictor:  BW: 0 RSSI: -50 Nss: 1 Mode: 1 symDur: 4000 snrDb 30 bitPerTone: 4500 rate: 54 throughput: 11
04-22 05:25:23.239   683   858 D WifiThroughputPredictor:  utilization (LLS) 80 isBluetoothConnected: false final utilization: 80
04-22 05:25:23.239   683   858 D WifiThroughputPredictor:  BW: 0 RSSI: -50 Nss: 1 Mode: 1 symDur: 4000 snrDb 30 bitPerTone: 4500 rate: 54 throughput: 11
04-22 05:25:23.239   683   858 D WifiScoreCard: BSSID update SIGNAL_POLL ID: 261501600 SSID: "AndroidWifi", BSSID: 00:13:10:85:fe:01, MAC: 02:15:b4:00:00:00, IP: /10.0.2.17, Security type: 0, Supplicant state: COMPLETED, Wi-Fi standard: legacy, RSSI: -50, Link speed: 1Mbps, Tx Link speed: 1Mbps, Max Supported Tx Link speed: 11Mbps, Rx Link speed: 2Mbps, Max Supported Rx Link speed: 11Mbps, Frequency: 2447MHz, Net ID: 0, Metered hint: false, score: 60, isUsable: true, CarrierMerged: false, SubscriptionId: -1, IsPrimary: 1, Trusted: true, Restricted: false, Ephemeral: false, OEM paid: false, OEM private: false, OSU AP: false, FQDN: <none>, Provider friendly name: <none>, Requesting package name: <none>"AndroidWifi"openMLO Information: , Is TID-To-Link negotiation supported by the AP: false, AP MLD Address: <none>, AP MLO Link Id: <none>, AP MLO Affiliated links: <none>, Vendor Data: <none>
04-22 05:25:23.239   683   858 D WifiScoreCard: txRate: 1 txSpeed: 1
04-22 05:25:23.239   683   858 D WifiScoreCard: network update SIGNAL_POLL "AndroidWifi" ID: 579418950 RSSI -50 txSpeed -1
04-22 05:25:23.239   683   858 D WifiClientModeImpl[9769:wlan0]:  ClientModeImpl$L2ConnectedState screen=on 1 0 "AndroidWifi" 00:13:10:85:fe:01 rssi=-50 f=2447 sc=60 link=1 tx=0.2, 0.0, 0.0 rx=0.1 bcn=0 [on:0 tx:0 rx:0 period:3006] from screen [on:0 period:-1309737305] score=60
04-22 05:25:26.243   683   858 W BestClock: java.time.DateTimeException: No network time available
04-22 05:25:26.243   683   858 W BestClock: java.time.DateTimeException: No network time available
04-22 05:25:26.243   683   858 W BestClock: java.time.DateTimeException: No network time available
04-22 05:25:26.243   683   858 W BestClock: java.time.DateTimeException: No network time available
04-22 05:25:26.243   683   858 W BestClock: java.time.DateTimeException: No network time available
04-22 05:25:26.244   683   858 D WifiClientModeImpl[9769:wlan0]: updateLinkLayerStatsRssiSpeedFrequencyCapabilities rssi=-50 TxLinkspeed=1 freq=2447 RxLinkSpeed=2
04-22 05:25:26.244   683   858 D WifiDataStall: tx tput in kbps: 11000
04-22 05:25:26.244   683   858 D WifiDataStall: rx tput in kbps: 11000
04-22 05:25:26.244   683   858 V WifiConfigManager: Updating scan detail cache freq=2447 BSSID=00:13:10:85:fe:01 RSSI=-50 for "AndroidWifi"NONE
04-22 05:25:26.244   683   858 D WifiThroughputPredictor:  utilization (LLS) 80 isBluetoothConnected: false final utilization: 80
04-22 05:25:26.245   683   858 D WifiThroughputPredictor:  BW: 0 RSSI: -50 Nss: 1 Mode: 1 symDur: 4000 snrDb 30 bitPerTone: 4500 rate: 54 throughput: 11
04-22 05:25:26.245   683   858 D WifiThroughputPredictor:  utilization (LLS) 80 isBluetoothConnected: false final utilization: 80
04-22 05:25:26.245   683   858 D WifiThroughputPredictor:  BW: 0 RSSI: -50 Nss: 1 Mode: 1 symDur: 4000 snrDb 30 bitPerTone: 4500 rate: 54 throughput: 11
04-22 05:25:26.245   683   858 D WifiThroughputPredictor:  utilization (LLS) 80 isBluetoothConnected: false final utilization: 80
04-22 05:25:26.245   683   858 D WifiThroughputPredictor:  BW: 0 RSSI: -50 Nss: 1 Mode: 1 symDur: 4000 snrDb 30 bitPerTone: 4500 rate: 54 throughput: 11
04-22 05:25:26.245   683   858 D WifiThroughputPredictor:  utilization (LLS) 80 isBluetoothConnected: false final utilization: 80
04-22 05:25:26.245   683   858 D WifiThroughputPredictor:  BW: 0 RSSI: -50 Nss: 1 Mode: 1 symDur: 4000 snrDb 30 bitPerTone: 4500 rate: 54 throughput: 11
04-22 05:25:26.246   683   858 D WifiScoreCard: BSSID update SIGNAL_POLL ID: 261501600 SSID: "AndroidWifi", BSSID: 00:13:10:85:fe:01, MAC: 02:15:b4:00:00:00, IP: /10.0.2.17, Security type: 0, Supplicant state: COMPLETED, Wi-Fi standard: legacy, RSSI: -50, Link speed: 1Mbps, Tx Link speed: 1Mbps, Max Supported Tx Link speed: 11Mbps, Rx Link speed: 2Mbps, Max Supported Rx Link speed: 11Mbps, Frequency: 2447MHz, Net ID: 0, Metered hint: false, score: 60, isUsable: true, CarrierMerged: false, SubscriptionId: -1, IsPrimary: 1, Trusted: true, Restricted: false, Ephemeral: false, OEM paid: false, OEM private: false, OSU AP: false, FQDN: <none>, Provider friendly name: <none>, Requesting package name: <none>"AndroidWifi"openMLO Information: , Is TID-To-Link negotiation supported by the AP: false, AP MLD Address: <none>, AP MLO Link Id: <none>, AP MLO Affiliated links: <none>, Vendor Data: <none>
04-22 05:25:26.246   683   858 D WifiScoreCard: txRate: 1 txSpeed: 1
04-22 05:25:26.246   683   858 D WifiScoreCard: network update SIGNAL_POLL "AndroidWifi" ID: 579418950 RSSI -50 txSpeed -1
04-22 05:25:26.246   683   858 D WifiClientModeImpl[9769:wlan0]:  ClientModeImpl$L2ConnectedState screen=on 1 0 "AndroidWifi" 00:13:10:85:fe:01 rssi=-50 f=2447 sc=60 link=1 tx=0.0, 0.0, 0.0 rx=0.0 bcn=0 [on:0 tx:0 rx:0 period:3007] from screen [on:0 period:-1309734298] score=60
04-22 05:25:26.418  1086  1298 D SatelliteController: iisInCarrierRoamingNbIotNtn: satellite is disabled
04-22 05:25:28.277   938   938 D wpa_supplicant: nl80211: Drv Event 64 (NL80211_CMD_NOTIFY_CQM) received for wlan0
04-22 05:25:28.277   938   938 D wpa_supplicant: nl80211: Beacon loss event
04-22 05:25:28.277   938   938 D wpa_supplicant: wlan0: Event BEACON_LOSS (53) received
04-22 05:25:28.277   938   938 I wpa_supplicant: wlan0: CTRL-EVENT-BEACON-LOSS 
04-22 05:25:29.250   683   858 W BestClock: java.time.DateTimeException: No network time available
04-22 05:25:29.250   683   858 W BestClock: java.time.DateTimeException: No network time available
04-22 05:25:29.250   683   858 W BestClock: java.time.DateTimeException: No network time available
04-22 05:25:29.251   683   858 W BestClock: java.time.DateTimeException: No network time available
04-22 05:25:29.251   683   858 W BestClock: java.time.DateTimeException: No network time available
04-22 05:25:29.254   683   858 D WifiClientModeImpl[9769:wlan0]: updateLinkLayerStatsRssiSpeedFrequencyCapabilities rssi=-50 TxLinkspeed=1 freq=2447 RxLinkSpeed=2
04-22 05:25:29.254   683   858 D WifiDataStall: tx tput in kbps: 11000
04-22 05:25:29.254   683   858 D WifiDataStall: rx tput in kbps: 11000
04-22 05:25:29.254   683   858 V WifiConfigManager: Updating scan detail cache freq=2447 BSSID=00:13:10:85:fe:01 RSSI=-50 for "AndroidWifi"NONE
04-22 05:25:29.254   683   858 D WifiThroughputPredictor:  utilization (LLS) 80 isBluetoothConnected: false final utilization: 80
04-22 05:25:29.254   683   858 D WifiThroughputPredictor:  BW: 0 RSSI: -50 Nss: 1 Mode: 1 symDur: 4000 snrDb 30 bitPerTone: 4500 rate: 54 throughput: 11
04-22 05:25:29.254   683   858 D WifiThroughputPredictor:  utilization (LLS) 80 isBluetoothConnected: false final utilization: 80
04-22 05:25:29.254   683   858 D WifiThroughputPredictor:  BW: 0 RSSI: -50 Nss: 1 Mode: 1 symDur: 4000 snrDb 30 bitPerTone: 4500 rate: 54 throughput: 11
04-22 05:25:29.254   683   858 D WifiThroughputPredictor:  utilization (LLS) 80 isBluetoothConnected: false final utilization: 80
04-22 05:25:29.254   683   858 D WifiThroughputPredictor:  BW: 0 RSSI: -50 Nss: 1 Mode: 1 symDur: 4000 snrDb 30 bitPerTone: 4500 rate: 54 throughput: 11
04-22 05:25:29.254   683   858 D WifiThroughputPredictor:  utilization (LLS) 80 isBluetoothConnected: false final utilization: 80
04-22 05:25:29.254   683   858 D WifiThroughputPredictor:  BW: 0 RSSI: -50 Nss: 1 Mode: 1 symDur: 4000 snrDb 30 bitPerTone: 4500 rate: 54 throughput: 11
04-22 05:25:29.254   683   858 D WifiScoreCard: BSSID update SIGNAL_POLL ID: 261501600 SSID: "AndroidWifi", BSSID: 00:13:10:85:fe:01, MAC: 02:15:b4:00:00:00, IP: /10.0.2.17, Security type: 0, Supplicant state: COMPLETED, Wi-Fi standard: legacy, RSSI: -50, Link speed: 1Mbps, Tx Link speed: 1Mbps, Max Supported Tx Link speed: 11Mbps, Rx Link speed: 2Mbps, Max Supported Rx Link speed: 11Mbps, Frequency: 2447MHz, Net ID: 0, Metered hint: false, score: 60, isUsable: true, CarrierMerged: false, SubscriptionId: -1, IsPrimary: 1, Trusted: true, Restricted: false, Ephemeral: false, OEM paid: false, OEM private: false, OSU AP: false, FQDN: <none>, Provider friendly name: <none>, Requesting package name: <none>"AndroidWifi"openMLO Information: , Is TID-To-Link negotiation supported by the AP: false, AP MLD Address: <none>, AP MLO Link Id: <none>, AP MLO Affiliated links: <none>, Vendor Data: <none>
04-22 05:25:29.254   683   858 D WifiScoreCard: txRate: 1 txSpeed: 1
04-22 05:25:29.254   683   858 D WifiScoreCard: network update SIGNAL_POLL "AndroidWifi" ID: 579418950 RSSI -50 txSpeed -1
04-22 05:25:29.254   683   858 D WifiClientModeImpl[9769:wlan0]:  ClientModeImpl$L2ConnectedState screen=on 1 0 "AndroidWifi" 00:13:10:85:fe:01 rssi=-50 f=2447 sc=60 link=1 tx=0.0, 0.0, 0.0 rx=0.0 bcn=0 [on:0 tx:0 rx:0 period:3008] from screen [on:0 period:-1309731290] score=60
04-22 05:25:30.839   683   750 I WifiService: isFeatureSupported uid=1000 returns [WIFI_FEATURE_INFRA, WIFI_FEATURE_P2P, WIFI_FEATURE_MOBILE_HOTSPOT, WIFI_FEATURE_WPA3_SAE, WIFI_FEATURE_WPA3_SUITE_B, WIFI_FEATURE_OWE, WIFI_FEATURE_DPP, WIFI_FEATURE_AP_RAND_MAC, WIFI_FEATURE_MBO, WIFI_FEATURE_FILS_SHA256, WIFI_FEATURE_FILS_SHA384, WIFI_FEATURE_SAE_PK, WIFI_FEATURE_DPP_ENROLLEE_RESPONDER, WIFI_FEATURE_PASSPOINT_TERMS_AND_CONDITIONS, WIFI_FEATURE_WFD_R2, WIFI_FEATURE_DECORATED_IDENTITY, WIFI_FEATURE_TRUST_ON_FIRST_USE, WIFI_FEATURE_SET_TLS_MINIMUM_VERSION, WIFI_FEATURE_TLS_V1_3, WIFI_FEATURE_WEP, WIFI_FEATURE_WPA_PERSONAL]
04-22 05:25:32.115  1052  1189 D ApfFilter: (wlan0): Adding RA fe80::2 -> ff02::1 1800s fec0::/64 86400s/14400s 
04-22 05:25:32.117   683   750 I WifiService: isFeatureSupported uid=1000 returns [WIFI_FEATURE_INFRA, WIFI_FEATURE_P2P, WIFI_FEATURE_MOBILE_HOTSPOT, WIFI_FEATURE_WPA3_SAE, WIFI_FEATURE_WPA3_SUITE_B, WIFI_FEATURE_OWE, WIFI_FEATURE_DPP, WIFI_FEATURE_AP_RAND_MAC, WIFI_FEATURE_MBO, WIFI_FEATURE_FILS_SHA256, WIFI_FEATURE_FILS_SHA384, WIFI_FEATURE_SAE_PK, WIFI_FEATURE_DPP_ENROLLEE_RESPONDER, WIFI_FEATURE_PASSPOINT_TERMS_AND_CONDITIONS, WIFI_FEATURE_WFD_R2, WIFI_FEATURE_DECORATED_IDENTITY, WIFI_FEATURE_TRUST_ON_FIRST_USE, WIFI_FEATURE_SET_TLS_MINIMUM_VERSION, WIFI_FEATURE_TLS_V1_3, WIFI_FEATURE_WEP, WIFI_FEATURE_WPA_PERSONAL]
04-22 05:25:32.119   683   858 D WifiVendorHal: installPacketFilter filter length 1844
04-22 05:25:32.119   683   858 D WifiClientModeImpl[9769:wlan0]:  ClientModeImpl$ConnectableState screen=on len=1844
04-22 05:25:32.258   683   858 W BestClock: java.time.DateTimeException: No network time available
04-22 05:25:32.258   683   858 W BestClock: java.time.DateTimeException: No network time available
04-22 05:25:32.258   683   858 W BestClock: java.time.DateTimeException: No network time available
04-22 05:25:32.258   683   858 W BestClock: java.time.DateTimeException: No network time available
04-22 05:25:32.258   683   858 W BestClock: java.time.DateTimeException: No network time available
04-22 05:25:32.259   683   858 D WifiClientModeImpl[9769:wlan0]: updateLinkLayerStatsRssiSpeedFrequencyCapabilities rssi=-50 TxLinkspeed=1 freq=2447 RxLinkSpeed=2
04-22 05:25:32.259   683   858 D WifiDataStall: tx tput in kbps: 11000
04-22 05:25:32.259   683   858 D WifiDataStall: rx tput in kbps: 11000
04-22 05:25:32.259   683   858 V WifiConfigManager: Updating scan detail cache freq=2447 BSSID=00:13:10:85:fe:01 RSSI=-50 for "AndroidWifi"NONE
04-22 05:25:32.259   683   858 D WifiThroughputPredictor:  utilization (LLS) 80 isBluetoothConnected: false final utilization: 80
04-22 05:25:32.259   683   858 D WifiThroughputPredictor:  BW: 0 RSSI: -50 Nss: 1 Mode: 1 symDur: 4000 snrDb 30 bitPerTone: 4500 rate: 54 throughput: 11
04-22 05:25:32.259   683   858 D WifiThroughputPredictor:  utilization (LLS) 80 isBluetoothConnected: false final utilization: 80
04-22 05:25:32.259   683   858 D WifiThroughputPredictor:  BW: 0 RSSI: -50 Nss: 1 Mode: 1 symDur: 4000 snrDb 30 bitPerTone: 4500 rate: 54 throughput: 11
04-22 05:25:32.259   683   858 D WifiThroughputPredictor:  utilization (LLS) 80 isBluetoothConnected: false final utilization: 80
04-22 05:25:32.259   683   858 D WifiThroughputPredictor:  BW: 0 RSSI: -50 Nss: 1 Mode: 1 symDur: 4000 snrDb 30 bitPerTone: 4500 rate: 54 throughput: 11
04-22 05:25:32.259   683   858 D WifiThroughputPredictor:  utilization (LLS) 80 isBluetoothConnected: false final utilization: 80
04-22 05:25:32.259   683   858 D WifiThroughputPredictor:  BW: 0 RSSI: -50 Nss: 1 Mode: 1 symDur: 4000 snrDb 30 bitPerTone: 4500 rate: 54 throughput: 11
04-22 05:25:32.260   683   858 D WifiScoreCard: BSSID update SIGNAL_POLL ID: 261501600 SSID: "AndroidWifi", BSSID: 00:13:10:85:fe:01, MAC: 02:15:b4:00:00:00, IP: /10.0.2.17, Security type: 0, Supplicant state: COMPLETED, Wi-Fi standard: legacy, RSSI: -50, Link speed: 1Mbps, Tx Link speed: 1Mbps, Max Supported Tx Link speed: 11Mbps, Rx Link speed: 2Mbps, Max Supported Rx Link speed: 11Mbps, Frequency: 2447MHz, Net ID: 0, Metered hint: false, score: 60, isUsable: true, CarrierMerged: false, SubscriptionId: -1, IsPrimary: 1, Trusted: true, Restricted: false, Ephemeral: false, OEM paid: false, OEM private: false, OSU AP: false, FQDN: <none>, Provider friendly name: <none>, Requesting package name: <none>"AndroidWifi"openMLO Information: , Is TID-To-Link negotiation supported by the AP: false, AP MLD Address: <none>, AP MLO Link Id: <none>, AP MLO Affiliated links: <none>, Vendor Data: <none>
04-22 05:25:32.260   683   858 D WifiScoreCard: txRate: 1 txSpeed: 1
04-22 05:25:32.260   683   858 D WifiScoreCard: network update SIGNAL_POLL "AndroidWifi" ID: 579418950 RSSI -50 txSpeed -1
04-22 05:25:32.260   683   858 D WifiClientModeImpl[9769:wlan0]:  ClientModeImpl$L2ConnectedState screen=on 1 0 "AndroidWifi" 00:13:10:85:fe:01 rssi=-50 f=2447 sc=60 link=1 tx=0.0, 0.0, 0.0 rx=0.2 bcn=0 [on:0 tx:0 rx:0 period:3006] from screen [on:0 period:-1309728284] score=60
04-22 05:25:35.263   683   858 W BestClock: java.time.DateTimeException: No network time available
04-22 05:25:35.263   683   858 W BestClock: java.time.DateTimeException: No network time available
04-22 05:25:35.263   683   858 W BestClock: java.time.DateTimeException: No network time available
04-22 05:25:35.263   683   858 W BestClock: java.time.DateTimeException: No network time available
04-22 05:25:35.263   683   858 W BestClock: java.time.DateTimeException: No network time available
04-22 05:25:35.265   683   858 D WifiClientModeImpl[9769:wlan0]: updateLinkLayerStatsRssiSpeedFrequencyCapabilities rssi=-50 TxLinkspeed=1 freq=2447 RxLinkSpeed=2
04-22 05:25:35.265   683   858 D WifiDataStall: tx tput in kbps: 11000
04-22 05:25:35.265   683   858 D WifiDataStall: rx tput in kbps: 11000
04-22 05:25:35.265   683   858 V WifiConfigManager: Updating scan detail cache freq=2447 BSSID=00:13:10:85:fe:01 RSSI=-50 for "AndroidWifi"NONE
04-22 05:25:35.265   683   858 D WifiThroughputPredictor:  utilization (LLS) 80 isBluetoothConnected: false final utilization: 80
04-22 05:25:35.265   683   858 D WifiThroughputPredictor:  BW: 0 RSSI: -50 Nss: 1 Mode: 1 symDur: 4000 snrDb 30 bitPerTone: 4500 rate: 54 throughput: 11
04-22 05:25:35.265   683   858 D WifiThroughputPredictor:  utilization (LLS) 80 isBluetoothConnected: false final utilization: 80
04-22 05:25:35.265   683   858 D WifiThroughputPredictor:  BW: 0 RSSI: -50 Nss: 1 Mode: 1 symDur: 4000 snrDb 30 bitPerTone: 4500 rate: 54 throughput: 11
04-22 05:25:35.265   683   858 D WifiThroughputPredictor:  utilization (LLS) 80 isBluetoothConnected: false final utilization: 80
04-22 05:25:35.265   683   858 D WifiThroughputPredictor:  BW: 0 RSSI: -50 Nss: 1 Mode: 1 symDur: 4000 snrDb 30 bitPerTone: 4500 rate: 54 throughput: 11
04-22 05:25:35.265   683   858 D WifiThroughputPredictor:  utilization (LLS) 80 isBluetoothConnected: false final utilization: 80
04-22 05:25:35.265   683   858 D WifiThroughputPredictor:  BW: 0 RSSI: -50 Nss: 1 Mode: 1 symDur: 4000 snrDb 30 bitPerTone: 4500 rate: 54 throughput: 11
04-22 05:25:35.265   683   858 D WifiScoreCard: BSSID update SIGNAL_POLL ID: 261501600 SSID: "AndroidWifi", BSSID: 00:13:10:85:fe:01, MAC: 02:15:b4:00:00:00, IP: /10.0.2.17, Security type: 0, Supplicant state: COMPLETED, Wi-Fi standard: legacy, RSSI: -50, Link speed: 1Mbps, Tx Link speed: 1Mbps, Max Supported Tx Link speed: 11Mbps, Rx Link speed: 2Mbps, Max Supported Rx Link speed: 11Mbps, Frequency: 2447MHz, Net ID: 0, Metered hint: false, score: 60, isUsable: true, CarrierMerged: false, SubscriptionId: -1, IsPrimary: 1, Trusted: true, Restricted: false, Ephemeral: false, OEM paid: false, OEM private: false, OSU AP: false, FQDN: <none>, Provider friendly name: <none>, Requesting package name: <none>"AndroidWifi"openMLO Information: , Is TID-To-Link negotiation supported by the AP: false, AP MLD Address: <none>, AP MLO Link Id: <none>, AP MLO Affiliated links: <none>, Vendor Data: <none>
04-22 05:25:35.266   683   858 D WifiScoreCard: txRate: 1 txSpeed: 1
04-22 05:25:35.266   683   858 D WifiScoreCard: network update SIGNAL_POLL "AndroidWifi" ID: 579418950 RSSI -50 txSpeed -1
04-22 05:25:35.266   683   858 D WifiClientModeImpl[9769:wlan0]:  ClientModeImpl$L2ConnectedState screen=on 1 0 "AndroidWifi" 00:13:10:85:fe:01 rssi=-50 f=2447 sc=60 link=1 tx=0.0, 0.0, 0.0 rx=0.0 bcn=0 [on:0 tx:0 rx:0 period:3006] from screen [on:0 period:-1309725278] score=60
04-22 05:25:36.421  1086  1298 D SatelliteController: iisInCarrierRoamingNbIotNtn: satellite is disabled
04-22 05:25:36.470   938   938 D wpa_supplicant: nl80211: Drv Event 64 (NL80211_CMD_NOTIFY_CQM) received for wlan0
04-22 05:25:36.471   938   938 D wpa_supplicant: nl80211: Beacon loss event
04-22 05:25:36.471   938   938 D wpa_supplicant: wlan0: Event BEACON_LOSS (53) received
04-22 05:25:36.471   938   938 I wpa_supplicant: wlan0: CTRL-EVENT-BEACON-LOSS 
04-22 05:25:38.269   683   858 W BestClock: java.time.DateTimeException: No network time available
04-22 05:25:38.269   683   858 W BestClock: java.time.DateTimeException: No network time available
04-22 05:25:38.269   683   858 W BestClock: java.time.DateTimeException: No network time available
04-22 05:25:38.269   683   858 W BestClock: java.time.DateTimeException: No network time available
04-22 05:25:38.269   683   858 W BestClock: java.time.DateTimeException: No network time available
04-22 05:25:38.270   683   858 D WifiClientModeImpl[9769:wlan0]: updateLinkLayerStatsRssiSpeedFrequencyCapabilities rssi=-50 TxLinkspeed=1 freq=2447 RxLinkSpeed=2
04-22 05:25:38.271   683   858 D WifiDataStall: tx tput in kbps: 11000
04-22 05:25:38.271   683   858 D WifiDataStall: rx tput in kbps: 11000
04-22 05:25:38.271   683   858 V WifiConfigManager: Updating scan detail cache freq=2447 BSSID=00:13:10:85:fe:01 RSSI=-50 for "AndroidWifi"NONE
04-22 05:25:38.271   683   858 D WifiThroughputPredictor:  utilization (LLS) 80 isBluetoothConnected: false final utilization: 80
04-22 05:25:38.271   683   858 D WifiThroughputPredictor:  BW: 0 RSSI: -50 Nss: 1 Mode: 1 symDur: 4000 snrDb 30 bitPerTone: 4500 rate: 54 throughput: 11
04-22 05:25:38.271   683   858 D WifiThroughputPredictor:  utilization (LLS) 80 isBluetoothConnected: false final utilization: 80
04-22 05:25:38.271   683   858 D WifiThroughputPredictor:  BW: 0 RSSI: -50 Nss: 1 Mode: 1 symDur: 4000 snrDb 30 bitPerTone: 4500 rate: 54 throughput: 11
04-22 05:25:38.271   683   858 D WifiThroughputPredictor:  utilization (LLS) 80 isBluetoothConnected: false final utilization: 80
04-22 05:25:38.271   683   858 D WifiThroughputPredictor:  BW: 0 RSSI: -50 Nss: 1 Mode: 1 symDur: 4000 snrDb 30 bitPerTone: 4500 rate: 54 throughput: 11
04-22 05:25:38.271   683   858 D WifiThroughputPredictor:  utilization (LLS) 80 isBluetoothConnected: false final utilization: 80
04-22 05:25:38.271   683   858 D WifiThroughputPredictor:  BW: 0 RSSI: -50 Nss: 1 Mode: 1 symDur: 4000 snrDb 30 bitPerTone: 4500 rate: 54 throughput: 11
04-22 05:25:38.271   683   858 D WifiScoreCard: BSSID update SIGNAL_POLL ID: 261501600 SSID: "AndroidWifi", BSSID: 00:13:10:85:fe:01, MAC: 02:15:b4:00:00:00, IP: /10.0.2.17, Security type: 0, Supplicant state: COMPLETED, Wi-Fi standard: legacy, RSSI: -50, Link speed: 1Mbps, Tx Link speed: 1Mbps, Max Supported Tx Link speed: 11Mbps, Rx Link speed: 2Mbps, Max Supported Rx Link speed: 11Mbps, Frequency: 2447MHz, Net ID: 0, Metered hint: false, score: 60, isUsable: true, CarrierMerged: false, SubscriptionId: -1, IsPrimary: 1, Trusted: true, Restricted: false, Ephemeral: false, OEM paid: false, OEM private: false, OSU AP: false, FQDN: <none>, Provider friendly name: <none>, Requesting package name: <none>"AndroidWifi"openMLO Information: , Is TID-To-Link negotiation supported by the AP: false, AP MLD Address: <none>, AP MLO Link Id: <none>, AP MLO Affiliated links: <none>, Vendor Data: <none>
04-22 05:25:38.272   683   858 D WifiScoreCard: txRate: 1 txSpeed: 1
04-22 05:25:38.272   683   858 D WifiScoreCard: network update SIGNAL_POLL "AndroidWifi" ID: 579418950 RSSI -50 txSpeed -1
04-22 05:25:38.272   683   858 D WifiClientModeImpl[9769:wlan0]:  ClientModeImpl$L2ConnectedState screen=on 1 0 "AndroidWifi" 00:13:10:85:fe:01 rssi=-50 f=2447 sc=60 link=1 tx=0.0, 0.0, 0.0 rx=0.0 bcn=0 [on:0 tx:0 rx:0 period:3006] from screen [on:0 period:-1309722272] score=60
04-22 05:25:41.276   683   858 W BestClock: java.time.DateTimeException: No network time available
04-22 05:25:41.276   683   858 W BestClock: java.time.DateTimeException: No network time available
04-22 05:25:41.276   683   858 W BestClock: java.time.DateTimeException: No network time available
04-22 05:25:41.276   683   858 W BestClock: java.time.DateTimeException: No network time available
04-22 05:25:41.276   683   858 W BestClock: java.time.DateTimeException: No network time available
04-22 05:25:41.277   683   858 D WifiClientModeImpl[9769:wlan0]: updateLinkLayerStatsRssiSpeedFrequencyCapabilities rssi=-50 TxLinkspeed=1 freq=2447 RxLinkSpeed=2
04-22 05:25:41.278   683   858 D WifiDataStall: tx tput in kbps: 11000
04-22 05:25:41.278   683   858 D WifiDataStall: rx tput in kbps: 11000
04-22 05:25:41.278   683   858 V WifiConfigManager: Updating scan detail cache freq=2447 BSSID=00:13:10:85:fe:01 RSSI=-50 for "AndroidWifi"NONE
04-22 05:25:41.278   683   858 D WifiThroughputPredictor:  utilization (LLS) 80 isBluetoothConnected: false final utilization: 80
04-22 05:25:41.278   683   858 D WifiThroughputPredictor:  BW: 0 RSSI: -50 Nss: 1 Mode: 1 symDur: 4000 snrDb 30 bitPerTone: 4500 rate: 54 throughput: 11
04-22 05:25:41.278   683   858 D WifiThroughputPredictor:  utilization (LLS) 80 isBluetoothConnected: false final utilization: 80
04-22 05:25:41.278   683   858 D WifiThroughputPredictor:  BW: 0 RSSI: -50 Nss: 1 Mode: 1 symDur: 4000 snrDb 30 bitPerTone: 4500 rate: 54 throughput: 11
04-22 05:25:41.278   683   858 D WifiThroughputPredictor:  utilization (LLS) 80 isBluetoothConnected: false final utilization: 80
04-22 05:25:41.278   683   858 D WifiThroughputPredictor:  BW: 0 RSSI: -50 Nss: 1 Mode: 1 symDur: 4000 snrDb 30 bitPerTone: 4500 rate: 54 throughput: 11
04-22 05:25:41.278   683   858 D WifiThroughputPredictor:  utilization (LLS) 80 isBluetoothConnected: false final utilization: 80
04-22 05:25:41.278   683   858 D WifiThroughputPredictor:  BW: 0 RSSI: -50 Nss: 1 Mode: 1 symDur: 4000 snrDb 30 bitPerTone: 4500 rate: 54 throughput: 11
04-22 05:25:41.281   683   858 D WifiScoreCard: BSSID update SIGNAL_POLL ID: 261501600 SSID: "AndroidWifi", BSSID: 00:13:10:85:fe:01, MAC: 02:15:b4:00:00:00, IP: /10.0.2.17, Security type: 0, Supplicant state: COMPLETED, Wi-Fi standard: legacy, RSSI: -50, Link speed: 1Mbps, Tx Link speed: 1Mbps, Max Supported Tx Link speed: 11Mbps, Rx Link speed: 2Mbps, Max Supported Rx Link speed: 11Mbps, Frequency: 2447MHz, Net ID: 0, Metered hint: false, score: 60, isUsable: true, CarrierMerged: false, SubscriptionId: -1, IsPrimary: 1, Trusted: true, Restricted: false, Ephemeral: false, OEM paid: false, OEM private: false, OSU AP: false, FQDN: <none>, Provider friendly name: <none>, Requesting package name: <none>"AndroidWifi"openMLO Information: , Is TID-To-Link negotiation supported by the AP: false, AP MLD Address: <none>, AP MLO Link Id: <none>, AP MLO Affiliated links: <none>, Vendor Data: <none>
04-22 05:25:41.281   683   858 D WifiScoreCard: txRate: 1 txSpeed: 1
04-22 05:25:41.281   683   858 D WifiScoreCard: network update SIGNAL_POLL "AndroidWifi" ID: 579418950 RSSI -50 txSpeed -1
04-22 05:25:41.282   683   858 D WifiClientModeImpl[9769:wlan0]:  ClientModeImpl$L2ConnectedState screen=on 1 0 "AndroidWifi" 00:13:10:85:fe:01 rssi=-50 f=2447 sc=60 link=1 tx=0.0, 0.0, 0.0 rx=0.0 bcn=0 [on:0 tx:0 rx:0 period:3010] from screen [on:0 period:-1309719262] score=60
04-22 05:25:44.286   683   858 W BestClock: java.time.DateTimeException: No network time available
04-22 05:25:44.286   683   858 W BestClock: java.time.DateTimeException: No network time available
04-22 05:25:44.287   683   858 W BestClock: java.time.DateTimeException: No network time available
04-22 05:25:44.287   683   858 W BestClock: java.time.DateTimeException: No network time available
04-22 05:25:44.287   683   858 W BestClock: java.time.DateTimeException: No network time available
04-22 05:25:44.287   683   858 D WifiClientModeImpl[9769:wlan0]: updateLinkLayerStatsRssiSpeedFrequencyCapabilities rssi=-50 TxLinkspeed=1 freq=2447 RxLinkSpeed=2
04-22 05:25:44.287   683   858 D WifiDataStall: tx tput in kbps: 11000
04-22 05:25:44.287   683   858 D WifiDataStall: rx tput in kbps: 11000
04-22 05:25:44.287   683   858 V WifiConfigManager: Updating scan detail cache freq=2447 BSSID=00:13:10:85:fe:01 RSSI=-50 for "AndroidWifi"NONE
04-22 05:25:44.287   683   858 D WifiThroughputPredictor:  utilization (LLS) 80 isBluetoothConnected: false final utilization: 80
04-22 05:25:44.287   683   858 D WifiThroughputPredictor:  BW: 0 RSSI: -50 Nss: 1 Mode: 1 symDur: 4000 snrDb 30 bitPerTone: 4500 rate: 54 throughput: 11
04-22 05:25:44.287   683   858 D WifiThroughputPredictor:  utilization (LLS) 80 isBluetoothConnected: false final utilization: 80
04-22 05:25:44.287   683   858 D WifiThroughputPredictor:  BW: 0 RSSI: -50 Nss: 1 Mode: 1 symDur: 4000 snrDb 30 bitPerTone: 4500 rate: 54 throughput: 11
04-22 05:25:44.288   683   858 D WifiThroughputPredictor:  utilization (LLS) 80 isBluetoothConnected: false final utilization: 80
04-22 05:25:44.288   683   858 D WifiThroughputPredictor:  BW: 0 RSSI: -50 Nss: 1 Mode: 1 symDur: 4000 snrDb 30 bitPerTone: 4500 rate: 54 throughput: 11
04-22 05:25:44.288   683   858 D WifiThroughputPredictor:  utilization (LLS) 80 isBluetoothConnected: false final utilization: 80
04-22 05:25:44.288   683   858 D WifiThroughputPredictor:  BW: 0 RSSI: -50 Nss: 1 Mode: 1 symDur: 4000 snrDb 30 bitPerTone: 4500 rate: 54 throughput: 11
04-22 05:25:44.289   683   858 D WifiScoreCard: BSSID update SIGNAL_POLL ID: 261501600 SSID: "AndroidWifi", BSSID: 00:13:10:85:fe:01, MAC: 02:15:b4:00:00:00, IP: /10.0.2.17, Security type: 0, Supplicant state: COMPLETED, Wi-Fi standard: legacy, RSSI: -50, Link speed: 1Mbps, Tx Link speed: 1Mbps, Max Supported Tx Link speed: 11Mbps, Rx Link speed: 2Mbps, Max Supported Rx Link speed: 11Mbps, Frequency: 2447MHz, Net ID: 0, Metered hint: false, score: 60, isUsable: true, CarrierMerged: false, SubscriptionId: -1, IsPrimary: 1, Trusted: true, Restricted: false, Ephemeral: false, OEM paid: false, OEM private: false, OSU AP: false, FQDN: <none>, Provider friendly name: <none>, Requesting package name: <none>"AndroidWifi"openMLO Information: , Is TID-To-Link negotiation supported by the AP: false, AP MLD Address: <none>, AP MLO Link Id: <none>, AP MLO Affiliated links: <none>, Vendor Data: <none>
04-22 05:25:44.289   683   858 D WifiScoreCard: txRate: 1 txSpeed: 1
04-22 05:25:44.289   683   858 D WifiScoreCard: network update SIGNAL_POLL "AndroidWifi" ID: 579418950 RSSI -50 txSpeed -1
04-22 05:25:44.289   683   858 D WifiClientModeImpl[9769:wlan0]:  ClientModeImpl$L2ConnectedState screen=on 1 0 "AndroidWifi" 00:13:10:85:fe:01 rssi=-50 f=2447 sc=60 link=1 tx=0.0, 0.0, 0.0 rx=0.0 bcn=0 [on:0 tx:0 rx:0 period:3007] from screen [on:0 period:-1309716255] score=60
04-22 05:25:44.406   938   938 D wpa_supplicant: nl80211: Drv Event 64 (NL80211_CMD_NOTIFY_CQM) received for wlan0
04-22 05:25:44.406   938   938 D wpa_supplicant: nl80211: Beacon loss event
04-22 05:25:44.406   938   938 D wpa_supplicant: wlan0: Event BEACON_LOSS (53) received
04-22 05:25:44.406   938   938 I wpa_supplicant: wlan0: CTRL-EVENT-BEACON-LOSS 
04-22 05:25:46.429  1086  1298 D SatelliteController: iisInCarrierRoamingNbIotNtn: satellite is disabled
04-22 05:25:46.838  1283 32250 W WakeLock: GCM_HB_ALARM release without a matched acquire!
04-22 05:25:46.838  1283 32250 W WakeLock: GCM_HB_ALARM counter does not exist
04-22 05:25:46.840  1283 32250 I AlarmManager: setExactAndAllowWhileIdle [name: GCM_CONN_ALARM type: 2 triggerAtMillis: 32211384]
04-22 05:25:46.842  1283 32250 W WakeLock: GCM_CONN_ALARM release without a matched acquire!
04-22 05:25:46.842  1283 32250 W WakeLock: GCM_CONN_ALARM counter does not exist
04-22 05:25:47.290   683   858 W BestClock: java.time.DateTimeException: No network time available
04-22 05:25:47.291   683   858 W BestClock: java.time.DateTimeException: No network time available
04-22 05:25:47.291   683   858 W BestClock: java.time.DateTimeException: No network time available
04-22 05:25:47.291   683   858 W BestClock: java.time.DateTimeException: No network time available
04-22 05:25:47.291   683   858 W BestClock: java.time.DateTimeException: No network time available
04-22 05:25:47.291   683   858 D WifiClientModeImpl[9769:wlan0]: updateLinkLayerStatsRssiSpeedFrequencyCapabilities rssi=-50 TxLinkspeed=1 freq=2447 RxLinkSpeed=2
04-22 05:25:47.292   683   858 D WifiDataStall: tx tput in kbps: 11000
04-22 05:25:47.292   683   858 D WifiDataStall: rx tput in kbps: 11000
04-22 05:25:47.292   683   858 V WifiConfigManager: Updating scan detail cache freq=2447 BSSID=00:13:10:85:fe:01 RSSI=-50 for "AndroidWifi"NONE
04-22 05:25:47.292   683   858 D WifiThroughputPredictor:  utilization (LLS) 80 isBluetoothConnected: false final utilization: 80
04-22 05:25:47.292   683   858 D WifiThroughputPredictor:  BW: 0 RSSI: -50 Nss: 1 Mode: 1 symDur: 4000 snrDb 30 bitPerTone: 4500 rate: 54 throughput: 11
04-22 05:25:47.292   683   858 D WifiThroughputPredictor:  utilization (LLS) 80 isBluetoothConnected: false final utilization: 80
04-22 05:25:47.292   683   858 D WifiThroughputPredictor:  BW: 0 RSSI: -50 Nss: 1 Mode: 1 symDur: 4000 snrDb 30 bitPerTone: 4500 rate: 54 throughput: 11
04-22 05:25:47.293   683   858 D WifiThroughputPredictor:  utilization (LLS) 80 isBluetoothConnected: false final utilization: 80
04-22 05:25:47.293   683   858 D WifiThroughputPredictor:  BW: 0 RSSI: -50 Nss: 1 Mode: 1 symDur: 4000 snrDb 30 bitPerTone: 4500 rate: 54 throughput: 11
04-22 05:25:47.293   683   858 D WifiThroughputPredictor:  utilization (LLS) 80 isBluetoothConnected: false final utilization: 80
04-22 05:25:47.293   683   858 D WifiThroughputPredictor:  BW: 0 RSSI: -50 Nss: 1 Mode: 1 symDur: 4000 snrDb 30 bitPerTone: 4500 rate: 54 throughput: 11
04-22 05:25:47.293   683   858 D WifiScoreCard: BSSID update SIGNAL_POLL ID: 261501600 SSID: "AndroidWifi", BSSID: 00:13:10:85:fe:01, MAC: 02:15:b4:00:00:00, IP: /10.0.2.17, Security type: 0, Supplicant state: COMPLETED, Wi-Fi standard: legacy, RSSI: -50, Link speed: 1Mbps, Tx Link speed: 1Mbps, Max Supported Tx Link speed: 11Mbps, Rx Link speed: 2Mbps, Max Supported Rx Link speed: 11Mbps, Frequency: 2447MHz, Net ID: 0, Metered hint: false, score: 60, isUsable: true, CarrierMerged: false, SubscriptionId: -1, IsPrimary: 1, Trusted: true, Restricted: false, Ephemeral: false, OEM paid: false, OEM private: false, OSU AP: false, FQDN: <none>, Provider friendly name: <none>, Requesting package name: <none>"AndroidWifi"openMLO Information: , Is TID-To-Link negotiation supported by the AP: false, AP MLD Address: <none>, AP MLO Link Id: <none>, AP MLO Affiliated links: <none>, Vendor Data: <none>
04-22 05:25:47.293   683   858 D WifiScoreCard: txRate: 1 txSpeed: 1
04-22 05:25:47.293   683   858 D WifiScoreCard: network update SIGNAL_POLL "AndroidWifi" ID: 579418950 RSSI -50 txSpeed -1
04-22 05:25:47.293   683   858 D WifiClientModeImpl[9769:wlan0]:  ClientModeImpl$L2ConnectedState screen=on 1 0 "AndroidWifi" 00:13:10:85:fe:01 rssi=-50 f=2447 sc=60 link=1 tx=0.4, 0.0, 0.0 rx=0.6 bcn=0 [on:0 tx:0 rx:0 period:3004] from screen [on:0 period:-1309713251] score=60
04-22 05:25:47.835  2365  2453 I assembly.assembly.android.mixc-retail-rn84: [assembly.topology] Native topology host already matches desired lifecycle state {"displayCount":1,"displayIndex":0,"deviceId":"ZJ63NQELD9","instanceMode":"SLAVE","enableSlave":false,"running":false,"reason":"not-master-or-single-primary-host"}
04-22 05:25:47.836  2365  2453 I MMKV    : <MMKV_IO.cpp:609::writeActualSize> [mixc-retail-assembly-rn84::state] increase sequence to 33, crc 3639597066, actualSize 24596
04-22 05:25:47.836  2365  2453 I MMKV    : <MMKV.cpp:1208::sync> MMKV::sync, SyncFlag = 1
04-22 05:25:47.838  2365  2453 I assembly.assembly.android.mixc-retail-rn84: [assembly.topology] Native topology host already matches desired lifecycle state {"displayCount":1,"displayIndex":0,"deviceId":"ZJ63NQELD9","instanceMode":"SLAVE","enableSlave":false,"running":false,"reason":"not-master-or-single-primary-host"}
04-22 05:25:47.838  2365  2453 I assembly.assembly.android.mixc-retail-rn84: [assembly.topology] Native topology host already matches desired lifecycle state {"displayCount":1,"displayIndex":0,"deviceId":"ZJ63NQELD9","instanceMode":"SLAVE","enableSlave":false,"running":false,"reason":"not-master-or-single-primary-host"}
04-22 05:25:49.843   235   235 I logd    : logdr: UID=2000 GID=2000 PID=3466 n tail=0 logMask=99 pid=0 start=0ns deadline=0ns
04-22 05:25:50.298   683   858 W BestClock: java.time.DateTimeException: No network time available
04-22 05:25:50.298   683   858 W BestClock: java.time.DateTimeException: No network time available
04-22 05:25:50.298   683   858 W BestClock: java.time.DateTimeException: No network time available
04-22 05:25:50.298   683   858 W BestClock: java.time.DateTimeException: No network time available
04-22 05:25:50.298   683   858 W BestClock: java.time.DateTimeException: No network time available
04-22 05:25:50.300   683   858 D WifiClientModeImpl[9769:wlan0]: updateLinkLayerStatsRssiSpeedFrequencyCapabilities rssi=-50 TxLinkspeed=1 freq=2447 RxLinkSpeed=2
04-22 05:25:50.300   683   858 D WifiDataStall: tx tput in kbps: 11000
04-22 05:25:50.300   683   858 D WifiDataStall: rx tput in kbps: 11000
04-22 05:25:50.300   683   858 V WifiConfigManager: Updating scan detail cache freq=2447 BSSID=00:13:10:85:fe:01 RSSI=-50 for "AndroidWifi"NONE
04-22 05:25:50.300   683   858 D WifiThroughputPredictor:  utilization (LLS) 80 isBluetoothConnected: false final utilization: 80
04-22 05:25:50.300   683   858 D WifiThroughputPredictor:  BW: 0 RSSI: -50 Nss: 1 Mode: 1 symDur: 4000 snrDb 30 bitPerTone: 4500 rate: 54 throughput: 11
04-22 05:25:50.300   683   858 D WifiThroughputPredictor:  utilization (LLS) 80 isBluetoothConnected: false final utilization: 80
04-22 05:25:50.300   683   858 D WifiThroughputPredictor:  BW: 0 RSSI: -50 Nss: 1 Mode: 1 symDur: 4000 snrDb 30 bitPerTone: 4500 rate: 54 throughput: 11
04-22 05:25:50.301   683   858 D WifiThroughputPredictor:  utilization (LLS) 80 isBluetoothConnected: false final utilization: 80
04-22 05:25:50.301   683   858 D WifiThroughputPredictor:  BW: 0 RSSI: -50 Nss: 1 Mode: 1 symDur: 4000 snrDb 30 bitPerTone: 4500 rate: 54 throughput: 11
04-22 05:25:50.301   683   858 D WifiThroughputPredictor:  utilization (LLS) 80 isBluetoothConnected: false final utilization: 80
04-22 05:25:50.301   683   858 D WifiThroughputPredictor:  BW: 0 RSSI: -50 Nss: 1 Mode: 1 symDur: 4000 snrDb 30 bitPerTone: 4500 rate: 54 throughput: 11
04-22 05:25:50.301   683   858 D WifiScoreCard: BSSID update SIGNAL_POLL ID: 261501600 SSID: "AndroidWifi", BSSID: 00:13:10:85:fe:01, MAC: 02:15:b4:00:00:00, IP: /10.0.2.17, Security type: 0, Supplicant state: COMPLETED, Wi-Fi standard: legacy, RSSI: -50, Link speed: 1Mbps, Tx Link speed: 1Mbps, Max Supported Tx Link speed: 11Mbps, Rx Link speed: 2Mbps, Max Supported Rx Link speed: 11Mbps, Frequency: 2447MHz, Net ID: 0, Metered hint: false, score: 60, isUsable: true, CarrierMerged: false, SubscriptionId: -1, IsPrimary: 1, Trusted: true, Restricted: false, Ephemeral: false, OEM paid: false, OEM private: false, OSU AP: false, FQDN: <none>, Provider friendly name: <none>, Requesting package name: <none>"AndroidWifi"openMLO Information: , Is TID-To-Link negotiation supported by the AP: false, AP MLD Address: <none>, AP MLO Link Id: <none>, AP MLO Affiliated links: <none>, Vendor Data: <none>
04-22 05:25:50.301   683   858 D WifiScoreCard: txRate: 1 txSpeed: 1
04-22 05:25:50.301   683   858 D WifiScoreCard: network update SIGNAL_POLL "AndroidWifi" ID: 579418950 RSSI -50 txSpeed -1
04-22 05:25:50.301   683   858 D WifiClientModeImpl[9769:wlan0]:  ClientModeImpl$L2ConnectedState screen=on 1 0 "AndroidWifi" 00:13:10:85:fe:01 rssi=-50 f=2447 sc=60 link=1 tx=0.1, 0.0, 0.0 rx=0.2 bcn=0 [on:0 tx:0 rx:0 period:3008] from screen [on:0 period:-1309710243] score=60
04-22 05:25:52.342   938   938 D wpa_supplicant: nl80211: Drv Event 64 (NL80211_CMD_NOTIFY_CQM) received for wlan0
04-22 05:25:52.342   938   938 D wpa_supplicant: nl80211: Beacon loss event
04-22 05:25:52.342   938   938 D wpa_supplicant: wlan0: Event BEACON_LOSS (53) received
04-22 05:25:52.342   938   938 I wpa_supplicant: wlan0: CTRL-EVENT-BEACON-LOSS 
04-22 05:25:53.306   683   858 W BestClock: java.time.DateTimeException: No network time available
04-22 05:25:53.307   683   858 W BestClock: java.time.DateTimeException: No network time available
04-22 05:25:53.307   683   858 W BestClock: java.time.DateTimeException: No network time available
04-22 05:25:53.307   683   858 W BestClock: java.time.DateTimeException: No network time available
04-22 05:25:53.307   683   858 W BestClock: java.time.DateTimeException: No network time available
04-22 05:25:53.309   683   858 D WifiClientModeImpl[9769:wlan0]: updateLinkLayerStatsRssiSpeedFrequencyCapabilities rssi=-50 TxLinkspeed=1 freq=2447 RxLinkSpeed=2
04-22 05:25:53.309   683   858 D WifiDataStall: tx tput in kbps: 11000
04-22 05:25:53.309   683   858 D WifiDataStall: rx tput in kbps: 11000
04-22 05:25:53.309   683   858 V WifiConfigManager: Updating scan detail cache freq=2447 BSSID=00:13:10:85:fe:01 RSSI=-50 for "AndroidWifi"NONE
04-22 05:25:53.309   683   858 D WifiThroughputPredictor:  utilization (LLS) 80 isBluetoothConnected: false final utilization: 80
04-22 05:25:53.309   683   858 D WifiThroughputPredictor:  BW: 0 RSSI: -50 Nss: 1 Mode: 1 symDur: 4000 snrDb 30 bitPerTone: 4500 rate: 54 throughput: 11
04-22 05:25:53.309   683   858 D WifiThroughputPredictor:  utilization (LLS) 80 isBluetoothConnected: false final utilization: 80
04-22 05:25:53.309   683   858 D WifiThroughputPredictor:  BW: 0 RSSI: -50 Nss: 1 Mode: 1 symDur: 4000 snrDb 30 bitPerTone: 4500 rate: 54 throughput: 11
04-22 05:25:53.310   683   858 D WifiThroughputPredictor:  utilization (LLS) 80 isBluetoothConnected: false final utilization: 80
04-22 05:25:53.310   683   858 D WifiThroughputPredictor:  BW: 0 RSSI: -50 Nss: 1 Mode: 1 symDur: 4000 snrDb 30 bitPerTone: 4500 rate: 54 throughput: 11
04-22 05:25:53.310   683   858 D WifiThroughputPredictor:  utilization (LLS) 80 isBluetoothConnected: false final utilization: 80
04-22 05:25:53.310   683   858 D WifiThroughputPredictor:  BW: 0 RSSI: -50 Nss: 1 Mode: 1 symDur: 4000 snrDb 30 bitPerTone: 4500 rate: 54 throughput: 11
04-22 05:25:53.310   683   858 D WifiScoreCard: BSSID update SIGNAL_POLL ID: 261501600 SSID: "AndroidWifi", BSSID: 00:13:10:85:fe:01, MAC: 02:15:b4:00:00:00, IP: /10.0.2.17, Security type: 0, Supplicant state: COMPLETED, Wi-Fi standard: legacy, RSSI: -50, Link speed: 1Mbps, Tx Link speed: 1Mbps, Max Supported Tx Link speed: 11Mbps, Rx Link speed: 2Mbps, Max Supported Rx Link speed: 11Mbps, Frequency: 2447MHz, Net ID: 0, Metered hint: false, score: 60, isUsable: true, CarrierMerged: false, SubscriptionId: -1, IsPrimary: 1, Trusted: true, Restricted: false, Ephemeral: false, OEM paid: false, OEM private: false, OSU AP: false, FQDN: <none>, Provider friendly name: <none>, Requesting package name: <none>"AndroidWifi"openMLO Information: , Is TID-To-Link negotiation supported by the AP: false, AP MLD Address: <none>, AP MLO Link Id: <none>, AP MLO Affiliated links: <none>, Vendor Data: <none>
04-22 05:25:53.310   683   858 D WifiScoreCard: txRate: 1 txSpeed: 1
04-22 05:25:53.310   683   858 D WifiScoreCard: network update SIGNAL_POLL "AndroidWifi" ID: 579418950 RSSI -50 txSpeed -1
04-22 05:25:53.310   683   858 D WifiClientModeImpl[9769:wlan0]:  ClientModeImpl$L2ConnectedState screen=on 1 0 "AndroidWifi" 00:13:10:85:fe:01 rssi=-50 f=2447 sc=60 link=1 tx=0.0, 0.0, 0.0 rx=0.0 bcn=0 [on:0 tx:0 rx:0 period:3008] from screen [on:0 period:-1309707234] score=60
04-22 05:25:53.845   459  3470 I resolv  : GetAddrInfoHandler::run: {101 983141 101 983141 10144 0}
04-22 05:25:53.846   459  3471 I resolv  : res_nmkquery: (QUERY, IN, AAAA)
04-22 05:25:53.846   459  3472 I resolv  : res_nmkquery: (QUERY, IN, A)
04-22 05:25:54.343   459  3472 I resolv  : res_nsend: used send_dg 89 terrno: 0
04-22 05:25:54.343   459  3472 I resolv  : doQuery: rcode=0, ancount=2, return value=89
04-22 05:25:54.345   459  3471 I resolv  : res_nsend: used send_dg 101 terrno: 0
04-22 05:25:54.345   459  3471 I resolv  : doQuery: rcode=0, ancount=2, return value=101
04-22 05:25:54.346  1283  1621 I TrafficStats: tagSocketFd(-1, 1031, -1) failed with errno-9
04-22 05:25:54.851  1283 32250 E GmsTaskScheduler: sendWakeUpEvent called on SchedulerClientBroadcastStrategy
04-22 05:25:54.851  1283 32250 I AlarmManager: setExactAndAllowWhileIdle [name: GCM_HB_ALARM type: 2 triggerAtMillis: 32742394]
04-22 05:25:55.026  1283 32250 I AlarmManager: setExactAndAllowWhileIdle [name: GCM_HB_ALARM type: 2 triggerAtMillis: 32742570]
04-22 05:25:55.027  1283 32250 W WakeLock: GCM_CONN_ALARM release without a matched acquire!
