04-22 05:35:28.305  4031  4051 I assembly.kernel.base.runtime-shell-v2.application.KernelRuntimeAppV2: [runtime.load] kernel runtime app v2 started {"runtimeName":"assembly.android.mixc-retail-rn84","moduleDescriptors":[{"moduleName":"assembly.android.mixc-retail-rn84","packageVersion":"1.0.0","dependencies":[],"stateSliceNames":[],"commandNames":[],"actorKeys":["assembly.android.mixc-retail-rn84.AssemblyRuntimeInitializeActor"],"errorKeys":[],"parameterKeys":[],"hasInstall":true,"hasPreSetup":true},{"moduleName":"kernel.base.topology-runtime-v3","packageVersion":"0.0.1","dependencies":[],"stateSliceNames":["kernel.base.topology-runtime-v3.config","kernel.base.topology-runtime-v3.context","kernel.base.topology-runtime-v3.connection","kernel.base.topology-runtime-v3.peer","kernel.base.topology-runtime-v3.sync","kernel.base.topology-runtime-v3.request-mirror","kernel.base.topology-runtime-v3.demo.master","kernel.base.topology-runtime-v3.demo.slave"],"commandNames":["kernel.base.topology-runtime-v3.set-instance-mode","kernel.base.topology-runtime-v3.set-display-mode","kernel.base.topology-runtime-v3.set-enable-slave","kernel.base.topology-runtime-v3.set-master-locator","kernel.base.topology-runtime-v3.clear-master-locator","kernel.base.topology-runtime-v3.refresh-topology-context","kernel.base.topology-runtime-v3.start-topology-connection","kernel.base.topology-runtime-v3.stop-topology-connection","kernel.base.topology-runtime-v3.restart-topology-connection","kernel.base.topology-runtime-v3.upsert-demo-master-entry","kernel.base.topology-runtime-v3.remove-demo-master-entry","kernel.base.topology-runtime-v3.reset-demo-master-state","kernel.base.topology-runtime-v3.upsert-demo-slave-entry","kernel.base.topology-runtime-v3.remove-demo-slave-entry","kernel.base.topology-runtime-v3.reset-demo-slave-state"],"actorKeys":["kernel.base.topology-runtime-v3.TopologyContextActor","kernel.base.topology-runtime-v3.TopologyConnectionActor","kernel.base.topology-runtime-v3.TopologyDemoSyncActor"],"errorKeys":["kernel.base.topology-runtime-v3.display_context_required","kernel.base.topology-runtime-v3.orchestrator_required","kernel.base.topology-runtime-v3.socket_binding_required","kernel.base.topology-runtime-v3.hello_runtime_required","kernel.base.topology-runtime-v3.action_not_allowed"],"parameterKeys":["kernel.base.topology-runtime-v3.reconnect-interval-ms"],"hasInstall":true,"hasPreSetup":true},{"moduleName":"kernel.base.tcp-control-runtime-v2","packageVersion":"0.0.1","dependencies":[],"stateSliceNames":["kernel.base.tcp-control-runtime-v2.identity","kernel.base.tcp-control-runtime-v2.credential","kernel.base.tcp-control-runtime-v2.binding","kernel.base.tcp-control-runtime-v2.sandbox","kernel.base.tcp-control-runtime-v2.runtime"],"commandNames":["kernel.base.tcp-control-runtime-v2.bootstrap-tcp-control","kernel.base.tcp-control-runtime-v2.bootstrap-tcp-control-succeeded","kernel.base.tcp-control-runtime-v2.activate-terminal","kernel.base.tcp-control-runtime-v2.activate-terminal-succeeded","kernel.base.tcp-control-runtime-v2.refresh-credential","kernel.base.tcp-control-runtime-v2.credential-refreshed","kernel.base.tcp-control-runtime-v2.deactivate-terminal","kernel.base.tcp-control-runtime-v2.deactivate-terminal-succeeded","kernel.base.tcp-control-runtime-v2.report-task-result","kernel.base.tcp-control-runtime-v2.task-result-reported","kernel.base.tcp-control-runtime-v2.reset-tcp-control"],"actorKeys":["kernel.base.tcp-control-runtime-v2.TcpBootstrapActor","kernel.base.tcp-control-runtime-v2.TcpActivationActor","kernel.base.tcp-control-runtime-v2.TcpCredentialActor","kernel.base.tcp-control-runtime-v2.TcpDeactivationActor","kernel.base.tcp-control-runtime-v2.TcpTaskReportActor","kernel.base.tcp-control-runtime-v2.TcpStateMutationActor"],"errorKeys":["kernel.base.tcp-control-runtime-v2.activation_code_invalid","kernel.base.tcp-control-runtime-v2.activation_failed","kernel.base.tcp-control-runtime-v2.credential_missing","kernel.base.tcp-control-runtime-v2.credential_expired","kernel.base.tcp-control-runtime-v2.refresh_failed","kernel.base.tcp
04-22 05:35:28.307  4031  4051 I MMKV    : <MemoryFile.cpp:103::open> open fd[139], flag 0x7, /data/data/com.impos2.mixcretailassemblyrn84/files/mmkv/specialCharacter/c34670a355176d0b412ad7c68e58044e
04-22 05:35:28.307  4031  4051 I MMKV    : <MemoryFile.cpp:250::mmapOrCleanup> mmap to address [0x7bc1f29000], oldPtr [0x0], [/data/data/com.impos2.mixcretailassemblyrn84/files/mmkv/specialCharacter/c34670a355176d0b412ad7c68e58044e]
04-22 05:35:28.307  4031  4051 I MMKV    : <MemoryFile.cpp:109::close> closing fd[139], /data/data/com.impos2.mixcretailassemblyrn84/files/mmkv/specialCharacter/c34670a355176d0b412ad7c68e58044e
04-22 05:35:28.307  4031  4051 I MMKV    : <MemoryFile.cpp:103::open> open fd[139], flag 0x7, /data/data/com.impos2.mixcretailassemblyrn84/files/mmkv/specialCharacter/c34670a355176d0b412ad7c68e58044e.crc
04-22 05:35:28.307  4031  4051 I MMKV    : <MemoryFile.cpp:250::mmapOrCleanup> mmap to address [0x7bc1ea3000], oldPtr [0x0], [/data/data/com.impos2.mixcretailassemblyrn84/files/mmkv/specialCharacter/c34670a355176d0b412ad7c68e58044e.crc]
04-22 05:35:28.307  4031  4051 I MMKV    : <MemoryFile.cpp:103::open> open fd[140], flag 0x7, /data/data/com.impos2.mixcretailassemblyrn84/files/mmkv/specialCharacter/c34670a355176d0b412ad7c68e58044e
04-22 05:35:28.307  4031  4051 I MMKV    : <MemoryFile.cpp:109::close> closing fd[140], /data/data/com.impos2.mixcretailassemblyrn84/files/mmkv/specialCharacter/c34670a355176d0b412ad7c68e58044e
04-22 05:35:28.308  4031  4051 I MMKV    : <MMKV_IO.cpp:287::loadMetaInfoAndCheck> meta file [mixc-retail-assembly-rn84::version-report-outbox] has flag [0]
04-22 05:35:28.308  4031  4051 I MMKV    : <MMKV_IO.cpp:94::loadFromFile> loading [mixc-retail-assembly-rn84::version-report-outbox] with 463 actual size, file size 4096, InterProcess 0, meta info version:4
04-22 05:35:28.308  4031  4051 I MMKV    : <MMKV_IO.cpp:99::loadFromFile> loading [mixc-retail-assembly-rn84::version-report-outbox] with crc 536298396 sequence 1 version 4
04-22 05:35:28.308  4031  4051 I MMKV    : <MMKV_IO.cpp:145::loadFromFile> loaded [mixc-retail-assembly-rn84::version-report-outbox] with 1 key-values
04-22 05:35:28.308  4031  4051 I assembly.android.mixc-retail-rn84.boot: {"stage":"runtime.start:done","displayIndex":0,"displayCount":1}
04-22 05:35:28.309  4031  4051 I assembly.assembly.android.mixc-retail-rn84: [assembly.topology] Native topology host already matches desired lifecycle state {"displayCount":1,"displayIndex":0,"deviceId":"ZJ63NQELD9","instanceMode":"SLAVE","enableSlave":false,"running":false,"reason":"not-master-or-single-primary-host"}
04-22 05:35:28.309  4031  4051 I assembly.assembly.android.mixc-retail-rn84: [assembly.topology] Native topology host already matches desired lifecycle state {"displayCount":1,"displayIndex":0,"deviceId":"ZJ63NQELD9","instanceMode":"SLAVE","enableSlave":false,"running":false,"reason":"not-master-or-single-primary-host"}
04-22 05:35:28.311  4031  4051 I MMKV    : <MMKV_IO.cpp:609::writeActualSize> [mixc-retail-assembly-rn84::state] increase sequence to 120, crc 1192665866, actualSize 30768
04-22 05:35:28.311  4031  4051 I MMKV    : <MMKV.cpp:1208::sync> MMKV::sync, SyncFlag = 1
04-22 05:35:28.313  4031  4051 I assembly.android.mixc-retail-rn84.boot: {"stage":"automation.host:start","displayIndex":0,"displayCount":1,"target":"primary","host":"127.0.0.1","port":18584,"generation":"automation-host-2-32785853130716"}
04-22 05:35:28.319  4031  4051 I assembly.android.mixc-retail-rn84.boot: {"stage":"app-load-complete:start","displayIndex":0}
04-22 05:35:28.319  4031  4051 I StartupAudit: app_load_complete displayIndex=0 pid=4031 time=2026-04-22 05:35:28.319
04-22 05:35:28.320  4031  4051 I StartupAudit: hot_update_health_check_cancelled reason=load-complete pid=4031 time=2026-04-22 05:35:28.320
04-22 05:35:28.320  4031  4051 I StartupAudit: secondary_launch_scheduled pid=4031 time=2026-04-22 05:35:28.320
04-22 05:35:28.328  4031  4051 I assembly.assembly.android.mixc-retail-rn84: [assembly.topology] Native topology host already matches desired lifecycle state {"displayCount":1,"displayIndex":0,"deviceId":"ZJ63NQELD9","instanceMode":"SLAVE","enableSlave":false,"running":false,"reason":"not-master-or-single-primary-host"}
04-22 05:35:28.330  4031  4051 I MMKV    : <MMKV_IO.cpp:609::writeActualSize> [mixc-retail-assembly-rn84::state] increase sequence to 121, crc 772886732, actualSize 31390
04-22 05:35:28.330  4031  4051 I MMKV    : <MMKV.cpp:1208::sync> MMKV::sync, SyncFlag = 1
04-22 05:35:28.332  4031  4051 I assembly.android.mixc-retail-rn84.boot: {"stage":"app-load-complete:done","displayIndex":0}
04-22 05:35:28.333  4031  4051 I assembly.assembly.android.mixc-retail-rn84: [assembly.topology] Native topology host already matches desired lifecycle state {"displayCount":1,"displayIndex":0,"deviceId":"ZJ63NQELD9","instanceMode":"SLAVE","enableSlave":false,"running":false,"reason":"not-master-or-single-primary-host"}
04-22 05:35:28.337  4031  4051 I MMKV    : <MMKV_IO.cpp:609::writeActualSize> [mixc-retail-assembly-rn84::state] increase sequence to 122, crc 548964433, actualSize 31390
04-22 05:35:28.337  4031  4051 I MMKV    : <MMKV.cpp:1208::sync> MMKV::sync, SyncFlag = 1
04-22 05:35:28.341   938   938 D wpa_supplicant: nl80211: Drv Event 64 (NL80211_CMD_NOTIFY_CQM) received for wlan0
04-22 05:35:28.341   938   938 D wpa_supplicant: nl80211: Beacon loss event
04-22 05:35:28.341   938   938 D wpa_supplicant: wlan0: Event BEACON_LOSS (53) received
04-22 05:35:28.341   938   938 I wpa_supplicant: wlan0: CTRL-EVENT-BEACON-LOSS 
04-22 05:35:28.350  4031  4051 I assembly.assembly.android.mixc-retail-rn84: [assembly.topology] Native topology host already matches desired lifecycle state {"displayCount":1,"displayIndex":0,"deviceId":"ZJ63NQELD9","instanceMode":"SLAVE","enableSlave":false,"running":false,"reason":"not-master-or-single-primary-host"}
04-22 05:35:28.352  4031  4051 I MMKV    : <MMKV_IO.cpp:609::writeActualSize> [mixc-retail-assembly-rn84::state] increase sequence to 123, crc 138372601, actualSize 31390
04-22 05:35:28.352  4031  4051 I MMKV    : <MMKV.cpp:1208::sync> MMKV::sync, SyncFlag = 1
04-22 05:35:28.354  4031  4051 I assembly.assembly.android.mixc-retail-rn84: [assembly.topology] Native topology host already matches desired lifecycle state {"displayCount":1,"displayIndex":0,"deviceId":"ZJ63NQELD9","instanceMode":"SLAVE","enableSlave":false,"running":false,"reason":"not-master-or-single-primary-host"}
04-22 05:35:28.354  4031  4051 I assembly.assembly.android.mixc-retail-rn84: [assembly.topology] Native topology host already matches desired lifecycle state {"displayCount":1,"displayIndex":0,"deviceId":"ZJ63NQELD9","instanceMode":"SLAVE","enableSlave":false,"running":false,"reason":"not-master-or-single-primary-host"}
04-22 05:35:28.356  4031  4051 I assembly.assembly.android.mixc-retail-rn84: [assembly.topology] Native topology host already matches desired lifecycle state {"displayCount":1,"displayIndex":0,"deviceId":"ZJ63NQELD9","instanceMode":"SLAVE","enableSlave":false,"running":false,"reason":"not-master-or-single-primary-host"}
04-22 05:35:28.360  4031  4051 I MMKV    : <MMKV_IO.cpp:609::writeActualSize> [mixc-retail-assembly-rn84::state] increase sequence to 124, crc 138372601, actualSize 31390
04-22 05:35:28.360  4031  4051 I MMKV    : <MMKV.cpp:1208::sync> MMKV::sync, SyncFlag = 1
04-22 05:35:28.601  4031  4101 D ProfileInstaller: Installing profile for com.impos2.mixcretailassemblyrn84
04-22 05:35:29.699   459   537 I netd    : tetherGetStats() -> {[]} <1.64ms>
04-22 05:35:29.989  1052  4013 D NetworkMonitor/101: PROBE_HTTPS https://www.google.com/generate_204 Probe failed with exception javax.net.ssl.SSLHandshakeException: connection closed
04-22 05:35:29.989  1052  4012 D NetworkMonitor/101: isCaptivePortal: isSuccessful()=false isPortal()=false RedirectUrl=null isPartialConnectivity()=true Time=10532ms
04-22 05:35:29.990   683   864 D ConnectivityService: [101 WIFI] validation failed
04-22 05:35:30.761   683   858 W BestClock: java.time.DateTimeException: No network time available
04-22 05:35:30.761   683   858 W BestClock: java.time.DateTimeException: No network time available
04-22 05:35:30.761   683   858 W BestClock: java.time.DateTimeException: No network time available
04-22 05:35:30.761   683   858 W BestClock: java.time.DateTimeException: No network time available
04-22 05:35:30.761   683   858 W BestClock: java.time.DateTimeException: No network time available
04-22 05:35:30.763   683   858 D WifiClientModeImpl[9769:wlan0]: updateLinkLayerStatsRssiSpeedFrequencyCapabilities rssi=-50 TxLinkspeed=2 freq=2447 RxLinkSpeed=2
04-22 05:35:30.763   683   858 D WifiDataStall: tx tput in kbps: 11000
04-22 05:35:30.763   683   858 D WifiDataStall: rx tput in kbps: 11000
04-22 05:35:30.763   683   858 V WifiConfigManager: Updating scan detail cache freq=2447 BSSID=00:13:10:85:fe:01 RSSI=-50 for "AndroidWifi"NONE
04-22 05:35:30.763   683   858 D WifiThroughputPredictor:  utilization (LLS) 80 isBluetoothConnected: false final utilization: 80
04-22 05:35:30.763   683   858 D WifiThroughputPredictor:  BW: 0 RSSI: -50 Nss: 1 Mode: 1 symDur: 4000 snrDb 30 bitPerTone: 4500 rate: 54 throughput: 11
04-22 05:35:30.763   683   858 D WifiThroughputPredictor:  utilization (LLS) 80 isBluetoothConnected: false final utilization: 80
04-22 05:35:30.763   683   858 D WifiThroughputPredictor:  BW: 0 RSSI: -50 Nss: 1 Mode: 1 symDur: 4000 snrDb 30 bitPerTone: 4500 rate: 54 throughput: 11
04-22 05:35:30.763   683   858 D WifiThroughputPredictor:  utilization (LLS) 80 isBluetoothConnected: false final utilization: 80
04-22 05:35:30.763   683   858 D WifiThroughputPredictor:  BW: 0 RSSI: -50 Nss: 1 Mode: 1 symDur: 4000 snrDb 30 bitPerTone: 4500 rate: 54 throughput: 11
04-22 05:35:30.763   683   858 D WifiThroughputPredictor:  utilization (LLS) 80 isBluetoothConnected: false final utilization: 80
04-22 05:35:30.763   683   858 D WifiThroughputPredictor:  BW: 0 RSSI: -50 Nss: 1 Mode: 1 symDur: 4000 snrDb 30 bitPerTone: 4500 rate: 54 throughput: 11
04-22 05:35:30.764   683   858 D WifiScoreCard: BSSID update SIGNAL_POLL ID: 261501600 SSID: "AndroidWifi", BSSID: 00:13:10:85:fe:01, MAC: 02:15:b4:00:00:00, IP: /10.0.2.17, Security type: 0, Supplicant state: COMPLETED, Wi-Fi standard: legacy, RSSI: -50, Link speed: 2Mbps, Tx Link speed: 2Mbps, Max Supported Tx Link speed: 11Mbps, Rx Link speed: 2Mbps, Max Supported Rx Link speed: 11Mbps, Frequency: 2447MHz, Net ID: 0, Metered hint: false, score: 60, isUsable: true, CarrierMerged: false, SubscriptionId: -1, IsPrimary: 1, Trusted: true, Restricted: false, Ephemeral: false, OEM paid: false, OEM private: false, OSU AP: false, FQDN: <none>, Provider friendly name: <none>, Requesting package name: <none>"AndroidWifi"openMLO Information: , Is TID-To-Link negotiation supported by the AP: false, AP MLD Address: <none>, AP MLO Link Id: <none>, AP MLO Affiliated links: <none>, Vendor Data: <none>
04-22 05:35:30.764   683   858 D WifiScoreCard: txRate: 3 txSpeed: 2
04-22 05:35:30.764   683   858 D WifiScoreCard: network update SIGNAL_POLL "AndroidWifi" ID: 579418950 RSSI -50 txSpeed -1
04-22 05:35:30.764   683   858 D WifiClientModeImpl[9769:wlan0]:  ClientModeImpl$L2ConnectedState screen=on 1 0 "AndroidWifi" 00:13:10:85:fe:01 rssi=-50 f=2447 sc=60 link=2 tx=2.6, 0.0, 0.0 rx=2.4 bcn=0 [on:0 tx:0 rx:0 period:3005] from screen [on:0 period:-1309129780] score=60
04-22 05:35:33.724   957  1163 E FrameTracker: force finish cuj, time out: J<SPLASHSCREEN_EXIT_ANIM>
04-22 05:35:33.724   957  1163 W FrameTracker: Missed App frame:UNKNOWN: 3, 12397366, 26256033, CUJ=J<SPLASHSCREEN_EXIT_ANIM>
04-22 05:35:33.724   957  1163 W FrameTracker: Missed SF frame:UNKNOWN: 3, 12397366, 26256033, CUJ=J<SPLASHSCREEN_EXIT_ANIM>
04-22 05:35:33.724   957  1163 W FrameTracker: Missed SF frame:JANK_COMPOSER, 12397409, 21643409, CUJ=J<SPLASHSCREEN_EXIT_ANIM>
04-22 05:35:33.724   957  1163 W FrameTracker: Missed SF frame:JANK_COMPOSER, 12397445, 24305701, CUJ=J<SPLASHSCREEN_EXIT_ANIM>
04-22 05:35:33.724   957  1163 W FrameTracker: Missed SF frame:JANK_COMPOSER, 12397488, 23652744, CUJ=J<SPLASHSCREEN_EXIT_ANIM>
04-22 05:35:33.724   957  1163 W FrameTracker: Missed SF frame:JANK_COMPOSER, 12397524, 22844453, CUJ=J<SPLASHSCREEN_EXIT_ANIM>
04-22 05:35:33.724   957  1163 W FrameTracker: Missed SF frame:JANK_COMPOSER, 12397560, 23557578, CUJ=J<SPLASHSCREEN_EXIT_ANIM>
04-22 05:35:33.724   957  1163 W FrameTracker: Missed SF frame:JANK_COMPOSER, 12397596, 22641704, CUJ=J<SPLASHSCREEN_EXIT_ANIM>
04-22 05:35:33.724   957  1163 W FrameTracker: Missed SF frame:JANK_COMPOSER, 12397625, 20911205, CUJ=J<SPLASHSCREEN_EXIT_ANIM>
04-22 05:35:33.724   957  1163 W FrameTracker: Missed SF frame:JANK_COMPOSER, 12397661, 21186997, CUJ=J<SPLASHSCREEN_EXIT_ANIM>
04-22 05:35:33.724   957  1163 W FrameTracker: Missed SF frame:JANK_COMPOSER, 12397690, 20775664, CUJ=J<SPLASHSCREEN_EXIT_ANIM>
04-22 05:35:33.724   957  1163 W FrameTracker: Missed SF frame:JANK_COMPOSER, 12397719, 21013915, CUJ=J<SPLASHSCREEN_EXIT_ANIM>
04-22 05:35:33.724   957  1163 W FrameTracker: Missed SF frame:JANK_COMPOSER, 12397748, 20843166, CUJ=J<SPLASHSCREEN_EXIT_ANIM>
04-22 05:35:33.724   957  1163 W FrameTracker: Missed SF frame:JANK_COMPOSER, 12397777, 20847458, CUJ=J<SPLASHSCREEN_EXIT_ANIM>
04-22 05:35:33.724   957  1163 W FrameTracker: Missed App frame:UNKNOWN: 3, 12397806, 33765625, CUJ=J<SPLASHSCREEN_EXIT_ANIM>
04-22 05:35:33.724   957  1163 W FrameTracker: Missed SF frame:UNKNOWN: 3, 12397806, 33765625, CUJ=J<SPLASHSCREEN_EXIT_ANIM>
04-22 05:35:33.724   957  1107 V PerfettoTrigger: Not triggering com.android.telemetry.interaction-jank-monitor-39 - not enough time since last trigger
04-22 05:35:33.770   683   858 W BestClock: java.time.DateTimeException: No network time available
04-22 05:35:33.770   683   858 W BestClock: java.time.DateTimeException: No network time available
04-22 05:35:33.770   683   858 W BestClock: java.time.DateTimeException: No network time available
04-22 05:35:33.770   683   858 W BestClock: java.time.DateTimeException: No network time available
04-22 05:35:33.770   683   858 W BestClock: java.time.DateTimeException: No network time available
04-22 05:35:33.771   683   858 D WifiClientModeImpl[9769:wlan0]: updateLinkLayerStatsRssiSpeedFrequencyCapabilities rssi=-50 TxLinkspeed=1 freq=2447 RxLinkSpeed=2
04-22 05:35:33.771   683   858 D WifiDataStall: tx tput in kbps: 11000
04-22 05:35:33.771   683   858 D WifiDataStall: rx tput in kbps: 11000
04-22 05:35:33.771   683   858 V WifiConfigManager: Updating scan detail cache freq=2447 BSSID=00:13:10:85:fe:01 RSSI=-50 for "AndroidWifi"NONE
04-22 05:35:33.771   683   858 D WifiThroughputPredictor:  utilization (LLS) 80 isBluetoothConnected: false final utilization: 80
04-22 05:35:33.771   683   858 D WifiThroughputPredictor:  BW: 0 RSSI: -50 Nss: 1 Mode: 1 symDur: 4000 snrDb 30 bitPerTone: 4500 rate: 54 throughput: 11
04-22 05:35:33.771   683   858 D WifiThroughputPredictor:  utilization (LLS) 80 isBluetoothConnected: false final utilization: 80
04-22 05:35:33.771   683   858 D WifiThroughputPredictor:  BW: 0 RSSI: -50 Nss: 1 Mode: 1 symDur: 4000 snrDb 30 bitPerTone: 4500 rate: 54 throughput: 11
04-22 05:35:33.771   683   858 D WifiThroughputPredictor:  utilization (LLS) 80 isBluetoothConnected: false final utilization: 80
04-22 05:35:33.771   683   858 D WifiThroughputPredictor:  BW: 0 RSSI: -50 Nss: 1 Mode: 1 symDur: 4000 snrDb 30 bitPerTone: 4500 rate: 54 throughput: 11
04-22 05:35:33.771   683   858 D WifiThroughputPredictor:  utilization (LLS) 80 isBluetoothConnected: false final utilization: 80
04-22 05:35:33.771   683   858 D WifiThroughputPredictor:  BW: 0 RSSI: -50 Nss: 1 Mode: 1 symDur: 4000 snrDb 30 bitPerTone: 4500 rate: 54 throughput: 11
04-22 05:35:33.771   683   858 D WifiScoreCard: BSSID update SIGNAL_POLL ID: 261501600 SSID: "AndroidWifi", BSSID: 00:13:10:85:fe:01, MAC: 02:15:b4:00:00:00, IP: /10.0.2.17, Security type: 0, Supplicant state: COMPLETED, Wi-Fi standard: legacy, RSSI: -50, Link speed: 1Mbps, Tx Link speed: 1Mbps, Max Supported Tx Link speed: 11Mbps, Rx Link speed: 2Mbps, Max Supported Rx Link speed: 11Mbps, Frequency: 2447MHz, Net ID: 0, Metered hint: false, score: 60, isUsable: true, CarrierMerged: false, SubscriptionId: -1, IsPrimary: 1, Trusted: true, Restricted: false, Ephemeral: false, OEM paid: false, OEM private: false, OSU AP: false, FQDN: <none>, Provider friendly name: <none>, Requesting package name: <none>"AndroidWifi"openMLO Information: , Is TID-To-Link negotiation supported by the AP: false, AP MLD Address: <none>, AP MLO Link Id: <none>, AP MLO Affiliated links: <none>, Vendor Data: <none>
04-22 05:35:33.771   683   858 D WifiScoreCard: txRate: 2 txSpeed: 1
04-22 05:35:33.771   683   858 D WifiScoreCard: network update SIGNAL_POLL "AndroidWifi" ID: 579418950 RSSI -50 txSpeed -1
04-22 05:35:33.771   683   858 D WifiClientModeImpl[9769:wlan0]:  ClientModeImpl$L2ConnectedState screen=on 1 0 "AndroidWifi" 00:13:10:85:fe:01 rssi=-50 f=2447 sc=60 link=1 tx=1.8, 0.0, 0.0 rx=1.7 bcn=0 [on:0 tx:0 rx:0 period:3007] from screen [on:0 period:-1309126773] score=60
04-22 05:35:34.001   459  4106 I resolv  : ResNSendHandler::run: 0 / {101 983141 101 983141 1073 1}
04-22 05:35:34.001   459  4107 I resolv  : ResNSendHandler::run: 0 / {101 983141 101 983141 1073 1}
04-22 05:35:34.001   459  4106 I resolv  : resolv_cache_lookup: FOUND IN CACHE entry=0xb400007cdced1150
04-22 05:35:34.001   459  4107 I resolv  : resolv_cache_lookup: FOUND IN CACHE entry=0xb400007d0ced7b50
04-22 05:35:34.003   459  4108 I resolv  : ResNSendHandler::run: 0 / {101 983141 101 983141 1073 1}
04-22 05:35:34.003   459  4109 I resolv  : ResNSendHandler::run: 0 / {101 983141 101 983141 1073 1}
04-22 05:35:34.003   459  4108 I resolv  : resolv_cache_lookup: FOUND IN CACHE entry=0xb400007e7ced28b0
04-22 05:35:34.004   459  4109 I resolv  : resolv_cache_lookup: FOUND IN CACHE entry=0xb400007d2ced1320
04-22 05:35:34.006  1052  4105 D NetworkMonitor/101: PROBE_DNS connectivitycheck.gstatic.com 8ms OK 114.250.65.34
04-22 05:35:34.008   459  4110 I resolv  : GetAddrInfoHandler::run: {101 983141 101 983141 1073 1}
04-22 05:35:34.008   459  4111 I resolv  : res_nmkquery: (QUERY, IN, AAAA)
04-22 05:35:34.008   459  4111 I resolv  : resolv_cache_lookup: FOUND IN CACHE entry=0xb400007d0ced7b50
04-22 05:35:34.008   459  4111 I resolv  : doQuery: rcode=0, ancount=0, return value=117
04-22 05:35:34.008   459  4112 I resolv  : res_nmkquery: (QUERY, IN, A)
04-22 05:35:34.008   459  4112 I resolv  : resolv_cache_lookup: FOUND IN CACHE entry=0xb400007e7ced28b0
04-22 05:35:34.008   459  4112 I resolv  : doQuery: rcode=0, ancount=1, return value=63
04-22 05:35:34.011  1052  4104 D NetworkMonitor/101: PROBE_DNS www.google.com 13ms OK 69.171.235.22,2001::1
04-22 05:35:34.013   459  4113 I resolv  : GetAddrInfoHandler::run: {101 983141 101 983141 1073 1}
04-22 05:35:34.013   459  4114 I resolv  : res_nmkquery: (QUERY, IN, AAAA)
04-22 05:35:34.013   459  4114 I resolv  : resolv_cache_lookup: FOUND IN CACHE entry=0xb400007cdced1150
04-22 05:35:34.013   459  4114 I resolv  : doQuery: rcode=0, ancount=1, return value=60
04-22 05:35:34.013   459  4115 I resolv  : res_nmkquery: (QUERY, IN, A)
04-22 05:35:34.013   459  4115 I resolv  : resolv_cache_lookup: FOUND IN CACHE entry=0xb400007d2ced1320
04-22 05:35:34.013   459  4115 I resolv  : doQuery: rcode=0, ancount=1, return value=48
04-22 05:35:34.326  1052  4105 D NetworkMonitor/101: PROBE_HTTP http://connectivitycheck.gstatic.com/generate_204 time=319ms ret=204 request={Connection=[close], User-Agent=[Mozilla/5.0 (X11; Linux x86_64) AppleWebKit/537.36 (KHTML, like Gecko) Chrome/60.0.3112.32 Safari/537.36]} headers={null=[HTTP/1.1 204 No Content], Connection=[close], Cross-Origin-Resource-Policy=[cross-origin], Date=[Tue, 21 Apr 2026 21:35:34 GMT], X-Android-Received-Millis=[1776807334326], X-Android-Response-Source=[NETWORK 204], X-Android-Selected-Protocol=[http/1.1], X-Android-Sent-Millis=[1776807334010]}
04-22 05:35:36.277   938   938 D wpa_supplicant: nl80211: Drv Event 64 (NL80211_CMD_NOTIFY_CQM) received for wlan0
04-22 05:35:36.278   938   938 D wpa_supplicant: nl80211: Beacon loss event
04-22 05:35:36.278   938   938 D wpa_supplicant: wlan0: Event BEACON_LOSS (53) received
04-22 05:35:36.278   938   938 I wpa_supplicant: wlan0: CTRL-EVENT-BEACON-LOSS 
04-22 05:35:36.698  1086  1298 D SatelliteController: iisInCarrierRoamingNbIotNtn: satellite is disabled
04-22 05:35:36.775   683   858 W BestClock: java.time.DateTimeException: No network time available
04-22 05:35:36.775   683   858 W BestClock: java.time.DateTimeException: No network time available
04-22 05:35:36.775   683   858 W BestClock: java.time.DateTimeException: No network time available
04-22 05:35:36.775   683   858 W BestClock: java.time.DateTimeException: No network time available
04-22 05:35:36.775   683   858 W BestClock: java.time.DateTimeException: No network time available
04-22 05:35:36.775   683   858 D WifiClientModeImpl[9769:wlan0]: updateLinkLayerStatsRssiSpeedFrequencyCapabilities rssi=-50 TxLinkspeed=1 freq=2447 RxLinkSpeed=2
04-22 05:35:36.775   683   858 D WifiDataStall: tx tput in kbps: 11000
04-22 05:35:36.775   683   858 D WifiDataStall: rx tput in kbps: 11000
04-22 05:35:36.775   683   858 V WifiConfigManager: Updating scan detail cache freq=2447 BSSID=00:13:10:85:fe:01 RSSI=-50 for "AndroidWifi"NONE
04-22 05:35:36.775   683   858 D WifiThroughputPredictor:  utilization (LLS) 80 isBluetoothConnected: false final utilization: 80
04-22 05:35:36.775   683   858 D WifiThroughputPredictor:  BW: 0 RSSI: -50 Nss: 1 Mode: 1 symDur: 4000 snrDb 30 bitPerTone: 4500 rate: 54 throughput: 11
04-22 05:35:36.775   683   858 D WifiThroughputPredictor:  utilization (LLS) 80 isBluetoothConnected: false final utilization: 80
04-22 05:35:36.775   683   858 D WifiThroughputPredictor:  BW: 0 RSSI: -50 Nss: 1 Mode: 1 symDur: 4000 snrDb 30 bitPerTone: 4500 rate: 54 throughput: 11
04-22 05:35:36.776   683   858 D WifiThroughputPredictor:  utilization (LLS) 80 isBluetoothConnected: false final utilization: 80
04-22 05:35:36.776   683   858 D WifiThroughputPredictor:  BW: 0 RSSI: -50 Nss: 1 Mode: 1 symDur: 4000 snrDb 30 bitPerTone: 4500 rate: 54 throughput: 11
04-22 05:35:36.776   683   858 D WifiThroughputPredictor:  utilization (LLS) 80 isBluetoothConnected: false final utilization: 80
04-22 05:35:36.776   683   858 D WifiThroughputPredictor:  BW: 0 RSSI: -50 Nss: 1 Mode: 1 symDur: 4000 snrDb 30 bitPerTone: 4500 rate: 54 throughput: 11
04-22 05:35:36.776   683   858 D WifiScoreCard: BSSID update SIGNAL_POLL ID: 261501600 SSID: "AndroidWifi", BSSID: 00:13:10:85:fe:01, MAC: 02:15:b4:00:00:00, IP: /10.0.2.17, Security type: 0, Supplicant state: COMPLETED, Wi-Fi standard: legacy, RSSI: -50, Link speed: 1Mbps, Tx Link speed: 1Mbps, Max Supported Tx Link speed: 11Mbps, Rx Link speed: 2Mbps, Max Supported Rx Link speed: 11Mbps, Frequency: 2447MHz, Net ID: 0, Metered hint: false, score: 60, isUsable: true, CarrierMerged: false, SubscriptionId: -1, IsPrimary: 1, Trusted: true, Restricted: false, Ephemeral: false, OEM paid: false, OEM private: false, OSU AP: false, FQDN: <none>, Provider friendly name: <none>, Requesting package name: <none>"AndroidWifi"openMLO Information: , Is TID-To-Link negotiation supported by the AP: false, AP MLD Address: <none>, AP MLO Link Id: <none>, AP MLO Affiliated links: <none>, Vendor Data: <none>
04-22 05:35:36.776   683   858 D WifiScoreCard: txRate: 3 txSpeed: 1
04-22 05:35:36.776   683   858 D WifiScoreCard: network update SIGNAL_POLL "AndroidWifi" ID: 579418950 RSSI -50 txSpeed -1
04-22 05:35:36.776   683   858 D WifiClientModeImpl[9769:wlan0]:  ClientModeImpl$L2ConnectedState screen=on 1 0 "AndroidWifi" 00:13:10:85:fe:01 rssi=-50 f=2447 sc=60 link=1 tx=2.3, 0.0, 0.0 rx=2.1 bcn=0 [on:0 tx:0 rx:0 period:3005] from screen [on:0 period:-1309123768] score=60
04-22 05:35:37.001   459  4116 I resolv  : GetAddrInfoHandler::run: {101 983141 101 983141 1073 1}
04-22 05:35:37.002   459  4117 I resolv  : res_nmkquery: (QUERY, IN, AAAA)
04-22 05:35:37.002   459  4117 I resolv  : resolv_cache_lookup: FOUND IN CACHE entry=0xb400007d0ced8690
04-22 05:35:37.002   459  4117 I resolv  : doQuery: rcode=0, ancount=4, return value=149
04-22 05:35:37.002   459  4118 I resolv  : res_nmkquery: (QUERY, IN, A)
04-22 05:35:37.329   459  4118 I resolv  : res_nsend: used send_dg 101 terrno: 0
04-22 05:35:37.329   459  4118 I resolv  : doQuery: rcode=0, ancount=4, return value=101
04-22 05:35:37.831  1052  4103 D NetworkMonitor/101: PROBE_FALLBACK http://play.googleapis.com/generate_204 time=831ms ret=204 request={Connection=[close], User-Agent=[Mozilla/5.0 (X11; Linux x86_64) AppleWebKit/537.36 (KHTML, like Gecko) Chrome/60.0.3112.32 Safari/537.36]} headers={null=[HTTP/1.1 204 No Content], Connection=[close], Cross-Origin-Resource-Policy=[cross-origin], Date=[Tue, 21 Apr 2026 21:35:37 GMT], X-Android-Received-Millis=[1776807337830], X-Android-Response-Source=[NETWORK 204], X-Android-Selected-Protocol=[http/1.1], X-Android-Sent-Millis=[1776807337334]}
04-22 05:35:39.780   683   858 W BestClock: java.time.DateTimeException: No network time available
04-22 05:35:39.780   683   858 W BestClock: java.time.DateTimeException: No network time available
04-22 05:35:39.780   683   858 W BestClock: java.time.DateTimeException: No network time available
04-22 05:35:39.780   683   858 W BestClock: java.time.DateTimeException: No network time available
04-22 05:35:39.780   683   858 W BestClock: java.time.DateTimeException: No network time available
04-22 05:35:39.783   683   858 D WifiClientModeImpl[9769:wlan0]: updateLinkLayerStatsRssiSpeedFrequencyCapabilities rssi=-50 TxLinkspeed=1 freq=2447 RxLinkSpeed=2
04-22 05:35:39.783   683   858 D WifiDataStall: tx tput in kbps: 11000
04-22 05:35:39.783   683   858 D WifiDataStall: rx tput in kbps: 11000
04-22 05:35:39.783   683   858 V WifiConfigManager: Updating scan detail cache freq=2447 BSSID=00:13:10:85:fe:01 RSSI=-50 for "AndroidWifi"NONE
04-22 05:35:39.783   683   858 D WifiThroughputPredictor:  utilization (LLS) 80 isBluetoothConnected: false final utilization: 80
04-22 05:35:39.783   683   858 D WifiThroughputPredictor:  BW: 0 RSSI: -50 Nss: 1 Mode: 1 symDur: 4000 snrDb 30 bitPerTone: 4500 rate: 54 throughput: 11
04-22 05:35:39.783   683   858 D WifiThroughputPredictor:  utilization (LLS) 80 isBluetoothConnected: false final utilization: 80
04-22 05:35:39.783   683   858 D WifiThroughputPredictor:  BW: 0 RSSI: -50 Nss: 1 Mode: 1 symDur: 4000 snrDb 30 bitPerTone: 4500 rate: 54 throughput: 11
04-22 05:35:39.783   683   858 D WifiThroughputPredictor:  utilization (LLS) 80 isBluetoothConnected: false final utilization: 80
04-22 05:35:39.783   683   858 D WifiThroughputPredictor:  BW: 0 RSSI: -50 Nss: 1 Mode: 1 symDur: 4000 snrDb 30 bitPerTone: 4500 rate: 54 throughput: 11
04-22 05:35:39.783   683   858 D WifiThroughputPredictor:  utilization (LLS) 80 isBluetoothConnected: false final utilization: 80
04-22 05:35:39.783   683   858 D WifiThroughputPredictor:  BW: 0 RSSI: -50 Nss: 1 Mode: 1 symDur: 4000 snrDb 30 bitPerTone: 4500 rate: 54 throughput: 11
04-22 05:35:39.783   683   858 D WifiScoreCard: BSSID update SIGNAL_POLL ID: 261501600 SSID: "AndroidWifi", BSSID: 00:13:10:85:fe:01, MAC: 02:15:b4:00:00:00, IP: /10.0.2.17, Security type: 0, Supplicant state: COMPLETED, Wi-Fi standard: legacy, RSSI: -50, Link speed: 1Mbps, Tx Link speed: 1Mbps, Max Supported Tx Link speed: 11Mbps, Rx Link speed: 2Mbps, Max Supported Rx Link speed: 11Mbps, Frequency: 2447MHz, Net ID: 0, Metered hint: false, score: 60, isUsable: true, CarrierMerged: false, SubscriptionId: -1, IsPrimary: 1, Trusted: true, Restricted: false, Ephemeral: false, OEM paid: false, OEM private: false, OSU AP: false, FQDN: <none>, Provider friendly name: <none>, Requesting package name: <none>"AndroidWifi"openMLO Information: , Is TID-To-Link negotiation supported by the AP: false, AP MLD Address: <none>, AP MLO Link Id: <none>, AP MLO Affiliated links: <none>, Vendor Data: <none>
04-22 05:35:39.783   683   858 D WifiScoreCard: txRate: 3 txSpeed: 1
04-22 05:35:39.783   683   858 D WifiScoreCard: network update SIGNAL_POLL "AndroidWifi" ID: 579418950 RSSI -50 txSpeed -1
04-22 05:35:39.783   683   858 D WifiClientModeImpl[9769:wlan0]:  ClientModeImpl$L2ConnectedState screen=on 1 0 "AndroidWifi" 00:13:10:85:fe:01 rssi=-50 f=2447 sc=60 link=1 tx=2.9, 0.0, 0.0 rx=2.8 bcn=0 [on:0 tx:0 rx:0 period:3007] from screen [on:0 period:-1309120761] score=60
04-22 05:35:40.860   235   235 I logd    : logdr: UID=2000 GID=2000 PID=4120 n tail=0 logMask=99 pid=0 start=0ns deadline=0ns
