04-22 05:35:23.233  4031  4051 I MMKV    : <MemoryFile.cpp:103::open> open fd[119], flag 0x7, /data/data/com.impos2.mixcretailassemblyrn84/files/mmkv/specialCharacter/cac4ff37f0f9b0189974948d3d3aa0fe.crc
04-22 05:35:23.233  4031  4051 I MMKV    : <MemoryFile.cpp:250::mmapOrCleanup> mmap to address [0x7bc2001000], oldPtr [0x0], [/data/data/com.impos2.mixcretailassemblyrn84/files/mmkv/specialCharacter/cac4ff37f0f9b0189974948d3d3aa0fe.crc]
04-22 05:35:23.233  4031  4051 I MMKV    : <MemoryFile.cpp:103::open> open fd[120], flag 0x7, /data/data/com.impos2.mixcretailassemblyrn84/files/mmkv/specialCharacter/cac4ff37f0f9b0189974948d3d3aa0fe
04-22 05:35:23.233  4031  4051 I MMKV    : <MemoryFile.cpp:109::close> closing fd[120], /data/data/com.impos2.mixcretailassemblyrn84/files/mmkv/specialCharacter/cac4ff37f0f9b0189974948d3d3aa0fe
04-22 05:35:23.233  4031  4051 I MMKV    : <MMKV_IO.cpp:287::loadMetaInfoAndCheck> meta file [mixc-retail-assembly-rn84::state] has flag [0]
04-22 05:35:23.233  4031  4051 I MMKV    : <MMKV_IO.cpp:94::loadFromFile> loading [mixc-retail-assembly-rn84::state] with 48525 actual size, file size 65536, InterProcess 0, meta info version:4
04-22 05:35:23.233  4031  4051 I MMKV    : <MMKV_IO.cpp:99::loadFromFile> loading [mixc-retail-assembly-rn84::state] with crc 2345310236 sequence 71 version 4
04-22 05:35:23.233  4031  4051 I MMKV    : <MMKV_IO.cpp:145::loadFromFile> loaded [mixc-retail-assembly-rn84::state] with 90 key-values
04-22 05:35:23.236  4031  4051 I MMKV    : <MemoryFile.cpp:103::open> open fd[124], flag 0x7, /data/data/com.impos2.mixcretailassemblyrn84/files/mmkv/specialCharacter/c08c20d895f199f98a40164528d2f6a6
04-22 05:35:23.236  4031  4051 I MMKV    : <MemoryFile.cpp:250::mmapOrCleanup> mmap to address [0x7bc2000000], oldPtr [0x0], [/data/data/com.impos2.mixcretailassemblyrn84/files/mmkv/specialCharacter/c08c20d895f199f98a40164528d2f6a6]
04-22 05:35:23.236  4031  4051 I MMKV    : <MemoryFile.cpp:109::close> closing fd[124], /data/data/com.impos2.mixcretailassemblyrn84/files/mmkv/specialCharacter/c08c20d895f199f98a40164528d2f6a6
04-22 05:35:23.236  4031  4051 I MMKV    : <MemoryFile.cpp:103::open> open fd[124], flag 0x7, /data/data/com.impos2.mixcretailassemblyrn84/files/mmkv/specialCharacter/c08c20d895f199f98a40164528d2f6a6.crc
04-22 05:35:23.236  4031  4051 I MMKV    : <MemoryFile.cpp:250::mmapOrCleanup> mmap to address [0x7bc1fff000], oldPtr [0x0], [/data/data/com.impos2.mixcretailassemblyrn84/files/mmkv/specialCharacter/c08c20d895f199f98a40164528d2f6a6.crc]
04-22 05:35:23.236  4031  4051 I MMKV    : <MemoryFile.cpp:103::open> open fd[125], flag 0x7, /data/data/com.impos2.mixcretailassemblyrn84/files/mmkv/specialCharacter/c08c20d895f199f98a40164528d2f6a6
04-22 05:35:23.236  4031  4051 I MMKV    : <MemoryFile.cpp:109::close> closing fd[125], /data/data/com.impos2.mixcretailassemblyrn84/files/mmkv/specialCharacter/c08c20d895f199f98a40164528d2f6a6
04-22 05:35:23.236  4031  4051 I MMKV    : <MMKV_IO.cpp:287::loadMetaInfoAndCheck> meta file [mixc-retail-assembly-rn84::secure-state] has flag [0]
04-22 05:35:23.236  4031  4051 I MMKV    : <MMKV_IO.cpp:94::loadFromFile> loading [mixc-retail-assembly-rn84::secure-state] with 769 actual size, file size 4096, InterProcess 0, meta info version:4
04-22 05:35:23.236  4031  4051 I MMKV    : <MMKV_IO.cpp:99::loadFromFile> loading [mixc-retail-assembly-rn84::secure-state] with crc 4222033919 sequence 5 version 4
04-22 05:35:23.236  4031  4051 I MMKV    : <MMKV_IO.cpp:145::loadFromFile> loaded [mixc-retail-assembly-rn84::secure-state] with 2 key-values
04-22 05:35:23.237  4031  4031 D InsetsController: hide(ime(), fromIme=false)
04-22 05:35:23.237  4031  4031 I ImeTracker: com.impos2.mixcretailassemblyrn84:510f69b0: onCancelled at PHASE_CLIENT_ALREADY_HIDDEN
04-22 05:35:23.238  1576  1576 I GoogleInputMethodService: GoogleInputMethodService.onFinishInput():2043 
04-22 05:35:23.239   683  1873 I ImeTracker: system_server:4ff27ebc: onRequestHide at ORIGIN_SERVER reason IME_REQUESTED_CHANGED_LISTENER fromUser false
04-22 05:35:23.241   683   734 I ImeTracker: system_server:4ff27ebc: onCancelled at PHASE_SERVER_SHOULD_HIDE
04-22 05:35:23.242  1576  1576 I Module  : DeviceLockedStatusModuleProvider$Module.updateDeviceLockedStatus():100 repeatCheckTimes = 0, locked = false
04-22 05:35:23.243  1576  1576 I GoogleInputMethodService: GoogleInputMethodService.onStartInput():1293 onStartInput(EditorInfo{EditorInfo{packageName=com.impos2.mixcretailassemblyrn84, inputType=0, inputTypeString=NULL, enableLearning=false, autoCorrection=false, autoComplete=false, imeOptions=0, privateImeOptions=null, actionName=UNSPECIFIED, actionLabel=null, initialSelStart=-1, initialSelEnd=-1, initialCapsMode=0, label=null, fieldId=0, fieldName=null, extras=null, hintText=null, hintLocales=[]}}, false)
04-22 05:35:23.245  1576  1576 I Module  : DeviceLockedStatusModuleProvider$Module.updateDeviceLockedStatus():100 repeatCheckTimes = 1, locked = false
04-22 05:35:23.245  1576  1576 I EmojiCompatManager: EmojiCompatManager.getEmojiCompatIfLoaded():343 EmojiCompat.init() was never called.
04-22 05:35:23.245  1576  1576 I EmojiCompatManager: java.lang.IllegalStateException: EmojiCompat is not initialized. Please call EmojiCompat.init() first
04-22 05:35:23.245  1576  1576 I EmojiCompatManager: 	at asx.p(PG:6)
04-22 05:35:23.245  1576  1576 I EmojiCompatManager: 	at axb.b(PG:13)
04-22 05:35:23.245  1576  1576 I EmojiCompatManager: 	at jnr.b(PG:2)
04-22 05:35:23.245  1576  1576 I EmojiCompatManager: 	at jnr.c(PG:4)
04-22 05:35:23.245  1576  1576 I EmojiCompatManager: 	at jnr.f(PG:3)
04-22 05:35:23.245  1576  1576 I EmojiCompatManager: 	at jnx.c(PG:3)
04-22 05:35:23.245  1576  1576 I EmojiCompatManager: 	at kif.cz(PG:47)
04-22 05:35:23.245  1576  1576 I EmojiCompatManager: 	at lhl.run(PG:1025)
04-22 05:35:23.245  1576  1576 I EmojiCompatManager: 	at jaf.execute(PG:12)
04-22 05:35:23.245  1576  1576 I EmojiCompatManager: 	at nco.v(PG:13)
04-22 05:35:23.245  1576  1576 I EmojiCompatManager: 	at lhn.m(PG:96)
04-22 05:35:23.245  1576  1576 I EmojiCompatManager: 	at lhn.k(PG:25)
04-22 05:35:23.245  1576  1576 I EmojiCompatManager: 	at kgn.onStartInput(PG:250)
04-22 05:35:23.245  1576  1576 I EmojiCompatManager: 	at android.inputmethodservice.InputMethodService.doStartInput(InputMethodService.java:3521)
04-22 05:35:23.245  1576  1576 I EmojiCompatManager: 	at android.inputmethodservice.InputMethodService$InputMethodImpl.startInput(InputMethodService.java:879)
04-22 05:35:23.245  1576  1576 I EmojiCompatManager: 	at android.inputmethodservice.InputMethodService$InputMethodImpl.dispatchStartInput(InputMethodService.java:908)
04-22 05:35:23.245  1576  1576 I EmojiCompatManager: 	at android.inputmethodservice.IInputMethodWrapper.executeMessage(IInputMethodWrapper.java:201)
04-22 05:35:23.245  1576  1576 I EmojiCompatManager: 	at com.android.internal.os.HandlerCaller$MyHandler.handleMessage(HandlerCaller.java:44)
04-22 05:35:23.245  1576  1576 I EmojiCompatManager: 	at android.os.Handler.dispatchMessage(Handler.java:110)
04-22 05:35:23.245  1576  1576 I EmojiCompatManager: 	at android.os.Looper.loopOnce(Looper.java:248)
04-22 05:35:23.245  1576  1576 I EmojiCompatManager: 	at android.os.Looper.loop(Looper.java:338)
04-22 05:35:23.245  1576  1576 I EmojiCompatManager: 	at android.app.ActivityThread.main(ActivityThread.java:9067)
04-22 05:35:23.245  1576  1576 I EmojiCompatManager: 	at java.lang.reflect.Method.invoke(Native Method)
04-22 05:35:23.245  1576  1576 I EmojiCompatManager: 	at com.android.internal.os.RuntimeInit$MethodAndArgsCaller.run(RuntimeInit.java:593)
04-22 05:35:23.245  1576  1576 I EmojiCompatManager: 	at com.android.internal.os.ZygoteInit.main(ZygoteInit.java:932)
04-22 05:35:23.245  4031  4051 I assembly.assembly.android.mixc-retail-rn84: [runtime.load] install assembly.android.mixc-retail-rn84 {"moduleName":"assembly.android.mixc-retail-rn84","displayIndex":0,"displayCount":1}
04-22 05:35:23.246   683 14033 W PackageConfigPersister: App-specific configuration not found for packageName: com.impos2.mixcretailassemblyrn84 and userId: 0
04-22 05:35:23.250  4031  4050 I ReactNativeJS: '[tcp-bootstrap-state-written]', '{"nodeId":"master:ZJ63NQELD9","runtimeId":"run_mo957cyc_7aptq82pyl4dcdbz","displayIndex":0,"requestId":"req_mo957cz5_bd08qpbvbohuwbp6","commandId":"cmd_mo957cz6_jauwkqxvgwx0hdpj","nextDeviceFingerprint":"6Z2H3BSGEY","nextDeviceInfo":{"id":"ZJ63NQELD9","model":"Mixc Retail Android RN84"},"previousIdentity":{"terminalId":"terminal_j1rgmnggrq4n","deviceFingerprint":"6Z2H3BSGEY","deviceInfo":{"id":"ZJ63NQELD9","model":"Mixc Retail Android RN84"},"activationStatus":"ACTIVATED","activatedAt":1776806593744}}'
04-22 05:35:23.251  4031  4050 I ReactNativeJS: '[assembly.android.mixc-retail-rn84.websocket] connect', { url: 'ws://192.168.0.172:5810/api/v1/tdp/ws/connect?sandboxId=sandbox-kernel-base-test&terminalId=terminal_j1rgmnggrq4n&token=token_xps20yq0rq4o',
04-22 05:35:23.251  4031  4050 I ReactNativeJS:   protocol: 'ws',
04-22 05:35:23.251  4031  4050 I ReactNativeJS:   host: '192.168.0.172:5810',
04-22 05:35:23.251  4031  4050 I ReactNativeJS:   pathname: '/api/v1/tdp/ws/connect' }
04-22 05:35:23.262  4031  4051 I assembly.assembly.android.mixc-retail-rn84: [assembly.topology] Create assembly topology socket binding {"displayIndex":0,"role":"master","localNodeId":"master:ZJ63NQELD9","resolvedPathTemplate":"/ws"}
04-22 05:35:23.263  4031  4051 I assembly.assembly.android.mixc-retail-rn84: [runtime.load] install kernel.base.topology-runtime-v3 {"moduleName":"kernel.base.topology-runtime-v3","stateSlices":["kernel.base.topology-runtime-v3.config","kernel.base.topology-runtime-v3.context","kernel.base.topology-runtime-v3.connection","kernel.base.topology-runtime-v3.peer","kernel.base.topology-runtime-v3.sync","kernel.base.topology-runtime-v3.request-mirror","kernel.base.topology-runtime-v3.demo.master","kernel.base.topology-runtime-v3.demo.slave"],"commandNames":["kernel.base.topology-runtime-v3.set-instance-mode","kernel.base.topology-runtime-v3.set-display-mode","kernel.base.topology-runtime-v3.set-enable-slave","kernel.base.topology-runtime-v3.set-master-locator","kernel.base.topology-runtime-v3.clear-master-locator","kernel.base.topology-runtime-v3.refresh-topology-context","kernel.base.topology-runtime-v3.start-topology-connection","kernel.base.topology-runtime-v3.stop-topology-connection","kernel.base.topology-runtime-v3.restart-topology-connection","kernel.base.topology-runtime-v3.upsert-demo-master-entry","kernel.base.topology-runtime-v3.remove-demo-master-entry","kernel.base.topology-runtime-v3.reset-demo-master-state","kernel.base.topology-runtime-v3.upsert-demo-slave-entry","kernel.base.topology-runtime-v3.remove-demo-slave-entry","kernel.base.topology-runtime-v3.reset-demo-slave-state"]}
04-22 05:35:23.263  4031  4051 I assembly.assembly.android.mixc-retail-rn84: [runtime.load] install kernel.base.tcp-control-runtime-v2 {"moduleName":"kernel.base.tcp-control-runtime-v2","stateSlices":["kernel.base.tcp-control-runtime-v2.identity","kernel.base.tcp-control-runtime-v2.credential","kernel.base.tcp-control-runtime-v2.binding","kernel.base.tcp-control-runtime-v2.sandbox","kernel.base.tcp-control-runtime-v2.runtime"],"commandNames":["kernel.base.tcp-control-runtime-v2.bootstrap-tcp-control","kernel.base.tcp-control-runtime-v2.bootstrap-tcp-control-succeeded","kernel.base.tcp-control-runtime-v2.activate-terminal","kernel.base.tcp-control-runtime-v2.activate-terminal-succeeded","kernel.base.tcp-control-runtime-v2.refresh-credential","kernel.base.tcp-control-runtime-v2.credential-refreshed","kernel.base.tcp-control-runtime-v2.deactivate-terminal","kernel.base.tcp-control-runtime-v2.deactivate-terminal-succeeded","kernel.base.tcp-control-runtime-v2.report-task-result","kernel.base.tcp-control-runtime-v2.task-result-reported","kernel.base.tcp-control-runtime-v2.reset-tcp-control"]}
04-22 05:35:23.263  4031  4051 I assembly.assembly.android.mixc-retail-rn84: [runtime.load] install kernel.base.tdp-sync-runtime-v2 {"moduleName":"kernel.base.tdp-sync-runtime-v2","stateSlices":["kernel.base.tdp-sync-runtime-v2.session","kernel.base.tdp-sync-runtime-v2.sync","kernel.base.tdp-sync-runtime-v2.projection","kernel.base.tdp-sync-runtime-v2.command-inbox","kernel.base.tdp-sync-runtime-v2.control-signals","kernel.base.tdp-sync-runtime-v2.hot-update"],"commandNames":["kernel.base.tdp-sync-runtime-v2.bootstrap-tdp-sync","kernel.base.tdp-sync-runtime-v2.bootstrap-tdp-sync-succeeded","kernel.base.tdp-sync-runtime-v2.connect-tdp-session","kernel.base.tdp-sync-runtime-v2.disconnect-tdp-session","kernel.base.tdp-sync-runtime-v2.acknowledge-cursor","kernel.base.tdp-sync-runtime-v2.report-applied-cursor","kernel.base.tdp-sync-runtime-v2.send-ping","kernel.base.tdp-sync-runtime-v2.record-user-operation","kernel.base.tdp-sync-runtime-v2.topic-data-changed","kernel.base.tdp-sync-runtime-v2.recompute-resolved-topic-changes","kernel.base.tdp-sync-runtime-v2.snapshot-loaded","kernel.base.tdp-sync-runtime-v2.changes-loaded","kernel.base.tdp-sync-runtime-v2.projection-received","kernel.base.tdp-sync-runtime-v2.projection-batch-received","kernel.base.tdp-sync-runtime-v2.command-delivered","kernel.base.tdp-sync-runtime-v2.session-ready","kernel.base.tdp-sync-runtime-v2.pong-received","kernel.base.tdp-sync-runtime-v2.edge-degraded","kernel.base.tdp-sync-runtime-v2.session-rehome-required","kernel.base.tdp-sync-runtime-v2.protocol-failed","kernel.base.tdp-sync-runtime-v2.message-received"],"hasAssembly":true}
04-22 05:35:23.264  4031  4051 I MMKV    : <MMKV_IO.cpp:609::writeActualSize> [mixc-retail-assembly-rn84::state] increase sequence to 72, crc 3419259457, actualSize 32352
04-22 05:35:23.264  4031  4051 I MMKV    : <MMKV.cpp:1208::sync> MMKV::sync, SyncFlag = 1
04-22 05:35:23.266  4031  4051 I assembly.assembly.android.mixc-retail-rn84: [runtime.load] install kernel.base.workflow-runtime-v2 {"moduleName":"kernel.base.workflow-runtime-v2","stateSlices":["kernel.base.workflow-runtime-v2.definitions","kernel.base.workflow-runtime-v2.observations","kernel.base.workflow-runtime-v2.queue"],"commandNames":["kernel.base.workflow-runtime-v2.run-workflow","kernel.base.workflow-runtime-v2.cancel-workflow-run","kernel.base.workflow-runtime-v2.register-workflow-definitions","kernel.base.workflow-runtime-v2.remove-workflow-definition"],"remoteDefinitionTopicKey":"kernel.workflow.definition"}
04-22 05:35:23.266  4031  4051 I assembly.assembly.android.mixc-retail-rn84: [runtime.load] install kernel.base.ui-runtime-v2 {"moduleName":"kernel.base.ui-runtime-v2","stateSlices":["kernel.base.ui-runtime-v2.screen.main","kernel.base.ui-runtime-v2.screen.branch","kernel.base.ui-runtime-v2.overlay.main","kernel.base.ui-runtime-v2.overlay.branch","kernel.base.ui-runtime-v2.ui-variable.main","kernel.base.ui-runtime-v2.ui-variable.branch"],"commandNames":["kernel.base.ui-runtime-v2.register-screen-definitions","kernel.base.ui-runtime-v2.show-screen","kernel.base.ui-runtime-v2.replace-screen","kernel.base.ui-runtime-v2.reset-screen","kernel.base.ui-runtime-v2.open-overlay","kernel.base.ui-runtime-v2.close-overlay","kernel.base.ui-runtime-v2.clear-overlays","kernel.base.ui-runtime-v2.set-ui-variables","kernel.base.ui-runtime-v2.clear-ui-variables"]}
04-22 05:35:23.266  4031  4051 I assembly.assembly.android.mixc-retail-rn84: [runtime.load] install ui.base.runtime-react {"moduleName":"ui.base.runtime-react"}
04-22 05:35:23.267  4031  4051 I assembly.assembly.android.mixc-retail-rn84: [runtime.load] install ui.base.input-runtime {"moduleName":"ui.base.input-runtime"}
04-22 05:35:23.267  4031  4051 I assembly.assembly.android.mixc-retail-rn84: [runtime.load] install ui.base.admin-console {"moduleName":"ui.base.admin-console"}
04-22 05:35:23.267  4031  4051 I assembly.assembly.android.mixc-retail-rn84: [runtime.load] install ui.base.terminal-console {"moduleName":"ui.base.terminal-console"}
04-22 05:35:23.267  4031  4051 I assembly.assembly.android.mixc-retail-rn84: [runtime.load] install ui.integration.retail-shell {"moduleName":"ui.integration.retail-shell"}
04-22 05:35:23.267  4031  4051 I assembly.assembly.android.mixc-retail-rn84.transport.ws.SocketRuntime: [transport.ws] Socket connect started: kernel.base.tdp-sync-runtime-v2.socket {"profileName":"kernel.base.tdp-sync-runtime-v2.socket","serverName":"mock-terminal-platform","addressName":"lan"}
04-22 05:35:23.270  4031  4051 I ailassemblyrn84: AssetManager2(0xb400007aa8c295f8) locale list changing from [] to [en-US]
04-22 05:35:23.270  4031  4051 I WebViewFactory: Loading com.google.android.webview version 133.0.6943.137 (code 694313732)
04-22 05:35:23.271  4031  4051 I ailassemblyrn84: AssetManager2(0xb400007aa8c27078) locale list changing from [] to [en-US]
04-22 05:35:23.271  4031  4051 I ailassemblyrn84: AssetManager2(0xb400007aa8c28338) locale list changing from [] to [en-US]
04-22 05:35:23.272  4031  4051 I ailassemblyrn84: AssetManager2(0xb400007aa8c276b8) locale list changing from [] to [en-US]
04-22 05:35:23.272  4031  4051 I ailassemblyrn84: AssetManager2(0xb400007aa8c34b38) locale list changing from [] to [en-US]
04-22 05:35:23.272  4031  4051 V ResourcesManager: The following library key has been added: ResourcesKey{ mHash=b96a945f mResDir=null mSplitDirs=[] mOverlayDirs=[] mLibDirs=[/data/app/~~5zloAQ_A453Yud26y2NtXA==/com.google.android.webview--6_3T7yxKHlQgc9HbqhvJg==/WebViewGoogle.apk,/data/app/~~f0KvKUFGV9dY13hixF7hzg==/com.google.android.trichromelibrary_694313732-6L04wdgQ3zNCCiMCrYLEgg==/TrichromeLibrary.apk,/system_ext/framework/androidx.window.extensions.jar] mDisplayId=0 mOverrideConfig=v36 mCompatInfo={320dpi always-compat} mLoaders=[]}
04-22 05:35:23.274  4031  4051 W ailassemblyrn84: Failed to find entry 'classes.dex': Entry not found
04-22 05:35:23.274  4031  4051 D nativeloader: Configuring clns-10 for other apk /data/app/~~f0KvKUFGV9dY13hixF7hzg==/com.google.android.trichromelibrary_694313732-6L04wdgQ3zNCCiMCrYLEgg==/TrichromeLibrary.apk. target_sdk_version=34, uses_libraries=ALL, library_path=/data/app/~~5zloAQ_A453Yud26y2NtXA==/com.google.android.webview--6_3T7yxKHlQgc9HbqhvJg==/lib/arm64:/data/app/~~5zloAQ_A453Yud26y2NtXA==/com.google.android.webview--6_3T7yxKHlQgc9HbqhvJg==/WebViewGoogle.apk!/lib/arm64-v8a:/data/app/~~f0KvKUFGV9dY13hixF7hzg==/com.google.android.trichromelibrary_694313732-6L04wdgQ3zNCCiMCrYLEgg==/TrichromeLibrary.apk!/lib/arm64-v8a, permitted_path=/data:/mnt/expand
04-22 05:35:23.275  4031  4051 D ApplicationLoaders: Returning zygote-cached class loader: /system_ext/framework/androidx.window.extensions.jar
04-22 05:35:23.275   683   735 W ActivityTaskManager: Unable to send transaction to client proc com.impos2.mixcretailassemblyrn84: no app thread
04-22 05:35:23.277  4031  4051 D nativeloader: Configuring clns-11 for other apk /data/app/~~5zloAQ_A453Yud26y2NtXA==/com.google.android.webview--6_3T7yxKHlQgc9HbqhvJg==/WebViewGoogle.apk. target_sdk_version=34, uses_libraries=, library_path=/data/app/~~5zloAQ_A453Yud26y2NtXA==/com.google.android.webview--6_3T7yxKHlQgc9HbqhvJg==/lib/arm64:/data/app/~~5zloAQ_A453Yud26y2NtXA==/com.google.android.webview--6_3T7yxKHlQgc9HbqhvJg==/WebViewGoogle.apk!/lib/arm64-v8a:/data/app/~~f0KvKUFGV9dY13hixF7hzg==/com.google.android.trichromelibrary_694313732-6L04wdgQ3zNCCiMCrYLEgg==/TrichromeLibrary.apk!/lib/arm64-v8a, permitted_path=/data:/mnt/expand
04-22 05:35:23.282  4031  4051 I cr_WVCFactoryProvider: version=133.0.6943.137 (694313732) minSdkVersion=29 isBundle=false multiprocess=true packageId=2
04-22 05:35:23.283  4031  4051 D nativeloader: Load /data/app/~~f0KvKUFGV9dY13hixF7hzg==/com.google.android.trichromelibrary_694313732-6L04wdgQ3zNCCiMCrYLEgg==/TrichromeLibrary.apk!/lib/arm64-v8a/libmonochrome_64.so using class loader ns clns-11 (caller=/data/app/~~5zloAQ_A453Yud26y2NtXA==/com.google.android.webview--6_3T7yxKHlQgc9HbqhvJg==/WebViewGoogle.apk): ok
04-22 05:35:23.284  4031  4051 D nativeloader: Load /system/lib64/libwebviewchromium_plat_support.so using class loader ns clns-11 (caller=/data/app/~~5zloAQ_A453Yud26y2NtXA==/com.google.android.webview--6_3T7yxKHlQgc9HbqhvJg==/WebViewGoogle.apk): ok
04-22 05:35:23.285  4031  4088 E chromium: [0422/053523.285640:ERROR:variations_seed_loader.cc(39)] Seed missing signature.
04-22 05:35:23.285  4031  4088 I cr_VariationsUtils: Failed reading seed file "/data/user/0/com.impos2.mixcretailassemblyrn84/app_webview/variations_seed_new"
04-22 05:35:23.285  4031  4088 I chromium: [0422/053523.285680:INFO:variations_seed_loader.cc(67)] Failed to open file for reading.: No such file or directory (2)
04-22 05:35:23.285  4031  4088 I cr_VariationsUtils: Failed reading seed file "/data/user/0/com.impos2.mixcretailassemblyrn84/app_webview/variations_seed"
04-22 05:35:23.287  4031  4051 I cr_LibraryLoader: Successfully loaded native library
04-22 05:35:23.287  4031  4051 I cr_CachingUmaRecorder: Flushed 6 samples from 6 histograms, 0 samples were dropped.
04-22 05:35:23.289  4031  4051 I assembly.assembly.android.mixc-retail-rn84: [assembly.topology] Seeded standalone slave power state without changing display mode {"displayIndex":0,"displayCount":1,"powerConnected":false}
04-22 05:35:23.294  4031  4051 I MMKV    : <MMKV_IO.cpp:609::writeActualSize> [mixc-retail-assembly-rn84::state] increase sequence to 73, crc 441580655, actualSize 32352
04-22 05:35:23.294  4031  4051 I MMKV    : <MMKV.cpp:1208::sync> MMKV::sync, SyncFlag = 1
04-22 05:35:23.297  4031  4051 I MMKV    : <MMKV_IO.cpp:609::writeActualSize> [mixc-retail-assembly-rn84::state] increase sequence to 74, crc 2587597072, actualSize 32352
04-22 05:35:23.297  4031  4051 I MMKV    : <MMKV.cpp:1208::sync> MMKV::sync, SyncFlag = 1
04-22 05:35:23.300  4031  4051 I MMKV    : <MMKV_IO.cpp:609::writeActualSize> [mixc-retail-assembly-rn84::state] increase sequence to 75, crc 2587597072, actualSize 32352
04-22 05:35:23.300  4031  4051 I MMKV    : <MMKV.cpp:1208::sync> MMKV::sync, SyncFlag = 1
04-22 05:35:23.304  4031  4051 I MMKV    : <MMKV_IO.cpp:609::writeActualSize> [mixc-retail-assembly-rn84::state] increase sequence to 76, crc 2587597072, actualSize 32352
04-22 05:35:23.304  4031  4051 I MMKV    : <MMKV.cpp:1208::sync> MMKV::sync, SyncFlag = 1
04-22 05:35:23.308  4031  4051 I MMKV    : <MMKV_IO.cpp:609::writeActualSize> [mixc-retail-assembly-rn84::state] increase sequence to 77, crc 2587597072, actualSize 32352
04-22 05:35:23.308  4031  4051 I MMKV    : <MMKV.cpp:1208::sync> MMKV::sync, SyncFlag = 1
04-22 05:35:23.312  4031  4051 I MMKV    : <MMKV_IO.cpp:609::writeActualSize> [mixc-retail-assembly-rn84::state] increase sequence to 78, crc 2587597072, actualSize 32352
04-22 05:35:23.312  4031  4051 I MMKV    : <MMKV.cpp:1208::sync> MMKV::sync, SyncFlag = 1
04-22 05:35:23.315  4031  4051 I MMKV    : <MMKV_IO.cpp:609::writeActualSize> [mixc-retail-assembly-rn84::state] increase sequence to 79, crc 2587597072, actualSize 32352
04-22 05:35:23.315  4031  4051 I MMKV    : <MMKV.cpp:1208::sync> MMKV::sync, SyncFlag = 1
04-22 05:35:23.318  4031  4051 I MMKV    : <MMKV_IO.cpp:609::writeActualSize> [mixc-retail-assembly-rn84::state] increase sequence to 80, crc 2587597072, actualSize 32352
04-22 05:35:23.318  4031  4051 I MMKV    : <MMKV.cpp:1208::sync> MMKV::sync, SyncFlag = 1
04-22 05:35:23.320  4031  4051 I MMKV    : <MMKV_IO.cpp:609::writeActualSize> [mixc-retail-assembly-rn84::state] increase sequence to 81, crc 2587597072, actualSize 32352
04-22 05:35:23.320  4031  4051 I MMKV    : <MMKV.cpp:1208::sync> MMKV::sync, SyncFlag = 1
04-22 05:35:23.324  4031  4051 I MMKV    : <MMKV_IO.cpp:609::writeActualSize> [mixc-retail-assembly-rn84::state] increase sequence to 82, crc 2587597072, actualSize 32352
04-22 05:35:23.324  4031  4051 I MMKV    : <MMKV.cpp:1208::sync> MMKV::sync, SyncFlag = 1
04-22 05:35:23.329  4031  4051 I MMKV    : <MMKV_IO.cpp:609::writeActualSize> [mixc-retail-assembly-rn84::state] increase sequence to 83, crc 2587597072, actualSize 32352
04-22 05:35:23.329  4031  4051 I MMKV    : <MMKV.cpp:1208::sync> MMKV::sync, SyncFlag = 1
04-22 05:35:23.332  4031  4051 I MMKV    : <MMKV_IO.cpp:609::writeActualSize> [mixc-retail-assembly-rn84::state] increase sequence to 84, crc 2587597072, actualSize 32352
04-22 05:35:23.332  4031  4051 I MMKV    : <MMKV.cpp:1208::sync> MMKV::sync, SyncFlag = 1
04-22 05:35:23.336  4031  4051 I MMKV    : <MMKV_IO.cpp:609::writeActualSize> [mixc-retail-assembly-rn84::state] increase sequence to 85, crc 2587597072, actualSize 32352
04-22 05:35:23.336  4031  4051 I MMKV    : <MMKV.cpp:1208::sync> MMKV::sync, SyncFlag = 1
04-22 05:35:23.338  4031  4051 I MMKV    : <MMKV_IO.cpp:609::writeActualSize> [mixc-retail-assembly-rn84::secure-state] increase sequence to 6, crc 3420157233, actualSize 259
04-22 05:35:23.338  4031  4051 I MMKV    : <MMKV.cpp:1208::sync> MMKV::sync, SyncFlag = 1
04-22 05:35:23.343  4031  4051 I MMKV    : <MMKV_IO.cpp:609::writeActualSize> [mixc-retail-assembly-rn84::state] increase sequence to 86, crc 2587597072, actualSize 32352
04-22 05:35:23.343  4031  4051 I MMKV    : <MMKV.cpp:1208::sync> MMKV::sync, SyncFlag = 1
04-22 05:35:23.347  4031  4051 I MMKV    : <MMKV_IO.cpp:609::writeActualSize> [mixc-retail-assembly-rn84::state] increase sequence to 87, crc 2587597072, actualSize 32352
04-22 05:35:23.347  4031  4051 I MMKV    : <MMKV.cpp:1208::sync> MMKV::sync, SyncFlag = 1
04-22 05:35:23.351  4031  4051 I MMKV    : <MMKV_IO.cpp:609::writeActualSize> [mixc-retail-assembly-rn84::state] increase sequence to 88, crc 2587597072, actualSize 32352
04-22 05:35:23.351  4031  4051 I MMKV    : <MMKV.cpp:1208::sync> MMKV::sync, SyncFlag = 1
04-22 05:35:23.355  4031  4051 I MMKV    : <MMKV_IO.cpp:609::writeActualSize> [mixc-retail-assembly-rn84::state] increase sequence to 89, crc 2587597072, actualSize 32352
04-22 05:35:23.355  4031  4051 I MMKV    : <MMKV.cpp:1208::sync> MMKV::sync, SyncFlag = 1
04-22 05:35:23.360  4031  4051 I MMKV    : <MMKV_IO.cpp:609::writeActualSize> [mixc-retail-assembly-rn84::state] increase sequence to 90, crc 2587597072, actualSize 32352
04-22 05:35:23.360  4031  4051 I MMKV    : <MMKV.cpp:1208::sync> MMKV::sync, SyncFlag = 1
04-22 05:35:23.366  4031  4051 I MMKV    : <MMKV_IO.cpp:609::writeActualSize> [mixc-retail-assembly-rn84::state] increase sequence to 91, crc 2587597072, actualSize 32352
04-22 05:35:23.366  4031  4051 I MMKV    : <MMKV.cpp:1208::sync> MMKV::sync, SyncFlag = 1
04-22 05:35:23.370  4031  4051 I MMKV    : <MMKV_IO.cpp:609::writeActualSize> [mixc-retail-assembly-rn84::state] increase sequence to 92, crc 2587597072, actualSize 32352
04-22 05:35:23.370  4031  4051 I MMKV    : <MMKV.cpp:1208::sync> MMKV::sync, SyncFlag = 1
04-22 05:35:23.375  4031  4051 I MMKV    : <MMKV_IO.cpp:609::writeActualSize> [mixc-retail-assembly-rn84::state] increase sequence to 93, crc 2587597072, actualSize 32352
04-22 05:35:23.375  4031  4051 I MMKV    : <MMKV.cpp:1208::sync> MMKV::sync, SyncFlag = 1
04-22 05:35:23.380  4031  4051 I MMKV    : <MMKV_IO.cpp:609::writeActualSize> [mixc-retail-assembly-rn84::state] increase sequence to 94, crc 2587597072, actualSize 32352
04-22 05:35:23.380  4031  4051 I MMKV    : <MMKV.cpp:1208::sync> MMKV::sync, SyncFlag = 1
04-22 05:35:23.385  4031  4051 I MMKV    : <MMKV_IO.cpp:609::writeActualSize> [mixc-retail-assembly-rn84::state] increase sequence to 95, crc 2587597072, actualSize 32352
04-22 05:35:23.385  4031  4051 I MMKV    : <MMKV.cpp:1208::sync> MMKV::sync, SyncFlag = 1
04-22 05:35:23.389  4031  4051 I MMKV    : <MMKV_IO.cpp:609::writeActualSize> [mixc-retail-assembly-rn84::state] increase sequence to 96, crc 2587597072, actualSize 32352
04-22 05:35:23.389  4031  4051 I MMKV    : <MMKV.cpp:1208::sync> MMKV::sync, SyncFlag = 1
04-22 05:35:23.394  4031  4051 I MMKV    : <MMKV_IO.cpp:609::writeActualSize> [mixc-retail-assembly-rn84::state] increase sequence to 97, crc 2587597072, actualSize 32352
04-22 05:35:23.394  4031  4051 I MMKV    : <MMKV.cpp:1208::sync> MMKV::sync, SyncFlag = 1
04-22 05:35:23.398  4031  4051 I MMKV    : <MMKV_IO.cpp:609::writeActualSize> [mixc-retail-assembly-rn84::state] increase sequence to 98, crc 2587597072, actualSize 32352
04-22 05:35:23.398  4031  4051 I MMKV    : <MMKV.cpp:1208::sync> MMKV::sync, SyncFlag = 1
04-22 05:35:23.402  4031  4051 I MMKV    : <MMKV_IO.cpp:609::writeActualSize> [mixc-retail-assembly-rn84::state] increase sequence to 99, crc 2587597072, actualSize 32352
04-22 05:35:23.402  4031  4051 I MMKV    : <MMKV.cpp:1208::sync> MMKV::sync, SyncFlag = 1
04-22 05:35:23.408  4031  4051 I MMKV    : <MMKV_IO.cpp:609::writeActualSize> [mixc-retail-assembly-rn84::state] increase sequence to 100, crc 2587597072, actualSize 32352
04-22 05:35:23.408  4031  4051 I MMKV    : <MMKV.cpp:1208::sync> MMKV::sync, SyncFlag = 1
04-22 05:35:23.411  4031  4051 I MMKV    : <MMKV_IO.cpp:609::writeActualSize> [mixc-retail-assembly-rn84::secure-state] increase sequence to 7, crc 3420157233, actualSize 259
04-22 05:35:23.411  4031  4051 I MMKV    : <MMKV.cpp:1208::sync> MMKV::sync, SyncFlag = 1
04-22 05:35:23.415  4031  4051 I MMKV    : <MMKV_IO.cpp:609::writeActualSize> [mixc-retail-assembly-rn84::state] increase sequence to 101, crc 2587597072, actualSize 32352
04-22 05:35:23.416  4031  4051 I MMKV    : <MMKV.cpp:1208::sync> MMKV::sync, SyncFlag = 1
04-22 05:35:23.420  4031  4051 I MMKV    : <MMKV_IO.cpp:609::writeActualSize> [mixc-retail-assembly-rn84::state] increase sequence to 102, crc 2587597072, actualSize 32352
04-22 05:35:23.420  4031  4051 I MMKV    : <MMKV.cpp:1208::sync> MMKV::sync, SyncFlag = 1
04-22 05:35:23.425  4031  4051 I MMKV    : <MMKV_IO.cpp:609::writeActualSize> [mixc-retail-assembly-rn84::state] increase sequence to 103, crc 2587597072, actualSize 32352
04-22 05:35:23.426  4031  4051 I MMKV    : <MMKV.cpp:1208::sync> MMKV::sync, SyncFlag = 1
04-22 05:35:23.430  4031  4051 I MMKV    : <MMKV_IO.cpp:609::writeActualSize> [mixc-retail-assembly-rn84::state] increase sequence to 104, crc 2587597072, actualSize 32352
04-22 05:35:23.430  4031  4051 I MMKV    : <MMKV.cpp:1208::sync> MMKV::sync, SyncFlag = 1
04-22 05:35:23.434  4031  4051 I MMKV    : <MMKV_IO.cpp:609::writeActualSize> [mixc-retail-assembly-rn84::state] increase sequence to 105, crc 2587597072, actualSize 32352
04-22 05:35:23.434  4031  4051 I MMKV    : <MMKV.cpp:1208::sync> MMKV::sync, SyncFlag = 1
04-22 05:35:23.438  4031  4051 I MMKV    : <MMKV_IO.cpp:609::writeActualSize> [mixc-retail-assembly-rn84::state] increase sequence to 106, crc 2587597072, actualSize 32352
04-22 05:35:23.438  4031  4051 I MMKV    : <MMKV.cpp:1208::sync> MMKV::sync, SyncFlag = 1
04-22 05:35:23.443  4031  4051 I MMKV    : <MMKV_IO.cpp:609::writeActualSize> [mixc-retail-assembly-rn84::state] increase sequence to 107, crc 2587597072, actualSize 32352
04-22 05:35:23.443  4031  4051 I MMKV    : <MMKV.cpp:1208::sync> MMKV::sync, SyncFlag = 1
04-22 05:35:23.448  4031  4051 I MMKV    : <MMKV_IO.cpp:609::writeActualSize> [mixc-retail-assembly-rn84::state] increase sequence to 108, crc 2587597072, actualSize 32352
04-22 05:35:23.448  4031  4051 I MMKV    : <MMKV.cpp:1208::sync> MMKV::sync, SyncFlag = 1
04-22 05:35:23.453  4031  4051 I MMKV    : <MMKV_IO.cpp:609::writeActualSize> [mixc-retail-assembly-rn84::state] increase sequence to 109, crc 2587597072, actualSize 32352
04-22 05:35:23.453  4031  4051 I MMKV    : <MMKV.cpp:1208::sync> MMKV::sync, SyncFlag = 1
04-22 05:35:23.458  4031  4051 I MMKV    : <MMKV_IO.cpp:609::writeActualSize> [mixc-retail-assembly-rn84::state] increase sequence to 110, crc 2587597072, actualSize 32352
04-22 05:35:23.458  4031  4051 I MMKV    : <MMKV.cpp:1208::sync> MMKV::sync, SyncFlag = 1
04-22 05:35:23.464  4031  4051 I MMKV    : <MMKV_IO.cpp:609::writeActualSize> [mixc-retail-assembly-rn84::state] increase sequence to 111, crc 2587597072, actualSize 32352
04-22 05:35:23.464  4031  4051 I MMKV    : <MMKV.cpp:1208::sync> MMKV::sync, SyncFlag = 1
04-22 05:35:23.469  4031  4051 I MMKV    : <MMKV_IO.cpp:609::writeActualSize> [mixc-retail-assembly-rn84::state] increase sequence to 112, crc 2587597072, actualSize 32352
04-22 05:35:23.469  4031  4051 I MMKV    : <MMKV.cpp:1208::sync> MMKV::sync, SyncFlag = 1
04-22 05:35:23.474  4031  4051 I MMKV    : <MMKV_IO.cpp:609::writeActualSize> [mixc-retail-assembly-rn84::state] increase sequence to 113, crc 2587597072, actualSize 32352
04-22 05:35:23.474  4031  4051 I MMKV    : <MMKV.cpp:1208::sync> MMKV::sync, SyncFlag = 1
04-22 05:35:23.476   582  1989 W IPCThreadState: Sending oneway calls to frozen process.
04-22 05:35:23.482  4031  4051 I MMKV    : <MMKV_IO.cpp:609::writeActualSize> [mixc-retail-assembly-rn84::state] increase sequence to 114, crc 2587597072, actualSize 32352
04-22 05:35:23.482  4031  4051 I MMKV    : <MMKV.cpp:1208::sync> MMKV::sync, SyncFlag = 1
04-22 05:35:23.487  4031  4051 I MMKV    : <MMKV_IO.cpp:609::writeActualSize> [mixc-retail-assembly-rn84::state] increase sequence to 115, crc 2587597072, actualSize 32352
04-22 05:35:23.487  4031  4051 I MMKV    : <MMKV.cpp:1208::sync> MMKV::sync, SyncFlag = 1
04-22 05:35:23.489  4031  4051 I MMKV    : <MMKV_IO.cpp:609::writeActualSize> [mixc-retail-assembly-rn84::secure-state] increase sequence to 8, crc 3420157233, actualSize 259
04-22 05:35:23.489  4031  4051 I MMKV    : <MMKV.cpp:1208::sync> MMKV::sync, SyncFlag = 1
04-22 05:35:23.495  4031  4051 I MMKV    : <MMKV_IO.cpp:609::writeActualSize> [mixc-retail-assembly-rn84::state] increase sequence to 116, crc 2587597072, actualSize 32352
04-22 05:35:23.495  4031  4051 I MMKV    : <MMKV.cpp:1208::sync> MMKV::sync, SyncFlag = 1
04-22 05:35:23.500  4031  4051 I MMKV    : <MMKV_IO.cpp:609::writeActualSize> [mixc-retail-assembly-rn84::state] increase sequence to 117, crc 2587597072, actualSize 32352
04-22 05:35:23.500  4031  4051 I MMKV    : <MMKV.cpp:1208::sync> MMKV::sync, SyncFlag = 1
04-22 05:35:23.504  4031  4051 I MMKV    : <MMKV_IO.cpp:609::writeActualSize> [mixc-retail-assembly-rn84::state] increase sequence to 118, crc 2587597072, actualSize 32352
04-22 05:35:23.504  4031  4051 I MMKV    : <MMKV.cpp:1208::sync> MMKV::sync, SyncFlag = 1
04-22 05:35:23.506   483   483 I RanchuHwc: logCompositionFallbackIfChanged: layer 392 CompositionType fallback from 2 to 1
04-22 05:35:23.510  4031  4051 I MMKV    : <MMKV_IO.cpp:609::writeActualSize> [mixc-retail-assembly-rn84::state] increase sequence to 119, crc 2587597072, actualSize 32352
04-22 05:35:23.510  4031  4051 I MMKV    : <MMKV.cpp:1208::sync> MMKV::sync, SyncFlag = 1
04-22 05:35:23.556   683   734 W ActivityTaskManager: Activity top resumed state loss timeout for ActivityRecord{230231425 u0 com.impos2.mixcretailassemblyrn84/.MainActivity t48 f} isExiting}
04-22 05:35:23.575   957  1041 V WindowManagerShell: Transition animation finished (aborted=false), notifying core (#195) android.os.BinderProxy@e338831@0
04-22 05:35:23.577   683   731 V WindowManager: Finish Transition (#195): created at 04-22 05:35:23.050 collect-started=0.016ms request-sent=2.558ms started=3.777ms ready=60.806ms sent=61.65ms commit=11.069ms finished=526.21ms
04-22 05:35:23.577   683  1873 E IPCThreadState: Binder transaction failure. id: 5688556, BR_*: 29189, error: -22 (Invalid argument)
04-22 05:35:23.577   683  1873 W ActivityManager: pid 683 system sent binder code 7 with flags 1 to frozen apps and got error -32
04-22 05:35:23.577   683  1873 W WindowManager: Exception thrown during dispatchAppVisibility Window{10a2c0d u0 com.impos2.mixcretailassemblyrn84/com.impos2.mixcretailassemblyrn84.MainActivity EXITING}
04-22 05:35:23.577   683  1873 W WindowManager: android.os.DeadObjectException
04-22 05:35:23.577   683  1873 W WindowManager: 	at android.os.BinderProxy.transactNative(Native Method)
04-22 05:35:23.577   683  1873 W WindowManager: 	at android.os.BinderProxy.transact(BinderProxy.java:592)
04-22 05:35:23.577   683  1873 W WindowManager: 	at android.view.IWindow$Stub$Proxy.dispatchAppVisibility(IWindow.java:557)
04-22 05:35:23.577   683  1873 W WindowManager: 	at com.android.server.wm.WindowState.sendAppVisibilityToClients(WindowState.java:3151)
04-22 05:35:23.577   683  1873 W WindowManager: 	at com.android.server.wm.WindowContainer.sendAppVisibilityToClients(WindowContainer.java:1311)
04-22 05:35:23.577   683  1873 W WindowManager: 	at com.android.server.wm.WindowToken.setClientVisible(WindowToken.java:389)
04-22 05:35:23.577   683  1873 W WindowManager: 	at com.android.server.wm.ActivityRecord.setClientVisible(ActivityRecord.java:6650)
04-22 05:35:23.577   683  1873 W WindowManager: 	at com.android.server.wm.ActivityRecord.commitVisibility(ActivityRecord.java:5561)
04-22 05:35:23.577   683  1873 W WindowManager: 	at com.android.server.wm.Transition.finishTransition(Transition.java:1391)
04-22 05:35:23.577   683  1873 W WindowManager: 	at com.android.server.wm.TransitionController.finishTransition(TransitionController.java:1029)
04-22 05:35:23.577   683  1873 W WindowManager: 	at com.android.server.wm.WindowOrganizerController.finishTransition(WindowOrganizerController.java:496)
04-22 05:35:23.577   683  1873 W WindowManager: 	at android.window.IWindowOrganizerController$Stub.onTransact(IWindowOrganizerController.java:261)
04-22 05:35:23.577   683  1873 W WindowManager: 	at com.android.server.wm.WindowOrganizerController.onTransact(WindowOrganizerController.java:223)
04-22 05:35:23.577   683  1873 W WindowManager: 	at android.os.Binder.execTransactInternal(Binder.java:1426)
04-22 05:35:23.577   683  1873 W WindowManager: 	at android.os.Binder.execTransact(Binder.java:1365)
04-22 05:35:23.577   683  1873 W Process : Unable to open /proc/3849/status
04-22 05:35:23.580  1873  1873 I binder  : 1873:683 cannot find target node
04-22 05:35:23.580  1873  1873 I binder  : 683:1873 transaction async to 0:0 failed 5688556/29189/-22, size 64-0 line 3348
04-22 05:35:23.580   957  1041 V WindowManagerShell: Track 0 became idle
04-22 05:35:23.580   957  1041 V WindowManagerShell: All active transition animations finished
04-22 05:35:23.624   515   515 E BpTransactionCompletedListener: Failed to transact (-32)
04-22 05:35:23.653   683   701 I BpBinder: onLastStrongRef automatically unlinking death recipients: 
04-22 05:35:23.659  1283  1825 I FontLog : Received query Noto Color Emoji Compat, URI content://com.google.android.gms.fonts [CONTEXT service_id=132 ]
04-22 05:35:23.659  1283  1825 I FontLog : Query [emojicompat-emoji-font] resolved to {Noto Color Emoji Compat, wdth 100.0, wght 400, ital 0.0, bestEffort false}, isVf false} [CONTEXT service_id=132 ]
04-22 05:35:23.660  1283  1825 I FontLog : Fetch {Noto Color Emoji Compat, wdth 100.0, wght 400, ital 0.0, bestEffort false}, isVf false} end status Status{statusCode=SUCCESS, resolution=null} [CONTEXT service_id=132 ]
04-22 05:35:23.661  1283  2168 I FontLog : Pulling font file for id = 52, cache size = 4 [CONTEXT service_id=132 ]
04-22 05:35:23.663  1283  2168 I FontLog : Pulling font file for id = 52, cache size = 4 [CONTEXT service_id=132 ]
04-22 05:35:24.747   683   858 W BestClock: java.time.DateTimeException: No network time available
04-22 05:35:24.747   683   858 W BestClock: java.time.DateTimeException: No network time available
04-22 05:35:24.747   683   858 W BestClock: java.time.DateTimeException: No network time available
04-22 05:35:24.748   683   858 W BestClock: java.time.DateTimeException: No network time available
04-22 05:35:24.748   683   858 W BestClock: java.time.DateTimeException: No network time available
04-22 05:35:24.749   683   858 D WifiClientModeImpl[9769:wlan0]: updateLinkLayerStatsRssiSpeedFrequencyCapabilities rssi=-50 TxLinkspeed=1 freq=2447 RxLinkSpeed=2
04-22 05:35:24.749   683   858 D WifiDataStall: tx tput in kbps: 11000
04-22 05:35:24.749   683   858 D WifiDataStall: rx tput in kbps: 11000
04-22 05:35:24.749   683   858 V WifiConfigManager: Updating scan detail cache freq=2447 BSSID=00:13:10:85:fe:01 RSSI=-50 for "AndroidWifi"NONE
04-22 05:35:24.749   683   858 D WifiThroughputPredictor:  utilization (LLS) 80 isBluetoothConnected: false final utilization: 80
04-22 05:35:24.749   683   858 D WifiThroughputPredictor:  BW: 0 RSSI: -50 Nss: 1 Mode: 1 symDur: 4000 snrDb 30 bitPerTone: 4500 rate: 54 throughput: 11
04-22 05:35:24.749   683   858 D WifiThroughputPredictor:  utilization (LLS) 80 isBluetoothConnected: false final utilization: 80
04-22 05:35:24.749   683   858 D WifiThroughputPredictor:  BW: 0 RSSI: -50 Nss: 1 Mode: 1 symDur: 4000 snrDb 30 bitPerTone: 4500 rate: 54 throughput: 11
04-22 05:35:24.749   683   858 D WifiThroughputPredictor:  utilization (LLS) 80 isBluetoothConnected: false final utilization: 80
04-22 05:35:24.749   683   858 D WifiThroughputPredictor:  BW: 0 RSSI: -50 Nss: 1 Mode: 1 symDur: 4000 snrDb 30 bitPerTone: 4500 rate: 54 throughput: 11
04-22 05:35:24.749   683   858 D WifiThroughputPredictor:  utilization (LLS) 80 isBluetoothConnected: false final utilization: 80
04-22 05:35:24.749   683   858 D WifiThroughputPredictor:  BW: 0 RSSI: -50 Nss: 1 Mode: 1 symDur: 4000 snrDb 30 bitPerTone: 4500 rate: 54 throughput: 11
04-22 05:35:24.750   683   858 D WifiScoreCard: BSSID update SIGNAL_POLL ID: 261501600 SSID: "AndroidWifi", BSSID: 00:13:10:85:fe:01, MAC: 02:15:b4:00:00:00, IP: /10.0.2.17, Security type: 0, Supplicant state: COMPLETED, Wi-Fi standard: legacy, RSSI: -50, Link speed: 1Mbps, Tx Link speed: 1Mbps, Max Supported Tx Link speed: 11Mbps, Rx Link speed: 2Mbps, Max Supported Rx Link speed: 11Mbps, Frequency: 2447MHz, Net ID: 0, Metered hint: false, score: 60, isUsable: true, CarrierMerged: false, SubscriptionId: -1, IsPrimary: 1, Trusted: true, Restricted: false, Ephemeral: false, OEM paid: false, OEM private: false, OSU AP: false, FQDN: <none>, Provider friendly name: <none>, Requesting package name: <none>"AndroidWifi"openMLO Information: , Is TID-To-Link negotiation supported by the AP: false, AP MLD Address: <none>, AP MLO Link Id: <none>, AP MLO Affiliated links: <none>, Vendor Data: <none>
04-22 05:35:24.750   683   858 D WifiScoreCard: txRate: 3 txSpeed: 1
04-22 05:35:24.750   683   858 D WifiScoreCard: network update SIGNAL_POLL "AndroidWifi" ID: 579418950 RSSI -50 txSpeed -1
04-22 05:35:24.750   683   858 D WifiClientModeImpl[9769:wlan0]:  ClientModeImpl$L2ConnectedState screen=on 1 0 "AndroidWifi" 00:13:10:85:fe:01 rssi=-50 f=2447 sc=60 link=1 tx=2.8, 0.0, 0.0 rx=2.6 bcn=0 [on:0 tx:0 rx:0 period:3006] from screen [on:0 period:-1309135794] score=60
04-22 05:35:26.561   683  1715 E TaskPersister: File error accessing recents directory (directory doesn't exist?).
04-22 05:35:26.692  1086  1298 D SatelliteController: iisInCarrierRoamingNbIotNtn: satellite is disabled
04-22 05:35:27.756   683   858 W BestClock: java.time.DateTimeException: No network time available
04-22 05:35:27.756   683   858 W BestClock: java.time.DateTimeException: No network time available
04-22 05:35:27.756   683   858 W BestClock: java.time.DateTimeException: No network time available
04-22 05:35:27.757   683   858 W BestClock: java.time.DateTimeException: No network time available
04-22 05:35:27.757   683   858 W BestClock: java.time.DateTimeException: No network time available
04-22 05:35:27.757   683   858 D WifiClientModeImpl[9769:wlan0]: updateLinkLayerStatsRssiSpeedFrequencyCapabilities rssi=-50 TxLinkspeed=1 freq=2447 RxLinkSpeed=2
04-22 05:35:27.758   683   858 D WifiDataStall: tx tput in kbps: 11000
04-22 05:35:27.758   683   858 D WifiDataStall: rx tput in kbps: 11000
04-22 05:35:27.758   683   858 V WifiConfigManager: Updating scan detail cache freq=2447 BSSID=00:13:10:85:fe:01 RSSI=-50 for "AndroidWifi"NONE
04-22 05:35:27.758   683   858 D WifiThroughputPredictor:  utilization (LLS) 80 isBluetoothConnected: false final utilization: 80
04-22 05:35:27.758   683   858 D WifiThroughputPredictor:  BW: 0 RSSI: -50 Nss: 1 Mode: 1 symDur: 4000 snrDb 30 bitPerTone: 4500 rate: 54 throughput: 11
04-22 05:35:27.758   683   858 D WifiThroughputPredictor:  utilization (LLS) 80 isBluetoothConnected: false final utilization: 80
04-22 05:35:27.758   683   858 D WifiThroughputPredictor:  BW: 0 RSSI: -50 Nss: 1 Mode: 1 symDur: 4000 snrDb 30 bitPerTone: 4500 rate: 54 throughput: 11
04-22 05:35:27.758   683   858 D WifiThroughputPredictor:  utilization (LLS) 80 isBluetoothConnected: false final utilization: 80
04-22 05:35:27.758   683   858 D WifiThroughputPredictor:  BW: 0 RSSI: -50 Nss: 1 Mode: 1 symDur: 4000 snrDb 30 bitPerTone: 4500 rate: 54 throughput: 11
04-22 05:35:27.758   683   858 D WifiThroughputPredictor:  utilization (LLS) 80 isBluetoothConnected: false final utilization: 80
04-22 05:35:27.758   683   858 D WifiThroughputPredictor:  BW: 0 RSSI: -50 Nss: 1 Mode: 1 symDur: 4000 snrDb 30 bitPerTone: 4500 rate: 54 throughput: 11
04-22 05:35:27.759   683   858 D WifiScoreCard: BSSID update SIGNAL_POLL ID: 261501600 SSID: "AndroidWifi", BSSID: 00:13:10:85:fe:01, MAC: 02:15:b4:00:00:00, IP: /10.0.2.17, Security type: 0, Supplicant state: COMPLETED, Wi-Fi standard: legacy, RSSI: -50, Link speed: 1Mbps, Tx Link speed: 1Mbps, Max Supported Tx Link speed: 11Mbps, Rx Link speed: 2Mbps, Max Supported Rx Link speed: 11Mbps, Frequency: 2447MHz, Net ID: 0, Metered hint: false, score: 60, isUsable: true, CarrierMerged: false, SubscriptionId: -1, IsPrimary: 1, Trusted: true, Restricted: false, Ephemeral: false, OEM paid: false, OEM private: false, OSU AP: false, FQDN: <none>, Provider friendly name: <none>, Requesting package name: <none>"AndroidWifi"openMLO Information: , Is TID-To-Link negotiation supported by the AP: false, AP MLD Address: <none>, AP MLO Link Id: <none>, AP MLO Affiliated links: <none>, Vendor Data: <none>
04-22 05:35:27.759   683   858 D WifiScoreCard: txRate: 2 txSpeed: 1
04-22 05:35:27.759   683   858 D WifiScoreCard: network update SIGNAL_POLL "AndroidWifi" ID: 579418950 RSSI -50 txSpeed -1
04-22 05:35:27.759   683   858 D WifiClientModeImpl[9769:wlan0]:  ClientModeImpl$L2ConnectedState screen=on 1 0 "AndroidWifi" 00:13:10:85:fe:01 rssi=-50 f=2447 sc=60 link=1 tx=1.0, 0.0, 0.0 rx=0.9 bcn=0 [on:0 tx:0 rx:0 period:3009] from screen [on:0 period:-1309132785] score=60
04-22 05:35:28.298  4031  4050 I ReactNativeJS: '[assembly.android.mixc-retail-rn84.websocket] connect', { url: 'ws://127.0.0.1:5810/api/v1/tdp/ws/connect?sandboxId=sandbox-kernel-base-test&terminalId=terminal_j1rgmnggrq4n&token=token_xps20yq0rq4o',
04-22 05:35:28.298  4031  4050 I ReactNativeJS:   protocol: 'ws',
04-22 05:35:28.298  4031  4050 I ReactNativeJS:   host: '127.0.0.1:5810',
04-22 05:35:28.298  4031  4050 I ReactNativeJS:   pathname: '/api/v1/tdp/ws/connect' }
04-22 05:35:28.299  4031  4051 I assembly.assembly.android.mixc-retail-rn84.transport.ws.SocketRuntime: [transport.ws] Socket connect started: kernel.base.tdp-sync-runtime-v2.socket {"profileName":"kernel.base.tdp-sync-runtime-v2.socket","serverName":"mock-terminal-platform","addressName":"local"}
