04-22 05:34:42.642   683   858 V WifiConfigManager: Updating scan detail cache freq=2447 BSSID=00:13:10:85:fe:01 RSSI=-50 for "AndroidWifi"NONE
04-22 05:34:42.642   683   858 D WifiThroughputPredictor:  utilization (LLS) 80 isBluetoothConnected: false final utilization: 80
04-22 05:34:42.642   683   858 D WifiThroughputPredictor:  BW: 0 RSSI: -50 Nss: 1 Mode: 1 symDur: 4000 snrDb 30 bitPerTone: 4500 rate: 54 throughput: 11
04-22 05:34:42.642   683   858 D WifiThroughputPredictor:  utilization (LLS) 80 isBluetoothConnected: false final utilization: 80
04-22 05:34:42.642   683   858 D WifiThroughputPredictor:  BW: 0 RSSI: -50 Nss: 1 Mode: 1 symDur: 4000 snrDb 30 bitPerTone: 4500 rate: 54 throughput: 11
04-22 05:34:42.642   683   858 D WifiThroughputPredictor:  utilization (LLS) 80 isBluetoothConnected: false final utilization: 80
04-22 05:34:42.642   683   858 D WifiThroughputPredictor:  BW: 0 RSSI: -50 Nss: 1 Mode: 1 symDur: 4000 snrDb 30 bitPerTone: 4500 rate: 54 throughput: 11
04-22 05:34:42.642   683   858 D WifiThroughputPredictor:  utilization (LLS) 80 isBluetoothConnected: false final utilization: 80
04-22 05:34:42.642   683   858 D WifiThroughputPredictor:  BW: 0 RSSI: -50 Nss: 1 Mode: 1 symDur: 4000 snrDb 30 bitPerTone: 4500 rate: 54 throughput: 11
04-22 05:34:42.643   683   858 D WifiScoreCard: BSSID update SIGNAL_POLL ID: 261501600 SSID: "AndroidWifi", BSSID: 00:13:10:85:fe:01, MAC: 02:15:b4:00:00:00, IP: /10.0.2.17, Security type: 0, Supplicant state: COMPLETED, Wi-Fi standard: legacy, RSSI: -50, Link speed: 1Mbps, Tx Link speed: 1Mbps, Max Supported Tx Link speed: 11Mbps, Rx Link speed: 2Mbps, Max Supported Rx Link speed: 11Mbps, Frequency: 2447MHz, Net ID: 0, Metered hint: false, score: 60, isUsable: true, CarrierMerged: false, SubscriptionId: -1, IsPrimary: 1, Trusted: true, Restricted: false, Ephemeral: false, OEM paid: false, OEM private: false, OSU AP: false, FQDN: <none>, Provider friendly name: <none>, Requesting package name: <none>"AndroidWifi"openMLO Information: , Is TID-To-Link negotiation supported by the AP: false, AP MLD Address: <none>, AP MLO Link Id: <none>, AP MLO Affiliated links: <none>, Vendor Data: <none>
04-22 05:34:42.644   683   858 D WifiScoreCard: txRate: 1 txSpeed: 1
04-22 05:34:42.644   683   858 D WifiScoreCard: network update SIGNAL_POLL "AndroidWifi" ID: 579418950 RSSI -50 txSpeed -1
04-22 05:34:42.644   683   858 D WifiClientModeImpl[9769:wlan0]:  ClientModeImpl$L2ConnectedState screen=on 1 0 "AndroidWifi" 00:13:10:85:fe:01 rssi=-50 f=2447 sc=60 link=1 tx=0.0, 0.0, 0.0 rx=0.0 bcn=0 [on:0 tx:0 rx:0 period:3009] from screen [on:0 period:-1309177900] score=60
04-22 05:34:45.648   683   858 W BestClock: java.time.DateTimeException: No network time available
04-22 05:34:45.648   683   858 W BestClock: java.time.DateTimeException: No network time available
04-22 05:34:45.648   683   858 W BestClock: java.time.DateTimeException: No network time available
04-22 05:34:45.648   683   858 W BestClock: java.time.DateTimeException: No network time available
04-22 05:34:45.648   683   858 W BestClock: java.time.DateTimeException: No network time available
04-22 05:34:45.649   683   858 D WifiClientModeImpl[9769:wlan0]: updateLinkLayerStatsRssiSpeedFrequencyCapabilities rssi=-50 TxLinkspeed=1 freq=2447 RxLinkSpeed=2
04-22 05:34:45.650   683   858 D WifiDataStall: tx tput in kbps: 11000
04-22 05:34:45.650   683   858 D WifiDataStall: rx tput in kbps: 11000
04-22 05:34:45.650   683   858 V WifiConfigManager: Updating scan detail cache freq=2447 BSSID=00:13:10:85:fe:01 RSSI=-50 for "AndroidWifi"NONE
04-22 05:34:45.650   683   858 D WifiThroughputPredictor:  utilization (LLS) 80 isBluetoothConnected: false final utilization: 80
04-22 05:34:45.650   683   858 D WifiThroughputPredictor:  BW: 0 RSSI: -50 Nss: 1 Mode: 1 symDur: 4000 snrDb 30 bitPerTone: 4500 rate: 54 throughput: 11
04-22 05:34:45.650   683   858 D WifiThroughputPredictor:  utilization (LLS) 80 isBluetoothConnected: false final utilization: 80
04-22 05:34:45.650   683   858 D WifiThroughputPredictor:  BW: 0 RSSI: -50 Nss: 1 Mode: 1 symDur: 4000 snrDb 30 bitPerTone: 4500 rate: 54 throughput: 11
04-22 05:34:45.650   683   858 D WifiThroughputPredictor:  utilization (LLS) 80 isBluetoothConnected: false final utilization: 80
04-22 05:34:45.650   683   858 D WifiThroughputPredictor:  BW: 0 RSSI: -50 Nss: 1 Mode: 1 symDur: 4000 snrDb 30 bitPerTone: 4500 rate: 54 throughput: 11
04-22 05:34:45.650   683   858 D WifiThroughputPredictor:  utilization (LLS) 80 isBluetoothConnected: false final utilization: 80
04-22 05:34:45.650   683   858 D WifiThroughputPredictor:  BW: 0 RSSI: -50 Nss: 1 Mode: 1 symDur: 4000 snrDb 30 bitPerTone: 4500 rate: 54 throughput: 11
04-22 05:34:45.651   683   858 D WifiScoreCard: BSSID update SIGNAL_POLL ID: 261501600 SSID: "AndroidWifi", BSSID: 00:13:10:85:fe:01, MAC: 02:15:b4:00:00:00, IP: /10.0.2.17, Security type: 0, Supplicant state: COMPLETED, Wi-Fi standard: legacy, RSSI: -50, Link speed: 1Mbps, Tx Link speed: 1Mbps, Max Supported Tx Link speed: 11Mbps, Rx Link speed: 2Mbps, Max Supported Rx Link speed: 11Mbps, Frequency: 2447MHz, Net ID: 0, Metered hint: false, score: 60, isUsable: true, CarrierMerged: false, SubscriptionId: -1, IsPrimary: 1, Trusted: true, Restricted: false, Ephemeral: false, OEM paid: false, OEM private: false, OSU AP: false, FQDN: <none>, Provider friendly name: <none>, Requesting package name: <none>"AndroidWifi"openMLO Information: , Is TID-To-Link negotiation supported by the AP: false, AP MLD Address: <none>, AP MLO Link Id: <none>, AP MLO Affiliated links: <none>, Vendor Data: <none>
04-22 05:34:45.651   683   858 D WifiScoreCard: txRate: 1 txSpeed: 1
04-22 05:34:45.651   683   858 D WifiScoreCard: network update SIGNAL_POLL "AndroidWifi" ID: 579418950 RSSI -50 txSpeed -1
04-22 05:34:45.651   683   858 D WifiClientModeImpl[9769:wlan0]:  ClientModeImpl$L2ConnectedState screen=on 1 0 "AndroidWifi" 00:13:10:85:fe:01 rssi=-50 f=2447 sc=60 link=1 tx=0.0, 0.0, 0.0 rx=0.0 bcn=0 [on:0 tx:0 rx:0 period:3007] from screen [on:0 period:-1309174893] score=60
04-22 05:34:46.666  1086  1298 D SatelliteController: iisInCarrierRoamingNbIotNtn: satellite is disabled
04-22 05:34:48.405   938   938 D wpa_supplicant: nl80211: Drv Event 64 (NL80211_CMD_NOTIFY_CQM) received for wlan0
04-22 05:34:48.405   938   938 D wpa_supplicant: nl80211: Beacon loss event
04-22 05:34:48.405   938   938 D wpa_supplicant: wlan0: Event BEACON_LOSS (53) received
04-22 05:34:48.405   938   938 I wpa_supplicant: wlan0: CTRL-EVENT-BEACON-LOSS 
04-22 05:34:48.656   683   858 W BestClock: java.time.DateTimeException: No network time available
04-22 05:34:48.656   683   858 W BestClock: java.time.DateTimeException: No network time available
04-22 05:34:48.656   683   858 W BestClock: java.time.DateTimeException: No network time available
04-22 05:34:48.656   683   858 W BestClock: java.time.DateTimeException: No network time available
04-22 05:34:48.657   683   858 W BestClock: java.time.DateTimeException: No network time available
04-22 05:34:48.658   683   858 D WifiClientModeImpl[9769:wlan0]: updateLinkLayerStatsRssiSpeedFrequencyCapabilities rssi=-50 TxLinkspeed=1 freq=2447 RxLinkSpeed=2
04-22 05:34:48.658   683   858 D WifiDataStall: tx tput in kbps: 11000
04-22 05:34:48.658   683   858 D WifiDataStall: rx tput in kbps: 11000
04-22 05:34:48.658   683   858 V WifiConfigManager: Updating scan detail cache freq=2447 BSSID=00:13:10:85:fe:01 RSSI=-50 for "AndroidWifi"NONE
04-22 05:34:48.658   683   858 D WifiThroughputPredictor:  utilization (LLS) 80 isBluetoothConnected: false final utilization: 80
04-22 05:34:48.658   683   858 D WifiThroughputPredictor:  BW: 0 RSSI: -50 Nss: 1 Mode: 1 symDur: 4000 snrDb 30 bitPerTone: 4500 rate: 54 throughput: 11
04-22 05:34:48.658   683   858 D WifiThroughputPredictor:  utilization (LLS) 80 isBluetoothConnected: false final utilization: 80
04-22 05:34:48.658   683   858 D WifiThroughputPredictor:  BW: 0 RSSI: -50 Nss: 1 Mode: 1 symDur: 4000 snrDb 30 bitPerTone: 4500 rate: 54 throughput: 11
04-22 05:34:48.659   683   858 D WifiThroughputPredictor:  utilization (LLS) 80 isBluetoothConnected: false final utilization: 80
04-22 05:34:48.659   683   858 D WifiThroughputPredictor:  BW: 0 RSSI: -50 Nss: 1 Mode: 1 symDur: 4000 snrDb 30 bitPerTone: 4500 rate: 54 throughput: 11
04-22 05:34:48.659   683   858 D WifiThroughputPredictor:  utilization (LLS) 80 isBluetoothConnected: false final utilization: 80
04-22 05:34:48.659   683   858 D WifiThroughputPredictor:  BW: 0 RSSI: -50 Nss: 1 Mode: 1 symDur: 4000 snrDb 30 bitPerTone: 4500 rate: 54 throughput: 11
04-22 05:34:48.659   683   858 D WifiScoreCard: BSSID update SIGNAL_POLL ID: 261501600 SSID: "AndroidWifi", BSSID: 00:13:10:85:fe:01, MAC: 02:15:b4:00:00:00, IP: /10.0.2.17, Security type: 0, Supplicant state: COMPLETED, Wi-Fi standard: legacy, RSSI: -50, Link speed: 1Mbps, Tx Link speed: 1Mbps, Max Supported Tx Link speed: 11Mbps, Rx Link speed: 2Mbps, Max Supported Rx Link speed: 11Mbps, Frequency: 2447MHz, Net ID: 0, Metered hint: false, score: 60, isUsable: true, CarrierMerged: false, SubscriptionId: -1, IsPrimary: 1, Trusted: true, Restricted: false, Ephemeral: false, OEM paid: false, OEM private: false, OSU AP: false, FQDN: <none>, Provider friendly name: <none>, Requesting package name: <none>"AndroidWifi"openMLO Information: , Is TID-To-Link negotiation supported by the AP: false, AP MLD Address: <none>, AP MLO Link Id: <none>, AP MLO Affiliated links: <none>, Vendor Data: <none>
04-22 05:34:48.659   683   858 D WifiScoreCard: txRate: 1 txSpeed: 1
04-22 05:34:48.659   683   858 D WifiScoreCard: network update SIGNAL_POLL "AndroidWifi" ID: 579418950 RSSI -50 txSpeed -1
04-22 05:34:48.660   683   858 D WifiClientModeImpl[9769:wlan0]:  ClientModeImpl$L2ConnectedState screen=on 1 0 "AndroidWifi" 00:13:10:85:fe:01 rssi=-50 f=2447 sc=60 link=1 tx=0.0, 0.0, 0.0 rx=0.0 bcn=0 [on:0 tx:0 rx:0 period:3009] from screen [on:0 period:-1309171884] score=60
04-22 05:34:48.711   683   750 I WifiService: isFeatureSupported uid=1000 returns [WIFI_FEATURE_INFRA, WIFI_FEATURE_P2P, WIFI_FEATURE_MOBILE_HOTSPOT, WIFI_FEATURE_WPA3_SAE, WIFI_FEATURE_WPA3_SUITE_B, WIFI_FEATURE_OWE, WIFI_FEATURE_DPP, WIFI_FEATURE_AP_RAND_MAC, WIFI_FEATURE_MBO, WIFI_FEATURE_FILS_SHA256, WIFI_FEATURE_FILS_SHA384, WIFI_FEATURE_SAE_PK, WIFI_FEATURE_DPP_ENROLLEE_RESPONDER, WIFI_FEATURE_PASSPOINT_TERMS_AND_CONDITIONS, WIFI_FEATURE_WFD_R2, WIFI_FEATURE_DECORATED_IDENTITY, WIFI_FEATURE_TRUST_ON_FIRST_USE, WIFI_FEATURE_SET_TLS_MINIMUM_VERSION, WIFI_FEATURE_TLS_V1_3, WIFI_FEATURE_WEP, WIFI_FEATURE_WPA_PERSONAL]
04-22 05:34:48.715  1283  3810 W WakeLock: GCM_HB_ALARM release without a matched acquire!
04-22 05:34:48.716  1283  3810 W WakeLock: GCM_HB_ALARM counter does not exist
04-22 05:34:48.718  1283  3810 I AlarmManager: setExactAndAllowWhileIdle [name: GCM_CONN_ALARM type: 2 triggerAtMillis: 32751262]
04-22 05:34:48.719  1283  3810 W WakeLock: GCM_CONN_ALARM release without a matched acquire!
04-22 05:34:48.719  1283  3810 W WakeLock: GCM_CONN_ALARM counter does not exist
04-22 05:34:51.663   683   858 W BestClock: java.time.DateTimeException: No network time available
04-22 05:34:51.663   683   858 W BestClock: java.time.DateTimeException: No network time available
04-22 05:34:51.663   683   858 W BestClock: java.time.DateTimeException: No network time available
04-22 05:34:51.663   683   858 W BestClock: java.time.DateTimeException: No network time available
04-22 05:34:51.663   683   858 W BestClock: java.time.DateTimeException: No network time available
04-22 05:34:51.664   683   858 D WifiClientModeImpl[9769:wlan0]: updateLinkLayerStatsRssiSpeedFrequencyCapabilities rssi=-50 TxLinkspeed=1 freq=2447 RxLinkSpeed=2
04-22 05:34:51.665   683   858 D WifiDataStall: tx tput in kbps: 11000
04-22 05:34:51.665   683   858 D WifiDataStall: rx tput in kbps: 11000
04-22 05:34:51.665   683   858 V WifiConfigManager: Updating scan detail cache freq=2447 BSSID=00:13:10:85:fe:01 RSSI=-50 for "AndroidWifi"NONE
04-22 05:34:51.665   683   858 D WifiThroughputPredictor:  utilization (LLS) 80 isBluetoothConnected: false final utilization: 80
04-22 05:34:51.665   683   858 D WifiThroughputPredictor:  BW: 0 RSSI: -50 Nss: 1 Mode: 1 symDur: 4000 snrDb 30 bitPerTone: 4500 rate: 54 throughput: 11
04-22 05:34:51.665   683   858 D WifiThroughputPredictor:  utilization (LLS) 80 isBluetoothConnected: false final utilization: 80
04-22 05:34:51.665   683   858 D WifiThroughputPredictor:  BW: 0 RSSI: -50 Nss: 1 Mode: 1 symDur: 4000 snrDb 30 bitPerTone: 4500 rate: 54 throughput: 11
04-22 05:34:51.665   683   858 D WifiThroughputPredictor:  utilization (LLS) 80 isBluetoothConnected: false final utilization: 80
04-22 05:34:51.665   683   858 D WifiThroughputPredictor:  BW: 0 RSSI: -50 Nss: 1 Mode: 1 symDur: 4000 snrDb 30 bitPerTone: 4500 rate: 54 throughput: 11
04-22 05:34:51.665   683   858 D WifiThroughputPredictor:  utilization (LLS) 80 isBluetoothConnected: false final utilization: 80
04-22 05:34:51.665   683   858 D WifiThroughputPredictor:  BW: 0 RSSI: -50 Nss: 1 Mode: 1 symDur: 4000 snrDb 30 bitPerTone: 4500 rate: 54 throughput: 11
04-22 05:34:51.665   683   858 D WifiScoreCard: BSSID update SIGNAL_POLL ID: 261501600 SSID: "AndroidWifi", BSSID: 00:13:10:85:fe:01, MAC: 02:15:b4:00:00:00, IP: /10.0.2.17, Security type: 0, Supplicant state: COMPLETED, Wi-Fi standard: legacy, RSSI: -50, Link speed: 1Mbps, Tx Link speed: 1Mbps, Max Supported Tx Link speed: 11Mbps, Rx Link speed: 2Mbps, Max Supported Rx Link speed: 11Mbps, Frequency: 2447MHz, Net ID: 0, Metered hint: false, score: 60, isUsable: true, CarrierMerged: false, SubscriptionId: -1, IsPrimary: 1, Trusted: true, Restricted: false, Ephemeral: false, OEM paid: false, OEM private: false, OSU AP: false, FQDN: <none>, Provider friendly name: <none>, Requesting package name: <none>"AndroidWifi"openMLO Information: , Is TID-To-Link negotiation supported by the AP: false, AP MLD Address: <none>, AP MLO Link Id: <none>, AP MLO Affiliated links: <none>, Vendor Data: <none>
04-22 05:34:51.665   683   858 D WifiScoreCard: txRate: 1 txSpeed: 1
04-22 05:34:51.665   683   858 D WifiScoreCard: network update SIGNAL_POLL "AndroidWifi" ID: 579418950 RSSI -50 txSpeed -1
04-22 05:34:51.666   683   858 D WifiClientModeImpl[9769:wlan0]:  ClientModeImpl$L2ConnectedState screen=on 1 0 "AndroidWifi" 00:13:10:85:fe:01 rssi=-50 f=2447 sc=60 link=1 tx=0.4, 0.0, 0.0 rx=0.6 bcn=0 [on:0 tx:0 rx:0 period:3005] from screen [on:0 period:-1309168879] score=60
04-22 05:34:53.725   459  3967 I resolv  : GetAddrInfoHandler::run: {101 983141 101 983141 10144 0}
04-22 05:34:53.726   459  3968 I resolv  : res_nmkquery: (QUERY, IN, AAAA)
04-22 05:34:53.726   459  3969 I resolv  : res_nmkquery: (QUERY, IN, A)
04-22 05:34:53.726   459  3968 I resolv  : resolv_cache_lookup: FOUND IN CACHE entry=0xb400007d0ced89f0
04-22 05:34:53.726   459  3968 I resolv  : doQuery: rcode=0, ancount=2, return value=101
04-22 05:34:54.215   459  3969 I resolv  : res_nsend: used send_dg 89 terrno: 0
04-22 05:34:54.215   459  3969 I resolv  : doQuery: rcode=0, ancount=2, return value=89
04-22 05:34:54.217  1283  1621 I TrafficStats: tagSocketFd(-1, 1031, -1) failed with errno-9
04-22 05:34:54.670   683   858 W BestClock: java.time.DateTimeException: No network time available
04-22 05:34:54.670   683   858 W BestClock: java.time.DateTimeException: No network time available
04-22 05:34:54.670   683   858 W BestClock: java.time.DateTimeException: No network time available
04-22 05:34:54.670   683   858 W BestClock: java.time.DateTimeException: No network time available
04-22 05:34:54.670   683   858 W BestClock: java.time.DateTimeException: No network time available
04-22 05:34:54.672   683   858 D WifiClientModeImpl[9769:wlan0]: updateLinkLayerStatsRssiSpeedFrequencyCapabilities rssi=-50 TxLinkspeed=1 freq=2447 RxLinkSpeed=2
04-22 05:34:54.673   683   858 D WifiDataStall: tx tput in kbps: 11000
04-22 05:34:54.673   683   858 D WifiDataStall: rx tput in kbps: 11000
04-22 05:34:54.673   683   858 V WifiConfigManager: Updating scan detail cache freq=2447 BSSID=00:13:10:85:fe:01 RSSI=-50 for "AndroidWifi"NONE
04-22 05:34:54.673   683   858 D WifiThroughputPredictor:  utilization (LLS) 80 isBluetoothConnected: false final utilization: 80
04-22 05:34:54.673   683   858 D WifiThroughputPredictor:  BW: 0 RSSI: -50 Nss: 1 Mode: 1 symDur: 4000 snrDb 30 bitPerTone: 4500 rate: 54 throughput: 11
04-22 05:34:54.673   683   858 D WifiThroughputPredictor:  utilization (LLS) 80 isBluetoothConnected: false final utilization: 80
04-22 05:34:54.673   683   858 D WifiThroughputPredictor:  BW: 0 RSSI: -50 Nss: 1 Mode: 1 symDur: 4000 snrDb 30 bitPerTone: 4500 rate: 54 throughput: 11
04-22 05:34:54.673   683   858 D WifiThroughputPredictor:  utilization (LLS) 80 isBluetoothConnected: false final utilization: 80
04-22 05:34:54.673   683   858 D WifiThroughputPredictor:  BW: 0 RSSI: -50 Nss: 1 Mode: 1 symDur: 4000 snrDb 30 bitPerTone: 4500 rate: 54 throughput: 11
04-22 05:34:54.673   683   858 D WifiThroughputPredictor:  utilization (LLS) 80 isBluetoothConnected: false final utilization: 80
04-22 05:34:54.673   683   858 D WifiThroughputPredictor:  BW: 0 RSSI: -50 Nss: 1 Mode: 1 symDur: 4000 snrDb 30 bitPerTone: 4500 rate: 54 throughput: 11
04-22 05:34:54.674   683   858 D WifiScoreCard: BSSID update SIGNAL_POLL ID: 261501600 SSID: "AndroidWifi", BSSID: 00:13:10:85:fe:01, MAC: 02:15:b4:00:00:00, IP: /10.0.2.17, Security type: 0, Supplicant state: COMPLETED, Wi-Fi standard: legacy, RSSI: -50, Link speed: 1Mbps, Tx Link speed: 1Mbps, Max Supported Tx Link speed: 11Mbps, Rx Link speed: 2Mbps, Max Supported Rx Link speed: 11Mbps, Frequency: 2447MHz, Net ID: 0, Metered hint: false, score: 60, isUsable: true, CarrierMerged: false, SubscriptionId: -1, IsPrimary: 1, Trusted: true, Restricted: false, Ephemeral: false, OEM paid: false, OEM private: false, OSU AP: false, FQDN: <none>, Provider friendly name: <none>, Requesting package name: <none>"AndroidWifi"openMLO Information: , Is TID-To-Link negotiation supported by the AP: false, AP MLD Address: <none>, AP MLO Link Id: <none>, AP MLO Affiliated links: <none>, Vendor Data: <none>
04-22 05:34:54.674   683   858 D WifiScoreCard: txRate: 1 txSpeed: 1
04-22 05:34:54.674   683   858 D WifiScoreCard: network update SIGNAL_POLL "AndroidWifi" ID: 579418950 RSSI -50 txSpeed -1
04-22 05:34:54.674   683   858 D WifiClientModeImpl[9769:wlan0]:  ClientModeImpl$L2ConnectedState screen=on 1 0 "AndroidWifi" 00:13:10:85:fe:01 rssi=-50 f=2447 sc=60 link=1 tx=0.9, 0.0, 0.0 rx=0.8 bcn=0 [on:0 tx:0 rx:0 period:3007] from screen [on:0 period:-1309165870] score=60
04-22 05:34:54.725  1283  3810 E GmsTaskScheduler: sendWakeUpEvent called on SchedulerClientBroadcastStrategy
04-22 05:34:54.725  1283  3810 I AlarmManager: setExactAndAllowWhileIdle [name: GCM_HB_ALARM type: 2 triggerAtMillis: 33282269]
04-22 05:34:54.888  1283  3810 I AlarmManager: setExactAndAllowWhileIdle [name: GCM_HB_ALARM type: 2 triggerAtMillis: 33282432]
04-22 05:34:54.890  1283  3810 W WakeLock: GCM_CONN_ALARM release without a matched acquire!
04-22 05:34:54.892   683   864 D ConnectivityService: reportNetworkConnectivity(101, true) by 10144
04-22 05:34:54.893  1052  2583 D NetworkMonitor/101: Forcing reevaluation for UID 10144. Dns signal count: 0
04-22 05:34:54.893   683   864 D ConnectivityService: reportNetworkConnectivity(101, true) by 10144
04-22 05:34:54.893  1283  3810 I AlarmManager: setExactAndAllowWhileIdle [name: GCM_HB_ALARM type: 2 triggerAtMillis: 33282437]
04-22 05:34:54.894  1283  3810 E GmsTaskScheduler: sendWakeUpEvent called on SchedulerClientBroadcastStrategy
04-22 05:34:54.895   459  3973 I resolv  : ResNSendHandler::run: 0 / {101 983141 101 983141 1073 1}
04-22 05:34:54.895   459  3974 I resolv  : ResNSendHandler::run: 0 / {101 983141 101 983141 1073 1}
04-22 05:34:54.895   459  3973 I resolv  : resolv_cache_lookup: FOUND IN CACHE entry=0xb400007cdced1150
04-22 05:34:54.897   459  3975 I resolv  : ResNSendHandler::run: 0 / {101 983141 101 983141 1073 1}
04-22 05:34:54.897   459  3976 I resolv  : ResNSendHandler::run: 0 / {101 983141 101 983141 1073 1}
04-22 05:34:54.897   459  3976 I resolv  : resolv_cache_lookup: FOUND IN CACHE entry=0xb400007e7ced28b0
04-22 05:34:55.387   459  3974 I resolv  : res_nsend: used send_dg 117 terrno: 0
04-22 05:34:55.387   459  3975 I resolv  : res_nsend: used send_dg 48 terrno: 0
04-22 05:34:55.392  1052  3971 D NetworkMonitor/101: PROBE_DNS www.google.com 498ms OK 69.171.235.22,2001::1
04-22 05:34:55.393   459  3977 I resolv  : GetAddrInfoHandler::run: {101 983141 101 983141 1073 1}
04-22 05:34:55.394  1052  3972 D NetworkMonitor/101: PROBE_DNS connectivitycheck.gstatic.com 499ms OK 114.250.65.34
04-22 05:34:55.394   459  3978 I resolv  : res_nmkquery: (QUERY, IN, AAAA)
04-22 05:34:55.394   459  3978 I resolv  : resolv_cache_lookup: FOUND IN CACHE entry=0xb400007cdced1150
04-22 05:34:55.394   459  3978 I resolv  : doQuery: rcode=0, ancount=1, return value=60
04-22 05:34:55.394   459  3981 I resolv  : res_nmkquery: (QUERY, IN, A)
04-22 05:34:55.394   459  3981 I resolv  : resolv_cache_lookup: FOUND IN CACHE entry=0xb400007d2ced1320
04-22 05:34:55.394   459  3981 I resolv  : doQuery: rcode=0, ancount=1, return value=48
04-22 05:34:55.395   459  3982 I resolv  : GetAddrInfoHandler::run: {101 983141 101 983141 1073 1}
04-22 05:34:55.396   459  3984 I resolv  : res_nmkquery: (QUERY, IN, AAAA)
04-22 05:34:55.396   459  3984 I resolv  : resolv_cache_lookup: FOUND IN CACHE entry=0xb400007d0cedc470
04-22 05:34:55.396   459  3984 I resolv  : doQuery: rcode=0, ancount=0, return value=117
04-22 05:34:55.396   459  3985 I resolv  : res_nmkquery: (QUERY, IN, A)
04-22 05:34:55.396   459  3985 I resolv  : resolv_cache_lookup: FOUND IN CACHE entry=0xb400007e7ced28b0
04-22 05:34:55.396   459  3985 I resolv  : doQuery: rcode=0, ancount=1, return value=63
04-22 05:34:55.889  1052  3972 D NetworkMonitor/101: PROBE_HTTP http://connectivitycheck.gstatic.com/generate_204 time=494ms ret=204 request={Connection=[close], User-Agent=[Mozilla/5.0 (X11; Linux x86_64) AppleWebKit/537.36 (KHTML, like Gecko) Chrome/60.0.3112.32 Safari/537.36]} headers={null=[HTTP/1.1 204 No Content], Connection=[close], Cross-Origin-Resource-Policy=[cross-origin], Date=[Tue, 21 Apr 2026 21:34:55 GMT], X-Android-Received-Millis=[1776807295888], X-Android-Response-Source=[NETWORK 204], X-Android-Selected-Protocol=[http/1.1], X-Android-Sent-Millis=[1776807295399]}
04-22 05:34:56.343   938   938 D wpa_supplicant: nl80211: Drv Event 64 (NL80211_CMD_NOTIFY_CQM) received for wlan0
04-22 05:34:56.344   938   938 D wpa_supplicant: nl80211: Beacon loss event
04-22 05:34:56.344   938   938 D wpa_supplicant: wlan0: Event BEACON_LOSS (53) received
04-22 05:34:56.344   938   938 I wpa_supplicant: wlan0: CTRL-EVENT-BEACON-LOSS 
04-22 05:34:56.675  1086  1298 D SatelliteController: iisInCarrierRoamingNbIotNtn: satellite is disabled
04-22 05:34:57.679   683   858 W BestClock: java.time.DateTimeException: No network time available
04-22 05:34:57.680   683   858 W BestClock: java.time.DateTimeException: No network time available
04-22 05:34:57.680   683   858 W BestClock: java.time.DateTimeException: No network time available
04-22 05:34:57.680   683   858 W BestClock: java.time.DateTimeException: No network time available
04-22 05:34:57.680   683   858 W BestClock: java.time.DateTimeException: No network time available
04-22 05:34:57.683   683   858 D WifiClientModeImpl[9769:wlan0]: updateLinkLayerStatsRssiSpeedFrequencyCapabilities rssi=-50 TxLinkspeed=1 freq=2447 RxLinkSpeed=2
04-22 05:34:57.684   683   858 D WifiDataStall: tx tput in kbps: 11000
04-22 05:34:57.684   683   858 D WifiDataStall: rx tput in kbps: 11000
04-22 05:34:57.684   683   858 V WifiConfigManager: Updating scan detail cache freq=2447 BSSID=00:13:10:85:fe:01 RSSI=-50 for "AndroidWifi"NONE
04-22 05:34:57.684   683   858 D WifiThroughputPredictor:  utilization (LLS) 80 isBluetoothConnected: false final utilization: 80
04-22 05:34:57.684   683   858 D WifiThroughputPredictor:  BW: 0 RSSI: -50 Nss: 1 Mode: 1 symDur: 4000 snrDb 30 bitPerTone: 4500 rate: 54 throughput: 11
04-22 05:34:57.684   683   858 D WifiThroughputPredictor:  utilization (LLS) 80 isBluetoothConnected: false final utilization: 80
04-22 05:34:57.684   683   858 D WifiThroughputPredictor:  BW: 0 RSSI: -50 Nss: 1 Mode: 1 symDur: 4000 snrDb 30 bitPerTone: 4500 rate: 54 throughput: 11
04-22 05:34:57.684   683   858 D WifiThroughputPredictor:  utilization (LLS) 80 isBluetoothConnected: false final utilization: 80
04-22 05:34:57.684   683   858 D WifiThroughputPredictor:  BW: 0 RSSI: -50 Nss: 1 Mode: 1 symDur: 4000 snrDb 30 bitPerTone: 4500 rate: 54 throughput: 11
04-22 05:34:57.684   683   858 D WifiThroughputPredictor:  utilization (LLS) 80 isBluetoothConnected: false final utilization: 80
04-22 05:34:57.684   683   858 D WifiThroughputPredictor:  BW: 0 RSSI: -50 Nss: 1 Mode: 1 symDur: 4000 snrDb 30 bitPerTone: 4500 rate: 54 throughput: 11
04-22 05:34:57.684   683   858 D WifiScoreCard: BSSID update SIGNAL_POLL ID: 261501600 SSID: "AndroidWifi", BSSID: 00:13:10:85:fe:01, MAC: 02:15:b4:00:00:00, IP: /10.0.2.17, Security type: 0, Supplicant state: COMPLETED, Wi-Fi standard: legacy, RSSI: -50, Link speed: 1Mbps, Tx Link speed: 1Mbps, Max Supported Tx Link speed: 11Mbps, Rx Link speed: 2Mbps, Max Supported Rx Link speed: 11Mbps, Frequency: 2447MHz, Net ID: 0, Metered hint: false, score: 60, isUsable: true, CarrierMerged: false, SubscriptionId: -1, IsPrimary: 1, Trusted: true, Restricted: false, Ephemeral: false, OEM paid: false, OEM private: false, OSU AP: false, FQDN: <none>, Provider friendly name: <none>, Requesting package name: <none>"AndroidWifi"openMLO Information: , Is TID-To-Link negotiation supported by the AP: false, AP MLD Address: <none>, AP MLO Link Id: <none>, AP MLO Affiliated links: <none>, Vendor Data: <none>
04-22 05:34:57.684   683   858 D WifiScoreCard: txRate: 4 txSpeed: 1
04-22 05:34:57.684   683   858 D WifiScoreCard: network update SIGNAL_POLL "AndroidWifi" ID: 579418950 RSSI -50 txSpeed 1
04-22 05:34:57.684   683   858 D WifiClientModeImpl[9769:wlan0]:  ClientModeImpl$L2ConnectedState screen=on 1 0 "AndroidWifi" 00:13:10:85:fe:01 rssi=-50 f=2447 sc=60 link=1 tx=3.5, 0.0, 0.0 rx=3.2 bcn=0 [on:0 tx:0 rx:0 period:3010] from screen [on:0 period:-1309162860] score=60
04-22 05:34:57.892  1052  1189 D ApfFilter: (wlan0): Ignoring RA RA fe80::2 -> ff02::1 1800s fec0::/64 86400s/14400s  which matches RA fe80::2 -> ff02::1 1800s fec0::/64 86400s/14400s 
04-22 05:34:57.895   459  3986 I resolv  : GetAddrInfoHandler::run: {101 983141 101 983141 1073 1}
04-22 05:34:57.895   459  3988 I resolv  : res_nmkquery: (QUERY, IN, A)
04-22 05:34:57.896   459  3987 I resolv  : res_nmkquery: (QUERY, IN, AAAA)
04-22 05:34:57.896   459  3987 I resolv  : resolv_cache_lookup: FOUND IN CACHE entry=0xb400007d0ced8690
04-22 05:34:57.896   459  3987 I resolv  : doQuery: rcode=0, ancount=4, return value=149
04-22 05:34:58.391   459  3988 I resolv  : res_nsend: used send_dg 101 terrno: 0
04-22 05:34:58.392   459  3988 I resolv  : doQuery: rcode=0, ancount=4, return value=101
04-22 05:34:58.893  1052  3970 D NetworkMonitor/101: PROBE_FALLBACK http://play.googleapis.com/generate_204 time=998ms ret=204 request={Connection=[close], User-Agent=[Mozilla/5.0 (X11; Linux x86_64) AppleWebKit/537.36 (KHTML, like Gecko) Chrome/60.0.3112.32 Safari/537.36]} headers={null=[HTTP/1.1 204 No Content], Connection=[close], Cross-Origin-Resource-Policy=[cross-origin], Date=[Tue, 21 Apr 2026 21:34:58 GMT], X-Android-Received-Millis=[1776807298893], X-Android-Response-Source=[NETWORK 204], X-Android-Selected-Protocol=[http/1.1], X-Android-Sent-Millis=[1776807298396]}
04-22 05:35:00.690   683   858 W BestClock: java.time.DateTimeException: No network time available
04-22 05:35:00.690   683   858 W BestClock: java.time.DateTimeException: No network time available
04-22 05:35:00.690   683   858 W BestClock: java.time.DateTimeException: No network time available
04-22 05:35:00.690   683   858 W BestClock: java.time.DateTimeException: No network time available
04-22 05:35:00.690   683   858 W BestClock: java.time.DateTimeException: No network time available
04-22 05:35:00.691   683   858 D WifiClientModeImpl[9769:wlan0]: updateLinkLayerStatsRssiSpeedFrequencyCapabilities rssi=-50 TxLinkspeed=2 freq=2447 RxLinkSpeed=2
04-22 05:35:00.691   683   858 D WifiDataStall: tx tput in kbps: 11000
04-22 05:35:00.691   683   858 D WifiDataStall: rx tput in kbps: 11000
04-22 05:35:00.691   683   858 V WifiConfigManager: Updating scan detail cache freq=2447 BSSID=00:13:10:85:fe:01 RSSI=-50 for "AndroidWifi"NONE
04-22 05:35:00.691   683   858 D WifiThroughputPredictor:  utilization (LLS) 80 isBluetoothConnected: false final utilization: 80
04-22 05:35:00.691   683   858 D WifiThroughputPredictor:  BW: 0 RSSI: -50 Nss: 1 Mode: 1 symDur: 4000 snrDb 30 bitPerTone: 4500 rate: 54 throughput: 11
04-22 05:35:00.691   683   858 D WifiThroughputPredictor:  utilization (LLS) 80 isBluetoothConnected: false final utilization: 80
04-22 05:35:00.691   683   858 D WifiThroughputPredictor:  BW: 0 RSSI: -50 Nss: 1 Mode: 1 symDur: 4000 snrDb 30 bitPerTone: 4500 rate: 54 throughput: 11
04-22 05:35:00.692   683   858 D WifiThroughputPredictor:  utilization (LLS) 80 isBluetoothConnected: false final utilization: 80
04-22 05:35:00.692   683   858 D WifiThroughputPredictor:  BW: 0 RSSI: -50 Nss: 1 Mode: 1 symDur: 4000 snrDb 30 bitPerTone: 4500 rate: 54 throughput: 11
04-22 05:35:00.692   683   858 D WifiThroughputPredictor:  utilization (LLS) 80 isBluetoothConnected: false final utilization: 80
04-22 05:35:00.692   683   858 D WifiThroughputPredictor:  BW: 0 RSSI: -50 Nss: 1 Mode: 1 symDur: 4000 snrDb 30 bitPerTone: 4500 rate: 54 throughput: 11
04-22 05:35:00.692   683   858 D WifiScoreCard: BSSID update SIGNAL_POLL ID: 261501600 SSID: "AndroidWifi", BSSID: 00:13:10:85:fe:01, MAC: 02:15:b4:00:00:00, IP: /10.0.2.17, Security type: 0, Supplicant state: COMPLETED, Wi-Fi standard: legacy, RSSI: -50, Link speed: 2Mbps, Tx Link speed: 2Mbps, Max Supported Tx Link speed: 11Mbps, Rx Link speed: 2Mbps, Max Supported Rx Link speed: 11Mbps, Frequency: 2447MHz, Net ID: 0, Metered hint: false, score: 60, isUsable: true, CarrierMerged: false, SubscriptionId: -1, IsPrimary: 1, Trusted: true, Restricted: false, Ephemeral: false, OEM paid: false, OEM private: false, OSU AP: false, FQDN: <none>, Provider friendly name: <none>, Requesting package name: <none>"AndroidWifi"openMLO Information: , Is TID-To-Link negotiation supported by the AP: false, AP MLD Address: <none>, AP MLO Link Id: <none>, AP MLO Affiliated links: <none>, Vendor Data: <none>
04-22 05:35:00.692   683   858 D WifiScoreCard: txRate: 3 txSpeed: 2
04-22 05:35:00.692   683   858 D WifiScoreCard: network update SIGNAL_POLL "AndroidWifi" ID: 579418950 RSSI -50 txSpeed -1
04-22 05:35:00.692   683   858 D WifiClientModeImpl[9769:wlan0]:  ClientModeImpl$L2ConnectedState screen=on 1 0 "AndroidWifi" 00:13:10:85:fe:01 rssi=-50 f=2447 sc=60 link=2 tx=2.5, 0.0, 0.0 rx=2.6 bcn=0 [on:0 tx:0 rx:0 period:3008] from screen [on:0 period:-1309159852] score=60
04-22 05:35:03.697   683   858 W BestClock: java.time.DateTimeException: No network time available
04-22 05:35:03.697   683   858 W BestClock: java.time.DateTimeException: No network time available
04-22 05:35:03.697   683   858 W BestClock: java.time.DateTimeException: No network time available
04-22 05:35:03.697   683   858 W BestClock: java.time.DateTimeException: No network time available
04-22 05:35:03.697   683   858 W BestClock: java.time.DateTimeException: No network time available
04-22 05:35:03.698   683   858 D WifiClientModeImpl[9769:wlan0]: updateLinkLayerStatsRssiSpeedFrequencyCapabilities rssi=-50 TxLinkspeed=2 freq=2447 RxLinkSpeed=2
04-22 05:35:03.698   683   858 D WifiDataStall: tx tput in kbps: 11000
04-22 05:35:03.698   683   858 D WifiDataStall: rx tput in kbps: 11000
04-22 05:35:03.698   683   858 V WifiConfigManager: Updating scan detail cache freq=2447 BSSID=00:13:10:85:fe:01 RSSI=-50 for "AndroidWifi"NONE
04-22 05:35:03.698   683   858 D WifiThroughputPredictor:  utilization (LLS) 80 isBluetoothConnected: false final utilization: 80
04-22 05:35:03.698   683   858 D WifiThroughputPredictor:  BW: 0 RSSI: -50 Nss: 1 Mode: 1 symDur: 4000 snrDb 30 bitPerTone: 4500 rate: 54 throughput: 11
04-22 05:35:03.698   683   858 D WifiThroughputPredictor:  utilization (LLS) 80 isBluetoothConnected: false final utilization: 80
04-22 05:35:03.698   683   858 D WifiThroughputPredictor:  BW: 0 RSSI: -50 Nss: 1 Mode: 1 symDur: 4000 snrDb 30 bitPerTone: 4500 rate: 54 throughput: 11
04-22 05:35:03.699   683   858 D WifiThroughputPredictor:  utilization (LLS) 80 isBluetoothConnected: false final utilization: 80
04-22 05:35:03.699   683   858 D WifiThroughputPredictor:  BW: 0 RSSI: -50 Nss: 1 Mode: 1 symDur: 4000 snrDb 30 bitPerTone: 4500 rate: 54 throughput: 11
04-22 05:35:03.699   683   858 D WifiThroughputPredictor:  utilization (LLS) 80 isBluetoothConnected: false final utilization: 80
04-22 05:35:03.699   683   858 D WifiThroughputPredictor:  BW: 0 RSSI: -50 Nss: 1 Mode: 1 symDur: 4000 snrDb 30 bitPerTone: 4500 rate: 54 throughput: 11
04-22 05:35:03.700   683   858 D WifiScoreCard: BSSID update SIGNAL_POLL ID: 261501600 SSID: "AndroidWifi", BSSID: 00:13:10:85:fe:01, MAC: 02:15:b4:00:00:00, IP: /10.0.2.17, Security type: 0, Supplicant state: COMPLETED, Wi-Fi standard: legacy, RSSI: -50, Link speed: 2Mbps, Tx Link speed: 2Mbps, Max Supported Tx Link speed: 11Mbps, Rx Link speed: 2Mbps, Max Supported Rx Link speed: 11Mbps, Frequency: 2447MHz, Net ID: 0, Metered hint: false, score: 60, isUsable: true, CarrierMerged: false, SubscriptionId: -1, IsPrimary: 1, Trusted: true, Restricted: false, Ephemeral: false, OEM paid: false, OEM private: false, OSU AP: false, FQDN: <none>, Provider friendly name: <none>, Requesting package name: <none>"AndroidWifi"openMLO Information: , Is TID-To-Link negotiation supported by the AP: false, AP MLD Address: <none>, AP MLO Link Id: <none>, AP MLO Affiliated links: <none>, Vendor Data: <none>
04-22 05:35:03.700   683   858 D WifiScoreCard: txRate: 1 txSpeed: 2
04-22 05:35:03.700   683   858 D WifiScoreCard: network update SIGNAL_POLL "AndroidWifi" ID: 579418950 RSSI -50 txSpeed -1
04-22 05:35:03.700   683   858 D WifiClientModeImpl[9769:wlan0]:  ClientModeImpl$L2ConnectedState screen=on 1 0 "AndroidWifi" 00:13:10:85:fe:01 rssi=-50 f=2447 sc=60 link=2 tx=0.9, 0.0, 0.0 rx=0.9 bcn=0 [on:0 tx:0 rx:0 period:3008] from screen [on:0 period:-1309156844] score=60
04-22 05:35:04.282   938   938 D wpa_supplicant: nl80211: Drv Event 64 (NL80211_CMD_NOTIFY_CQM) received for wlan0
04-22 05:35:04.282   938   938 D wpa_supplicant: nl80211: Beacon loss event
04-22 05:35:04.282   938   938 D wpa_supplicant: wlan0: Event BEACON_LOSS (53) received
04-22 05:35:04.282   938   938 I wpa_supplicant: wlan0: CTRL-EVENT-BEACON-LOSS 
04-22 05:35:05.913  1052  3971 D NetworkMonitor/101: PROBE_HTTPS https://www.google.com/generate_204 Probe failed with exception javax.net.ssl.SSLHandshakeException: connection closed
04-22 05:35:05.915  1052  3970 D NetworkMonitor/101: isCaptivePortal: isSuccessful()=false isPortal()=false RedirectUrl=null isPartialConnectivity()=true Time=11022ms
04-22 05:35:05.916   683   864 D ConnectivityService: [101 WIFI] validation failed
04-22 05:35:06.677  1086  1298 D SatelliteController: iisInCarrierRoamingNbIotNtn: satellite is disabled
04-22 05:35:06.701   683   858 W BestClock: java.time.DateTimeException: No network time available
04-22 05:35:06.701   683   858 W BestClock: java.time.DateTimeException: No network time available
04-22 05:35:06.701   683   858 W BestClock: java.time.DateTimeException: No network time available
04-22 05:35:06.701   683   858 W BestClock: java.time.DateTimeException: No network time available
04-22 05:35:06.701   683   858 W BestClock: java.time.DateTimeException: No network time available
04-22 05:35:06.701   683   858 D WifiClientModeImpl[9769:wlan0]: updateLinkLayerStatsRssiSpeedFrequencyCapabilities rssi=-50 TxLinkspeed=1 freq=2447 RxLinkSpeed=2
04-22 05:35:06.701   683   858 D WifiDataStall: tx tput in kbps: 11000
04-22 05:35:06.701   683   858 D WifiDataStall: rx tput in kbps: 11000
04-22 05:35:06.702   683   858 V WifiConfigManager: Updating scan detail cache freq=2447 BSSID=00:13:10:85:fe:01 RSSI=-50 for "AndroidWifi"NONE
04-22 05:35:06.702   683   858 D WifiThroughputPredictor:  utilization (LLS) 80 isBluetoothConnected: false final utilization: 80
04-22 05:35:06.702   683   858 D WifiThroughputPredictor:  BW: 0 RSSI: -50 Nss: 1 Mode: 1 symDur: 4000 snrDb 30 bitPerTone: 4500 rate: 54 throughput: 11
04-22 05:35:06.702   683   858 D WifiThroughputPredictor:  utilization (LLS) 80 isBluetoothConnected: false final utilization: 80
04-22 05:35:06.702   683   858 D WifiThroughputPredictor:  BW: 0 RSSI: -50 Nss: 1 Mode: 1 symDur: 4000 snrDb 30 bitPerTone: 4500 rate: 54 throughput: 11
04-22 05:35:06.702   683   858 D WifiThroughputPredictor:  utilization (LLS) 80 isBluetoothConnected: false final utilization: 80
04-22 05:35:06.702   683   858 D WifiThroughputPredictor:  BW: 0 RSSI: -50 Nss: 1 Mode: 1 symDur: 4000 snrDb 30 bitPerTone: 4500 rate: 54 throughput: 11
04-22 05:35:06.702   683   858 D WifiThroughputPredictor:  utilization (LLS) 80 isBluetoothConnected: false final utilization: 80
04-22 05:35:06.702   683   858 D WifiThroughputPredictor:  BW: 0 RSSI: -50 Nss: 1 Mode: 1 symDur: 4000 snrDb 30 bitPerTone: 4500 rate: 54 throughput: 11
04-22 05:35:06.702   683   858 D WifiScoreCard: BSSID update SIGNAL_POLL ID: 261501600 SSID: "AndroidWifi", BSSID: 00:13:10:85:fe:01, MAC: 02:15:b4:00:00:00, IP: /10.0.2.17, Security type: 0, Supplicant state: COMPLETED, Wi-Fi standard: legacy, RSSI: -50, Link speed: 1Mbps, Tx Link speed: 1Mbps, Max Supported Tx Link speed: 11Mbps, Rx Link speed: 2Mbps, Max Supported Rx Link speed: 11Mbps, Frequency: 2447MHz, Net ID: 0, Metered hint: false, score: 60, isUsable: true, CarrierMerged: false, SubscriptionId: -1, IsPrimary: 1, Trusted: true, Restricted: false, Ephemeral: false, OEM paid: false, OEM private: false, OSU AP: false, FQDN: <none>, Provider friendly name: <none>, Requesting package name: <none>"AndroidWifi"openMLO Information: , Is TID-To-Link negotiation supported by the AP: false, AP MLD Address: <none>, AP MLO Link Id: <none>, AP MLO Affiliated links: <none>, Vendor Data: <none>
04-22 05:35:06.702   683   858 D WifiScoreCard: txRate: 2 txSpeed: 1
04-22 05:35:06.702   683   858 D WifiScoreCard: network update SIGNAL_POLL "AndroidWifi" ID: 579418950 RSSI -50 txSpeed -1
04-22 05:35:06.702   683   858 D WifiClientModeImpl[9769:wlan0]:  ClientModeImpl$L2ConnectedState screen=on 1 0 "AndroidWifi" 00:13:10:85:fe:01 rssi=-50 f=2447 sc=60 link=1 tx=1.6, 0.0, 0.0 rx=1.6 bcn=0 [on:0 tx:0 rx:0 period:3002] from screen [on:0 period:-1309153842] score=60
04-22 05:35:06.922   459  3992 I resolv  : ResNSendHandler::run: 0 / {101 983141 101 983141 1073 1}
04-22 05:35:06.924   459  3993 I resolv  : ResNSendHandler::run: 0 / {101 983141 101 983141 1073 1}
04-22 05:35:06.924   459  3993 I resolv  : resolv_cache_lookup: FOUND IN CACHE entry=0xb400007cdced1150
04-22 05:35:06.925   459  3994 I resolv  : ResNSendHandler::run: 0 / {101 983141 101 983141 1073 1}
04-22 05:35:06.925   459  3994 I resolv  : resolv_cache_lookup: FOUND IN CACHE entry=0xb400007e7ced28b0
04-22 05:35:06.926   459  3995 I resolv  : ResNSendHandler::run: 0 / {101 983141 101 983141 1073 1}
04-22 05:35:06.927   459  3995 I resolv  : resolv_cache_lookup: FOUND IN CACHE entry=0xb400007d2ced1320
04-22 05:35:06.929  1052  3990 D NetworkMonitor/101: PROBE_DNS www.google.com 9ms OK 69.171.235.22,2001::1
04-22 05:35:06.930   459  3996 I resolv  : GetAddrInfoHandler::run: {101 983141 101 983141 1073 1}
04-22 05:35:06.931   459  3998 I resolv  : res_nmkquery: (QUERY, IN, A)
04-22 05:35:06.931   459  3998 I resolv  : resolv_cache_lookup: FOUND IN CACHE entry=0xb400007d2ced1320
04-22 05:35:06.931   459  3998 I resolv  : doQuery: rcode=0, ancount=1, return value=48
04-22 05:35:06.931   459  3997 I resolv  : res_nmkquery: (QUERY, IN, AAAA)
04-22 05:35:06.931   459  3997 I resolv  : resolv_cache_lookup: FOUND IN CACHE entry=0xb400007cdced1150
04-22 05:35:06.931   459  3997 I resolv  : doQuery: rcode=0, ancount=1, return value=60
04-22 05:35:07.416   459  3992 I resolv  : res_nsend: used send_dg 117 terrno: 0
04-22 05:35:07.420  1052  3991 D NetworkMonitor/101: PROBE_DNS connectivitycheck.gstatic.com 501ms OK 114.250.65.34
04-22 05:35:07.422   459  3999 I resolv  : GetAddrInfoHandler::run: {101 983141 101 983141 1073 1}
04-22 05:35:07.422   459  4001 I resolv  : res_nmkquery: (QUERY, IN, A)
04-22 05:35:07.422   459  4000 I resolv  : res_nmkquery: (QUERY, IN, AAAA)
04-22 05:35:07.422   459  4000 I resolv  : resolv_cache_lookup: FOUND IN CACHE entry=0xb400007d0ced7b50
04-22 05:35:07.422   459  4000 I resolv  : doQuery: rcode=0, ancount=0, return value=117
04-22 05:35:07.422   459  4001 I resolv  : resolv_cache_lookup: FOUND IN CACHE entry=0xb400007e7ced28b0
04-22 05:35:07.423   459  4001 I resolv  : doQuery: rcode=0, ancount=1, return value=63
04-22 05:35:07.918  1052  3991 D NetworkMonitor/101: PROBE_HTTP http://connectivitycheck.gstatic.com/generate_204 time=498ms ret=204 request={Connection=[close], User-Agent=[Mozilla/5.0 (X11; Linux x86_64) AppleWebKit/537.36 (KHTML, like Gecko) Chrome/60.0.3112.32 Safari/537.36]} headers={null=[HTTP/1.1 204 No Content], Connection=[close], Cross-Origin-Resource-Policy=[cross-origin], Date=[Tue, 21 Apr 2026 21:35:07 GMT], X-Android-Received-Millis=[1776807307917], X-Android-Response-Source=[NETWORK 204], X-Android-Selected-Protocol=[http/1.1], X-Android-Sent-Millis=[1776807307426]}
04-22 05:35:09.710   683   858 W BestClock: java.time.DateTimeException: No network time available
04-22 05:35:09.710   683   858 W BestClock: java.time.DateTimeException: No network time available
04-22 05:35:09.710   683   858 W BestClock: java.time.DateTimeException: No network time available
04-22 05:35:09.710   683   858 W BestClock: java.time.DateTimeException: No network time available
04-22 05:35:09.710   683   858 W BestClock: java.time.DateTimeException: No network time available
04-22 05:35:09.711   683   858 D WifiClientModeImpl[9769:wlan0]: updateLinkLayerStatsRssiSpeedFrequencyCapabilities rssi=-50 TxLinkspeed=1 freq=2447 RxLinkSpeed=2
04-22 05:35:09.711   683   858 D WifiDataStall: tx tput in kbps: 11000
04-22 05:35:09.711   683   858 D WifiDataStall: rx tput in kbps: 11000
04-22 05:35:09.711   683   858 V WifiConfigManager: Updating scan detail cache freq=2447 BSSID=00:13:10:85:fe:01 RSSI=-50 for "AndroidWifi"NONE
04-22 05:35:09.711   683   858 D WifiThroughputPredictor:  utilization (LLS) 80 isBluetoothConnected: false final utilization: 80
04-22 05:35:09.711   683   858 D WifiThroughputPredictor:  BW: 0 RSSI: -50 Nss: 1 Mode: 1 symDur: 4000 snrDb 30 bitPerTone: 4500 rate: 54 throughput: 11
04-22 05:35:09.711   683   858 D WifiThroughputPredictor:  utilization (LLS) 80 isBluetoothConnected: false final utilization: 80
04-22 05:35:09.711   683   858 D WifiThroughputPredictor:  BW: 0 RSSI: -50 Nss: 1 Mode: 1 symDur: 4000 snrDb 30 bitPerTone: 4500 rate: 54 throughput: 11
04-22 05:35:09.712   683   858 D WifiThroughputPredictor:  utilization (LLS) 80 isBluetoothConnected: false final utilization: 80
04-22 05:35:09.712   683   858 D WifiThroughputPredictor:  BW: 0 RSSI: -50 Nss: 1 Mode: 1 symDur: 4000 snrDb 30 bitPerTone: 4500 rate: 54 throughput: 11
04-22 05:35:09.712   683   858 D WifiThroughputPredictor:  utilization (LLS) 80 isBluetoothConnected: false final utilization: 80
04-22 05:35:09.712   683   858 D WifiThroughputPredictor:  BW: 0 RSSI: -50 Nss: 1 Mode: 1 symDur: 4000 snrDb 30 bitPerTone: 4500 rate: 54 throughput: 11
04-22 05:35:09.713   683   858 D WifiScoreCard: BSSID update SIGNAL_POLL ID: 261501600 SSID: "AndroidWifi", BSSID: 00:13:10:85:fe:01, MAC: 02:15:b4:00:00:00, IP: /10.0.2.17, Security type: 0, Supplicant state: COMPLETED, Wi-Fi standard: legacy, RSSI: -50, Link speed: 1Mbps, Tx Link speed: 1Mbps, Max Supported Tx Link speed: 11Mbps, Rx Link speed: 2Mbps, Max Supported Rx Link speed: 11Mbps, Frequency: 2447MHz, Net ID: 0, Metered hint: false, score: 60, isUsable: true, CarrierMerged: false, SubscriptionId: -1, IsPrimary: 1, Trusted: true, Restricted: false, Ephemeral: false, OEM paid: false, OEM private: false, OSU AP: false, FQDN: <none>, Provider friendly name: <none>, Requesting package name: <none>"AndroidWifi"openMLO Information: , Is TID-To-Link negotiation supported by the AP: false, AP MLD Address: <none>, AP MLO Link Id: <none>, AP MLO Affiliated links: <none>, Vendor Data: <none>
04-22 05:35:09.713   683   858 D WifiScoreCard: txRate: 3 txSpeed: 1
04-22 05:35:09.713   683   858 D WifiScoreCard: network update SIGNAL_POLL "AndroidWifi" ID: 579418950 RSSI -50 txSpeed -1
04-22 05:35:09.713   683   858 D WifiClientModeImpl[9769:wlan0]:  ClientModeImpl$L2ConnectedState screen=on 1 0 "AndroidWifi" 00:13:10:85:fe:01 rssi=-50 f=2447 sc=60 link=1 tx=2.4, 0.0, 0.0 rx=2.2 bcn=0 [on:0 tx:0 rx:0 period:3011] from screen [on:0 period:-1309150831] score=60
04-22 05:35:09.922   459  4002 I resolv  : GetAddrInfoHandler::run: {101 983141 101 983141 1073 1}
04-22 05:35:09.923   459  4003 I resolv  : res_nmkquery: (QUERY, IN, AAAA)
04-22 05:35:09.923   459  4003 I resolv  : resolv_cache_lookup: FOUND IN CACHE entry=0xb400007d0ced8690
04-22 05:35:09.923   459  4003 I resolv  : doQuery: rcode=0, ancount=4, return value=149
04-22 05:35:09.923   459  4004 I resolv  : res_nmkquery: (QUERY, IN, A)
04-22 05:35:09.923   459  4004 I resolv  : resolv_cache_lookup: FOUND IN CACHE entry=0xb400007d0cedc6b0
04-22 05:35:09.923   459  4004 I resolv  : doQuery: rcode=0, ancount=4, return value=101
04-22 05:35:10.420  1052  3989 D NetworkMonitor/101: PROBE_FALLBACK http://play.googleapis.com/generate_204 time=499ms ret=204 request={Connection=[close], User-Agent=[Mozilla/5.0 (X11; Linux x86_64) AppleWebKit/537.36 (KHTML, like Gecko) Chrome/60.0.3112.32 Safari/537.36]} headers={null=[HTTP/1.1 204 No Content], Connection=[close], Cross-Origin-Resource-Policy=[cross-origin], Date=[Tue, 21 Apr 2026 21:35:09 GMT], X-Android-Received-Millis=[1776807310419], X-Android-Response-Source=[NETWORK 204], X-Android-Selected-Protocol=[http/1.1], X-Android-Sent-Millis=[1776807309928]}
04-22 05:35:10.422   459   535 I netd    : setProcSysNet(4, 2, wlan0, retrans_time_ms, 750) <0.05ms>
04-22 05:35:10.422   459   535 I netd    : setProcSysNet(4, 2, wlan0, ucast_solicit, 10) <0.01ms>
04-22 05:35:10.422   459   537 I netd    : setProcSysNet(6, 2, wlan0, retrans_time_ms, 750) <0.03ms>
04-22 05:35:10.422   459   537 I netd    : setProcSysNet(6, 2, wlan0, ucast_solicit, 10) <0.02ms>
04-22 05:35:12.469   938   938 D wpa_supplicant: nl80211: Drv Event 64 (NL80211_CMD_NOTIFY_CQM) received for wlan0
04-22 05:35:12.470   938   938 D wpa_supplicant: nl80211: Beacon loss event
04-22 05:35:12.470   938   938 D wpa_supplicant: wlan0: Event BEACON_LOSS (53) received
04-22 05:35:12.470   938   938 I wpa_supplicant: wlan0: CTRL-EVENT-BEACON-LOSS 
04-22 05:35:12.718   683   858 W BestClock: java.time.DateTimeException: No network time available
04-22 05:35:12.718   683   858 W BestClock: java.time.DateTimeException: No network time available
04-22 05:35:12.718   683   858 W BestClock: java.time.DateTimeException: No network time available
04-22 05:35:12.718   683   858 W BestClock: java.time.DateTimeException: No network time available
04-22 05:35:12.718   683   858 W BestClock: java.time.DateTimeException: No network time available
04-22 05:35:12.719   683   858 D WifiClientModeImpl[9769:wlan0]: updateLinkLayerStatsRssiSpeedFrequencyCapabilities rssi=-50 TxLinkspeed=1 freq=2447 RxLinkSpeed=2
04-22 05:35:12.719   683   858 D WifiDataStall: tx tput in kbps: 11000
04-22 05:35:12.719   683   858 D WifiDataStall: rx tput in kbps: 11000
04-22 05:35:12.719   683   858 V WifiConfigManager: Updating scan detail cache freq=2447 BSSID=00:13:10:85:fe:01 RSSI=-50 for "AndroidWifi"NONE
04-22 05:35:12.719   683   858 D WifiThroughputPredictor:  utilization (LLS) 80 isBluetoothConnected: false final utilization: 80
04-22 05:35:12.719   683   858 D WifiThroughputPredictor:  BW: 0 RSSI: -50 Nss: 1 Mode: 1 symDur: 4000 snrDb 30 bitPerTone: 4500 rate: 54 throughput: 11
04-22 05:35:12.719   683   858 D WifiThroughputPredictor:  utilization (LLS) 80 isBluetoothConnected: false final utilization: 80
04-22 05:35:12.719   683   858 D WifiThroughputPredictor:  BW: 0 RSSI: -50 Nss: 1 Mode: 1 symDur: 4000 snrDb 30 bitPerTone: 4500 rate: 54 throughput: 11
04-22 05:35:12.719   683   858 D WifiThroughputPredictor:  utilization (LLS) 80 isBluetoothConnected: false final utilization: 80
04-22 05:35:12.719   683   858 D WifiThroughputPredictor:  BW: 0 RSSI: -50 Nss: 1 Mode: 1 symDur: 4000 snrDb 30 bitPerTone: 4500 rate: 54 throughput: 11
04-22 05:35:12.719   683   858 D WifiThroughputPredictor:  utilization (LLS) 80 isBluetoothConnected: false final utilization: 80
04-22 05:35:12.719   683   858 D WifiThroughputPredictor:  BW: 0 RSSI: -50 Nss: 1 Mode: 1 symDur: 4000 snrDb 30 bitPerTone: 4500 rate: 54 throughput: 11
