04-22 05:35:33.138 24005 24033 I MMKV    : <MemoryFile.cpp:250::mmapOrCleanup> mmap to address [0x76758ba000], oldPtr [0x0], [/data/data/com.impos2.mixcretailassemblyrn84/files/mmkv/specialCharacter/cac4ff37f0f9b0189974948d3d3aa0fe]
04-22 05:35:33.138 24005 24033 I MMKV    : <MemoryFile.cpp:109::close> closing fd[101], /data/data/com.impos2.mixcretailassemblyrn84/files/mmkv/specialCharacter/cac4ff37f0f9b0189974948d3d3aa0fe
04-22 05:35:33.138 24005 24033 I MMKV    : <MemoryFile.cpp:103::open> open fd[101], flag 0x7, /data/data/com.impos2.mixcretailassemblyrn84/files/mmkv/specialCharacter/cac4ff37f0f9b0189974948d3d3aa0fe.crc
04-22 05:35:33.138 24005 24033 I MMKV    : <MemoryFile.cpp:250::mmapOrCleanup> mmap to address [0x7688eda000], oldPtr [0x0], [/data/data/com.impos2.mixcretailassemblyrn84/files/mmkv/specialCharacter/cac4ff37f0f9b0189974948d3d3aa0fe.crc]
04-22 05:35:33.138 24005 24033 I MMKV    : <MemoryFile.cpp:103::open> open fd[104], flag 0x7, /data/data/com.impos2.mixcretailassemblyrn84/files/mmkv/specialCharacter/cac4ff37f0f9b0189974948d3d3aa0fe
04-22 05:35:33.138 24005 24033 I MMKV    : <MemoryFile.cpp:109::close> closing fd[104], /data/data/com.impos2.mixcretailassemblyrn84/files/mmkv/specialCharacter/cac4ff37f0f9b0189974948d3d3aa0fe
04-22 05:35:33.138 24005 24033 I MMKV    : <MMKV_IO.cpp:287::loadMetaInfoAndCheck> meta file [mixc-retail-assembly-rn84::state] has flag [0]
04-22 05:35:33.138 24005 24033 I MMKV    : <MMKV_IO.cpp:94::loadFromFile> loading [mixc-retail-assembly-rn84::state] with 52932 actual size, file size 65536, InterProcess 0, meta info version:4
04-22 05:35:33.138 24005 24033 I MMKV    : <MMKV_IO.cpp:99::loadFromFile> loading [mixc-retail-assembly-rn84::state] with crc 1635325237 sequence 102 version 4
04-22 05:35:33.138 24005 24033 I MMKV    : <MMKV_IO.cpp:145::loadFromFile> loaded [mixc-retail-assembly-rn84::state] with 88 key-values
04-22 05:35:33.148 24005 24033 I MMKV    : <MemoryFile.cpp:103::open> open fd[103], flag 0x7, /data/data/com.impos2.mixcretailassemblyrn84/files/mmkv/specialCharacter/c08c20d895f199f98a40164528d2f6a6
04-22 05:35:33.148 24005 24033 I MMKV    : <MemoryFile.cpp:250::mmapOrCleanup> mmap to address [0x7688ed9000], oldPtr [0x0], [/data/data/com.impos2.mixcretailassemblyrn84/files/mmkv/specialCharacter/c08c20d895f199f98a40164528d2f6a6]
04-22 05:35:33.148 24005 24033 I MMKV    : <MemoryFile.cpp:109::close> closing fd[103], /data/data/com.impos2.mixcretailassemblyrn84/files/mmkv/specialCharacter/c08c20d895f199f98a40164528d2f6a6
04-22 05:35:33.148 24005 24033 I MMKV    : <MemoryFile.cpp:103::open> open fd[103], flag 0x7, /data/data/com.impos2.mixcretailassemblyrn84/files/mmkv/specialCharacter/c08c20d895f199f98a40164528d2f6a6.crc
04-22 05:35:33.148 24005 24033 I MMKV    : <MemoryFile.cpp:250::mmapOrCleanup> mmap to address [0x7688ed8000], oldPtr [0x0], [/data/data/com.impos2.mixcretailassemblyrn84/files/mmkv/specialCharacter/c08c20d895f199f98a40164528d2f6a6.crc]
04-22 05:35:33.148 24005 24033 I MMKV    : <MemoryFile.cpp:103::open> open fd[105], flag 0x7, /data/data/com.impos2.mixcretailassemblyrn84/files/mmkv/specialCharacter/c08c20d895f199f98a40164528d2f6a6
04-22 05:35:33.148 24005 24033 I MMKV    : <MemoryFile.cpp:109::close> closing fd[105], /data/data/com.impos2.mixcretailassemblyrn84/files/mmkv/specialCharacter/c08c20d895f199f98a40164528d2f6a6
04-22 05:35:33.148 24005 24033 I MMKV    : <MMKV_IO.cpp:287::loadMetaInfoAndCheck> meta file [mixc-retail-assembly-rn84::secure-state] has flag [0]
04-22 05:35:33.148 24005 24033 I MMKV    : <MMKV_IO.cpp:94::loadFromFile> loading [mixc-retail-assembly-rn84::secure-state] with 2299 actual size, file size 4096, InterProcess 0, meta info version:4
04-22 05:35:33.148 24005 24033 I MMKV    : <MMKV_IO.cpp:99::loadFromFile> loading [mixc-retail-assembly-rn84::secure-state] with crc 296334700 sequence 8 version 4
04-22 05:35:33.148 24005 24033 I MMKV    : <MMKV_IO.cpp:145::loadFromFile> loaded [mixc-retail-assembly-rn84::secure-state] with 2 key-values
04-22 05:35:33.160 24005 24033 I assembly.assembly.android.mixc-retail-rn84: [runtime.load] install assembly.android.mixc-retail-rn84 {"moduleName":"assembly.android.mixc-retail-rn84","displayIndex":0,"displayCount":1}
04-22 05:35:33.161 24005 24033 I assembly.assembly.android.mixc-retail-rn84: [assembly.topology] Create assembly topology socket binding {"displayIndex":0,"role":"master","localNodeId":"master:6Z2H3BSGEY","resolvedPathTemplate":"/ws"}
04-22 05:35:33.161 24005 24033 I assembly.assembly.android.mixc-retail-rn84: [runtime.load] install kernel.base.topology-runtime-v3 {"moduleName":"kernel.base.topology-runtime-v3","stateSlices":["kernel.base.topology-runtime-v3.config","kernel.base.topology-runtime-v3.context","kernel.base.topology-runtime-v3.connection","kernel.base.topology-runtime-v3.peer","kernel.base.topology-runtime-v3.sync","kernel.base.topology-runtime-v3.request-mirror","kernel.base.topology-runtime-v3.demo.master","kernel.base.topology-runtime-v3.demo.slave"],"commandNames":["kernel.base.topology-runtime-v3.set-instance-mode","kernel.base.topology-runtime-v3.set-display-mode","kernel.base.topology-runtime-v3.set-enable-slave","kernel.base.topology-runtime-v3.set-master-locator","kernel.base.topology-runtime-v3.clear-master-locator","kernel.base.topology-runtime-v3.refresh-topology-context","kernel.base.topology-runtime-v3.start-topology-connection","kernel.base.topology-runtime-v3.stop-topology-connection","kernel.base.topology-runtime-v3.restart-topology-connection","kernel.base.topology-runtime-v3.upsert-demo-master-entry","kernel.base.topology-runtime-v3.remove-demo-master-entry","kernel.base.topology-runtime-v3.reset-demo-master-state","kernel.base.topology-runtime-v3.upsert-demo-slave-entry","kernel.base.topology-runtime-v3.remove-demo-slave-entry","kernel.base.topology-runtime-v3.reset-demo-slave-state"]}
04-22 05:35:33.161 24005 24033 I assembly.assembly.android.mixc-retail-rn84: [runtime.load] install kernel.base.tcp-control-runtime-v2 {"moduleName":"kernel.base.tcp-control-runtime-v2","stateSlices":["kernel.base.tcp-control-runtime-v2.identity","kernel.base.tcp-control-runtime-v2.credential","kernel.base.tcp-control-runtime-v2.binding","kernel.base.tcp-control-runtime-v2.sandbox","kernel.base.tcp-control-runtime-v2.runtime"],"commandNames":["kernel.base.tcp-control-runtime-v2.bootstrap-tcp-control","kernel.base.tcp-control-runtime-v2.bootstrap-tcp-control-succeeded","kernel.base.tcp-control-runtime-v2.activate-terminal","kernel.base.tcp-control-runtime-v2.activate-terminal-succeeded","kernel.base.tcp-control-runtime-v2.refresh-credential","kernel.base.tcp-control-runtime-v2.credential-refreshed","kernel.base.tcp-control-runtime-v2.deactivate-terminal","kernel.base.tcp-control-runtime-v2.deactivate-terminal-succeeded","kernel.base.tcp-control-runtime-v2.report-task-result","kernel.base.tcp-control-runtime-v2.task-result-reported","kernel.base.tcp-control-runtime-v2.reset-tcp-control"]}
04-22 05:35:33.161 24005 24033 I assembly.assembly.android.mixc-retail-rn84: [runtime.load] install kernel.base.tdp-sync-runtime-v2 {"moduleName":"kernel.base.tdp-sync-runtime-v2","stateSlices":["kernel.base.tdp-sync-runtime-v2.session","kernel.base.tdp-sync-runtime-v2.sync","kernel.base.tdp-sync-runtime-v2.projection","kernel.base.tdp-sync-runtime-v2.command-inbox","kernel.base.tdp-sync-runtime-v2.control-signals","kernel.base.tdp-sync-runtime-v2.hot-update"],"commandNames":["kernel.base.tdp-sync-runtime-v2.bootstrap-tdp-sync","kernel.base.tdp-sync-runtime-v2.bootstrap-tdp-sync-succeeded","kernel.base.tdp-sync-runtime-v2.connect-tdp-session","kernel.base.tdp-sync-runtime-v2.disconnect-tdp-session","kernel.base.tdp-sync-runtime-v2.acknowledge-cursor","kernel.base.tdp-sync-runtime-v2.report-applied-cursor","kernel.base.tdp-sync-runtime-v2.send-ping","kernel.base.tdp-sync-runtime-v2.record-user-operation","kernel.base.tdp-sync-runtime-v2.topic-data-changed","kernel.base.tdp-sync-runtime-v2.recompute-resolved-topic-changes","kernel.base.tdp-sync-runtime-v2.snapshot-loaded","kernel.base.tdp-sync-runtime-v2.changes-loaded","kernel.base.tdp-sync-runtime-v2.projection-received","kernel.base.tdp-sync-runtime-v2.projection-batch-received","kernel.base.tdp-sync-runtime-v2.command-delivered","kernel.base.tdp-sync-runtime-v2.session-ready","kernel.base.tdp-sync-runtime-v2.pong-received","kernel.base.tdp-sync-runtime-v2.edge-degraded","kernel.base.tdp-sync-runtime-v2.session-rehome-required","kernel.base.tdp-sync-runtime-v2.protocol-failed","kernel.base.tdp-sync-runtime-v2.message-received"],"hasAssembly":true}
04-22 05:35:33.163 24005 24033 I MMKV    : <MMKV_IO.cpp:609::writeActualSize> [mixc-retail-assembly-rn84::state] increase sequence to 103, crc 757996524, actualSize 31916
04-22 05:35:33.163 24005 24033 I MMKV    : <MMKV.cpp:1208::sync> MMKV::sync, SyncFlag = 1
04-22 05:35:33.165 24005 24033 I assembly.assembly.android.mixc-retail-rn84: [runtime.load] install kernel.base.workflow-runtime-v2 {"moduleName":"kernel.base.workflow-runtime-v2","stateSlices":["kernel.base.workflow-runtime-v2.definitions","kernel.base.workflow-runtime-v2.observations","kernel.base.workflow-runtime-v2.queue"],"commandNames":["kernel.base.workflow-runtime-v2.run-workflow","kernel.base.workflow-runtime-v2.cancel-workflow-run","kernel.base.workflow-runtime-v2.register-workflow-definitions","kernel.base.workflow-runtime-v2.remove-workflow-definition"],"remoteDefinitionTopicKey":"kernel.workflow.definition"}
04-22 05:35:33.165 24005 24033 I assembly.assembly.android.mixc-retail-rn84: [runtime.load] install kernel.base.ui-runtime-v2 {"moduleName":"kernel.base.ui-runtime-v2","stateSlices":["kernel.base.ui-runtime-v2.screen.main","kernel.base.ui-runtime-v2.screen.branch","kernel.base.ui-runtime-v2.overlay.main","kernel.base.ui-runtime-v2.overlay.branch","kernel.base.ui-runtime-v2.ui-variable.main","kernel.base.ui-runtime-v2.ui-variable.branch"],"commandNames":["kernel.base.ui-runtime-v2.register-screen-definitions","kernel.base.ui-runtime-v2.show-screen","kernel.base.ui-runtime-v2.replace-screen","kernel.base.ui-runtime-v2.reset-screen","kernel.base.ui-runtime-v2.open-overlay","kernel.base.ui-runtime-v2.close-overlay","kernel.base.ui-runtime-v2.clear-overlays","kernel.base.ui-runtime-v2.set-ui-variables","kernel.base.ui-runtime-v2.clear-ui-variables"]}
04-22 05:35:33.166 24005 24033 I assembly.assembly.android.mixc-retail-rn84: [runtime.load] install ui.base.runtime-react {"moduleName":"ui.base.runtime-react"}
04-22 05:35:33.166 24005 24033 I assembly.assembly.android.mixc-retail-rn84: [runtime.load] install ui.base.input-runtime {"moduleName":"ui.base.input-runtime"}
04-22 05:35:33.166 24005 24033 I assembly.assembly.android.mixc-retail-rn84: [runtime.load] install ui.base.admin-console {"moduleName":"ui.base.admin-console"}
04-22 05:35:33.166 24005 24033 I assembly.assembly.android.mixc-retail-rn84: [runtime.load] install ui.base.terminal-console {"moduleName":"ui.base.terminal-console"}
04-22 05:35:33.166 24005 24033 I assembly.assembly.android.mixc-retail-rn84: [runtime.load] install ui.integration.retail-shell {"moduleName":"ui.integration.retail-shell"}
04-22 05:35:33.169 24005 24032 I ReactNativeJS: '[tcp-bootstrap-state-written]', '{"nodeId":"master:6Z2H3BSGEY","runtimeId":"run_mo957kli_n7dlo4qq39hu37ef","displayIndex":0,"requestId":"req_mo957kmo_s6su89wrxbaft3mu","commandId":"cmd_mo957kmp_4jfz13k1cafr77p8","nextDeviceFingerprint":"6Z2H3BSGEY","nextDeviceInfo":{"id":"6Z2H3BSGEY","model":"Mixc Retail Android RN84"},"previousIdentity":{"terminalId":"terminal_j1rgmnggrq4n","deviceFingerprint":"6Z2H3BSGEY","deviceInfo":{"id":"6Z2H3BSGEY","model":"Mixc Retail Android RN84"},"activationStatus":"ACTIVATED","activatedAt":1776806593744}}'
04-22 05:35:33.170 24005 24033 I assembly.assembly.android.mixc-retail-rn84.transport.ws.SocketRuntime: [transport.ws] Socket connect started: kernel.base.tdp-sync-runtime-v2.socket {"profileName":"kernel.base.tdp-sync-runtime-v2.socket","serverName":"mock-terminal-platform","addressName":"lan"}
04-22 05:35:33.171 24005 24032 I ReactNativeJS: '[assembly.android.mixc-retail-rn84.websocket] connect', { url: 'ws://192.168.0.172:5810/api/v1/tdp/ws/connect?sandboxId=sandbox-kernel-base-test&terminalId=terminal_j1rgmnggrq4n&token=token_xps20yq0rq4o',
04-22 05:35:33.171 24005 24032 I ReactNativeJS:   protocol: 'ws',
04-22 05:35:33.171 24005 24032 I ReactNativeJS:   host: '192.168.0.172:5810',
04-22 05:35:33.171 24005 24032 I ReactNativeJS:   pathname: '/api/v1/tdp/ws/connect' }
04-22 05:35:33.174 24005 24033 I WebViewFactory: Loading com.google.android.webview version 109.0.5414.123 (code 541412334)
04-22 05:35:33.176 24005 24033 W ziparchive: Unable to open '/data/app/~~2XlbTKbdSL4ytKc6vI96fw==/com.google.android.trichromelibrary_541412334-XVCZJKNYM7pdXgwa6ezTsQ==/TrichromeLibrary.dm': No such file or directory
04-22 05:35:33.176 24005 24033 W ziparchive: Unable to open '/data/app/~~2XlbTKbdSL4ytKc6vI96fw==/com.google.android.trichromelibrary_541412334-XVCZJKNYM7pdXgwa6ezTsQ==/TrichromeLibrary.dm': No such file or directory
04-22 05:35:33.176 24005 24033 W ailassemblyrn84: Entry not found
04-22 05:35:33.176 24005 24033 D nativeloader: Configuring classloader-namespace for other apk /data/app/~~2XlbTKbdSL4ytKc6vI96fw==/com.google.android.trichromelibrary_541412334-XVCZJKNYM7pdXgwa6ezTsQ==/TrichromeLibrary.apk. target_sdk_version=33, uses_libraries=ALL, library_path=/data/app/~~Q0ddWPLbjoO_UEypAkbhRg==/com.google.android.webview-PdQqPxJT8P1ba_nJ4hr2mw==/lib/arm64:/data/app/~~Q0ddWPLbjoO_UEypAkbhRg==/com.google.android.webview-PdQqPxJT8P1ba_nJ4hr2mw==/WebViewGoogle.apk!/lib/arm64-v8a:/data/app/~~2XlbTKbdSL4ytKc6vI96fw==/com.google.android.trichromelibrary_541412334-XVCZJKNYM7pdXgwa6ezTsQ==/TrichromeLibrary.apk!/lib/arm64-v8a, permitted_path=/data:/mnt/expand
04-22 05:35:33.177 24005 24033 D nativeloader: Configuring classloader-namespace for other apk /data/app/~~Q0ddWPLbjoO_UEypAkbhRg==/com.google.android.webview-PdQqPxJT8P1ba_nJ4hr2mw==/WebViewGoogle.apk. target_sdk_version=33, uses_libraries=, library_path=/data/app/~~Q0ddWPLbjoO_UEypAkbhRg==/com.google.android.webview-PdQqPxJT8P1ba_nJ4hr2mw==/lib/arm64:/data/app/~~Q0ddWPLbjoO_UEypAkbhRg==/com.google.android.webview-PdQqPxJT8P1ba_nJ4hr2mw==/WebViewGoogle.apk!/lib/arm64-v8a:/data/app/~~2XlbTKbdSL4ytKc6vI96fw==/com.google.android.trichromelibrary_541412334-XVCZJKNYM7pdXgwa6ezTsQ==/TrichromeLibrary.apk!/lib/arm64-v8a, permitted_path=/data:/mnt/expand
04-22 05:35:33.182 24005 24033 I cr_WVCFactoryProvider: Loaded version=109.0.5414.123 minSdkVersion=29 isBundle=false multiprocess=true packageId=2
04-22 05:35:33.185 24005 24054 I cr_VariationsUtils: Failed reading seed file "/data/user/0/com.impos2.mixcretailassemblyrn84/app_webview/variations_seed_new"
04-22 05:35:33.185 24005 24054 I cr_VariationsUtils: Failed reading seed file "/data/user/0/com.impos2.mixcretailassemblyrn84/app_webview/variations_seed"
04-22 05:35:33.188 24005 24033 I cr_LibraryLoader: Successfully loaded native library
04-22 05:35:33.189 24005 24033 I cr_CachingUmaRecorder: Flushed 9 samples from 9 histograms.
04-22 05:35:33.191   728   955 D EGL_emulation: app_time_stats: avg=33160.27ms min=33160.27ms max=33160.27ms count=1
04-22 05:35:33.193 24005 24057 D TrafficStats: tagSocket(117) with statsTag=0xffffffff, statsUid=-1
04-22 05:35:33.195 24005 24033 I MMKV    : <MMKV_IO.cpp:609::writeActualSize> [mixc-retail-assembly-rn84::state] increase sequence to 104, crc 2365131727, actualSize 31916
04-22 05:35:33.195 24005 24033 I MMKV    : <MMKV.cpp:1208::sync> MMKV::sync, SyncFlag = 1
04-22 05:35:33.197 24005 24033 I MMKV    : <MMKV_IO.cpp:609::writeActualSize> [mixc-retail-assembly-rn84::state] increase sequence to 105, crc 955334035, actualSize 31916
04-22 05:35:33.197 24005 24033 I MMKV    : <MMKV.cpp:1208::sync> MMKV::sync, SyncFlag = 1
04-22 05:35:33.200 24005 24033 I MMKV    : <MMKV_IO.cpp:609::writeActualSize> [mixc-retail-assembly-rn84::state] increase sequence to 106, crc 589373997, actualSize 31916
04-22 05:35:33.200 24005 24033 I MMKV    : <MMKV.cpp:1208::sync> MMKV::sync, SyncFlag = 1
04-22 05:35:33.205 24005 24033 I MMKV    : <MMKV_IO.cpp:609::writeActualSize> [mixc-retail-assembly-rn84::state] increase sequence to 107, crc 589373997, actualSize 31916
04-22 05:35:33.205 24005 24033 I MMKV    : <MMKV.cpp:1208::sync> MMKV::sync, SyncFlag = 1
04-22 05:35:33.209 24005 24033 I MMKV    : <MMKV_IO.cpp:609::writeActualSize> [mixc-retail-assembly-rn84::state] increase sequence to 108, crc 589373997, actualSize 31916
04-22 05:35:33.209 24005 24033 I MMKV    : <MMKV.cpp:1208::sync> MMKV::sync, SyncFlag = 1
04-22 05:35:33.213 24005 24033 I MMKV    : <MMKV_IO.cpp:609::writeActualSize> [mixc-retail-assembly-rn84::state] increase sequence to 109, crc 589373997, actualSize 31916
04-22 05:35:33.213 24005 24033 I MMKV    : <MMKV.cpp:1208::sync> MMKV::sync, SyncFlag = 1
04-22 05:35:33.216 24005 24033 I MMKV    : <MMKV_IO.cpp:609::writeActualSize> [mixc-retail-assembly-rn84::state] increase sequence to 110, crc 589373997, actualSize 31916
04-22 05:35:33.217 24005 24033 I MMKV    : <MMKV.cpp:1208::sync> MMKV::sync, SyncFlag = 1
04-22 05:35:33.218 24005 24033 I MMKV    : <MMKV_IO.cpp:609::writeActualSize> [mixc-retail-assembly-rn84::secure-state] increase sequence to 9, crc 3049874120, actualSize 259
04-22 05:35:33.218 24005 24033 I MMKV    : <MMKV.cpp:1208::sync> MMKV::sync, SyncFlag = 1
04-22 05:35:33.223 24005 24033 I MMKV    : <MMKV_IO.cpp:609::writeActualSize> [mixc-retail-assembly-rn84::state] increase sequence to 111, crc 589373997, actualSize 31916
04-22 05:35:33.223 24005 24033 I MMKV    : <MMKV.cpp:1208::sync> MMKV::sync, SyncFlag = 1
04-22 05:35:33.227 24005 24033 I MMKV    : <MMKV_IO.cpp:609::writeActualSize> [mixc-retail-assembly-rn84::state] increase sequence to 112, crc 589373997, actualSize 31916
04-22 05:35:33.227 24005 24033 I MMKV    : <MMKV.cpp:1208::sync> MMKV::sync, SyncFlag = 1
04-22 05:35:33.230 24005 24033 I MMKV    : <MMKV_IO.cpp:609::writeActualSize> [mixc-retail-assembly-rn84::state] increase sequence to 113, crc 589373997, actualSize 31916
04-22 05:35:33.230 24005 24033 I MMKV    : <MMKV.cpp:1208::sync> MMKV::sync, SyncFlag = 1
04-22 05:35:33.234 24005 24033 I MMKV    : <MMKV_IO.cpp:609::writeActualSize> [mixc-retail-assembly-rn84::state] increase sequence to 114, crc 589373997, actualSize 31916
04-22 05:35:33.234 24005 24033 I MMKV    : <MMKV.cpp:1208::sync> MMKV::sync, SyncFlag = 1
04-22 05:35:33.239 24005 24033 I MMKV    : <MMKV_IO.cpp:609::writeActualSize> [mixc-retail-assembly-rn84::state] increase sequence to 115, crc 589373997, actualSize 31916
04-22 05:35:33.239 24005 24033 I MMKV    : <MMKV.cpp:1208::sync> MMKV::sync, SyncFlag = 1
04-22 05:35:33.243 24005 24033 I MMKV    : <MMKV_IO.cpp:609::writeActualSize> [mixc-retail-assembly-rn84::state] increase sequence to 116, crc 589373997, actualSize 31916
04-22 05:35:33.243 24005 24033 I MMKV    : <MMKV.cpp:1208::sync> MMKV::sync, SyncFlag = 1
04-22 05:35:33.246 24005 24033 I MMKV    : <MMKV_IO.cpp:609::writeActualSize> [mixc-retail-assembly-rn84::state] increase sequence to 117, crc 589373997, actualSize 31916
04-22 05:35:33.246 24005 24033 I MMKV    : <MMKV.cpp:1208::sync> MMKV::sync, SyncFlag = 1
04-22 05:35:33.250 24005 24033 I MMKV    : <MMKV_IO.cpp:609::writeActualSize> [mixc-retail-assembly-rn84::state] increase sequence to 118, crc 589373997, actualSize 31916
04-22 05:35:33.250 24005 24033 I MMKV    : <MMKV.cpp:1208::sync> MMKV::sync, SyncFlag = 1
04-22 05:35:33.255 24005 24033 I MMKV    : <MMKV_IO.cpp:609::writeActualSize> [mixc-retail-assembly-rn84::state] increase sequence to 119, crc 589373997, actualSize 31916
04-22 05:35:33.255 24005 24033 I MMKV    : <MMKV.cpp:1208::sync> MMKV::sync, SyncFlag = 1
04-22 05:35:33.259 24005 24033 I MMKV    : <MMKV_IO.cpp:609::writeActualSize> [mixc-retail-assembly-rn84::state] increase sequence to 120, crc 589373997, actualSize 31916
04-22 05:35:33.259 24005 24033 I MMKV    : <MMKV.cpp:1208::sync> MMKV::sync, SyncFlag = 1
04-22 05:35:33.263 24005 24033 I MMKV    : <MMKV_IO.cpp:609::writeActualSize> [mixc-retail-assembly-rn84::state] increase sequence to 121, crc 589373997, actualSize 31916
04-22 05:35:33.263 24005 24033 I MMKV    : <MMKV.cpp:1208::sync> MMKV::sync, SyncFlag = 1
04-22 05:35:33.266 24005 24033 I MMKV    : <MMKV_IO.cpp:609::writeActualSize> [mixc-retail-assembly-rn84::state] increase sequence to 122, crc 589373997, actualSize 31916
04-22 05:35:33.266 24005 24033 I MMKV    : <MMKV.cpp:1208::sync> MMKV::sync, SyncFlag = 1
04-22 05:35:33.269 24005 24033 I MMKV    : <MMKV_IO.cpp:609::writeActualSize> [mixc-retail-assembly-rn84::state] increase sequence to 123, crc 589373997, actualSize 31916
04-22 05:35:33.269 24005 24033 I MMKV    : <MMKV.cpp:1208::sync> MMKV::sync, SyncFlag = 1
04-22 05:35:33.275 24005 24033 I MMKV    : <MMKV_IO.cpp:609::writeActualSize> [mixc-retail-assembly-rn84::state] increase sequence to 124, crc 589373997, actualSize 31916
04-22 05:35:33.275 24005 24033 I MMKV    : <MMKV.cpp:1208::sync> MMKV::sync, SyncFlag = 1
04-22 05:35:33.280 24005 24033 I MMKV    : <MMKV_IO.cpp:609::writeActualSize> [mixc-retail-assembly-rn84::state] increase sequence to 125, crc 589373997, actualSize 31916
04-22 05:35:33.280 24005 24033 I MMKV    : <MMKV.cpp:1208::sync> MMKV::sync, SyncFlag = 1
04-22 05:35:33.282 24005 24033 I MMKV    : <MMKV_IO.cpp:609::writeActualSize> [mixc-retail-assembly-rn84::secure-state] increase sequence to 10, crc 3049874120, actualSize 259
04-22 05:35:33.282 24005 24033 I MMKV    : <MMKV.cpp:1208::sync> MMKV::sync, SyncFlag = 1
04-22 05:35:33.285 24005 24033 I MMKV    : <MMKV_IO.cpp:609::writeActualSize> [mixc-retail-assembly-rn84::state] increase sequence to 126, crc 589373997, actualSize 31916
04-22 05:35:33.285 24005 24033 I MMKV    : <MMKV.cpp:1208::sync> MMKV::sync, SyncFlag = 1
04-22 05:35:33.291 24005 24033 I MMKV    : <MMKV_IO.cpp:609::writeActualSize> [mixc-retail-assembly-rn84::state] increase sequence to 127, crc 589373997, actualSize 31916
04-22 05:35:33.291 24005 24033 I MMKV    : <MMKV.cpp:1208::sync> MMKV::sync, SyncFlag = 1
04-22 05:35:33.296 24005 24033 I MMKV    : <MMKV_IO.cpp:609::writeActualSize> [mixc-retail-assembly-rn84::state] increase sequence to 128, crc 589373997, actualSize 31916
04-22 05:35:33.296 24005 24033 I MMKV    : <MMKV.cpp:1208::sync> MMKV::sync, SyncFlag = 1
04-22 05:35:33.300 24005 24033 I MMKV    : <MMKV_IO.cpp:609::writeActualSize> [mixc-retail-assembly-rn84::state] increase sequence to 129, crc 589373997, actualSize 31916
04-22 05:35:33.300 24005 24033 I MMKV    : <MMKV.cpp:1208::sync> MMKV::sync, SyncFlag = 1
04-22 05:35:33.305 24005 24033 I MMKV    : <MMKV_IO.cpp:609::writeActualSize> [mixc-retail-assembly-rn84::state] increase sequence to 130, crc 589373997, actualSize 31916
04-22 05:35:33.305 24005 24033 I MMKV    : <MMKV.cpp:1208::sync> MMKV::sync, SyncFlag = 1
04-22 05:35:33.310 24005 24033 I MMKV    : <MMKV_IO.cpp:609::writeActualSize> [mixc-retail-assembly-rn84::state] increase sequence to 131, crc 589373997, actualSize 31916
04-22 05:35:33.310 24005 24033 I MMKV    : <MMKV.cpp:1208::sync> MMKV::sync, SyncFlag = 1
04-22 05:35:33.314 24005 24033 I MMKV    : <MMKV_IO.cpp:609::writeActualSize> [mixc-retail-assembly-rn84::state] increase sequence to 132, crc 589373997, actualSize 31916
04-22 05:35:33.314 24005 24033 I MMKV    : <MMKV.cpp:1208::sync> MMKV::sync, SyncFlag = 1
04-22 05:35:33.319 24005 24033 I MMKV    : <MMKV_IO.cpp:609::writeActualSize> [mixc-retail-assembly-rn84::state] increase sequence to 133, crc 589373997, actualSize 31916
04-22 05:35:33.319 24005 24033 I MMKV    : <MMKV.cpp:1208::sync> MMKV::sync, SyncFlag = 1
04-22 05:35:33.325 24005 24033 I MMKV    : <MMKV_IO.cpp:609::writeActualSize> [mixc-retail-assembly-rn84::state] increase sequence to 134, crc 589373997, actualSize 31916
04-22 05:35:33.325 24005 24033 I MMKV    : <MMKV.cpp:1208::sync> MMKV::sync, SyncFlag = 1
04-22 05:35:33.330 24005 24033 I MMKV    : <MMKV_IO.cpp:609::writeActualSize> [mixc-retail-assembly-rn84::state] increase sequence to 135, crc 589373997, actualSize 31916
04-22 05:35:33.330 24005 24033 I MMKV    : <MMKV.cpp:1208::sync> MMKV::sync, SyncFlag = 1
04-22 05:35:33.334 24005 24033 I MMKV    : <MMKV_IO.cpp:609::writeActualSize> [mixc-retail-assembly-rn84::state] increase sequence to 136, crc 589373997, actualSize 31916
04-22 05:35:33.334 24005 24033 I MMKV    : <MMKV.cpp:1208::sync> MMKV::sync, SyncFlag = 1
04-22 05:35:33.336   335   435 W TransactionTracing: Could not find layer id -1
04-22 05:35:33.336   335   435 W TransactionTracing: Could not find layer id -1
04-22 05:35:33.340 24005 24033 I MMKV    : <MMKV_IO.cpp:609::writeActualSize> [mixc-retail-assembly-rn84::state] increase sequence to 137, crc 589373997, actualSize 31916
04-22 05:35:33.340 24005 24033 I MMKV    : <MMKV.cpp:1208::sync> MMKV::sync, SyncFlag = 1
04-22 05:35:33.344 24005 24033 I MMKV    : <MMKV_IO.cpp:609::writeActualSize> [mixc-retail-assembly-rn84::state] increase sequence to 138, crc 589373997, actualSize 31916
04-22 05:35:33.344 24005 24033 I MMKV    : <MMKV.cpp:1208::sync> MMKV::sync, SyncFlag = 1
04-22 05:35:33.347 24005 24033 I MMKV    : <MMKV_IO.cpp:609::writeActualSize> [mixc-retail-assembly-rn84::state] increase sequence to 139, crc 589373997, actualSize 31916
04-22 05:35:33.347 24005 24033 I MMKV    : <MMKV.cpp:1208::sync> MMKV::sync, SyncFlag = 1
04-22 05:35:33.352 24005 24033 I MMKV    : <MMKV_IO.cpp:609::writeActualSize> [mixc-retail-assembly-rn84::state] increase sequence to 140, crc 589373997, actualSize 31916
04-22 05:35:33.352 24005 24033 I MMKV    : <MMKV.cpp:1208::sync> MMKV::sync, SyncFlag = 1
04-22 05:35:33.355 24005 24033 I MMKV    : <MMKV_IO.cpp:609::writeActualSize> [mixc-retail-assembly-rn84::secure-state] increase sequence to 11, crc 3049874120, actualSize 259
04-22 05:35:33.355 24005 24033 I MMKV    : <MMKV.cpp:1208::sync> MMKV::sync, SyncFlag = 1
04-22 05:35:33.359 24005 24033 I MMKV    : <MMKV_IO.cpp:609::writeActualSize> [mixc-retail-assembly-rn84::state] increase sequence to 141, crc 589373997, actualSize 31916
04-22 05:35:33.359 24005 24033 I MMKV    : <MMKV.cpp:1208::sync> MMKV::sync, SyncFlag = 1
04-22 05:35:33.363 24005 24033 I MMKV    : <MMKV_IO.cpp:609::writeActualSize> [mixc-retail-assembly-rn84::state] increase sequence to 142, crc 589373997, actualSize 31916
04-22 05:35:33.363 24005 24033 I MMKV    : <MMKV.cpp:1208::sync> MMKV::sync, SyncFlag = 1
04-22 05:35:33.367 24005 24033 I MMKV    : <MMKV_IO.cpp:609::writeActualSize> [mixc-retail-assembly-rn84::state] increase sequence to 143, crc 589373997, actualSize 31916
04-22 05:35:33.367 24005 24033 I MMKV    : <MMKV.cpp:1208::sync> MMKV::sync, SyncFlag = 1
04-22 05:35:33.374   519  1699 D CoreBackPreview: Window{57605f1 u0 Splash Screen com.impos2.mixcretailassemblyrn84 EXITING}: Setting back callback null
04-22 05:35:33.374   519   716 W InputManager-JNI: Input channel object '57605f1 Splash Screen com.impos2.mixcretailassemblyrn84 (client)' was disposed without first being removed with the input manager!
04-22 05:35:33.376 24005 24033 I MMKV    : <MMKV_IO.cpp:609::writeActualSize> [mixc-retail-assembly-rn84::state] increase sequence to 144, crc 589373997, actualSize 31916
04-22 05:35:33.376 24005 24033 I MMKV    : <MMKV.cpp:1208::sync> MMKV::sync, SyncFlag = 1
04-22 05:35:33.381 24005 24033 I MMKV    : <MMKV_IO.cpp:609::writeActualSize> [mixc-retail-assembly-rn84::state] increase sequence to 145, crc 589373997, actualSize 31916
04-22 05:35:33.381 24005 24033 I MMKV    : <MMKV.cpp:1208::sync> MMKV::sync, SyncFlag = 1
04-22 05:35:33.386 24005 24033 I MMKV    : <MMKV_IO.cpp:609::writeActualSize> [mixc-retail-assembly-rn84::state] increase sequence to 146, crc 589373997, actualSize 31916
04-22 05:35:33.386 24005 24033 I MMKV    : <MMKV.cpp:1208::sync> MMKV::sync, SyncFlag = 1
04-22 05:35:33.392 24005 24033 I MMKV    : <MMKV_IO.cpp:609::writeActualSize> [mixc-retail-assembly-rn84::state] increase sequence to 147, crc 589373997, actualSize 31916
04-22 05:35:33.392 24005 24033 I MMKV    : <MMKV.cpp:1208::sync> MMKV::sync, SyncFlag = 1
04-22 05:35:33.397 24005 24033 I MMKV    : <MMKV_IO.cpp:609::writeActualSize> [mixc-retail-assembly-rn84::state] increase sequence to 148, crc 589373997, actualSize 31916
04-22 05:35:33.397 24005 24033 I MMKV    : <MMKV.cpp:1208::sync> MMKV::sync, SyncFlag = 1
04-22 05:35:33.402 24005 24033 I MMKV    : <MMKV_IO.cpp:609::writeActualSize> [mixc-retail-assembly-rn84::state] increase sequence to 149, crc 589373997, actualSize 31916
04-22 05:35:33.402 24005 24033 I MMKV    : <MMKV.cpp:1208::sync> MMKV::sync, SyncFlag = 1
04-22 05:35:33.407 24005 24033 I MMKV    : <MMKV_IO.cpp:609::writeActualSize> [mixc-retail-assembly-rn84::state] increase sequence to 150, crc 589373997, actualSize 31916
04-22 05:35:33.407 24005 24033 I MMKV    : <MMKV.cpp:1208::sync> MMKV::sync, SyncFlag = 1
04-22 05:35:33.408   519   541 W ActivityTaskManager: Activity top resumed state loss timeout for ActivityRecord{5e5c551 u0 com.impos2.mixcretailassemblyrn84/.MainActivity} t62 f} isExiting}
04-22 05:35:33.439   519   542 W WindowManager: Exception thrown during dispatchAppVisibility Window{ca47db5 u0 com.impos2.mixcretailassemblyrn84/com.impos2.mixcretailassemblyrn84.MainActivity EXITING}
04-22 05:35:33.439   519   542 W WindowManager: android.os.DeadObjectException
04-22 05:35:33.439   519   542 W WindowManager: 	at android.os.BinderProxy.transactNative(Native Method)
04-22 05:35:33.439   519   542 W WindowManager: 	at android.os.BinderProxy.transact(BinderProxy.java:584)
04-22 05:35:33.439   519   542 W WindowManager: 	at android.view.IWindow$Stub$Proxy.dispatchAppVisibility(IWindow.java:536)
04-22 05:35:33.439   519   542 W WindowManager: 	at com.android.server.wm.WindowState.sendAppVisibilityToClients(WindowState.java:3478)
04-22 05:35:33.439   519   542 W WindowManager: 	at com.android.server.wm.WindowContainer.sendAppVisibilityToClients(WindowContainer.java:1234)
04-22 05:35:33.439   519   542 W WindowManager: 	at com.android.server.wm.WindowToken.setClientVisible(WindowToken.java:392)
04-22 05:35:33.439   519   542 W WindowManager: 	at com.android.server.wm.ActivityRecord.setClientVisible(ActivityRecord.java:6825)
04-22 05:35:33.439   519   542 W WindowManager: 	at com.android.server.wm.ActivityRecord.onAnimationFinished(ActivityRecord.java:7647)
04-22 05:35:33.439   519   542 W WindowManager: 	at com.android.server.wm.WindowContainer$$ExternalSyntheticLambda4.onAnimationFinished(Unknown Source:2)
04-22 05:35:33.439   519   542 W WindowManager: 	at com.android.server.wm.SurfaceAnimator.lambda$getFinishedCallback$0(SurfaceAnimator.java:133)
04-22 05:35:33.439   519   542 W WindowManager: 	at com.android.server.wm.SurfaceAnimator.$r8$lambda$lRxTVOJy8fX752UbrFno9INW9hE(Unknown Source:0)
04-22 05:35:33.439   519   542 W WindowManager: 	at com.android.server.wm.SurfaceAnimator$$ExternalSyntheticLambda1.run(Unknown Source:8)
04-22 05:35:33.439   519   542 W WindowManager: 	at com.android.server.wm.SurfaceAnimator.lambda$getFinishedCallback$1(SurfaceAnimator.java:143)
04-22 05:35:33.439   519   542 W WindowManager: 	at com.android.server.wm.SurfaceAnimator.$r8$lambda$4PiCdaEsT4mA6LQVhqpeM5EoU9c(Unknown Source:0)
04-22 05:35:33.439   519   542 W WindowManager: 	at com.android.server.wm.SurfaceAnimator$$ExternalSyntheticLambda0.onAnimationFinished(Unknown Source:4)
04-22 05:35:33.439   519   542 W WindowManager: 	at com.android.server.wm.LocalAnimationAdapter.lambda$startAnimation$0(LocalAnimationAdapter.java:67)
04-22 05:35:33.439   519   542 W WindowManager: 	at com.android.server.wm.LocalAnimationAdapter.$r8$lambda$gPDCFw0mQLltlXqA3mL6IUKCwLs(Unknown Source:0)
04-22 05:35:33.439   519   542 W WindowManager: 	at com.android.server.wm.LocalAnimationAdapter$$ExternalSyntheticLambda0.run(Unknown Source:6)
04-22 05:35:33.439   519   542 W WindowManager: 	at android.os.Handler.handleCallback(Handler.java:942)
04-22 05:35:33.439   519   542 W WindowManager: 	at android.os.Handler.dispatchMessage(Handler.java:99)
04-22 05:35:33.439   519   542 W WindowManager: 	at android.os.Looper.loopOnce(Looper.java:201)
04-22 05:35:33.439   519   542 W WindowManager: 	at android.os.Looper.loop(Looper.java:288)
04-22 05:35:33.439   519   542 W WindowManager: 	at android.os.HandlerThread.run(HandlerThread.java:67)
04-22 05:35:33.439   519   542 W WindowManager: 	at com.android.server.ServiceThread.run(ServiceThread.java:44)
04-22 05:35:33.439   519   542 I Process : Sending signal. PID: 23916 SIG: 9
04-22 05:35:33.440   519   541 W ActivityManager: setHasOverlayUi called on unknown pid: 23916
04-22 05:35:33.454   335   335 E BpTransactionCompletedListener: Failed to transact (-32)
04-22 05:35:33.454   335   435 W TransactionTracing: Could not find layer handle 0xb400006eb98b6850
04-22 05:35:33.454   335   435 W TransactionTracing: Could not find layer handle 0xb400006eb98b4090
04-22 05:35:33.454   335   435 W TransactionTracing: Could not find layer handle 0xb400006eb98b6010
04-22 05:35:33.454   335   435 W TransactionTracing: Could not find layer handle 0xb400006eb98b5230
04-22 05:35:33.454   335   435 W TransactionTracing: Could not find layer handle 0xb400006eb98b6d30
04-22 05:35:33.454   335   435 W TransactionTracing: Could not find layer handle 0xb400006eb98b2770
04-22 05:35:33.454   335   435 W TransactionTracing: Could not find layer handle 0xb400006eb98b6610
04-22 05:35:33.454   335   435 W TransactionTracing: Could not find layer handle 0xb400006eb98b20b0
04-22 05:35:33.454   335   435 W TransactionTracing: Could not find layer handle 0xb400006eb98b6850
04-22 05:35:33.454   335   435 W TransactionTracing: Could not find layer handle 0xb400006eb98b6d30
04-22 05:35:33.454   335   435 W TransactionTracing: Could not find layer handle 0xb400006eb98b4090
04-22 05:35:33.454   335   435 W TransactionTracing: Could not find layer id -1
04-22 05:35:33.539   790  1086 D BtGatt.ScanManager: uid 10116 isForeground true scanMode -1
04-22 05:35:33.540  1251  3750 I FontLog : Received query Noto Color Emoji Compat, URI content://com.google.android.gms.fonts [CONTEXT service_id=132 ]
04-22 05:35:33.540  1251  3750 I FontLog : Query [emojicompat-emoji-font] resolved to {Noto Color Emoji Compat, wdth 100.0, wght 400, ital 0.0, bestEffort false} [CONTEXT service_id=132 ]
04-22 05:35:33.541  1251  3750 I FontLog : Fetch {Noto Color Emoji Compat, wdth 100.0, wght 400, ital 0.0, bestEffort false} end status Status{statusCode=SUCCESS, resolution=null} [CONTEXT service_id=132 ]
04-22 05:35:33.542  1251  3750 I FontLog : Pulling font file for id = 147, cache size = 4 [CONTEXT service_id=132 ]
04-22 05:35:33.543  1251  3750 I FontLog : Pulling font file for id = 147, cache size = 4 [CONTEXT service_id=132 ]
04-22 05:35:33.553   335   435 W TransactionTracing: Could not find layer handle 0xb400006eb98b4f90
04-22 05:35:33.553   335   435 W TransactionTracing: Could not find layer handle 0xb400006eb98a9770
04-22 05:35:33.553   335   435 W TransactionTracing: Could not find layer handle 0xb400006eb98b6fd0
04-22 05:35:33.553   335   435 W TransactionTracing: Could not find layer handle 0xb400006eb98b6fd0
04-22 05:35:33.553   335   435 W TransactionTracing: Could not find layer handle 0xb400006eb98a9770
04-22 05:35:33.572   335   435 W TransactionTracing: Could not find layer handle 0xb400006eb98b49f0
04-22 05:35:38.204 24005 24059 D ProfileInstaller: Skipping profile installation for com.impos2.mixcretailassemblyrn84
04-22 05:35:39.572   790  1086 D BtGatt.ScanManager: uid 10116 isForeground true scanMode -1
04-22 05:35:40.512   382   382 E adbd    : failed to connect to socket 'tcp:18584': Connection refused
04-22 05:35:40.533   158   158 I logd    : logdr: UID=2000 GID=2000 PID=24060 n tail=0 logMask=99 pid=0 start=0ns deadline=0ns
04-22 05:35:42.929   519   647 E WifiScoringParams: Invalid frequency(-1), using 5G as default rssi array
04-22 05:35:43.207 24005 24032 I ReactNativeJS: '[assembly.android.mixc-retail-rn84.websocket] connect', { url: 'ws://127.0.0.1:5810/api/v1/tdp/ws/connect?sandboxId=sandbox-kernel-base-test&terminalId=terminal_j1rgmnggrq4n&token=token_xps20yq0rq4o',
04-22 05:35:43.207 24005 24032 I ReactNativeJS:   protocol: 'ws',
04-22 05:35:43.207 24005 24032 I ReactNativeJS:   host: '127.0.0.1:5810',
04-22 05:35:43.207 24005 24032 I ReactNativeJS:   pathname: '/api/v1/tdp/ws/connect' }
04-22 05:35:43.207 24005 24033 I assembly.assembly.android.mixc-retail-rn84.transport.ws.SocketRuntime: [transport.ws] Socket connect started: kernel.base.tdp-sync-runtime-v2.socket {"profileName":"kernel.base.tdp-sync-runtime-v2.socket","serverName":"mock-terminal-platform","addressName":"local"}
04-22 05:35:43.210 24005 24063 D TrafficStats: tagSocket(117) with statsTag=0xffffffff, statsUid=-1
04-22 05:35:43.213 24005 24033 I assembly.kernel.base.runtime-shell-v2.application.KernelRuntimeAppV2: [runtime.load] kernel runtime app v2 started {"runtimeName":"assembly.android.mixc-retail-rn84","moduleDescriptors":[{"moduleName":"assembly.android.mixc-retail-rn84","packageVersion":"1.0.0","dependencies":[],"stateSliceNames":[],"commandNames":[],"actorKeys":["assembly.android.mixc-retail-rn84.AssemblyRuntimeInitializeActor"],"errorKeys":[],"parameterKeys":[],"hasInstall":true,"hasPreSetup":true},{"moduleName":"kernel.base.topology-runtime-v3","packageVersion":"0.0.1","dependencies":[],"stateSliceNames":["kernel.base.topology-runtime-v3.config","kernel.base.topology-runtime-v3.context","kernel.base.topology-runtime-v3.connection","kernel.base.topology-runtime-v3.peer","kernel.base.topology-runtime-v3.sync","kernel.base.topology-runtime-v3.request-mirror","kernel.base.topology-runtime-v3.demo.master","kernel.base.topology-runtime-v3.demo.slave"],"commandNames":["kernel.base.topology-runtime-v3.set-instance-mode","kernel.base.topology-runtime-v3.set-display-mode","kernel.base.topology-runtime-v3.set-enable-slave","kernel.base.topology-runtime-v3.set-master-locator","kernel.base.topology-runtime-v3.clear-master-locator","kernel.base.topology-runtime-v3.refresh-topology-context","kernel.base.topology-runtime-v3.start-topology-connection","kernel.base.topology-runtime-v3.stop-topology-connection","kernel.base.topology-runtime-v3.restart-topology-connection","kernel.base.topology-runtime-v3.upsert-demo-master-entry","kernel.base.topology-runtime-v3.remove-demo-master-entry","kernel.base.topology-runtime-v3.reset-demo-master-state","kernel.base.topology-runtime-v3.upsert-demo-slave-entry","kernel.base.topology-runtime-v3.remove-demo-slave-entry","kernel.base.topology-runtime-v3.reset-demo-slave-state"],"actorKeys":["kernel.base.topology-runtime-v3.TopologyContextActor","kernel.base.topology-runtime-v3.TopologyConnectionActor","kernel.base.topology-runtime-v3.TopologyDemoSyncActor"],"errorKeys":["kernel.base.topology-runtime-v3.display_context_required","kernel.base.topology-runtime-v3.orchestrator_required","kernel.base.topology-runtime-v3.socket_binding_required","kernel.base.topology-runtime-v3.hello_runtime_required","kernel.base.topology-runtime-v3.action_not_allowed"],"parameterKeys":["kernel.base.topology-runtime-v3.reconnect-interval-ms"],"hasInstall":true,"hasPreSetup":true},{"moduleName":"kernel.base.tcp-control-runtime-v2","packageVersion":"0.0.1","dependencies":[],"stateSliceNames":["kernel.base.tcp-control-runtime-v2.identity","kernel.base.tcp-control-runtime-v2.credential","kernel.base.tcp-control-runtime-v2.binding","kernel.base.tcp-control-runtime-v2.sandbox","kernel.base.tcp-control-runtime-v2.runtime"],"commandNames":["kernel.base.tcp-control-runtime-v2.bootstrap-tcp-control","kernel.base.tcp-control-runtime-v2.bootstrap-tcp-control-succeeded","kernel.base.tcp-control-runtime-v2.activate-terminal","kernel.base.tcp-control-runtime-v2.activate-terminal-succeeded","kernel.base.tcp-control-runtime-v2.refresh-credential","kernel.base.tcp-control-runtime-v2.credential-refreshed","kernel.base.tcp-control-runtime-v2.deactivate-terminal","kernel.base.tcp-control-runtime-v2.deactivate-terminal-succeeded","kernel.base.tcp-control-runtime-v2.report-task-result","kernel.base.tcp-control-runtime-v2.task-result-reported","kernel.base.tcp-control-runtime-v2.reset-tcp-control"],"actorKeys":["kernel.base.tcp-control-runtime-v2.TcpBootstrapActor","kernel.base.tcp-control-runtime-v2.TcpActivationActor","kernel.base.tcp-control-runtime-v2.TcpCredentialActor","kernel.base.tcp-control-runtime-v2.TcpDeactivationActor","kernel.base.tcp-control-runtime-v2.TcpTaskReportActor","kernel.base.tcp-control-runtime-v2.TcpStateMutationActor"],"errorKeys":["kernel.base.tcp-control-runtime-v2.activation_code_invalid","kernel.base.tcp-control-runtime-v2.activation_failed","kernel.base.tcp-control-runtime-v2.credential_missing","kernel.base.tcp-control-runtime-v2.credential_expired","kernel.base.tcp-control-runtime-v2.refresh_failed","kernel.base.tcp
04-22 05:35:43.215 24005 24033 I MMKV    : <MemoryFile.cpp:103::open> open fd[120], flag 0x7, /data/data/com.impos2.mixcretailassemblyrn84/files/mmkv/specialCharacter/c34670a355176d0b412ad7c68e58044e
04-22 05:35:43.215 24005 24033 I MMKV    : <MemoryFile.cpp:250::mmapOrCleanup> mmap to address [0x7688e9a000], oldPtr [0x0], [/data/data/com.impos2.mixcretailassemblyrn84/files/mmkv/specialCharacter/c34670a355176d0b412ad7c68e58044e]
04-22 05:35:43.215 24005 24033 I MMKV    : <MemoryFile.cpp:109::close> closing fd[120], /data/data/com.impos2.mixcretailassemblyrn84/files/mmkv/specialCharacter/c34670a355176d0b412ad7c68e58044e
04-22 05:35:43.215 24005 24033 I MMKV    : <MemoryFile.cpp:103::open> open fd[120], flag 0x7, /data/data/com.impos2.mixcretailassemblyrn84/files/mmkv/specialCharacter/c34670a355176d0b412ad7c68e58044e.crc
04-22 05:35:43.215 24005 24033 I MMKV    : <MemoryFile.cpp:250::mmapOrCleanup> mmap to address [0x7688e99000], oldPtr [0x0], [/data/data/com.impos2.mixcretailassemblyrn84/files/mmkv/specialCharacter/c34670a355176d0b412ad7c68e58044e.crc]
04-22 05:35:43.215 24005 24033 I MMKV    : <MemoryFile.cpp:103::open> open fd[124], flag 0x7, /data/data/com.impos2.mixcretailassemblyrn84/files/mmkv/specialCharacter/c34670a355176d0b412ad7c68e58044e
04-22 05:35:43.215 24005 24033 I MMKV    : <MemoryFile.cpp:109::close> closing fd[124], /data/data/com.impos2.mixcretailassemblyrn84/files/mmkv/specialCharacter/c34670a355176d0b412ad7c68e58044e
04-22 05:35:43.216 24005 24033 I MMKV    : <MMKV_IO.cpp:287::loadMetaInfoAndCheck> meta file [mixc-retail-assembly-rn84::version-report-outbox] has flag [0]
04-22 05:35:43.216 24005 24033 I MMKV    : <MMKV_IO.cpp:94::loadFromFile> loading [mixc-retail-assembly-rn84::version-report-outbox] with 463 actual size, file size 4096, InterProcess 0, meta info version:4
04-22 05:35:43.216 24005 24033 I MMKV    : <MMKV_IO.cpp:99::loadFromFile> loading [mixc-retail-assembly-rn84::version-report-outbox] with crc 2290090215 sequence 1 version 4
04-22 05:35:43.216 24005 24033 I MMKV    : <MMKV_IO.cpp:145::loadFromFile> loaded [mixc-retail-assembly-rn84::version-report-outbox] with 1 key-values
04-22 05:35:43.216 24005 24033 I assembly.android.mixc-retail-rn84.boot: {"stage":"runtime.start:done","displayIndex":0,"displayCount":1}
04-22 05:35:43.217 24005 24033 D TrafficStats: tagSocket(125) with statsTag=0xffffffff, statsUid=-1
04-22 05:35:43.217 24005 24033 I assembly.assembly.android.mixc-retail-rn84: [assembly.topology] Starting native topology host from assembly lifecycle {"displayCount":1,"displayIndex":0,"deviceId":"6Z2H3BSGEY","instanceMode":"MASTER","enableSlave":true,"reason":"master-primary-enable-slave"}
04-22 05:35:43.218   519   716 I ActivityManager: PendingStartActivityUids startActivity to updateOomAdj delay:9810ms, uid:10175
04-22 05:35:43.221 24005 24033 D TrafficStats: tagSocket(124) with statsTag=0xffffffff, statsUid=-1
04-22 05:35:43.224 24005 24033 I MMKV    : <MMKV_IO.cpp:609::writeActualSize> [mixc-retail-assembly-rn84::state] increase sequence to 151, crc 2293324682, actualSize 30332
04-22 05:35:43.224 24005 24033 I MMKV    : <MMKV.cpp:1208::sync> MMKV::sync, SyncFlag = 1
04-22 05:35:43.226 24005 24033 I assembly.android.mixc-retail-rn84.boot: {"stage":"automation.host:start","displayIndex":0,"displayCount":1,"target":"primary","host":"127.0.0.1","port":18584,"generation":"automation-host-2-32799911191264"}
04-22 05:35:43.243 24005 24033 I assembly.assembly.android.mixc-retail-rn84: [assembly.topology] Create assembly topology socket binding {"displayIndex":0,"role":"master","localNodeId":"master:6Z2H3BSGEY","wsUrl":"ws://127.0.0.1:8888/mockMasterServer/ws","httpBaseUrl":"http://127.0.0.1:8888/mockMasterServer","resolvedServerBaseUrl":"http://127.0.0.1:8888/mockMasterServer","resolvedPathTemplate":"/ws"}
04-22 05:35:43.244 24005 24032 I ReactNativeJS: '[assembly.android.mixc-retail-rn84.websocket] connect', { url: 'ws://127.0.0.1:8888/mockMasterServer/ws',
04-22 05:35:43.244 24005 24032 I ReactNativeJS:   protocol: 'ws',
04-22 05:35:43.244 24005 24032 I ReactNativeJS:   host: '127.0.0.1:8888',
04-22 05:35:43.244 24005 24032 I ReactNativeJS:   pathname: '/mockMasterServer/ws' }
04-22 05:35:43.244 24005 24033 I assembly.assembly.android.mixc-retail-rn84.transport.ws.SocketRuntime: [transport.ws] Socket connect started: assembly.android.mixc-retail-rn84.topology {"profileName":"assembly.android.mixc-retail-rn84.topology","serverName":"dual-topology-host-v3","addressName":"dynamic-topology-host"}
04-22 05:35:43.245 24005 24070 D TrafficStats: tagSocket(105) with statsTag=0xffffffff, statsUid=-1
04-22 05:35:43.245 24005 24069 D TrafficStats: tagSocket(108) with statsTag=0xffffffff, statsUid=-1
04-22 05:35:43.246 24005 24033 I assembly.android.mixc-retail-rn84.boot: {"stage":"app-load-complete:start","displayIndex":0}
04-22 05:35:43.247 24005 24033 I StartupAudit: app_load_complete displayIndex=0 pid=24005 time=2026-04-22 05:35:43.247
04-22 05:35:43.247 24005 24033 I StartupAudit: hot_update_health_check_cancelled reason=load-complete pid=24005 time=2026-04-22 05:35:43.247
04-22 05:35:43.247 24005 24033 I StartupAudit: secondary_launch_scheduled pid=24005 time=2026-04-22 05:35:43.247
04-22 05:35:43.248 24005 24072 D TrafficStats: tagSocket(126) with statsTag=0xffffffff, statsUid=-1
04-22 05:35:43.248 24005 24033 I assembly.assembly.android.mixc-retail-rn84: [assembly.topology] Native topology host already matches desired lifecycle state {"displayCount":1,"displayIndex":0,"deviceId":"6Z2H3BSGEY","instanceMode":"MASTER","enableSlave":true,"running":true,"reason":"master-primary-enable-slave"}
04-22 05:35:43.249 24005 24033 I assembly.assembly.android.mixc-retail-rn84: [assembly.topology] Native topology host already matches desired lifecycle state {"displayCount":1,"displayIndex":0,"deviceId":"6Z2H3BSGEY","instanceMode":"MASTER","enableSlave":true,"running":true,"reason":"master-primary-enable-slave"}
04-22 05:35:43.249 24005 24033 I assembly.assembly.android.mixc-retail-rn84: [assembly.topology] Native topology host already matches desired lifecycle state {"displayCount":1,"displayIndex":0,"deviceId":"6Z2H3BSGEY","instanceMode":"MASTER","enableSlave":true,"running":true,"reason":"master-primary-enable-slave"}
04-22 05:35:43.249 24005 24033 I assembly.assembly.android.mixc-retail-rn84: [assembly.topology] Native topology host already matches desired lifecycle state {"displayCount":1,"displayIndex":0,"deviceId":"6Z2H3BSGEY","instanceMode":"MASTER","enableSlave":true,"running":true,"reason":"master-primary-enable-slave"}
04-22 05:35:43.251 24005 24033 I assembly.assembly.android.mixc-retail-rn84: [assembly.topology] Native topology host already matches desired lifecycle state {"displayCount":1,"displayIndex":0,"deviceId":"6Z2H3BSGEY","instanceMode":"MASTER","enableSlave":true,"running":true,"reason":"master-primary-enable-slave"}
04-22 05:35:43.251 24005 24033 I assembly.assembly.android.mixc-retail-rn84: [assembly.topology] Native topology host already matches desired lifecycle state {"displayCount":1,"displayIndex":0,"deviceId":"6Z2H3BSGEY","instanceMode":"MASTER","enableSlave":true,"running":true,"reason":"master-primary-enable-slave"}
04-22 05:35:43.251 24005 24033 I assembly.assembly.android.mixc-retail-rn84: [assembly.topology] Native topology host already matches desired lifecycle state {"displayCount":1,"displayIndex":0,"deviceId":"6Z2H3BSGEY","instanceMode":"MASTER","enableSlave":true,"running":true,"reason":"master-primary-enable-slave"}
04-22 05:35:43.254 24005 24033 I assembly.assembly.android.mixc-retail-rn84: [assembly.topology] Native topology host already matches desired lifecycle state {"displayCount":1,"displayIndex":0,"deviceId":"6Z2H3BSGEY","instanceMode":"MASTER","enableSlave":true,"running":true,"reason":"master-primary-enable-slave"}
04-22 05:35:43.255 24005 24033 I MMKV    : <MMKV_IO.cpp:609::writeActualSize> [mixc-retail-assembly-rn84::state] increase sequence to 152, crc 2220730640, actualSize 30954
04-22 05:35:43.255 24005 24033 I MMKV    : <MMKV.cpp:1208::sync> MMKV::sync, SyncFlag = 1
04-22 05:35:43.256 24005 24033 I assembly.android.mixc-retail-rn84.boot: {"stage":"app-load-complete:done","displayIndex":0}
04-22 05:35:43.256 24005 24033 I assembly.assembly.android.mixc-retail-rn84: [assembly.topology] Native topology host already matches desired lifecycle state {"displayCount":1,"displayIndex":0,"deviceId":"6Z2H3BSGEY","instanceMode":"MASTER","enableSlave":true,"running":true,"reason":"master-primary-enable-slave"}
04-22 05:35:43.259 24005 24033 I MMKV    : <MMKV_IO.cpp:609::writeActualSize> [mixc-retail-assembly-rn84::state] increase sequence to 153, crc 2715474546, actualSize 30954
04-22 05:35:43.259 24005 24033 I MMKV    : <MMKV.cpp:1208::sync> MMKV::sync, SyncFlag = 1
