04-22 05:30:34.141  1921  1921 I A       : (REDACTED) Created gRPC endpoint for service %s
04-22 05:30:34.143  1043  1728 E OpenGLRenderer: Unable to match the desired swap behavior.
04-22 05:30:34.144  1598  1881 I AiAiEcho: Predicting[0]: 
04-22 05:30:34.144  1598  1881 I AiAiEcho: Ranked targets strategy: SORT, count: 0, ranking metadata: 
04-22 05:30:34.145  1598  1881 I AiAiEcho: #postPredictionTargets: Sending updates to UISurface lockscreen with targets# 0
04-22 05:30:34.145  1598  1881 I AiAiEcho: #postPredictionTargets: Sending updates to UISurface home with targets# 0
04-22 05:30:34.145  1598  1881 I AiAiEcho: #postPredictionTargets: Sending updates to UISurface media_data_manager with targets# 0
04-22 05:30:34.145   728   728 D SsMediaDataProvider: Forwarding Smartspace updates []
04-22 05:30:34.150  1043  1043 D b/260135164: updateIconAlphaForHome - setIconsAlpha(0), isTaskbarPresent: true
04-22 05:30:34.154  1921  1921 I A       : (REDACTED) onApplyWindowInsets: systemWindowInsets=%s
04-22 05:30:34.154  1921  1921 I A       : (REDACTED) onApplyWindowInsets: systemWindowInsets=%s
04-22 05:30:34.162  1043  1043 D b/260135164: updateIconAlphaForHome - setIconsAlpha(0), isTaskbarPresent: true
04-22 05:30:34.174   519  1701 D CompatibilityChangeReporter: Compat change id reported: 161252188; UID 10116; state: DISABLED
04-22 05:30:34.175  1523  1523 I GoogleInputMethodService: GoogleInputMethodService.onFinishInput():3227 
04-22 05:30:34.175  1523  1523 I GoogleInputMethodService: GoogleInputMethodService.updateDeviceLockedStatus():2087 repeatCheckTimes = 0, unlocked = true
04-22 05:30:34.175  1523  1523 I GoogleInputMethodService: GoogleInputMethodService.onStartInput():1877 onStartInput(EditorInfo{inputType=0x0(NULL) imeOptions=0x0 privateImeOptions=null actionName=UNSPECIFIED actionLabel=null actionId=0 initialSelStart=-1 initialSelEnd=-1 initialCapsMode=0x0 hintText=null label=null packageName=com.google.android.apps.nexuslauncher fieldId=-1 fieldName=null extras=null}, false)
04-22 05:30:34.175  1523  1523 I GoogleInputMethodService: GoogleInputMethodService.shouldHideHeaderOnInitialState():4008 ShouldHideHeaderOnInitialState = false
04-22 05:30:34.176  1523  1523 I GoogleInputMethodService: GoogleInputMethodService.updateDeviceLockedStatus():2087 repeatCheckTimes = 2, unlocked = true
04-22 05:30:34.176  1043  1043 D b/260135164: updateIconAlphaForHome - setIconsAlpha(0), isTaskbarPresent: true
04-22 05:30:34.178   293 23891 I resolv  : GetAddrInfoHandler::run: {100 262244 100 983140 10120 0}
04-22 05:30:34.178   293 23893 I resolv  : res_nmkquery: (QUERY, IN, A)
04-22 05:30:34.180   293 23892 I resolv  : res_nmkquery: (QUERY, IN, AAAA)
04-22 05:30:34.186   335   435 W TransactionTracing: Could not find layer handle 0xb400006eb98b1e10
04-22 05:30:34.187  1043  1043 D b/260135164: updateIconAlphaForHome - setIconsAlpha(0), isTaskbarPresent: true
04-22 05:30:34.190  1921  2222 I A       : (REDACTED) GMSCore Auth returned %d accounts.
04-22 05:30:34.190  1921  2222 I A       : (REDACTED) GoogleOwnersProvider returned %d accounts.
04-22 05:30:34.192   293 23893 I resolv  : res_tls_send: TLS query result: 0
04-22 05:30:34.192   293 23893 I resolv  : doQuery: rcode=0, ancount=1, return value=59
04-22 05:30:34.193   293 23892 I resolv  : res_tls_send: TLS query result: 0
04-22 05:30:34.194   293 23892 I resolv  : doQuery: rcode=0, ancount=1, return value=71
04-22 05:30:34.203  1043  1043 D b/260135164: updateIconAlphaForHome - setIconsAlpha(0), isTaskbarPresent: true
04-22 05:30:34.229  1043  1043 D b/260135164: updateIconAlphaForHome - setIconsAlpha(0), isTaskbarPresent: true
04-22 05:30:34.240  1043  1043 D b/260135164: updateIconAlphaForHome - setIconsAlpha(0), isTaskbarPresent: true
04-22 05:30:34.256  1043  1043 D b/260135164: updateIconAlphaForHome - setIconsAlpha(0), isTaskbarPresent: true
04-22 05:30:34.273  1043  1043 D b/260135164: updateIconAlphaForHome - setIconsAlpha(0), isTaskbarPresent: true
04-22 05:30:34.287   335   435 W TransactionTracing: Could not find layer id -1
04-22 05:30:34.290  1043  1043 D b/260135164: updateIconAlphaForHome - setIconsAlpha(0), isTaskbarPresent: true
04-22 05:30:34.307  1043  1043 D b/260135164: updateIconAlphaForHome - setIconsAlpha(0), isTaskbarPresent: true
04-22 05:30:34.320  1043  1043 D b/260135164: updateIconAlphaForHome - setIconsAlpha(0), isTaskbarPresent: true
04-22 05:30:34.336  1043  1043 D b/260135164: updateIconAlphaForHome - setIconsAlpha(0), isTaskbarPresent: true
04-22 05:30:34.353  1043  1043 D b/260135164: updateIconAlphaForHome - setIconsAlpha(0), isTaskbarPresent: true
04-22 05:30:34.375   335   435 W TransactionTracing: Could not find layer handle 0xb400006eb98b5ef0
04-22 05:30:34.375   335   435 W TransactionTracing: Could not find layer handle 0xb400006eb98b5ef0
04-22 05:30:34.376  1043  1043 D b/260135164: updateIconAlphaForHome - setIconsAlpha(0), isTaskbarPresent: true
04-22 05:30:34.389  1043  1043 D b/260135164: updateIconAlphaForHome - setIconsAlpha(0), isTaskbarPresent: true
04-22 05:30:34.403  1043  1043 D b/260135164: updateIconAlphaForHome - setIconsAlpha(1), isTaskbarPresent: true
04-22 05:30:36.026  1043  1728 D EGL_emulation: app_time_stats: avg=157.99ms min=5.98ms max=1021.68ms count=12
04-22 05:30:36.171  1921  2210 W A       : #getSuggestions failed
04-22 05:30:36.171  1921  2210 W A       : com.google.common.w.a.dy: Timed out: com.google.common.w.a.h@18c4dea[status=PENDING, setFuture=[com.google.common.w.a.h@576a8db[status=PENDING, setFuture=[com.google.common.w.a.h@f5acf78[status=PENDING, info=[inputFuture=[com.google.common.w.a.h@3b11651[status=PENDING, info=[inputFuture=[kotlinx.coroutines.d.b@ad95eb6[status=PENDING, delegate=[com.google.common.w.a.ds@2cf7b7[status=PENDING]]]], function=[propagating=[com.google.android.apps.search.googleapp.search.suggest.sources.a.an@5296b24]]]]], function=[propagating=[com.google.android.apps.search.googleapp.search.suggest.sources.a.bl@31fc68d]]]]]]]]
04-22 05:30:36.173  1043 23888 E OneSearchSuggestProvider: Unable to get suggestions from AGA
04-22 05:30:36.173  1043 23888 E OneSearchSuggestProvider: io.grpc.StatusRuntimeException: UNKNOWN
04-22 05:30:36.173  1043 23888 E OneSearchSuggestProvider: 	at k2.c.o(Unknown Source:72)
04-22 05:30:36.173  1043 23888 E OneSearchSuggestProvider: 	at io.grpc.internal.l.b(Unknown Source:32)
04-22 05:30:36.173  1043 23888 E OneSearchSuggestProvider: 	at io.grpc.internal.l.a(Unknown Source:14)
04-22 05:30:36.173  1043 23888 E OneSearchSuggestProvider: 	at io.grpc.internal.x.run(Unknown Source:6)
04-22 05:30:36.173  1043 23888 E OneSearchSuggestProvider: 	at io.grpc.internal.H1.run(Unknown Source:16)
04-22 05:30:36.173  1043 23888 E OneSearchSuggestProvider: 	at java.util.concurrent.ThreadPoolExecutor.runWorker(ThreadPoolExecutor.java:1137)
04-22 05:30:36.173  1043 23888 E OneSearchSuggestProvider: 	at java.util.concurrent.ThreadPoolExecutor$Worker.run(ThreadPoolExecutor.java:637)
04-22 05:30:36.173  1043 23888 E OneSearchSuggestProvider: 	at java.lang.Thread.run(Thread.java:1012)
04-22 05:30:38.029  1043  1728 D EGL_emulation: app_time_stats: avg=1001.71ms min=997.38ms max=1006.05ms count=2
04-22 05:30:40.023  1043  1728 D EGL_emulation: app_time_stats: avg=996.91ms min=994.16ms max=999.66ms count=2
04-22 05:30:42.024  1043  1728 D EGL_emulation: app_time_stats: avg=1000.16ms min=981.23ms max=1019.09ms count=2
04-22 05:30:44.023  1043  1728 D EGL_emulation: app_time_stats: avg=999.37ms min=998.74ms max=999.99ms count=2
04-22 05:30:46.011  1043  1728 D EGL_emulation: app_time_stats: avg=994.11ms min=987.37ms max=1000.85ms count=2
04-22 05:30:47.025  1043  1728 D EGL_emulation: app_time_stats: avg=1012.54ms min=1012.54ms max=1012.54ms count=1
04-22 05:30:48.026  1043  1728 D EGL_emulation: app_time_stats: avg=1001.68ms min=1001.68ms max=1001.68ms count=1
04-22 05:30:50.023  1043  1728 D EGL_emulation: app_time_stats: avg=998.40ms min=996.32ms max=1000.48ms count=2
04-22 05:30:51.026  1043  1728 D EGL_emulation: app_time_stats: avg=1002.57ms min=1002.57ms max=1002.57ms count=1
04-22 05:30:53.024  1043  1728 D EGL_emulation: app_time_stats: avg=998.87ms min=997.84ms max=999.89ms count=2
04-22 05:30:55.008  1043  1728 D EGL_emulation: app_time_stats: avg=991.75ms min=983.79ms max=999.70ms count=2
04-22 05:30:56.025  1043  1728 D EGL_emulation: app_time_stats: avg=1017.54ms min=1017.54ms max=1017.54ms count=1
04-22 05:30:58.025  1043  1728 D EGL_emulation: app_time_stats: avg=999.72ms min=998.28ms max=1001.15ms count=2
04-22 05:30:59.029  1043  1728 D EGL_emulation: app_time_stats: avg=1004.24ms min=1004.24ms max=1004.24ms count=1
04-22 05:31:00.011  1598  1881 I AiAiEcho: Predicting[0]: 
04-22 05:31:00.011  1598  1881 I AiAiEcho: Ranked targets strategy: SORT, count: 0, ranking metadata: 
04-22 05:31:00.012  1598  1881 I AiAiEcho: #postPredictionTargets: Sending updates to UISurface lockscreen with targets# 0
04-22 05:31:00.012  1598  1881 I AiAiEcho: #postPredictionTargets: Sending updates to UISurface home with targets# 0
04-22 05:31:00.012  1598  1881 I AiAiEcho: #postPredictionTargets: Sending updates to UISurface media_data_manager with targets# 0
04-22 05:31:00.025   728   728 D SsMediaDataProvider: Forwarding Smartspace updates []
04-22 05:31:00.026   728   955 D EGL_emulation: app_time_stats: avg=36108.57ms min=36108.57ms max=36108.57ms count=1
04-22 05:31:01.024  1043  1728 D EGL_emulation: app_time_stats: avg=997.12ms min=995.26ms max=998.97ms count=2
04-22 05:31:03.006  1043  1728 D EGL_emulation: app_time_stats: avg=990.92ms min=982.59ms max=999.25ms count=2
04-22 05:31:03.924   728   955 D EGL_emulation: app_time_stats: avg=3898.09ms min=3898.09ms max=3898.09ms count=1
04-22 05:31:04.008  1043  1728 D EGL_emulation: app_time_stats: avg=1001.89ms min=1001.89ms max=1001.89ms count=1
04-22 05:31:05.026  1043  1728 D EGL_emulation: app_time_stats: avg=1018.23ms min=1018.23ms max=1018.23ms count=1
04-22 05:31:07.007  1043  1728 D EGL_emulation: app_time_stats: avg=990.45ms min=982.75ms max=998.14ms count=2
04-22 05:31:08.025  1043  1728 D EGL_emulation: app_time_stats: avg=1017.48ms min=1017.48ms max=1017.48ms count=1
04-22 05:31:10.025  1043  1728 D EGL_emulation: app_time_stats: avg=999.97ms min=999.15ms max=1000.79ms count=2
04-22 05:31:10.315   519  1705 W BatteryExternalStatsWorker: error reading Bluetooth stats: 11
04-22 05:31:10.317   519  1705 D TelephonyManager: requestModemActivityInfo: Sending result to app: ModemActivityInfo{ mTimestamp=32527011 mSleepTimeMs=0 mIdleTimeMs=32526845 mActivityStatsTechSpecificInfo=[{mRat=UNKNOWN,mFrequencyRange=UNKNOWN,mTxTimeMs[]=[0, 0, 0, 0, 0],mRxTimeMs=0}]}
04-22 05:31:10.354   293   752 I netd    : tetherGetStats() -> {[]} <1.88ms>
04-22 05:31:12.025  1043  1728 D EGL_emulation: app_time_stats: avg=1000.06ms min=999.46ms max=1000.66ms count=2
04-22 05:31:13.026  1043  1728 D EGL_emulation: app_time_stats: avg=1000.93ms min=1000.93ms max=1000.93ms count=1
04-22 05:31:13.424   317   317 E android.hardware.power.stats@1.0-service-mock: Failed to getEnergyData
04-22 05:31:15.025  1043  1728 D EGL_emulation: app_time_stats: avg=999.69ms min=980.58ms max=1018.81ms count=2
04-22 05:31:17.025  1043  1728 D EGL_emulation: app_time_stats: avg=999.89ms min=980.75ms max=1019.04ms count=2
04-22 05:31:19.023  1043  1728 D EGL_emulation: app_time_stats: avg=998.97ms min=998.71ms max=999.22ms count=2
04-22 05:31:20.024  1043  1728 D EGL_emulation: app_time_stats: avg=1000.87ms min=1000.87ms max=1000.87ms count=1
04-22 05:31:22.025  1043  1728 D EGL_emulation: app_time_stats: avg=1000.53ms min=983.30ms max=1017.75ms count=2
04-22 05:31:24.025  1043  1728 D EGL_emulation: app_time_stats: avg=999.72ms min=981.65ms max=1017.79ms count=2
04-22 05:31:26.023  1043  1728 D EGL_emulation: app_time_stats: avg=998.86ms min=998.11ms max=999.61ms count=2
04-22 05:31:27.023  1043  1728 D EGL_emulation: app_time_stats: avg=1000.00ms min=1000.00ms max=1000.00ms count=1
04-22 05:31:28.024  1043  1728 D EGL_emulation: app_time_stats: avg=1001.24ms min=1001.24ms max=1001.24ms count=1
04-22 05:31:30.022  1043  1728 D EGL_emulation: app_time_stats: avg=999.14ms min=998.10ms max=1000.18ms count=2
04-22 05:31:31.025  1043  1728 D EGL_emulation: app_time_stats: avg=1002.07ms min=1002.07ms max=1002.07ms count=1
04-22 05:31:33.006  1043  1728 D EGL_emulation: app_time_stats: avg=990.45ms min=981.10ms max=999.79ms count=2
04-22 05:31:34.023  1043  1728 D EGL_emulation: app_time_stats: avg=1017.44ms min=1017.44ms max=1017.44ms count=1
04-22 05:31:35.025  1043  1728 D EGL_emulation: app_time_stats: avg=1001.58ms min=1001.58ms max=1001.58ms count=1
04-22 05:31:37.028  1043  1728 D EGL_emulation: app_time_stats: avg=1001.25ms min=980.94ms max=1021.56ms count=2
04-22 05:31:38.030  1043  1728 D EGL_emulation: app_time_stats: avg=1002.36ms min=1002.36ms max=1002.36ms count=1
04-22 05:31:40.006  1043  1728 D EGL_emulation: app_time_stats: avg=987.89ms min=980.25ms max=995.52ms count=2
04-22 05:31:41.022  1043  1728 D EGL_emulation: app_time_stats: avg=1016.65ms min=1016.65ms max=1016.65ms count=1
04-22 05:31:42.023  1043  1728 D EGL_emulation: app_time_stats: avg=1000.67ms min=1000.67ms max=1000.67ms count=1
04-22 05:31:43.025  1043  1728 D EGL_emulation: app_time_stats: avg=1001.83ms min=1001.83ms max=1001.83ms count=1
04-22 05:31:43.958   728   955 D EGL_emulation: app_time_stats: avg=40033.91ms min=40033.91ms max=40033.91ms count=1
04-22 05:31:45.022  1043  1728 D EGL_emulation: app_time_stats: avg=998.43ms min=997.27ms max=999.60ms count=2
04-22 05:31:46.027  1043  1728 D EGL_emulation: app_time_stats: avg=1005.04ms min=1005.04ms max=1005.04ms count=1
04-22 05:31:46.583  1251 23874 D TrafficStats: tagSocket(90) with statsTag=0x20008100, statsUid=-1
04-22 05:31:48.023  1043  1728 D EGL_emulation: app_time_stats: avg=997.87ms min=995.79ms max=999.95ms count=2
04-22 05:31:49.023  1043  1728 D EGL_emulation: app_time_stats: avg=1000.27ms min=1000.27ms max=1000.27ms count=1
04-22 05:31:49.510  1921  2210 W A       : v2 eligibility check failed
04-22 05:31:49.510  1921  2210 W A       : com.google.android.libraries.search.r.a.b: com.google.frameworks.client.data.android.ac: Http networking stack error
04-22 05:31:49.510  1921  2210 W A       : 	at com.google.android.libraries.search.r.a.f.apply(PG:3)
04-22 05:31:49.510  1921  2210 W A       : 	at com.google.apps.tiktok.tracing.ew.apply(PG:3)
04-22 05:31:49.510  1921  2210 W A       : 	at com.google.common.w.a.a.e(PG:2)
04-22 05:31:49.510  1921  2210 W A       : 	at com.google.common.w.a.c.run(PG:11)
04-22 05:31:49.510  1921  2210 W A       : 	at com.google.android.libraries.i.z.run(PG:1)
04-22 05:31:49.510  1921  2210 W A       : 	at java.util.concurrent.ThreadPoolExecutor.runWorker(ThreadPoolExecutor.java:1137)
04-22 05:31:49.510  1921  2210 W A       : 	at java.util.concurrent.ThreadPoolExecutor$Worker.run(ThreadPoolExecutor.java:637)
04-22 05:31:49.510  1921  2210 W A       : 	at com.google.android.libraries.i.h.run(PG:2)
04-22 05:31:49.510  1921  2210 W A       : 	at java.lang.Thread.run(Thread.java:1012)
04-22 05:31:49.510  1921  2210 W A       : 	at com.google.android.libraries.i.ai.run(PG:5)
04-22 05:31:49.510  1921  2210 W A       : Caused by: com.google.frameworks.client.data.android.ac: Http networking stack error
04-22 05:31:49.510  1921  2210 W A       : 	at com.google.frameworks.client.data.android.y.run(PG:7)
04-22 05:31:49.510  1921  2210 W A       : 	... 6 more
04-22 05:31:49.510  1921  2210 W A       : Caused by: iq: Exception in CronetUrlRequest: net::ERR_CONNECTION_REFUSED, ErrorCode=7, InternalErrorCode=-102, Retryable=false
04-22 05:31:49.510  1921  2210 W A       : 	at org.chromium.net.impl.CronetUrlRequest.onError(:com.google.android.gms.dynamite_cronetdynamite@231818044@23.18.18 (190400-0):5)
04-22 05:31:50.023  1043  1728 D EGL_emulation: app_time_stats: avg=999.95ms min=999.95ms max=999.95ms count=1
04-22 05:31:51.024  1043  1728 D EGL_emulation: app_time_stats: avg=1000.47ms min=1000.47ms max=1000.47ms count=1
04-22 05:31:53.025  1043  1728 D EGL_emulation: app_time_stats: avg=1000.34ms min=998.97ms max=1001.71ms count=2
04-22 05:31:55.026  1043  1728 D EGL_emulation: app_time_stats: avg=1000.28ms min=981.99ms max=1018.57ms count=2
04-22 05:31:57.024  1043  1728 D EGL_emulation: app_time_stats: avg=999.18ms min=998.18ms max=1000.18ms count=2
04-22 05:31:58.025  1043  1728 D EGL_emulation: app_time_stats: avg=1000.43ms min=1000.43ms max=1000.43ms count=1
04-22 05:32:00.010  1598  1881 I AiAiEcho: Predicting[0]: 
04-22 05:32:00.011  1598  1881 I AiAiEcho: Ranked targets strategy: SORT, count: 0, ranking metadata: 
04-22 05:32:00.011  1598  1881 I AiAiEcho: #postPredictionTargets: Sending updates to UISurface lockscreen with targets# 0
04-22 05:32:00.011  1598  1881 I AiAiEcho: #postPredictionTargets: Sending updates to UISurface home with targets# 0
04-22 05:32:00.011  1598  1881 I AiAiEcho: #postPredictionTargets: Sending updates to UISurface media_data_manager with targets# 0
04-22 05:32:00.023   728   728 D SsMediaDataProvider: Forwarding Smartspace updates []
04-22 05:32:00.024  1043  1728 D EGL_emulation: app_time_stats: avg=999.63ms min=982.37ms max=1016.88ms count=2
04-22 05:32:00.025   728   955 D EGL_emulation: app_time_stats: avg=16066.82ms min=16066.82ms max=16066.82ms count=1
04-22 05:32:02.023  1043  1728 D EGL_emulation: app_time_stats: avg=999.46ms min=983.06ms max=1015.86ms count=2
04-22 05:32:03.024  1043  1728 D EGL_emulation: app_time_stats: avg=1000.67ms min=1000.67ms max=1000.67ms count=1
04-22 05:32:04.024  1043  1728 D EGL_emulation: app_time_stats: avg=1000.03ms min=1000.03ms max=1000.03ms count=1
04-22 05:32:06.026  1043  1728 D EGL_emulation: app_time_stats: avg=1000.95ms min=999.65ms max=1002.26ms count=2
04-22 05:32:08.024  1043  1728 D EGL_emulation: app_time_stats: avg=998.74ms min=998.38ms max=999.11ms count=2
04-22 05:32:10.026  1043  1728 D EGL_emulation: app_time_stats: avg=1001.05ms min=999.64ms max=1002.46ms count=2
04-22 05:32:12.028  1043  1728 D EGL_emulation: app_time_stats: avg=1000.91ms min=998.72ms max=1003.10ms count=2
04-22 05:32:14.025  1043  1728 D EGL_emulation: app_time_stats: avg=998.32ms min=995.69ms max=1000.95ms count=2
04-22 05:32:16.024  1043  1728 D EGL_emulation: app_time_stats: avg=999.52ms min=981.62ms max=1017.41ms count=2
04-22 05:32:18.025  1043  1728 D EGL_emulation: app_time_stats: avg=1000.45ms min=999.90ms max=1001.00ms count=2
04-22 05:32:20.024  1043  1728 D EGL_emulation: app_time_stats: avg=999.14ms min=996.74ms max=1001.55ms count=2
04-22 05:32:22.033  1043  1728 D EGL_emulation: app_time_stats: avg=1004.49ms min=999.81ms max=1009.18ms count=2
04-22 05:32:24.023  1043  1728 D EGL_emulation: app_time_stats: avg=994.84ms min=990.70ms max=998.99ms count=2
04-22 05:32:26.006  1043  1728 D EGL_emulation: app_time_stats: avg=991.32ms min=983.25ms max=999.39ms count=2
04-22 05:32:28.024  1043  1728 D EGL_emulation: app_time_stats: avg=1008.91ms min=998.32ms max=1019.50ms count=2
04-22 05:32:29.024  1043  1728 D EGL_emulation: app_time_stats: avg=1000.63ms min=1000.63ms max=1000.63ms count=1
04-22 05:32:31.006  1043  1728 D EGL_emulation: app_time_stats: avg=990.73ms min=982.13ms max=999.34ms count=2
04-22 05:32:32.006  1043  1728 D EGL_emulation: app_time_stats: avg=1000.25ms min=1000.25ms max=1000.25ms count=1
04-22 05:32:33.027  1043  1728 D EGL_emulation: app_time_stats: avg=1020.17ms min=1020.17ms max=1020.17ms count=1
04-22 05:32:35.025  1043  1728 D EGL_emulation: app_time_stats: avg=999.06ms min=978.04ms max=1020.07ms count=2
04-22 05:32:37.024  1043  1728 D EGL_emulation: app_time_stats: avg=999.50ms min=999.35ms max=999.65ms count=2
04-22 05:32:38.025  1043  1728 D EGL_emulation: app_time_stats: avg=1000.86ms min=1000.86ms max=1000.86ms count=1
04-22 05:32:40.023  1043  1728 D EGL_emulation: app_time_stats: avg=999.33ms min=999.22ms max=999.45ms count=2
04-22 05:32:42.023  1043  1728 D EGL_emulation: app_time_stats: avg=999.79ms min=999.59ms max=999.98ms count=2
04-22 05:32:43.027  1043  1728 D EGL_emulation: app_time_stats: avg=1003.88ms min=1003.88ms max=1003.88ms count=1
04-22 05:32:45.025  1043  1728 D EGL_emulation: app_time_stats: avg=998.77ms min=978.23ms max=1019.31ms count=2
04-22 05:32:47.026  1043  1728 D EGL_emulation: app_time_stats: avg=1000.43ms min=981.66ms max=1019.21ms count=2
04-22 05:32:49.026  1043  1728 D EGL_emulation: app_time_stats: avg=1000.11ms min=998.10ms max=1002.11ms count=2
04-22 05:32:50.212 23899 23899 D AndroidRuntime: >>>>>> START com.android.internal.os.RuntimeInit uid 2000 <<<<<<
04-22 05:32:50.216 23899 23899 I AndroidRuntime: Using default boot image
04-22 05:32:50.216 23899 23899 I AndroidRuntime: Leaving lock profiling enabled
04-22 05:32:50.218 23899 23899 I app_process: Core platform API reporting enabled, enforcing=false
04-22 05:32:50.218 23899 23899 I app_process: Using CollectorTypeCC GC.
04-22 05:32:50.278 23899 23899 D app_process: Time zone APEX ICU file found: /apex/com.android.tzdata/etc/icu/icu_tzdata.dat
04-22 05:32:50.278 23899 23899 D app_process: I18n APEX ICU file found: /apex/com.android.i18n/etc/icu/icudt70l.dat
04-22 05:32:50.295 23899 23899 D AndroidRuntime: Calling main entry com.android.commands.monkey.Monkey
04-22 05:32:50.295 23899 23899 W Monkey  : args: [-p, com.impos2.mixcretailassemblyrn84, -c, android.intent.category.LAUNCHER, 1]
04-22 05:32:50.296 23899 23899 W Monkey  :  arg: "-p"
04-22 05:32:50.296 23899 23899 W Monkey  :  arg: "com.impos2.mixcretailassemblyrn84"
04-22 05:32:50.296 23899 23899 W Monkey  :  arg: "-c"
04-22 05:32:50.296 23899 23899 W Monkey  :  arg: "android.intent.category.LAUNCHER"
04-22 05:32:50.296 23899 23899 W Monkey  :  arg: "1"
04-22 05:32:50.296 23899 23899 W Monkey  : data="com.impos2.mixcretailassemblyrn84"
04-22 05:32:50.296 23899 23899 W Monkey  : data="android.intent.category.LAUNCHER"
04-22 05:32:50.302   519   549 W BroadcastQueue: Skipping deliver [background] BroadcastRecord{144318c u-1 android.net.conn.CONNECTIVITY_CHANGE} to ReceiverList{f69f0d5 23899 (unknown name)/2000/u-1 remote:6e614de}: process gone or crashing
04-22 05:32:50.306   519  4852 D CompatibilityChangeReporter: Compat change id reported: 161252188; UID 10175; state: DISABLED
04-22 05:32:50.306   519  4852 I ActivityTaskManager: START u0 {act=android.intent.action.MAIN cat=[android.intent.category.LAUNCHER] flg=0x10200000 cmp=com.impos2.mixcretailassemblyrn84/.MainActivity} from uid 2000
04-22 05:32:50.307   519  4852 D CompatibilityChangeReporter: Compat change id reported: 265464455; UID 10175; state: DISABLED
04-22 05:32:50.307   519  4852 D CompatibilityChangeReporter: Compat change id reported: 265452344; UID 10175; state: DISABLED
04-22 05:32:50.307   519  4852 D CompatibilityChangeReporter: Compat change id reported: 266124927; UID 10175; state: DISABLED
04-22 05:32:50.307   519  4852 D CompatibilityChangeReporter: Compat change id reported: 265451093; UID 10175; state: DISABLED
04-22 05:32:50.307   519  4852 D CompatibilityChangeReporter: Compat change id reported: 265456536; UID 10175; state: DISABLED
04-22 05:32:50.307   519  4852 D CompatibilityChangeReporter: Compat change id reported: 255940284; UID 10175; state: DISABLED
04-22 05:32:50.307   519  4852 D CompatibilityChangeReporter: Compat change id reported: 236283604; UID 10175; state: DISABLED
04-22 05:32:50.307   519  4852 D CompatibilityChangeReporter: Compat change id reported: 263959004; UID 10175; state: DISABLED
04-22 05:32:50.307   519  4852 D CompatibilityChangeReporter: Compat change id reported: 264304459; UID 10175; state: DISABLED
04-22 05:32:50.307   519  4852 D CompatibilityChangeReporter: Compat change id reported: 264301586; UID 10175; state: DISABLED
04-22 05:32:50.307   519  4852 D CompatibilityChangeReporter: Compat change id reported: 254631730; UID 10175; state: DISABLED
04-22 05:32:50.307   519  4852 D CompatibilityChangeReporter: Compat change id reported: 273509367; UID 10175; state: DISABLED
04-22 05:32:50.307   519  4852 D CompatibilityChangeReporter: Compat change id reported: 263259275; UID 10175; state: DISABLED
04-22 05:32:50.308   519  4852 D CompatibilityChangeReporter: Compat change id reported: 194480991; UID 10175; state: ENABLED
04-22 05:32:50.308   519  4852 D CompatibilityChangeReporter: Compat change id reported: 174042980; UID 10175; state: DISABLED
04-22 05:32:50.310   519  4852 D CompatibilityChangeReporter: Compat change id reported: 184838306; UID 10175; state: DISABLED
04-22 05:32:50.310   519  4852 D CompatibilityChangeReporter: Compat change id reported: 185004937; UID 10175; state: DISABLED
04-22 05:32:50.310   519  4852 D CompatibilityChangeReporter: Compat change id reported: 181136395; UID 10175; state: DISABLED
04-22 05:32:50.310   519  4852 D CompatibilityChangeReporter: Compat change id reported: 174042936; UID 10175; state: DISABLED
04-22 05:32:50.311   519  4852 D CompatibilityChangeReporter: Compat change id reported: 205907456; UID 10175; state: ENABLED
04-22 05:32:50.313   519  4852 D CompatibilityChangeReporter: Compat change id reported: 194833441; UID 10175; state: ENABLED
04-22 05:32:50.314   519   541 D CompatibilityChangeReporter: Compat change id reported: 135634846; UID 10175; state: DISABLED
04-22 05:32:50.314   519   541 D CompatibilityChangeReporter: Compat change id reported: 177438394; UID 10175; state: DISABLED
04-22 05:32:50.314   519   541 D CompatibilityChangeReporter: Compat change id reported: 135772972; UID 10175; state: DISABLED
04-22 05:32:50.314   519   541 D CompatibilityChangeReporter: Compat change id reported: 135754954; UID 10175; state: ENABLED
04-22 05:32:50.314   519   550 D CompatibilityChangeReporter: Compat change id reported: 143937733; UID 10175; state: ENABLED
04-22 05:32:50.314   728   946 D SplashScreenView: Build android.window.SplashScreenView{c22cf9d V.E...... ......ID 0,0-0,0}
04-22 05:32:50.314   728   946 D SplashScreenView: Icon: view: android.widget.ImageView{6826c12 V.ED..... ......I. 0,0-0,0 #10204dd android:id/splashscreen_icon_view} drawable: com.android.wm.shell.startingsurface.SplashscreenIconDrawableFactory$ImmobileIconDrawable@a61afe3 size: 384
04-22 05:32:50.314   728   946 D SplashScreenView: Branding: view: android.view.View{bc13de0 G.ED..... ......I. 0,0-0,0 #10204dc android:id/splashscreen_branding_view} drawable: null size w: 0 h: 0
04-22 05:32:50.315 23899 23899 I Monkey  : Events injected: 1
04-22 05:32:50.315   728   955 W Parcel  : Expecting binder but got null!
04-22 05:32:50.317  1043  1043 D MainContentCaptureSession: Flushing 1 event(s) for act:com.google.android.apps.nexuslauncher/.NexusLauncherActivity [state=2 (ACTIVE), disabled=false], reason=FULL
04-22 05:32:50.320 23899 23899 I Monkey  : ## Network stats: elapsed time=13ms (0ms mobile, 0ms wifi, 13ms not connected)
04-22 05:32:50.320 23899 23899 I app_process: System.exit called, status: 0
04-22 05:32:50.320 23899 23899 I AndroidRuntime: VM exiting with result code 0.
04-22 05:32:50.321   519  4852 D CoreBackPreview: Window{7ed2624 u0 Splash Screen com.impos2.mixcretailassemblyrn84}: Setting back callback OnBackInvokedCallbackInfo{mCallback=android.window.IOnBackInvokedCallback$Stub$Proxy@7da6342, mPriority=0}
04-22 05:32:50.325   728   955 E OpenGLRenderer: Unable to match the desired swap behavior.
04-22 05:32:50.329   294   294 D Zygote  : Forked child process 23916
04-22 05:32:50.329   519   550 I ActivityManager: Start proc 23916:com.impos2.mixcretailassemblyrn84/u0a175 for next-top-activity {com.impos2.mixcretailassemblyrn84/com.impos2.mixcretailassemblyrn84.MainActivity}
04-22 05:32:50.338 23916 23916 I ailassemblyrn84: Using CollectorTypeCC GC.
04-22 05:32:50.338  1043  1043 D b/260135164: updateIconAlphaForHome - setIconsAlpha(0), isTaskbarPresent: true
04-22 05:32:50.342  1043  1728 D EGL_emulation: app_time_stats: avg=7555.11ms min=1.42ms max=135922.00ms count=18
04-22 05:32:50.344   382   431 I adbd    : jdwp connection from 23916
04-22 05:32:50.346  1043  1728 D EGL_emulation: app_time_stats: avg=659.60ms min=339.48ms max=979.73ms count=2
04-22 05:32:50.352 23916 23916 D CompatibilityChangeReporter: Compat change id reported: 171979766; UID 10175; state: ENABLED
04-22 05:32:50.353  1043  1043 D b/260135164: updateIconAlphaForHome - setIconsAlpha(0), isTaskbarPresent: true
04-22 05:32:50.358 23916 23916 D nativeloader: Configuring classloader-namespace for other apk /data/app/~~wh3it5ii-oku7gh1MHYElA==/com.impos2.mixcretailassemblyrn84-pWx1YJd1fLAFIA006It7Jw==/base.apk. target_sdk_version=36, uses_libraries=, library_path=/data/app/~~wh3it5ii-oku7gh1MHYElA==/com.impos2.mixcretailassemblyrn84-pWx1YJd1fLAFIA006It7Jw==/lib/arm64:/data/app/~~wh3it5ii-oku7gh1MHYElA==/com.impos2.mixcretailassemblyrn84-pWx1YJd1fLAFIA006It7Jw==/base.apk!/lib/arm64-v8a, permitted_path=/data:/mnt/expand:/data/user/0/com.impos2.mixcretailassemblyrn84
04-22 05:32:50.369   335   435 W TransactionTracing: Could not find layer id -1
04-22 05:32:50.369   335   435 W TransactionTracing: Could not find layer id -1
04-22 05:32:50.370  1043  1043 D b/260135164: updateIconAlphaForHome - setIconsAlpha(0), isTaskbarPresent: true
04-22 05:32:50.389  1043  1043 D b/260135164: updateIconAlphaForHome - setIconsAlpha(0), isTaskbarPresent: true
04-22 05:32:50.393 23916 23916 V GraphicsEnvironment: ANGLE Developer option for 'com.impos2.mixcretailassemblyrn84' set to: 'default'
04-22 05:32:50.394 23916 23916 V GraphicsEnvironment: ANGLE GameManagerService for com.impos2.mixcretailassemblyrn84: false
04-22 05:32:50.394 23916 23916 V GraphicsEnvironment: Neither updatable production driver nor prerelease driver is supported.
04-22 05:32:50.394 23916 23916 D NetworkSecurityConfig: Using Network Security Config from resource network_security_config debugBuild: false
04-22 05:32:50.395 23916 23916 D NetworkSecurityConfig: Using Network Security Config from resource network_security_config debugBuild: false
04-22 05:32:50.401 23916 23916 W SoLoader: Initializing SoLoader: 0
04-22 05:32:50.401 23916 23916 W SoLoader: Recording new base apk path: /data/app/~~wh3it5ii-oku7gh1MHYElA==/com.impos2.mixcretailassemblyrn84-pWx1YJd1fLAFIA006It7Jw==/base.apk
04-22 05:32:50.401 23916 23916 W SoLoader: Previously recorded 0 base apk paths.
04-22 05:32:50.401 23916 23916 I SoLoader: Preparing SO source: DirectorySoSource[root = /vendor/lib64 flags = 2]
04-22 05:32:50.401 23916 23916 I SoLoader: Preparing SO source: DirectorySoSource[root = /system/lib64 flags = 2]
04-22 05:32:50.401 23916 23916 I SoLoader: Preparing SO source: DirectApkSoSource[root = [/data/app/~~wh3it5ii-oku7gh1MHYElA==/com.impos2.mixcretailassemblyrn84-pWx1YJd1fLAFIA006It7Jw==/base.apk!/lib/arm64-v8a]]
04-22 05:32:50.402 23916 23916 I SoLoader: Preparing SO source: ApplicationSoSource[DirectorySoSource[root = /data/app/~~wh3it5ii-oku7gh1MHYElA==/com.impos2.mixcretailassemblyrn84-pWx1YJd1fLAFIA006It7Jw==/lib/arm64 flags = 0]]
04-22 05:32:50.402 23916 23916 I SoLoader: init finish: 4 SO sources prepared
04-22 05:32:50.402 23916 23916 W SoLoader: SoLoader initialized: 8
04-22 05:32:50.403  1043  1043 D b/260135164: updateIconAlphaForHome - setIconsAlpha(0), isTaskbarPresent: true
04-22 05:32:50.410 23916 23916 D jni_lib_merge: Entering merged library JNI_OnLoad.
04-22 05:32:50.410 23916 23916 D jni_lib_merge: Preparing 12 pre-merged libs (including stub)
04-22 05:32:50.410 23916 23916 D jni_lib_merge: Preparing to register libfabricjni_so.  onload_func: 0x735b7ada50
04-22 05:32:50.410 23916 23916 D jni_lib_merge: Preparing to register libreact_devsupportjni_so.  onload_func: 0x735b87136c
04-22 05:32:50.410 23916 23916 D jni_lib_merge: Preparing to register libreact_featureflagsjni_so.  onload_func: 0x735b88bba8
04-22 05:32:50.410 23916 23916 D jni_lib_merge: Preparing to register libreact_newarchdefaults_so.  onload_func: 0x735b8c9d74
04-22 05:32:50.410 23916 23916 D jni_lib_merge: Preparing to register libreactnativeblob_so.  onload_func: 0x735b96aa4c
04-22 05:32:50.410 23916 23916 D jni_lib_merge: Preparing to register libreactnativejni_so.  onload_func: 0x735b97f9e4
04-22 05:32:50.410 23916 23916 D jni_lib_merge: Preparing to register libreactnativejni_common_so.  onload_func: 0x735b982be0
04-22 05:32:50.410 23916 23916 D jni_lib_merge: Preparing to register librninstance_so.  onload_func: 0x735b99f778
04-22 05:32:50.410 23916 23916 D jni_lib_merge: Preparing to register libturbomodulejsijni_so.  onload_func: 0x735ba490e0
04-22 05:32:50.410 23916 23916 D jni_lib_merge: Preparing to register libuimanagerjni_so.  onload_func: 0x735ba4fb00
04-22 05:32:50.410 23916 23916 D jni_lib_merge: Preparing to register libyoga_so.  onload_func: 0x735ba570c4
04-22 05:32:50.410 23916 23916 D jni_lib_merge: About to register 11 actual methods.
04-22 05:32:50.411 23916 23916 D jni_lib_merge: Entering merged library JNI_OnLoad.
04-22 05:32:50.411 23916 23916 D jni_lib_merge: Preparing 12 pre-merged libs (including stub)
04-22 05:32:50.411 23916 23916 D jni_lib_merge: Preparing to register libfabricjni_so.  onload_func: 0x735b7ada50
04-22 05:32:50.411 23916 23916 D jni_lib_merge: Preparing to register libreact_devsupportjni_so.  onload_func: 0x735b87136c
04-22 05:32:50.411 23916 23916 D jni_lib_merge: Preparing to register libreact_featureflagsjni_so.  onload_func: 0x735b88bba8
04-22 05:32:50.411 23916 23916 D jni_lib_merge: Preparing to register libreact_newarchdefaults_so.  onload_func: 0x735b8c9d74
04-22 05:32:50.411 23916 23916 D jni_lib_merge: Preparing to register libreactnativeblob_so.  onload_func: 0x735b96aa4c
04-22 05:32:50.411 23916 23916 D jni_lib_merge: Preparing to register libreactnativejni_so.  onload_func: 0x735b97f9e4
04-22 05:32:50.411 23916 23916 D jni_lib_merge: Preparing to register libreactnativejni_common_so.  onload_func: 0x735b982be0
04-22 05:32:50.411 23916 23916 D jni_lib_merge: Preparing to register librninstance_so.  onload_func: 0x735b99f778
04-22 05:32:50.411 23916 23916 D jni_lib_merge: Preparing to register libturbomodulejsijni_so.  onload_func: 0x735ba490e0
04-22 05:32:50.411 23916 23916 D jni_lib_merge: Preparing to register libuimanagerjni_so.  onload_func: 0x735ba4fb00
04-22 05:32:50.411 23916 23916 D jni_lib_merge: Preparing to register libyoga_so.  onload_func: 0x735ba570c4
04-22 05:32:50.411 23916 23916 D jni_lib_merge: About to register 11 actual methods.
04-22 05:32:50.416 23916 23935 D libEGL  : loaded /vendor/lib64/egl/libEGL_emulation.so
04-22 05:32:50.416 23916 23916 D AppCompatDelegate: Checking for metadata for AppLocalesMetadataHolderService : Service not found
04-22 05:32:50.417 23916 23935 D libEGL  : loaded /vendor/lib64/egl/libGLESv1_CM_emulation.so
04-22 05:32:50.418 23916 23935 D libEGL  : loaded /vendor/lib64/egl/libGLESv2_emulation.so
04-22 05:32:50.419  1043  1043 D b/260135164: updateIconAlphaForHome - setIconsAlpha(0), isTaskbarPresent: true
04-22 05:32:50.428 23916 23916 I StartupAudit: activity_created activity=MainActivity displayIndex=0 pid=23916 time=2026-04-22 05:32:50.428
04-22 05:32:50.435 23916 23916 D jni_lib_merge: Entering merged library JNI_OnLoad.
04-22 05:32:50.435 23916 23916 D jni_lib_merge: Preparing 4 pre-merged libs (including stub)
04-22 05:32:50.435 23916 23916 D jni_lib_merge: Preparing to register libhermes_executor_so.  onload_func: 0x735eb64728
04-22 05:32:50.435 23916 23916 D jni_lib_merge: Preparing to register libhermesinstancejni_so.  onload_func: 0x735eb6bd44
04-22 05:32:50.435 23916 23916 D jni_lib_merge: Preparing to register libjsijniprofiler_so.  onload_func: 0x735eb6c530
04-22 05:32:50.435 23916 23916 D jni_lib_merge: About to register 3 actual methods.
04-22 05:32:50.436  1043  1043 D b/260135164: updateIconAlphaForHome - setIconsAlpha(0), isTaskbarPresent: true
04-22 05:32:50.438 23916 23916 I HotUpdateBundleResolver: no_active_marker isPrimaryProcess=true pid=23916
04-22 05:32:50.438 23916 23916 I MainApplication: getJSBundleFile process=com.impos2.mixcretailassemblyrn84 isPrimaryProcess=true resolvedBundle=null fallbackBundle=null selectedBundle=null
04-22 05:32:50.442 23916 23916 W unknown:BridgelessReact: ReactHost{0}.startSurface(surfaceId = 0): Schedule
04-22 05:32:50.442 23916 23916 W unknown:BridgelessReact: ReactHost{0}.attachSurface(surfaceId = 0)
04-22 05:32:50.442 23916 23940 W unknown:BridgelessReact: ReactHost{0}.getOrCreateReactInstanceTask()
04-22 05:32:50.442 23916 23940 W unknown:BridgelessReact: ReactHost{0}.getOrCreateReactInstanceTask(): Start
04-22 05:32:50.442 23916 23940 W unknown:BridgelessReact: ReactHost{0}.getJSBundleLoader()
04-22 05:32:50.443 23916 23940 W unknown:BridgelessReact: ReactHost{0}.getOrCreateReactInstanceTask(): Creating BridgelessReactContext
04-22 05:32:50.443 23916 23940 W unknown:BridgelessReact: ReactHost{0}.getOrCreateReactInstanceTask(): Creating ReactInstance
04-22 05:32:50.444   519  4605 D CompatibilityChangeReporter: Compat change id reported: 161145287; UID 10175; state: DISABLED
04-22 05:32:50.445 23916 23916 W unknown:BridgelessReact: ReactHost{0}.onHostResume(activity)
04-22 05:32:50.446 23916 23916 W unknown:BridgelessReact: ReactHost{0}.ReactContext.onHostResume()
04-22 05:32:50.447 23916 23916 D CompatibilityChangeReporter: Compat change id reported: 237531167; UID 10175; state: DISABLED
04-22 05:32:50.453   335   435 W TransactionTracing: Could not find layer id -1
04-22 05:32:50.453   335   435 W TransactionTracing: Could not find layer id -1
04-22 05:32:50.454  1043  1043 D b/260135164: updateIconAlphaForHome - setIconsAlpha(0), isTaskbarPresent: true
04-22 05:32:50.459 23916 23940 W unknown:BridgelessReact: ReactHost{0}.getOrCreateReactInstanceTask(): Loading JS Bundle
04-22 05:32:50.459 23916 23940 W unknown:BridgelessReact: ReactHost{0}.getOrCreateReactInstanceTask(): DevSupportManager.onNewReactContextCreated()
04-22 05:32:50.460 23916 23940 W unknown:BridgelessReact: ReactHost{0}.startSurface(surfaceId = 0): Execute
04-22 05:32:50.463 23916 23941 I ReactNativeJS: Running "MixcRetailAssemblyRN84"
04-22 05:32:50.463 23916 23933 W Parcel  : Expecting binder but got null!
04-22 05:32:50.465 23916 23941 W unknown:ViewManagerPropertyUpdater: Could not find generated setter for class com.horcrux.svg.RenderableViewManager$DefsViewManager
04-22 05:32:50.466 23916 23941 W unknown:ViewManagerPropertyUpdater: Could not find generated setter for class com.horcrux.svg.VirtualViewManager$c
04-22 05:32:50.466   519  4605 D CoreBackPreview: Window{ca47db5 u0 com.impos2.mixcretailassemblyrn84/com.impos2.mixcretailassemblyrn84.MainActivity}: Setting back callback OnBackInvokedCallbackInfo{mCallback=android.window.IOnBackInvokedCallback$Stub$Proxy@d7c87bb, mPriority=0}
04-22 05:32:50.467 23916 23941 W unknown:ViewManagerPropertyUpdater: Could not find generated setter for class com.horcrux.svg.RenderableViewManager$FeMergeManager
04-22 05:32:50.469 23916 23941 W unknown:ViewManagerPropertyUpdater: Could not find generated setter for class com.facebook.react.views.safeareaview.ReactSafeAreaViewManager
04-22 05:32:50.469 23916 23941 W unknown:ViewManagerPropertyUpdater: Could not find generated setter for class com.facebook.react.uimanager.V
04-22 05:32:50.471  1043  1043 D b/260135164: updateIconAlphaForHome - setIconsAlpha(0), isTaskbarPresent: true
04-22 05:32:50.475 23916 23933 D HostConnection: HostComposition ext ANDROID_EMU_CHECKSUM_HELPER_v1 ANDROID_EMU_native_sync_v2 ANDROID_EMU_native_sync_v3 ANDROID_EMU_native_sync_v4 ANDROID_EMU_dma_v1 ANDROID_EMU_direct_mem ANDROID_EMU_host_composition_v1 ANDROID_EMU_host_composition_v2 ANDROID_EMU_vulkan ANDROID_EMU_deferred_vulkan_commands ANDROID_EMU_vulkan_null_optional_strings ANDROID_EMU_vulkan_create_resources_with_requirements ANDROID_EMU_YUV_Cache ANDROID_EMU_vulkan_ignored_handles ANDROID_EMU_has_shared_slots_host_memory_allocator ANDROID_EMU_vulkan_free_memory_sync ANDROID_EMU_vulkan_shader_float16_int8 ANDROID_EMU_vulkan_async_queue_submit ANDROID_EMU_vulkan_queue_submit_with_commands ANDROID_EMU_sync_buffer_data ANDROID_EMU_vulkan_async_qsri ANDROID_EMU_read_color_buffer_dma ANDROID_EMU_hwc_multi_configs ANDROID_EMU_hwc_color_transform GL_OES_EGL_image_external_essl3 GL_OES_vertex_array_object ANDROID_EMU_host_side_tracing ANDROID_EMU_gles_max_version_3_0 
04-22 05:32:50.476 23916 23941 W unknown:ViewManagerPropertyUpdater: Could not find generated setter for class com.horcrux.svg.RenderableViewManager$LinearGradientManager
04-22 05:32:50.476 23916 23933 W OpenGLRenderer: Failed to choose config with EGL_SWAP_BEHAVIOR_PRESERVED, retrying without...
04-22 05:32:50.476 23916 23933 W OpenGLRenderer: Failed to initialize 101010-2 format, error = EGL_SUCCESS
04-22 05:32:50.477 23916 23941 W unknown:ViewManagerPropertyUpdater: Could not find generated setter for class com.horcrux.svg.RenderableViewManager$FeGaussianBlurManager
04-22 05:32:50.477 23916 23933 D EGL_emulation: eglCreateContext: 0xb400007465969450: maj 3 min 0 rcv 3
04-22 05:32:50.478 23916 23941 W unknown:ViewManagerPropertyUpdater: Could not find generated setter for class com.facebook.react.views.progressbar.ReactProgressBarViewManager
04-22 05:32:50.478 23916 23941 W unknown:ViewManagerPropertyUpdater: Could not find generated setter for class com.facebook.react.views.progressbar.b
04-22 05:32:50.478 23916 23933 D EGL_emulation: eglMakeCurrent: 0xb400007465969450: ver 3 0 (tinfo 0x7682666080) (first time)
04-22 05:32:50.478 23916 23941 W unknown:ViewManagerPropertyUpdater: Could not find generated setter for class com.facebook.react.views.scroll.ReactHorizontalScrollViewManager
04-22 05:32:50.479 23916 23941 W unknown:ViewManagerPropertyUpdater: Could not find generated setter for class com.facebook.react.views.text.ReactTextViewManager
04-22 05:32:50.480 23916 23941 W unknown:ViewManagerPropertyUpdater: Could not find generated setter for class com.facebook.react.views.text.j
04-22 05:32:50.480 23916 23941 W unknown:ViewManagerPropertyUpdater: Could not find generated setter for class com.horcrux.svg.RenderableViewManager$FeColorMatrixManager
04-22 05:32:50.481 23916 23941 W unknown:ViewManagerPropertyUpdater: Could not find generated setter for class com.facebook.react.views.scroll.ReactHorizontalScrollContainerViewManager
04-22 05:32:50.482 23916 23941 W unknown:ViewManagerPropertyUpdater: Could not find generated setter for class com.horcrux.svg.RenderableViewManager$ClipPathViewManager
04-22 05:32:50.483 23916 23941 W unknown:ViewManagerPropertyUpdater: Could not find generated setter for class com.horcrux.svg.RenderableViewManager$SymbolManager
04-22 05:32:50.483 23916 23941 W unknown:ViewManagerPropertyUpdater: Could not find generated setter for class com.horcrux.svg.RenderableViewManager$PatternManager
04-22 05:32:50.484 23916 23941 W unknown:ViewManagerPropertyUpdater: Could not find generated setter for class com.horcrux.svg.RenderableViewManager$FeBlendManager
04-22 05:32:50.484 23916 23941 W unknown:ViewManagerPropertyUpdater: Could not find generated setter for class com.facebook.react.views.view.ReactViewManager
04-22 05:32:50.485 23916 23941 W unknown:ViewManagerPropertyUpdater: Could not find generated setter for class com.horcrux.svg.SvgViewManager
04-22 05:32:50.485 23916 23941 W unknown:ViewManagerPropertyUpdater: Could not find generated setter for class com.facebook.react.views.switchview.ReactSwitchManager
04-22 05:32:50.486   335   435 W TransactionTracing: Could not find layer handle 0xb400006eb98b5f50
04-22 05:32:50.486   335   435 W TransactionTracing: Could not find layer handle 0xb400006eb98b4b10
04-22 05:32:50.486  1043  1043 D b/260135164: updateIconAlphaForHome - setIconsAlpha(0), isTaskbarPresent: true
04-22 05:32:50.488 23916 23941 W unknown:ViewManagerPropertyUpdater: Could not find generated setter for class com.facebook.react.views.switchview.d
04-22 05:32:50.488 23916 23941 W unknown:ViewManagerPropertyUpdater: Could not find generated setter for class com.horcrux.svg.RenderableViewManager$UseViewManager
04-22 05:32:50.489 23916 23941 W unknown:ViewManagerPropertyUpdater: Could not find generated setter for class com.horcrux.svg.RenderableViewManager$CircleViewManager
04-22 05:32:50.490 23916 23941 W unknown:ViewManagerPropertyUpdater: Could not find generated setter for class com.horcrux.svg.RenderableViewManager$TSpanViewManager
04-22 05:32:50.491   149   149 I hwservicemanager: getTransport: Cannot find entry android.hardware.graphics.mapper@4.0::IMapper/default in either framework or device VINTF manifest.
04-22 05:32:50.491 23916 23933 I Gralloc4: mapper 4.x is not supported
04-22 05:32:50.492   728   955 D EGL_emulation: app_time_stats: avg=50466.96ms min=50466.96ms max=50466.96ms count=1
04-22 05:32:50.493 23916 23941 W unknown:ViewManagerPropertyUpdater: Could not find generated setter for class com.horcrux.svg.RenderableViewManager$FilterManager
04-22 05:32:50.493 23916 23941 W unknown:ViewManagerPropertyUpdater: Could not find generated setter for class com.horcrux.svg.RenderableViewManager$MarkerManager
04-22 05:32:50.494   149   149 I hwservicemanager: getTransport: Cannot find entry android.hardware.graphics.allocator@4.0::IAllocator/default in either framework or device VINTF manifest.
04-22 05:32:50.494 23916 23941 W unknown:ViewManagerPropertyUpdater: Could not find generated setter for class com.facebook.react.views.modal.ReactModalHostManager
04-22 05:32:50.494   148   148 I servicemanager: Could not find android.hardware.graphics.allocator.IAllocator/default in the VINTF manifest.
04-22 05:32:50.494 23916 23933 W Gralloc4: allocator 4.x is not supported
04-22 05:32:50.495 23916 23941 W unknown:ViewManagerPropertyUpdater: Could not find generated setter for class com.horcrux.svg.RenderableViewManager$ForeignObjectManager
04-22 05:32:50.495 23916 23941 W unknown:ViewManagerPropertyUpdater: Could not find generated setter for class com.horcrux.svg.RenderableViewManager$EllipseViewManager
04-22 05:32:50.496 23916 23941 W unknown:ViewManagerPropertyUpdater: Could not find generated setter for class com.horcrux.svg.RenderableViewManager$LineViewManager
04-22 05:32:50.496 23916 23941 W unknown:ViewManagerPropertyUpdater: Could not find generated setter for class com.facebook.react.views.text.frescosupport.FrescoBasedReactTextInlineImageViewManager
04-22 05:32:50.497 23916 23941 W unknown:ViewManagerPropertyUpdater: Could not find generated setter for class com.facebook.react.views.text.frescosupport.a
04-22 05:32:50.497 23916 23941 W unknown:ViewManagerPropertyUpdater: Could not find generated setter for class com.horcrux.svg.RenderableViewManager$FeFloodManager
04-22 05:32:50.498 23916 23941 W unknown:ViewManagerPropertyUpdater: Could not find generated setter for class com.horcrux.svg.RenderableViewManager$GroupViewManager
04-22 05:32:50.498 23916 23941 W unknown:ViewManagerPropertyUpdater: Could not find generated setter for class com.horcrux.svg.RenderableViewManager$TextViewManager
04-22 05:32:50.499 23916 23941 W unknown:ViewManagerPropertyUpdater: Could not find generated setter for class com.horcrux.svg.RenderableViewManager$ImageViewManager
04-22 05:32:50.499 23916 23941 W unknown:ViewManagerPropertyUpdater: Could not find generated setter for class com.horcrux.svg.RenderableViewManager$FeCompositeManager
04-22 05:32:50.500 23916 23941 W unknown:ViewManagerPropertyUpdater: Could not find generated setter for class com.facebook.react.views.image.ReactImageManager
04-22 05:32:50.500 23916 23941 W unknown:ViewManagerPropertyUpdater: Could not find generated setter for class com.horcrux.svg.RenderableViewManager$RadialGradientManager
04-22 05:32:50.501 23916 23933 D HostConnection: HostComposition ext ANDROID_EMU_CHECKSUM_HELPER_v1 ANDROID_EMU_native_sync_v2 ANDROID_EMU_native_sync_v3 ANDROID_EMU_native_sync_v4 ANDROID_EMU_dma_v1 ANDROID_EMU_direct_mem ANDROID_EMU_host_composition_v1 ANDROID_EMU_host_composition_v2 ANDROID_EMU_vulkan ANDROID_EMU_deferred_vulkan_commands ANDROID_EMU_vulkan_null_optional_strings ANDROID_EMU_vulkan_create_resources_with_requirements ANDROID_EMU_YUV_Cache ANDROID_EMU_vulkan_ignored_handles ANDROID_EMU_has_shared_slots_host_memory_allocator ANDROID_EMU_vulkan_free_memory_sync ANDROID_EMU_vulkan_shader_float16_int8 ANDROID_EMU_vulkan_async_queue_submit ANDROID_EMU_vulkan_queue_submit_with_commands ANDROID_EMU_sync_buffer_data ANDROID_EMU_vulkan_async_qsri ANDROID_EMU_read_color_buffer_dma ANDROID_EMU_hwc_multi_configs ANDROID_EMU_hwc_color_transform GL_OES_EGL_image_external_essl3 GL_OES_vertex_array_object ANDROID_EMU_host_side_tracing ANDROID_EMU_gles_max_version_3_0 
04-22 05:32:50.501 23916 23941 W unknown:ViewManagerPropertyUpdater: Could not find generated setter for class com.horcrux.svg.RenderableViewManager$MaskManager
04-22 05:32:50.502 23916 23933 E OpenGLRenderer: Unable to match the desired swap behavior.
04-22 05:32:50.502 23916 23941 W unknown:ViewManagerPropertyUpdater: Could not find generated setter for class com.facebook.react.views.unimplementedview.ReactUnimplementedViewManager
04-22 05:32:50.503  1043  1043 D b/260135164: updateIconAlphaForHome - setIconsAlpha(0), isTaskbarPresent: true
04-22 05:32:50.504 23916 23941 W unknown:ViewManagerPropertyUpdater: Could not find generated setter for class com.horcrux.svg.RenderableViewManager$RectViewManager
04-22 05:32:50.505 23916 23941 W unknown:ViewManagerPropertyUpdater: Could not find generated setter for class com.horcrux.svg.RenderableViewManager$TextPathViewManager
04-22 05:32:50.506 23916 23941 W unknown:ViewManagerPropertyUpdater: Could not find generated setter for class com.facebook.react.views.scroll.ReactScrollViewManager
04-22 05:32:50.507 23916 23941 W unknown:ViewManagerPropertyUpdater: Could not find generated setter for class com.horcrux.svg.RenderableViewManager$FeOffsetManager
04-22 05:32:50.508 23916 23941 W unknown:ViewManagerPropertyUpdater: Could not find generated setter for class com.horcrux.svg.RenderableViewManager$PathViewManager
