04-22 05:27:23.836   728   955 D EGL_emulation: app_time_stats: avg=23781.92ms min=23781.92ms max=23781.92ms count=1
04-22 05:27:42.906   519   647 E WifiScoringParams: Invalid frequency(-1), using 5G as default rssi array
04-22 05:27:46.703   519  1699 D WifiNl80211Manager: Scan result ready event
04-22 05:27:46.703   519  1699 D WifiNative: Scan result ready event
04-22 05:27:48.913  1921  2222 W A       : v2 eligibility check failed
04-22 05:27:48.913  1921  2222 W A       : com.google.android.libraries.search.r.a.b: com.google.frameworks.client.data.android.ac: Http networking stack error
04-22 05:27:48.913  1921  2222 W A       : 	at com.google.android.libraries.search.r.a.f.apply(PG:3)
04-22 05:27:48.913  1921  2222 W A       : 	at com.google.apps.tiktok.tracing.ew.apply(PG:3)
04-22 05:27:48.913  1921  2222 W A       : 	at com.google.common.w.a.a.e(PG:2)
04-22 05:27:48.913  1921  2222 W A       : 	at com.google.common.w.a.c.run(PG:11)
04-22 05:27:48.913  1921  2222 W A       : 	at com.google.android.libraries.i.z.run(PG:1)
04-22 05:27:48.913  1921  2222 W A       : 	at java.util.concurrent.ThreadPoolExecutor.runWorker(ThreadPoolExecutor.java:1137)
04-22 05:27:48.913  1921  2222 W A       : 	at java.util.concurrent.ThreadPoolExecutor$Worker.run(ThreadPoolExecutor.java:637)
04-22 05:27:48.913  1921  2222 W A       : 	at com.google.android.libraries.i.h.run(PG:2)
04-22 05:27:48.913  1921  2222 W A       : 	at java.lang.Thread.run(Thread.java:1012)
04-22 05:27:48.913  1921  2222 W A       : 	at com.google.android.libraries.i.ai.run(PG:5)
04-22 05:27:48.913  1921  2222 W A       : Caused by: com.google.frameworks.client.data.android.ac: Http networking stack error
04-22 05:27:48.913  1921  2222 W A       : 	at com.google.frameworks.client.data.android.y.run(PG:7)
04-22 05:27:48.913  1921  2222 W A       : 	... 6 more
04-22 05:27:48.913  1921  2222 W A       : Caused by: iq: Exception in CronetUrlRequest: net::ERR_CONNECTION_REFUSED, ErrorCode=7, InternalErrorCode=-102, Retryable=false
04-22 05:27:48.913  1921  2222 W A       : 	at org.chromium.net.impl.CronetUrlRequest.onError(:com.google.android.gms.dynamite_cronetdynamite@231818044@23.18.18 (190400-0):5)
04-22 05:27:59.958 23728 23822 D TrafficStats: tagSocket(102) with statsTag=0xffffffff, statsUid=-1
04-22 05:28:00.006  1598  1881 I AiAiEcho: Predicting[0]: 
04-22 05:28:00.006  1598  1881 I AiAiEcho: Ranked targets strategy: SORT, count: 0, ranking metadata: 
04-22 05:28:00.006  1598  1881 I AiAiEcho: #postPredictionTargets: Sending updates to UISurface lockscreen with targets# 0
04-22 05:28:00.006  1598  1881 I AiAiEcho: #postPredictionTargets: Sending updates to UISurface home with targets# 0
04-22 05:28:00.006  1598  1881 I AiAiEcho: #postPredictionTargets: Sending updates to UISurface media_data_manager with targets# 0
04-22 05:28:00.022   728   728 D SsMediaDataProvider: Forwarding Smartspace updates []
04-22 05:28:00.032   728   955 D EGL_emulation: app_time_stats: avg=36196.32ms min=36196.32ms max=36196.32ms count=1
04-22 05:28:01.563  1251 23661 D TrafficStats: tagSocket(82) with statsTag=0x20008100, statsUid=-1
04-22 05:28:03.852   728   955 D EGL_emulation: app_time_stats: avg=3819.64ms min=3819.64ms max=3819.64ms count=1
04-22 05:28:38.955   519   609 D ActivityManager: freezing 23299 com.google.android.webview:webview_service
04-22 05:28:43.888   728   955 D EGL_emulation: app_time_stats: avg=40035.80ms min=40035.80ms max=40035.80ms count=1
04-22 05:28:44.153   784 23842 D TrafficStats: tagSocket(61) with statsTag=0xffffff81, statsUid=-1
04-22 05:28:44.153   784 23843 D TrafficStats: tagSocket(5) with statsTag=0xffffff81, statsUid=-1
04-22 05:28:44.154   784 23843 D TrafficStats: tagSocket(5) with statsTag=0xffffff81, statsUid=-1
04-22 05:28:44.155   784 23842 D TrafficStats: tagSocket(68) with statsTag=0xffffff81, statsUid=-1
04-22 05:28:44.156   293 23844 I resolv  : ResNSendHandler::run: 0 / {100 983140 100 983140 1073 1}
04-22 05:28:44.156   293 23845 I resolv  : ResNSendHandler::run: 0 / {100 983140 100 983140 1073 1}
04-22 05:28:44.158   293 23846 I resolv  : ResNSendHandler::run: 0 / {100 983140 100 983140 1073 1}
04-22 05:28:44.158   293 23847 I resolv  : ResNSendHandler::run: 0 / {100 983140 100 983140 1073 1}
04-22 05:28:44.171   293 23845 I resolv  : res_nsend: used send_dg 60 terrno: 0
04-22 05:28:44.171   293 23846 I resolv  : res_nsend: used send_dg 48 terrno: 0
04-22 05:28:44.171   784   784 D TrafficStats: tagSocket(5) with statsTag=0xffffffff, statsUid=-1
04-22 05:28:44.171   784   784 D TrafficStats: tagSocket(5) with statsTag=0xffffffff, statsUid=-1
04-22 05:28:44.172   293 23847 I resolv  : res_nsend: used send_dg 63 terrno: 0
04-22 05:28:44.172   784 23842 D NetworkMonitor/100: PROBE_DNS www.google.com 18ms OK 104.244.42.197,2001::1
04-22 05:28:44.174   293 23848 I resolv  : GetAddrInfoHandler::run: {100 983140 100 983140 1073 1}
04-22 05:28:44.174   293 23849 I resolv  : res_nmkquery: (QUERY, IN, AAAA)
04-22 05:28:44.174   293 23849 I resolv  : resolv_cache_lookup: FOUND IN CACHE entry=0xb400007d7da78790
04-22 05:28:44.174   293 23849 I resolv  : doQuery: rcode=0, ancount=1, return value=60
04-22 05:28:44.175   293 23850 I resolv  : res_nmkquery: (QUERY, IN, A)
04-22 05:28:44.175   293 23850 I resolv  : resolv_cache_lookup: FOUND IN CACHE entry=0xb400007d6da7a5b0
04-22 05:28:44.175   293 23850 I resolv  : doQuery: rcode=0, ancount=1, return value=48
04-22 05:28:44.176   784 23842 D TrafficStats: tagSocket(5) with statsTag=0xffffff81, statsUid=-1
04-22 05:28:44.176   293 23844 I resolv  : res_nsend: used send_dg 117 terrno: 0
04-22 05:28:44.176   784   784 D TrafficStats: tagSocket(61) with statsTag=0xffffffff, statsUid=-1
04-22 05:28:44.178   784 23843 D NetworkMonitor/100: PROBE_DNS connectivitycheck.gstatic.com 24ms OK 114.250.65.34
04-22 05:28:44.178   293 23852 I resolv  : GetAddrInfoHandler::run: {100 983140 100 983140 1073 1}
04-22 05:28:44.178   293 23854 I resolv  : res_nmkquery: (QUERY, IN, A)
04-22 05:28:44.178   293 23854 I resolv  : resolv_cache_lookup: FOUND IN CACHE entry=0xb400007d8da748f0
04-22 05:28:44.178   293 23854 I resolv  : doQuery: rcode=0, ancount=1, return value=63
04-22 05:28:44.178   293 23853 I resolv  : res_nmkquery: (QUERY, IN, AAAA)
04-22 05:28:44.178   293 23853 I resolv  : resolv_cache_lookup: FOUND IN CACHE entry=0xb400007d9da7bad0
04-22 05:28:44.178   293 23853 I resolv  : doQuery: rcode=0, ancount=0, return value=117
04-22 05:28:44.179   784 23843 D TrafficStats: tagSocket(61) with statsTag=0xffffff81, statsUid=-1
04-22 05:28:44.311   784 23843 D NetworkMonitor/100: PROBE_HTTP http://connectivitycheck.gstatic.com/generate_204 time=133ms ret=204 request={Connection=[close], User-Agent=[Mozilla/5.0 (X11; Linux x86_64) AppleWebKit/537.36 (KHTML, like Gecko) Chrome/60.0.3112.32 Safari/537.36]} headers={null=[HTTP/1.1 204 No Content], Connection=[close], Content-Length=[0], Cross-Origin-Resource-Policy=[cross-origin], Date=[Tue, 21 Apr 2026 21:28:44 GMT], X-Android-Received-Millis=[1776806924311], X-Android-Response-Source=[NETWORK 204], X-Android-Selected-Protocol=[http/1.1], X-Android-Sent-Millis=[1776806924226]}
04-22 05:28:47.155   293 23855 I resolv  : GetAddrInfoHandler::run: {100 983140 100 983140 1073 1}
04-22 05:28:47.156   293 23856 I resolv  : res_nmkquery: (QUERY, IN, AAAA)
04-22 05:28:47.157   293 23857 I resolv  : res_nmkquery: (QUERY, IN, A)
04-22 05:28:47.175   293 23857 I resolv  : res_nsend: used send_dg 101 terrno: 0
04-22 05:28:47.175   293 23857 I resolv  : doQuery: rcode=0, ancount=4, return value=101
04-22 05:28:47.177   293 23856 I resolv  : res_nsend: used send_dg 149 terrno: 0
04-22 05:28:47.178   293 23856 I resolv  : doQuery: rcode=0, ancount=4, return value=149
04-22 05:28:47.178   784 23841 D TrafficStats: tagSocket(61) with statsTag=0xffffff81, statsUid=-1
04-22 05:28:47.255   784 23841 D NetworkMonitor/100: PROBE_FALLBACK http://play.googleapis.com/generate_204 time=102ms ret=204 request={Connection=[close], User-Agent=[Mozilla/5.0 (X11; Linux x86_64) AppleWebKit/537.36 (KHTML, like Gecko) Chrome/60.0.3112.32 Safari/537.36]} headers={null=[HTTP/1.1 204 No Content], Connection=[close], Cross-Origin-Resource-Policy=[cross-origin], Date=[Tue, 21 Apr 2026 21:28:47 GMT], X-Android-Received-Millis=[1776806927255], X-Android-Response-Source=[NETWORK 204], X-Android-Selected-Protocol=[http/1.1], X-Android-Sent-Millis=[1776806927181]}
04-22 05:28:54.187   784 23842 D TrafficStats: tagSocket(5) with statsTag=0xffffff81, statsUid=-1
04-22 05:29:00.002  1598  1881 I AiAiEcho: Predicting[0]: 
04-22 05:29:00.002  1598  1881 I AiAiEcho: Ranked targets strategy: SORT, count: 0, ranking metadata: 
04-22 05:29:00.002  1598  1881 I AiAiEcho: #postPredictionTargets: Sending updates to UISurface lockscreen with targets# 0
04-22 05:29:00.003  1598  1881 I AiAiEcho: #postPredictionTargets: Sending updates to UISurface home with targets# 0
04-22 05:29:00.003  1598  1881 I AiAiEcho: #postPredictionTargets: Sending updates to UISurface media_data_manager with targets# 0
04-22 05:29:00.006   728   728 D SsMediaDataProvider: Forwarding Smartspace updates []
04-22 05:29:00.013   728   955 D EGL_emulation: app_time_stats: avg=16124.73ms min=16124.73ms max=16124.73ms count=1
04-22 05:29:03.345   519  1699 W BatteryExternalStatsWorker: error reading Bluetooth stats: 11
04-22 05:29:03.346   519   705 D TelephonyManager: requestModemActivityInfo: Sending result to app: ModemActivityInfo{ mTimestamp=32400040 mSleepTimeMs=0 mIdleTimeMs=32399877 mActivityStatsTechSpecificInfo=[{mRat=UNKNOWN,mFrequencyRange=UNKNOWN,mTxTimeMs[]=[0, 0, 0, 0, 0],mRxTimeMs=0}]}
04-22 05:29:03.381   293   752 I netd    : tetherGetStats() -> {[]} <0.82ms>
04-22 05:29:04.202   784 23842 D NetworkMonitor/100: PROBE_HTTPS https://www.google.com/generate_204 Probe failed with exception java.net.SocketTimeoutException: failed to connect to www.google.com/2001::1 (port 443) from /fec0::5054:ff:fe12:3456 (port 50934) after 10000ms
04-22 05:29:04.204   784 23841 D NetworkMonitor/100: isCaptivePortal: isSuccessful()=false isPortal()=false RedirectUrl=null isPartialConnectivity()=true Time=20052ms
04-22 05:29:04.205   519   654 D ConnectivityService: [100 CELLULAR] validation failed
04-22 05:29:06.896   312   312 W healthd : battery l=100 v=5000 t=25.0 h=2 st=4 c=900000 fc=3000000 cc=10 chg=
04-22 05:29:08.862   519   540 I EntropyMixer: Updated seed file
04-22 05:29:09.961   519   600 D CompatibilityChangeReporter: Compat change id reported: 171306433; UID 10110; state: ENABLED
04-22 05:29:09.961   519   600 D CompatibilityChangeReporter: Compat change id reported: 226439802; UID 10110; state: DISABLED
04-22 05:29:09.961   519   600 D CompatibilityChangeReporter: Compat change id reported: 218533173; UID 10175; state: ENABLED
04-22 05:29:09.962   519   600 D CompatibilityChangeReporter: Compat change id reported: 171306433; UID 10143; state: ENABLED
04-22 05:29:09.962   519   600 D CompatibilityChangeReporter: Compat change id reported: 226439802; UID 10143; state: DISABLED
04-22 05:29:09.962   519   600 D CompatibilityChangeReporter: Compat change id reported: 218533173; UID 10141; state: ENABLED
04-22 05:29:09.963   519   600 D CompatibilityChangeReporter: Compat change id reported: 218533173; UID 10138; state: ENABLED
04-22 05:29:09.963   519   600 D CompatibilityChangeReporter: Compat change id reported: 218533173; UID 10116; state: ENABLED
04-22 05:29:09.963   519   600 D CompatibilityChangeReporter: Compat change id reported: 218533173; UID 10074; state: ENABLED
04-22 05:29:09.963   519   600 D CompatibilityChangeReporter: Compat change id reported: 218533173; UID 10104; state: ENABLED
04-22 05:29:09.963   519   600 D CompatibilityChangeReporter: Compat change id reported: 218533173; UID 10145; state: ENABLED
04-22 05:29:09.963   519   600 D CompatibilityChangeReporter: Compat change id reported: 218533173; UID 10075; state: ENABLED
04-22 05:29:09.963   519   600 D CompatibilityChangeReporter: Compat change id reported: 218533173; UID 10146; state: ENABLED
04-22 05:29:10.291   790  1092 E bluetooth: packages/modules/Bluetooth/system/gd/os/linux_generic/files.cc:202 FileCreatedTime: unable to read '/data/misc/bluetooth/logs/btsnooz_hci.log' file metadata, error: No such file or directory
04-22 05:29:10.510   519   548 I UsageStatsService: User[0] Flushing usage stats to disk
04-22 05:29:12.011   728   956 D ControlsListingControllerImpl: Subscribing callback, service count: 0
04-22 05:29:12.020   728   956 D ControlsListingControllerImpl: Unsubscribing callback
04-22 05:29:13.422   317   317 E android.hardware.power.stats@1.0-service-mock: Failed to getEnergyData
04-22 05:29:14.169  1480  3723 V ClearcutMetricXmitter: Transmission is done.
04-22 05:29:14.334  1634 23859 W CarrierServices: [82] bemz.x: Unable to send diagnostic log
04-22 05:29:14.658   519   705 W BatteryExternalStatsWorker: error reading Bluetooth stats: 11
04-22 05:29:14.658   519  1699 D TelephonyManager: requestModemActivityInfo: Sending result to app: ModemActivityInfo{ mTimestamp=32411351 mSleepTimeMs=0 mIdleTimeMs=32411187 mActivityStatsTechSpecificInfo=[{mRat=UNKNOWN,mFrequencyRange=UNKNOWN,mTxTimeMs[]=[0, 0, 0, 0, 0],mRxTimeMs=0}]}
04-22 05:29:14.683   293   752 I netd    : tetherGetStats() -> {[]} <0.52ms>
04-22 05:29:14.684   519   559 W CpuPowerCalculator: UID 50175 CPU freq # mismatch: Power Profile # 2 actual # 8
04-22 05:29:14.684   519   559 W CpuPowerCalculator: UID 50174 CPU freq # mismatch: Power Profile # 2 actual # 8
04-22 05:29:14.684   519   559 W CpuPowerCalculator: UID 50173 CPU freq # mismatch: Power Profile # 2 actual # 8
04-22 05:29:14.684   519   559 W CpuPowerCalculator: UID 50172 CPU freq # mismatch: Power Profile # 2 actual # 8
04-22 05:29:14.684   519   559 W CpuPowerCalculator: UID 50170 CPU freq # mismatch: Power Profile # 2 actual # 8
04-22 05:29:14.684   519   559 W CpuPowerCalculator: UID 50166 CPU freq # mismatch: Power Profile # 2 actual # 8
04-22 05:29:14.684   519   559 W CpuPowerCalculator: UID 50165 CPU freq # mismatch: Power Profile # 2 actual # 8
04-22 05:29:14.684   519   559 W CpuPowerCalculator: UID 50164 CPU freq # mismatch: Power Profile # 2 actual # 8
04-22 05:29:14.684   519   559 W CpuPowerCalculator: UID 50162 CPU freq # mismatch: Power Profile # 2 actual # 8
04-22 05:29:14.685   519   559 W CpuPowerCalculator: UID 50161 CPU freq # mismatch: Power Profile # 2 actual # 8
04-22 05:29:14.685   519   559 W CpuPowerCalculator: UID 50160 CPU freq # mismatch: Power Profile # 2 actual # 8
04-22 05:29:14.685   519   559 W CpuPowerCalculator: UID 50159 CPU freq # mismatch: Power Profile # 2 actual # 8
04-22 05:29:14.685   519   559 W CpuPowerCalculator: UID 50141 CPU freq # mismatch: Power Profile # 2 actual # 8
04-22 05:29:14.685   519   559 W CpuPowerCalculator: UID 50138 CPU freq # mismatch: Power Profile # 2 actual # 8
04-22 05:29:14.685   519   559 W CpuPowerCalculator: UID 50110 CPU freq # mismatch: Power Profile # 2 actual # 8
04-22 05:29:14.685   519   559 W CpuPowerCalculator: UID 10175 CPU freq # mismatch: Power Profile # 2 actual # 8
04-22 05:29:14.685   519   559 W CpuPowerCalculator: UID 10175 CPU freq # mismatch: Power Profile # 2 actual # 8
04-22 05:29:14.685   519   559 W CpuPowerCalculator: UID 10175 CPU freq # mismatch: Power Profile # 2 actual # 8
04-22 05:29:14.685   519   559 W CpuPowerCalculator: UID 10172 CPU freq # mismatch: Power Profile # 2 actual # 8
04-22 05:29:14.685   519   559 W CpuPowerCalculator: UID 10172 CPU freq # mismatch: Power Profile # 2 actual # 8
04-22 05:29:14.685   519   559 W CpuPowerCalculator: UID 10172 CPU freq # mismatch: Power Profile # 2 actual # 8
04-22 05:29:14.685   519   559 W CpuPowerCalculator: UID 10172 CPU freq # mismatch: Power Profile # 2 actual # 8
04-22 05:29:14.685   519   559 W CpuPowerCalculator: UID 10166 CPU freq # mismatch: Power Profile # 2 actual # 8
04-22 05:29:14.685   519   559 W CpuPowerCalculator: UID 10166 CPU freq # mismatch: Power Profile # 2 actual # 8
04-22 05:29:14.685   519   559 W CpuPowerCalculator: UID 10166 CPU freq # mismatch: Power Profile # 2 actual # 8
04-22 05:29:14.685   519   559 W CpuPowerCalculator: UID 10162 CPU freq # mismatch: Power Profile # 2 actual # 8
04-22 05:29:14.685   519   559 W CpuPowerCalculator: UID 10162 CPU freq # mismatch: Power Profile # 2 actual # 8
04-22 05:29:14.685   519   559 W CpuPowerCalculator: UID 10162 CPU freq # mismatch: Power Profile # 2 actual # 8
04-22 05:29:14.685   519   559 W CpuPowerCalculator: UID 10161 CPU freq # mismatch: Power Profile # 2 actual # 8
04-22 05:29:14.685   519   559 W CpuPowerCalculator: UID 10161 CPU freq # mismatch: Power Profile # 2 actual # 8
04-22 05:29:14.685   519   559 W CpuPowerCalculator: UID 10161 CPU freq # mismatch: Power Profile # 2 actual # 8
04-22 05:29:14.685   519   559 W CpuPowerCalculator: UID 10157 CPU freq # mismatch: Power Profile # 2 actual # 8
04-22 05:29:14.685   519   559 W CpuPowerCalculator: UID 10157 CPU freq # mismatch: Power Profile # 2 actual # 8
04-22 05:29:14.685   519   559 W CpuPowerCalculator: UID 10157 CPU freq # mismatch: Power Profile # 2 actual # 8
04-22 05:29:14.685   519   559 W CpuPowerCalculator: UID 10156 CPU freq # mismatch: Power Profile # 2 actual # 8
04-22 05:29:14.685   519   559 W CpuPowerCalculator: UID 10156 CPU freq # mismatch: Power Profile # 2 actual # 8
04-22 05:29:14.685   519   559 W CpuPowerCalculator: UID 10156 CPU freq # mismatch: Power Profile # 2 actual # 8
04-22 05:29:14.685   519   559 W CpuPowerCalculator: UID 10154 CPU freq # mismatch: Power Profile # 2 actual # 8
04-22 05:29:14.685   519   559 W CpuPowerCalculator: UID 10154 CPU freq # mismatch: Power Profile # 2 actual # 8
04-22 05:29:14.685   519   559 W CpuPowerCalculator: UID 10152 CPU freq # mismatch: Power Profile # 2 actual # 8
04-22 05:29:14.685   519   559 W CpuPowerCalculator: UID 10152 CPU freq # mismatch: Power Profile # 2 actual # 8
04-22 05:29:14.685   519   559 W CpuPowerCalculator: UID 10152 CPU freq # mismatch: Power Profile # 2 actual # 8
04-22 05:29:14.685   519   559 W CpuPowerCalculator: UID 10152 CPU freq # mismatch: Power Profile # 2 actual # 8
04-22 05:29:14.685   519   559 W CpuPowerCalculator: UID 10151 CPU freq # mismatch: Power Profile # 2 actual # 8
04-22 05:29:14.685   519   559 W CpuPowerCalculator: UID 10151 CPU freq # mismatch: Power Profile # 2 actual # 8
04-22 05:29:14.685   519   559 W CpuPowerCalculator: UID 10151 CPU freq # mismatch: Power Profile # 2 actual # 8
04-22 05:29:14.685   519   559 W CpuPowerCalculator: UID 10150 CPU freq # mismatch: Power Profile # 2 actual # 8
04-22 05:29:14.685   519   559 W CpuPowerCalculator: UID 10150 CPU freq # mismatch: Power Profile # 2 actual # 8
04-22 05:29:14.685   519   559 W CpuPowerCalculator: UID 10150 CPU freq # mismatch: Power Profile # 2 actual # 8
04-22 05:29:14.685   519   559 W CpuPowerCalculator: UID 10146 CPU freq # mismatch: Power Profile # 2 actual # 8
04-22 05:29:14.685   519   559 W CpuPowerCalculator: UID 10146 CPU freq # mismatch: Power Profile # 2 actual # 8
04-22 05:29:14.685   519   559 W CpuPowerCalculator: UID 10146 CPU freq # mismatch: Power Profile # 2 actual # 8
04-22 05:29:14.685   519   559 W CpuPowerCalculator: UID 10146 CPU freq # mismatch: Power Profile # 2 actual # 8
04-22 05:29:14.685   519   559 W CpuPowerCalculator: UID 10145 CPU freq # mismatch: Power Profile # 2 actual # 8
04-22 05:29:14.685   519   559 W CpuPowerCalculator: UID 10145 CPU freq # mismatch: Power Profile # 2 actual # 8
04-22 05:29:14.685   519   559 W CpuPowerCalculator: UID 10145 CPU freq # mismatch: Power Profile # 2 actual # 8
04-22 05:29:14.685   519   559 W CpuPowerCalculator: UID 10144 CPU freq # mismatch: Power Profile # 2 actual # 8
04-22 05:29:14.685   519   559 W CpuPowerCalculator: UID 10144 CPU freq # mismatch: Power Profile # 2 actual # 8
04-22 05:29:14.685   519   559 W CpuPowerCalculator: UID 10144 CPU freq # mismatch: Power Profile # 2 actual # 8
04-22 05:29:14.685   519   559 W CpuPowerCalculator: UID 10144 CPU freq # mismatch: Power Profile # 2 actual # 8
04-22 05:29:14.685   519   559 W CpuPowerCalculator: UID 10143 CPU freq # mismatch: Power Profile # 2 actual # 8
04-22 05:29:14.685   519   559 W CpuPowerCalculator: UID 10143 CPU freq # mismatch: Power Profile # 2 actual # 8
04-22 05:29:14.685   519   559 W CpuPowerCalculator: UID 10143 CPU freq # mismatch: Power Profile # 2 actual # 8
04-22 05:29:14.685   519   559 W CpuPowerCalculator: UID 10142 CPU freq # mismatch: Power Profile # 2 actual # 8
04-22 05:29:14.685   519   559 W CpuPowerCalculator: UID 10142 CPU freq # mismatch: Power Profile # 2 actual # 8
04-22 05:29:14.685   519   559 W CpuPowerCalculator: UID 10142 CPU freq # mismatch: Power Profile # 2 actual # 8
04-22 05:29:14.685   519   559 W CpuPowerCalculator: UID 10142 CPU freq # mismatch: Power Profile # 2 actual # 8
04-22 05:29:14.685   519   559 W CpuPowerCalculator: UID 10141 CPU freq # mismatch: Power Profile # 2 actual # 8
04-22 05:29:14.685   519   559 W CpuPowerCalculator: UID 10141 CPU freq # mismatch: Power Profile # 2 actual # 8
04-22 05:29:14.685   519   559 W CpuPowerCalculator: UID 10141 CPU freq # mismatch: Power Profile # 2 actual # 8
04-22 05:29:14.685   519   559 W CpuPowerCalculator: UID 10138 CPU freq # mismatch: Power Profile # 2 actual # 8
04-22 05:29:14.685   519   559 W CpuPowerCalculator: UID 10138 CPU freq # mismatch: Power Profile # 2 actual # 8
04-22 05:29:14.685   519   559 W CpuPowerCalculator: UID 10138 CPU freq # mismatch: Power Profile # 2 actual # 8
04-22 05:29:14.685   519   559 W CpuPowerCalculator: UID 10134 CPU freq # mismatch: Power Profile # 2 actual # 8
04-22 05:29:14.685   519   559 W CpuPowerCalculator: UID 10134 CPU freq # mismatch: Power Profile # 2 actual # 8
04-22 05:29:14.685   519   559 W CpuPowerCalculator: UID 10134 CPU freq # mismatch: Power Profile # 2 actual # 8
04-22 05:29:14.685   519   559 W CpuPowerCalculator: UID 10134 CPU freq # mismatch: Power Profile # 2 actual # 8
04-22 05:29:14.685   519   559 W CpuPowerCalculator: UID 10133 CPU freq # mismatch: Power Profile # 2 actual # 8
04-22 05:29:14.685   519   559 W CpuPowerCalculator: UID 10133 CPU freq # mismatch: Power Profile # 2 actual # 8
04-22 05:29:14.685   519   559 W CpuPowerCalculator: UID 10131 CPU freq # mismatch: Power Profile # 2 actual # 8
04-22 05:29:14.685   519   559 W CpuPowerCalculator: UID 10131 CPU freq # mismatch: Power Profile # 2 actual # 8
04-22 05:29:14.685   519   559 W CpuPowerCalculator: UID 10131 CPU freq # mismatch: Power Profile # 2 actual # 8
04-22 05:29:14.685   519   559 W CpuPowerCalculator: UID 10129 CPU freq # mismatch: Power Profile # 2 actual # 8
04-22 05:29:14.685   519   559 W CpuPowerCalculator: UID 10129 CPU freq # mismatch: Power Profile # 2 actual # 8
04-22 05:29:14.685   519   559 W CpuPowerCalculator: UID 10129 CPU freq # mismatch: Power Profile # 2 actual # 8
04-22 05:29:14.685   519   559 W CpuPowerCalculator: UID 10129 CPU freq # mismatch: Power Profile # 2 actual # 8
04-22 05:29:14.685   519   559 W CpuPowerCalculator: UID 10127 CPU freq # mismatch: Power Profile # 2 actual # 8
04-22 05:29:14.685   519   559 W CpuPowerCalculator: UID 10127 CPU freq # mismatch: Power Profile # 2 actual # 8
04-22 05:29:14.685   519   559 W CpuPowerCalculator: UID 10127 CPU freq # mismatch: Power Profile # 2 actual # 8
04-22 05:29:14.685   519   559 W CpuPowerCalculator: UID 10126 CPU freq # mismatch: Power Profile # 2 actual # 8
04-22 05:29:14.685   519   559 W CpuPowerCalculator: UID 10126 CPU freq # mismatch: Power Profile # 2 actual # 8
04-22 05:29:14.685   519   559 W CpuPowerCalculator: UID 10126 CPU freq # mismatch: Power Profile # 2 actual # 8
04-22 05:29:14.685   519   559 W CpuPowerCalculator: UID 10126 CPU freq # mismatch: Power Profile # 2 actual # 8
04-22 05:29:14.685   519   559 W CpuPowerCalculator: UID 10125 CPU freq # mismatch: Power Profile # 2 actual # 8
04-22 05:29:14.685   519   559 W CpuPowerCalculator: UID 10125 CPU freq # mismatch: Power Profile # 2 actual # 8
04-22 05:29:14.685   519   559 W CpuPowerCalculator: UID 10125 CPU freq # mismatch: Power Profile # 2 actual # 8
04-22 05:29:14.685   519   559 W CpuPowerCalculator: UID 10123 CPU freq # mismatch: Power Profile # 2 actual # 8
04-22 05:29:14.685   519   559 W CpuPowerCalculator: UID 10123 CPU freq # mismatch: Power Profile # 2 actual # 8
04-22 05:29:14.685   519   559 W CpuPowerCalculator: UID 10123 CPU freq # mismatch: Power Profile # 2 actual # 8
04-22 05:29:14.685   519   559 W CpuPowerCalculator: UID 10120 CPU freq # mismatch: Power Profile # 2 actual # 8
04-22 05:29:14.685   519   559 W CpuPowerCalculator: UID 10120 CPU freq # mismatch: Power Profile # 2 actual # 8
04-22 05:29:14.685   519   559 W CpuPowerCalculator: UID 10120 CPU freq # mismatch: Power Profile # 2 actual # 8
04-22 05:29:14.685   519   559 W CpuPowerCalculator: UID 10120 CPU freq # mismatch: Power Profile # 2 actual # 8
04-22 05:29:14.685   519   559 W CpuPowerCalculator: UID 10118 CPU freq # mismatch: Power Profile # 2 actual # 8
04-22 05:29:14.685   519   559 W CpuPowerCalculator: UID 10118 CPU freq # mismatch: Power Profile # 2 actual # 8
04-22 05:29:14.685   519   559 W CpuPowerCalculator: UID 10118 CPU freq # mismatch: Power Profile # 2 actual # 8
04-22 05:29:14.685   519   559 W CpuPowerCalculator: UID 10117 CPU freq # mismatch: Power Profile # 2 actual # 8
04-22 05:29:14.685   519   559 W CpuPowerCalculator: UID 10117 CPU freq # mismatch: Power Profile # 2 actual # 8
04-22 05:29:14.685   519   559 W CpuPowerCalculator: UID 10117 CPU freq # mismatch: Power Profile # 2 actual # 8
04-22 05:29:14.685   519   559 W CpuPowerCalculator: UID 10117 CPU freq # mismatch: Power Profile # 2 actual # 8
04-22 05:29:14.685   519   559 W CpuPowerCalculator: UID 10116 CPU freq # mismatch: Power Profile # 2 actual # 8
04-22 05:29:14.685   519   559 W CpuPowerCalculator: UID 10116 CPU freq # mismatch: Power Profile # 2 actual # 8
04-22 05:29:14.685   519   559 W CpuPowerCalculator: UID 10116 CPU freq # mismatch: Power Profile # 2 actual # 8
04-22 05:29:14.685   519   559 W CpuPowerCalculator: UID 10116 CPU freq # mismatch: Power Profile # 2 actual # 8
04-22 05:29:14.685   519   559 W CpuPowerCalculator: UID 10115 CPU freq # mismatch: Power Profile # 2 actual # 8
04-22 05:29:14.685   519   559 W CpuPowerCalculator: UID 10115 CPU freq # mismatch: Power Profile # 2 actual # 8
04-22 05:29:14.685   519   559 W CpuPowerCalculator: UID 10115 CPU freq # mismatch: Power Profile # 2 actual # 8
04-22 05:29:14.685   519   559 W CpuPowerCalculator: UID 10113 CPU freq # mismatch: Power Profile # 2 actual # 8
04-22 05:29:14.685   519   559 W CpuPowerCalculator: UID 10113 CPU freq # mismatch: Power Profile # 2 actual # 8
04-22 05:29:14.685   519   559 W CpuPowerCalculator: UID 10113 CPU freq # mismatch: Power Profile # 2 actual # 8
04-22 05:29:14.685   519   559 W CpuPowerCalculator: UID 10113 CPU freq # mismatch: Power Profile # 2 actual # 8
04-22 05:29:14.685   519   559 W CpuPowerCalculator: UID 10112 CPU freq # mismatch: Power Profile # 2 actual # 8
04-22 05:29:14.685   519   559 W CpuPowerCalculator: UID 10112 CPU freq # mismatch: Power Profile # 2 actual # 8
04-22 05:29:14.685   519   559 W CpuPowerCalculator: UID 10112 CPU freq # mismatch: Power Profile # 2 actual # 8
04-22 05:29:14.685   519   559 W CpuPowerCalculator: UID 10111 CPU freq # mismatch: Power Profile # 2 actual # 8
04-22 05:29:14.685   519   559 W CpuPowerCalculator: UID 10111 CPU freq # mismatch: Power Profile # 2 actual # 8
04-22 05:29:14.685   519   559 W CpuPowerCalculator: UID 10111 CPU freq # mismatch: Power Profile # 2 actual # 8
04-22 05:29:14.685   519   559 W CpuPowerCalculator: UID 10111 CPU freq # mismatch: Power Profile # 2 actual # 8
04-22 05:29:14.685   519   559 W CpuPowerCalculator: UID 10110 CPU freq # mismatch: Power Profile # 2 actual # 8
04-22 05:29:14.685   519   559 W CpuPowerCalculator: UID 10110 CPU freq # mismatch: Power Profile # 2 actual # 8
04-22 05:29:14.685   519   559 W CpuPowerCalculator: UID 10110 CPU freq # mismatch: Power Profile # 2 actual # 8
04-22 05:29:14.685   519   559 W CpuPowerCalculator: UID 10110 CPU freq # mismatch: Power Profile # 2 actual # 8
04-22 05:29:14.685   519   559 W CpuPowerCalculator: UID 10110 CPU freq # mismatch: Power Profile # 2 actual # 8
04-22 05:29:14.685   519   559 W CpuPowerCalculator: UID 10109 CPU freq # mismatch: Power Profile # 2 actual # 8
04-22 05:29:14.685   519   559 W CpuPowerCalculator: UID 10109 CPU freq # mismatch: Power Profile # 2 actual # 8
04-22 05:29:14.685   519   559 W CpuPowerCalculator: UID 10109 CPU freq # mismatch: Power Profile # 2 actual # 8
04-22 05:29:14.685   519   559 W CpuPowerCalculator: UID 10108 CPU freq # mismatch: Power Profile # 2 actual # 8
04-22 05:29:14.685   519   559 W CpuPowerCalculator: UID 10108 CPU freq # mismatch: Power Profile # 2 actual # 8
04-22 05:29:14.685   519   559 W CpuPowerCalculator: UID 10108 CPU freq # mismatch: Power Profile # 2 actual # 8
04-22 05:29:14.685   519   559 W CpuPowerCalculator: UID 10107 CPU freq # mismatch: Power Profile # 2 actual # 8
04-22 05:29:14.685   519   559 W CpuPowerCalculator: UID 10107 CPU freq # mismatch: Power Profile # 2 actual # 8
04-22 05:29:14.685   519   559 W CpuPowerCalculator: UID 10107 CPU freq # mismatch: Power Profile # 2 actual # 8
04-22 05:29:14.685   519   559 W CpuPowerCalculator: UID 10107 CPU freq # mismatch: Power Profile # 2 actual # 8
04-22 05:29:14.685   519   559 W CpuPowerCalculator: UID 10106 CPU freq # mismatch: Power Profile # 2 actual # 8
04-22 05:29:14.685   519   559 W CpuPowerCalculator: UID 10106 CPU freq # mismatch: Power Profile # 2 actual # 8
04-22 05:29:14.685   519   559 W CpuPowerCalculator: UID 10106 CPU freq # mismatch: Power Profile # 2 actual # 8
04-22 05:29:14.685   519   559 W CpuPowerCalculator: UID 10105 CPU freq # mismatch: Power Profile # 2 actual # 8
04-22 05:29:14.686   519   559 W CpuPowerCalculator: UID 10105 CPU freq # mismatch: Power Profile # 2 actual # 8
04-22 05:29:14.686   519   559 W CpuPowerCalculator: UID 10105 CPU freq # mismatch: Power Profile # 2 actual # 8
04-22 05:29:14.686   519   559 W CpuPowerCalculator: UID 10104 CPU freq # mismatch: Power Profile # 2 actual # 8
04-22 05:29:14.686   519   559 W CpuPowerCalculator: UID 10104 CPU freq # mismatch: Power Profile # 2 actual # 8
04-22 05:29:14.686   519   559 W CpuPowerCalculator: UID 10104 CPU freq # mismatch: Power Profile # 2 actual # 8
04-22 05:29:14.686   519   559 W CpuPowerCalculator: UID 10101 CPU freq # mismatch: Power Profile # 2 actual # 8
04-22 05:29:14.686   519   559 W CpuPowerCalculator: UID 10101 CPU freq # mismatch: Power Profile # 2 actual # 8
04-22 05:29:14.686   519   559 W CpuPowerCalculator: UID 10101 CPU freq # mismatch: Power Profile # 2 actual # 8
04-22 05:29:14.686   519   559 W CpuPowerCalculator: UID 10100 CPU freq # mismatch: Power Profile # 2 actual # 8
04-22 05:29:14.686   519   559 W CpuPowerCalculator: UID 10100 CPU freq # mismatch: Power Profile # 2 actual # 8
04-22 05:29:14.686   519   559 W CpuPowerCalculator: UID 10100 CPU freq # mismatch: Power Profile # 2 actual # 8
04-22 05:29:14.686   519   559 W CpuPowerCalculator: UID 10096 CPU freq # mismatch: Power Profile # 2 actual # 8
04-22 05:29:14.686   519   559 W CpuPowerCalculator: UID 10096 CPU freq # mismatch: Power Profile # 2 actual # 8
04-22 05:29:14.686   519   559 W CpuPowerCalculator: UID 10096 CPU freq # mismatch: Power Profile # 2 actual # 8
04-22 05:29:14.686   519   559 W CpuPowerCalculator: UID 10084 CPU freq # mismatch: Power Profile # 2 actual # 8
04-22 05:29:14.686   519   559 W CpuPowerCalculator: UID 10084 CPU freq # mismatch: Power Profile # 2 actual # 8
04-22 05:29:14.686   519   559 W CpuPowerCalculator: UID 10084 CPU freq # mismatch: Power Profile # 2 actual # 8
04-22 05:29:14.686   519   559 W CpuPowerCalculator: UID 10079 CPU freq # mismatch: Power Profile # 2 actual # 8
04-22 05:29:14.686   519   559 W CpuPowerCalculator: UID 10079 CPU freq # mismatch: Power Profile # 2 actual # 8
04-22 05:29:14.686   519   559 W CpuPowerCalculator: UID 10079 CPU freq # mismatch: Power Profile # 2 actual # 8
04-22 05:29:14.686   519   559 W CpuPowerCalculator: UID 10076 CPU freq # mismatch: Power Profile # 2 actual # 8
04-22 05:29:14.686   519   559 W CpuPowerCalculator: UID 10076 CPU freq # mismatch: Power Profile # 2 actual # 8
04-22 05:29:14.686   519   559 W CpuPowerCalculator: UID 10076 CPU freq # mismatch: Power Profile # 2 actual # 8
04-22 05:29:14.686   519   559 W CpuPowerCalculator: UID 10076 CPU freq # mismatch: Power Profile # 2 actual # 8
04-22 05:29:14.686   519   559 W CpuPowerCalculator: UID 10075 CPU freq # mismatch: Power Profile # 2 actual # 8
04-22 05:29:14.686   519   559 W CpuPowerCalculator: UID 10075 CPU freq # mismatch: Power Profile # 2 actual # 8
04-22 05:29:14.686   519   559 W CpuPowerCalculator: UID 10075 CPU freq # mismatch: Power Profile # 2 actual # 8
04-22 05:29:14.686   519   559 W CpuPowerCalculator: UID 10074 CPU freq # mismatch: Power Profile # 2 actual # 8
04-22 05:29:14.686   519   559 W CpuPowerCalculator: UID 10074 CPU freq # mismatch: Power Profile # 2 actual # 8
04-22 05:29:14.686   519   559 W CpuPowerCalculator: UID 10074 CPU freq # mismatch: Power Profile # 2 actual # 8
04-22 05:29:14.686   519   559 W CpuPowerCalculator: UID 10074 CPU freq # mismatch: Power Profile # 2 actual # 8
04-22 05:29:14.686   519   559 W CpuPowerCalculator: UID 10073 CPU freq # mismatch: Power Profile # 2 actual # 8
04-22 05:29:14.686   519   559 W CpuPowerCalculator: UID 10073 CPU freq # mismatch: Power Profile # 2 actual # 8
04-22 05:29:14.686   519   559 W CpuPowerCalculator: UID 10073 CPU freq # mismatch: Power Profile # 2 actual # 8
04-22 05:29:14.686   519   559 W CpuPowerCalculator: UID 10072 CPU freq # mismatch: Power Profile # 2 actual # 8
04-22 05:29:14.686   519   559 W CpuPowerCalculator: UID 10072 CPU freq # mismatch: Power Profile # 2 actual # 8
04-22 05:29:14.686   519   559 W CpuPowerCalculator: UID 10072 CPU freq # mismatch: Power Profile # 2 actual # 8
04-22 05:29:14.686   519   559 W CpuPowerCalculator: UID 10070 CPU freq # mismatch: Power Profile # 2 actual # 8
04-22 05:29:14.686   519   559 W CpuPowerCalculator: UID 10070 CPU freq # mismatch: Power Profile # 2 actual # 8
04-22 05:29:14.686   519   559 W CpuPowerCalculator: UID 10070 CPU freq # mismatch: Power Profile # 2 actual # 8
04-22 05:29:14.686   519   559 W CpuPowerCalculator: UID 10070 CPU freq # mismatch: Power Profile # 2 actual # 8
04-22 05:29:14.686   519   559 W CpuPowerCalculator: UID 9999 CPU freq # mismatch: Power Profile # 2 actual # 8
04-22 05:29:14.686   519   559 W CpuPowerCalculator: UID 2000 CPU freq # mismatch: Power Profile # 2 actual # 8
04-22 05:29:14.686   519   559 W CpuPowerCalculator: UID 2000 CPU freq # mismatch: Power Profile # 2 actual # 8
04-22 05:29:14.686   519   559 W CpuPowerCalculator: UID 2000 CPU freq # mismatch: Power Profile # 2 actual # 8
04-22 05:29:14.686   519   559 W CpuPowerCalculator: UID 1092 CPU freq # mismatch: Power Profile # 2 actual # 8
04-22 05:29:14.686   519   559 W CpuPowerCalculator: UID 1073 CPU freq # mismatch: Power Profile # 2 actual # 8
04-22 05:29:14.686   519   559 W CpuPowerCalculator: UID 1073 CPU freq # mismatch: Power Profile # 2 actual # 8
04-22 05:29:14.686   519   559 W CpuPowerCalculator: UID 1073 CPU freq # mismatch: Power Profile # 2 actual # 8
04-22 05:29:14.686   519   559 W CpuPowerCalculator: UID 1072 CPU freq # mismatch: Power Profile # 2 actual # 8
04-22 05:29:14.686   519   559 W CpuPowerCalculator: UID 1069 CPU freq # mismatch: Power Profile # 2 actual # 8
04-22 05:29:14.686   519   559 W CpuPowerCalculator: UID 1068 CPU freq # mismatch: Power Profile # 2 actual # 8
04-22 05:29:14.686   519   559 W CpuPowerCalculator: UID 1068 CPU freq # mismatch: Power Profile # 2 actual # 8
04-22 05:29:14.686   519   559 W CpuPowerCalculator: UID 1068 CPU freq # mismatch: Power Profile # 2 actual # 8
04-22 05:29:14.686   519   559 W CpuPowerCalculator: UID 1066 CPU freq # mismatch: Power Profile # 2 actual # 8
04-22 05:29:14.686   519   559 W CpuPowerCalculator: UID 1053 CPU freq # mismatch: Power Profile # 2 actual # 8
04-22 05:29:14.686   519   559 W CpuPowerCalculator: UID 1047 CPU freq # mismatch: Power Profile # 2 actual # 8
04-22 05:29:14.686   519   559 W CpuPowerCalculator: UID 1046 CPU freq # mismatch: Power Profile # 2 actual # 8
04-22 05:29:14.686   519   559 W CpuPowerCalculator: UID 1041 CPU freq # mismatch: Power Profile # 2 actual # 8
04-22 05:29:14.686   519   559 W CpuPowerCalculator: UID 1040 CPU freq # mismatch: Power Profile # 2 actual # 8
04-22 05:29:14.686   519   559 W CpuPowerCalculator: UID 1036 CPU freq # mismatch: Power Profile # 2 actual # 8
04-22 05:29:14.686   519   559 W CpuPowerCalculator: UID 1027 CPU freq # mismatch: Power Profile # 2 actual # 8
04-22 05:29:14.686   519   559 W CpuPowerCalculator: UID 1027 CPU freq # mismatch: Power Profile # 2 actual # 8
04-22 05:29:14.686   519   559 W CpuPowerCalculator: UID 1027 CPU freq # mismatch: Power Profile # 2 actual # 8
04-22 05:29:14.686   519   559 W CpuPowerCalculator: UID 1021 CPU freq # mismatch: Power Profile # 2 actual # 8
04-22 05:29:14.686   519   559 W CpuPowerCalculator: UID 1020 CPU freq # mismatch: Power Profile # 2 actual # 8
04-22 05:29:14.686   519   559 W CpuPowerCalculator: UID 1019 CPU freq # mismatch: Power Profile # 2 actual # 8
04-22 05:29:14.686   519   559 W CpuPowerCalculator: UID 1017 CPU freq # mismatch: Power Profile # 2 actual # 8
04-22 05:29:14.686   519   559 W CpuPowerCalculator: UID 1013 CPU freq # mismatch: Power Profile # 2 actual # 8
04-22 05:29:14.686   519   559 W CpuPowerCalculator: UID 1010 CPU freq # mismatch: Power Profile # 2 actual # 8
04-22 05:29:14.686   519   559 W CpuPowerCalculator: UID 1003 CPU freq # mismatch: Power Profile # 2 actual # 8
04-22 05:29:14.686   519   559 W CpuPowerCalculator: UID 1002 CPU freq # mismatch: Power Profile # 2 actual # 8
04-22 05:29:14.686   519   559 W CpuPowerCalculator: UID 1002 CPU freq # mismatch: Power Profile # 2 actual # 8
04-22 05:29:14.686   519   559 W CpuPowerCalculator: UID 1002 CPU freq # mismatch: Power Profile # 2 actual # 8
04-22 05:29:14.686   519   559 W CpuPowerCalculator: UID 1001 CPU freq # mismatch: Power Profile # 2 actual # 8
04-22 05:29:14.686   519   559 W CpuPowerCalculator: UID 1001 CPU freq # mismatch: Power Profile # 2 actual # 8
04-22 05:29:14.686   519   559 W CpuPowerCalculator: UID 1001 CPU freq # mismatch: Power Profile # 2 actual # 8
04-22 05:29:14.686   519   559 W CpuPowerCalculator: UID 1000 CPU freq # mismatch: Power Profile # 2 actual # 8
04-22 05:29:14.686   519   559 W CpuPowerCalculator: UID 1000 CPU freq # mismatch: Power Profile # 2 actual # 8
04-22 05:29:14.686   519   559 W CpuPowerCalculator: UID 1000 CPU freq # mismatch: Power Profile # 2 actual # 8
04-22 05:29:14.686   519   559 W CpuPowerCalculator: UID 0 CPU freq # mismatch: Power Profile # 2 actual # 8
04-22 05:29:14.972 23728 23822 D TrafficStats: tagSocket(102) with statsTag=0xffffffff, statsUid=-1
04-22 05:29:15.293  1598  1982 I AiAiStatsd: No op: the most recent atoms from the date 2026-04-20 have been uploaded.
04-22 05:29:16.567  1251 23858 D TrafficStats: tagSocket(82) with statsTag=0x20008100, statsUid=-1
04-22 05:29:19.486  1251  1341 I PhenotypeProcessReaper: Memory state is: 125
04-22 05:30:00.004  1598  1881 I AiAiEcho: Predicting[0]: 
04-22 05:30:00.004  1598  1881 I AiAiEcho: Ranked targets strategy: SORT, count: 0, ranking metadata: 
04-22 05:30:00.004  1598  1881 I AiAiEcho: #postPredictionTargets: Sending updates to UISurface lockscreen with targets# 0
04-22 05:30:00.004  1598  1881 I AiAiEcho: #postPredictionTargets: Sending updates to UISurface home with targets# 0
04-22 05:30:00.004  1598  1881 I AiAiEcho: #postPredictionTargets: Sending updates to UISurface media_data_manager with targets# 0
04-22 05:30:00.022   728   728 D SsMediaDataProvider: Forwarding Smartspace updates []
04-22 05:30:00.038   728   955 D EGL_emulation: app_time_stats: avg=60025.14ms min=60025.14ms max=60025.14ms count=1
04-22 05:30:10.294   519   549 I ActivityManager: Killing 22698:com.android.settings/1000 (adj 995): empty for 1810s
04-22 05:30:10.295   519   549 I ActivityManager: Killing 22675:com.google.android.settings.intelligence/u0a108 (adj 915): empty for 1810s
04-22 05:30:10.299   519   644 W BestClock: java.time.DateTimeException: Missing NTP fix
04-22 05:30:10.300   294   294 I Zygote  : Process 22698 exited due to signal 9 (Killed)
04-22 05:30:10.302   294   294 I Zygote  : Process 22675 exited due to signal 9 (Killed)
04-22 05:30:10.305   519   551 I libprocessgroup: Successfully killed process cgroup uid 1000 pid 22698 in 10ms
04-22 05:30:10.305   519   551 I libprocessgroup: Successfully killed process cgroup uid 10108 pid 22675 in 0ms
04-22 05:30:10.322   293   752 I netd    : tetherGetStats() -> {[]} <0.31ms>
04-22 05:30:10.322   519   644 W BestClock: java.time.DateTimeException: Missing NTP fix
04-22 05:30:10.323   293   752 I netd    : bandwidthSetGlobalAlert(2097152) <0.13ms>
04-22 05:30:10.323   519   644 D CompatibilityChangeReporter: Compat change id reported: 168419799; UID 10116; state: DISABLED
04-22 05:30:10.323   519   644 D CompatibilityChangeReporter: Compat change id reported: 273564678; UID 10116; state: DISABLED
04-22 05:30:10.331  4339  4339 D BoundBrokerSvc: onBind: Intent { act=com.google.android.gms.threadnetwork.service.firstparty.BorderRouterSyncBoundService.ACTION_TASK_READY dat=chimera-action:/... cmp=com.google.android.gms/.chimera.GmsInternalBoundBrokerService }
04-22 05:30:10.331  4339  4339 D BoundBrokerSvc: Loading bound service for intent: Intent { act=com.google.android.gms.threadnetwork.service.firstparty.BorderRouterSyncBoundService.ACTION_TASK_READY dat=chimera-action:/... cmp=com.google.android.gms/.chimera.GmsInternalBoundBrokerService }
04-22 05:30:10.333  1251 23866 I NetworkScheduler.Stats: Task com.google.android.gms/com.google.android.gms.threadnetwork.service.firstparty.BorderRouterSyncBoundService started execution. cause:4 exec_start_elapsed_seconds: 32467 [CONTEXT service_id=218 ]
04-22 05:30:10.338  4339  4423 I ThreadBrSyncService: Skip periodic Border Router sync: Wi-Fi/Ethernet network not connected [CONTEXT service_id=305 ]
04-22 05:30:10.339  1251 23812 I NetworkScheduler.Stats: Task com.google.android.gms/com.google.android.gms.threadnetwork.service.firstparty.BorderRouterSyncBoundService finished executing. cause:4 result: 2 elapsed_millis: 9 uptime_millis: 9 exec_start_elapsed_seconds: 32467 [CONTEXT service_id=218 ]
04-22 05:30:10.340  4339  4339 D BoundBrokerSvc: onUnbind: Intent { act=com.google.android.gms.threadnetwork.service.firstparty.BorderRouterSyncBoundService.ACTION_TASK_READY dat=chimera-action:/... cmp=com.google.android.gms/.chimera.GmsInternalBoundBrokerService }
04-22 05:30:10.350  1251 23866 I NetworkScheduler.Stats: Task com.google.android.gms/com.google.android.gms.checkin.EventLogService started execution. cause:5 exec_start_elapsed_seconds: 32467 [CONTEXT service_id=218 ]
04-22 05:30:10.351  4339  4416 I Checkin : [EventLogChimeraService] Opted in for usage reporting: false
04-22 05:30:10.351  4339  4416 I Checkin : [EventLogChimeraService] Aggregate from 1776805716948 (log), 1776805716948 (data)
04-22 05:30:10.355   158   158 I logd    : logdr: UID=10116 GID=10116 PID=4339 n tail=0 logMask=4 pid=0 start=0ns deadline=0ns
04-22 05:30:10.357   519  1699 I DropBoxManagerService: add tag=event_data isTagEnabled=true flags=0x2
04-22 05:30:10.358   519   549 W BroadcastQueue: Background execution not allowed: receiving Intent { act=android.intent.action.DROPBOX_ENTRY_ADDED flg=0x10 (has extras) } to com.google.android.gms/.stats.service.DropBoxEntryAddedReceiver
04-22 05:30:10.358   519   549 W BroadcastQueue: Background execution not allowed: receiving Intent { act=android.intent.action.DROPBOX_ENTRY_ADDED flg=0x10 (has extras) } to com.google.android.gms/.chimera.GmsIntentOperationService$PersistentTrustedReceiver
04-22 05:30:10.364  1251 23812 I NetworkScheduler.Stats: Task com.google.android.gms/com.google.android.gms.checkin.EventLogService finished executing. cause:5 result: 1 elapsed_millis: 16 uptime_millis: 16 exec_start_elapsed_seconds: 32467 [CONTEXT service_id=218 ]
04-22 05:30:14.115   519  1701 D WifiNl80211Manager: Scan result ready event
04-22 05:30:14.115   519  1701 D WifiNative: Scan result ready event
04-22 05:30:22.918   519   647 E WifiScoringParams: Invalid frequency(-1), using 5G as default rssi array
04-22 05:30:23.917   728   955 D EGL_emulation: app_time_stats: avg=23879.34ms min=23879.34ms max=23879.34ms count=1
04-22 05:30:26.721   519  1701 D WifiNl80211Manager: Scan result ready event
04-22 05:30:26.721   519  1701 D WifiNative: Scan result ready event
04-22 05:30:29.987 23728 23756 E assembly.android.mixc-retail-rn84.version-report: TypeError: Network request failed
04-22 05:30:29.987 23728 23756 E assembly.android.mixc-retail-rn84.version-report:     at anonymous (address at index.android.bundle:1:1915991)
04-22 05:30:31.572   293 23875 I resolv  : GetAddrInfoHandler::run: {100 786532 100 983140 10116 0}
04-22 05:30:31.573   293 23876 I resolv  : res_nmkquery: (QUERY, IN, AAAA)
04-22 05:30:31.573   293 23877 I resolv  : res_nmkquery: (QUERY, IN, A)
04-22 05:30:31.574  1251 23812 D TrafficStats: tagSocket(147) with statsTag=0x20008100, statsUid=-1
04-22 05:30:31.631   293 23876 I resolv  : res_tls_send: TLS query result: 0
04-22 05:30:31.631   293 23876 I resolv  : doQuery: rcode=0, ancount=4, return value=163
04-22 05:30:31.631   293 23877 I resolv  : res_tls_send: TLS query result: 0
04-22 05:30:31.631   293 23877 I resolv  : doQuery: rcode=0, ancount=4, return value=115
04-22 05:30:34.097   519  1701 I ActivityManager: Force stopping com.impos2.mixcretailassemblyrn84 appid=10175 user=0: from pid 23881
04-22 05:30:34.098   519  1701 I ActivityManager: Killing 23728:com.impos2.mixcretailassemblyrn84/u0a175 (adj 0): stop com.impos2.mixcretailassemblyrn84 due to from pid 23881
04-22 05:30:34.099   519  1701 W ActivityTaskManager: Force removing ActivityRecord{4e599cb u0 com.impos2.mixcretailassemblyrn84/.MainActivity} t61 f}}: app died, no saved state
04-22 05:30:34.100   519  1701 W InputManager-JNI: Input channel object '86f938f com.impos2.mixcretailassemblyrn84/com.impos2.mixcretailassemblyrn84.MainActivity (client)' was disposed without first being removed with the input manager!
04-22 05:30:34.103   335   435 W TransactionTracing: Could not find layer handle 0xb400006eb98b5f50
04-22 05:30:34.104   335   435 W TransactionTracing: Could not find layer handle 0xb400006eb98b5f50
04-22 05:30:34.105   519   551 I libprocessgroup: Successfully killed process cgroup uid 10175 pid 23728 in 6ms
04-22 05:30:34.108 22422 22422 I binder  : undelivered transaction 3087317, process died.
04-22 05:30:34.107   294   294 I Zygote  : Process 23728 exited due to signal 9 (Killed)
04-22 05:30:34.107  1921  1921 I A       : (REDACTED) onApplyWindowInsets: systemWindowInsets=%s
04-22 05:30:34.107  1921  1921 I A       : (REDACTED) onApplyWindowInsets: systemWindowInsets=%s
04-22 05:30:34.109  1921  2245 E OpenGLRenderer: Unable to match the desired swap behavior.
04-22 05:30:34.118   519   541 V WindowManager: Unknown focus tokens, dropping reportFocusChanged
04-22 05:30:34.118  1043  1728 E OpenGLRenderer: Unable to match the desired swap behavior.
04-22 05:30:34.119   519  4251 V ActivityManager: Got obituary of 23728:com.impos2.mixcretailassemblyrn84
04-22 05:30:34.119   335   435 W TransactionTracing: Could not find layer handle 0xb400006eb98b7750
04-22 05:30:34.119   335   435 W TransactionTracing: Could not find layer handle 0xb400006eb98b5170
04-22 05:30:34.119   335   335 E BpTransactionCompletedListener: Failed to transact (-32)
04-22 05:30:34.120   886   886 D CarrierSvcBindHelper: onHandleForceStop: [com.impos2.mixcretailassemblyrn84]
04-22 05:30:34.120   886   886 D CarrierSvcBindHelper: No carrier app for: 0
04-22 05:30:34.123   519   541 W ActivityManager: setHasOverlayUi called on unknown pid: 23728
04-22 05:30:34.125   790  1086 D BtGatt.ScanManager: uid 10116 isForeground true scanMode -1
04-22 05:30:34.131  1043  1043 D MainContentCaptureSession: Flushing 1 event(s) for act:com.google.android.apps.nexuslauncher/.NexusLauncherActivity [state=2 (ACTIVE), disabled=false], reason=FULL
04-22 05:30:34.132  1043  1043 D b/260135164: updateIconAlphaForHome - setIconsAlpha(0), isTaskbarPresent: true
04-22 05:30:34.133   519  1630 W AppSearchIcing: icing-search-engine.cc:217: Error: 5, Message: Document (com.google.android.googlequicksearchbox$OneSearchZeroStateGoogleSuggestions/default, zp) not found.
04-22 05:30:34.134  1043  1923 D OneSearchSuggestProvider: Created the binder channel successfully for end point service =com.google.android.apps.search.googleapp.search.suggest.plugins.onesearch.server.OneSearchSuggestService , mChannel=Q0{delegate=L0{logId=133, target=directaddress:///AndroidComponentAddress%5BIntent%20%7B%20act=grpc.io.action.BIND%20cmp=com.google.android.googlequicksearchbox/com.google.android.apps.search.googleapp.search.suggest.plugins.onesearch.server.OneSearchSuggestService%20%7D%5D}} , mOneSearchConnection=y1.J@b519bb5
04-22 05:30:34.137   335   435 W TransactionTracing: Could not find layer id -1
04-22 05:30:34.137   335   435 W TransactionTracing: Could not find layer id -1
04-22 05:30:34.137   335   435 W TransactionTracing: Could not find layer id -1
04-22 05:30:34.137   335   435 W TransactionTracing: Could not find layer id -1
04-22 05:30:34.137   335   435 W TransactionTracing: Could not find layer id -1
04-22 05:30:34.137  1921  1921 I A       : (REDACTED) onApplyWindowInsets: systemWindowInsets=%s
04-22 05:30:34.137  1921  1921 I A       : (REDACTED) onApplyWindowInsets: systemWindowInsets=%s
