04-22 05:32:50.736  1043  1043 D b/260135164: updateIconAlphaForHome - setIconsAlpha(0), isTaskbarPresent: true
04-22 05:32:50.737 23916 23942 I MMKV    : <MMKV_IO.cpp:609::writeActualSize> [mixc-retail-assembly-rn84::state] increase sequence to 77, crc 2090922588, actualSize 24973
04-22 05:32:50.737 23916 23942 I MMKV    : <MMKV.cpp:1208::sync> MMKV::sync, SyncFlag = 1
04-22 05:32:50.741 23916 23942 I MMKV    : <MMKV_IO.cpp:609::writeActualSize> [mixc-retail-assembly-rn84::secure-state] increase sequence to 6, crc 1619184288, actualSize 259
04-22 05:32:50.741 23916 23942 I MMKV    : <MMKV.cpp:1208::sync> MMKV::sync, SyncFlag = 1
04-22 05:32:50.748 23916 23942 I MMKV    : <MMKV_IO.cpp:609::writeActualSize> [mixc-retail-assembly-rn84::state] increase sequence to 78, crc 760067708, actualSize 24973
04-22 05:32:50.748 23916 23942 I MMKV    : <MMKV.cpp:1208::sync> MMKV::sync, SyncFlag = 1
04-22 05:32:50.753  1043  1043 D b/260135164: updateIconAlphaForHome - setIconsAlpha(0), isTaskbarPresent: true
04-22 05:32:50.756 23916 23942 I MMKV    : <MMKV_IO.cpp:609::writeActualSize> [mixc-retail-assembly-rn84::state] increase sequence to 79, crc 686754093, actualSize 24973
04-22 05:32:50.756 23916 23942 I MMKV    : <MMKV.cpp:1208::sync> MMKV::sync, SyncFlag = 1
04-22 05:32:50.766 23916 23942 I MMKV    : <MMKV_IO.cpp:609::writeActualSize> [mixc-retail-assembly-rn84::state] increase sequence to 80, crc 3788567439, actualSize 24973
04-22 05:32:50.766 23916 23942 I MMKV    : <MMKV.cpp:1208::sync> MMKV::sync, SyncFlag = 1
04-22 05:32:50.770  1043  1043 D b/260135164: updateIconAlphaForHome - setIconsAlpha(0), isTaskbarPresent: true
04-22 05:32:50.775 23916 23942 I MMKV    : <MMKV_IO.cpp:609::writeActualSize> [mixc-retail-assembly-rn84::state] increase sequence to 81, crc 1063455771, actualSize 24973
04-22 05:32:50.775 23916 23942 I MMKV    : <MMKV.cpp:1208::sync> MMKV::sync, SyncFlag = 1
04-22 05:32:50.782 23916 23942 I MMKV    : <MMKV_IO.cpp:609::writeActualSize> [mixc-retail-assembly-rn84::state] increase sequence to 82, crc 2090922588, actualSize 24973
04-22 05:32:50.782 23916 23942 I MMKV    : <MMKV.cpp:1208::sync> MMKV::sync, SyncFlag = 1
04-22 05:32:50.786  1043  1043 D b/260135164: updateIconAlphaForHome - setIconsAlpha(0), isTaskbarPresent: true
04-22 05:32:50.792 23916 23942 I MMKV    : <MMKV_IO.cpp:609::writeActualSize> [mixc-retail-assembly-rn84::state] increase sequence to 83, crc 760067708, actualSize 24973
04-22 05:32:50.792 23916 23942 I MMKV    : <MMKV.cpp:1208::sync> MMKV::sync, SyncFlag = 1
04-22 05:32:50.799 23916 23942 I MMKV    : <MMKV_IO.cpp:609::writeActualSize> [mixc-retail-assembly-rn84::state] increase sequence to 84, crc 686754093, actualSize 24973
04-22 05:32:50.799 23916 23942 I MMKV    : <MMKV.cpp:1208::sync> MMKV::sync, SyncFlag = 1
04-22 05:32:50.804  1043  1043 D b/260135164: updateIconAlphaForHome - setIconsAlpha(0), isTaskbarPresent: true
04-22 05:32:50.811 23916 23942 I MMKV    : <MMKV_IO.cpp:609::writeActualSize> [mixc-retail-assembly-rn84::state] increase sequence to 85, crc 3788567439, actualSize 24973
04-22 05:32:50.811 23916 23942 I MMKV    : <MMKV.cpp:1208::sync> MMKV::sync, SyncFlag = 1
04-22 05:32:50.818 23916 23942 I MMKV    : <MMKV_IO.cpp:609::writeActualSize> [mixc-retail-assembly-rn84::state] increase sequence to 86, crc 1063455771, actualSize 24973
04-22 05:32:50.818 23916 23942 I MMKV    : <MMKV.cpp:1208::sync> MMKV::sync, SyncFlag = 1
04-22 05:32:50.820  1043  1043 D b/260135164: updateIconAlphaForHome - setIconsAlpha(0), isTaskbarPresent: true
04-22 05:32:50.826 23916 23942 I MMKV    : <MMKV_IO.cpp:609::writeActualSize> [mixc-retail-assembly-rn84::secure-state] increase sequence to 7, crc 1619184288, actualSize 259
04-22 05:32:50.826 23916 23942 I MMKV    : <MMKV.cpp:1208::sync> MMKV::sync, SyncFlag = 1
04-22 05:32:50.830 23916 23942 I MMKV    : <MMKV_IO.cpp:609::writeActualSize> [mixc-retail-assembly-rn84::state] increase sequence to 87, crc 2090922588, actualSize 24973
04-22 05:32:50.830 23916 23942 I MMKV    : <MMKV.cpp:1208::sync> MMKV::sync, SyncFlag = 1
04-22 05:32:50.837  1043  1043 D b/260135164: updateIconAlphaForHome - setIconsAlpha(0), isTaskbarPresent: true
04-22 05:32:50.841 23916 23942 I MMKV    : <MMKV_IO.cpp:609::writeActualSize> [mixc-retail-assembly-rn84::state] increase sequence to 88, crc 760067708, actualSize 24973
04-22 05:32:50.841 23916 23942 I MMKV    : <MMKV.cpp:1208::sync> MMKV::sync, SyncFlag = 1
04-22 05:32:50.848 23916 23942 I MMKV    : <MMKV_IO.cpp:609::writeActualSize> [mixc-retail-assembly-rn84::state] increase sequence to 89, crc 686754093, actualSize 24973
04-22 05:32:50.848 23916 23942 I MMKV    : <MMKV.cpp:1208::sync> MMKV::sync, SyncFlag = 1
04-22 05:32:50.853  1043  1043 D b/260135164: updateIconAlphaForHome - setIconsAlpha(0), isTaskbarPresent: true
04-22 05:32:50.858 23916 23942 I MMKV    : <MMKV_IO.cpp:609::writeActualSize> [mixc-retail-assembly-rn84::state] increase sequence to 90, crc 3788567439, actualSize 24973
04-22 05:32:50.858 23916 23942 I MMKV    : <MMKV.cpp:1208::sync> MMKV::sync, SyncFlag = 1
04-22 05:32:50.866 23916 23942 I MMKV    : <MMKV_IO.cpp:609::writeActualSize> [mixc-retail-assembly-rn84::state] increase sequence to 91, crc 1063455771, actualSize 24973
04-22 05:32:50.866 23916 23942 I MMKV    : <MMKV.cpp:1208::sync> MMKV::sync, SyncFlag = 1
04-22 05:32:50.870  1043  1043 D b/260135164: updateIconAlphaForHome - setIconsAlpha(0), isTaskbarPresent: true
04-22 05:32:50.878 23916 23942 I MMKV    : <MMKV_IO.cpp:609::writeActualSize> [mixc-retail-assembly-rn84::state] increase sequence to 92, crc 2090922588, actualSize 24973
04-22 05:32:50.878 23916 23942 I MMKV    : <MMKV.cpp:1208::sync> MMKV::sync, SyncFlag = 1
04-22 05:32:50.886  1043  1043 D b/260135164: updateIconAlphaForHome - setIconsAlpha(0), isTaskbarPresent: true
04-22 05:32:50.890 23916 23942 I MMKV    : <MMKV_IO.cpp:609::writeActualSize> [mixc-retail-assembly-rn84::state] increase sequence to 93, crc 760067708, actualSize 24973
04-22 05:32:50.890 23916 23942 I MMKV    : <MMKV.cpp:1208::sync> MMKV::sync, SyncFlag = 1
04-22 05:32:50.893   519  1701 D CoreBackPreview: Window{7ed2624 u0 Splash Screen com.impos2.mixcretailassemblyrn84 EXITING}: Setting back callback null
04-22 05:32:50.893   519  4605 W InputManager-JNI: Input channel object '7ed2624 Splash Screen com.impos2.mixcretailassemblyrn84 (client)' was disposed without first being removed with the input manager!
04-22 05:32:50.899 23916 23942 I MMKV    : <MMKV_IO.cpp:609::writeActualSize> [mixc-retail-assembly-rn84::state] increase sequence to 94, crc 686754093, actualSize 24973
04-22 05:32:50.899 23916 23942 I MMKV    : <MMKV.cpp:1208::sync> MMKV::sync, SyncFlag = 1
04-22 05:32:50.903  1043  1043 D b/260135164: updateIconAlphaForHome - setIconsAlpha(0), isTaskbarPresent: true
04-22 05:32:50.920  1043  1043 D b/260135164: updateIconAlphaForHome - setIconsAlpha(0), isTaskbarPresent: true
04-22 05:32:50.921   335   435 W TransactionTracing: Could not find layer id -1
04-22 05:32:50.925  1043  1728 E OpenGLRenderer: Unable to match the desired swap behavior.
04-22 05:32:50.945   728   944 W FrameTracker: Missed SF frame:PREDICTION_ERROR, 12604773, 0, CUJ=J<SPLASHSCREEN_EXIT_ANIM>
04-22 05:32:50.945   728   944 W FrameTracker: Missing HWUI jank callback for vsyncId: 12604773, CUJ=J<SPLASHSCREEN_EXIT_ANIM>
04-22 05:32:50.945   728   944 W FrameTracker: Missing HWUI jank callback for vsyncId: 12604860, CUJ=J<SPLASHSCREEN_EXIT_ANIM>
04-22 05:32:50.945   728   944 W FrameTracker: Missing HWUI jank callback for vsyncId: 12605012, CUJ=J<SPLASHSCREEN_EXIT_ANIM>
04-22 05:32:50.945   728   944 W FrameTracker: Missing SF jank callback for vsyncId: 12605041, CUJ=J<SPLASHSCREEN_EXIT_ANIM>
04-22 05:32:50.948   790  1086 D BtGatt.ScanManager: uid 10116 isForeground true scanMode -1
04-22 05:32:50.949  1251  2427 I FontLog : Received query Noto Color Emoji Compat, URI content://com.google.android.gms.fonts [CONTEXT service_id=132 ]
04-22 05:32:50.950  1251  2427 I FontLog : Query [emojicompat-emoji-font] resolved to {Noto Color Emoji Compat, wdth 100.0, wght 400, ital 0.0, bestEffort false} [CONTEXT service_id=132 ]
04-22 05:32:50.952  1251  2427 I FontLog : Fetch {Noto Color Emoji Compat, wdth 100.0, wght 400, ital 0.0, bestEffort false} end status Status{statusCode=SUCCESS, resolution=null} [CONTEXT service_id=132 ]
04-22 05:32:50.955  1251  2427 I FontLog : Pulling font file for id = 146, cache size = 4 [CONTEXT service_id=132 ]
04-22 05:32:50.958  1251  2427 I FontLog : Pulling font file for id = 146, cache size = 4 [CONTEXT service_id=132 ]
04-22 05:32:51.074   335   435 W TransactionTracing: Could not find layer handle 0xb400006eb98b39d0
04-22 05:32:51.074   335   435 W TransactionTracing: Could not find layer handle 0xb400006eb98b6fd0
04-22 05:32:51.074   335   435 W TransactionTracing: Could not find layer handle 0xb400006eb98b3010
04-22 05:32:51.074   335   435 W TransactionTracing: Could not find layer handle 0xb400006eb98b3010
04-22 05:32:51.074   335   435 W TransactionTracing: Could not find layer handle 0xb400006eb98b6fd0
04-22 05:32:55.520 23916 23971 D ProfileInstaller: Skipping profile installation for com.impos2.mixcretailassemblyrn84
04-22 05:32:55.677  1921  1960 W earchbox:search: Reducing the number of considered missed Gc histogram windows from 324 to 100
04-22 05:32:56.975   790  1086 D BtGatt.ScanManager: uid 10116 isForeground true scanMode -1
04-22 05:33:00.007  1598  1881 I AiAiEcho: Predicting[0]: 
04-22 05:33:00.007  1598  1881 I AiAiEcho: Ranked targets strategy: SORT, count: 0, ranking metadata: 
04-22 05:33:00.008  1598  1881 I AiAiEcho: #postPredictionTargets: Sending updates to UISurface lockscreen with targets# 0
04-22 05:33:00.008  1598  1881 I AiAiEcho: #postPredictionTargets: Sending updates to UISurface home with targets# 0
04-22 05:33:00.008  1598  1881 I AiAiEcho: #postPredictionTargets: Sending updates to UISurface media_data_manager with targets# 0
04-22 05:33:00.023   728   728 D SsMediaDataProvider: Forwarding Smartspace updates []
04-22 05:33:00.032   728   955 D EGL_emulation: app_time_stats: avg=733.88ms min=8.27ms max=9343.27ms count=13
04-22 05:33:00.658 23916 23941 I ReactNativeJS: '[assembly.android.mixc-retail-rn84.websocket] connect', { url: 'ws://127.0.0.1:5810/api/v1/tdp/ws/connect?sandboxId=sandbox-kernel-base-test&terminalId=terminal_j1rgmnggrq4n&token=token_xps20yq0rq4o',
04-22 05:33:00.658 23916 23941 I ReactNativeJS:   protocol: 'ws',
04-22 05:33:00.658 23916 23941 I ReactNativeJS:   host: '127.0.0.1:5810',
04-22 05:33:00.658 23916 23941 I ReactNativeJS:   pathname: '/api/v1/tdp/ws/connect' }
04-22 05:33:00.659 23916 23942 I assembly.assembly.android.mixc-retail-rn84.transport.ws.SocketRuntime: [transport.ws] Socket connect started: kernel.base.tdp-sync-runtime-v2.socket {"profileName":"kernel.base.tdp-sync-runtime-v2.socket","serverName":"mock-terminal-platform","addressName":"local"}
04-22 05:33:00.664 23916 23972 D TrafficStats: tagSocket(116) with statsTag=0xffffffff, statsUid=-1
04-22 05:33:00.668 23916 23942 I assembly.kernel.base.runtime-shell-v2.application.KernelRuntimeAppV2: [runtime.load] kernel runtime app v2 started {"runtimeName":"assembly.android.mixc-retail-rn84","moduleDescriptors":[{"moduleName":"assembly.android.mixc-retail-rn84","packageVersion":"1.0.0","dependencies":[],"stateSliceNames":[],"commandNames":[],"actorKeys":["assembly.android.mixc-retail-rn84.AssemblyRuntimeInitializeActor"],"errorKeys":[],"parameterKeys":[],"hasInstall":true,"hasPreSetup":true},{"moduleName":"kernel.base.topology-runtime-v3","packageVersion":"0.0.1","dependencies":[],"stateSliceNames":["kernel.base.topology-runtime-v3.config","kernel.base.topology-runtime-v3.context","kernel.base.topology-runtime-v3.connection","kernel.base.topology-runtime-v3.peer","kernel.base.topology-runtime-v3.sync","kernel.base.topology-runtime-v3.request-mirror","kernel.base.topology-runtime-v3.demo.master","kernel.base.topology-runtime-v3.demo.slave"],"commandNames":["kernel.base.topology-runtime-v3.set-instance-mode","kernel.base.topology-runtime-v3.set-display-mode","kernel.base.topology-runtime-v3.set-enable-slave","kernel.base.topology-runtime-v3.set-master-locator","kernel.base.topology-runtime-v3.clear-master-locator","kernel.base.topology-runtime-v3.refresh-topology-context","kernel.base.topology-runtime-v3.start-topology-connection","kernel.base.topology-runtime-v3.stop-topology-connection","kernel.base.topology-runtime-v3.restart-topology-connection","kernel.base.topology-runtime-v3.upsert-demo-master-entry","kernel.base.topology-runtime-v3.remove-demo-master-entry","kernel.base.topology-runtime-v3.reset-demo-master-state","kernel.base.topology-runtime-v3.upsert-demo-slave-entry","kernel.base.topology-runtime-v3.remove-demo-slave-entry","kernel.base.topology-runtime-v3.reset-demo-slave-state"],"actorKeys":["kernel.base.topology-runtime-v3.TopologyContextActor","kernel.base.topology-runtime-v3.TopologyConnectionActor","kernel.base.topology-runtime-v3.TopologyDemoSyncActor"],"errorKeys":["kernel.base.topology-runtime-v3.display_context_required","kernel.base.topology-runtime-v3.orchestrator_required","kernel.base.topology-runtime-v3.socket_binding_required","kernel.base.topology-runtime-v3.hello_runtime_required","kernel.base.topology-runtime-v3.action_not_allowed"],"parameterKeys":["kernel.base.topology-runtime-v3.reconnect-interval-ms"],"hasInstall":true,"hasPreSetup":true},{"moduleName":"kernel.base.tcp-control-runtime-v2","packageVersion":"0.0.1","dependencies":[],"stateSliceNames":["kernel.base.tcp-control-runtime-v2.identity","kernel.base.tcp-control-runtime-v2.credential","kernel.base.tcp-control-runtime-v2.binding","kernel.base.tcp-control-runtime-v2.sandbox","kernel.base.tcp-control-runtime-v2.runtime"],"commandNames":["kernel.base.tcp-control-runtime-v2.bootstrap-tcp-control","kernel.base.tcp-control-runtime-v2.bootstrap-tcp-control-succeeded","kernel.base.tcp-control-runtime-v2.activate-terminal","kernel.base.tcp-control-runtime-v2.activate-terminal-succeeded","kernel.base.tcp-control-runtime-v2.refresh-credential","kernel.base.tcp-control-runtime-v2.credential-refreshed","kernel.base.tcp-control-runtime-v2.deactivate-terminal","kernel.base.tcp-control-runtime-v2.deactivate-terminal-succeeded","kernel.base.tcp-control-runtime-v2.report-task-result","kernel.base.tcp-control-runtime-v2.task-result-reported","kernel.base.tcp-control-runtime-v2.reset-tcp-control"],"actorKeys":["kernel.base.tcp-control-runtime-v2.TcpBootstrapActor","kernel.base.tcp-control-runtime-v2.TcpActivationActor","kernel.base.tcp-control-runtime-v2.TcpCredentialActor","kernel.base.tcp-control-runtime-v2.TcpDeactivationActor","kernel.base.tcp-control-runtime-v2.TcpTaskReportActor","kernel.base.tcp-control-runtime-v2.TcpStateMutationActor"],"errorKeys":["kernel.base.tcp-control-runtime-v2.activation_code_invalid","kernel.base.tcp-control-runtime-v2.activation_failed","kernel.base.tcp-control-runtime-v2.credential_missing","kernel.base.tcp-control-runtime-v2.credential_expired","kernel.base.tcp-control-runtime-v2.refresh_failed","kernel.base.tcp
04-22 05:33:00.670 23916 23942 I MMKV    : <MemoryFile.cpp:103::open> open fd[118], flag 0x7, /data/data/com.impos2.mixcretailassemblyrn84/files/mmkv/specialCharacter/c34670a355176d0b412ad7c68e58044e
04-22 05:33:00.670 23916 23942 I MMKV    : <MemoryFile.cpp:250::mmapOrCleanup> mmap to address [0x7688e9a000], oldPtr [0x0], [/data/data/com.impos2.mixcretailassemblyrn84/files/mmkv/specialCharacter/c34670a355176d0b412ad7c68e58044e]
04-22 05:33:00.670 23916 23942 I MMKV    : <MemoryFile.cpp:109::close> closing fd[118], /data/data/com.impos2.mixcretailassemblyrn84/files/mmkv/specialCharacter/c34670a355176d0b412ad7c68e58044e
04-22 05:33:00.670 23916 23942 I MMKV    : <MemoryFile.cpp:103::open> open fd[118], flag 0x7, /data/data/com.impos2.mixcretailassemblyrn84/files/mmkv/specialCharacter/c34670a355176d0b412ad7c68e58044e.crc
04-22 05:33:00.671 23916 23942 I MMKV    : <MemoryFile.cpp:250::mmapOrCleanup> mmap to address [0x7688e99000], oldPtr [0x0], [/data/data/com.impos2.mixcretailassemblyrn84/files/mmkv/specialCharacter/c34670a355176d0b412ad7c68e58044e.crc]
04-22 05:33:00.671 23916 23942 I MMKV    : <MemoryFile.cpp:103::open> open fd[119], flag 0x7, /data/data/com.impos2.mixcretailassemblyrn84/files/mmkv/specialCharacter/c34670a355176d0b412ad7c68e58044e
04-22 05:33:00.671 23916 23942 I MMKV    : <MemoryFile.cpp:109::close> closing fd[119], /data/data/com.impos2.mixcretailassemblyrn84/files/mmkv/specialCharacter/c34670a355176d0b412ad7c68e58044e
04-22 05:33:00.671 23916 23942 I MMKV    : <MMKV_IO.cpp:287::loadMetaInfoAndCheck> meta file [mixc-retail-assembly-rn84::version-report-outbox] has flag [0]
04-22 05:33:00.671 23916 23942 I MMKV    : <MMKV_IO.cpp:94::loadFromFile> loading [mixc-retail-assembly-rn84::version-report-outbox] with 463 actual size, file size 4096, InterProcess 0, meta info version:4
04-22 05:33:00.671 23916 23942 I MMKV    : <MMKV_IO.cpp:99::loadFromFile> loading [mixc-retail-assembly-rn84::version-report-outbox] with crc 2160910671 sequence 1 version 4
04-22 05:33:00.671 23916 23942 I MMKV    : <MMKV_IO.cpp:145::loadFromFile> loaded [mixc-retail-assembly-rn84::version-report-outbox] with 1 key-values
04-22 05:33:00.671 23916 23942 I assembly.android.mixc-retail-rn84.boot: {"stage":"runtime.start:done","displayIndex":0,"displayCount":1}
04-22 05:33:00.671 23916 23942 D TrafficStats: tagSocket(119) with statsTag=0xffffffff, statsUid=-1
04-22 05:33:00.672 23916 23942 I assembly.assembly.android.mixc-retail-rn84: [assembly.topology] Starting native topology host from assembly lifecycle {"displayCount":1,"displayIndex":0,"deviceId":"6Z2H3BSGEY","instanceMode":"MASTER","enableSlave":true,"reason":"master-primary-enable-slave"}
04-22 05:33:00.673   519  1654 D CompatibilityChangeReporter: Compat change id reported: 168419799; UID 10175; state: DISABLED
04-22 05:33:00.673   519  1654 D CompatibilityChangeReporter: Compat change id reported: 273564678; UID 10175; state: DISABLED
04-22 05:33:00.674   519  1654 D CompatibilityChangeReporter: Compat change id reported: 197654537; UID 10175; state: ENABLED
04-22 05:33:00.679 23916 23942 D TrafficStats: tagSocket(124) with statsTag=0xffffffff, statsUid=-1
04-22 05:33:00.680 23916 23942 I assembly.android.mixc-retail-rn84.boot: {"stage":"automation.host:start","displayIndex":0,"displayCount":1,"target":"primary","host":"127.0.0.1","port":18584,"generation":"automation-host-2-32637365902395"}
04-22 05:33:00.684 23916 23942 I assembly.assembly.android.mixc-retail-rn84: [assembly.topology] Create assembly topology socket binding {"displayIndex":0,"role":"master","localNodeId":"master:6Z2H3BSGEY","wsUrl":"ws://127.0.0.1:8888/mockMasterServer/ws","httpBaseUrl":"http://127.0.0.1:8888/mockMasterServer","resolvedServerBaseUrl":"http://127.0.0.1:8888/mockMasterServer","resolvedPathTemplate":"/ws"}
04-22 05:33:00.684 23916 23941 I ReactNativeJS: '[assembly.android.mixc-retail-rn84.websocket] connect', { url: 'ws://127.0.0.1:8888/mockMasterServer/ws',
04-22 05:33:00.684 23916 23941 I ReactNativeJS:   protocol: 'ws',
04-22 05:33:00.684 23916 23941 I ReactNativeJS:   host: '127.0.0.1:8888',
04-22 05:33:00.684 23916 23941 I ReactNativeJS:   pathname: '/mockMasterServer/ws' }
04-22 05:33:00.684 23916 23942 I assembly.assembly.android.mixc-retail-rn84.transport.ws.SocketRuntime: [transport.ws] Socket connect started: assembly.android.mixc-retail-rn84.topology {"profileName":"assembly.android.mixc-retail-rn84.topology","serverName":"dual-topology-host-v3","addressName":"dynamic-topology-host"}
04-22 05:33:00.685 23916 23942 I assembly.android.mixc-retail-rn84.boot: {"stage":"app-load-complete:start","displayIndex":0}
04-22 05:33:00.686 23916 23942 I StartupAudit: app_load_complete displayIndex=0 pid=23916 time=2026-04-22 05:33:00.685
04-22 05:33:00.686 23916 23942 I StartupAudit: secondary_launch_scheduled pid=23916 time=2026-04-22 05:33:00.686
04-22 05:33:00.687 23916 23980 D TrafficStats: tagSocket(5) with statsTag=0xffffffff, statsUid=-1
04-22 05:33:00.688 23916 23979 D TrafficStats: tagSocket(70) with statsTag=0xffffffff, statsUid=-1
04-22 05:33:00.691 23916 23982 D TrafficStats: tagSocket(125) with statsTag=0xffffffff, statsUid=-1
04-22 05:33:00.698 23916 23942 I assembly.android.mixc-retail-rn84.boot: {"stage":"app-load-complete:done","displayIndex":0}
04-22 05:33:00.699 23916 23942 I assembly.assembly.android.mixc-retail-rn84: [assembly.topology] Native topology host already matches desired lifecycle state {"displayCount":1,"displayIndex":0,"deviceId":"6Z2H3BSGEY","instanceMode":"MASTER","enableSlave":true,"running":true,"reason":"master-primary-enable-slave"}
04-22 05:33:00.699 23916 23942 I assembly.assembly.android.mixc-retail-rn84: [assembly.topology] Native topology host already matches desired lifecycle state {"displayCount":1,"displayIndex":0,"deviceId":"6Z2H3BSGEY","instanceMode":"MASTER","enableSlave":true,"running":true,"reason":"master-primary-enable-slave"}
04-22 05:33:00.699 23916 23942 I assembly.assembly.android.mixc-retail-rn84: [assembly.topology] Native topology host already matches desired lifecycle state {"displayCount":1,"displayIndex":0,"deviceId":"6Z2H3BSGEY","instanceMode":"MASTER","enableSlave":true,"running":true,"reason":"master-primary-enable-slave"}
04-22 05:33:00.699 23916 23942 I assembly.assembly.android.mixc-retail-rn84: [assembly.topology] Native topology host already matches desired lifecycle state {"displayCount":1,"displayIndex":0,"deviceId":"6Z2H3BSGEY","instanceMode":"MASTER","enableSlave":true,"running":true,"reason":"master-primary-enable-slave"}
04-22 05:33:00.701 23916 23942 I assembly.assembly.android.mixc-retail-rn84: [assembly.topology] Native topology host already matches desired lifecycle state {"displayCount":1,"displayIndex":0,"deviceId":"6Z2H3BSGEY","instanceMode":"MASTER","enableSlave":true,"running":true,"reason":"master-primary-enable-slave"}
04-22 05:33:00.701 23916 23942 I assembly.assembly.android.mixc-retail-rn84: [assembly.topology] Native topology host already matches desired lifecycle state {"displayCount":1,"displayIndex":0,"deviceId":"6Z2H3BSGEY","instanceMode":"MASTER","enableSlave":true,"running":true,"reason":"master-primary-enable-slave"}
04-22 05:33:00.701 23916 23942 I assembly.assembly.android.mixc-retail-rn84: [assembly.topology] Native topology host already matches desired lifecycle state {"displayCount":1,"displayIndex":0,"deviceId":"6Z2H3BSGEY","instanceMode":"MASTER","enableSlave":true,"running":true,"reason":"master-primary-enable-slave"}
04-22 05:33:00.716 23916 23942 I assembly.assembly.android.mixc-retail-rn84: [assembly.topology] Native topology host already matches desired lifecycle state {"displayCount":1,"displayIndex":0,"deviceId":"6Z2H3BSGEY","instanceMode":"MASTER","enableSlave":true,"running":true,"reason":"master-primary-enable-slave"}
04-22 05:33:00.717 23916 23933 D EGL_emulation: app_time_stats: avg=2549.69ms min=18.37ms max=9910.56ms count=4
04-22 05:33:00.717 23916 23942 I assembly.assembly.android.mixc-retail-rn84: [assembly.topology] Native topology host already matches desired lifecycle state {"displayCount":1,"displayIndex":0,"deviceId":"6Z2H3BSGEY","instanceMode":"MASTER","enableSlave":true,"running":true,"reason":"master-primary-enable-slave"}
04-22 05:33:00.717 23916 23942 I assembly.assembly.android.mixc-retail-rn84: [assembly.topology] Native topology host already matches desired lifecycle state {"displayCount":1,"displayIndex":0,"deviceId":"6Z2H3BSGEY","instanceMode":"MASTER","enableSlave":true,"running":true,"reason":"master-primary-enable-slave"}
04-22 05:33:00.718 23916 23942 I assembly.assembly.android.mixc-retail-rn84: [assembly.topology] Native topology host already matches desired lifecycle state {"displayCount":1,"displayIndex":0,"deviceId":"6Z2H3BSGEY","instanceMode":"MASTER","enableSlave":true,"running":true,"reason":"master-primary-enable-slave"}
04-22 05:33:01.590  1251 23896 D TrafficStats: tagSocket(81) with statsTag=0x20008100, statsUid=-1
04-22 05:33:02.225 23916 23933 D EGL_emulation: app_time_stats: avg=1508.10ms min=1508.10ms max=1508.10ms count=1
04-22 05:33:02.922   519   647 E WifiScoringParams: Invalid frequency(-1), using 5G as default rssi array
04-22 05:33:06.704   519  4251 D WifiNl80211Manager: Scan result ready event
04-22 05:33:06.705   519  4251 D WifiNative: Scan result ready event
04-22 05:33:13.423   317   317 E android.hardware.power.stats@1.0-service-mock: Failed to getEnergyData
04-22 05:33:24.028   728   955 D EGL_emulation: app_time_stats: avg=23995.34ms min=23995.34ms max=23995.34ms count=1
04-22 05:33:50.316   519  4605 W BatteryExternalStatsWorker: error reading Bluetooth stats: 11
04-22 05:33:55.695 23916 23976 D TrafficStats: tagSocket(95) with statsTag=0xffffffff, statsUid=-1
04-22 05:34:00.010  1598  1881 I AiAiEcho: Predicting[0]: 
04-22 05:34:00.010  1598  1881 I AiAiEcho: Ranked targets strategy: SORT, count: 0, ranking metadata: 
04-22 05:34:00.011  1598  1881 I AiAiEcho: #postPredictionTargets: Sending updates to UISurface lockscreen with targets# 0
04-22 05:34:00.011  1598  1881 I AiAiEcho: #postPredictionTargets: Sending updates to UISurface home with targets# 0
04-22 05:34:00.011  1598  1881 I AiAiEcho: #postPredictionTargets: Sending updates to UISurface media_data_manager with targets# 0
04-22 05:34:00.024   728   728 D SsMediaDataProvider: Forwarding Smartspace updates []
04-22 05:34:00.033   728   955 D EGL_emulation: app_time_stats: avg=36005.12ms min=36005.12ms max=36005.12ms count=1
04-22 05:34:04.027   728   955 D EGL_emulation: app_time_stats: avg=3993.96ms min=3993.96ms max=3993.96ms count=1
04-22 05:34:15.707 23916 23982 D TrafficStats: tagSocket(95) with statsTag=0xffffffff, statsUid=-1
04-22 05:34:16.599  1251 23986 D TrafficStats: tagSocket(81) with statsTag=0x20008100, statsUid=-1
04-22 05:34:44.048   728   955 D EGL_emulation: app_time_stats: avg=40021.36ms min=40021.36ms max=40021.36ms count=1
04-22 05:35:00.009  1598  1881 I AiAiEcho: Predicting[0]: 
04-22 05:35:00.009  1598  1881 I AiAiEcho: Ranked targets strategy: SORT, count: 0, ranking metadata: 
04-22 05:35:00.010  1598  1881 I AiAiEcho: #postPredictionTargets: Sending updates to UISurface lockscreen with targets# 0
04-22 05:35:00.011  1598  1881 I AiAiEcho: #postPredictionTargets: Sending updates to UISurface home with targets# 0
04-22 05:35:00.011  1598  1881 I AiAiEcho: #postPredictionTargets: Sending updates to UISurface media_data_manager with targets# 0
04-22 05:35:00.021   728   728 D SsMediaDataProvider: Forwarding Smartspace updates []
04-22 05:35:00.031   728   955 D EGL_emulation: app_time_stats: avg=15982.14ms min=15982.14ms max=15982.14ms count=1
04-22 05:35:13.424   317   317 E android.hardware.power.stats@1.0-service-mock: Failed to getEnergyData
04-22 05:35:14.806 23916 23942 I assembly.assembly.android.mixc-retail-rn84: [assembly.topology] Native topology host already matches desired lifecycle state {"displayCount":1,"displayIndex":0,"deviceId":"6Z2H3BSGEY","instanceMode":"MASTER","enableSlave":true,"running":true,"reason":"master-primary-enable-slave"}
04-22 05:35:14.808 23916 23942 I MMKV    : <MMKV_IO.cpp:609::writeActualSize> [mixc-retail-assembly-rn84::state] increase sequence to 95, crc 3613455254, actualSize 24973
04-22 05:35:14.808 23916 23942 I MMKV    : <MMKV.cpp:1208::sync> MMKV::sync, SyncFlag = 1
04-22 05:35:14.810 23916 23942 I assembly.assembly.android.mixc-retail-rn84: [assembly.topology] Native topology host already matches desired lifecycle state {"displayCount":1,"displayIndex":0,"deviceId":"6Z2H3BSGEY","instanceMode":"MASTER","enableSlave":true,"running":true,"reason":"master-primary-enable-slave"}
04-22 05:35:14.810 23916 23942 I assembly.assembly.android.mixc-retail-rn84: [assembly.topology] Native topology host already matches desired lifecycle state {"displayCount":1,"displayIndex":0,"deviceId":"6Z2H3BSGEY","instanceMode":"MASTER","enableSlave":true,"running":true,"reason":"master-primary-enable-slave"}
04-22 05:35:14.811 23916 23942 I assembly.assembly.android.mixc-retail-rn84: [assembly.topology] Native topology host already matches desired lifecycle state {"displayCount":1,"displayIndex":0,"deviceId":"6Z2H3BSGEY","instanceMode":"MASTER","enableSlave":true,"running":true,"reason":"master-primary-enable-slave"}
04-22 05:35:14.811 23916 23942 I assembly.assembly.android.mixc-retail-rn84: [assembly.topology] Native topology host already matches desired lifecycle state {"displayCount":1,"displayIndex":0,"deviceId":"6Z2H3BSGEY","instanceMode":"MASTER","enableSlave":true,"running":true,"reason":"master-primary-enable-slave"}
04-22 05:35:14.813 23916 23992 D TrafficStats: tagSocket(103) with statsTag=0xffffffff, statsUid=-1
04-22 05:35:14.814 23916 23942 I MMKV    : <MMKV_IO.cpp:609::writeActualSize> [mixc-retail-assembly-rn84::state] increase sequence to 96, crc 415413735, actualSize 30249
04-22 05:35:14.814 23916 23942 I MMKV    : <MMKV.cpp:1208::sync> MMKV::sync, SyncFlag = 1
04-22 05:35:14.816 23916 23942 I MMKV    : <MMKV_IO.cpp:609::writeActualSize> [mixc-retail-assembly-rn84::secure-state] increase sequence to 8, crc 2579017981, actualSize 259
04-22 05:35:14.816 23916 23942 I MMKV    : <MMKV.cpp:1208::sync> MMKV::sync, SyncFlag = 1
04-22 05:35:14.820 23916 23942 I MMKV    : <MMKV_IO.cpp:609::writeActualSize> [mixc-retail-assembly-rn84::state] increase sequence to 97, crc 3000008843, actualSize 30249
04-22 05:35:14.820 23916 23942 I MMKV    : <MMKV.cpp:1208::sync> MMKV::sync, SyncFlag = 1
04-22 05:35:29.831 23916 23992 D TrafficStats: tagSocket(103) with statsTag=0xffffffff, statsUid=-1
04-22 05:35:29.866 23916 23942 I assembly.assembly.android.mixc-retail-rn84: [assembly.topology] Native topology host already matches desired lifecycle state {"displayCount":1,"displayIndex":0,"deviceId":"6Z2H3BSGEY","instanceMode":"MASTER","enableSlave":true,"running":true,"reason":"master-primary-enable-slave"}
04-22 05:35:29.867 23916 23942 I assembly.assembly.android.mixc-retail-rn84.hot-update.PrepareHotUpdateRestart: [assembly.hot-update] Preparing hot update restart countdown {"releaseId":"release_jn5atz9q6xyk","packageId":"pkg_9k94k0kk6ilf","bundleVersion":"1.0.0+ota.2","mode":"immediate","overlayId":"assembly.hot-update.progress","countdownSeconds":3}
04-22 05:35:29.869 23916 23942 I assembly.assembly.android.mixc-retail-rn84: [assembly.topology] Native topology host already matches desired lifecycle state {"displayCount":1,"displayIndex":0,"deviceId":"6Z2H3BSGEY","instanceMode":"MASTER","enableSlave":true,"running":true,"reason":"master-primary-enable-slave"}
04-22 05:35:29.869 23916 23942 I assembly.assembly.android.mixc-retail-rn84: [assembly.topology] Native topology host already matches desired lifecycle state {"displayCount":1,"displayIndex":0,"deviceId":"6Z2H3BSGEY","instanceMode":"MASTER","enableSlave":true,"running":true,"reason":"master-primary-enable-slave"}
04-22 05:35:29.869 23916 23942 I assembly.assembly.android.mixc-retail-rn84.hot-update.PrepareHotUpdateRestart: [assembly.hot-update] Hot update progress overlay opened {"overlayId":"assembly.hot-update.progress"}
04-22 05:35:29.869 23916 23942 I assembly.assembly.android.mixc-retail-rn84: [assembly.topology] Native topology host already matches desired lifecycle state {"displayCount":1,"displayIndex":0,"deviceId":"6Z2H3BSGEY","instanceMode":"MASTER","enableSlave":true,"running":true,"reason":"master-primary-enable-slave"}
04-22 05:35:29.870 23916 23942 I assembly.assembly.android.mixc-retail-rn84: [assembly.topology] Native topology host already matches desired lifecycle state {"displayCount":1,"displayIndex":0,"deviceId":"6Z2H3BSGEY","instanceMode":"MASTER","enableSlave":true,"running":true,"reason":"master-primary-enable-slave"}
04-22 05:35:29.872 23916 23942 I MMKV    : <MMKV_IO.cpp:609::writeActualSize> [mixc-retail-assembly-rn84::state] increase sequence to 98, crc 128658702, actualSize 30706
04-22 05:35:29.873 23916 23942 I MMKV    : <MMKV.cpp:1208::sync> MMKV::sync, SyncFlag = 1
04-22 05:35:29.877 23916 23942 I MMKV    : <MMKV_IO.cpp:609::writeActualSize> [mixc-retail-assembly-rn84::state] increase sequence to 99, crc 2313145329, actualSize 31991
04-22 05:35:29.877 23916 23942 I MMKV    : <MMKV.cpp:1208::sync> MMKV::sync, SyncFlag = 1
04-22 05:35:29.880 23916 23942 I MMKV    : <MMKV_IO.cpp:609::writeActualSize> [mixc-retail-assembly-rn84::state] increase sequence to 100, crc 4147201606, actualSize 31991
04-22 05:35:29.880 23916 23942 I MMKV    : <MMKV.cpp:1208::sync> MMKV::sync, SyncFlag = 1
04-22 05:35:29.888 23916 23942 I MMKV    : <MMKV_IO.cpp:609::writeActualSize> [mixc-retail-assembly-rn84::state] increase sequence to 101, crc 3527028509, actualSize 31991
04-22 05:35:29.888 23916 23942 I MMKV    : <MMKV.cpp:1208::sync> MMKV::sync, SyncFlag = 1
04-22 05:35:29.917 23916 23933 D EGL_emulation: app_time_stats: avg=9832.23ms min=1.21ms max=147459.56ms count=15
04-22 05:35:29.919   335   435 W TransactionTracing: Could not find layer id -1
04-22 05:35:29.920   335   435 W TransactionTracing: Could not find layer id -1
04-22 05:35:30.727 23916 23982 D TrafficStats: tagSocket(95) with statsTag=0xffffffff, statsUid=-1
04-22 05:35:30.841   519   644 W BestClock: java.time.DateTimeException: Missing NTP fix
04-22 05:35:30.859   293   752 I netd    : tetherGetStats() -> {[]} <1.34ms>
04-22 05:35:30.861   519   644 W BestClock: java.time.DateTimeException: Missing NTP fix
04-22 05:35:30.862   293   752 I netd    : bandwidthSetGlobalAlert(2097152) <0.18ms>
04-22 05:35:30.862   519   645 W BestClock: java.time.DateTimeException: Missing NTP fix
04-22 05:35:30.862   519   645 W BestClock: java.time.DateTimeException: Missing NTP fix
04-22 05:35:30.863   519   645 W BestClock: java.time.DateTimeException: Missing NTP fix
04-22 05:35:30.864   293   752 I netd    : bandwidthRemoveInterfaceQuota(eth0) <0.76ms>
04-22 05:35:30.864   293   752 I netd    : bandwidthSetInterfaceQuota(eth0, 9223372036854775807) <0.45ms>
04-22 05:35:30.865   519   645 W BestClock: java.time.DateTimeException: Missing NTP fix
04-22 05:35:30.866   519   645 W BestClock: java.time.DateTimeException: Missing NTP fix
04-22 05:35:30.866   519   645 W BestClock: java.time.DateTimeException: Missing NTP fix
04-22 05:35:30.949 23916 23933 D EGL_emulation: app_time_stats: avg=514.42ms min=3.39ms max=1025.44ms count=2
04-22 05:35:31.605  1251 23988 D TrafficStats: tagSocket(81) with statsTag=0x20008100, statsUid=-1
04-22 05:35:31.996 23916 23933 D EGL_emulation: app_time_stats: avg=1047.51ms min=1047.51ms max=1047.51ms count=1
04-22 05:35:32.888 23916 23942 I assembly.assembly.android.mixc-retail-rn84.hot-update.PrepareHotUpdateRestart: [assembly.hot-update] Hot update progress countdown finished {"overlayId":"assembly.hot-update.progress"}
04-22 05:35:32.892 23916 23942 I assembly.assembly.android.mixc-retail-rn84: [assembly.topology] Native topology host already matches desired lifecycle state {"displayCount":1,"displayIndex":0,"deviceId":"6Z2H3BSGEY","instanceMode":"MASTER","enableSlave":true,"running":true,"reason":"master-primary-enable-slave"}
04-22 05:35:32.892 23916 23942 I assembly.assembly.android.mixc-retail-rn84.hot-update.PrepareHotUpdateRestart: [assembly.hot-update] Dispatched hot update progress overlay close command {"overlayId":"assembly.hot-update.progress"}
04-22 05:35:32.892 23916 23942 I assembly.assembly.android.mixc-retail-rn84.hot-update.PrepareHotUpdateRestart: [assembly.hot-update] Hot update progress overlay removed before restart {"overlayId":"assembly.hot-update.progress"}
04-22 05:35:32.893 23916 23916 I StartupAudit: restart_requested hasSecondary=false pid=23916 time=2026-04-22 05:35:32.893
04-22 05:35:32.894 23916 23942 I assembly.assembly.android.mixc-retail-rn84: [assembly.topology] Native topology host already matches desired lifecycle state {"displayCount":1,"displayIndex":0,"deviceId":"6Z2H3BSGEY","instanceMode":"MASTER","enableSlave":true,"running":true,"reason":"master-primary-enable-slave"}
04-22 05:35:32.894 23916 23916 I StartupAudit: topology_host_stopping pid=23916 time=2026-04-22 05:35:32.894
04-22 05:35:32.896 23916 23916 I StartupAudit: topology_host_stopped pid=23916 time=2026-04-22 05:35:32.896
04-22 05:35:32.897 23916 23942 I MMKV    : <MMKV_IO.cpp:609::writeActualSize> [mixc-retail-assembly-rn84::state] increase sequence to 102, crc 229172476, actualSize 31991
04-22 05:35:32.897 23916 23942 I MMKV    : <MMKV.cpp:1208::sync> MMKV::sync, SyncFlag = 1
04-22 05:35:32.897 23916 23916 I HotUpdateBundleResolver: bundle_resolved source=restart-peek bundleFile=/data/user/0/com.impos2.mixcretailassemblyrn84/files/hot-updates/packages/pkg_9k94k0kk6ilf/index.android.bundle bundleVersion=1.0.0+ota.2 packageId=pkg_9k94k0kk6ilf bootAttempt=0 pid=23916
04-22 05:35:32.897 23916 23916 I StartupAudit: hot_update_process_relaunch_requested bundleFile=/data/user/0/com.impos2.mixcretailassemblyrn84/files/hot-updates/packages/pkg_9k94k0kk6ilf/index.android.bundle pid=23916 time=2026-04-22 05:35:32.897
04-22 05:35:32.899   519  4251 I ActivityTaskManager: START u0 {act=android.intent.action.MAIN cat=[android.intent.category.LAUNCHER] flg=0x10008000 pkg=com.impos2.mixcretailassemblyrn84 cmp=com.impos2.mixcretailassemblyrn84/.MainActivity} from uid 10175
04-22 05:35:32.899 23916 23942 I assembly.assembly.android.mixc-retail-rn84: [assembly.topology] Native topology host already matches desired lifecycle state {"displayCount":1,"displayIndex":0,"deviceId":"6Z2H3BSGEY","instanceMode":"MASTER","enableSlave":true,"running":true,"reason":"master-primary-enable-slave"}
04-22 05:35:32.900 23916 23942 I assembly.assembly.android.mixc-retail-rn84: [assembly.topology] Native topology host already matches desired lifecycle state {"displayCount":1,"displayIndex":0,"deviceId":"6Z2H3BSGEY","instanceMode":"MASTER","enableSlave":true,"running":true,"reason":"master-primary-enable-slave"}
04-22 05:35:32.900 23916 23942 I assembly.assembly.android.mixc-retail-rn84: [assembly.topology] Native topology host already matches desired lifecycle state {"displayCount":1,"displayIndex":0,"deviceId":"6Z2H3BSGEY","instanceMode":"MASTER","enableSlave":true,"running":true,"reason":"master-primary-enable-slave"}
04-22 05:35:32.900 23916 23942 I assembly.assembly.android.mixc-retail-rn84: [assembly.topology] Native topology host already matches desired lifecycle state {"displayCount":1,"displayIndex":0,"deviceId":"6Z2H3BSGEY","instanceMode":"MASTER","enableSlave":true,"running":true,"reason":"master-primary-enable-slave"}
04-22 05:35:32.900   519  4251 D CompatibilityChangeReporter: Compat change id reported: 265464455; UID 10175; state: DISABLED
04-22 05:35:32.900   519  4251 D CompatibilityChangeReporter: Compat change id reported: 265452344; UID 10175; state: DISABLED
04-22 05:35:32.900   519  4251 D CompatibilityChangeReporter: Compat change id reported: 266124927; UID 10175; state: DISABLED
04-22 05:35:32.900   519  4251 D CompatibilityChangeReporter: Compat change id reported: 265451093; UID 10175; state: DISABLED
04-22 05:35:32.900 23916 23942 I assembly.assembly.android.mixc-retail-rn84: [assembly.topology] Native topology host already matches desired lifecycle state {"displayCount":1,"displayIndex":0,"deviceId":"6Z2H3BSGEY","instanceMode":"MASTER","enableSlave":true,"running":true,"reason":"master-primary-enable-slave"}
04-22 05:35:32.900   519  4251 D CompatibilityChangeReporter: Compat change id reported: 265456536; UID 10175; state: DISABLED
04-22 05:35:32.900   519  4251 D CompatibilityChangeReporter: Compat change id reported: 255940284; UID 10175; state: DISABLED
04-22 05:35:32.900   519  4251 D CompatibilityChangeReporter: Compat change id reported: 236283604; UID 10175; state: DISABLED
04-22 05:35:32.900   519  4251 D CompatibilityChangeReporter: Compat change id reported: 263959004; UID 10175; state: DISABLED
04-22 05:35:32.900   519  4251 D CompatibilityChangeReporter: Compat change id reported: 264304459; UID 10175; state: DISABLED
04-22 05:35:32.900   519  4251 D CompatibilityChangeReporter: Compat change id reported: 264301586; UID 10175; state: DISABLED
04-22 05:35:32.900   519  4251 D CompatibilityChangeReporter: Compat change id reported: 254631730; UID 10175; state: DISABLED
04-22 05:35:32.900   519  4251 D CompatibilityChangeReporter: Compat change id reported: 273509367; UID 10175; state: DISABLED
04-22 05:35:32.900   519  4251 D CompatibilityChangeReporter: Compat change id reported: 263259275; UID 10175; state: DISABLED
04-22 05:35:32.900   519  4251 D CompatibilityChangeReporter: Compat change id reported: 194480991; UID 10175; state: ENABLED
04-22 05:35:32.901   519  4251 D CompatibilityChangeReporter: Compat change id reported: 174042980; UID 10175; state: DISABLED
04-22 05:35:32.908   519  4251 D CompatibilityChangeReporter: Compat change id reported: 184838306; UID 10175; state: DISABLED
04-22 05:35:32.908   519  4251 D CompatibilityChangeReporter: Compat change id reported: 185004937; UID 10175; state: DISABLED
04-22 05:35:32.908   519  4251 D CompatibilityChangeReporter: Compat change id reported: 181136395; UID 10175; state: DISABLED
04-22 05:35:32.908   519  4251 D CompatibilityChangeReporter: Compat change id reported: 174042936; UID 10175; state: DISABLED
04-22 05:35:32.909   519  4251 D CompatibilityChangeReporter: Compat change id reported: 205907456; UID 10175; state: ENABLED
04-22 05:35:32.910   519  4251 D CompatibilityChangeReporter: Compat change id reported: 194833441; UID 10175; state: ENABLED
04-22 05:35:32.911   519  4251 W ActivityTaskManager: Duplicate finish request for r=ActivityRecord{5e5c551 u0 com.impos2.mixcretailassemblyrn84/.MainActivity} t62 f}}
04-22 05:35:32.911 23916 23916 I AppRestartManager: Exiting current process for hot update relaunch
04-22 05:35:32.911   728   946 D SplashScreenView: Build android.window.SplashScreenView{e066cde V.E...... ......ID 0,0-0,0}
04-22 05:35:32.911   728   946 D SplashScreenView: Icon: view: null drawable: null size: 0
04-22 05:35:32.911   728   946 D SplashScreenView: Branding: view: android.view.View{f9c2ebf G.ED..... ......I. 0,0-0,0 #10204dc android:id/splashscreen_branding_view} drawable: null size w: 0 h: 0
04-22 05:35:32.911 23916 23916 I ailassemblyrn84: System.exit called, status: 0
04-22 05:35:32.912 23916 23916 I AndroidRuntime: VM exiting with result code 0, cleanup skipped.
04-22 05:35:32.914   728   955 W Parcel  : Expecting binder but got null!
04-22 05:35:32.916   519  4251 D CoreBackPreview: Window{57605f1 u0 Splash Screen com.impos2.mixcretailassemblyrn84}: Setting back callback OnBackInvokedCallbackInfo{mCallback=android.window.IOnBackInvokedCallback$Stub$Proxy@5598057, mPriority=0}
04-22 05:35:32.925   519  1699 I ActivityManager: Process com.impos2.mixcretailassemblyrn84 (pid 23916) has died: fg  TOP 
04-22 05:35:32.925   519  4605 I WindowManager: WIN DEATH: Window{ca47db5 u0 com.impos2.mixcretailassemblyrn84/com.impos2.mixcretailassemblyrn84.MainActivity}
04-22 05:35:32.926   728   955 E OpenGLRenderer: Unable to match the desired swap behavior.
04-22 05:35:32.926   519  4605 W InputManager-JNI: Input channel object 'ca47db5 com.impos2.mixcretailassemblyrn84/com.impos2.mixcretailassemblyrn84.MainActivity (client)' was disposed without first being removed with the input manager!
04-22 05:35:32.926   519   551 I libprocessgroup: Successfully killed process cgroup uid 10175 pid 23916 in 0ms
04-22 05:35:32.927   519  1699 W ActivityManager: Scheduling restart of crashed service com.impos2.mixcretailassemblyrn84/com.impos2.adapterv2.topologyhostv3.TopologyHostV3Service in 1000ms for start-requested
04-22 05:35:32.929   519   541 D CompatibilityChangeReporter: Compat change id reported: 135634846; UID 10175; state: DISABLED
04-22 05:35:32.929   519   541 D CompatibilityChangeReporter: Compat change id reported: 177438394; UID 10175; state: DISABLED
04-22 05:35:32.929   519   541 D CompatibilityChangeReporter: Compat change id reported: 135772972; UID 10175; state: DISABLED
04-22 05:35:32.929   519   541 D CompatibilityChangeReporter: Compat change id reported: 135754954; UID 10175; state: ENABLED
04-22 05:35:32.931   519   550 D CompatibilityChangeReporter: Compat change id reported: 143937733; UID 10175; state: ENABLED
04-22 05:35:32.936   335   335 E ClientCache: failed to get buffer, invalid process token
04-22 05:35:32.937   294   294 D Zygote  : Forked child process 24005
04-22 05:35:32.937   294   294 I Zygote  : Process 23916 exited cleanly (0)
04-22 05:35:32.937   519   550 I ActivityManager: Start proc 24005:com.impos2.mixcretailassemblyrn84/u0a175 for top-activity {com.impos2.mixcretailassemblyrn84/com.impos2.mixcretailassemblyrn84.MainActivity}
04-22 05:35:32.938   519   541 V WindowManager: Unknown focus tokens, dropping reportFocusChanged
04-22 05:35:32.943 24005 24005 I ailassemblyrn84: Using CollectorTypeCC GC.
04-22 05:35:32.948   382   431 I adbd    : jdwp connection from 24005
04-22 05:35:32.956 24005 24005 D CompatibilityChangeReporter: Compat change id reported: 171979766; UID 10175; state: ENABLED
04-22 05:35:32.961 24005 24005 D nativeloader: Configuring classloader-namespace for other apk /data/app/~~wh3it5ii-oku7gh1MHYElA==/com.impos2.mixcretailassemblyrn84-pWx1YJd1fLAFIA006It7Jw==/base.apk. target_sdk_version=36, uses_libraries=, library_path=/data/app/~~wh3it5ii-oku7gh1MHYElA==/com.impos2.mixcretailassemblyrn84-pWx1YJd1fLAFIA006It7Jw==/lib/arm64:/data/app/~~wh3it5ii-oku7gh1MHYElA==/com.impos2.mixcretailassemblyrn84-pWx1YJd1fLAFIA006It7Jw==/base.apk!/lib/arm64-v8a, permitted_path=/data:/mnt/expand:/data/user/0/com.impos2.mixcretailassemblyrn84
04-22 05:35:32.975   519  7780 W Parcel  : Expecting binder but got null!
04-22 05:35:32.979   519  7780 W Parcel  : Expecting binder but got null!
04-22 05:35:32.985 24005 24005 V GraphicsEnvironment: ANGLE Developer option for 'com.impos2.mixcretailassemblyrn84' set to: 'default'
04-22 05:35:32.985 24005 24005 V GraphicsEnvironment: ANGLE GameManagerService for com.impos2.mixcretailassemblyrn84: false
04-22 05:35:32.985 24005 24005 V GraphicsEnvironment: Neither updatable production driver nor prerelease driver is supported.
04-22 05:35:32.987 24005 24005 D NetworkSecurityConfig: Using Network Security Config from resource network_security_config debugBuild: false
04-22 05:35:32.988 24005 24005 D NetworkSecurityConfig: Using Network Security Config from resource network_security_config debugBuild: false
04-22 05:35:32.994 24005 24005 W SoLoader: Initializing SoLoader: 0
04-22 05:35:32.994 24005 24005 W SoLoader: Recording new base apk path: /data/app/~~wh3it5ii-oku7gh1MHYElA==/com.impos2.mixcretailassemblyrn84-pWx1YJd1fLAFIA006It7Jw==/base.apk
04-22 05:35:32.994 24005 24005 W SoLoader: Previously recorded 0 base apk paths.
04-22 05:35:32.995 24005 24005 I SoLoader: Preparing SO source: DirectorySoSource[root = /vendor/lib64 flags = 2]
04-22 05:35:32.995 24005 24005 I SoLoader: Preparing SO source: DirectorySoSource[root = /system/lib64 flags = 2]
04-22 05:35:32.995 24005 24005 I SoLoader: Preparing SO source: DirectApkSoSource[root = [/data/app/~~wh3it5ii-oku7gh1MHYElA==/com.impos2.mixcretailassemblyrn84-pWx1YJd1fLAFIA006It7Jw==/base.apk!/lib/arm64-v8a]]
04-22 05:35:32.996 24005 24005 I SoLoader: Preparing SO source: ApplicationSoSource[DirectorySoSource[root = /data/app/~~wh3it5ii-oku7gh1MHYElA==/com.impos2.mixcretailassemblyrn84-pWx1YJd1fLAFIA006It7Jw==/lib/arm64 flags = 0]]
04-22 05:35:32.996 24005 24005 I SoLoader: init finish: 4 SO sources prepared
04-22 05:35:32.996 24005 24005 W SoLoader: SoLoader initialized: 8
04-22 05:35:33.000 24005 24005 D jni_lib_merge: Entering merged library JNI_OnLoad.
04-22 05:35:33.000 24005 24005 D jni_lib_merge: Preparing 12 pre-merged libs (including stub)
04-22 05:35:33.000 24005 24005 D jni_lib_merge: Preparing to register libfabricjni_so.  onload_func: 0x735c5afa50
04-22 05:35:33.000 24005 24005 D jni_lib_merge: Preparing to register libreact_devsupportjni_so.  onload_func: 0x735c67336c
04-22 05:35:33.000 24005 24005 D jni_lib_merge: Preparing to register libreact_featureflagsjni_so.  onload_func: 0x735c68dba8
04-22 05:35:33.000 24005 24005 D jni_lib_merge: Preparing to register libreact_newarchdefaults_so.  onload_func: 0x735c6cbd74
04-22 05:35:33.000 24005 24005 D jni_lib_merge: Preparing to register libreactnativeblob_so.  onload_func: 0x735c76ca4c
04-22 05:35:33.000 24005 24005 D jni_lib_merge: Preparing to register libreactnativejni_so.  onload_func: 0x735c7819e4
04-22 05:35:33.000 24005 24005 D jni_lib_merge: Preparing to register libreactnativejni_common_so.  onload_func: 0x735c784be0
04-22 05:35:33.000 24005 24005 D jni_lib_merge: Preparing to register librninstance_so.  onload_func: 0x735c7a1778
04-22 05:35:33.000 24005 24005 D jni_lib_merge: Preparing to register libturbomodulejsijni_so.  onload_func: 0x735c84b0e0
04-22 05:35:33.000 24005 24005 D jni_lib_merge: Preparing to register libuimanagerjni_so.  onload_func: 0x735c851b00
04-22 05:35:33.000 24005 24005 D jni_lib_merge: Preparing to register libyoga_so.  onload_func: 0x735c8590c4
04-22 05:35:33.000 24005 24005 D jni_lib_merge: About to register 11 actual methods.
04-22 05:35:33.002 24005 24005 D jni_lib_merge: Entering merged library JNI_OnLoad.
04-22 05:35:33.002 24005 24005 D jni_lib_merge: Preparing 12 pre-merged libs (including stub)
04-22 05:35:33.002 24005 24005 D jni_lib_merge: Preparing to register libfabricjni_so.  onload_func: 0x735c5afa50
04-22 05:35:33.002 24005 24005 D jni_lib_merge: Preparing to register libreact_devsupportjni_so.  onload_func: 0x735c67336c
04-22 05:35:33.002 24005 24005 D jni_lib_merge: Preparing to register libreact_featureflagsjni_so.  onload_func: 0x735c68dba8
04-22 05:35:33.002 24005 24005 D jni_lib_merge: Preparing to register libreact_newarchdefaults_so.  onload_func: 0x735c6cbd74
