04-22 05:50:46.880 I/assembly.kernel.base.runtime-shell-v2.application.KernelRuntimeAppV2(24757): [runtime.load] completed module pre-setup {"moduleName":"ui.base.input-runtime","packageVersion":"0.0.1","dependencies":[],"stateSliceNames":[],"commandNames":[],"actorKeys":[],"errorKeys":[],"parameterKeys":[],"hasInstall":true,"hasPreSetup":true}
04-22 05:50:46.880 I/assembly.assembly.android.mixc-retail-rn84(24757): [runtime.load] pre-setup ui.base.admin-console {"moduleName":"ui.base.admin-console","runtimeNodeId":"master:6Z2H3BSGEY","knownModules":["assembly.android.mixc-retail-rn84","kernel.base.topology-runtime-v3","kernel.base.tcp-control-runtime-v2","kernel.base.tdp-sync-runtime-v2","kernel.base.workflow-runtime-v2","kernel.base.ui-runtime-v2","ui.base.runtime-react","ui.base.input-runtime","ui.base.admin-console","ui.base.terminal-console","ui.integration.retail-shell"]}
04-22 05:50:46.880 I/assembly.kernel.base.runtime-shell-v2.application.KernelRuntimeAppV2(24757): [runtime.load] completed module pre-setup {"moduleName":"ui.base.admin-console","packageVersion":"0.0.1","dependencies":[],"stateSliceNames":["ui.base.admin-console.console"],"commandNames":["ui.base.admin-console.scan-and-import-topology-master"],"actorKeys":["ui.base.admin-console.AdminTopologyActor"],"errorKeys":[],"parameterKeys":[],"hasInstall":true,"hasPreSetup":true}
04-22 05:50:46.880 I/assembly.assembly.android.mixc-retail-rn84(24757): [runtime.load] pre-setup ui.base.terminal-console {"moduleName":"ui.base.terminal-console","runtimeNodeId":"master:6Z2H3BSGEY","knownModules":["assembly.android.mixc-retail-rn84","kernel.base.topology-runtime-v3","kernel.base.tcp-control-runtime-v2","kernel.base.tdp-sync-runtime-v2","kernel.base.workflow-runtime-v2","kernel.base.ui-runtime-v2","ui.base.runtime-react","ui.base.input-runtime","ui.base.admin-console","ui.base.terminal-console","ui.integration.retail-shell"]}
04-22 05:50:46.880 I/assembly.kernel.base.runtime-shell-v2.application.KernelRuntimeAppV2(24757): [runtime.load] completed module pre-setup {"moduleName":"ui.base.terminal-console","packageVersion":"0.0.1","dependencies":[],"stateSliceNames":[],"commandNames":[],"actorKeys":[],"errorKeys":[],"parameterKeys":[],"hasInstall":true,"hasPreSetup":true}
04-22 05:50:46.880 I/assembly.assembly.android.mixc-retail-rn84(24757): [runtime.load] pre-setup ui.integration.retail-shell {"moduleName":"ui.integration.retail-shell","runtimeNodeId":"master:6Z2H3BSGEY","knownModules":["assembly.android.mixc-retail-rn84","kernel.base.topology-runtime-v3","kernel.base.tcp-control-runtime-v2","kernel.base.tdp-sync-runtime-v2","kernel.base.workflow-runtime-v2","kernel.base.ui-runtime-v2","ui.base.runtime-react","ui.base.input-runtime","ui.base.admin-console","ui.base.terminal-console","ui.integration.retail-shell"]}
04-22 05:50:46.880 I/assembly.kernel.base.runtime-shell-v2.application.KernelRuntimeAppV2(24757): [runtime.load] completed module pre-setup {"moduleName":"ui.integration.retail-shell","packageVersion":"1.0.0","dependencies":["kernel.base.ui-runtime-v2","kernel.base.tcp-control-runtime-v2","ui.base.runtime-react","ui.base.input-runtime","ui.base.admin-console","ui.base.terminal-console"],"stateSliceNames":[],"commandNames":[],"actorKeys":["ui.integration.retail-shell.RetailShellRuntimeInitializeActor","ui.integration.retail-shell.RetailShellTcpLifecycleActor"],"errorKeys":[],"parameterKeys":[],"hasInstall":true,"hasPreSetup":true}
04-22 05:50:46.881 I/assembly.kernel.base.runtime-shell-v2.application.KernelRuntimeAppV2(24757): [runtime.load] start kernel runtime app v2 runtime {"runtimeName":"assembly.android.mixc-retail-rn84","runtimeId":"run_mo95r5n7_1lqbovbpsfj6vbzf","localNodeId":"master:6Z2H3BSGEY","moduleCount":11}
04-22 05:50:46.881 I/assembly.assembly.android.mixc-retail-rn84(24757): [runtime.load] start runtime-shell-v2 {"runtimeId":"run_mo95r5n7_1lqbovbpsfj6vbzf","localNodeId":"master:6Z2H3BSGEY","modules":["kernel.base.runtime-shell-v2","assembly.android.mixc-retail-rn84","kernel.base.topology-runtime-v3","kernel.base.tcp-control-runtime-v2","kernel.base.tdp-sync-runtime-v2","kernel.base.workflow-runtime-v2","kernel.base.ui-runtime-v2","ui.base.runtime-react","ui.base.input-runtime","ui.base.admin-console","ui.base.terminal-console","ui.integration.retail-shell"],"actorCount":80}
04-22 05:50:46.883 I/MMKV    (24757): current API level = 33, libc++_shared=0
04-22 05:50:46.883 I/MMKV    (24757): <MMKV.cpp:175::initialize> version v2.4.0, page size 4096, arch arm64-v8a
04-22 05:50:46.883 I/MMKV    (24757): <MMKV.cpp:186::initialize> armv8 AES instructions is supported
04-22 05:50:46.883 I/MMKV    (24757): <MMKV.cpp:194::initialize> armv8 CRC32 instructions is supported
04-22 05:50:46.883 I/MMKV    (24757): <MMKV.cpp:232::initializeMMKV> root dir: /data/data/com.impos2.mixcretailassemblyrn84/files/mmkv
04-22 05:50:46.883 I/MMKV    (24757): <MMKV_Android.cpp:378::enableDisableProcessMode> process mode check enable/disable: 0
04-22 05:50:46.883 I/MMKV    (24757): Disable checkProcessMode()
04-22 05:50:46.883 I/MMKV    (24757): <MemoryFile.cpp:103::open> open fd[101], flag 0x7, /data/data/com.impos2.mixcretailassemblyrn84/files/mmkv/specialCharacter/cac4ff37f0f9b0189974948d3d3aa0fe
04-22 05:50:46.883 I/MMKV    (24757): <MemoryFile.cpp:250::mmapOrCleanup> mmap to address [0x7688eda000], oldPtr [0x0], [/data/data/com.impos2.mixcretailassemblyrn84/files/mmkv/specialCharacter/cac4ff37f0f9b0189974948d3d3aa0fe]
04-22 05:50:46.883 I/MMKV    (24757): <MemoryFile.cpp:109::close> closing fd[101], /data/data/com.impos2.mixcretailassemblyrn84/files/mmkv/specialCharacter/cac4ff37f0f9b0189974948d3d3aa0fe
04-22 05:50:46.883 I/MMKV    (24757): <MemoryFile.cpp:103::open> open fd[101], flag 0x7, /data/data/com.impos2.mixcretailassemblyrn84/files/mmkv/specialCharacter/cac4ff37f0f9b0189974948d3d3aa0fe.crc
04-22 05:50:46.883 I/MMKV    (24757): <MemoryFile.cpp:250::mmapOrCleanup> mmap to address [0x7688ed9000], oldPtr [0x0], [/data/data/com.impos2.mixcretailassemblyrn84/files/mmkv/specialCharacter/cac4ff37f0f9b0189974948d3d3aa0fe.crc]
04-22 05:50:46.883 I/MMKV    (24757): <MemoryFile.cpp:103::open> open fd[109], flag 0x7, /data/data/com.impos2.mixcretailassemblyrn84/files/mmkv/specialCharacter/cac4ff37f0f9b0189974948d3d3aa0fe
04-22 05:50:46.883 I/MMKV    (24757): <MemoryFile.cpp:109::close> closing fd[109], /data/data/com.impos2.mixcretailassemblyrn84/files/mmkv/specialCharacter/cac4ff37f0f9b0189974948d3d3aa0fe
04-22 05:50:46.883 I/MMKV    (24757): <MMKV_IO.cpp:94::loadFromFile> loading [mixc-retail-assembly-rn84::state] with 0 actual size, file size 4096, InterProcess 0, meta info version:0
04-22 05:50:46.883 I/MMKV    (24757): <MMKV_IO.cpp:145::loadFromFile> loaded [mixc-retail-assembly-rn84::state] with 0 key-values
04-22 05:50:46.886 D/b/260135164( 1043): updateIconAlphaForHome - setIconsAlpha(0), isTaskbarPresent: true
04-22 05:50:46.893 I/MMKV    (24757): <MemoryFile.cpp:103::open> open fd[109], flag 0x7, /data/data/com.impos2.mixcretailassemblyrn84/files/mmkv/specialCharacter/c08c20d895f199f98a40164528d2f6a6
04-22 05:50:46.893 I/MMKV    (24757): <MemoryFile.cpp:250::mmapOrCleanup> mmap to address [0x7688ed8000], oldPtr [0x0], [/data/data/com.impos2.mixcretailassemblyrn84/files/mmkv/specialCharacter/c08c20d895f199f98a40164528d2f6a6]
04-22 05:50:46.893 I/MMKV    (24757): <MemoryFile.cpp:109::close> closing fd[109], /data/data/com.impos2.mixcretailassemblyrn84/files/mmkv/specialCharacter/c08c20d895f199f98a40164528d2f6a6
04-22 05:50:46.893 I/MMKV    (24757): <MemoryFile.cpp:103::open> open fd[109], flag 0x7, /data/data/com.impos2.mixcretailassemblyrn84/files/mmkv/specialCharacter/c08c20d895f199f98a40164528d2f6a6.crc
04-22 05:50:46.893 I/MMKV    (24757): <MemoryFile.cpp:250::mmapOrCleanup> mmap to address [0x7688ed7000], oldPtr [0x0], [/data/data/com.impos2.mixcretailassemblyrn84/files/mmkv/specialCharacter/c08c20d895f199f98a40164528d2f6a6.crc]
04-22 05:50:46.893 I/MMKV    (24757): <MemoryFile.cpp:103::open> open fd[110], flag 0x7, /data/data/com.impos2.mixcretailassemblyrn84/files/mmkv/specialCharacter/c08c20d895f199f98a40164528d2f6a6
04-22 05:50:46.893 I/MMKV    (24757): <MemoryFile.cpp:109::close> closing fd[110], /data/data/com.impos2.mixcretailassemblyrn84/files/mmkv/specialCharacter/c08c20d895f199f98a40164528d2f6a6
04-22 05:50:46.893 I/MMKV    (24757): <MMKV_IO.cpp:94::loadFromFile> loading [mixc-retail-assembly-rn84::secure-state] with 0 actual size, file size 4096, InterProcess 0, meta info version:0
04-22 05:50:46.893 I/MMKV    (24757): <MMKV_IO.cpp:145::loadFromFile> loaded [mixc-retail-assembly-rn84::secure-state] with 0 key-values
04-22 05:50:46.899 I/assembly.assembly.android.mixc-retail-rn84(24757): [runtime.load] install assembly.android.mixc-retail-rn84 {"moduleName":"assembly.android.mixc-retail-rn84","displayIndex":0,"displayCount":1}
04-22 05:50:46.901 I/assembly.assembly.android.mixc-retail-rn84(24757): [assembly.topology] Create assembly topology socket binding {"displayIndex":0,"role":"master","localNodeId":"master:6Z2H3BSGEY","resolvedPathTemplate":"/ws"}
04-22 05:50:46.901 I/assembly.assembly.android.mixc-retail-rn84(24757): [runtime.load] install kernel.base.topology-runtime-v3 {"moduleName":"kernel.base.topology-runtime-v3","stateSlices":["kernel.base.topology-runtime-v3.config","kernel.base.topology-runtime-v3.context","kernel.base.topology-runtime-v3.connection","kernel.base.topology-runtime-v3.peer","kernel.base.topology-runtime-v3.sync","kernel.base.topology-runtime-v3.request-mirror","kernel.base.topology-runtime-v3.demo.master","kernel.base.topology-runtime-v3.demo.slave"],"commandNames":["kernel.base.topology-runtime-v3.set-instance-mode","kernel.base.topology-runtime-v3.set-display-mode","kernel.base.topology-runtime-v3.set-enable-slave","kernel.base.topology-runtime-v3.set-master-locator","kernel.base.topology-runtime-v3.clear-master-locator","kernel.base.topology-runtime-v3.refresh-topology-context","kernel.base.topology-runtime-v3.start-topology-connection","kernel.base.topology-runtime-v3.stop-topology-connection","kernel.base.topology-runtime-v3.restart-topology-connection","kernel.base.topology-runtime-v3.upsert-demo-master-entry","kernel.base.topology-runtime-v3.remove-demo-master-entry","kernel.base.topology-runtime-v3.reset-demo-master-state","kernel.base.topology-runtime-v3.upsert-demo-slave-entry","kernel.base.topology-runtime-v3.remove-demo-slave-entry","kernel.base.topology-runtime-v3.reset-demo-slave-state"]}
04-22 05:50:46.902 I/assembly.assembly.android.mixc-retail-rn84(24757): [runtime.load] install kernel.base.tcp-control-runtime-v2 {"moduleName":"kernel.base.tcp-control-runtime-v2","stateSlices":["kernel.base.tcp-control-runtime-v2.identity","kernel.base.tcp-control-runtime-v2.credential","kernel.base.tcp-control-runtime-v2.binding","kernel.base.tcp-control-runtime-v2.sandbox","kernel.base.tcp-control-runtime-v2.runtime"],"commandNames":["kernel.base.tcp-control-runtime-v2.bootstrap-tcp-control","kernel.base.tcp-control-runtime-v2.bootstrap-tcp-control-succeeded","kernel.base.tcp-control-runtime-v2.activate-terminal","kernel.base.tcp-control-runtime-v2.activate-terminal-succeeded","kernel.base.tcp-control-runtime-v2.refresh-credential","kernel.base.tcp-control-runtime-v2.credential-refreshed","kernel.base.tcp-control-runtime-v2.deactivate-terminal","kernel.base.tcp-control-runtime-v2.deactivate-terminal-succeeded","kernel.base.tcp-control-runtime-v2.report-task-result","kernel.base.tcp-control-runtime-v2.task-result-reported","kernel.base.tcp-control-runtime-v2.reset-tcp-control"]}
04-22 05:50:46.902 I/assembly.assembly.android.mixc-retail-rn84(24757): [runtime.load] install kernel.base.tdp-sync-runtime-v2 {"moduleName":"kernel.base.tdp-sync-runtime-v2","stateSlices":["kernel.base.tdp-sync-runtime-v2.session","kernel.base.tdp-sync-runtime-v2.sync","kernel.base.tdp-sync-runtime-v2.projection","kernel.base.tdp-sync-runtime-v2.command-inbox","kernel.base.tdp-sync-runtime-v2.control-signals","kernel.base.tdp-sync-runtime-v2.hot-update"],"commandNames":["kernel.base.tdp-sync-runtime-v2.bootstrap-tdp-sync","kernel.base.tdp-sync-runtime-v2.bootstrap-tdp-sync-succeeded","kernel.base.tdp-sync-runtime-v2.connect-tdp-session","kernel.base.tdp-sync-runtime-v2.disconnect-tdp-session","kernel.base.tdp-sync-runtime-v2.acknowledge-cursor","kernel.base.tdp-sync-runtime-v2.report-applied-cursor","kernel.base.tdp-sync-runtime-v2.send-ping","kernel.base.tdp-sync-runtime-v2.record-user-operation","kernel.base.tdp-sync-runtime-v2.topic-data-changed","kernel.base.tdp-sync-runtime-v2.recompute-resolved-topic-changes","kernel.base.tdp-sync-runtime-v2.snapshot-loaded","kernel.base.tdp-sync-runtime-v2.changes-loaded","kernel.base.tdp-sync-runtime-v2.projection-received","kernel.base.tdp-sync-runtime-v2.projection-batch-received","kernel.base.tdp-sync-runtime-v2.command-delivered","kernel.base.tdp-sync-runtime-v2.session-ready","kernel.base.tdp-sync-runtime-v2.pong-received","kernel.base.tdp-sync-runtime-v2.edge-degraded","kernel.base.tdp-sync-runtime-v2.session-rehome-required","kernel.base.tdp-sync-runtime-v2.protocol-failed","kernel.base.tdp-sync-runtime-v2.message-received"],"hasAssembly":true}
04-22 05:50:46.902 I/assembly.assembly.android.mixc-retail-rn84(24757): [runtime.load] install kernel.base.workflow-runtime-v2 {"moduleName":"kernel.base.workflow-runtime-v2","stateSlices":["kernel.base.workflow-runtime-v2.definitions","kernel.base.workflow-runtime-v2.observations","kernel.base.workflow-runtime-v2.queue"],"commandNames":["kernel.base.workflow-runtime-v2.run-workflow","kernel.base.workflow-runtime-v2.cancel-workflow-run","kernel.base.workflow-runtime-v2.register-workflow-definitions","kernel.base.workflow-runtime-v2.remove-workflow-definition"],"remoteDefinitionTopicKey":"kernel.workflow.definition"}
04-22 05:50:46.902 I/assembly.assembly.android.mixc-retail-rn84(24757): [runtime.load] install kernel.base.ui-runtime-v2 {"moduleName":"kernel.base.ui-runtime-v2","stateSlices":["kernel.base.ui-runtime-v2.screen.main","kernel.base.ui-runtime-v2.screen.branch","kernel.base.ui-runtime-v2.overlay.main","kernel.base.ui-runtime-v2.overlay.branch","kernel.base.ui-runtime-v2.ui-variable.main","kernel.base.ui-runtime-v2.ui-variable.branch"],"commandNames":["kernel.base.ui-runtime-v2.register-screen-definitions","kernel.base.ui-runtime-v2.show-screen","kernel.base.ui-runtime-v2.replace-screen","kernel.base.ui-runtime-v2.reset-screen","kernel.base.ui-runtime-v2.open-overlay","kernel.base.ui-runtime-v2.close-overlay","kernel.base.ui-runtime-v2.clear-overlays","kernel.base.ui-runtime-v2.set-ui-variables","kernel.base.ui-runtime-v2.clear-ui-variables"]}
04-22 05:50:46.903 D/b/260135164( 1043): updateIconAlphaForHome - setIconsAlpha(0), isTaskbarPresent: true
04-22 05:50:46.904 I/MMKV    (24757): <MMKV_IO.cpp:609::writeActualSize> [mixc-retail-assembly-rn84::state] increase sequence to 1, crc 2554509657, actualSize 4
04-22 05:50:46.905 I/MMKV    (24757): <MMKV_IO.cpp:530::expandAndWriteBack> extending [mixc-retail-assembly-rn84::state] file size from 4096 to 16384, incoming size:131, future usage:4184
04-22 05:50:46.905 I/MMKV    (24757): <MemoryFile.cpp:103::open> open fd[115], flag 0x7, /data/data/com.impos2.mixcretailassemblyrn84/files/mmkv/specialCharacter/cac4ff37f0f9b0189974948d3d3aa0fe
04-22 05:50:46.905 I/MMKV    (24757): <MemoryFile.cpp:250::mmapOrCleanup> mmap to address [0x767f7bf000], oldPtr [0x7688eda000], [/data/data/com.impos2.mixcretailassemblyrn84/files/mmkv/specialCharacter/cac4ff37f0f9b0189974948d3d3aa0fe]
04-22 05:50:46.905 I/MMKV    (24757): <MemoryFile.cpp:109::close> closing fd[115], /data/data/com.impos2.mixcretailassemblyrn84/files/mmkv/specialCharacter/cac4ff37f0f9b0189974948d3d3aa0fe
04-22 05:50:46.905 I/MMKV    (24757): <MMKV_IO.cpp:609::writeActualSize> [mixc-retail-assembly-rn84::state] increase sequence to 2, crc 1040666624, actualSize 4046
04-22 05:50:46.905 I/MMKV    (24757): <MMKV.cpp:1208::sync> MMKV::sync, SyncFlag = 1
04-22 05:50:46.909 I/ReactNativeJS(24757): '[tcp-bootstrap-state-written]', '{"nodeId":"master:6Z2H3BSGEY","runtimeId":"run_mo95r5n7_1lqbovbpsfj6vbzf","displayIndex":0,"requestId":"req_mo95r5od_nb15lcw0cibtth8k","commandId":"cmd_mo95r5od_1p6tsmp627agfbv4","nextDeviceFingerprint":"6Z2H3BSGEY","nextDeviceInfo":{"id":"6Z2H3BSGEY","model":"Mixc Retail Android RN84"},"previousIdentity":{"activationStatus":"UNACTIVATED"}}'
04-22 05:50:46.916 I/assembly.assembly.android.mixc-retail-rn84(24757): [runtime.load] install ui.base.runtime-react {"moduleName":"ui.base.runtime-react"}
04-22 05:50:46.916 I/assembly.assembly.android.mixc-retail-rn84(24757): [runtime.load] install ui.base.input-runtime {"moduleName":"ui.base.input-runtime"}
04-22 05:50:46.916 I/assembly.assembly.android.mixc-retail-rn84(24757): [runtime.load] install ui.base.admin-console {"moduleName":"ui.base.admin-console"}
04-22 05:50:46.916 I/assembly.assembly.android.mixc-retail-rn84(24757): [runtime.load] install ui.base.terminal-console {"moduleName":"ui.base.terminal-console"}
04-22 05:50:46.916 I/assembly.assembly.android.mixc-retail-rn84(24757): [runtime.load] install ui.integration.retail-shell {"moduleName":"ui.integration.retail-shell"}
04-22 05:50:46.916 I/assembly.kernel.base.runtime-shell-v2.application.KernelRuntimeAppV2(24757): [runtime.load] kernel runtime app v2 started {"runtimeName":"assembly.android.mixc-retail-rn84","moduleDescriptors":[{"moduleName":"assembly.android.mixc-retail-rn84","packageVersion":"1.0.0","dependencies":[],"stateSliceNames":[],"commandNames":[],"actorKeys":["assembly.android.mixc-retail-rn84.AssemblyRuntimeInitializeActor"],"errorKeys":[],"parameterKeys":[],"hasInstall":true,"hasPreSetup":true},{"moduleName":"kernel.base.topology-runtime-v3","packageVersion":"0.0.1","dependencies":[],"stateSliceNames":["kernel.base.topology-runtime-v3.config","kernel.base.topology-runtime-v3.context","kernel.base.topology-runtime-v3.connection","kernel.base.topology-runtime-v3.peer","kernel.base.topology-runtime-v3.sync","kernel.base.topology-runtime-v3.request-mirror","kernel.base.topology-runtime-v3.demo.master","kernel.base.topology-runtime-v3.demo.slave"],"commandNames":["kernel.base.topology-runtime-v3.set-instance-mode","kernel.base.topology-runtime-v3.set-display-mode","kernel.base.topology-runtime-v3.set-enable-slave","kernel.base.topology-runtime-v3.set-master-locator","kernel.base.topology-runtime-v3.clear-master-locator","kernel.base.topology-runtime-v3.refresh-topology-context","kernel.base.topology-runtime-v3.start-topology-connection","kernel.base.topology-runtime-v3.stop-topology-connection","kernel.base.topology-runtime-v3.restart-topology-connection","kernel.base.topology-runtime-v3.upsert-demo-master-entry","kernel.base.topology-runtime-v3.remove-demo-master-entry","kernel.base.topology-runtime-v3.reset-demo-master-state","kernel.base.topology-runtime-v3.upsert-demo-slave-entry","kernel.base.topology-runtime-v3.remove-demo-slave-entry","kernel.base.topology-runtime-v3.reset-demo-slave-state"],"actorKeys":["kernel.base.topology-runtime-v3.TopologyContextActor","kernel.base.topology-runtime-v3.TopologyConnectionActor","kernel.base.topology-runtime-v3.TopologyDemoSyncActor"],"errorKeys":["kernel.base.topology-runtime-v3.display_context_required","kernel.base.topology-runtime-v3.orchestrator_required","kernel.base.topology-runtime-v3.socket_binding_required","kernel.base.topology-runtime-v3.hello_runtime_required","kernel.base.topology-runtime-v3.action_not_allowed"],"parameterKeys":["kernel.base.topology-runtime-v3.reconnect-interval-ms"],"hasInstall":true,"hasPreSetup":true},{"moduleName":"kernel.base.tcp-control-runtime-v2","packageVersion":"0.0.1","dependencies":[],"stateSliceNames":["kernel.base.tcp-control-runtime-v2.identity","kernel.base.tcp-control-runtime-v2.credential","kernel.base.tcp-control-runtime-v2.binding","kernel.base.tcp-control-runtime-v2.sandbox","kernel.base.tcp-control-runtime-v2.runtime"],"commandNames":["kernel.base.tcp-control-runtime-v2.bootstrap-tcp-control","kernel.base.tcp-control-runtime-v2.bootstrap-tcp-control-succeeded","kernel.base.tcp-control-runtime-v2.activate-terminal","kernel.base.tcp-control-runtime-v2.activate-terminal-succeeded","kernel.base.tcp-control-runtime-v2.refresh-credential","kernel.base.tcp-control-runtime-v2.credential-refreshed","kernel.base.tcp-control-runtime-v2.deactivate-terminal","kernel.base.tcp-control-runtime-v2.deactivate-terminal-succeeded","kernel.base.tcp-control-runtime-v2.report-task-result","kernel.base.tcp-control-runtime-v2.task-result-reported","kernel.base.tcp-control-runtime-v2.reset-tcp-control"],"actorKeys":["kernel.base.tcp-control-runtime-v2.TcpBootstrapActor","kernel.base.tcp-control-runtime-v2.TcpActivationActor","kernel.base.tcp-control-runtime-v2.TcpCredentialActor","kernel.base.tcp-control-runtime-v2.TcpDeactivationActor","kernel.base.tcp-control-runtime-v2.TcpTaskReportActor","kernel.base.tcp-control-runtime-v2.TcpStateMutationActor"],"errorKeys":["kernel.base.tcp-control-runtime-v2.activation_code_invalid","kernel.base.tcp-control-runtime-v2.activation_failed","kernel.base.tcp-control-runtime-v2.credential_missing","kernel.base.tcp-control-runtime-v2.credential_expired","kernel.base.tcp-control-runtime-v2.refresh_failed","kernel.base.tcp
04-22 05:50:46.920 I/MMKV    (24757): <MMKV_IO.cpp:530::expandAndWriteBack> extending [mixc-retail-assembly-rn84::state] file size from 16384 to 32768, incoming size:281, future usage:8138
04-22 05:50:46.920 I/MMKV    (24757): <MemoryFile.cpp:103::open> open fd[110], flag 0x7, /data/data/com.impos2.mixcretailassemblyrn84/files/mmkv/specialCharacter/cac4ff37f0f9b0189974948d3d3aa0fe
04-22 05:50:46.920 I/MMKV    (24757): <MemoryFile.cpp:250::mmapOrCleanup> mmap to address [0x767f6dd000], oldPtr [0x767f7bf000], [/data/data/com.impos2.mixcretailassemblyrn84/files/mmkv/specialCharacter/cac4ff37f0f9b0189974948d3d3aa0fe]
04-22 05:50:46.920 I/MMKV    (24757): <MemoryFile.cpp:109::close> closing fd[110], /data/data/com.impos2.mixcretailassemblyrn84/files/mmkv/specialCharacter/cac4ff37f0f9b0189974948d3d3aa0fe
04-22 05:50:46.920 I/MMKV    (24757): <MMKV_IO.cpp:609::writeActualSize> [mixc-retail-assembly-rn84::state] increase sequence to 3, crc 1695547429, actualSize 16267
04-22 05:50:46.920 I/MMKV    (24757): <MMKV.cpp:1208::sync> MMKV::sync, SyncFlag = 1
04-22 05:50:46.923 D/b/260135164( 1043): updateIconAlphaForHome - setIconsAlpha(0), isTaskbarPresent: true
04-22 05:50:46.928 D/BtGatt.ScanManager(  790): uid 10116 isForeground true scanMode -1
04-22 05:50:46.932 I/MMKV    (24757): <MMKV_IO.cpp:530::expandAndWriteBack> extending [mixc-retail-assembly-rn84::state] file size from 32768 to 65536, incoming size:319, future usage:11136
04-22 05:50:46.932 I/MMKV    (24757): <MemoryFile.cpp:103::open> open fd[110], flag 0x7, /data/data/com.impos2.mixcretailassemblyrn84/files/mmkv/specialCharacter/cac4ff37f0f9b0189974948d3d3aa0fe
04-22 05:50:46.932 I/MMKV    (24757): <MemoryFile.cpp:250::mmapOrCleanup> mmap to address [0x7675863000], oldPtr [0x767f6dd000], [/data/data/com.impos2.mixcretailassemblyrn84/files/mmkv/specialCharacter/cac4ff37f0f9b0189974948d3d3aa0fe]
04-22 05:50:46.932 I/MMKV    (24757): <MemoryFile.cpp:109::close> closing fd[110], /data/data/com.impos2.mixcretailassemblyrn84/files/mmkv/specialCharacter/cac4ff37f0f9b0189974948d3d3aa0fe
04-22 05:50:46.932 I/MMKV    (24757): <MMKV_IO.cpp:609::writeActualSize> [mixc-retail-assembly-rn84::state] increase sequence to 4, crc 3225625948, actualSize 22257
04-22 05:50:46.932 I/MMKV    (24757): <MMKV.cpp:1208::sync> MMKV::sync, SyncFlag = 1
04-22 05:50:46.936 W/TransactionTracing(  335): Could not find layer handle 0xb400006eb98b60d0
04-22 05:50:46.937 W/TransactionTracing(  335): Could not find layer handle 0xb400006eb98b4090
04-22 05:50:46.941 I/assembly.android.mixc-retail-rn84.boot(24757): {"stage":"runtime.start:done","displayIndex":0,"displayCount":1}
04-22 05:50:46.941 D/OneSearchSuggestProvider( 1043): Shut down the binder channel
04-22 05:50:46.942 I/s.nexuslauncher( 1043): oneway function results for code 2 on binder at 0xb4000073f59d28e0 will be dropped but finished with status UNKNOWN_TRANSACTION
04-22 05:50:46.942 D/TrafficStats(24757): tagSocket(110) with statsTag=0xffffffff, statsUid=-1
04-22 05:50:46.943 I/assembly.assembly.android.mixc-retail-rn84(24757): [assembly.topology] Native topology host already matches desired lifecycle state {"displayCount":1,"displayIndex":0,"deviceId":"6Z2H3BSGEY","instanceMode":"MASTER","enableSlave":false,"running":false,"reason":"not-master-or-single-primary-host"}
04-22 05:50:46.944 D/b/260135164( 1043): updateIconAlphaForHome - setIconsAlpha(0), isTaskbarPresent: true
04-22 05:50:46.945 I/assembly.android.mixc-retail-rn84.boot(24757): {"stage":"automation.host:start","displayIndex":0,"displayCount":1,"target":"primary","host":"127.0.0.1","port":18584,"generation":"automation-host-2-33703635722736"}
04-22 05:50:46.953 W/TransactionTracing(  335): Could not find layer handle 0xb400006eb98b2770
04-22 05:50:46.953 W/TransactionTracing(  335): Could not find layer handle 0xb400006eb98b46f0
04-22 05:50:46.954 D/b/260135164( 1043): updateIconAlphaForHome - setIconsAlpha(0), isTaskbarPresent: true
04-22 05:50:46.968 I/MMKV    (24757): <MMKV_IO.cpp:609::writeActualSize> [mixc-retail-assembly-rn84::state] increase sequence to 5, crc 1958394881, actualSize 22269
04-22 05:50:46.968 I/MMKV    (24757): <MMKV.cpp:1208::sync> MMKV::sync, SyncFlag = 1
04-22 05:50:46.971 D/b/260135164( 1043): updateIconAlphaForHome - setIconsAlpha(0), isTaskbarPresent: true
04-22 05:50:46.974 I/assembly.android.mixc-retail-rn84.boot(24757): {"stage":"app-load-complete:start","displayIndex":0}
04-22 05:50:46.974 I/StartupAudit(24757): app_load_complete displayIndex=0 pid=24757 time=2026-04-22 05:50:46.974
04-22 05:50:46.974 I/StartupAudit(24757): secondary_launch_scheduled pid=24757 time=2026-04-22 05:50:46.974
04-22 05:50:46.983 I/MMKV    (24757): <MMKV_IO.cpp:609::writeActualSize> [mixc-retail-assembly-rn84::state] increase sequence to 6, crc 3523105526, actualSize 22269
04-22 05:50:46.983 I/MMKV    (24757): <MMKV.cpp:1208::sync> MMKV::sync, SyncFlag = 1
04-22 05:50:46.987 D/b/260135164( 1043): updateIconAlphaForHome - setIconsAlpha(0), isTaskbarPresent: true
04-22 05:50:46.999 I/MMKV    (24757): <MMKV_IO.cpp:609::writeActualSize> [mixc-retail-assembly-rn84::state] increase sequence to 7, crc 812355745, actualSize 22269
04-22 05:50:46.999 I/MMKV    (24757): <MMKV.cpp:1208::sync> MMKV::sync, SyncFlag = 1
04-22 05:50:47.002 I/assembly.android.mixc-retail-rn84.boot(24757): {"stage":"app-load-complete:done","displayIndex":0}
04-22 05:50:47.004 D/b/260135164( 1043): updateIconAlphaForHome - setIconsAlpha(0), isTaskbarPresent: true
04-22 05:50:47.009 I/MMKV    (24757): <MMKV_IO.cpp:609::writeActualSize> [mixc-retail-assembly-rn84::state] increase sequence to 8, crc 415290215, actualSize 22269
04-22 05:50:47.009 I/MMKV    (24757): <MMKV.cpp:1208::sync> MMKV::sync, SyncFlag = 1
04-22 05:50:47.015 I/MMKV    (24757): <MMKV_IO.cpp:609::writeActualSize> [mixc-retail-assembly-rn84::state] increase sequence to 9, crc 2789204538, actualSize 22269
04-22 05:50:47.015 I/MMKV    (24757): <MMKV.cpp:1208::sync> MMKV::sync, SyncFlag = 1
04-22 05:50:47.020 D/b/260135164( 1043): updateIconAlphaForHome - setIconsAlpha(0), isTaskbarPresent: true
04-22 05:50:47.027 I/MMKV    (24757): <MMKV_IO.cpp:609::writeActualSize> [mixc-retail-assembly-rn84::state] increase sequence to 10, crc 199137356, actualSize 22269
04-22 05:50:47.027 I/MMKV    (24757): <MMKV.cpp:1208::sync> MMKV::sync, SyncFlag = 1
04-22 05:50:47.034 I/MMKV    (24757): <MMKV_IO.cpp:609::writeActualSize> [mixc-retail-assembly-rn84::state] increase sequence to 11, crc 1939292219, actualSize 22269
04-22 05:50:47.034 I/MMKV    (24757): <MMKV.cpp:1208::sync> MMKV::sync, SyncFlag = 1
04-22 05:50:47.036 D/b/260135164( 1043): updateIconAlphaForHome - setIconsAlpha(0), isTaskbarPresent: true
04-22 05:50:47.046 I/MMKV    (24757): <MMKV_IO.cpp:609::writeActualSize> [mixc-retail-assembly-rn84::state] increase sequence to 12, crc 1496295902, actualSize 22269
04-22 05:50:47.046 I/MMKV    (24757): <MMKV.cpp:1208::sync> MMKV::sync, SyncFlag = 1
04-22 05:50:47.053 D/b/260135164( 1043): updateIconAlphaForHome - setIconsAlpha(0), isTaskbarPresent: true
04-22 05:50:47.054 I/MMKV    (24757): <MMKV_IO.cpp:609::writeActualSize> [mixc-retail-assembly-rn84::state] increase sequence to 13, crc 1005522813, actualSize 22269
04-22 05:50:47.054 I/MMKV    (24757): <MMKV.cpp:1208::sync> MMKV::sync, SyncFlag = 1
04-22 05:50:47.062 I/MMKV    (24757): <MMKV_IO.cpp:609::writeActualSize> [mixc-retail-assembly-rn84::state] increase sequence to 14, crc 2795589342, actualSize 22269
04-22 05:50:47.062 I/MMKV    (24757): <MMKV.cpp:1208::sync> MMKV::sync, SyncFlag = 1
04-22 05:50:47.067 I/MMKV    (24757): <MMKV_IO.cpp:609::writeActualSize> [mixc-retail-assembly-rn84::state] increase sequence to 15, crc 3966990050, actualSize 22269
04-22 05:50:47.068 I/MMKV    (24757): <MMKV.cpp:1208::sync> MMKV::sync, SyncFlag = 1
04-22 05:50:47.070 D/b/260135164( 1043): updateIconAlphaForHome - setIconsAlpha(0), isTaskbarPresent: true
04-22 05:50:47.078 I/MMKV    (24757): <MMKV_IO.cpp:609::writeActualSize> [mixc-retail-assembly-rn84::state] increase sequence to 16, crc 4266725554, actualSize 22269
04-22 05:50:47.078 I/MMKV    (24757): <MMKV.cpp:1208::sync> MMKV::sync, SyncFlag = 1
04-22 05:50:47.084 I/MMKV    (24757): <MMKV_IO.cpp:609::writeActualSize> [mixc-retail-assembly-rn84::state] increase sequence to 17, crc 687229518, actualSize 22269
04-22 05:50:47.085 I/MMKV    (24757): <MMKV.cpp:1208::sync> MMKV::sync, SyncFlag = 1
04-22 05:50:47.087 D/b/260135164( 1043): updateIconAlphaForHome - setIconsAlpha(0), isTaskbarPresent: true
04-22 05:50:47.097 I/MMKV    (24757): <MMKV_IO.cpp:609::writeActualSize> [mixc-retail-assembly-rn84::state] increase sequence to 18, crc 3609294609, actualSize 22269
04-22 05:50:47.097 I/MMKV    (24757): <MMKV.cpp:1208::sync> MMKV::sync, SyncFlag = 1
04-22 05:50:47.103 D/b/260135164( 1043): updateIconAlphaForHome - setIconsAlpha(0), isTaskbarPresent: true
04-22 05:50:47.103 I/MMKV    (24757): <MMKV_IO.cpp:609::writeActualSize> [mixc-retail-assembly-rn84::state] increase sequence to 19, crc 968552438, actualSize 22269
04-22 05:50:47.103 I/MMKV    (24757): <MMKV.cpp:1208::sync> MMKV::sync, SyncFlag = 1
04-22 05:50:47.111 I/MMKV    (24757): <MMKV_IO.cpp:609::writeActualSize> [mixc-retail-assembly-rn84::state] increase sequence to 20, crc 2633892097, actualSize 22269
04-22 05:50:47.111 I/MMKV    (24757): <MMKV.cpp:1208::sync> MMKV::sync, SyncFlag = 1
04-22 05:50:47.118 I/MMKV    (24757): <MMKV_IO.cpp:609::writeActualSize> [mixc-retail-assembly-rn84::state] increase sequence to 21, crc 2104214358, actualSize 22269
04-22 05:50:47.118 I/MMKV    (24757): <MMKV.cpp:1208::sync> MMKV::sync, SyncFlag = 1
04-22 05:50:47.120 D/b/260135164( 1043): updateIconAlphaForHome - setIconsAlpha(0), isTaskbarPresent: true
04-22 05:50:47.125 I/MMKV    (24757): <MMKV_IO.cpp:609::writeActualSize> [mixc-retail-assembly-rn84::state] increase sequence to 22, crc 415290215, actualSize 22269
04-22 05:50:47.125 I/MMKV    (24757): <MMKV.cpp:1208::sync> MMKV::sync, SyncFlag = 1
04-22 05:50:47.131 I/MMKV    (24757): <MMKV_IO.cpp:609::writeActualSize> [mixc-retail-assembly-rn84::state] increase sequence to 23, crc 2789204538, actualSize 22269
04-22 05:50:47.131 I/MMKV    (24757): <MMKV.cpp:1208::sync> MMKV::sync, SyncFlag = 1
04-22 05:50:47.136 D/b/260135164( 1043): updateIconAlphaForHome - setIconsAlpha(0), isTaskbarPresent: true
04-22 05:50:47.140 I/MMKV    (24757): <MMKV_IO.cpp:609::writeActualSize> [mixc-retail-assembly-rn84::state] increase sequence to 24, crc 199137356, actualSize 22269
04-22 05:50:47.140 I/MMKV    (24757): <MMKV.cpp:1208::sync> MMKV::sync, SyncFlag = 1
04-22 05:50:47.148 I/MMKV    (24757): <MMKV_IO.cpp:609::writeActualSize> [mixc-retail-assembly-rn84::state] increase sequence to 25, crc 1939292219, actualSize 22269
04-22 05:50:47.148 I/MMKV    (24757): <MMKV.cpp:1208::sync> MMKV::sync, SyncFlag = 1
04-22 05:50:47.153 D/b/260135164( 1043): updateIconAlphaForHome - setIconsAlpha(0), isTaskbarPresent: true
04-22 05:50:47.159 I/MMKV    (24757): <MMKV_IO.cpp:609::writeActualSize> [mixc-retail-assembly-rn84::state] increase sequence to 26, crc 1496295902, actualSize 22269
04-22 05:50:47.159 I/MMKV    (24757): <MMKV.cpp:1208::sync> MMKV::sync, SyncFlag = 1
04-22 05:50:47.160 W/InputManager-JNI(  519): Input channel object '1e53699 Splash Screen com.impos2.mixcretailassemblyrn84 (client)' was disposed without first being removed with the input manager!
04-22 05:50:47.161 D/CoreBackPreview(  519): Window{1e53699 u0 Splash Screen com.impos2.mixcretailassemblyrn84 EXITING}: Setting back callback null
04-22 05:50:47.166 I/MMKV    (24757): <MMKV_IO.cpp:609::writeActualSize> [mixc-retail-assembly-rn84::state] increase sequence to 27, crc 1005522813, actualSize 22269
04-22 05:50:47.166 I/MMKV    (24757): <MMKV.cpp:1208::sync> MMKV::sync, SyncFlag = 1
04-22 05:50:47.170 D/b/260135164( 1043): updateIconAlphaForHome - setIconsAlpha(0), isTaskbarPresent: true
04-22 05:50:47.171 W/TransactionTracing(  335): Could not find layer id -1
04-22 05:50:47.171 W/TransactionTracing(  335): Could not find layer id -1
04-22 05:50:47.189 D/b/260135164( 1043): updateIconAlphaForHome - setIconsAlpha(0), isTaskbarPresent: true
04-22 05:50:47.203 D/b/260135164( 1043): updateIconAlphaForHome - setIconsAlpha(0), isTaskbarPresent: true
04-22 05:50:47.221 D/b/260135164( 1043): updateIconAlphaForHome - setIconsAlpha(0), isTaskbarPresent: true
04-22 05:50:47.224 D/BtGatt.ScanManager(  790): uid 10116 isForeground true scanMode -1
04-22 05:50:47.226 I/FontLog ( 1251): Received query Noto Color Emoji Compat, URI content://com.google.android.gms.fonts [CONTEXT service_id=132 ]
04-22 05:50:47.226 I/FontLog ( 1251): Query [emojicompat-emoji-font] resolved to {Noto Color Emoji Compat, wdth 100.0, wght 400, ital 0.0, bestEffort false} [CONTEXT service_id=132 ]
04-22 05:50:47.227 I/FontLog ( 1251): Fetch {Noto Color Emoji Compat, wdth 100.0, wght 400, ital 0.0, bestEffort false} end status Status{statusCode=SUCCESS, resolution=null} [CONTEXT service_id=132 ]
04-22 05:50:47.228 I/FontLog ( 1251): Pulling font file for id = 153, cache size = 5 [CONTEXT service_id=132 ]
04-22 05:50:47.230 I/FontLog ( 1251): Pulling font file for id = 153, cache size = 5 [CONTEXT service_id=132 ]
04-22 05:50:47.238 D/b/260135164( 1043): updateIconAlphaForHome - setIconsAlpha(0), isTaskbarPresent: true
04-22 05:50:47.250 E/OpenGLRenderer( 1043): Unable to match the desired swap behavior.
04-22 05:50:47.320 W/TransactionTracing(  335): Could not find layer id -1
04-22 05:50:47.336 W/TransactionTracing(  335): Could not find layer handle 0xb400006eb98b6fd0
04-22 05:50:47.336 W/TransactionTracing(  335): Could not find layer handle 0xb400006eb98b7270
04-22 05:50:47.336 W/TransactionTracing(  335): Could not find layer handle 0xb400006eb98b63d0
04-22 05:50:47.336 W/TransactionTracing(  335): Could not find layer handle 0xb400006eb98b63d0
04-22 05:50:47.336 W/TransactionTracing(  335): Could not find layer handle 0xb400006eb98b7270
04-22 05:50:48.512 D/EGL_emulation(24757): app_time_stats: avg=246.37ms min=12.87ms max=1421.40ms count=7
04-22 05:50:49.024 D/BoundBrokerSvc( 4339): onUnbind: Intent { act=com.google.android.gms.feedback.internal.IFeedbackService dat=chimera-action:/... cmp=com.google.android.gms/.chimera.GmsBoundBrokerService }
04-22 05:50:49.032 D/BoundBrokerSvc( 1251): onUnbind: Intent { act=com.google.android.gms.icing.LIGHTWEIGHT_INDEX_SERVICE dat=chimera-action:/... cmp=com.google.android.gms/.chimera.PersistentApiService }
04-22 05:50:49.604 D/BoundBrokerSvc( 1251): onUnbind: Intent { act=com.google.android.gms.scheduler.ACTION_PROXY_SCHEDULE dat=chimera-action:/... cmp=com.google.android.gms/.chimera.PersistentApiService }
04-22 05:50:52.236 D/ProfileInstaller(24757): Installing profile for com.impos2.mixcretailassemblyrn84
04-22 05:50:55.619 D/BtGatt.ScanManager(  790): uid 10116 isForeground true scanMode -1
04-22 05:51:00.011 I/AiAiEcho( 1598): Predicting[0]: 
04-22 05:51:00.011 I/AiAiEcho( 1598): Ranked targets strategy: SORT, count: 0, ranking metadata: 
04-22 05:51:00.012 I/AiAiEcho( 1598): #postPredictionTargets: Sending updates to UISurface lockscreen with targets# 0
04-22 05:51:00.012 I/AiAiEcho( 1598): #postPredictionTargets: Sending updates to UISurface home with targets# 0
04-22 05:51:00.012 I/AiAiEcho( 1598): #postPredictionTargets: Sending updates to UISurface media_data_manager with targets# 0
04-22 05:51:00.023 D/SsMediaDataProvider(  728): Forwarding Smartspace updates []
04-22 05:51:00.032 D/EGL_emulation(  728): app_time_stats: avg=941.80ms min=1.66ms max=13057.53ms count=14
04-22 05:51:04.425 D/CompatibilityChangeReporter(  519): Compat change id reported: 161252188; UID 10175; state: DISABLED
04-22 05:51:04.425 I/ActivityTaskManager(  519): START u0 {flg=0x10000000 cmp=com.impos2.mixcretailassemblyrn84/.MainActivity} from uid 2000
04-22 05:51:04.425 D/CompatibilityChangeReporter(  519): Compat change id reported: 265464455; UID 10175; state: DISABLED
04-22 05:51:04.425 D/CompatibilityChangeReporter(  519): Compat change id reported: 265452344; UID 10175; state: DISABLED
04-22 05:51:04.425 D/CompatibilityChangeReporter(  519): Compat change id reported: 266124927; UID 10175; state: DISABLED
04-22 05:51:04.425 D/CompatibilityChangeReporter(  519): Compat change id reported: 265451093; UID 10175; state: DISABLED
04-22 05:51:04.425 D/CompatibilityChangeReporter(  519): Compat change id reported: 265456536; UID 10175; state: DISABLED
04-22 05:51:04.425 D/CompatibilityChangeReporter(  519): Compat change id reported: 255940284; UID 10175; state: DISABLED
04-22 05:51:04.425 D/CompatibilityChangeReporter(  519): Compat change id reported: 236283604; UID 10175; state: DISABLED
04-22 05:51:04.425 D/CompatibilityChangeReporter(  519): Compat change id reported: 263959004; UID 10175; state: DISABLED
04-22 05:51:04.425 D/CompatibilityChangeReporter(  519): Compat change id reported: 264304459; UID 10175; state: DISABLED
04-22 05:51:04.425 D/CompatibilityChangeReporter(  519): Compat change id reported: 264301586; UID 10175; state: DISABLED
04-22 05:51:04.425 D/CompatibilityChangeReporter(  519): Compat change id reported: 254631730; UID 10175; state: DISABLED
04-22 05:51:04.425 D/CompatibilityChangeReporter(  519): Compat change id reported: 273509367; UID 10175; state: DISABLED
04-22 05:51:04.425 D/CompatibilityChangeReporter(  519): Compat change id reported: 263259275; UID 10175; state: DISABLED
04-22 05:51:04.425 D/CompatibilityChangeReporter(  519): Compat change id reported: 194480991; UID 10175; state: ENABLED
04-22 05:51:04.425 D/CompatibilityChangeReporter(  519): Compat change id reported: 174042980; UID 10175; state: DISABLED
04-22 05:51:04.426 D/CompatibilityChangeReporter(  519): Compat change id reported: 197654537; UID 10175; state: ENABLED
04-22 05:51:04.426 D/CompatibilityChangeReporter(  519): Compat change id reported: 181136395; UID 10175; state: DISABLED
04-22 05:51:04.426 D/CompatibilityChangeReporter(  519): Compat change id reported: 174042936; UID 10175; state: DISABLED
04-22 05:51:04.426 W/unknown:BridgelessReact(24757): ReactHost{0}.onHostPause(activity)
04-22 05:51:04.427 W/unknown:BridgelessReact(24757): ReactHost{0}.ReactContext.onHostPause()
04-22 05:51:04.427 W/unknown:BridgelessReact(24757): ReactHost{0}.onHostResume(activity)
04-22 05:51:04.428 W/unknown:BridgelessReact(24757): ReactHost{0}.ReactContext.onHostResume()
04-22 05:51:04.442 D/TrafficStats(24757): tagSocket(5) with statsTag=0xffffffff, statsUid=-1
04-22 05:51:04.476 D/TrafficStats(24757): tagSocket(5) with statsTag=0xffffffff, statsUid=-1
04-22 05:51:04.478 D/TrafficStats(24757): tagSocket(5) with statsTag=0xffffffff, statsUid=-1
04-22 05:51:13.444 E/android.hardware.power.stats@1.0-service-mock(  317): Failed to getEnergyData
04-22 05:51:24.605 D/EGL_emulation(  728): app_time_stats: avg=24572.68ms min=24572.68ms max=24572.68ms count=1
04-22 05:51:27.839 D/TrafficStats(24757): tagSocket(5) with statsTag=0xffffffff, statsUid=-1
04-22 05:51:27.843 D/TrafficStats(24757): tagSocket(5) with statsTag=0xffffffff, statsUid=-1
04-22 05:51:28.068 D/TrafficStats(24757): tagSocket(5) with statsTag=0xffffffff, statsUid=-1
04-22 05:51:28.074 D/TrafficStats(24757): tagSocket(5) with statsTag=0xffffffff, statsUid=-1
04-22 05:51:28.279 D/TrafficStats(24757): tagSocket(5) with statsTag=0xffffffff, statsUid=-1
04-22 05:51:28.284 D/TrafficStats(24757): tagSocket(5) with statsTag=0xffffffff, statsUid=-1
04-22 05:51:28.417 D/TrafficStats(  784): tagSocket(5) with statsTag=0xffffff81, statsUid=-1
04-22 05:51:28.417 D/TrafficStats(  784): tagSocket(61) with statsTag=0xffffff81, statsUid=-1
04-22 05:51:28.420 D/TrafficStats(  784): tagSocket(5) with statsTag=0xffffff81, statsUid=-1
04-22 05:51:28.420 D/TrafficStats(  784): tagSocket(61) with statsTag=0xffffff81, statsUid=-1
04-22 05:51:28.423 I/resolv  (  293): ResNSendHandler::run: 0 / {100 983140 100 983140 1073 1}
04-22 05:51:28.423 I/resolv  (  293): ResNSendHandler::run: 0 / {100 983140 100 983140 1073 1}
04-22 05:51:28.425 I/resolv  (  293): ResNSendHandler::run: 0 / {100 983140 100 983140 1073 1}
04-22 05:51:28.426 I/resolv  (  293): ResNSendHandler::run: 0 / {100 983140 100 983140 1073 1}
04-22 05:51:28.435 I/resolv  (  293): res_nsend: used send_dg 60 terrno: 0
04-22 05:51:28.437 I/resolv  (  293): res_nsend: used send_dg 48 terrno: 0
04-22 05:51:28.437 I/resolv  (  293): res_nsend: used send_dg 63 terrno: 0
04-22 05:51:28.437 D/TrafficStats(  784): tagSocket(5) with statsTag=0xffffffff, statsUid=-1
04-22 05:51:28.438 D/TrafficStats(  784): tagSocket(5) with statsTag=0xffffffff, statsUid=-1
04-22 05:51:28.439 D/NetworkMonitor/100(  784): PROBE_DNS www.google.com 22ms OK 104.244.42.197,2001::1
04-22 05:51:28.440 I/resolv  (  293): res_nsend: used send_dg 117 terrno: 0
04-22 05:51:28.440 I/resolv  (  293): GetAddrInfoHandler::run: {100 983140 100 983140 1073 1}
04-22 05:51:28.440 D/TrafficStats(  784): tagSocket(61) with statsTag=0xffffffff, statsUid=-1
04-22 05:51:28.441 I/resolv  (  293): res_nmkquery: (QUERY, IN, AAAA)
04-22 05:51:28.441 I/resolv  (  293): resolv_cache_lookup: FOUND IN CACHE entry=0xb400007d7da78790
04-22 05:51:28.441 I/resolv  (  293): doQuery: rcode=0, ancount=1, return value=60
04-22 05:51:28.441 I/resolv  (  293): res_nmkquery: (QUERY, IN, A)
04-22 05:51:28.441 I/resolv  (  293): resolv_cache_lookup: FOUND IN CACHE entry=0xb400007d6da7a5b0
04-22 05:51:28.441 I/resolv  (  293): doQuery: rcode=0, ancount=1, return value=48
04-22 05:51:28.442 D/TrafficStats(  784): tagSocket(5) with statsTag=0xffffff81, statsUid=-1
04-22 05:51:28.442 D/NetworkMonitor/100(  784): PROBE_DNS connectivitycheck.gstatic.com 25ms OK 114.250.65.34
04-22 05:51:28.443 I/resolv  (  293): GetAddrInfoHandler::run: {100 983140 100 983140 1073 1}
04-22 05:51:28.443 I/resolv  (  293): res_nmkquery: (QUERY, IN, A)
04-22 05:51:28.443 I/resolv  (  293): resolv_cache_lookup: FOUND IN CACHE entry=0xb400007d8da748f0
04-22 05:51:28.443 I/resolv  (  293): doQuery: rcode=0, ancount=1, return value=63
04-22 05:51:28.443 I/resolv  (  293): res_nmkquery: (QUERY, IN, AAAA)
04-22 05:51:28.443 I/resolv  (  293): resolv_cache_lookup: FOUND IN CACHE entry=0xb400007d9da7dc90
04-22 05:51:28.443 I/resolv  (  293): doQuery: rcode=0, ancount=0, return value=117
04-22 05:51:28.443 D/TrafficStats(  784): tagSocket(68) with statsTag=0xffffff81, statsUid=-1
04-22 05:51:28.575 D/NetworkMonitor/100(  784): PROBE_HTTP http://connectivitycheck.gstatic.com/generate_204 time=132ms ret=204 request={Connection=[close], User-Agent=[Mozilla/5.0 (X11; Linux x86_64) AppleWebKit/537.36 (KHTML, like Gecko) Chrome/60.0.3112.32 Safari/537.36]} headers={null=[HTTP/1.1 204 No Content], Connection=[close], Content-Length=[0], Cross-Origin-Resource-Policy=[cross-origin], Date=[Tue, 21 Apr 2026 21:51:28 GMT], X-Android-Received-Millis=[1776808288575], X-Android-Response-Source=[NETWORK 204], X-Android-Selected-Protocol=[http/1.1], X-Android-Sent-Millis=[1776808288489]}
04-22 05:51:31.422 I/resolv  (  293): GetAddrInfoHandler::run: {100 983140 100 983140 1073 1}
04-22 05:51:31.423 I/resolv  (  293): res_nmkquery: (QUERY, IN, A)
04-22 05:51:31.423 I/resolv  (  293): resolv_cache_lookup: FOUND IN CACHE entry=0xb400007d6da7a5b0
04-22 05:51:31.423 I/resolv  (  293): doQuery: rcode=0, ancount=1, return value=48
04-22 05:51:31.423 I/resolv  (  293): res_nmkquery: (QUERY, IN, AAAA)
04-22 05:51:31.423 I/resolv  (  293): resolv_cache_lookup: FOUND IN CACHE entry=0xb400007d7da78790
04-22 05:51:31.423 I/resolv  (  293): doQuery: rcode=0, ancount=1, return value=60
04-22 05:51:31.423 D/TrafficStats(  784): tagSocket(61) with statsTag=0xffffff81, statsUid=-1
04-22 05:51:31.532 D/NetworkMonitor/100(  784): PROBE_FALLBACK http://www.google.com/gen_204 time=110ms ret=204 request={Connection=[close], User-Agent=[Mozilla/5.0 (X11; Linux x86_64) AppleWebKit/537.36 (KHTML, like Gecko) Chrome/60.0.3112.32 Safari/537.36]} headers={null=[HTTP/1.1 204 No Content], Connection=[close], Content-Security-Policy=[object-src 'none';base-uri 'self';script-src 'nonce-e7JL7rugVDr8KHEFiow2og' 'strict-dynamic' 'report-sample' 'unsafe-eval' 'unsafe-inline' https: http:;report-uri https://csp.withgoogle.com/csp/gws/other], Content-Type=[text/html; charset=UTF-8], Date=[Tue, 21 Apr 2026 21:51:31 GMT], Permissions-Policy=[unload=()], Server=[gws], X-Android-Received-Millis=[1776808291532], X-Android-Response-Source=[NETWORK 204], X-Android-Selected-Protocol=[http/1.1], X-Android-Sent-Millis=[1776808291425], X-Frame-Options=[SAMEORIGIN], X-Xss-Protection=[0]}
04-22 05:51:33.633 W/IsDeviceCompliantOp( 1251): failed to get future: allow [CONTEXT service_id=257 ]
04-22 05:51:33.633 W/IsDeviceCompliantOp( 1251): java.util.concurrent.TimeoutException: Waited 60 seconds (plus 397904 nanoseconds delay) for dlny@ea3ca30[status=PENDING, info=[inputFuture=[dlnx@477e6a9[status=PENDING, setFuture=[dlnx@f0ae42e[status=PENDING, setFuture=[dlny@2bd5bcf[status=PENDING, info=[inputFuture=[dlny@db3595c[status=PENDING, info=[inputFuture=[dlnx@3bf4465[status=PENDING, info=[inputFuture=[dlne@a65153a[status=PENDING, info=[inputFuture=[dlny@e5de5eb[status=PENDING, info=[inputFuture=[aplc@8caaf48], function=[apmt@e10d4e]]]], exceptionType=[class enms], fallback=[apmu@964c1e1]]]], function=[aplq@7ff4b06]]]], function=[apms@d32f5c7]]]], function=[aplo@ec4b05a]]]]]]]], function=[apml@47f77f4]]]
04-22 05:51:33.633 W/IsDeviceCompliantOp( 1251): 	at dlnv.get(:com.google.android.gms@231818044@23.18.18 (190400-535401451):30)
04-22 05:51:33.633 W/IsDeviceCompliantOp( 1251): 	at apmo.b(:com.google.android.gms@231818044@23.18.18 (190400-535401451):1)
04-22 05:51:33.633 W/IsDeviceCompliantOp( 1251): 	at apmo.f(:com.google.android.gms@231818044@23.18.18 (190400-535401451):17)
04-22 05:51:33.633 W/IsDeviceCompliantOp( 1251): 	at avsy.eo(:com.google.android.gms@231818044@23.18.18 (190400-535401451):1)
04-22 05:51:33.633 W/IsDeviceCompliantOp( 1251): 	at avtf.run(:com.google.android.gms@231818044@23.18.18 (190400-535401451):14)
04-22 05:51:33.633 W/IsDeviceCompliantOp( 1251): 	at dfhf.run(:com.google.android.gms@231818044@23.18.18 (190400-535401451):2)
04-22 05:51:33.633 W/IsDeviceCompliantOp( 1251): 	at aced.c(:com.google.android.gms@231818044@23.18.18 (190400-535401451):6)
04-22 05:51:33.633 W/IsDeviceCompliantOp( 1251): 	at aced.run(:com.google.android.gms@231818044@23.18.18 (190400-535401451):7)
04-22 05:51:33.633 W/IsDeviceCompliantOp( 1251): 	at java.util.concurrent.ThreadPoolExecutor.runWorker(ThreadPoolExecutor.java:1137)
04-22 05:51:33.633 W/IsDeviceCompliantOp( 1251): 	at java.util.concurrent.ThreadPoolExecutor$Worker.run(ThreadPoolExecutor.java:637)
04-22 05:51:33.633 W/IsDeviceCompliantOp( 1251): 	at acjn.run(:com.google.android.gms@231818044@23.18.18 (190400-535401451):0)
04-22 05:51:33.633 W/IsDeviceCompliantOp( 1251): 	at java.lang.Thread.run(Thread.java:1012)
04-22 05:51:33.634 W/DroidguardProvider( 1251): droidguard took a lot of time : 60002 millis [CONTEXT service_id=257 ]
04-22 05:51:33.639 W/err     (24541): Error changing state for com.google.android.apps.docs.sync.syncadapter.DocsSyncAdapterService
04-22 05:51:33.639 W/err     (24541): java.lang.IllegalArgumentException: Component class com.google.android.apps.docs.sync.syncadapter.DocsSyncAdapterService does not exist in com.google.android.apps.docs
04-22 05:51:33.639 W/err     (24541): 	at android.os.Parcel.createExceptionOrNull(Parcel.java:3015)
04-22 05:51:33.639 W/err     (24541): 	at android.os.Parcel.createException(Parcel.java:2995)
04-22 05:51:33.639 W/err     (24541): 	at android.os.Parcel.readException(Parcel.java:2978)
04-22 05:51:33.639 W/err     (24541): 	at android.os.Parcel.readException(Parcel.java:2920)
04-22 05:51:33.639 W/err     (24541): 	at android.content.pm.IPackageManager$Stub$Proxy.setComponentEnabledSetting(IPackageManager.java:5881)
04-22 05:51:33.639 W/err     (24541): 	at android.app.ApplicationPackageManager.setComponentEnabledSetting(ApplicationPackageManager.java:3050)
04-22 05:51:33.639 W/err     (24541): 	at err.a(PG:4)
04-22 05:51:33.639 W/err     (24541): 	at ixx.d(PG:6)
04-22 05:51:33.639 W/err     (24541): 	at ixz.run(PG:93)
04-22 05:51:33.639 W/err     (24541): 	at nsr.execute(PG:1)
04-22 05:51:33.639 W/err     (24541): 	at iyd.a(PG:11)
04-22 05:51:33.639 W/err     (24541): 	at pgh.b(PG:5)
04-22 05:51:33.639 W/err     (24541): 	at iyn.h(PG:3)
04-22 05:51:33.639 W/err     (24541): 	at isa.d(PG:1)
04-22 05:51:33.639 W/err     (24541): 	at ixz.run(PG:93)
04-22 05:51:33.639 W/err     (24541): 	at nsr.execute(PG:1)
04-22 05:51:33.639 W/err     (24541): 	at iyd.a(PG:11)
