04-22 05:51:33.650 W/err     (24541): 	at ixz.run(PG:100)
04-22 05:51:33.650 W/err     (24541): 	at nsr.execute(PG:1)
04-22 05:51:33.650 W/err     (24541): 	at iyd.a(PG:7)
04-22 05:51:33.650 W/err     (24541): 	at pgh.b(PG:5)
04-22 05:51:33.650 W/err     (24541): 	at iyn.h(PG:3)
04-22 05:51:33.650 W/err     (24541): 	at isl.a(PG:1)
04-22 05:51:33.650 W/err     (24541): 	at irx.dispatchTransaction(PG:4)
04-22 05:51:33.650 W/err     (24541): 	at dhm.onTransact(PG:2)
04-22 05:51:33.650 W/err     (24541): 	at android.os.Binder.execTransactInternal(Binder.java:1285)
04-22 05:51:33.650 W/err     (24541): 	at android.os.Binder.execTransact(Binder.java:1244)
04-22 05:51:33.650 W/err     (24541): Error changing state for com.google.android.apps.docs.editors.punch.conversion.PunchOnlineImportActivity
04-22 05:51:33.650 W/err     (24541): java.lang.IllegalArgumentException: Component class com.google.android.apps.docs.editors.punch.conversion.PunchOnlineImportActivity does not exist in com.google.android.apps.docs
04-22 05:51:33.650 W/err     (24541): 	at android.os.Parcel.createExceptionOrNull(Parcel.java:3015)
04-22 05:51:33.650 W/err     (24541): 	at android.os.Parcel.createException(Parcel.java:2995)
04-22 05:51:33.650 W/err     (24541): 	at android.os.Parcel.readException(Parcel.java:2978)
04-22 05:51:33.650 W/err     (24541): 	at android.os.Parcel.readException(Parcel.java:2920)
04-22 05:51:33.650 W/err     (24541): 	at android.content.pm.IPackageManager$Stub$Proxy.setComponentEnabledSetting(IPackageManager.java:5881)
04-22 05:51:33.650 W/err     (24541): 	at android.app.ApplicationPackageManager.setComponentEnabledSetting(ApplicationPackageManager.java:3050)
04-22 05:51:33.650 W/err     (24541): 	at err.a(PG:4)
04-22 05:51:33.650 W/err     (24541): 	at ixx.d(PG:6)
04-22 05:51:33.650 W/err     (24541): 	at ixz.run(PG:93)
04-22 05:51:33.650 W/err     (24541): 	at nsr.execute(PG:1)
04-22 05:51:33.650 W/err     (24541): 	at iyd.a(PG:11)
04-22 05:51:33.650 W/err     (24541): 	at pgh.b(PG:5)
04-22 05:51:33.650 W/err     (24541): 	at iyn.h(PG:3)
04-22 05:51:33.650 W/err     (24541): 	at isa.d(PG:1)
04-22 05:51:33.650 W/err     (24541): 	at ixz.run(PG:93)
04-22 05:51:33.650 W/err     (24541): 	at nsr.execute(PG:1)
04-22 05:51:33.650 W/err     (24541): 	at iyd.a(PG:11)
04-22 05:51:33.650 W/err     (24541): 	at pgh.b(PG:5)
04-22 05:51:33.650 W/err     (24541): 	at kam.b(PG:2)
04-22 05:51:33.650 W/err     (24541): 	at ntf.run(PG:6)
04-22 05:51:33.650 W/err     (24541): 	at nsr.execute(PG:1)
04-22 05:51:33.650 W/err     (24541): 	at nsd.n(PG:1)
04-22 05:51:33.650 W/err     (24541): 	at nsd.j(PG:12)
04-22 05:51:33.650 W/err     (24541): 	at nsd.c(PG:2)
04-22 05:51:33.650 W/err     (24541): 	at nsg$b.g(PG:1)
04-22 05:51:33.650 W/err     (24541): 	at nsg.run(PG:12)
04-22 05:51:33.650 W/err     (24541): 	at nsr.execute(PG:1)
04-22 05:51:33.650 W/err     (24541): 	at nsd.n(PG:1)
04-22 05:51:33.650 W/err     (24541): 	at nsd.j(PG:12)
04-22 05:51:33.650 W/err     (24541): 	at nsd.dJ(PG:5)
04-22 05:51:33.650 W/err     (24541): 	at nsg$a.g(PG:2)
04-22 05:51:33.650 W/err     (24541): 	at nsg.run(PG:12)
04-22 05:51:33.650 W/err     (24541): 	at nsr.execute(PG:1)
04-22 05:51:33.650 W/err     (24541): 	at nsd.n(PG:1)
04-22 05:51:33.650 W/err     (24541): 	at nsd.j(PG:12)
04-22 05:51:33.650 W/err     (24541): 	at nsd.c(PG:2)
04-22 05:51:33.650 W/err     (24541): 	at nsc.run(PG:12)
04-22 05:51:33.650 W/err     (24541): 	at nsr.execute(PG:1)
04-22 05:51:33.650 W/err     (24541): 	at nsd.n(PG:1)
04-22 05:51:33.650 W/err     (24541): 	at nsd.j(PG:12)
04-22 05:51:33.650 W/err     (24541): 	at nsd.c(PG:2)
04-22 05:51:33.650 W/err     (24541): 	at nsg$b.g(PG:1)
04-22 05:51:33.650 W/err     (24541): 	at nsg.run(PG:12)
04-22 05:51:33.650 W/err     (24541): 	at nsr.execute(PG:1)
04-22 05:51:33.650 W/err     (24541): 	at nsd.n(PG:1)
04-22 05:51:33.650 W/err     (24541): 	at nsd.j(PG:12)
04-22 05:51:33.650 W/err     (24541): 	at nsd.c(PG:2)
04-22 05:51:33.650 W/err     (24541): 	at kao.c(PG:1)
04-22 05:51:33.650 W/err     (24541): 	at khr.a(PG:9)
04-22 05:51:33.650 W/err     (24541): 	at ixz.run(PG:100)
04-22 05:51:33.650 W/err     (24541): 	at nsr.execute(PG:1)
04-22 05:51:33.650 W/err     (24541): 	at iyd.a(PG:7)
04-22 05:51:33.650 W/err     (24541): 	at pgh.b(PG:5)
04-22 05:51:33.650 W/err     (24541): 	at iyn.h(PG:3)
04-22 05:51:33.650 W/err     (24541): 	at isl.a(PG:1)
04-22 05:51:33.650 W/err     (24541): 	at irx.dispatchTransaction(PG:4)
04-22 05:51:33.650 W/err     (24541): 	at dhm.onTransact(PG:2)
04-22 05:51:33.650 W/err     (24541): 	at android.os.Binder.execTransactInternal(Binder.java:1285)
04-22 05:51:33.650 W/err     (24541): 	at android.os.Binder.execTransact(Binder.java:1244)
04-22 05:51:33.650 W/err     (24541): Error changing state for com.google.android.apps.docs.editors.punch.conversion.PunchOnlineImportActivity
04-22 05:51:33.650 W/err     (24541): java.lang.IllegalArgumentException: Component class com.google.android.apps.docs.editors.punch.conversion.PunchOnlineImportActivity does not exist in com.google.android.apps.docs
04-22 05:51:33.650 W/err     (24541): 	at android.os.Parcel.createExceptionOrNull(Parcel.java:3015)
04-22 05:51:33.650 W/err     (24541): 	at android.os.Parcel.createException(Parcel.java:2995)
04-22 05:51:33.650 W/err     (24541): 	at android.os.Parcel.readException(Parcel.java:2978)
04-22 05:51:33.650 W/err     (24541): 	at android.os.Parcel.readException(Parcel.java:2920)
04-22 05:51:33.650 W/err     (24541): 	at android.content.pm.IPackageManager$Stub$Proxy.setComponentEnabledSetting(IPackageManager.java:5881)
04-22 05:51:33.650 W/err     (24541): 	at android.app.ApplicationPackageManager.setComponentEnabledSetting(ApplicationPackageManager.java:3050)
04-22 05:51:33.650 W/err     (24541): 	at err.a(PG:4)
04-22 05:51:33.650 W/err     (24541): 	at ixx.d(PG:6)
04-22 05:51:33.650 W/err     (24541): 	at ixz.run(PG:93)
04-22 05:51:33.650 W/err     (24541): 	at nsr.execute(PG:1)
04-22 05:51:33.650 W/err     (24541): 	at iyd.a(PG:11)
04-22 05:51:33.650 W/err     (24541): 	at pgh.b(PG:5)
04-22 05:51:33.650 W/err     (24541): 	at iyn.h(PG:3)
04-22 05:51:33.650 W/err     (24541): 	at isa.d(PG:1)
04-22 05:51:33.650 W/err     (24541): 	at ixz.run(PG:93)
04-22 05:51:33.650 W/err     (24541): 	at nsr.execute(PG:1)
04-22 05:51:33.650 W/err     (24541): 	at iyd.a(PG:11)
04-22 05:51:33.650 W/err     (24541): 	at pgh.b(PG:5)
04-22 05:51:33.650 W/err     (24541): 	at kam.b(PG:2)
04-22 05:51:33.650 W/err     (24541): 	at ntf.run(PG:6)
04-22 05:51:33.650 W/err     (24541): 	at nsr.execute(PG:1)
04-22 05:51:33.650 W/err     (24541): 	at nsd.n(PG:1)
04-22 05:51:33.650 W/err     (24541): 	at nsd.j(PG:12)
04-22 05:51:33.650 W/err     (24541): 	at nsd.c(PG:2)
04-22 05:51:33.650 W/err     (24541): 	at nsg$b.g(PG:1)
04-22 05:51:33.650 W/err     (24541): 	at nsg.run(PG:12)
04-22 05:51:33.650 W/err     (24541): 	at nsr.execute(PG:1)
04-22 05:51:33.650 W/err     (24541): 	at nsd.n(PG:1)
04-22 05:51:33.650 W/err     (24541): 	at nsd.j(PG:12)
04-22 05:51:33.650 W/err     (24541): 	at nsd.dJ(PG:5)
04-22 05:51:33.650 W/err     (24541): 	at nsg$a.g(PG:2)
04-22 05:51:33.650 W/err     (24541): 	at nsg.run(PG:12)
04-22 05:51:33.650 W/err     (24541): 	at nsr.execute(PG:1)
04-22 05:51:33.650 W/err     (24541): 	at nsd.n(PG:1)
04-22 05:51:33.650 W/err     (24541): 	at nsd.j(PG:12)
04-22 05:51:33.650 W/err     (24541): 	at nsd.c(PG:2)
04-22 05:51:33.650 W/err     (24541): 	at nsc.run(PG:12)
04-22 05:51:33.650 W/err     (24541): 	at nsr.execute(PG:1)
04-22 05:51:33.650 W/err     (24541): 	at nsd.n(PG:1)
04-22 05:51:33.650 W/err     (24541): 	at nsd.j(PG:12)
04-22 05:51:33.650 W/err     (24541): 	at nsd.c(PG:2)
04-22 05:51:33.650 W/err     (24541): 	at nsg$b.g(PG:1)
04-22 05:51:33.650 W/err     (24541): 	at nsg.run(PG:12)
04-22 05:51:33.650 W/err     (24541): 	at nsr.execute(PG:1)
04-22 05:51:33.650 W/err     (24541): 	at nsd.n(PG:1)
04-22 05:51:33.650 W/err     (24541): 	at nsd.j(PG:12)
04-22 05:51:33.650 W/err     (24541): 	at nsd.c(PG:2)
04-22 05:51:33.650 W/err     (24541): 	at kao.c(PG:1)
04-22 05:51:33.650 W/err     (24541): 	at khr.a(PG:9)
04-22 05:51:33.650 W/err     (24541): 	at ixz.run(PG:100)
04-22 05:51:33.650 W/err     (24541): 	at nsr.execute(PG:1)
04-22 05:51:33.650 W/err     (24541): 	at iyd.a(PG:7)
04-22 05:51:33.650 W/err     (24541): 	at pgh.b(PG:5)
04-22 05:51:33.650 W/err     (24541): 	at iyn.h(PG:3)
04-22 05:51:33.650 W/err     (24541): 	at isl.a(PG:1)
04-22 05:51:33.650 W/err     (24541): 	at irx.dispatchTransaction(PG:4)
04-22 05:51:33.650 W/err     (24541): 	at dhm.onTransact(PG:2)
04-22 05:51:33.650 W/err     (24541): 	at android.os.Binder.execTransactInternal(Binder.java:1285)
04-22 05:51:33.650 W/err     (24541): 	at android.os.Binder.execTransact(Binder.java:1244)
04-22 05:51:33.697 I/resolv  (  293): res_tls_send: TLS query result: 0
04-22 05:51:33.697 I/resolv  (  293): doQuery: rcode=0, ancount=4, return value=163
04-22 05:51:33.697 I/resolv  (  293): res_tls_send: TLS query result: 0
04-22 05:51:33.697 I/resolv  (  293): doQuery: rcode=0, ancount=4, return value=115
04-22 05:51:33.699 D/TrafficStats( 1251): tagSocket(147) with statsTag=0x20008100, statsUid=-1
04-22 05:51:34.651 E/system_server(  519): No package ID 7f found for ID 0x7f080292.
04-22 05:51:34.651 E/system_server(  519): No package ID 7f found for ID 0x7f130588.
04-22 05:51:34.651 E/system_server(  519): No package ID 7f found for ID 0x7f130588.
04-22 05:51:34.651 E/system_server(  519): No package ID 7f found for ID 0x7f08028e.
04-22 05:51:34.651 E/system_server(  519): No package ID 7f found for ID 0x7f130586.
04-22 05:51:34.651 E/system_server(  519): No package ID 7f found for ID 0x7f130586.
04-22 05:51:34.651 E/system_server(  519): No package ID 7f found for ID 0x7f080290.
04-22 05:51:34.651 E/system_server(  519): No package ID 7f found for ID 0x7f130587.
04-22 05:51:34.651 E/system_server(  519): No package ID 7f found for ID 0x7f130587.
04-22 05:51:34.651 W/ShortcutService(  519): Invalid tag 'capability' found at depth 2
04-22 05:51:34.651 E/ShortcutService(  519): Ignoring excessive intent tag.
04-22 05:51:34.651 W/ShortcutService(  519): Invalid tag 'parameter' found at depth 4
04-22 05:51:34.651 W/ShortcutService(  519): Invalid tag 'capability' found at depth 2
04-22 05:51:34.651 W/ShortcutService(  519): Invalid tag 'slice' found at depth 3
04-22 05:51:34.651 W/ShortcutService(  519): Invalid tag 'url-template' found at depth 4
04-22 05:51:34.653 I/InputReader(  519): Reconfiguring input devices, changes=KEYBOARD_LAYOUTS | 
04-22 05:51:34.654 V/MediaPlayerList(  790): mPackageChangedBroadcastReceiver: action: android.intent.action.PACKAGE_CHANGED
04-22 05:51:34.655 D/MediaPlayerList(  790): Name of package changed: com.google.android.apps.docs
04-22 05:51:34.656 I/Telecom (  519): DefaultDialerCache: Refreshing default dialer for user 0: now com.google.android.dialer: DDC.oR@Abo
04-22 05:51:34.656 I/RoleService(  519): Granting default roles...
04-22 05:51:34.659 D/ControlsListingControllerImpl(  728): ServiceConfig reloaded, count: 0
04-22 05:51:34.660 I/PermissionControllerServiceImpl(24544): Updating user sensitive for uid 10127
04-22 05:51:34.662 D/AppWidgetServiceImpl(  519): Provider info from ComponentInfo{com.google.android.apps.docs/com.google.android.apps.docs.drive.widget.suggestion.SuggestionAppWidgetProvider} won't be persisted.
04-22 05:51:34.662 D/AppWidgetServiceImpl(  519): Provider info from ComponentInfo{com.google.android.apps.docs/com.google.android.apps.docs.drive.widget.CakemixAppWidgetProvider} won't be persisted.
04-22 05:51:34.664 W/Role    (24544): Default holder doesn't have required signing certificate: com.google.android.apps.work.clouddpc:23962F4B43B9857638EA66F4D419518EAE282491ACDA4B94707BD59003C45E58
04-22 05:51:34.665 I/ProvidersCache(24513): Provider returned no roots. Possibly naughty: com.google.android.apps.docs.storage
04-22 05:51:34.666 D/CarrierSvcBindHelper(  886): onPackageModified: com.google.android.apps.docs
04-22 05:51:34.666 D/CarrierSvcBindHelper(  886): No carrier app for: 0
04-22 05:51:34.667 I/Bugle   (24223): BroadcastReceiverAsyncWorkTracker: Acknowledging broadcast of atsi@58c9b33
04-22 05:51:34.668 D/ImsResolver(  886): maybeAddedImsService, packageName: com.google.android.apps.docs
04-22 05:51:34.673 I/Fitness ( 1251): FitCleanupIntentOperation received Intent android.intent.action.PACKAGE_CHANGED [CONTEXT service_id=17 ]
04-22 05:51:34.674 I/Fitness ( 1251): OnPackageChangedOperation got intent: Intent { act=android.intent.action.PACKAGE_CHANGED dat=package: flg=0x45000010 pkg=com.google.android.gms cmp=com.google.android.gms/.chimera.PersistentIntentOperationService (has extras) } [CONTEXT service_id=17 ]
04-22 05:51:34.683 W/ChimeraUtils( 1251): Module com.google.android.gms.nearby_en missing resource null(0)
04-22 05:51:34.684 W/ChimeraUtils( 1251): Module com.google.android.gms.nearby_en missing resource null(0)
04-22 05:51:34.689 D/BoundBrokerSvc( 4339): onBind: Intent { act=com.google.android.gms.feedback.internal.IFeedbackService dat=chimera-action:/... cmp=com.google.android.gms/.chimera.GmsBoundBrokerService }
04-22 05:51:34.689 D/BoundBrokerSvc( 4339): Loading bound service for intent: Intent { act=com.google.android.gms.feedback.internal.IFeedbackService dat=chimera-action:/... cmp=com.google.android.gms/.chimera.GmsBoundBrokerService }
04-22 05:51:34.695 I/Icing   ( 4339): IndexChimeraService.getServiceInterface callingPackage=com.google.android.gms componentName=AppsCorpus serviceId=36
04-22 05:51:34.712 I/Icing   ( 4339): Usage reports ok 1, Failed Usage reports 0, indexed 0, rejected 0
04-22 05:51:34.714 I/Icing   ( 4339): IndexChimeraService.getServiceInterface callingPackage=com.google.android.gms componentName=null serviceId=30
04-22 05:51:34.714 I/Icing   ( 4339): Indexing com.google.android.gms-apps from com.google.android.gms
04-22 05:51:34.718 I/Icing   ( 4339): Usage reports ok 0, Failed Usage reports 0, indexed 0, rejected 0
04-22 05:51:34.718 I/Icing   ( 4339): Indexing done com.google.android.gms-apps
04-22 05:51:38.456 D/TrafficStats(  784): tagSocket(5) with statsTag=0xffffff81, statsUid=-1
04-22 05:51:43.273 E/WifiScoringParams(  519): Invalid frequency(-1), using 5G as default rssi array
04-22 05:51:47.095 D/WifiNl80211Manager(  519): Scan result ready event
04-22 05:51:47.095 D/WifiNative(  519): Scan result ready event
--------- beginning of kernel
04-22 05:51:47.292 I/logd    (  158): logdr: UID=2000 GID=2000 PID=24868 n tail=0 logMask=99 pid=0 start=0ns deadline=0ns
04-22 05:51:48.470 D/NetworkMonitor/100(  784): PROBE_HTTPS https://www.google.com/generate_204 Probe failed with exception java.net.SocketTimeoutException: failed to connect to www.google.com/2001::1 (port 443) from /fec0::5054:ff:fe12:3456 (port 45742) after 10000ms
04-22 05:51:48.472 D/NetworkMonitor/100(  784): isCaptivePortal: isSuccessful()=false isPortal()=false RedirectUrl=null isPartialConnectivity()=true Time=20057ms
04-22 05:51:48.473 D/ConnectivityService(  519): [100 CELLULAR] validation failed
04-22 05:51:48.648 W/A       ( 1921): v2 eligibility check failed
04-22 05:51:48.648 W/A       ( 1921): com.google.android.libraries.search.r.a.b: com.google.frameworks.client.data.android.ac: Http networking stack error
04-22 05:51:48.648 W/A       ( 1921): 	at com.google.android.libraries.search.r.a.f.apply(PG:3)
04-22 05:51:48.648 W/A       ( 1921): 	at com.google.apps.tiktok.tracing.ew.apply(PG:3)
04-22 05:51:48.648 W/A       ( 1921): 	at com.google.common.w.a.a.e(PG:2)
04-22 05:51:48.648 W/A       ( 1921): 	at com.google.common.w.a.c.run(PG:11)
04-22 05:51:48.648 W/A       ( 1921): 	at com.google.android.libraries.i.z.run(PG:1)
04-22 05:51:48.648 W/A       ( 1921): 	at java.util.concurrent.ThreadPoolExecutor.runWorker(ThreadPoolExecutor.java:1137)
04-22 05:51:48.648 W/A       ( 1921): 	at java.util.concurrent.ThreadPoolExecutor$Worker.run(ThreadPoolExecutor.java:637)
04-22 05:51:48.648 W/A       ( 1921): 	at com.google.android.libraries.i.h.run(PG:2)
04-22 05:51:48.648 W/A       ( 1921): 	at java.lang.Thread.run(Thread.java:1012)
04-22 05:51:48.648 W/A       ( 1921): 	at com.google.android.libraries.i.ai.run(PG:5)
04-22 05:51:48.648 W/A       ( 1921): Caused by: com.google.frameworks.client.data.android.ac: Http networking stack error
04-22 05:51:48.648 W/A       ( 1921): 	at com.google.frameworks.client.data.android.y.run(PG:7)
04-22 05:51:48.648 W/A       ( 1921): 	... 6 more
04-22 05:51:48.648 W/A       ( 1921): Caused by: iq: Exception in CronetUrlRequest: net::ERR_CONNECTION_REFUSED, ErrorCode=7, InternalErrorCode=-102, Retryable=false
04-22 05:51:48.648 W/A       ( 1921): 	at org.chromium.net.impl.CronetUrlRequest.onError(:com.google.android.gms.dynamite_cronetdynamite@231818044@23.18.18 (190400-0):5)
04-22 05:51:48.657 D/TrafficStats(12431): tagSocket(5) with statsTag=0x1803, statsUid=10116
04-22 05:51:48.890 D/TrafficStats(12431): tagSocket(58) with statsTag=0x1803, statsUid=10116
04-22 05:51:48.959 D/TrafficStats(12431): tagSocket(81) with statsTag=0x1803, statsUid=10116
04-22 05:51:49.191 D/TrafficStats(12431): tagSocket(100) with statsTag=0x1803, statsUid=10116
04-22 05:51:49.743 D/BoundBrokerSvc( 4339): onUnbind: Intent { act=com.google.android.gms.feedback.internal.IFeedbackService dat=chimera-action:/... cmp=com.google.android.gms/.chimera.GmsBoundBrokerService }
04-22 05:52:00.004 I/AiAiEcho( 1598): Predicting[0]: 
04-22 05:52:00.004 I/AiAiEcho( 1598): Ranked targets strategy: SORT, count: 0, ranking metadata: 
04-22 05:52:00.004 I/AiAiEcho( 1598): #postPredictionTargets: Sending updates to UISurface lockscreen with targets# 0
04-22 05:52:00.004 I/AiAiEcho( 1598): #postPredictionTargets: Sending updates to UISurface home with targets# 0
04-22 05:52:00.004 I/AiAiEcho( 1598): #postPredictionTargets: Sending updates to UISurface media_data_manager with targets# 0
04-22 05:52:00.023 D/SsMediaDataProvider(  728): Forwarding Smartspace updates []
04-22 05:52:00.064 D/EGL_emulation(  728): app_time_stats: avg=35458.33ms min=35458.33ms max=35458.33ms count=1
04-22 05:52:04.620 D/EGL_emulation(  728): app_time_stats: avg=4556.23ms min=4556.23ms max=4556.23ms count=1
04-22 05:52:15.540 D/TelephonyManager(  519): requestModemActivityInfo: Sending result to app: ModemActivityInfo{ mTimestamp=33792233 mSleepTimeMs=0 mIdleTimeMs=33792065 mActivityStatsTechSpecificInfo=[{mRat=UNKNOWN,mFrequencyRange=UNKNOWN,mTxTimeMs[]=[0, 0, 0, 0, 0],mRxTimeMs=0}]}
04-22 05:52:15.572 I/netd    (  293): tetherGetStats() -> {[]} <1.48ms>
04-22 05:52:44.619 D/EGL_emulation(  728): app_time_stats: avg=39999.09ms min=39999.09ms max=39999.09ms count=1
04-22 05:52:48.706 D/TrafficStats( 1251): tagSocket(90) with statsTag=0x20008100, statsUid=-1
04-22 05:53:00.008 I/AiAiEcho( 1598): Predicting[0]: 
04-22 05:53:00.008 I/AiAiEcho( 1598): Ranked targets strategy: SORT, count: 0, ranking metadata: 
04-22 05:53:00.009 I/AiAiEcho( 1598): #postPredictionTargets: Sending updates to UISurface lockscreen with targets# 0
04-22 05:53:00.009 I/AiAiEcho( 1598): #postPredictionTargets: Sending updates to UISurface home with targets# 0
04-22 05:53:00.009 I/AiAiEcho( 1598): #postPredictionTargets: Sending updates to UISurface media_data_manager with targets# 0
04-22 05:53:00.023 D/SsMediaDataProvider(  728): Forwarding Smartspace updates []
04-22 05:53:00.031 D/EGL_emulation(  728): app_time_stats: avg=15411.81ms min=15411.81ms max=15411.81ms count=1
04-22 05:53:00.036 W/TransactionTracing(  335): Could not find layer id -1
04-22 05:53:00.036 W/TransactionTracing(  335): Could not find layer id -1
04-22 05:53:00.036 W/TransactionTracing(  335): Could not find layer id -1
04-22 05:53:00.036 W/TransactionTracing(  335): Could not find layer id -1
04-22 05:53:03.662 D/TrafficStats(12431): tagSocket(5) with statsTag=0x1803, statsUid=10116
04-22 05:53:03.895 D/TrafficStats(12431): tagSocket(58) with statsTag=0x1803, statsUid=10116
04-22 05:53:03.962 D/TrafficStats(12431): tagSocket(81) with statsTag=0x1803, statsUid=10116
04-22 05:53:04.196 D/TrafficStats(12431): tagSocket(100) with statsTag=0x1803, statsUid=10116
04-22 05:53:13.447 E/android.hardware.power.stats@1.0-service-mock(  317): Failed to getEnergyData
04-22 05:53:43.408 D/ActivityManager(  519): freezing 24324 com.android.remoteprovisioner
04-22 05:54:00.005 I/AiAiEcho( 1598): Predicting[0]: 
04-22 05:54:00.005 I/AiAiEcho( 1598): Ranked targets strategy: SORT, count: 0, ranking metadata: 
04-22 05:54:00.006 I/AiAiEcho( 1598): #postPredictionTargets: Sending updates to UISurface lockscreen with targets# 0
04-22 05:54:00.006 I/AiAiEcho( 1598): #postPredictionTargets: Sending updates to UISurface home with targets# 0
04-22 05:54:00.007 I/AiAiEcho( 1598): #postPredictionTargets: Sending updates to UISurface media_data_manager with targets# 0
04-22 05:54:00.021 D/SsMediaDataProvider(  728): Forwarding Smartspace updates []
04-22 05:54:00.031 D/EGL_emulation(  728): app_time_stats: avg=60000.39ms min=60000.39ms max=60000.39ms count=1
04-22 05:54:03.712 D/TrafficStats( 1251): tagSocket(90) with statsTag=0x20008100, statsUid=-1
04-22 05:54:18.667 D/TrafficStats(12431): tagSocket(5) with statsTag=0x1803, statsUid=10116
04-22 05:54:18.899 D/TrafficStats(12431): tagSocket(58) with statsTag=0x1803, statsUid=10116
04-22 05:54:18.966 D/TrafficStats(12431): tagSocket(81) with statsTag=0x1803, statsUid=10116
04-22 05:54:19.199 D/TrafficStats(12431): tagSocket(100) with statsTag=0x1803, statsUid=10116
04-22 05:54:23.307 E/WifiScoringParams(  519): Invalid frequency(-1), using 5G as default rssi array
04-22 05:54:24.666 D/EGL_emulation(  728): app_time_stats: avg=24634.25ms min=24634.25ms max=24634.25ms count=1
04-22 05:54:25.554 I/ActivityTaskManager(  519): START u0 {flg=0x10000000 cmp=com.impos2.mixcretailassemblyrn84/.MainActivity} from uid 2000
04-22 05:54:25.555 W/unknown:BridgelessReact(24757): ReactHost{0}.onHostPause(activity)
04-22 05:54:25.555 W/unknown:BridgelessReact(24757): ReactHost{0}.ReactContext.onHostPause()
04-22 05:54:25.555 W/unknown:BridgelessReact(24757): ReactHost{0}.onHostResume(activity)
04-22 05:54:25.555 W/unknown:BridgelessReact(24757): ReactHost{0}.ReactContext.onHostResume()
04-22 05:54:25.572 D/TrafficStats(24757): tagSocket(5) with statsTag=0xffffffff, statsUid=-1
04-22 05:54:25.575 D/TrafficStats(24757): tagSocket(5) with statsTag=0xffffffff, statsUid=-1
04-22 05:54:25.578 D/TrafficStats(24757): tagSocket(5) with statsTag=0xffffffff, statsUid=-1
04-22 05:54:25.580 D/TrafficStats(24757): tagSocket(5) with statsTag=0xffffffff, statsUid=-1
04-22 05:54:25.602 D/EGL_emulation(24757): app_time_stats: avg=14458.95ms min=0.77ms max=216864.12ms count=15
04-22 05:54:25.622 D/TrafficStats(24757): tagSocket(5) with statsTag=0xffffffff, statsUid=-1
04-22 05:54:25.644 D/TrafficStats(24757): tagSocket(5) with statsTag=0xffffffff, statsUid=-1
04-22 05:54:25.652 D/TrafficStats(24757): tagSocket(5) with statsTag=0xffffffff, statsUid=-1
04-22 05:54:25.655 D/TrafficStats(24757): tagSocket(5) with statsTag=0xffffffff, statsUid=-1
04-22 05:54:25.657 D/TrafficStats(24757): tagSocket(5) with statsTag=0xffffffff, statsUid=-1
04-22 05:54:25.660 D/TrafficStats(24757): tagSocket(5) with statsTag=0xffffffff, statsUid=-1
04-22 05:54:25.663 D/TrafficStats(24757): tagSocket(74) with statsTag=0xffffffff, statsUid=-1
04-22 05:54:25.718 D/TrafficStats(24757): tagSocket(106) with statsTag=0xffffffff, statsUid=-1
04-22 05:54:25.720 D/TrafficStats(24757): tagSocket(106) with statsTag=0xffffffff, statsUid=-1
04-22 05:54:25.723 D/TrafficStats(24757): tagSocket(126) with statsTag=0xffffffff, statsUid=-1
04-22 05:54:25.725 D/TrafficStats(24757): tagSocket(106) with statsTag=0xffffffff, statsUid=-1
04-22 05:54:25.728 D/TrafficStats(24757): tagSocket(106) with statsTag=0xffffffff, statsUid=-1
04-22 05:54:25.730 D/TrafficStats(24757): tagSocket(106) with statsTag=0xffffffff, statsUid=-1
04-22 05:54:25.733 D/TrafficStats(24757): tagSocket(106) with statsTag=0xffffffff, statsUid=-1
04-22 05:54:25.787 D/TrafficStats(24757): tagSocket(105) with statsTag=0xffffffff, statsUid=-1
04-22 05:54:25.791 D/TrafficStats(24757): tagSocket(105) with statsTag=0xffffffff, statsUid=-1
04-22 05:54:25.794 D/TrafficStats(24757): tagSocket(105) with statsTag=0xffffffff, statsUid=-1
04-22 05:54:25.796 D/TrafficStats(24757): tagSocket(105) with statsTag=0xffffffff, statsUid=-1
04-22 05:54:25.799 D/TrafficStats(24757): tagSocket(105) with statsTag=0xffffffff, statsUid=-1
04-22 05:54:25.801 D/TrafficStats(24757): tagSocket(105) with statsTag=0xffffffff, statsUid=-1
04-22 05:54:25.804 D/TrafficStats(24757): tagSocket(105) with statsTag=0xffffffff, statsUid=-1
04-22 05:54:26.109 D/TrafficStats(24757): tagSocket(97) with statsTag=0xffffffff, statsUid=-1
04-22 05:54:26.113 D/TrafficStats(24757): tagSocket(97) with statsTag=0xffffffff, statsUid=-1
04-22 05:54:26.115 D/TrafficStats(24757): tagSocket(97) with statsTag=0xffffffff, statsUid=-1
04-22 05:54:26.123 D/CompatibilityChangeReporter(24757): Compat change id reported: 171228096; UID 10175; state: ENABLED
04-22 05:54:27.104 D/WifiNl80211Manager(  519): Scan result ready event
04-22 05:54:27.105 D/WifiNative(  519): Scan result ready event
04-22 05:54:27.751 D/EGL_emulation(24757): app_time_stats: avg=266.30ms min=1.56ms max=1559.68ms count=8
04-22 05:54:27.822 W/TransactionTracing(  335): Could not find layer id -1
04-22 05:54:27.822 W/TransactionTracing(  335): Could not find layer id -1
04-22 05:54:45.663 D/TrafficStats(24757): tagSocket(97) with statsTag=0xffffffff, statsUid=-1
04-22 05:54:45.667 D/TrafficStats(24757): tagSocket(97) with statsTag=0xffffffff, statsUid=-1
04-22 05:54:45.685 I/assembly.assembly.android.mixc-retail-rn84(24757): [assembly.topology] Native topology host already matches desired lifecycle state {"displayCount":1,"displayIndex":0,"deviceId":"6Z2H3BSGEY","instanceMode":"MASTER","enableSlave":false,"running":false,"reason":"not-master-or-single-primary-host"}
04-22 05:54:45.727 D/TrafficStats(24757): tagSocket(97) with statsTag=0xffffffff, statsUid=-1
04-22 05:54:45.729 D/TrafficStats(24757): tagSocket(97) with statsTag=0xffffffff, statsUid=-1
04-22 05:54:45.731 I/assembly.assembly.android.mixc-retail-rn84(24757): [assembly.topology] Starting native topology host from assembly lifecycle {"displayCount":1,"displayIndex":0,"deviceId":"6Z2H3BSGEY","instanceMode":"MASTER","enableSlave":true,"reason":"master-primary-enable-slave"}
04-22 05:54:45.732 D/CompatibilityChangeReporter(  519): Compat change id reported: 168419799; UID 10175; state: DISABLED
04-22 05:54:45.732 D/CompatibilityChangeReporter(  519): Compat change id reported: 273564678; UID 10175; state: DISABLED
04-22 05:54:45.745 D/EGL_emulation(24757): app_time_stats: avg=999.63ms min=4.54ms max=17720.90ms count=18
04-22 05:54:45.747 D/TrafficStats(24757): tagSocket(70) with statsTag=0xffffffff, statsUid=-1
04-22 05:54:45.750 I/MMKV    (24757): <MMKV_IO.cpp:609::writeActualSize> [mixc-retail-assembly-rn84::state] increase sequence to 28, crc 1442063211, actualSize 22269
04-22 05:54:45.750 I/MMKV    (24757): <MMKV.cpp:1208::sync> MMKV::sync, SyncFlag = 1
04-22 05:54:45.750 I/ReactNativeJS(24757): '[assembly.android.mixc-retail-rn84.websocket] connect', { url: 'ws://127.0.0.1:8888/mockMasterServer/ws',
04-22 05:54:45.750 I/ReactNativeJS(24757):   protocol: 'ws',
04-22 05:54:45.750 I/ReactNativeJS(24757):   host: '127.0.0.1:8888',
04-22 05:54:45.750 I/ReactNativeJS(24757):   pathname: '/mockMasterServer/ws' }
04-22 05:54:45.752 I/assembly.assembly.android.mixc-retail-rn84(24757): [assembly.topology] Create assembly topology socket binding {"displayIndex":0,"role":"master","localNodeId":"master:6Z2H3BSGEY","wsUrl":"ws://127.0.0.1:8888/mockMasterServer/ws","httpBaseUrl":"http://127.0.0.1:8888/mockMasterServer","resolvedServerBaseUrl":"http://127.0.0.1:8888/mockMasterServer","resolvedPathTemplate":"/ws"}
04-22 05:54:45.752 I/assembly.assembly.android.mixc-retail-rn84.transport.ws.SocketRuntime(24757): [transport.ws] Socket connect started: assembly.android.mixc-retail-rn84.topology {"profileName":"assembly.android.mixc-retail-rn84.topology","serverName":"dual-topology-host-v3","addressName":"dynamic-topology-host"}
04-22 05:54:45.755 I/WebViewFactory(24757): Loading com.google.android.webview version 109.0.5414.123 (code 541412334)
04-22 05:54:45.757 W/ziparchive(24757): Unable to open '/data/app/~~2XlbTKbdSL4ytKc6vI96fw==/com.google.android.trichromelibrary_541412334-XVCZJKNYM7pdXgwa6ezTsQ==/TrichromeLibrary.dm': No such file or directory
04-22 05:54:45.757 W/ziparchive(24757): Unable to open '/data/app/~~2XlbTKbdSL4ytKc6vI96fw==/com.google.android.trichromelibrary_541412334-XVCZJKNYM7pdXgwa6ezTsQ==/TrichromeLibrary.dm': No such file or directory
04-22 05:54:45.757 W/ailassemblyrn84(24757): Entry not found
04-22 05:54:45.757 D/nativeloader(24757): Configuring classloader-namespace for other apk /data/app/~~2XlbTKbdSL4ytKc6vI96fw==/com.google.android.trichromelibrary_541412334-XVCZJKNYM7pdXgwa6ezTsQ==/TrichromeLibrary.apk. target_sdk_version=33, uses_libraries=ALL, library_path=/data/app/~~Q0ddWPLbjoO_UEypAkbhRg==/com.google.android.webview-PdQqPxJT8P1ba_nJ4hr2mw==/lib/arm64:/data/app/~~Q0ddWPLbjoO_UEypAkbhRg==/com.google.android.webview-PdQqPxJT8P1ba_nJ4hr2mw==/WebViewGoogle.apk!/lib/arm64-v8a:/data/app/~~2XlbTKbdSL4ytKc6vI96fw==/com.google.android.trichromelibrary_541412334-XVCZJKNYM7pdXgwa6ezTsQ==/TrichromeLibrary.apk!/lib/arm64-v8a, permitted_path=/data:/mnt/expand
04-22 05:54:45.758 D/nativeloader(24757): Configuring classloader-namespace for other apk /data/app/~~Q0ddWPLbjoO_UEypAkbhRg==/com.google.android.webview-PdQqPxJT8P1ba_nJ4hr2mw==/WebViewGoogle.apk. target_sdk_version=33, uses_libraries=, library_path=/data/app/~~Q0ddWPLbjoO_UEypAkbhRg==/com.google.android.webview-PdQqPxJT8P1ba_nJ4hr2mw==/lib/arm64:/data/app/~~Q0ddWPLbjoO_UEypAkbhRg==/com.google.android.webview-PdQqPxJT8P1ba_nJ4hr2mw==/WebViewGoogle.apk!/lib/arm64-v8a:/data/app/~~2XlbTKbdSL4ytKc6vI96fw==/com.google.android.trichromelibrary_541412334-XVCZJKNYM7pdXgwa6ezTsQ==/TrichromeLibrary.apk!/lib/arm64-v8a, permitted_path=/data:/mnt/expand
04-22 05:54:45.764 I/cr_WVCFactoryProvider(24757): Loaded version=109.0.5414.123 minSdkVersion=29 isBundle=false multiprocess=true packageId=2
04-22 05:54:45.767 I/cr_VariationsUtils(24757): Failed reading seed file "/data/user/0/com.impos2.mixcretailassemblyrn84/app_webview/variations_seed_new"
04-22 05:54:45.767 I/cr_VariationsUtils(24757): Failed reading seed file "/data/user/0/com.impos2.mixcretailassemblyrn84/app_webview/variations_seed"
04-22 05:54:45.767 I/cr_VariationsUtils(24757): Requesting new seed from IVariationsSeedServer
04-22 05:54:45.768 D/CompatibilityChangeReporter(  519): Compat change id reported: 135634846; UID 10141; state: DISABLED
04-22 05:54:45.768 D/CompatibilityChangeReporter(  519): Compat change id reported: 177438394; UID 10141; state: DISABLED
04-22 05:54:45.768 D/CompatibilityChangeReporter(  519): Compat change id reported: 135772972; UID 10141; state: DISABLED
04-22 05:54:45.768 D/CompatibilityChangeReporter(  519): Compat change id reported: 135754954; UID 10141; state: ENABLED
04-22 05:54:45.769 D/CompatibilityChangeReporter(  519): Compat change id reported: 143937733; UID 10141; state: ENABLED
04-22 05:54:45.772 D/Zygote  (  294): Forked child process 24892
04-22 05:54:45.772 I/ActivityManager(  519): Start proc 24892:com.google.android.webview:webview_service/u0a141 for service {com.google.android.webview/org.chromium.android_webview.services.VariationsSeedServer}
04-22 05:54:45.774 I/cr_LibraryLoader(24757): Successfully loaded native library
04-22 05:54:45.775 I/cr_CachingUmaRecorder(24757): Flushed 9 samples from 9 histograms.
04-22 05:54:45.778 I/webview_service(24892): Using CollectorTypeCC GC.
04-22 05:54:45.782 I/adbd    (  382): jdwp connection from 24892
04-22 05:54:45.790 D/CompatibilityChangeReporter(24892): Compat change id reported: 171979766; UID 10141; state: ENABLED
04-22 05:54:45.790 D/TrafficStats(24757): tagSocket(121) with statsTag=0xffffffff, statsUid=-1
04-22 05:54:45.791 D/TrafficStats(24757): tagSocket(134) with statsTag=0xffffffff, statsUid=-1
04-22 05:54:45.793 I/assembly.assembly.android.mixc-retail-rn84(24757): [assembly.topology] Native topology host already matches desired lifecycle state {"displayCount":1,"displayIndex":0,"deviceId":"6Z2H3BSGEY","instanceMode":"MASTER","enableSlave":true,"running":true,"reason":"master-primary-enable-slave"}
04-22 05:54:45.794 W/ziparchive(24892): Unable to open '/data/app/~~2XlbTKbdSL4ytKc6vI96fw==/com.google.android.trichromelibrary_541412334-XVCZJKNYM7pdXgwa6ezTsQ==/TrichromeLibrary.dm': No such file or directory
04-22 05:54:45.794 W/ziparchive(24892): Unable to open '/data/app/~~2XlbTKbdSL4ytKc6vI96fw==/com.google.android.trichromelibrary_541412334-XVCZJKNYM7pdXgwa6ezTsQ==/TrichromeLibrary.dm': No such file or directory
04-22 05:54:45.794 W/webview_service(24892): Entry not found
04-22 05:54:45.794 I/assembly.assembly.android.mixc-retail-rn84(24757): [assembly.topology] Native topology host already matches desired lifecycle state {"displayCount":1,"displayIndex":0,"deviceId":"6Z2H3BSGEY","instanceMode":"MASTER","enableSlave":true,"running":true,"reason":"master-primary-enable-slave"}
04-22 05:54:45.794 I/assembly.assembly.android.mixc-retail-rn84(24757): [assembly.topology] Native topology host already matches desired lifecycle state {"displayCount":1,"displayIndex":0,"deviceId":"6Z2H3BSGEY","instanceMode":"MASTER","enableSlave":true,"running":true,"reason":"master-primary-enable-slave"}
04-22 05:54:45.794 D/nativeloader(24892): Configuring classloader-namespace for other apk /data/app/~~2XlbTKbdSL4ytKc6vI96fw==/com.google.android.trichromelibrary_541412334-XVCZJKNYM7pdXgwa6ezTsQ==/TrichromeLibrary.apk. target_sdk_version=33, uses_libraries=ALL, library_path=/data/app/~~Q0ddWPLbjoO_UEypAkbhRg==/com.google.android.webview-PdQqPxJT8P1ba_nJ4hr2mw==/lib/arm64:/data/app/~~Q0ddWPLbjoO_UEypAkbhRg==/com.google.android.webview-PdQqPxJT8P1ba_nJ4hr2mw==/WebViewGoogle.apk!/lib/arm64-v8a:/data/app/~~2XlbTKbdSL4ytKc6vI96fw==/com.google.android.trichromelibrary_541412334-XVCZJKNYM7pdXgwa6ezTsQ==/TrichromeLibrary.apk!/lib/arm64-v8a, permitted_path=/data:/mnt/expand:/data/user/0/com.google.android.webview
04-22 05:54:45.794 D/TrafficStats(24757): tagSocket(122) with statsTag=0xffffffff, statsUid=-1
04-22 05:54:45.794 D/nativeloader(24892): Configuring classloader-namespace for other apk /data/app/~~Q0ddWPLbjoO_UEypAkbhRg==/com.google.android.webview-PdQqPxJT8P1ba_nJ4hr2mw==/WebViewGoogle.apk. target_sdk_version=33, uses_libraries=, library_path=/data/app/~~Q0ddWPLbjoO_UEypAkbhRg==/com.google.android.webview-PdQqPxJT8P1ba_nJ4hr2mw==/lib/arm64:/data/app/~~Q0ddWPLbjoO_UEypAkbhRg==/com.google.android.webview-PdQqPxJT8P1ba_nJ4hr2mw==/WebViewGoogle.apk!/lib/arm64-v8a:/data/app/~~2XlbTKbdSL4ytKc6vI96fw==/com.google.android.trichromelibrary_541412334-XVCZJKNYM7pdXgwa6ezTsQ==/TrichromeLibrary.apk!/lib/arm64-v8a, permitted_path=/data:/mnt/expand:/data/user/0/com.google.android.webview
04-22 05:54:45.795 I/assembly.assembly.android.mixc-retail-rn84(24757): [assembly.topology] Native topology host already matches desired lifecycle state {"displayCount":1,"displayIndex":0,"deviceId":"6Z2H3BSGEY","instanceMode":"MASTER","enableSlave":true,"running":true,"reason":"master-primary-enable-slave"}
04-22 05:54:45.795 I/assembly.assembly.android.mixc-retail-rn84(24757): [assembly.topology] Native topology host already matches desired lifecycle state {"displayCount":1,"displayIndex":0,"deviceId":"6Z2H3BSGEY","instanceMode":"MASTER","enableSlave":true,"running":true,"reason":"master-primary-enable-slave"}
04-22 05:54:45.797 I/assembly.assembly.android.mixc-retail-rn84(24757): [assembly.topology] Native topology host already matches desired lifecycle state {"displayCount":1,"displayIndex":0,"deviceId":"6Z2H3BSGEY","instanceMode":"MASTER","enableSlave":true,"running":true,"reason":"master-primary-enable-slave"}
04-22 05:54:45.797 I/assembly.assembly.android.mixc-retail-rn84(24757): [assembly.topology] Native topology host already matches desired lifecycle state {"displayCount":1,"displayIndex":0,"deviceId":"6Z2H3BSGEY","instanceMode":"MASTER","enableSlave":true,"running":true,"reason":"master-primary-enable-slave"}
04-22 05:54:45.798 I/assembly.assembly.android.mixc-retail-rn84(24757): [assembly.topology] Native topology host already matches desired lifecycle state {"displayCount":1,"displayIndex":0,"deviceId":"6Z2H3BSGEY","instanceMode":"MASTER","enableSlave":true,"running":true,"reason":"master-primary-enable-slave"}
04-22 05:54:45.800 D/TrafficStats(24757): tagSocket(122) with statsTag=0xffffffff, statsUid=-1
04-22 05:54:45.803 I/assembly.assembly.android.mixc-retail-rn84(24757): [assembly.topology] Create assembly topology socket binding {"displayIndex":0,"role":"master","localNodeId":"master:6Z2H3BSGEY","wsUrl":"ws://127.0.0.1:8888/mockMasterServer/ws","httpBaseUrl":"http://127.0.0.1:8888/mockMasterServer","resolvedServerBaseUrl":"http://127.0.0.1:8888/mockMasterServer","resolvedPathTemplate":"/ws"}
04-22 05:54:45.822 V/GraphicsEnvironment(24892): ANGLE Developer option for 'com.google.android.webview' set to: 'default'
04-22 05:54:45.822 V/GraphicsEnvironment(24892): ANGLE GameManagerService for com.google.android.webview: false
04-22 05:54:45.823 V/GraphicsEnvironment(24892): Neither updatable production driver nor prerelease driver is supported.
04-22 05:54:45.824 I/LoadedApk(24892): No resource references to update in package com.google.android.trichromelibrary
04-22 05:54:45.824 D/NetworkSecurityConfig(24892): No Network Security Config specified, using platform default
04-22 05:54:45.825 D/NetworkSecurityConfig(24892): No Network Security Config specified, using platform default
04-22 05:54:45.826 I/cr_WebViewApkApp(24892): Launched version=109.0.5414.123 minSdkVersion=29 isBundle=false processName=com.google.android.webview:webview_service
04-22 05:54:45.836 I/cr_VariationsUtils(24892): Seed download job already scheduled
04-22 05:54:45.845 D/TrafficStats(24757): tagSocket(106) with statsTag=0xffffffff, statsUid=-1
04-22 05:54:45.849 D/TrafficStats(24757): tagSocket(106) with statsTag=0xffffffff, statsUid=-1
04-22 05:55:00.007 I/AiAiEcho( 1598): Predicting[0]: 
04-22 05:55:00.007 I/AiAiEcho( 1598): Ranked targets strategy: SORT, count: 0, ranking metadata: 
04-22 05:55:00.007 I/AiAiEcho( 1598): #postPredictionTargets: Sending updates to UISurface lockscreen with targets# 0
04-22 05:55:00.007 I/AiAiEcho( 1598): #postPredictionTargets: Sending updates to UISurface home with targets# 0
04-22 05:55:00.008 I/AiAiEcho( 1598): #postPredictionTargets: Sending updates to UISurface media_data_manager with targets# 0
04-22 05:55:00.025 D/SsMediaDataProvider(  728): Forwarding Smartspace updates []
04-22 05:55:00.035 D/EGL_emulation(  728): app_time_stats: avg=35369.79ms min=35369.79ms max=35369.79ms count=1
04-22 05:55:04.706 D/EGL_emulation(  728): app_time_stats: avg=4670.49ms min=4670.49ms max=4670.49ms count=1
04-22 05:55:08.442 D/TrafficStats(24757): tagSocket(97) with statsTag=0xffffffff, statsUid=-1
04-22 05:55:08.447 D/TrafficStats(24757): tagSocket(97) with statsTag=0xffffffff, statsUid=-1
04-22 05:55:08.471 D/TrafficStats(24757): tagSocket(97) with statsTag=0xffffffff, statsUid=-1
04-22 05:55:08.475 D/TrafficStats(24757): tagSocket(97) with statsTag=0xffffffff, statsUid=-1
04-22 05:55:13.030 D/ActivityManager(  519): freezing 24408 com.google.android.partnersetup
04-22 05:55:13.451 E/android.hardware.power.stats@1.0-service-mock(  317): Failed to getEnergyData
04-22 05:55:18.718 D/TrafficStats( 1251): tagSocket(90) with statsTag=0x20008100, statsUid=-1
