04-22 05:50:47.454 W/FrameTracker( 1096): Missed SF frame:JANK_COMPOSER, 12782209, 11510431, CUJ=J<TASKBAR_COLLAPSE::Home to App>
04-22 05:50:47.454 W/FrameTracker( 1096): Missed SF frame:JANK_COMPOSER, 12782245, 23362140, CUJ=J<TASKBAR_COLLAPSE::Home to App>
04-22 05:50:47.454 W/FrameTracker( 1096): Missed SF frame:JANK_COMPOSER, 12782288, 25716099, CUJ=J<TASKBAR_COLLAPSE::Home to App>
04-22 05:50:47.454 W/FrameTracker( 1096): Missed SF frame:JANK_COMPOSER, 12782331, 24650767, CUJ=J<TASKBAR_COLLAPSE::Home to App>
04-22 05:50:47.454 W/FrameTracker( 1096): Missed SF frame:JANK_COMPOSER, 12782367, 28290434, CUJ=J<TASKBAR_COLLAPSE::Home to App>
04-22 05:50:47.454 W/FrameTracker( 1096): Missed SF frame:JANK_COMPOSER, 12782410, 11627310, CUJ=J<TASKBAR_COLLAPSE::Home to App>
04-22 05:50:47.454 W/FrameTracker( 1096): Missed SF frame:JANK_COMPOSER, 12782446, 22714185, CUJ=J<TASKBAR_COLLAPSE::Home to App>
04-22 05:50:47.454 W/FrameTracker( 1096): Missed SF frame:JANK_COMPOSER, 12782475, 6097144, CUJ=J<TASKBAR_COLLAPSE::Home to App>
04-22 05:50:47.454 W/FrameTracker( 1096): Missed SF frame:JANK_COMPOSER, 12782511, 22201437, CUJ=J<TASKBAR_COLLAPSE::Home to App>
04-22 05:50:47.454 W/FrameTracker( 1096): Missed SF frame:JANK_COMPOSER, 12782547, 20901104, CUJ=J<TASKBAR_COLLAPSE::Home to App>
04-22 05:50:47.454 W/FrameTracker( 1096): Missed SF frame:JANK_COMPOSER, 12782576, 20975563, CUJ=J<TASKBAR_COLLAPSE::Home to App>
04-22 05:50:47.454 W/FrameTracker( 1096): Missed SF frame:JANK_COMPOSER, 12782605, 20313897, CUJ=J<TASKBAR_COLLAPSE::Home to App>
04-22 05:50:47.454 W/FrameTracker( 1096): Missed SF frame:JANK_COMPOSER, 12782634, 21289064, CUJ=J<TASKBAR_COLLAPSE::Home to App>
04-22 05:50:47.454 W/FrameTracker( 1096): Missed App frame:UNKNOWN: 3, 12782663, 34254273, CUJ=J<TASKBAR_COLLAPSE::Home to App>
04-22 05:50:47.454 W/FrameTracker( 1096): Missed SF frame:UNKNOWN: 3, 12782663, 34254273, CUJ=J<TASKBAR_COLLAPSE::Home to App>
04-22 05:50:47.454 V/PerfettoTrigger( 1096): Triggering /system/bin/trigger_perfetto com.android.telemetry.interaction-jank-monitor-61
04-22 05:50:47.510 W/InteractionJankMonitor( 4898): Initializing without READ_DEVICE_CONFIG permission. enabled=true, interval=1, missedFrameThreshold=3, frameTimeThreshold=64, package=com.impos2.mixcretailassemblyrn84
04-22 05:50:47.560 I/FontLog ( 1283): Received query Noto Color Emoji Compat, URI content://com.google.android.gms.fonts [CONTEXT service_id=132 ]
04-22 05:50:47.560 I/FontLog ( 1283): Query [emojicompat-emoji-font] resolved to {Noto Color Emoji Compat, wdth 100.0, wght 400, ital 0.0, bestEffort false}, isVf false} [CONTEXT service_id=132 ]
04-22 05:50:47.561 I/FontLog ( 1283): Fetch {Noto Color Emoji Compat, wdth 100.0, wght 400, ital 0.0, bestEffort false}, isVf false} end status Status{statusCode=SUCCESS, resolution=null} [CONTEXT service_id=132 ]
04-22 05:50:47.563 I/FontLog ( 1283): Pulling font file for id = 53, cache size = 4 [CONTEXT service_id=132 ]
04-22 05:50:47.564 I/FontLog ( 1283): Pulling font file for id = 53, cache size = 4 [CONTEXT service_id=132 ]
04-22 05:50:48.036 W/BestClock(  683): java.time.DateTimeException: No network time available
04-22 05:50:48.037 W/BestClock(  683): java.time.DateTimeException: No network time available
04-22 05:50:48.037 W/BestClock(  683): java.time.DateTimeException: No network time available
04-22 05:50:48.038 W/BestClock(  683): java.time.DateTimeException: No network time available
04-22 05:50:48.038 W/BestClock(  683): java.time.DateTimeException: No network time available
04-22 05:50:48.041 D/WifiClientModeImpl[9769:wlan0](  683): updateLinkLayerStatsRssiSpeedFrequencyCapabilities rssi=-50 TxLinkspeed=1 freq=2447 RxLinkSpeed=2
04-22 05:50:48.041 D/WifiDataStall(  683): tx tput in kbps: 11000
04-22 05:50:48.041 D/WifiDataStall(  683): rx tput in kbps: 11000
04-22 05:50:48.041 V/WifiConfigManager(  683): Updating scan detail cache freq=2447 BSSID=00:13:10:85:fe:01 RSSI=-50 for "AndroidWifi"NONE
04-22 05:50:48.041 D/WifiThroughputPredictor(  683):  utilization (LLS) 80 isBluetoothConnected: false final utilization: 80
04-22 05:50:48.041 D/WifiThroughputPredictor(  683):  BW: 0 RSSI: -50 Nss: 1 Mode: 1 symDur: 4000 snrDb 30 bitPerTone: 4500 rate: 54 throughput: 11
04-22 05:50:48.041 D/WifiThroughputPredictor(  683):  utilization (LLS) 80 isBluetoothConnected: false final utilization: 80
04-22 05:50:48.041 D/WifiThroughputPredictor(  683):  BW: 0 RSSI: -50 Nss: 1 Mode: 1 symDur: 4000 snrDb 30 bitPerTone: 4500 rate: 54 throughput: 11
04-22 05:50:48.041 D/WifiThroughputPredictor(  683):  utilization (LLS) 80 isBluetoothConnected: false final utilization: 80
04-22 05:50:48.041 D/WifiThroughputPredictor(  683):  BW: 0 RSSI: -50 Nss: 1 Mode: 1 symDur: 4000 snrDb 30 bitPerTone: 4500 rate: 54 throughput: 11
04-22 05:50:48.041 D/WifiThroughputPredictor(  683):  utilization (LLS) 80 isBluetoothConnected: false final utilization: 80
04-22 05:50:48.041 D/WifiThroughputPredictor(  683):  BW: 0 RSSI: -50 Nss: 1 Mode: 1 symDur: 4000 snrDb 30 bitPerTone: 4500 rate: 54 throughput: 11
04-22 05:50:48.042 D/WifiScoreCard(  683): BSSID update SIGNAL_POLL ID: 261501600 SSID: "AndroidWifi", BSSID: 00:13:10:85:fe:01, MAC: 02:15:b4:00:00:00, IP: /10.0.2.17, Security type: 0, Supplicant state: COMPLETED, Wi-Fi standard: legacy, RSSI: -50, Link speed: 1Mbps, Tx Link speed: 1Mbps, Max Supported Tx Link speed: 11Mbps, Rx Link speed: 2Mbps, Max Supported Rx Link speed: 11Mbps, Frequency: 2447MHz, Net ID: 0, Metered hint: false, score: 60, isUsable: true, CarrierMerged: false, SubscriptionId: -1, IsPrimary: 1, Trusted: true, Restricted: false, Ephemeral: false, OEM paid: false, OEM private: false, OSU AP: false, FQDN: <none>, Provider friendly name: <none>, Requesting package name: <none>"AndroidWifi"openMLO Information: , Is TID-To-Link negotiation supported by the AP: false, AP MLD Address: <none>, AP MLO Link Id: <none>, AP MLO Affiliated links: <none>, Vendor Data: <none>
04-22 05:50:48.042 D/WifiScoreCard(  683): txRate: 1 txSpeed: 1
04-22 05:50:48.042 D/WifiScoreCard(  683): network update SIGNAL_POLL "AndroidWifi" ID: 579418950 RSSI -50 txSpeed -1
04-22 05:50:48.042 D/WifiClientModeImpl[9769:wlan0](  683):  ClientModeImpl$L2ConnectedState screen=on 1 0 "AndroidWifi" 00:13:10:85:fe:01 rssi=-50 f=2447 sc=60 link=1 tx=0.6, 0.0, 0.0 rx=0.6 bcn=0 [on:0 tx:0 rx:0 period:3008] from screen [on:0 period:-1308212502] score=60
04-22 05:50:48.409 D/wpa_supplicant(  938): nl80211: Drv Event 64 (NL80211_CMD_NOTIFY_CQM) received for wlan0
04-22 05:50:48.410 D/wpa_supplicant(  938): nl80211: Beacon loss event
04-22 05:50:48.410 D/wpa_supplicant(  938): wlan0: Event BEACON_LOSS (53) received
04-22 05:50:48.410 I/wpa_supplicant(  938): wlan0: CTRL-EVENT-BEACON-LOSS 
04-22 05:50:48.576 D/BoundBrokerSvc( 1591): onUnbind: Intent { act=com.google.android.gms.backup.GMS_MODULE_RESTORE dat=chimera-action:/... xflg=0x4 cmp=com.google.android.gms/.chimera.GmsInternalBoundBrokerService }
04-22 05:50:49.752 D/BoundBrokerSvc( 1591): onUnbind: Intent { act=com.google.android.gms.feedback.internal.IFeedbackService dat=chimera-action:/... xflg=0x4 cmp=com.google.android.gms/.chimera.GmsBoundBrokerService }
04-22 05:50:49.917 E/TaskPersister(  683): File error accessing recents directory (directory doesn't exist?).
04-22 05:50:49.960 D/NetworkMonitor/101( 1052): PROBE_HTTPS https://www.google.com/generate_204 Probe failed with exception javax.net.ssl.SSLHandshakeException: connection closed
04-22 05:50:49.962 D/NetworkMonitor/101( 1052): isCaptivePortal: isSuccessful()=false isPortal()=false RedirectUrl=null isPartialConnectivity()=true Time=10535ms
04-22 05:50:49.963 D/ConnectivityService(  683): [101 WIFI] validation failed
04-22 05:50:51.044 W/BestClock(  683): java.time.DateTimeException: No network time available
04-22 05:50:51.044 W/BestClock(  683): java.time.DateTimeException: No network time available
04-22 05:50:51.044 W/BestClock(  683): java.time.DateTimeException: No network time available
04-22 05:50:51.045 W/BestClock(  683): java.time.DateTimeException: No network time available
04-22 05:50:51.045 W/BestClock(  683): java.time.DateTimeException: No network time available
04-22 05:50:51.045 D/WifiClientModeImpl[9769:wlan0](  683): updateLinkLayerStatsRssiSpeedFrequencyCapabilities rssi=-50 TxLinkspeed=2 freq=2447 RxLinkSpeed=2
04-22 05:50:51.045 D/WifiDataStall(  683): tx tput in kbps: 11000
04-22 05:50:51.045 D/WifiDataStall(  683): rx tput in kbps: 11000
04-22 05:50:51.045 V/WifiConfigManager(  683): Updating scan detail cache freq=2447 BSSID=00:13:10:85:fe:01 RSSI=-50 for "AndroidWifi"NONE
04-22 05:50:51.045 D/WifiThroughputPredictor(  683):  utilization (LLS) 80 isBluetoothConnected: false final utilization: 80
04-22 05:50:51.045 D/WifiThroughputPredictor(  683):  BW: 0 RSSI: -50 Nss: 1 Mode: 1 symDur: 4000 snrDb 30 bitPerTone: 4500 rate: 54 throughput: 11
04-22 05:50:51.045 D/WifiThroughputPredictor(  683):  utilization (LLS) 80 isBluetoothConnected: false final utilization: 80
04-22 05:50:51.045 D/WifiThroughputPredictor(  683):  BW: 0 RSSI: -50 Nss: 1 Mode: 1 symDur: 4000 snrDb 30 bitPerTone: 4500 rate: 54 throughput: 11
04-22 05:50:51.046 D/WifiThroughputPredictor(  683):  utilization (LLS) 80 isBluetoothConnected: false final utilization: 80
04-22 05:50:51.046 D/WifiThroughputPredictor(  683):  BW: 0 RSSI: -50 Nss: 1 Mode: 1 symDur: 4000 snrDb 30 bitPerTone: 4500 rate: 54 throughput: 11
04-22 05:50:51.046 D/WifiThroughputPredictor(  683):  utilization (LLS) 80 isBluetoothConnected: false final utilization: 80
04-22 05:50:51.046 D/WifiThroughputPredictor(  683):  BW: 0 RSSI: -50 Nss: 1 Mode: 1 symDur: 4000 snrDb 30 bitPerTone: 4500 rate: 54 throughput: 11
04-22 05:50:51.046 D/WifiScoreCard(  683): BSSID update SIGNAL_POLL ID: 261501600 SSID: "AndroidWifi", BSSID: 00:13:10:85:fe:01, MAC: 02:15:b4:00:00:00, IP: /10.0.2.17, Security type: 0, Supplicant state: COMPLETED, Wi-Fi standard: legacy, RSSI: -50, Link speed: 2Mbps, Tx Link speed: 2Mbps, Max Supported Tx Link speed: 11Mbps, Rx Link speed: 2Mbps, Max Supported Rx Link speed: 11Mbps, Frequency: 2447MHz, Net ID: 0, Metered hint: false, score: 60, isUsable: true, CarrierMerged: false, SubscriptionId: -1, IsPrimary: 1, Trusted: true, Restricted: false, Ephemeral: false, OEM paid: false, OEM private: false, OSU AP: false, FQDN: <none>, Provider friendly name: <none>, Requesting package name: <none>"AndroidWifi"openMLO Information: , Is TID-To-Link negotiation supported by the AP: false, AP MLD Address: <none>, AP MLO Link Id: <none>, AP MLO Affiliated links: <none>, Vendor Data: <none>
04-22 05:50:51.046 D/WifiScoreCard(  683): txRate: 2 txSpeed: 2
04-22 05:50:51.046 D/WifiScoreCard(  683): network update SIGNAL_POLL "AndroidWifi" ID: 579418950 RSSI -50 txSpeed -1
04-22 05:50:51.047 D/WifiClientModeImpl[9769:wlan0](  683):  ClientModeImpl$L2ConnectedState screen=on 1 0 "AndroidWifi" 00:13:10:85:fe:01 rssi=-50 f=2447 sc=60 link=2 tx=1.4, 0.0, 0.0 rx=1.4 bcn=0 [on:0 tx:0 rx:0 period:3005] from screen [on:0 period:-1308209497] score=60
04-22 05:50:52.538 D/ProfileInstaller( 4898): Installing profile for com.impos2.mixcretailassemblyrn84
04-22 05:50:53.591 I/netd    (  459): tetherGetStats() -> {[]} <0.91ms>
04-22 05:50:54.047 W/BestClock(  683): java.time.DateTimeException: No network time available
04-22 05:50:54.047 W/BestClock(  683): java.time.DateTimeException: No network time available
04-22 05:50:54.047 W/BestClock(  683): java.time.DateTimeException: No network time available
04-22 05:50:54.047 W/BestClock(  683): java.time.DateTimeException: No network time available
04-22 05:50:54.048 W/BestClock(  683): java.time.DateTimeException: No network time available
04-22 05:50:54.049 D/WifiClientModeImpl[9769:wlan0](  683): updateLinkLayerStatsRssiSpeedFrequencyCapabilities rssi=-50 TxLinkspeed=2 freq=2447 RxLinkSpeed=2
04-22 05:50:54.049 D/WifiDataStall(  683): tx tput in kbps: 11000
04-22 05:50:54.049 D/WifiDataStall(  683): rx tput in kbps: 11000
04-22 05:50:54.049 V/WifiConfigManager(  683): Updating scan detail cache freq=2447 BSSID=00:13:10:85:fe:01 RSSI=-50 for "AndroidWifi"NONE
04-22 05:50:54.049 D/WifiThroughputPredictor(  683):  utilization (LLS) 80 isBluetoothConnected: false final utilization: 80
04-22 05:50:54.049 D/WifiThroughputPredictor(  683):  BW: 0 RSSI: -50 Nss: 1 Mode: 1 symDur: 4000 snrDb 30 bitPerTone: 4500 rate: 54 throughput: 11
04-22 05:50:54.049 D/WifiThroughputPredictor(  683):  utilization (LLS) 80 isBluetoothConnected: false final utilization: 80
04-22 05:50:54.049 D/WifiThroughputPredictor(  683):  BW: 0 RSSI: -50 Nss: 1 Mode: 1 symDur: 4000 snrDb 30 bitPerTone: 4500 rate: 54 throughput: 11
04-22 05:50:54.050 D/WifiThroughputPredictor(  683):  utilization (LLS) 80 isBluetoothConnected: false final utilization: 80
04-22 05:50:54.050 D/WifiThroughputPredictor(  683):  BW: 0 RSSI: -50 Nss: 1 Mode: 1 symDur: 4000 snrDb 30 bitPerTone: 4500 rate: 54 throughput: 11
04-22 05:50:54.050 D/WifiThroughputPredictor(  683):  utilization (LLS) 80 isBluetoothConnected: false final utilization: 80
04-22 05:50:54.050 D/WifiThroughputPredictor(  683):  BW: 0 RSSI: -50 Nss: 1 Mode: 1 symDur: 4000 snrDb 30 bitPerTone: 4500 rate: 54 throughput: 11
04-22 05:50:54.050 D/WifiScoreCard(  683): BSSID update SIGNAL_POLL ID: 261501600 SSID: "AndroidWifi", BSSID: 00:13:10:85:fe:01, MAC: 02:15:b4:00:00:00, IP: /10.0.2.17, Security type: 0, Supplicant state: COMPLETED, Wi-Fi standard: legacy, RSSI: -50, Link speed: 2Mbps, Tx Link speed: 2Mbps, Max Supported Tx Link speed: 11Mbps, Rx Link speed: 2Mbps, Max Supported Rx Link speed: 11Mbps, Frequency: 2447MHz, Net ID: 0, Metered hint: false, score: 60, isUsable: true, CarrierMerged: false, SubscriptionId: -1, IsPrimary: 1, Trusted: true, Restricted: false, Ephemeral: false, OEM paid: false, OEM private: false, OSU AP: false, FQDN: <none>, Provider friendly name: <none>, Requesting package name: <none>"AndroidWifi"openMLO Information: , Is TID-To-Link negotiation supported by the AP: false, AP MLD Address: <none>, AP MLO Link Id: <none>, AP MLO Affiliated links: <none>, Vendor Data: <none>
04-22 05:50:54.050 D/WifiScoreCard(  683): txRate: 1 txSpeed: 2
04-22 05:50:54.051 D/WifiScoreCard(  683): network update SIGNAL_POLL "AndroidWifi" ID: 579418950 RSSI -50 txSpeed -1
04-22 05:50:54.051 D/WifiClientModeImpl[9769:wlan0](  683):  ClientModeImpl$L2ConnectedState screen=on 1 0 "AndroidWifi" 00:13:10:85:fe:01 rssi=-50 f=2447 sc=60 link=2 tx=0.5, 0.0, 0.0 rx=0.5 bcn=0 [on:0 tx:0 rx:0 period:3004] from screen [on:0 period:-1308206493] score=60
04-22 05:50:54.232 D/ActivityManager(  683): freezing 1396 com.google.android.permissioncontroller
04-22 05:50:54.233 D/InetDiagMessage(  683): Destroyed 0 sockets, proto=IPPROTO_TCP, family=AF_INET, states=14
04-22 05:50:54.234 D/InetDiagMessage(  683): Destroyed 0 sockets, proto=IPPROTO_TCP, family=AF_INET6, states=14
04-22 05:50:54.234 D/InetDiagMessage(  683): Destroyed live tcp sockets for uids={10196} in 0ms
04-22 05:50:56.341 D/wpa_supplicant(  938): nl80211: Drv Event 64 (NL80211_CMD_NOTIFY_CQM) received for wlan0
04-22 05:50:56.341 D/wpa_supplicant(  938): nl80211: Beacon loss event
04-22 05:50:56.341 D/wpa_supplicant(  938): wlan0: Event BEACON_LOSS (53) received
04-22 05:50:56.341 I/wpa_supplicant(  938): wlan0: CTRL-EVENT-BEACON-LOSS 
04-22 05:50:57.054 W/BestClock(  683): java.time.DateTimeException: No network time available
04-22 05:50:57.054 W/BestClock(  683): java.time.DateTimeException: No network time available
04-22 05:50:57.054 W/BestClock(  683): java.time.DateTimeException: No network time available
04-22 05:50:57.054 W/BestClock(  683): java.time.DateTimeException: No network time available
04-22 05:50:57.054 W/BestClock(  683): java.time.DateTimeException: No network time available
04-22 05:50:57.055 D/WifiClientModeImpl[9769:wlan0](  683): updateLinkLayerStatsRssiSpeedFrequencyCapabilities rssi=-50 TxLinkspeed=1 freq=2447 RxLinkSpeed=2
04-22 05:50:57.055 D/WifiDataStall(  683): tx tput in kbps: 11000
04-22 05:50:57.055 D/WifiDataStall(  683): rx tput in kbps: 11000
04-22 05:50:57.055 V/WifiConfigManager(  683): Updating scan detail cache freq=2447 BSSID=00:13:10:85:fe:01 RSSI=-50 for "AndroidWifi"NONE
04-22 05:50:57.055 D/WifiThroughputPredictor(  683):  utilization (LLS) 80 isBluetoothConnected: false final utilization: 80
04-22 05:50:57.055 D/WifiThroughputPredictor(  683):  BW: 0 RSSI: -50 Nss: 1 Mode: 1 symDur: 4000 snrDb 30 bitPerTone: 4500 rate: 54 throughput: 11
04-22 05:50:57.055 D/WifiThroughputPredictor(  683):  utilization (LLS) 80 isBluetoothConnected: false final utilization: 80
04-22 05:50:57.055 D/WifiThroughputPredictor(  683):  BW: 0 RSSI: -50 Nss: 1 Mode: 1 symDur: 4000 snrDb 30 bitPerTone: 4500 rate: 54 throughput: 11
04-22 05:50:57.055 D/WifiThroughputPredictor(  683):  utilization (LLS) 80 isBluetoothConnected: false final utilization: 80
04-22 05:50:57.055 D/WifiThroughputPredictor(  683):  BW: 0 RSSI: -50 Nss: 1 Mode: 1 symDur: 4000 snrDb 30 bitPerTone: 4500 rate: 54 throughput: 11
04-22 05:50:57.055 D/WifiThroughputPredictor(  683):  utilization (LLS) 80 isBluetoothConnected: false final utilization: 80
04-22 05:50:57.055 D/WifiThroughputPredictor(  683):  BW: 0 RSSI: -50 Nss: 1 Mode: 1 symDur: 4000 snrDb 30 bitPerTone: 4500 rate: 54 throughput: 11
04-22 05:50:57.056 D/WifiScoreCard(  683): BSSID update SIGNAL_POLL ID: 261501600 SSID: "AndroidWifi", BSSID: 00:13:10:85:fe:01, MAC: 02:15:b4:00:00:00, IP: /10.0.2.17, Security type: 0, Supplicant state: COMPLETED, Wi-Fi standard: legacy, RSSI: -50, Link speed: 1Mbps, Tx Link speed: 1Mbps, Max Supported Tx Link speed: 11Mbps, Rx Link speed: 2Mbps, Max Supported Rx Link speed: 11Mbps, Frequency: 2447MHz, Net ID: 0, Metered hint: false, score: 60, isUsable: true, CarrierMerged: false, SubscriptionId: -1, IsPrimary: 1, Trusted: true, Restricted: false, Ephemeral: false, OEM paid: false, OEM private: false, OSU AP: false, FQDN: <none>, Provider friendly name: <none>, Requesting package name: <none>"AndroidWifi"openMLO Information: , Is TID-To-Link negotiation supported by the AP: false, AP MLD Address: <none>, AP MLO Link Id: <none>, AP MLO Affiliated links: <none>, Vendor Data: <none>
04-22 05:50:57.056 D/WifiScoreCard(  683): txRate: 1 txSpeed: 1
04-22 05:50:57.056 D/WifiScoreCard(  683): network update SIGNAL_POLL "AndroidWifi" ID: 579418950 RSSI -50 txSpeed -1
04-22 05:50:57.057 D/WifiClientModeImpl[9769:wlan0](  683):  ClientModeImpl$L2ConnectedState screen=on 1 0 "AndroidWifi" 00:13:10:85:fe:01 rssi=-50 f=2447 sc=60 link=1 tx=0.2, 0.0, 0.0 rx=0.2 bcn=0 [on:0 tx:0 rx:0 period:3006] from screen [on:0 period:-1308203487] score=60
04-22 05:50:57.122 D/SatelliteController( 1086): iisInCarrierRoamingNbIotNtn: satellite is disabled
04-22 05:50:57.759 E/FrameTracker(  957): force finish cuj, time out: J<SPLASHSCREEN_EXIT_ANIM>
04-22 05:50:57.760 W/FrameTracker(  957): Missed SF frame:JANK_COMPOSER, 12782216, 9255306, CUJ=J<SPLASHSCREEN_EXIT_ANIM>
04-22 05:50:57.760 W/FrameTracker(  957): Missed SF frame:JANK_COMPOSER, 12782259, 8463390, CUJ=J<SPLASHSCREEN_EXIT_ANIM>
04-22 05:50:57.760 W/FrameTracker(  957): Missed SF frame:JANK_COMPOSER, 12782453, 4629102, CUJ=J<SPLASHSCREEN_EXIT_ANIM>
04-22 05:50:57.760 W/FrameTracker(  957): Missed SF frame:JANK_COMPOSER, 12782482, 4373394, CUJ=J<SPLASHSCREEN_EXIT_ANIM>
04-22 05:50:57.760 W/FrameTracker(  957): Missed SF frame:JANK_COMPOSER, 12782518, 5268645, CUJ=J<SPLASHSCREEN_EXIT_ANIM>
04-22 05:50:57.760 W/FrameTracker(  957): Missed SF frame:JANK_COMPOSER, 12782670, 5166648, CUJ=J<SPLASHSCREEN_EXIT_ANIM>
04-22 05:50:57.760 V/PerfettoTrigger(  957): Triggering /system/bin/trigger_perfetto com.android.telemetry.interaction-jank-monitor-39
04-22 05:50:57.975 I/resolv  (  459): ResNSendHandler::run: 0 / {101 983141 101 983141 1073 1}
04-22 05:50:57.975 I/resolv  (  459): ResNSendHandler::run: 0 / {101 983141 101 983141 1073 1}
04-22 05:50:57.975 I/resolv  (  459): resolv_cache_lookup: FOUND IN CACHE entry=0xb400007d0cedc470
04-22 05:50:57.975 I/resolv  (  459): resolv_cache_lookup: FOUND IN CACHE entry=0xb400007cdced1150
04-22 05:50:57.977 I/resolv  (  459): ResNSendHandler::run: 0 / {101 983141 101 983141 1073 1}
04-22 05:50:57.977 I/resolv  (  459): ResNSendHandler::run: 0 / {101 983141 101 983141 1073 1}
04-22 05:50:57.977 I/resolv  (  459): resolv_cache_lookup: FOUND IN CACHE entry=0xb400007e7ced28b0
04-22 05:50:57.977 I/resolv  (  459): resolv_cache_lookup: FOUND IN CACHE entry=0xb400007d2ced1320
04-22 05:50:57.979 D/NetworkMonitor/101( 1052): PROBE_DNS connectivitycheck.gstatic.com 8ms OK 114.250.66.34
04-22 05:50:57.979 I/resolv  (  459): GetAddrInfoHandler::run: {101 983141 101 983141 1073 1}
04-22 05:50:57.980 I/resolv  (  459): res_nmkquery: (QUERY, IN, AAAA)
04-22 05:50:57.980 I/resolv  (  459): resolv_cache_lookup: FOUND IN CACHE entry=0xb400007d0cedc470
04-22 05:50:57.980 I/resolv  (  459): doQuery: rcode=0, ancount=0, return value=117
04-22 05:50:57.980 I/resolv  (  459): res_nmkquery: (QUERY, IN, A)
04-22 05:50:57.980 I/resolv  (  459): resolv_cache_lookup: FOUND IN CACHE entry=0xb400007e7ced28b0
04-22 05:50:57.980 I/resolv  (  459): doQuery: rcode=0, ancount=1, return value=63
04-22 05:50:57.982 D/NetworkMonitor/101( 1052): PROBE_DNS www.google.com 11ms OK 31.13.92.37,2001::1
04-22 05:50:57.983 I/resolv  (  459): GetAddrInfoHandler::run: {101 983141 101 983141 1073 1}
04-22 05:50:57.984 I/resolv  (  459): res_nmkquery: (QUERY, IN, AAAA)
04-22 05:50:57.984 I/resolv  (  459): resolv_cache_lookup: FOUND IN CACHE entry=0xb400007cdced1150
04-22 05:50:57.984 I/resolv  (  459): doQuery: rcode=0, ancount=1, return value=60
04-22 05:50:57.984 I/resolv  (  459): res_nmkquery: (QUERY, IN, A)
04-22 05:50:57.984 I/resolv  (  459): resolv_cache_lookup: FOUND IN CACHE entry=0xb400007d2ced1320
04-22 05:50:57.984 I/resolv  (  459): doQuery: rcode=0, ancount=1, return value=48
04-22 05:50:58.473 D/NetworkMonitor/101( 1052): PROBE_HTTP http://connectivitycheck.gstatic.com/generate_204 time=494ms ret=204 request={Connection=[close], User-Agent=[Mozilla/5.0 (X11; Linux x86_64) AppleWebKit/537.36 (KHTML, like Gecko) Chrome/60.0.3112.32 Safari/537.36]} headers={null=[HTTP/1.1 204 No Content], Connection=[close], Cross-Origin-Resource-Policy=[cross-origin], Date=[Tue, 21 Apr 2026 21:50:58 GMT], X-Android-Received-Millis=[1776808258473], X-Android-Response-Source=[NETWORK 204], X-Android-Selected-Protocol=[http/1.1], X-Android-Sent-Millis=[1776808257983]}
04-22 05:50:59.766 D/ActivityManager(  683): freezing 1591 com.google.android.gms
04-22 05:51:00.059 W/BestClock(  683): java.time.DateTimeException: No network time available
04-22 05:51:00.059 W/BestClock(  683): java.time.DateTimeException: No network time available
04-22 05:51:00.059 W/BestClock(  683): java.time.DateTimeException: No network time available
04-22 05:51:00.059 W/BestClock(  683): java.time.DateTimeException: No network time available
04-22 05:51:00.059 W/BestClock(  683): java.time.DateTimeException: No network time available
04-22 05:51:00.060 D/WifiClientModeImpl[9769:wlan0](  683): updateLinkLayerStatsRssiSpeedFrequencyCapabilities rssi=-50 TxLinkspeed=1 freq=2447 RxLinkSpeed=2
04-22 05:51:00.060 D/WifiDataStall(  683): tx tput in kbps: 11000
04-22 05:51:00.060 D/WifiDataStall(  683): rx tput in kbps: 11000
04-22 05:51:00.060 V/WifiConfigManager(  683): Updating scan detail cache freq=2447 BSSID=00:13:10:85:fe:01 RSSI=-50 for "AndroidWifi"NONE
04-22 05:51:00.060 D/WifiThroughputPredictor(  683):  utilization (LLS) 80 isBluetoothConnected: false final utilization: 80
04-22 05:51:00.060 D/WifiThroughputPredictor(  683):  BW: 0 RSSI: -50 Nss: 1 Mode: 1 symDur: 4000 snrDb 30 bitPerTone: 4500 rate: 54 throughput: 11
04-22 05:51:00.060 D/WifiThroughputPredictor(  683):  utilization (LLS) 80 isBluetoothConnected: false final utilization: 80
04-22 05:51:00.060 D/WifiThroughputPredictor(  683):  BW: 0 RSSI: -50 Nss: 1 Mode: 1 symDur: 4000 snrDb 30 bitPerTone: 4500 rate: 54 throughput: 11
04-22 05:51:00.060 D/WifiThroughputPredictor(  683):  utilization (LLS) 80 isBluetoothConnected: false final utilization: 80
04-22 05:51:00.060 D/WifiThroughputPredictor(  683):  BW: 0 RSSI: -50 Nss: 1 Mode: 1 symDur: 4000 snrDb 30 bitPerTone: 4500 rate: 54 throughput: 11
04-22 05:51:00.060 D/WifiThroughputPredictor(  683):  utilization (LLS) 80 isBluetoothConnected: false final utilization: 80
04-22 05:51:00.060 D/WifiThroughputPredictor(  683):  BW: 0 RSSI: -50 Nss: 1 Mode: 1 symDur: 4000 snrDb 30 bitPerTone: 4500 rate: 54 throughput: 11
04-22 05:51:00.061 D/WifiScoreCard(  683): BSSID update SIGNAL_POLL ID: 261501600 SSID: "AndroidWifi", BSSID: 00:13:10:85:fe:01, MAC: 02:15:b4:00:00:00, IP: /10.0.2.17, Security type: 0, Supplicant state: COMPLETED, Wi-Fi standard: legacy, RSSI: -50, Link speed: 1Mbps, Tx Link speed: 1Mbps, Max Supported Tx Link speed: 11Mbps, Rx Link speed: 2Mbps, Max Supported Rx Link speed: 11Mbps, Frequency: 2447MHz, Net ID: 0, Metered hint: false, score: 60, isUsable: true, CarrierMerged: false, SubscriptionId: -1, IsPrimary: 1, Trusted: true, Restricted: false, Ephemeral: false, OEM paid: false, OEM private: false, OSU AP: false, FQDN: <none>, Provider friendly name: <none>, Requesting package name: <none>"AndroidWifi"openMLO Information: , Is TID-To-Link negotiation supported by the AP: false, AP MLD Address: <none>, AP MLO Link Id: <none>, AP MLO Affiliated links: <none>, Vendor Data: <none>
04-22 05:51:00.061 D/WifiScoreCard(  683): txRate: 2 txSpeed: 1
04-22 05:51:00.061 D/WifiScoreCard(  683): network update SIGNAL_POLL "AndroidWifi" ID: 579418950 RSSI -50 txSpeed -1
04-22 05:51:00.061 D/WifiClientModeImpl[9769:wlan0](  683):  ClientModeImpl$L2ConnectedState screen=on 1 0 "AndroidWifi" 00:13:10:85:fe:01 rssi=-50 f=2447 sc=60 link=1 tx=1.7, 0.0, 0.0 rx=1.5 bcn=0 [on:0 tx:0 rx:0 period:3004] from screen [on:0 period:-1308200483] score=60
04-22 05:51:00.975 I/resolv  (  459): GetAddrInfoHandler::run: {101 983141 101 983141 1073 1}
04-22 05:51:00.976 I/resolv  (  459): res_nmkquery: (QUERY, IN, AAAA)
04-22 05:51:00.976 I/resolv  (  459): res_nmkquery: (QUERY, IN, A)
04-22 05:51:00.976 I/resolv  (  459): resolv_cache_lookup: FOUND IN CACHE entry=0xb400007d0cedd670
04-22 05:51:00.976 I/resolv  (  459): doQuery: rcode=0, ancount=4, return value=101
04-22 05:51:00.977 I/resolv  (  459): resolv_cache_lookup: FOUND IN CACHE entry=0xb400007d0ced8690
04-22 05:51:00.977 I/resolv  (  459): doQuery: rcode=0, ancount=4, return value=149
04-22 05:51:01.478 D/NetworkMonitor/101( 1052): PROBE_FALLBACK http://play.googleapis.com/generate_204 time=503ms ret=204 request={Connection=[close], User-Agent=[Mozilla/5.0 (X11; Linux x86_64) AppleWebKit/537.36 (KHTML, like Gecko) Chrome/60.0.3112.32 Safari/537.36]} headers={null=[HTTP/1.1 204 No Content], Connection=[close], Cross-Origin-Resource-Policy=[cross-origin], Date=[Tue, 21 Apr 2026 21:51:01 GMT], X-Android-Received-Millis=[1776808261477], X-Android-Response-Source=[NETWORK 204], X-Android-Selected-Protocol=[http/1.1], X-Android-Sent-Millis=[1776808260980]}
04-22 05:51:03.066 W/BestClock(  683): java.time.DateTimeException: No network time available
04-22 05:51:03.066 W/BestClock(  683): java.time.DateTimeException: No network time available
04-22 05:51:03.066 W/BestClock(  683): java.time.DateTimeException: No network time available
04-22 05:51:03.066 W/BestClock(  683): java.time.DateTimeException: No network time available
04-22 05:51:03.066 W/BestClock(  683): java.time.DateTimeException: No network time available
04-22 05:51:03.066 D/WifiClientModeImpl[9769:wlan0](  683): updateLinkLayerStatsRssiSpeedFrequencyCapabilities rssi=-50 TxLinkspeed=1 freq=2447 RxLinkSpeed=2
04-22 05:51:03.066 D/WifiDataStall(  683): tx tput in kbps: 11000
04-22 05:51:03.066 D/WifiDataStall(  683): rx tput in kbps: 11000
04-22 05:51:03.066 V/WifiConfigManager(  683): Updating scan detail cache freq=2447 BSSID=00:13:10:85:fe:01 RSSI=-50 for "AndroidWifi"NONE
04-22 05:51:03.066 D/WifiThroughputPredictor(  683):  utilization (LLS) 80 isBluetoothConnected: false final utilization: 80
04-22 05:51:03.066 D/WifiThroughputPredictor(  683):  BW: 0 RSSI: -50 Nss: 1 Mode: 1 symDur: 4000 snrDb 30 bitPerTone: 4500 rate: 54 throughput: 11
04-22 05:51:03.066 D/WifiThroughputPredictor(  683):  utilization (LLS) 80 isBluetoothConnected: false final utilization: 80
04-22 05:51:03.066 D/WifiThroughputPredictor(  683):  BW: 0 RSSI: -50 Nss: 1 Mode: 1 symDur: 4000 snrDb 30 bitPerTone: 4500 rate: 54 throughput: 11
04-22 05:51:03.067 D/WifiThroughputPredictor(  683):  utilization (LLS) 80 isBluetoothConnected: false final utilization: 80
04-22 05:51:03.067 D/WifiThroughputPredictor(  683):  BW: 0 RSSI: -50 Nss: 1 Mode: 1 symDur: 4000 snrDb 30 bitPerTone: 4500 rate: 54 throughput: 11
04-22 05:51:03.067 D/WifiThroughputPredictor(  683):  utilization (LLS) 80 isBluetoothConnected: false final utilization: 80
04-22 05:51:03.067 D/WifiThroughputPredictor(  683):  BW: 0 RSSI: -50 Nss: 1 Mode: 1 symDur: 4000 snrDb 30 bitPerTone: 4500 rate: 54 throughput: 11
04-22 05:51:03.067 D/WifiScoreCard(  683): BSSID update SIGNAL_POLL ID: 261501600 SSID: "AndroidWifi", BSSID: 00:13:10:85:fe:01, MAC: 02:15:b4:00:00:00, IP: /10.0.2.17, Security type: 0, Supplicant state: COMPLETED, Wi-Fi standard: legacy, RSSI: -50, Link speed: 1Mbps, Tx Link speed: 1Mbps, Max Supported Tx Link speed: 11Mbps, Rx Link speed: 2Mbps, Max Supported Rx Link speed: 11Mbps, Frequency: 2447MHz, Net ID: 0, Metered hint: false, score: 60, isUsable: true, CarrierMerged: false, SubscriptionId: -1, IsPrimary: 1, Trusted: true, Restricted: false, Ephemeral: false, OEM paid: false, OEM private: false, OSU AP: false, FQDN: <none>, Provider friendly name: <none>, Requesting package name: <none>"AndroidWifi"openMLO Information: , Is TID-To-Link negotiation supported by the AP: false, AP MLD Address: <none>, AP MLO Link Id: <none>, AP MLO Affiliated links: <none>, Vendor Data: <none>
04-22 05:51:03.067 D/WifiScoreCard(  683): txRate: 2 txSpeed: 1
04-22 05:51:03.067 D/WifiScoreCard(  683): network update SIGNAL_POLL "AndroidWifi" ID: 579418950 RSSI -50 txSpeed -1
04-22 05:51:03.067 D/WifiClientModeImpl[9769:wlan0](  683):  ClientModeImpl$L2ConnectedState screen=on 1 0 "AndroidWifi" 00:13:10:85:fe:01 rssi=-50 f=2447 sc=60 link=1 tx=1.6, 0.0, 0.0 rx=1.6 bcn=0 [on:0 tx:0 rx:0 period:3006] from screen [on:0 period:-1308197477] score=60
04-22 05:51:04.277 D/wpa_supplicant(  938): nl80211: Drv Event 64 (NL80211_CMD_NOTIFY_CQM) received for wlan0
04-22 05:51:04.277 D/wpa_supplicant(  938): nl80211: Beacon loss event
04-22 05:51:04.277 D/wpa_supplicant(  938): wlan0: Event BEACON_LOSS (53) received
04-22 05:51:04.277 I/wpa_supplicant(  938): wlan0: CTRL-EVENT-BEACON-LOSS 
04-22 05:51:04.634 W/ActivityTaskManager(  683): callingPackage for (uid=2000, pid=4971) has no WPC
04-22 05:51:04.635 V/GrammaticalInflectionUtils(  683): AttributionSource: AttributionSource { uid = 10214, packageName = null, attributionTag = null, token = android.os.Binder@d3d534, deviceId = 0, next = null } does not have READ_SYSTEM_GRAMMATICAL_GENDER permission.
04-22 05:51:04.635 W/OptProp (  683): Cannot read opt property android.window.PROPERTY_COMPAT_ALLOW_USER_ASPECT_RATIO_OVERRIDE
04-22 05:51:04.635 W/OptProp (  683): Cannot read opt property android.window.PROPERTY_COMPAT_ALLOW_USER_ASPECT_RATIO_FULLSCREEN_OVERRIDE
04-22 05:51:04.635 W/OptProp (  683): Cannot read opt property android.window.PROPERTY_COMPAT_ALLOW_RESIZEABLE_ACTIVITY_OVERRIDES
04-22 05:51:04.635 W/OptProp (  683): Cannot read opt property android.window.PROPERTY_COMPAT_ALLOW_MIN_ASPECT_RATIO_OVERRIDE
04-22 05:51:04.636 I/ActivityTaskManager(  683): START u0 {flg=0x10000000 xflg=0x5 cmp=com.impos2.mixcretailassemblyrn84/.MainActivity} with LAUNCH_SINGLE_TASK from uid 2000 (BAL_ALLOW_PERMISSION) result code=3
04-22 05:51:04.636 D/KeyguardService(  957): setOccluded(false)
04-22 05:51:04.636 D/KeyguardViewMediator(  957): setOccluded(false)
04-22 05:51:04.636 D/KeyguardViewMediator(  957): handleSetOccluded(false)
04-22 05:51:04.637 D/KeyguardViewMediator(  957): KeyguardViewMediator queue processing message: SET_OCCLUDED
04-22 05:51:04.637 D/WindowManagerShell(  957): onActivityRestartAttempt: topActivity=ComponentInfo{com.impos2.mixcretailassemblyrn84/com.impos2.mixcretailassemblyrn84.MainActivity}, wasVisible=true
04-22 05:51:04.638 W/unknown:BridgelessReact( 4898): ReactHost{0}.onHostPause(activity)
04-22 05:51:04.638 W/unknown:BridgelessReact( 4898): ReactHost{0}.ReactContext.onHostPause()
04-22 05:51:04.638 W/unknown:BridgelessReact( 4898): ReactHost{0}.onHostResume(activity)
04-22 05:51:04.638 W/unknown:BridgelessReact( 4898): ReactHost{0}.ReactContext.onHostResume()
04-22 05:51:04.658 W/IPCThreadState(  683): Sending oneway calls to frozen process.
04-22 05:51:04.658 W/IPCThreadState(  683): Sending oneway calls to frozen process.
04-22 05:51:04.658 W/IPCThreadState(  683): Sending oneway calls to frozen process.
04-22 05:51:04.658 W/IPCThreadState(  683): Sending oneway calls to frozen process.
04-22 05:51:04.658 W/IPCThreadState(  683): Sending oneway calls to frozen process.
04-22 05:51:04.658 W/IPCThreadState(  683): Sending oneway calls to frozen process.
04-22 05:51:04.658 W/IPCThreadState(  683): Sending oneway calls to frozen process.
04-22 05:51:04.658 W/IPCThreadState(  683): Sending oneway calls to frozen process.
04-22 05:51:04.658 W/IPCThreadState(  683): Sending oneway calls to frozen process.
04-22 05:51:04.658 W/IPCThreadState(  683): Sending oneway calls to frozen process.
04-22 05:51:04.658 W/IPCThreadState(  683): Sending oneway calls to frozen process.
04-22 05:51:04.658 W/IPCThreadState(  683): Sending oneway calls to frozen process.
04-22 05:51:04.659 W/IPCThreadState(  683): Sending oneway calls to frozen process.
04-22 05:51:04.659 W/IPCThreadState(  683): Sending oneway calls to frozen process.
04-22 05:51:04.659 W/IPCThreadState(  683): Sending oneway calls to frozen process.
04-22 05:51:04.660 W/IPCThreadState(  683): Sending oneway calls to frozen process.
04-22 05:51:04.660 W/IPCThreadState(  683): Sending oneway calls to frozen process.
04-22 05:51:04.660 W/IPCThreadState(  683): Sending oneway calls to frozen process.
04-22 05:51:04.660 W/IPCThreadState(  683): Sending oneway calls to frozen process.
04-22 05:51:04.660 W/IPCThreadState(  683): Sending oneway calls to frozen process.
04-22 05:51:04.660 W/IPCThreadState(  683): Sending oneway calls to frozen process.
04-22 05:51:04.660 W/IPCThreadState(  683): Sending oneway calls to frozen process.
04-22 05:51:04.660 W/IPCThreadState(  683): Sending oneway calls to frozen process.
04-22 05:51:04.660 W/IPCThreadState(  683): Sending oneway calls to frozen process.
04-22 05:51:04.660 W/IPCThreadState(  683): Sending oneway calls to frozen process.
04-22 05:51:04.660 W/IPCThreadState(  683): Sending oneway calls to frozen process.
04-22 05:51:04.660 W/IPCThreadState(  683): Sending oneway calls to frozen process.
04-22 05:51:04.660 W/IPCThreadState(  683): Sending oneway calls to frozen process.
04-22 05:51:04.660 W/IPCThreadState(  683): Sending oneway calls to frozen process.
04-22 05:51:04.660 W/IPCThreadState(  683): Sending oneway calls to frozen process.
04-22 05:51:04.660 W/IPCThreadState(  683): Sending oneway calls to frozen process.
04-22 05:51:04.660 W/IPCThreadState(  683): Sending oneway calls to frozen process.
04-22 05:51:04.660 W/IPCThreadState(  683): Sending oneway calls to frozen process.
04-22 05:51:04.660 W/IPCThreadState(  683): Sending oneway calls to frozen process.
04-22 05:51:04.660 W/IPCThreadState(  683): Sending oneway calls to frozen process.
04-22 05:51:04.660 W/IPCThreadState(  683): Sending oneway calls to frozen process.
04-22 05:51:04.660 W/IPCThreadState(  683): Sending oneway calls to frozen process.
04-22 05:51:04.660 W/IPCThreadState(  683): Sending oneway calls to frozen process.
04-22 05:51:04.660 W/IPCThreadState(  683): Sending oneway calls to frozen process.
04-22 05:51:04.660 W/IPCThreadState(  683): Sending oneway calls to frozen process.
04-22 05:51:04.660 W/IPCThreadState(  683): Sending oneway calls to frozen process.
04-22 05:51:06.072 W/BestClock(  683): java.time.DateTimeException: No network time available
04-22 05:51:06.072 W/BestClock(  683): java.time.DateTimeException: No network time available
04-22 05:51:06.072 W/BestClock(  683): java.time.DateTimeException: No network time available
04-22 05:51:06.072 W/BestClock(  683): java.time.DateTimeException: No network time available
04-22 05:51:06.072 W/BestClock(  683): java.time.DateTimeException: No network time available
04-22 05:51:06.074 D/WifiClientModeImpl[9769:wlan0](  683): updateLinkLayerStatsRssiSpeedFrequencyCapabilities rssi=-50 TxLinkspeed=1 freq=2447 RxLinkSpeed=2
04-22 05:51:06.075 D/WifiDataStall(  683): tx tput in kbps: 11000
04-22 05:51:06.075 D/WifiDataStall(  683): rx tput in kbps: 11000
04-22 05:51:06.075 V/WifiConfigManager(  683): Updating scan detail cache freq=2447 BSSID=00:13:10:85:fe:01 RSSI=-50 for "AndroidWifi"NONE
04-22 05:51:06.075 D/WifiThroughputPredictor(  683):  utilization (LLS) 80 isBluetoothConnected: false final utilization: 80
04-22 05:51:06.076 D/WifiThroughputPredictor(  683):  BW: 0 RSSI: -50 Nss: 1 Mode: 1 symDur: 4000 snrDb 30 bitPerTone: 4500 rate: 54 throughput: 11
04-22 05:51:06.076 D/WifiThroughputPredictor(  683):  utilization (LLS) 80 isBluetoothConnected: false final utilization: 80
04-22 05:51:06.076 D/WifiThroughputPredictor(  683):  BW: 0 RSSI: -50 Nss: 1 Mode: 1 symDur: 4000 snrDb 30 bitPerTone: 4500 rate: 54 throughput: 11
04-22 05:51:06.076 D/WifiThroughputPredictor(  683):  utilization (LLS) 80 isBluetoothConnected: false final utilization: 80
04-22 05:51:06.076 D/WifiThroughputPredictor(  683):  BW: 0 RSSI: -50 Nss: 1 Mode: 1 symDur: 4000 snrDb 30 bitPerTone: 4500 rate: 54 throughput: 11
04-22 05:51:06.076 D/WifiThroughputPredictor(  683):  utilization (LLS) 80 isBluetoothConnected: false final utilization: 80
04-22 05:51:06.076 D/WifiThroughputPredictor(  683):  BW: 0 RSSI: -50 Nss: 1 Mode: 1 symDur: 4000 snrDb 30 bitPerTone: 4500 rate: 54 throughput: 11
04-22 05:51:06.077 D/WifiScoreCard(  683): BSSID update SIGNAL_POLL ID: 261501600 SSID: "AndroidWifi", BSSID: 00:13:10:85:fe:01, MAC: 02:15:b4:00:00:00, IP: /10.0.2.17, Security type: 0, Supplicant state: COMPLETED, Wi-Fi standard: legacy, RSSI: -50, Link speed: 1Mbps, Tx Link speed: 1Mbps, Max Supported Tx Link speed: 11Mbps, Rx Link speed: 2Mbps, Max Supported Rx Link speed: 11Mbps, Frequency: 2447MHz, Net ID: 0, Metered hint: false, score: 60, isUsable: true, CarrierMerged: false, SubscriptionId: -1, IsPrimary: 1, Trusted: true, Restricted: false, Ephemeral: false, OEM paid: false, OEM private: false, OSU AP: false, FQDN: <none>, Provider friendly name: <none>, Requesting package name: <none>"AndroidWifi"openMLO Information: , Is TID-To-Link negotiation supported by the AP: false, AP MLD Address: <none>, AP MLO Link Id: <none>, AP MLO Affiliated links: <none>, Vendor Data: <none>
04-22 05:51:06.077 D/WifiScoreCard(  683): txRate: 1 txSpeed: 1
04-22 05:51:06.077 D/WifiScoreCard(  683): network update SIGNAL_POLL "AndroidWifi" ID: 579418950 RSSI -50 txSpeed -1
04-22 05:51:06.077 D/WifiClientModeImpl[9769:wlan0](  683):  ClientModeImpl$L2ConnectedState screen=on 1 0 "AndroidWifi" 00:13:10:85:fe:01 rssi=-50 f=2447 sc=60 link=1 tx=0.6, 0.0, 0.0 rx=0.5 bcn=0 [on:0 tx:0 rx:0 period:3010] from screen [on:0 period:-1308194467] score=60
04-22 05:51:07.130 D/SatelliteController( 1086): iisInCarrierRoamingNbIotNtn: satellite is disabled
04-22 05:51:08.501 D/NetworkMonitor/101( 1052): PROBE_HTTPS https://www.google.com/generate_204 Probe failed with exception javax.net.ssl.SSLHandshakeException: connection closed
04-22 05:51:08.503 D/NetworkMonitor/101( 1052): isCaptivePortal: isSuccessful()=false isPortal()=false RedirectUrl=null isPartialConnectivity()=true Time=10534ms
04-22 05:51:08.503 D/ConnectivityService(  683): [101 WIFI] validation failed
04-22 05:51:09.081 W/BestClock(  683): java.time.DateTimeException: No network time available
04-22 05:51:09.081 W/BestClock(  683): java.time.DateTimeException: No network time available
04-22 05:51:09.081 W/BestClock(  683): java.time.DateTimeException: No network time available
04-22 05:51:09.081 W/BestClock(  683): java.time.DateTimeException: No network time available
04-22 05:51:09.081 W/BestClock(  683): java.time.DateTimeException: No network time available
04-22 05:51:09.081 D/WifiClientModeImpl[9769:wlan0](  683): updateLinkLayerStatsRssiSpeedFrequencyCapabilities rssi=-50 TxLinkspeed=1 freq=2447 RxLinkSpeed=2
04-22 05:51:09.082 D/WifiDataStall(  683): tx tput in kbps: 11000
04-22 05:51:09.082 D/WifiDataStall(  683): rx tput in kbps: 11000
04-22 05:51:09.082 V/WifiConfigManager(  683): Updating scan detail cache freq=2447 BSSID=00:13:10:85:fe:01 RSSI=-50 for "AndroidWifi"NONE
04-22 05:51:09.082 D/WifiThroughputPredictor(  683):  utilization (LLS) 80 isBluetoothConnected: false final utilization: 80
04-22 05:51:09.082 D/WifiThroughputPredictor(  683):  BW: 0 RSSI: -50 Nss: 1 Mode: 1 symDur: 4000 snrDb 30 bitPerTone: 4500 rate: 54 throughput: 11
04-22 05:51:09.082 D/WifiThroughputPredictor(  683):  utilization (LLS) 80 isBluetoothConnected: false final utilization: 80
04-22 05:51:09.082 D/WifiThroughputPredictor(  683):  BW: 0 RSSI: -50 Nss: 1 Mode: 1 symDur: 4000 snrDb 30 bitPerTone: 4500 rate: 54 throughput: 11
04-22 05:51:09.082 D/WifiThroughputPredictor(  683):  utilization (LLS) 80 isBluetoothConnected: false final utilization: 80
04-22 05:51:09.082 D/WifiThroughputPredictor(  683):  BW: 0 RSSI: -50 Nss: 1 Mode: 1 symDur: 4000 snrDb 30 bitPerTone: 4500 rate: 54 throughput: 11
04-22 05:51:09.082 D/WifiThroughputPredictor(  683):  utilization (LLS) 80 isBluetoothConnected: false final utilization: 80
04-22 05:51:09.082 D/WifiThroughputPredictor(  683):  BW: 0 RSSI: -50 Nss: 1 Mode: 1 symDur: 4000 snrDb 30 bitPerTone: 4500 rate: 54 throughput: 11
04-22 05:51:09.082 D/WifiScoreCard(  683): BSSID update SIGNAL_POLL ID: 261501600 SSID: "AndroidWifi", BSSID: 00:13:10:85:fe:01, MAC: 02:15:b4:00:00:00, IP: /10.0.2.17, Security type: 0, Supplicant state: COMPLETED, Wi-Fi standard: legacy, RSSI: -50, Link speed: 1Mbps, Tx Link speed: 1Mbps, Max Supported Tx Link speed: 11Mbps, Rx Link speed: 2Mbps, Max Supported Rx Link speed: 11Mbps, Frequency: 2447MHz, Net ID: 0, Metered hint: false, score: 60, isUsable: true, CarrierMerged: false, SubscriptionId: -1, IsPrimary: 1, Trusted: true, Restricted: false, Ephemeral: false, OEM paid: false, OEM private: false, OSU AP: false, FQDN: <none>, Provider friendly name: <none>, Requesting package name: <none>"AndroidWifi"openMLO Information: , Is TID-To-Link negotiation supported by the AP: false, AP MLD Address: <none>, AP MLO Link Id: <none>, AP MLO Affiliated links: <none>, Vendor Data: <none>
04-22 05:51:09.082 D/WifiScoreCard(  683): txRate: 2 txSpeed: 1
04-22 05:51:09.082 D/WifiScoreCard(  683): network update SIGNAL_POLL "AndroidWifi" ID: 579418950 RSSI -50 txSpeed -1
04-22 05:51:09.083 D/WifiClientModeImpl[9769:wlan0](  683):  ClientModeImpl$L2ConnectedState screen=on 1 0 "AndroidWifi" 00:13:10:85:fe:01 rssi=-50 f=2447 sc=60 link=1 tx=1.4, 0.0, 0.0 rx=1.4 bcn=0 [on:0 tx:0 rx:0 period:3006] from screen [on:0 period:-1308191461] score=60
04-22 05:51:12.090 W/BestClock(  683): java.time.DateTimeException: No network time available
04-22 05:51:12.091 W/BestClock(  683): java.time.DateTimeException: No network time available
04-22 05:51:12.091 W/BestClock(  683): java.time.DateTimeException: No network time available
04-22 05:51:12.091 W/BestClock(  683): java.time.DateTimeException: No network time available
04-22 05:51:12.091 W/BestClock(  683): java.time.DateTimeException: No network time available
04-22 05:51:12.093 D/WifiClientModeImpl[9769:wlan0](  683): updateLinkLayerStatsRssiSpeedFrequencyCapabilities rssi=-50 TxLinkspeed=1 freq=2447 RxLinkSpeed=2
04-22 05:51:12.093 D/WifiDataStall(  683): tx tput in kbps: 11000
04-22 05:51:12.093 D/WifiDataStall(  683): rx tput in kbps: 11000
04-22 05:51:12.093 V/WifiConfigManager(  683): Updating scan detail cache freq=2447 BSSID=00:13:10:85:fe:01 RSSI=-50 for "AndroidWifi"NONE
04-22 05:51:12.093 D/WifiThroughputPredictor(  683):  utilization (LLS) 80 isBluetoothConnected: false final utilization: 80
04-22 05:51:12.093 D/WifiThroughputPredictor(  683):  BW: 0 RSSI: -50 Nss: 1 Mode: 1 symDur: 4000 snrDb 30 bitPerTone: 4500 rate: 54 throughput: 11
04-22 05:51:12.093 D/WifiThroughputPredictor(  683):  utilization (LLS) 80 isBluetoothConnected: false final utilization: 80
04-22 05:51:12.093 D/WifiThroughputPredictor(  683):  BW: 0 RSSI: -50 Nss: 1 Mode: 1 symDur: 4000 snrDb 30 bitPerTone: 4500 rate: 54 throughput: 11
04-22 05:51:12.093 D/WifiThroughputPredictor(  683):  utilization (LLS) 80 isBluetoothConnected: false final utilization: 80
04-22 05:51:12.093 D/WifiThroughputPredictor(  683):  BW: 0 RSSI: -50 Nss: 1 Mode: 1 symDur: 4000 snrDb 30 bitPerTone: 4500 rate: 54 throughput: 11
04-22 05:51:12.093 D/WifiThroughputPredictor(  683):  utilization (LLS) 80 isBluetoothConnected: false final utilization: 80
04-22 05:51:12.093 D/WifiThroughputPredictor(  683):  BW: 0 RSSI: -50 Nss: 1 Mode: 1 symDur: 4000 snrDb 30 bitPerTone: 4500 rate: 54 throughput: 11
04-22 05:51:12.093 D/WifiScoreCard(  683): BSSID update SIGNAL_POLL ID: 261501600 SSID: "AndroidWifi", BSSID: 00:13:10:85:fe:01, MAC: 02:15:b4:00:00:00, IP: /10.0.2.17, Security type: 0, Supplicant state: COMPLETED, Wi-Fi standard: legacy, RSSI: -50, Link speed: 1Mbps, Tx Link speed: 1Mbps, Max Supported Tx Link speed: 11Mbps, Rx Link speed: 2Mbps, Max Supported Rx Link speed: 11Mbps, Frequency: 2447MHz, Net ID: 0, Metered hint: false, score: 60, isUsable: true, CarrierMerged: false, SubscriptionId: -1, IsPrimary: 1, Trusted: true, Restricted: false, Ephemeral: false, OEM paid: false, OEM private: false, OSU AP: false, FQDN: <none>, Provider friendly name: <none>, Requesting package name: <none>"AndroidWifi"openMLO Information: , Is TID-To-Link negotiation supported by the AP: false, AP MLD Address: <none>, AP MLO Link Id: <none>, AP MLO Affiliated links: <none>, Vendor Data: <none>
04-22 05:51:12.093 D/WifiScoreCard(  683): txRate: 1 txSpeed: 1
04-22 05:51:12.093 D/WifiScoreCard(  683): network update SIGNAL_POLL "AndroidWifi" ID: 579418950 RSSI -50 txSpeed -1
04-22 05:51:12.093 D/WifiClientModeImpl[9769:wlan0](  683):  ClientModeImpl$L2ConnectedState screen=on 1 0 "AndroidWifi" 00:13:10:85:fe:01 rssi=-50 f=2447 sc=60 link=1 tx=0.5, 0.0, 0.0 rx=0.5 bcn=0 [on:0 tx:0 rx:0 period:3010] from screen [on:0 period:-1308188451] score=60
04-22 05:51:12.469 D/wpa_supplicant(  938): nl80211: Drv Event 64 (NL80211_CMD_NOTIFY_CQM) received for wlan0
04-22 05:51:12.469 D/wpa_supplicant(  938): nl80211: Beacon loss event
04-22 05:51:12.469 D/wpa_supplicant(  938): wlan0: Event BEACON_LOSS (53) received
04-22 05:51:12.469 I/wpa_supplicant(  938): wlan0: CTRL-EVENT-BEACON-LOSS 
04-22 05:51:14.158 D/ActivityManager(  683): freezing 4288 com.android.keychain
04-22 05:51:14.159 D/ActivityManager(  683): freezing 1197 com.android.settings
04-22 05:51:14.161 D/ActivityManager(  683): freezing 2618 com.android.dynsystem:dynsystem
04-22 05:51:14.161 D/ActivityManager(  683): freezing 2594 com.android.dynsystem
04-22 05:51:14.162 D/ActivityManager(  683): freezing 2458 com.android.localtransport
04-22 05:51:15.098 W/BestClock(  683): java.time.DateTimeException: No network time available
04-22 05:51:15.099 W/BestClock(  683): java.time.DateTimeException: No network time available
04-22 05:51:15.099 W/BestClock(  683): java.time.DateTimeException: No network time available
04-22 05:51:15.099 W/BestClock(  683): java.time.DateTimeException: No network time available
04-22 05:51:15.099 W/BestClock(  683): java.time.DateTimeException: No network time available
04-22 05:51:15.100 D/WifiClientModeImpl[9769:wlan0](  683): updateLinkLayerStatsRssiSpeedFrequencyCapabilities rssi=-50 TxLinkspeed=1 freq=2447 RxLinkSpeed=2
04-22 05:51:15.100 D/WifiDataStall(  683): tx tput in kbps: 11000
04-22 05:51:15.100 D/WifiDataStall(  683): rx tput in kbps: 11000
04-22 05:51:15.100 V/WifiConfigManager(  683): Updating scan detail cache freq=2447 BSSID=00:13:10:85:fe:01 RSSI=-50 for "AndroidWifi"NONE
04-22 05:51:15.100 D/WifiThroughputPredictor(  683):  utilization (LLS) 80 isBluetoothConnected: false final utilization: 80
04-22 05:51:15.100 D/WifiThroughputPredictor(  683):  BW: 0 RSSI: -50 Nss: 1 Mode: 1 symDur: 4000 snrDb 30 bitPerTone: 4500 rate: 54 throughput: 11
04-22 05:51:15.100 D/WifiThroughputPredictor(  683):  utilization (LLS) 80 isBluetoothConnected: false final utilization: 80
04-22 05:51:15.100 D/WifiThroughputPredictor(  683):  BW: 0 RSSI: -50 Nss: 1 Mode: 1 symDur: 4000 snrDb 30 bitPerTone: 4500 rate: 54 throughput: 11
04-22 05:51:15.101 D/WifiThroughputPredictor(  683):  utilization (LLS) 80 isBluetoothConnected: false final utilization: 80
04-22 05:51:15.101 D/WifiThroughputPredictor(  683):  BW: 0 RSSI: -50 Nss: 1 Mode: 1 symDur: 4000 snrDb 30 bitPerTone: 4500 rate: 54 throughput: 11
04-22 05:51:15.101 D/WifiThroughputPredictor(  683):  utilization (LLS) 80 isBluetoothConnected: false final utilization: 80
04-22 05:51:15.101 D/WifiThroughputPredictor(  683):  BW: 0 RSSI: -50 Nss: 1 Mode: 1 symDur: 4000 snrDb 30 bitPerTone: 4500 rate: 54 throughput: 11
