04-22 05:52:52.759 W/WakeLock( 1283): GCM_CONN_ALARM counter does not exist
04-22 05:52:54.347 W/BestClock(  683): java.time.DateTimeException: No network time available
04-22 05:52:54.347 W/BestClock(  683): java.time.DateTimeException: No network time available
04-22 05:52:54.347 W/BestClock(  683): java.time.DateTimeException: No network time available
04-22 05:52:54.347 W/BestClock(  683): java.time.DateTimeException: No network time available
04-22 05:52:54.348 W/BestClock(  683): java.time.DateTimeException: No network time available
04-22 05:52:54.350 D/WifiClientModeImpl[9769:wlan0](  683): updateLinkLayerStatsRssiSpeedFrequencyCapabilities rssi=-50 TxLinkspeed=1 freq=2447 RxLinkSpeed=2
04-22 05:52:54.350 D/WifiDataStall(  683): tx tput in kbps: 11000
04-22 05:52:54.350 D/WifiDataStall(  683): rx tput in kbps: 11000
04-22 05:52:54.350 V/WifiConfigManager(  683): Updating scan detail cache freq=2447 BSSID=00:13:10:85:fe:01 RSSI=-50 for "AndroidWifi"NONE
04-22 05:52:54.350 D/WifiThroughputPredictor(  683):  utilization (LLS) 80 isBluetoothConnected: false final utilization: 80
04-22 05:52:54.350 D/WifiThroughputPredictor(  683):  BW: 0 RSSI: -50 Nss: 1 Mode: 1 symDur: 4000 snrDb 30 bitPerTone: 4500 rate: 54 throughput: 11
04-22 05:52:54.350 D/WifiThroughputPredictor(  683):  utilization (LLS) 80 isBluetoothConnected: false final utilization: 80
04-22 05:52:54.350 D/WifiThroughputPredictor(  683):  BW: 0 RSSI: -50 Nss: 1 Mode: 1 symDur: 4000 snrDb 30 bitPerTone: 4500 rate: 54 throughput: 11
04-22 05:52:54.350 D/WifiThroughputPredictor(  683):  utilization (LLS) 80 isBluetoothConnected: false final utilization: 80
04-22 05:52:54.350 D/WifiThroughputPredictor(  683):  BW: 0 RSSI: -50 Nss: 1 Mode: 1 symDur: 4000 snrDb 30 bitPerTone: 4500 rate: 54 throughput: 11
04-22 05:52:54.350 D/WifiThroughputPredictor(  683):  utilization (LLS) 80 isBluetoothConnected: false final utilization: 80
04-22 05:52:54.350 D/WifiThroughputPredictor(  683):  BW: 0 RSSI: -50 Nss: 1 Mode: 1 symDur: 4000 snrDb 30 bitPerTone: 4500 rate: 54 throughput: 11
04-22 05:52:54.350 D/WifiScoreCard(  683): BSSID update SIGNAL_POLL ID: 261501600 SSID: "AndroidWifi", BSSID: 00:13:10:85:fe:01, MAC: 02:15:b4:00:00:00, IP: /10.0.2.17, Security type: 0, Supplicant state: COMPLETED, Wi-Fi standard: legacy, RSSI: -50, Link speed: 1Mbps, Tx Link speed: 1Mbps, Max Supported Tx Link speed: 11Mbps, Rx Link speed: 2Mbps, Max Supported Rx Link speed: 11Mbps, Frequency: 2447MHz, Net ID: 0, Metered hint: false, score: 60, isUsable: true, CarrierMerged: false, SubscriptionId: -1, IsPrimary: 1, Trusted: true, Restricted: false, Ephemeral: false, OEM paid: false, OEM private: false, OSU AP: false, FQDN: <none>, Provider friendly name: <none>, Requesting package name: <none>"AndroidWifi"openMLO Information: , Is TID-To-Link negotiation supported by the AP: false, AP MLD Address: <none>, AP MLO Link Id: <none>, AP MLO Affiliated links: <none>, Vendor Data: <none>
04-22 05:52:54.350 D/WifiScoreCard(  683): txRate: 1 txSpeed: 1
04-22 05:52:54.350 D/WifiScoreCard(  683): network update SIGNAL_POLL "AndroidWifi" ID: 579418950 RSSI -50 txSpeed -1
04-22 05:52:54.350 D/WifiClientModeImpl[9769:wlan0](  683):  ClientModeImpl$L2ConnectedState screen=on 1 0 "AndroidWifi" 00:13:10:85:fe:01 rssi=-50 f=2447 sc=60 link=1 tx=0.4, 0.0, 0.0 rx=0.6 bcn=0 [on:0 tx:0 rx:0 period:3005] from screen [on:0 period:-1308086194] score=60
04-22 05:52:56.404 D/wpa_supplicant(  938): nl80211: Drv Event 64 (NL80211_CMD_NOTIFY_CQM) received for wlan0
04-22 05:52:56.404 D/wpa_supplicant(  938): nl80211: Beacon loss event
04-22 05:52:56.404 D/wpa_supplicant(  938): wlan0: Event BEACON_LOSS (53) received
04-22 05:52:56.404 I/wpa_supplicant(  938): wlan0: CTRL-EVENT-BEACON-LOSS 
04-22 05:52:57.175 D/SatelliteController( 1086): iisInCarrierRoamingNbIotNtn: satellite is disabled
04-22 05:52:57.356 W/BestClock(  683): java.time.DateTimeException: No network time available
04-22 05:52:57.356 W/BestClock(  683): java.time.DateTimeException: No network time available
04-22 05:52:57.356 W/BestClock(  683): java.time.DateTimeException: No network time available
04-22 05:52:57.356 W/BestClock(  683): java.time.DateTimeException: No network time available
04-22 05:52:57.356 W/BestClock(  683): java.time.DateTimeException: No network time available
04-22 05:52:57.358 D/WifiClientModeImpl[9769:wlan0](  683): updateLinkLayerStatsRssiSpeedFrequencyCapabilities rssi=-50 TxLinkspeed=1 freq=2447 RxLinkSpeed=2
04-22 05:52:57.358 D/WifiDataStall(  683): tx tput in kbps: 11000
04-22 05:52:57.358 D/WifiDataStall(  683): rx tput in kbps: 11000
04-22 05:52:57.358 V/WifiConfigManager(  683): Updating scan detail cache freq=2447 BSSID=00:13:10:85:fe:01 RSSI=-50 for "AndroidWifi"NONE
04-22 05:52:57.358 D/WifiThroughputPredictor(  683):  utilization (LLS) 80 isBluetoothConnected: false final utilization: 80
04-22 05:52:57.358 D/WifiThroughputPredictor(  683):  BW: 0 RSSI: -50 Nss: 1 Mode: 1 symDur: 4000 snrDb 30 bitPerTone: 4500 rate: 54 throughput: 11
04-22 05:52:57.358 D/WifiThroughputPredictor(  683):  utilization (LLS) 80 isBluetoothConnected: false final utilization: 80
04-22 05:52:57.358 D/WifiThroughputPredictor(  683):  BW: 0 RSSI: -50 Nss: 1 Mode: 1 symDur: 4000 snrDb 30 bitPerTone: 4500 rate: 54 throughput: 11
04-22 05:52:57.358 D/WifiThroughputPredictor(  683):  utilization (LLS) 80 isBluetoothConnected: false final utilization: 80
04-22 05:52:57.358 D/WifiThroughputPredictor(  683):  BW: 0 RSSI: -50 Nss: 1 Mode: 1 symDur: 4000 snrDb 30 bitPerTone: 4500 rate: 54 throughput: 11
04-22 05:52:57.358 D/WifiThroughputPredictor(  683):  utilization (LLS) 80 isBluetoothConnected: false final utilization: 80
04-22 05:52:57.358 D/WifiThroughputPredictor(  683):  BW: 0 RSSI: -50 Nss: 1 Mode: 1 symDur: 4000 snrDb 30 bitPerTone: 4500 rate: 54 throughput: 11
04-22 05:52:57.358 D/WifiScoreCard(  683): BSSID update SIGNAL_POLL ID: 261501600 SSID: "AndroidWifi", BSSID: 00:13:10:85:fe:01, MAC: 02:15:b4:00:00:00, IP: /10.0.2.17, Security type: 0, Supplicant state: COMPLETED, Wi-Fi standard: legacy, RSSI: -50, Link speed: 1Mbps, Tx Link speed: 1Mbps, Max Supported Tx Link speed: 11Mbps, Rx Link speed: 2Mbps, Max Supported Rx Link speed: 11Mbps, Frequency: 2447MHz, Net ID: 0, Metered hint: false, score: 60, isUsable: true, CarrierMerged: false, SubscriptionId: -1, IsPrimary: 1, Trusted: true, Restricted: false, Ephemeral: false, OEM paid: false, OEM private: false, OSU AP: false, FQDN: <none>, Provider friendly name: <none>, Requesting package name: <none>"AndroidWifi"openMLO Information: , Is TID-To-Link negotiation supported by the AP: false, AP MLD Address: <none>, AP MLO Link Id: <none>, AP MLO Affiliated links: <none>, Vendor Data: <none>
04-22 05:52:57.359 D/WifiScoreCard(  683): txRate: 1 txSpeed: 1
04-22 05:52:57.359 D/WifiScoreCard(  683): network update SIGNAL_POLL "AndroidWifi" ID: 579418950 RSSI -50 txSpeed -1
04-22 05:52:57.359 D/WifiClientModeImpl[9769:wlan0](  683):  ClientModeImpl$L2ConnectedState screen=on 1 0 "AndroidWifi" 00:13:10:85:fe:01 rssi=-50 f=2447 sc=60 link=1 tx=0.1, 0.0, 0.0 rx=0.2 bcn=0 [on:0 tx:0 rx:0 period:3009] from screen [on:0 period:-1308083185] score=60
04-22 05:53:00.363 W/BestClock(  683): java.time.DateTimeException: No network time available
04-22 05:53:00.363 W/BestClock(  683): java.time.DateTimeException: No network time available
04-22 05:53:00.363 W/BestClock(  683): java.time.DateTimeException: No network time available
04-22 05:53:00.363 W/BestClock(  683): java.time.DateTimeException: No network time available
04-22 05:53:00.363 W/BestClock(  683): java.time.DateTimeException: No network time available
04-22 05:53:00.366 D/WifiClientModeImpl[9769:wlan0](  683): updateLinkLayerStatsRssiSpeedFrequencyCapabilities rssi=-50 TxLinkspeed=5 freq=2447 RxLinkSpeed=2
04-22 05:53:00.366 D/WifiDataStall(  683): tx tput in kbps: 11000
04-22 05:53:00.366 D/WifiDataStall(  683): rx tput in kbps: 11000
04-22 05:53:00.366 V/WifiConfigManager(  683): Updating scan detail cache freq=2447 BSSID=00:13:10:85:fe:01 RSSI=-50 for "AndroidWifi"NONE
04-22 05:53:00.366 D/WifiThroughputPredictor(  683):  utilization (LLS) 80 isBluetoothConnected: false final utilization: 80
04-22 05:53:00.366 D/WifiThroughputPredictor(  683):  BW: 0 RSSI: -50 Nss: 1 Mode: 1 symDur: 4000 snrDb 30 bitPerTone: 4500 rate: 54 throughput: 11
04-22 05:53:00.366 D/WifiThroughputPredictor(  683):  utilization (LLS) 80 isBluetoothConnected: false final utilization: 80
04-22 05:53:00.366 D/WifiThroughputPredictor(  683):  BW: 0 RSSI: -50 Nss: 1 Mode: 1 symDur: 4000 snrDb 30 bitPerTone: 4500 rate: 54 throughput: 11
04-22 05:53:00.366 D/WifiThroughputPredictor(  683):  utilization (LLS) 80 isBluetoothConnected: false final utilization: 80
04-22 05:53:00.366 D/WifiThroughputPredictor(  683):  BW: 0 RSSI: -50 Nss: 1 Mode: 1 symDur: 4000 snrDb 30 bitPerTone: 4500 rate: 54 throughput: 11
04-22 05:53:00.367 D/WifiThroughputPredictor(  683):  utilization (LLS) 80 isBluetoothConnected: false final utilization: 80
04-22 05:53:00.367 D/WifiThroughputPredictor(  683):  BW: 0 RSSI: -50 Nss: 1 Mode: 1 symDur: 4000 snrDb 30 bitPerTone: 4500 rate: 54 throughput: 11
04-22 05:53:00.367 D/WifiScoreCard(  683): BSSID update SIGNAL_POLL ID: 261501600 SSID: "AndroidWifi", BSSID: 00:13:10:85:fe:01, MAC: 02:15:b4:00:00:00, IP: /10.0.2.17, Security type: 0, Supplicant state: COMPLETED, Wi-Fi standard: legacy, RSSI: -50, Link speed: 5Mbps, Tx Link speed: 5Mbps, Max Supported Tx Link speed: 11Mbps, Rx Link speed: 2Mbps, Max Supported Rx Link speed: 11Mbps, Frequency: 2447MHz, Net ID: 0, Metered hint: false, score: 60, isUsable: true, CarrierMerged: false, SubscriptionId: -1, IsPrimary: 1, Trusted: true, Restricted: false, Ephemeral: false, OEM paid: false, OEM private: false, OSU AP: false, FQDN: <none>, Provider friendly name: <none>, Requesting package name: <none>"AndroidWifi"openMLO Information: , Is TID-To-Link negotiation supported by the AP: false, AP MLD Address: <none>, AP MLO Link Id: <none>, AP MLO Affiliated links: <none>, Vendor Data: <none>
04-22 05:53:00.367 D/WifiScoreCard(  683): txRate: 1 txSpeed: 5
04-22 05:53:00.367 D/WifiScoreCard(  683): network update SIGNAL_POLL "AndroidWifi" ID: 579418950 RSSI -50 txSpeed -1
04-22 05:53:00.367 D/WifiClientModeImpl[9769:wlan0](  683):  ClientModeImpl$L2ConnectedState screen=on 1 0 "AndroidWifi" 00:13:10:85:fe:01 rssi=-50 f=2447 sc=60 link=5 tx=0.0, 0.0, 0.0 rx=0.0 bcn=0 [on:0 tx:0 rx:0 period:3008] from screen [on:0 period:-1308080177] score=60
04-22 05:53:03.368 W/BestClock(  683): java.time.DateTimeException: No network time available
04-22 05:53:03.369 W/BestClock(  683): java.time.DateTimeException: No network time available
04-22 05:53:03.369 W/BestClock(  683): java.time.DateTimeException: No network time available
04-22 05:53:03.369 W/BestClock(  683): java.time.DateTimeException: No network time available
04-22 05:53:03.369 W/BestClock(  683): java.time.DateTimeException: No network time available
04-22 05:53:03.370 D/WifiClientModeImpl[9769:wlan0](  683): updateLinkLayerStatsRssiSpeedFrequencyCapabilities rssi=-50 TxLinkspeed=5 freq=2447 RxLinkSpeed=2
04-22 05:53:03.370 D/WifiDataStall(  683): tx tput in kbps: 11000
04-22 05:53:03.370 D/WifiDataStall(  683): rx tput in kbps: 11000
04-22 05:53:03.370 V/WifiConfigManager(  683): Updating scan detail cache freq=2447 BSSID=00:13:10:85:fe:01 RSSI=-50 for "AndroidWifi"NONE
04-22 05:53:03.370 D/WifiThroughputPredictor(  683):  utilization (LLS) 80 isBluetoothConnected: false final utilization: 80
04-22 05:53:03.370 D/WifiThroughputPredictor(  683):  BW: 0 RSSI: -50 Nss: 1 Mode: 1 symDur: 4000 snrDb 30 bitPerTone: 4500 rate: 54 throughput: 11
04-22 05:53:03.370 D/WifiThroughputPredictor(  683):  utilization (LLS) 80 isBluetoothConnected: false final utilization: 80
04-22 05:53:03.370 D/WifiThroughputPredictor(  683):  BW: 0 RSSI: -50 Nss: 1 Mode: 1 symDur: 4000 snrDb 30 bitPerTone: 4500 rate: 54 throughput: 11
04-22 05:53:03.371 D/WifiThroughputPredictor(  683):  utilization (LLS) 80 isBluetoothConnected: false final utilization: 80
04-22 05:53:03.372 D/WifiThroughputPredictor(  683):  BW: 0 RSSI: -50 Nss: 1 Mode: 1 symDur: 4000 snrDb 30 bitPerTone: 4500 rate: 54 throughput: 11
04-22 05:53:03.372 D/WifiThroughputPredictor(  683):  utilization (LLS) 80 isBluetoothConnected: false final utilization: 80
04-22 05:53:03.372 D/WifiThroughputPredictor(  683):  BW: 0 RSSI: -50 Nss: 1 Mode: 1 symDur: 4000 snrDb 30 bitPerTone: 4500 rate: 54 throughput: 11
04-22 05:53:03.373 D/WifiScoreCard(  683): BSSID update SIGNAL_POLL ID: 261501600 SSID: "AndroidWifi", BSSID: 00:13:10:85:fe:01, MAC: 02:15:b4:00:00:00, IP: /10.0.2.17, Security type: 0, Supplicant state: COMPLETED, Wi-Fi standard: legacy, RSSI: -50, Link speed: 5Mbps, Tx Link speed: 5Mbps, Max Supported Tx Link speed: 11Mbps, Rx Link speed: 2Mbps, Max Supported Rx Link speed: 11Mbps, Frequency: 2447MHz, Net ID: 0, Metered hint: false, score: 60, isUsable: true, CarrierMerged: false, SubscriptionId: -1, IsPrimary: 1, Trusted: true, Restricted: false, Ephemeral: false, OEM paid: false, OEM private: false, OSU AP: false, FQDN: <none>, Provider friendly name: <none>, Requesting package name: <none>"AndroidWifi"openMLO Information: , Is TID-To-Link negotiation supported by the AP: false, AP MLD Address: <none>, AP MLO Link Id: <none>, AP MLO Affiliated links: <none>, Vendor Data: <none>
04-22 05:53:03.373 D/WifiScoreCard(  683): txRate: 1 txSpeed: 5
04-22 05:53:03.373 D/WifiScoreCard(  683): network update SIGNAL_POLL "AndroidWifi" ID: 579418950 RSSI -50 txSpeed -1
04-22 05:53:03.373 D/WifiClientModeImpl[9769:wlan0](  683):  ClientModeImpl$L2ConnectedState screen=on 1 0 "AndroidWifi" 00:13:10:85:fe:01 rssi=-50 f=2447 sc=60 link=5 tx=0.0, 0.0, 0.0 rx=0.0 bcn=0 [on:0 tx:0 rx:0 period:3006] from screen [on:0 period:-1308077171] score=60
04-22 05:53:03.762 I/resolv  (  459): GetAddrInfoHandler::run: {101 983141 101 983141 10144 0}
04-22 05:53:03.762 I/resolv  (  459): res_nmkquery: (QUERY, IN, AAAA)
04-22 05:53:03.763 I/resolv  (  459): res_nmkquery: (QUERY, IN, A)
04-22 05:53:03.777 I/resolv  (  459): res_nsend: used send_dg 101 terrno: 0
04-22 05:53:03.777 I/resolv  (  459): doQuery: rcode=0, ancount=2, return value=101
04-22 05:53:03.784 I/resolv  (  459): res_nsend: used send_dg 89 terrno: 0
04-22 05:53:03.784 I/resolv  (  459): doQuery: rcode=0, ancount=2, return value=89
04-22 05:53:03.785 I/TrafficStats( 1283): tagSocketFd(-1, 1031, -1) failed with errno-9
04-22 05:53:04.291 E/GmsTaskScheduler( 1283): sendWakeUpEvent called on SchedulerClientBroadcastStrategy
04-22 05:53:04.291 I/AlarmManager( 1283): setExactAndAllowWhileIdle [name: GCM_HB_ALARM type: 2 triggerAtMillis: 34371835]
04-22 05:53:04.341 D/wpa_supplicant(  938): nl80211: Drv Event 64 (NL80211_CMD_NOTIFY_CQM) received for wlan0
04-22 05:53:04.341 D/wpa_supplicant(  938): nl80211: Beacon loss event
04-22 05:53:04.341 D/wpa_supplicant(  938): wlan0: Event BEACON_LOSS (53) received
04-22 05:53:04.341 I/wpa_supplicant(  938): wlan0: CTRL-EVENT-BEACON-LOSS 
04-22 05:53:04.461 I/AlarmManager( 1283): setExactAndAllowWhileIdle [name: GCM_HB_ALARM type: 2 triggerAtMillis: 34372004]
04-22 05:53:04.462 W/WakeLock( 1283): GCM_CONN_ALARM release without a matched acquire!
04-22 05:53:04.462 D/ConnectivityService(  683): reportNetworkConnectivity(101, true) by 10144
04-22 05:53:04.463 I/AlarmManager( 1283): setExactAndAllowWhileIdle [name: GCM_HB_ALARM type: 2 triggerAtMillis: 34372007]
04-22 05:53:04.463 D/NetworkMonitor/101( 1052): Forcing reevaluation for UID 10144. Dns signal count: 0
04-22 05:53:04.463 D/ConnectivityService(  683): reportNetworkConnectivity(101, true) by 10144
04-22 05:53:04.464 E/GmsTaskScheduler( 1283): sendWakeUpEvent called on SchedulerClientBroadcastStrategy
04-22 05:53:04.466 I/resolv  (  459): ResNSendHandler::run: 0 / {101 983141 101 983141 1073 1}
04-22 05:53:04.468 I/resolv  (  459): ResNSendHandler::run: 0 / {101 983141 101 983141 1073 1}
04-22 05:53:04.468 I/resolv  (  459): resolv_cache_lookup: FOUND IN CACHE entry=0xb400007d2ced1320
04-22 05:53:04.471 I/resolv  (  459): ResNSendHandler::run: 0 / {101 983141 101 983141 1073 1}
04-22 05:53:04.473 I/resolv  (  459): ResNSendHandler::run: 0 / {101 983141 101 983141 1073 1}
04-22 05:53:04.473 I/resolv  (  459): resolv_cache_lookup: FOUND IN CACHE entry=0xb400007e7ced28b0
04-22 05:53:04.956 I/resolv  (  459): res_nsend: used send_dg 60 terrno: 0
04-22 05:53:04.956 I/resolv  (  459): res_nsend: used send_dg 117 terrno: 0
04-22 05:53:04.961 D/NetworkMonitor/101( 1052): PROBE_DNS www.google.com 496ms OK 104.244.42.197,2001::1
04-22 05:53:04.961 D/NetworkMonitor/101( 1052): PROBE_DNS connectivitycheck.gstatic.com 496ms OK 114.250.66.34
04-22 05:53:04.962 I/resolv  (  459): GetAddrInfoHandler::run: {101 983141 101 983141 1073 1}
04-22 05:53:04.962 I/resolv  (  459): res_nmkquery: (QUERY, IN, AAAA)
04-22 05:53:04.962 I/resolv  (  459): resolv_cache_lookup: FOUND IN CACHE entry=0xb400007cdced1150
04-22 05:53:04.962 I/resolv  (  459): doQuery: rcode=0, ancount=1, return value=60
04-22 05:53:04.962 I/resolv  (  459): res_nmkquery: (QUERY, IN, A)
04-22 05:53:04.962 I/resolv  (  459): resolv_cache_lookup: FOUND IN CACHE entry=0xb400007d2ced1320
04-22 05:53:04.962 I/resolv  (  459): doQuery: rcode=0, ancount=1, return value=48
04-22 05:53:04.964 I/resolv  (  459): GetAddrInfoHandler::run: {101 983141 101 983141 1073 1}
04-22 05:53:04.965 I/resolv  (  459): res_nmkquery: (QUERY, IN, AAAA)
04-22 05:53:04.965 I/resolv  (  459): resolv_cache_lookup: FOUND IN CACHE entry=0xb400007d0cedcb30
04-22 05:53:04.965 I/resolv  (  459): doQuery: rcode=0, ancount=0, return value=117
04-22 05:53:04.965 I/resolv  (  459): res_nmkquery: (QUERY, IN, A)
04-22 05:53:04.965 I/resolv  (  459): resolv_cache_lookup: FOUND IN CACHE entry=0xb400007e7ced28b0
04-22 05:53:04.965 I/resolv  (  459): doQuery: rcode=0, ancount=1, return value=63
04-22 05:53:05.458 D/NetworkMonitor/101( 1052): PROBE_HTTP http://connectivitycheck.gstatic.com/generate_204 time=496ms ret=204 request={Connection=[close], User-Agent=[Mozilla/5.0 (X11; Linux x86_64) AppleWebKit/537.36 (KHTML, like Gecko) Chrome/60.0.3112.32 Safari/537.36]} headers={null=[HTTP/1.1 204 No Content], Connection=[close], Cross-Origin-Resource-Policy=[cross-origin], Date=[Tue, 21 Apr 2026 21:53:05 GMT], X-Android-Received-Millis=[1776808385458], X-Android-Response-Source=[NETWORK 204], X-Android-Selected-Protocol=[http/1.1], X-Android-Sent-Millis=[1776808384967]}
04-22 05:53:06.380 W/BestClock(  683): java.time.DateTimeException: No network time available
04-22 05:53:06.381 W/BestClock(  683): java.time.DateTimeException: No network time available
04-22 05:53:06.381 W/BestClock(  683): java.time.DateTimeException: No network time available
04-22 05:53:06.381 W/BestClock(  683): java.time.DateTimeException: No network time available
04-22 05:53:06.381 W/BestClock(  683): java.time.DateTimeException: No network time available
04-22 05:53:06.384 D/WifiClientModeImpl[9769:wlan0](  683): updateLinkLayerStatsRssiSpeedFrequencyCapabilities rssi=-50 TxLinkspeed=1 freq=2447 RxLinkSpeed=2
04-22 05:53:06.384 D/WifiDataStall(  683): tx tput in kbps: 11000
04-22 05:53:06.384 D/WifiDataStall(  683): rx tput in kbps: 11000
04-22 05:53:06.384 V/WifiConfigManager(  683): Updating scan detail cache freq=2447 BSSID=00:13:10:85:fe:01 RSSI=-50 for "AndroidWifi"NONE
04-22 05:53:06.384 D/WifiThroughputPredictor(  683):  utilization (LLS) 80 isBluetoothConnected: false final utilization: 80
04-22 05:53:06.384 D/WifiThroughputPredictor(  683):  BW: 0 RSSI: -50 Nss: 1 Mode: 1 symDur: 4000 snrDb 30 bitPerTone: 4500 rate: 54 throughput: 11
04-22 05:53:06.384 D/WifiThroughputPredictor(  683):  utilization (LLS) 80 isBluetoothConnected: false final utilization: 80
04-22 05:53:06.384 D/WifiThroughputPredictor(  683):  BW: 0 RSSI: -50 Nss: 1 Mode: 1 symDur: 4000 snrDb 30 bitPerTone: 4500 rate: 54 throughput: 11
04-22 05:53:06.384 D/WifiThroughputPredictor(  683):  utilization (LLS) 80 isBluetoothConnected: false final utilization: 80
04-22 05:53:06.384 D/WifiThroughputPredictor(  683):  BW: 0 RSSI: -50 Nss: 1 Mode: 1 symDur: 4000 snrDb 30 bitPerTone: 4500 rate: 54 throughput: 11
04-22 05:53:06.384 D/WifiThroughputPredictor(  683):  utilization (LLS) 80 isBluetoothConnected: false final utilization: 80
04-22 05:53:06.384 D/WifiThroughputPredictor(  683):  BW: 0 RSSI: -50 Nss: 1 Mode: 1 symDur: 4000 snrDb 30 bitPerTone: 4500 rate: 54 throughput: 11
04-22 05:53:06.384 D/WifiScoreCard(  683): BSSID update SIGNAL_POLL ID: 261501600 SSID: "AndroidWifi", BSSID: 00:13:10:85:fe:01, MAC: 02:15:b4:00:00:00, IP: /10.0.2.17, Security type: 0, Supplicant state: COMPLETED, Wi-Fi standard: legacy, RSSI: -50, Link speed: 1Mbps, Tx Link speed: 1Mbps, Max Supported Tx Link speed: 11Mbps, Rx Link speed: 2Mbps, Max Supported Rx Link speed: 11Mbps, Frequency: 2447MHz, Net ID: 0, Metered hint: false, score: 60, isUsable: true, CarrierMerged: false, SubscriptionId: -1, IsPrimary: 1, Trusted: true, Restricted: false, Ephemeral: false, OEM paid: false, OEM private: false, OSU AP: false, FQDN: <none>, Provider friendly name: <none>, Requesting package name: <none>"AndroidWifi"openMLO Information: , Is TID-To-Link negotiation supported by the AP: false, AP MLD Address: <none>, AP MLO Link Id: <none>, AP MLO Affiliated links: <none>, Vendor Data: <none>
04-22 05:53:06.384 D/WifiScoreCard(  683): txRate: 5 txSpeed: 1
04-22 05:53:06.384 D/WifiScoreCard(  683): network update SIGNAL_POLL "AndroidWifi" ID: 579418950 RSSI -50 txSpeed 1
04-22 05:53:06.385 D/WifiClientModeImpl[9769:wlan0](  683):  ClientModeImpl$L2ConnectedState screen=on 1 0 "AndroidWifi" 00:13:10:85:fe:01 rssi=-50 f=2447 sc=60 link=1 tx=4.0, 0.0, 0.0 rx=3.7 bcn=0 [on:0 tx:0 rx:0 period:3012] from screen [on:0 period:-1308074159] score=60
04-22 05:53:07.182 D/SatelliteController( 1086): iisInCarrierRoamingNbIotNtn: satellite is disabled
04-22 05:53:07.468 I/resolv  (  459): GetAddrInfoHandler::run: {101 983141 101 983141 1073 1}
04-22 05:53:07.468 I/resolv  (  459): res_nmkquery: (QUERY, IN, AAAA)
04-22 05:53:07.469 I/resolv  (  459): res_nmkquery: (QUERY, IN, A)
04-22 05:53:07.469 I/resolv  (  459): resolv_cache_lookup: FOUND IN CACHE entry=0xb400007d0cedd670
04-22 05:53:07.469 I/resolv  (  459): doQuery: rcode=0, ancount=4, return value=101
04-22 05:53:07.959 I/resolv  (  459): res_nsend: used send_dg 149 terrno: 0
04-22 05:53:07.959 I/resolv  (  459): doQuery: rcode=0, ancount=4, return value=149
04-22 05:53:08.461 D/NetworkMonitor/101( 1052): PROBE_FALLBACK http://play.googleapis.com/generate_204 time=995ms ret=204 request={Connection=[close], User-Agent=[Mozilla/5.0 (X11; Linux x86_64) AppleWebKit/537.36 (KHTML, like Gecko) Chrome/60.0.3112.32 Safari/537.36]} headers={null=[HTTP/1.1 204 No Content], Connection=[close], Cross-Origin-Resource-Policy=[cross-origin], Date=[Tue, 21 Apr 2026 21:53:08 GMT], X-Android-Received-Millis=[1776808388461], X-Android-Response-Source=[NETWORK 204], X-Android-Selected-Protocol=[http/1.1], X-Android-Sent-Millis=[1776808387963]}
04-22 05:53:09.388 W/BestClock(  683): java.time.DateTimeException: No network time available
04-22 05:53:09.388 W/BestClock(  683): java.time.DateTimeException: No network time available
04-22 05:53:09.389 W/BestClock(  683): java.time.DateTimeException: No network time available
04-22 05:53:09.389 W/BestClock(  683): java.time.DateTimeException: No network time available
04-22 05:53:09.389 W/BestClock(  683): java.time.DateTimeException: No network time available
04-22 05:53:09.392 D/WifiClientModeImpl[9769:wlan0](  683): updateLinkLayerStatsRssiSpeedFrequencyCapabilities rssi=-50 TxLinkspeed=2 freq=2447 RxLinkSpeed=2
04-22 05:53:09.392 D/WifiDataStall(  683): tx tput in kbps: 11000
04-22 05:53:09.392 D/WifiDataStall(  683): rx tput in kbps: 11000
04-22 05:53:09.392 V/WifiConfigManager(  683): Updating scan detail cache freq=2447 BSSID=00:13:10:85:fe:01 RSSI=-50 for "AndroidWifi"NONE
04-22 05:53:09.392 D/WifiThroughputPredictor(  683):  utilization (LLS) 80 isBluetoothConnected: false final utilization: 80
04-22 05:53:09.392 D/WifiThroughputPredictor(  683):  BW: 0 RSSI: -50 Nss: 1 Mode: 1 symDur: 4000 snrDb 30 bitPerTone: 4500 rate: 54 throughput: 11
04-22 05:53:09.392 D/WifiThroughputPredictor(  683):  utilization (LLS) 80 isBluetoothConnected: false final utilization: 80
04-22 05:53:09.392 D/WifiThroughputPredictor(  683):  BW: 0 RSSI: -50 Nss: 1 Mode: 1 symDur: 4000 snrDb 30 bitPerTone: 4500 rate: 54 throughput: 11
04-22 05:53:09.393 D/WifiThroughputPredictor(  683):  utilization (LLS) 80 isBluetoothConnected: false final utilization: 80
04-22 05:53:09.393 D/WifiThroughputPredictor(  683):  BW: 0 RSSI: -50 Nss: 1 Mode: 1 symDur: 4000 snrDb 30 bitPerTone: 4500 rate: 54 throughput: 11
04-22 05:53:09.393 D/WifiThroughputPredictor(  683):  utilization (LLS) 80 isBluetoothConnected: false final utilization: 80
04-22 05:53:09.393 D/WifiThroughputPredictor(  683):  BW: 0 RSSI: -50 Nss: 1 Mode: 1 symDur: 4000 snrDb 30 bitPerTone: 4500 rate: 54 throughput: 11
04-22 05:53:09.393 D/WifiScoreCard(  683): BSSID update SIGNAL_POLL ID: 261501600 SSID: "AndroidWifi", BSSID: 00:13:10:85:fe:01, MAC: 02:15:b4:00:00:00, IP: /10.0.2.17, Security type: 0, Supplicant state: COMPLETED, Wi-Fi standard: legacy, RSSI: -50, Link speed: 2Mbps, Tx Link speed: 2Mbps, Max Supported Tx Link speed: 11Mbps, Rx Link speed: 2Mbps, Max Supported Rx Link speed: 11Mbps, Frequency: 2447MHz, Net ID: 0, Metered hint: false, score: 60, isUsable: true, CarrierMerged: false, SubscriptionId: -1, IsPrimary: 1, Trusted: true, Restricted: false, Ephemeral: false, OEM paid: false, OEM private: false, OSU AP: false, FQDN: <none>, Provider friendly name: <none>, Requesting package name: <none>"AndroidWifi"openMLO Information: , Is TID-To-Link negotiation supported by the AP: false, AP MLD Address: <none>, AP MLO Link Id: <none>, AP MLO Affiliated links: <none>, Vendor Data: <none>
04-22 05:53:09.393 D/WifiScoreCard(  683): txRate: 3 txSpeed: 2
04-22 05:53:09.393 D/WifiScoreCard(  683): network update SIGNAL_POLL "AndroidWifi" ID: 579418950 RSSI -50 txSpeed -1
04-22 05:53:09.393 D/WifiClientModeImpl[9769:wlan0](  683):  ClientModeImpl$L2ConnectedState screen=on 1 0 "AndroidWifi" 00:13:10:85:fe:01 rssi=-50 f=2447 sc=60 link=2 tx=2.7, 0.0, 0.0 rx=2.6 bcn=0 [on:0 tx:0 rx:0 period:3008] from screen [on:0 period:-1308071151] score=60
04-22 05:53:12.277 D/wpa_supplicant(  938): nl80211: Drv Event 64 (NL80211_CMD_NOTIFY_CQM) received for wlan0
04-22 05:53:12.277 D/wpa_supplicant(  938): nl80211: Beacon loss event
04-22 05:53:12.277 D/wpa_supplicant(  938): wlan0: Event BEACON_LOSS (53) received
04-22 05:53:12.277 I/wpa_supplicant(  938): wlan0: CTRL-EVENT-BEACON-LOSS 
04-22 05:53:12.398 W/BestClock(  683): java.time.DateTimeException: No network time available
04-22 05:53:12.398 W/BestClock(  683): java.time.DateTimeException: No network time available
04-22 05:53:12.398 W/BestClock(  683): java.time.DateTimeException: No network time available
04-22 05:53:12.398 W/BestClock(  683): java.time.DateTimeException: No network time available
04-22 05:53:12.398 W/BestClock(  683): java.time.DateTimeException: No network time available
04-22 05:53:12.399 D/WifiClientModeImpl[9769:wlan0](  683): updateLinkLayerStatsRssiSpeedFrequencyCapabilities rssi=-50 TxLinkspeed=1 freq=2447 RxLinkSpeed=2
04-22 05:53:12.399 D/WifiDataStall(  683): tx tput in kbps: 11000
04-22 05:53:12.399 D/WifiDataStall(  683): rx tput in kbps: 11000
04-22 05:53:12.399 V/WifiConfigManager(  683): Updating scan detail cache freq=2447 BSSID=00:13:10:85:fe:01 RSSI=-50 for "AndroidWifi"NONE
04-22 05:53:12.399 D/WifiThroughputPredictor(  683):  utilization (LLS) 80 isBluetoothConnected: false final utilization: 80
04-22 05:53:12.399 D/WifiThroughputPredictor(  683):  BW: 0 RSSI: -50 Nss: 1 Mode: 1 symDur: 4000 snrDb 30 bitPerTone: 4500 rate: 54 throughput: 11
04-22 05:53:12.399 D/WifiThroughputPredictor(  683):  utilization (LLS) 80 isBluetoothConnected: false final utilization: 80
04-22 05:53:12.399 D/WifiThroughputPredictor(  683):  BW: 0 RSSI: -50 Nss: 1 Mode: 1 symDur: 4000 snrDb 30 bitPerTone: 4500 rate: 54 throughput: 11
04-22 05:53:12.399 D/WifiThroughputPredictor(  683):  utilization (LLS) 80 isBluetoothConnected: false final utilization: 80
04-22 05:53:12.399 D/WifiThroughputPredictor(  683):  BW: 0 RSSI: -50 Nss: 1 Mode: 1 symDur: 4000 snrDb 30 bitPerTone: 4500 rate: 54 throughput: 11
04-22 05:53:12.399 D/WifiThroughputPredictor(  683):  utilization (LLS) 80 isBluetoothConnected: false final utilization: 80
04-22 05:53:12.399 D/WifiThroughputPredictor(  683):  BW: 0 RSSI: -50 Nss: 1 Mode: 1 symDur: 4000 snrDb 30 bitPerTone: 4500 rate: 54 throughput: 11
04-22 05:53:12.400 D/WifiScoreCard(  683): BSSID update SIGNAL_POLL ID: 261501600 SSID: "AndroidWifi", BSSID: 00:13:10:85:fe:01, MAC: 02:15:b4:00:00:00, IP: /10.0.2.17, Security type: 0, Supplicant state: COMPLETED, Wi-Fi standard: legacy, RSSI: -50, Link speed: 1Mbps, Tx Link speed: 1Mbps, Max Supported Tx Link speed: 11Mbps, Rx Link speed: 2Mbps, Max Supported Rx Link speed: 11Mbps, Frequency: 2447MHz, Net ID: 0, Metered hint: false, score: 60, isUsable: true, CarrierMerged: false, SubscriptionId: -1, IsPrimary: 1, Trusted: true, Restricted: false, Ephemeral: false, OEM paid: false, OEM private: false, OSU AP: false, FQDN: <none>, Provider friendly name: <none>, Requesting package name: <none>"AndroidWifi"openMLO Information: , Is TID-To-Link negotiation supported by the AP: false, AP MLD Address: <none>, AP MLO Link Id: <none>, AP MLO Affiliated links: <none>, Vendor Data: <none>
04-22 05:53:12.400 D/WifiScoreCard(  683): txRate: 2 txSpeed: 1
04-22 05:53:12.400 D/WifiScoreCard(  683): network update SIGNAL_POLL "AndroidWifi" ID: 579418950 RSSI -50 txSpeed -1
04-22 05:53:12.400 D/WifiClientModeImpl[9769:wlan0](  683):  ClientModeImpl$L2ConnectedState screen=on 1 0 "AndroidWifi" 00:13:10:85:fe:01 rssi=-50 f=2447 sc=60 link=1 tx=1.0, 0.0, 0.0 rx=0.9 bcn=0 [on:0 tx:0 rx:0 period:3007] from screen [on:0 period:-1308068144] score=60
04-22 05:53:15.405 W/BestClock(  683): java.time.DateTimeException: No network time available
04-22 05:53:15.405 W/BestClock(  683): java.time.DateTimeException: No network time available
04-22 05:53:15.405 W/BestClock(  683): java.time.DateTimeException: No network time available
04-22 05:53:15.405 W/BestClock(  683): java.time.DateTimeException: No network time available
04-22 05:53:15.405 W/BestClock(  683): java.time.DateTimeException: No network time available
04-22 05:53:15.406 D/WifiClientModeImpl[9769:wlan0](  683): updateLinkLayerStatsRssiSpeedFrequencyCapabilities rssi=-50 TxLinkspeed=1 freq=2447 RxLinkSpeed=2
04-22 05:53:15.407 D/WifiDataStall(  683): tx tput in kbps: 11000
04-22 05:53:15.407 D/WifiDataStall(  683): rx tput in kbps: 11000
04-22 05:53:15.407 V/WifiConfigManager(  683): Updating scan detail cache freq=2447 BSSID=00:13:10:85:fe:01 RSSI=-50 for "AndroidWifi"NONE
04-22 05:53:15.407 D/WifiThroughputPredictor(  683):  utilization (LLS) 80 isBluetoothConnected: false final utilization: 80
04-22 05:53:15.407 D/WifiThroughputPredictor(  683):  BW: 0 RSSI: -50 Nss: 1 Mode: 1 symDur: 4000 snrDb 30 bitPerTone: 4500 rate: 54 throughput: 11
04-22 05:53:15.407 D/WifiThroughputPredictor(  683):  utilization (LLS) 80 isBluetoothConnected: false final utilization: 80
04-22 05:53:15.407 D/WifiThroughputPredictor(  683):  BW: 0 RSSI: -50 Nss: 1 Mode: 1 symDur: 4000 snrDb 30 bitPerTone: 4500 rate: 54 throughput: 11
04-22 05:53:15.407 D/WifiThroughputPredictor(  683):  utilization (LLS) 80 isBluetoothConnected: false final utilization: 80
04-22 05:53:15.407 D/WifiThroughputPredictor(  683):  BW: 0 RSSI: -50 Nss: 1 Mode: 1 symDur: 4000 snrDb 30 bitPerTone: 4500 rate: 54 throughput: 11
04-22 05:53:15.407 D/WifiThroughputPredictor(  683):  utilization (LLS) 80 isBluetoothConnected: false final utilization: 80
04-22 05:53:15.407 D/WifiThroughputPredictor(  683):  BW: 0 RSSI: -50 Nss: 1 Mode: 1 symDur: 4000 snrDb 30 bitPerTone: 4500 rate: 54 throughput: 11
04-22 05:53:15.407 D/WifiScoreCard(  683): BSSID update SIGNAL_POLL ID: 261501600 SSID: "AndroidWifi", BSSID: 00:13:10:85:fe:01, MAC: 02:15:b4:00:00:00, IP: /10.0.2.17, Security type: 0, Supplicant state: COMPLETED, Wi-Fi standard: legacy, RSSI: -50, Link speed: 1Mbps, Tx Link speed: 1Mbps, Max Supported Tx Link speed: 11Mbps, Rx Link speed: 2Mbps, Max Supported Rx Link speed: 11Mbps, Frequency: 2447MHz, Net ID: 0, Metered hint: false, score: 60, isUsable: true, CarrierMerged: false, SubscriptionId: -1, IsPrimary: 1, Trusted: true, Restricted: false, Ephemeral: false, OEM paid: false, OEM private: false, OSU AP: false, FQDN: <none>, Provider friendly name: <none>, Requesting package name: <none>"AndroidWifi"openMLO Information: , Is TID-To-Link negotiation supported by the AP: false, AP MLD Address: <none>, AP MLO Link Id: <none>, AP MLO Affiliated links: <none>, Vendor Data: <none>
04-22 05:53:15.407 D/WifiScoreCard(  683): txRate: 2 txSpeed: 1
04-22 05:53:15.407 D/WifiScoreCard(  683): network update SIGNAL_POLL "AndroidWifi" ID: 579418950 RSSI -50 txSpeed -1
04-22 05:53:15.408 D/WifiClientModeImpl[9769:wlan0](  683):  ClientModeImpl$L2ConnectedState screen=on 1 0 "AndroidWifi" 00:13:10:85:fe:01 rssi=-50 f=2447 sc=60 link=1 tx=1.4, 0.0, 0.0 rx=1.1 bcn=0 [on:0 tx:0 rx:0 period:3008] from screen [on:0 period:-1308065136] score=60
04-22 05:53:15.478 D/NetworkMonitor/101( 1052): PROBE_HTTPS https://www.google.com/generate_204 Probe failed with exception javax.net.ssl.SSLHandshakeException: connection closed
04-22 05:53:15.479 D/NetworkMonitor/101( 1052): isCaptivePortal: isSuccessful()=false isPortal()=false RedirectUrl=null isPartialConnectivity()=true Time=11015ms
04-22 05:53:15.480 D/ConnectivityService(  683): [101 WIFI] validation failed
04-22 05:53:16.488 I/resolv  (  459): ResNSendHandler::run: 0 / {101 983141 101 983141 1073 1}
04-22 05:53:16.488 I/resolv  (  459): resolv_cache_lookup: FOUND IN CACHE entry=0xb400007cdced1150
04-22 05:53:16.488 I/resolv  (  459): ResNSendHandler::run: 0 / {101 983141 101 983141 1073 1}
04-22 05:53:16.490 I/resolv  (  459): ResNSendHandler::run: 0 / {101 983141 101 983141 1073 1}
04-22 05:53:16.490 I/resolv  (  459): ResNSendHandler::run: 0 / {101 983141 101 983141 1073 1}
04-22 05:53:16.490 I/resolv  (  459): resolv_cache_lookup: FOUND IN CACHE entry=0xb400007d2ced1320
04-22 05:53:16.490 I/resolv  (  459): resolv_cache_lookup: FOUND IN CACHE entry=0xb400007e7ced28b0
04-22 05:53:16.493 D/NetworkMonitor/101( 1052): PROBE_DNS www.google.com 8ms OK 104.244.42.197,2001::1
04-22 05:53:16.494 I/resolv  (  459): GetAddrInfoHandler::run: {101 983141 101 983141 1073 1}
04-22 05:53:16.494 I/resolv  (  459): res_nmkquery: (QUERY, IN, AAAA)
04-22 05:53:16.494 I/resolv  (  459): resolv_cache_lookup: FOUND IN CACHE entry=0xb400007cdced1150
04-22 05:53:16.494 I/resolv  (  459): doQuery: rcode=0, ancount=1, return value=60
04-22 05:53:16.494 I/resolv  (  459): res_nmkquery: (QUERY, IN, A)
04-22 05:53:16.494 I/resolv  (  459): resolv_cache_lookup: FOUND IN CACHE entry=0xb400007d2ced1320
04-22 05:53:16.494 I/resolv  (  459): doQuery: rcode=0, ancount=1, return value=48
04-22 05:53:16.979 I/resolv  (  459): res_nsend: used send_dg 117 terrno: 0
04-22 05:53:16.982 D/NetworkMonitor/101( 1052): PROBE_DNS connectivitycheck.gstatic.com 496ms OK 114.250.66.34
04-22 05:53:16.983 I/resolv  (  459): GetAddrInfoHandler::run: {101 983141 101 983141 1073 1}
04-22 05:53:16.983 I/resolv  (  459): res_nmkquery: (QUERY, IN, AAAA)
04-22 05:53:16.983 I/resolv  (  459): resolv_cache_lookup: FOUND IN CACHE entry=0xb400007d0cedcb30
04-22 05:53:16.983 I/resolv  (  459): doQuery: rcode=0, ancount=0, return value=117
04-22 05:53:16.983 I/resolv  (  459): res_nmkquery: (QUERY, IN, A)
04-22 05:53:16.983 I/resolv  (  459): resolv_cache_lookup: FOUND IN CACHE entry=0xb400007e7ced28b0
04-22 05:53:16.983 I/resolv  (  459): doQuery: rcode=0, ancount=1, return value=63
04-22 05:53:17.190 D/SatelliteController( 1086): iisInCarrierRoamingNbIotNtn: satellite is disabled
04-22 05:53:17.483 D/NetworkMonitor/101( 1052): PROBE_HTTP http://connectivitycheck.gstatic.com/generate_204 time=501ms ret=204 request={Connection=[close], User-Agent=[Mozilla/5.0 (X11; Linux x86_64) AppleWebKit/537.36 (KHTML, like Gecko) Chrome/60.0.3112.32 Safari/537.36]} headers={null=[HTTP/1.1 204 No Content], Connection=[close], Cross-Origin-Resource-Policy=[cross-origin], Date=[Tue, 21 Apr 2026 21:53:17 GMT], X-Android-Received-Millis=[1776808397483], X-Android-Response-Source=[NETWORK 204], X-Android-Selected-Protocol=[http/1.1], X-Android-Sent-Millis=[1776808396985]}
04-22 05:53:17.854 I/bdee    ( 1652): (REDACTED) getHotwordActive::active query: %s, watch: %s, devices connected: %s
04-22 05:53:18.414 W/BestClock(  683): java.time.DateTimeException: No network time available
04-22 05:53:18.414 W/BestClock(  683): java.time.DateTimeException: No network time available
04-22 05:53:18.414 W/BestClock(  683): java.time.DateTimeException: No network time available
04-22 05:53:18.414 W/BestClock(  683): java.time.DateTimeException: No network time available
04-22 05:53:18.414 W/BestClock(  683): java.time.DateTimeException: No network time available
04-22 05:53:18.415 D/WifiClientModeImpl[9769:wlan0](  683): updateLinkLayerStatsRssiSpeedFrequencyCapabilities rssi=-50 TxLinkspeed=1 freq=2447 RxLinkSpeed=2
04-22 05:53:18.415 D/WifiDataStall(  683): tx tput in kbps: 11000
04-22 05:53:18.415 D/WifiDataStall(  683): rx tput in kbps: 11000
04-22 05:53:18.415 V/WifiConfigManager(  683): Updating scan detail cache freq=2447 BSSID=00:13:10:85:fe:01 RSSI=-50 for "AndroidWifi"NONE
04-22 05:53:18.416 D/WifiThroughputPredictor(  683):  utilization (LLS) 80 isBluetoothConnected: false final utilization: 80
04-22 05:53:18.416 D/WifiThroughputPredictor(  683):  BW: 0 RSSI: -50 Nss: 1 Mode: 1 symDur: 4000 snrDb 30 bitPerTone: 4500 rate: 54 throughput: 11
04-22 05:53:18.416 D/WifiThroughputPredictor(  683):  utilization (LLS) 80 isBluetoothConnected: false final utilization: 80
04-22 05:53:18.416 D/WifiThroughputPredictor(  683):  BW: 0 RSSI: -50 Nss: 1 Mode: 1 symDur: 4000 snrDb 30 bitPerTone: 4500 rate: 54 throughput: 11
04-22 05:53:18.416 D/WifiThroughputPredictor(  683):  utilization (LLS) 80 isBluetoothConnected: false final utilization: 80
04-22 05:53:18.416 D/WifiThroughputPredictor(  683):  BW: 0 RSSI: -50 Nss: 1 Mode: 1 symDur: 4000 snrDb 30 bitPerTone: 4500 rate: 54 throughput: 11
04-22 05:53:18.416 D/WifiThroughputPredictor(  683):  utilization (LLS) 80 isBluetoothConnected: false final utilization: 80
04-22 05:53:18.416 D/WifiThroughputPredictor(  683):  BW: 0 RSSI: -50 Nss: 1 Mode: 1 symDur: 4000 snrDb 30 bitPerTone: 4500 rate: 54 throughput: 11
04-22 05:53:18.417 D/WifiScoreCard(  683): BSSID update SIGNAL_POLL ID: 261501600 SSID: "AndroidWifi", BSSID: 00:13:10:85:fe:01, MAC: 02:15:b4:00:00:00, IP: /10.0.2.17, Security type: 0, Supplicant state: COMPLETED, Wi-Fi standard: legacy, RSSI: -50, Link speed: 1Mbps, Tx Link speed: 1Mbps, Max Supported Tx Link speed: 11Mbps, Rx Link speed: 2Mbps, Max Supported Rx Link speed: 11Mbps, Frequency: 2447MHz, Net ID: 0, Metered hint: false, score: 60, isUsable: true, CarrierMerged: false, SubscriptionId: -1, IsPrimary: 1, Trusted: true, Restricted: false, Ephemeral: false, OEM paid: false, OEM private: false, OSU AP: false, FQDN: <none>, Provider friendly name: <none>, Requesting package name: <none>"AndroidWifi"openMLO Information: , Is TID-To-Link negotiation supported by the AP: false, AP MLD Address: <none>, AP MLO Link Id: <none>, AP MLO Affiliated links: <none>, Vendor Data: <none>
04-22 05:53:18.417 D/WifiScoreCard(  683): txRate: 3 txSpeed: 1
04-22 05:53:18.417 D/WifiScoreCard(  683): network update SIGNAL_POLL "AndroidWifi" ID: 579418950 RSSI -50 txSpeed -1
04-22 05:53:18.417 D/WifiClientModeImpl[9769:wlan0](  683):  ClientModeImpl$L2ConnectedState screen=on 1 0 "AndroidWifi" 00:13:10:85:fe:01 rssi=-50 f=2447 sc=60 link=1 tx=2.6, 0.0, 0.0 rx=2.5 bcn=0 [on:0 tx:0 rx:0 period:3009] from screen [on:0 period:-1308062127] score=60
04-22 05:53:19.491 I/resolv  (  459): GetAddrInfoHandler::run: {101 983141 101 983141 1073 1}
04-22 05:53:19.492 I/resolv  (  459): res_nmkquery: (QUERY, IN, AAAA)
04-22 05:53:19.492 I/resolv  (  459): res_nmkquery: (QUERY, IN, A)
04-22 05:53:19.493 I/resolv  (  459): resolv_cache_lookup: FOUND IN CACHE entry=0xb400007d0ced8690
04-22 05:53:19.493 I/resolv  (  459): doQuery: rcode=0, ancount=4, return value=149
04-22 05:53:19.983 I/resolv  (  459): res_nsend: used send_dg 101 terrno: 0
04-22 05:53:19.983 I/resolv  (  459): doQuery: rcode=0, ancount=4, return value=101
04-22 05:53:20.214 I/netd    (  459): setProcSysNet(4, 2, wlan0, retrans_time_ms, 750) <0.05ms>
04-22 05:53:20.214 I/netd    (  459): setProcSysNet(4, 2, wlan0, ucast_solicit, 10) <0.03ms>
04-22 05:53:20.214 I/netd    (  459): setProcSysNet(6, 2, wlan0, retrans_time_ms, 750) <0.02ms>
04-22 05:53:20.214 I/netd    (  459): setProcSysNet(6, 2, wlan0, ucast_solicit, 10) <0.01ms>
04-22 05:53:20.470 D/wpa_supplicant(  938): nl80211: Drv Event 64 (NL80211_CMD_NOTIFY_CQM) received for wlan0
04-22 05:53:20.470 D/wpa_supplicant(  938): nl80211: Beacon loss event
04-22 05:53:20.470 D/wpa_supplicant(  938): wlan0: Event BEACON_LOSS (53) received
04-22 05:53:20.470 I/wpa_supplicant(  938): wlan0: CTRL-EVENT-BEACON-LOSS 
04-22 05:53:20.482 D/NetworkMonitor/101( 1052): PROBE_FALLBACK http://play.googleapis.com/generate_204 time=992ms ret=204 request={Connection=[close], User-Agent=[Mozilla/5.0 (X11; Linux x86_64) AppleWebKit/537.36 (KHTML, like Gecko) Chrome/60.0.3112.32 Safari/537.36]} headers={null=[HTTP/1.1 204 No Content], Connection=[close], Cross-Origin-Resource-Policy=[cross-origin], Date=[Tue, 21 Apr 2026 21:53:20 GMT], X-Android-Received-Millis=[1776808400482], X-Android-Response-Source=[NETWORK 204], X-Android-Selected-Protocol=[http/1.1], X-Android-Sent-Millis=[1776808399987]}
04-22 05:53:21.422 W/BestClock(  683): java.time.DateTimeException: No network time available
04-22 05:53:21.422 W/BestClock(  683): java.time.DateTimeException: No network time available
04-22 05:53:21.422 W/BestClock(  683): java.time.DateTimeException: No network time available
04-22 05:53:21.422 W/BestClock(  683): java.time.DateTimeException: No network time available
04-22 05:53:21.422 W/BestClock(  683): java.time.DateTimeException: No network time available
04-22 05:53:21.422 D/WifiClientModeImpl[9769:wlan0](  683): updateLinkLayerStatsRssiSpeedFrequencyCapabilities rssi=-50 TxLinkspeed=1 freq=2447 RxLinkSpeed=2
04-22 05:53:21.422 D/WifiDataStall(  683): tx tput in kbps: 11000
04-22 05:53:21.422 D/WifiDataStall(  683): rx tput in kbps: 11000
04-22 05:53:21.422 V/WifiConfigManager(  683): Updating scan detail cache freq=2447 BSSID=00:13:10:85:fe:01 RSSI=-50 for "AndroidWifi"NONE
04-22 05:53:21.423 D/WifiThroughputPredictor(  683):  utilization (LLS) 80 isBluetoothConnected: false final utilization: 80
04-22 05:53:21.423 D/WifiThroughputPredictor(  683):  BW: 0 RSSI: -50 Nss: 1 Mode: 1 symDur: 4000 snrDb 30 bitPerTone: 4500 rate: 54 throughput: 11
04-22 05:53:21.423 D/WifiThroughputPredictor(  683):  utilization (LLS) 80 isBluetoothConnected: false final utilization: 80
04-22 05:53:21.423 D/WifiThroughputPredictor(  683):  BW: 0 RSSI: -50 Nss: 1 Mode: 1 symDur: 4000 snrDb 30 bitPerTone: 4500 rate: 54 throughput: 11
04-22 05:53:21.423 D/WifiThroughputPredictor(  683):  utilization (LLS) 80 isBluetoothConnected: false final utilization: 80
04-22 05:53:21.423 D/WifiThroughputPredictor(  683):  BW: 0 RSSI: -50 Nss: 1 Mode: 1 symDur: 4000 snrDb 30 bitPerTone: 4500 rate: 54 throughput: 11
04-22 05:53:21.423 D/WifiThroughputPredictor(  683):  utilization (LLS) 80 isBluetoothConnected: false final utilization: 80
04-22 05:53:21.423 D/WifiThroughputPredictor(  683):  BW: 0 RSSI: -50 Nss: 1 Mode: 1 symDur: 4000 snrDb 30 bitPerTone: 4500 rate: 54 throughput: 11
04-22 05:53:21.423 D/WifiScoreCard(  683): BSSID update SIGNAL_POLL ID: 261501600 SSID: "AndroidWifi", BSSID: 00:13:10:85:fe:01, MAC: 02:15:b4:00:00:00, IP: /10.0.2.17, Security type: 0, Supplicant state: COMPLETED, Wi-Fi standard: legacy, RSSI: -50, Link speed: 1Mbps, Tx Link speed: 1Mbps, Max Supported Tx Link speed: 11Mbps, Rx Link speed: 2Mbps, Max Supported Rx Link speed: 11Mbps, Frequency: 2447MHz, Net ID: 0, Metered hint: false, score: 60, isUsable: true, CarrierMerged: false, SubscriptionId: -1, IsPrimary: 1, Trusted: true, Restricted: false, Ephemeral: false, OEM paid: false, OEM private: false, OSU AP: false, FQDN: <none>, Provider friendly name: <none>, Requesting package name: <none>"AndroidWifi"openMLO Information: , Is TID-To-Link negotiation supported by the AP: false, AP MLD Address: <none>, AP MLO Link Id: <none>, AP MLO Affiliated links: <none>, Vendor Data: <none>
04-22 05:53:21.423 D/WifiScoreCard(  683): txRate: 3 txSpeed: 1
04-22 05:53:21.423 D/WifiScoreCard(  683): network update SIGNAL_POLL "AndroidWifi" ID: 579418950 RSSI -50 txSpeed -1
04-22 05:53:21.423 D/WifiClientModeImpl[9769:wlan0](  683):  ClientModeImpl$L2ConnectedState screen=on 1 0 "AndroidWifi" 00:13:10:85:fe:01 rssi=-50 f=2447 sc=60 link=1 tx=2.2, 0.0, 0.0 rx=2.1 bcn=0 [on:0 tx:0 rx:0 period:3006] from screen [on:0 period:-1308059121] score=60
04-22 05:53:24.424 W/BestClock(  683): java.time.DateTimeException: No network time available
04-22 05:53:24.424 W/BestClock(  683): java.time.DateTimeException: No network time available
04-22 05:53:24.424 W/BestClock(  683): java.time.DateTimeException: No network time available
04-22 05:53:24.424 W/BestClock(  683): java.time.DateTimeException: No network time available
04-22 05:53:24.424 W/BestClock(  683): java.time.DateTimeException: No network time available
04-22 05:53:24.425 D/WifiClientModeImpl[9769:wlan0](  683): updateLinkLayerStatsRssiSpeedFrequencyCapabilities rssi=-50 TxLinkspeed=1 freq=2447 RxLinkSpeed=2
04-22 05:53:24.425 D/WifiDataStall(  683): tx tput in kbps: 11000
04-22 05:53:24.425 D/WifiDataStall(  683): rx tput in kbps: 11000
04-22 05:53:24.425 V/WifiConfigManager(  683): Updating scan detail cache freq=2447 BSSID=00:13:10:85:fe:01 RSSI=-50 for "AndroidWifi"NONE
04-22 05:53:24.425 D/WifiThroughputPredictor(  683):  utilization (LLS) 80 isBluetoothConnected: false final utilization: 80
04-22 05:53:24.425 D/WifiThroughputPredictor(  683):  BW: 0 RSSI: -50 Nss: 1 Mode: 1 symDur: 4000 snrDb 30 bitPerTone: 4500 rate: 54 throughput: 11
04-22 05:53:24.425 D/WifiThroughputPredictor(  683):  utilization (LLS) 80 isBluetoothConnected: false final utilization: 80
04-22 05:53:24.425 D/WifiThroughputPredictor(  683):  BW: 0 RSSI: -50 Nss: 1 Mode: 1 symDur: 4000 snrDb 30 bitPerTone: 4500 rate: 54 throughput: 11
04-22 05:53:24.426 D/WifiThroughputPredictor(  683):  utilization (LLS) 80 isBluetoothConnected: false final utilization: 80
04-22 05:53:24.426 D/WifiThroughputPredictor(  683):  BW: 0 RSSI: -50 Nss: 1 Mode: 1 symDur: 4000 snrDb 30 bitPerTone: 4500 rate: 54 throughput: 11
04-22 05:53:24.426 D/WifiThroughputPredictor(  683):  utilization (LLS) 80 isBluetoothConnected: false final utilization: 80
04-22 05:53:24.426 D/WifiThroughputPredictor(  683):  BW: 0 RSSI: -50 Nss: 1 Mode: 1 symDur: 4000 snrDb 30 bitPerTone: 4500 rate: 54 throughput: 11
04-22 05:53:24.429 D/WifiScoreCard(  683): BSSID update SIGNAL_POLL ID: 261501600 SSID: "AndroidWifi", BSSID: 00:13:10:85:fe:01, MAC: 02:15:b4:00:00:00, IP: /10.0.2.17, Security type: 0, Supplicant state: COMPLETED, Wi-Fi standard: legacy, RSSI: -50, Link speed: 1Mbps, Tx Link speed: 1Mbps, Max Supported Tx Link speed: 11Mbps, Rx Link speed: 2Mbps, Max Supported Rx Link speed: 11Mbps, Frequency: 2447MHz, Net ID: 0, Metered hint: false, score: 60, isUsable: true, CarrierMerged: false, SubscriptionId: -1, IsPrimary: 1, Trusted: true, Restricted: false, Ephemeral: false, OEM paid: false, OEM private: false, OSU AP: false, FQDN: <none>, Provider friendly name: <none>, Requesting package name: <none>"AndroidWifi"openMLO Information: , Is TID-To-Link negotiation supported by the AP: false, AP MLD Address: <none>, AP MLO Link Id: <none>, AP MLO Affiliated links: <none>, Vendor Data: <none>
04-22 05:53:24.429 D/WifiScoreCard(  683): txRate: 1 txSpeed: 1
04-22 05:53:24.429 D/WifiScoreCard(  683): network update SIGNAL_POLL "AndroidWifi" ID: 579418950 RSSI -50 txSpeed -1
04-22 05:53:24.430 D/WifiClientModeImpl[9769:wlan0](  683):  ClientModeImpl$L2ConnectedState screen=on 1 0 "AndroidWifi" 00:13:10:85:fe:01 rssi=-50 f=2447 sc=60 link=1 tx=0.8, 0.0, 0.0 rx=0.8 bcn=0 [on:0 tx:0 rx:0 period:3007] from screen [on:0 period:-1308056114] score=60
04-22 05:53:27.010 D/NetworkMonitor/101( 1052): PROBE_HTTPS https://www.google.com/generate_204 Probe failed with exception javax.net.ssl.SSLHandshakeException: connection closed
04-22 05:53:27.012 D/NetworkMonitor/101( 1052): isCaptivePortal: isSuccessful()=false isPortal()=false RedirectUrl=null isPartialConnectivity()=true Time=10528ms
04-22 05:53:27.014 D/ConnectivityService(  683): [101 WIFI] validation failed
04-22 05:53:27.193 D/SatelliteController( 1086): iisInCarrierRoamingNbIotNtn: satellite is disabled
04-22 05:53:27.432 W/BestClock(  683): java.time.DateTimeException: No network time available
04-22 05:53:27.432 W/BestClock(  683): java.time.DateTimeException: No network time available
04-22 05:53:27.432 W/BestClock(  683): java.time.DateTimeException: No network time available
04-22 05:53:27.432 W/BestClock(  683): java.time.DateTimeException: No network time available
04-22 05:53:27.432 W/BestClock(  683): java.time.DateTimeException: No network time available
04-22 05:53:27.433 D/WifiClientModeImpl[9769:wlan0](  683): updateLinkLayerStatsRssiSpeedFrequencyCapabilities rssi=-50 TxLinkspeed=2 freq=2447 RxLinkSpeed=2
04-22 05:53:27.433 D/WifiDataStall(  683): tx tput in kbps: 11000
