04-22 05:54:30.596 D/WifiScoreCard(  683): BSSID update SIGNAL_POLL ID: 261501600 SSID: "AndroidWifi", BSSID: 00:13:10:85:fe:01, MAC: 02:15:b4:00:00:00, IP: /10.0.2.17, Security type: 0, Supplicant state: COMPLETED, Wi-Fi standard: legacy, RSSI: -50, Link speed: 1Mbps, Tx Link speed: 1Mbps, Max Supported Tx Link speed: 11Mbps, Rx Link speed: 2Mbps, Max Supported Rx Link speed: 11Mbps, Frequency: 2447MHz, Net ID: 0, Metered hint: false, score: 60, isUsable: true, CarrierMerged: false, SubscriptionId: -1, IsPrimary: 1, Trusted: true, Restricted: false, Ephemeral: false, OEM paid: false, OEM private: false, OSU AP: false, FQDN: <none>, Provider friendly name: <none>, Requesting package name: <none>"AndroidWifi"openMLO Information: , Is TID-To-Link negotiation supported by the AP: false, AP MLD Address: <none>, AP MLO Link Id: <none>, AP MLO Affiliated links: <none>, Vendor Data: <none>
04-22 05:54:30.596 D/WifiScoreCard(  683): txRate: 3 txSpeed: 1
04-22 05:54:30.596 D/WifiScoreCard(  683): network update SIGNAL_POLL "AndroidWifi" ID: 579418950 RSSI -50 txSpeed -1
04-22 05:54:30.596 D/WifiClientModeImpl[9769:wlan0](  683):  ClientModeImpl$L2ConnectedState screen=on 1 0 "AndroidWifi" 00:13:10:85:fe:01 rssi=-50 f=2447 sc=60 link=1 tx=2.1, 0.0, 0.0 rx=1.9 bcn=0 [on:0 tx:0 rx:0 period:3006] from screen [on:0 period:-1307989948] score=60
04-22 05:54:32.140 I/resolv  (  459): GetAddrInfoHandler::run: {101 983141 101 983141 1073 1}
04-22 05:54:32.141 I/resolv  (  459): res_nmkquery: (QUERY, IN, A)
04-22 05:54:32.141 I/resolv  (  459): resolv_cache_lookup: FOUND IN CACHE entry=0xb400007d2ced1320
04-22 05:54:32.141 I/resolv  (  459): res_nmkquery: (QUERY, IN, AAAA)
04-22 05:54:32.141 I/resolv  (  459): resolv_cache_lookup: FOUND IN CACHE entry=0xb400007cdced1150
04-22 05:54:32.141 I/resolv  (  459): doQuery: rcode=0, ancount=1, return value=60
04-22 05:54:32.142 I/resolv  (  459): doQuery: rcode=0, ancount=1, return value=48
04-22 05:54:32.406 D/wpa_supplicant(  938): nl80211: Drv Event 64 (NL80211_CMD_NOTIFY_CQM) received for wlan0
04-22 05:54:32.407 D/wpa_supplicant(  938): nl80211: Beacon loss event
04-22 05:54:32.407 D/wpa_supplicant(  938): wlan0: Event BEACON_LOSS (53) received
04-22 05:54:32.407 I/wpa_supplicant(  938): wlan0: CTRL-EVENT-BEACON-LOSS 
04-22 05:54:32.624 D/NetworkMonitor/101( 1052): PROBE_FALLBACK http://www.google.com/gen_204 time=486ms ret=204 request={Connection=[close], User-Agent=[Mozilla/5.0 (X11; Linux x86_64) AppleWebKit/537.36 (KHTML, like Gecko) Chrome/60.0.3112.32 Safari/537.36]} headers={null=[HTTP/1.1 204 No Content], Connection=[close], Content-Security-Policy=[object-src 'none';base-uri 'self';script-src 'nonce-mfq7xZVGR-Pl5xcu1EXb3w' 'strict-dynamic' 'report-sample' 'unsafe-eval' 'unsafe-inline' https: http:;report-uri https://csp.withgoogle.com/csp/gws/other], Content-Type=[text/html; charset=UTF-8], Date=[Tue, 21 Apr 2026 21:54:32 GMT], Permissions-Policy=[unload=()], Server=[gws], X-Android-Received-Millis=[1776808472624], X-Android-Response-Source=[NETWORK 204], X-Android-Selected-Protocol=[http/1.1], X-Android-Sent-Millis=[1776808472146], X-Frame-Options=[SAMEORIGIN], X-Xss-Protection=[0]}
04-22 05:54:33.601 W/BestClock(  683): java.time.DateTimeException: No network time available
04-22 05:54:33.601 W/BestClock(  683): java.time.DateTimeException: No network time available
04-22 05:54:33.601 W/BestClock(  683): java.time.DateTimeException: No network time available
04-22 05:54:33.601 W/BestClock(  683): java.time.DateTimeException: No network time available
04-22 05:54:33.601 W/BestClock(  683): java.time.DateTimeException: No network time available
04-22 05:54:33.603 D/WifiClientModeImpl[9769:wlan0](  683): updateLinkLayerStatsRssiSpeedFrequencyCapabilities rssi=-50 TxLinkspeed=1 freq=2447 RxLinkSpeed=2
04-22 05:54:33.603 D/WifiDataStall(  683): tx tput in kbps: 11000
04-22 05:54:33.603 D/WifiDataStall(  683): rx tput in kbps: 11000
04-22 05:54:33.603 V/WifiConfigManager(  683): Updating scan detail cache freq=2447 BSSID=00:13:10:85:fe:01 RSSI=-50 for "AndroidWifi"NONE
04-22 05:54:33.603 D/WifiThroughputPredictor(  683):  utilization (LLS) 80 isBluetoothConnected: false final utilization: 80
04-22 05:54:33.603 D/WifiThroughputPredictor(  683):  BW: 0 RSSI: -50 Nss: 1 Mode: 1 symDur: 4000 snrDb 30 bitPerTone: 4500 rate: 54 throughput: 11
04-22 05:54:33.603 D/WifiThroughputPredictor(  683):  utilization (LLS) 80 isBluetoothConnected: false final utilization: 80
04-22 05:54:33.603 D/WifiThroughputPredictor(  683):  BW: 0 RSSI: -50 Nss: 1 Mode: 1 symDur: 4000 snrDb 30 bitPerTone: 4500 rate: 54 throughput: 11
04-22 05:54:33.604 D/WifiThroughputPredictor(  683):  utilization (LLS) 80 isBluetoothConnected: false final utilization: 80
04-22 05:54:33.604 D/WifiThroughputPredictor(  683):  BW: 0 RSSI: -50 Nss: 1 Mode: 1 symDur: 4000 snrDb 30 bitPerTone: 4500 rate: 54 throughput: 11
04-22 05:54:33.604 D/WifiThroughputPredictor(  683):  utilization (LLS) 80 isBluetoothConnected: false final utilization: 80
04-22 05:54:33.604 D/WifiThroughputPredictor(  683):  BW: 0 RSSI: -50 Nss: 1 Mode: 1 symDur: 4000 snrDb 30 bitPerTone: 4500 rate: 54 throughput: 11
04-22 05:54:33.604 D/WifiScoreCard(  683): BSSID update SIGNAL_POLL ID: 261501600 SSID: "AndroidWifi", BSSID: 00:13:10:85:fe:01, MAC: 02:15:b4:00:00:00, IP: /10.0.2.17, Security type: 0, Supplicant state: COMPLETED, Wi-Fi standard: legacy, RSSI: -50, Link speed: 1Mbps, Tx Link speed: 1Mbps, Max Supported Tx Link speed: 11Mbps, Rx Link speed: 2Mbps, Max Supported Rx Link speed: 11Mbps, Frequency: 2447MHz, Net ID: 0, Metered hint: false, score: 60, isUsable: true, CarrierMerged: false, SubscriptionId: -1, IsPrimary: 1, Trusted: true, Restricted: false, Ephemeral: false, OEM paid: false, OEM private: false, OSU AP: false, FQDN: <none>, Provider friendly name: <none>, Requesting package name: <none>"AndroidWifi"openMLO Information: , Is TID-To-Link negotiation supported by the AP: false, AP MLD Address: <none>, AP MLO Link Id: <none>, AP MLO Affiliated links: <none>, Vendor Data: <none>
04-22 05:54:33.604 D/WifiScoreCard(  683): txRate: 2 txSpeed: 1
04-22 05:54:33.604 D/WifiScoreCard(  683): network update SIGNAL_POLL "AndroidWifi" ID: 579418950 RSSI -50 txSpeed -1
04-22 05:54:33.604 D/WifiClientModeImpl[9769:wlan0](  683):  ClientModeImpl$L2ConnectedState screen=on 1 0 "AndroidWifi" 00:13:10:85:fe:01 rssi=-50 f=2447 sc=60 link=1 tx=1.8, 0.0, 0.0 rx=1.7 bcn=0 [on:0 tx:0 rx:0 period:3008] from screen [on:0 period:-1307986940] score=60
04-22 05:54:36.608 W/BestClock(  683): java.time.DateTimeException: No network time available
04-22 05:54:36.608 W/BestClock(  683): java.time.DateTimeException: No network time available
04-22 05:54:36.608 W/BestClock(  683): java.time.DateTimeException: No network time available
04-22 05:54:36.608 W/BestClock(  683): java.time.DateTimeException: No network time available
04-22 05:54:36.608 W/BestClock(  683): java.time.DateTimeException: No network time available
04-22 05:54:36.610 D/WifiClientModeImpl[9769:wlan0](  683): updateLinkLayerStatsRssiSpeedFrequencyCapabilities rssi=-50 TxLinkspeed=1 freq=2447 RxLinkSpeed=2
04-22 05:54:36.610 D/WifiDataStall(  683): tx tput in kbps: 11000
04-22 05:54:36.610 D/WifiDataStall(  683): rx tput in kbps: 11000
04-22 05:54:36.610 V/WifiConfigManager(  683): Updating scan detail cache freq=2447 BSSID=00:13:10:85:fe:01 RSSI=-50 for "AndroidWifi"NONE
04-22 05:54:36.610 D/WifiThroughputPredictor(  683):  utilization (LLS) 80 isBluetoothConnected: false final utilization: 80
04-22 05:54:36.610 D/WifiThroughputPredictor(  683):  BW: 0 RSSI: -50 Nss: 1 Mode: 1 symDur: 4000 snrDb 30 bitPerTone: 4500 rate: 54 throughput: 11
04-22 05:54:36.610 D/WifiThroughputPredictor(  683):  utilization (LLS) 80 isBluetoothConnected: false final utilization: 80
04-22 05:54:36.610 D/WifiThroughputPredictor(  683):  BW: 0 RSSI: -50 Nss: 1 Mode: 1 symDur: 4000 snrDb 30 bitPerTone: 4500 rate: 54 throughput: 11
04-22 05:54:36.610 D/WifiThroughputPredictor(  683):  utilization (LLS) 80 isBluetoothConnected: false final utilization: 80
04-22 05:54:36.610 D/WifiThroughputPredictor(  683):  BW: 0 RSSI: -50 Nss: 1 Mode: 1 symDur: 4000 snrDb 30 bitPerTone: 4500 rate: 54 throughput: 11
04-22 05:54:36.610 D/WifiThroughputPredictor(  683):  utilization (LLS) 80 isBluetoothConnected: false final utilization: 80
04-22 05:54:36.610 D/WifiThroughputPredictor(  683):  BW: 0 RSSI: -50 Nss: 1 Mode: 1 symDur: 4000 snrDb 30 bitPerTone: 4500 rate: 54 throughput: 11
04-22 05:54:36.610 D/WifiScoreCard(  683): BSSID update SIGNAL_POLL ID: 261501600 SSID: "AndroidWifi", BSSID: 00:13:10:85:fe:01, MAC: 02:15:b4:00:00:00, IP: /10.0.2.17, Security type: 0, Supplicant state: COMPLETED, Wi-Fi standard: legacy, RSSI: -50, Link speed: 1Mbps, Tx Link speed: 1Mbps, Max Supported Tx Link speed: 11Mbps, Rx Link speed: 2Mbps, Max Supported Rx Link speed: 11Mbps, Frequency: 2447MHz, Net ID: 0, Metered hint: false, score: 60, isUsable: true, CarrierMerged: false, SubscriptionId: -1, IsPrimary: 1, Trusted: true, Restricted: false, Ephemeral: false, OEM paid: false, OEM private: false, OSU AP: false, FQDN: <none>, Provider friendly name: <none>, Requesting package name: <none>"AndroidWifi"openMLO Information: , Is TID-To-Link negotiation supported by the AP: false, AP MLD Address: <none>, AP MLO Link Id: <none>, AP MLO Affiliated links: <none>, Vendor Data: <none>
04-22 05:54:36.610 D/WifiScoreCard(  683): txRate: 1 txSpeed: 1
04-22 05:54:36.610 D/WifiScoreCard(  683): network update SIGNAL_POLL "AndroidWifi" ID: 579418950 RSSI -50 txSpeed -1
04-22 05:54:36.610 D/WifiClientModeImpl[9769:wlan0](  683):  ClientModeImpl$L2ConnectedState screen=on 1 0 "AndroidWifi" 00:13:10:85:fe:01 rssi=-50 f=2447 sc=60 link=1 tx=0.6, 0.0, 0.0 rx=0.6 bcn=0 [on:0 tx:0 rx:0 period:3006] from screen [on:0 period:-1307983934] score=60
04-22 05:54:36.699 D/WifiNetworkSelector(  683): Current connected network: 0
04-22 05:54:36.699 D/WifiNetworkSelector(  683): Current network has [1] no-internet access reports
04-22 05:54:36.699 V/WifiConnectivityManager(  683): schedulePeriodicScanTimer intervalMs 160000
04-22 05:54:36.699 I/WifiScanningService(  683): Registering listener= com.android.server.wifi.scanner.WifiScannerInternal$ScanListener@c02d020 uid=1000 packageName=null workSource=WorkSource{1000}
04-22 05:54:36.699 I/WifiScanningService(  683): start scan: ClientInfo[uid=1000, package=null, attributionTag=null, com.android.server.wifi.scanner.WifiScannerInternal$ScanListener@c02d020] package null AttributionTag null
04-22 05:54:36.699 I/WifiScanningService(  683): addSingleScanRequest: ClientInfo[uid=1000, package=null, attributionTag=null, com.android.server.wifi.scanner.WifiScannerInternal$ScanListener@c02d020],WorkSource{1010}, ScanSettings {  type:HIGH ACCURACY band:24Ghz & 5Ghz (DFS incl) & 6Ghz ignoreLocationSettings:false period:0 reportEvents:3 numBssidsPerScan:0 maxScansToCache:0 rnrSetting:1 6GhzPscOnlyEnabled:true channels:[  ]  } 
04-22 05:54:36.700 D/WifiScanningService(  683): replySucceeded onSuccess
04-22 05:54:36.704 D/wpa_supplicant(  938): nl80211: Drv Event 33 (NL80211_CMD_TRIGGER_SCAN) received for wlan0
04-22 05:54:36.704 D/wpa_supplicant(  938): wlan0: nl80211: Scan trigger
04-22 05:54:36.704 D/wpa_supplicant(  938): wlan0: Event SCAN_STARTED (47) received
04-22 05:54:36.704 D/wpa_supplicant(  938): wlan0: External program started a scan
04-22 05:54:37.249 D/SatelliteController( 1086): iisInCarrierRoamingNbIotNtn: satellite is disabled
04-22 05:54:39.614 W/BestClock(  683): java.time.DateTimeException: No network time available
04-22 05:54:39.614 W/BestClock(  683): java.time.DateTimeException: No network time available
04-22 05:54:39.614 W/BestClock(  683): java.time.DateTimeException: No network time available
04-22 05:54:39.614 W/BestClock(  683): java.time.DateTimeException: No network time available
04-22 05:54:39.614 W/BestClock(  683): java.time.DateTimeException: No network time available
04-22 05:54:39.615 D/WifiClientModeImpl[9769:wlan0](  683): updateLinkLayerStatsRssiSpeedFrequencyCapabilities rssi=-50 TxLinkspeed=1 freq=2447 RxLinkSpeed=2
04-22 05:54:39.616 D/WifiDataStall(  683): tx tput in kbps: 11000
04-22 05:54:39.616 D/WifiDataStall(  683): rx tput in kbps: 11000
04-22 05:54:39.616 V/WifiConfigManager(  683): Updating scan detail cache freq=2447 BSSID=00:13:10:85:fe:01 RSSI=-50 for "AndroidWifi"NONE
04-22 05:54:39.616 D/WifiThroughputPredictor(  683):  utilization (LLS) 80 isBluetoothConnected: false final utilization: 80
04-22 05:54:39.616 D/WifiThroughputPredictor(  683):  BW: 0 RSSI: -50 Nss: 1 Mode: 1 symDur: 4000 snrDb 30 bitPerTone: 4500 rate: 54 throughput: 11
04-22 05:54:39.616 D/WifiThroughputPredictor(  683):  utilization (LLS) 80 isBluetoothConnected: false final utilization: 80
04-22 05:54:39.616 D/WifiThroughputPredictor(  683):  BW: 0 RSSI: -50 Nss: 1 Mode: 1 symDur: 4000 snrDb 30 bitPerTone: 4500 rate: 54 throughput: 11
04-22 05:54:39.616 D/WifiThroughputPredictor(  683):  utilization (LLS) 80 isBluetoothConnected: false final utilization: 80
04-22 05:54:39.616 D/WifiThroughputPredictor(  683):  BW: 0 RSSI: -50 Nss: 1 Mode: 1 symDur: 4000 snrDb 30 bitPerTone: 4500 rate: 54 throughput: 11
04-22 05:54:39.616 D/WifiThroughputPredictor(  683):  utilization (LLS) 80 isBluetoothConnected: false final utilization: 80
04-22 05:54:39.616 D/WifiThroughputPredictor(  683):  BW: 0 RSSI: -50 Nss: 1 Mode: 1 symDur: 4000 snrDb 30 bitPerTone: 4500 rate: 54 throughput: 11
04-22 05:54:39.616 D/WifiScoreCard(  683): BSSID update SIGNAL_POLL ID: 261501600 SSID: "AndroidWifi", BSSID: 00:13:10:85:fe:01, MAC: 02:15:b4:00:00:00, IP: /10.0.2.17, Security type: 0, Supplicant state: COMPLETED, Wi-Fi standard: legacy, RSSI: -50, Link speed: 1Mbps, Tx Link speed: 1Mbps, Max Supported Tx Link speed: 11Mbps, Rx Link speed: 2Mbps, Max Supported Rx Link speed: 11Mbps, Frequency: 2447MHz, Net ID: 0, Metered hint: false, score: 60, isUsable: true, CarrierMerged: false, SubscriptionId: -1, IsPrimary: 1, Trusted: true, Restricted: false, Ephemeral: false, OEM paid: false, OEM private: false, OSU AP: false, FQDN: <none>, Provider friendly name: <none>, Requesting package name: <none>"AndroidWifi"openMLO Information: , Is TID-To-Link negotiation supported by the AP: false, AP MLD Address: <none>, AP MLO Link Id: <none>, AP MLO Affiliated links: <none>, Vendor Data: <none>
04-22 05:54:39.616 D/WifiScoreCard(  683): txRate: 1 txSpeed: 1
04-22 05:54:39.616 D/WifiScoreCard(  683): network update SIGNAL_POLL "AndroidWifi" ID: 579418950 RSSI -50 txSpeed -1
04-22 05:54:39.616 D/WifiClientModeImpl[9769:wlan0](  683):  ClientModeImpl$L2ConnectedState screen=on 1 0 "AndroidWifi" 00:13:10:85:fe:01 rssi=-50 f=2447 sc=60 link=1 tx=0.2, 0.0, 0.0 rx=0.2 bcn=0 [on:0 tx:0 rx:0 period:3006] from screen [on:0 period:-1307980928] score=60
04-22 05:54:40.146 D/NetworkMonitor/101( 1052): PROBE_HTTPS https://www.google.com/generate_204 Probe failed with exception javax.net.ssl.SSLHandshakeException: connection closed
04-22 05:54:40.147 D/NetworkMonitor/101( 1052): isCaptivePortal: isSuccessful()=false isPortal()=false RedirectUrl=null isPartialConnectivity()=true Time=11013ms
04-22 05:54:40.149 D/ConnectivityService(  683): [101 WIFI] validation failed
04-22 05:54:40.474 D/wpa_supplicant(  938): nl80211: Drv Event 34 (NL80211_CMD_NEW_SCAN_RESULTS) received for wlan0
04-22 05:54:40.474 D/WifiNl80211Manager(  683): Scan result ready event
04-22 05:54:40.474 D/WifiNative(  683): Scan result ready event
04-22 05:54:40.474 D/wpa_supplicant(  938): wlan0: nl80211: New scan results available
04-22 05:54:40.474 D/WifiNl80211Manager(  683): get 1 scan results from wificond
04-22 05:54:40.475 D/WifiNative(  683): get 1 scan results from wificond
04-22 05:54:40.475 D/wpa_supplicant(  938): nl80211: Scan probed for SSID ''
04-22 05:54:40.475 D/wpa_supplicant(  938): nl80211: Scan included frequencies: 2412 2417 2422 2427 2432 2437 2442 2447 2452 2457 2462 2467 2472 2484 5180 5200 5220 5240 5260 5280 5300 5320 5500 5520 5540 5560 5580 5600 5620 5640 5660 5680 5700 5745 5765 5785 5805 5825
04-22 05:54:40.475 D/wpa_supplicant(  938): wlan0: Event SCAN_RESULTS (3) received
04-22 05:54:40.475 I/WifiScanner( 1283): onFullResults
04-22 05:54:40.475 D/wpa_supplicant(  938): nl80211: Received scan results (1 BSSes)
04-22 05:54:40.475 D/wpa_supplicant(  938): nl80211: Scan results indicate BSS status with 00:13:10:85:fe:01 as associated
04-22 05:54:40.475 D/wpa_supplicant(  938): wlan0: BSS: Start scan result update 216
04-22 05:54:40.475 D/wpa_supplicant(  938): BSS: last_scan_res_used=1/32
04-22 05:54:40.475 D/wpa_supplicant(  938): wlan0: New scan results available (own=0 ext=1)
04-22 05:54:40.475 D/wpa_supplicant(  938): wlan0: Do not use results from externally requested scan operation for network selection
04-22 05:54:40.475 D/wpa_supplicant(  938): p2p-dev-wlan0: Updating scan results from sibling
04-22 05:54:40.475 D/wpa_supplicant(  938): nl80211: Received scan results (1 BSSes)
04-22 05:54:40.475 D/wpa_supplicant(  938): p2p-dev-wlan0: BSS: Start scan result update 216
04-22 05:54:40.475 D/wpa_supplicant(  938): BSS: last_scan_res_used=1/32
04-22 05:54:40.475 D/wpa_supplicant(  938): p2p-dev-wlan0: New scan results available (own=0 ext=1)
04-22 05:54:40.475 D/wpa_supplicant(  938): p2p-dev-wlan0: Do not use results from externally requested scan operation for network selection
04-22 05:54:40.476 I/WifiScanningService(  683): singleScanResults: ClientInfo[uid=1000, package=null, attributionTag=null, com.android.server.wifi.scanner.WifiScannerInternal$ScanListener@c02d020],results=1
04-22 05:54:40.476 I/WifiScanningService(  683): singleScanResults listener: ClientInfo[uid=1000, package=android, attributionTag=null, com.android.server.wifi.scanner.WifiScannerInternal$ScanListener@cd6e90e],results=1
04-22 05:54:40.476 I/WifiScanningService(  683): singleScanResults listener: ClientInfo[uid=1000, package=android, attributionTag=null, com.android.server.wifi.scanner.WifiScannerInternal$ScanListener@a638d28],results=1
04-22 05:54:40.476 D/WifiScanRequestProxy(  683): Scan results received
04-22 05:54:40.476 I/WifiScanningService(  683): singleScanResults listener: ClientInfo[uid=1000, package=android, attributionTag=null, com.android.server.wifi.scanner.WifiScannerInternal$ScanListener@3c1c684],results=1
04-22 05:54:40.476 D/WifiScanRequestProxy(  683): Received 1 scan results
04-22 05:54:40.476 I/WifiScanningService(  683): singleScanResults listener: ClientInfo[uid=10144, package=com.google.android.gms, attributionTag=network_location_provider, android.net.wifi.IWifiScannerListener$Stub$Proxy@acf3a9c],results=1
04-22 05:54:40.476 I/WifiScanningService(  683): Unregistering listener= com.android.server.wifi.scanner.WifiScannerInternal$ScanListener@c02d020 uid=1000 packageName=null workSource=WorkSource{1000}
04-22 05:54:40.480 D/WifiHealthMonitor(  683):  2G scanResult count: 1, Above2g scanResult count: 0
04-22 05:54:40.480 I/WifiService(  683): getScanResults uid=10186
04-22 05:54:40.481 V/WifiConfigManager(  683): getSavedNetworkFromScanResult Found "AndroidWifi"NONE for AndroidWifi[[ESS]]
04-22 05:54:40.481 W/BestClock(  683): java.time.DateTimeException: No network time available
04-22 05:54:40.481 W/BestClock(  683): java.time.DateTimeException: No network time available
04-22 05:54:40.482 I/WifiService(  683): getScanResults uid=10186
04-22 05:54:40.484 I/HalDevMgr(  683): bestIfaceCreationProposal is null, requestIface=STA, existingIface=[name=wlan0 type=STA]
04-22 05:54:40.484 V/WifiConnectivityManager(  683): Clearing blocklist for REASON_FRAMEWORK_DISCONNECT_FAST_RECONNECT
04-22 05:54:40.484 V/WifiConnectivityManager(  683): AllSingleScanListener onResults: start network selection
04-22 05:54:40.484 V/WifiConfigManager(  683): getSavedNetworkFromScanResult Found "AndroidWifi"NONE for AndroidWifi[[ESS]]
04-22 05:54:40.484 D/WifiNetworkSelector(  683): Current connected network: 0
04-22 05:54:40.484 D/WifiNetworkSelector(  683): Current network has [1] no-internet access reports
04-22 05:54:40.484 D/WifiNetworkSelector(  683): wlan0: Current connected network is not sufficient.
04-22 05:54:40.484 D/WifiThroughputPredictor(  683): AP Nss: 1, Device Nss: 2, freq: 2447
04-22 05:54:40.484 D/WifiThroughputPredictor(  683):  utilization (LLS) 80 isBluetoothConnected: false final utilization: 80
04-22 05:54:40.484 D/WifiThroughputPredictor(  683):  BW: 0 RSSI: -50 Nss: 1 Mode: 4 symDur: 3600 snrDb 30 bitPerTone: 5000 rate: 72 throughput: 49
04-22 05:54:40.484 V/WifiConfigManager(  683): Clear network candidate scan result for 0
04-22 05:54:40.484 D/WifiNetworkSelector(  683): Disabled configured networks:
04-22 05:54:40.484 D/WifiNetworkSelector(  683):   "AndroidWifi":0 reason=NETWORK_SELECTION_DISABLED_NO_INTERNET_TEMPORARY, count=1; reason=NETWORK_SELECTION_DISABLED_NO_INTERNET_PERMANENT, count=1; 
04-22 05:54:40.484 D/WifiNetworkSelector(  683): 
04-22 05:54:40.484 D/WifiNetworkSelector(  683): About to run SavedNetworkNominator :
04-22 05:54:40.484 V/WifiConfigManager(  683): getSavedNetworkFromScanResult Found "AndroidWifi"NONE for AndroidWifi[[ESS]]
04-22 05:54:40.484 D/WifiNetworkSelector(  683): About to run NetworkSuggestionNominator :
04-22 05:54:40.484 D/WifiNetworkSelector(  683): Connectable: 0 Candidates: 1
04-22 05:54:40.484 V/WifiLastResortWatchdog(  683): updateAvailableNetworks: size = 0
04-22 05:54:40.484 V/WifiLastResortWatchdog(  683): mWatchdogFeatureEnabled: true
04-22 05:54:40.484 V/WifiLastResortWatchdog(  683): mWatchdogAllowedToTrigger: true
04-22 05:54:40.484 V/WifiLastResortWatchdog(  683): mRecentAvailableNetworks: 0
04-22 05:54:40.484 V/WifiLastResortWatchdog(  683): mSsidFailureCount:
04-22 05:54:40.484 D/ThroughputScorer(  683): Score for candidate: SSID: "AndroidWifi" BSSID: 00:13:10:85:fe:01 rssiScore: 48 throughputScore: 13 currentNetworkBoost: 0 securityAward: 0 unmeteredAward: 1000 savedNetworkAward: 500 trustedAward: 1000 notOemPaidAward: 500 notOemPrivateAward: 500 frequencyScore: 0 final score: 3500
04-22 05:54:40.484 D/WifiNetworkSelector(  683): Candidate { config = 0, bssid = 00:13:10:85:fe:01, freq = 2447, channelWidth = 0, rssi = -50, Mbps = 49, nominator = 5, pInternet = 50, numRebootsSinceLastUse = 0, connected, current, saved, trusted, noInternet, open }
04-22 05:54:40.484 D/WifiNetworkSelector(  683): BubbleFunScorer_v2 would choose 0 score 36.41126414366857+/-0.30216115261975496 expid 42598152
04-22 05:54:40.484 D/WifiNetworkSelector(  683): CompatibilityScorer would choose 0 score -4860.05+/-10.0 expid 42504592
04-22 05:54:40.484 D/WifiScoreCard(  683): Histogram SIGNAL_POLL RSSI{[-50,-49)=14525}
04-22 05:54:40.484 D/WifiNetworkSelector(  683): ScoreCardBasedScorer would choose 0 score -4880.0+/-10.0 expid 42902385
04-22 05:54:40.484 D/ThroughputScorer(  683): Score for candidate: SSID: "AndroidWifi" BSSID: 00:13:10:85:fe:01 rssiScore: 48 throughputScore: 13 currentNetworkBoost: 0 securityAward: 0 unmeteredAward: 1000 savedNetworkAward: 500 trustedAward: 1000 notOemPaidAward: 500 notOemPrivateAward: 500 frequencyScore: 0 final score: 3500
04-22 05:54:40.485 D/WifiNetworkSelector(  683): ThroughputScorer chooses 0 score 3499.95+/-10.0 expid 42330058
04-22 05:54:40.485 V/WifiConnectivityManager(  683): AllSingleScanListener:  WNS candidate-"AndroidWifi"
04-22 05:54:40.485 V/WifiConnectivityManager(  683): connectToNetwork(ConcreteClientModeManager{id=9707 iface=wlan0 role=ROLE_CLIENT_PRIMARY}): bad candidate - - DSBLE ID: 0 SSID: "AndroidWifi" PROVIDER-NAME: null BSSID: null FQDN: null HOME-PROVIDER-NETWORK: false PRIO: 0 HIDDEN: false PMF: false CarrierId: -1 SubscriptionId: -1 SubscriptionGroup: null Currently Connected: true User Selected: false
04-22 05:54:40.485 V/WifiConnectivityManager(  683):  NetworkSelectionStatus NETWORK_SELECTION_PERMANENTLY_DISABLED
04-22 05:54:40.485 V/WifiConnectivityManager(  683):  mNetworkSelectionDisableReason NETWORK_SELECTION_DISABLED_NO_INTERNET_PERMANENT
04-22 05:54:40.485 V/WifiConnectivityManager(  683): NETWORK_SELECTION_DISABLED_NO_INTERNET_TEMPORARY counter:1
04-22 05:54:40.485 V/WifiConnectivityManager(  683): NETWORK_SELECTION_DISABLED_NO_INTERNET_PERMANENT counter:1
04-22 05:54:40.485 V/WifiConnectivityManager(  683):  hasEverConnected: true
04-22 05:54:40.485 V/WifiConnectivityManager(  683):  hasNeverDetectedCaptivePortal: true
04-22 05:54:40.485 V/WifiConnectivityManager(  683):  hasEverValidatedInternetAccess: true
04-22 05:54:40.485 V/WifiConnectivityManager(  683):  mCandidateSecurityParams: null mLastUsedSecurityParams: Security Parameters:
04-22 05:54:40.485 V/WifiConnectivityManager(  683):  Type: 0
04-22 05:54:40.485 V/WifiConnectivityManager(  683):  Enabled: true
04-22 05:54:40.485 V/WifiConnectivityManager(  683):  KeyMgmt: NONE
04-22 05:54:40.485 V/WifiConnectivityManager(  683):  Protocols: WPA RSN
04-22 05:54:40.485 V/WifiConnectivityManager(  683):  AuthAlgorithms:
04-22 05:54:40.485 V/WifiConnectivityManager(  683):  PairwiseCiphers:
04-22 05:54:40.485 V/WifiConnectivityManager(  683):  GroupCiphers:
04-22 05:54:40.485 V/WifiConnectivityManager(  683):  GroupMgmtCiphers:
04-22 05:54:40.485 V/WifiConnectivityManager(  683):  SuiteBCiphers:
04-22 05:54:40.485 V/WifiConnectivityManager(  683):  RequirePmf: false
04-22 05:54:40.485 V/WifiConnectivityManager(  683):  IsAddedByAutoUpgrade: false
04-22 05:54:40.485 V/WifiConnectivityManager(  683):  IsSaeH2eOnlyMode: false
04-22 05:54:40.485 V/WifiConnectivityManager(  683):  IsSaePkOnlyMode: false
04-22 05:54:40.485 V/WifiConnectivityManager(  683):  numAssociation 1
04-22 05:54:40.485 V/WifiConnectivityManager(  683):  numNoInternetAccessReports 1
04-22 05:54:40.485 V/WifiConnectivityManager(  683):  shared trusted
04-22 05:54:40.485 V/WifiConnectivityManager(  683):  macRandomizationSetting: 0
04-22 05:54:40.485 V/WifiConnectivityManager(  683):  mRandomizedMacAddress: 36:fb:cc:30:33:4f
04-22 05:54:40.485 V/WifiConnectivityManager(  683):  randomizedMacExpirationTimeMs: 2026-04-22T20:29:19.868
04-22 05:54:40.485 V/WifiConnectivityManager(  683):  randomizedMacLastModifiedTimeMs: <none>
04-22 05:54:40.485 V/WifiConnectivityManager(  683):  mIsSendDhcpHostnameEnabled: true
04-22 05:54:40.485 V/WifiConnectivityManager(  683):  deletionPriority: 0
04-22 05:54:40.485 V/WifiConnectivityManager(  683):  KeyMgmt: NONE Protocols: WPA RSN
04-22 05:54:40.485 V/WifiConnectivityManager(  683):  AuthAlgorithms:
04-22 05:54:40.485 V/WifiConnectivityManager(  683):  PairwiseCiphers:
04-22 05:54:40.485 V/WifiConnectivityManager(  683):  GroupCiphers:
04-22 05:54:40.485 V/WifiConnectivityManager(  683):  GroupMgmtCiphers:
04-22 05:54:40.485 V/WifiConnectivityManager(  683):  SuiteBCiphers:
04-22 05:54:40.485 V/WifiConnectivityManager(  683):  PSK/SAE: 
04-22 05:54:40.485 V/WifiConnectivityManager(  683): SecurityParams List:
04-22 05:54:40.485 V/WifiConnectivityManager(  683): Security Parameters:
04-22 05:54:40.485 V/WifiConnectivityManager(  683):  Type: 0
04-22 05:54:40.485 V/WifiConnectivityManager(  683):  Enabled: true
04-22 05:54:40.485 V/WifiConnectivityManager(  683):  KeyMgmt: NONE
04-22 05:54:40.485 V/WifiConnectivityManager(  683):  Protocols: WPA RSN
04-22 05:54:40.485 V/WifiConnectivityManager(  683):  AuthAlgorithms:
04-22 05:54:40.485 V/WifiConnectivityManager(  683):  PairwiseCiphers:
04-22 05:54:40.485 V/WifiConnectivityManager(  683):  GroupCiphers:
04-22 05:54:40.485 V/WifiConnectivityManager(  683):  GroupMgmtCiphers:
04-22 05:54:40.485 V/WifiConnectivityManager(  683):  SuiteBCiphers:
04-22 05:54:40.485 V/WifiConnectivityManager(  683):  RequirePmf: false
04-22 05:54:40.485 V/WifiConnectivityManager(  683):  IsAddedByAutoUpgrade: false
04-22 05:54:40.485 V/WifiConnectivityManager(  683):  IsSaeH2eOnlyMode: false
04-22 05:54:40.485 V/WifiConnectivityManager(  683):  IsSaePkOnlyMode: false
04-22 05:54:40.485 V/WifiConnectivityManager(  683): Security Parameters:
04-22 05:54:40.485 V/WifiConnectivityManager(  683):  Type: 6
04-22 05:54:40.485 V/WifiConnectivityManager(  683):  Enabled: true
04-22 05:54:40.485 V/WifiConnectivityManager(  683):  KeyMgmt: OWE
04-22 05:54:40.485 V/WifiConnectivityManager(  683):  Protocols: RSN
04-22 05:54:40.485 V/WifiConnectivityManager(  683):  AuthAlgorithms:
04-22 05:54:40.485 V/WifiConnectivityManager(  683):  PairwiseCiphers: CCMP GCMP_256 GCMP_128
04-22 05:54:40.485 V/WifiConnectivityManager(  683):  GroupCiphers: CCMP GCMP_256 GCMP_128
04-22 05:54:40.485 V/WifiConnectivityManager(  683):  GroupMgmtCiphers:
04-22 05:54:40.485 V/WifiConnectivityManager(  683):  SuiteBCiphers:
04-22 05:54:40.485 V/WifiConnectivityManager(  683):  RequirePmf: true
04-22 05:54:40.485 V/WifiConnectivityManager(  683):  IsAddedByAutoUpgrade: true
04-22 05:54:40.485 V/WifiConnectivityManager(  683):  IsSaeH2eOnlyMode: false
04-22 05:54:40.485 V/WifiConnectivityManager(  683):  IsSaePkOnlyMode: false
04-22 05:54:40.485 V/WifiConnectivityManager(  683): 
04-22 05:54:40.485 V/WifiConnectivityManager(  683): Enterprise config:
04-22 05:54:40.485 V/WifiConnectivityManager(  683):  ocsp: 0
04-22 05:54:40.485 V/WifiConnectivityManager(  683):  trust_on_first_use: false
04-22 05:54:40.485 V/WifiConnectivityManager(  683):  user_approve_no_ca_cert: false
04-22 05:54:40.485 V/WifiConnectivityManager(  683):  selected_rcoi: 0
04-22 05:54:40.485 V/WifiConnectivityManager(  683):  minimum_tls_version: 0
04-22 05:54:40.485 V/WifiConnectivityManager(  683):  enable_conservative_peer_mode: false
04-22 05:54:40.485 V/WifiConnectivityManager(  683):  tofu_dialog_state: 0
04-22 05:54:40.485 V/WifiConnectivityManager(  683):  tofu_connection_state: 0
04-22 05:54:40.485 V/WifiConnectivityManager(  683): IP config:
04-22 05:54:40.485 V/WifiConnectivityManager(  683): IP assignment: DHCP
04-22 05:54:40.485 V/WifiConnectivityManager(  683): Proxy settings: NONE
04-22 05:54:40.485 V/WifiConnectivityManager(  683): 
04-22 05:54:40.485 V/WifiConnectivityManager(  683):  blockListed remaining time <incorrect> cuid=10178 cname=com.google.android.googlesdksetup luid=10178 lname=com.google.android.googlesdksetup lcuid=10178 allowAutojoin=true noInternetAccessExpected=false mostRecentlyConnected=false 
04-22 05:54:40.485 V/WifiConnectivityManager(  683): lastConnected: 2026-04-21T20:29:19.910 
04-22 05:54:40.485 V/WifiConnectivityManager(  683): 
04-22 05:54:40.485 V/WifiConnectivityManager(  683): numRebootsSinceLastUse: 0
04-22 05:54:40.485 V/WifiConnectivityManager(  683): recentFailure: Association Rejection code: 0, last update time: 0
04-22 05:54:40.485 V/WifiConnectivityManager(  683): bssidAllowlist unset
04-22 05:54:40.485 V/WifiConnectivityManager(  683): vendorData unset
04-22 05:54:40.485 V/WifiConnectivityManager(  683): IsDppConfigurator: true
04-22 05:54:40.485 V/WifiConnectivityManager(  683): HasEncryptedPreSharedKey: false
04-22 05:54:40.485 V/WifiConnectivityManager(  683):  setWifi7Enabled=true scanResult is null!
04-22 05:54:42.622 W/BestClock(  683): java.time.DateTimeException: No network time available
04-22 05:54:42.622 W/BestClock(  683): java.time.DateTimeException: No network time available
04-22 05:54:42.623 W/BestClock(  683): java.time.DateTimeException: No network time available
04-22 05:54:42.623 W/BestClock(  683): java.time.DateTimeException: No network time available
04-22 05:54:42.623 W/BestClock(  683): java.time.DateTimeException: No network time available
04-22 05:54:42.625 D/WifiClientModeImpl[9769:wlan0](  683): updateLinkLayerStatsRssiSpeedFrequencyCapabilities rssi=-50 TxLinkspeed=1 freq=2447 RxLinkSpeed=2
04-22 05:54:42.625 D/WifiDataStall(  683): tx tput in kbps: 11000
04-22 05:54:42.625 D/WifiDataStall(  683): rx tput in kbps: 11000
04-22 05:54:42.626 V/WifiConfigManager(  683): Updating scan detail cache freq=2447 BSSID=00:13:10:85:fe:01 RSSI=-50 for "AndroidWifi"NONE
04-22 05:54:42.626 D/WifiThroughputPredictor(  683):  utilization (LLS) 80 isBluetoothConnected: false final utilization: 80
04-22 05:54:42.626 D/WifiThroughputPredictor(  683):  BW: 0 RSSI: -50 Nss: 1 Mode: 1 symDur: 4000 snrDb 30 bitPerTone: 4500 rate: 54 throughput: 11
04-22 05:54:42.626 D/WifiThroughputPredictor(  683):  utilization (LLS) 80 isBluetoothConnected: false final utilization: 80
04-22 05:54:42.626 D/WifiThroughputPredictor(  683):  BW: 0 RSSI: -50 Nss: 1 Mode: 1 symDur: 4000 snrDb 30 bitPerTone: 4500 rate: 54 throughput: 11
04-22 05:54:42.626 D/WifiThroughputPredictor(  683):  utilization (LLS) 80 isBluetoothConnected: false final utilization: 80
04-22 05:54:42.626 D/WifiThroughputPredictor(  683):  BW: 0 RSSI: -50 Nss: 1 Mode: 1 symDur: 4000 snrDb 30 bitPerTone: 4500 rate: 54 throughput: 11
04-22 05:54:42.626 D/WifiThroughputPredictor(  683):  utilization (LLS) 80 isBluetoothConnected: false final utilization: 80
04-22 05:54:42.626 D/WifiThroughputPredictor(  683):  BW: 0 RSSI: -50 Nss: 1 Mode: 1 symDur: 4000 snrDb 30 bitPerTone: 4500 rate: 54 throughput: 11
04-22 05:54:42.626 D/WifiScoreCard(  683): BSSID update SIGNAL_POLL ID: 261501600 SSID: "AndroidWifi", BSSID: 00:13:10:85:fe:01, MAC: 02:15:b4:00:00:00, IP: /10.0.2.17, Security type: 0, Supplicant state: COMPLETED, Wi-Fi standard: legacy, RSSI: -50, Link speed: 1Mbps, Tx Link speed: 1Mbps, Max Supported Tx Link speed: 11Mbps, Rx Link speed: 2Mbps, Max Supported Rx Link speed: 11Mbps, Frequency: 2447MHz, Net ID: 0, Metered hint: false, score: 60, isUsable: true, CarrierMerged: false, SubscriptionId: -1, IsPrimary: 1, Trusted: true, Restricted: false, Ephemeral: false, OEM paid: false, OEM private: false, OSU AP: false, FQDN: <none>, Provider friendly name: <none>, Requesting package name: <none>"AndroidWifi"openMLO Information: , Is TID-To-Link negotiation supported by the AP: false, AP MLD Address: <none>, AP MLO Link Id: <none>, AP MLO Affiliated links: <none>, Vendor Data: <none>
04-22 05:54:42.626 D/WifiScoreCard(  683): txRate: 2 txSpeed: 1
04-22 05:54:42.626 D/WifiScoreCard(  683): network update SIGNAL_POLL "AndroidWifi" ID: 579418950 RSSI -50 txSpeed -1
04-22 05:54:42.626 D/WifiClientModeImpl[9769:wlan0](  683):  ClientModeImpl$L2ConnectedState screen=on 1 0 "AndroidWifi" 00:13:10:85:fe:01 rssi=-50 f=2447 sc=60 link=1 tx=1.5, 0.0, 0.0 rx=1.5 bcn=0 [on:0 tx:0 rx:0 period:3009] from screen [on:0 period:-1307977918] score=60
04-22 05:54:44.696 I/netd    (  459): setProcSysNet(4, 2, wlan0, retrans_time_ms, 750) <0.06ms>
04-22 05:54:44.697 I/netd    (  459): setProcSysNet(4, 2, wlan0, ucast_solicit, 10) <0.02ms>
04-22 05:54:44.697 I/netd    (  459): setProcSysNet(6, 2, wlan0, retrans_time_ms, 750) <0.03ms>
04-22 05:54:44.697 I/netd    (  459): setProcSysNet(6, 2, wlan0, ucast_solicit, 10) <0.02ms>
04-22 05:54:45.631 W/BestClock(  683): java.time.DateTimeException: No network time available
04-22 05:54:45.631 W/BestClock(  683): java.time.DateTimeException: No network time available
04-22 05:54:45.631 W/BestClock(  683): java.time.DateTimeException: No network time available
04-22 05:54:45.631 W/BestClock(  683): java.time.DateTimeException: No network time available
04-22 05:54:45.632 W/BestClock(  683): java.time.DateTimeException: No network time available
04-22 05:54:45.634 D/WifiClientModeImpl[9769:wlan0](  683): updateLinkLayerStatsRssiSpeedFrequencyCapabilities rssi=-50 TxLinkspeed=1 freq=2447 RxLinkSpeed=2
04-22 05:54:45.634 D/WifiDataStall(  683): tx tput in kbps: 11000
04-22 05:54:45.634 D/WifiDataStall(  683): rx tput in kbps: 11000
04-22 05:54:45.634 V/WifiConfigManager(  683): Updating scan detail cache freq=2447 BSSID=00:13:10:85:fe:01 RSSI=-50 for "AndroidWifi"NONE
04-22 05:54:45.634 D/WifiThroughputPredictor(  683):  utilization (LLS) 80 isBluetoothConnected: false final utilization: 80
04-22 05:54:45.634 D/WifiThroughputPredictor(  683):  BW: 0 RSSI: -50 Nss: 1 Mode: 1 symDur: 4000 snrDb 30 bitPerTone: 4500 rate: 54 throughput: 11
04-22 05:54:45.634 D/WifiThroughputPredictor(  683):  utilization (LLS) 80 isBluetoothConnected: false final utilization: 80
04-22 05:54:45.634 D/WifiThroughputPredictor(  683):  BW: 0 RSSI: -50 Nss: 1 Mode: 1 symDur: 4000 snrDb 30 bitPerTone: 4500 rate: 54 throughput: 11
04-22 05:54:45.635 D/WifiThroughputPredictor(  683):  utilization (LLS) 80 isBluetoothConnected: false final utilization: 80
04-22 05:54:45.635 D/WifiThroughputPredictor(  683):  BW: 0 RSSI: -50 Nss: 1 Mode: 1 symDur: 4000 snrDb 30 bitPerTone: 4500 rate: 54 throughput: 11
04-22 05:54:45.635 D/WifiThroughputPredictor(  683):  utilization (LLS) 80 isBluetoothConnected: false final utilization: 80
04-22 05:54:45.635 D/WifiThroughputPredictor(  683):  BW: 0 RSSI: -50 Nss: 1 Mode: 1 symDur: 4000 snrDb 30 bitPerTone: 4500 rate: 54 throughput: 11
04-22 05:54:45.635 D/WifiScoreCard(  683): BSSID update SIGNAL_POLL ID: 261501600 SSID: "AndroidWifi", BSSID: 00:13:10:85:fe:01, MAC: 02:15:b4:00:00:00, IP: /10.0.2.17, Security type: 0, Supplicant state: COMPLETED, Wi-Fi standard: legacy, RSSI: -50, Link speed: 1Mbps, Tx Link speed: 1Mbps, Max Supported Tx Link speed: 11Mbps, Rx Link speed: 2Mbps, Max Supported Rx Link speed: 11Mbps, Frequency: 2447MHz, Net ID: 0, Metered hint: false, score: 60, isUsable: true, CarrierMerged: false, SubscriptionId: -1, IsPrimary: 1, Trusted: true, Restricted: false, Ephemeral: false, OEM paid: false, OEM private: false, OSU AP: false, FQDN: <none>, Provider friendly name: <none>, Requesting package name: <none>"AndroidWifi"openMLO Information: , Is TID-To-Link negotiation supported by the AP: false, AP MLD Address: <none>, AP MLO Link Id: <none>, AP MLO Affiliated links: <none>, Vendor Data: <none>
04-22 05:54:45.635 D/WifiScoreCard(  683): txRate: 1 txSpeed: 1
04-22 05:54:45.635 D/WifiScoreCard(  683): network update SIGNAL_POLL "AndroidWifi" ID: 579418950 RSSI -50 txSpeed -1
04-22 05:54:45.636 D/WifiClientModeImpl[9769:wlan0](  683):  ClientModeImpl$L2ConnectedState screen=on 1 0 "AndroidWifi" 00:13:10:85:fe:01 rssi=-50 f=2447 sc=60 link=1 tx=0.5, 0.0, 0.0 rx=0.5 bcn=0 [on:0 tx:0 rx:0 period:3010] from screen [on:0 period:-1307974908] score=60
04-22 05:54:46.109 I/assembly.assembly.android.mixc-retail-rn84( 4898): [assembly.topology] Native topology host already matches desired lifecycle state {"displayCount":1,"displayIndex":0,"deviceId":"ZJ63NQELD9","instanceMode":"MASTER","enableSlave":false,"running":false,"reason":"not-master-or-single-primary-host"}
04-22 05:54:46.164 I/assembly.assembly.android.mixc-retail-rn84( 4898): [assembly.topology] Native topology host already matches desired lifecycle state {"displayCount":1,"displayIndex":0,"deviceId":"ZJ63NQELD9","instanceMode":"SLAVE","enableSlave":false,"running":false,"reason":"not-master-or-single-primary-host"}
04-22 05:54:46.165 I/MMKV    ( 4898): <MMKV_IO.cpp:609::writeActualSize> [mixc-retail-assembly-rn84::state] increase sequence to 28, crc 1149832740, actualSize 22269
04-22 05:54:46.165 I/MMKV    ( 4898): <MMKV.cpp:1208::sync> MMKV::sync, SyncFlag = 1
04-22 05:54:46.166 I/assembly.assembly.android.mixc-retail-rn84( 4898): [assembly.topology] Native topology host already matches desired lifecycle state {"displayCount":1,"displayIndex":0,"deviceId":"ZJ63NQELD9","instanceMode":"SLAVE","enableSlave":false,"running":false,"reason":"not-master-or-single-primary-host"}
04-22 05:54:46.167 I/assembly.assembly.android.mixc-retail-rn84( 4898): [assembly.topology] Native topology host already matches desired lifecycle state {"displayCount":1,"displayIndex":0,"deviceId":"ZJ63NQELD9","instanceMode":"SLAVE","enableSlave":false,"running":false,"reason":"not-master-or-single-primary-host"}
04-22 05:54:47.252 D/SatelliteController( 1086): iisInCarrierRoamingNbIotNtn: satellite is disabled
04-22 05:54:48.277 D/wpa_supplicant(  938): nl80211: Drv Event 64 (NL80211_CMD_NOTIFY_CQM) received for wlan0
04-22 05:54:48.277 D/wpa_supplicant(  938): nl80211: Beacon loss event
04-22 05:54:48.277 D/wpa_supplicant(  938): wlan0: Event BEACON_LOSS (53) received
04-22 05:54:48.277 I/wpa_supplicant(  938): wlan0: CTRL-EVENT-BEACON-LOSS 
04-22 05:54:48.639 W/BestClock(  683): java.time.DateTimeException: No network time available
04-22 05:54:48.639 W/BestClock(  683): java.time.DateTimeException: No network time available
04-22 05:54:48.639 W/BestClock(  683): java.time.DateTimeException: No network time available
04-22 05:54:48.640 W/BestClock(  683): java.time.DateTimeException: No network time available
04-22 05:54:48.640 W/BestClock(  683): java.time.DateTimeException: No network time available
04-22 05:54:48.642 D/WifiClientModeImpl[9769:wlan0](  683): updateLinkLayerStatsRssiSpeedFrequencyCapabilities rssi=-50 TxLinkspeed=1 freq=2447 RxLinkSpeed=2
04-22 05:54:48.642 D/WifiDataStall(  683): tx tput in kbps: 11000
04-22 05:54:48.642 D/WifiDataStall(  683): rx tput in kbps: 11000
04-22 05:54:48.642 V/WifiConfigManager(  683): Updating scan detail cache freq=2447 BSSID=00:13:10:85:fe:01 RSSI=-50 for "AndroidWifi"NONE
04-22 05:54:48.642 D/WifiThroughputPredictor(  683):  utilization (LLS) 80 isBluetoothConnected: false final utilization: 80
04-22 05:54:48.642 D/WifiThroughputPredictor(  683):  BW: 0 RSSI: -50 Nss: 1 Mode: 1 symDur: 4000 snrDb 30 bitPerTone: 4500 rate: 54 throughput: 11
04-22 05:54:48.642 D/WifiThroughputPredictor(  683):  utilization (LLS) 80 isBluetoothConnected: false final utilization: 80
04-22 05:54:48.642 D/WifiThroughputPredictor(  683):  BW: 0 RSSI: -50 Nss: 1 Mode: 1 symDur: 4000 snrDb 30 bitPerTone: 4500 rate: 54 throughput: 11
04-22 05:54:48.642 D/WifiThroughputPredictor(  683):  utilization (LLS) 80 isBluetoothConnected: false final utilization: 80
04-22 05:54:48.643 D/WifiThroughputPredictor(  683):  BW: 0 RSSI: -50 Nss: 1 Mode: 1 symDur: 4000 snrDb 30 bitPerTone: 4500 rate: 54 throughput: 11
04-22 05:54:48.643 D/WifiThroughputPredictor(  683):  utilization (LLS) 80 isBluetoothConnected: false final utilization: 80
04-22 05:54:48.643 D/WifiThroughputPredictor(  683):  BW: 0 RSSI: -50 Nss: 1 Mode: 1 symDur: 4000 snrDb 30 bitPerTone: 4500 rate: 54 throughput: 11
04-22 05:54:48.643 D/WifiScoreCard(  683): BSSID update SIGNAL_POLL ID: 261501600 SSID: "AndroidWifi", BSSID: 00:13:10:85:fe:01, MAC: 02:15:b4:00:00:00, IP: /10.0.2.17, Security type: 0, Supplicant state: COMPLETED, Wi-Fi standard: legacy, RSSI: -50, Link speed: 1Mbps, Tx Link speed: 1Mbps, Max Supported Tx Link speed: 11Mbps, Rx Link speed: 2Mbps, Max Supported Rx Link speed: 11Mbps, Frequency: 2447MHz, Net ID: 0, Metered hint: false, score: 60, isUsable: true, CarrierMerged: false, SubscriptionId: -1, IsPrimary: 1, Trusted: true, Restricted: false, Ephemeral: false, OEM paid: false, OEM private: false, OSU AP: false, FQDN: <none>, Provider friendly name: <none>, Requesting package name: <none>"AndroidWifi"openMLO Information: , Is TID-To-Link negotiation supported by the AP: false, AP MLD Address: <none>, AP MLO Link Id: <none>, AP MLO Affiliated links: <none>, Vendor Data: <none>
04-22 05:54:48.643 D/WifiScoreCard(  683): txRate: 1 txSpeed: 1
04-22 05:54:48.643 D/WifiScoreCard(  683): network update SIGNAL_POLL "AndroidWifi" ID: 579418950 RSSI -50 txSpeed -1
04-22 05:54:48.643 D/WifiClientModeImpl[9769:wlan0](  683):  ClientModeImpl$L2ConnectedState screen=on 1 0 "AndroidWifi" 00:13:10:85:fe:01 rssi=-50 f=2447 sc=60 link=1 tx=0.2, 0.0, 0.0 rx=0.2 bcn=0 [on:0 tx:0 rx:0 period:3007] from screen [on:0 period:-1307971901] score=60
04-22 05:54:51.649 W/BestClock(  683): java.time.DateTimeException: No network time available
04-22 05:54:51.649 W/BestClock(  683): java.time.DateTimeException: No network time available
04-22 05:54:51.649 W/BestClock(  683): java.time.DateTimeException: No network time available
04-22 05:54:51.649 W/BestClock(  683): java.time.DateTimeException: No network time available
04-22 05:54:51.649 W/BestClock(  683): java.time.DateTimeException: No network time available
04-22 05:54:51.651 D/WifiClientModeImpl[9769:wlan0](  683): updateLinkLayerStatsRssiSpeedFrequencyCapabilities rssi=-50 TxLinkspeed=1 freq=2447 RxLinkSpeed=2
04-22 05:54:51.651 D/WifiDataStall(  683): tx tput in kbps: 11000
04-22 05:54:51.651 D/WifiDataStall(  683): rx tput in kbps: 11000
04-22 05:54:51.651 V/WifiConfigManager(  683): Updating scan detail cache freq=2447 BSSID=00:13:10:85:fe:01 RSSI=-50 for "AndroidWifi"NONE
04-22 05:54:51.651 D/WifiThroughputPredictor(  683):  utilization (LLS) 80 isBluetoothConnected: false final utilization: 80
04-22 05:54:51.651 D/WifiThroughputPredictor(  683):  BW: 0 RSSI: -50 Nss: 1 Mode: 1 symDur: 4000 snrDb 30 bitPerTone: 4500 rate: 54 throughput: 11
04-22 05:54:51.651 D/WifiThroughputPredictor(  683):  utilization (LLS) 80 isBluetoothConnected: false final utilization: 80
04-22 05:54:51.651 D/WifiThroughputPredictor(  683):  BW: 0 RSSI: -50 Nss: 1 Mode: 1 symDur: 4000 snrDb 30 bitPerTone: 4500 rate: 54 throughput: 11
04-22 05:54:51.652 D/WifiThroughputPredictor(  683):  utilization (LLS) 80 isBluetoothConnected: false final utilization: 80
04-22 05:54:51.652 D/WifiThroughputPredictor(  683):  BW: 0 RSSI: -50 Nss: 1 Mode: 1 symDur: 4000 snrDb 30 bitPerTone: 4500 rate: 54 throughput: 11
04-22 05:54:51.652 D/WifiThroughputPredictor(  683):  utilization (LLS) 80 isBluetoothConnected: false final utilization: 80
04-22 05:54:51.652 D/WifiThroughputPredictor(  683):  BW: 0 RSSI: -50 Nss: 1 Mode: 1 symDur: 4000 snrDb 30 bitPerTone: 4500 rate: 54 throughput: 11
04-22 05:54:51.652 D/WifiScoreCard(  683): BSSID update SIGNAL_POLL ID: 261501600 SSID: "AndroidWifi", BSSID: 00:13:10:85:fe:01, MAC: 02:15:b4:00:00:00, IP: /10.0.2.17, Security type: 0, Supplicant state: COMPLETED, Wi-Fi standard: legacy, RSSI: -50, Link speed: 1Mbps, Tx Link speed: 1Mbps, Max Supported Tx Link speed: 11Mbps, Rx Link speed: 2Mbps, Max Supported Rx Link speed: 11Mbps, Frequency: 2447MHz, Net ID: 0, Metered hint: false, score: 60, isUsable: true, CarrierMerged: false, SubscriptionId: -1, IsPrimary: 1, Trusted: true, Restricted: false, Ephemeral: false, OEM paid: false, OEM private: false, OSU AP: false, FQDN: <none>, Provider friendly name: <none>, Requesting package name: <none>"AndroidWifi"openMLO Information: , Is TID-To-Link negotiation supported by the AP: false, AP MLD Address: <none>, AP MLO Link Id: <none>, AP MLO Affiliated links: <none>, Vendor Data: <none>
04-22 05:54:51.652 D/WifiScoreCard(  683): txRate: 1 txSpeed: 1
04-22 05:54:51.652 D/WifiScoreCard(  683): network update SIGNAL_POLL "AndroidWifi" ID: 579418950 RSSI -50 txSpeed -1
04-22 05:54:51.652 D/WifiClientModeImpl[9769:wlan0](  683):  ClientModeImpl$L2ConnectedState screen=on 1 0 "AndroidWifi" 00:13:10:85:fe:01 rssi=-50 f=2447 sc=60 link=1 tx=0.0, 0.0, 0.0 rx=0.0 bcn=0 [on:0 tx:0 rx:0 period:3009] from screen [on:0 period:-1307968892] score=60
04-22 05:54:54.657 W/BestClock(  683): java.time.DateTimeException: No network time available
04-22 05:54:54.657 W/BestClock(  683): java.time.DateTimeException: No network time available
04-22 05:54:54.657 W/BestClock(  683): java.time.DateTimeException: No network time available
04-22 05:54:54.657 W/BestClock(  683): java.time.DateTimeException: No network time available
04-22 05:54:54.658 W/BestClock(  683): java.time.DateTimeException: No network time available
04-22 05:54:54.660 D/WifiClientModeImpl[9769:wlan0](  683): updateLinkLayerStatsRssiSpeedFrequencyCapabilities rssi=-50 TxLinkspeed=1 freq=2447 RxLinkSpeed=2
04-22 05:54:54.660 D/WifiDataStall(  683): tx tput in kbps: 11000
04-22 05:54:54.660 D/WifiDataStall(  683): rx tput in kbps: 11000
04-22 05:54:54.660 V/WifiConfigManager(  683): Updating scan detail cache freq=2447 BSSID=00:13:10:85:fe:01 RSSI=-50 for "AndroidWifi"NONE
04-22 05:54:54.660 D/WifiThroughputPredictor(  683):  utilization (LLS) 80 isBluetoothConnected: false final utilization: 80
04-22 05:54:54.660 D/WifiThroughputPredictor(  683):  BW: 0 RSSI: -50 Nss: 1 Mode: 1 symDur: 4000 snrDb 30 bitPerTone: 4500 rate: 54 throughput: 11
04-22 05:54:54.660 D/WifiThroughputPredictor(  683):  utilization (LLS) 80 isBluetoothConnected: false final utilization: 80
04-22 05:54:54.660 D/WifiThroughputPredictor(  683):  BW: 0 RSSI: -50 Nss: 1 Mode: 1 symDur: 4000 snrDb 30 bitPerTone: 4500 rate: 54 throughput: 11
04-22 05:54:54.661 D/WifiThroughputPredictor(  683):  utilization (LLS) 80 isBluetoothConnected: false final utilization: 80
04-22 05:54:54.661 D/WifiThroughputPredictor(  683):  BW: 0 RSSI: -50 Nss: 1 Mode: 1 symDur: 4000 snrDb 30 bitPerTone: 4500 rate: 54 throughput: 11
04-22 05:54:54.661 D/WifiThroughputPredictor(  683):  utilization (LLS) 80 isBluetoothConnected: false final utilization: 80
04-22 05:54:54.661 D/WifiThroughputPredictor(  683):  BW: 0 RSSI: -50 Nss: 1 Mode: 1 symDur: 4000 snrDb 30 bitPerTone: 4500 rate: 54 throughput: 11
04-22 05:54:54.661 D/WifiScoreCard(  683): BSSID update SIGNAL_POLL ID: 261501600 SSID: "AndroidWifi", BSSID: 00:13:10:85:fe:01, MAC: 02:15:b4:00:00:00, IP: /10.0.2.17, Security type: 0, Supplicant state: COMPLETED, Wi-Fi standard: legacy, RSSI: -50, Link speed: 1Mbps, Tx Link speed: 1Mbps, Max Supported Tx Link speed: 11Mbps, Rx Link speed: 2Mbps, Max Supported Rx Link speed: 11Mbps, Frequency: 2447MHz, Net ID: 0, Metered hint: false, score: 60, isUsable: true, CarrierMerged: false, SubscriptionId: -1, IsPrimary: 1, Trusted: true, Restricted: false, Ephemeral: false, OEM paid: false, OEM private: false, OSU AP: false, FQDN: <none>, Provider friendly name: <none>, Requesting package name: <none>"AndroidWifi"openMLO Information: , Is TID-To-Link negotiation supported by the AP: false, AP MLD Address: <none>, AP MLO Link Id: <none>, AP MLO Affiliated links: <none>, Vendor Data: <none>
04-22 05:54:54.661 D/WifiScoreCard(  683): txRate: 1 txSpeed: 1
04-22 05:54:54.661 D/WifiScoreCard(  683): network update SIGNAL_POLL "AndroidWifi" ID: 579418950 RSSI -50 txSpeed -1
