04-22 05:51:15.101 D/WifiScoreCard(  683): BSSID update SIGNAL_POLL ID: 261501600 SSID: "AndroidWifi", BSSID: 00:13:10:85:fe:01, MAC: 02:15:b4:00:00:00, IP: /10.0.2.17, Security type: 0, Supplicant state: COMPLETED, Wi-Fi standard: legacy, RSSI: -50, Link speed: 1Mbps, Tx Link speed: 1Mbps, Max Supported Tx Link speed: 11Mbps, Rx Link speed: 2Mbps, Max Supported Rx Link speed: 11Mbps, Frequency: 2447MHz, Net ID: 0, Metered hint: false, score: 60, isUsable: true, CarrierMerged: false, SubscriptionId: -1, IsPrimary: 1, Trusted: true, Restricted: false, Ephemeral: false, OEM paid: false, OEM private: false, OSU AP: false, FQDN: <none>, Provider friendly name: <none>, Requesting package name: <none>"AndroidWifi"openMLO Information: , Is TID-To-Link negotiation supported by the AP: false, AP MLD Address: <none>, AP MLO Link Id: <none>, AP MLO Affiliated links: <none>, Vendor Data: <none>
04-22 05:51:15.101 D/WifiScoreCard(  683): txRate: 1 txSpeed: 1
04-22 05:51:15.101 D/WifiScoreCard(  683): network update SIGNAL_POLL "AndroidWifi" ID: 579418950 RSSI -50 txSpeed -1
04-22 05:51:15.101 D/WifiClientModeImpl[9769:wlan0](  683):  ClientModeImpl$L2ConnectedState screen=on 1 0 "AndroidWifi" 00:13:10:85:fe:01 rssi=-50 f=2447 sc=60 link=1 tx=0.2, 0.0, 0.0 rx=0.1 bcn=0 [on:0 tx:0 rx:0 period:3008] from screen [on:0 period:-1308185443] score=60
04-22 05:51:17.133 D/SatelliteController( 1086): iisInCarrierRoamingNbIotNtn: satellite is disabled
04-22 05:51:17.854 I/bdee    ( 1652): (REDACTED) getHotwordActive::active query: %s, watch: %s, devices connected: %s
04-22 05:51:18.106 W/BestClock(  683): java.time.DateTimeException: No network time available
04-22 05:51:18.106 W/BestClock(  683): java.time.DateTimeException: No network time available
04-22 05:51:18.106 W/BestClock(  683): java.time.DateTimeException: No network time available
04-22 05:51:18.106 W/BestClock(  683): java.time.DateTimeException: No network time available
04-22 05:51:18.106 W/BestClock(  683): java.time.DateTimeException: No network time available
04-22 05:51:18.107 D/WifiClientModeImpl[9769:wlan0](  683): updateLinkLayerStatsRssiSpeedFrequencyCapabilities rssi=-50 TxLinkspeed=1 freq=2447 RxLinkSpeed=2
04-22 05:51:18.107 D/WifiDataStall(  683): tx tput in kbps: 11000
04-22 05:51:18.107 D/WifiDataStall(  683): rx tput in kbps: 11000
04-22 05:51:18.107 V/WifiConfigManager(  683): Updating scan detail cache freq=2447 BSSID=00:13:10:85:fe:01 RSSI=-50 for "AndroidWifi"NONE
04-22 05:51:18.108 D/WifiThroughputPredictor(  683):  utilization (LLS) 80 isBluetoothConnected: false final utilization: 80
04-22 05:51:18.108 D/WifiThroughputPredictor(  683):  BW: 0 RSSI: -50 Nss: 1 Mode: 1 symDur: 4000 snrDb 30 bitPerTone: 4500 rate: 54 throughput: 11
04-22 05:51:18.108 D/WifiThroughputPredictor(  683):  utilization (LLS) 80 isBluetoothConnected: false final utilization: 80
04-22 05:51:18.108 D/WifiThroughputPredictor(  683):  BW: 0 RSSI: -50 Nss: 1 Mode: 1 symDur: 4000 snrDb 30 bitPerTone: 4500 rate: 54 throughput: 11
04-22 05:51:18.108 D/WifiThroughputPredictor(  683):  utilization (LLS) 80 isBluetoothConnected: false final utilization: 80
04-22 05:51:18.108 D/WifiThroughputPredictor(  683):  BW: 0 RSSI: -50 Nss: 1 Mode: 1 symDur: 4000 snrDb 30 bitPerTone: 4500 rate: 54 throughput: 11
04-22 05:51:18.108 D/WifiThroughputPredictor(  683):  utilization (LLS) 80 isBluetoothConnected: false final utilization: 80
04-22 05:51:18.108 D/WifiThroughputPredictor(  683):  BW: 0 RSSI: -50 Nss: 1 Mode: 1 symDur: 4000 snrDb 30 bitPerTone: 4500 rate: 54 throughput: 11
04-22 05:51:18.109 D/WifiScoreCard(  683): BSSID update SIGNAL_POLL ID: 261501600 SSID: "AndroidWifi", BSSID: 00:13:10:85:fe:01, MAC: 02:15:b4:00:00:00, IP: /10.0.2.17, Security type: 0, Supplicant state: COMPLETED, Wi-Fi standard: legacy, RSSI: -50, Link speed: 1Mbps, Tx Link speed: 1Mbps, Max Supported Tx Link speed: 11Mbps, Rx Link speed: 2Mbps, Max Supported Rx Link speed: 11Mbps, Frequency: 2447MHz, Net ID: 0, Metered hint: false, score: 60, isUsable: true, CarrierMerged: false, SubscriptionId: -1, IsPrimary: 1, Trusted: true, Restricted: false, Ephemeral: false, OEM paid: false, OEM private: false, OSU AP: false, FQDN: <none>, Provider friendly name: <none>, Requesting package name: <none>"AndroidWifi"openMLO Information: , Is TID-To-Link negotiation supported by the AP: false, AP MLD Address: <none>, AP MLO Link Id: <none>, AP MLO Affiliated links: <none>, Vendor Data: <none>
04-22 05:51:18.109 D/WifiScoreCard(  683): txRate: 1 txSpeed: 1
04-22 05:51:18.109 D/WifiScoreCard(  683): network update SIGNAL_POLL "AndroidWifi" ID: 579418950 RSSI -50 txSpeed -1
04-22 05:51:18.109 D/WifiClientModeImpl[9769:wlan0](  683):  ClientModeImpl$L2ConnectedState screen=on 1 0 "AndroidWifi" 00:13:10:85:fe:01 rssi=-50 f=2447 sc=60 link=1 tx=0.0, 0.0, 0.0 rx=0.0 bcn=0 [on:0 tx:0 rx:0 period:3008] from screen [on:0 period:-1308182435] score=60
04-22 05:51:20.405 D/wpa_supplicant(  938): nl80211: Drv Event 64 (NL80211_CMD_NOTIFY_CQM) received for wlan0
04-22 05:51:20.406 D/wpa_supplicant(  938): nl80211: Beacon loss event
04-22 05:51:20.406 D/wpa_supplicant(  938): wlan0: Event BEACON_LOSS (53) received
04-22 05:51:20.406 I/wpa_supplicant(  938): wlan0: CTRL-EVENT-BEACON-LOSS 
04-22 05:51:21.114 W/BestClock(  683): java.time.DateTimeException: No network time available
04-22 05:51:21.114 W/BestClock(  683): java.time.DateTimeException: No network time available
04-22 05:51:21.114 W/BestClock(  683): java.time.DateTimeException: No network time available
04-22 05:51:21.114 W/BestClock(  683): java.time.DateTimeException: No network time available
04-22 05:51:21.114 W/BestClock(  683): java.time.DateTimeException: No network time available
04-22 05:51:21.115 D/WifiClientModeImpl[9769:wlan0](  683): updateLinkLayerStatsRssiSpeedFrequencyCapabilities rssi=-50 TxLinkspeed=1 freq=2447 RxLinkSpeed=2
04-22 05:51:21.115 D/WifiDataStall(  683): tx tput in kbps: 11000
04-22 05:51:21.115 D/WifiDataStall(  683): rx tput in kbps: 11000
04-22 05:51:21.115 V/WifiConfigManager(  683): Updating scan detail cache freq=2447 BSSID=00:13:10:85:fe:01 RSSI=-50 for "AndroidWifi"NONE
04-22 05:51:21.115 D/WifiThroughputPredictor(  683):  utilization (LLS) 80 isBluetoothConnected: false final utilization: 80
04-22 05:51:21.116 D/WifiThroughputPredictor(  683):  BW: 0 RSSI: -50 Nss: 1 Mode: 1 symDur: 4000 snrDb 30 bitPerTone: 4500 rate: 54 throughput: 11
04-22 05:51:21.116 D/WifiThroughputPredictor(  683):  utilization (LLS) 80 isBluetoothConnected: false final utilization: 80
04-22 05:51:21.116 D/WifiThroughputPredictor(  683):  BW: 0 RSSI: -50 Nss: 1 Mode: 1 symDur: 4000 snrDb 30 bitPerTone: 4500 rate: 54 throughput: 11
04-22 05:51:21.116 D/WifiThroughputPredictor(  683):  utilization (LLS) 80 isBluetoothConnected: false final utilization: 80
04-22 05:51:21.116 D/WifiThroughputPredictor(  683):  BW: 0 RSSI: -50 Nss: 1 Mode: 1 symDur: 4000 snrDb 30 bitPerTone: 4500 rate: 54 throughput: 11
04-22 05:51:21.116 D/WifiThroughputPredictor(  683):  utilization (LLS) 80 isBluetoothConnected: false final utilization: 80
04-22 05:51:21.116 D/WifiThroughputPredictor(  683):  BW: 0 RSSI: -50 Nss: 1 Mode: 1 symDur: 4000 snrDb 30 bitPerTone: 4500 rate: 54 throughput: 11
04-22 05:51:21.116 D/WifiScoreCard(  683): BSSID update SIGNAL_POLL ID: 261501600 SSID: "AndroidWifi", BSSID: 00:13:10:85:fe:01, MAC: 02:15:b4:00:00:00, IP: /10.0.2.17, Security type: 0, Supplicant state: COMPLETED, Wi-Fi standard: legacy, RSSI: -50, Link speed: 1Mbps, Tx Link speed: 1Mbps, Max Supported Tx Link speed: 11Mbps, Rx Link speed: 2Mbps, Max Supported Rx Link speed: 11Mbps, Frequency: 2447MHz, Net ID: 0, Metered hint: false, score: 60, isUsable: true, CarrierMerged: false, SubscriptionId: -1, IsPrimary: 1, Trusted: true, Restricted: false, Ephemeral: false, OEM paid: false, OEM private: false, OSU AP: false, FQDN: <none>, Provider friendly name: <none>, Requesting package name: <none>"AndroidWifi"openMLO Information: , Is TID-To-Link negotiation supported by the AP: false, AP MLD Address: <none>, AP MLO Link Id: <none>, AP MLO Affiliated links: <none>, Vendor Data: <none>
04-22 05:51:21.116 D/WifiScoreCard(  683): txRate: 1 txSpeed: 1
04-22 05:51:21.116 D/WifiScoreCard(  683): network update SIGNAL_POLL "AndroidWifi" ID: 579418950 RSSI -50 txSpeed -1
04-22 05:51:21.117 D/WifiClientModeImpl[9769:wlan0](  683):  ClientModeImpl$L2ConnectedState screen=on 1 0 "AndroidWifi" 00:13:10:85:fe:01 rssi=-50 f=2447 sc=60 link=1 tx=0.0, 0.0, 0.0 rx=0.0 bcn=0 [on:0 tx:0 rx:0 period:3008] from screen [on:0 period:-1308179427] score=60
04-22 05:51:23.736 I/WifiService(  683): isFeatureSupported uid=1000 returns [WIFI_FEATURE_INFRA, WIFI_FEATURE_P2P, WIFI_FEATURE_MOBILE_HOTSPOT, WIFI_FEATURE_WPA3_SAE, WIFI_FEATURE_WPA3_SUITE_B, WIFI_FEATURE_OWE, WIFI_FEATURE_DPP, WIFI_FEATURE_AP_RAND_MAC, WIFI_FEATURE_MBO, WIFI_FEATURE_FILS_SHA256, WIFI_FEATURE_FILS_SHA384, WIFI_FEATURE_SAE_PK, WIFI_FEATURE_DPP_ENROLLEE_RESPONDER, WIFI_FEATURE_PASSPOINT_TERMS_AND_CONDITIONS, WIFI_FEATURE_WFD_R2, WIFI_FEATURE_DECORATED_IDENTITY, WIFI_FEATURE_TRUST_ON_FIRST_USE, WIFI_FEATURE_SET_TLS_MINIMUM_VERSION, WIFI_FEATURE_TLS_V1_3, WIFI_FEATURE_WEP, WIFI_FEATURE_WPA_PERSONAL]
04-22 05:51:24.122 W/BestClock(  683): java.time.DateTimeException: No network time available
04-22 05:51:24.122 W/BestClock(  683): java.time.DateTimeException: No network time available
04-22 05:51:24.124 W/BestClock(  683): java.time.DateTimeException: No network time available
04-22 05:51:24.124 W/BestClock(  683): java.time.DateTimeException: No network time available
04-22 05:51:24.125 W/BestClock(  683): java.time.DateTimeException: No network time available
04-22 05:51:24.125 D/WifiClientModeImpl[9769:wlan0](  683): updateLinkLayerStatsRssiSpeedFrequencyCapabilities rssi=-50 TxLinkspeed=1 freq=2447 RxLinkSpeed=2
04-22 05:51:24.125 D/WifiDataStall(  683): tx tput in kbps: 11000
04-22 05:51:24.125 D/WifiDataStall(  683): rx tput in kbps: 11000
04-22 05:51:24.125 V/WifiConfigManager(  683): Updating scan detail cache freq=2447 BSSID=00:13:10:85:fe:01 RSSI=-50 for "AndroidWifi"NONE
04-22 05:51:24.125 D/WifiThroughputPredictor(  683):  utilization (LLS) 80 isBluetoothConnected: false final utilization: 80
04-22 05:51:24.125 D/WifiThroughputPredictor(  683):  BW: 0 RSSI: -50 Nss: 1 Mode: 1 symDur: 4000 snrDb 30 bitPerTone: 4500 rate: 54 throughput: 11
04-22 05:51:24.125 D/WifiThroughputPredictor(  683):  utilization (LLS) 80 isBluetoothConnected: false final utilization: 80
04-22 05:51:24.125 D/WifiThroughputPredictor(  683):  BW: 0 RSSI: -50 Nss: 1 Mode: 1 symDur: 4000 snrDb 30 bitPerTone: 4500 rate: 54 throughput: 11
04-22 05:51:24.125 D/WifiThroughputPredictor(  683):  utilization (LLS) 80 isBluetoothConnected: false final utilization: 80
04-22 05:51:24.125 D/WifiThroughputPredictor(  683):  BW: 0 RSSI: -50 Nss: 1 Mode: 1 symDur: 4000 snrDb 30 bitPerTone: 4500 rate: 54 throughput: 11
04-22 05:51:24.125 D/WifiThroughputPredictor(  683):  utilization (LLS) 80 isBluetoothConnected: false final utilization: 80
04-22 05:51:24.125 D/WifiThroughputPredictor(  683):  BW: 0 RSSI: -50 Nss: 1 Mode: 1 symDur: 4000 snrDb 30 bitPerTone: 4500 rate: 54 throughput: 11
04-22 05:51:24.126 D/WifiScoreCard(  683): BSSID update SIGNAL_POLL ID: 261501600 SSID: "AndroidWifi", BSSID: 00:13:10:85:fe:01, MAC: 02:15:b4:00:00:00, IP: /10.0.2.17, Security type: 0, Supplicant state: COMPLETED, Wi-Fi standard: legacy, RSSI: -50, Link speed: 1Mbps, Tx Link speed: 1Mbps, Max Supported Tx Link speed: 11Mbps, Rx Link speed: 2Mbps, Max Supported Rx Link speed: 11Mbps, Frequency: 2447MHz, Net ID: 0, Metered hint: false, score: 60, isUsable: true, CarrierMerged: false, SubscriptionId: -1, IsPrimary: 1, Trusted: true, Restricted: false, Ephemeral: false, OEM paid: false, OEM private: false, OSU AP: false, FQDN: <none>, Provider friendly name: <none>, Requesting package name: <none>"AndroidWifi"openMLO Information: , Is TID-To-Link negotiation supported by the AP: false, AP MLD Address: <none>, AP MLO Link Id: <none>, AP MLO Affiliated links: <none>, Vendor Data: <none>
04-22 05:51:24.126 D/WifiScoreCard(  683): txRate: 1 txSpeed: 1
04-22 05:51:24.126 D/WifiScoreCard(  683): network update SIGNAL_POLL "AndroidWifi" ID: 579418950 RSSI -50 txSpeed -1
04-22 05:51:24.126 D/WifiClientModeImpl[9769:wlan0](  683):  ClientModeImpl$L2ConnectedState screen=on 1 0 "AndroidWifi" 00:13:10:85:fe:01 rssi=-50 f=2447 sc=60 link=1 tx=0.0, 0.0, 0.0 rx=0.0 bcn=0 [on:0 tx:0 rx:0 period:3009] from screen [on:0 period:-1308176418] score=60
04-22 05:51:24.529 I/resolv  (  459): ResNSendHandler::run: 0 / {101 983141 101 983141 1073 1}
04-22 05:51:24.529 I/resolv  (  459): resolv_cache_lookup: FOUND IN CACHE entry=0xb400007cdced1150
04-22 05:51:24.529 I/resolv  (  459): ResNSendHandler::run: 0 / {101 983141 101 983141 1073 1}
04-22 05:51:24.530 I/WifiService(  683): isFeatureSupported uid=1000 returns [WIFI_FEATURE_INFRA, WIFI_FEATURE_P2P, WIFI_FEATURE_MOBILE_HOTSPOT, WIFI_FEATURE_WPA3_SAE, WIFI_FEATURE_WPA3_SUITE_B, WIFI_FEATURE_OWE, WIFI_FEATURE_DPP, WIFI_FEATURE_AP_RAND_MAC, WIFI_FEATURE_MBO, WIFI_FEATURE_FILS_SHA256, WIFI_FEATURE_FILS_SHA384, WIFI_FEATURE_SAE_PK, WIFI_FEATURE_DPP_ENROLLEE_RESPONDER, WIFI_FEATURE_PASSPOINT_TERMS_AND_CONDITIONS, WIFI_FEATURE_WFD_R2, WIFI_FEATURE_DECORATED_IDENTITY, WIFI_FEATURE_TRUST_ON_FIRST_USE, WIFI_FEATURE_SET_TLS_MINIMUM_VERSION, WIFI_FEATURE_TLS_V1_3, WIFI_FEATURE_WEP, WIFI_FEATURE_WPA_PERSONAL]
04-22 05:51:24.531 I/resolv  (  459): ResNSendHandler::run: 0 / {101 983141 101 983141 1073 1}
04-22 05:51:24.531 I/resolv  (  459): resolv_cache_lookup: FOUND IN CACHE entry=0xb400007d2ced1320
04-22 05:51:24.531 I/resolv  (  459): ResNSendHandler::run: 0 / {101 983141 101 983141 1073 1}
04-22 05:51:24.531 I/resolv  (  459): resolv_cache_lookup: FOUND IN CACHE entry=0xb400007e7ced28b0
04-22 05:51:24.534 D/NetworkMonitor/101( 1052): PROBE_DNS www.google.com 8ms OK 31.13.92.37,2001::1
04-22 05:51:24.535 I/resolv  (  459): GetAddrInfoHandler::run: {101 983141 101 983141 1073 1}
04-22 05:51:24.535 I/resolv  (  459): res_nmkquery: (QUERY, IN, AAAA)
04-22 05:51:24.535 I/resolv  (  459): res_nmkquery: (QUERY, IN, A)
04-22 05:51:24.535 I/resolv  (  459): resolv_cache_lookup: FOUND IN CACHE entry=0xb400007d2ced1320
04-22 05:51:24.535 I/resolv  (  459): doQuery: rcode=0, ancount=1, return value=48
04-22 05:51:24.536 I/resolv  (  459): resolv_cache_lookup: FOUND IN CACHE entry=0xb400007cdced1150
04-22 05:51:24.536 I/resolv  (  459): doQuery: rcode=0, ancount=1, return value=60
04-22 05:51:25.012 I/resolv  (  459): res_nsend: used send_dg 117 terrno: 0
04-22 05:51:25.016 D/NetworkMonitor/101( 1052): PROBE_DNS connectivitycheck.gstatic.com 490ms OK 114.250.66.34
04-22 05:51:25.018 I/resolv  (  459): GetAddrInfoHandler::run: {101 983141 101 983141 1073 1}
04-22 05:51:25.018 I/resolv  (  459): res_nmkquery: (QUERY, IN, AAAA)
04-22 05:51:25.018 I/resolv  (  459): resolv_cache_lookup: FOUND IN CACHE entry=0xb400007d0cedc470
04-22 05:51:25.018 I/resolv  (  459): doQuery: rcode=0, ancount=0, return value=117
04-22 05:51:25.018 I/resolv  (  459): res_nmkquery: (QUERY, IN, A)
04-22 05:51:25.018 I/resolv  (  459): resolv_cache_lookup: FOUND IN CACHE entry=0xb400007e7ced28b0
04-22 05:51:25.018 I/resolv  (  459): doQuery: rcode=0, ancount=1, return value=63
04-22 05:51:25.514 D/NetworkMonitor/101( 1052): PROBE_HTTP http://connectivitycheck.gstatic.com/generate_204 time=496ms ret=204 request={Connection=[close], User-Agent=[Mozilla/5.0 (X11; Linux x86_64) AppleWebKit/537.36 (KHTML, like Gecko) Chrome/60.0.3112.32 Safari/537.36]} headers={null=[HTTP/1.1 204 No Content], Connection=[close], Cross-Origin-Resource-Policy=[cross-origin], Date=[Tue, 21 Apr 2026 21:51:25 GMT], X-Android-Received-Millis=[1776808285513], X-Android-Response-Source=[NETWORK 204], X-Android-Selected-Protocol=[http/1.1], X-Android-Sent-Millis=[1776808285021]}
04-22 05:51:27.130 W/BestClock(  683): java.time.DateTimeException: No network time available
04-22 05:51:27.130 W/BestClock(  683): java.time.DateTimeException: No network time available
04-22 05:51:27.130 W/BestClock(  683): java.time.DateTimeException: No network time available
04-22 05:51:27.131 W/BestClock(  683): java.time.DateTimeException: No network time available
04-22 05:51:27.131 W/BestClock(  683): java.time.DateTimeException: No network time available
04-22 05:51:27.131 D/WifiClientModeImpl[9769:wlan0](  683): updateLinkLayerStatsRssiSpeedFrequencyCapabilities rssi=-50 TxLinkspeed=1 freq=2447 RxLinkSpeed=2
04-22 05:51:27.131 D/WifiDataStall(  683): tx tput in kbps: 11000
04-22 05:51:27.132 D/WifiDataStall(  683): rx tput in kbps: 11000
04-22 05:51:27.132 V/WifiConfigManager(  683): Updating scan detail cache freq=2447 BSSID=00:13:10:85:fe:01 RSSI=-50 for "AndroidWifi"NONE
04-22 05:51:27.132 D/WifiThroughputPredictor(  683):  utilization (LLS) 80 isBluetoothConnected: false final utilization: 80
04-22 05:51:27.132 D/WifiThroughputPredictor(  683):  BW: 0 RSSI: -50 Nss: 1 Mode: 1 symDur: 4000 snrDb 30 bitPerTone: 4500 rate: 54 throughput: 11
04-22 05:51:27.132 D/WifiThroughputPredictor(  683):  utilization (LLS) 80 isBluetoothConnected: false final utilization: 80
04-22 05:51:27.132 D/WifiThroughputPredictor(  683):  BW: 0 RSSI: -50 Nss: 1 Mode: 1 symDur: 4000 snrDb 30 bitPerTone: 4500 rate: 54 throughput: 11
04-22 05:51:27.133 D/WifiThroughputPredictor(  683):  utilization (LLS) 80 isBluetoothConnected: false final utilization: 80
04-22 05:51:27.133 D/WifiThroughputPredictor(  683):  BW: 0 RSSI: -50 Nss: 1 Mode: 1 symDur: 4000 snrDb 30 bitPerTone: 4500 rate: 54 throughput: 11
04-22 05:51:27.133 D/WifiThroughputPredictor(  683):  utilization (LLS) 80 isBluetoothConnected: false final utilization: 80
04-22 05:51:27.133 D/WifiThroughputPredictor(  683):  BW: 0 RSSI: -50 Nss: 1 Mode: 1 symDur: 4000 snrDb 30 bitPerTone: 4500 rate: 54 throughput: 11
04-22 05:51:27.133 D/WifiScoreCard(  683): BSSID update SIGNAL_POLL ID: 261501600 SSID: "AndroidWifi", BSSID: 00:13:10:85:fe:01, MAC: 02:15:b4:00:00:00, IP: /10.0.2.17, Security type: 0, Supplicant state: COMPLETED, Wi-Fi standard: legacy, RSSI: -50, Link speed: 1Mbps, Tx Link speed: 1Mbps, Max Supported Tx Link speed: 11Mbps, Rx Link speed: 2Mbps, Max Supported Rx Link speed: 11Mbps, Frequency: 2447MHz, Net ID: 0, Metered hint: false, score: 60, isUsable: true, CarrierMerged: false, SubscriptionId: -1, IsPrimary: 1, Trusted: true, Restricted: false, Ephemeral: false, OEM paid: false, OEM private: false, OSU AP: false, FQDN: <none>, Provider friendly name: <none>, Requesting package name: <none>"AndroidWifi"openMLO Information: , Is TID-To-Link negotiation supported by the AP: false, AP MLD Address: <none>, AP MLO Link Id: <none>, AP MLO Affiliated links: <none>, Vendor Data: <none>
04-22 05:51:27.133 D/WifiScoreCard(  683): txRate: 2 txSpeed: 1
04-22 05:51:27.133 D/WifiScoreCard(  683): network update SIGNAL_POLL "AndroidWifi" ID: 579418950 RSSI -50 txSpeed -1
04-22 05:51:27.133 D/WifiClientModeImpl[9769:wlan0](  683):  ClientModeImpl$L2ConnectedState screen=on 1 0 "AndroidWifi" 00:13:10:85:fe:01 rssi=-50 f=2447 sc=60 link=1 tx=1.8, 0.0, 0.0 rx=1.6 bcn=0 [on:0 tx:0 rx:0 period:3007] from screen [on:0 period:-1308173411] score=60
04-22 05:51:27.134 D/SatelliteController( 1086): iisInCarrierRoamingNbIotNtn: satellite is disabled
04-22 05:51:27.527 I/resolv  (  459): GetAddrInfoHandler::run: {101 983141 101 983141 1073 1}
04-22 05:51:27.528 I/resolv  (  459): res_nmkquery: (QUERY, IN, AAAA)
04-22 05:51:27.528 I/resolv  (  459): resolv_cache_lookup: FOUND IN CACHE entry=0xb400007cdced1150
04-22 05:51:27.528 I/resolv  (  459): doQuery: rcode=0, ancount=1, return value=60
04-22 05:51:27.528 I/resolv  (  459): res_nmkquery: (QUERY, IN, A)
04-22 05:51:27.528 I/resolv  (  459): resolv_cache_lookup: FOUND IN CACHE entry=0xb400007d2ced1320
04-22 05:51:27.528 I/resolv  (  459): doQuery: rcode=0, ancount=1, return value=48
04-22 05:51:28.017 D/NetworkMonitor/101( 1052): PROBE_FALLBACK http://www.google.com/gen_204 time=489ms ret=204 request={Connection=[close], User-Agent=[Mozilla/5.0 (X11; Linux x86_64) AppleWebKit/537.36 (KHTML, like Gecko) Chrome/60.0.3112.32 Safari/537.36]} headers={null=[HTTP/1.1 204 No Content], Connection=[close], Content-Security-Policy=[object-src 'none';base-uri 'self';script-src 'nonce-Bdbg6IEC4EwXo4FO2LvvgQ' 'strict-dynamic' 'report-sample' 'unsafe-eval' 'unsafe-inline' https: http:;report-uri https://csp.withgoogle.com/csp/gws/other], Content-Type=[text/html; charset=UTF-8], Date=[Tue, 21 Apr 2026 21:51:27 GMT], Permissions-Policy=[unload=()], Server=[gws], X-Android-Received-Millis=[1776808288016], X-Android-Response-Source=[NETWORK 204], X-Android-Selected-Protocol=[http/1.1], X-Android-Sent-Millis=[1776808287532], X-Frame-Options=[SAMEORIGIN], X-Xss-Protection=[0]}
04-22 05:51:28.340 D/wpa_supplicant(  938): nl80211: Drv Event 64 (NL80211_CMD_NOTIFY_CQM) received for wlan0
04-22 05:51:28.340 D/wpa_supplicant(  938): nl80211: Beacon loss event
04-22 05:51:28.340 D/wpa_supplicant(  938): wlan0: Event BEACON_LOSS (53) received
04-22 05:51:28.340 I/wpa_supplicant(  938): wlan0: CTRL-EVENT-BEACON-LOSS 
04-22 05:51:29.627 I/netd    (  459): setProcSysNet(4, 2, wlan0, retrans_time_ms, 750) <0.07ms>
04-22 05:51:29.627 I/netd    (  459): setProcSysNet(4, 2, wlan0, ucast_solicit, 10) <0.03ms>
04-22 05:51:29.627 I/netd    (  459): setProcSysNet(6, 2, wlan0, retrans_time_ms, 750) <0.04ms>
04-22 05:51:29.627 I/netd    (  459): setProcSysNet(6, 2, wlan0, ucast_solicit, 10) <0.01ms>
04-22 05:51:30.137 W/BestClock(  683): java.time.DateTimeException: No network time available
04-22 05:51:30.138 W/BestClock(  683): java.time.DateTimeException: No network time available
04-22 05:51:30.138 W/BestClock(  683): java.time.DateTimeException: No network time available
04-22 05:51:30.139 W/BestClock(  683): java.time.DateTimeException: No network time available
04-22 05:51:30.139 W/BestClock(  683): java.time.DateTimeException: No network time available
04-22 05:51:30.142 D/WifiClientModeImpl[9769:wlan0](  683): updateLinkLayerStatsRssiSpeedFrequencyCapabilities rssi=-50 TxLinkspeed=1 freq=2447 RxLinkSpeed=2
04-22 05:51:30.142 D/WifiDataStall(  683): tx tput in kbps: 11000
04-22 05:51:30.142 D/WifiDataStall(  683): rx tput in kbps: 11000
04-22 05:51:30.142 V/WifiConfigManager(  683): Updating scan detail cache freq=2447 BSSID=00:13:10:85:fe:01 RSSI=-50 for "AndroidWifi"NONE
04-22 05:51:30.142 D/WifiThroughputPredictor(  683):  utilization (LLS) 80 isBluetoothConnected: false final utilization: 80
04-22 05:51:30.142 D/WifiThroughputPredictor(  683):  BW: 0 RSSI: -50 Nss: 1 Mode: 1 symDur: 4000 snrDb 30 bitPerTone: 4500 rate: 54 throughput: 11
04-22 05:51:30.142 D/WifiThroughputPredictor(  683):  utilization (LLS) 80 isBluetoothConnected: false final utilization: 80
04-22 05:51:30.142 D/WifiThroughputPredictor(  683):  BW: 0 RSSI: -50 Nss: 1 Mode: 1 symDur: 4000 snrDb 30 bitPerTone: 4500 rate: 54 throughput: 11
04-22 05:51:30.142 D/WifiThroughputPredictor(  683):  utilization (LLS) 80 isBluetoothConnected: false final utilization: 80
04-22 05:51:30.142 D/WifiThroughputPredictor(  683):  BW: 0 RSSI: -50 Nss: 1 Mode: 1 symDur: 4000 snrDb 30 bitPerTone: 4500 rate: 54 throughput: 11
04-22 05:51:30.142 D/WifiThroughputPredictor(  683):  utilization (LLS) 80 isBluetoothConnected: false final utilization: 80
04-22 05:51:30.142 D/WifiThroughputPredictor(  683):  BW: 0 RSSI: -50 Nss: 1 Mode: 1 symDur: 4000 snrDb 30 bitPerTone: 4500 rate: 54 throughput: 11
04-22 05:51:30.143 D/WifiScoreCard(  683): BSSID update SIGNAL_POLL ID: 261501600 SSID: "AndroidWifi", BSSID: 00:13:10:85:fe:01, MAC: 02:15:b4:00:00:00, IP: /10.0.2.17, Security type: 0, Supplicant state: COMPLETED, Wi-Fi standard: legacy, RSSI: -50, Link speed: 1Mbps, Tx Link speed: 1Mbps, Max Supported Tx Link speed: 11Mbps, Rx Link speed: 2Mbps, Max Supported Rx Link speed: 11Mbps, Frequency: 2447MHz, Net ID: 0, Metered hint: false, score: 60, isUsable: true, CarrierMerged: false, SubscriptionId: -1, IsPrimary: 1, Trusted: true, Restricted: false, Ephemeral: false, OEM paid: false, OEM private: false, OSU AP: false, FQDN: <none>, Provider friendly name: <none>, Requesting package name: <none>"AndroidWifi"openMLO Information: , Is TID-To-Link negotiation supported by the AP: false, AP MLD Address: <none>, AP MLO Link Id: <none>, AP MLO Affiliated links: <none>, Vendor Data: <none>
04-22 05:51:30.143 D/WifiScoreCard(  683): txRate: 2 txSpeed: 1
04-22 05:51:30.143 D/WifiScoreCard(  683): network update SIGNAL_POLL "AndroidWifi" ID: 579418950 RSSI -50 txSpeed -1
04-22 05:51:30.143 D/WifiClientModeImpl[9769:wlan0](  683):  ClientModeImpl$L2ConnectedState screen=on 1 0 "AndroidWifi" 00:13:10:85:fe:01 rssi=-50 f=2447 sc=60 link=1 tx=1.7, 0.0, 0.0 rx=1.6 bcn=0 [on:0 tx:0 rx:0 period:3010] from screen [on:0 period:-1308170401] score=60
04-22 05:51:33.149 W/BestClock(  683): java.time.DateTimeException: No network time available
04-22 05:51:33.149 W/BestClock(  683): java.time.DateTimeException: No network time available
04-22 05:51:33.149 W/BestClock(  683): java.time.DateTimeException: No network time available
04-22 05:51:33.149 W/BestClock(  683): java.time.DateTimeException: No network time available
04-22 05:51:33.149 W/BestClock(  683): java.time.DateTimeException: No network time available
04-22 05:51:33.150 D/WifiClientModeImpl[9769:wlan0](  683): updateLinkLayerStatsRssiSpeedFrequencyCapabilities rssi=-50 TxLinkspeed=1 freq=2447 RxLinkSpeed=2
04-22 05:51:33.150 D/WifiDataStall(  683): tx tput in kbps: 11000
04-22 05:51:33.150 D/WifiDataStall(  683): rx tput in kbps: 11000
04-22 05:51:33.150 V/WifiConfigManager(  683): Updating scan detail cache freq=2447 BSSID=00:13:10:85:fe:01 RSSI=-50 for "AndroidWifi"NONE
04-22 05:51:33.150 D/WifiThroughputPredictor(  683):  utilization (LLS) 80 isBluetoothConnected: false final utilization: 80
04-22 05:51:33.150 D/WifiThroughputPredictor(  683):  BW: 0 RSSI: -50 Nss: 1 Mode: 1 symDur: 4000 snrDb 30 bitPerTone: 4500 rate: 54 throughput: 11
04-22 05:51:33.150 D/WifiThroughputPredictor(  683):  utilization (LLS) 80 isBluetoothConnected: false final utilization: 80
04-22 05:51:33.150 D/WifiThroughputPredictor(  683):  BW: 0 RSSI: -50 Nss: 1 Mode: 1 symDur: 4000 snrDb 30 bitPerTone: 4500 rate: 54 throughput: 11
04-22 05:51:33.150 D/WifiThroughputPredictor(  683):  utilization (LLS) 80 isBluetoothConnected: false final utilization: 80
04-22 05:51:33.150 D/WifiThroughputPredictor(  683):  BW: 0 RSSI: -50 Nss: 1 Mode: 1 symDur: 4000 snrDb 30 bitPerTone: 4500 rate: 54 throughput: 11
04-22 05:51:33.150 D/WifiThroughputPredictor(  683):  utilization (LLS) 80 isBluetoothConnected: false final utilization: 80
04-22 05:51:33.150 D/WifiThroughputPredictor(  683):  BW: 0 RSSI: -50 Nss: 1 Mode: 1 symDur: 4000 snrDb 30 bitPerTone: 4500 rate: 54 throughput: 11
04-22 05:51:33.150 D/WifiScoreCard(  683): BSSID update SIGNAL_POLL ID: 261501600 SSID: "AndroidWifi", BSSID: 00:13:10:85:fe:01, MAC: 02:15:b4:00:00:00, IP: /10.0.2.17, Security type: 0, Supplicant state: COMPLETED, Wi-Fi standard: legacy, RSSI: -50, Link speed: 1Mbps, Tx Link speed: 1Mbps, Max Supported Tx Link speed: 11Mbps, Rx Link speed: 2Mbps, Max Supported Rx Link speed: 11Mbps, Frequency: 2447MHz, Net ID: 0, Metered hint: false, score: 60, isUsable: true, CarrierMerged: false, SubscriptionId: -1, IsPrimary: 1, Trusted: true, Restricted: false, Ephemeral: false, OEM paid: false, OEM private: false, OSU AP: false, FQDN: <none>, Provider friendly name: <none>, Requesting package name: <none>"AndroidWifi"openMLO Information: , Is TID-To-Link negotiation supported by the AP: false, AP MLD Address: <none>, AP MLO Link Id: <none>, AP MLO Affiliated links: <none>, Vendor Data: <none>
04-22 05:51:33.151 D/WifiScoreCard(  683): txRate: 1 txSpeed: 1
04-22 05:51:33.151 D/WifiScoreCard(  683): network update SIGNAL_POLL "AndroidWifi" ID: 579418950 RSSI -50 txSpeed -1
04-22 05:51:33.151 D/WifiClientModeImpl[9769:wlan0](  683):  ClientModeImpl$L2ConnectedState screen=on 1 0 "AndroidWifi" 00:13:10:85:fe:01 rssi=-50 f=2447 sc=60 link=1 tx=0.6, 0.0, 0.0 rx=0.6 bcn=0 [on:0 tx:0 rx:0 period:3008] from screen [on:0 period:-1308167393] score=60
04-22 05:51:33.208 I/WifiService(  683): isFeatureSupported uid=1000 returns [WIFI_FEATURE_INFRA, WIFI_FEATURE_P2P, WIFI_FEATURE_MOBILE_HOTSPOT, WIFI_FEATURE_WPA3_SAE, WIFI_FEATURE_WPA3_SUITE_B, WIFI_FEATURE_OWE, WIFI_FEATURE_DPP, WIFI_FEATURE_AP_RAND_MAC, WIFI_FEATURE_MBO, WIFI_FEATURE_FILS_SHA256, WIFI_FEATURE_FILS_SHA384, WIFI_FEATURE_SAE_PK, WIFI_FEATURE_DPP_ENROLLEE_RESPONDER, WIFI_FEATURE_PASSPOINT_TERMS_AND_CONDITIONS, WIFI_FEATURE_WFD_R2, WIFI_FEATURE_DECORATED_IDENTITY, WIFI_FEATURE_TRUST_ON_FIRST_USE, WIFI_FEATURE_SET_TLS_MINIMUM_VERSION, WIFI_FEATURE_TLS_V1_3, WIFI_FEATURE_WEP, WIFI_FEATURE_WPA_PERSONAL]
04-22 05:51:33.211 E/BluetoothPowerStatsCollector(  683): Cannot acquire BluetoothActivityEnergyInfo
04-22 05:51:33.211 E/BluetoothPowerStatsCollector(  683): java.util.concurrent.ExecutionException: java.lang.RuntimeException: error: 11
04-22 05:51:33.211 E/BluetoothPowerStatsCollector(  683): 	at java.util.concurrent.CompletableFuture.reportGet(CompletableFuture.java:372)
04-22 05:51:33.211 E/BluetoothPowerStatsCollector(  683): 	at java.util.concurrent.CompletableFuture.get(CompletableFuture.java:2072)
04-22 05:51:33.211 E/BluetoothPowerStatsCollector(  683): 	at com.android.server.power.stats.BluetoothPowerStatsCollector.collectBluetoothActivityInfo(BluetoothPowerStatsCollector.java:192)
04-22 05:51:33.211 E/BluetoothPowerStatsCollector(  683): 	at com.android.server.power.stats.BluetoothPowerStatsCollector.collectStats(BluetoothPowerStatsCollector.java:155)
04-22 05:51:33.211 E/BluetoothPowerStatsCollector(  683): 	at com.android.server.power.stats.PowerStatsCollector.collectAndDeliverStats(PowerStatsCollector.java:176)
04-22 05:51:33.211 E/BluetoothPowerStatsCollector(  683): 	at com.android.server.power.stats.PowerStatsCollector$$ExternalSyntheticLambda0.run(R8$$SyntheticClass:0)
04-22 05:51:33.211 E/BluetoothPowerStatsCollector(  683): 	at android.os.Handler.handleCallback(Handler.java:995)
04-22 05:51:33.211 E/BluetoothPowerStatsCollector(  683): 	at android.os.Handler.dispatchMessage(Handler.java:103)
04-22 05:51:33.211 E/BluetoothPowerStatsCollector(  683): 	at android.os.Looper.loopOnce(Looper.java:248)
04-22 05:51:33.211 E/BluetoothPowerStatsCollector(  683): 	at android.os.Looper.loop(Looper.java:338)
04-22 05:51:33.211 E/BluetoothPowerStatsCollector(  683): 	at android.os.HandlerThread.run(HandlerThread.java:85)
04-22 05:51:33.211 E/BluetoothPowerStatsCollector(  683): Caused by: java.lang.RuntimeException: error: 11
04-22 05:51:33.211 E/BluetoothPowerStatsCollector(  683): 	at com.android.server.power.stats.BluetoothPowerStatsCollector$1.onBluetoothActivityEnergyInfoError(BluetoothPowerStatsCollector.java:181)
04-22 05:51:33.211 E/BluetoothPowerStatsCollector(  683): 	at android.bluetooth.BluetoothAdapter$OnBluetoothActivityEnergyInfoProxy.lambda$onBluetoothActivityEnergyInfoAvailable$0(BluetoothAdapter.java:1037)
04-22 05:51:33.211 E/BluetoothPowerStatsCollector(  683): 	at android.bluetooth.BluetoothAdapter$OnBluetoothActivityEnergyInfoProxy$$ExternalSyntheticLambda1.run(D8$$SyntheticClass:0)
04-22 05:51:33.211 E/BluetoothPowerStatsCollector(  683): 	at android.bluetooth.BluetoothUtils.lambda$executeFromBinder$0(BluetoothUtils.java:343)
04-22 05:51:33.211 E/BluetoothPowerStatsCollector(  683): 	at android.bluetooth.BluetoothUtils$$ExternalSyntheticLambda1.run(D8$$SyntheticClass:0)
04-22 05:51:33.211 E/BluetoothPowerStatsCollector(  683): 	at com.android.server.SystemServerInitThreadPool$$ExternalSyntheticLambda0.execute(R8$$SyntheticClass:0)
04-22 05:51:33.211 E/BluetoothPowerStatsCollector(  683): 	at android.bluetooth.BluetoothUtils.executeFromBinder(BluetoothUtils.java:343)
04-22 05:51:33.211 E/BluetoothPowerStatsCollector(  683): 	at android.bluetooth.BluetoothAdapter$OnBluetoothActivityEnergyInfoProxy.onBluetoothActivityEnergyInfoAvailable(BluetoothAdapter.java:1035)
04-22 05:51:33.211 E/BluetoothPowerStatsCollector(  683): 	at android.bluetooth.IBluetoothActivityEnergyInfoListener$Stub.onTransact(IBluetoothActivityEnergyInfoListener.java:98)
04-22 05:51:33.211 E/BluetoothPowerStatsCollector(  683): 	at android.os.Binder.execTransactInternal(Binder.java:1426)
04-22 05:51:33.211 E/BluetoothPowerStatsCollector(  683): 	at android.os.Binder.execTransact(Binder.java:1365)
04-22 05:51:35.049 D/NetworkMonitor/101( 1052): PROBE_HTTPS https://www.google.com/generate_204 Probe failed with exception javax.net.ssl.SSLHandshakeException: connection closed
04-22 05:51:35.049 D/NetworkMonitor/101( 1052): isCaptivePortal: isSuccessful()=false isPortal()=false RedirectUrl=null isPartialConnectivity()=true Time=10524ms
04-22 05:51:35.049 D/ConnectivityService(  683): [101 WIFI] validation failed
04-22 05:51:36.156 W/BestClock(  683): java.time.DateTimeException: No network time available
04-22 05:51:36.157 W/BestClock(  683): java.time.DateTimeException: No network time available
04-22 05:51:36.157 W/BestClock(  683): java.time.DateTimeException: No network time available
04-22 05:51:36.157 W/BestClock(  683): java.time.DateTimeException: No network time available
04-22 05:51:36.157 W/BestClock(  683): java.time.DateTimeException: No network time available
04-22 05:51:36.158 D/WifiClientModeImpl[9769:wlan0](  683): updateLinkLayerStatsRssiSpeedFrequencyCapabilities rssi=-50 TxLinkspeed=1 freq=2447 RxLinkSpeed=2
04-22 05:51:36.158 D/WifiDataStall(  683): tx tput in kbps: 11000
04-22 05:51:36.158 D/WifiDataStall(  683): rx tput in kbps: 11000
04-22 05:51:36.158 V/WifiConfigManager(  683): Updating scan detail cache freq=2447 BSSID=00:13:10:85:fe:01 RSSI=-50 for "AndroidWifi"NONE
04-22 05:51:36.158 D/WifiThroughputPredictor(  683):  utilization (LLS) 80 isBluetoothConnected: false final utilization: 80
04-22 05:51:36.158 D/WifiThroughputPredictor(  683):  BW: 0 RSSI: -50 Nss: 1 Mode: 1 symDur: 4000 snrDb 30 bitPerTone: 4500 rate: 54 throughput: 11
04-22 05:51:36.158 D/WifiThroughputPredictor(  683):  utilization (LLS) 80 isBluetoothConnected: false final utilization: 80
04-22 05:51:36.158 D/WifiThroughputPredictor(  683):  BW: 0 RSSI: -50 Nss: 1 Mode: 1 symDur: 4000 snrDb 30 bitPerTone: 4500 rate: 54 throughput: 11
04-22 05:51:36.159 D/WifiThroughputPredictor(  683):  utilization (LLS) 80 isBluetoothConnected: false final utilization: 80
04-22 05:51:36.159 D/WifiThroughputPredictor(  683):  BW: 0 RSSI: -50 Nss: 1 Mode: 1 symDur: 4000 snrDb 30 bitPerTone: 4500 rate: 54 throughput: 11
04-22 05:51:36.159 D/WifiThroughputPredictor(  683):  utilization (LLS) 80 isBluetoothConnected: false final utilization: 80
04-22 05:51:36.159 D/WifiThroughputPredictor(  683):  BW: 0 RSSI: -50 Nss: 1 Mode: 1 symDur: 4000 snrDb 30 bitPerTone: 4500 rate: 54 throughput: 11
04-22 05:51:36.159 D/WifiScoreCard(  683): BSSID update SIGNAL_POLL ID: 261501600 SSID: "AndroidWifi", BSSID: 00:13:10:85:fe:01, MAC: 02:15:b4:00:00:00, IP: /10.0.2.17, Security type: 0, Supplicant state: COMPLETED, Wi-Fi standard: legacy, RSSI: -50, Link speed: 1Mbps, Tx Link speed: 1Mbps, Max Supported Tx Link speed: 11Mbps, Rx Link speed: 2Mbps, Max Supported Rx Link speed: 11Mbps, Frequency: 2447MHz, Net ID: 0, Metered hint: false, score: 60, isUsable: true, CarrierMerged: false, SubscriptionId: -1, IsPrimary: 1, Trusted: true, Restricted: false, Ephemeral: false, OEM paid: false, OEM private: false, OSU AP: false, FQDN: <none>, Provider friendly name: <none>, Requesting package name: <none>"AndroidWifi"openMLO Information: , Is TID-To-Link negotiation supported by the AP: false, AP MLD Address: <none>, AP MLO Link Id: <none>, AP MLO Affiliated links: <none>, Vendor Data: <none>
04-22 05:51:36.159 D/WifiScoreCard(  683): txRate: 2 txSpeed: 1
04-22 05:51:36.159 D/WifiScoreCard(  683): network update SIGNAL_POLL "AndroidWifi" ID: 579418950 RSSI -50 txSpeed -1
04-22 05:51:36.159 D/WifiClientModeImpl[9769:wlan0](  683):  ClientModeImpl$L2ConnectedState screen=on 1 0 "AndroidWifi" 00:13:10:85:fe:01 rssi=-50 f=2447 sc=60 link=1 tx=1.4, 0.0, 0.0 rx=1.4 bcn=0 [on:0 tx:0 rx:0 period:3008] from screen [on:0 period:-1308164385] score=60
04-22 05:51:36.277 D/wpa_supplicant(  938): nl80211: Drv Event 64 (NL80211_CMD_NOTIFY_CQM) received for wlan0
04-22 05:51:36.277 D/wpa_supplicant(  938): nl80211: Beacon loss event
04-22 05:51:36.277 D/wpa_supplicant(  938): wlan0: Event BEACON_LOSS (53) received
04-22 05:51:36.277 I/wpa_supplicant(  938): wlan0: CTRL-EVENT-BEACON-LOSS 
04-22 05:51:37.133 D/SatelliteController( 1086): iisInCarrierRoamingNbIotNtn: satellite is disabled
04-22 05:51:39.166 W/BestClock(  683): java.time.DateTimeException: No network time available
04-22 05:51:39.166 W/BestClock(  683): java.time.DateTimeException: No network time available
04-22 05:51:39.166 W/BestClock(  683): java.time.DateTimeException: No network time available
04-22 05:51:39.166 W/BestClock(  683): java.time.DateTimeException: No network time available
04-22 05:51:39.167 W/BestClock(  683): java.time.DateTimeException: No network time available
04-22 05:51:39.167 D/WifiClientModeImpl[9769:wlan0](  683): updateLinkLayerStatsRssiSpeedFrequencyCapabilities rssi=-50 TxLinkspeed=1 freq=2447 RxLinkSpeed=2
04-22 05:51:39.168 D/WifiDataStall(  683): tx tput in kbps: 11000
04-22 05:51:39.168 D/WifiDataStall(  683): rx tput in kbps: 11000
04-22 05:51:39.168 V/WifiConfigManager(  683): Updating scan detail cache freq=2447 BSSID=00:13:10:85:fe:01 RSSI=-50 for "AndroidWifi"NONE
04-22 05:51:39.168 D/WifiThroughputPredictor(  683):  utilization (LLS) 80 isBluetoothConnected: false final utilization: 80
04-22 05:51:39.168 D/WifiThroughputPredictor(  683):  BW: 0 RSSI: -50 Nss: 1 Mode: 1 symDur: 4000 snrDb 30 bitPerTone: 4500 rate: 54 throughput: 11
04-22 05:51:39.168 D/WifiThroughputPredictor(  683):  utilization (LLS) 80 isBluetoothConnected: false final utilization: 80
04-22 05:51:39.168 D/WifiThroughputPredictor(  683):  BW: 0 RSSI: -50 Nss: 1 Mode: 1 symDur: 4000 snrDb 30 bitPerTone: 4500 rate: 54 throughput: 11
04-22 05:51:39.169 D/WifiThroughputPredictor(  683):  utilization (LLS) 80 isBluetoothConnected: false final utilization: 80
04-22 05:51:39.169 D/WifiThroughputPredictor(  683):  BW: 0 RSSI: -50 Nss: 1 Mode: 1 symDur: 4000 snrDb 30 bitPerTone: 4500 rate: 54 throughput: 11
04-22 05:51:39.169 D/WifiThroughputPredictor(  683):  utilization (LLS) 80 isBluetoothConnected: false final utilization: 80
04-22 05:51:39.169 D/WifiThroughputPredictor(  683):  BW: 0 RSSI: -50 Nss: 1 Mode: 1 symDur: 4000 snrDb 30 bitPerTone: 4500 rate: 54 throughput: 11
04-22 05:51:39.169 D/WifiScoreCard(  683): BSSID update SIGNAL_POLL ID: 261501600 SSID: "AndroidWifi", BSSID: 00:13:10:85:fe:01, MAC: 02:15:b4:00:00:00, IP: /10.0.2.17, Security type: 0, Supplicant state: COMPLETED, Wi-Fi standard: legacy, RSSI: -50, Link speed: 1Mbps, Tx Link speed: 1Mbps, Max Supported Tx Link speed: 11Mbps, Rx Link speed: 2Mbps, Max Supported Rx Link speed: 11Mbps, Frequency: 2447MHz, Net ID: 0, Metered hint: false, score: 60, isUsable: true, CarrierMerged: false, SubscriptionId: -1, IsPrimary: 1, Trusted: true, Restricted: false, Ephemeral: false, OEM paid: false, OEM private: false, OSU AP: false, FQDN: <none>, Provider friendly name: <none>, Requesting package name: <none>"AndroidWifi"openMLO Information: , Is TID-To-Link negotiation supported by the AP: false, AP MLD Address: <none>, AP MLO Link Id: <none>, AP MLO Affiliated links: <none>, Vendor Data: <none>
04-22 05:51:39.169 D/WifiScoreCard(  683): txRate: 1 txSpeed: 1
04-22 05:51:39.169 D/WifiScoreCard(  683): network update SIGNAL_POLL "AndroidWifi" ID: 579418950 RSSI -50 txSpeed -1
04-22 05:51:39.169 D/WifiClientModeImpl[9769:wlan0](  683):  ClientModeImpl$L2ConnectedState screen=on 1 0 "AndroidWifi" 00:13:10:85:fe:01 rssi=-50 f=2447 sc=60 link=1 tx=0.5, 0.0, 0.0 rx=0.5 bcn=0 [on:0 tx:0 rx:0 period:3010] from screen [on:0 period:-1308161375] score=60
04-22 05:51:39.609 I/netd    (  459): setProcSysNet(4, 2, wlan0, retrans_time_ms, 750) <0.07ms>
04-22 05:51:39.609 I/netd    (  459): setProcSysNet(4, 2, wlan0, ucast_solicit, 10) <0.04ms>
04-22 05:51:39.610 I/netd    (  459): setProcSysNet(6, 2, wlan0, retrans_time_ms, 750) <0.04ms>
04-22 05:51:39.611 I/netd    (  459): setProcSysNet(6, 2, wlan0, ucast_solicit, 10) <0.05ms>
04-22 05:51:42.174 W/BestClock(  683): java.time.DateTimeException: No network time available
04-22 05:51:42.174 W/BestClock(  683): java.time.DateTimeException: No network time available
04-22 05:51:42.174 W/BestClock(  683): java.time.DateTimeException: No network time available
04-22 05:51:42.174 W/BestClock(  683): java.time.DateTimeException: No network time available
04-22 05:51:42.174 W/BestClock(  683): java.time.DateTimeException: No network time available
04-22 05:51:42.174 D/WifiClientModeImpl[9769:wlan0](  683): updateLinkLayerStatsRssiSpeedFrequencyCapabilities rssi=-50 TxLinkspeed=1 freq=2447 RxLinkSpeed=2
04-22 05:51:42.174 D/WifiDataStall(  683): tx tput in kbps: 11000
04-22 05:51:42.174 D/WifiDataStall(  683): rx tput in kbps: 11000
04-22 05:51:42.174 V/WifiConfigManager(  683): Updating scan detail cache freq=2447 BSSID=00:13:10:85:fe:01 RSSI=-50 for "AndroidWifi"NONE
04-22 05:51:42.174 D/WifiThroughputPredictor(  683):  utilization (LLS) 80 isBluetoothConnected: false final utilization: 80
04-22 05:51:42.174 D/WifiThroughputPredictor(  683):  BW: 0 RSSI: -50 Nss: 1 Mode: 1 symDur: 4000 snrDb 30 bitPerTone: 4500 rate: 54 throughput: 11
04-22 05:51:42.174 D/WifiThroughputPredictor(  683):  utilization (LLS) 80 isBluetoothConnected: false final utilization: 80
04-22 05:51:42.174 D/WifiThroughputPredictor(  683):  BW: 0 RSSI: -50 Nss: 1 Mode: 1 symDur: 4000 snrDb 30 bitPerTone: 4500 rate: 54 throughput: 11
04-22 05:51:42.175 D/WifiThroughputPredictor(  683):  utilization (LLS) 80 isBluetoothConnected: false final utilization: 80
04-22 05:51:42.175 D/WifiThroughputPredictor(  683):  BW: 0 RSSI: -50 Nss: 1 Mode: 1 symDur: 4000 snrDb 30 bitPerTone: 4500 rate: 54 throughput: 11
04-22 05:51:42.175 D/WifiThroughputPredictor(  683):  utilization (LLS) 80 isBluetoothConnected: false final utilization: 80
04-22 05:51:42.175 D/WifiThroughputPredictor(  683):  BW: 0 RSSI: -50 Nss: 1 Mode: 1 symDur: 4000 snrDb 30 bitPerTone: 4500 rate: 54 throughput: 11
04-22 05:51:42.175 D/WifiScoreCard(  683): BSSID update SIGNAL_POLL ID: 261501600 SSID: "AndroidWifi", BSSID: 00:13:10:85:fe:01, MAC: 02:15:b4:00:00:00, IP: /10.0.2.17, Security type: 0, Supplicant state: COMPLETED, Wi-Fi standard: legacy, RSSI: -50, Link speed: 1Mbps, Tx Link speed: 1Mbps, Max Supported Tx Link speed: 11Mbps, Rx Link speed: 2Mbps, Max Supported Rx Link speed: 11Mbps, Frequency: 2447MHz, Net ID: 0, Metered hint: false, score: 60, isUsable: true, CarrierMerged: false, SubscriptionId: -1, IsPrimary: 1, Trusted: true, Restricted: false, Ephemeral: false, OEM paid: false, OEM private: false, OSU AP: false, FQDN: <none>, Provider friendly name: <none>, Requesting package name: <none>"AndroidWifi"openMLO Information: , Is TID-To-Link negotiation supported by the AP: false, AP MLD Address: <none>, AP MLO Link Id: <none>, AP MLO Affiliated links: <none>, Vendor Data: <none>
04-22 05:51:42.175 D/WifiScoreCard(  683): txRate: 1 txSpeed: 1
04-22 05:51:42.175 D/WifiScoreCard(  683): network update SIGNAL_POLL "AndroidWifi" ID: 579418950 RSSI -50 txSpeed -1
04-22 05:51:42.175 D/WifiClientModeImpl[9769:wlan0](  683):  ClientModeImpl$L2ConnectedState screen=on 1 0 "AndroidWifi" 00:13:10:85:fe:01 rssi=-50 f=2447 sc=60 link=1 tx=0.2, 0.0, 0.0 rx=0.2 bcn=0 [on:0 tx:0 rx:0 period:3006] from screen [on:0 period:-1308158369] score=60
04-22 05:51:44.469 D/wpa_supplicant(  938): nl80211: Drv Event 64 (NL80211_CMD_NOTIFY_CQM) received for wlan0
04-22 05:51:44.469 D/wpa_supplicant(  938): nl80211: Beacon loss event
04-22 05:51:44.469 D/wpa_supplicant(  938): wlan0: Event BEACON_LOSS (53) received
04-22 05:51:44.469 I/wpa_supplicant(  938): wlan0: CTRL-EVENT-BEACON-LOSS 
04-22 05:51:45.180 W/BestClock(  683): java.time.DateTimeException: No network time available
04-22 05:51:45.181 W/BestClock(  683): java.time.DateTimeException: No network time available
04-22 05:51:45.181 W/BestClock(  683): java.time.DateTimeException: No network time available
04-22 05:51:45.181 W/BestClock(  683): java.time.DateTimeException: No network time available
04-22 05:51:45.181 W/BestClock(  683): java.time.DateTimeException: No network time available
04-22 05:51:45.181 D/WifiClientModeImpl[9769:wlan0](  683): updateLinkLayerStatsRssiSpeedFrequencyCapabilities rssi=-50 TxLinkspeed=1 freq=2447 RxLinkSpeed=2
04-22 05:51:45.181 D/WifiDataStall(  683): tx tput in kbps: 11000
04-22 05:51:45.181 D/WifiDataStall(  683): rx tput in kbps: 11000
04-22 05:51:45.181 V/WifiConfigManager(  683): Updating scan detail cache freq=2447 BSSID=00:13:10:85:fe:01 RSSI=-50 for "AndroidWifi"NONE
04-22 05:51:45.181 D/WifiThroughputPredictor(  683):  utilization (LLS) 80 isBluetoothConnected: false final utilization: 80
04-22 05:51:45.181 D/WifiThroughputPredictor(  683):  BW: 0 RSSI: -50 Nss: 1 Mode: 1 symDur: 4000 snrDb 30 bitPerTone: 4500 rate: 54 throughput: 11
04-22 05:51:45.181 D/WifiThroughputPredictor(  683):  utilization (LLS) 80 isBluetoothConnected: false final utilization: 80
04-22 05:51:45.181 D/WifiThroughputPredictor(  683):  BW: 0 RSSI: -50 Nss: 1 Mode: 1 symDur: 4000 snrDb 30 bitPerTone: 4500 rate: 54 throughput: 11
04-22 05:51:45.181 D/WifiThroughputPredictor(  683):  utilization (LLS) 80 isBluetoothConnected: false final utilization: 80
04-22 05:51:45.181 D/WifiThroughputPredictor(  683):  BW: 0 RSSI: -50 Nss: 1 Mode: 1 symDur: 4000 snrDb 30 bitPerTone: 4500 rate: 54 throughput: 11
04-22 05:51:45.181 D/WifiThroughputPredictor(  683):  utilization (LLS) 80 isBluetoothConnected: false final utilization: 80
04-22 05:51:45.182 D/WifiThroughputPredictor(  683):  BW: 0 RSSI: -50 Nss: 1 Mode: 1 symDur: 4000 snrDb 30 bitPerTone: 4500 rate: 54 throughput: 11
04-22 05:51:45.182 D/WifiScoreCard(  683): BSSID update SIGNAL_POLL ID: 261501600 SSID: "AndroidWifi", BSSID: 00:13:10:85:fe:01, MAC: 02:15:b4:00:00:00, IP: /10.0.2.17, Security type: 0, Supplicant state: COMPLETED, Wi-Fi standard: legacy, RSSI: -50, Link speed: 1Mbps, Tx Link speed: 1Mbps, Max Supported Tx Link speed: 11Mbps, Rx Link speed: 2Mbps, Max Supported Rx Link speed: 11Mbps, Frequency: 2447MHz, Net ID: 0, Metered hint: false, score: 60, isUsable: true, CarrierMerged: false, SubscriptionId: -1, IsPrimary: 1, Trusted: true, Restricted: false, Ephemeral: false, OEM paid: false, OEM private: false, OSU AP: false, FQDN: <none>, Provider friendly name: <none>, Requesting package name: <none>"AndroidWifi"openMLO Information: , Is TID-To-Link negotiation supported by the AP: false, AP MLD Address: <none>, AP MLO Link Id: <none>, AP MLO Affiliated links: <none>, Vendor Data: <none>
04-22 05:51:45.182 D/WifiScoreCard(  683): txRate: 1 txSpeed: 1
04-22 05:51:45.182 D/WifiScoreCard(  683): network update SIGNAL_POLL "AndroidWifi" ID: 579418950 RSSI -50 txSpeed -1
04-22 05:51:45.182 D/WifiClientModeImpl[9769:wlan0](  683):  ClientModeImpl$L2ConnectedState screen=on 1 0 "AndroidWifi" 00:13:10:85:fe:01 rssi=-50 f=2447 sc=60 link=1 tx=0.0, 0.0, 0.0 rx=0.0 bcn=0 [on:0 tx:0 rx:0 period:3007] from screen [on:0 period:-1308155362] score=60
04-22 05:51:47.141 D/SatelliteController( 1086): iisInCarrierRoamingNbIotNtn: satellite is disabled
04-22 05:51:47.462 I/logd    (  235): logdr: UID=2000 GID=2000 PID=4992 n tail=0 logMask=99 pid=0 start=0ns deadline=0ns
04-22 05:51:48.189 W/BestClock(  683): java.time.DateTimeException: No network time available
04-22 05:51:48.190 W/BestClock(  683): java.time.DateTimeException: No network time available
04-22 05:51:48.190 W/BestClock(  683): java.time.DateTimeException: No network time available
04-22 05:51:48.190 W/BestClock(  683): java.time.DateTimeException: No network time available
04-22 05:51:48.190 W/BestClock(  683): java.time.DateTimeException: No network time available
04-22 05:51:48.192 D/WifiClientModeImpl[9769:wlan0](  683): updateLinkLayerStatsRssiSpeedFrequencyCapabilities rssi=-50 TxLinkspeed=1 freq=2447 RxLinkSpeed=2
04-22 05:51:48.192 D/WifiDataStall(  683): tx tput in kbps: 11000
04-22 05:51:48.192 D/WifiDataStall(  683): rx tput in kbps: 11000
04-22 05:51:48.192 V/WifiConfigManager(  683): Updating scan detail cache freq=2447 BSSID=00:13:10:85:fe:01 RSSI=-50 for "AndroidWifi"NONE
04-22 05:51:48.192 D/WifiThroughputPredictor(  683):  utilization (LLS) 80 isBluetoothConnected: false final utilization: 80
04-22 05:51:48.192 D/WifiThroughputPredictor(  683):  BW: 0 RSSI: -50 Nss: 1 Mode: 1 symDur: 4000 snrDb 30 bitPerTone: 4500 rate: 54 throughput: 11
04-22 05:51:48.192 D/WifiThroughputPredictor(  683):  utilization (LLS) 80 isBluetoothConnected: false final utilization: 80
04-22 05:51:48.192 D/WifiThroughputPredictor(  683):  BW: 0 RSSI: -50 Nss: 1 Mode: 1 symDur: 4000 snrDb 30 bitPerTone: 4500 rate: 54 throughput: 11
04-22 05:51:48.192 D/WifiThroughputPredictor(  683):  utilization (LLS) 80 isBluetoothConnected: false final utilization: 80
04-22 05:51:48.192 D/WifiThroughputPredictor(  683):  BW: 0 RSSI: -50 Nss: 1 Mode: 1 symDur: 4000 snrDb 30 bitPerTone: 4500 rate: 54 throughput: 11
04-22 05:51:48.192 D/WifiThroughputPredictor(  683):  utilization (LLS) 80 isBluetoothConnected: false final utilization: 80
04-22 05:51:48.192 D/WifiThroughputPredictor(  683):  BW: 0 RSSI: -50 Nss: 1 Mode: 1 symDur: 4000 snrDb 30 bitPerTone: 4500 rate: 54 throughput: 11
