04-22 05:54:00.519 D/WifiScoreCard(  683): BSSID update SIGNAL_POLL ID: 261501600 SSID: "AndroidWifi", BSSID: 00:13:10:85:fe:01, MAC: 02:15:b4:00:00:00, IP: /10.0.2.17, Security type: 0, Supplicant state: COMPLETED, Wi-Fi standard: legacy, RSSI: -50, Link speed: 1Mbps, Tx Link speed: 1Mbps, Max Supported Tx Link speed: 11Mbps, Rx Link speed: 2Mbps, Max Supported Rx Link speed: 11Mbps, Frequency: 2447MHz, Net ID: 0, Metered hint: false, score: 60, isUsable: true, CarrierMerged: false, SubscriptionId: -1, IsPrimary: 1, Trusted: true, Restricted: false, Ephemeral: false, OEM paid: false, OEM private: false, OSU AP: false, FQDN: <none>, Provider friendly name: <none>, Requesting package name: <none>"AndroidWifi"openMLO Information: , Is TID-To-Link negotiation supported by the AP: false, AP MLD Address: <none>, AP MLO Link Id: <none>, AP MLO Affiliated links: <none>, Vendor Data: <none>
04-22 05:54:00.519 D/WifiScoreCard(  683): txRate: 1 txSpeed: 1
04-22 05:54:00.519 D/WifiScoreCard(  683): network update SIGNAL_POLL "AndroidWifi" ID: 579418950 RSSI -50 txSpeed -1
04-22 05:54:00.519 D/WifiClientModeImpl[9769:wlan0](  683):  ClientModeImpl$L2ConnectedState screen=on 1 0 "AndroidWifi" 00:13:10:85:fe:01 rssi=-50 f=2447 sc=60 link=1 tx=0.2, 0.0, 0.0 rx=0.2 bcn=0 [on:0 tx:0 rx:0 period:3005] from screen [on:0 period:-1308020025] score=60
04-22 05:54:02.094 I/resolv  (  459): ResNSendHandler::run: 0 / {101 983141 101 983141 1073 1}
04-22 05:54:02.094 I/resolv  (  459): resolv_cache_lookup: FOUND IN CACHE entry=0xb400007d0cedcb30
04-22 05:54:02.094 I/resolv  (  459): ResNSendHandler::run: 0 / {101 983141 101 983141 1073 1}
04-22 05:54:02.094 I/resolv  (  459): resolv_cache_lookup: FOUND IN CACHE entry=0xb400007cdced1150
04-22 05:54:02.096 I/resolv  (  459): ResNSendHandler::run: 0 / {101 983141 101 983141 1073 1}
04-22 05:54:02.097 I/resolv  (  459): ResNSendHandler::run: 0 / {101 983141 101 983141 1073 1}
04-22 05:54:02.587 I/resolv  (  459): res_nsend: used send_dg 48 terrno: 0
04-22 05:54:02.587 I/resolv  (  459): res_nsend: used send_dg 63 terrno: 0
04-22 05:54:02.593 D/NetworkMonitor/101( 1052): PROBE_DNS www.google.com 502ms OK 185.45.5.35,2001::1
04-22 05:54:02.594 I/resolv  (  459): GetAddrInfoHandler::run: {101 983141 101 983141 1073 1}
04-22 05:54:02.594 I/resolv  (  459): res_nmkquery: (QUERY, IN, AAAA)
04-22 05:54:02.594 I/resolv  (  459): resolv_cache_lookup: FOUND IN CACHE entry=0xb400007cdced1150
04-22 05:54:02.594 I/resolv  (  459): doQuery: rcode=0, ancount=1, return value=60
04-22 05:54:02.594 I/resolv  (  459): res_nmkquery: (QUERY, IN, A)
04-22 05:54:02.594 I/resolv  (  459): resolv_cache_lookup: FOUND IN CACHE entry=0xb400007d2ced1320
04-22 05:54:02.594 I/resolv  (  459): doQuery: rcode=0, ancount=1, return value=48
04-22 05:54:02.594 D/NetworkMonitor/101( 1052): PROBE_DNS connectivitycheck.gstatic.com 504ms OK 114.250.65.34
04-22 05:54:02.596 I/resolv  (  459): GetAddrInfoHandler::run: {101 983141 101 983141 1073 1}
04-22 05:54:02.596 I/resolv  (  459): res_nmkquery: (QUERY, IN, AAAA)
04-22 05:54:02.596 I/resolv  (  459): resolv_cache_lookup: FOUND IN CACHE entry=0xb400007d0cedcb30
04-22 05:54:02.596 I/resolv  (  459): doQuery: rcode=0, ancount=0, return value=117
04-22 05:54:02.597 I/resolv  (  459): res_nmkquery: (QUERY, IN, A)
04-22 05:54:02.597 I/resolv  (  459): resolv_cache_lookup: FOUND IN CACHE entry=0xb400007e7ced28b0
04-22 05:54:02.597 I/resolv  (  459): doQuery: rcode=0, ancount=1, return value=63
04-22 05:54:03.086 D/NetworkMonitor/101( 1052): PROBE_HTTP http://connectivitycheck.gstatic.com/generate_204 time=491ms ret=204 request={Connection=[close], User-Agent=[Mozilla/5.0 (X11; Linux x86_64) AppleWebKit/537.36 (KHTML, like Gecko) Chrome/60.0.3112.32 Safari/537.36]} headers={null=[HTTP/1.1 204 No Content], Connection=[close], Cross-Origin-Resource-Policy=[cross-origin], Date=[Tue, 21 Apr 2026 21:54:02 GMT], X-Android-Received-Millis=[1776808443086], X-Android-Response-Source=[NETWORK 204], X-Android-Selected-Protocol=[http/1.1], X-Android-Sent-Millis=[1776808442599]}
04-22 05:54:03.523 W/BestClock(  683): java.time.DateTimeException: No network time available
04-22 05:54:03.523 W/BestClock(  683): java.time.DateTimeException: No network time available
04-22 05:54:03.524 W/BestClock(  683): java.time.DateTimeException: No network time available
04-22 05:54:03.524 W/BestClock(  683): java.time.DateTimeException: No network time available
04-22 05:54:03.524 W/BestClock(  683): java.time.DateTimeException: No network time available
04-22 05:54:03.525 D/WifiClientModeImpl[9769:wlan0](  683): updateLinkLayerStatsRssiSpeedFrequencyCapabilities rssi=-50 TxLinkspeed=1 freq=2447 RxLinkSpeed=2
04-22 05:54:03.525 D/WifiDataStall(  683): tx tput in kbps: 11000
04-22 05:54:03.525 D/WifiDataStall(  683): rx tput in kbps: 11000
04-22 05:54:03.525 V/WifiConfigManager(  683): Updating scan detail cache freq=2447 BSSID=00:13:10:85:fe:01 RSSI=-50 for "AndroidWifi"NONE
04-22 05:54:03.525 D/WifiThroughputPredictor(  683):  utilization (LLS) 80 isBluetoothConnected: false final utilization: 80
04-22 05:54:03.525 D/WifiThroughputPredictor(  683):  BW: 0 RSSI: -50 Nss: 1 Mode: 1 symDur: 4000 snrDb 30 bitPerTone: 4500 rate: 54 throughput: 11
04-22 05:54:03.525 D/WifiThroughputPredictor(  683):  utilization (LLS) 80 isBluetoothConnected: false final utilization: 80
04-22 05:54:03.525 D/WifiThroughputPredictor(  683):  BW: 0 RSSI: -50 Nss: 1 Mode: 1 symDur: 4000 snrDb 30 bitPerTone: 4500 rate: 54 throughput: 11
04-22 05:54:03.525 D/WifiThroughputPredictor(  683):  utilization (LLS) 80 isBluetoothConnected: false final utilization: 80
04-22 05:54:03.525 D/WifiThroughputPredictor(  683):  BW: 0 RSSI: -50 Nss: 1 Mode: 1 symDur: 4000 snrDb 30 bitPerTone: 4500 rate: 54 throughput: 11
04-22 05:54:03.526 D/WifiThroughputPredictor(  683):  utilization (LLS) 80 isBluetoothConnected: false final utilization: 80
04-22 05:54:03.526 D/WifiThroughputPredictor(  683):  BW: 0 RSSI: -50 Nss: 1 Mode: 1 symDur: 4000 snrDb 30 bitPerTone: 4500 rate: 54 throughput: 11
04-22 05:54:03.526 D/WifiScoreCard(  683): BSSID update SIGNAL_POLL ID: 261501600 SSID: "AndroidWifi", BSSID: 00:13:10:85:fe:01, MAC: 02:15:b4:00:00:00, IP: /10.0.2.17, Security type: 0, Supplicant state: COMPLETED, Wi-Fi standard: legacy, RSSI: -50, Link speed: 1Mbps, Tx Link speed: 1Mbps, Max Supported Tx Link speed: 11Mbps, Rx Link speed: 2Mbps, Max Supported Rx Link speed: 11Mbps, Frequency: 2447MHz, Net ID: 0, Metered hint: false, score: 60, isUsable: true, CarrierMerged: false, SubscriptionId: -1, IsPrimary: 1, Trusted: true, Restricted: false, Ephemeral: false, OEM paid: false, OEM private: false, OSU AP: false, FQDN: <none>, Provider friendly name: <none>, Requesting package name: <none>"AndroidWifi"openMLO Information: , Is TID-To-Link negotiation supported by the AP: false, AP MLD Address: <none>, AP MLO Link Id: <none>, AP MLO Affiliated links: <none>, Vendor Data: <none>
04-22 05:54:03.526 D/WifiScoreCard(  683): txRate: 3 txSpeed: 1
04-22 05:54:03.526 D/WifiScoreCard(  683): network update SIGNAL_POLL "AndroidWifi" ID: 579418950 RSSI -50 txSpeed -1
04-22 05:54:03.526 D/WifiClientModeImpl[9769:wlan0](  683):  ClientModeImpl$L2ConnectedState screen=on 1 0 "AndroidWifi" 00:13:10:85:fe:01 rssi=-50 f=2447 sc=60 link=1 tx=2.1, 0.0, 0.0 rx=1.9 bcn=0 [on:0 tx:0 rx:0 period:3007] from screen [on:0 period:-1308017018] score=60
04-22 05:54:05.092 I/resolv  (  459): GetAddrInfoHandler::run: {101 983141 101 983141 1073 1}
04-22 05:54:05.093 I/resolv  (  459): res_nmkquery: (QUERY, IN, AAAA)
04-22 05:54:05.093 I/resolv  (  459): resolv_cache_lookup: FOUND IN CACHE entry=0xb400007d0ced8690
04-22 05:54:05.093 I/resolv  (  459): doQuery: rcode=0, ancount=4, return value=149
04-22 05:54:05.093 I/resolv  (  459): res_nmkquery: (QUERY, IN, A)
04-22 05:54:05.093 I/resolv  (  459): resolv_cache_lookup: FOUND IN CACHE entry=0xb400007d0cedd9d0
04-22 05:54:05.093 I/resolv  (  459): doQuery: rcode=0, ancount=4, return value=101
04-22 05:54:05.589 D/NetworkMonitor/101( 1052): PROBE_FALLBACK http://play.googleapis.com/generate_204 time=497ms ret=204 request={Connection=[close], User-Agent=[Mozilla/5.0 (X11; Linux x86_64) AppleWebKit/537.36 (KHTML, like Gecko) Chrome/60.0.3112.32 Safari/537.36]} headers={null=[HTTP/1.1 204 No Content], Connection=[close], Cross-Origin-Resource-Policy=[cross-origin], Date=[Tue, 21 Apr 2026 21:54:05 GMT], X-Android-Received-Millis=[1776808445588], X-Android-Response-Source=[NETWORK 204], X-Android-Selected-Protocol=[http/1.1], X-Android-Sent-Millis=[1776808445096]}
04-22 05:54:06.530 W/BestClock(  683): java.time.DateTimeException: No network time available
04-22 05:54:06.530 W/BestClock(  683): java.time.DateTimeException: No network time available
04-22 05:54:06.530 W/BestClock(  683): java.time.DateTimeException: No network time available
04-22 05:54:06.530 W/BestClock(  683): java.time.DateTimeException: No network time available
04-22 05:54:06.530 W/BestClock(  683): java.time.DateTimeException: No network time available
04-22 05:54:06.530 D/WifiClientModeImpl[9769:wlan0](  683): updateLinkLayerStatsRssiSpeedFrequencyCapabilities rssi=-50 TxLinkspeed=1 freq=2447 RxLinkSpeed=2
04-22 05:54:06.530 D/WifiDataStall(  683): tx tput in kbps: 11000
04-22 05:54:06.530 D/WifiDataStall(  683): rx tput in kbps: 11000
04-22 05:54:06.530 V/WifiConfigManager(  683): Updating scan detail cache freq=2447 BSSID=00:13:10:85:fe:01 RSSI=-50 for "AndroidWifi"NONE
04-22 05:54:06.530 D/WifiThroughputPredictor(  683):  utilization (LLS) 80 isBluetoothConnected: false final utilization: 80
04-22 05:54:06.530 D/WifiThroughputPredictor(  683):  BW: 0 RSSI: -50 Nss: 1 Mode: 1 symDur: 4000 snrDb 30 bitPerTone: 4500 rate: 54 throughput: 11
04-22 05:54:06.530 D/WifiThroughputPredictor(  683):  utilization (LLS) 80 isBluetoothConnected: false final utilization: 80
04-22 05:54:06.530 D/WifiThroughputPredictor(  683):  BW: 0 RSSI: -50 Nss: 1 Mode: 1 symDur: 4000 snrDb 30 bitPerTone: 4500 rate: 54 throughput: 11
04-22 05:54:06.531 D/WifiThroughputPredictor(  683):  utilization (LLS) 80 isBluetoothConnected: false final utilization: 80
04-22 05:54:06.531 D/WifiThroughputPredictor(  683):  BW: 0 RSSI: -50 Nss: 1 Mode: 1 symDur: 4000 snrDb 30 bitPerTone: 4500 rate: 54 throughput: 11
04-22 05:54:06.531 D/WifiThroughputPredictor(  683):  utilization (LLS) 80 isBluetoothConnected: false final utilization: 80
04-22 05:54:06.531 D/WifiThroughputPredictor(  683):  BW: 0 RSSI: -50 Nss: 1 Mode: 1 symDur: 4000 snrDb 30 bitPerTone: 4500 rate: 54 throughput: 11
04-22 05:54:06.531 D/WifiScoreCard(  683): BSSID update SIGNAL_POLL ID: 261501600 SSID: "AndroidWifi", BSSID: 00:13:10:85:fe:01, MAC: 02:15:b4:00:00:00, IP: /10.0.2.17, Security type: 0, Supplicant state: COMPLETED, Wi-Fi standard: legacy, RSSI: -50, Link speed: 1Mbps, Tx Link speed: 1Mbps, Max Supported Tx Link speed: 11Mbps, Rx Link speed: 2Mbps, Max Supported Rx Link speed: 11Mbps, Frequency: 2447MHz, Net ID: 0, Metered hint: false, score: 60, isUsable: true, CarrierMerged: false, SubscriptionId: -1, IsPrimary: 1, Trusted: true, Restricted: false, Ephemeral: false, OEM paid: false, OEM private: false, OSU AP: false, FQDN: <none>, Provider friendly name: <none>, Requesting package name: <none>"AndroidWifi"openMLO Information: , Is TID-To-Link negotiation supported by the AP: false, AP MLD Address: <none>, AP MLO Link Id: <none>, AP MLO Affiliated links: <none>, Vendor Data: <none>
04-22 05:54:06.531 D/WifiScoreCard(  683): txRate: 2 txSpeed: 1
04-22 05:54:06.531 D/WifiScoreCard(  683): network update SIGNAL_POLL "AndroidWifi" ID: 579418950 RSSI -50 txSpeed -1
04-22 05:54:06.531 D/WifiClientModeImpl[9769:wlan0](  683):  ClientModeImpl$L2ConnectedState screen=on 1 0 "AndroidWifi" 00:13:10:85:fe:01 rssi=-50 f=2447 sc=60 link=1 tx=1.8, 0.0, 0.0 rx=1.7 bcn=0 [on:0 tx:0 rx:0 period:3005] from screen [on:0 period:-1308014013] score=60
04-22 05:54:07.223 D/SatelliteController( 1086): iisInCarrierRoamingNbIotNtn: satellite is disabled
04-22 05:54:07.321 I/netd    (  459): setProcSysNet(4, 2, wlan0, retrans_time_ms, 750) <0.05ms>
04-22 05:54:07.321 I/netd    (  459): setProcSysNet(4, 2, wlan0, ucast_solicit, 10) <0.02ms>
04-22 05:54:07.322 I/netd    (  459): setProcSysNet(6, 2, wlan0, retrans_time_ms, 750) <0.02ms>
04-22 05:54:07.322 I/netd    (  459): setProcSysNet(6, 2, wlan0, ucast_solicit, 10) <0.01ms>
04-22 05:54:08.341 D/wpa_supplicant(  938): nl80211: Drv Event 64 (NL80211_CMD_NOTIFY_CQM) received for wlan0
04-22 05:54:08.341 D/wpa_supplicant(  938): nl80211: Beacon loss event
04-22 05:54:08.341 D/wpa_supplicant(  938): wlan0: Event BEACON_LOSS (53) received
04-22 05:54:08.341 I/wpa_supplicant(  938): wlan0: CTRL-EVENT-BEACON-LOSS 
04-22 05:54:09.539 W/BestClock(  683): java.time.DateTimeException: No network time available
04-22 05:54:09.540 W/BestClock(  683): java.time.DateTimeException: No network time available
04-22 05:54:09.540 W/BestClock(  683): java.time.DateTimeException: No network time available
04-22 05:54:09.540 W/BestClock(  683): java.time.DateTimeException: No network time available
04-22 05:54:09.540 W/BestClock(  683): java.time.DateTimeException: No network time available
04-22 05:54:09.541 D/WifiClientModeImpl[9769:wlan0](  683): updateLinkLayerStatsRssiSpeedFrequencyCapabilities rssi=-50 TxLinkspeed=1 freq=2447 RxLinkSpeed=2
04-22 05:54:09.541 D/WifiDataStall(  683): tx tput in kbps: 11000
04-22 05:54:09.541 D/WifiDataStall(  683): rx tput in kbps: 11000
04-22 05:54:09.541 V/WifiConfigManager(  683): Updating scan detail cache freq=2447 BSSID=00:13:10:85:fe:01 RSSI=-50 for "AndroidWifi"NONE
04-22 05:54:09.541 D/WifiThroughputPredictor(  683):  utilization (LLS) 80 isBluetoothConnected: false final utilization: 80
04-22 05:54:09.541 D/WifiThroughputPredictor(  683):  BW: 0 RSSI: -50 Nss: 1 Mode: 1 symDur: 4000 snrDb 30 bitPerTone: 4500 rate: 54 throughput: 11
04-22 05:54:09.541 D/WifiThroughputPredictor(  683):  utilization (LLS) 80 isBluetoothConnected: false final utilization: 80
04-22 05:54:09.541 D/WifiThroughputPredictor(  683):  BW: 0 RSSI: -50 Nss: 1 Mode: 1 symDur: 4000 snrDb 30 bitPerTone: 4500 rate: 54 throughput: 11
04-22 05:54:09.541 D/WifiThroughputPredictor(  683):  utilization (LLS) 80 isBluetoothConnected: false final utilization: 80
04-22 05:54:09.541 D/WifiThroughputPredictor(  683):  BW: 0 RSSI: -50 Nss: 1 Mode: 1 symDur: 4000 snrDb 30 bitPerTone: 4500 rate: 54 throughput: 11
04-22 05:54:09.541 D/WifiThroughputPredictor(  683):  utilization (LLS) 80 isBluetoothConnected: false final utilization: 80
04-22 05:54:09.541 D/WifiThroughputPredictor(  683):  BW: 0 RSSI: -50 Nss: 1 Mode: 1 symDur: 4000 snrDb 30 bitPerTone: 4500 rate: 54 throughput: 11
04-22 05:54:09.542 D/WifiScoreCard(  683): BSSID update SIGNAL_POLL ID: 261501600 SSID: "AndroidWifi", BSSID: 00:13:10:85:fe:01, MAC: 02:15:b4:00:00:00, IP: /10.0.2.17, Security type: 0, Supplicant state: COMPLETED, Wi-Fi standard: legacy, RSSI: -50, Link speed: 1Mbps, Tx Link speed: 1Mbps, Max Supported Tx Link speed: 11Mbps, Rx Link speed: 2Mbps, Max Supported Rx Link speed: 11Mbps, Frequency: 2447MHz, Net ID: 0, Metered hint: false, score: 60, isUsable: true, CarrierMerged: false, SubscriptionId: -1, IsPrimary: 1, Trusted: true, Restricted: false, Ephemeral: false, OEM paid: false, OEM private: false, OSU AP: false, FQDN: <none>, Provider friendly name: <none>, Requesting package name: <none>"AndroidWifi"openMLO Information: , Is TID-To-Link negotiation supported by the AP: false, AP MLD Address: <none>, AP MLO Link Id: <none>, AP MLO Affiliated links: <none>, Vendor Data: <none>
04-22 05:54:09.542 D/WifiScoreCard(  683): txRate: 1 txSpeed: 1
04-22 05:54:09.542 D/WifiScoreCard(  683): network update SIGNAL_POLL "AndroidWifi" ID: 579418950 RSSI -50 txSpeed -1
04-22 05:54:09.542 D/WifiClientModeImpl[9769:wlan0](  683):  ClientModeImpl$L2ConnectedState screen=on 1 0 "AndroidWifi" 00:13:10:85:fe:01 rssi=-50 f=2447 sc=60 link=1 tx=0.6, 0.0, 0.0 rx=0.6 bcn=0 [on:0 tx:0 rx:0 period:3011] from screen [on:0 period:-1308011002] score=60
04-22 05:54:12.546 W/BestClock(  683): java.time.DateTimeException: No network time available
04-22 05:54:12.546 W/BestClock(  683): java.time.DateTimeException: No network time available
04-22 05:54:12.546 W/BestClock(  683): java.time.DateTimeException: No network time available
04-22 05:54:12.546 W/BestClock(  683): java.time.DateTimeException: No network time available
04-22 05:54:12.546 W/BestClock(  683): java.time.DateTimeException: No network time available
04-22 05:54:12.547 D/WifiClientModeImpl[9769:wlan0](  683): updateLinkLayerStatsRssiSpeedFrequencyCapabilities rssi=-50 TxLinkspeed=1 freq=2447 RxLinkSpeed=2
04-22 05:54:12.548 D/WifiDataStall(  683): tx tput in kbps: 11000
04-22 05:54:12.548 D/WifiDataStall(  683): rx tput in kbps: 11000
04-22 05:54:12.548 V/WifiConfigManager(  683): Updating scan detail cache freq=2447 BSSID=00:13:10:85:fe:01 RSSI=-50 for "AndroidWifi"NONE
04-22 05:54:12.548 D/WifiThroughputPredictor(  683):  utilization (LLS) 80 isBluetoothConnected: false final utilization: 80
04-22 05:54:12.548 D/WifiThroughputPredictor(  683):  BW: 0 RSSI: -50 Nss: 1 Mode: 1 symDur: 4000 snrDb 30 bitPerTone: 4500 rate: 54 throughput: 11
04-22 05:54:12.548 D/WifiThroughputPredictor(  683):  utilization (LLS) 80 isBluetoothConnected: false final utilization: 80
04-22 05:54:12.548 D/WifiThroughputPredictor(  683):  BW: 0 RSSI: -50 Nss: 1 Mode: 1 symDur: 4000 snrDb 30 bitPerTone: 4500 rate: 54 throughput: 11
04-22 05:54:12.548 D/WifiThroughputPredictor(  683):  utilization (LLS) 80 isBluetoothConnected: false final utilization: 80
04-22 05:54:12.548 D/WifiThroughputPredictor(  683):  BW: 0 RSSI: -50 Nss: 1 Mode: 1 symDur: 4000 snrDb 30 bitPerTone: 4500 rate: 54 throughput: 11
04-22 05:54:12.548 D/WifiThroughputPredictor(  683):  utilization (LLS) 80 isBluetoothConnected: false final utilization: 80
04-22 05:54:12.548 D/WifiThroughputPredictor(  683):  BW: 0 RSSI: -50 Nss: 1 Mode: 1 symDur: 4000 snrDb 30 bitPerTone: 4500 rate: 54 throughput: 11
04-22 05:54:12.549 D/WifiScoreCard(  683): BSSID update SIGNAL_POLL ID: 261501600 SSID: "AndroidWifi", BSSID: 00:13:10:85:fe:01, MAC: 02:15:b4:00:00:00, IP: /10.0.2.17, Security type: 0, Supplicant state: COMPLETED, Wi-Fi standard: legacy, RSSI: -50, Link speed: 1Mbps, Tx Link speed: 1Mbps, Max Supported Tx Link speed: 11Mbps, Rx Link speed: 2Mbps, Max Supported Rx Link speed: 11Mbps, Frequency: 2447MHz, Net ID: 0, Metered hint: false, score: 60, isUsable: true, CarrierMerged: false, SubscriptionId: -1, IsPrimary: 1, Trusted: true, Restricted: false, Ephemeral: false, OEM paid: false, OEM private: false, OSU AP: false, FQDN: <none>, Provider friendly name: <none>, Requesting package name: <none>"AndroidWifi"openMLO Information: , Is TID-To-Link negotiation supported by the AP: false, AP MLD Address: <none>, AP MLO Link Id: <none>, AP MLO Affiliated links: <none>, Vendor Data: <none>
04-22 05:54:12.549 D/WifiScoreCard(  683): txRate: 1 txSpeed: 1
04-22 05:54:12.549 D/WifiScoreCard(  683): network update SIGNAL_POLL "AndroidWifi" ID: 579418950 RSSI -50 txSpeed -1
04-22 05:54:12.549 D/WifiClientModeImpl[9769:wlan0](  683):  ClientModeImpl$L2ConnectedState screen=on 1 0 "AndroidWifi" 00:13:10:85:fe:01 rssi=-50 f=2447 sc=60 link=1 tx=0.2, 0.0, 0.0 rx=0.2 bcn=0 [on:0 tx:0 rx:0 period:3007] from screen [on:0 period:-1308007995] score=60
04-22 05:54:13.113 D/NetworkMonitor/101( 1052): PROBE_HTTPS https://www.google.com/generate_204 Probe failed with exception javax.net.ssl.SSLHandshakeException: connection closed
04-22 05:54:13.114 D/NetworkMonitor/101( 1052): isCaptivePortal: isSuccessful()=false isPortal()=false RedirectUrl=null isPartialConnectivity()=true Time=11025ms
04-22 05:54:13.115 D/ConnectivityService(  683): [101 WIFI] validation failed
04-22 05:54:15.552 W/BestClock(  683): java.time.DateTimeException: No network time available
04-22 05:54:15.552 W/BestClock(  683): java.time.DateTimeException: No network time available
04-22 05:54:15.552 W/BestClock(  683): java.time.DateTimeException: No network time available
04-22 05:54:15.552 W/BestClock(  683): java.time.DateTimeException: No network time available
04-22 05:54:15.552 W/BestClock(  683): java.time.DateTimeException: No network time available
04-22 05:54:15.554 D/WifiClientModeImpl[9769:wlan0](  683): updateLinkLayerStatsRssiSpeedFrequencyCapabilities rssi=-50 TxLinkspeed=1 freq=2447 RxLinkSpeed=2
04-22 05:54:15.554 D/WifiDataStall(  683): tx tput in kbps: 11000
04-22 05:54:15.555 D/WifiDataStall(  683): rx tput in kbps: 11000
04-22 05:54:15.555 V/WifiConfigManager(  683): Updating scan detail cache freq=2447 BSSID=00:13:10:85:fe:01 RSSI=-50 for "AndroidWifi"NONE
04-22 05:54:15.555 D/WifiThroughputPredictor(  683):  utilization (LLS) 80 isBluetoothConnected: false final utilization: 80
04-22 05:54:15.555 D/WifiThroughputPredictor(  683):  BW: 0 RSSI: -50 Nss: 1 Mode: 1 symDur: 4000 snrDb 30 bitPerTone: 4500 rate: 54 throughput: 11
04-22 05:54:15.555 D/WifiThroughputPredictor(  683):  utilization (LLS) 80 isBluetoothConnected: false final utilization: 80
04-22 05:54:15.555 D/WifiThroughputPredictor(  683):  BW: 0 RSSI: -50 Nss: 1 Mode: 1 symDur: 4000 snrDb 30 bitPerTone: 4500 rate: 54 throughput: 11
04-22 05:54:15.555 D/WifiThroughputPredictor(  683):  utilization (LLS) 80 isBluetoothConnected: false final utilization: 80
04-22 05:54:15.555 D/WifiThroughputPredictor(  683):  BW: 0 RSSI: -50 Nss: 1 Mode: 1 symDur: 4000 snrDb 30 bitPerTone: 4500 rate: 54 throughput: 11
04-22 05:54:15.555 D/WifiThroughputPredictor(  683):  utilization (LLS) 80 isBluetoothConnected: false final utilization: 80
04-22 05:54:15.555 D/WifiThroughputPredictor(  683):  BW: 0 RSSI: -50 Nss: 1 Mode: 1 symDur: 4000 snrDb 30 bitPerTone: 4500 rate: 54 throughput: 11
04-22 05:54:15.556 D/WifiScoreCard(  683): BSSID update SIGNAL_POLL ID: 261501600 SSID: "AndroidWifi", BSSID: 00:13:10:85:fe:01, MAC: 02:15:b4:00:00:00, IP: /10.0.2.17, Security type: 0, Supplicant state: COMPLETED, Wi-Fi standard: legacy, RSSI: -50, Link speed: 1Mbps, Tx Link speed: 1Mbps, Max Supported Tx Link speed: 11Mbps, Rx Link speed: 2Mbps, Max Supported Rx Link speed: 11Mbps, Frequency: 2447MHz, Net ID: 0, Metered hint: false, score: 60, isUsable: true, CarrierMerged: false, SubscriptionId: -1, IsPrimary: 1, Trusted: true, Restricted: false, Ephemeral: false, OEM paid: false, OEM private: false, OSU AP: false, FQDN: <none>, Provider friendly name: <none>, Requesting package name: <none>"AndroidWifi"openMLO Information: , Is TID-To-Link negotiation supported by the AP: false, AP MLD Address: <none>, AP MLO Link Id: <none>, AP MLO Affiliated links: <none>, Vendor Data: <none>
04-22 05:54:15.556 D/WifiScoreCard(  683): txRate: 2 txSpeed: 1
04-22 05:54:15.556 D/WifiScoreCard(  683): network update SIGNAL_POLL "AndroidWifi" ID: 579418950 RSSI -50 txSpeed -1
04-22 05:54:15.556 D/WifiClientModeImpl[9769:wlan0](  683):  ClientModeImpl$L2ConnectedState screen=on 1 0 "AndroidWifi" 00:13:10:85:fe:01 rssi=-50 f=2447 sc=60 link=1 tx=1.5, 0.0, 0.0 rx=1.3 bcn=0 [on:0 tx:0 rx:0 period:3007] from screen [on:0 period:-1308004988] score=60
04-22 05:54:16.278 D/wpa_supplicant(  938): nl80211: Drv Event 64 (NL80211_CMD_NOTIFY_CQM) received for wlan0
04-22 05:54:16.278 D/wpa_supplicant(  938): nl80211: Beacon loss event
04-22 05:54:16.278 D/wpa_supplicant(  938): wlan0: Event BEACON_LOSS (53) received
04-22 05:54:16.278 I/wpa_supplicant(  938): wlan0: CTRL-EVENT-BEACON-LOSS 
04-22 05:54:17.233 D/SatelliteController( 1086): iisInCarrierRoamingNbIotNtn: satellite is disabled
04-22 05:54:17.856 I/bdee    ( 1652): (REDACTED) getHotwordActive::active query: %s, watch: %s, devices connected: %s
04-22 05:54:18.562 W/BestClock(  683): java.time.DateTimeException: No network time available
04-22 05:54:18.562 W/BestClock(  683): java.time.DateTimeException: No network time available
04-22 05:54:18.562 W/BestClock(  683): java.time.DateTimeException: No network time available
04-22 05:54:18.562 W/BestClock(  683): java.time.DateTimeException: No network time available
04-22 05:54:18.562 W/BestClock(  683): java.time.DateTimeException: No network time available
04-22 05:54:18.562 D/WifiClientModeImpl[9769:wlan0](  683): updateLinkLayerStatsRssiSpeedFrequencyCapabilities rssi=-50 TxLinkspeed=1 freq=2447 RxLinkSpeed=2
04-22 05:54:18.563 D/WifiDataStall(  683): tx tput in kbps: 11000
04-22 05:54:18.563 D/WifiDataStall(  683): rx tput in kbps: 11000
04-22 05:54:18.563 V/WifiConfigManager(  683): Updating scan detail cache freq=2447 BSSID=00:13:10:85:fe:01 RSSI=-50 for "AndroidWifi"NONE
04-22 05:54:18.563 D/WifiThroughputPredictor(  683):  utilization (LLS) 80 isBluetoothConnected: false final utilization: 80
04-22 05:54:18.563 D/WifiThroughputPredictor(  683):  BW: 0 RSSI: -50 Nss: 1 Mode: 1 symDur: 4000 snrDb 30 bitPerTone: 4500 rate: 54 throughput: 11
04-22 05:54:18.563 D/WifiThroughputPredictor(  683):  utilization (LLS) 80 isBluetoothConnected: false final utilization: 80
04-22 05:54:18.563 D/WifiThroughputPredictor(  683):  BW: 0 RSSI: -50 Nss: 1 Mode: 1 symDur: 4000 snrDb 30 bitPerTone: 4500 rate: 54 throughput: 11
04-22 05:54:18.563 D/WifiThroughputPredictor(  683):  utilization (LLS) 80 isBluetoothConnected: false final utilization: 80
04-22 05:54:18.563 D/WifiThroughputPredictor(  683):  BW: 0 RSSI: -50 Nss: 1 Mode: 1 symDur: 4000 snrDb 30 bitPerTone: 4500 rate: 54 throughput: 11
04-22 05:54:18.563 D/WifiThroughputPredictor(  683):  utilization (LLS) 80 isBluetoothConnected: false final utilization: 80
04-22 05:54:18.563 D/WifiThroughputPredictor(  683):  BW: 0 RSSI: -50 Nss: 1 Mode: 1 symDur: 4000 snrDb 30 bitPerTone: 4500 rate: 54 throughput: 11
04-22 05:54:18.564 D/WifiScoreCard(  683): BSSID update SIGNAL_POLL ID: 261501600 SSID: "AndroidWifi", BSSID: 00:13:10:85:fe:01, MAC: 02:15:b4:00:00:00, IP: /10.0.2.17, Security type: 0, Supplicant state: COMPLETED, Wi-Fi standard: legacy, RSSI: -50, Link speed: 1Mbps, Tx Link speed: 1Mbps, Max Supported Tx Link speed: 11Mbps, Rx Link speed: 2Mbps, Max Supported Rx Link speed: 11Mbps, Frequency: 2447MHz, Net ID: 0, Metered hint: false, score: 60, isUsable: true, CarrierMerged: false, SubscriptionId: -1, IsPrimary: 1, Trusted: true, Restricted: false, Ephemeral: false, OEM paid: false, OEM private: false, OSU AP: false, FQDN: <none>, Provider friendly name: <none>, Requesting package name: <none>"AndroidWifi"openMLO Information: , Is TID-To-Link negotiation supported by the AP: false, AP MLD Address: <none>, AP MLO Link Id: <none>, AP MLO Affiliated links: <none>, Vendor Data: <none>
04-22 05:54:18.564 D/WifiScoreCard(  683): txRate: 1 txSpeed: 1
04-22 05:54:18.564 D/WifiScoreCard(  683): network update SIGNAL_POLL "AndroidWifi" ID: 579418950 RSSI -50 txSpeed -1
04-22 05:54:18.564 D/WifiClientModeImpl[9769:wlan0](  683):  ClientModeImpl$L2ConnectedState screen=on 1 0 "AndroidWifi" 00:13:10:85:fe:01 rssi=-50 f=2447 sc=60 link=1 tx=0.5, 0.0, 0.0 rx=0.4 bcn=0 [on:0 tx:0 rx:0 period:3008] from screen [on:0 period:-1308001980] score=60
04-22 05:54:21.567 W/BestClock(  683): java.time.DateTimeException: No network time available
04-22 05:54:21.567 W/BestClock(  683): java.time.DateTimeException: No network time available
04-22 05:54:21.567 W/BestClock(  683): java.time.DateTimeException: No network time available
04-22 05:54:21.567 W/BestClock(  683): java.time.DateTimeException: No network time available
04-22 05:54:21.567 W/BestClock(  683): java.time.DateTimeException: No network time available
04-22 05:54:21.569 D/WifiClientModeImpl[9769:wlan0](  683): updateLinkLayerStatsRssiSpeedFrequencyCapabilities rssi=-50 TxLinkspeed=1 freq=2447 RxLinkSpeed=2
04-22 05:54:21.569 D/WifiDataStall(  683): tx tput in kbps: 11000
04-22 05:54:21.569 D/WifiDataStall(  683): rx tput in kbps: 11000
04-22 05:54:21.569 V/WifiConfigManager(  683): Updating scan detail cache freq=2447 BSSID=00:13:10:85:fe:01 RSSI=-50 for "AndroidWifi"NONE
04-22 05:54:21.569 D/WifiThroughputPredictor(  683):  utilization (LLS) 80 isBluetoothConnected: false final utilization: 80
04-22 05:54:21.569 D/WifiThroughputPredictor(  683):  BW: 0 RSSI: -50 Nss: 1 Mode: 1 symDur: 4000 snrDb 30 bitPerTone: 4500 rate: 54 throughput: 11
04-22 05:54:21.569 D/WifiThroughputPredictor(  683):  utilization (LLS) 80 isBluetoothConnected: false final utilization: 80
04-22 05:54:21.569 D/WifiThroughputPredictor(  683):  BW: 0 RSSI: -50 Nss: 1 Mode: 1 symDur: 4000 snrDb 30 bitPerTone: 4500 rate: 54 throughput: 11
04-22 05:54:21.570 D/WifiThroughputPredictor(  683):  utilization (LLS) 80 isBluetoothConnected: false final utilization: 80
04-22 05:54:21.570 D/WifiThroughputPredictor(  683):  BW: 0 RSSI: -50 Nss: 1 Mode: 1 symDur: 4000 snrDb 30 bitPerTone: 4500 rate: 54 throughput: 11
04-22 05:54:21.570 D/WifiThroughputPredictor(  683):  utilization (LLS) 80 isBluetoothConnected: false final utilization: 80
04-22 05:54:21.570 D/WifiThroughputPredictor(  683):  BW: 0 RSSI: -50 Nss: 1 Mode: 1 symDur: 4000 snrDb 30 bitPerTone: 4500 rate: 54 throughput: 11
04-22 05:54:21.570 D/WifiScoreCard(  683): BSSID update SIGNAL_POLL ID: 261501600 SSID: "AndroidWifi", BSSID: 00:13:10:85:fe:01, MAC: 02:15:b4:00:00:00, IP: /10.0.2.17, Security type: 0, Supplicant state: COMPLETED, Wi-Fi standard: legacy, RSSI: -50, Link speed: 1Mbps, Tx Link speed: 1Mbps, Max Supported Tx Link speed: 11Mbps, Rx Link speed: 2Mbps, Max Supported Rx Link speed: 11Mbps, Frequency: 2447MHz, Net ID: 0, Metered hint: false, score: 60, isUsable: true, CarrierMerged: false, SubscriptionId: -1, IsPrimary: 1, Trusted: true, Restricted: false, Ephemeral: false, OEM paid: false, OEM private: false, OSU AP: false, FQDN: <none>, Provider friendly name: <none>, Requesting package name: <none>"AndroidWifi"openMLO Information: , Is TID-To-Link negotiation supported by the AP: false, AP MLD Address: <none>, AP MLO Link Id: <none>, AP MLO Affiliated links: <none>, Vendor Data: <none>
04-22 05:54:21.570 D/WifiScoreCard(  683): txRate: 1 txSpeed: 1
04-22 05:54:21.570 D/WifiScoreCard(  683): network update SIGNAL_POLL "AndroidWifi" ID: 579418950 RSSI -50 txSpeed -1
04-22 05:54:21.571 D/WifiClientModeImpl[9769:wlan0](  683):  ClientModeImpl$L2ConnectedState screen=on 1 0 "AndroidWifi" 00:13:10:85:fe:01 rssi=-50 f=2447 sc=60 link=1 tx=0.2, 0.0, 0.0 rx=0.1 bcn=0 [on:0 tx:0 rx:0 period:3007] from screen [on:0 period:-1307998973] score=60
04-22 05:54:24.470 D/wpa_supplicant(  938): nl80211: Drv Event 64 (NL80211_CMD_NOTIFY_CQM) received for wlan0
04-22 05:54:24.470 D/wpa_supplicant(  938): nl80211: Beacon loss event
04-22 05:54:24.470 D/wpa_supplicant(  938): wlan0: Event BEACON_LOSS (53) received
04-22 05:54:24.470 I/wpa_supplicant(  938): wlan0: CTRL-EVENT-BEACON-LOSS 
04-22 05:54:24.575 W/BestClock(  683): java.time.DateTimeException: No network time available
04-22 05:54:24.577 W/BestClock(  683): java.time.DateTimeException: No network time available
04-22 05:54:24.578 W/BestClock(  683): java.time.DateTimeException: No network time available
04-22 05:54:24.578 W/BestClock(  683): java.time.DateTimeException: No network time available
04-22 05:54:24.578 W/BestClock(  683): java.time.DateTimeException: No network time available
04-22 05:54:24.579 D/WifiClientModeImpl[9769:wlan0](  683): updateLinkLayerStatsRssiSpeedFrequencyCapabilities rssi=-50 TxLinkspeed=1 freq=2447 RxLinkSpeed=2
04-22 05:54:24.579 D/WifiDataStall(  683): tx tput in kbps: 11000
04-22 05:54:24.579 D/WifiDataStall(  683): rx tput in kbps: 11000
04-22 05:54:24.579 V/WifiConfigManager(  683): Updating scan detail cache freq=2447 BSSID=00:13:10:85:fe:01 RSSI=-50 for "AndroidWifi"NONE
04-22 05:54:24.579 D/WifiThroughputPredictor(  683):  utilization (LLS) 80 isBluetoothConnected: false final utilization: 80
04-22 05:54:24.579 D/WifiThroughputPredictor(  683):  BW: 0 RSSI: -50 Nss: 1 Mode: 1 symDur: 4000 snrDb 30 bitPerTone: 4500 rate: 54 throughput: 11
04-22 05:54:24.579 D/WifiThroughputPredictor(  683):  utilization (LLS) 80 isBluetoothConnected: false final utilization: 80
04-22 05:54:24.579 D/WifiThroughputPredictor(  683):  BW: 0 RSSI: -50 Nss: 1 Mode: 1 symDur: 4000 snrDb 30 bitPerTone: 4500 rate: 54 throughput: 11
04-22 05:54:24.579 D/WifiThroughputPredictor(  683):  utilization (LLS) 80 isBluetoothConnected: false final utilization: 80
04-22 05:54:24.579 D/WifiThroughputPredictor(  683):  BW: 0 RSSI: -50 Nss: 1 Mode: 1 symDur: 4000 snrDb 30 bitPerTone: 4500 rate: 54 throughput: 11
04-22 05:54:24.579 D/WifiThroughputPredictor(  683):  utilization (LLS) 80 isBluetoothConnected: false final utilization: 80
04-22 05:54:24.579 D/WifiThroughputPredictor(  683):  BW: 0 RSSI: -50 Nss: 1 Mode: 1 symDur: 4000 snrDb 30 bitPerTone: 4500 rate: 54 throughput: 11
04-22 05:54:24.581 D/WifiScoreCard(  683): BSSID update SIGNAL_POLL ID: 261501600 SSID: "AndroidWifi", BSSID: 00:13:10:85:fe:01, MAC: 02:15:b4:00:00:00, IP: /10.0.2.17, Security type: 0, Supplicant state: COMPLETED, Wi-Fi standard: legacy, RSSI: -50, Link speed: 1Mbps, Tx Link speed: 1Mbps, Max Supported Tx Link speed: 11Mbps, Rx Link speed: 2Mbps, Max Supported Rx Link speed: 11Mbps, Frequency: 2447MHz, Net ID: 0, Metered hint: false, score: 60, isUsable: true, CarrierMerged: false, SubscriptionId: -1, IsPrimary: 1, Trusted: true, Restricted: false, Ephemeral: false, OEM paid: false, OEM private: false, OSU AP: false, FQDN: <none>, Provider friendly name: <none>, Requesting package name: <none>"AndroidWifi"openMLO Information: , Is TID-To-Link negotiation supported by the AP: false, AP MLD Address: <none>, AP MLO Link Id: <none>, AP MLO Affiliated links: <none>, Vendor Data: <none>
04-22 05:54:24.581 D/WifiScoreCard(  683): txRate: 1 txSpeed: 1
04-22 05:54:24.582 D/WifiScoreCard(  683): network update SIGNAL_POLL "AndroidWifi" ID: 579418950 RSSI -50 txSpeed -1
04-22 05:54:24.582 D/WifiClientModeImpl[9769:wlan0](  683):  ClientModeImpl$L2ConnectedState screen=on 1 0 "AndroidWifi" 00:13:10:85:fe:01 rssi=-50 f=2447 sc=60 link=1 tx=0.0, 0.0, 0.0 rx=0.0 bcn=0 [on:0 tx:0 rx:0 period:3011] from screen [on:0 period:-1307995962] score=60
04-22 05:54:25.726 W/ActivityTaskManager(  683): callingPackage for (uid=2000, pid=5097) has no WPC
04-22 05:54:25.727 V/GrammaticalInflectionUtils(  683): AttributionSource: AttributionSource { uid = 10214, packageName = null, attributionTag = null, token = android.os.Binder@d3d534, deviceId = 0, next = null } does not have READ_SYSTEM_GRAMMATICAL_GENDER permission.
04-22 05:54:25.727 W/OptProp (  683): Cannot read opt property android.window.PROPERTY_COMPAT_ALLOW_USER_ASPECT_RATIO_OVERRIDE
04-22 05:54:25.727 W/OptProp (  683): Cannot read opt property android.window.PROPERTY_COMPAT_ALLOW_USER_ASPECT_RATIO_FULLSCREEN_OVERRIDE
04-22 05:54:25.727 W/OptProp (  683): Cannot read opt property android.window.PROPERTY_COMPAT_ALLOW_RESIZEABLE_ACTIVITY_OVERRIDES
04-22 05:54:25.727 W/OptProp (  683): Cannot read opt property android.window.PROPERTY_COMPAT_ALLOW_MIN_ASPECT_RATIO_OVERRIDE
04-22 05:54:25.728 D/KeyguardService(  957): setOccluded(false)
04-22 05:54:25.728 D/KeyguardViewMediator(  957): setOccluded(false)
04-22 05:54:25.728 D/KeyguardViewMediator(  957): handleSetOccluded(false)
04-22 05:54:25.728 I/ActivityTaskManager(  683): START u0 {flg=0x10000000 xflg=0x5 cmp=com.impos2.mixcretailassemblyrn84/.MainActivity} with LAUNCH_SINGLE_TASK from uid 2000 (BAL_ALLOW_PERMISSION) result code=3
04-22 05:54:25.728 D/KeyguardViewMediator(  957): KeyguardViewMediator queue processing message: SET_OCCLUDED
04-22 05:54:25.729 W/unknown:BridgelessReact( 4898): ReactHost{0}.onHostPause(activity)
04-22 05:54:25.729 W/unknown:BridgelessReact( 4898): ReactHost{0}.ReactContext.onHostPause()
04-22 05:54:25.729 W/unknown:BridgelessReact( 4898): ReactHost{0}.onHostResume(activity)
04-22 05:54:25.729 W/unknown:BridgelessReact( 4898): ReactHost{0}.ReactContext.onHostResume()
04-22 05:54:25.730 D/WindowManagerShell(  957): onActivityRestartAttempt: topActivity=ComponentInfo{com.impos2.mixcretailassemblyrn84/com.impos2.mixcretailassemblyrn84.MainActivity}, wasVisible=true
04-22 05:54:25.783 W/IPCThreadState(  683): Sending oneway calls to frozen process.
04-22 05:54:25.783 W/IPCThreadState(  683): Sending oneway calls to frozen process.
04-22 05:54:25.783 W/IPCThreadState(  683): Sending oneway calls to frozen process.
04-22 05:54:25.783 W/IPCThreadState(  683): Sending oneway calls to frozen process.
04-22 05:54:25.783 W/IPCThreadState(  683): Sending oneway calls to frozen process.
04-22 05:54:25.783 W/IPCThreadState(  683): Sending oneway calls to frozen process.
04-22 05:54:25.783 W/IPCThreadState(  683): Sending oneway calls to frozen process.
04-22 05:54:25.783 W/IPCThreadState(  683): Sending oneway calls to frozen process.
04-22 05:54:25.783 W/IPCThreadState(  683): Sending oneway calls to frozen process.
04-22 05:54:25.783 W/IPCThreadState(  683): Sending oneway calls to frozen process.
04-22 05:54:25.783 W/IPCThreadState(  683): Sending oneway calls to frozen process.
04-22 05:54:25.783 W/IPCThreadState(  683): Sending oneway calls to frozen process.
04-22 05:54:25.783 W/IPCThreadState(  683): Sending oneway calls to frozen process.
04-22 05:54:25.783 W/IPCThreadState(  683): Sending oneway calls to frozen process.
04-22 05:54:25.783 W/IPCThreadState(  683): Sending oneway calls to frozen process.
04-22 05:54:25.783 W/IPCThreadState(  683): Sending oneway calls to frozen process.
04-22 05:54:25.783 W/IPCThreadState(  683): Sending oneway calls to frozen process.
04-22 05:54:25.783 W/IPCThreadState(  683): Sending oneway calls to frozen process.
04-22 05:54:25.783 W/IPCThreadState(  683): Sending oneway calls to frozen process.
04-22 05:54:25.783 W/IPCThreadState(  683): Sending oneway calls to frozen process.
04-22 05:54:25.783 W/IPCThreadState(  683): Sending oneway calls to frozen process.
04-22 05:54:25.783 W/IPCThreadState(  683): Sending oneway calls to frozen process.
04-22 05:54:25.783 W/IPCThreadState(  683): Sending oneway calls to frozen process.
04-22 05:54:25.783 W/IPCThreadState(  683): Sending oneway calls to frozen process.
04-22 05:54:25.785 W/IPCThreadState(  683): Sending oneway calls to frozen process.
04-22 05:54:25.785 W/IPCThreadState(  683): Sending oneway calls to frozen process.
04-22 05:54:25.785 W/IPCThreadState(  683): Sending oneway calls to frozen process.
04-22 05:54:25.785 W/IPCThreadState(  683): Sending oneway calls to frozen process.
04-22 05:54:25.785 W/IPCThreadState(  683): Sending oneway calls to frozen process.
04-22 05:54:25.785 W/IPCThreadState(  683): Sending oneway calls to frozen process.
04-22 05:54:25.785 W/IPCThreadState(  683): Sending oneway calls to frozen process.
04-22 05:54:25.785 W/IPCThreadState(  683): Sending oneway calls to frozen process.
04-22 05:54:25.785 W/IPCThreadState(  683): Sending oneway calls to frozen process.
04-22 05:54:25.785 W/IPCThreadState(  683): Sending oneway calls to frozen process.
04-22 05:54:25.785 W/IPCThreadState(  683): Sending oneway calls to frozen process.
04-22 05:54:25.785 W/IPCThreadState(  683): Sending oneway calls to frozen process.
04-22 05:54:25.785 W/IPCThreadState(  683): Sending oneway calls to frozen process.
04-22 05:54:25.785 W/IPCThreadState(  683): Sending oneway calls to frozen process.
04-22 05:54:25.785 W/IPCThreadState(  683): Sending oneway calls to frozen process.
04-22 05:54:25.785 W/IPCThreadState(  683): Sending oneway calls to frozen process.
04-22 05:54:25.785 W/IPCThreadState(  683): Sending oneway calls to frozen process.
04-22 05:54:25.785 W/IPCThreadState(  683): Sending oneway calls to frozen process.
04-22 05:54:25.785 W/IPCThreadState(  683): Sending oneway calls to frozen process.
04-22 05:54:25.785 W/IPCThreadState(  683): Sending oneway calls to frozen process.
04-22 05:54:25.785 W/IPCThreadState(  683): Sending oneway calls to frozen process.
04-22 05:54:25.785 W/IPCThreadState(  683): Sending oneway calls to frozen process.
04-22 05:54:27.239 D/SatelliteController( 1086): iisInCarrierRoamingNbIotNtn: satellite is disabled
04-22 05:54:27.586 W/BestClock(  683): java.time.DateTimeException: No network time available
04-22 05:54:27.586 W/BestClock(  683): java.time.DateTimeException: No network time available
04-22 05:54:27.586 W/BestClock(  683): java.time.DateTimeException: No network time available
04-22 05:54:27.586 W/BestClock(  683): java.time.DateTimeException: No network time available
04-22 05:54:27.586 W/BestClock(  683): java.time.DateTimeException: No network time available
04-22 05:54:27.587 D/WifiClientModeImpl[9769:wlan0](  683): updateLinkLayerStatsRssiSpeedFrequencyCapabilities rssi=-50 TxLinkspeed=1 freq=2447 RxLinkSpeed=2
04-22 05:54:27.587 D/WifiDataStall(  683): tx tput in kbps: 11000
04-22 05:54:27.589 D/WifiDataStall(  683): rx tput in kbps: 11000
04-22 05:54:27.589 V/WifiConfigManager(  683): Updating scan detail cache freq=2447 BSSID=00:13:10:85:fe:01 RSSI=-50 for "AndroidWifi"NONE
04-22 05:54:27.589 D/WifiThroughputPredictor(  683):  utilization (LLS) 80 isBluetoothConnected: false final utilization: 80
04-22 05:54:27.589 D/WifiThroughputPredictor(  683):  BW: 0 RSSI: -50 Nss: 1 Mode: 1 symDur: 4000 snrDb 30 bitPerTone: 4500 rate: 54 throughput: 11
04-22 05:54:27.589 D/WifiThroughputPredictor(  683):  utilization (LLS) 80 isBluetoothConnected: false final utilization: 80
04-22 05:54:27.589 D/WifiThroughputPredictor(  683):  BW: 0 RSSI: -50 Nss: 1 Mode: 1 symDur: 4000 snrDb 30 bitPerTone: 4500 rate: 54 throughput: 11
04-22 05:54:27.589 D/WifiThroughputPredictor(  683):  utilization (LLS) 80 isBluetoothConnected: false final utilization: 80
04-22 05:54:27.589 D/WifiThroughputPredictor(  683):  BW: 0 RSSI: -50 Nss: 1 Mode: 1 symDur: 4000 snrDb 30 bitPerTone: 4500 rate: 54 throughput: 11
04-22 05:54:27.589 D/WifiThroughputPredictor(  683):  utilization (LLS) 80 isBluetoothConnected: false final utilization: 80
04-22 05:54:27.589 D/WifiThroughputPredictor(  683):  BW: 0 RSSI: -50 Nss: 1 Mode: 1 symDur: 4000 snrDb 30 bitPerTone: 4500 rate: 54 throughput: 11
04-22 05:54:27.590 D/WifiScoreCard(  683): BSSID update SIGNAL_POLL ID: 261501600 SSID: "AndroidWifi", BSSID: 00:13:10:85:fe:01, MAC: 02:15:b4:00:00:00, IP: /10.0.2.17, Security type: 0, Supplicant state: COMPLETED, Wi-Fi standard: legacy, RSSI: -50, Link speed: 1Mbps, Tx Link speed: 1Mbps, Max Supported Tx Link speed: 11Mbps, Rx Link speed: 2Mbps, Max Supported Rx Link speed: 11Mbps, Frequency: 2447MHz, Net ID: 0, Metered hint: false, score: 60, isUsable: true, CarrierMerged: false, SubscriptionId: -1, IsPrimary: 1, Trusted: true, Restricted: false, Ephemeral: false, OEM paid: false, OEM private: false, OSU AP: false, FQDN: <none>, Provider friendly name: <none>, Requesting package name: <none>"AndroidWifi"openMLO Information: , Is TID-To-Link negotiation supported by the AP: false, AP MLD Address: <none>, AP MLO Link Id: <none>, AP MLO Affiliated links: <none>, Vendor Data: <none>
04-22 05:54:27.590 D/WifiScoreCard(  683): txRate: 1 txSpeed: 1
04-22 05:54:27.590 D/WifiScoreCard(  683): network update SIGNAL_POLL "AndroidWifi" ID: 579418950 RSSI -50 txSpeed -1
04-22 05:54:27.590 D/WifiClientModeImpl[9769:wlan0](  683):  ClientModeImpl$L2ConnectedState screen=on 1 0 "AndroidWifi" 00:13:10:85:fe:01 rssi=-50 f=2447 sc=60 link=1 tx=0.0, 0.0, 0.0 rx=0.0 bcn=0 [on:0 tx:0 rx:0 period:3008] from screen [on:0 period:-1307992954] score=60
04-22 05:54:28.309 I/WifiService(  683): isFeatureSupported uid=1000 returns [WIFI_FEATURE_INFRA, WIFI_FEATURE_P2P, WIFI_FEATURE_MOBILE_HOTSPOT, WIFI_FEATURE_WPA3_SAE, WIFI_FEATURE_WPA3_SUITE_B, WIFI_FEATURE_OWE, WIFI_FEATURE_DPP, WIFI_FEATURE_AP_RAND_MAC, WIFI_FEATURE_MBO, WIFI_FEATURE_FILS_SHA256, WIFI_FEATURE_FILS_SHA384, WIFI_FEATURE_SAE_PK, WIFI_FEATURE_DPP_ENROLLEE_RESPONDER, WIFI_FEATURE_PASSPOINT_TERMS_AND_CONDITIONS, WIFI_FEATURE_WFD_R2, WIFI_FEATURE_DECORATED_IDENTITY, WIFI_FEATURE_TRUST_ON_FIRST_USE, WIFI_FEATURE_SET_TLS_MINIMUM_VERSION, WIFI_FEATURE_TLS_V1_3, WIFI_FEATURE_WEP, WIFI_FEATURE_WPA_PERSONAL]
04-22 05:54:29.140 I/resolv  (  459): ResNSendHandler::run: 0 / {101 983141 101 983141 1073 1}
04-22 05:54:29.141 I/resolv  (  459): ResNSendHandler::run: 0 / {101 983141 101 983141 1073 1}
04-22 05:54:29.143 I/resolv  (  459): ResNSendHandler::run: 0 / {101 983141 101 983141 1073 1}
04-22 05:54:29.143 I/resolv  (  459): resolv_cache_lookup: FOUND IN CACHE entry=0xb400007d2ced1320
04-22 05:54:29.143 I/WifiService(  683): isFeatureSupported uid=1000 returns [WIFI_FEATURE_INFRA, WIFI_FEATURE_P2P, WIFI_FEATURE_MOBILE_HOTSPOT, WIFI_FEATURE_WPA3_SAE, WIFI_FEATURE_WPA3_SUITE_B, WIFI_FEATURE_OWE, WIFI_FEATURE_DPP, WIFI_FEATURE_AP_RAND_MAC, WIFI_FEATURE_MBO, WIFI_FEATURE_FILS_SHA256, WIFI_FEATURE_FILS_SHA384, WIFI_FEATURE_SAE_PK, WIFI_FEATURE_DPP_ENROLLEE_RESPONDER, WIFI_FEATURE_PASSPOINT_TERMS_AND_CONDITIONS, WIFI_FEATURE_WFD_R2, WIFI_FEATURE_DECORATED_IDENTITY, WIFI_FEATURE_TRUST_ON_FIRST_USE, WIFI_FEATURE_SET_TLS_MINIMUM_VERSION, WIFI_FEATURE_TLS_V1_3, WIFI_FEATURE_WEP, WIFI_FEATURE_WPA_PERSONAL]
04-22 05:54:29.143 I/resolv  (  459): ResNSendHandler::run: 0 / {101 983141 101 983141 1073 1}
04-22 05:54:29.143 I/resolv  (  459): resolv_cache_lookup: FOUND IN CACHE entry=0xb400007e7ced28b0
04-22 05:54:29.620 I/resolv  (  459): res_nsend: used send_dg 60 terrno: 0
04-22 05:54:29.621 I/resolv  (  459): res_nsend: used send_dg 117 terrno: 0
04-22 05:54:29.625 D/NetworkMonitor/101( 1052): PROBE_DNS www.google.com 489ms OK 185.45.5.35,2001::1
04-22 05:54:29.626 I/resolv  (  459): GetAddrInfoHandler::run: {101 983141 101 983141 1073 1}
04-22 05:54:29.626 D/NetworkMonitor/101( 1052): PROBE_DNS connectivitycheck.gstatic.com 490ms OK 114.250.65.34
04-22 05:54:29.627 I/resolv  (  459): res_nmkquery: (QUERY, IN, AAAA)
04-22 05:54:29.627 I/resolv  (  459): resolv_cache_lookup: FOUND IN CACHE entry=0xb400007cdced1150
04-22 05:54:29.627 I/resolv  (  459): doQuery: rcode=0, ancount=1, return value=60
04-22 05:54:29.627 I/resolv  (  459): res_nmkquery: (QUERY, IN, A)
04-22 05:54:29.627 I/resolv  (  459): resolv_cache_lookup: FOUND IN CACHE entry=0xb400007d2ced1320
04-22 05:54:29.627 I/resolv  (  459): doQuery: rcode=0, ancount=1, return value=48
04-22 05:54:29.627 I/resolv  (  459): GetAddrInfoHandler::run: {101 983141 101 983141 1073 1}
04-22 05:54:29.628 I/resolv  (  459): res_nmkquery: (QUERY, IN, AAAA)
04-22 05:54:29.628 I/resolv  (  459): resolv_cache_lookup: FOUND IN CACHE entry=0xb400007d0cedcb30
04-22 05:54:29.628 I/resolv  (  459): doQuery: rcode=0, ancount=0, return value=117
04-22 05:54:29.629 I/resolv  (  459): res_nmkquery: (QUERY, IN, A)
04-22 05:54:29.629 I/resolv  (  459): resolv_cache_lookup: FOUND IN CACHE entry=0xb400007e7ced28b0
04-22 05:54:29.629 I/resolv  (  459): doQuery: rcode=0, ancount=1, return value=63
04-22 05:54:30.122 D/NetworkMonitor/101( 1052): PROBE_HTTP http://connectivitycheck.gstatic.com/generate_204 time=495ms ret=204 request={Connection=[close], User-Agent=[Mozilla/5.0 (X11; Linux x86_64) AppleWebKit/537.36 (KHTML, like Gecko) Chrome/60.0.3112.32 Safari/537.36]} headers={null=[HTTP/1.1 204 No Content], Connection=[close], Cross-Origin-Resource-Policy=[cross-origin], Date=[Tue, 21 Apr 2026 21:54:29 GMT], X-Android-Received-Millis=[1776808470122], X-Android-Response-Source=[NETWORK 204], X-Android-Selected-Protocol=[http/1.1], X-Android-Sent-Millis=[1776808469631]}
04-22 05:54:30.592 W/BestClock(  683): java.time.DateTimeException: No network time available
04-22 05:54:30.592 W/BestClock(  683): java.time.DateTimeException: No network time available
04-22 05:54:30.593 W/BestClock(  683): java.time.DateTimeException: No network time available
04-22 05:54:30.593 W/BestClock(  683): java.time.DateTimeException: No network time available
04-22 05:54:30.593 W/BestClock(  683): java.time.DateTimeException: No network time available
04-22 05:54:30.593 D/WifiClientModeImpl[9769:wlan0](  683): updateLinkLayerStatsRssiSpeedFrequencyCapabilities rssi=-50 TxLinkspeed=1 freq=2447 RxLinkSpeed=2
04-22 05:54:30.593 D/WifiDataStall(  683): tx tput in kbps: 11000
04-22 05:54:30.593 D/WifiDataStall(  683): rx tput in kbps: 11000
04-22 05:54:30.593 V/WifiConfigManager(  683): Updating scan detail cache freq=2447 BSSID=00:13:10:85:fe:01 RSSI=-50 for "AndroidWifi"NONE
04-22 05:54:30.593 D/WifiThroughputPredictor(  683):  utilization (LLS) 80 isBluetoothConnected: false final utilization: 80
04-22 05:54:30.593 D/WifiThroughputPredictor(  683):  BW: 0 RSSI: -50 Nss: 1 Mode: 1 symDur: 4000 snrDb 30 bitPerTone: 4500 rate: 54 throughput: 11
04-22 05:54:30.593 D/WifiThroughputPredictor(  683):  utilization (LLS) 80 isBluetoothConnected: false final utilization: 80
04-22 05:54:30.593 D/WifiThroughputPredictor(  683):  BW: 0 RSSI: -50 Nss: 1 Mode: 1 symDur: 4000 snrDb 30 bitPerTone: 4500 rate: 54 throughput: 11
04-22 05:54:30.594 D/WifiThroughputPredictor(  683):  utilization (LLS) 80 isBluetoothConnected: false final utilization: 80
04-22 05:54:30.594 D/WifiThroughputPredictor(  683):  BW: 0 RSSI: -50 Nss: 1 Mode: 1 symDur: 4000 snrDb 30 bitPerTone: 4500 rate: 54 throughput: 11
04-22 05:54:30.594 D/WifiThroughputPredictor(  683):  utilization (LLS) 80 isBluetoothConnected: false final utilization: 80
04-22 05:54:30.594 D/WifiThroughputPredictor(  683):  BW: 0 RSSI: -50 Nss: 1 Mode: 1 symDur: 4000 snrDb 30 bitPerTone: 4500 rate: 54 throughput: 11
