--------- beginning of system
04-22 05:50:46.907 W/ActivityTaskManager(  683): callingPackage for (uid=2000, pid=4895) has no WPC
--------- beginning of main
04-22 05:50:46.907 I/system_server(  683): AssetManager2(0xb400007aa8d103b8) locale list changing from [] to [en-US]
04-22 05:50:46.908 V/GrammaticalInflectionUtils(  683): AttributionSource: AttributionSource { uid = 10214, packageName = null, attributionTag = null, token = android.os.Binder@d3d534, deviceId = 0, next = null } does not have READ_SYSTEM_GRAMMATICAL_GENDER permission.
04-22 05:50:46.908 W/OptProp (  683): Cannot read opt property android.window.PROPERTY_COMPAT_ALLOW_USER_ASPECT_RATIO_OVERRIDE
04-22 05:50:46.908 W/OptProp (  683): Cannot read opt property android.window.PROPERTY_COMPAT_ALLOW_USER_ASPECT_RATIO_FULLSCREEN_OVERRIDE
04-22 05:50:46.908 W/OptProp (  683): Cannot read opt property android.window.PROPERTY_COMPAT_ALLOW_RESIZEABLE_ACTIVITY_OVERRIDES
04-22 05:50:46.908 W/OptProp (  683): Cannot read opt property android.window.PROPERTY_COMPAT_ALLOW_MIN_ASPECT_RATIO_OVERRIDE
04-22 05:50:46.910 W/OptProp (  683): Cannot read opt property android.window.PROPERTY_COMPAT_ALLOW_ORIENTATION_OVERRIDE
04-22 05:50:46.912 I/ActivityTaskManager(  683): START u0 {flg=0x10000000 xflg=0x5 cmp=com.impos2.mixcretailassemblyrn84/.MainActivity} with LAUNCH_SINGLE_TASK from uid 2000 (BAL_ALLOW_PERMISSION) result code=0
04-22 05:50:46.913 I/ndroid.systemui(  957): AssetManager2(0xb400007aa8c79d78) locale list changing from [] to [en-US]
04-22 05:50:46.914 W/SplitSelectStateCtor( 1096): Missing session instanceIds
04-22 05:50:46.914 V/WindowManagerShell(  957): Transition requested (#197): android.os.BinderProxy@17af7c TransitionRequestInfo { type = OPEN, triggerTask = TaskInfo{userId=0 taskId=49 effectiveUid=10214 displayId=0 isRunning=true baseIntent=Intent { flg=0x10000000 cmp=com.impos2.mixcretailassemblyrn84/.MainActivity } baseActivity=ComponentInfo{com.impos2.mixcretailassemblyrn84/com.impos2.mixcretailassemblyrn84.MainActivity} topActivity=ComponentInfo{com.impos2.mixcretailassemblyrn84/com.impos2.mixcretailassemblyrn84.MainActivity} origActivity=null realActivity=ComponentInfo{com.impos2.mixcretailassemblyrn84/com.impos2.mixcretailassemblyrn84.MainActivity} numActivities=1 lastActiveTime=33704456 supportsMultiWindow=true resizeMode=1 isResizeable=true minWidth=-1 minHeight=-1 defaultMinSize=220 token=WCT{android.window.IWindowContainerToken$Stub$Proxy@775b005} topActivityType=1 pictureInPictureParams=null shouldDockBigOverlays=false launchIntoPipHostTaskId=-1 lastParentTaskIdBeforePip=-1 displayCutoutSafeInsets=Rect(0, 0 - 0, 0) topActivityInfo=ActivityInfo{85bf026 com.impos2.mixcretailassemblyrn84.MainActivity} launchCookies=[] positionInParent=Point(0, 0) parentTaskId=-1 isFocused=false isVisible=false isVisibleRequested=false isTopActivityNoDisplay=false isSleeping=false locusId=null displayAreaFeatureId=1 isTopActivityTransparent=false isActivityStackTransparent=false lastNonFullscreenBounds=Rect(892, 102 - 1668, 1482) capturedLink=null capturedLinkTimestamp=0 requestedVisibleTypes=-9 topActivityRequestOpenInBrowserEducationTimestamp=0 appCompatTaskInfo=AppCompatTaskInfo { topActivityInSizeCompat=false eligibleForLetterboxEducation= false isLetterboxEducationEnabled= true isLetterboxDoubleTapEnabled= false eligibleForUserAspectRatioButton= true topActivityBoundsLetterboxed= false isFromLetterboxDoubleTap= false topActivityLetterboxVerticalPosition= -1 topActivityLetterboxHorizontalPosition= -1 topActivityLetterboxWidth=-1 topActivityLetterboxHeight=-1 topActivityAppBounds=Rect(0, 0 - 2560, 1600) isUserFullscreenOverrideEnabled=false isSystemFullscreenOverrideEnabled=false hasMinAspectRatioOverride=false topActivityLetterboxBounds=null cameraCompatTaskInfo=CameraCompatTaskInfo { freeformCameraCompatMode=inactive}} topActivityMainWindowFrame=null}, pipChange = null, remoteTransition = null, displayChange = null, flags = 0, debugId = 197 }
04-22 05:50:46.914 D/StatsLog( 1096): LAUNCHER_SPLIT_SELECTION_EXIT_INTERRUPTED
04-22 05:50:46.914 V/GrammaticalInflectionUtils(  683): AttributionSource: AttributionSource { uid = 10214, packageName = null, attributionTag = null, token = android.os.Binder@d3d534, deviceId = 0, next = null } does not have READ_SYSTEM_GRAMMATICAL_GENDER permission.
04-22 05:50:46.915 D/CompatChangeReporter(  683): Compat change id reported: 377864165; UID 10214; state: ENABLED
04-22 05:50:46.916 D/ShellSplitScreen(  957): logExit: no-op, mLoggerSessionId is null
04-22 05:50:46.917 D/SplashScreenView(  957): Build android.window.SplashScreenView{1f6ddfe V.E...... ......ID 0,0-0,0}
04-22 05:50:46.917 D/SplashScreenView(  957): Icon: view: android.widget.ImageView{e34195f V.ED..... ......I. 0,0-0,0 #1020542 android:id/splashscreen_icon_view} drawable: com.android.wm.shell.startingsurface.SplashscreenIconDrawableFactory$ImmobileIconDrawable@a63efac size: 384
04-22 05:50:46.917 D/SplashScreenView(  957): Branding: view: android.view.View{a9ba475 G.ED..... ......I. 0,0-0,0 #1020541 android:id/splashscreen_branding_view} drawable: null size w: 0 h: 0
04-22 05:50:46.918 D/BackgroundInstallControlService(  683): Package event received: 0
04-22 05:50:46.919 I/AppWidgetServiceImpl(  683): Received broadcast: android.intent.action.PACKAGE_UNSTOPPED on user 0
04-22 05:50:46.919 I/AppWidgetServiceImpl(  683): Updating package stopped masked state for uid 10214 package com.impos2.mixcretailassemblyrn84 isStopped false
04-22 05:50:46.920 D/WindowManagerShell(  957): setLauncherKeepClearAreaHeight: visible=false, height=202
04-22 05:50:46.920 I/system_server(  683): AssetManager2(0xb400007aa8cf6d78) locale list changing from [] to [en-US]
04-22 05:50:46.922 W/OptProp (  683): Cannot read opt property android.window.PROPERTY_COMPAT_ALLOW_DISPLAY_ORIENTATION_OVERRIDE
04-22 05:50:46.923 I/system_server(  683): AssetManager2(0xb400007aa8cff0b8) locale list changing from [] to [en-US]
04-22 05:50:46.924 W/IPCThreadState(  683): Sending oneway calls to frozen process.
04-22 05:50:46.924 W/IPCThreadState(  683): Sending oneway calls to frozen process.
04-22 05:50:46.924 W/IPCThreadState(  683): Sending oneway calls to frozen process.
04-22 05:50:46.924 W/IPCThreadState(  683): Sending oneway calls to frozen process.
04-22 05:50:46.924 W/IPCThreadState(  683): Sending oneway calls to frozen process.
04-22 05:50:46.924 W/IPCThreadState(  683): Sending oneway calls to frozen process.
04-22 05:50:46.924 W/IPCThreadState(  683): Sending oneway calls to frozen process.
04-22 05:50:46.924 W/IPCThreadState(  683): Sending oneway calls to frozen process.
04-22 05:50:46.924 W/IPCThreadState(  683): Sending oneway calls to frozen process.
04-22 05:50:46.924 W/IPCThreadState(  683): Sending oneway calls to frozen process.
04-22 05:50:46.924 W/IPCThreadState(  683): Sending oneway calls to frozen process.
04-22 05:50:46.924 W/IPCThreadState(  683): Sending oneway calls to frozen process.
04-22 05:50:46.924 W/IPCThreadState(  683): Sending oneway calls to frozen process.
04-22 05:50:46.925 W/IPCThreadState(  683): Sending oneway calls to frozen process.
04-22 05:50:46.925 W/IPCThreadState(  683): Sending oneway calls to frozen process.
04-22 05:50:46.926 W/IPCThreadState(  683): Sending oneway calls to frozen process.
04-22 05:50:46.926 W/IPCThreadState(  683): Sending oneway calls to frozen process.
04-22 05:50:46.926 W/IPCThreadState(  683): Sending oneway calls to frozen process.
04-22 05:50:46.926 W/IPCThreadState(  683): Sending oneway calls to frozen process.
04-22 05:50:46.926 W/IPCThreadState(  683): Sending oneway calls to frozen process.
04-22 05:50:46.927 W/IPCThreadState(  683): Sending oneway calls to frozen process.
04-22 05:50:46.927 W/IPCThreadState(  683): Sending oneway calls to frozen process.
04-22 05:50:46.927 W/IPCThreadState(  683): Sending oneway calls to frozen process.
04-22 05:50:46.927 W/IPCThreadState(  683): Sending oneway calls to frozen process.
04-22 05:50:46.927 W/IPCThreadState(  683): Sending oneway calls to frozen process.
04-22 05:50:46.927 D/Zygote  (  462): Forked child process 4898
04-22 05:50:46.927 W/IPCThreadState(  683): Sending oneway calls to frozen process.
04-22 05:50:46.927 W/IPCThreadState(  683): Sending oneway calls to frozen process.
04-22 05:50:46.927 W/IPCThreadState(  683): Sending oneway calls to frozen process.
04-22 05:50:46.928 W/IPCThreadState(  683): Sending oneway calls to frozen process.
04-22 05:50:46.928 W/IPCThreadState(  683): Sending oneway calls to frozen process.
04-22 05:50:46.928 W/IPCThreadState(  683): Sending oneway calls to frozen process.
04-22 05:50:46.928 W/IPCThreadState(  683): Sending oneway calls to frozen process.
04-22 05:50:46.928 W/IPCThreadState(  683): Sending oneway calls to frozen process.
04-22 05:50:46.928 W/IPCThreadState(  683): Sending oneway calls to frozen process.
04-22 05:50:46.928 W/IPCThreadState(  683): Sending oneway calls to frozen process.
04-22 05:50:46.928 W/IPCThreadState(  683): Sending oneway calls to frozen process.
04-22 05:50:46.928 W/IPCThreadState(  683): Sending oneway calls to frozen process.
04-22 05:50:46.928 W/IPCThreadState(  683): Sending oneway calls to frozen process.
04-22 05:50:46.928 W/IPCThreadState(  683): Sending oneway calls to frozen process.
04-22 05:50:46.931 I/ActivityManager(  683): Start proc 4898:com.impos2.mixcretailassemblyrn84/u0a214 for next-top-activity {com.impos2.mixcretailassemblyrn84/com.impos2.mixcretailassemblyrn84.MainActivity}
04-22 05:50:46.931 I/ActivityManager(  683): ProcessObserver broadcast disabled
04-22 05:50:46.934 I/netd    (  459): tetherGetStats() -> {[]} <1.76ms>
04-22 05:50:46.934 I/ailassemblyrn84( 4898): Using CollectorTypeCMC GC.
04-22 05:50:46.936 E/ailassemblyrn84( 4898): Not starting debugger since process cannot load the jdwp agent.
04-22 05:50:46.938 D/nativeloader( 4898): Load libframework-connectivity-tiramisu-jni.so using APEX ns com_android_tethering for caller /apex/com.android.tethering/javalib/framework-connectivity-t.jar: ok
04-22 05:50:46.952 V/WindowManagerShell(  957): onTransitionReady(transaction=2933462670377)
04-22 05:50:46.952 V/WindowManager(  683): Sent Transition (#197) createdAt=04-22 05:50:46.908 via request=TransitionRequestInfo { type = OPEN, triggerTask = TaskInfo{userId=0 taskId=49 effectiveUid=10214 displayId=0 isRunning=true baseIntent=Intent { flg=0x10000000 cmp=com.impos2.mixcretailassemblyrn84/.MainActivity } baseActivity=ComponentInfo{com.impos2.mixcretailassemblyrn84/com.impos2.mixcretailassemblyrn84.MainActivity} topActivity=ComponentInfo{com.impos2.mixcretailassemblyrn84/com.impos2.mixcretailassemblyrn84.MainActivity} origActivity=null realActivity=ComponentInfo{com.impos2.mixcretailassemblyrn84/com.impos2.mixcretailassemblyrn84.MainActivity} numActivities=1 lastActiveTime=33704456 supportsMultiWindow=true resizeMode=1 isResizeable=true minWidth=-1 minHeight=-1 defaultMinSize=220 token=WCT{RemoteToken{4f5a3c9 Task{2b9de07 #49 type=standard A=10214:com.impos2.mixcretailassemblyrn84}}} topActivityType=1 pictureInPictureParams=null shouldDockBigOverlays=false launchIntoPipHostTaskId=-1 lastParentTaskIdBeforePip=-1 displayCutoutSafeInsets=Rect(0, 0 - 0, 0) topActivityInfo=ActivityInfo{af42ace com.impos2.mixcretailassemblyrn84.MainActivity} launchCookies=[] positionInParent=Point(0, 0) parentTaskId=-1 isFocused=false isVisible=false isVisibleRequested=false isTopActivityNoDisplay=false isSleeping=false locusId=null displayAreaFeatureId=1 isTopActivityTransparent=false isActivityStackTransparent=false lastNonFullscreenBounds=Rect(892, 102 - 1668, 1482) capturedLink=null capturedLinkTimestamp=0 requestedVisibleTypes=-9 topActivityRequestOpenInBrowserEducationTimestamp=0 appCompatTaskInfo=AppCompatTaskInfo { topActivityInSizeCompat=false eligibleForLetterboxEducation= false isLetterboxEducationEnabled= true isLetterboxDoubleTapEnabled= false eligibleForUserAspectRatioButton= true topActivityBoundsLetterboxed= false isFromLetterboxDoubleTap= false topActivityLetterboxVerticalPosition= -1 topActivityLetterboxHorizontalPosition= -1 topActivityLetterboxWidth=-1 topActivityLetterboxHeight=-1 topActivityAppBounds=Rect(0, 0 - 2560, 1600) isUserFullscreenOverrideEnabled=false isSystemFullscreenOverrideEnabled=false hasMinAspectRatioOverride=false topActivityLetterboxBounds=null cameraCompatTaskInfo=CameraCompatTaskInfo { freeformCameraCompatMode=inactive}} topActivityMainWindowFrame=null}, pipChange = null, remoteTransition = null, displayChange = null, flags = 0, debugId = 197 }
04-22 05:50:46.952 V/WindowManager(  683):     startWCT=WindowContainerTransaction { changes= {} hops= [] errorCallbackToken=null taskFragmentOrganizer=null }
04-22 05:50:46.952 V/WindowManagerShell(  957): onTransitionReady (#197) android.os.BinderProxy@17af7c: {id=197 t=OPEN f=0x0 trk=0 r=[0@Point(0, 0)] c=[
04-22 05:50:46.952 V/WindowManagerShell(  957):         {m=OPEN f=NONE leash=Surface(name=Task=49)/@0x301e4b0 sb=Rect(0, 0 - 2560, 1600) eb=Rect(0, 0 - 2560, 1600) epz=Point(2560, 1600) d=0 taskParent=-1},
04-22 05:50:46.952 V/WindowManagerShell(  957):         {m=TO_BACK f=SHOW_WALLPAPER leash=Surface(name=Task=1)/@0xb9c2f29 sb=Rect(0, 0 - 2560, 1600) eb=Rect(0, 0 - 2560, 1600) epz=Point(2560, 1600) d=0 taskParent=-1},
04-22 05:50:46.952 V/WindowManagerShell(  957):         {m=TO_BACK f=IS_WALLPAPER leash=Surface(name=WallpaperWindowToken{d943a30 showWhenLocked=false})/@0xa94c2ae sb=Rect(0, 0 - 2560, 1600) eb=Rect(0, 0 - 2560, 1600) epz=Point(2560, 1600) d=0}
04-22 05:50:46.952 V/WindowManagerShell(  957):     ]}
04-22 05:50:46.953 V/WindowManagerShell(  957): Playing animation for (#197) android.os.BinderProxy@17af7c@0
04-22 05:50:46.953 V/ShellRecents(  957): RecentsTransitionHandler.startAnimation: no controller found
04-22 05:50:46.953 V/WindowManagerShell(  957): Transition doesn't have explicit remote, search filters for match for {id=197 t=OPEN f=0x0 trk=0 r=[0@Point(0, 0)] c=[{m=OPEN f=NONE leash=Surface(name=Task=49)/@0x301e4b0 sb=Rect(0, 0 - 2560, 1600) eb=Rect(0, 0 - 2560, 1600) epz=Point(2560, 1600) d=0 taskParent=-1},{m=TO_BACK f=SHOW_WALLPAPER leash=Surface(name=Task=1)/@0xb9c2f29 sb=Rect(0, 0 - 2560, 1600) eb=Rect(0, 0 - 2560, 1600) epz=Point(2560, 1600) d=0 taskParent=-1},{m=TO_BACK f=IS_WALLPAPER leash=Surface(name=WallpaperWindowToken{d943a30 showWhenLocked=false})/@0xa94c2ae sb=Rect(0, 0 - 2560, 1600) eb=Rect(0, 0 - 2560, 1600) epz=Point(2560, 1600) d=0}]}
04-22 05:50:46.953 V/WindowManagerShell(  957):  Checking filter Pair{{types=[] flags=0x0] notFlags=0x0 checks=[{atype=undefined independent=true modes=[CLOSE,TO_BACK] flags=IN_TASK_WITH_EMBEDDED_ACTIVITY mustBeTask=false order=ANY topActivity=null launchCookie=null taskFragmentToken=android.os.BinderProxy@c0a78a1 windowingMode=undefined}]} RemoteTransition { remoteTransition = android.window.IRemoteTransition$Stub$Proxy@ebc9ac6, appThread = android.app.IApplicationThread$Stub$Proxy@89a6a87, debugName = overlayBackTransition }}
04-22 05:50:46.953 V/WindowManagerShell(  957):  Checking filter Pair{{types=[] flags=0x0] notFlags=0x0 checks=[{atype=dream independent=true modes=[OPEN,TO_FRONT] flags=NONE mustBeTask=false order=ANY topActivity=null launchCookie=null windowingMode=undefined},{atype=home independent=true modes=[CLOSE,TO_BACK] flags=NONE mustBeTask=false order=ANY topActivity=null launchCookie=null windowingMode=undefined}]} RemoteTransition { remoteTransition = android.window.IRemoteTransition$Stub$Proxy@19eadb4, appThread = android.app.IApplicationThread$Stub$Proxy@6b4fddd, debugName = LauncherToDream }}
04-22 05:50:46.953 V/WindowManagerShell(  957):  Checking filter Pair{{types=[] flags=0x0] notFlags=0x100 checks=[{atype=home independent=true modes=[OPEN,TO_FRONT] flags=NONE mustBeTask=false order=TOP topActivity=ComponentInfo{com.google.android.apps.nexuslauncher/com.google.android.apps.nexuslauncher.NexusLauncherActivity} launchCookie=null windowingMode=undefined},{atype=standard independent=true modes=[CLOSE,TO_BACK] flags=NONE mustBeTask=false order=ANY topActivity=null launchCookie=null windowingMode=undefined},{NOT atype=undefined independent=true modes=[] flags=NONE mustBeTask=true order=ANY topActivity=null launchCookie=null customAnim=true windowingMode=undefined}]} RemoteTransition { remoteTransition = android.window.IRemoteTransition$Stub$Proxy@6579d52, appThread = android.app.IApplicationThread$Stub$Proxy@4a92823, debugName = QuickstepLaunchHome }}
04-22 05:50:46.953 V/WindowManagerShell(  957):  Delegate animation for (#197) to null
04-22 05:50:46.953 V/WindowManagerShell(  957): start default transition animation, info = {id=197 t=OPEN f=0x0 trk=0 r=[0@Point(0, 0)] c=[{m=OPEN f=NONE leash=Surface(name=Task=49)/@0x301e4b0 sb=Rect(0, 0 - 2560, 1600) eb=Rect(0, 0 - 2560, 1600) epz=Point(2560, 1600) d=0 taskParent=-1},{m=TO_BACK f=SHOW_WALLPAPER leash=Surface(name=Task=1)/@0xb9c2f29 sb=Rect(0, 0 - 2560, 1600) eb=Rect(0, 0 - 2560, 1600) epz=Point(2560, 1600) d=0 taskParent=-1},{m=TO_BACK f=IS_WALLPAPER leash=Surface(name=WallpaperWindowToken{d943a30 showWhenLocked=false})/@0xa94c2ae sb=Rect(0, 0 - 2560, 1600) eb=Rect(0, 0 - 2560, 1600) epz=Point(2560, 1600) d=0}]}
04-22 05:50:46.953 V/WindowManagerShell(  957): loadAnimation: anim=android.view.animation.AnimationSet@1f94e5 animAttr=0x13 type=OPEN isEntrance=false
04-22 05:50:46.954 V/WindowManager(  683):     info={id=197 t=OPEN f=0x0 trk=0 r=[0@Point(0, 0)] c=[
04-22 05:50:46.954 V/WindowManager(  683):         {WCT{RemoteToken{4f5a3c9 Task{2b9de07 #49 type=standard A=10214:com.impos2.mixcretailassemblyrn84}}} m=OPEN f=NONE leash=Surface(name=Task=49)/@0xd896b93 sb=Rect(0, 0 - 2560, 1600) eb=Rect(0, 0 - 2560, 1600) epz=Point(2560, 1600) d=0 taskParent=-1},
04-22 05:50:46.954 V/WindowManager(  683):         {WCT{RemoteToken{d207d2d Task{be313b9 #1 type=home}}} m=TO_BACK f=SHOW_WALLPAPER leash=Surface(name=Task=1)/@0x1052c0a sb=Rect(0, 0 - 2560, 1600) eb=Rect(0, 0 - 2560, 1600) epz=Point(2560, 1600) d=0 taskParent=-1},
04-22 05:50:46.954 V/WindowManager(  683):         {m=TO_BACK f=IS_WALLPAPER leash=Surface(name=WallpaperWindowToken{d943a30 showWhenLocked=false})/@0x2293475 sb=Rect(0, 0 - 2560, 1600) eb=Rect(0, 0 - 2560, 1600) epz=Point(2560, 1600) d=0}
04-22 05:50:46.954 V/WindowManager(  683):     ]}
04-22 05:50:46.954 V/WindowManagerShell(  957): loadAnimation: anim=android.view.animation.AnimationSet@28199c8 animAttr=0x12 type=OPEN isEntrance=true
04-22 05:50:46.954 V/WindowManagerShell(  957):  animated by com.android.wm.shell.transition.DefaultTransitionHandler@419789b
04-22 05:50:46.962 D/BackgroundInstallControlService(  683): Package event received: 0
04-22 05:50:46.972 D/nativeloader( 4898): Configuring clns-9 for other apk /data/app/~~uRYLf5HuIwRJZberCsx-6g==/com.impos2.mixcretailassemblyrn84-gPmG7Vy2Ea1y6aPMgF_h1A==/base.apk. target_sdk_version=36, uses_libraries=, library_path=/data/app/~~uRYLf5HuIwRJZberCsx-6g==/com.impos2.mixcretailassemblyrn84-gPmG7Vy2Ea1y6aPMgF_h1A==/lib/arm64:/data/app/~~uRYLf5HuIwRJZberCsx-6g==/com.impos2.mixcretailassemblyrn84-gPmG7Vy2Ea1y6aPMgF_h1A==/base.apk!/lib/arm64-v8a, permitted_path=/data:/mnt/expand:/data/user/0/com.impos2.mixcretailassemblyrn84
04-22 05:50:46.975 I/s.nexuslauncher( 1096): AssetManager2(0xb400007aa8c7dbf8) locale list changing from [] to [en-US]
04-22 05:50:46.976 I/ailassemblyrn84( 4898): AssetManager2(0xb400007aa8c1a238) locale list changing from [] to [en-US]
04-22 05:50:46.983 V/GraphicsEnvironment( 4898): Currently set values for:
04-22 05:50:46.983 V/GraphicsEnvironment( 4898):   angle_gl_driver_selection_pkgs=[]
04-22 05:50:46.983 V/GraphicsEnvironment( 4898):   angle_gl_driver_selection_values=[]
04-22 05:50:46.983 V/GraphicsEnvironment( 4898): com.impos2.mixcretailassemblyrn84 is not listed in per-application setting
04-22 05:50:46.983 V/GraphicsEnvironment( 4898): ANGLE allowlist from config: com.dreamgames.royalmatch com.dts.freefiremax com.dxx.firenow com.gramgames.mergedragons com.ludo.king com.mojang.minecraftpe com.my.defense com.nintendo.zaka com.os.airforce com.playrix.fishdomdd.gplay io.teslatech.callbreak jp.konami.prospia net.peakgames.toonblast
04-22 05:50:46.983 V/GraphicsEnvironment( 4898): com.impos2.mixcretailassemblyrn84 is not listed in ANGLE allowlist or settings, returning default
04-22 05:50:46.983 V/GraphicsEnvironment( 4898): Neither updatable production driver nor prerelease driver is supported.
04-22 05:50:46.996 W/SoLoader( 4898): Initializing SoLoader: 0
04-22 05:50:46.996 W/SoLoader( 4898): Recording new base apk path: /data/app/~~uRYLf5HuIwRJZberCsx-6g==/com.impos2.mixcretailassemblyrn84-gPmG7Vy2Ea1y6aPMgF_h1A==/base.apk
04-22 05:50:46.996 W/SoLoader( 4898): Previously recorded 0 base apk paths.
04-22 05:50:46.997 I/SoLoader( 4898): Preparing SO source: DirectorySoSource[root = /vendor/lib64 flags = 2]
04-22 05:50:46.997 I/SoLoader( 4898): Preparing SO source: DirectorySoSource[root = /system/lib64 flags = 2]
04-22 05:50:46.997 I/SoLoader( 4898): Preparing SO source: DirectApkSoSource[root = [/data/app/~~uRYLf5HuIwRJZberCsx-6g==/com.impos2.mixcretailassemblyrn84-gPmG7Vy2Ea1y6aPMgF_h1A==/base.apk!/lib/arm64-v8a]]
04-22 05:50:46.998 I/SoLoader( 4898): Preparing SO source: ApplicationSoSource[DirectorySoSource[root = /data/app/~~uRYLf5HuIwRJZberCsx-6g==/com.impos2.mixcretailassemblyrn84-gPmG7Vy2Ea1y6aPMgF_h1A==/lib/arm64 flags = 0]]
04-22 05:50:46.998 I/SoLoader( 4898): init finish: 4 SO sources prepared
04-22 05:50:46.998 W/SoLoader( 4898): SoLoader initialized: 8
04-22 05:50:47.002 D/nativeloader( 4898): Load /data/app/~~uRYLf5HuIwRJZberCsx-6g==/com.impos2.mixcretailassemblyrn84-gPmG7Vy2Ea1y6aPMgF_h1A==/base.apk!/lib/arm64-v8a/libc++_shared.so using class loader ns clns-9 (caller=/data/app/~~uRYLf5HuIwRJZberCsx-6g==/com.impos2.mixcretailassemblyrn84-gPmG7Vy2Ea1y6aPMgF_h1A==/base.apk): ok
04-22 05:50:47.003 D/nativeloader( 4898): Load /data/app/~~uRYLf5HuIwRJZberCsx-6g==/com.impos2.mixcretailassemblyrn84-gPmG7Vy2Ea1y6aPMgF_h1A==/base.apk!/lib/arm64-v8a/libjsi.so using class loader ns clns-9 (caller=/data/app/~~uRYLf5HuIwRJZberCsx-6g==/com.impos2.mixcretailassemblyrn84-gPmG7Vy2Ea1y6aPMgF_h1A==/base.apk): ok
04-22 05:50:47.004 D/nativeloader( 4898): Load /data/app/~~uRYLf5HuIwRJZberCsx-6g==/com.impos2.mixcretailassemblyrn84-gPmG7Vy2Ea1y6aPMgF_h1A==/base.apk!/lib/arm64-v8a/libfbjni.so using class loader ns clns-9 (caller=/data/app/~~uRYLf5HuIwRJZberCsx-6g==/com.impos2.mixcretailassemblyrn84-gPmG7Vy2Ea1y6aPMgF_h1A==/base.apk): ok
04-22 05:50:47.008 D/nativeloader( 4898): Load /data/app/~~uRYLf5HuIwRJZberCsx-6g==/com.impos2.mixcretailassemblyrn84-gPmG7Vy2Ea1y6aPMgF_h1A==/base.apk!/lib/arm64-v8a/libreactnative.so using class loader ns clns-9 (caller=/data/app/~~uRYLf5HuIwRJZberCsx-6g==/com.impos2.mixcretailassemblyrn84-gPmG7Vy2Ea1y6aPMgF_h1A==/base.apk): ok
04-22 05:50:47.008 D/jni_lib_merge( 4898): Entering merged library JNI_OnLoad.
04-22 05:50:47.008 D/jni_lib_merge( 4898): Preparing 12 pre-merged libs (including stub)
04-22 05:50:47.008 D/jni_lib_merge( 4898): Preparing to register libfabricjni_so.  onload_func: 0x786dda0a50
04-22 05:50:47.008 D/jni_lib_merge( 4898): Preparing to register libreact_devsupportjni_so.  onload_func: 0x786de6436c
04-22 05:50:47.008 D/jni_lib_merge( 4898): Preparing to register libreact_featureflagsjni_so.  onload_func: 0x786de7eba8
04-22 05:50:47.008 D/jni_lib_merge( 4898): Preparing to register libreact_newarchdefaults_so.  onload_func: 0x786debcd74
04-22 05:50:47.008 D/jni_lib_merge( 4898): Preparing to register libreactnativeblob_so.  onload_func: 0x786df5da4c
04-22 05:50:47.008 D/jni_lib_merge( 4898): Preparing to register libreactnativejni_so.  onload_func: 0x786df729e4
04-22 05:50:47.008 D/jni_lib_merge( 4898): Preparing to register libreactnativejni_common_so.  onload_func: 0x786df75be0
04-22 05:50:47.008 D/jni_lib_merge( 4898): Preparing to register librninstance_so.  onload_func: 0x786df92778
04-22 05:50:47.008 D/jni_lib_merge( 4898): Preparing to register libturbomodulejsijni_so.  onload_func: 0x786e03c0e0
04-22 05:50:47.008 D/jni_lib_merge( 4898): Preparing to register libuimanagerjni_so.  onload_func: 0x786e042b00
04-22 05:50:47.008 D/jni_lib_merge( 4898): Preparing to register libyoga_so.  onload_func: 0x786e04a0c4
04-22 05:50:47.008 D/jni_lib_merge( 4898): About to register 11 actual methods.
04-22 05:50:47.011 D/nativeloader( 4898): Load /data/app/~~uRYLf5HuIwRJZberCsx-6g==/com.impos2.mixcretailassemblyrn84-gPmG7Vy2Ea1y6aPMgF_h1A==/base.apk!/lib/arm64-v8a/libreact_codegen_rnsvg.so using class loader ns clns-9 (caller=/data/app/~~uRYLf5HuIwRJZberCsx-6g==/com.impos2.mixcretailassemblyrn84-gPmG7Vy2Ea1y6aPMgF_h1A==/base.apk): ok
04-22 05:50:47.011 D/jni_lib_merge( 4898): Entering merged library JNI_OnLoad.
04-22 05:50:47.011 D/jni_lib_merge( 4898): Preparing 12 pre-merged libs (including stub)
04-22 05:50:47.011 D/jni_lib_merge( 4898): Preparing to register libfabricjni_so.  onload_func: 0x786dda0a50
04-22 05:50:47.011 D/jni_lib_merge( 4898): Preparing to register libreact_devsupportjni_so.  onload_func: 0x786de6436c
04-22 05:50:47.011 D/jni_lib_merge( 4898): Preparing to register libreact_featureflagsjni_so.  onload_func: 0x786de7eba8
04-22 05:50:47.011 D/jni_lib_merge( 4898): Preparing to register libreact_newarchdefaults_so.  onload_func: 0x786debcd74
04-22 05:50:47.011 D/jni_lib_merge( 4898): Preparing to register libreactnativeblob_so.  onload_func: 0x786df5da4c
04-22 05:50:47.011 D/jni_lib_merge( 4898): Preparing to register libreactnativejni_so.  onload_func: 0x786df729e4
04-22 05:50:47.011 D/jni_lib_merge( 4898): Preparing to register libreactnativejni_common_so.  onload_func: 0x786df75be0
04-22 05:50:47.011 D/jni_lib_merge( 4898): Preparing to register librninstance_so.  onload_func: 0x786df92778
04-22 05:50:47.011 D/jni_lib_merge( 4898): Preparing to register libturbomodulejsijni_so.  onload_func: 0x786e03c0e0
04-22 05:50:47.011 D/jni_lib_merge( 4898): Preparing to register libuimanagerjni_so.  onload_func: 0x786e042b00
04-22 05:50:47.011 D/jni_lib_merge( 4898): Preparing to register libyoga_so.  onload_func: 0x786e04a0c4
04-22 05:50:47.011 D/jni_lib_merge( 4898): About to register 11 actual methods.
04-22 05:50:47.011 D/nativeloader( 4898): Load /data/app/~~uRYLf5HuIwRJZberCsx-6g==/com.impos2.mixcretailassemblyrn84-gPmG7Vy2Ea1y6aPMgF_h1A==/base.apk!/lib/arm64-v8a/libappmodules.so using class loader ns clns-9 (caller=/data/app/~~uRYLf5HuIwRJZberCsx-6g==/com.impos2.mixcretailassemblyrn84-gPmG7Vy2Ea1y6aPMgF_h1A==/base.apk): ok
04-22 05:50:47.013 W/OptProp (  683): Cannot read opt property android.window.PROPERTY_COMPAT_ENABLE_FAKE_FOCUS
04-22 05:50:47.015 D/BackgroundInstallControlService(  683): Package event received: 0
04-22 05:50:47.015 D/BackgroundInstallControlService(  683): Package event received: 0
04-22 05:50:47.019 I/DisplayManager( 4898): Choreographer implicitly registered for the refresh rate.
04-22 05:50:47.021 I/ailassemblyrn84( 4898): AssetManager2(0xb400007aa8c1d118) locale list changing from [] to [en-US]
04-22 05:50:47.023 D/AppCompatDelegate( 4898): Checking for metadata for AppLocalesMetadataHolderService : Service not found
04-22 05:50:47.023 I/ailassemblyrn84( 4898): AssetManager2(0xb400007aa8c1bb38) locale list changing from [] to [en-US]
04-22 05:50:47.026 E/ashmem  ( 4898): Pinning is deprecated since Android Q. Please use trim or other methods.
04-22 05:50:47.029 D/CompatChangeReporter( 4898): Compat change id reported: 377864165; UID 10214; state: ENABLED
04-22 05:50:47.030 D/DesktopModeFlags( 4898): Toggle override initialized to: OVERRIDE_UNSET
04-22 05:50:47.032 I/StartupAudit( 4898): activity_created activity=MainActivity displayIndex=0 pid=4898 time=2026-04-22 05:50:47.031
04-22 05:50:47.038 D/FileUtils(  683): Rounded bytes from 3120066560 to 4000000000
04-22 05:50:47.046 D/nativeloader( 4898): Load /data/app/~~uRYLf5HuIwRJZberCsx-6g==/com.impos2.mixcretailassemblyrn84-gPmG7Vy2Ea1y6aPMgF_h1A==/base.apk!/lib/arm64-v8a/libhermesvm.so using class loader ns clns-9 (caller=/data/app/~~uRYLf5HuIwRJZberCsx-6g==/com.impos2.mixcretailassemblyrn84-gPmG7Vy2Ea1y6aPMgF_h1A==/base.apk): ok
04-22 05:50:47.046 I/EGL_emulation( 4898): Opening libGLESv1_CM_emulation.so
04-22 05:50:47.046 I/EGL_emulation( 4898): Opening libGLESv2_emulation.so
04-22 05:50:47.046 D/nativeloader( 4898): Load /data/app/~~uRYLf5HuIwRJZberCsx-6g==/com.impos2.mixcretailassemblyrn84-gPmG7Vy2Ea1y6aPMgF_h1A==/base.apk!/lib/arm64-v8a/libhermestooling.so using class loader ns clns-9 (caller=/data/app/~~uRYLf5HuIwRJZberCsx-6g==/com.impos2.mixcretailassemblyrn84-gPmG7Vy2Ea1y6aPMgF_h1A==/base.apk): ok
04-22 05:50:47.047 D/jni_lib_merge( 4898): Entering merged library JNI_OnLoad.
04-22 05:50:47.047 D/jni_lib_merge( 4898): Preparing 4 pre-merged libs (including stub)
04-22 05:50:47.047 D/jni_lib_merge( 4898): Preparing to register libhermes_executor_so.  onload_func: 0x786daa2728
04-22 05:50:47.047 D/jni_lib_merge( 4898): Preparing to register libhermesinstancejni_so.  onload_func: 0x786daa9d44
04-22 05:50:47.047 D/jni_lib_merge( 4898): Preparing to register libjsijniprofiler_so.  onload_func: 0x786daaa530
04-22 05:50:47.047 D/jni_lib_merge( 4898): About to register 3 actual methods.
04-22 05:50:47.047 I/HotUpdateBundleResolver( 4898): no_active_marker isPrimaryProcess=true pid=4898
04-22 05:50:47.048 I/MainApplication( 4898): getJSBundleFile process=com.impos2.mixcretailassemblyrn84 isPrimaryProcess=true resolvedBundle=null fallbackBundle=null selectedBundle=null
04-22 05:50:47.051 W/unknown:BridgelessReact( 4898): ReactHost{0}.startSurface(surfaceId = 0): Schedule
04-22 05:50:47.051 W/unknown:BridgelessReact( 4898): ReactHost{0}.attachSurface(surfaceId = 0)
04-22 05:50:47.051 W/HWUI    ( 4898): Failed to choose config with EGL_SWAP_BEHAVIOR_PRESERVED, retrying without...
04-22 05:50:47.052 W/unknown:BridgelessReact( 4898): ReactHost{0}.getOrCreateReactInstanceTask()
04-22 05:50:47.052 W/unknown:BridgelessReact( 4898): ReactHost{0}.getOrCreateReactInstanceTask(): Start
04-22 05:50:47.052 W/unknown:BridgelessReact( 4898): ReactHost{0}.getJSBundleLoader()
04-22 05:50:47.052 W/unknown:BridgelessReact( 4898): ReactHost{0}.getOrCreateReactInstanceTask(): Creating BridgelessReactContext
04-22 05:50:47.052 W/unknown:BridgelessReact( 4898): ReactHost{0}.getOrCreateReactInstanceTask(): Creating ReactInstance
04-22 05:50:47.052 W/HWUI    ( 4898): Failed to initialize 101010-2 format, error = EGL_SUCCESS
04-22 05:50:47.057 W/unknown:BridgelessReact( 4898): ReactHost{0}.onHostResume(activity)
04-22 05:50:47.057 W/unknown:BridgelessReact( 4898): ReactHost{0}.ReactContext.onHostResume()
04-22 05:50:47.062 W/HWUI    ( 4898): Unknown dataspace 0
--------- beginning of kernel
04-22 05:50:47.065 I/servicemanager(  224): Caller(pid=4898,uid=10214,sid=u:r:untrusted_app:s0:c214,c256,c512,c768) Found android.hardware.graphics.allocator.IAllocator/default in device VINTF manifest.
04-22 05:50:47.066 I/servicemanager(  224): Caller(pid=4898,uid=10214,sid=u:r:untrusted_app:s0:c214,c256,c512,c768) Found android.hardware.graphics.allocator.IAllocator/default in device VINTF manifest.
04-22 05:50:47.067 I/servicemanager(  224): Caller(pid=4898,uid=10214,sid=u:r:untrusted_app:s0:c214,c256,c512,c768) Found mapper/ranchu in device VINTF manifest.
04-22 05:50:47.071 W/unknown:BridgelessReact( 4898): ReactHost{0}.getOrCreateReactInstanceTask(): Loading JS Bundle
04-22 05:50:47.077 W/unknown:BridgelessReact( 4898): ReactHost{0}.getOrCreateReactInstanceTask(): DevSupportManager.onNewReactContextCreated()
04-22 05:50:47.077 W/unknown:BridgelessReact( 4898): ReactHost{0}.startSurface(surfaceId = 0): Execute
04-22 05:50:47.078 I/ReactNativeJS( 4898): Running "MixcRetailAssemblyRN84"
04-22 05:50:47.078 D/CoreBackPreview(  683): Window{757c0ad u0 com.impos2.mixcretailassemblyrn84/com.impos2.mixcretailassemblyrn84.MainActivity}: Setting back callback OnBackInvokedCallbackInfo{mCallback=android.window.IOnBackInvokedCallback$Stub$Proxy@83c2f73, mPriority=-1, mIsAnimationCallback=false, mOverrideBehavior=0}
04-22 05:50:47.078 D/CoreBackPreview(  683): Window{757c0ad u0 com.impos2.mixcretailassemblyrn84/com.impos2.mixcretailassemblyrn84.MainActivity}: Setting back callback OnBackInvokedCallbackInfo{mCallback=android.window.IOnBackInvokedCallback$Stub$Proxy@e076e30, mPriority=0, mIsAnimationCallback=true, mOverrideBehavior=0}
04-22 05:50:47.083 W/unknown:ViewManagerPropertyUpdater( 4898): Could not find generated setter for class com.horcrux.svg.RenderableViewManager$DefsViewManager
04-22 05:50:47.091 W/unknown:ViewManagerPropertyUpdater( 4898): Could not find generated setter for class com.horcrux.svg.VirtualViewManager$c
04-22 05:50:47.094 W/unknown:ViewManagerPropertyUpdater( 4898): Could not find generated setter for class com.horcrux.svg.RenderableViewManager$FeMergeManager
04-22 05:50:47.098 W/unknown:ViewManagerPropertyUpdater( 4898): Could not find generated setter for class com.facebook.react.views.safeareaview.ReactSafeAreaViewManager
04-22 05:50:47.099 W/unknown:ViewManagerPropertyUpdater( 4898): Could not find generated setter for class com.facebook.react.uimanager.V
04-22 05:50:47.100 W/unknown:ViewManagerPropertyUpdater( 4898): Could not find generated setter for class com.horcrux.svg.RenderableViewManager$LinearGradientManager
04-22 05:50:47.101 W/unknown:ViewManagerPropertyUpdater( 4898): Could not find generated setter for class com.horcrux.svg.RenderableViewManager$FeGaussianBlurManager
04-22 05:50:47.101 W/unknown:ViewManagerPropertyUpdater( 4898): Could not find generated setter for class com.facebook.react.views.progressbar.ReactProgressBarViewManager
04-22 05:50:47.101 W/unknown:ViewManagerPropertyUpdater( 4898): Could not find generated setter for class com.facebook.react.views.progressbar.b
04-22 05:50:47.101 W/unknown:ViewManagerPropertyUpdater( 4898): Could not find generated setter for class com.facebook.react.views.scroll.ReactHorizontalScrollViewManager
04-22 05:50:47.102 W/unknown:ViewManagerPropertyUpdater( 4898): Could not find generated setter for class com.facebook.react.views.text.ReactTextViewManager
04-22 05:50:47.103 W/unknown:ViewManagerPropertyUpdater( 4898): Could not find generated setter for class com.facebook.react.views.text.j
04-22 05:50:47.104 W/unknown:ViewManagerPropertyUpdater( 4898): Could not find generated setter for class com.horcrux.svg.RenderableViewManager$FeColorMatrixManager
04-22 05:50:47.105 W/unknown:ViewManagerPropertyUpdater( 4898): Could not find generated setter for class com.facebook.react.views.scroll.ReactHorizontalScrollContainerViewManager
04-22 05:50:47.107 W/unknown:ViewManagerPropertyUpdater( 4898): Could not find generated setter for class com.horcrux.svg.RenderableViewManager$ClipPathViewManager
04-22 05:50:47.108 W/unknown:ViewManagerPropertyUpdater( 4898): Could not find generated setter for class com.horcrux.svg.RenderableViewManager$SymbolManager
04-22 05:50:47.109 W/unknown:ViewManagerPropertyUpdater( 4898): Could not find generated setter for class com.horcrux.svg.RenderableViewManager$PatternManager
04-22 05:50:47.110 W/unknown:ViewManagerPropertyUpdater( 4898): Could not find generated setter for class com.horcrux.svg.RenderableViewManager$FeBlendManager
04-22 05:50:47.112 W/unknown:ViewManagerPropertyUpdater( 4898): Could not find generated setter for class com.facebook.react.views.view.ReactViewManager
04-22 05:50:47.113 W/unknown:ViewManagerPropertyUpdater( 4898): Could not find generated setter for class com.horcrux.svg.SvgViewManager
04-22 05:50:47.113 W/unknown:ViewManagerPropertyUpdater( 4898): Could not find generated setter for class com.facebook.react.views.switchview.ReactSwitchManager
04-22 05:50:47.113 W/unknown:ViewManagerPropertyUpdater( 4898): Could not find generated setter for class com.facebook.react.views.switchview.d
04-22 05:50:47.114 W/unknown:ViewManagerPropertyUpdater( 4898): Could not find generated setter for class com.horcrux.svg.RenderableViewManager$UseViewManager
04-22 05:50:47.114 W/unknown:ViewManagerPropertyUpdater( 4898): Could not find generated setter for class com.horcrux.svg.RenderableViewManager$CircleViewManager
04-22 05:50:47.114 W/unknown:ViewManagerPropertyUpdater( 4898): Could not find generated setter for class com.horcrux.svg.RenderableViewManager$TSpanViewManager
04-22 05:50:47.115 D/SatelliteController( 1086): iisInCarrierRoamingNbIotNtn: satellite is disabled
04-22 05:50:47.119 W/unknown:ViewManagerPropertyUpdater( 4898): Could not find generated setter for class com.horcrux.svg.RenderableViewManager$FilterManager
04-22 05:50:47.122 W/unknown:ViewManagerPropertyUpdater( 4898): Could not find generated setter for class com.horcrux.svg.RenderableViewManager$MarkerManager
04-22 05:50:47.128 W/unknown:ViewManagerPropertyUpdater( 4898): Could not find generated setter for class com.facebook.react.views.modal.ReactModalHostManager
04-22 05:50:47.130 W/unknown:ViewManagerPropertyUpdater( 4898): Could not find generated setter for class com.horcrux.svg.RenderableViewManager$ForeignObjectManager
04-22 05:50:47.131 W/unknown:ViewManagerPropertyUpdater( 4898): Could not find generated setter for class com.horcrux.svg.RenderableViewManager$EllipseViewManager
04-22 05:50:47.133 D/InsetsController( 4898): Setting requestedVisibleTypes to -12 (was -9)
04-22 05:50:47.135 W/unknown:ViewManagerPropertyUpdater( 4898): Could not find generated setter for class com.horcrux.svg.RenderableViewManager$LineViewManager
04-22 05:50:47.137 W/unknown:BridgelessReact( 4898): ReactHost{0}.ReactContext.onHostResume()
04-22 05:50:47.137 W/unknown:BridgelessReact( 4898): ReactHost{0}.getOrCreateReactInstanceTask(): Executing ReactInstanceEventListeners
04-22 05:50:47.139 W/unknown:ViewManagerPropertyUpdater( 4898): Could not find generated setter for class com.facebook.react.views.text.frescosupport.FrescoBasedReactTextInlineImageViewManager
04-22 05:50:47.140 I/ActivityTaskManager(  683): Displayed com.impos2.mixcretailassemblyrn84/.MainActivity for user 0: +230ms
04-22 05:50:47.140 W/unknown:ViewManagerPropertyUpdater( 4898): Could not find generated setter for class com.facebook.react.views.text.frescosupport.a
04-22 05:50:47.143 W/unknown:ViewManagerPropertyUpdater( 4898): Could not find generated setter for class com.horcrux.svg.RenderableViewManager$FeFloodManager
04-22 05:50:47.144 W/unknown:ViewManagerPropertyUpdater( 4898): Could not find generated setter for class com.horcrux.svg.RenderableViewManager$GroupViewManager
04-22 05:50:47.144 W/unknown:ViewManagerPropertyUpdater( 4898): Could not find generated setter for class com.horcrux.svg.RenderableViewManager$TextViewManager
04-22 05:50:47.144 W/unknown:ViewManagerPropertyUpdater( 4898): Could not find generated setter for class com.horcrux.svg.RenderableViewManager$ImageViewManager
04-22 05:50:47.146 W/unknown:ViewManagerPropertyUpdater( 4898): Could not find generated setter for class com.horcrux.svg.RenderableViewManager$FeCompositeManager
04-22 05:50:47.147 W/unknown:ViewManagerPropertyUpdater( 4898): Could not find generated setter for class com.facebook.react.views.image.ReactImageManager
04-22 05:50:47.147 W/unknown:ViewManagerPropertyUpdater( 4898): Could not find generated setter for class com.horcrux.svg.RenderableViewManager$RadialGradientManager
04-22 05:50:47.147 W/unknown:ViewManagerPropertyUpdater( 4898): Could not find generated setter for class com.horcrux.svg.RenderableViewManager$MaskManager
04-22 05:50:47.148 W/unknown:ViewManagerPropertyUpdater( 4898): Could not find generated setter for class com.facebook.react.views.unimplementedview.ReactUnimplementedViewManager
04-22 05:50:47.149 W/unknown:ViewManagerPropertyUpdater( 4898): Could not find generated setter for class com.horcrux.svg.RenderableViewManager$RectViewManager
04-22 05:50:47.150 W/unknown:ViewManagerPropertyUpdater( 4898): Could not find generated setter for class com.horcrux.svg.RenderableViewManager$TextPathViewManager
04-22 05:50:47.151 W/unknown:ViewManagerPropertyUpdater( 4898): Could not find generated setter for class com.facebook.react.views.scroll.ReactScrollViewManager
04-22 05:50:47.153 W/unknown:ViewManagerPropertyUpdater( 4898): Could not find generated setter for class com.horcrux.svg.RenderableViewManager$FeOffsetManager
04-22 05:50:47.154 I/BpBinder(  515): onLastStrongRef automatically unlinking death recipients: 
04-22 05:50:47.156 W/unknown:ViewManagerPropertyUpdater( 4898): Could not find generated setter for class com.horcrux.svg.RenderableViewManager$PathViewManager
04-22 05:50:47.157 W/unknown:ViewManagerPropertyUpdater( 4898): Could not find generated setter for class com.facebook.react.views.drawer.ReactDrawerLayoutManager
04-22 05:50:47.159 W/unknown:ViewManagerPropertyUpdater( 4898): Could not find generated setter for class com.facebook.react.views.swiperefresh.SwipeRefreshLayoutManager
04-22 05:50:47.160 W/unknown:ViewManagerPropertyUpdater( 4898): Could not find generated setter for class com.facebook.react.views.textinput.ReactTextInputManager
04-22 05:50:47.161 W/unknown:ViewManagerPropertyUpdater( 4898): Could not find generated setter for class com.facebook.react.views.textinput.F
04-22 05:50:47.162 I/ImeTracker(  683): com.impos2.mixcretailassemblyrn84:b799b38b: onRequestHide at ORIGIN_SERVER reason HIDE_UNSPECIFIED_WINDOW fromUser false
04-22 05:50:47.167 D/InsetsController( 4898): hide(ime(), fromIme=false)
04-22 05:50:47.168 I/ImeTracker( 4898): com.impos2.mixcretailassemblyrn84:b799b38b: onCancelled at PHASE_CLIENT_ALREADY_HIDDEN
04-22 05:50:47.168 I/ImeTracker(  683): system_server:3f2d3ef5: onRequestHide at ORIGIN_SERVER reason IME_REQUESTED_CHANGED_LISTENER fromUser false
04-22 05:50:47.168 I/GoogleInputMethodService( 1576): GoogleInputMethodService.onFinishInput():2043 
04-22 05:50:47.169 I/Module  ( 1576): DeviceLockedStatusModuleProvider$Module.updateDeviceLockedStatus():100 repeatCheckTimes = 0, locked = false
04-22 05:50:47.169 I/GoogleInputMethodService( 1576): GoogleInputMethodService.onStartInput():1293 onStartInput(EditorInfo{EditorInfo{packageName=com.impos2.mixcretailassemblyrn84, inputType=0, inputTypeString=NULL, enableLearning=false, autoCorrection=false, autoComplete=false, imeOptions=0, privateImeOptions=null, actionName=UNSPECIFIED, actionLabel=null, initialSelStart=-1, initialSelEnd=-1, initialCapsMode=0, label=null, fieldId=0, fieldName=null, extras=null, hintText=null, hintLocales=[]}}, false)
04-22 05:50:47.169 I/ImeTracker(  683): system_server:3f2d3ef5: onCancelled at PHASE_SERVER_SHOULD_HIDE
04-22 05:50:47.169 I/Module  ( 1576): DeviceLockedStatusModuleProvider$Module.updateDeviceLockedStatus():100 repeatCheckTimes = 1, locked = false
04-22 05:50:47.170 I/EmojiCompatManager( 1576): EmojiCompatManager.getEmojiCompatIfLoaded():343 EmojiCompat.init() was never called.
04-22 05:50:47.170 I/EmojiCompatManager( 1576): java.lang.IllegalStateException: EmojiCompat is not initialized. Please call EmojiCompat.init() first
04-22 05:50:47.170 I/EmojiCompatManager( 1576): 	at asx.p(PG:6)
04-22 05:50:47.170 I/EmojiCompatManager( 1576): 	at axb.b(PG:13)
04-22 05:50:47.170 I/EmojiCompatManager( 1576): 	at jnr.b(PG:2)
04-22 05:50:47.170 I/EmojiCompatManager( 1576): 	at jnr.c(PG:4)
04-22 05:50:47.170 I/EmojiCompatManager( 1576): 	at jnr.f(PG:3)
04-22 05:50:47.170 I/EmojiCompatManager( 1576): 	at jnx.c(PG:3)
04-22 05:50:47.170 I/EmojiCompatManager( 1576): 	at kif.cz(PG:47)
04-22 05:50:47.170 I/EmojiCompatManager( 1576): 	at lhl.run(PG:1025)
04-22 05:50:47.170 I/EmojiCompatManager( 1576): 	at jaf.execute(PG:12)
04-22 05:50:47.170 I/EmojiCompatManager( 1576): 	at nco.v(PG:13)
04-22 05:50:47.170 I/EmojiCompatManager( 1576): 	at lhn.m(PG:96)
04-22 05:50:47.170 I/EmojiCompatManager( 1576): 	at lhn.k(PG:25)
04-22 05:50:47.170 I/EmojiCompatManager( 1576): 	at kgn.onStartInput(PG:250)
04-22 05:50:47.170 I/EmojiCompatManager( 1576): 	at android.inputmethodservice.InputMethodService.doStartInput(InputMethodService.java:3521)
04-22 05:50:47.170 I/EmojiCompatManager( 1576): 	at android.inputmethodservice.InputMethodService$InputMethodImpl.startInput(InputMethodService.java:879)
04-22 05:50:47.170 I/EmojiCompatManager( 1576): 	at android.inputmethodservice.InputMethodService$InputMethodImpl.dispatchStartInput(InputMethodService.java:908)
04-22 05:50:47.170 I/EmojiCompatManager( 1576): 	at android.inputmethodservice.IInputMethodWrapper.executeMessage(IInputMethodWrapper.java:201)
04-22 05:50:47.170 I/EmojiCompatManager( 1576): 	at com.android.internal.os.HandlerCaller$MyHandler.handleMessage(HandlerCaller.java:44)
04-22 05:50:47.170 I/EmojiCompatManager( 1576): 	at android.os.Handler.dispatchMessage(Handler.java:110)
04-22 05:50:47.170 I/EmojiCompatManager( 1576): 	at android.os.Looper.loopOnce(Looper.java:248)
04-22 05:50:47.170 I/EmojiCompatManager( 1576): 	at android.os.Looper.loop(Looper.java:338)
04-22 05:50:47.170 I/EmojiCompatManager( 1576): 	at android.app.ActivityThread.main(ActivityThread.java:9067)
04-22 05:50:47.170 I/EmojiCompatManager( 1576): 	at java.lang.reflect.Method.invoke(Native Method)
04-22 05:50:47.170 I/EmojiCompatManager( 1576): 	at com.android.internal.os.RuntimeInit$MethodAndArgsCaller.run(RuntimeInit.java:593)
04-22 05:50:47.170 I/EmojiCompatManager( 1576): 	at com.android.internal.os.ZygoteInit.main(ZygoteInit.java:932)
04-22 05:50:47.170 W/PackageConfigPersister(  683): App-specific configuration not found for packageName: com.impos2.mixcretailassemblyrn84 and userId: 0
04-22 05:50:47.174 I/ConnectorManager( 4898): connector initialized
04-22 05:50:47.178 W/unknown:ViewManagerPropertyUpdater( 4898): Could not find generated setter for class com.facebook.react.uimanager.RootViewManager
04-22 05:50:47.184 I/assembly.android.mixc-retail-rn84.boot( 4898): {"stage":"resolve-topology:start","displayIndex":0,"displayCount":1}
04-22 05:50:47.186 I/assembly.android.mixc-retail-rn84.boot( 4898): {"stage":"resolve-topology:done","displayIndex":0,"displayCount":1}
04-22 05:50:47.186 I/assembly.android.mixc-retail-rn84.boot( 4898): {"stage":"create-app:start","displayIndex":0,"displayCount":1}
04-22 05:50:47.196 I/assembly.kernel.base.runtime-shell-v2.state-runtime( 4898): [runtime.load] load kernel.base.runtime-shell-v2 {"slices":["kernel.base.runtime-shell-v2.error-catalog","kernel.base.runtime-shell-v2.parameter-catalog","kernel.base.topology-runtime-v3.config","kernel.base.topology-runtime-v3.context","kernel.base.topology-runtime-v3.connection","kernel.base.topology-runtime-v3.peer","kernel.base.topology-runtime-v3.sync","kernel.base.topology-runtime-v3.request-mirror","kernel.base.topology-runtime-v3.demo.master","kernel.base.topology-runtime-v3.demo.slave","kernel.base.tcp-control-runtime-v2.identity","kernel.base.tcp-control-runtime-v2.credential","kernel.base.tcp-control-runtime-v2.binding","kernel.base.tcp-control-runtime-v2.sandbox","kernel.base.tcp-control-runtime-v2.runtime","kernel.base.tdp-sync-runtime-v2.session","kernel.base.tdp-sync-runtime-v2.sync","kernel.base.tdp-sync-runtime-v2.projection","kernel.base.tdp-sync-runtime-v2.command-inbox","kernel.base.tdp-sync-runtime-v2.control-signals","kernel.base.tdp-sync-runtime-v2.hot-update","kernel.base.workflow-runtime-v2.definitions","kernel.base.workflow-runtime-v2.observations","kernel.base.workflow-runtime-v2.queue","kernel.base.ui-runtime-v2.screen.main","kernel.base.ui-runtime-v2.screen.branch","kernel.base.ui-runtime-v2.overlay.main","kernel.base.ui-runtime-v2.overlay.branch","kernel.base.ui-runtime-v2.ui-variable.main","kernel.base.ui-runtime-v2.ui-variable.branch","ui.base.admin-console.console"],"persistableSlices":["kernel.base.runtime-shell-v2.error-catalog","kernel.base.runtime-shell-v2.parameter-catalog","kernel.base.topology-runtime-v3.config","kernel.base.tcp-control-runtime-v2.identity","kernel.base.tcp-control-runtime-v2.credential","kernel.base.tcp-control-runtime-v2.binding","kernel.base.tcp-control-runtime-v2.sandbox","kernel.base.tdp-sync-runtime-v2.sync","kernel.base.tdp-sync-runtime-v2.projection","kernel.base.tdp-sync-runtime-v2.hot-update","kernel.base.workflow-runtime-v2.definitions","kernel.base.ui-runtime-v2.screen.main","kernel.base.ui-runtime-v2.screen.branch","kernel.base.ui-runtime-v2.overlay.main","kernel.base.ui-runtime-v2.overlay.branch","kernel.base.ui-runtime-v2.ui-variable.main","kernel.base.ui-runtime-v2.ui-variable.branch","ui.base.admin-console.console"],"persistenceEnabled":true}
04-22 05:50:47.196 I/assembly.android.mixc-retail-rn84.boot( 4898): {"stage":"create-app:done","displayIndex":0,"displayCount":1}
04-22 05:50:47.196 I/assembly.android.mixc-retail-rn84.boot( 4898): {"stage":"runtime.start:start","displayIndex":0,"displayCount":1}
04-22 05:50:47.199 I/assembly.kernel.base.runtime-shell-v2.application.KernelRuntimeAppV2( 4898): [runtime.load] created kernel runtime app v2 {"runtimeName":"assembly.android.mixc-retail-rn84","runtimeId":"run_mo95r5wa_csgeuwu4wiok0igj","localNodeId":"master:ZJ63NQELD9","moduleNames":["assembly.android.mixc-retail-rn84","kernel.base.topology-runtime-v3","kernel.base.tcp-control-runtime-v2","kernel.base.tdp-sync-runtime-v2","kernel.base.workflow-runtime-v2","kernel.base.ui-runtime-v2","ui.base.runtime-react","ui.base.input-runtime","ui.base.admin-console","ui.base.terminal-console","ui.integration.retail-shell"]}
04-22 05:50:47.199 I/assembly.kernel.base.runtime-shell-v2.application.KernelRuntimeAppV2( 4898): [runtime.load] start kernel runtime app v2 pre-setup {"runtimeName":"assembly.android.mixc-retail-rn84","moduleNames":["assembly.android.mixc-retail-rn84","kernel.base.topology-runtime-v3","kernel.base.tcp-control-runtime-v2","kernel.base.tdp-sync-runtime-v2","kernel.base.workflow-runtime-v2","kernel.base.ui-runtime-v2","ui.base.runtime-react","ui.base.input-runtime","ui.base.admin-console","ui.base.terminal-console","ui.integration.retail-shell"]}
