04-22 06:04:28.570 I/assembly.kernel.base.runtime-shell-v2.application.KernelRuntimeAppV2(25062): [runtime.load] completed module pre-setup {"moduleName":"ui.integration.retail-shell","packageVersion":"1.0.0","dependencies":["kernel.base.ui-runtime-v2","kernel.base.tcp-control-runtime-v2","ui.base.runtime-react","ui.base.input-runtime","ui.base.admin-console","ui.base.terminal-console"],"stateSliceNames":[],"commandNames":[],"actorKeys":["ui.integration.retail-shell.RetailShellRuntimeInitializeActor","ui.integration.retail-shell.RetailShellTcpLifecycleActor"],"errorKeys":[],"parameterKeys":[],"hasInstall":true,"hasPreSetup":true}
04-22 06:04:28.570 I/assembly.kernel.base.runtime-shell-v2.application.KernelRuntimeAppV2(25062): [runtime.load] start kernel runtime app v2 runtime {"runtimeName":"assembly.android.mixc-retail-rn84","runtimeId":"run_mo968rnz_fdm8bdmpk4bqt37a","localNodeId":"master:6Z2H3BSGEY","moduleCount":11}
04-22 06:04:28.570 I/assembly.assembly.android.mixc-retail-rn84(25062): [runtime.load] start runtime-shell-v2 {"runtimeId":"run_mo968rnz_fdm8bdmpk4bqt37a","localNodeId":"master:6Z2H3BSGEY","modules":["kernel.base.runtime-shell-v2","assembly.android.mixc-retail-rn84","kernel.base.topology-runtime-v3","kernel.base.tcp-control-runtime-v2","kernel.base.tdp-sync-runtime-v2","kernel.base.workflow-runtime-v2","kernel.base.ui-runtime-v2","ui.base.runtime-react","ui.base.input-runtime","ui.base.admin-console","ui.base.terminal-console","ui.integration.retail-shell"],"actorCount":80}
04-22 06:04:28.574 I/MMKV    (25062): current API level = 33, libc++_shared=0
04-22 06:04:28.574 I/MMKV    (25062): <MMKV.cpp:175::initialize> version v2.4.0, page size 4096, arch arm64-v8a
04-22 06:04:28.574 I/MMKV    (25062): <MMKV.cpp:186::initialize> armv8 AES instructions is supported
04-22 06:04:28.574 I/MMKV    (25062): <MMKV.cpp:194::initialize> armv8 CRC32 instructions is supported
04-22 06:04:28.574 I/MMKV    (25062): <MMKV.cpp:232::initializeMMKV> root dir: /data/data/com.impos2.mixcretailassemblyrn84/files/mmkv
04-22 06:04:28.574 I/MMKV    (25062): <MMKV_Android.cpp:378::enableDisableProcessMode> process mode check enable/disable: 0
04-22 06:04:28.574 I/MMKV    (25062): Disable checkProcessMode()
04-22 06:04:28.574 I/MMKV    (25062): <MemoryFile.cpp:103::open> open fd[104], flag 0x7, /data/data/com.impos2.mixcretailassemblyrn84/files/mmkv/specialCharacter/cac4ff37f0f9b0189974948d3d3aa0fe
04-22 06:04:28.574 I/MMKV    (25062): <MemoryFile.cpp:250::mmapOrCleanup> mmap to address [0x76758ba000], oldPtr [0x0], [/data/data/com.impos2.mixcretailassemblyrn84/files/mmkv/specialCharacter/cac4ff37f0f9b0189974948d3d3aa0fe]
04-22 06:04:28.574 I/MMKV    (25062): <MemoryFile.cpp:109::close> closing fd[104], /data/data/com.impos2.mixcretailassemblyrn84/files/mmkv/specialCharacter/cac4ff37f0f9b0189974948d3d3aa0fe
04-22 06:04:28.574 I/MMKV    (25062): <MemoryFile.cpp:103::open> open fd[104], flag 0x7, /data/data/com.impos2.mixcretailassemblyrn84/files/mmkv/specialCharacter/cac4ff37f0f9b0189974948d3d3aa0fe.crc
04-22 06:04:28.574 I/MMKV    (25062): <MemoryFile.cpp:250::mmapOrCleanup> mmap to address [0x7688eda000], oldPtr [0x0], [/data/data/com.impos2.mixcretailassemblyrn84/files/mmkv/specialCharacter/cac4ff37f0f9b0189974948d3d3aa0fe.crc]
04-22 06:04:28.574 I/MMKV    (25062): <MemoryFile.cpp:103::open> open fd[107], flag 0x7, /data/data/com.impos2.mixcretailassemblyrn84/files/mmkv/specialCharacter/cac4ff37f0f9b0189974948d3d3aa0fe
04-22 06:04:28.574 I/MMKV    (25062): <MemoryFile.cpp:109::close> closing fd[107], /data/data/com.impos2.mixcretailassemblyrn84/files/mmkv/specialCharacter/cac4ff37f0f9b0189974948d3d3aa0fe
04-22 06:04:28.574 I/MMKV    (25062): <MMKV_IO.cpp:287::loadMetaInfoAndCheck> meta file [mixc-retail-assembly-rn84::state] has flag [0]
04-22 06:04:28.574 I/MMKV    (25062): <MMKV_IO.cpp:94::loadFromFile> loading [mixc-retail-assembly-rn84::state] with 58163 actual size, file size 65536, InterProcess 0, meta info version:4
04-22 06:04:28.574 I/MMKV    (25062): <MMKV_IO.cpp:99::loadFromFile> loading [mixc-retail-assembly-rn84::state] with crc 3673236401 sequence 32 version 4
04-22 06:04:28.574 I/MMKV    (25062): <MMKV_IO.cpp:145::loadFromFile> loaded [mixc-retail-assembly-rn84::state] with 82 key-values
04-22 06:04:28.580 I/MMKV    (25062): <MemoryFile.cpp:103::open> open fd[107], flag 0x7, /data/data/com.impos2.mixcretailassemblyrn84/files/mmkv/specialCharacter/c08c20d895f199f98a40164528d2f6a6
04-22 06:04:28.580 I/MMKV    (25062): <MemoryFile.cpp:250::mmapOrCleanup> mmap to address [0x7688ed9000], oldPtr [0x0], [/data/data/com.impos2.mixcretailassemblyrn84/files/mmkv/specialCharacter/c08c20d895f199f98a40164528d2f6a6]
04-22 06:04:28.580 I/MMKV    (25062): <MemoryFile.cpp:109::close> closing fd[107], /data/data/com.impos2.mixcretailassemblyrn84/files/mmkv/specialCharacter/c08c20d895f199f98a40164528d2f6a6
04-22 06:04:28.580 I/MMKV    (25062): <MemoryFile.cpp:103::open> open fd[107], flag 0x7, /data/data/com.impos2.mixcretailassemblyrn84/files/mmkv/specialCharacter/c08c20d895f199f98a40164528d2f6a6.crc
04-22 06:04:28.580 I/MMKV    (25062): <MemoryFile.cpp:250::mmapOrCleanup> mmap to address [0x7688ed8000], oldPtr [0x0], [/data/data/com.impos2.mixcretailassemblyrn84/files/mmkv/specialCharacter/c08c20d895f199f98a40164528d2f6a6.crc]
04-22 06:04:28.580 I/MMKV    (25062): <MemoryFile.cpp:103::open> open fd[111], flag 0x7, /data/data/com.impos2.mixcretailassemblyrn84/files/mmkv/specialCharacter/c08c20d895f199f98a40164528d2f6a6
04-22 06:04:28.580 I/MMKV    (25062): <MemoryFile.cpp:109::close> closing fd[111], /data/data/com.impos2.mixcretailassemblyrn84/files/mmkv/specialCharacter/c08c20d895f199f98a40164528d2f6a6
04-22 06:04:28.580 I/MMKV    (25062): <MMKV_IO.cpp:287::loadMetaInfoAndCheck> meta file [mixc-retail-assembly-rn84::secure-state] has flag [0]
04-22 06:04:28.580 I/MMKV    (25062): <MMKV_IO.cpp:94::loadFromFile> loading [mixc-retail-assembly-rn84::secure-state] with 1534 actual size, file size 4096, InterProcess 0, meta info version:4
04-22 06:04:28.580 I/MMKV    (25062): <MMKV_IO.cpp:99::loadFromFile> loading [mixc-retail-assembly-rn84::secure-state] with crc 3321257377 sequence 1 version 4
04-22 06:04:28.580 I/MMKV    (25062): <MMKV_IO.cpp:145::loadFromFile> loaded [mixc-retail-assembly-rn84::secure-state] with 2 key-values
04-22 06:04:28.586 D/b/260135164( 1043): updateIconAlphaForHome - setIconsAlpha(0), isTaskbarPresent: true
04-22 06:04:28.592 I/assembly.assembly.android.mixc-retail-rn84(25062): [runtime.load] install assembly.android.mixc-retail-rn84 {"moduleName":"assembly.android.mixc-retail-rn84","displayIndex":0,"displayCount":1}
04-22 06:04:28.594 I/assembly.assembly.android.mixc-retail-rn84(25062): [assembly.topology] Create assembly topology socket binding {"displayIndex":0,"role":"master","localNodeId":"master:6Z2H3BSGEY","resolvedPathTemplate":"/ws"}
04-22 06:04:28.595 I/assembly.assembly.android.mixc-retail-rn84(25062): [runtime.load] install kernel.base.topology-runtime-v3 {"moduleName":"kernel.base.topology-runtime-v3","stateSlices":["kernel.base.topology-runtime-v3.config","kernel.base.topology-runtime-v3.context","kernel.base.topology-runtime-v3.connection","kernel.base.topology-runtime-v3.peer","kernel.base.topology-runtime-v3.sync","kernel.base.topology-runtime-v3.request-mirror","kernel.base.topology-runtime-v3.demo.master","kernel.base.topology-runtime-v3.demo.slave"],"commandNames":["kernel.base.topology-runtime-v3.set-instance-mode","kernel.base.topology-runtime-v3.set-display-mode","kernel.base.topology-runtime-v3.set-enable-slave","kernel.base.topology-runtime-v3.set-master-locator","kernel.base.topology-runtime-v3.clear-master-locator","kernel.base.topology-runtime-v3.refresh-topology-context","kernel.base.topology-runtime-v3.start-topology-connection","kernel.base.topology-runtime-v3.stop-topology-connection","kernel.base.topology-runtime-v3.restart-topology-connection","kernel.base.topology-runtime-v3.upsert-demo-master-entry","kernel.base.topology-runtime-v3.remove-demo-master-entry","kernel.base.topology-runtime-v3.reset-demo-master-state","kernel.base.topology-runtime-v3.upsert-demo-slave-entry","kernel.base.topology-runtime-v3.remove-demo-slave-entry","kernel.base.topology-runtime-v3.reset-demo-slave-state"]}
04-22 06:04:28.595 I/assembly.assembly.android.mixc-retail-rn84(25062): [runtime.load] install kernel.base.tcp-control-runtime-v2 {"moduleName":"kernel.base.tcp-control-runtime-v2","stateSlices":["kernel.base.tcp-control-runtime-v2.identity","kernel.base.tcp-control-runtime-v2.credential","kernel.base.tcp-control-runtime-v2.binding","kernel.base.tcp-control-runtime-v2.sandbox","kernel.base.tcp-control-runtime-v2.runtime"],"commandNames":["kernel.base.tcp-control-runtime-v2.bootstrap-tcp-control","kernel.base.tcp-control-runtime-v2.bootstrap-tcp-control-succeeded","kernel.base.tcp-control-runtime-v2.activate-terminal","kernel.base.tcp-control-runtime-v2.activate-terminal-succeeded","kernel.base.tcp-control-runtime-v2.refresh-credential","kernel.base.tcp-control-runtime-v2.credential-refreshed","kernel.base.tcp-control-runtime-v2.deactivate-terminal","kernel.base.tcp-control-runtime-v2.deactivate-terminal-succeeded","kernel.base.tcp-control-runtime-v2.report-task-result","kernel.base.tcp-control-runtime-v2.task-result-reported","kernel.base.tcp-control-runtime-v2.reset-tcp-control"]}
04-22 06:04:28.597 I/assembly.assembly.android.mixc-retail-rn84(25062): [runtime.load] install kernel.base.tdp-sync-runtime-v2 {"moduleName":"kernel.base.tdp-sync-runtime-v2","stateSlices":["kernel.base.tdp-sync-runtime-v2.session","kernel.base.tdp-sync-runtime-v2.sync","kernel.base.tdp-sync-runtime-v2.projection","kernel.base.tdp-sync-runtime-v2.command-inbox","kernel.base.tdp-sync-runtime-v2.control-signals","kernel.base.tdp-sync-runtime-v2.hot-update"],"commandNames":["kernel.base.tdp-sync-runtime-v2.bootstrap-tdp-sync","kernel.base.tdp-sync-runtime-v2.bootstrap-tdp-sync-succeeded","kernel.base.tdp-sync-runtime-v2.connect-tdp-session","kernel.base.tdp-sync-runtime-v2.disconnect-tdp-session","kernel.base.tdp-sync-runtime-v2.acknowledge-cursor","kernel.base.tdp-sync-runtime-v2.report-applied-cursor","kernel.base.tdp-sync-runtime-v2.send-ping","kernel.base.tdp-sync-runtime-v2.record-user-operation","kernel.base.tdp-sync-runtime-v2.topic-data-changed","kernel.base.tdp-sync-runtime-v2.recompute-resolved-topic-changes","kernel.base.tdp-sync-runtime-v2.snapshot-loaded","kernel.base.tdp-sync-runtime-v2.changes-loaded","kernel.base.tdp-sync-runtime-v2.projection-received","kernel.base.tdp-sync-runtime-v2.projection-batch-received","kernel.base.tdp-sync-runtime-v2.command-delivered","kernel.base.tdp-sync-runtime-v2.session-ready","kernel.base.tdp-sync-runtime-v2.pong-received","kernel.base.tdp-sync-runtime-v2.edge-degraded","kernel.base.tdp-sync-runtime-v2.session-rehome-required","kernel.base.tdp-sync-runtime-v2.protocol-failed","kernel.base.tdp-sync-runtime-v2.message-received"],"hasAssembly":true}
04-22 06:04:28.598 I/MMKV    (25062): <MMKV_IO.cpp:609::writeActualSize> [mixc-retail-assembly-rn84::state] increase sequence to 33, crc 66170751, actualSize 25003
04-22 06:04:28.598 I/MMKV    (25062): <MMKV.cpp:1208::sync> MMKV::sync, SyncFlag = 1
04-22 06:04:28.600 I/assembly.assembly.android.mixc-retail-rn84(25062): [runtime.load] install kernel.base.workflow-runtime-v2 {"moduleName":"kernel.base.workflow-runtime-v2","stateSlices":["kernel.base.workflow-runtime-v2.definitions","kernel.base.workflow-runtime-v2.observations","kernel.base.workflow-runtime-v2.queue"],"commandNames":["kernel.base.workflow-runtime-v2.run-workflow","kernel.base.workflow-runtime-v2.cancel-workflow-run","kernel.base.workflow-runtime-v2.register-workflow-definitions","kernel.base.workflow-runtime-v2.remove-workflow-definition"],"remoteDefinitionTopicKey":"kernel.workflow.definition"}
04-22 06:04:28.600 I/assembly.assembly.android.mixc-retail-rn84(25062): [runtime.load] install kernel.base.ui-runtime-v2 {"moduleName":"kernel.base.ui-runtime-v2","stateSlices":["kernel.base.ui-runtime-v2.screen.main","kernel.base.ui-runtime-v2.screen.branch","kernel.base.ui-runtime-v2.overlay.main","kernel.base.ui-runtime-v2.overlay.branch","kernel.base.ui-runtime-v2.ui-variable.main","kernel.base.ui-runtime-v2.ui-variable.branch"],"commandNames":["kernel.base.ui-runtime-v2.register-screen-definitions","kernel.base.ui-runtime-v2.show-screen","kernel.base.ui-runtime-v2.replace-screen","kernel.base.ui-runtime-v2.reset-screen","kernel.base.ui-runtime-v2.open-overlay","kernel.base.ui-runtime-v2.close-overlay","kernel.base.ui-runtime-v2.clear-overlays","kernel.base.ui-runtime-v2.set-ui-variables","kernel.base.ui-runtime-v2.clear-ui-variables"]}
04-22 06:04:28.600 I/assembly.assembly.android.mixc-retail-rn84(25062): [runtime.load] install ui.base.runtime-react {"moduleName":"ui.base.runtime-react"}
04-22 06:04:28.600 I/assembly.assembly.android.mixc-retail-rn84(25062): [runtime.load] install ui.base.input-runtime {"moduleName":"ui.base.input-runtime"}
04-22 06:04:28.601 I/assembly.assembly.android.mixc-retail-rn84(25062): [runtime.load] install ui.base.admin-console {"moduleName":"ui.base.admin-console"}
04-22 06:04:28.601 I/assembly.assembly.android.mixc-retail-rn84(25062): [runtime.load] install ui.base.terminal-console {"moduleName":"ui.base.terminal-console"}
04-22 06:04:28.601 I/assembly.assembly.android.mixc-retail-rn84(25062): [runtime.load] install ui.integration.retail-shell {"moduleName":"ui.integration.retail-shell"}
04-22 06:04:28.603 D/b/260135164( 1043): updateIconAlphaForHome - setIconsAlpha(0), isTaskbarPresent: true
04-22 06:04:28.604 W/TransactionTracing(  335): Could not find layer id -1
04-22 06:04:28.605 I/ReactNativeJS(25062): '[tcp-bootstrap-state-written]', '{"nodeId":"master:6Z2H3BSGEY","runtimeId":"run_mo968rnz_fdm8bdmpk4bqt37a","displayIndex":0,"requestId":"req_mo968rp8_5qaytn62gr5oymfe","commandId":"cmd_mo968rp8_ehzlg58ruy3m3xhx","nextDeviceFingerprint":"6Z2H3BSGEY","nextDeviceInfo":{"id":"6Z2H3BSGEY","model":"Mixc Retail Android RN84"},"previousIdentity":{"terminalId":"terminal_5re4fwuf4758","deviceFingerprint":"6Z2H3BSGEY","deviceInfo":{"id":"6Z2H3BSGEY","model":"Mixc Retail Android RN84"},"activationStatus":"ACTIVATED","activatedAt":1776808855220}}'
04-22 06:04:28.606 I/assembly.assembly.android.mixc-retail-rn84.transport.ws.SocketRuntime(25062): [transport.ws] Socket connect started: kernel.base.tdp-sync-runtime-v2.socket {"profileName":"kernel.base.tdp-sync-runtime-v2.socket","serverName":"mock-terminal-platform","addressName":"lan"}
04-22 06:04:28.606 I/ReactNativeJS(25062): '[assembly.android.mixc-retail-rn84.websocket] connect', { url: 'ws://192.168.0.172:5810/api/v1/tdp/ws/connect?sandboxId=sandbox-kernel-base-test&terminalId=terminal_5re4fwuf4758&token=token_wbjo7fq94759',
04-22 06:04:28.606 I/ReactNativeJS(25062):   protocol: 'ws',
04-22 06:04:28.606 I/ReactNativeJS(25062):   host: '192.168.0.172:5810',
04-22 06:04:28.606 I/ReactNativeJS(25062):   pathname: '/api/v1/tdp/ws/connect' }
04-22 06:04:28.610 I/WebViewFactory(25062): Loading com.google.android.webview version 109.0.5414.123 (code 541412334)
04-22 06:04:28.611 W/ziparchive(25062): Unable to open '/data/app/~~2XlbTKbdSL4ytKc6vI96fw==/com.google.android.trichromelibrary_541412334-XVCZJKNYM7pdXgwa6ezTsQ==/TrichromeLibrary.dm': No such file or directory
04-22 06:04:28.611 W/ziparchive(25062): Unable to open '/data/app/~~2XlbTKbdSL4ytKc6vI96fw==/com.google.android.trichromelibrary_541412334-XVCZJKNYM7pdXgwa6ezTsQ==/TrichromeLibrary.dm': No such file or directory
04-22 06:04:28.611 W/ailassemblyrn84(25062): Entry not found
04-22 06:04:28.611 D/nativeloader(25062): Configuring classloader-namespace for other apk /data/app/~~2XlbTKbdSL4ytKc6vI96fw==/com.google.android.trichromelibrary_541412334-XVCZJKNYM7pdXgwa6ezTsQ==/TrichromeLibrary.apk. target_sdk_version=33, uses_libraries=ALL, library_path=/data/app/~~Q0ddWPLbjoO_UEypAkbhRg==/com.google.android.webview-PdQqPxJT8P1ba_nJ4hr2mw==/lib/arm64:/data/app/~~Q0ddWPLbjoO_UEypAkbhRg==/com.google.android.webview-PdQqPxJT8P1ba_nJ4hr2mw==/WebViewGoogle.apk!/lib/arm64-v8a:/data/app/~~2XlbTKbdSL4ytKc6vI96fw==/com.google.android.trichromelibrary_541412334-XVCZJKNYM7pdXgwa6ezTsQ==/TrichromeLibrary.apk!/lib/arm64-v8a, permitted_path=/data:/mnt/expand
04-22 06:04:28.613 D/nativeloader(25062): Configuring classloader-namespace for other apk /data/app/~~Q0ddWPLbjoO_UEypAkbhRg==/com.google.android.webview-PdQqPxJT8P1ba_nJ4hr2mw==/WebViewGoogle.apk. target_sdk_version=33, uses_libraries=, library_path=/data/app/~~Q0ddWPLbjoO_UEypAkbhRg==/com.google.android.webview-PdQqPxJT8P1ba_nJ4hr2mw==/lib/arm64:/data/app/~~Q0ddWPLbjoO_UEypAkbhRg==/com.google.android.webview-PdQqPxJT8P1ba_nJ4hr2mw==/WebViewGoogle.apk!/lib/arm64-v8a:/data/app/~~2XlbTKbdSL4ytKc6vI96fw==/com.google.android.trichromelibrary_541412334-XVCZJKNYM7pdXgwa6ezTsQ==/TrichromeLibrary.apk!/lib/arm64-v8a, permitted_path=/data:/mnt/expand
04-22 06:04:28.619 I/cr_WVCFactoryProvider(25062): Loaded version=109.0.5414.123 minSdkVersion=29 isBundle=false multiprocess=true packageId=2
04-22 06:04:28.619 D/b/260135164( 1043): updateIconAlphaForHome - setIconsAlpha(0), isTaskbarPresent: true
04-22 06:04:28.624 I/cr_VariationsUtils(25062): Failed reading seed file "/data/user/0/com.impos2.mixcretailassemblyrn84/app_webview/variations_seed_new"
04-22 06:04:28.624 I/cr_VariationsUtils(25062): Failed reading seed file "/data/user/0/com.impos2.mixcretailassemblyrn84/app_webview/variations_seed"
04-22 06:04:28.627 I/cr_LibraryLoader(25062): Successfully loaded native library
04-22 06:04:28.628 I/cr_CachingUmaRecorder(25062): Flushed 9 samples from 9 histograms.
04-22 06:04:28.631 I/assembly.assembly.android.mixc-retail-rn84(25062): [assembly.topology] Seeded standalone slave power state without changing display mode {"displayIndex":0,"displayCount":1,"powerConnected":false}
04-22 06:04:28.632 D/TrafficStats(25062): tagSocket(122) with statsTag=0xffffffff, statsUid=-1
04-22 06:04:28.633 I/MMKV    (25062): <MMKV_IO.cpp:609::writeActualSize> [mixc-retail-assembly-rn84::state] increase sequence to 34, crc 2994994763, actualSize 24973
04-22 06:04:28.634 I/MMKV    (25062): <MMKV.cpp:1208::sync> MMKV::sync, SyncFlag = 1
04-22 06:04:28.636 D/b/260135164( 1043): updateIconAlphaForHome - setIconsAlpha(0), isTaskbarPresent: true
04-22 06:04:28.641 I/MMKV    (25062): <MMKV_IO.cpp:609::writeActualSize> [mixc-retail-assembly-rn84::state] increase sequence to 35, crc 1858787062, actualSize 24973
04-22 06:04:28.641 I/MMKV    (25062): <MMKV.cpp:1208::sync> MMKV::sync, SyncFlag = 1
04-22 06:04:28.645 I/MMKV    (25062): <MMKV_IO.cpp:609::writeActualSize> [mixc-retail-assembly-rn84::state] increase sequence to 36, crc 1792178011, actualSize 24973
04-22 06:04:28.645 I/MMKV    (25062): <MMKV.cpp:1208::sync> MMKV::sync, SyncFlag = 1
04-22 06:04:28.649 I/MMKV    (25062): <MMKV_IO.cpp:609::writeActualSize> [mixc-retail-assembly-rn84::state] increase sequence to 37, crc 83367423, actualSize 24973
04-22 06:04:28.649 I/MMKV    (25062): <MMKV.cpp:1208::sync> MMKV::sync, SyncFlag = 1
04-22 06:04:28.653 I/MMKV    (25062): <MMKV_IO.cpp:609::writeActualSize> [mixc-retail-assembly-rn84::state] increase sequence to 38, crc 3336842142, actualSize 24973
04-22 06:04:28.653 I/MMKV    (25062): <MMKV.cpp:1208::sync> MMKV::sync, SyncFlag = 1
04-22 06:04:28.654 D/b/260135164( 1043): updateIconAlphaForHome - setIconsAlpha(0), isTaskbarPresent: true
04-22 06:04:28.660 I/MMKV    (25062): <MMKV_IO.cpp:609::writeActualSize> [mixc-retail-assembly-rn84::state] increase sequence to 39, crc 2994994763, actualSize 24973
04-22 06:04:28.660 I/MMKV    (25062): <MMKV.cpp:1208::sync> MMKV::sync, SyncFlag = 1
04-22 06:04:28.663 I/MMKV    (25062): <MMKV_IO.cpp:609::writeActualSize> [mixc-retail-assembly-rn84::secure-state] increase sequence to 2, crc 584358040, actualSize 259
04-22 06:04:28.663 I/MMKV    (25062): <MMKV.cpp:1208::sync> MMKV::sync, SyncFlag = 1
04-22 06:04:28.666 I/MMKV    (25062): <MMKV_IO.cpp:609::writeActualSize> [mixc-retail-assembly-rn84::state] increase sequence to 40, crc 1858787062, actualSize 24973
04-22 06:04:28.666 I/MMKV    (25062): <MMKV.cpp:1208::sync> MMKV::sync, SyncFlag = 1
04-22 06:04:28.670 D/b/260135164( 1043): updateIconAlphaForHome - setIconsAlpha(0), isTaskbarPresent: true
04-22 06:04:28.674 I/MMKV    (25062): <MMKV_IO.cpp:609::writeActualSize> [mixc-retail-assembly-rn84::state] increase sequence to 41, crc 1792178011, actualSize 24973
04-22 06:04:28.674 I/MMKV    (25062): <MMKV.cpp:1208::sync> MMKV::sync, SyncFlag = 1
04-22 06:04:28.678 I/MMKV    (25062): <MMKV_IO.cpp:609::writeActualSize> [mixc-retail-assembly-rn84::state] increase sequence to 42, crc 83367423, actualSize 24973
04-22 06:04:28.678 I/MMKV    (25062): <MMKV.cpp:1208::sync> MMKV::sync, SyncFlag = 1
04-22 06:04:28.683 I/MMKV    (25062): <MMKV_IO.cpp:609::writeActualSize> [mixc-retail-assembly-rn84::state] increase sequence to 43, crc 3336842142, actualSize 24973
04-22 06:04:28.683 I/MMKV    (25062): <MMKV.cpp:1208::sync> MMKV::sync, SyncFlag = 1
04-22 06:04:28.686 D/b/260135164( 1043): updateIconAlphaForHome - setIconsAlpha(0), isTaskbarPresent: true
04-22 06:04:28.689 I/MMKV    (25062): <MMKV_IO.cpp:609::writeActualSize> [mixc-retail-assembly-rn84::state] increase sequence to 44, crc 2994994763, actualSize 24973
04-22 06:04:28.689 I/MMKV    (25062): <MMKV.cpp:1208::sync> MMKV::sync, SyncFlag = 1
04-22 06:04:28.695 I/MMKV    (25062): <MMKV_IO.cpp:609::writeActualSize> [mixc-retail-assembly-rn84::state] increase sequence to 45, crc 1858787062, actualSize 24973
04-22 06:04:28.695 I/MMKV    (25062): <MMKV.cpp:1208::sync> MMKV::sync, SyncFlag = 1
04-22 06:04:28.701 I/MMKV    (25062): <MMKV_IO.cpp:609::writeActualSize> [mixc-retail-assembly-rn84::state] increase sequence to 46, crc 1792178011, actualSize 24973
04-22 06:04:28.701 I/MMKV    (25062): <MMKV.cpp:1208::sync> MMKV::sync, SyncFlag = 1
04-22 06:04:28.703 D/b/260135164( 1043): updateIconAlphaForHome - setIconsAlpha(0), isTaskbarPresent: true
04-22 06:04:28.709 I/MMKV    (25062): <MMKV_IO.cpp:609::writeActualSize> [mixc-retail-assembly-rn84::state] increase sequence to 47, crc 83367423, actualSize 24973
04-22 06:04:28.709 I/MMKV    (25062): <MMKV.cpp:1208::sync> MMKV::sync, SyncFlag = 1
04-22 06:04:28.714 I/MMKV    (25062): <MMKV_IO.cpp:609::writeActualSize> [mixc-retail-assembly-rn84::state] increase sequence to 48, crc 3336842142, actualSize 24973
04-22 06:04:28.714 I/MMKV    (25062): <MMKV.cpp:1208::sync> MMKV::sync, SyncFlag = 1
04-22 06:04:28.719 D/b/260135164( 1043): updateIconAlphaForHome - setIconsAlpha(0), isTaskbarPresent: true
04-22 06:04:28.722 I/MMKV    (25062): <MMKV_IO.cpp:609::writeActualSize> [mixc-retail-assembly-rn84::state] increase sequence to 49, crc 2994994763, actualSize 24973
04-22 06:04:28.722 I/MMKV    (25062): <MMKV.cpp:1208::sync> MMKV::sync, SyncFlag = 1
04-22 06:04:28.724 I/MMKV    (25062): <MMKV_IO.cpp:609::writeActualSize> [mixc-retail-assembly-rn84::secure-state] increase sequence to 3, crc 584358040, actualSize 259
04-22 06:04:28.724 I/MMKV    (25062): <MMKV.cpp:1208::sync> MMKV::sync, SyncFlag = 1
04-22 06:04:28.730 I/MMKV    (25062): <MMKV_IO.cpp:609::writeActualSize> [mixc-retail-assembly-rn84::state] increase sequence to 50, crc 1858787062, actualSize 24973
04-22 06:04:28.730 I/MMKV    (25062): <MMKV.cpp:1208::sync> MMKV::sync, SyncFlag = 1
04-22 06:04:28.736 D/b/260135164( 1043): updateIconAlphaForHome - setIconsAlpha(0), isTaskbarPresent: true
04-22 06:04:28.737 I/MMKV    (25062): <MMKV_IO.cpp:609::writeActualSize> [mixc-retail-assembly-rn84::state] increase sequence to 51, crc 1792178011, actualSize 24973
04-22 06:04:28.738 I/MMKV    (25062): <MMKV.cpp:1208::sync> MMKV::sync, SyncFlag = 1
04-22 06:04:28.744 I/MMKV    (25062): <MMKV_IO.cpp:609::writeActualSize> [mixc-retail-assembly-rn84::state] increase sequence to 52, crc 83367423, actualSize 24973
04-22 06:04:28.744 I/MMKV    (25062): <MMKV.cpp:1208::sync> MMKV::sync, SyncFlag = 1
04-22 06:04:28.751 I/MMKV    (25062): <MMKV_IO.cpp:609::writeActualSize> [mixc-retail-assembly-rn84::state] increase sequence to 53, crc 3336842142, actualSize 24973
04-22 06:04:28.751 I/MMKV    (25062): <MMKV.cpp:1208::sync> MMKV::sync, SyncFlag = 1
04-22 06:04:28.753 D/b/260135164( 1043): updateIconAlphaForHome - setIconsAlpha(0), isTaskbarPresent: true
04-22 06:04:28.758 I/MMKV    (25062): <MMKV_IO.cpp:609::writeActualSize> [mixc-retail-assembly-rn84::state] increase sequence to 54, crc 2994994763, actualSize 24973
04-22 06:04:28.758 I/MMKV    (25062): <MMKV.cpp:1208::sync> MMKV::sync, SyncFlag = 1
04-22 06:04:28.765 I/MMKV    (25062): <MMKV_IO.cpp:609::writeActualSize> [mixc-retail-assembly-rn84::state] increase sequence to 55, crc 1858787062, actualSize 24973
04-22 06:04:28.765 I/MMKV    (25062): <MMKV.cpp:1208::sync> MMKV::sync, SyncFlag = 1
04-22 06:04:28.769 W/TransactionTracing(  335): Could not find layer id -1
04-22 06:04:28.769 W/TransactionTracing(  335): Could not find layer id -1
04-22 06:04:28.769 D/b/260135164( 1043): updateIconAlphaForHome - setIconsAlpha(0), isTaskbarPresent: true
04-22 06:04:28.775 I/MMKV    (25062): <MMKV_IO.cpp:609::writeActualSize> [mixc-retail-assembly-rn84::state] increase sequence to 56, crc 1792178011, actualSize 24973
04-22 06:04:28.775 I/MMKV    (25062): <MMKV.cpp:1208::sync> MMKV::sync, SyncFlag = 1
04-22 06:04:28.780 I/MMKV    (25062): <MMKV_IO.cpp:609::writeActualSize> [mixc-retail-assembly-rn84::state] increase sequence to 57, crc 83367423, actualSize 24973
04-22 06:04:28.780 I/MMKV    (25062): <MMKV.cpp:1208::sync> MMKV::sync, SyncFlag = 1
04-22 06:04:28.786 D/b/260135164( 1043): updateIconAlphaForHome - setIconsAlpha(0), isTaskbarPresent: true
04-22 06:04:28.790 I/MMKV    (25062): <MMKV_IO.cpp:609::writeActualSize> [mixc-retail-assembly-rn84::state] increase sequence to 58, crc 3336842142, actualSize 24973
04-22 06:04:28.790 I/MMKV    (25062): <MMKV.cpp:1208::sync> MMKV::sync, SyncFlag = 1
04-22 06:04:28.792 I/MMKV    (25062): <MMKV_IO.cpp:609::writeActualSize> [mixc-retail-assembly-rn84::secure-state] increase sequence to 4, crc 584358040, actualSize 259
04-22 06:04:28.792 I/MMKV    (25062): <MMKV.cpp:1208::sync> MMKV::sync, SyncFlag = 1
04-22 06:04:28.797 I/MMKV    (25062): <MMKV_IO.cpp:609::writeActualSize> [mixc-retail-assembly-rn84::state] increase sequence to 59, crc 2994994763, actualSize 24973
04-22 06:04:28.797 I/MMKV    (25062): <MMKV.cpp:1208::sync> MMKV::sync, SyncFlag = 1
04-22 06:04:28.803 D/b/260135164( 1043): updateIconAlphaForHome - setIconsAlpha(0), isTaskbarPresent: true
04-22 06:04:28.803 I/MMKV    (25062): <MMKV_IO.cpp:609::writeActualSize> [mixc-retail-assembly-rn84::state] increase sequence to 60, crc 1858787062, actualSize 24973
04-22 06:04:28.803 I/MMKV    (25062): <MMKV.cpp:1208::sync> MMKV::sync, SyncFlag = 1
04-22 06:04:28.812 I/MMKV    (25062): <MMKV_IO.cpp:609::writeActualSize> [mixc-retail-assembly-rn84::state] increase sequence to 61, crc 1792178011, actualSize 24973
04-22 06:04:28.812 I/MMKV    (25062): <MMKV.cpp:1208::sync> MMKV::sync, SyncFlag = 1
04-22 06:04:28.818 I/MMKV    (25062): <MMKV_IO.cpp:609::writeActualSize> [mixc-retail-assembly-rn84::state] increase sequence to 62, crc 83367423, actualSize 24973
04-22 06:04:28.818 I/MMKV    (25062): <MMKV.cpp:1208::sync> MMKV::sync, SyncFlag = 1
04-22 06:04:28.821 D/b/260135164( 1043): updateIconAlphaForHome - setIconsAlpha(0), isTaskbarPresent: true
04-22 06:04:28.838 D/b/260135164( 1043): updateIconAlphaForHome - setIconsAlpha(0), isTaskbarPresent: true
04-22 06:04:28.853 D/b/260135164( 1043): updateIconAlphaForHome - setIconsAlpha(0), isTaskbarPresent: true
04-22 06:04:28.859 E/OpenGLRenderer( 1043): Unable to match the desired swap behavior.
04-22 06:04:28.871 D/b/260135164( 1043): updateIconAlphaForHome - setIconsAlpha(0), isTaskbarPresent: true
04-22 06:04:28.875 W/InputManager-JNI(  519): Input channel object 'd495e40 Splash Screen com.impos2.mixcretailassemblyrn84 (client)' was disposed without first being removed with the input manager!
04-22 06:04:28.876 D/CoreBackPreview(  519): Window{d495e40 u0 Splash Screen com.impos2.mixcretailassemblyrn84 EXITING}: Setting back callback null
04-22 06:04:28.889 D/b/260135164( 1043): updateIconAlphaForHome - setIconsAlpha(0), isTaskbarPresent: true
04-22 06:04:28.904 D/b/260135164( 1043): updateIconAlphaForHome - setIconsAlpha(0), isTaskbarPresent: true
04-22 06:04:28.920 W/TransactionTracing(  335): Could not find layer handle 0xb400006eb98b4a50
04-22 06:04:28.920 D/b/260135164( 1043): updateIconAlphaForHome - setIconsAlpha(0), isTaskbarPresent: true
04-22 06:04:28.941 D/b/260135164( 1043): updateIconAlphaForHome - setIconsAlpha(0), isTaskbarPresent: true
04-22 06:04:28.945 D/BtGatt.ScanManager(  790): uid 10116 isForeground true scanMode -1
04-22 06:04:28.946 I/FontLog ( 1251): Received query Noto Color Emoji Compat, URI content://com.google.android.gms.fonts [CONTEXT service_id=132 ]
04-22 06:04:28.946 I/FontLog ( 1251): Query [emojicompat-emoji-font] resolved to {Noto Color Emoji Compat, wdth 100.0, wght 400, ital 0.0, bestEffort false} [CONTEXT service_id=132 ]
04-22 06:04:28.948 I/FontLog ( 1251): Fetch {Noto Color Emoji Compat, wdth 100.0, wght 400, ital 0.0, bestEffort false} end status Status{statusCode=SUCCESS, resolution=null} [CONTEXT service_id=132 ]
04-22 06:04:28.949 I/FontLog ( 1251): Pulling font file for id = 154, cache size = 4 [CONTEXT service_id=132 ]
04-22 06:04:28.951 I/FontLog ( 1251): Pulling font file for id = 154, cache size = 4 [CONTEXT service_id=132 ]
04-22 06:04:29.053 W/TransactionTracing(  335): Could not find layer handle 0xb400006eb98b5230
04-22 06:04:29.053 W/TransactionTracing(  335): Could not find layer handle 0xb400006eb98b3070
04-22 06:04:29.053 W/TransactionTracing(  335): Could not find layer handle 0xb400006eb98b0430
04-22 06:04:29.053 W/TransactionTracing(  335): Could not find layer handle 0xb400006eb98b0430
04-22 06:04:29.053 W/TransactionTracing(  335): Could not find layer handle 0xb400006eb98b3070
04-22 06:04:30.378 W/A       ( 1921): #getSuggestions failed
04-22 06:04:30.378 W/A       ( 1921): com.google.common.w.a.dy: Timed out: com.google.common.w.a.h@a0e3971[status=PENDING, setFuture=[com.google.common.w.a.h@bf51356[status=PENDING, setFuture=[com.google.common.w.a.h@dc19fd7[status=PENDING, info=[inputFuture=[com.google.common.w.a.h@16ec0c4[status=PENDING, info=[inputFuture=[kotlinx.coroutines.d.b@67bfbad[status=PENDING, delegate=[com.google.common.w.a.ds@e470ee2[status=PENDING]]]], function=[propagating=[com.google.android.apps.search.googleapp.search.suggest.sources.a.an@f966273]]]]], function=[propagating=[com.google.android.apps.search.googleapp.search.suggest.sources.a.bl@cf92530]]]]]]]]
04-22 06:04:30.379 E/OneSearchSuggestProvider( 1043): Unable to get suggestions from AGA
04-22 06:04:30.379 E/OneSearchSuggestProvider( 1043): io.grpc.StatusRuntimeException: UNKNOWN
04-22 06:04:30.379 E/OneSearchSuggestProvider( 1043): 	at k2.c.o(Unknown Source:72)
04-22 06:04:30.379 E/OneSearchSuggestProvider( 1043): 	at io.grpc.internal.l.b(Unknown Source:32)
04-22 06:04:30.379 E/OneSearchSuggestProvider( 1043): 	at io.grpc.internal.l.a(Unknown Source:14)
04-22 06:04:30.379 E/OneSearchSuggestProvider( 1043): 	at io.grpc.internal.x.run(Unknown Source:6)
04-22 06:04:30.379 E/OneSearchSuggestProvider( 1043): 	at io.grpc.internal.H1.run(Unknown Source:16)
04-22 06:04:30.379 E/OneSearchSuggestProvider( 1043): 	at java.util.concurrent.ThreadPoolExecutor.runWorker(ThreadPoolExecutor.java:1137)
04-22 06:04:30.379 E/OneSearchSuggestProvider( 1043): 	at java.util.concurrent.ThreadPoolExecutor$Worker.run(ThreadPoolExecutor.java:637)
04-22 06:04:30.379 E/OneSearchSuggestProvider( 1043): 	at java.lang.Thread.run(Thread.java:1012)
04-22 06:04:30.381 I/s.nexuslauncher( 1043): oneway function results for code 2 on binder at 0xb4000073f59d8520 will be dropped but finished with status UNKNOWN_TRANSACTION
04-22 06:04:33.511 D/ProfileInstaller(25062): Skipping profile installation for com.impos2.mixcretailassemblyrn84
04-22 06:04:38.645 I/assembly.assembly.android.mixc-retail-rn84.transport.ws.SocketRuntime(25062): [transport.ws] Socket connect started: kernel.base.tdp-sync-runtime-v2.socket {"profileName":"kernel.base.tdp-sync-runtime-v2.socket","serverName":"mock-terminal-platform","addressName":"local"}
04-22 06:04:38.645 I/ReactNativeJS(25062): '[assembly.android.mixc-retail-rn84.websocket] connect', { url: 'ws://127.0.0.1:5810/api/v1/tdp/ws/connect?sandboxId=sandbox-kernel-base-test&terminalId=terminal_5re4fwuf4758&token=token_wbjo7fq94759',
04-22 06:04:38.645 I/ReactNativeJS(25062):   protocol: 'ws',
04-22 06:04:38.645 I/ReactNativeJS(25062):   host: '127.0.0.1:5810',
04-22 06:04:38.645 I/ReactNativeJS(25062):   pathname: '/api/v1/tdp/ws/connect' }
04-22 06:04:38.649 D/TrafficStats(25062): tagSocket(122) with statsTag=0xffffffff, statsUid=-1
04-22 06:04:38.652 I/assembly.kernel.base.runtime-shell-v2.application.KernelRuntimeAppV2(25062): [runtime.load] kernel runtime app v2 started {"runtimeName":"assembly.android.mixc-retail-rn84","moduleDescriptors":[{"moduleName":"assembly.android.mixc-retail-rn84","packageVersion":"1.0.0","dependencies":[],"stateSliceNames":[],"commandNames":[],"actorKeys":["assembly.android.mixc-retail-rn84.AssemblyRuntimeInitializeActor"],"errorKeys":[],"parameterKeys":[],"hasInstall":true,"hasPreSetup":true},{"moduleName":"kernel.base.topology-runtime-v3","packageVersion":"0.0.1","dependencies":[],"stateSliceNames":["kernel.base.topology-runtime-v3.config","kernel.base.topology-runtime-v3.context","kernel.base.topology-runtime-v3.connection","kernel.base.topology-runtime-v3.peer","kernel.base.topology-runtime-v3.sync","kernel.base.topology-runtime-v3.request-mirror","kernel.base.topology-runtime-v3.demo.master","kernel.base.topology-runtime-v3.demo.slave"],"commandNames":["kernel.base.topology-runtime-v3.set-instance-mode","kernel.base.topology-runtime-v3.set-display-mode","kernel.base.topology-runtime-v3.set-enable-slave","kernel.base.topology-runtime-v3.set-master-locator","kernel.base.topology-runtime-v3.clear-master-locator","kernel.base.topology-runtime-v3.refresh-topology-context","kernel.base.topology-runtime-v3.start-topology-connection","kernel.base.topology-runtime-v3.stop-topology-connection","kernel.base.topology-runtime-v3.restart-topology-connection","kernel.base.topology-runtime-v3.upsert-demo-master-entry","kernel.base.topology-runtime-v3.remove-demo-master-entry","kernel.base.topology-runtime-v3.reset-demo-master-state","kernel.base.topology-runtime-v3.upsert-demo-slave-entry","kernel.base.topology-runtime-v3.remove-demo-slave-entry","kernel.base.topology-runtime-v3.reset-demo-slave-state"],"actorKeys":["kernel.base.topology-runtime-v3.TopologyContextActor","kernel.base.topology-runtime-v3.TopologyConnectionActor","kernel.base.topology-runtime-v3.TopologyDemoSyncActor"],"errorKeys":["kernel.base.topology-runtime-v3.display_context_required","kernel.base.topology-runtime-v3.orchestrator_required","kernel.base.topology-runtime-v3.socket_binding_required","kernel.base.topology-runtime-v3.hello_runtime_required","kernel.base.topology-runtime-v3.action_not_allowed"],"parameterKeys":["kernel.base.topology-runtime-v3.reconnect-interval-ms"],"hasInstall":true,"hasPreSetup":true},{"moduleName":"kernel.base.tcp-control-runtime-v2","packageVersion":"0.0.1","dependencies":[],"stateSliceNames":["kernel.base.tcp-control-runtime-v2.identity","kernel.base.tcp-control-runtime-v2.credential","kernel.base.tcp-control-runtime-v2.binding","kernel.base.tcp-control-runtime-v2.sandbox","kernel.base.tcp-control-runtime-v2.runtime"],"commandNames":["kernel.base.tcp-control-runtime-v2.bootstrap-tcp-control","kernel.base.tcp-control-runtime-v2.bootstrap-tcp-control-succeeded","kernel.base.tcp-control-runtime-v2.activate-terminal","kernel.base.tcp-control-runtime-v2.activate-terminal-succeeded","kernel.base.tcp-control-runtime-v2.refresh-credential","kernel.base.tcp-control-runtime-v2.credential-refreshed","kernel.base.tcp-control-runtime-v2.deactivate-terminal","kernel.base.tcp-control-runtime-v2.deactivate-terminal-succeeded","kernel.base.tcp-control-runtime-v2.report-task-result","kernel.base.tcp-control-runtime-v2.task-result-reported","kernel.base.tcp-control-runtime-v2.reset-tcp-control"],"actorKeys":["kernel.base.tcp-control-runtime-v2.TcpBootstrapActor","kernel.base.tcp-control-runtime-v2.TcpActivationActor","kernel.base.tcp-control-runtime-v2.TcpCredentialActor","kernel.base.tcp-control-runtime-v2.TcpDeactivationActor","kernel.base.tcp-control-runtime-v2.TcpTaskReportActor","kernel.base.tcp-control-runtime-v2.TcpStateMutationActor"],"errorKeys":["kernel.base.tcp-control-runtime-v2.activation_code_invalid","kernel.base.tcp-control-runtime-v2.activation_failed","kernel.base.tcp-control-runtime-v2.credential_missing","kernel.base.tcp-control-runtime-v2.credential_expired","kernel.base.tcp-control-runtime-v2.refresh_failed","kernel.base.tcp
04-22 06:04:38.654 I/MMKV    (25062): <MemoryFile.cpp:103::open> open fd[124], flag 0x7, /data/data/com.impos2.mixcretailassemblyrn84/files/mmkv/specialCharacter/c34670a355176d0b412ad7c68e58044e
04-22 06:04:38.654 I/MMKV    (25062): <MemoryFile.cpp:250::mmapOrCleanup> mmap to address [0x7688e9a000], oldPtr [0x0], [/data/data/com.impos2.mixcretailassemblyrn84/files/mmkv/specialCharacter/c34670a355176d0b412ad7c68e58044e]
04-22 06:04:38.654 I/MMKV    (25062): <MemoryFile.cpp:109::close> closing fd[124], /data/data/com.impos2.mixcretailassemblyrn84/files/mmkv/specialCharacter/c34670a355176d0b412ad7c68e58044e
04-22 06:04:38.654 I/MMKV    (25062): <MemoryFile.cpp:103::open> open fd[124], flag 0x7, /data/data/com.impos2.mixcretailassemblyrn84/files/mmkv/specialCharacter/c34670a355176d0b412ad7c68e58044e.crc
04-22 06:04:38.654 I/MMKV    (25062): <MemoryFile.cpp:250::mmapOrCleanup> mmap to address [0x7688e99000], oldPtr [0x0], [/data/data/com.impos2.mixcretailassemblyrn84/files/mmkv/specialCharacter/c34670a355176d0b412ad7c68e58044e.crc]
04-22 06:04:38.654 I/MMKV    (25062): <MemoryFile.cpp:103::open> open fd[125], flag 0x7, /data/data/com.impos2.mixcretailassemblyrn84/files/mmkv/specialCharacter/c34670a355176d0b412ad7c68e58044e
04-22 06:04:38.654 I/MMKV    (25062): <MemoryFile.cpp:109::close> closing fd[125], /data/data/com.impos2.mixcretailassemblyrn84/files/mmkv/specialCharacter/c34670a355176d0b412ad7c68e58044e
04-22 06:04:38.654 I/MMKV    (25062): <MMKV_IO.cpp:287::loadMetaInfoAndCheck> meta file [mixc-retail-assembly-rn84::version-report-outbox] has flag [0]
04-22 06:04:38.654 I/MMKV    (25062): <MMKV_IO.cpp:94::loadFromFile> loading [mixc-retail-assembly-rn84::version-report-outbox] with 463 actual size, file size 4096, InterProcess 0, meta info version:4
04-22 06:04:38.654 I/MMKV    (25062): <MMKV_IO.cpp:99::loadFromFile> loading [mixc-retail-assembly-rn84::version-report-outbox] with crc 680889607 sequence 1 version 4
04-22 06:04:38.654 I/MMKV    (25062): <MMKV_IO.cpp:145::loadFromFile> loaded [mixc-retail-assembly-rn84::version-report-outbox] with 1 key-values
04-22 06:04:38.654 I/assembly.android.mixc-retail-rn84.boot(25062): {"stage":"runtime.start:done","displayIndex":0,"displayCount":1}
04-22 06:04:38.655 D/TrafficStats(25062): tagSocket(125) with statsTag=0xffffffff, statsUid=-1
04-22 06:04:38.655 I/assembly.assembly.android.mixc-retail-rn84(25062): [assembly.topology] Starting native topology host from assembly lifecycle {"displayCount":1,"displayIndex":0,"deviceId":"6Z2H3BSGEY","instanceMode":"MASTER","enableSlave":true,"reason":"master-primary-enable-slave"}
04-22 06:04:38.656 D/CompatibilityChangeReporter(  519): Compat change id reported: 168419799; UID 10175; state: DISABLED
04-22 06:04:38.656 D/CompatibilityChangeReporter(  519): Compat change id reported: 273564678; UID 10175; state: DISABLED
04-22 06:04:38.657 D/CompatibilityChangeReporter(  519): Compat change id reported: 197654537; UID 10175; state: ENABLED
04-22 06:04:38.657 D/BtGatt.ScanManager(  790): uid 10116 isForeground true scanMode -1
04-22 06:04:38.698 D/TrafficStats(25062): tagSocket(128) with statsTag=0xffffffff, statsUid=-1
04-22 06:04:38.700 I/assembly.android.mixc-retail-rn84.boot(25062): {"stage":"automation.host:start","displayIndex":0,"displayCount":1,"target":"primary","host":"127.0.0.1","port":18584,"generation":"automation-host-2-34535349220175"}
04-22 06:04:38.700 I/assembly.android.mixc-retail-rn84.boot(25062): {"stage":"app-load-complete:start","displayIndex":0}
04-22 06:04:38.701 I/StartupAudit(25062): app_load_complete displayIndex=0 pid=25062 time=2026-04-22 06:04:38.701
04-22 06:04:38.701 I/StartupAudit(25062): secondary_launch_scheduled pid=25062 time=2026-04-22 06:04:38.701
04-22 06:04:38.702 I/MMKV    (25062): <MMKV_IO.cpp:609::writeActualSize> [mixc-retail-assembly-rn84::state] increase sequence to 63, crc 2487106287, actualSize 24973
04-22 06:04:38.703 I/MMKV    (25062): <MMKV.cpp:1208::sync> MMKV::sync, SyncFlag = 1
04-22 06:04:38.703 I/ReactNativeJS(25062): '[assembly.android.mixc-retail-rn84.websocket] connect', { url: 'ws://127.0.0.1:8888/mockMasterServer/ws',
04-22 06:04:38.703 I/ReactNativeJS(25062):   protocol: 'ws',
04-22 06:04:38.703 I/ReactNativeJS(25062):   host: '127.0.0.1:8888',
04-22 06:04:38.703 I/ReactNativeJS(25062):   pathname: '/mockMasterServer/ws' }
04-22 06:04:38.705 I/assembly.assembly.android.mixc-retail-rn84(25062): [assembly.topology] Create assembly topology socket binding {"displayIndex":0,"role":"master","localNodeId":"master:6Z2H3BSGEY","wsUrl":"ws://127.0.0.1:8888/mockMasterServer/ws","httpBaseUrl":"http://127.0.0.1:8888/mockMasterServer","resolvedServerBaseUrl":"http://127.0.0.1:8888/mockMasterServer","resolvedPathTemplate":"/ws"}
04-22 06:04:38.706 I/assembly.assembly.android.mixc-retail-rn84.transport.ws.SocketRuntime(25062): [transport.ws] Socket connect started: assembly.android.mixc-retail-rn84.topology {"profileName":"assembly.android.mixc-retail-rn84.topology","serverName":"dual-topology-host-v3","addressName":"dynamic-topology-host"}
04-22 06:04:38.706 D/EGL_emulation(25062): app_time_stats: avg=1700.87ms min=17.59ms max=9918.05ms count=6
04-22 06:04:38.708 D/TrafficStats(25062): tagSocket(130) with statsTag=0xffffffff, statsUid=-1
04-22 06:04:38.709 D/TrafficStats(25062): tagSocket(132) with statsTag=0xffffffff, statsUid=-1
04-22 06:04:38.716 I/assembly.assembly.android.mixc-retail-rn84(25062): [assembly.topology] Native topology host already matches desired lifecycle state {"displayCount":1,"displayIndex":0,"deviceId":"6Z2H3BSGEY","instanceMode":"MASTER","enableSlave":true,"running":true,"reason":"master-primary-enable-slave"}
04-22 06:04:38.716 I/assembly.assembly.android.mixc-retail-rn84(25062): [assembly.topology] Native topology host already matches desired lifecycle state {"displayCount":1,"displayIndex":0,"deviceId":"6Z2H3BSGEY","instanceMode":"MASTER","enableSlave":true,"running":true,"reason":"master-primary-enable-slave"}
04-22 06:04:38.717 I/assembly.assembly.android.mixc-retail-rn84(25062): [assembly.topology] Native topology host already matches desired lifecycle state {"displayCount":1,"displayIndex":0,"deviceId":"6Z2H3BSGEY","instanceMode":"MASTER","enableSlave":true,"running":true,"reason":"master-primary-enable-slave"}
04-22 06:04:38.717 I/assembly.assembly.android.mixc-retail-rn84(25062): [assembly.topology] Native topology host already matches desired lifecycle state {"displayCount":1,"displayIndex":0,"deviceId":"6Z2H3BSGEY","instanceMode":"MASTER","enableSlave":true,"running":true,"reason":"master-primary-enable-slave"}
04-22 06:04:38.717 I/assembly.assembly.android.mixc-retail-rn84(25062): [assembly.topology] Native topology host already matches desired lifecycle state {"displayCount":1,"displayIndex":0,"deviceId":"6Z2H3BSGEY","instanceMode":"MASTER","enableSlave":true,"running":true,"reason":"master-primary-enable-slave"}
04-22 06:04:38.718 I/assembly.assembly.android.mixc-retail-rn84(25062): [assembly.topology] Native topology host already matches desired lifecycle state {"displayCount":1,"displayIndex":0,"deviceId":"6Z2H3BSGEY","instanceMode":"MASTER","enableSlave":true,"running":true,"reason":"master-primary-enable-slave"}
04-22 06:04:38.718 I/assembly.assembly.android.mixc-retail-rn84(25062): [assembly.topology] Native topology host already matches desired lifecycle state {"displayCount":1,"displayIndex":0,"deviceId":"6Z2H3BSGEY","instanceMode":"MASTER","enableSlave":true,"running":true,"reason":"master-primary-enable-slave"}
04-22 06:04:38.718 I/assembly.assembly.android.mixc-retail-rn84(25062): [assembly.topology] Native topology host already matches desired lifecycle state {"displayCount":1,"displayIndex":0,"deviceId":"6Z2H3BSGEY","instanceMode":"MASTER","enableSlave":true,"running":true,"reason":"master-primary-enable-slave"}
04-22 06:04:38.719 I/assembly.assembly.android.mixc-retail-rn84(25062): [assembly.topology] Native topology host already matches desired lifecycle state {"displayCount":1,"displayIndex":0,"deviceId":"6Z2H3BSGEY","instanceMode":"MASTER","enableSlave":true,"running":true,"reason":"master-primary-enable-slave"}
04-22 06:04:38.719 I/assembly.assembly.android.mixc-retail-rn84(25062): [assembly.topology] Native topology host already matches desired lifecycle state {"displayCount":1,"displayIndex":0,"deviceId":"6Z2H3BSGEY","instanceMode":"MASTER","enableSlave":true,"running":true,"reason":"master-primary-enable-slave"}
04-22 06:04:38.719 I/assembly.assembly.android.mixc-retail-rn84(25062): [assembly.topology] Native topology host already matches desired lifecycle state {"displayCount":1,"displayIndex":0,"deviceId":"6Z2H3BSGEY","instanceMode":"MASTER","enableSlave":true,"running":true,"reason":"master-primary-enable-slave"}
04-22 06:04:38.720 D/TrafficStats(25062): tagSocket(131) with statsTag=0xffffffff, statsUid=-1
04-22 06:04:38.722 I/assembly.android.mixc-retail-rn84.boot(25062): {"stage":"app-load-complete:done","displayIndex":0}
04-22 06:04:40.246 D/EGL_emulation(25062): app_time_stats: avg=769.45ms min=25.07ms max=1513.83ms count=2
04-22 06:04:45.000 D/EGL_emulation(  728): app_time_stats: avg=1270.98ms min=13.63ms max=16325.97ms count=13
04-22 06:04:45.853 D/ActivityManager(  519): freezing 24892 com.google.android.webview:webview_service
04-22 06:04:48.313 D/TrafficStats(25062): tagSocket(102) with statsTag=0xffffffff, statsUid=-1
04-22 06:04:48.318 I/assembly.assembly.android.mixc-retail-rn84(25062): [assembly.topology] Native topology host already matches desired lifecycle state {"displayCount":1,"displayIndex":0,"deviceId":"6Z2H3BSGEY","instanceMode":"MASTER","enableSlave":true,"running":true,"reason":"master-primary-enable-slave"}
04-22 06:04:48.318 I/assembly.assembly.android.mixc-retail-rn84(25062): [assembly.topology] Native topology host already matches desired lifecycle state {"displayCount":1,"displayIndex":0,"deviceId":"6Z2H3BSGEY","instanceMode":"MASTER","enableSlave":true,"running":true,"reason":"master-primary-enable-slave"}
04-22 06:04:48.318 I/assembly.assembly.android.mixc-retail-rn84(25062): [assembly.topology] Native topology host already matches desired lifecycle state {"displayCount":1,"displayIndex":0,"deviceId":"6Z2H3BSGEY","instanceMode":"MASTER","enableSlave":true,"running":true,"reason":"master-primary-enable-slave"}
04-22 06:04:48.320 I/ReactNativeJS(25062): '[runtime-state-sync-apply]', '{"direction":"slave-to-master","incomingSliceNames":["kernel.base.topology-runtime-v3.demo.slave","kernel.base.ui-runtime-v2.screen.branch","kernel.base.ui-runtime-v2.overlay.branch","kernel.base.ui-runtime-v2.ui-variable.branch"],"appliedSliceNames":["kernel.base.topology-runtime-v3.demo.slave","kernel.base.ui-runtime-v2.screen.branch","kernel.base.ui-runtime-v2.overlay.branch","kernel.base.ui-runtime-v2.ui-variable.branch"],"skippedSliceReasons":[]}'
04-22 06:04:48.320 I/assembly.assembly.android.mixc-retail-rn84(25062): [assembly.topology] Native topology host already matches desired lifecycle state {"displayCount":1,"displayIndex":0,"deviceId":"6Z2H3BSGEY","instanceMode":"MASTER","enableSlave":true,"running":true,"reason":"master-primary-enable-slave"}
04-22 06:04:48.320 I/assembly.assembly.android.mixc-retail-rn84(25062): [assembly.topology] Native topology host already matches desired lifecycle state {"displayCount":1,"displayIndex":0,"deviceId":"6Z2H3BSGEY","instanceMode":"MASTER","enableSlave":true,"running":true,"reason":"master-primary-enable-slave"}
04-22 06:04:48.357 I/MMKV    (25062): <MMKV_IO.cpp:609::writeActualSize> [mixc-retail-assembly-rn84::state] increase sequence to 64, crc 1795625696, actualSize 24973
04-22 06:04:48.357 I/MMKV    (25062): <MMKV.cpp:1208::sync> MMKV::sync, SyncFlag = 1
04-22 06:04:56.637 D/TrafficStats(25062): tagSocket(111) with statsTag=0xffffffff, statsUid=-1
04-22 06:04:56.641 D/TrafficStats(25062): tagSocket(111) with statsTag=0xffffffff, statsUid=-1
04-22 06:04:56.647 D/CompatibilityChangeReporter(  519): Compat change id reported: 161252188; UID 10175; state: DISABLED
04-22 06:04:56.647 I/ActivityTaskManager(  519): START u0 {flg=0x10000000 cmp=com.impos2.mixcretailassemblyrn84/.MainActivity} from uid 2000
04-22 06:04:56.647 D/CompatibilityChangeReporter(  519): Compat change id reported: 265464455; UID 10175; state: DISABLED
04-22 06:04:56.647 D/CompatibilityChangeReporter(  519): Compat change id reported: 265452344; UID 10175; state: DISABLED
04-22 06:04:56.647 D/CompatibilityChangeReporter(  519): Compat change id reported: 266124927; UID 10175; state: DISABLED
04-22 06:04:56.647 D/CompatibilityChangeReporter(  519): Compat change id reported: 265451093; UID 10175; state: DISABLED
04-22 06:04:56.647 D/CompatibilityChangeReporter(  519): Compat change id reported: 265456536; UID 10175; state: DISABLED
04-22 06:04:56.647 D/CompatibilityChangeReporter(  519): Compat change id reported: 255940284; UID 10175; state: DISABLED
