--------- beginning of main
04-22 06:07:13.459 E/android.hardware.power.stats@1.0-service-mock(  317): Failed to getEnergyData
04-22 06:07:26.934 I/assembly.assembly.android.mixc-retail-rn84(25062): [assembly.topology] Native topology host already matches desired lifecycle state {"displayCount":1,"displayIndex":0,"deviceId":"6Z2H3BSGEY","instanceMode":"MASTER","enableSlave":true,"running":true,"reason":"master-primary-enable-slave"}
04-22 06:07:26.936 I/assembly.assembly.android.mixc-retail-rn84(25062): [assembly.topology] Native topology host already matches desired lifecycle state {"displayCount":1,"displayIndex":0,"deviceId":"6Z2H3BSGEY","instanceMode":"MASTER","enableSlave":true,"running":true,"reason":"master-primary-enable-slave"}
04-22 06:07:26.937 I/assembly.assembly.android.mixc-retail-rn84(25062): [assembly.topology] Native topology host already matches desired lifecycle state {"displayCount":1,"displayIndex":0,"deviceId":"6Z2H3BSGEY","instanceMode":"MASTER","enableSlave":true,"running":true,"reason":"master-primary-enable-slave"}
04-22 06:07:26.937 I/assembly.assembly.android.mixc-retail-rn84(25062): [assembly.topology] Native topology host already matches desired lifecycle state {"displayCount":1,"displayIndex":0,"deviceId":"6Z2H3BSGEY","instanceMode":"MASTER","enableSlave":true,"running":true,"reason":"master-primary-enable-slave"}
04-22 06:07:26.937 I/assembly.assembly.android.mixc-retail-rn84(25062): [assembly.topology] Native topology host already matches desired lifecycle state {"displayCount":1,"displayIndex":0,"deviceId":"6Z2H3BSGEY","instanceMode":"MASTER","enableSlave":true,"running":true,"reason":"master-primary-enable-slave"}
04-22 06:07:26.939 I/MMKV    (25062): <MMKV_IO.cpp:609::writeActualSize> [mixc-retail-assembly-rn84::state] increase sequence to 65, crc 483945034, actualSize 27362
04-22 06:07:26.939 I/MMKV    (25062): <MMKV.cpp:1208::sync> MMKV::sync, SyncFlag = 1
04-22 06:07:26.939 D/TrafficStats(25062): tagSocket(116) with statsTag=0xffffffff, statsUid=-1
04-22 06:07:26.943 I/MMKV    (25062): <MMKV_IO.cpp:609::writeActualSize> [mixc-retail-assembly-rn84::state] increase sequence to 66, crc 3243216130, actualSize 30313
04-22 06:07:26.943 I/MMKV    (25062): <MMKV.cpp:1208::sync> MMKV::sync, SyncFlag = 1
04-22 06:07:41.954 D/TrafficStats(25062): tagSocket(102) with statsTag=0xffffffff, statsUid=-1
04-22 06:07:41.984 I/assembly.assembly.android.mixc-retail-rn84(25062): [assembly.topology] Native topology host already matches desired lifecycle state {"displayCount":1,"displayIndex":0,"deviceId":"6Z2H3BSGEY","instanceMode":"MASTER","enableSlave":true,"running":true,"reason":"master-primary-enable-slave"}
04-22 06:07:41.984 I/MMKV    (25062): <MMKV_IO.cpp:609::writeActualSize> [mixc-retail-assembly-rn84::state] increase sequence to 67, crc 4247375614, actualSize 30313
04-22 06:07:41.985 I/MMKV    (25062): <MMKV.cpp:1208::sync> MMKV::sync, SyncFlag = 1
04-22 06:07:41.986 I/assembly.assembly.android.mixc-retail-rn84.hot-update.PrepareHotUpdateRestart(25062): [assembly.hot-update] Preparing hot update restart countdown {"releaseId":"release_ecfc9ic8c8uq","packageId":"pkg_rivm57kih3nu","bundleVersion":"1.0.0+ota.3","mode":"immediate","overlayId":"assembly.hot-update.progress","countdownSeconds":3}
04-22 06:07:41.988 I/assembly.assembly.android.mixc-retail-rn84(25062): [assembly.topology] Native topology host already matches desired lifecycle state {"displayCount":1,"displayIndex":0,"deviceId":"6Z2H3BSGEY","instanceMode":"MASTER","enableSlave":true,"running":true,"reason":"master-primary-enable-slave"}
04-22 06:07:41.988 I/assembly.assembly.android.mixc-retail-rn84(25062): [assembly.topology] Native topology host already matches desired lifecycle state {"displayCount":1,"displayIndex":0,"deviceId":"6Z2H3BSGEY","instanceMode":"MASTER","enableSlave":true,"running":true,"reason":"master-primary-enable-slave"}
04-22 06:07:41.988 I/assembly.assembly.android.mixc-retail-rn84.hot-update.PrepareHotUpdateRestart(25062): [assembly.hot-update] Hot update progress overlay opened {"overlayId":"assembly.hot-update.progress"}
04-22 06:07:41.988 I/assembly.assembly.android.mixc-retail-rn84(25062): [assembly.topology] Native topology host already matches desired lifecycle state {"displayCount":1,"displayIndex":0,"deviceId":"6Z2H3BSGEY","instanceMode":"MASTER","enableSlave":true,"running":true,"reason":"master-primary-enable-slave"}
04-22 06:07:41.988 I/assembly.assembly.android.mixc-retail-rn84(25062): [assembly.topology] Native topology host already matches desired lifecycle state {"displayCount":1,"displayIndex":0,"deviceId":"6Z2H3BSGEY","instanceMode":"MASTER","enableSlave":true,"running":true,"reason":"master-primary-enable-slave"}
04-22 06:07:41.990 I/MMKV    (25062): <MMKV_IO.cpp:609::writeActualSize> [mixc-retail-assembly-rn84::state] increase sequence to 68, crc 1366566864, actualSize 31820
04-22 06:07:41.991 I/MMKV    (25062): <MMKV.cpp:1208::sync> MMKV::sync, SyncFlag = 1
04-22 06:07:41.993 I/MMKV    (25062): <MMKV_IO.cpp:609::writeActualSize> [mixc-retail-assembly-rn84::state] increase sequence to 69, crc 4294693474, actualSize 32055
04-22 06:07:41.993 I/MMKV    (25062): <MMKV.cpp:1208::sync> MMKV::sync, SyncFlag = 1
04-22 06:07:41.995 I/MMKV    (25062): <MMKV_IO.cpp:609::writeActualSize> [mixc-retail-assembly-rn84::secure-state] increase sequence to 5, crc 3021512607, actualSize 259
04-22 06:07:41.995 I/MMKV    (25062): <MMKV.cpp:1208::sync> MMKV::sync, SyncFlag = 1
04-22 06:07:41.997 I/MMKV    (25062): <MMKV_IO.cpp:609::writeActualSize> [mixc-retail-assembly-rn84::state] increase sequence to 70, crc 4294693474, actualSize 32055
04-22 06:07:41.997 I/MMKV    (25062): <MMKV.cpp:1208::sync> MMKV::sync, SyncFlag = 1
04-22 06:07:42.021 I/MMKV    (25062): <MMKV_IO.cpp:609::writeActualSize> [mixc-retail-assembly-rn84::state] increase sequence to 71, crc 3315915378, actualSize 32055
04-22 06:07:42.021 I/MMKV    (25062): <MMKV.cpp:1208::sync> MMKV::sync, SyncFlag = 1
04-22 06:07:42.022 D/EGL_emulation(25062): app_time_stats: avg=12104.82ms min=1.27ms max=181550.30ms count=15
04-22 06:07:42.964 W/BestClock(  519): java.time.DateTimeException: Missing NTP fix
04-22 06:07:42.979 I/netd    (  293): tetherGetStats() -> {[]} <0.73ms>
04-22 06:07:42.980 W/BestClock(  519): java.time.DateTimeException: Missing NTP fix
04-22 06:07:42.981 I/netd    (  293): bandwidthSetGlobalAlert(2097152) <0.07ms>
04-22 06:07:42.981 W/BestClock(  519): java.time.DateTimeException: Missing NTP fix
04-22 06:07:42.981 W/BestClock(  519): java.time.DateTimeException: Missing NTP fix
04-22 06:07:42.982 W/BestClock(  519): java.time.DateTimeException: Missing NTP fix
04-22 06:07:42.983 I/netd    (  293): bandwidthRemoveInterfaceQuota(eth0) <1.42ms>
04-22 06:07:42.984 I/netd    (  293): bandwidthSetInterfaceQuota(eth0, 9223372036854775807) <0.78ms>
04-22 06:07:42.985 W/BestClock(  519): java.time.DateTimeException: Missing NTP fix
04-22 06:07:42.985 W/BestClock(  519): java.time.DateTimeException: Missing NTP fix
04-22 06:07:42.986 W/BestClock(  519): java.time.DateTimeException: Missing NTP fix
04-22 06:07:43.060 D/EGL_emulation(25062): app_time_stats: avg=511.86ms min=2.13ms max=1021.59ms count=2
04-22 06:07:43.643 E/WifiScoringParams(  519): Invalid frequency(-1), using 5G as default rssi array
04-22 06:07:44.107 D/EGL_emulation(25062): app_time_stats: avg=1047.34ms min=1047.34ms max=1047.34ms count=1
04-22 06:07:45.006 I/assembly.assembly.android.mixc-retail-rn84.hot-update.PrepareHotUpdateRestart(25062): [assembly.hot-update] Hot update progress countdown finished {"overlayId":"assembly.hot-update.progress"}
04-22 06:07:45.009 I/assembly.assembly.android.mixc-retail-rn84(25062): [assembly.topology] Native topology host already matches desired lifecycle state {"displayCount":1,"displayIndex":0,"deviceId":"6Z2H3BSGEY","instanceMode":"MASTER","enableSlave":true,"running":true,"reason":"master-primary-enable-slave"}
04-22 06:07:45.010 I/assembly.assembly.android.mixc-retail-rn84.hot-update.PrepareHotUpdateRestart(25062): [assembly.hot-update] Dispatched hot update progress overlay close command {"overlayId":"assembly.hot-update.progress"}
04-22 06:07:45.011 I/assembly.assembly.android.mixc-retail-rn84.hot-update.PrepareHotUpdateRestart(25062): [assembly.hot-update] Hot update progress overlay removed before restart {"overlayId":"assembly.hot-update.progress"}
04-22 06:07:45.011 I/assembly.assembly.android.mixc-retail-rn84(25062): [assembly.topology] Native topology host already matches desired lifecycle state {"displayCount":1,"displayIndex":0,"deviceId":"6Z2H3BSGEY","instanceMode":"MASTER","enableSlave":true,"running":true,"reason":"master-primary-enable-slave"}
04-22 06:07:45.012 I/StartupAudit(25062): restart_requested hasSecondary=false pid=25062 time=2026-04-22 06:07:45.011
04-22 06:07:45.012 I/StartupAudit(25062): topology_host_stopping pid=25062 time=2026-04-22 06:07:45.012
04-22 06:07:45.013 I/MMKV    (25062): <MMKV_IO.cpp:609::writeActualSize> [mixc-retail-assembly-rn84::state] increase sequence to 72, crc 221425078, actualSize 32203
04-22 06:07:45.013 I/MMKV    (25062): <MMKV.cpp:1208::sync> MMKV::sync, SyncFlag = 1
04-22 06:07:45.013 I/StartupAudit(25062): topology_host_stopped pid=25062 time=2026-04-22 06:07:45.013
04-22 06:07:45.014 I/HotUpdateBundleResolver(25062): bundle_resolved source=restart-peek bundleFile=/data/user/0/com.impos2.mixcretailassemblyrn84/files/hot-updates/packages/pkg_rivm57kih3nu/index.android.bundle bundleVersion=1.0.0+ota.3 packageId=pkg_rivm57kih3nu bootAttempt=0 pid=25062
04-22 06:07:45.014 I/StartupAudit(25062): hot_update_process_relaunch_requested bundleFile=/data/user/0/com.impos2.mixcretailassemblyrn84/files/hot-updates/packages/pkg_rivm57kih3nu/index.android.bundle pid=25062 time=2026-04-22 06:07:45.014
04-22 06:07:45.015 I/assembly.assembly.android.mixc-retail-rn84(25062): [assembly.topology] Native topology host already matches desired lifecycle state {"displayCount":1,"displayIndex":0,"deviceId":"6Z2H3BSGEY","instanceMode":"MASTER","enableSlave":true,"running":true,"reason":"master-primary-enable-slave"}
--------- beginning of system
04-22 06:07:45.015 I/ActivityTaskManager(  519): START u0 {act=android.intent.action.MAIN cat=[android.intent.category.LAUNCHER] flg=0x10008000 pkg=com.impos2.mixcretailassemblyrn84 cmp=com.impos2.mixcretailassemblyrn84/.MainActivity} from uid 10175
04-22 06:07:45.015 I/assembly.assembly.android.mixc-retail-rn84(25062): [assembly.topology] Native topology host already matches desired lifecycle state {"displayCount":1,"displayIndex":0,"deviceId":"6Z2H3BSGEY","instanceMode":"MASTER","enableSlave":true,"running":true,"reason":"master-primary-enable-slave"}
04-22 06:07:45.015 I/assembly.assembly.android.mixc-retail-rn84(25062): [assembly.topology] Native topology host already matches desired lifecycle state {"displayCount":1,"displayIndex":0,"deviceId":"6Z2H3BSGEY","instanceMode":"MASTER","enableSlave":true,"running":true,"reason":"master-primary-enable-slave"}
04-22 06:07:45.015 I/assembly.assembly.android.mixc-retail-rn84(25062): [assembly.topology] Native topology host already matches desired lifecycle state {"displayCount":1,"displayIndex":0,"deviceId":"6Z2H3BSGEY","instanceMode":"MASTER","enableSlave":true,"running":true,"reason":"master-primary-enable-slave"}
04-22 06:07:45.015 I/assembly.assembly.android.mixc-retail-rn84(25062): [assembly.topology] Native topology host already matches desired lifecycle state {"displayCount":1,"displayIndex":0,"deviceId":"6Z2H3BSGEY","instanceMode":"MASTER","enableSlave":true,"running":true,"reason":"master-primary-enable-slave"}
04-22 06:07:45.021 D/CompatibilityChangeReporter(  519): Compat change id reported: 184838306; UID 10175; state: DISABLED
04-22 06:07:45.021 D/CompatibilityChangeReporter(  519): Compat change id reported: 185004937; UID 10175; state: DISABLED
04-22 06:07:45.022 D/CompatibilityChangeReporter(  519): Compat change id reported: 205907456; UID 10175; state: ENABLED
04-22 06:07:45.023 D/CompatibilityChangeReporter(  519): Compat change id reported: 194833441; UID 10175; state: ENABLED
04-22 06:07:45.023 W/ActivityTaskManager(  519): Duplicate finish request for r=ActivityRecord{ebcfb41 u0 com.impos2.mixcretailassemblyrn84/.MainActivity} t64 f}}
04-22 06:07:45.023 I/AppRestartManager(25062): Exiting current process for hot update relaunch
04-22 06:07:45.024 I/ailassemblyrn84(25062): System.exit called, status: 0
04-22 06:07:45.024 I/AndroidRuntime(25062): VM exiting with result code 0, cleanup skipped.
04-22 06:07:45.024 D/SplashScreenView(  728): Build android.window.SplashScreenView{bf49110 V.E...... ......ID 0,0-0,0}
04-22 06:07:45.024 D/SplashScreenView(  728): Icon: view: null drawable: null size: 0
04-22 06:07:45.024 D/SplashScreenView(  728): Branding: view: android.view.View{db4d409 G.ED..... ......I. 0,0-0,0 #10204dc android:id/splashscreen_branding_view} drawable: null size w: 0 h: 0
04-22 06:07:45.025 W/Parcel  (  728): Expecting binder but got null!
04-22 06:07:45.027 D/CoreBackPreview(  519): Window{e57129a u0 Splash Screen com.impos2.mixcretailassemblyrn84}: Setting back callback OnBackInvokedCallbackInfo{mCallback=android.window.IOnBackInvokedCallback$Stub$Proxy@375ba8, mPriority=0}
04-22 06:07:45.039 I/ActivityManager(  519): Process com.impos2.mixcretailassemblyrn84 (pid 25062) has died: fg  TOP 
04-22 06:07:45.039 I/WindowManager(  519): WIN DEATH: Window{f12c993 u0 com.impos2.mixcretailassemblyrn84/com.impos2.mixcretailassemblyrn84.MainActivity}
04-22 06:07:45.039 W/InputManager-JNI(  519): Input channel object 'f12c993 com.impos2.mixcretailassemblyrn84/com.impos2.mixcretailassemblyrn84.MainActivity (client)' was disposed without first being removed with the input manager!
04-22 06:07:45.039 W/ActivityManager(  519): Scheduling restart of crashed service com.impos2.mixcretailassemblyrn84/com.impos2.adapterv2.topologyhostv3.TopologyHostV3Service in 1000ms for start-requested
04-22 06:07:45.040 I/Zygote  (  294): Process 25062 exited cleanly (0)
04-22 06:07:45.040 E/OpenGLRenderer(  728): Unable to match the desired swap behavior.
04-22 06:07:45.041 I/libprocessgroup(  519): Successfully killed process cgroup uid 10175 pid 25062 in 0ms
04-22 06:07:45.042 D/CompatibilityChangeReporter(  519): Compat change id reported: 135634846; UID 10175; state: DISABLED
04-22 06:07:45.042 D/CompatibilityChangeReporter(  519): Compat change id reported: 177438394; UID 10175; state: DISABLED
04-22 06:07:45.042 D/CompatibilityChangeReporter(  519): Compat change id reported: 135772972; UID 10175; state: DISABLED
04-22 06:07:45.042 D/CompatibilityChangeReporter(  519): Compat change id reported: 135754954; UID 10175; state: ENABLED
04-22 06:07:45.042 D/CompatibilityChangeReporter(  519): Compat change id reported: 143937733; UID 10175; state: ENABLED
04-22 06:07:45.046 D/Zygote  (  294): Forked child process 25172
04-22 06:07:45.046 I/ActivityManager(  519): Start proc 25172:com.impos2.mixcretailassemblyrn84/u0a175 for top-activity {com.impos2.mixcretailassemblyrn84/com.impos2.mixcretailassemblyrn84.MainActivity}
04-22 06:07:45.052 I/ailassemblyrn84(25172): Using CollectorTypeCC GC.
04-22 06:07:45.052 E/ClientCache(  335): failed to get buffer, invalid process token
04-22 06:07:45.055 V/WindowManager(  519): Unknown focus tokens, dropping reportFocusChanged
04-22 06:07:45.057 D/EGL_emulation(  728): app_time_stats: avg=40007.82ms min=40007.82ms max=40007.82ms count=1
04-22 06:07:45.058 I/adbd    (  382): jdwp connection from 25172
04-22 06:07:45.067 D/CompatibilityChangeReporter(25172): Compat change id reported: 171979766; UID 10175; state: ENABLED
04-22 06:07:45.071 D/nativeloader(25172): Configuring classloader-namespace for other apk /data/app/~~X8d0Z-7C4WZ4Tg4w_NknIQ==/com.impos2.mixcretailassemblyrn84-ClxcqpDUP-VW7HtUMz3V2A==/base.apk. target_sdk_version=36, uses_libraries=, library_path=/data/app/~~X8d0Z-7C4WZ4Tg4w_NknIQ==/com.impos2.mixcretailassemblyrn84-ClxcqpDUP-VW7HtUMz3V2A==/lib/arm64:/data/app/~~X8d0Z-7C4WZ4Tg4w_NknIQ==/com.impos2.mixcretailassemblyrn84-ClxcqpDUP-VW7HtUMz3V2A==/base.apk!/lib/arm64-v8a, permitted_path=/data:/mnt/expand:/data/user/0/com.impos2.mixcretailassemblyrn84
04-22 06:07:45.094 V/GraphicsEnvironment(25172): ANGLE Developer option for 'com.impos2.mixcretailassemblyrn84' set to: 'default'
04-22 06:07:45.094 V/GraphicsEnvironment(25172): ANGLE GameManagerService for com.impos2.mixcretailassemblyrn84: false
04-22 06:07:45.094 V/GraphicsEnvironment(25172): Neither updatable production driver nor prerelease driver is supported.
04-22 06:07:45.095 W/Parcel  (  519): Expecting binder but got null!
04-22 06:07:45.096 D/NetworkSecurityConfig(25172): Using Network Security Config from resource network_security_config debugBuild: false
04-22 06:07:45.097 D/NetworkSecurityConfig(25172): Using Network Security Config from resource network_security_config debugBuild: false
04-22 06:07:45.099 W/Parcel  (  519): Expecting binder but got null!
04-22 06:07:45.104 W/SoLoader(25172): Initializing SoLoader: 0
04-22 06:07:45.104 W/SoLoader(25172): Recording new base apk path: /data/app/~~X8d0Z-7C4WZ4Tg4w_NknIQ==/com.impos2.mixcretailassemblyrn84-ClxcqpDUP-VW7HtUMz3V2A==/base.apk
04-22 06:07:45.104 W/SoLoader(25172): Previously recorded 0 base apk paths.
04-22 06:07:45.105 I/SoLoader(25172): Preparing SO source: DirectorySoSource[root = /vendor/lib64 flags = 2]
04-22 06:07:45.105 I/SoLoader(25172): Preparing SO source: DirectorySoSource[root = /system/lib64 flags = 2]
04-22 06:07:45.105 I/SoLoader(25172): Preparing SO source: DirectApkSoSource[root = [/data/app/~~X8d0Z-7C4WZ4Tg4w_NknIQ==/com.impos2.mixcretailassemblyrn84-ClxcqpDUP-VW7HtUMz3V2A==/base.apk!/lib/arm64-v8a]]
04-22 06:07:45.105 I/SoLoader(25172): Preparing SO source: ApplicationSoSource[DirectorySoSource[root = /data/app/~~X8d0Z-7C4WZ4Tg4w_NknIQ==/com.impos2.mixcretailassemblyrn84-ClxcqpDUP-VW7HtUMz3V2A==/lib/arm64 flags = 0]]
04-22 06:07:45.105 I/SoLoader(25172): init finish: 4 SO sources prepared
04-22 06:07:45.105 W/SoLoader(25172): SoLoader initialized: 8
04-22 06:07:45.109 D/jni_lib_merge(25172): Entering merged library JNI_OnLoad.
04-22 06:07:45.109 D/jni_lib_merge(25172): Preparing 12 pre-merged libs (including stub)
04-22 06:07:45.109 D/jni_lib_merge(25172): Preparing to register libfabricjni_so.  onload_func: 0x73596bda50
04-22 06:07:45.109 D/jni_lib_merge(25172): Preparing to register libreact_devsupportjni_so.  onload_func: 0x735978136c
04-22 06:07:45.109 D/jni_lib_merge(25172): Preparing to register libreact_featureflagsjni_so.  onload_func: 0x735979bba8
04-22 06:07:45.109 D/jni_lib_merge(25172): Preparing to register libreact_newarchdefaults_so.  onload_func: 0x73597d9d74
04-22 06:07:45.109 D/jni_lib_merge(25172): Preparing to register libreactnativeblob_so.  onload_func: 0x735987aa4c
04-22 06:07:45.109 D/jni_lib_merge(25172): Preparing to register libreactnativejni_so.  onload_func: 0x735988f9e4
04-22 06:07:45.109 D/jni_lib_merge(25172): Preparing to register libreactnativejni_common_so.  onload_func: 0x7359892be0
04-22 06:07:45.109 D/jni_lib_merge(25172): Preparing to register librninstance_so.  onload_func: 0x73598af778
04-22 06:07:45.109 D/jni_lib_merge(25172): Preparing to register libturbomodulejsijni_so.  onload_func: 0x73599590e0
04-22 06:07:45.109 D/jni_lib_merge(25172): Preparing to register libuimanagerjni_so.  onload_func: 0x735995fb00
04-22 06:07:45.109 D/jni_lib_merge(25172): Preparing to register libyoga_so.  onload_func: 0x73599670c4
04-22 06:07:45.109 D/jni_lib_merge(25172): About to register 11 actual methods.
04-22 06:07:45.110 D/jni_lib_merge(25172): Entering merged library JNI_OnLoad.
04-22 06:07:45.110 D/jni_lib_merge(25172): Preparing 12 pre-merged libs (including stub)
04-22 06:07:45.110 D/jni_lib_merge(25172): Preparing to register libfabricjni_so.  onload_func: 0x73596bda50
04-22 06:07:45.110 D/jni_lib_merge(25172): Preparing to register libreact_devsupportjni_so.  onload_func: 0x735978136c
04-22 06:07:45.110 D/jni_lib_merge(25172): Preparing to register libreact_featureflagsjni_so.  onload_func: 0x735979bba8
04-22 06:07:45.110 D/jni_lib_merge(25172): Preparing to register libreact_newarchdefaults_so.  onload_func: 0x73597d9d74
04-22 06:07:45.110 D/jni_lib_merge(25172): Preparing to register libreactnativeblob_so.  onload_func: 0x735987aa4c
04-22 06:07:45.110 D/jni_lib_merge(25172): Preparing to register libreactnativejni_so.  onload_func: 0x735988f9e4
04-22 06:07:45.110 D/jni_lib_merge(25172): Preparing to register libreactnativejni_common_so.  onload_func: 0x7359892be0
04-22 06:07:45.110 D/jni_lib_merge(25172): Preparing to register librninstance_so.  onload_func: 0x73598af778
04-22 06:07:45.110 D/jni_lib_merge(25172): Preparing to register libturbomodulejsijni_so.  onload_func: 0x73599590e0
04-22 06:07:45.110 D/jni_lib_merge(25172): Preparing to register libuimanagerjni_so.  onload_func: 0x735995fb00
04-22 06:07:45.110 D/jni_lib_merge(25172): Preparing to register libyoga_so.  onload_func: 0x73599670c4
04-22 06:07:45.110 D/jni_lib_merge(25172): About to register 11 actual methods.
04-22 06:07:45.113 D/AppCompatDelegate(25172): Checking for metadata for AppLocalesMetadataHolderService : Service not found
04-22 06:07:45.114 D/libEGL  (25172): loaded /vendor/lib64/egl/libEGL_emulation.so
04-22 06:07:45.115 D/libEGL  (25172): loaded /vendor/lib64/egl/libGLESv1_CM_emulation.so
04-22 06:07:45.117 D/libEGL  (25172): loaded /vendor/lib64/egl/libGLESv2_emulation.so
04-22 06:07:45.121 I/StartupAudit(25172): activity_created activity=MainActivity displayIndex=0 pid=25172 time=2026-04-22 06:07:45.121
04-22 06:07:45.126 D/jni_lib_merge(25172): Entering merged library JNI_OnLoad.
04-22 06:07:45.126 D/jni_lib_merge(25172): Preparing 4 pre-merged libs (including stub)
04-22 06:07:45.126 D/jni_lib_merge(25172): Preparing to register libhermes_executor_so.  onload_func: 0x735b11a728
04-22 06:07:45.126 D/jni_lib_merge(25172): Preparing to register libhermesinstancejni_so.  onload_func: 0x735b121d44
04-22 06:07:45.126 D/jni_lib_merge(25172): Preparing to register libjsijniprofiler_so.  onload_func: 0x735b122530
04-22 06:07:45.126 D/jni_lib_merge(25172): About to register 3 actual methods.
04-22 06:07:45.129 I/HotUpdateBundleResolver(25172): bundle_resolved source=primary-boot bundleFile=/data/user/0/com.impos2.mixcretailassemblyrn84/files/hot-updates/packages/pkg_rivm57kih3nu/index.android.bundle bundleVersion=1.0.0+ota.3 packageId=pkg_rivm57kih3nu bootAttempt=1 pid=25172
04-22 06:07:45.129 I/MainApplication(25172): getJSBundleFile process=com.impos2.mixcretailassemblyrn84 isPrimaryProcess=true resolvedBundle=/data/user/0/com.impos2.mixcretailassemblyrn84/files/hot-updates/packages/pkg_rivm57kih3nu/index.android.bundle fallbackBundle=null selectedBundle=/data/user/0/com.impos2.mixcretailassemblyrn84/files/hot-updates/packages/pkg_rivm57kih3nu/index.android.bundle
04-22 06:07:45.132 W/unknown:BridgelessReact(25172): ReactHost{0}.startSurface(surfaceId = 0): Schedule
04-22 06:07:45.132 W/unknown:BridgelessReact(25172): ReactHost{0}.attachSurface(surfaceId = 0)
04-22 06:07:45.133 W/unknown:BridgelessReact(25172): ReactHost{0}.getOrCreateReactInstanceTask()
04-22 06:07:45.133 W/unknown:BridgelessReact(25172): ReactHost{0}.getOrCreateReactInstanceTask(): Start
04-22 06:07:45.133 W/unknown:BridgelessReact(25172): ReactHost{0}.getJSBundleLoader()
04-22 06:07:45.133 W/unknown:BridgelessReact(25172): ReactHost{0}.getOrCreateReactInstanceTask(): Creating BridgelessReactContext
04-22 06:07:45.133 W/unknown:BridgelessReact(25172): ReactHost{0}.getOrCreateReactInstanceTask(): Creating ReactInstance
04-22 06:07:45.134 D/CompatibilityChangeReporter(  519): Compat change id reported: 161145287; UID 10175; state: DISABLED
04-22 06:07:45.134 I/StartupAudit(25172): hot_update_health_check_scheduled timeoutMs=30000 bundleVersion=1.0.0+ota.3 packageId=pkg_rivm57kih3nu pid=25172 time=2026-04-22 06:07:45.134
04-22 06:07:45.135 W/unknown:BridgelessReact(25172): ReactHost{0}.onHostResume(activity)
04-22 06:07:45.135 W/unknown:BridgelessReact(25172): ReactHost{0}.ReactContext.onHostResume()
04-22 06:07:45.138 D/CompatibilityChangeReporter(25172): Compat change id reported: 237531167; UID 10175; state: DISABLED
04-22 06:07:45.140 W/Parcel  (25172): Expecting binder but got null!
04-22 06:07:45.142 D/CoreBackPreview(  519): Window{c8fe025 u0 com.impos2.mixcretailassemblyrn84/com.impos2.mixcretailassemblyrn84.MainActivity}: Setting back callback OnBackInvokedCallbackInfo{mCallback=android.window.IOnBackInvokedCallback$Stub$Proxy@91f47ab, mPriority=0}
04-22 06:07:45.148 D/HostConnection(25172): HostComposition ext ANDROID_EMU_CHECKSUM_HELPER_v1 ANDROID_EMU_native_sync_v2 ANDROID_EMU_native_sync_v3 ANDROID_EMU_native_sync_v4 ANDROID_EMU_dma_v1 ANDROID_EMU_direct_mem ANDROID_EMU_host_composition_v1 ANDROID_EMU_host_composition_v2 ANDROID_EMU_vulkan ANDROID_EMU_deferred_vulkan_commands ANDROID_EMU_vulkan_null_optional_strings ANDROID_EMU_vulkan_create_resources_with_requirements ANDROID_EMU_YUV_Cache ANDROID_EMU_vulkan_ignored_handles ANDROID_EMU_has_shared_slots_host_memory_allocator ANDROID_EMU_vulkan_free_memory_sync ANDROID_EMU_vulkan_shader_float16_int8 ANDROID_EMU_vulkan_async_queue_submit ANDROID_EMU_vulkan_queue_submit_with_commands ANDROID_EMU_sync_buffer_data ANDROID_EMU_vulkan_async_qsri ANDROID_EMU_read_color_buffer_dma ANDROID_EMU_hwc_multi_configs ANDROID_EMU_hwc_color_transform GL_OES_EGL_image_external_essl3 GL_OES_vertex_array_object ANDROID_EMU_host_side_tracing ANDROID_EMU_gles_max_version_3_0 
04-22 06:07:45.148 W/OpenGLRenderer(25172): Failed to choose config with EGL_SWAP_BEHAVIOR_PRESERVED, retrying without...
04-22 06:07:45.148 W/OpenGLRenderer(25172): Failed to initialize 101010-2 format, error = EGL_SUCCESS
04-22 06:07:45.149 W/unknown:BridgelessReact(25172): ReactHost{0}.getOrCreateReactInstanceTask(): Loading JS Bundle
04-22 06:07:45.149 D/EGL_emulation(25172): eglCreateContext: 0xb400007465967110: maj 3 min 0 rcv 3
04-22 06:07:45.150 W/unknown:BridgelessReact(25172): ReactHost{0}.getOrCreateReactInstanceTask(): DevSupportManager.onNewReactContextCreated()
04-22 06:07:45.150 W/unknown:BridgelessReact(25172): ReactHost{0}.startSurface(surfaceId = 0): Execute
04-22 06:07:45.151 D/EGL_emulation(25172): eglMakeCurrent: 0xb400007465967110: ver 3 0 (tinfo 0x7682666080) (first time)
04-22 06:07:45.153 W/WindowManager(  519): Failed to deliver inset state change to w=Window{f12c993 u0 com.impos2.mixcretailassemblyrn84/com.impos2.mixcretailassemblyrn84.MainActivity EXITING}
04-22 06:07:45.153 W/WindowManager(  519): android.os.DeadObjectException
04-22 06:07:45.153 W/WindowManager(  519): 	at android.os.BinderProxy.transactNative(Native Method)
04-22 06:07:45.153 W/WindowManager(  519): 	at android.os.BinderProxy.transact(BinderProxy.java:584)
04-22 06:07:45.153 W/WindowManager(  519): 	at android.view.IWindow$Stub$Proxy.insetsControlChanged(IWindow.java:473)
04-22 06:07:45.153 W/WindowManager(  519): 	at com.android.server.wm.WindowState.notifyInsetsControlChanged(WindowState.java:4023)
04-22 06:07:45.153 W/WindowManager(  519): 	at com.android.server.wm.InsetsStateController.lambda$notifyPendingInsetsControlChanged$4(InsetsStateController.java:351)
04-22 06:07:45.153 W/WindowManager(  519): 	at com.android.server.wm.InsetsStateController.$r8$lambda$An2IoiA3BeA5IWc6QwBOjKArM80(Unknown Source:0)
04-22 06:07:45.153 W/WindowManager(  519): 	at com.android.server.wm.InsetsStateController$$ExternalSyntheticLambda3.run(Unknown Source:2)
04-22 06:07:45.153 W/WindowManager(  519): 	at com.android.server.wm.WindowAnimator.executeAfterPrepareSurfacesRunnables(WindowAnimator.java:345)
04-22 06:07:45.153 W/WindowManager(  519): 	at com.android.server.wm.WindowAnimator.animate(WindowAnimator.java:226)
04-22 06:07:45.153 W/WindowManager(  519): 	at com.android.server.wm.WindowAnimator.lambda$new$1(WindowAnimator.java:106)
04-22 06:07:45.153 W/WindowManager(  519): 	at com.android.server.wm.WindowAnimator.$r8$lambda$fo2Nk5bb9hY3lvmHsTnTEwtZMbI(Unknown Source:0)
04-22 06:07:45.153 W/WindowManager(  519): 	at com.android.server.wm.WindowAnimator$$ExternalSyntheticLambda1.doFrame(Unknown Source:2)
04-22 06:07:45.153 W/WindowManager(  519): 	at android.view.Choreographer$CallbackRecord.run(Choreographer.java:1229)
04-22 06:07:45.153 W/WindowManager(  519): 	at android.view.Choreographer$CallbackRecord.run(Choreographer.java:1239)
04-22 06:07:45.153 W/WindowManager(  519): 	at android.view.Choreographer.doCallbacks(Choreographer.java:899)
04-22 06:07:45.153 W/WindowManager(  519): 	at android.view.Choreographer.doFrame(Choreographer.java:827)
04-22 06:07:45.153 W/WindowManager(  519): 	at android.view.Choreographer$FrameDisplayEventReceiver.run(Choreographer.java:1214)
04-22 06:07:45.153 W/WindowManager(  519): 	at android.os.Handler.handleCallback(Handler.java:942)
04-22 06:07:45.153 W/WindowManager(  519): 	at android.os.Handler.dispatchMessage(Handler.java:99)
04-22 06:07:45.153 W/WindowManager(  519): 	at android.os.Looper.loopOnce(Looper.java:201)
04-22 06:07:45.153 W/WindowManager(  519): 	at android.os.Looper.loop(Looper.java:288)
04-22 06:07:45.153 W/WindowManager(  519): 	at android.os.HandlerThread.run(HandlerThread.java:67)
04-22 06:07:45.153 W/WindowManager(  519): 	at com.android.server.ServiceThread.run(ServiceThread.java:44)
04-22 06:07:45.158 I/ReactNativeJS(25172): Running "MixcRetailAssemblyRN84"
04-22 06:07:45.158 I/hwservicemanager(  149): getTransport: Cannot find entry android.hardware.graphics.mapper@4.0::IMapper/default in either framework or device VINTF manifest.
04-22 06:07:45.159 I/Gralloc4(25172): mapper 4.x is not supported
04-22 06:07:45.160 W/unknown:ViewManagerPropertyUpdater(25172): Could not find generated setter for class com.horcrux.svg.RenderableViewManager$DefsViewManager
04-22 06:07:45.160 I/hwservicemanager(  149): getTransport: Cannot find entry android.hardware.graphics.allocator@4.0::IAllocator/default in either framework or device VINTF manifest.
04-22 06:07:45.161 I/servicemanager(  148): Could not find android.hardware.graphics.allocator.IAllocator/default in the VINTF manifest.
04-22 06:07:45.161 W/Gralloc4(25172): allocator 4.x is not supported
04-22 06:07:45.162 W/unknown:ViewManagerPropertyUpdater(25172): Could not find generated setter for class com.horcrux.svg.VirtualViewManager$c
04-22 06:07:45.163 W/unknown:ViewManagerPropertyUpdater(25172): Could not find generated setter for class com.horcrux.svg.RenderableViewManager$FeMergeManager
04-22 06:07:45.164 D/HostConnection(25172): HostComposition ext ANDROID_EMU_CHECKSUM_HELPER_v1 ANDROID_EMU_native_sync_v2 ANDROID_EMU_native_sync_v3 ANDROID_EMU_native_sync_v4 ANDROID_EMU_dma_v1 ANDROID_EMU_direct_mem ANDROID_EMU_host_composition_v1 ANDROID_EMU_host_composition_v2 ANDROID_EMU_vulkan ANDROID_EMU_deferred_vulkan_commands ANDROID_EMU_vulkan_null_optional_strings ANDROID_EMU_vulkan_create_resources_with_requirements ANDROID_EMU_YUV_Cache ANDROID_EMU_vulkan_ignored_handles ANDROID_EMU_has_shared_slots_host_memory_allocator ANDROID_EMU_vulkan_free_memory_sync ANDROID_EMU_vulkan_shader_float16_int8 ANDROID_EMU_vulkan_async_queue_submit ANDROID_EMU_vulkan_queue_submit_with_commands ANDROID_EMU_sync_buffer_data ANDROID_EMU_vulkan_async_qsri ANDROID_EMU_read_color_buffer_dma ANDROID_EMU_hwc_multi_configs ANDROID_EMU_hwc_color_transform GL_OES_EGL_image_external_essl3 GL_OES_vertex_array_object ANDROID_EMU_host_side_tracing ANDROID_EMU_gles_max_version_3_0 
04-22 06:07:45.165 W/unknown:ViewManagerPropertyUpdater(25172): Could not find generated setter for class com.facebook.react.views.safeareaview.ReactSafeAreaViewManager
04-22 06:07:45.165 E/OpenGLRenderer(25172): Unable to match the desired swap behavior.
04-22 06:07:45.165 W/unknown:ViewManagerPropertyUpdater(25172): Could not find generated setter for class com.facebook.react.uimanager.V
04-22 06:07:45.166 W/unknown:ViewManagerPropertyUpdater(25172): Could not find generated setter for class com.horcrux.svg.RenderableViewManager$LinearGradientManager
04-22 06:07:45.168 W/unknown:ViewManagerPropertyUpdater(25172): Could not find generated setter for class com.horcrux.svg.RenderableViewManager$FeGaussianBlurManager
04-22 06:07:45.169 W/unknown:ViewManagerPropertyUpdater(25172): Could not find generated setter for class com.facebook.react.views.progressbar.ReactProgressBarViewManager
04-22 06:07:45.169 W/unknown:ViewManagerPropertyUpdater(25172): Could not find generated setter for class com.facebook.react.views.progressbar.b
04-22 06:07:45.170 W/TransactionTracing(  335): Could not find layer handle 0xb400006eb98b2ef0
04-22 06:07:45.170 W/TransactionTracing(  335): Could not find layer handle 0xb400006eb98b68b0
04-22 06:07:45.171 W/unknown:ViewManagerPropertyUpdater(25172): Could not find generated setter for class com.facebook.react.views.scroll.ReactHorizontalScrollViewManager
04-22 06:07:45.172 W/unknown:ViewManagerPropertyUpdater(25172): Could not find generated setter for class com.facebook.react.views.text.ReactTextViewManager
04-22 06:07:45.172 W/unknown:ViewManagerPropertyUpdater(25172): Could not find generated setter for class com.facebook.react.views.text.j
04-22 06:07:45.174 W/unknown:ViewManagerPropertyUpdater(25172): Could not find generated setter for class com.horcrux.svg.RenderableViewManager$FeColorMatrixManager
04-22 06:07:45.175 W/unknown:ViewManagerPropertyUpdater(25172): Could not find generated setter for class com.facebook.react.views.scroll.ReactHorizontalScrollContainerViewManager
04-22 06:07:45.176 W/unknown:ViewManagerPropertyUpdater(25172): Could not find generated setter for class com.horcrux.svg.RenderableViewManager$ClipPathViewManager
04-22 06:07:45.176 D/CompatibilityChangeReporter(25172): Compat change id reported: 210923482; UID 10175; state: ENABLED
04-22 06:07:45.177 W/unknown:ViewManagerPropertyUpdater(25172): Could not find generated setter for class com.horcrux.svg.RenderableViewManager$SymbolManager
04-22 06:07:45.177 I/ActivityTaskManager(  519): Displayed com.impos2.mixcretailassemblyrn84/.MainActivity: +161ms
04-22 06:07:45.178 W/unknown:ViewManagerPropertyUpdater(25172): Could not find generated setter for class com.horcrux.svg.RenderableViewManager$PatternManager
04-22 06:07:45.179 W/unknown:ViewManagerPropertyUpdater(25172): Could not find generated setter for class com.horcrux.svg.RenderableViewManager$FeBlendManager
04-22 06:07:45.180 W/unknown:ViewManagerPropertyUpdater(25172): Could not find generated setter for class com.facebook.react.views.view.ReactViewManager
04-22 06:07:45.181 W/unknown:BridgelessReact(25172): ReactHost{0}.ReactContext.onHostResume()
04-22 06:07:45.181 W/unknown:ViewManagerPropertyUpdater(25172): Could not find generated setter for class com.horcrux.svg.SvgViewManager
04-22 06:07:45.181 W/unknown:BridgelessReact(25172): ReactHost{0}.getOrCreateReactInstanceTask(): Executing ReactInstanceEventListeners
04-22 06:07:45.181 W/unknown:ViewManagerPropertyUpdater(25172): Could not find generated setter for class com.facebook.react.uimanager.RootViewManager
04-22 06:07:45.183 W/unknown:ViewManagerPropertyUpdater(25172): Could not find generated setter for class com.facebook.react.views.switchview.ReactSwitchManager
04-22 06:07:45.183 W/unknown:ViewManagerPropertyUpdater(25172): Could not find generated setter for class com.facebook.react.views.switchview.d
04-22 06:07:45.184 W/unknown:ViewManagerPropertyUpdater(25172): Could not find generated setter for class com.horcrux.svg.RenderableViewManager$UseViewManager
04-22 06:07:45.185 W/unknown:ViewManagerPropertyUpdater(25172): Could not find generated setter for class com.horcrux.svg.RenderableViewManager$CircleViewManager
04-22 06:07:45.189 D/CompatibilityChangeReporter(  519): Compat change id reported: 214016041; UID 10175; state: ENABLED
04-22 06:07:45.190 I/GoogleInputMethodService( 1523): GoogleInputMethodService.onFinishInput():3227 
04-22 06:07:45.191 I/GoogleInputMethodService( 1523): GoogleInputMethodService.updateDeviceLockedStatus():2087 repeatCheckTimes = 0, unlocked = true
04-22 06:07:45.191 I/GoogleInputMethodService( 1523): GoogleInputMethodService.onStartInput():1877 onStartInput(EditorInfo{inputType=0x0(NULL) imeOptions=0x0 privateImeOptions=null actionName=UNSPECIFIED actionLabel=null actionId=0 initialSelStart=-1 initialSelEnd=-1 initialCapsMode=0x0 hintText=null label=null packageName=com.impos2.mixcretailassemblyrn84 fieldId=-1 fieldName=null extras=null}, false)
04-22 06:07:45.191 I/GoogleInputMethodService( 1523): GoogleInputMethodService.shouldHideHeaderOnInitialState():4008 ShouldHideHeaderOnInitialState = false
04-22 06:07:45.191 I/GoogleInputMethodService( 1523): GoogleInputMethodService.updateDeviceLockedStatus():2087 repeatCheckTimes = 2, unlocked = true
04-22 06:07:45.192 W/WindowManager(  519): Failed to deliver inset state change to w=Window{f12c993 u0 com.impos2.mixcretailassemblyrn84/com.impos2.mixcretailassemblyrn84.MainActivity EXITING}
04-22 06:07:45.192 W/WindowManager(  519): android.os.DeadObjectException
04-22 06:07:45.192 W/WindowManager(  519): 	at android.os.BinderProxy.transactNative(Native Method)
04-22 06:07:45.192 W/WindowManager(  519): 	at android.os.BinderProxy.transact(BinderProxy.java:584)
04-22 06:07:45.192 W/WindowManager(  519): 	at android.view.IWindow$Stub$Proxy.insetsControlChanged(IWindow.java:473)
04-22 06:07:45.192 W/WindowManager(  519): 	at com.android.server.wm.WindowState.notifyInsetsControlChanged(WindowState.java:4023)
04-22 06:07:45.192 W/WindowManager(  519): 	at com.android.server.wm.InsetsStateController.lambda$notifyPendingInsetsControlChanged$4(InsetsStateController.java:351)
04-22 06:07:45.192 W/WindowManager(  519): 	at com.android.server.wm.InsetsStateController.$r8$lambda$An2IoiA3BeA5IWc6QwBOjKArM80(Unknown Source:0)
04-22 06:07:45.192 W/WindowManager(  519): 	at com.android.server.wm.InsetsStateController$$ExternalSyntheticLambda3.run(Unknown Source:2)
04-22 06:07:45.192 W/WindowManager(  519): 	at com.android.server.wm.WindowAnimator.executeAfterPrepareSurfacesRunnables(WindowAnimator.java:345)
04-22 06:07:45.192 W/WindowManager(  519): 	at com.android.server.wm.RootWindowContainer.performSurfacePlacementNoTrace(RootWindowContainer.java:832)
04-22 06:07:45.192 W/WindowManager(  519): 	at com.android.server.wm.RootWindowContainer.performSurfacePlacement(RootWindowContainer.java:777)
04-22 06:07:45.192 W/WindowManager(  519): 	at com.android.server.wm.WindowSurfacePlacer.performSurfacePlacementLoop(WindowSurfacePlacer.java:177)
04-22 06:07:45.192 W/WindowManager(  519): 	at com.android.server.wm.WindowSurfacePlacer.performSurfacePlacement(WindowSurfacePlacer.java:126)
04-22 06:07:45.192 W/WindowManager(  519): 	at com.android.server.wm.WindowSurfacePlacer.performSurfacePlacement(WindowSurfacePlacer.java:115)
04-22 06:07:45.192 W/WindowManager(  519): 	at com.android.server.wm.WindowSurfacePlacer$Traverser.run(WindowSurfacePlacer.java:57)
04-22 06:07:45.192 W/WindowManager(  519): 	at android.os.Handler.handleCallback(Handler.java:942)
04-22 06:07:45.192 W/WindowManager(  519): 	at android.os.Handler.dispatchMessage(Handler.java:99)
04-22 06:07:45.192 W/WindowManager(  519): 	at android.os.Looper.loopOnce(Looper.java:201)
04-22 06:07:45.192 W/WindowManager(  519): 	at android.os.Looper.loop(Looper.java:288)
04-22 06:07:45.192 W/WindowManager(  519): 	at android.os.HandlerThread.run(HandlerThread.java:67)
04-22 06:07:45.192 W/WindowManager(  519): 	at com.android.server.ServiceThread.run(ServiceThread.java:44)
04-22 06:07:45.193 W/unknown:ViewManagerPropertyUpdater(25172): Could not find generated setter for class com.horcrux.svg.RenderableViewManager$TSpanViewManager
04-22 06:07:45.195 W/unknown:ViewManagerPropertyUpdater(25172): Could not find generated setter for class com.horcrux.svg.RenderableViewManager$FilterManager
04-22 06:07:45.196 W/unknown:ViewManagerPropertyUpdater(25172): Could not find generated setter for class com.horcrux.svg.RenderableViewManager$MarkerManager
04-22 06:07:45.197 W/unknown:ViewManagerPropertyUpdater(25172): Could not find generated setter for class com.facebook.react.views.modal.ReactModalHostManager
04-22 06:07:45.197 W/unknown:ViewManagerPropertyUpdater(25172): Could not find generated setter for class com.horcrux.svg.RenderableViewManager$ForeignObjectManager
04-22 06:07:45.198 W/unknown:ViewManagerPropertyUpdater(25172): Could not find generated setter for class com.horcrux.svg.RenderableViewManager$EllipseViewManager
04-22 06:07:45.199 W/unknown:ViewManagerPropertyUpdater(25172): Could not find generated setter for class com.horcrux.svg.RenderableViewManager$LineViewManager
04-22 06:07:45.200 W/unknown:ViewManagerPropertyUpdater(25172): Could not find generated setter for class com.facebook.react.views.text.frescosupport.FrescoBasedReactTextInlineImageViewManager
04-22 06:07:45.200 W/unknown:ViewManagerPropertyUpdater(25172): Could not find generated setter for class com.facebook.react.views.text.frescosupport.a
04-22 06:07:45.201 W/unknown:ViewManagerPropertyUpdater(25172): Could not find generated setter for class com.horcrux.svg.RenderableViewManager$FeFloodManager
04-22 06:07:45.202 W/unknown:ViewManagerPropertyUpdater(25172): Could not find generated setter for class com.horcrux.svg.RenderableViewManager$GroupViewManager
04-22 06:07:45.203 W/unknown:ViewManagerPropertyUpdater(25172): Could not find generated setter for class com.horcrux.svg.RenderableViewManager$TextViewManager
04-22 06:07:45.204 W/TransactionTracing(  335): Could not find layer handle 0xb400006eb98b4e70
04-22 06:07:45.205 W/unknown:ViewManagerPropertyUpdater(25172): Could not find generated setter for class com.horcrux.svg.RenderableViewManager$ImageViewManager
04-22 06:07:45.208 W/unknown:ViewManagerPropertyUpdater(25172): Could not find generated setter for class com.horcrux.svg.RenderableViewManager$FeCompositeManager
04-22 06:07:45.209 W/unknown:ViewManagerPropertyUpdater(25172): Could not find generated setter for class com.facebook.react.views.image.ReactImageManager
04-22 06:07:45.210 W/unknown:ViewManagerPropertyUpdater(25172): Could not find generated setter for class com.horcrux.svg.RenderableViewManager$RadialGradientManager
04-22 06:07:45.211 W/unknown:ViewManagerPropertyUpdater(25172): Could not find generated setter for class com.horcrux.svg.RenderableViewManager$MaskManager
04-22 06:07:45.212 W/unknown:ViewManagerPropertyUpdater(25172): Could not find generated setter for class com.facebook.react.views.unimplementedview.ReactUnimplementedViewManager
04-22 06:07:45.213 W/unknown:ViewManagerPropertyUpdater(25172): Could not find generated setter for class com.horcrux.svg.RenderableViewManager$RectViewManager
04-22 06:07:45.214 W/unknown:ViewManagerPropertyUpdater(25172): Could not find generated setter for class com.horcrux.svg.RenderableViewManager$TextPathViewManager
04-22 06:07:45.215 W/unknown:ViewManagerPropertyUpdater(25172): Could not find generated setter for class com.facebook.react.views.scroll.ReactScrollViewManager
04-22 06:07:45.216 W/unknown:ViewManagerPropertyUpdater(25172): Could not find generated setter for class com.horcrux.svg.RenderableViewManager$FeOffsetManager
04-22 06:07:45.216 W/unknown:ViewManagerPropertyUpdater(25172): Could not find generated setter for class com.horcrux.svg.RenderableViewManager$PathViewManager
04-22 06:07:45.217 W/unknown:ViewManagerPropertyUpdater(25172): Could not find generated setter for class com.facebook.react.views.drawer.ReactDrawerLayoutManager
04-22 06:07:45.218 W/unknown:ViewManagerPropertyUpdater(25172): Could not find generated setter for class com.facebook.react.views.swiperefresh.SwipeRefreshLayoutManager
04-22 06:07:45.221 W/unknown:ViewManagerPropertyUpdater(25172): Could not find generated setter for class com.facebook.react.views.textinput.ReactTextInputManager
04-22 06:07:45.222 W/unknown:ViewManagerPropertyUpdater(25172): Could not find generated setter for class com.facebook.react.views.textinput.F
04-22 06:07:45.227 I/ConnectorManager(25172): connector initialized
04-22 06:07:45.229 I/assembly.android.mixc-retail-rn84.boot(25172): {"stage":"resolve-topology:start","displayIndex":0,"displayCount":1}
04-22 06:07:45.229 I/assembly.android.mixc-retail-rn84.boot(25172): {"stage":"resolve-topology:done","displayIndex":0,"displayCount":1}
04-22 06:07:45.230 I/assembly.android.mixc-retail-rn84.boot(25172): {"stage":"create-app:start","displayIndex":0,"displayCount":1}
04-22 06:07:45.234 I/assembly.kernel.base.runtime-shell-v2.state-runtime(25172): [runtime.load] load kernel.base.runtime-shell-v2 {"slices":["kernel.base.runtime-shell-v2.error-catalog","kernel.base.runtime-shell-v2.parameter-catalog","kernel.base.topology-runtime-v3.config","kernel.base.topology-runtime-v3.context","kernel.base.topology-runtime-v3.connection","kernel.base.topology-runtime-v3.peer","kernel.base.topology-runtime-v3.sync","kernel.base.topology-runtime-v3.request-mirror","kernel.base.topology-runtime-v3.demo.master","kernel.base.topology-runtime-v3.demo.slave","kernel.base.tcp-control-runtime-v2.identity","kernel.base.tcp-control-runtime-v2.credential","kernel.base.tcp-control-runtime-v2.binding","kernel.base.tcp-control-runtime-v2.sandbox","kernel.base.tcp-control-runtime-v2.runtime","kernel.base.tdp-sync-runtime-v2.session","kernel.base.tdp-sync-runtime-v2.sync","kernel.base.tdp-sync-runtime-v2.projection","kernel.base.tdp-sync-runtime-v2.command-inbox","kernel.base.tdp-sync-runtime-v2.control-signals","kernel.base.tdp-sync-runtime-v2.hot-update","kernel.base.workflow-runtime-v2.definitions","kernel.base.workflow-runtime-v2.observations","kernel.base.workflow-runtime-v2.queue","kernel.base.ui-runtime-v2.screen.main","kernel.base.ui-runtime-v2.screen.branch","kernel.base.ui-runtime-v2.overlay.main","kernel.base.ui-runtime-v2.overlay.branch","kernel.base.ui-runtime-v2.ui-variable.main","kernel.base.ui-runtime-v2.ui-variable.branch","ui.base.admin-console.console"],"persistableSlices":["kernel.base.runtime-shell-v2.error-catalog","kernel.base.runtime-shell-v2.parameter-catalog","kernel.base.topology-runtime-v3.config","kernel.base.tcp-control-runtime-v2.identity","kernel.base.tcp-control-runtime-v2.credential","kernel.base.tcp-control-runtime-v2.binding","kernel.base.tcp-control-runtime-v2.sandbox","kernel.base.tdp-sync-runtime-v2.sync","kernel.base.tdp-sync-runtime-v2.projection","kernel.base.tdp-sync-runtime-v2.hot-update","kernel.base.workflow-runtime-v2.definitions","kernel.base.ui-runtime-v2.screen.main","kernel.base.ui-runtime-v2.screen.branch","kernel.base.ui-runtime-v2.overlay.main","kernel.base.ui-runtime-v2.overlay.branch","kernel.base.ui-runtime-v2.ui-variable.main","kernel.base.ui-runtime-v2.ui-variable.branch","ui.base.admin-console.console"],"persistenceEnabled":true}
04-22 06:07:45.235 I/assembly.android.mixc-retail-rn84.boot(25172): {"stage":"create-app:done","displayIndex":0,"displayCount":1}
04-22 06:07:45.235 I/assembly.android.mixc-retail-rn84.boot(25172): {"stage":"runtime.start:start","displayIndex":0,"displayCount":1}
04-22 06:07:45.235 I/assembly.kernel.base.runtime-shell-v2.application.KernelRuntimeAppV2(25172): [runtime.load] created kernel runtime app v2 {"runtimeName":"assembly.android.mixc-retail-rn84","runtimeId":"run_mo96czf6_4xszhwpn9hsua3xp","localNodeId":"master:6Z2H3BSGEY","moduleNames":["assembly.android.mixc-retail-rn84","kernel.base.topology-runtime-v3","kernel.base.tcp-control-runtime-v2","kernel.base.tdp-sync-runtime-v2","kernel.base.workflow-runtime-v2","kernel.base.ui-runtime-v2","ui.base.runtime-react","ui.base.input-runtime","ui.base.admin-console","ui.base.terminal-console","ui.integration.retail-shell"]}
04-22 06:07:45.235 I/assembly.kernel.base.runtime-shell-v2.application.KernelRuntimeAppV2(25172): [runtime.load] start kernel runtime app v2 pre-setup {"runtimeName":"assembly.android.mixc-retail-rn84","moduleNames":["assembly.android.mixc-retail-rn84","kernel.base.topology-runtime-v3","kernel.base.tcp-control-runtime-v2","kernel.base.tdp-sync-runtime-v2","kernel.base.workflow-runtime-v2","kernel.base.ui-runtime-v2","ui.base.runtime-react","ui.base.input-runtime","ui.base.admin-console","ui.base.terminal-console","ui.integration.retail-shell"]}
04-22 06:07:45.235 I/assembly.assembly.android.mixc-retail-rn84(25172): [runtime.load] pre-setup assembly.android.mixc-retail-rn84 {"moduleName":"assembly.android.mixc-retail-rn84","runtimeNodeId":"master:6Z2H3BSGEY","knownModules":["assembly.android.mixc-retail-rn84","kernel.base.topology-runtime-v3","kernel.base.tcp-control-runtime-v2","kernel.base.tdp-sync-runtime-v2","kernel.base.workflow-runtime-v2","kernel.base.ui-runtime-v2","ui.base.runtime-react","ui.base.input-runtime","ui.base.admin-console","ui.base.terminal-console","ui.integration.retail-shell"]}
04-22 06:07:45.235 I/assembly.kernel.base.runtime-shell-v2.application.KernelRuntimeAppV2(25172): [runtime.load] completed module pre-setup {"moduleName":"assembly.android.mixc-retail-rn84","packageVersion":"1.0.0","dependencies":[],"stateSliceNames":[],"commandNames":[],"actorKeys":["assembly.android.mixc-retail-rn84.AssemblyRuntimeInitializeActor"],"errorKeys":[],"parameterKeys":[],"hasInstall":true,"hasPreSetup":true}
04-22 06:07:45.240 I/assembly.assembly.android.mixc-retail-rn84(25172): [runtime.load] pre-setup kernel.base.topology-runtime-v3 {"moduleName":"kernel.base.topology-runtime-v3","runtimeNodeId":"master:6Z2H3BSGEY","knownModules":["assembly.android.mixc-retail-rn84","kernel.base.topology-runtime-v3","kernel.base.tcp-control-runtime-v2","kernel.base.tdp-sync-runtime-v2","kernel.base.workflow-runtime-v2","kernel.base.ui-runtime-v2","ui.base.runtime-react","ui.base.input-runtime","ui.base.admin-console","ui.base.terminal-console","ui.integration.retail-shell"]}
