--------- beginning of main
04-22 06:07:11.458 W/BestClock(  683): java.time.DateTimeException: No network time available
04-22 06:07:11.458 W/BestClock(  683): java.time.DateTimeException: No network time available
04-22 06:07:11.458 W/BestClock(  683): java.time.DateTimeException: No network time available
04-22 06:07:11.458 W/BestClock(  683): java.time.DateTimeException: No network time available
04-22 06:07:11.458 W/BestClock(  683): java.time.DateTimeException: No network time available
04-22 06:07:11.459 D/WifiClientModeImpl[9769:wlan0](  683): updateLinkLayerStatsRssiSpeedFrequencyCapabilities rssi=-50 TxLinkspeed=1 freq=2447 RxLinkSpeed=2
04-22 06:07:11.459 D/WifiDataStall(  683): tx tput in kbps: 11000
04-22 06:07:11.459 D/WifiDataStall(  683): rx tput in kbps: 11000
04-22 06:07:11.459 V/WifiConfigManager(  683): Updating scan detail cache freq=2447 BSSID=00:13:10:85:fe:01 RSSI=-50 for "AndroidWifi"NONE
04-22 06:07:11.459 D/WifiThroughputPredictor(  683):  utilization (LLS) 80 isBluetoothConnected: false final utilization: 80
04-22 06:07:11.459 D/WifiThroughputPredictor(  683):  BW: 0 RSSI: -50 Nss: 1 Mode: 1 symDur: 4000 snrDb 30 bitPerTone: 4500 rate: 54 throughput: 11
04-22 06:07:11.459 D/WifiThroughputPredictor(  683):  utilization (LLS) 80 isBluetoothConnected: false final utilization: 80
04-22 06:07:11.459 D/WifiThroughputPredictor(  683):  BW: 0 RSSI: -50 Nss: 1 Mode: 1 symDur: 4000 snrDb 30 bitPerTone: 4500 rate: 54 throughput: 11
04-22 06:07:11.459 D/WifiThroughputPredictor(  683):  utilization (LLS) 80 isBluetoothConnected: false final utilization: 80
04-22 06:07:11.459 D/WifiThroughputPredictor(  683):  BW: 0 RSSI: -50 Nss: 1 Mode: 1 symDur: 4000 snrDb 30 bitPerTone: 4500 rate: 54 throughput: 11
04-22 06:07:11.459 D/WifiThroughputPredictor(  683):  utilization (LLS) 80 isBluetoothConnected: false final utilization: 80
04-22 06:07:11.459 D/WifiThroughputPredictor(  683):  BW: 0 RSSI: -50 Nss: 1 Mode: 1 symDur: 4000 snrDb 30 bitPerTone: 4500 rate: 54 throughput: 11
04-22 06:07:11.460 D/WifiScoreCard(  683): BSSID update SIGNAL_POLL ID: 261501600 SSID: "AndroidWifi", BSSID: 00:13:10:85:fe:01, MAC: 02:15:b4:00:00:00, IP: /10.0.2.17, Security type: 0, Supplicant state: COMPLETED, Wi-Fi standard: legacy, RSSI: -50, Link speed: 1Mbps, Tx Link speed: 1Mbps, Max Supported Tx Link speed: 11Mbps, Rx Link speed: 2Mbps, Max Supported Rx Link speed: 11Mbps, Frequency: 2447MHz, Net ID: 0, Metered hint: false, score: 60, isUsable: true, CarrierMerged: false, SubscriptionId: -1, IsPrimary: 1, Trusted: true, Restricted: false, Ephemeral: false, OEM paid: false, OEM private: false, OSU AP: false, FQDN: <none>, Provider friendly name: <none>, Requesting package name: <none>"AndroidWifi"openMLO Information: , Is TID-To-Link negotiation supported by the AP: false, AP MLD Address: <none>, AP MLO Link Id: <none>, AP MLO Affiliated links: <none>, Vendor Data: <none>
04-22 06:07:11.460 D/WifiScoreCard(  683): txRate: 1 txSpeed: 1
04-22 06:07:11.460 D/WifiScoreCard(  683): network update SIGNAL_POLL "AndroidWifi" ID: 579418950 RSSI -50 txSpeed -1
04-22 06:07:11.460 D/WifiClientModeImpl[9769:wlan0](  683):  ClientModeImpl$L2ConnectedState screen=on 1 0 "AndroidWifi" 00:13:10:85:fe:01 rssi=-50 f=2447 sc=60 link=1 tx=0.0, 0.0, 0.0 rx=0.0 bcn=0 [on:0 tx:0 rx:0 period:3003] from screen [on:0 period:-1307229084] score=60
04-22 06:07:12.469 D/wpa_supplicant(  938): nl80211: Drv Event 64 (NL80211_CMD_NOTIFY_CQM) received for wlan0
04-22 06:07:12.469 D/wpa_supplicant(  938): nl80211: Beacon loss event
04-22 06:07:12.469 D/wpa_supplicant(  938): wlan0: Event BEACON_LOSS (53) received
04-22 06:07:12.469 I/wpa_supplicant(  938): wlan0: CTRL-EVENT-BEACON-LOSS 
04-22 06:07:13.462 D/wpa_supplicant(  938): WNM: Send keep-alive to AP 00:13:10:85:fe:01
04-22 06:07:14.467 W/BestClock(  683): java.time.DateTimeException: No network time available
04-22 06:07:14.467 W/BestClock(  683): java.time.DateTimeException: No network time available
04-22 06:07:14.468 W/BestClock(  683): java.time.DateTimeException: No network time available
04-22 06:07:14.468 W/BestClock(  683): java.time.DateTimeException: No network time available
04-22 06:07:14.468 W/BestClock(  683): java.time.DateTimeException: No network time available
04-22 06:07:14.469 D/WifiClientModeImpl[9769:wlan0](  683): updateLinkLayerStatsRssiSpeedFrequencyCapabilities rssi=-50 TxLinkspeed=1 freq=2447 RxLinkSpeed=2
04-22 06:07:14.469 D/WifiDataStall(  683): tx tput in kbps: 11000
04-22 06:07:14.469 D/WifiDataStall(  683): rx tput in kbps: 11000
04-22 06:07:14.469 V/WifiConfigManager(  683): Updating scan detail cache freq=2447 BSSID=00:13:10:85:fe:01 RSSI=-50 for "AndroidWifi"NONE
04-22 06:07:14.469 D/WifiThroughputPredictor(  683):  utilization (LLS) 80 isBluetoothConnected: false final utilization: 80
04-22 06:07:14.469 D/WifiThroughputPredictor(  683):  BW: 0 RSSI: -50 Nss: 1 Mode: 1 symDur: 4000 snrDb 30 bitPerTone: 4500 rate: 54 throughput: 11
04-22 06:07:14.469 D/WifiThroughputPredictor(  683):  utilization (LLS) 80 isBluetoothConnected: false final utilization: 80
04-22 06:07:14.469 D/WifiThroughputPredictor(  683):  BW: 0 RSSI: -50 Nss: 1 Mode: 1 symDur: 4000 snrDb 30 bitPerTone: 4500 rate: 54 throughput: 11
04-22 06:07:14.469 D/WifiThroughputPredictor(  683):  utilization (LLS) 80 isBluetoothConnected: false final utilization: 80
04-22 06:07:14.469 D/WifiThroughputPredictor(  683):  BW: 0 RSSI: -50 Nss: 1 Mode: 1 symDur: 4000 snrDb 30 bitPerTone: 4500 rate: 54 throughput: 11
04-22 06:07:14.469 D/WifiThroughputPredictor(  683):  utilization (LLS) 80 isBluetoothConnected: false final utilization: 80
04-22 06:07:14.469 D/WifiThroughputPredictor(  683):  BW: 0 RSSI: -50 Nss: 1 Mode: 1 symDur: 4000 snrDb 30 bitPerTone: 4500 rate: 54 throughput: 11
04-22 06:07:14.469 D/WifiScoreCard(  683): BSSID update SIGNAL_POLL ID: 261501600 SSID: "AndroidWifi", BSSID: 00:13:10:85:fe:01, MAC: 02:15:b4:00:00:00, IP: /10.0.2.17, Security type: 0, Supplicant state: COMPLETED, Wi-Fi standard: legacy, RSSI: -50, Link speed: 1Mbps, Tx Link speed: 1Mbps, Max Supported Tx Link speed: 11Mbps, Rx Link speed: 2Mbps, Max Supported Rx Link speed: 11Mbps, Frequency: 2447MHz, Net ID: 0, Metered hint: false, score: 60, isUsable: true, CarrierMerged: false, SubscriptionId: -1, IsPrimary: 1, Trusted: true, Restricted: false, Ephemeral: false, OEM paid: false, OEM private: false, OSU AP: false, FQDN: <none>, Provider friendly name: <none>, Requesting package name: <none>"AndroidWifi"openMLO Information: , Is TID-To-Link negotiation supported by the AP: false, AP MLD Address: <none>, AP MLO Link Id: <none>, AP MLO Affiliated links: <none>, Vendor Data: <none>
04-22 06:07:14.469 D/WifiScoreCard(  683): txRate: 1 txSpeed: 1
04-22 06:07:14.469 D/WifiScoreCard(  683): network update SIGNAL_POLL "AndroidWifi" ID: 579418950 RSSI -50 txSpeed -1
04-22 06:07:14.469 D/WifiClientModeImpl[9769:wlan0](  683):  ClientModeImpl$L2ConnectedState screen=on 1 0 "AndroidWifi" 00:13:10:85:fe:01 rssi=-50 f=2447 sc=60 link=1 tx=0.0, 0.0, 0.0 rx=0.0 bcn=0 [on:0 tx:0 rx:0 period:3009] from screen [on:0 period:-1307226075] score=60
04-22 06:07:17.395 I/resolv  (  459): ResNSendHandler::run: 0 / {101 983141 101 983141 1073 1}
04-22 06:07:17.395 I/resolv  (  459): ResNSendHandler::run: 0 / {101 983141 101 983141 1073 1}
04-22 06:07:17.395 I/resolv  (  459): resolv_cache_lookup: FOUND IN CACHE entry=0xb400007cdced0e50
04-22 06:07:17.398 I/resolv  (  459): ResNSendHandler::run: 0 / {101 983141 101 983141 1073 1}
04-22 06:07:17.398 I/resolv  (  459): resolv_cache_lookup: FOUND IN CACHE entry=0xb400007e7cecf890
04-22 06:07:17.398 I/resolv  (  459): ResNSendHandler::run: 0 / {101 983141 101 983141 1073 1}
04-22 06:07:17.398 I/WifiService(  683): isFeatureSupported uid=1000 returns [WIFI_FEATURE_INFRA, WIFI_FEATURE_P2P, WIFI_FEATURE_MOBILE_HOTSPOT, WIFI_FEATURE_WPA3_SAE, WIFI_FEATURE_WPA3_SUITE_B, WIFI_FEATURE_OWE, WIFI_FEATURE_DPP, WIFI_FEATURE_AP_RAND_MAC, WIFI_FEATURE_MBO, WIFI_FEATURE_FILS_SHA256, WIFI_FEATURE_FILS_SHA384, WIFI_FEATURE_SAE_PK, WIFI_FEATURE_DPP_ENROLLEE_RESPONDER, WIFI_FEATURE_PASSPOINT_TERMS_AND_CONDITIONS, WIFI_FEATURE_WFD_R2, WIFI_FEATURE_DECORATED_IDENTITY, WIFI_FEATURE_TRUST_ON_FIRST_USE, WIFI_FEATURE_SET_TLS_MINIMUM_VERSION, WIFI_FEATURE_TLS_V1_3, WIFI_FEATURE_WEP, WIFI_FEATURE_WPA_PERSONAL]
04-22 06:07:17.398 I/resolv  (  459): resolv_cache_lookup: FOUND IN CACHE entry=0xb400007d2ced2450
04-22 06:07:17.401 D/NetworkMonitor/101( 1052): PROBE_DNS www.google.com 10ms OK 31.13.92.37,2001::1
04-22 06:07:17.402 I/resolv  (  459): GetAddrInfoHandler::run: {101 983141 101 983141 1073 1}
04-22 06:07:17.402 I/resolv  (  459): res_nmkquery: (QUERY, IN, AAAA)
04-22 06:07:17.402 I/resolv  (  459): resolv_cache_lookup: FOUND IN CACHE entry=0xb400007cdced0e50
04-22 06:07:17.402 I/resolv  (  459): res_nmkquery: (QUERY, IN, A)
04-22 06:07:17.402 I/resolv  (  459): resolv_cache_lookup: FOUND IN CACHE entry=0xb400007d2ced2450
04-22 06:07:17.402 I/resolv  (  459): doQuery: rcode=0, ancount=1, return value=48
04-22 06:07:17.402 I/resolv  (  459): doQuery: rcode=0, ancount=1, return value=60
04-22 06:07:17.418 I/resolv  (  459): res_nsend: used send_dg 117 terrno: 0
04-22 06:07:17.420 D/NetworkMonitor/101( 1052): PROBE_DNS connectivitycheck.gstatic.com 28ms OK 114.250.65.34
04-22 06:07:17.420 I/resolv  (  459): GetAddrInfoHandler::run: {101 983141 101 983141 1073 1}
04-22 06:07:17.421 I/resolv  (  459): res_nmkquery: (QUERY, IN, AAAA)
04-22 06:07:17.421 I/resolv  (  459): resolv_cache_lookup: FOUND IN CACHE entry=0xb400007d0cedb150
04-22 06:07:17.421 I/resolv  (  459): doQuery: rcode=0, ancount=0, return value=117
04-22 06:07:17.421 I/resolv  (  459): res_nmkquery: (QUERY, IN, A)
04-22 06:07:17.421 I/resolv  (  459): resolv_cache_lookup: FOUND IN CACHE entry=0xb400007e7cecf890
04-22 06:07:17.421 I/resolv  (  459): doQuery: rcode=0, ancount=1, return value=63
04-22 06:07:17.473 W/BestClock(  683): java.time.DateTimeException: No network time available
04-22 06:07:17.474 W/BestClock(  683): java.time.DateTimeException: No network time available
04-22 06:07:17.474 W/BestClock(  683): java.time.DateTimeException: No network time available
04-22 06:07:17.474 W/BestClock(  683): java.time.DateTimeException: No network time available
04-22 06:07:17.474 W/BestClock(  683): java.time.DateTimeException: No network time available
04-22 06:07:17.474 D/WifiClientModeImpl[9769:wlan0](  683): updateLinkLayerStatsRssiSpeedFrequencyCapabilities rssi=-50 TxLinkspeed=1 freq=2447 RxLinkSpeed=2
04-22 06:07:17.474 D/WifiDataStall(  683): tx tput in kbps: 11000
04-22 06:07:17.474 D/WifiDataStall(  683): rx tput in kbps: 11000
04-22 06:07:17.474 V/WifiConfigManager(  683): Updating scan detail cache freq=2447 BSSID=00:13:10:85:fe:01 RSSI=-50 for "AndroidWifi"NONE
04-22 06:07:17.474 D/WifiThroughputPredictor(  683):  utilization (LLS) 80 isBluetoothConnected: false final utilization: 80
04-22 06:07:17.474 D/WifiThroughputPredictor(  683):  BW: 0 RSSI: -50 Nss: 1 Mode: 1 symDur: 4000 snrDb 30 bitPerTone: 4500 rate: 54 throughput: 11
04-22 06:07:17.474 D/WifiThroughputPredictor(  683):  utilization (LLS) 80 isBluetoothConnected: false final utilization: 80
04-22 06:07:17.474 D/WifiThroughputPredictor(  683):  BW: 0 RSSI: -50 Nss: 1 Mode: 1 symDur: 4000 snrDb 30 bitPerTone: 4500 rate: 54 throughput: 11
04-22 06:07:17.474 D/WifiThroughputPredictor(  683):  utilization (LLS) 80 isBluetoothConnected: false final utilization: 80
04-22 06:07:17.474 D/WifiThroughputPredictor(  683):  BW: 0 RSSI: -50 Nss: 1 Mode: 1 symDur: 4000 snrDb 30 bitPerTone: 4500 rate: 54 throughput: 11
04-22 06:07:17.474 D/WifiThroughputPredictor(  683):  utilization (LLS) 80 isBluetoothConnected: false final utilization: 80
04-22 06:07:17.474 D/WifiThroughputPredictor(  683):  BW: 0 RSSI: -50 Nss: 1 Mode: 1 symDur: 4000 snrDb 30 bitPerTone: 4500 rate: 54 throughput: 11
04-22 06:07:17.474 D/WifiScoreCard(  683): BSSID update SIGNAL_POLL ID: 261501600 SSID: "AndroidWifi", BSSID: 00:13:10:85:fe:01, MAC: 02:15:b4:00:00:00, IP: /10.0.2.17, Security type: 0, Supplicant state: COMPLETED, Wi-Fi standard: legacy, RSSI: -50, Link speed: 1Mbps, Tx Link speed: 1Mbps, Max Supported Tx Link speed: 11Mbps, Rx Link speed: 2Mbps, Max Supported Rx Link speed: 11Mbps, Frequency: 2447MHz, Net ID: 0, Metered hint: false, score: 60, isUsable: true, CarrierMerged: false, SubscriptionId: -1, IsPrimary: 1, Trusted: true, Restricted: false, Ephemeral: false, OEM paid: false, OEM private: false, OSU AP: false, FQDN: <none>, Provider friendly name: <none>, Requesting package name: <none>"AndroidWifi"openMLO Information: , Is TID-To-Link negotiation supported by the AP: false, AP MLD Address: <none>, AP MLO Link Id: <none>, AP MLO Affiliated links: <none>, Vendor Data: <none>
04-22 06:07:17.474 D/WifiScoreCard(  683): txRate: 2 txSpeed: 1
04-22 06:07:17.474 D/WifiScoreCard(  683): network update SIGNAL_POLL "AndroidWifi" ID: 579418950 RSSI -50 txSpeed -1
04-22 06:07:17.474 D/WifiClientModeImpl[9769:wlan0](  683):  ClientModeImpl$L2ConnectedState screen=on 1 0 "AndroidWifi" 00:13:10:85:fe:01 rssi=-50 f=2447 sc=60 link=1 tx=1.4, 0.0, 0.0 rx=1.0 bcn=0 [on:0 tx:0 rx:0 period:3005] from screen [on:0 period:-1307223070] score=60
04-22 06:07:17.624 D/SatelliteController( 1086): iisInCarrierRoamingNbIotNtn: satellite is disabled
04-22 06:07:17.719 W/TimedProcessReaper( 1559): Memory state is: 125
04-22 06:07:17.853 I/bdee    ( 1652): (REDACTED) getHotwordActive::active query: %s, watch: %s, devices connected: %s
04-22 06:07:17.920 D/NetworkMonitor/101( 1052): PROBE_HTTP http://connectivitycheck.gstatic.com/generate_204 time=500ms ret=204 request={Connection=[close], User-Agent=[Mozilla/5.0 (X11; Linux x86_64) AppleWebKit/537.36 (KHTML, like Gecko) Chrome/60.0.3112.32 Safari/537.36]} headers={null=[HTTP/1.1 204 No Content], Connection=[close], Cross-Origin-Resource-Policy=[cross-origin], Date=[Tue, 21 Apr 2026 22:07:17 GMT], X-Android-Received-Millis=[1776809237919], X-Android-Response-Source=[NETWORK 204], X-Android-Selected-Protocol=[http/1.1], X-Android-Sent-Millis=[1776809237423]}
04-22 06:07:20.394 I/resolv  (  459): GetAddrInfoHandler::run: {101 983141 101 983141 1073 1}
04-22 06:07:20.395 I/resolv  (  459): res_nmkquery: (QUERY, IN, AAAA)
04-22 06:07:20.395 I/resolv  (  459): resolv_cache_lookup: FOUND IN CACHE entry=0xb400007cdced0e50
04-22 06:07:20.395 I/resolv  (  459): doQuery: rcode=0, ancount=1, return value=60
04-22 06:07:20.395 I/resolv  (  459): res_nmkquery: (QUERY, IN, A)
04-22 06:07:20.395 I/resolv  (  459): resolv_cache_lookup: FOUND IN CACHE entry=0xb400007d2ced2450
04-22 06:07:20.395 I/resolv  (  459): doQuery: rcode=0, ancount=1, return value=48
04-22 06:07:20.406 D/wpa_supplicant(  938): nl80211: Drv Event 64 (NL80211_CMD_NOTIFY_CQM) received for wlan0
04-22 06:07:20.406 D/wpa_supplicant(  938): nl80211: Beacon loss event
04-22 06:07:20.406 D/wpa_supplicant(  938): wlan0: Event BEACON_LOSS (53) received
04-22 06:07:20.406 I/wpa_supplicant(  938): wlan0: CTRL-EVENT-BEACON-LOSS 
04-22 06:07:20.478 W/BestClock(  683): java.time.DateTimeException: No network time available
04-22 06:07:20.478 W/BestClock(  683): java.time.DateTimeException: No network time available
04-22 06:07:20.478 W/BestClock(  683): java.time.DateTimeException: No network time available
04-22 06:07:20.478 W/BestClock(  683): java.time.DateTimeException: No network time available
04-22 06:07:20.478 W/BestClock(  683): java.time.DateTimeException: No network time available
04-22 06:07:20.478 D/WifiClientModeImpl[9769:wlan0](  683): updateLinkLayerStatsRssiSpeedFrequencyCapabilities rssi=-50 TxLinkspeed=1 freq=2447 RxLinkSpeed=2
04-22 06:07:20.478 D/WifiDataStall(  683): tx tput in kbps: 11000
04-22 06:07:20.478 D/WifiDataStall(  683): rx tput in kbps: 11000
04-22 06:07:20.478 V/WifiConfigManager(  683): Updating scan detail cache freq=2447 BSSID=00:13:10:85:fe:01 RSSI=-50 for "AndroidWifi"NONE
04-22 06:07:20.478 D/WifiThroughputPredictor(  683):  utilization (LLS) 80 isBluetoothConnected: false final utilization: 80
04-22 06:07:20.478 D/WifiThroughputPredictor(  683):  BW: 0 RSSI: -50 Nss: 1 Mode: 1 symDur: 4000 snrDb 30 bitPerTone: 4500 rate: 54 throughput: 11
04-22 06:07:20.478 D/WifiThroughputPredictor(  683):  utilization (LLS) 80 isBluetoothConnected: false final utilization: 80
04-22 06:07:20.478 D/WifiThroughputPredictor(  683):  BW: 0 RSSI: -50 Nss: 1 Mode: 1 symDur: 4000 snrDb 30 bitPerTone: 4500 rate: 54 throughput: 11
04-22 06:07:20.479 D/WifiThroughputPredictor(  683):  utilization (LLS) 80 isBluetoothConnected: false final utilization: 80
04-22 06:07:20.479 D/WifiThroughputPredictor(  683):  BW: 0 RSSI: -50 Nss: 1 Mode: 1 symDur: 4000 snrDb 30 bitPerTone: 4500 rate: 54 throughput: 11
04-22 06:07:20.479 D/WifiThroughputPredictor(  683):  utilization (LLS) 80 isBluetoothConnected: false final utilization: 80
04-22 06:07:20.479 D/WifiThroughputPredictor(  683):  BW: 0 RSSI: -50 Nss: 1 Mode: 1 symDur: 4000 snrDb 30 bitPerTone: 4500 rate: 54 throughput: 11
04-22 06:07:20.479 D/WifiScoreCard(  683): BSSID update SIGNAL_POLL ID: 261501600 SSID: "AndroidWifi", BSSID: 00:13:10:85:fe:01, MAC: 02:15:b4:00:00:00, IP: /10.0.2.17, Security type: 0, Supplicant state: COMPLETED, Wi-Fi standard: legacy, RSSI: -50, Link speed: 1Mbps, Tx Link speed: 1Mbps, Max Supported Tx Link speed: 11Mbps, Rx Link speed: 2Mbps, Max Supported Rx Link speed: 11Mbps, Frequency: 2447MHz, Net ID: 0, Metered hint: false, score: 60, isUsable: true, CarrierMerged: false, SubscriptionId: -1, IsPrimary: 1, Trusted: true, Restricted: false, Ephemeral: false, OEM paid: false, OEM private: false, OSU AP: false, FQDN: <none>, Provider friendly name: <none>, Requesting package name: <none>"AndroidWifi"openMLO Information: , Is TID-To-Link negotiation supported by the AP: false, AP MLD Address: <none>, AP MLO Link Id: <none>, AP MLO Affiliated links: <none>, Vendor Data: <none>
04-22 06:07:20.479 D/WifiScoreCard(  683): txRate: 2 txSpeed: 1
04-22 06:07:20.479 D/WifiScoreCard(  683): network update SIGNAL_POLL "AndroidWifi" ID: 579418950 RSSI -50 txSpeed -1
04-22 06:07:20.479 D/WifiClientModeImpl[9769:wlan0](  683):  ClientModeImpl$L2ConnectedState screen=on 1 0 "AndroidWifi" 00:13:10:85:fe:01 rssi=-50 f=2447 sc=60 link=1 tx=1.5, 0.0, 0.0 rx=1.4 bcn=0 [on:0 tx:0 rx:0 period:3005] from screen [on:0 period:-1307220065] score=60
04-22 06:07:20.507 D/NetworkMonitor/101( 1052): PROBE_FALLBACK http://www.google.com/gen_204 time=114ms ret=204 request={Connection=[close], User-Agent=[Mozilla/5.0 (X11; Linux x86_64) AppleWebKit/537.36 (KHTML, like Gecko) Chrome/60.0.3112.32 Safari/537.36]} headers={null=[HTTP/1.1 204 No Content], Connection=[close], Content-Security-Policy=[object-src 'none';base-uri 'self';script-src 'nonce-5HQjbKqZtrpWS6MCQ5virg' 'strict-dynamic' 'report-sample' 'unsafe-eval' 'unsafe-inline' https: http:;report-uri https://csp.withgoogle.com/csp/gws/other], Content-Type=[text/html; charset=UTF-8], Date=[Tue, 21 Apr 2026 22:07:20 GMT], Permissions-Policy=[unload=()], Server=[gws], X-Android-Received-Millis=[1776809240507], X-Android-Response-Source=[NETWORK 204], X-Android-Selected-Protocol=[http/1.1], X-Android-Sent-Millis=[1776809240398], X-Frame-Options=[SAMEORIGIN], X-Xss-Protection=[0]}
04-22 06:07:23.482 W/BestClock(  683): java.time.DateTimeException: No network time available
04-22 06:07:23.482 W/BestClock(  683): java.time.DateTimeException: No network time available
04-22 06:07:23.482 W/BestClock(  683): java.time.DateTimeException: No network time available
04-22 06:07:23.482 W/BestClock(  683): java.time.DateTimeException: No network time available
04-22 06:07:23.482 W/BestClock(  683): java.time.DateTimeException: No network time available
04-22 06:07:23.483 D/WifiClientModeImpl[9769:wlan0](  683): updateLinkLayerStatsRssiSpeedFrequencyCapabilities rssi=-50 TxLinkspeed=2 freq=2447 RxLinkSpeed=2
04-22 06:07:23.483 D/WifiDataStall(  683): tx tput in kbps: 11000
04-22 06:07:23.483 D/WifiDataStall(  683): rx tput in kbps: 11000
04-22 06:07:23.483 V/WifiConfigManager(  683): Updating scan detail cache freq=2447 BSSID=00:13:10:85:fe:01 RSSI=-50 for "AndroidWifi"NONE
04-22 06:07:23.483 D/WifiThroughputPredictor(  683):  utilization (LLS) 80 isBluetoothConnected: false final utilization: 80
04-22 06:07:23.483 D/WifiThroughputPredictor(  683):  BW: 0 RSSI: -50 Nss: 1 Mode: 1 symDur: 4000 snrDb 30 bitPerTone: 4500 rate: 54 throughput: 11
04-22 06:07:23.483 D/WifiThroughputPredictor(  683):  utilization (LLS) 80 isBluetoothConnected: false final utilization: 80
04-22 06:07:23.483 D/WifiThroughputPredictor(  683):  BW: 0 RSSI: -50 Nss: 1 Mode: 1 symDur: 4000 snrDb 30 bitPerTone: 4500 rate: 54 throughput: 11
04-22 06:07:23.483 D/WifiThroughputPredictor(  683):  utilization (LLS) 80 isBluetoothConnected: false final utilization: 80
04-22 06:07:23.483 D/WifiThroughputPredictor(  683):  BW: 0 RSSI: -50 Nss: 1 Mode: 1 symDur: 4000 snrDb 30 bitPerTone: 4500 rate: 54 throughput: 11
04-22 06:07:23.483 D/WifiThroughputPredictor(  683):  utilization (LLS) 80 isBluetoothConnected: false final utilization: 80
04-22 06:07:23.483 D/WifiThroughputPredictor(  683):  BW: 0 RSSI: -50 Nss: 1 Mode: 1 symDur: 4000 snrDb 30 bitPerTone: 4500 rate: 54 throughput: 11
04-22 06:07:23.483 D/WifiScoreCard(  683): BSSID update SIGNAL_POLL ID: 261501600 SSID: "AndroidWifi", BSSID: 00:13:10:85:fe:01, MAC: 02:15:b4:00:00:00, IP: /10.0.2.17, Security type: 0, Supplicant state: COMPLETED, Wi-Fi standard: legacy, RSSI: -50, Link speed: 2Mbps, Tx Link speed: 2Mbps, Max Supported Tx Link speed: 11Mbps, Rx Link speed: 2Mbps, Max Supported Rx Link speed: 11Mbps, Frequency: 2447MHz, Net ID: 0, Metered hint: false, score: 60, isUsable: true, CarrierMerged: false, SubscriptionId: -1, IsPrimary: 1, Trusted: true, Restricted: false, Ephemeral: false, OEM paid: false, OEM private: false, OSU AP: false, FQDN: <none>, Provider friendly name: <none>, Requesting package name: <none>"AndroidWifi"openMLO Information: , Is TID-To-Link negotiation supported by the AP: false, AP MLD Address: <none>, AP MLO Link Id: <none>, AP MLO Affiliated links: <none>, Vendor Data: <none>
04-22 06:07:23.483 D/WifiScoreCard(  683): txRate: 2 txSpeed: 2
04-22 06:07:23.483 D/WifiScoreCard(  683): network update SIGNAL_POLL "AndroidWifi" ID: 579418950 RSSI -50 txSpeed -1
04-22 06:07:23.484 D/WifiClientModeImpl[9769:wlan0](  683):  ClientModeImpl$L2ConnectedState screen=on 1 0 "AndroidWifi" 00:13:10:85:fe:01 rssi=-50 f=2447 sc=60 link=2 tx=1.2, 0.0, 0.0 rx=1.3 bcn=0 [on:0 tx:0 rx:0 period:3005] from screen [on:0 period:-1307217060] score=60
04-22 06:07:26.488 W/BestClock(  683): java.time.DateTimeException: No network time available
04-22 06:07:26.489 W/BestClock(  683): java.time.DateTimeException: No network time available
04-22 06:07:26.489 W/BestClock(  683): java.time.DateTimeException: No network time available
04-22 06:07:26.489 W/BestClock(  683): java.time.DateTimeException: No network time available
04-22 06:07:26.489 W/BestClock(  683): java.time.DateTimeException: No network time available
04-22 06:07:26.490 D/WifiClientModeImpl[9769:wlan0](  683): updateLinkLayerStatsRssiSpeedFrequencyCapabilities rssi=-50 TxLinkspeed=2 freq=2447 RxLinkSpeed=2
04-22 06:07:26.490 D/WifiDataStall(  683): tx tput in kbps: 11000
04-22 06:07:26.490 D/WifiDataStall(  683): rx tput in kbps: 11000
04-22 06:07:26.490 V/WifiConfigManager(  683): Updating scan detail cache freq=2447 BSSID=00:13:10:85:fe:01 RSSI=-50 for "AndroidWifi"NONE
04-22 06:07:26.490 D/WifiThroughputPredictor(  683):  utilization (LLS) 80 isBluetoothConnected: false final utilization: 80
04-22 06:07:26.490 D/WifiThroughputPredictor(  683):  BW: 0 RSSI: -50 Nss: 1 Mode: 1 symDur: 4000 snrDb 30 bitPerTone: 4500 rate: 54 throughput: 11
04-22 06:07:26.490 D/WifiThroughputPredictor(  683):  utilization (LLS) 80 isBluetoothConnected: false final utilization: 80
04-22 06:07:26.490 D/WifiThroughputPredictor(  683):  BW: 0 RSSI: -50 Nss: 1 Mode: 1 symDur: 4000 snrDb 30 bitPerTone: 4500 rate: 54 throughput: 11
04-22 06:07:26.490 D/WifiThroughputPredictor(  683):  utilization (LLS) 80 isBluetoothConnected: false final utilization: 80
04-22 06:07:26.490 D/WifiThroughputPredictor(  683):  BW: 0 RSSI: -50 Nss: 1 Mode: 1 symDur: 4000 snrDb 30 bitPerTone: 4500 rate: 54 throughput: 11
04-22 06:07:26.490 D/WifiThroughputPredictor(  683):  utilization (LLS) 80 isBluetoothConnected: false final utilization: 80
04-22 06:07:26.490 D/WifiThroughputPredictor(  683):  BW: 0 RSSI: -50 Nss: 1 Mode: 1 symDur: 4000 snrDb 30 bitPerTone: 4500 rate: 54 throughput: 11
04-22 06:07:26.490 D/WifiScoreCard(  683): BSSID update SIGNAL_POLL ID: 261501600 SSID: "AndroidWifi", BSSID: 00:13:10:85:fe:01, MAC: 02:15:b4:00:00:00, IP: /10.0.2.17, Security type: 0, Supplicant state: COMPLETED, Wi-Fi standard: legacy, RSSI: -50, Link speed: 2Mbps, Tx Link speed: 2Mbps, Max Supported Tx Link speed: 11Mbps, Rx Link speed: 2Mbps, Max Supported Rx Link speed: 11Mbps, Frequency: 2447MHz, Net ID: 0, Metered hint: false, score: 60, isUsable: true, CarrierMerged: false, SubscriptionId: -1, IsPrimary: 1, Trusted: true, Restricted: false, Ephemeral: false, OEM paid: false, OEM private: false, OSU AP: false, FQDN: <none>, Provider friendly name: <none>, Requesting package name: <none>"AndroidWifi"openMLO Information: , Is TID-To-Link negotiation supported by the AP: false, AP MLD Address: <none>, AP MLO Link Id: <none>, AP MLO Affiliated links: <none>, Vendor Data: <none>
04-22 06:07:26.490 D/WifiScoreCard(  683): txRate: 1 txSpeed: 2
04-22 06:07:26.490 D/WifiScoreCard(  683): network update SIGNAL_POLL "AndroidWifi" ID: 579418950 RSSI -50 txSpeed -1
04-22 06:07:26.490 D/WifiClientModeImpl[9769:wlan0](  683):  ClientModeImpl$L2ConnectedState screen=on 1 0 "AndroidWifi" 00:13:10:85:fe:01 rssi=-50 f=2447 sc=60 link=2 tx=0.4, 0.0, 0.0 rx=0.5 bcn=0 [on:0 tx:0 rx:0 period:3006] from screen [on:0 period:-1307214054] score=60
04-22 06:07:27.110 I/ReactNativeJS( 4898): '[runtime-state-sync-apply]', '{"direction":"master-to-slave","incomingSliceNames":["kernel.base.tdp-sync-runtime-v2.hot-update"],"appliedSliceNames":["kernel.base.tdp-sync-runtime-v2.hot-update"],"skippedSliceReasons":[]}'
04-22 06:07:27.112 I/assembly.assembly.android.mixc-retail-rn84( 4898): [assembly.topology] Native topology host already matches desired lifecycle state {"displayCount":1,"displayIndex":0,"deviceId":"ZJ63NQELD9","instanceMode":"SLAVE","enableSlave":false,"running":false,"reason":"not-master-or-single-primary-host"}
04-22 06:07:27.113 I/assembly.assembly.android.mixc-retail-rn84( 4898): [assembly.topology] Native topology host already matches desired lifecycle state {"displayCount":1,"displayIndex":0,"deviceId":"ZJ63NQELD9","instanceMode":"SLAVE","enableSlave":false,"running":false,"reason":"not-master-or-single-primary-host"}
04-22 06:07:27.113 I/assembly.assembly.android.mixc-retail-rn84( 4898): [assembly.topology] Native topology host already matches desired lifecycle state {"displayCount":1,"displayIndex":0,"deviceId":"ZJ63NQELD9","instanceMode":"SLAVE","enableSlave":false,"running":false,"reason":"not-master-or-single-primary-host"}
04-22 06:07:27.113 I/assembly.assembly.android.mixc-retail-rn84( 4898): [assembly.topology] Native topology host already matches desired lifecycle state {"displayCount":1,"displayIndex":0,"deviceId":"ZJ63NQELD9","instanceMode":"SLAVE","enableSlave":false,"running":false,"reason":"not-master-or-single-primary-host"}
04-22 06:07:27.115 I/MMKV    ( 4898): <MMKV_IO.cpp:609::writeActualSize> [mixc-retail-assembly-rn84::state] increase sequence to 35, crc 1204330199, actualSize 27627
04-22 06:07:27.115 I/MMKV    ( 4898): <MMKV.cpp:1208::sync> MMKV::sync, SyncFlag = 1
04-22 06:07:27.119 I/MMKV    ( 4898): <MMKV_IO.cpp:609::writeActualSize> [mixc-retail-assembly-rn84::state] increase sequence to 36, crc 544733286, actualSize 27627
04-22 06:07:27.119 I/MMKV    ( 4898): <MMKV.cpp:1208::sync> MMKV::sync, SyncFlag = 1
04-22 06:07:27.631 D/SatelliteController( 1086): iisInCarrierRoamingNbIotNtn: satellite is disabled
04-22 06:07:27.913 D/NetworkMonitor/101( 1052): PROBE_HTTPS https://www.google.com/generate_204 Probe failed with exception javax.net.ssl.SSLHandshakeException: connection closed
04-22 06:07:27.914 D/NetworkMonitor/101( 1052): isCaptivePortal: isSuccessful()=false isPortal()=false RedirectUrl=null isPartialConnectivity()=true Time=10524ms
04-22 06:07:27.915 D/ConnectivityService(  683): [101 WIFI] validation failed
04-22 06:07:28.344 D/wpa_supplicant(  938): nl80211: Drv Event 64 (NL80211_CMD_NOTIFY_CQM) received for wlan0
04-22 06:07:28.344 D/wpa_supplicant(  938): nl80211: Beacon loss event
04-22 06:07:28.344 D/wpa_supplicant(  938): wlan0: Event BEACON_LOSS (53) received
04-22 06:07:28.344 I/wpa_supplicant(  938): wlan0: CTRL-EVENT-BEACON-LOSS 
04-22 06:07:29.493 W/BestClock(  683): java.time.DateTimeException: No network time available
04-22 06:07:29.493 W/BestClock(  683): java.time.DateTimeException: No network time available
04-22 06:07:29.494 W/BestClock(  683): java.time.DateTimeException: No network time available
04-22 06:07:29.494 W/BestClock(  683): java.time.DateTimeException: No network time available
04-22 06:07:29.495 W/BestClock(  683): java.time.DateTimeException: No network time available
04-22 06:07:29.495 D/WifiClientModeImpl[9769:wlan0](  683): updateLinkLayerStatsRssiSpeedFrequencyCapabilities rssi=-50 TxLinkspeed=1 freq=2447 RxLinkSpeed=2
04-22 06:07:29.496 D/WifiDataStall(  683): tx tput in kbps: 11000
04-22 06:07:29.496 D/WifiDataStall(  683): rx tput in kbps: 11000
04-22 06:07:29.497 V/WifiConfigManager(  683): Updating scan detail cache freq=2447 BSSID=00:13:10:85:fe:01 RSSI=-50 for "AndroidWifi"NONE
04-22 06:07:29.497 D/WifiThroughputPredictor(  683):  utilization (LLS) 80 isBluetoothConnected: false final utilization: 80
04-22 06:07:29.497 D/WifiThroughputPredictor(  683):  BW: 0 RSSI: -50 Nss: 1 Mode: 1 symDur: 4000 snrDb 30 bitPerTone: 4500 rate: 54 throughput: 11
04-22 06:07:29.497 D/WifiThroughputPredictor(  683):  utilization (LLS) 80 isBluetoothConnected: false final utilization: 80
04-22 06:07:29.497 D/WifiThroughputPredictor(  683):  BW: 0 RSSI: -50 Nss: 1 Mode: 1 symDur: 4000 snrDb 30 bitPerTone: 4500 rate: 54 throughput: 11
04-22 06:07:29.497 D/WifiThroughputPredictor(  683):  utilization (LLS) 80 isBluetoothConnected: false final utilization: 80
04-22 06:07:29.497 D/WifiThroughputPredictor(  683):  BW: 0 RSSI: -50 Nss: 1 Mode: 1 symDur: 4000 snrDb 30 bitPerTone: 4500 rate: 54 throughput: 11
04-22 06:07:29.497 D/WifiThroughputPredictor(  683):  utilization (LLS) 80 isBluetoothConnected: false final utilization: 80
04-22 06:07:29.497 D/WifiThroughputPredictor(  683):  BW: 0 RSSI: -50 Nss: 1 Mode: 1 symDur: 4000 snrDb 30 bitPerTone: 4500 rate: 54 throughput: 11
04-22 06:07:29.497 D/WifiScoreCard(  683): BSSID update SIGNAL_POLL ID: 261501600 SSID: "AndroidWifi", BSSID: 00:13:10:85:fe:01, MAC: 02:15:b4:00:00:00, IP: /10.0.2.17, Security type: 0, Supplicant state: COMPLETED, Wi-Fi standard: legacy, RSSI: -50, Link speed: 1Mbps, Tx Link speed: 1Mbps, Max Supported Tx Link speed: 11Mbps, Rx Link speed: 2Mbps, Max Supported Rx Link speed: 11Mbps, Frequency: 2447MHz, Net ID: 0, Metered hint: false, score: 60, isUsable: true, CarrierMerged: false, SubscriptionId: -1, IsPrimary: 1, Trusted: true, Restricted: false, Ephemeral: false, OEM paid: false, OEM private: false, OSU AP: false, FQDN: <none>, Provider friendly name: <none>, Requesting package name: <none>"AndroidWifi"openMLO Information: , Is TID-To-Link negotiation supported by the AP: false, AP MLD Address: <none>, AP MLO Link Id: <none>, AP MLO Affiliated links: <none>, Vendor Data: <none>
04-22 06:07:29.497 D/WifiScoreCard(  683): txRate: 3 txSpeed: 1
04-22 06:07:29.497 D/WifiScoreCard(  683): network update SIGNAL_POLL "AndroidWifi" ID: 579418950 RSSI -50 txSpeed -1
04-22 06:07:29.498 D/WifiClientModeImpl[9769:wlan0](  683):  ClientModeImpl$L2ConnectedState screen=on 1 0 "AndroidWifi" 00:13:10:85:fe:01 rssi=-50 f=2447 sc=60 link=1 tx=2.2, 0.0, 0.0 rx=1.8 bcn=0 [on:0 tx:0 rx:0 period:3007] from screen [on:0 period:-1307211046] score=60
04-22 06:07:32.153 I/assembly.assembly.android.mixc-retail-rn84( 4898): [assembly.topology] Native topology host already matches desired lifecycle state {"displayCount":1,"displayIndex":0,"deviceId":"ZJ63NQELD9","instanceMode":"SLAVE","enableSlave":false,"running":false,"reason":"not-master-or-single-primary-host"}
04-22 06:07:32.153 I/assembly.assembly.android.mixc-retail-rn84.hot-update.PrepareHotUpdateRestart( 4898): [assembly.hot-update] Preparing hot update restart countdown {"releaseId":"release_ecfc9ic8c8uq","packageId":"pkg_rivm57kih3nu","bundleVersion":"1.0.0+ota.3","mode":"immediate","overlayId":"assembly.hot-update.progress","countdownSeconds":3}
04-22 06:07:32.155 I/assembly.assembly.android.mixc-retail-rn84( 4898): [assembly.topology] Native topology host already matches desired lifecycle state {"displayCount":1,"displayIndex":0,"deviceId":"ZJ63NQELD9","instanceMode":"SLAVE","enableSlave":false,"running":false,"reason":"not-master-or-single-primary-host"}
04-22 06:07:32.156 I/assembly.assembly.android.mixc-retail-rn84( 4898): [assembly.topology] Native topology host already matches desired lifecycle state {"displayCount":1,"displayIndex":0,"deviceId":"ZJ63NQELD9","instanceMode":"SLAVE","enableSlave":false,"running":false,"reason":"not-master-or-single-primary-host"}
04-22 06:07:32.156 I/assembly.assembly.android.mixc-retail-rn84.hot-update.PrepareHotUpdateRestart( 4898): [assembly.hot-update] Hot update progress overlay opened {"overlayId":"assembly.hot-update.progress"}
04-22 06:07:32.156 I/assembly.assembly.android.mixc-retail-rn84( 4898): [assembly.topology] Native topology host already matches desired lifecycle state {"displayCount":1,"displayIndex":0,"deviceId":"ZJ63NQELD9","instanceMode":"SLAVE","enableSlave":false,"running":false,"reason":"not-master-or-single-primary-host"}
04-22 06:07:32.156 I/assembly.assembly.android.mixc-retail-rn84( 4898): [assembly.topology] Native topology host already matches desired lifecycle state {"displayCount":1,"displayIndex":0,"deviceId":"ZJ63NQELD9","instanceMode":"SLAVE","enableSlave":false,"running":false,"reason":"not-master-or-single-primary-host"}
04-22 06:07:32.159 I/MMKV    ( 4898): <MMKV_IO.cpp:609::writeActualSize> [mixc-retail-assembly-rn84::state] increase sequence to 37, crc 3726556771, actualSize 28084
04-22 06:07:32.159 I/MMKV    ( 4898): <MMKV.cpp:1208::sync> MMKV::sync, SyncFlag = 1
04-22 06:07:32.163 I/MMKV    ( 4898): <MMKV_IO.cpp:609::writeActualSize> [mixc-retail-assembly-rn84::state] increase sequence to 38, crc 671225592, actualSize 29369
04-22 06:07:32.163 I/MMKV    ( 4898): <MMKV.cpp:1208::sync> MMKV::sync, SyncFlag = 1
04-22 06:07:32.168 I/MMKV    ( 4898): <MMKV_IO.cpp:609::writeActualSize> [mixc-retail-assembly-rn84::state] increase sequence to 39, crc 923648378, actualSize 29369
04-22 06:07:32.168 I/MMKV    ( 4898): <MMKV.cpp:1208::sync> MMKV::sync, SyncFlag = 1
04-22 06:07:32.178 I/MMKV    ( 4898): <MMKV_IO.cpp:609::writeActualSize> [mixc-retail-assembly-rn84::state] increase sequence to 40, crc 1536541076, actualSize 29369
04-22 06:07:32.178 I/MMKV    ( 4898): <MMKV.cpp:1208::sync> MMKV::sync, SyncFlag = 1
04-22 06:07:32.437 I/netd    (  459): setProcSysNet(4, 2, wlan0, retrans_time_ms, 750) <0.07ms>
04-22 06:07:32.438 I/netd    (  459): setProcSysNet(4, 2, wlan0, ucast_solicit, 10) <0.02ms>
04-22 06:07:32.438 I/netd    (  459): setProcSysNet(6, 2, wlan0, retrans_time_ms, 750) <0.05ms>
04-22 06:07:32.438 I/netd    (  459): setProcSysNet(6, 2, wlan0, ucast_solicit, 10) <0.02ms>
04-22 06:07:32.502 W/BestClock(  683): java.time.DateTimeException: No network time available
04-22 06:07:32.502 W/BestClock(  683): java.time.DateTimeException: No network time available
04-22 06:07:32.502 W/BestClock(  683): java.time.DateTimeException: No network time available
04-22 06:07:32.502 W/BestClock(  683): java.time.DateTimeException: No network time available
04-22 06:07:32.503 W/BestClock(  683): java.time.DateTimeException: No network time available
04-22 06:07:32.503 D/WifiClientModeImpl[9769:wlan0](  683): updateLinkLayerStatsRssiSpeedFrequencyCapabilities rssi=-50 TxLinkspeed=1 freq=2447 RxLinkSpeed=2
04-22 06:07:32.503 D/WifiDataStall(  683): tx tput in kbps: 11000
04-22 06:07:32.503 D/WifiDataStall(  683): rx tput in kbps: 11000
04-22 06:07:32.503 V/WifiConfigManager(  683): Updating scan detail cache freq=2447 BSSID=00:13:10:85:fe:01 RSSI=-50 for "AndroidWifi"NONE
04-22 06:07:32.503 D/WifiThroughputPredictor(  683):  utilization (LLS) 80 isBluetoothConnected: false final utilization: 80
04-22 06:07:32.503 D/WifiThroughputPredictor(  683):  BW: 0 RSSI: -50 Nss: 1 Mode: 1 symDur: 4000 snrDb 30 bitPerTone: 4500 rate: 54 throughput: 11
04-22 06:07:32.503 D/WifiThroughputPredictor(  683):  utilization (LLS) 80 isBluetoothConnected: false final utilization: 80
04-22 06:07:32.503 D/WifiThroughputPredictor(  683):  BW: 0 RSSI: -50 Nss: 1 Mode: 1 symDur: 4000 snrDb 30 bitPerTone: 4500 rate: 54 throughput: 11
04-22 06:07:32.504 D/WifiThroughputPredictor(  683):  utilization (LLS) 80 isBluetoothConnected: false final utilization: 80
04-22 06:07:32.504 D/WifiThroughputPredictor(  683):  BW: 0 RSSI: -50 Nss: 1 Mode: 1 symDur: 4000 snrDb 30 bitPerTone: 4500 rate: 54 throughput: 11
04-22 06:07:32.504 D/WifiThroughputPredictor(  683):  utilization (LLS) 80 isBluetoothConnected: false final utilization: 80
04-22 06:07:32.504 D/WifiThroughputPredictor(  683):  BW: 0 RSSI: -50 Nss: 1 Mode: 1 symDur: 4000 snrDb 30 bitPerTone: 4500 rate: 54 throughput: 11
04-22 06:07:32.504 D/WifiScoreCard(  683): BSSID update SIGNAL_POLL ID: 261501600 SSID: "AndroidWifi", BSSID: 00:13:10:85:fe:01, MAC: 02:15:b4:00:00:00, IP: /10.0.2.17, Security type: 0, Supplicant state: COMPLETED, Wi-Fi standard: legacy, RSSI: -50, Link speed: 1Mbps, Tx Link speed: 1Mbps, Max Supported Tx Link speed: 11Mbps, Rx Link speed: 2Mbps, Max Supported Rx Link speed: 11Mbps, Frequency: 2447MHz, Net ID: 0, Metered hint: false, score: 60, isUsable: true, CarrierMerged: false, SubscriptionId: -1, IsPrimary: 1, Trusted: true, Restricted: false, Ephemeral: false, OEM paid: false, OEM private: false, OSU AP: false, FQDN: <none>, Provider friendly name: <none>, Requesting package name: <none>"AndroidWifi"openMLO Information: , Is TID-To-Link negotiation supported by the AP: false, AP MLD Address: <none>, AP MLO Link Id: <none>, AP MLO Affiliated links: <none>, Vendor Data: <none>
04-22 06:07:32.504 D/WifiScoreCard(  683): txRate: 2 txSpeed: 1
04-22 06:07:32.504 D/WifiScoreCard(  683): network update SIGNAL_POLL "AndroidWifi" ID: 579418950 RSSI -50 txSpeed -1
04-22 06:07:32.504 D/WifiClientModeImpl[9769:wlan0](  683):  ClientModeImpl$L2ConnectedState screen=on 1 0 "AndroidWifi" 00:13:10:85:fe:01 rssi=-50 f=2447 sc=60 link=1 tx=1.0, 0.0, 0.0 rx=1.1 bcn=0 [on:0 tx:0 rx:0 period:3006] from screen [on:0 period:-1307208040] score=60
04-22 06:07:33.133 W/BestClock(  683): java.time.DateTimeException: No network time available
04-22 06:07:33.150 I/netd    (  459): tetherGetStats() -> {[]} <1.10ms>
04-22 06:07:33.152 W/BestClock(  683): java.time.DateTimeException: No network time available
04-22 06:07:33.152 I/netd    (  459): bandwidthSetGlobalAlert(2097152) <0.14ms>
04-22 06:07:33.153 W/BestClock(  683): java.time.DateTimeException: No network time available
04-22 06:07:33.153 W/BestClock(  683): java.time.DateTimeException: No network time available
04-22 06:07:33.153 W/BestClock(  683): java.time.DateTimeException: No network time available
04-22 06:07:33.154 I/netd    (  459): bandwidthRemoveInterfaceQuota(eth0) <0.70ms>
04-22 06:07:33.156 I/netd    (  459): bandwidthSetInterfaceQuota(eth0, 9223372036854775807) <1.14ms>
04-22 06:07:33.157 W/BestClock(  683): java.time.DateTimeException: No network time available
04-22 06:07:33.160 W/BestClock(  683): java.time.DateTimeException: No network time available
04-22 06:07:33.160 W/BestClock(  683): java.time.DateTimeException: No network time available
04-22 06:07:33.160 W/BestClock(  683): java.time.DateTimeException: No network time available
04-22 06:07:33.161 W/BestClock(  683): java.time.DateTimeException: No network time available
04-22 06:07:33.161 D/NetworkStatsObservers(  683): Registering observer for RequestInfo from pid/uid:683/1000(android) for DataUsageRequest [ requestId=26, networkTemplate=NetworkTemplate: matchRule=MOBILE, matchSubscriberIds=[310260...], matchWifiNetworkKeys=[], metered=YES, defaultNetwork=NO, thresholdInBytes=3462858 ] accessLevel:3
04-22 06:07:33.161 D/NetworkStatsObservers(  683): Unregistering RequestInfo from pid/uid:683/1000(android) for DataUsageRequest [ requestId=25, networkTemplate=NetworkTemplate: matchRule=MOBILE, matchSubscriberIds=[310260...], matchWifiNetworkKeys=[], metered=YES, defaultNetwork=NO, thresholdInBytes=3475678 ] accessLevel:3
04-22 06:07:33.162 W/BestClock(  683): java.time.DateTimeException: No network time available
04-22 06:07:33.182 I/netd    (  459): tetherGetStats() -> {[]} <0.27ms>
04-22 06:07:33.182 W/BestClock(  683): java.time.DateTimeException: No network time available
04-22 06:07:35.158 I/assembly.assembly.android.mixc-retail-rn84.hot-update.PrepareHotUpdateRestart( 4898): [assembly.hot-update] Hot update progress countdown finished {"overlayId":"assembly.hot-update.progress"}
04-22 06:07:35.160 I/assembly.assembly.android.mixc-retail-rn84( 4898): [assembly.topology] Native topology host already matches desired lifecycle state {"displayCount":1,"displayIndex":0,"deviceId":"ZJ63NQELD9","instanceMode":"SLAVE","enableSlave":false,"running":false,"reason":"not-master-or-single-primary-host"}
04-22 06:07:35.160 I/assembly.assembly.android.mixc-retail-rn84.hot-update.PrepareHotUpdateRestart( 4898): [assembly.hot-update] Dispatched hot update progress overlay close command {"overlayId":"assembly.hot-update.progress"}
04-22 06:07:35.160 I/assembly.assembly.android.mixc-retail-rn84.hot-update.PrepareHotUpdateRestart( 4898): [assembly.hot-update] Hot update progress overlay removed before restart {"overlayId":"assembly.hot-update.progress"}
04-22 06:07:35.161 I/StartupAudit( 4898): restart_requested hasSecondary=false pid=4898 time=2026-04-22 06:07:35.161
04-22 06:07:35.162 I/HotUpdateBundleResolver( 4898): bundle_resolved source=restart-peek bundleFile=/data/user/0/com.impos2.mixcretailassemblyrn84/files/hot-updates/packages/pkg_rivm57kih3nu/index.android.bundle bundleVersion=1.0.0+ota.3 packageId=pkg_rivm57kih3nu bootAttempt=0 pid=4898
04-22 06:07:35.162 I/StartupAudit( 4898): hot_update_process_relaunch_requested bundleFile=/data/user/0/com.impos2.mixcretailassemblyrn84/files/hot-updates/packages/pkg_rivm57kih3nu/index.android.bundle pid=4898 time=2026-04-22 06:07:35.162
04-22 06:07:35.163 I/assembly.assembly.android.mixc-retail-rn84( 4898): [assembly.topology] Native topology host already matches desired lifecycle state {"displayCount":1,"displayIndex":0,"deviceId":"ZJ63NQELD9","instanceMode":"SLAVE","enableSlave":false,"running":false,"reason":"not-master-or-single-primary-host"}
04-22 06:07:35.164 V/GrammaticalInflectionUtils(  683): AttributionSource: AttributionSource { uid = 10214, packageName = null, attributionTag = null, token = android.os.Binder@d3d534, deviceId = 0, next = null } does not have READ_SYSTEM_GRAMMATICAL_GENDER permission.
--------- beginning of system
04-22 06:07:35.164 W/OptProp (  683): Cannot read opt property android.window.PROPERTY_COMPAT_ALLOW_USER_ASPECT_RATIO_OVERRIDE
04-22 06:07:35.164 W/OptProp (  683): Cannot read opt property android.window.PROPERTY_COMPAT_ALLOW_USER_ASPECT_RATIO_FULLSCREEN_OVERRIDE
04-22 06:07:35.164 W/OptProp (  683): Cannot read opt property android.window.PROPERTY_COMPAT_ALLOW_RESIZEABLE_ACTIVITY_OVERRIDES
04-22 06:07:35.164 W/OptProp (  683): Cannot read opt property android.window.PROPERTY_COMPAT_ALLOW_MIN_ASPECT_RATIO_OVERRIDE
04-22 06:07:35.165 W/OptProp (  683): Cannot read opt property android.window.PROPERTY_COMPAT_ALLOW_ORIENTATION_OVERRIDE
04-22 06:07:35.167 V/WindowManagerShell(  957): Transition requested (#202): android.os.BinderProxy@c1bc068 TransitionRequestInfo { type = OPEN, triggerTask = TaskInfo{userId=0 taskId=49 effectiveUid=10214 displayId=0 isRunning=true baseIntent=Intent { flg=0x10000000 cmp=com.impos2.mixcretailassemblyrn84/.MainActivity } baseActivity=ComponentInfo{com.impos2.mixcretailassemblyrn84/com.impos2.mixcretailassemblyrn84.MainActivity} topActivity=ComponentInfo{com.impos2.mixcretailassemblyrn84/com.impos2.mixcretailassemblyrn84.MainActivity} origActivity=null realActivity=ComponentInfo{com.impos2.mixcretailassemblyrn84/com.impos2.mixcretailassemblyrn84.MainActivity} numActivities=1 lastActiveTime=34712708 supportsMultiWindow=true resizeMode=1 isResizeable=true minWidth=-1 minHeight=-1 defaultMinSize=220 token=WCT{android.window.IWindowContainerToken$Stub$Proxy@4e0cc81} topActivityType=1 pictureInPictureParams=null shouldDockBigOverlays=false launchIntoPipHostTaskId=-1 lastParentTaskIdBeforePip=-1 displayCutoutSafeInsets=Rect(0, 0 - 0, 0) topActivityInfo=ActivityInfo{ecc9126 com.impos2.mixcretailassemblyrn84.MainActivity} launchCookies=[] positionInParent=Point(0, 0) parentTaskId=-1 isFocused=true isVisible=true isVisibleRequested=false isTopActivityNoDisplay=false isSleeping=false locusId=null displayAreaFeatureId=1 isTopActivityTransparent=false isActivityStackTransparent=false lastNonFullscreenBounds=Rect(892, 102 - 1668, 1482) capturedLink=null capturedLinkTimestamp=0 requestedVisibleTypes=-9 topActivityRequestOpenInBrowserEducationTimestamp=0 appCompatTaskInfo=AppCompatTaskInfo { topActivityInSizeCompat=false eligibleForLetterboxEducation= false isLetterboxEducationEnabled= true isLetterboxDoubleTapEnabled= false eligibleForUserAspectRatioButton= true topActivityBoundsLetterboxed= false isFromLetterboxDoubleTap= false topActivityLetterboxVerticalPosition= -1 topActivityLetterboxHorizontalPosition= -1 topActivityLetterboxWidth=-1 topActivityLetterboxHeight=-1 topActivityAppBounds=Rect(0, 0 - 2560, 1600) isUserFullscreenOverrideEnabled=false isSystemFullscreenOverrideEnabled=false hasMinAspectRatioOverride=false topActivityLetterboxBounds=null cameraCompatTaskInfo=CameraCompatTaskInfo { freeformCameraCompatMode=inactive}} topActivityMainWindowFrame=null}, pipChange = null, remoteTransition = null, displayChange = null, flags = 0, debugId = 202 }
04-22 06:07:35.167 D/ShellSplitScreen(  957): logExit: no-op, mLoggerSessionId is null
04-22 06:07:35.167 I/ActivityTaskManager(  683): START u0 {act=android.intent.action.MAIN cat=[android.intent.category.LAUNCHER] flg=0x10008000 xflg=0x4 pkg=com.impos2.mixcretailassemblyrn84 cmp=com.impos2.mixcretailassemblyrn84/.MainActivity} with LAUNCH_SINGLE_TASK from uid 10214 (sr=61582406) (BAL_ALLOW_VISIBLE_WINDOW) result code=0
04-22 06:07:35.167 W/ActivityTaskManager(  683): Duplicate finish request for r=ActivityRecord{61582406 u0 com.impos2.mixcretailassemblyrn84/.MainActivity t49 f}}
04-22 06:07:35.167 I/AppRestartManager( 4898): Exiting current process for hot update relaunch
04-22 06:07:35.168 D/CompatChangeReporter(  683): Compat change id reported: 377864165; UID 10214; state: ENABLED
04-22 06:07:35.168 I/ailassemblyrn84( 4898): System.exit called, status: 0
04-22 06:07:35.168 I/AndroidRuntime( 4898): VM exiting with result code 0, cleanup skipped.
04-22 06:07:35.169 D/SplashScreenView(  957): Build android.window.SplashScreenView{b207b14 V.E...... ......ID 0,0-0,0}
04-22 06:07:35.169 D/SplashScreenView(  957): Icon: view: null drawable: null size: 0
04-22 06:07:35.169 D/SplashScreenView(  957): Branding: view: android.view.View{7ccafbd G.ED..... ......I. 0,0-0,0 #1020541 android:id/splashscreen_branding_view} drawable: null size w: 0 h: 0
04-22 06:07:35.171 D/BackgroundInstallControlService(  683): Package event received: 0
04-22 06:07:35.171 W/IPCThreadState(  582): Sending oneway calls to frozen process.
04-22 06:07:35.171 D/BackgroundInstallControlService(  683): Package event received: 0
04-22 06:07:35.171 W/ndroid.systemui(  957): Missing inline cache for void com.android.wm.shell.transition.Transitions$ShellTransitionImpl$$ExternalSyntheticLambda1.run()
04-22 06:07:35.173 I/BpBinder(  515): onLastStrongRef automatically unlinking death recipients: 
04-22 06:07:35.175 W/OptProp (  683): Cannot read opt property android.window.PROPERTY_COMPAT_ALLOW_DISPLAY_ORIENTATION_OVERRIDE
04-22 06:07:35.183 W/InputDispatcher(  683): channel '757c0ad com.impos2.mixcretailassemblyrn84/com.impos2.mixcretailassemblyrn84.MainActivity' ~ Consumer closed input channel or an error occurred.  events=0x9
04-22 06:07:35.183 E/InputDispatcher(  683): channel '757c0ad com.impos2.mixcretailassemblyrn84/com.impos2.mixcretailassemblyrn84.MainActivity' ~ Channel is unrecoverably broken and will be disposed!
04-22 06:07:35.183 I/WindowManager(  683): WINDOW DIED Window{757c0ad u0 com.impos2.mixcretailassemblyrn84/com.impos2.mixcretailassemblyrn84.MainActivity}
04-22 06:07:35.183 I/ActivityManager(  683): Process com.impos2.mixcretailassemblyrn84 (pid 4898) has died: fg  TOP 
04-22 06:07:35.183 I/Zygote  (  462): Process 4898 exited cleanly (0)
04-22 06:07:35.184 I/WindowManager(  683): WIN DEATH: Window{757c0ad u0 com.impos2.mixcretailassemblyrn84/com.impos2.mixcretailassemblyrn84.MainActivity EXITING}
04-22 06:07:35.184 I/ImeTracker(  683): com.impos2.mixcretailassemblyrn84:234ea43f: onRequestHide at ORIGIN_SERVER reason HIDE_REMOVE_CLIENT fromUser false
04-22 06:07:35.184 I/ImeTracker(  683): com.impos2.mixcretailassemblyrn84:234ea43f: onCancelled at PHASE_SERVER_SHOULD_HIDE
04-22 06:07:35.185 D/InetDiagMessage(  683): Destroyed 0 sockets, proto=IPPROTO_TCP, family=AF_INET, states=14
04-22 06:07:35.185 D/InetDiagMessage(  683): Destroyed 0 sockets, proto=IPPROTO_TCP, family=AF_INET6, states=14
