04-22 06:07:35.185 D/InetDiagMessage(  683): Destroyed live tcp sockets for uids={10214} in 1ms
04-22 06:07:35.185 D/InetDiagMessage(  683): Destroyed 0 sockets, proto=IPPROTO_TCP, family=AF_INET, states=14
04-22 06:07:35.185 D/InetDiagMessage(  683): Destroyed 0 sockets, proto=IPPROTO_TCP, family=AF_INET6, states=14
04-22 06:07:35.185 D/InetDiagMessage(  683): Destroyed live tcp sockets for uids={20214} in 0ms
04-22 06:07:35.186 W/ActivityManager(  683): setHasOverlayUi called on unknown pid: 4898
04-22 06:07:35.187 V/GrammaticalInflectionUtils(  683): AttributionSource: AttributionSource { uid = 10214, packageName = null, attributionTag = null, token = android.os.Binder@d3d534, deviceId = 0, next = null } does not have READ_SYSTEM_GRAMMATICAL_GENDER permission.
04-22 06:07:35.187 D/BackgroundInstallControlService(  683): Package event received: 0
04-22 06:07:35.188 I/libprocessgroup(  683): Removed cgroup /sys/fs/cgroup/apps/uid_10214/pid_4898
04-22 06:07:35.189 I/netd    (  459): tetherGetStats() -> {[]} <0.62ms>
04-22 06:07:35.191 V/WindowManager(  683): Unknown focus tokens, dropping reportFocusChanged
04-22 06:07:35.195 D/Zygote  (  462): Forked child process 5728
04-22 06:07:35.195 I/ActivityManager(  683): Start proc 5728:com.impos2.mixcretailassemblyrn84/u0a214 for top-activity {com.impos2.mixcretailassemblyrn84/com.impos2.mixcretailassemblyrn84.MainActivity}
04-22 06:07:35.196 I/ActivityManager(  683): ProcessObserver broadcast disabled
04-22 06:07:35.199 I/ailassemblyrn84( 5728): Using CollectorTypeCMC GC.
04-22 06:07:35.201 E/ailassemblyrn84( 5728): Not starting debugger since process cannot load the jdwp agent.
04-22 06:07:35.202 D/nativeloader( 5728): Load libframework-connectivity-tiramisu-jni.so using APEX ns com_android_tethering for caller /apex/com.android.tethering/javalib/framework-connectivity-t.jar: ok
04-22 06:07:35.204 I/ActivityTaskManager(  683): Process com.impos2.mixcretailassemblyrn84 restarted
04-22 06:07:35.206 D/BackgroundInstallControlService(  683): Package event received: 0
04-22 06:07:35.213 D/nativeloader( 5728): Configuring clns-9 for other apk /data/app/~~uRYLf5HuIwRJZberCsx-6g==/com.impos2.mixcretailassemblyrn84-gPmG7Vy2Ea1y6aPMgF_h1A==/base.apk. target_sdk_version=36, uses_libraries=, library_path=/data/app/~~uRYLf5HuIwRJZberCsx-6g==/com.impos2.mixcretailassemblyrn84-gPmG7Vy2Ea1y6aPMgF_h1A==/lib/arm64:/data/app/~~uRYLf5HuIwRJZberCsx-6g==/com.impos2.mixcretailassemblyrn84-gPmG7Vy2Ea1y6aPMgF_h1A==/base.apk!/lib/arm64-v8a, permitted_path=/data:/mnt/expand:/data/user/0/com.impos2.mixcretailassemblyrn84
04-22 06:07:35.214 I/ailassemblyrn84( 5728): AssetManager2(0xb400007aa8c1a238) locale list changing from [] to [en-US]
04-22 06:07:35.215 V/GraphicsEnvironment( 5728): Currently set values for:
04-22 06:07:35.215 V/GraphicsEnvironment( 5728):   angle_gl_driver_selection_pkgs=[]
04-22 06:07:35.215 V/GraphicsEnvironment( 5728):   angle_gl_driver_selection_values=[]
04-22 06:07:35.215 V/GraphicsEnvironment( 5728): com.impos2.mixcretailassemblyrn84 is not listed in per-application setting
04-22 06:07:35.215 V/GraphicsEnvironment( 5728): ANGLE allowlist from config: com.dreamgames.royalmatch com.dts.freefiremax com.dxx.firenow com.gramgames.mergedragons com.ludo.king com.mojang.minecraftpe com.my.defense com.nintendo.zaka com.os.airforce com.playrix.fishdomdd.gplay io.teslatech.callbreak jp.konami.prospia net.peakgames.toonblast
04-22 06:07:35.215 V/GraphicsEnvironment( 5728): com.impos2.mixcretailassemblyrn84 is not listed in ANGLE allowlist or settings, returning default
04-22 06:07:35.216 V/GraphicsEnvironment( 5728): Neither updatable production driver nor prerelease driver is supported.
04-22 06:07:35.219 W/SoLoader( 5728): Initializing SoLoader: 0
04-22 06:07:35.219 W/SoLoader( 5728): Recording new base apk path: /data/app/~~uRYLf5HuIwRJZberCsx-6g==/com.impos2.mixcretailassemblyrn84-gPmG7Vy2Ea1y6aPMgF_h1A==/base.apk
04-22 06:07:35.219 W/SoLoader( 5728): Previously recorded 0 base apk paths.
04-22 06:07:35.220 I/SoLoader( 5728): Preparing SO source: DirectorySoSource[root = /vendor/lib64 flags = 2]
04-22 06:07:35.220 I/SoLoader( 5728): Preparing SO source: DirectorySoSource[root = /system/lib64 flags = 2]
04-22 06:07:35.220 I/SoLoader( 5728): Preparing SO source: DirectApkSoSource[root = [/data/app/~~uRYLf5HuIwRJZberCsx-6g==/com.impos2.mixcretailassemblyrn84-gPmG7Vy2Ea1y6aPMgF_h1A==/base.apk!/lib/arm64-v8a]]
04-22 06:07:35.220 I/SoLoader( 5728): Preparing SO source: ApplicationSoSource[DirectorySoSource[root = /data/app/~~uRYLf5HuIwRJZberCsx-6g==/com.impos2.mixcretailassemblyrn84-gPmG7Vy2Ea1y6aPMgF_h1A==/lib/arm64 flags = 0]]
04-22 06:07:35.220 I/SoLoader( 5728): init finish: 4 SO sources prepared
04-22 06:07:35.220 W/SoLoader( 5728): SoLoader initialized: 8
04-22 06:07:35.222 D/nativeloader( 5728): Load /data/app/~~uRYLf5HuIwRJZberCsx-6g==/com.impos2.mixcretailassemblyrn84-gPmG7Vy2Ea1y6aPMgF_h1A==/base.apk!/lib/arm64-v8a/libc++_shared.so using class loader ns clns-9 (caller=/data/app/~~uRYLf5HuIwRJZberCsx-6g==/com.impos2.mixcretailassemblyrn84-gPmG7Vy2Ea1y6aPMgF_h1A==/base.apk): ok
04-22 06:07:35.224 D/nativeloader( 5728): Load /data/app/~~uRYLf5HuIwRJZberCsx-6g==/com.impos2.mixcretailassemblyrn84-gPmG7Vy2Ea1y6aPMgF_h1A==/base.apk!/lib/arm64-v8a/libjsi.so using class loader ns clns-9 (caller=/data/app/~~uRYLf5HuIwRJZberCsx-6g==/com.impos2.mixcretailassemblyrn84-gPmG7Vy2Ea1y6aPMgF_h1A==/base.apk): ok
04-22 06:07:35.225 D/nativeloader( 5728): Load /data/app/~~uRYLf5HuIwRJZberCsx-6g==/com.impos2.mixcretailassemblyrn84-gPmG7Vy2Ea1y6aPMgF_h1A==/base.apk!/lib/arm64-v8a/libfbjni.so using class loader ns clns-9 (caller=/data/app/~~uRYLf5HuIwRJZberCsx-6g==/com.impos2.mixcretailassemblyrn84-gPmG7Vy2Ea1y6aPMgF_h1A==/base.apk): ok
04-22 06:07:35.227 D/nativeloader( 5728): Load /data/app/~~uRYLf5HuIwRJZberCsx-6g==/com.impos2.mixcretailassemblyrn84-gPmG7Vy2Ea1y6aPMgF_h1A==/base.apk!/lib/arm64-v8a/libreactnative.so using class loader ns clns-9 (caller=/data/app/~~uRYLf5HuIwRJZberCsx-6g==/com.impos2.mixcretailassemblyrn84-gPmG7Vy2Ea1y6aPMgF_h1A==/base.apk): ok
04-22 06:07:35.227 D/jni_lib_merge( 5728): Entering merged library JNI_OnLoad.
04-22 06:07:35.227 D/jni_lib_merge( 5728): Preparing 12 pre-merged libs (including stub)
04-22 06:07:35.227 D/jni_lib_merge( 5728): Preparing to register libfabricjni_so.  onload_func: 0x786f131a50
04-22 06:07:35.227 D/jni_lib_merge( 5728): Preparing to register libreact_devsupportjni_so.  onload_func: 0x786f1f536c
04-22 06:07:35.227 D/jni_lib_merge( 5728): Preparing to register libreact_featureflagsjni_so.  onload_func: 0x786f20fba8
04-22 06:07:35.227 D/jni_lib_merge( 5728): Preparing to register libreact_newarchdefaults_so.  onload_func: 0x786f24dd74
04-22 06:07:35.227 D/jni_lib_merge( 5728): Preparing to register libreactnativeblob_so.  onload_func: 0x786f2eea4c
04-22 06:07:35.227 D/jni_lib_merge( 5728): Preparing to register libreactnativejni_so.  onload_func: 0x786f3039e4
04-22 06:07:35.227 D/jni_lib_merge( 5728): Preparing to register libreactnativejni_common_so.  onload_func: 0x786f306be0
04-22 06:07:35.227 D/jni_lib_merge( 5728): Preparing to register librninstance_so.  onload_func: 0x786f323778
04-22 06:07:35.227 D/jni_lib_merge( 5728): Preparing to register libturbomodulejsijni_so.  onload_func: 0x786f3cd0e0
04-22 06:07:35.227 D/jni_lib_merge( 5728): Preparing to register libuimanagerjni_so.  onload_func: 0x786f3d3b00
04-22 06:07:35.227 D/jni_lib_merge( 5728): Preparing to register libyoga_so.  onload_func: 0x786f3db0c4
04-22 06:07:35.227 D/jni_lib_merge( 5728): About to register 11 actual methods.
04-22 06:07:35.230 D/nativeloader( 5728): Load /data/app/~~uRYLf5HuIwRJZberCsx-6g==/com.impos2.mixcretailassemblyrn84-gPmG7Vy2Ea1y6aPMgF_h1A==/base.apk!/lib/arm64-v8a/libreact_codegen_rnsvg.so using class loader ns clns-9 (caller=/data/app/~~uRYLf5HuIwRJZberCsx-6g==/com.impos2.mixcretailassemblyrn84-gPmG7Vy2Ea1y6aPMgF_h1A==/base.apk): ok
04-22 06:07:35.230 D/jni_lib_merge( 5728): Entering merged library JNI_OnLoad.
04-22 06:07:35.230 D/jni_lib_merge( 5728): Preparing 12 pre-merged libs (including stub)
04-22 06:07:35.230 D/jni_lib_merge( 5728): Preparing to register libfabricjni_so.  onload_func: 0x786f131a50
04-22 06:07:35.230 D/jni_lib_merge( 5728): Preparing to register libreact_devsupportjni_so.  onload_func: 0x786f1f536c
04-22 06:07:35.230 D/jni_lib_merge( 5728): Preparing to register libreact_featureflagsjni_so.  onload_func: 0x786f20fba8
04-22 06:07:35.230 D/jni_lib_merge( 5728): Preparing to register libreact_newarchdefaults_so.  onload_func: 0x786f24dd74
04-22 06:07:35.230 D/jni_lib_merge( 5728): Preparing to register libreactnativeblob_so.  onload_func: 0x786f2eea4c
04-22 06:07:35.230 D/jni_lib_merge( 5728): Preparing to register libreactnativejni_so.  onload_func: 0x786f3039e4
04-22 06:07:35.230 D/jni_lib_merge( 5728): Preparing to register libreactnativejni_common_so.  onload_func: 0x786f306be0
04-22 06:07:35.230 D/jni_lib_merge( 5728): Preparing to register librninstance_so.  onload_func: 0x786f323778
04-22 06:07:35.230 D/jni_lib_merge( 5728): Preparing to register libturbomodulejsijni_so.  onload_func: 0x786f3cd0e0
04-22 06:07:35.230 D/jni_lib_merge( 5728): Preparing to register libuimanagerjni_so.  onload_func: 0x786f3d3b00
04-22 06:07:35.230 D/jni_lib_merge( 5728): Preparing to register libyoga_so.  onload_func: 0x786f3db0c4
04-22 06:07:35.230 D/jni_lib_merge( 5728): About to register 11 actual methods.
04-22 06:07:35.231 D/nativeloader( 5728): Load /data/app/~~uRYLf5HuIwRJZberCsx-6g==/com.impos2.mixcretailassemblyrn84-gPmG7Vy2Ea1y6aPMgF_h1A==/base.apk!/lib/arm64-v8a/libappmodules.so using class loader ns clns-9 (caller=/data/app/~~uRYLf5HuIwRJZberCsx-6g==/com.impos2.mixcretailassemblyrn84-gPmG7Vy2Ea1y6aPMgF_h1A==/base.apk): ok
04-22 06:07:35.233 W/OptProp (  683): Cannot read opt property android.window.PROPERTY_COMPAT_ENABLE_FAKE_FOCUS
04-22 06:07:35.235 D/BackgroundInstallControlService(  683): Package event received: 0
04-22 06:07:35.235 I/DisplayManager( 5728): Choreographer implicitly registered for the refresh rate.
04-22 06:07:35.235 D/BackgroundInstallControlService(  683): Package event received: 0
04-22 06:07:35.236 V/WindowManagerShell(  957): onTransitionReady(transaction=2933462670460)
04-22 06:07:35.238 V/WindowManagerShell(  957): onTransitionReady (#202) android.os.BinderProxy@c1bc068: {id=202 t=OPEN f=0x0 trk=0 r=[0@Point(0, 0)] c=[
04-22 06:07:35.238 V/WindowManagerShell(  957):         {m=OPEN f=FILLS_TASK|IS_BEHIND_STARTING_WINDOW leash=Surface(name=ActivityRecord{34789145 u0 com.impos2.mixcretailassemblyrn84/.MainActivity)/@0x374d7f1 sb=Rect(0, 0 - 0, 0) eb=Rect(0, 0 - 2560, 1600) epz=Point(2560, 1600) d=-1->0 r=-1->0:-1 bc=ff000000 component=com.impos2.mixcretailassemblyrn84/.MainActivity},
04-22 06:07:35.238 V/WindowManagerShell(  957):         {m=CLOSE f=FILLS_TASK|IS_BEHIND_STARTING_WINDOW leash=Surface(name=ActivityRecord{61582406 u0 com.impos2.mixcretailassemblyrn84/.MainActivity)/@0x7f18fd6 sb=Rect(0, 0 - 2560, 1600) eb=Rect(0, 0 - 2560, 1600) epz=Point(2560, 1600) d=0 bc=ff000000 component=com.impos2.mixcretailassemblyrn84/.MainActivity}
04-22 06:07:35.238 V/WindowManagerShell(  957):     ]}
04-22 06:07:35.238 V/WindowManagerShell(  957): Playing animation for (#202) android.os.BinderProxy@c1bc068@0
04-22 06:07:35.238 V/ShellRecents(  957): RecentsTransitionHandler.startAnimation: no controller found
04-22 06:07:35.238 V/WindowManagerShell(  957): Transition doesn't have explicit remote, search filters for match for {id=202 t=OPEN f=0x0 trk=0 r=[0@Point(0, 0)] c=[{m=OPEN f=FILLS_TASK|IS_BEHIND_STARTING_WINDOW leash=Surface(name=ActivityRecord{34789145 u0 com.impos2.mixcretailassemblyrn84/.MainActivity)/@0x374d7f1 sb=Rect(0, 0 - 0, 0) eb=Rect(0, 0 - 2560, 1600) epz=Point(2560, 1600) d=-1->0 r=-1->0:-1 bc=ff000000 component=com.impos2.mixcretailassemblyrn84/.MainActivity},{m=CLOSE f=FILLS_TASK|IS_BEHIND_STARTING_WINDOW leash=Surface(name=ActivityRecord{61582406 u0 com.impos2.mixcretailassemblyrn84/.MainActivity)/@0x7f18fd6 sb=Rect(0, 0 - 2560, 1600) eb=Rect(0, 0 - 2560, 1600) epz=Point(2560, 1600) d=0 bc=ff000000 component=com.impos2.mixcretailassemblyrn84/.MainActivity}]}
04-22 06:07:35.238 V/WindowManagerShell(  957):  Checking filter Pair{{types=[] flags=0x0] notFlags=0x0 checks=[{atype=undefined independent=true modes=[CLOSE,TO_BACK] flags=IN_TASK_WITH_EMBEDDED_ACTIVITY mustBeTask=false order=ANY topActivity=null launchCookie=null taskFragmentToken=android.os.BinderProxy@c0a78a1 windowingMode=undefined}]} RemoteTransition { remoteTransition = android.window.IRemoteTransition$Stub$Proxy@ebc9ac6, appThread = android.app.IApplicationThread$Stub$Proxy@89a6a87, debugName = overlayBackTransition }}
04-22 06:07:35.238 V/WindowManagerShell(  957):  Checking filter Pair{{types=[] flags=0x0] notFlags=0x0 checks=[{atype=dream independent=true modes=[OPEN,TO_FRONT] flags=NONE mustBeTask=false order=ANY topActivity=null launchCookie=null windowingMode=undefined},{atype=home independent=true modes=[CLOSE,TO_BACK] flags=NONE mustBeTask=false order=ANY topActivity=null launchCookie=null windowingMode=undefined}]} RemoteTransition { remoteTransition = android.window.IRemoteTransition$Stub$Proxy@19eadb4, appThread = android.app.IApplicationThread$Stub$Proxy@6b4fddd, debugName = LauncherToDream }}
04-22 06:07:35.238 V/WindowManagerShell(  957):  Checking filter Pair{{types=[] flags=0x0] notFlags=0x100 checks=[{atype=home independent=true modes=[OPEN,TO_FRONT] flags=NONE mustBeTask=false order=TOP topActivity=ComponentInfo{com.google.android.apps.nexuslauncher/com.google.android.apps.nexuslauncher.NexusLauncherActivity} launchCookie=null windowingMode=undefined},{atype=standard independent=true modes=[CLOSE,TO_BACK] flags=NONE mustBeTask=false order=ANY topActivity=null launchCookie=null windowingMode=undefined},{NOT atype=undefined independent=true modes=[] flags=NONE mustBeTask=true order=ANY topActivity=null launchCookie=null customAnim=true windowingMode=undefined}]} RemoteTransition { remoteTransition = android.window.IRemoteTransition$Stub$Proxy@6579d52, appThread = android.app.IApplicationThread$Stub$Proxy@4a92823, debugName = QuickstepLaunchHome }}
04-22 06:07:35.238 V/WindowManagerShell(  957):  Delegate animation for (#202) to null
04-22 06:07:35.238 V/WindowManagerShell(  957): start default transition animation, info = {id=202 t=OPEN f=0x0 trk=0 r=[0@Point(0, 0)] c=[{m=OPEN f=FILLS_TASK|IS_BEHIND_STARTING_WINDOW leash=Surface(name=ActivityRecord{34789145 u0 com.impos2.mixcretailassemblyrn84/.MainActivity)/@0x374d7f1 sb=Rect(0, 0 - 0, 0) eb=Rect(0, 0 - 2560, 1600) epz=Point(2560, 1600) d=-1->0 r=-1->0:-1 bc=ff000000 component=com.impos2.mixcretailassemblyrn84/.MainActivity},{m=CLOSE f=FILLS_TASK|IS_BEHIND_STARTING_WINDOW leash=Surface(name=ActivityRecord{61582406 u0 com.impos2.mixcretailassemblyrn84/.MainActivity)/@0x7f18fd6 sb=Rect(0, 0 - 2560, 1600) eb=Rect(0, 0 - 2560, 1600) epz=Point(2560, 1600) d=0 bc=ff000000 component=com.impos2.mixcretailassemblyrn84/.MainActivity}]}
04-22 06:07:35.239 V/WindowManagerShell(  957): loadAnimation: anim=android.view.animation.AnimationSet@a440cf3 animAttr=0x5 type=OPEN isEntrance=false
04-22 06:07:35.239 V/WindowManagerShell(  957): loadAnimation: anim=android.view.animation.AnimationSet@54ac3ae animAttr=0x4 type=OPEN isEntrance=true
04-22 06:07:35.240 V/WindowManagerShell(  957):  animated by com.android.wm.shell.transition.DefaultTransitionHandler@419789b
04-22 06:07:35.241 V/WindowManager(  683): Sent Transition (#202) createdAt=04-22 06:07:35.164 via request=TransitionRequestInfo { type = OPEN, triggerTask = TaskInfo{userId=0 taskId=49 effectiveUid=10214 displayId=0 isRunning=true baseIntent=Intent { flg=0x10000000 cmp=com.impos2.mixcretailassemblyrn84/.MainActivity } baseActivity=ComponentInfo{com.impos2.mixcretailassemblyrn84/com.impos2.mixcretailassemblyrn84.MainActivity} topActivity=ComponentInfo{com.impos2.mixcretailassemblyrn84/com.impos2.mixcretailassemblyrn84.MainActivity} origActivity=null realActivity=ComponentInfo{com.impos2.mixcretailassemblyrn84/com.impos2.mixcretailassemblyrn84.MainActivity} numActivities=1 lastActiveTime=34712708 supportsMultiWindow=true resizeMode=1 isResizeable=true minWidth=-1 minHeight=-1 defaultMinSize=220 token=WCT{RemoteToken{4f5a3c9 Task{2b9de07 #49 type=standard A=10214:com.impos2.mixcretailassemblyrn84}}} topActivityType=1 pictureInPictureParams=null shouldDockBigOverlays=false launchIntoPipHostTaskId=-1 lastParentTaskIdBeforePip=-1 displayCutoutSafeInsets=Rect(0, 0 - 0, 0) topActivityInfo=ActivityInfo{b28179a com.impos2.mixcretailassemblyrn84.MainActivity} launchCookies=[] positionInParent=Point(0, 0) parentTaskId=-1 isFocused=true isVisible=true isVisibleRequested=false isTopActivityNoDisplay=false isSleeping=false locusId=null displayAreaFeatureId=1 isTopActivityTransparent=false isActivityStackTransparent=false lastNonFullscreenBounds=Rect(892, 102 - 1668, 1482) capturedLink=null capturedLinkTimestamp=0 requestedVisibleTypes=-9 topActivityRequestOpenInBrowserEducationTimestamp=0 appCompatTaskInfo=AppCompatTaskInfo { topActivityInSizeCompat=false eligibleForLetterboxEducation= false isLetterboxEducationEnabled= true isLetterboxDoubleTapEnabled= false eligibleForUserAspectRatioButton= true topActivityBoundsLetterboxed= false isFromLetterboxDoubleTap= false topActivityLetterboxVerticalPosition= -1 topActivityLetterboxHorizontalPosition= -1 topActivityLetterboxWidth=-1 topActivityLetterboxHeight=-1 topActivityAppBounds=Rect(0, 0 - 2560, 1600) isUserFullscreenOverrideEnabled=false isSystemFullscreenOverrideEnabled=false hasMinAspectRatioOverride=false topActivityLetterboxBounds=null cameraCompatTaskInfo=CameraCompatTaskInfo { freeformCameraCompatMode=inactive}} topActivityMainWindowFrame=null}, pipChange = null, remoteTransition = null, displayChange = null, flags = 0, debugId = 202 }
04-22 06:07:35.241 V/WindowManager(  683):     startWCT=WindowContainerTransaction { changes= {} hops= [] errorCallbackToken=null taskFragmentOrganizer=null }
04-22 06:07:35.241 V/WindowManager(  683):     info={id=202 t=OPEN f=0x0 trk=0 r=[0@Point(0, 0)] c=[
04-22 06:07:35.241 V/WindowManager(  683):         {m=OPEN f=FILLS_TASK|IS_BEHIND_STARTING_WINDOW leash=Surface(name=ActivityRecord{34789145 u0 com.impos2.mixcretailassemblyrn84/.MainActivity)/@0xe5630af sb=Rect(0, 0 - 0, 0) eb=Rect(0, 0 - 2560, 1600) epz=Point(2560, 1600) d=-1->0 r=-1->0:-1 bc=ff000000 component=com.impos2.mixcretailassemblyrn84/.MainActivity},
04-22 06:07:35.241 V/WindowManager(  683):         {m=CLOSE f=FILLS_TASK|IS_BEHIND_STARTING_WINDOW leash=Surface(name=ActivityRecord{61582406 u0 com.impos2.mixcretailassemblyrn84/.MainActivity)/@0x5c4d6c3 sb=Rect(0, 0 - 2560, 1600) eb=Rect(0, 0 - 2560, 1600) epz=Point(2560, 1600) d=0 bc=ff000000 component=com.impos2.mixcretailassemblyrn84/.MainActivity}
04-22 06:07:35.241 V/WindowManager(  683):     ]}
04-22 06:07:35.243 I/ailassemblyrn84( 5728): AssetManager2(0xb400007aa8c1d118) locale list changing from [] to [en-US]
04-22 06:07:35.244 D/AppCompatDelegate( 5728): Checking for metadata for AppLocalesMetadataHolderService : Service not found
04-22 06:07:35.244 I/ailassemblyrn84( 5728): AssetManager2(0xb400007aa8c1bb38) locale list changing from [] to [en-US]
04-22 06:07:35.245 E/ashmem  ( 5728): Pinning is deprecated since Android Q. Please use trim or other methods.
04-22 06:07:35.247 D/CompatChangeReporter( 5728): Compat change id reported: 377864165; UID 10214; state: ENABLED
04-22 06:07:35.248 D/DesktopModeFlags( 5728): Toggle override initialized to: OVERRIDE_UNSET
04-22 06:07:35.249 I/StartupAudit( 5728): activity_created activity=MainActivity displayIndex=0 pid=5728 time=2026-04-22 06:07:35.249
04-22 06:07:35.252 D/FileUtils(  683): Rounded bytes from 3120066560 to 4000000000
04-22 06:07:35.253 I/EGL_emulation( 5728): Opening libGLESv1_CM_emulation.so
04-22 06:07:35.253 I/EGL_emulation( 5728): Opening libGLESv2_emulation.so
04-22 06:07:35.256 D/nativeloader( 5728): Load /data/app/~~uRYLf5HuIwRJZberCsx-6g==/com.impos2.mixcretailassemblyrn84-gPmG7Vy2Ea1y6aPMgF_h1A==/base.apk!/lib/arm64-v8a/libhermesvm.so using class loader ns clns-9 (caller=/data/app/~~uRYLf5HuIwRJZberCsx-6g==/com.impos2.mixcretailassemblyrn84-gPmG7Vy2Ea1y6aPMgF_h1A==/base.apk): ok
04-22 06:07:35.257 D/nativeloader( 5728): Load /data/app/~~uRYLf5HuIwRJZberCsx-6g==/com.impos2.mixcretailassemblyrn84-gPmG7Vy2Ea1y6aPMgF_h1A==/base.apk!/lib/arm64-v8a/libhermestooling.so using class loader ns clns-9 (caller=/data/app/~~uRYLf5HuIwRJZberCsx-6g==/com.impos2.mixcretailassemblyrn84-gPmG7Vy2Ea1y6aPMgF_h1A==/base.apk): ok
04-22 06:07:35.257 D/jni_lib_merge( 5728): Entering merged library JNI_OnLoad.
04-22 06:07:35.257 D/jni_lib_merge( 5728): Preparing 4 pre-merged libs (including stub)
04-22 06:07:35.257 D/jni_lib_merge( 5728): Preparing to register libhermes_executor_so.  onload_func: 0x78bd3e5728
04-22 06:07:35.257 D/jni_lib_merge( 5728): Preparing to register libhermesinstancejni_so.  onload_func: 0x78bd3ecd44
04-22 06:07:35.257 D/jni_lib_merge( 5728): Preparing to register libjsijniprofiler_so.  onload_func: 0x78bd3ed530
04-22 06:07:35.257 D/jni_lib_merge( 5728): About to register 3 actual methods.
04-22 06:07:35.260 W/HWUI    ( 5728): Failed to choose config with EGL_SWAP_BEHAVIOR_PRESERVED, retrying without...
04-22 06:07:35.260 W/HWUI    ( 5728): Failed to initialize 101010-2 format, error = EGL_SUCCESS
04-22 06:07:35.263 I/HotUpdateBundleResolver( 5728): bundle_resolved source=primary-boot bundleFile=/data/user/0/com.impos2.mixcretailassemblyrn84/files/hot-updates/packages/pkg_rivm57kih3nu/index.android.bundle bundleVersion=1.0.0+ota.3 packageId=pkg_rivm57kih3nu bootAttempt=1 pid=5728
04-22 06:07:35.263 I/MainApplication( 5728): getJSBundleFile process=com.impos2.mixcretailassemblyrn84 isPrimaryProcess=true resolvedBundle=/data/user/0/com.impos2.mixcretailassemblyrn84/files/hot-updates/packages/pkg_rivm57kih3nu/index.android.bundle fallbackBundle=null selectedBundle=/data/user/0/com.impos2.mixcretailassemblyrn84/files/hot-updates/packages/pkg_rivm57kih3nu/index.android.bundle
04-22 06:07:35.267 W/unknown:BridgelessReact( 5728): ReactHost{0}.startSurface(surfaceId = 0): Schedule
04-22 06:07:35.267 W/unknown:BridgelessReact( 5728): ReactHost{0}.attachSurface(surfaceId = 0)
04-22 06:07:35.267 W/unknown:BridgelessReact( 5728): ReactHost{0}.getOrCreateReactInstanceTask()
04-22 06:07:35.267 W/unknown:BridgelessReact( 5728): ReactHost{0}.getOrCreateReactInstanceTask(): Start
04-22 06:07:35.267 W/unknown:BridgelessReact( 5728): ReactHost{0}.getJSBundleLoader()
04-22 06:07:35.267 W/unknown:BridgelessReact( 5728): ReactHost{0}.getOrCreateReactInstanceTask(): Creating BridgelessReactContext
04-22 06:07:35.267 W/unknown:BridgelessReact( 5728): ReactHost{0}.getOrCreateReactInstanceTask(): Creating ReactInstance
04-22 06:07:35.269 I/StartupAudit( 5728): hot_update_health_check_scheduled timeoutMs=30000 bundleVersion=1.0.0+ota.3 packageId=pkg_rivm57kih3nu pid=5728 time=2026-04-22 06:07:35.269
04-22 06:07:35.270 W/unknown:BridgelessReact( 5728): ReactHost{0}.onHostResume(activity)
04-22 06:07:35.270 W/unknown:BridgelessReact( 5728): ReactHost{0}.ReactContext.onHostResume()
04-22 06:07:35.276 W/HWUI    ( 5728): Unknown dataspace 0
04-22 06:07:35.278 W/unknown:BridgelessReact( 5728): ReactHost{0}.getOrCreateReactInstanceTask(): Loading JS Bundle
04-22 06:07:35.278 W/unknown:BridgelessReact( 5728): ReactHost{0}.getOrCreateReactInstanceTask(): DevSupportManager.onNewReactContextCreated()
04-22 06:07:35.278 W/unknown:BridgelessReact( 5728): ReactHost{0}.startSurface(surfaceId = 0): Execute
--------- beginning of kernel
04-22 06:07:35.279 I/servicemanager(  224): Caller(pid=5728,uid=10214,sid=u:r:untrusted_app:s0:c214,c256,c512,c768) Found android.hardware.graphics.allocator.IAllocator/default in device VINTF manifest.
04-22 06:07:35.282 I/servicemanager(  224): Caller(pid=5728,uid=10214,sid=u:r:untrusted_app:s0:c214,c256,c512,c768) Found android.hardware.graphics.allocator.IAllocator/default in device VINTF manifest.
04-22 06:07:35.283 I/servicemanager(  224): Caller(pid=5728,uid=10214,sid=u:r:untrusted_app:s0:c214,c256,c512,c768) Found mapper/ranchu in device VINTF manifest.
04-22 06:07:35.282 I/ReactNativeJS( 5728): Running "MixcRetailAssemblyRN84"
04-22 06:07:35.284 W/unknown:ViewManagerPropertyUpdater( 5728): Could not find generated setter for class com.horcrux.svg.RenderableViewManager$DefsViewManager
04-22 06:07:35.285 W/unknown:ViewManagerPropertyUpdater( 5728): Could not find generated setter for class com.horcrux.svg.VirtualViewManager$c
04-22 06:07:35.286 W/unknown:ViewManagerPropertyUpdater( 5728): Could not find generated setter for class com.horcrux.svg.RenderableViewManager$FeMergeManager
04-22 06:07:35.287 W/unknown:ViewManagerPropertyUpdater( 5728): Could not find generated setter for class com.facebook.react.views.safeareaview.ReactSafeAreaViewManager
04-22 06:07:35.287 W/unknown:ViewManagerPropertyUpdater( 5728): Could not find generated setter for class com.facebook.react.uimanager.V
04-22 06:07:35.287 W/unknown:ViewManagerPropertyUpdater( 5728): Could not find generated setter for class com.horcrux.svg.RenderableViewManager$LinearGradientManager
04-22 06:07:35.288 W/unknown:ViewManagerPropertyUpdater( 5728): Could not find generated setter for class com.horcrux.svg.RenderableViewManager$FeGaussianBlurManager
04-22 06:07:35.289 W/unknown:ViewManagerPropertyUpdater( 5728): Could not find generated setter for class com.facebook.react.views.progressbar.ReactProgressBarViewManager
04-22 06:07:35.290 W/unknown:ViewManagerPropertyUpdater( 5728): Could not find generated setter for class com.facebook.react.views.progressbar.b
04-22 06:07:35.291 W/unknown:ViewManagerPropertyUpdater( 5728): Could not find generated setter for class com.facebook.react.views.scroll.ReactHorizontalScrollViewManager
04-22 06:07:35.292 D/CoreBackPreview(  683): Window{d8c4cec u0 com.impos2.mixcretailassemblyrn84/com.impos2.mixcretailassemblyrn84.MainActivity}: Setting back callback OnBackInvokedCallbackInfo{mCallback=android.window.IOnBackInvokedCallback$Stub$Proxy@e059b4a, mPriority=-1, mIsAnimationCallback=false, mOverrideBehavior=0}
04-22 06:07:35.292 D/CoreBackPreview(  683): Window{d8c4cec u0 com.impos2.mixcretailassemblyrn84/com.impos2.mixcretailassemblyrn84.MainActivity}: Setting back callback OnBackInvokedCallbackInfo{mCallback=android.window.IOnBackInvokedCallback$Stub$Proxy@2efdabb, mPriority=0, mIsAnimationCallback=true, mOverrideBehavior=0}
04-22 06:07:35.294 W/unknown:ViewManagerPropertyUpdater( 5728): Could not find generated setter for class com.facebook.react.views.text.ReactTextViewManager
04-22 06:07:35.294 W/unknown:ViewManagerPropertyUpdater( 5728): Could not find generated setter for class com.facebook.react.views.text.j
04-22 06:07:35.295 W/unknown:ViewManagerPropertyUpdater( 5728): Could not find generated setter for class com.horcrux.svg.RenderableViewManager$FeColorMatrixManager
04-22 06:07:35.297 W/unknown:ViewManagerPropertyUpdater( 5728): Could not find generated setter for class com.facebook.react.views.scroll.ReactHorizontalScrollContainerViewManager
04-22 06:07:35.298 W/unknown:ViewManagerPropertyUpdater( 5728): Could not find generated setter for class com.horcrux.svg.RenderableViewManager$ClipPathViewManager
04-22 06:07:35.299 W/unknown:ViewManagerPropertyUpdater( 5728): Could not find generated setter for class com.horcrux.svg.RenderableViewManager$SymbolManager
04-22 06:07:35.300 W/unknown:ViewManagerPropertyUpdater( 5728): Could not find generated setter for class com.horcrux.svg.RenderableViewManager$PatternManager
04-22 06:07:35.300 W/unknown:ViewManagerPropertyUpdater( 5728): Could not find generated setter for class com.horcrux.svg.RenderableViewManager$FeBlendManager
04-22 06:07:35.300 W/unknown:ViewManagerPropertyUpdater( 5728): Could not find generated setter for class com.facebook.react.views.view.ReactViewManager
04-22 06:07:35.301 W/unknown:ViewManagerPropertyUpdater( 5728): Could not find generated setter for class com.horcrux.svg.SvgViewManager
04-22 06:07:35.301 W/unknown:ViewManagerPropertyUpdater( 5728): Could not find generated setter for class com.facebook.react.views.switchview.ReactSwitchManager
04-22 06:07:35.301 W/unknown:ViewManagerPropertyUpdater( 5728): Could not find generated setter for class com.facebook.react.views.switchview.d
04-22 06:07:35.301 W/unknown:ViewManagerPropertyUpdater( 5728): Could not find generated setter for class com.horcrux.svg.RenderableViewManager$UseViewManager
04-22 06:07:35.301 W/unknown:ViewManagerPropertyUpdater( 5728): Could not find generated setter for class com.horcrux.svg.RenderableViewManager$CircleViewManager
04-22 06:07:35.302 W/unknown:ViewManagerPropertyUpdater( 5728): Could not find generated setter for class com.horcrux.svg.RenderableViewManager$TSpanViewManager
04-22 06:07:35.302 W/unknown:ViewManagerPropertyUpdater( 5728): Could not find generated setter for class com.horcrux.svg.RenderableViewManager$FilterManager
04-22 06:07:35.302 W/unknown:ViewManagerPropertyUpdater( 5728): Could not find generated setter for class com.horcrux.svg.RenderableViewManager$MarkerManager
04-22 06:07:35.303 W/unknown:ViewManagerPropertyUpdater( 5728): Could not find generated setter for class com.facebook.react.views.modal.ReactModalHostManager
04-22 06:07:35.303 W/unknown:ViewManagerPropertyUpdater( 5728): Could not find generated setter for class com.horcrux.svg.RenderableViewManager$ForeignObjectManager
04-22 06:07:35.303 W/unknown:ViewManagerPropertyUpdater( 5728): Could not find generated setter for class com.horcrux.svg.RenderableViewManager$EllipseViewManager
04-22 06:07:35.303 W/unknown:ViewManagerPropertyUpdater( 5728): Could not find generated setter for class com.horcrux.svg.RenderableViewManager$LineViewManager
04-22 06:07:35.304 W/unknown:ViewManagerPropertyUpdater( 5728): Could not find generated setter for class com.facebook.react.views.text.frescosupport.FrescoBasedReactTextInlineImageViewManager
04-22 06:07:35.305 W/unknown:ViewManagerPropertyUpdater( 5728): Could not find generated setter for class com.facebook.react.views.text.frescosupport.a
04-22 06:07:35.305 W/unknown:ViewManagerPropertyUpdater( 5728): Could not find generated setter for class com.horcrux.svg.RenderableViewManager$FeFloodManager
04-22 06:07:35.305 W/unknown:ViewManagerPropertyUpdater( 5728): Could not find generated setter for class com.horcrux.svg.RenderableViewManager$GroupViewManager
04-22 06:07:35.306 W/unknown:ViewManagerPropertyUpdater( 5728): Could not find generated setter for class com.horcrux.svg.RenderableViewManager$TextViewManager
04-22 06:07:35.307 W/unknown:ViewManagerPropertyUpdater( 5728): Could not find generated setter for class com.horcrux.svg.RenderableViewManager$ImageViewManager
04-22 06:07:35.309 W/unknown:ViewManagerPropertyUpdater( 5728): Could not find generated setter for class com.horcrux.svg.RenderableViewManager$FeCompositeManager
04-22 06:07:35.311 W/unknown:ViewManagerPropertyUpdater( 5728): Could not find generated setter for class com.facebook.react.views.image.ReactImageManager
04-22 06:07:35.312 W/unknown:BridgelessReact( 5728): ReactHost{0}.ReactContext.onHostResume()
04-22 06:07:35.312 W/unknown:BridgelessReact( 5728): ReactHost{0}.getOrCreateReactInstanceTask(): Executing ReactInstanceEventListeners
04-22 06:07:35.312 W/unknown:ViewManagerPropertyUpdater( 5728): Could not find generated setter for class com.facebook.react.uimanager.RootViewManager
04-22 06:07:35.313 D/InsetsController( 5728): Setting requestedVisibleTypes to -12 (was -9)
04-22 06:07:35.313 W/unknown:ViewManagerPropertyUpdater( 5728): Could not find generated setter for class com.horcrux.svg.RenderableViewManager$RadialGradientManager
04-22 06:07:35.314 W/unknown:ViewManagerPropertyUpdater( 5728): Could not find generated setter for class com.horcrux.svg.RenderableViewManager$MaskManager
04-22 06:07:35.314 W/IPCThreadState(  683): Sending oneway calls to frozen process.
04-22 06:07:35.315 W/unknown:ViewManagerPropertyUpdater( 5728): Could not find generated setter for class com.facebook.react.views.unimplementedview.ReactUnimplementedViewManager
04-22 06:07:35.316 W/IPCThreadState(  683): Sending oneway calls to frozen process.
04-22 06:07:35.316 W/IPCThreadState(  683): Sending oneway calls to frozen process.
04-22 06:07:35.316 W/IPCThreadState(  683): Sending oneway calls to frozen process.
04-22 06:07:35.316 W/IPCThreadState(  683): Sending oneway calls to frozen process.
04-22 06:07:35.316 W/IPCThreadState(  683): Sending oneway calls to frozen process.
04-22 06:07:35.316 W/IPCThreadState(  683): Sending oneway calls to frozen process.
04-22 06:07:35.316 I/BpBinder(  515): onLastStrongRef automatically unlinking death recipients: 
04-22 06:07:35.316 D/BackgroundInstallControlService(  683): Package event received: 0
04-22 06:07:35.316 D/BackgroundInstallControlService(  683): Package event received: 0
04-22 06:07:35.317 D/BackgroundInstallControlService(  683): Package event received: 0
04-22 06:07:35.317 D/BackgroundInstallControlService(  683): Package event received: 0
04-22 06:07:35.317 D/BackgroundInstallControlService(  683): Package event received: 0
04-22 06:07:35.318 W/unknown:ViewManagerPropertyUpdater( 5728): Could not find generated setter for class com.horcrux.svg.RenderableViewManager$RectViewManager
04-22 06:07:35.318 W/IPCThreadState(  683): Sending oneway calls to frozen process.
04-22 06:07:35.318 W/IPCThreadState(  683): Sending oneway calls to frozen process.
04-22 06:07:35.318 W/IPCThreadState(  683): Sending oneway calls to frozen process.
04-22 06:07:35.318 D/BackgroundInstallControlService(  683): Package event received: 0
04-22 06:07:35.319 W/IPCThreadState(  683): Sending oneway calls to frozen process.
04-22 06:07:35.319 W/IPCThreadState(  683): Sending oneway calls to frozen process.
04-22 06:07:35.319 W/IPCThreadState(  683): Sending oneway calls to frozen process.
04-22 06:07:35.319 W/IPCThreadState(  683): Sending oneway calls to frozen process.
04-22 06:07:35.319 W/IPCThreadState(  683): Sending oneway calls to frozen process.
04-22 06:07:35.319 W/IPCThreadState(  683): Sending oneway calls to frozen process.
04-22 06:07:35.319 W/IPCThreadState(  683): Sending oneway calls to frozen process.
04-22 06:07:35.319 W/IPCThreadState(  683): Sending oneway calls to frozen process.
04-22 06:07:35.319 W/IPCThreadState(  683): Sending oneway calls to frozen process.
04-22 06:07:35.319 W/IPCThreadState(  683): Sending oneway calls to frozen process.
04-22 06:07:35.319 W/IPCThreadState(  683): Sending oneway calls to frozen process.
04-22 06:07:35.319 W/IPCThreadState(  683): Sending oneway calls to frozen process.
04-22 06:07:35.319 W/IPCThreadState(  683): Sending oneway calls to frozen process.
04-22 06:07:35.319 W/unknown:ViewManagerPropertyUpdater( 5728): Could not find generated setter for class com.horcrux.svg.RenderableViewManager$TextPathViewManager
04-22 06:07:35.320 W/unknown:ViewManagerPropertyUpdater( 5728): Could not find generated setter for class com.facebook.react.views.scroll.ReactScrollViewManager
04-22 06:07:35.320 W/IPCThreadState(  683): Sending oneway calls to frozen process.
04-22 06:07:35.320 W/IPCThreadState(  683): Sending oneway calls to frozen process.
04-22 06:07:35.320 W/IPCThreadState(  683): Sending oneway calls to frozen process.
04-22 06:07:35.320 W/IPCThreadState(  683): Sending oneway calls to frozen process.
04-22 06:07:35.320 W/IPCThreadState(  683): Sending oneway calls to frozen process.
04-22 06:07:35.320 W/IPCThreadState(  683): Sending oneway calls to frozen process.
04-22 06:07:35.320 W/IPCThreadState(  683): Sending oneway calls to frozen process.
04-22 06:07:35.320 W/IPCThreadState(  683): Sending oneway calls to frozen process.
04-22 06:07:35.320 W/IPCThreadState(  683): Sending oneway calls to frozen process.
04-22 06:07:35.320 W/IPCThreadState(  683): Sending oneway calls to frozen process.
04-22 06:07:35.320 W/IPCThreadState(  683): Sending oneway calls to frozen process.
04-22 06:07:35.320 W/IPCThreadState(  683): Sending oneway calls to frozen process.
04-22 06:07:35.320 W/IPCThreadState(  683): Sending oneway calls to frozen process.
04-22 06:07:35.320 W/IPCThreadState(  683): Sending oneway calls to frozen process.
04-22 06:07:35.320 W/IPCThreadState(  683): Sending oneway calls to frozen process.
04-22 06:07:35.320 W/IPCThreadState(  683): Sending oneway calls to frozen process.
04-22 06:07:35.320 W/IPCThreadState(  683): Sending oneway calls to frozen process.
04-22 06:07:35.320 W/IPCThreadState(  683): Sending oneway calls to frozen process.
04-22 06:07:35.321 W/IPCThreadState(  683): Sending oneway calls to frozen process.
04-22 06:07:35.321 W/IPCThreadState(  683): Sending oneway calls to frozen process.
04-22 06:07:35.321 W/IPCThreadState(  683): Sending oneway calls to frozen process.
04-22 06:07:35.321 W/IPCThreadState(  683): Sending oneway calls to frozen process.
04-22 06:07:35.321 W/IPCThreadState(  683): Sending oneway calls to frozen process.
04-22 06:07:35.321 D/BackgroundInstallControlService(  683): Package event received: 0
04-22 06:07:35.321 I/ActivityTaskManager(  683): Displayed com.impos2.mixcretailassemblyrn84/.MainActivity for user 0: +154ms
04-22 06:07:35.322 D/BackgroundInstallControlService(  683): Package event received: 0
04-22 06:07:35.322 D/BackgroundInstallControlService(  683): Package event received: 0
04-22 06:07:35.322 D/BackgroundInstallControlService(  683): Package event received: 0
04-22 06:07:35.322 D/BackgroundInstallControlService(  683): Package event received: 0
04-22 06:07:35.322 D/BackgroundInstallControlService(  683): Package event received: 0
04-22 06:07:35.322 D/BackgroundInstallControlService(  683): Package event received: 0
04-22 06:07:35.322 D/BackgroundInstallControlService(  683): Package event received: 0
04-22 06:07:35.323 D/BackgroundInstallControlService(  683): Package event received: 0
04-22 06:07:35.323 D/BackgroundInstallControlService(  683): Package event received: 0
04-22 06:07:35.323 D/BackgroundInstallControlService(  683): Package event received: 0
04-22 06:07:35.323 D/BackgroundInstallControlService(  683): Package event received: 0
04-22 06:07:35.323 D/BackgroundInstallControlService(  683): Package event received: 0
04-22 06:07:35.324 W/unknown:ViewManagerPropertyUpdater( 5728): Could not find generated setter for class com.horcrux.svg.RenderableViewManager$FeOffsetManager
04-22 06:07:35.324 W/unknown:ViewManagerPropertyUpdater( 5728): Could not find generated setter for class com.horcrux.svg.RenderableViewManager$PathViewManager
04-22 06:07:35.326 W/ActivityTaskManager(  683): Unable to send transaction to client proc com.impos2.mixcretailassemblyrn84: no app thread
04-22 06:07:35.327 W/unknown:ViewManagerPropertyUpdater( 5728): Could not find generated setter for class com.facebook.react.views.drawer.ReactDrawerLayoutManager
04-22 06:07:35.329 W/unknown:ViewManagerPropertyUpdater( 5728): Could not find generated setter for class com.facebook.react.views.swiperefresh.SwipeRefreshLayoutManager
04-22 06:07:35.330 W/unknown:ViewManagerPropertyUpdater( 5728): Could not find generated setter for class com.facebook.react.views.textinput.ReactTextInputManager
04-22 06:07:35.330 W/unknown:ViewManagerPropertyUpdater( 5728): Could not find generated setter for class com.facebook.react.views.textinput.F
04-22 06:07:35.335 I/ConnectorManager( 5728): connector initialized
04-22 06:07:35.336 I/assembly.android.mixc-retail-rn84.boot( 5728): {"stage":"resolve-topology:start","displayIndex":0,"displayCount":1}
04-22 06:07:35.336 I/assembly.android.mixc-retail-rn84.boot( 5728): {"stage":"resolve-topology:done","displayIndex":0,"displayCount":1}
04-22 06:07:35.337 I/assembly.android.mixc-retail-rn84.boot( 5728): {"stage":"create-app:start","displayIndex":0,"displayCount":1}
04-22 06:07:35.342 I/assembly.kernel.base.runtime-shell-v2.state-runtime( 5728): [runtime.load] load kernel.base.runtime-shell-v2 {"slices":["kernel.base.runtime-shell-v2.error-catalog","kernel.base.runtime-shell-v2.parameter-catalog","kernel.base.topology-runtime-v3.config","kernel.base.topology-runtime-v3.context","kernel.base.topology-runtime-v3.connection","kernel.base.topology-runtime-v3.peer","kernel.base.topology-runtime-v3.sync","kernel.base.topology-runtime-v3.request-mirror","kernel.base.topology-runtime-v3.demo.master","kernel.base.topology-runtime-v3.demo.slave","kernel.base.tcp-control-runtime-v2.identity","kernel.base.tcp-control-runtime-v2.credential","kernel.base.tcp-control-runtime-v2.binding","kernel.base.tcp-control-runtime-v2.sandbox","kernel.base.tcp-control-runtime-v2.runtime","kernel.base.tdp-sync-runtime-v2.session","kernel.base.tdp-sync-runtime-v2.sync","kernel.base.tdp-sync-runtime-v2.projection","kernel.base.tdp-sync-runtime-v2.command-inbox","kernel.base.tdp-sync-runtime-v2.control-signals","kernel.base.tdp-sync-runtime-v2.hot-update","kernel.base.workflow-runtime-v2.definitions","kernel.base.workflow-runtime-v2.observations","kernel.base.workflow-runtime-v2.queue","kernel.base.ui-runtime-v2.screen.main","kernel.base.ui-runtime-v2.screen.branch","kernel.base.ui-runtime-v2.overlay.main","kernel.base.ui-runtime-v2.overlay.branch","kernel.base.ui-runtime-v2.ui-variable.main","kernel.base.ui-runtime-v2.ui-variable.branch","ui.base.admin-console.console"],"persistableSlices":["kernel.base.runtime-shell-v2.error-catalog","kernel.base.runtime-shell-v2.parameter-catalog","kernel.base.topology-runtime-v3.config","kernel.base.tcp-control-runtime-v2.identity","kernel.base.tcp-control-runtime-v2.credential","kernel.base.tcp-control-runtime-v2.binding","kernel.base.tcp-control-runtime-v2.sandbox","kernel.base.tdp-sync-runtime-v2.sync","kernel.base.tdp-sync-runtime-v2.projection","kernel.base.tdp-sync-runtime-v2.hot-update","kernel.base.workflow-runtime-v2.definitions","kernel.base.ui-runtime-v2.screen.main","kernel.base.ui-runtime-v2.screen.branch","kernel.base.ui-runtime-v2.overlay.main","kernel.base.ui-runtime-v2.overlay.branch","kernel.base.ui-runtime-v2.ui-variable.main","kernel.base.ui-runtime-v2.ui-variable.branch","ui.base.admin-console.console"],"persistenceEnabled":true}
04-22 06:07:35.344 I/assembly.android.mixc-retail-rn84.boot( 5728): {"stage":"create-app:done","displayIndex":0,"displayCount":1}
04-22 06:07:35.344 I/ImeTracker(  683): com.impos2.mixcretailassemblyrn84:ce2bc8: onRequestHide at ORIGIN_SERVER reason HIDE_UNSPECIFIED_WINDOW fromUser false
04-22 06:07:35.346 D/InsetsController( 5728): hide(ime(), fromIme=false)
04-22 06:07:35.346 I/ImeTracker( 5728): com.impos2.mixcretailassemblyrn84:ce2bc8: onCancelled at PHASE_CLIENT_ALREADY_HIDDEN
04-22 06:07:35.346 I/assembly.android.mixc-retail-rn84.boot( 5728): {"stage":"runtime.start:start","displayIndex":0,"displayCount":1}
04-22 06:07:35.347 I/assembly.kernel.base.runtime-shell-v2.application.KernelRuntimeAppV2( 5728): [runtime.load] created kernel runtime app v2 {"runtimeName":"assembly.android.mixc-retail-rn84","runtimeId":"run_mo96crsd_vexy2opdv2wd6bxl","localNodeId":"master:ZJ63NQELD9","moduleNames":["assembly.android.mixc-retail-rn84","kernel.base.topology-runtime-v3","kernel.base.tcp-control-runtime-v2","kernel.base.tdp-sync-runtime-v2","kernel.base.workflow-runtime-v2","kernel.base.ui-runtime-v2","ui.base.runtime-react","ui.base.input-runtime","ui.base.admin-console","ui.base.terminal-console","ui.integration.retail-shell"]}
04-22 06:07:35.347 I/assembly.kernel.base.runtime-shell-v2.application.KernelRuntimeAppV2( 5728): [runtime.load] start kernel runtime app v2 pre-setup {"runtimeName":"assembly.android.mixc-retail-rn84","moduleNames":["assembly.android.mixc-retail-rn84","kernel.base.topology-runtime-v3","kernel.base.tcp-control-runtime-v2","kernel.base.tdp-sync-runtime-v2","kernel.base.workflow-runtime-v2","kernel.base.ui-runtime-v2","ui.base.runtime-react","ui.base.input-runtime","ui.base.admin-console","ui.base.terminal-console","ui.integration.retail-shell"]}
04-22 06:07:35.347 I/assembly.assembly.android.mixc-retail-rn84( 5728): [runtime.load] pre-setup assembly.android.mixc-retail-rn84 {"moduleName":"assembly.android.mixc-retail-rn84","runtimeNodeId":"master:ZJ63NQELD9","knownModules":["assembly.android.mixc-retail-rn84","kernel.base.topology-runtime-v3","kernel.base.tcp-control-runtime-v2","kernel.base.tdp-sync-runtime-v2","kernel.base.workflow-runtime-v2","kernel.base.ui-runtime-v2","ui.base.runtime-react","ui.base.input-runtime","ui.base.admin-console","ui.base.terminal-console","ui.integration.retail-shell"]}
04-22 06:07:35.347 I/assembly.kernel.base.runtime-shell-v2.application.KernelRuntimeAppV2( 5728): [runtime.load] completed module pre-setup {"moduleName":"assembly.android.mixc-retail-rn84","packageVersion":"1.0.0","dependencies":[],"stateSliceNames":[],"commandNames":[],"actorKeys":["assembly.android.mixc-retail-rn84.AssemblyRuntimeInitializeActor"],"errorKeys":[],"parameterKeys":[],"hasInstall":true,"hasPreSetup":true}
04-22 06:07:35.347 I/GoogleInputMethodService( 1576): GoogleInputMethodService.onFinishInput():2043 
04-22 06:07:35.348 I/ImeTracker(  683): system_server:5a456788: onRequestHide at ORIGIN_SERVER reason IME_REQUESTED_CHANGED_LISTENER fromUser false
04-22 06:07:35.349 I/assembly.assembly.android.mixc-retail-rn84( 5728): [runtime.load] pre-setup kernel.base.topology-runtime-v3 {"moduleName":"kernel.base.topology-runtime-v3","runtimeNodeId":"master:ZJ63NQELD9","knownModules":["assembly.android.mixc-retail-rn84","kernel.base.topology-runtime-v3","kernel.base.tcp-control-runtime-v2","kernel.base.tdp-sync-runtime-v2","kernel.base.workflow-runtime-v2","kernel.base.ui-runtime-v2","ui.base.runtime-react","ui.base.input-runtime","ui.base.admin-console","ui.base.terminal-console","ui.integration.retail-shell"]}
04-22 06:07:35.349 I/Module  ( 1576): DeviceLockedStatusModuleProvider$Module.updateDeviceLockedStatus():100 repeatCheckTimes = 0, locked = false
04-22 06:07:35.350 I/GoogleInputMethodService( 1576): GoogleInputMethodService.onStartInput():1293 onStartInput(EditorInfo{EditorInfo{packageName=com.impos2.mixcretailassemblyrn84, inputType=0, inputTypeString=NULL, enableLearning=false, autoCorrection=false, autoComplete=false, imeOptions=0, privateImeOptions=null, actionName=UNSPECIFIED, actionLabel=null, initialSelStart=-1, initialSelEnd=-1, initialCapsMode=0, label=null, fieldId=0, fieldName=null, extras=null, hintText=null, hintLocales=[]}}, false)
04-22 06:07:35.350 I/assembly.kernel.base.runtime-shell-v2.application.KernelRuntimeAppV2( 5728): [runtime.load] completed module pre-setup {"moduleName":"kernel.base.topology-runtime-v3","packageVersion":"0.0.1","dependencies":[],"stateSliceNames":["kernel.base.topology-runtime-v3.config","kernel.base.topology-runtime-v3.context","kernel.base.topology-runtime-v3.connection","kernel.base.topology-runtime-v3.peer","kernel.base.topology-runtime-v3.sync","kernel.base.topology-runtime-v3.request-mirror","kernel.base.topology-runtime-v3.demo.master","kernel.base.topology-runtime-v3.demo.slave"],"commandNames":["kernel.base.topology-runtime-v3.set-instance-mode","kernel.base.topology-runtime-v3.set-display-mode","kernel.base.topology-runtime-v3.set-enable-slave","kernel.base.topology-runtime-v3.set-master-locator","kernel.base.topology-runtime-v3.clear-master-locator","kernel.base.topology-runtime-v3.refresh-topology-context","kernel.base.topology-runtime-v3.start-topology-connection","kernel.base.topology-runtime-v3.stop-topology-connection","kernel.base.topology-runtime-v3.restart-topology-connection","kernel.base.topology-runtime-v3.upsert-demo-master-entry","kernel.base.topology-runtime-v3.remove-demo-master-entry","kernel.base.topology-runtime-v3.reset-demo-master-state","kernel.base.topology-runtime-v3.upsert-demo-slave-entry","kernel.base.topology-runtime-v3.remove-demo-slave-entry","kernel.base.topology-runtime-v3.reset-demo-slave-state"],"actorKeys":["kernel.base.topology-runtime-v3.TopologyContextActor","kernel.base.topology-runtime-v3.TopologyConnectionActor","kernel.base.topology-runtime-v3.TopologyDemoSyncActor"],"errorKeys":["kernel.base.topology-runtime-v3.display_context_required","kernel.base.topology-runtime-v3.orchestrator_required","kernel.base.topology-runtime-v3.socket_binding_required","kernel.base.topology-runtime-v3.hello_runtime_required","kernel.base.topology-runtime-v3.action_not_allowed"],"parameterKeys":["kernel.base.topology-runtime-v3.reconnect-interval-ms"],"hasInstall":true,"hasPreSetup":true}
04-22 06:07:35.350 I/assembly.assembly.android.mixc-retail-rn84( 5728): [runtime.load] pre-setup kernel.base.tcp-control-runtime-v2 {"moduleName":"kernel.base.tcp-control-runtime-v2","runtimeNodeId":"master:ZJ63NQELD9","knownModules":["assembly.android.mixc-retail-rn84","kernel.base.topology-runtime-v3","kernel.base.tcp-control-runtime-v2","kernel.base.tdp-sync-runtime-v2","kernel.base.workflow-runtime-v2","kernel.base.ui-runtime-v2","ui.base.runtime-react","ui.base.input-runtime","ui.base.admin-console","ui.base.terminal-console","ui.integration.retail-shell"]}
