04-22 06:07:35.605 I/MMKV    ( 5728): <MMKV_IO.cpp:609::writeActualSize> [mixc-retail-assembly-rn84::state] increase sequence to 77, crc 3653507548, actualSize 29294
04-22 06:07:35.606 I/MMKV    ( 5728): <MMKV.cpp:1208::sync> MMKV::sync, SyncFlag = 1
04-22 06:07:35.613 I/MMKV    ( 5728): <MMKV_IO.cpp:609::writeActualSize> [mixc-retail-assembly-rn84::state] increase sequence to 78, crc 3856412639, actualSize 29294
04-22 06:07:35.613 I/MMKV    ( 5728): <MMKV.cpp:1208::sync> MMKV::sync, SyncFlag = 1
04-22 06:07:35.618 I/MMKV    ( 5728): <MMKV_IO.cpp:609::writeActualSize> [mixc-retail-assembly-rn84::state] increase sequence to 79, crc 4124146444, actualSize 29294
04-22 06:07:35.618 I/MMKV    ( 5728): <MMKV.cpp:1208::sync> MMKV::sync, SyncFlag = 1
04-22 06:07:35.620 I/MMKV    ( 5728): <MMKV_IO.cpp:609::writeActualSize> [mixc-retail-assembly-rn84::secure-state] increase sequence to 5, crc 3800536555, actualSize 259
04-22 06:07:35.620 I/MMKV    ( 5728): <MMKV.cpp:1208::sync> MMKV::sync, SyncFlag = 1
04-22 06:07:35.623 I/RanchuHwc(  483): logCompositionFallbackIfChanged: layer 402 CompositionType fallback from 2 to 1
04-22 06:07:35.623 I/RanchuHwc(  483): logCompositionFallbackIfChanged: layer 403 CompositionType fallback from 2 to 1
04-22 06:07:35.641 W/ndroid.systemui(  957): Reducing the number of considered missed Gc histogram windows from 102 to 100
04-22 06:07:35.668 W/ActivityTaskManager(  683): Activity top resumed state loss timeout for ActivityRecord{61582406 u0 com.impos2.mixcretailassemblyrn84/.MainActivity t49 f} isExiting}
04-22 06:07:35.707 V/WindowManagerShell(  957): Transition animation finished (aborted=false), notifying core (#202) android.os.BinderProxy@c1bc068@0
04-22 06:07:35.708 V/WindowManager(  683): Finish Transition (#202): created at 04-22 06:07:35.164 collect-started=0.009ms request-sent=1.923ms started=7.625ms ready=68.617ms sent=71.653ms commit=4.046ms finished=543.559ms
04-22 06:07:35.709 E/IPCThreadState(  683): Binder transaction failure. id: 5945281, BR_*: 29189, error: -22 (Invalid argument)
04-22 06:07:35.709 W/ActivityManager(  683): pid 683 system sent binder code 7 with flags 1 to frozen apps and got error -32
04-22 06:07:35.710 W/WindowManager(  683): Exception thrown during dispatchAppVisibility Window{757c0ad u0 com.impos2.mixcretailassemblyrn84/com.impos2.mixcretailassemblyrn84.MainActivity EXITING}
04-22 06:07:35.710 W/WindowManager(  683): android.os.DeadObjectException
04-22 06:07:35.710 W/WindowManager(  683): 	at android.os.BinderProxy.transactNative(Native Method)
04-22 06:07:35.710 W/WindowManager(  683): 	at android.os.BinderProxy.transact(BinderProxy.java:592)
04-22 06:07:35.710 W/WindowManager(  683): 	at android.view.IWindow$Stub$Proxy.dispatchAppVisibility(IWindow.java:557)
04-22 06:07:35.710 W/WindowManager(  683): 	at com.android.server.wm.WindowState.sendAppVisibilityToClients(WindowState.java:3151)
04-22 06:07:35.710 W/WindowManager(  683): 	at com.android.server.wm.WindowContainer.sendAppVisibilityToClients(WindowContainer.java:1311)
04-22 06:07:35.710 W/WindowManager(  683): 	at com.android.server.wm.WindowToken.setClientVisible(WindowToken.java:389)
04-22 06:07:35.710 W/WindowManager(  683): 	at com.android.server.wm.ActivityRecord.setClientVisible(ActivityRecord.java:6650)
04-22 06:07:35.710 W/WindowManager(  683): 	at com.android.server.wm.ActivityRecord.commitVisibility(ActivityRecord.java:5561)
04-22 06:07:35.710 W/WindowManager(  683): 	at com.android.server.wm.Transition.finishTransition(Transition.java:1391)
04-22 06:07:35.710 W/WindowManager(  683): 	at com.android.server.wm.TransitionController.finishTransition(TransitionController.java:1029)
04-22 06:07:35.710 W/WindowManager(  683): 	at com.android.server.wm.WindowOrganizerController.finishTransition(WindowOrganizerController.java:496)
04-22 06:07:35.710 W/WindowManager(  683): 	at android.window.IWindowOrganizerController$Stub.onTransact(IWindowOrganizerController.java:261)
04-22 06:07:35.710 W/WindowManager(  683): 	at com.android.server.wm.WindowOrganizerController.onTransact(WindowOrganizerController.java:223)
04-22 06:07:35.710 W/WindowManager(  683): 	at android.os.Binder.execTransactInternal(Binder.java:1426)
04-22 06:07:35.710 W/WindowManager(  683): 	at android.os.Binder.execTransact(Binder.java:1365)
04-22 06:07:35.710 W/Process (  683): Unable to open /proc/4898/status
04-22 06:07:35.712 W/binder_debug(  929): 3 callbacks suppressed
04-22 06:07:35.712 I/binder  (  929): 929:683 cannot find target node
04-22 06:07:35.712 I/binder  (  929): 683:929 transaction async to 0:0 failed 5945281/29189/-22, size 64-0 line 3348
04-22 06:07:35.714 V/WindowManagerShell(  957): Track 0 became idle
04-22 06:07:35.714 V/WindowManagerShell(  957): All active transition animations finished
04-22 06:07:35.756 E/BpTransactionCompletedListener(  515): Failed to transact (-32)
04-22 06:07:35.776 I/FontLog ( 1283): Received query Noto Color Emoji Compat, URI content://com.google.android.gms.fonts [CONTEXT service_id=132 ]
04-22 06:07:35.776 I/FontLog ( 1283): Query [emojicompat-emoji-font] resolved to {Noto Color Emoji Compat, wdth 100.0, wght 400, ital 0.0, bestEffort false}, isVf false} [CONTEXT service_id=132 ]
04-22 06:07:35.778 I/FontLog ( 1283): Fetch {Noto Color Emoji Compat, wdth 100.0, wght 400, ital 0.0, bestEffort false}, isVf false} end status Status{statusCode=SUCCESS, resolution=null} [CONTEXT service_id=132 ]
04-22 06:07:35.779 I/FontLog ( 1283): Pulling font file for id = 54, cache size = 4 [CONTEXT service_id=132 ]
04-22 06:07:35.781 I/FontLog ( 1283): Pulling font file for id = 54, cache size = 4 [CONTEXT service_id=132 ]
04-22 06:07:36.277 D/wpa_supplicant(  938): nl80211: Drv Event 64 (NL80211_CMD_NOTIFY_CQM) received for wlan0
04-22 06:07:36.277 D/wpa_supplicant(  938): nl80211: Beacon loss event
04-22 06:07:36.277 D/wpa_supplicant(  938): wlan0: Event BEACON_LOSS (53) received
04-22 06:07:36.277 I/wpa_supplicant(  938): wlan0: CTRL-EVENT-BEACON-LOSS 
04-22 06:07:37.633 D/SatelliteController( 1086): iisInCarrierRoamingNbIotNtn: satellite is disabled
04-22 06:07:38.511 W/BestClock(  683): java.time.DateTimeException: No network time available
04-22 06:07:38.511 W/BestClock(  683): java.time.DateTimeException: No network time available
04-22 06:07:38.511 W/BestClock(  683): java.time.DateTimeException: No network time available
04-22 06:07:38.511 W/BestClock(  683): java.time.DateTimeException: No network time available
04-22 06:07:38.511 W/BestClock(  683): java.time.DateTimeException: No network time available
04-22 06:07:38.512 D/WifiClientModeImpl[9769:wlan0](  683): updateLinkLayerStatsRssiSpeedFrequencyCapabilities rssi=-50 TxLinkspeed=1 freq=2447 RxLinkSpeed=2
04-22 06:07:38.512 D/WifiDataStall(  683): tx tput in kbps: 11000
04-22 06:07:38.512 D/WifiDataStall(  683): rx tput in kbps: 11000
04-22 06:07:38.512 V/WifiConfigManager(  683): Updating scan detail cache freq=2447 BSSID=00:13:10:85:fe:01 RSSI=-50 for "AndroidWifi"NONE
04-22 06:07:38.512 D/WifiThroughputPredictor(  683):  utilization (LLS) 80 isBluetoothConnected: false final utilization: 80
04-22 06:07:38.512 D/WifiThroughputPredictor(  683):  BW: 0 RSSI: -50 Nss: 1 Mode: 1 symDur: 4000 snrDb 30 bitPerTone: 4500 rate: 54 throughput: 11
04-22 06:07:38.512 D/WifiThroughputPredictor(  683):  utilization (LLS) 80 isBluetoothConnected: false final utilization: 80
04-22 06:07:38.512 D/WifiThroughputPredictor(  683):  BW: 0 RSSI: -50 Nss: 1 Mode: 1 symDur: 4000 snrDb 30 bitPerTone: 4500 rate: 54 throughput: 11
04-22 06:07:38.513 D/WifiThroughputPredictor(  683):  utilization (LLS) 80 isBluetoothConnected: false final utilization: 80
04-22 06:07:38.513 D/WifiThroughputPredictor(  683):  BW: 0 RSSI: -50 Nss: 1 Mode: 1 symDur: 4000 snrDb 30 bitPerTone: 4500 rate: 54 throughput: 11
04-22 06:07:38.513 D/WifiThroughputPredictor(  683):  utilization (LLS) 80 isBluetoothConnected: false final utilization: 80
04-22 06:07:38.513 D/WifiThroughputPredictor(  683):  BW: 0 RSSI: -50 Nss: 1 Mode: 1 symDur: 4000 snrDb 30 bitPerTone: 4500 rate: 54 throughput: 11
04-22 06:07:38.513 D/WifiScoreCard(  683): BSSID update SIGNAL_POLL ID: 261501600 SSID: "AndroidWifi", BSSID: 00:13:10:85:fe:01, MAC: 02:15:b4:00:00:00, IP: /10.0.2.17, Security type: 0, Supplicant state: COMPLETED, Wi-Fi standard: legacy, RSSI: -50, Link speed: 1Mbps, Tx Link speed: 1Mbps, Max Supported Tx Link speed: 11Mbps, Rx Link speed: 2Mbps, Max Supported Rx Link speed: 11Mbps, Frequency: 2447MHz, Net ID: 0, Metered hint: false, score: 60, isUsable: true, CarrierMerged: false, SubscriptionId: -1, IsPrimary: 1, Trusted: true, Restricted: false, Ephemeral: false, OEM paid: false, OEM private: false, OSU AP: false, FQDN: <none>, Provider friendly name: <none>, Requesting package name: <none>"AndroidWifi"openMLO Information: , Is TID-To-Link negotiation supported by the AP: false, AP MLD Address: <none>, AP MLO Link Id: <none>, AP MLO Affiliated links: <none>, Vendor Data: <none>
04-22 06:07:38.513 D/WifiScoreCard(  683): txRate: 1 txSpeed: 1
04-22 06:07:38.513 D/WifiScoreCard(  683): network update SIGNAL_POLL "AndroidWifi" ID: 579418950 RSSI -50 txSpeed -1
04-22 06:07:38.513 D/WifiClientModeImpl[9769:wlan0](  683):  ClientModeImpl$L2ConnectedState screen=on 1 0 "AndroidWifi" 00:13:10:85:fe:01 rssi=-50 f=2447 sc=60 link=1 tx=0.3, 0.0, 0.0 rx=0.3 bcn=0 [on:0 tx:0 rx:0 period:3006] from screen [on:0 period:-1307202031] score=60
04-22 06:07:38.575 I/resolv  (  459): ResNSendHandler::run: 0 / {100 983140 100 983140 1073 1}
04-22 06:07:38.575 I/resolv  (  459): ResNSendHandler::run: 0 / {100 983140 100 983140 1073 1}
04-22 06:07:38.577 I/resolv  (  459): ResNSendHandler::run: 0 / {100 983140 100 983140 1073 1}
04-22 06:07:38.577 I/resolv  (  459): ResNSendHandler::run: 0 / {100 983140 100 983140 1073 1}
04-22 06:07:38.593 I/resolv  (  459): res_nsend: used send_dg 48 terrno: 0
04-22 06:07:38.593 I/resolv  (  459): res_nsend: used send_dg 63 terrno: 0
04-22 06:07:38.594 I/resolv  (  459): res_nsend: used send_dg 60 terrno: 0
04-22 06:07:38.594 I/resolv  (  459): res_nsend: used send_dg 117 terrno: 0
04-22 06:07:38.597 D/NetworkMonitor/100( 1052): PROBE_DNS www.google.com 26ms OK 185.45.5.35,2001::1
04-22 06:07:38.597 D/NetworkMonitor/100( 1052): PROBE_DNS connectivitycheck.gstatic.com 26ms OK 114.250.66.34
04-22 06:07:38.598 I/resolv  (  459): GetAddrInfoHandler::run: {100 983140 100 983140 1073 1}
04-22 06:07:38.598 I/resolv  (  459): res_nmkquery: (QUERY, IN, AAAA)
04-22 06:07:38.598 I/resolv  (  459): resolv_cache_lookup: FOUND IN CACHE entry=0xb400007d0cedb5d0
04-22 06:07:38.598 I/resolv  (  459): doQuery: rcode=0, ancount=0, return value=117
04-22 06:07:38.598 I/resolv  (  459): GetAddrInfoHandler::run: {100 983140 100 983140 1073 1}
04-22 06:07:38.598 I/resolv  (  459): res_nmkquery: (QUERY, IN, A)
04-22 06:07:38.598 I/resolv  (  459): resolv_cache_lookup: FOUND IN CACHE entry=0xb400007e7ced3170
04-22 06:07:38.598 I/resolv  (  459): doQuery: rcode=0, ancount=1, return value=63
04-22 06:07:38.599 I/resolv  (  459): res_nmkquery: (QUERY, IN, AAAA)
04-22 06:07:38.599 I/resolv  (  459): resolv_cache_lookup: FOUND IN CACHE entry=0xb400007cdced1090
04-22 06:07:38.599 I/resolv  (  459): doQuery: rcode=0, ancount=1, return value=60
04-22 06:07:38.599 I/resolv  (  459): res_nmkquery: (QUERY, IN, A)
04-22 06:07:38.599 I/resolv  (  459): resolv_cache_lookup: FOUND IN CACHE entry=0xb400007d2ced29d0
04-22 06:07:38.599 I/resolv  (  459): doQuery: rcode=0, ancount=1, return value=48
04-22 06:07:38.677 E/TaskPersister(  683): File error accessing recents directory (directory doesn't exist?).
04-22 06:07:40.425 I/ReactNativeJS( 5728): '[assembly.android.mixc-retail-rn84.websocket] connect', { url: 'ws://127.0.0.1:5810/api/v1/tdp/ws/connect?sandboxId=sandbox-kernel-base-test&terminalId=terminal_5re4fwuf4758&token=token_wbjo7fq94759',
04-22 06:07:40.425 I/ReactNativeJS( 5728):   protocol: 'ws',
04-22 06:07:40.425 I/ReactNativeJS( 5728):   host: '127.0.0.1:5810',
04-22 06:07:40.425 I/ReactNativeJS( 5728):   pathname: '/api/v1/tdp/ws/connect' }
04-22 06:07:40.425 I/assembly.assembly.android.mixc-retail-rn84.transport.ws.SocketRuntime( 5728): [transport.ws] Socket connect started: kernel.base.tdp-sync-runtime-v2.socket {"profileName":"kernel.base.tdp-sync-runtime-v2.socket","serverName":"mock-terminal-platform","addressName":"local"}
04-22 06:07:40.432 I/assembly.kernel.base.runtime-shell-v2.application.KernelRuntimeAppV2( 5728): [runtime.load] kernel runtime app v2 started {"runtimeName":"assembly.android.mixc-retail-rn84","moduleDescriptors":[{"moduleName":"assembly.android.mixc-retail-rn84","packageVersion":"1.0.0","dependencies":[],"stateSliceNames":[],"commandNames":[],"actorKeys":["assembly.android.mixc-retail-rn84.AssemblyRuntimeInitializeActor"],"errorKeys":[],"parameterKeys":[],"hasInstall":true,"hasPreSetup":true},{"moduleName":"kernel.base.topology-runtime-v3","packageVersion":"0.0.1","dependencies":[],"stateSliceNames":["kernel.base.topology-runtime-v3.config","kernel.base.topology-runtime-v3.context","kernel.base.topology-runtime-v3.connection","kernel.base.topology-runtime-v3.peer","kernel.base.topology-runtime-v3.sync","kernel.base.topology-runtime-v3.request-mirror","kernel.base.topology-runtime-v3.demo.master","kernel.base.topology-runtime-v3.demo.slave"],"commandNames":["kernel.base.topology-runtime-v3.set-instance-mode","kernel.base.topology-runtime-v3.set-display-mode","kernel.base.topology-runtime-v3.set-enable-slave","kernel.base.topology-runtime-v3.set-master-locator","kernel.base.topology-runtime-v3.clear-master-locator","kernel.base.topology-runtime-v3.refresh-topology-context","kernel.base.topology-runtime-v3.start-topology-connection","kernel.base.topology-runtime-v3.stop-topology-connection","kernel.base.topology-runtime-v3.restart-topology-connection","kernel.base.topology-runtime-v3.upsert-demo-master-entry","kernel.base.topology-runtime-v3.remove-demo-master-entry","kernel.base.topology-runtime-v3.reset-demo-master-state","kernel.base.topology-runtime-v3.upsert-demo-slave-entry","kernel.base.topology-runtime-v3.remove-demo-slave-entry","kernel.base.topology-runtime-v3.reset-demo-slave-state"],"actorKeys":["kernel.base.topology-runtime-v3.TopologyContextActor","kernel.base.topology-runtime-v3.TopologyConnectionActor","kernel.base.topology-runtime-v3.TopologyDemoSyncActor"],"errorKeys":["kernel.base.topology-runtime-v3.display_context_required","kernel.base.topology-runtime-v3.orchestrator_required","kernel.base.topology-runtime-v3.socket_binding_required","kernel.base.topology-runtime-v3.hello_runtime_required","kernel.base.topology-runtime-v3.action_not_allowed"],"parameterKeys":["kernel.base.topology-runtime-v3.reconnect-interval-ms"],"hasInstall":true,"hasPreSetup":true},{"moduleName":"kernel.base.tcp-control-runtime-v2","packageVersion":"0.0.1","dependencies":[],"stateSliceNames":["kernel.base.tcp-control-runtime-v2.identity","kernel.base.tcp-control-runtime-v2.credential","kernel.base.tcp-control-runtime-v2.binding","kernel.base.tcp-control-runtime-v2.sandbox","kernel.base.tcp-control-runtime-v2.runtime"],"commandNames":["kernel.base.tcp-control-runtime-v2.bootstrap-tcp-control","kernel.base.tcp-control-runtime-v2.bootstrap-tcp-control-succeeded","kernel.base.tcp-control-runtime-v2.activate-terminal","kernel.base.tcp-control-runtime-v2.activate-terminal-succeeded","kernel.base.tcp-control-runtime-v2.refresh-credential","kernel.base.tcp-control-runtime-v2.credential-refreshed","kernel.base.tcp-control-runtime-v2.deactivate-terminal","kernel.base.tcp-control-runtime-v2.deactivate-terminal-succeeded","kernel.base.tcp-control-runtime-v2.report-task-result","kernel.base.tcp-control-runtime-v2.task-result-reported","kernel.base.tcp-control-runtime-v2.reset-tcp-control"],"actorKeys":["kernel.base.tcp-control-runtime-v2.TcpBootstrapActor","kernel.base.tcp-control-runtime-v2.TcpActivationActor","kernel.base.tcp-control-runtime-v2.TcpCredentialActor","kernel.base.tcp-control-runtime-v2.TcpDeactivationActor","kernel.base.tcp-control-runtime-v2.TcpTaskReportActor","kernel.base.tcp-control-runtime-v2.TcpStateMutationActor"],"errorKeys":["kernel.base.tcp-control-runtime-v2.activation_code_invalid","kernel.base.tcp-control-runtime-v2.activation_failed","kernel.base.tcp-control-runtime-v2.credential_missing","kernel.base.tcp-control-runtime-v2.credential_expired","kernel.base.tcp-control-runtime-v2.refresh_failed","kernel.base.tcp
04-22 06:07:40.433 I/MMKV    ( 5728): <MemoryFile.cpp:103::open> open fd[138], flag 0x7, /data/data/com.impos2.mixcretailassemblyrn84/files/mmkv/specialCharacter/c34670a355176d0b412ad7c68e58044e
04-22 06:07:40.433 I/MMKV    ( 5728): <MemoryFile.cpp:250::mmapOrCleanup> mmap to address [0x7bc1fbd000], oldPtr [0x0], [/data/data/com.impos2.mixcretailassemblyrn84/files/mmkv/specialCharacter/c34670a355176d0b412ad7c68e58044e]
04-22 06:07:40.433 I/MMKV    ( 5728): <MemoryFile.cpp:109::close> closing fd[138], /data/data/com.impos2.mixcretailassemblyrn84/files/mmkv/specialCharacter/c34670a355176d0b412ad7c68e58044e
04-22 06:07:40.433 I/MMKV    ( 5728): <MemoryFile.cpp:103::open> open fd[138], flag 0x7, /data/data/com.impos2.mixcretailassemblyrn84/files/mmkv/specialCharacter/c34670a355176d0b412ad7c68e58044e.crc
04-22 06:07:40.433 I/MMKV    ( 5728): <MemoryFile.cpp:250::mmapOrCleanup> mmap to address [0x7bc1fbc000], oldPtr [0x0], [/data/data/com.impos2.mixcretailassemblyrn84/files/mmkv/specialCharacter/c34670a355176d0b412ad7c68e58044e.crc]
04-22 06:07:40.433 I/MMKV    ( 5728): <MemoryFile.cpp:103::open> open fd[139], flag 0x7, /data/data/com.impos2.mixcretailassemblyrn84/files/mmkv/specialCharacter/c34670a355176d0b412ad7c68e58044e
04-22 06:07:40.433 I/MMKV    ( 5728): <MemoryFile.cpp:109::close> closing fd[139], /data/data/com.impos2.mixcretailassemblyrn84/files/mmkv/specialCharacter/c34670a355176d0b412ad7c68e58044e
04-22 06:07:40.433 I/MMKV    ( 5728): <MMKV_IO.cpp:287::loadMetaInfoAndCheck> meta file [mixc-retail-assembly-rn84::version-report-outbox] has flag [0]
04-22 06:07:40.433 I/MMKV    ( 5728): <MMKV_IO.cpp:94::loadFromFile> loading [mixc-retail-assembly-rn84::version-report-outbox] with 463 actual size, file size 4096, InterProcess 0, meta info version:4
04-22 06:07:40.433 I/MMKV    ( 5728): <MMKV_IO.cpp:99::loadFromFile> loading [mixc-retail-assembly-rn84::version-report-outbox] with crc 3068396327 sequence 1 version 4
04-22 06:07:40.433 I/MMKV    ( 5728): <MMKV_IO.cpp:145::loadFromFile> loaded [mixc-retail-assembly-rn84::version-report-outbox] with 1 key-values
04-22 06:07:40.434 I/assembly.android.mixc-retail-rn84.boot( 5728): {"stage":"runtime.start:done","displayIndex":0,"displayCount":1}
04-22 06:07:40.435 I/assembly.assembly.android.mixc-retail-rn84( 5728): [assembly.topology] Native topology host already matches desired lifecycle state {"displayCount":1,"displayIndex":0,"deviceId":"ZJ63NQELD9","instanceMode":"SLAVE","enableSlave":false,"running":false,"reason":"not-master-or-single-primary-host"}
04-22 06:07:40.435 I/assembly.assembly.android.mixc-retail-rn84( 5728): [assembly.topology] Native topology host already matches desired lifecycle state {"displayCount":1,"displayIndex":0,"deviceId":"ZJ63NQELD9","instanceMode":"SLAVE","enableSlave":false,"running":false,"reason":"not-master-or-single-primary-host"}
04-22 06:07:40.438 I/MMKV    ( 5728): <MMKV_IO.cpp:609::writeActualSize> [mixc-retail-assembly-rn84::state] increase sequence to 80, crc 4129119819, actualSize 28332
04-22 06:07:40.438 I/MMKV    ( 5728): <MMKV.cpp:1208::sync> MMKV::sync, SyncFlag = 1
04-22 06:07:40.440 I/assembly.android.mixc-retail-rn84.boot( 5728): {"stage":"automation.host:start","displayIndex":0,"displayCount":1,"target":"primary","host":"127.0.0.1","port":18584,"generation":"automation-host-2-34717978852263"}
04-22 06:07:40.449 I/assembly.android.mixc-retail-rn84.boot( 5728): {"stage":"app-load-complete:start","displayIndex":0}
04-22 06:07:40.449 I/StartupAudit( 5728): app_load_complete displayIndex=0 pid=5728 time=2026-04-22 06:07:40.449
04-22 06:07:40.449 I/StartupAudit( 5728): hot_update_health_check_cancelled reason=load-complete pid=5728 time=2026-04-22 06:07:40.449
04-22 06:07:40.449 I/StartupAudit( 5728): secondary_launch_scheduled pid=5728 time=2026-04-22 06:07:40.449
04-22 06:07:40.453 I/assembly.assembly.android.mixc-retail-rn84( 5728): [assembly.topology] Native topology host already matches desired lifecycle state {"displayCount":1,"displayIndex":0,"deviceId":"ZJ63NQELD9","instanceMode":"SLAVE","enableSlave":false,"running":false,"reason":"not-master-or-single-primary-host"}
04-22 06:07:40.455 I/assembly.android.mixc-retail-rn84.boot( 5728): {"stage":"app-load-complete:done","displayIndex":0}
04-22 06:07:40.455 I/assembly.assembly.android.mixc-retail-rn84( 5728): [assembly.topology] Native topology host already matches desired lifecycle state {"displayCount":1,"displayIndex":0,"deviceId":"ZJ63NQELD9","instanceMode":"SLAVE","enableSlave":false,"running":false,"reason":"not-master-or-single-primary-host"}
04-22 06:07:40.461 I/MMKV    ( 5728): <MMKV_IO.cpp:609::writeActualSize> [mixc-retail-assembly-rn84::state] increase sequence to 81, crc 1037727149, actualSize 28332
04-22 06:07:40.461 I/MMKV    ( 5728): <MMKV.cpp:1208::sync> MMKV::sync, SyncFlag = 1
04-22 06:07:40.478 I/assembly.assembly.android.mixc-retail-rn84( 5728): [assembly.topology] Native topology host already matches desired lifecycle state {"displayCount":1,"displayIndex":0,"deviceId":"ZJ63NQELD9","instanceMode":"SLAVE","enableSlave":false,"running":false,"reason":"not-master-or-single-primary-host"}
04-22 06:07:40.479 I/MMKV    ( 5728): <MMKV_IO.cpp:609::writeActualSize> [mixc-retail-assembly-rn84::state] increase sequence to 82, crc 2878688663, actualSize 28332
04-22 06:07:40.479 I/MMKV    ( 5728): <MMKV.cpp:1208::sync> MMKV::sync, SyncFlag = 1
04-22 06:07:40.482 I/assembly.assembly.android.mixc-retail-rn84( 5728): [assembly.topology] Native topology host already matches desired lifecycle state {"displayCount":1,"displayIndex":0,"deviceId":"ZJ63NQELD9","instanceMode":"SLAVE","enableSlave":false,"running":false,"reason":"not-master-or-single-primary-host"}
04-22 06:07:40.482 I/assembly.assembly.android.mixc-retail-rn84( 5728): [assembly.topology] Native topology host already matches desired lifecycle state {"displayCount":1,"displayIndex":0,"deviceId":"ZJ63NQELD9","instanceMode":"SLAVE","enableSlave":false,"running":false,"reason":"not-master-or-single-primary-host"}
04-22 06:07:40.483 I/assembly.assembly.android.mixc-retail-rn84( 5728): [assembly.topology] Native topology host already matches desired lifecycle state {"displayCount":1,"displayIndex":0,"deviceId":"ZJ63NQELD9","instanceMode":"SLAVE","enableSlave":false,"running":false,"reason":"not-master-or-single-primary-host"}
04-22 06:07:40.486 I/MMKV    ( 5728): <MMKV_IO.cpp:609::writeActualSize> [mixc-retail-assembly-rn84::state] increase sequence to 83, crc 836352589, actualSize 31454
04-22 06:07:40.486 I/MMKV    ( 5728): <MMKV.cpp:1208::sync> MMKV::sync, SyncFlag = 1
04-22 06:07:40.937 D/ProfileInstaller( 5728): Installing profile for com.impos2.mixcretailassemblyrn84
04-22 06:07:41.521 W/BestClock(  683): java.time.DateTimeException: No network time available
04-22 06:07:41.521 W/BestClock(  683): java.time.DateTimeException: No network time available
04-22 06:07:41.521 W/BestClock(  683): java.time.DateTimeException: No network time available
04-22 06:07:41.521 W/BestClock(  683): java.time.DateTimeException: No network time available
04-22 06:07:41.522 W/BestClock(  683): java.time.DateTimeException: No network time available
04-22 06:07:41.524 D/WifiClientModeImpl[9769:wlan0](  683): updateLinkLayerStatsRssiSpeedFrequencyCapabilities rssi=-50 TxLinkspeed=1 freq=2447 RxLinkSpeed=2
04-22 06:07:41.524 D/WifiDataStall(  683): tx tput in kbps: 11000
04-22 06:07:41.524 D/WifiDataStall(  683): rx tput in kbps: 11000
04-22 06:07:41.524 V/WifiConfigManager(  683): Updating scan detail cache freq=2447 BSSID=00:13:10:85:fe:01 RSSI=-50 for "AndroidWifi"NONE
04-22 06:07:41.524 D/WifiThroughputPredictor(  683):  utilization (LLS) 80 isBluetoothConnected: false final utilization: 80
04-22 06:07:41.524 D/WifiThroughputPredictor(  683):  BW: 0 RSSI: -50 Nss: 1 Mode: 1 symDur: 4000 snrDb 30 bitPerTone: 4500 rate: 54 throughput: 11
04-22 06:07:41.524 D/WifiThroughputPredictor(  683):  utilization (LLS) 80 isBluetoothConnected: false final utilization: 80
04-22 06:07:41.524 D/WifiThroughputPredictor(  683):  BW: 0 RSSI: -50 Nss: 1 Mode: 1 symDur: 4000 snrDb 30 bitPerTone: 4500 rate: 54 throughput: 11
04-22 06:07:41.525 D/WifiThroughputPredictor(  683):  utilization (LLS) 80 isBluetoothConnected: false final utilization: 80
04-22 06:07:41.525 D/WifiThroughputPredictor(  683):  BW: 0 RSSI: -50 Nss: 1 Mode: 1 symDur: 4000 snrDb 30 bitPerTone: 4500 rate: 54 throughput: 11
04-22 06:07:41.525 D/WifiThroughputPredictor(  683):  utilization (LLS) 80 isBluetoothConnected: false final utilization: 80
04-22 06:07:41.525 D/WifiThroughputPredictor(  683):  BW: 0 RSSI: -50 Nss: 1 Mode: 1 symDur: 4000 snrDb 30 bitPerTone: 4500 rate: 54 throughput: 11
04-22 06:07:41.527 D/WifiScoreCard(  683): BSSID update SIGNAL_POLL ID: 261501600 SSID: "AndroidWifi", BSSID: 00:13:10:85:fe:01, MAC: 02:15:b4:00:00:00, IP: /10.0.2.17, Security type: 0, Supplicant state: COMPLETED, Wi-Fi standard: legacy, RSSI: -50, Link speed: 1Mbps, Tx Link speed: 1Mbps, Max Supported Tx Link speed: 11Mbps, Rx Link speed: 2Mbps, Max Supported Rx Link speed: 11Mbps, Frequency: 2447MHz, Net ID: 0, Metered hint: false, score: 60, isUsable: true, CarrierMerged: false, SubscriptionId: -1, IsPrimary: 1, Trusted: true, Restricted: false, Ephemeral: false, OEM paid: false, OEM private: false, OSU AP: false, FQDN: <none>, Provider friendly name: <none>, Requesting package name: <none>"AndroidWifi"openMLO Information: , Is TID-To-Link negotiation supported by the AP: false, AP MLD Address: <none>, AP MLO Link Id: <none>, AP MLO Affiliated links: <none>, Vendor Data: <none>
04-22 06:07:41.527 D/WifiScoreCard(  683): txRate: 1 txSpeed: 1
04-22 06:07:41.527 D/WifiScoreCard(  683): network update SIGNAL_POLL "AndroidWifi" ID: 579418950 RSSI -50 txSpeed -1
04-22 06:07:41.527 D/WifiClientModeImpl[9769:wlan0](  683):  ClientModeImpl$L2ConnectedState screen=on 1 0 "AndroidWifi" 00:13:10:85:fe:01 rssi=-50 f=2447 sc=60 link=1 tx=0.9, 0.0, 0.0 rx=0.9 bcn=0 [on:0 tx:0 rx:0 period:3014] from screen [on:0 period:-1307199017] score=60
04-22 06:07:41.573 I/resolv  (  459): GetAddrInfoHandler::run: {100 983140 100 983140 1073 1}
04-22 06:07:41.574 I/resolv  (  459): res_nmkquery: (QUERY, IN, A)
04-22 06:07:41.574 I/resolv  (  459): resolv_cache_lookup: FOUND IN CACHE entry=0xb400007d2ced29d0
04-22 06:07:41.574 I/resolv  (  459): doQuery: rcode=0, ancount=1, return value=48
04-22 06:07:41.575 I/resolv  (  459): res_nmkquery: (QUERY, IN, AAAA)
04-22 06:07:41.575 I/resolv  (  459): resolv_cache_lookup: FOUND IN CACHE entry=0xb400007cdced1090
04-22 06:07:41.575 I/resolv  (  459): doQuery: rcode=0, ancount=1, return value=60
04-22 06:07:41.686 D/NetworkMonitor/100( 1052): PROBE_FALLBACK http://www.google.com/gen_204 time=115ms ret=204 request={Connection=[close], User-Agent=[Mozilla/5.0 (X11; Linux x86_64) AppleWebKit/537.36 (KHTML, like Gecko) Chrome/60.0.3112.32 Safari/537.36]} headers={null=[HTTP/1.1 204 No Content], Connection=[close], Content-Security-Policy=[object-src 'none';base-uri 'self';script-src 'nonce-GvRohnxFr5QTf0rdXJy3cw' 'strict-dynamic' 'report-sample' 'unsafe-eval' 'unsafe-inline' https: http:;report-uri https://csp.withgoogle.com/csp/gws/other], Content-Type=[text/html; charset=UTF-8], Date=[Tue, 21 Apr 2026 22:07:41 GMT], Permissions-Policy=[unload=()], Server=[gws], X-Android-Received-Millis=[1776809261686], X-Android-Response-Source=[NETWORK 204], X-Android-Selected-Protocol=[http/1.1], X-Android-Sent-Millis=[1776809261578], X-Frame-Options=[SAMEORIGIN], X-Xss-Protection=[0]}
04-22 06:07:41.825 I/netd    (  459): tetherGetStats() -> {[]} <0.94ms>
04-22 06:07:44.471 D/wpa_supplicant(  938): nl80211: Drv Event 64 (NL80211_CMD_NOTIFY_CQM) received for wlan0
04-22 06:07:44.472 D/wpa_supplicant(  938): nl80211: Beacon loss event
04-22 06:07:44.472 D/wpa_supplicant(  938): wlan0: Event BEACON_LOSS (53) received
04-22 06:07:44.472 I/wpa_supplicant(  938): wlan0: CTRL-EVENT-BEACON-LOSS 
04-22 06:07:44.533 W/BestClock(  683): java.time.DateTimeException: No network time available
04-22 06:07:44.534 W/BestClock(  683): java.time.DateTimeException: No network time available
04-22 06:07:44.534 W/BestClock(  683): java.time.DateTimeException: No network time available
04-22 06:07:44.534 W/BestClock(  683): java.time.DateTimeException: No network time available
04-22 06:07:44.534 W/BestClock(  683): java.time.DateTimeException: No network time available
04-22 06:07:44.535 D/WifiClientModeImpl[9769:wlan0](  683): updateLinkLayerStatsRssiSpeedFrequencyCapabilities rssi=-50 TxLinkspeed=1 freq=2447 RxLinkSpeed=2
04-22 06:07:44.537 D/WifiDataStall(  683): tx tput in kbps: 11000
04-22 06:07:44.537 D/WifiDataStall(  683): rx tput in kbps: 11000
04-22 06:07:44.537 V/WifiConfigManager(  683): Updating scan detail cache freq=2447 BSSID=00:13:10:85:fe:01 RSSI=-50 for "AndroidWifi"NONE
04-22 06:07:44.537 D/WifiThroughputPredictor(  683):  utilization (LLS) 80 isBluetoothConnected: false final utilization: 80
04-22 06:07:44.537 D/WifiThroughputPredictor(  683):  BW: 0 RSSI: -50 Nss: 1 Mode: 1 symDur: 4000 snrDb 30 bitPerTone: 4500 rate: 54 throughput: 11
04-22 06:07:44.537 D/WifiThroughputPredictor(  683):  utilization (LLS) 80 isBluetoothConnected: false final utilization: 80
04-22 06:07:44.537 D/WifiThroughputPredictor(  683):  BW: 0 RSSI: -50 Nss: 1 Mode: 1 symDur: 4000 snrDb 30 bitPerTone: 4500 rate: 54 throughput: 11
04-22 06:07:44.537 D/WifiThroughputPredictor(  683):  utilization (LLS) 80 isBluetoothConnected: false final utilization: 80
04-22 06:07:44.537 D/WifiThroughputPredictor(  683):  BW: 0 RSSI: -50 Nss: 1 Mode: 1 symDur: 4000 snrDb 30 bitPerTone: 4500 rate: 54 throughput: 11
04-22 06:07:44.537 D/WifiThroughputPredictor(  683):  utilization (LLS) 80 isBluetoothConnected: false final utilization: 80
04-22 06:07:44.537 D/WifiThroughputPredictor(  683):  BW: 0 RSSI: -50 Nss: 1 Mode: 1 symDur: 4000 snrDb 30 bitPerTone: 4500 rate: 54 throughput: 11
04-22 06:07:44.538 D/WifiScoreCard(  683): BSSID update SIGNAL_POLL ID: 261501600 SSID: "AndroidWifi", BSSID: 00:13:10:85:fe:01, MAC: 02:15:b4:00:00:00, IP: /10.0.2.17, Security type: 0, Supplicant state: COMPLETED, Wi-Fi standard: legacy, RSSI: -50, Link speed: 1Mbps, Tx Link speed: 1Mbps, Max Supported Tx Link speed: 11Mbps, Rx Link speed: 2Mbps, Max Supported Rx Link speed: 11Mbps, Frequency: 2447MHz, Net ID: 0, Metered hint: false, score: 60, isUsable: true, CarrierMerged: false, SubscriptionId: -1, IsPrimary: 1, Trusted: true, Restricted: false, Ephemeral: false, OEM paid: false, OEM private: false, OSU AP: false, FQDN: <none>, Provider friendly name: <none>, Requesting package name: <none>"AndroidWifi"openMLO Information: , Is TID-To-Link negotiation supported by the AP: false, AP MLD Address: <none>, AP MLO Link Id: <none>, AP MLO Affiliated links: <none>, Vendor Data: <none>
04-22 06:07:44.538 D/WifiScoreCard(  683): txRate: 1 txSpeed: 1
04-22 06:07:44.538 D/WifiScoreCard(  683): network update SIGNAL_POLL "AndroidWifi" ID: 579418950 RSSI -50 txSpeed -1
04-22 06:07:44.538 D/WifiClientModeImpl[9769:wlan0](  683):  ClientModeImpl$L2ConnectedState screen=on 1 0 "AndroidWifi" 00:13:10:85:fe:01 rssi=-50 f=2447 sc=60 link=1 tx=0.3, 0.0, 0.0 rx=0.3 bcn=0 [on:0 tx:0 rx:0 period:3010] from screen [on:0 period:-1307196006] score=60
04-22 06:07:45.841 E/FrameTracker(  957): force finish cuj, time out: J<SPLASHSCREEN_EXIT_ANIM>
04-22 06:07:47.547 W/BestClock(  683): java.time.DateTimeException: No network time available
04-22 06:07:47.547 W/BestClock(  683): java.time.DateTimeException: No network time available
04-22 06:07:47.547 W/BestClock(  683): java.time.DateTimeException: No network time available
04-22 06:07:47.547 W/BestClock(  683): java.time.DateTimeException: No network time available
04-22 06:07:47.547 W/BestClock(  683): java.time.DateTimeException: No network time available
04-22 06:07:47.548 D/WifiClientModeImpl[9769:wlan0](  683): updateLinkLayerStatsRssiSpeedFrequencyCapabilities rssi=-50 TxLinkspeed=1 freq=2447 RxLinkSpeed=2
04-22 06:07:47.548 D/WifiDataStall(  683): tx tput in kbps: 11000
04-22 06:07:47.548 D/WifiDataStall(  683): rx tput in kbps: 11000
04-22 06:07:47.549 V/WifiConfigManager(  683): Updating scan detail cache freq=2447 BSSID=00:13:10:85:fe:01 RSSI=-50 for "AndroidWifi"NONE
04-22 06:07:47.549 D/WifiThroughputPredictor(  683):  utilization (LLS) 80 isBluetoothConnected: false final utilization: 80
04-22 06:07:47.549 D/WifiThroughputPredictor(  683):  BW: 0 RSSI: -50 Nss: 1 Mode: 1 symDur: 4000 snrDb 30 bitPerTone: 4500 rate: 54 throughput: 11
04-22 06:07:47.549 D/WifiThroughputPredictor(  683):  utilization (LLS) 80 isBluetoothConnected: false final utilization: 80
04-22 06:07:47.549 D/WifiThroughputPredictor(  683):  BW: 0 RSSI: -50 Nss: 1 Mode: 1 symDur: 4000 snrDb 30 bitPerTone: 4500 rate: 54 throughput: 11
04-22 06:07:47.549 D/WifiThroughputPredictor(  683):  utilization (LLS) 80 isBluetoothConnected: false final utilization: 80
04-22 06:07:47.549 D/WifiThroughputPredictor(  683):  BW: 0 RSSI: -50 Nss: 1 Mode: 1 symDur: 4000 snrDb 30 bitPerTone: 4500 rate: 54 throughput: 11
04-22 06:07:47.549 D/WifiThroughputPredictor(  683):  utilization (LLS) 80 isBluetoothConnected: false final utilization: 80
04-22 06:07:47.549 D/WifiThroughputPredictor(  683):  BW: 0 RSSI: -50 Nss: 1 Mode: 1 symDur: 4000 snrDb 30 bitPerTone: 4500 rate: 54 throughput: 11
04-22 06:07:47.549 D/WifiScoreCard(  683): BSSID update SIGNAL_POLL ID: 261501600 SSID: "AndroidWifi", BSSID: 00:13:10:85:fe:01, MAC: 02:15:b4:00:00:00, IP: /10.0.2.17, Security type: 0, Supplicant state: COMPLETED, Wi-Fi standard: legacy, RSSI: -50, Link speed: 1Mbps, Tx Link speed: 1Mbps, Max Supported Tx Link speed: 11Mbps, Rx Link speed: 2Mbps, Max Supported Rx Link speed: 11Mbps, Frequency: 2447MHz, Net ID: 0, Metered hint: false, score: 60, isUsable: true, CarrierMerged: false, SubscriptionId: -1, IsPrimary: 1, Trusted: true, Restricted: false, Ephemeral: false, OEM paid: false, OEM private: false, OSU AP: false, FQDN: <none>, Provider friendly name: <none>, Requesting package name: <none>"AndroidWifi"openMLO Information: , Is TID-To-Link negotiation supported by the AP: false, AP MLD Address: <none>, AP MLO Link Id: <none>, AP MLO Affiliated links: <none>, Vendor Data: <none>
04-22 06:07:47.549 D/WifiScoreCard(  683): txRate: 1 txSpeed: 1
04-22 06:07:47.549 D/WifiScoreCard(  683): network update SIGNAL_POLL "AndroidWifi" ID: 579418950 RSSI -50 txSpeed -1
04-22 06:07:47.549 D/WifiClientModeImpl[9769:wlan0](  683):  ClientModeImpl$L2ConnectedState screen=on 1 0 "AndroidWifi" 00:13:10:85:fe:01 rssi=-50 f=2447 sc=60 link=1 tx=0.9, 0.0, 0.0 rx=0.9 bcn=0 [on:0 tx:0 rx:0 period:3011] from screen [on:0 period:-1307192995] score=60
04-22 06:07:47.642 D/SatelliteController( 1086): iisInCarrierRoamingNbIotNtn: satellite is disabled
04-22 06:07:48.614 D/NetworkMonitor/100( 1052): PROBE_HTTP http://connectivitycheck.gstatic.com/generate_204 Probe failed with exception java.net.SocketTimeoutException: failed to connect to connectivitycheck.gstatic.com/114.250.66.34 (port 80) from /10.0.2.15 (port 45314) after 10000ms
04-22 06:07:50.554 W/BestClock(  683): java.time.DateTimeException: No network time available
04-22 06:07:50.554 W/BestClock(  683): java.time.DateTimeException: No network time available
04-22 06:07:50.554 W/BestClock(  683): java.time.DateTimeException: No network time available
04-22 06:07:50.554 W/BestClock(  683): java.time.DateTimeException: No network time available
04-22 06:07:50.554 W/BestClock(  683): java.time.DateTimeException: No network time available
04-22 06:07:50.556 D/WifiClientModeImpl[9769:wlan0](  683): updateLinkLayerStatsRssiSpeedFrequencyCapabilities rssi=-50 TxLinkspeed=1 freq=2447 RxLinkSpeed=2
04-22 06:07:50.556 D/WifiDataStall(  683): tx tput in kbps: 11000
04-22 06:07:50.556 D/WifiDataStall(  683): rx tput in kbps: 11000
04-22 06:07:50.556 V/WifiConfigManager(  683): Updating scan detail cache freq=2447 BSSID=00:13:10:85:fe:01 RSSI=-50 for "AndroidWifi"NONE
04-22 06:07:50.556 D/WifiThroughputPredictor(  683):  utilization (LLS) 80 isBluetoothConnected: false final utilization: 80
04-22 06:07:50.556 D/WifiThroughputPredictor(  683):  BW: 0 RSSI: -50 Nss: 1 Mode: 1 symDur: 4000 snrDb 30 bitPerTone: 4500 rate: 54 throughput: 11
04-22 06:07:50.556 D/WifiThroughputPredictor(  683):  utilization (LLS) 80 isBluetoothConnected: false final utilization: 80
04-22 06:07:50.556 D/WifiThroughputPredictor(  683):  BW: 0 RSSI: -50 Nss: 1 Mode: 1 symDur: 4000 snrDb 30 bitPerTone: 4500 rate: 54 throughput: 11
04-22 06:07:50.556 D/WifiThroughputPredictor(  683):  utilization (LLS) 80 isBluetoothConnected: false final utilization: 80
04-22 06:07:50.556 D/WifiThroughputPredictor(  683):  BW: 0 RSSI: -50 Nss: 1 Mode: 1 symDur: 4000 snrDb 30 bitPerTone: 4500 rate: 54 throughput: 11
04-22 06:07:50.556 D/WifiThroughputPredictor(  683):  utilization (LLS) 80 isBluetoothConnected: false final utilization: 80
04-22 06:07:50.556 D/WifiThroughputPredictor(  683):  BW: 0 RSSI: -50 Nss: 1 Mode: 1 symDur: 4000 snrDb 30 bitPerTone: 4500 rate: 54 throughput: 11
04-22 06:07:50.556 D/WifiScoreCard(  683): BSSID update SIGNAL_POLL ID: 261501600 SSID: "AndroidWifi", BSSID: 00:13:10:85:fe:01, MAC: 02:15:b4:00:00:00, IP: /10.0.2.17, Security type: 0, Supplicant state: COMPLETED, Wi-Fi standard: legacy, RSSI: -50, Link speed: 1Mbps, Tx Link speed: 1Mbps, Max Supported Tx Link speed: 11Mbps, Rx Link speed: 2Mbps, Max Supported Rx Link speed: 11Mbps, Frequency: 2447MHz, Net ID: 0, Metered hint: false, score: 60, isUsable: true, CarrierMerged: false, SubscriptionId: -1, IsPrimary: 1, Trusted: true, Restricted: false, Ephemeral: false, OEM paid: false, OEM private: false, OSU AP: false, FQDN: <none>, Provider friendly name: <none>, Requesting package name: <none>"AndroidWifi"openMLO Information: , Is TID-To-Link negotiation supported by the AP: false, AP MLD Address: <none>, AP MLO Link Id: <none>, AP MLO Affiliated links: <none>, Vendor Data: <none>
04-22 06:07:50.556 D/WifiScoreCard(  683): txRate: 2 txSpeed: 1
04-22 06:07:50.556 D/WifiScoreCard(  683): network update SIGNAL_POLL "AndroidWifi" ID: 579418950 RSSI -50 txSpeed -1
04-22 06:07:50.557 D/WifiClientModeImpl[9769:wlan0](  683):  ClientModeImpl$L2ConnectedState screen=on 1 0 "AndroidWifi" 00:13:10:85:fe:01 rssi=-50 f=2447 sc=60 link=1 tx=1.4, 0.0, 0.0 rx=1.1 bcn=0 [on:0 tx:0 rx:0 period:3007] from screen [on:0 period:-1307189987] score=60
04-22 06:07:52.407 D/wpa_supplicant(  938): nl80211: Drv Event 64 (NL80211_CMD_NOTIFY_CQM) received for wlan0
04-22 06:07:52.407 D/wpa_supplicant(  938): nl80211: Beacon loss event
04-22 06:07:52.407 D/wpa_supplicant(  938): wlan0: Event BEACON_LOSS (53) received
04-22 06:07:52.407 I/wpa_supplicant(  938): wlan0: CTRL-EVENT-BEACON-LOSS 
04-22 06:07:53.560 W/BestClock(  683): java.time.DateTimeException: No network time available
04-22 06:07:53.561 W/BestClock(  683): java.time.DateTimeException: No network time available
04-22 06:07:53.561 W/BestClock(  683): java.time.DateTimeException: No network time available
04-22 06:07:53.561 W/BestClock(  683): java.time.DateTimeException: No network time available
04-22 06:07:53.561 W/BestClock(  683): java.time.DateTimeException: No network time available
04-22 06:07:53.561 D/WifiClientModeImpl[9769:wlan0](  683): updateLinkLayerStatsRssiSpeedFrequencyCapabilities rssi=-50 TxLinkspeed=1 freq=2447 RxLinkSpeed=2
04-22 06:07:53.561 D/WifiDataStall(  683): tx tput in kbps: 11000
04-22 06:07:53.561 D/WifiDataStall(  683): rx tput in kbps: 11000
04-22 06:07:53.561 V/WifiConfigManager(  683): Updating scan detail cache freq=2447 BSSID=00:13:10:85:fe:01 RSSI=-50 for "AndroidWifi"NONE
04-22 06:07:53.561 D/WifiThroughputPredictor(  683):  utilization (LLS) 80 isBluetoothConnected: false final utilization: 80
04-22 06:07:53.561 D/WifiThroughputPredictor(  683):  BW: 0 RSSI: -50 Nss: 1 Mode: 1 symDur: 4000 snrDb 30 bitPerTone: 4500 rate: 54 throughput: 11
04-22 06:07:53.561 D/WifiThroughputPredictor(  683):  utilization (LLS) 80 isBluetoothConnected: false final utilization: 80
04-22 06:07:53.561 D/WifiThroughputPredictor(  683):  BW: 0 RSSI: -50 Nss: 1 Mode: 1 symDur: 4000 snrDb 30 bitPerTone: 4500 rate: 54 throughput: 11
04-22 06:07:53.562 D/WifiThroughputPredictor(  683):  utilization (LLS) 80 isBluetoothConnected: false final utilization: 80
04-22 06:07:53.562 D/WifiThroughputPredictor(  683):  BW: 0 RSSI: -50 Nss: 1 Mode: 1 symDur: 4000 snrDb 30 bitPerTone: 4500 rate: 54 throughput: 11
04-22 06:07:53.562 D/WifiThroughputPredictor(  683):  utilization (LLS) 80 isBluetoothConnected: false final utilization: 80
04-22 06:07:53.562 D/WifiThroughputPredictor(  683):  BW: 0 RSSI: -50 Nss: 1 Mode: 1 symDur: 4000 snrDb 30 bitPerTone: 4500 rate: 54 throughput: 11
04-22 06:07:53.562 D/WifiScoreCard(  683): BSSID update SIGNAL_POLL ID: 261501600 SSID: "AndroidWifi", BSSID: 00:13:10:85:fe:01, MAC: 02:15:b4:00:00:00, IP: /10.0.2.17, Security type: 0, Supplicant state: COMPLETED, Wi-Fi standard: legacy, RSSI: -50, Link speed: 1Mbps, Tx Link speed: 1Mbps, Max Supported Tx Link speed: 11Mbps, Rx Link speed: 2Mbps, Max Supported Rx Link speed: 11Mbps, Frequency: 2447MHz, Net ID: 0, Metered hint: false, score: 60, isUsable: true, CarrierMerged: false, SubscriptionId: -1, IsPrimary: 1, Trusted: true, Restricted: false, Ephemeral: false, OEM paid: false, OEM private: false, OSU AP: false, FQDN: <none>, Provider friendly name: <none>, Requesting package name: <none>"AndroidWifi"openMLO Information: , Is TID-To-Link negotiation supported by the AP: false, AP MLD Address: <none>, AP MLO Link Id: <none>, AP MLO Affiliated links: <none>, Vendor Data: <none>
04-22 06:07:53.562 D/WifiScoreCard(  683): txRate: 1 txSpeed: 1
04-22 06:07:53.562 D/WifiScoreCard(  683): network update SIGNAL_POLL "AndroidWifi" ID: 579418950 RSSI -50 txSpeed -1
04-22 06:07:53.563 D/WifiClientModeImpl[9769:wlan0](  683):  ClientModeImpl$L2ConnectedState screen=on 1 0 "AndroidWifi" 00:13:10:85:fe:01 rssi=-50 f=2447 sc=60 link=1 tx=0.5, 0.0, 0.0 rx=0.4 bcn=0 [on:0 tx:0 rx:0 period:3006] from screen [on:0 period:-1307186981] score=60
04-22 06:07:55.493 E/assembly.android.mixc-retail-rn84.version-report( 5728): TypeError: Network request failed
04-22 06:07:55.493 E/assembly.android.mixc-retail-rn84.version-report( 5728):     at anonymous (address at /data/user/0/com.impos2.mixcretailassemblyrn84/files/hot-updates/packages/pkg_rivm57kih3nu/index.android.bundle:1:1916508)
